          cg.C.x-3007  [042]     1.029861: (+1)     bprint:               __handle_mm_fault: NUMAB MEM ACCESS process[nid:0, cpu:42, pid:3007], folio[virt:0x7fa6f893c000, phys:0x110533000, pfn:0x110533, nid:0, npages:1]
          cg.C.x-3024  [013]     1.029862: (+1)     bprint:               __handle_mm_fault: NUMAB MEM ACCESS process[nid:1, cpu:13, pid:3024], folio[virt:0x7fa6f8989000, phys:0x186ccbf000, pfn:0x186ccbf, nid:1, npages:1]
          cg.C.x-3003  [034]     1.029864: (+2)     bprint:               __handle_mm_fault: NUMAB MEM ACCESS process[nid:0, cpu:34, pid:3003], folio[virt:0x7fa6f8929000, phys:0x112679000, pfn:0x112679, nid:0, npages:1]
          cg.C.x-3044  [053]     1.029865: (+1)     bprint:               __handle_mm_fault: NUMAB MEM ACCESS process[nid:1, cpu:53, pid:3044], folio[virt:0x7fa6f89e5000, phys:0x186d60b000, pfn:0x186d60b, nid:1, npages:1]
          cg.C.x-3028  [021]     1.029867: (+2)     bprint:               __handle_mm_fault: NUMAB MEM ACCESS process[nid:1, cpu:21, pid:3028], folio[virt:0x7fa6f899c000, phys:0x1857769000, pfn:0x1857769, nid:1, npages:1]
          cg.C.x-3027  [019]     1.029868: (+1)     bprint:               __handle_mm_fault: NUMAB MEM ACCESS process[nid:1, cpu:19, pid:3027], folio[virt:0x7fa6f8997000, phys:0x1866969000, pfn:0x1866969, nid:1, npages:1]
          cg.C.x-3000  [028]     1.029869: (+1)     bprint:               __handle_mm_fault: NUMAB MEM ACCESS process[nid:0, cpu:28, pid:3000], folio[virt:0x7fa6f891c000, phys:0x11063c000, pfn:0x11063c, nid:0, npages:1]
          cg.C.x-2997  [022]     1.029870: (+1)     bprint:               __handle_mm_fault: NUMAB MEM ACCESS process[nid:0, cpu:22, pid:2997], folio[virt:0x7fa6f890e000, phys:0x13933b000, pfn:0x13933b, nid:0, npages:1]
          cg.C.x-3039  [043]     1.029871: (+1)     bprint:               __handle_mm_fault: NUMAB MEM ACCESS process[nid:1, cpu:43, pid:3039], folio[virt:0x7fa6f89ce000, phys:0x186ce5e000, pfn:0x186ce5e, nid:1, npages:1]
          cg.C.x-3043  [051]     1.029872: (+1)     bprint:               __handle_mm_fault: NUMAB MEM ACCESS process[nid:1, cpu:51, pid:3043], folio[virt:0x7fa6f89e0000, phys:0x303f106000, pfn:0x303f106, nid:1, npages:1]
          cg.C.x-3020  [005]     1.029874: (+2)     bprint:               __handle_mm_fault: NUMAB MEM ACCESS process[nid:1, cpu:5, pid:3020], folio[virt:0x7fa6f8977000, phys:0x1890062000, pfn:0x1890062, nid:1, npages:1]
          cg.C.x-3046  [057]     1.029875: (+1)     bprint:               __handle_mm_fault: NUMAB MEM ACCESS process[nid:1, cpu:57, pid:3046], folio[virt:0x7fa6f89ee000, phys:0x1866be2000, pfn:0x1866be2, nid:1, npages:1]
          cg.C.x-3018  [001]     1.029876: (+1)     bprint:               __handle_mm_fault: NUMAB MEM ACCESS process[nid:1, cpu:1, pid:3018], folio[virt:0x7fa6f896e000, phys:0x18678c0000, pfn:0x18678c0, nid:1, npages:1]
          cg.C.x-3030  [025]     1.029877: (+1)     bprint:               __handle_mm_fault: NUMAB MEM ACCESS process[nid:1, cpu:25, pid:3030], folio[virt:0x7fa6f89a5000, phys:0x1866862000, pfn:0x1866862, nid:1, npages:1]
          cg.C.x-3045  [055]     1.029878: (+1)     bprint:               __handle_mm_fault: NUMAB MEM ACCESS process[nid:1, cpu:55, pid:3045], folio[virt:0x7fa6f89ea000, phys:0x186d697000, pfn:0x186d697, nid:1, npages:1]
          cg.C.x-3029  [023]     1.029880: (+2)     bprint:               __handle_mm_fault: NUMAB MEM ACCESS process[nid:1, cpu:23, pid:3029], folio[virt:0x7fa6f89a0000, phys:0x185eb12000, pfn:0x185eb12, nid:1, npages:1]
          cg.C.x-3022  [009]     1.029881: (+1)     bprint:               __handle_mm_fault: NUMAB MEM ACCESS process[nid:1, cpu:9, pid:3022], folio[virt:0x7fa6f8980000, phys:0x1855f77000, pfn:0x1855f77, nid:1, npages:1]
          cg.C.x-3023  [011]     1.029882: (+1)     bprint:               __handle_mm_fault: NUMAB MEM ACCESS process[nid:1, cpu:11, pid:3023], folio[virt:0x7fa6f8985000, phys:0x18575c1000, pfn:0x18575c1, nid:1, npages:1]
          cg.C.x-3005  [038]     1.029883: (+1)     bprint:               __handle_mm_fault: NUMAB MEM ACCESS process[nid:0, cpu:38, pid:3005], folio[virt:0x7fa6f8932000, phys:0x110bc8000, pfn:0x110bc8, nid:0, npages:1]
          cg.C.x-3006  [040]     1.029884: (+1)     bprint:               __handle_mm_fault: NUMAB MEM ACCESS process[nid:0, cpu:40, pid:3006], folio[virt:0x7fa6f8937000, phys:0x121d4b000, pfn:0x121d4b, nid:0, npages:1]
          cg.C.x-3013  [054]     1.029886: (+2)     bprint:               __handle_mm_fault: NUMAB MEM ACCESS process[nid:0, cpu:54, pid:3013], folio[virt:0x7fa6f8957000, phys:0x1108f7000, pfn:0x1108f7, nid:0, npages:1]
          cg.C.x-2992  [012]     1.029887: (+1)     bprint:               __handle_mm_fault: NUMAB MEM ACCESS process[nid:0, cpu:12, pid:2992], folio[virt:0x7fa6f88f7000, phys:0x150575000, pfn:0x150575, nid:0, npages:1]
          cg.C.x-2987  [002]     1.029888: (+1)     bprint:               __handle_mm_fault: NUMAB MEM ACCESS process[nid:0, cpu:2, pid:2987], folio[virt:0x7fa6f88e0000, phys:0x110e3f000, pfn:0x110e3f, nid:0, npages:1]
          cg.C.x-2991  [010]     1.029889: (+1)     bprint:               __handle_mm_fault: NUMAB MEM ACCESS process[nid:0, cpu:10, pid:2991], folio[virt:0x7fa6f88f2000, phys:0x13a198000, pfn:0x13a198, nid:0, npages:1]
          cg.C.x-2989  [006]     1.029890: (+1)     bprint:               __handle_mm_fault: NUMAB MEM ACCESS process[nid:0, cpu:6, pid:2989], folio[virt:0x7fa6f88e9000, phys:0x1134d7000, pfn:0x1134d7, nid:0, npages:1]
          cg.C.x-2995  [018]     1.029890: (+0)     bprint:               __handle_mm_fault: NUMAB MEM ACCESS process[nid:0, cpu:18, pid:2995], folio[virt:0x7fa6f8905000, phys:0x1393d0000, pfn:0x1393d0, nid:0, npages:1]
          cg.C.x-3011  [050]     1.029892: (+2)     bprint:               __handle_mm_fault: NUMAB MEM ACCESS process[nid:0, cpu:50, pid:3011], folio[virt:0x7fa6f894e000, phys:0x13abe7000, pfn:0x13abe7, nid:0, npages:1]
          cg.C.x-3014  [056]     1.029893: (+1)     bprint:               __handle_mm_fault: NUMAB MEM ACCESS process[nid:0, cpu:56, pid:3014], folio[virt:0x7fa6f895d000, phys:0x113d62000, pfn:0x113d62, nid:0, npages:1]
          cg.C.x-3015  [058]     1.029894: (+1)     bprint:               __handle_mm_fault: NUMAB MEM ACCESS process[nid:0, cpu:58, pid:3015], folio[virt:0x7fa6f8961000, phys:0x120776000, pfn:0x120776, nid:0, npages:1]
          cg.C.x-2999  [026]     1.029895: (+1)     bprint:               __handle_mm_fault: NUMAB MEM ACCESS process[nid:0, cpu:26, pid:2999], folio[virt:0x7fa6f8918000, phys:0x110913000, pfn:0x110913, nid:0, npages:1]
          cg.C.x-2993  [014]     1.029896: (+1)     bprint:               __handle_mm_fault: NUMAB MEM ACCESS process[nid:0, cpu:14, pid:2993], folio[virt:0x7fa6f88fc000, phys:0x13aad1000, pfn:0x13aad1, nid:0, npages:1]
          cg.C.x-3009  [046]     1.029897: (+1)     bprint:               __handle_mm_fault: NUMAB MEM ACCESS process[nid:0, cpu:46, pid:3009], folio[virt:0x7fa6f8945000, phys:0x139454000, pfn:0x139454, nid:0, npages:1]
          cg.C.x-2996  [020]     1.029898: (+1)     bprint:               __handle_mm_fault: NUMAB MEM ACCESS process[nid:0, cpu:20, pid:2996], folio[virt:0x7fa6f890a000, phys:0x13a677000, pfn:0x13a677, nid:0, npages:1]
          cg.C.x-3016  [060]     1.029899: (+1)     bprint:               __handle_mm_fault: NUMAB MEM ACCESS process[nid:0, cpu:60, pid:3016], folio[virt:0x7fa6f8966000, phys:0x153a41000, pfn:0x153a41, nid:0, npages:1]
          cg.C.x-3033  [031]     1.029900: (+1)     bprint:               __handle_mm_fault: NUMAB MEM ACCESS process[nid:1, cpu:31, pid:3033], folio[virt:0x7fa6f89b4000, phys:0x185e697000, pfn:0x185e697, nid:1, npages:1]
          cg.C.x-2998  [024]     1.029901: (+1)     bprint:               __handle_mm_fault: NUMAB MEM ACCESS process[nid:0, cpu:24, pid:2998], folio[virt:0x7fa6f8913000, phys:0x110e7b000, pfn:0x110e7b, nid:0, npages:1]
          cg.C.x-3035  [035]     1.029903: (+2)     bprint:               __handle_mm_fault: NUMAB MEM ACCESS process[nid:1, cpu:35, pid:3035], folio[virt:0x7fa6f89bd000, phys:0x185762d000, pfn:0x185762d, nid:1, npages:1]
          cg.C.x-3031  [027]     1.029904: (+1)     bprint:               __handle_mm_fault: NUMAB MEM ACCESS process[nid:1, cpu:27, pid:3031], folio[virt:0x7fa6f89ab000, phys:0x185ec85000, pfn:0x185ec85, nid:1, npages:1]
          cg.C.x-3049  [063]     1.029905: (+1)     bprint:               __handle_mm_fault: NUMAB MEM ACCESS process[nid:1, cpu:63, pid:3049], folio[virt:0x7fa6f89fd000, phys:0x186eec2000, pfn:0x186eec2, nid:1, npages:1]
          cg.C.x-3025  [015]     1.029906: (+1)     bprint:               __handle_mm_fault: NUMAB MEM ACCESS process[nid:1, cpu:15, pid:3025], folio[virt:0x7fa6f898f000, phys:0x186e461000, pfn:0x186e461, nid:1, npages:1]
          cg.C.x-3041  [047]     1.029907: (+1)     bprint:               __handle_mm_fault: NUMAB MEM ACCESS process[nid:1, cpu:47, pid:3041], folio[virt:0x7fa6f89d8000, phys:0x1864a54000, pfn:0x1864a54, nid:1, npages:1]
          cg.C.x-3042  [049]     1.029908: (+1)     bprint:               __handle_mm_fault: NUMAB MEM ACCESS process[nid:1, cpu:49, pid:3042], folio[virt:0x7fa6f89dd000, phys:0x185e0e6000, pfn:0x185e0e6, nid:1, npages:1]
          cg.C.x-3048  [061]     1.029909: (+1)     bprint:               __handle_mm_fault: NUMAB MEM ACCESS process[nid:1, cpu:61, pid:3048], folio[virt:0x7fa6f89f8000, phys:0x185dc61000, pfn:0x185dc61, nid:1, npages:1]
          cg.C.x-2994  [016]     1.029910: (+1)     bprint:               __handle_mm_fault: NUMAB MEM ACCESS process[nid:0, cpu:16, pid:2994], folio[virt:0x7fa6f8901000, phys:0x112757000, pfn:0x112757, nid:0, npages:1]
          cg.C.x-3004  [036]     1.029911: (+1)     bprint:               __handle_mm_fault: NUMAB MEM ACCESS process[nid:0, cpu:36, pid:3004], folio[virt:0x7fa6f892f000, phys:0x113d52000, pfn:0x113d52, nid:0, npages:1]
          cg.C.x-3047  [059]     1.029912: (+1)     bprint:               __handle_mm_fault: NUMAB MEM ACCESS process[nid:1, cpu:59, pid:3047], folio[virt:0x7fa6f89f4000, phys:0x186ddf3000, pfn:0x186ddf3, nid:1, npages:1]
     kworker/0:1-10    [000]     1.029912: (+0)     sched_switch:         kworker/0:1:10 [120] I ==> cg.C.x:2986 [120]
          cg.C.x-2988  [004]     1.029914: (+2)     bprint:               __handle_mm_fault: NUMAB MEM ACCESS process[nid:0, cpu:4, pid:2988], folio[virt:0x7fa6f88e6000, phys:0x13ab5a000, pfn:0x13ab5a, nid:0, npages:1]
          cg.C.x-3037  [039]     1.029915: (+1)     bprint:               __handle_mm_fault: NUMAB MEM ACCESS process[nid:1, cpu:39, pid:3037], folio[virt:0x7fa6f89c6000, phys:0x185eb41000, pfn:0x185eb41, nid:1, npages:1]
          cg.C.x-3021  [007]     1.029917: (+2)     bprint:               __handle_mm_fault: NUMAB MEM ACCESS process[nid:1, cpu:7, pid:3021], folio[virt:0x7fa6f897d000, phys:0x1864a17000, pfn:0x1864a17, nid:1, npages:1]
          cg.C.x-3036  [037]     1.029918: (+1)     bprint:               __handle_mm_fault: NUMAB MEM ACCESS process[nid:1, cpu:37, pid:3036], folio[virt:0x7fa6f89c1000, phys:0x186cce3000, pfn:0x186cce3, nid:1, npages:1]
          cg.C.x-3001  [030]     1.029919: (+1)     bprint:               __handle_mm_fault: NUMAB MEM ACCESS process[nid:0, cpu:30, pid:3001], folio[virt:0x7fa6f8921000, phys:0x17e087b000, pfn:0x17e087b, nid:0, npages:1]
          cg.C.x-3002  [032]     1.029920: (+1)     bprint:               __handle_mm_fault: NUMAB MEM ACCESS process[nid:0, cpu:32, pid:3002], folio[virt:0x7fa6f8926000, phys:0x110e3d000, pfn:0x110e3d, nid:0, npages:1]
          cg.C.x-3026  [017]     1.029921: (+1)     bprint:               __handle_mm_fault: NUMAB MEM ACCESS process[nid:1, cpu:17, pid:3026], folio[virt:0x7fa6f8994000, phys:0x185f665000, pfn:0x185f665, nid:1, npages:1]
          cg.C.x-3010  [048]     1.029922: (+1)     bprint:               __handle_mm_fault: NUMAB MEM ACCESS process[nid:0, cpu:48, pid:3010], folio[virt:0x7fa6f894a000, phys:0x13aaee000, pfn:0x13aaee, nid:0, npages:1]
          cg.C.x-3017  [062]     1.029923: (+1)     bprint:               __handle_mm_fault: NUMAB MEM ACCESS process[nid:0, cpu:62, pid:3017], folio[virt:0x7fa6f896a000, phys:0x139c58000, pfn:0x139c58, nid:0, npages:1]
          cg.C.x-3012  [052]     1.029924: (+1)     bprint:               __handle_mm_fault: NUMAB MEM ACCESS process[nid:0, cpu:52, pid:3012], folio[virt:0x7fa6f8954000, phys:0x13d159000, pfn:0x13d159, nid:0, npages:1]
          cg.C.x-3008  [044]     1.029926: (+2)     bprint:               __handle_mm_fault: NUMAB MEM ACCESS process[nid:0, cpu:44, pid:3008], folio[virt:0x7fa6f8941000, phys:0x13d0ef000, pfn:0x13d0ef, nid:0, npages:1]
          cg.C.x-3034  [033]     1.029927: (+1)     bprint:               __handle_mm_fault: NUMAB MEM ACCESS process[nid:1, cpu:33, pid:3034], folio[virt:0x7fa6f89b8000, phys:0x18900c2000, pfn:0x18900c2, nid:1, npages:1]
          cg.C.x-3019  [003]     1.029928: (+1)     bprint:               __handle_mm_fault: NUMAB MEM ACCESS process[nid:1, cpu:3, pid:3019], folio[virt:0x7fa6f8974000, phys:0x303a0a2000, pfn:0x303a0a2, nid:1, npages:1]
          cg.C.x-3040  [045]     1.029929: (+1)     bprint:               __handle_mm_fault: NUMAB MEM ACCESS process[nid:1, cpu:45, pid:3040], folio[virt:0x7fa6f89d4000, phys:0x186df05000, pfn:0x186df05, nid:1, npages:1]
          cg.C.x-3032  [029]     1.029930: (+1)     bprint:               __handle_mm_fault: NUMAB MEM ACCESS process[nid:1, cpu:29, pid:3032], folio[virt:0x7fa6f89af000, phys:0x185ea6d000, pfn:0x185ea6d, nid:1, npages:1]
          cg.C.x-3038  [041]     1.029931: (+1)     bprint:               __handle_mm_fault: NUMAB MEM ACCESS process[nid:1, cpu:41, pid:3038], folio[virt:0x7fa6f89cb000, phys:0x186d2e2000, pfn:0x186d2e2, nid:1, npages:1]
          cg.C.x-2990  [008]     1.029933: (+2)     bprint:               __handle_mm_fault: NUMAB MEM ACCESS process[nid:0, cpu:8, pid:2990], folio[virt:0x7fa6f88ef000, phys:0x13979c000, pfn:0x13979c, nid:0, npages:1]
          cg.C.x-3007  [042]     1.029934: (+1)     bprint:               __handle_mm_fault: NUMAB MEM ACCESS process[nid:0, cpu:42, pid:3007], folio[virt:0x7fa6f893d000, phys:0x121ab1000, pfn:0x121ab1, nid:0, npages:1]
          cg.C.x-3024  [013]     1.029935: (+1)     bprint:               __handle_mm_fault: NUMAB MEM ACCESS process[nid:1, cpu:13, pid:3024], folio[virt:0x7fa6f898a000, phys:0x1867552000, pfn:0x1867552, nid:1, npages:1]
          cg.C.x-3003  [034]     1.029936: (+1)     bprint:               __handle_mm_fault: NUMAB MEM ACCESS process[nid:0, cpu:34, pid:3003], folio[virt:0x7fa6f892a000, phys:0x150399000, pfn:0x150399, nid:0, npages:1]
          cg.C.x-3044  [053]     1.029937: (+1)     bprint:               __handle_mm_fault: NUMAB MEM ACCESS process[nid:1, cpu:53, pid:3044], folio[virt:0x7fa6f89e6000, phys:0x186d4c8000, pfn:0x186d4c8, nid:1, npages:1]
          cg.C.x-3028  [021]     1.029939: (+2)     bprint:               __handle_mm_fault: NUMAB MEM ACCESS process[nid:1, cpu:21, pid:3028], folio[virt:0x7fa6f899d000, phys:0x303a009000, pfn:0x303a009, nid:1, npages:1]
          cg.C.x-3027  [019]     1.029940: (+1)     bprint:               __handle_mm_fault: NUMAB MEM ACCESS process[nid:1, cpu:19, pid:3027], folio[virt:0x7fa6f8998000, phys:0x1857498000, pfn:0x1857498, nid:1, npages:1]
          cg.C.x-3000  [028]     1.029941: (+1)     bprint:               __handle_mm_fault: NUMAB MEM ACCESS process[nid:0, cpu:28, pid:3000], folio[virt:0x7fa6f891d000, phys:0x13acce000, pfn:0x13acce, nid:0, npages:1]
          cg.C.x-2997  [022]     1.029942: (+1)     bprint:               __handle_mm_fault: NUMAB MEM ACCESS process[nid:0, cpu:22, pid:2997], folio[virt:0x7fa6f890f000, phys:0x139497000, pfn:0x139497, nid:0, npages:1]
          cg.C.x-3039  [043]     1.029943: (+1)     bprint:               __handle_mm_fault: NUMAB MEM ACCESS process[nid:1, cpu:43, pid:3039], folio[virt:0x7fa6f89cf000, phys:0x1866bfc000, pfn:0x1866bfc, nid:1, npages:1]
          cg.C.x-3043  [051]     1.029944: (+1)     bprint:               __handle_mm_fault: NUMAB MEM ACCESS process[nid:1, cpu:51, pid:3043], folio[virt:0x7fa6f89e1000, phys:0x303f107000, pfn:0x303f107, nid:1, npages:1]
          cg.C.x-3020  [005]     1.029945: (+1)     bprint:               __handle_mm_fault: NUMAB MEM ACCESS process[nid:1, cpu:5, pid:3020], folio[virt:0x7fa6f8978000, phys:0x1890063000, pfn:0x1890063, nid:1, npages:1]
          cg.C.x-3046  [057]     1.029946: (+1)     bprint:               __handle_mm_fault: NUMAB MEM ACCESS process[nid:1, cpu:57, pid:3046], folio[virt:0x7fa6f89ef000, phys:0x1866be3000, pfn:0x1866be3, nid:1, npages:1]
          cg.C.x-3018  [001]     1.029947: (+1)     bprint:               __handle_mm_fault: NUMAB MEM ACCESS process[nid:1, cpu:1, pid:3018], folio[virt:0x7fa6f896f000, phys:0x186d610000, pfn:0x186d610, nid:1, npages:1]
          cg.C.x-3030  [025]     1.029949: (+2)     bprint:               __handle_mm_fault: NUMAB MEM ACCESS process[nid:1, cpu:25, pid:3030], folio[virt:0x7fa6f89a6000, phys:0x185705c000, pfn:0x185705c, nid:1, npages:1]
          cg.C.x-3045  [055]     1.029950: (+1)     bprint:               __handle_mm_fault: NUMAB MEM ACCESS process[nid:1, cpu:55, pid:3045], folio[virt:0x7fa6f89eb000, phys:0x18575a6000, pfn:0x18575a6, nid:1, npages:1]
          cg.C.x-3029  [023]     1.029951: (+1)     bprint:               __handle_mm_fault: NUMAB MEM ACCESS process[nid:1, cpu:23, pid:3029], folio[virt:0x7fa6f89a1000, phys:0x186d401000, pfn:0x186d401, nid:1, npages:1]
          cg.C.x-3022  [009]     1.029952: (+1)     bprint:               __handle_mm_fault: NUMAB MEM ACCESS process[nid:1, cpu:9, pid:3022], folio[virt:0x7fa6f8981000, phys:0x18672b1000, pfn:0x18672b1, nid:1, npages:1]
          cg.C.x-3023  [011]     1.029953: (+1)     bprint:               __handle_mm_fault: NUMAB MEM ACCESS process[nid:1, cpu:11, pid:3023], folio[virt:0x7fa6f8986000, phys:0x1857b51000, pfn:0x1857b51, nid:1, npages:1]
          cg.C.x-3005  [038]     1.029954: (+1)     bprint:               __handle_mm_fault: NUMAB MEM ACCESS process[nid:0, cpu:38, pid:3005], folio[virt:0x7fa6f8933000, phys:0x112dee000, pfn:0x112dee, nid:0, npages:1]
          cg.C.x-3006  [040]     1.029955: (+1)     bprint:               __handle_mm_fault: NUMAB MEM ACCESS process[nid:0, cpu:40, pid:3006], folio[virt:0x7fa6f8938000, phys:0x1503df000, pfn:0x1503df, nid:0, npages:1]
          cg.C.x-3013  [054]     1.029956: (+1)     bprint:               __handle_mm_fault: NUMAB MEM ACCESS process[nid:0, cpu:54, pid:3013], folio[virt:0x7fa6f8958000, phys:0x1111c2000, pfn:0x1111c2, nid:0, npages:1]
          cg.C.x-2992  [012]     1.029957: (+1)     bprint:               __handle_mm_fault: NUMAB MEM ACCESS process[nid:0, cpu:12, pid:2992], folio[virt:0x7fa6f88f8000, phys:0x1224ca000, pfn:0x1224ca, nid:0, npages:1]
          cg.C.x-2987  [002]     1.029958: (+1)     bprint:               __handle_mm_fault: NUMAB MEM ACCESS process[nid:0, cpu:2, pid:2987], folio[virt:0x7fa6f88e1000, phys:0x13a105000, pfn:0x13a105, nid:0, npages:1]
          cg.C.x-2991  [010]     1.029959: (+1)     bprint:               __handle_mm_fault: NUMAB MEM ACCESS process[nid:0, cpu:10, pid:2991], folio[virt:0x7fa6f88f3000, phys:0x13a199000, pfn:0x13a199, nid:0, npages:1]
          cg.C.x-2989  [006]     1.029960: (+1)     bprint:               __handle_mm_fault: NUMAB MEM ACCESS process[nid:0, cpu:6, pid:2989], folio[virt:0x7fa6f88ea000, phys:0x1204b7000, pfn:0x1204b7, nid:0, npages:1]
          cg.C.x-2995  [018]     1.029961: (+1)     bprint:               __handle_mm_fault: NUMAB MEM ACCESS process[nid:0, cpu:18, pid:2995], folio[virt:0x7fa6f8906000, phys:0x120696000, pfn:0x120696, nid:0, npages:1]
          cg.C.x-3011  [050]     1.029962: (+1)     bprint:               __handle_mm_fault: NUMAB MEM ACCESS process[nid:0, cpu:50, pid:3011], folio[virt:0x7fa6f894f000, phys:0x139cc6000, pfn:0x139cc6, nid:0, npages:1]
          cg.C.x-3014  [056]     1.029963: (+1)     bprint:               __handle_mm_fault: NUMAB MEM ACCESS process[nid:0, cpu:56, pid:3014], folio[virt:0x7fa6f895e000, phys:0x113d63000, pfn:0x113d63, nid:0, npages:1]
          cg.C.x-3015  [058]     1.029964: (+1)     bprint:               __handle_mm_fault: NUMAB MEM ACCESS process[nid:0, cpu:58, pid:3015], folio[virt:0x7fa6f8962000, phys:0x1396ba000, pfn:0x1396ba, nid:0, npages:1]
          cg.C.x-2999  [026]     1.029966: (+2)     bprint:               __handle_mm_fault: NUMAB MEM ACCESS process[nid:0, cpu:26, pid:2999], folio[virt:0x7fa6f8919000, phys:0x11260e000, pfn:0x11260e, nid:0, npages:1]
          cg.C.x-2993  [014]     1.029966: (+0)     bprint:               __handle_mm_fault: NUMAB MEM ACCESS process[nid:0, cpu:14, pid:2993], folio[virt:0x7fa6f88fd000, phys:0x13aacf000, pfn:0x13aacf, nid:0, npages:1]
          cg.C.x-3009  [046]     1.029968: (+2)     bprint:               __handle_mm_fault: NUMAB MEM ACCESS process[nid:0, cpu:46, pid:3009], folio[virt:0x7fa6f8946000, phys:0x139688000, pfn:0x139688, nid:0, npages:1]
          cg.C.x-2996  [020]     1.029969: (+1)     bprint:               __handle_mm_fault: NUMAB MEM ACCESS process[nid:0, cpu:20, pid:2996], folio[virt:0x7fa6f890b000, phys:0x13a676000, pfn:0x13a676, nid:0, npages:1]
          cg.C.x-3016  [060]     1.029970: (+1)     bprint:               __handle_mm_fault: NUMAB MEM ACCESS process[nid:0, cpu:60, pid:3016], folio[virt:0x7fa6f8967000, phys:0x13aad9000, pfn:0x13aad9, nid:0, npages:1]
          cg.C.x-3033  [031]     1.029971: (+1)     bprint:               __handle_mm_fault: NUMAB MEM ACCESS process[nid:1, cpu:31, pid:3033], folio[virt:0x7fa6f89b5000, phys:0x185598c000, pfn:0x185598c, nid:1, npages:1]
          cg.C.x-2998  [024]     1.029972: (+1)     bprint:               __handle_mm_fault: NUMAB MEM ACCESS process[nid:0, cpu:24, pid:2998], folio[virt:0x7fa6f8914000, phys:0x113fc2000, pfn:0x113fc2, nid:0, npages:1]
          cg.C.x-3035  [035]     1.029973: (+1)     bprint:               __handle_mm_fault: NUMAB MEM ACCESS process[nid:1, cpu:35, pid:3035], folio[virt:0x7fa6f89be000, phys:0x1857622000, pfn:0x1857622, nid:1, npages:1]
          cg.C.x-3031  [027]     1.029974: (+1)     bprint:               __handle_mm_fault: NUMAB MEM ACCESS process[nid:1, cpu:27, pid:3031], folio[virt:0x7fa6f89ac000, phys:0x186d86e000, pfn:0x186d86e, nid:1, npages:1]
          cg.C.x-3049  [063]     1.029975: (+1)     bprint:               __handle_mm_fault: NUMAB MEM ACCESS process[nid:1, cpu:63, pid:3049], folio[virt:0x7fa6f89fe000, phys:0x186eec3000, pfn:0x186eec3, nid:1, npages:1]
          cg.C.x-3025  [015]     1.029976: (+1)     bprint:               __handle_mm_fault: NUMAB MEM ACCESS process[nid:1, cpu:15, pid:3025], folio[virt:0x7fa6f8990000, phys:0x185e67b000, pfn:0x185e67b, nid:1, npages:1]
          cg.C.x-3041  [047]     1.029978: (+2)     bprint:               __handle_mm_fault: NUMAB MEM ACCESS process[nid:1, cpu:47, pid:3041], folio[virt:0x7fa6f89d9000, phys:0x189037b000, pfn:0x189037b, nid:1, npages:1]
          cg.C.x-3042  [049]     1.029979: (+1)     bprint:               __handle_mm_fault: NUMAB MEM ACCESS process[nid:1, cpu:49, pid:3042], folio[virt:0x7fa6f89de000, phys:0x185e0e7000, pfn:0x185e0e7, nid:1, npages:1]
          cg.C.x-3048  [061]     1.029980: (+1)     bprint:               __handle_mm_fault: NUMAB MEM ACCESS process[nid:1, cpu:61, pid:3048], folio[virt:0x7fa6f89f9000, phys:0x185dc62000, pfn:0x185dc62, nid:1, npages:1]
          cg.C.x-2994  [016]     1.029981: (+1)     bprint:               __handle_mm_fault: NUMAB MEM ACCESS process[nid:0, cpu:16, pid:2994], folio[virt:0x7fa6f8902000, phys:0x139cf1000, pfn:0x139cf1, nid:0, npages:1]
          cg.C.x-3004  [036]     1.029982: (+1)     bprint:               __handle_mm_fault: NUMAB MEM ACCESS process[nid:0, cpu:36, pid:3004], folio[virt:0x7fa6f8930000, phys:0x110505000, pfn:0x110505, nid:0, npages:1]
          cg.C.x-3047  [059]     1.029983: (+1)     bprint:               __handle_mm_fault: NUMAB MEM ACCESS process[nid:1, cpu:59, pid:3047], folio[virt:0x7fa6f89f5000, phys:0x186735c000, pfn:0x186735c, nid:1, npages:1]
          cg.C.x-2988  [004]     1.029985: (+2)     bprint:               __handle_mm_fault: NUMAB MEM ACCESS process[nid:0, cpu:4, pid:2988], folio[virt:0x7fa6f88e7000, phys:0x13ab5b000, pfn:0x13ab5b, nid:0, npages:1]
          cg.C.x-2986  [000]     1.029986: (+1)     bprint:               __handle_mm_fault: NUMAB MEM ACCESS process[nid:0, cpu:0, pid:2986], folio[virt:0x7fa6f88dc000, phys:0x1145e3000, pfn:0x1145e3, nid:0, npages:1]
          cg.C.x-3037  [039]     1.029987: (+1)     bprint:               __handle_mm_fault: NUMAB MEM ACCESS process[nid:1, cpu:39, pid:3037], folio[virt:0x7fa6f89c7000, phys:0x185fcc8000, pfn:0x185fcc8, nid:1, npages:1]
          cg.C.x-3021  [007]     1.029988: (+1)     bprint:               __handle_mm_fault: NUMAB MEM ACCESS process[nid:1, cpu:7, pid:3021], folio[virt:0x7fa6f897e000, phys:0x1857b49000, pfn:0x1857b49, nid:1, npages:1]
          cg.C.x-3036  [037]     1.029989: (+1)     bprint:               __handle_mm_fault: NUMAB MEM ACCESS process[nid:1, cpu:37, pid:3036], folio[virt:0x7fa6f89c2000, phys:0x186ccd0000, pfn:0x186ccd0, nid:1, npages:1]
          cg.C.x-3001  [030]     1.029991: (+2)     bprint:               __handle_mm_fault: NUMAB MEM ACCESS process[nid:0, cpu:30, pid:3001], folio[virt:0x7fa6f8922000, phys:0x123009000, pfn:0x123009, nid:0, npages:1]
          cg.C.x-3002  [032]     1.029992: (+1)     bprint:               __handle_mm_fault: NUMAB MEM ACCESS process[nid:0, cpu:32, pid:3002], folio[virt:0x7fa6f8927000, phys:0x110e3c000, pfn:0x110e3c, nid:0, npages:1]
          cg.C.x-3026  [017]     1.029993: (+1)     bprint:               __handle_mm_fault: NUMAB MEM ACCESS process[nid:1, cpu:17, pid:3026], folio[virt:0x7fa6f8995000, phys:0x1857669000, pfn:0x1857669, nid:1, npages:1]
          cg.C.x-3010  [048]     1.029994: (+1)     bprint:               __handle_mm_fault: NUMAB MEM ACCESS process[nid:0, cpu:48, pid:3010], folio[virt:0x7fa6f894b000, phys:0x13a340000, pfn:0x13a340, nid:0, npages:1]
          cg.C.x-3017  [062]     1.029995: (+1)     bprint:               __handle_mm_fault: NUMAB MEM ACCESS process[nid:0, cpu:62, pid:3017], folio[virt:0x7fa6f896b000, phys:0x139c59000, pfn:0x139c59, nid:0, npages:1]
          cg.C.x-3012  [052]     1.029996: (+1)     bprint:               __handle_mm_fault: NUMAB MEM ACCESS process[nid:0, cpu:52, pid:3012], folio[virt:0x7fa6f8955000, phys:0x120507000, pfn:0x120507, nid:0, npages:1]
          cg.C.x-3008  [044]     1.029997: (+1)     bprint:               __handle_mm_fault: NUMAB MEM ACCESS process[nid:0, cpu:44, pid:3008], folio[virt:0x7fa6f8942000, phys:0x139c19000, pfn:0x139c19, nid:0, npages:1]
          cg.C.x-3034  [033]     1.029998: (+1)     bprint:               __handle_mm_fault: NUMAB MEM ACCESS process[nid:1, cpu:33, pid:3034], folio[virt:0x7fa6f89b9000, phys:0x185f9da000, pfn:0x185f9da, nid:1, npages:1]
          cg.C.x-3019  [003]     1.030000: (+2)     bprint:               __handle_mm_fault: NUMAB MEM ACCESS process[nid:1, cpu:3, pid:3019], folio[virt:0x7fa6f8975000, phys:0x1866bfa000, pfn:0x1866bfa, nid:1, npages:1]
          cg.C.x-3040  [045]     1.030001: (+1)     bprint:               __handle_mm_fault: NUMAB MEM ACCESS process[nid:1, cpu:45, pid:3040], folio[virt:0x7fa6f89d5000, phys:0x1855f45000, pfn:0x1855f45, nid:1, npages:1]
          cg.C.x-3032  [029]     1.030002: (+1)     bprint:               __handle_mm_fault: NUMAB MEM ACCESS process[nid:1, cpu:29, pid:3032], folio[virt:0x7fa6f89b0000, phys:0x185ea6c000, pfn:0x185ea6c, nid:1, npages:1]
          cg.C.x-3038  [041]     1.030003: (+1)     bprint:               __handle_mm_fault: NUMAB MEM ACCESS process[nid:1, cpu:41, pid:3038], folio[virt:0x7fa6f89cc000, phys:0x186dc56000, pfn:0x186dc56, nid:1, npages:1]
          cg.C.x-2990  [008]     1.030004: (+1)     bprint:               __handle_mm_fault: NUMAB MEM ACCESS process[nid:0, cpu:8, pid:2990], folio[virt:0x7fa6f88f0000, phys:0x1224c2000, pfn:0x1224c2, nid:0, npages:1]
          cg.C.x-3007  [042]     1.030005: (+1)     bprint:               __handle_mm_fault: NUMAB MEM ACCESS process[nid:0, cpu:42, pid:3007], folio[virt:0x7fa6f893e000, phys:0x1233de000, pfn:0x1233de, nid:0, npages:1]
          cg.C.x-3024  [013]     1.030006: (+1)     bprint:               __handle_mm_fault: NUMAB MEM ACCESS process[nid:1, cpu:13, pid:3024], folio[virt:0x7fa6f898b000, phys:0x185e2cf000, pfn:0x185e2cf, nid:1, npages:1]
          cg.C.x-3003  [034]     1.030008: (+2)     bprint:               __handle_mm_fault: NUMAB MEM ACCESS process[nid:0, cpu:34, pid:3003], folio[virt:0x7fa6f892b000, phys:0x11636b000, pfn:0x11636b, nid:0, npages:1]
          cg.C.x-3044  [053]     1.030009: (+1)     bprint:               __handle_mm_fault: NUMAB MEM ACCESS process[nid:1, cpu:53, pid:3044], folio[virt:0x7fa6f89e7000, phys:0x186d4c9000, pfn:0x186d4c9, nid:1, npages:1]
          cg.C.x-3028  [021]     1.030010: (+1)     bprint:               __handle_mm_fault: NUMAB MEM ACCESS process[nid:1, cpu:21, pid:3028], folio[virt:0x7fa6f899e000, phys:0x18675f5000, pfn:0x18675f5, nid:1, npages:1]
          cg.C.x-3027  [019]     1.030011: (+1)     bprint:               __handle_mm_fault: NUMAB MEM ACCESS process[nid:1, cpu:19, pid:3027], folio[virt:0x7fa6f8999000, phys:0x185eaec000, pfn:0x185eaec, nid:1, npages:1]
          cg.C.x-3000  [028]     1.030013: (+2)     bprint:               __handle_mm_fault: NUMAB MEM ACCESS process[nid:0, cpu:28, pid:3000], folio[virt:0x7fa6f891e000, phys:0x110617000, pfn:0x110617, nid:0, npages:1]
          cg.C.x-2997  [022]     1.030014: (+1)     bprint:               __handle_mm_fault: NUMAB MEM ACCESS process[nid:0, cpu:22, pid:2997], folio[virt:0x7fa6f8910000, phys:0x13b2ff000, pfn:0x13b2ff, nid:0, npages:1]
          cg.C.x-3039  [043]     1.030015: (+1)     bprint:               __handle_mm_fault: NUMAB MEM ACCESS process[nid:1, cpu:43, pid:3039], folio[virt:0x7fa6f89d0000, phys:0x303a0ed000, pfn:0x303a0ed, nid:1, npages:1]
          cg.C.x-3043  [051]     1.030016: (+1)     bprint:               __handle_mm_fault: NUMAB MEM ACCESS process[nid:1, cpu:51, pid:3043], folio[virt:0x7fa6f89e2000, phys:0x18578ee000, pfn:0x18578ee, nid:1, npages:1]
          cg.C.x-3020  [005]     1.030017: (+1)     bprint:               __handle_mm_fault: NUMAB MEM ACCESS process[nid:1, cpu:5, pid:3020], folio[virt:0x7fa6f8979000, phys:0x1890092000, pfn:0x1890092, nid:1, npages:1]
          cg.C.x-3046  [057]     1.030018: (+1)     bprint:               __handle_mm_fault: NUMAB MEM ACCESS process[nid:1, cpu:57, pid:3046], folio[virt:0x7fa6f89f0000, phys:0x186ca1c000, pfn:0x186ca1c, nid:1, npages:1]
          cg.C.x-3018  [001]     1.030019: (+1)     bprint:               __handle_mm_fault: NUMAB MEM ACCESS process[nid:1, cpu:1, pid:3018], folio[virt:0x7fa6f8970000, phys:0x185e863000, pfn:0x185e863, nid:1, npages:1]
          cg.C.x-3030  [025]     1.030020: (+1)     bprint:               __handle_mm_fault: NUMAB MEM ACCESS process[nid:1, cpu:25, pid:3030], folio[virt:0x7fa6f89a7000, phys:0x185e718000, pfn:0x185e718, nid:1, npages:1]
          cg.C.x-3045  [055]     1.030022: (+2)     bprint:               __handle_mm_fault: NUMAB MEM ACCESS process[nid:1, cpu:55, pid:3045], folio[virt:0x7fa6f89ec000, phys:0x1858df4000, pfn:0x1858df4, nid:1, npages:1]
          cg.C.x-3029  [023]     1.030023: (+1)     bprint:               __handle_mm_fault: NUMAB MEM ACCESS process[nid:1, cpu:23, pid:3029], folio[virt:0x7fa6f89a2000, phys:0x185ea88000, pfn:0x185ea88, nid:1, npages:1]
          cg.C.x-3022  [009]     1.030024: (+1)     bprint:               __handle_mm_fault: NUMAB MEM ACCESS process[nid:1, cpu:9, pid:3022], folio[virt:0x7fa6f8982000, phys:0x1866bdb000, pfn:0x1866bdb, nid:1, npages:1]
          cg.C.x-3023  [011]     1.030025: (+1)     bprint:               __handle_mm_fault: NUMAB MEM ACCESS process[nid:1, cpu:11, pid:3023], folio[virt:0x7fa6f8987000, phys:0x1857635000, pfn:0x1857635, nid:1, npages:1]
          cg.C.x-3005  [038]     1.030027: (+2)     bprint:               __handle_mm_fault: NUMAB MEM ACCESS process[nid:0, cpu:38, pid:3005], folio[virt:0x7fa6f8934000, phys:0x113db0000, pfn:0x113db0, nid:0, npages:1]
          cg.C.x-3006  [040]     1.030028: (+1)     bprint:               __handle_mm_fault: NUMAB MEM ACCESS process[nid:0, cpu:40, pid:3006], folio[virt:0x7fa6f8939000, phys:0x153ae4000, pfn:0x153ae4, nid:0, npages:1]
          cg.C.x-3013  [054]     1.030029: (+1)     bprint:               __handle_mm_fault: NUMAB MEM ACCESS process[nid:0, cpu:54, pid:3013], folio[virt:0x7fa6f8959000, phys:0x123464000, pfn:0x123464, nid:0, npages:1]
          cg.C.x-2992  [012]     1.030030: (+1)     bprint:               __handle_mm_fault: NUMAB MEM ACCESS process[nid:0, cpu:12, pid:2992], folio[virt:0x7fa6f88f9000, phys:0x11379c000, pfn:0x11379c, nid:0, npages:1]
          cg.C.x-2987  [002]     1.030031: (+1)     bprint:               __handle_mm_fault: NUMAB MEM ACCESS process[nid:0, cpu:2, pid:2987], folio[virt:0x7fa6f88e2000, phys:0x13ac33000, pfn:0x13ac33, nid:0, npages:1]
          cg.C.x-2991  [010]     1.030032: (+1)     bprint:               __handle_mm_fault: NUMAB MEM ACCESS process[nid:0, cpu:10, pid:2991], folio[virt:0x7fa6f88f4000, phys:0x13a192000, pfn:0x13a192, nid:0, npages:1]
          cg.C.x-2989  [006]     1.030033: (+1)     bprint:               __handle_mm_fault: NUMAB MEM ACCESS process[nid:0, cpu:6, pid:2989], folio[virt:0x7fa6f88eb000, phys:0x120517000, pfn:0x120517, nid:0, npages:1]
          cg.C.x-2995  [018]     1.030034: (+1)     bprint:               __handle_mm_fault: NUMAB MEM ACCESS process[nid:0, cpu:18, pid:2995], folio[virt:0x7fa6f8907000, phys:0x1217f4000, pfn:0x1217f4, nid:0, npages:1]
          cg.C.x-3011  [050]     1.030035: (+1)     bprint:               __handle_mm_fault: NUMAB MEM ACCESS process[nid:0, cpu:50, pid:3011], folio[virt:0x7fa6f8950000, phys:0x13abd9000, pfn:0x13abd9, nid:0, npages:1]
          cg.C.x-3015  [058]     1.030036: (+1)     bprint:               __handle_mm_fault: NUMAB MEM ACCESS process[nid:0, cpu:58, pid:3015], folio[virt:0x7fa6f8963000, phys:0x113f4c000, pfn:0x113f4c, nid:0, npages:1]
          cg.C.x-2999  [026]     1.030038: (+2)     bprint:               __handle_mm_fault: NUMAB MEM ACCESS process[nid:0, cpu:26, pid:2999], folio[virt:0x7fa6f891a000, phys:0x11260f000, pfn:0x11260f, nid:0, npages:1]
          cg.C.x-2993  [014]     1.030039: (+1)     bprint:               __handle_mm_fault: NUMAB MEM ACCESS process[nid:0, cpu:14, pid:2993], folio[virt:0x7fa6f88fe000, phys:0x13aaca000, pfn:0x13aaca, nid:0, npages:1]
          cg.C.x-3009  [046]     1.030040: (+1)     bprint:               __handle_mm_fault: NUMAB MEM ACCESS process[nid:0, cpu:46, pid:3009], folio[virt:0x7fa6f8947000, phys:0x113f1b000, pfn:0x113f1b, nid:0, npages:1]
          cg.C.x-2996  [020]     1.030041: (+1)     bprint:               __handle_mm_fault: NUMAB MEM ACCESS process[nid:0, cpu:20, pid:2996], folio[virt:0x7fa6f890c000, phys:0x13a695000, pfn:0x13a695, nid:0, npages:1]
          cg.C.x-2998  [024]     1.030042: (+1)     bprint:               __handle_mm_fault: NUMAB MEM ACCESS process[nid:0, cpu:24, pid:2998], folio[virt:0x7fa6f8915000, phys:0x153654000, pfn:0x153654, nid:0, npages:1]
          cg.C.x-3049  [063]     1.030044: (+2)     bprint:               __handle_mm_fault: NUMAB MEM ACCESS process[nid:1, cpu:63, pid:3049], folio[virt:0x7fa6f89ff000, phys:0x185dc68000, pfn:0x185dc68, nid:1, npages:1]
          cg.C.x-3025  [015]     1.030045: (+1)     bprint:               __handle_mm_fault: NUMAB MEM ACCESS process[nid:1, cpu:15, pid:3025], folio[virt:0x7fa6f8991000, phys:0x1866b3a000, pfn:0x1866b3a, nid:1, npages:1]
          cg.C.x-3041  [047]     1.030046: (+1)     bprint:               __handle_mm_fault: NUMAB MEM ACCESS process[nid:1, cpu:47, pid:3041], folio[virt:0x7fa6f89da000, phys:0x1857a93000, pfn:0x1857a93, nid:1, npages:1]
          cg.C.x-3048  [061]     1.030048: (+2)     bprint:               __handle_mm_fault: NUMAB MEM ACCESS process[nid:1, cpu:61, pid:3048], folio[virt:0x7fa6f89fa000, phys:0x185dc63000, pfn:0x185dc63, nid:1, npages:1]
          cg.C.x-2994  [016]     1.030049: (+1)     bprint:               __handle_mm_fault: NUMAB MEM ACCESS process[nid:0, cpu:16, pid:2994], folio[virt:0x7fa6f8903000, phys:0x1394ba000, pfn:0x1394ba, nid:0, npages:1]
          cg.C.x-2986  [000]     1.030050: (+1)     bprint:               __handle_mm_fault: NUMAB MEM ACCESS process[nid:0, cpu:0, pid:2986], folio[virt:0x7fa6f88dd000, phys:0x110662000, pfn:0x110662, nid:0, npages:1]
          cg.C.x-3037  [039]     1.030051: (+1)     bprint:               __handle_mm_fault: NUMAB MEM ACCESS process[nid:1, cpu:39, pid:3037], folio[virt:0x7fa6f89c8000, phys:0x1857719000, pfn:0x1857719, nid:1, npages:1]
          cg.C.x-3036  [037]     1.030052: (+1)     bprint:               __handle_mm_fault: NUMAB MEM ACCESS process[nid:1, cpu:37, pid:3036], folio[virt:0x7fa6f89c3000, phys:0x1864b67000, pfn:0x1864b67, nid:1, npages:1]
          cg.C.x-3001  [030]     1.030054: (+2)     bprint:               __handle_mm_fault: NUMAB MEM ACCESS process[nid:0, cpu:30, pid:3001], folio[virt:0x7fa6f8923000, phys:0x139397000, pfn:0x139397, nid:0, npages:1]
          cg.C.x-3010  [048]     1.030054: (+0)     bprint:               __handle_mm_fault: NUMAB MEM ACCESS process[nid:0, cpu:48, pid:3010], folio[virt:0x7fa6f894c000, phys:0x1107d3000, pfn:0x1107d3, nid:0, npages:1]
          cg.C.x-3017  [062]     1.030055: (+1)     bprint:               __handle_mm_fault: NUMAB MEM ACCESS process[nid:0, cpu:62, pid:3017], folio[virt:0x7fa6f896c000, phys:0x139c5a000, pfn:0x139c5a, nid:0, npages:1]
          cg.C.x-3008  [044]     1.030057: (+2)     bprint:               __handle_mm_fault: NUMAB MEM ACCESS process[nid:0, cpu:44, pid:3008], folio[virt:0x7fa6f8943000, phys:0x113da9000, pfn:0x113da9, nid:0, npages:1]
          cg.C.x-3034  [033]     1.030058: (+1)     bprint:               __handle_mm_fault: NUMAB MEM ACCESS process[nid:1, cpu:33, pid:3034], folio[virt:0x7fa6f89ba000, phys:0x1857b55000, pfn:0x1857b55, nid:1, npages:1]
          cg.C.x-3032  [029]     1.030059: (+1)     bprint:               __handle_mm_fault: NUMAB MEM ACCESS process[nid:1, cpu:29, pid:3032], folio[virt:0x7fa6f89b1000, phys:0x185ea73000, pfn:0x185ea73, nid:1, npages:1]
          cg.C.x-3024  [013]     1.030060: (+1)     bprint:               __handle_mm_fault: NUMAB MEM ACCESS process[nid:1, cpu:13, pid:3024], folio[virt:0x7fa6f898c000, phys:0x1856ce1000, pfn:0x1856ce1, nid:1, npages:1]
          cg.C.x-3003  [034]     1.030061: (+1)     bprint:               __handle_mm_fault: NUMAB MEM ACCESS process[nid:0, cpu:34, pid:3003], folio[virt:0x7fa6f892c000, phys:0x183fece000, pfn:0x183fece, nid:0, npages:1]
          cg.C.x-3044  [053]     1.030062: (+1)     bprint:               __handle_mm_fault: NUMAB MEM ACCESS process[nid:1, cpu:53, pid:3044], folio[virt:0x7fa6f89e8000, phys:0x186d4ca000, pfn:0x186d4ca, nid:1, npages:1]
          cg.C.x-3027  [019]     1.030063: (+1)     bprint:               __handle_mm_fault: NUMAB MEM ACCESS process[nid:1, cpu:19, pid:3027], folio[virt:0x7fa6f899a000, phys:0x1858d4c000, pfn:0x1858d4c, nid:1, npages:1]
          cg.C.x-3039  [043]     1.030064: (+1)     bprint:               __handle_mm_fault: NUMAB MEM ACCESS process[nid:1, cpu:43, pid:3039], folio[virt:0x7fa6f89d1000, phys:0x186697c000, pfn:0x186697c, nid:1, npages:1]
          cg.C.x-3043  [051]     1.030065: (+1)     bprint:               __handle_mm_fault: NUMAB MEM ACCESS process[nid:1, cpu:51, pid:3043], folio[virt:0x7fa6f89e3000, phys:0x18578ef000, pfn:0x18578ef, nid:1, npages:1]
          cg.C.x-3020  [005]     1.030066: (+1)     bprint:               __handle_mm_fault: NUMAB MEM ACCESS process[nid:1, cpu:5, pid:3020], folio[virt:0x7fa6f897a000, phys:0x1890093000, pfn:0x1890093, nid:1, npages:1]
          cg.C.x-3046  [057]     1.030067: (+1)     bprint:               __handle_mm_fault: NUMAB MEM ACCESS process[nid:1, cpu:57, pid:3046], folio[virt:0x7fa6f89f1000, phys:0x186ca1d000, pfn:0x186ca1d, nid:1, npages:1]
          cg.C.x-3018  [001]     1.030068: (+1)     bprint:               __handle_mm_fault: NUMAB MEM ACCESS process[nid:1, cpu:1, pid:3018], folio[virt:0x7fa6f8971000, phys:0x186cc02000, pfn:0x186cc02, nid:1, npages:1]
          cg.C.x-3030  [025]     1.030069: (+1)     bprint:               __handle_mm_fault: NUMAB MEM ACCESS process[nid:1, cpu:25, pid:3030], folio[virt:0x7fa6f89a8000, phys:0x1857a1a000, pfn:0x1857a1a, nid:1, npages:1]
          cg.C.x-3029  [023]     1.030071: (+2)     bprint:               __handle_mm_fault: NUMAB MEM ACCESS process[nid:1, cpu:23, pid:3029], folio[virt:0x7fa6f89a3000, phys:0x186cc64000, pfn:0x186cc64, nid:1, npages:1]
          cg.C.x-3022  [009]     1.030072: (+1)     bprint:               __handle_mm_fault: NUMAB MEM ACCESS process[nid:1, cpu:9, pid:3022], folio[virt:0x7fa6f8983000, phys:0x186cdf8000, pfn:0x186cdf8, nid:1, npages:1]
          cg.C.x-3005  [038]     1.030073: (+1)     bprint:               __handle_mm_fault: NUMAB MEM ACCESS process[nid:0, cpu:38, pid:3005], folio[virt:0x7fa6f8935000, phys:0x13a7fc000, pfn:0x13a7fc, nid:0, npages:1]
          cg.C.x-3006  [040]     1.030074: (+1)     bprint:               __handle_mm_fault: NUMAB MEM ACCESS process[nid:0, cpu:40, pid:3006], folio[virt:0x7fa6f893a000, phys:0x110911000, pfn:0x110911, nid:0, npages:1]
          cg.C.x-3013  [054]     1.030075: (+1)     bprint:               __handle_mm_fault: NUMAB MEM ACCESS process[nid:0, cpu:54, pid:3013], folio[virt:0x7fa6f895a000, phys:0x1535dc000, pfn:0x1535dc, nid:0, npages:1]
          cg.C.x-2992  [012]     1.030076: (+1)     bprint:               __handle_mm_fault: NUMAB MEM ACCESS process[nid:0, cpu:12, pid:2992], folio[virt:0x7fa6f88fa000, phys:0x110c93000, pfn:0x110c93, nid:0, npages:1]
          cg.C.x-2987  [002]     1.030077: (+1)     bprint:               __handle_mm_fault: NUMAB MEM ACCESS process[nid:0, cpu:2, pid:2987], folio[virt:0x7fa6f88e3000, phys:0x13a0bd000, pfn:0x13a0bd, nid:0, npages:1]
          cg.C.x-2991  [010]     1.030078: (+1)     bprint:               __handle_mm_fault: NUMAB MEM ACCESS process[nid:0, cpu:10, pid:2991], folio[virt:0x7fa6f88f5000, phys:0x13a193000, pfn:0x13a193, nid:0, npages:1]
          cg.C.x-2989  [006]     1.030079: (+1)     bprint:               __handle_mm_fault: NUMAB MEM ACCESS process[nid:0, cpu:6, pid:2989], folio[virt:0x7fa6f88ec000, phys:0x12052b000, pfn:0x12052b, nid:0, npages:1]
          cg.C.x-3011  [050]     1.030080: (+1)     bprint:               __handle_mm_fault: NUMAB MEM ACCESS process[nid:0, cpu:50, pid:3011], folio[virt:0x7fa6f8951000, phys:0x110f38000, pfn:0x110f38, nid:0, npages:1]
          cg.C.x-2986  [000]     1.030081: (+1)     bprint:               __handle_mm_fault: NUMAB MEM ACCESS process[nid:0, cpu:0, pid:2986], folio[virt:0x7fa6f88de000, phys:0x11230c000, pfn:0x11230c, nid:0, npages:1]
          cg.C.x-2986  [000]     1.030239: (+158)   sched_waking:         comm=kworker/u129:18 pid=438 prio=120 target_cpu=000
          cg.C.x-2986  [000]     1.030242: (+3)     sched_wakeup:         kworker/u129:18:438 [120] CPU:000
          cg.C.x-2986  [000]     1.030244: (+2)     sched_switch:         cg.C.x:2986 [120] R ==> kworker/u129:18:438 [120]
 kworker/u129:18-438   [000]     1.030247: (+3)     sched_waking:         comm=tmux: server pid=2003 prio=120 target_cpu=000
 kworker/u129:18-438   [000]     1.030249: (+2)     sched_wakeup:         tmux: server:2003 [120] CPU:000
 kworker/u129:18-438   [000]     1.030252: (+3)     sched_switch:         kworker/u129:18:438 [120] I ==> tmux: server:2003 [120]
    tmux: server-2003  [000]     1.030315: (+63)    sched_waking:         comm=kworker/u129:18 pid=438 prio=120 target_cpu=000
    tmux: server-2003  [000]     1.030317: (+2)     sched_wakeup:         kworker/u129:18:438 [120] CPU:000
    tmux: server-2003  [000]     1.030319: (+2)     sched_switch:         tmux: server:2003 [120] R ==> kworker/u129:18:438 [120]
 kworker/u129:18-438   [000]     1.030321: (+2)     sched_waking:         comm=sshd pid=1918 prio=120 target_cpu=032
 kworker/u129:18-438   [000]     1.030324: (+3)     sched_wakeup:         sshd:1918 [120] CPU:032
          cg.C.x-3002  [032]     1.030326: (+2)     sched_switch:         cg.C.x:3002 [120] R ==> sshd:1918 [120]
 kworker/u129:18-438   [000]     1.030326: (+0)     sched_switch:         kworker/u129:18:438 [120] I ==> tmux: server:2003 [120]
    tmux: server-2003  [000]     1.030335: (+9)     sched_switch:         tmux: server:2003 [120] S ==> cg.C.x:2986 [120]
          cg.C.x-2986  [000]     1.030336: (+1)     sched_waking:         comm=kworker/u129:18 pid=438 prio=120 target_cpu=000
          cg.C.x-2986  [000]     1.030337: (+1)     sched_wakeup:         kworker/u129:18:438 [120] CPU:000
          cg.C.x-2986  [000]     1.030339: (+2)     sched_switch:         cg.C.x:2986 [120] R ==> kworker/u129:18:438 [120]
 kworker/u129:18-438   [000]     1.030340: (+1)     sched_waking:         comm=tmux: server pid=2003 prio=120 target_cpu=000
 kworker/u129:18-438   [000]     1.030342: (+2)     sched_wakeup:         tmux: server:2003 [120] CPU:000
 kworker/u129:18-438   [000]     1.030343: (+1)     sched_switch:         kworker/u129:18:438 [120] I ==> tmux: server:2003 [120]
    tmux: server-2003  [000]     1.030371: (+28)    sched_waking:         comm=kworker/u129:18 pid=438 prio=120 target_cpu=000
    tmux: server-2003  [000]     1.030372: (+1)     sched_wakeup:         kworker/u129:18:438 [120] CPU:000
    tmux: server-2003  [000]     1.030374: (+2)     sched_switch:         tmux: server:2003 [120] R ==> kworker/u129:18:438 [120]
 kworker/u129:18-438   [000]     1.030377: (+3)     sched_switch:         kworker/u129:18:438 [120] I ==> tmux: server:2003 [120]
    tmux: server-2003  [000]     1.030384: (+7)     sched_switch:         tmux: server:2003 [120] S ==> cg.C.x:2986 [120]
            sshd-1918  [032]     1.030446: (+62)    sched_switch:         sshd:1918 [120] S ==> cg.C.x:3002 [120]
          cg.C.x-3032  [029]     1.033691: (+3245)  bprint:               change_prot_numa: NUMAB SCAN vma[start:0x55d32022c000, end:0x55d32022d000, from:0x55d32022c000, to:0x55d32022d000, size:4 KB]
          cg.C.x-3032  [029]     1.033695: (+4)     bprint:               change_prot_numa: NUMAB SCAN vma[start:0x55d32022d000, end:0x55d32022e000, from:0x55d32022d000, to:0x55d32022e000, size:4 KB]
          cg.C.x-3032  [029]     1.033717: (+22)    bprint:               change_prot_numa: NUMAB SCAN vma[start:0x55d322145000, end:0x55d322166000, from:0x55d322145000, to:0x55d322166000, size:132 KB]
          cg.C.x-3032  [029]     1.033741: (+24)    bprint:               change_prot_numa: NUMAB SCAN vma[start:0x7fa698001000, end:0x7fa698801000, from:0x7fa698001000, to:0x7fa698801000, size:8192 KB]
          cg.C.x-3032  [029]     1.033763: (+22)    bprint:               change_prot_numa: NUMAB SCAN vma[start:0x7fa698a01000, end:0x7fa699201000, from:0x7fa698a01000, to:0x7fa699201000, size:8192 KB]
          cg.C.x-3032  [029]     1.033785: (+22)    bprint:               change_prot_numa: NUMAB SCAN vma[start:0x7fa699401000, end:0x7fa699c01000, from:0x7fa699401000, to:0x7fa699c01000, size:8192 KB]
          cg.C.x-3032  [029]     1.033806: (+21)    bprint:               change_prot_numa: NUMAB SCAN vma[start:0x7fa699e01000, end:0x7fa69a601000, from:0x7fa699e01000, to:0x7fa69a601000, size:8192 KB]
          cg.C.x-3032  [029]     1.033827: (+21)    bprint:               change_prot_numa: NUMAB SCAN vma[start:0x7fa69a801000, end:0x7fa69b001000, from:0x7fa69a801000, to:0x7fa69b001000, size:8192 KB]
          cg.C.x-3032  [029]     1.033848: (+21)    bprint:               change_prot_numa: NUMAB SCAN vma[start:0x7fa69b201000, end:0x7fa69ba01000, from:0x7fa69b201000, to:0x7fa69ba01000, size:8192 KB]
          cg.C.x-3032  [029]     1.033868: (+20)    bprint:               change_prot_numa: NUMAB SCAN vma[start:0x7fa69bc01000, end:0x7fa69c401000, from:0x7fa69bc01000, to:0x7fa69c401000, size:8192 KB]
          cg.C.x-3032  [029]     1.033889: (+21)    bprint:               change_prot_numa: NUMAB SCAN vma[start:0x7fa69c601000, end:0x7fa69ce01000, from:0x7fa69c601000, to:0x7fa69ce01000, size:8192 KB]
          cg.C.x-3032  [029]     1.033910: (+21)    bprint:               change_prot_numa: NUMAB SCAN vma[start:0x7fa69d001000, end:0x7fa69d801000, from:0x7fa69d001000, to:0x7fa69d801000, size:8192 KB]
          cg.C.x-3032  [029]     1.033930: (+20)    bprint:               change_prot_numa: NUMAB SCAN vma[start:0x7fa69da01000, end:0x7fa69e201000, from:0x7fa69da01000, to:0x7fa69e201000, size:8192 KB]
          cg.C.x-3032  [029]     1.033950: (+20)    bprint:               change_prot_numa: NUMAB SCAN vma[start:0x7fa69e401000, end:0x7fa69ec01000, from:0x7fa69e401000, to:0x7fa69ec01000, size:8192 KB]
          cg.C.x-3032  [029]     1.033971: (+21)    bprint:               change_prot_numa: NUMAB SCAN vma[start:0x7fa69ee01000, end:0x7fa69f601000, from:0x7fa69ee01000, to:0x7fa69f601000, size:8192 KB]
          cg.C.x-3032  [029]     1.033992: (+21)    bprint:               change_prot_numa: NUMAB SCAN vma[start:0x7fa69f801000, end:0x7fa6a0001000, from:0x7fa69f801000, to:0x7fa6a0001000, size:8192 KB]
          cg.C.x-3032  [029]     1.034013: (+21)    bprint:               change_prot_numa: NUMAB SCAN vma[start:0x7fa6a0201000, end:0x7fa6a0a01000, from:0x7fa6a0201000, to:0x7fa6a0a01000, size:8192 KB]
          cg.C.x-3032  [029]     1.034033: (+20)    bprint:               change_prot_numa: NUMAB SCAN vma[start:0x7fa6a0c01000, end:0x7fa6a1401000, from:0x7fa6a0c01000, to:0x7fa6a1401000, size:8192 KB]
