          cg.C.x-2565  [060]     2.017267: (+1)     bprint:               __handle_mm_fault: NUMAB MEM ACCESS process[nid:0, cpu:60, pid:2565], folio[virt:0x7f4c5cf66000, phys:0x13a700000, pfn:0x13a700, nid:0, npages:1]
          cg.C.x-2576  [019]     2.017268: (+1)     bprint:               __handle_mm_fault: NUMAB MEM ACCESS process[nid:1, cpu:19, pid:2576], folio[virt:0x7f4c5cf99000, phys:0x1856f14000, pfn:0x1856f14, nid:1, npages:1]
          cg.C.x-2544  [018]     2.017269: (+1)     bprint:               __handle_mm_fault: NUMAB MEM ACCESS process[nid:0, cpu:18, pid:2544], folio[virt:0x7f4c5cf07000, phys:0x1504c8000, pfn:0x1504c8, nid:0, npages:1]
          cg.C.x-2549  [028]     2.017270: (+1)     bprint:               __handle_mm_fault: NUMAB MEM ACCESS process[nid:0, cpu:28, pid:2549], folio[virt:0x7f4c5cf1e000, phys:0x1231bb000, pfn:0x1231bb, nid:0, npages:1]
          cg.C.x-2591  [049]     2.017272: (+2)     bprint:               __handle_mm_fault: NUMAB MEM ACCESS process[nid:1, cpu:49, pid:2591], folio[virt:0x7f4c5cfde000, phys:0x186ef59000, pfn:0x186ef59, nid:1, npages:1]
          cg.C.x-2587  [041]     2.017273: (+1)     bprint:               __handle_mm_fault: NUMAB MEM ACCESS process[nid:1, cpu:41, pid:2587], folio[virt:0x7f4c5cfcc000, phys:0x185dcf7000, pfn:0x185dcf7, nid:1, npages:1]
          cg.C.x-2535  [000]     2.017274: (+1)     bprint:               __handle_mm_fault: NUMAB MEM ACCESS process[nid:0, cpu:0, pid:2535], folio[virt:0x7f4c5cede000, phys:0x120635000, pfn:0x120635, nid:0, npages:1]
          cg.C.x-2590  [047]     2.017275: (+1)     bprint:               __handle_mm_fault: NUMAB MEM ACCESS process[nid:1, cpu:47, pid:2590], folio[virt:0x7f4c5cfd9000, phys:0x186cd83000, pfn:0x186cd83, nid:1, npages:1]
          cg.C.x-2540  [010]     2.017276: (+1)     bprint:               __handle_mm_fault: NUMAB MEM ACCESS process[nid:0, cpu:10, pid:2540], folio[virt:0x7f4c5cef4000, phys:0x13b2fd000, pfn:0x13b2fd, nid:0, npages:1]
          cg.C.x-2535  [000]     2.017277: (+1)     bprint:               __handle_mm_fault: NUMAB MEM ACCESS process[nid:0, cpu:0, pid:2535], folio[virt:0x7f4c5cb6f000, phys:0x13a6d0000, pfn:0x13a6d0, nid:0, npages:1]
          cg.C.x-2562  [054]     2.017277: (+0)     bprint:               __handle_mm_fault: NUMAB MEM ACCESS process[nid:0, cpu:54, pid:2562], folio[virt:0x7f4c5cf59000, phys:0x13a0b5000, pfn:0x13a0b5, nid:0, npages:1]
          cg.C.x-2570  [007]     2.017278: (+1)     bprint:               __handle_mm_fault: NUMAB MEM ACCESS process[nid:1, cpu:7, pid:2570], folio[virt:0x7f4c5cf7e000, phys:0x186ecbb000, pfn:0x186ecbb, nid:1, npages:1]
          cg.C.x-2593  [053]     2.017279: (+1)     bprint:               __handle_mm_fault: NUMAB MEM ACCESS process[nid:1, cpu:53, pid:2593], folio[virt:0x7f4c5cfe7000, phys:0x186d79b000, pfn:0x186d79b, nid:1, npages:1]
          cg.C.x-2582  [031]     2.017280: (+1)     bprint:               __handle_mm_fault: NUMAB MEM ACCESS process[nid:1, cpu:31, pid:2582], folio[virt:0x7f4c5cfb5000, phys:0x185749a000, pfn:0x185749a, nid:1, npages:1]
          cg.C.x-2551  [032]     2.017281: (+1)     bprint:               __handle_mm_fault: NUMAB MEM ACCESS process[nid:0, cpu:32, pid:2551], folio[virt:0x7f4c5cf27000, phys:0x1218cf000, pfn:0x1218cf, nid:0, npages:1]
          cg.C.x-2563  [056]     2.017282: (+1)     bprint:               __handle_mm_fault: NUMAB MEM ACCESS process[nid:0, cpu:56, pid:2563], folio[virt:0x7f4c5cf5e000, phys:0x112744000, pfn:0x112744, nid:0, npages:1]
          cg.C.x-2561  [052]     2.017283: (+1)     bprint:               __handle_mm_fault: NUMAB MEM ACCESS process[nid:0, cpu:52, pid:2561], folio[virt:0x7f4c5cf55000, phys:0x1162f2000, pfn:0x1162f2, nid:0, npages:1]
          cg.C.x-2581  [029]     2.017284: (+1)     bprint:               __handle_mm_fault: NUMAB MEM ACCESS process[nid:1, cpu:29, pid:2581], folio[virt:0x7f4c5cfb0000, phys:0x185ea45000, pfn:0x185ea45, nid:1, npages:1]
          cg.C.x-2556  [042]     2.017285: (+1)     bprint:               __handle_mm_fault: NUMAB MEM ACCESS process[nid:0, cpu:42, pid:2556], folio[virt:0x7f4c5cf3e000, phys:0x13acae000, pfn:0x13acae, nid:0, npages:1]
          cg.C.x-2574  [015]     2.017286: (+1)     bprint:               __handle_mm_fault: NUMAB MEM ACCESS process[nid:1, cpu:15, pid:2574], folio[virt:0x7f4c5cf90000, phys:0x185e86e000, pfn:0x185e86e, nid:1, npages:1]
          cg.C.x-2586  [039]     2.017288: (+2)     bprint:               __handle_mm_fault: NUMAB MEM ACCESS process[nid:1, cpu:39, pid:2586], folio[virt:0x7f4c5cfc7000, phys:0x186cc6a000, pfn:0x186cc6a, nid:1, npages:1]
          cg.C.x-2558  [046]     2.017289: (+1)     bprint:               __handle_mm_fault: NUMAB MEM ACCESS process[nid:0, cpu:46, pid:2558], folio[virt:0x7f4c5cf47000, phys:0x153b9a000, pfn:0x153b9a, nid:0, npages:1]
          cg.C.x-2567  [001]     2.017290: (+1)     bprint:               __handle_mm_fault: NUMAB MEM ACCESS process[nid:1, cpu:1, pid:2567], folio[virt:0x7f4c5cf70000, phys:0x185dd68000, pfn:0x185dd68, nid:1, npages:1]
          cg.C.x-2575  [017]     2.017291: (+1)     bprint:               __handle_mm_fault: NUMAB MEM ACCESS process[nid:1, cpu:17, pid:2575], folio[virt:0x7f4c5cf95000, phys:0x185ddc9000, pfn:0x185ddc9, nid:1, npages:1]
          cg.C.x-2569  [005]     2.017292: (+1)     bprint:               __handle_mm_fault: NUMAB MEM ACCESS process[nid:1, cpu:5, pid:2569], folio[virt:0x7f4c5cf79000, phys:0x186cc67000, pfn:0x186cc67, nid:1, npages:1]
          cg.C.x-2546  [022]     2.017293: (+1)     bprint:               __handle_mm_fault: NUMAB MEM ACCESS process[nid:0, cpu:22, pid:2546], folio[virt:0x7f4c5cf10000, phys:0x114418000, pfn:0x114418, nid:0, npages:1]
          cg.C.x-2568  [003]     2.017294: (+1)     bprint:               __handle_mm_fault: NUMAB MEM ACCESS process[nid:1, cpu:3, pid:2568], folio[virt:0x7f4c5cf75000, phys:0x303f1f7000, pfn:0x303f1f7, nid:1, npages:1]
          cg.C.x-2589  [045]     2.017295: (+1)     bprint:               __handle_mm_fault: NUMAB MEM ACCESS process[nid:1, cpu:45, pid:2589], folio[virt:0x7f4c5cfd5000, phys:0x186d1e1000, pfn:0x186d1e1, nid:1, npages:1]
          cg.C.x-2554  [038]     2.017296: (+1)     bprint:               __handle_mm_fault: NUMAB MEM ACCESS process[nid:0, cpu:38, pid:2554], folio[virt:0x7f4c5cf34000, phys:0x12053f000, pfn:0x12053f, nid:0, npages:1]
          cg.C.x-2547  [024]     2.017297: (+1)     bprint:               __handle_mm_fault: NUMAB MEM ACCESS process[nid:0, cpu:24, pid:2547], folio[virt:0x7f4c5cf14000, phys:0x1395d4000, pfn:0x1395d4, nid:0, npages:1]
          cg.C.x-2577  [021]     2.017298: (+1)     bprint:               __handle_mm_fault: NUMAB MEM ACCESS process[nid:1, cpu:21, pid:2577], folio[virt:0x7f4c5cf9e000, phys:0x185e039000, pfn:0x185e039, nid:1, npages:1]
          cg.C.x-2584  [035]     2.017299: (+1)     bprint:               __handle_mm_fault: NUMAB MEM ACCESS process[nid:1, cpu:35, pid:2584], folio[virt:0x7f4c5cfbe000, phys:0x186d0f0000, pfn:0x186d0f0, nid:1, npages:1]
          cg.C.x-2538  [006]     2.017301: (+2)     bprint:               __handle_mm_fault: NUMAB MEM ACCESS process[nid:0, cpu:6, pid:2538], folio[virt:0x7f4c5ceeb000, phys:0x13a34a000, pfn:0x13a34a, nid:0, npages:1]
          cg.C.x-2571  [009]     2.017302: (+1)     bprint:               __handle_mm_fault: NUMAB MEM ACCESS process[nid:1, cpu:9, pid:2571], folio[virt:0x7f4c5cf82000, phys:0x186cca5000, pfn:0x186cca5, nid:1, npages:1]
          cg.C.x-2580  [027]     2.017303: (+1)     bprint:               __handle_mm_fault: NUMAB MEM ACCESS process[nid:1, cpu:27, pid:2580], folio[virt:0x7f4c5cfac000, phys:0x1855981000, pfn:0x1855981, nid:1, npages:1]
          cg.C.x-2596  [059]     2.017304: (+1)     bprint:               __handle_mm_fault: NUMAB MEM ACCESS process[nid:1, cpu:59, pid:2596], folio[virt:0x7f4c5cff5000, phys:0x18681a1000, pfn:0x18681a1, nid:1, npages:1]
          cg.C.x-2541  [012]     2.017305: (+1)     bprint:               __handle_mm_fault: NUMAB MEM ACCESS process[nid:0, cpu:12, pid:2541], folio[virt:0x7f4c5cef9000, phys:0x1394ae000, pfn:0x1394ae, nid:0, npages:1]
          cg.C.x-2537  [004]     2.017306: (+1)     bprint:               __handle_mm_fault: NUMAB MEM ACCESS process[nid:0, cpu:4, pid:2537], folio[virt:0x7f4c5cee7000, phys:0x13d176000, pfn:0x13d176, nid:0, npages:1]
          cg.C.x-2588  [043]     2.017307: (+1)     bprint:               __handle_mm_fault: NUMAB MEM ACCESS process[nid:1, cpu:43, pid:2588], folio[virt:0x7f4c5cfd0000, phys:0x189036c000, pfn:0x189036c, nid:1, npages:1]
          cg.C.x-2545  [020]     2.017309: (+2)     bprint:               __handle_mm_fault: NUMAB MEM ACCESS process[nid:0, cpu:20, pid:2545], folio[virt:0x7f4c5cf0c000, phys:0x13979b000, pfn:0x13979b, nid:0, npages:1]
          cg.C.x-2537  [004]     2.017309: (+0)     bprint:               __handle_mm_fault: NUMAB MEM ACCESS process[nid:0, cpu:4, pid:2537], folio[virt:0x7f4c5cb78000, phys:0x3628f2000, pfn:0x3628f2, nid:0, npages:1]
          cg.C.x-2566  [062]     2.017310: (+1)     bprint:               __handle_mm_fault: NUMAB MEM ACCESS process[nid:0, cpu:62, pid:2566], folio[virt:0x7f4c5cf6b000, phys:0x111218000, pfn:0x111218, nid:0, npages:1]
          cg.C.x-2550  [030]     2.017311: (+1)     bprint:               __handle_mm_fault: NUMAB MEM ACCESS process[nid:0, cpu:30, pid:2550], folio[virt:0x7f4c5cf22000, phys:0x110f9b000, pfn:0x110f9b, nid:0, npages:1]
          cg.C.x-2560  [050]     2.017312: (+1)     bprint:               __handle_mm_fault: NUMAB MEM ACCESS process[nid:0, cpu:50, pid:2560], folio[virt:0x7f4c5cf50000, phys:0x111cdb000, pfn:0x111cdb, nid:0, npages:1]
          cg.C.x-2559  [048]     2.017313: (+1)     bprint:               __handle_mm_fault: NUMAB MEM ACCESS process[nid:0, cpu:48, pid:2559], folio[virt:0x7f4c5cf4b000, phys:0x13a9f4000, pfn:0x13a9f4, nid:0, npages:1]
          cg.C.x-2583  [033]     2.017314: (+1)     bprint:               __handle_mm_fault: NUMAB MEM ACCESS process[nid:1, cpu:33, pid:2583], folio[virt:0x7f4c5cfb9000, phys:0x185e816000, pfn:0x185e816, nid:1, npages:1]
          cg.C.x-2543  [016]     2.017315: (+1)     bprint:               __handle_mm_fault: NUMAB MEM ACCESS process[nid:0, cpu:16, pid:2543], folio[virt:0x7f4c5cf02000, phys:0x110fb6000, pfn:0x110fb6, nid:0, npages:1]
          cg.C.x-2542  [014]     2.017316: (+1)     bprint:               __handle_mm_fault: NUMAB MEM ACCESS process[nid:0, cpu:14, pid:2542], folio[virt:0x7f4c5cefe000, phys:0x378116000, pfn:0x378116, nid:0, npages:1]
          cg.C.x-2539  [008]     2.017317: (+1)     bprint:               __handle_mm_fault: NUMAB MEM ACCESS process[nid:0, cpu:8, pid:2539], folio[virt:0x7f4c5cef0000, phys:0x1163bc000, pfn:0x1163bc, nid:0, npages:1]
          cg.C.x-2585  [037]     2.017318: (+1)     bprint:               __handle_mm_fault: NUMAB MEM ACCESS process[nid:1, cpu:37, pid:2585], folio[virt:0x7f4c5cfc2000, phys:0x186cce6000, pfn:0x186cce6, nid:1, npages:1]
          cg.C.x-2597  [061]     2.017319: (+1)     bprint:               __handle_mm_fault: NUMAB MEM ACCESS process[nid:1, cpu:61, pid:2597], folio[virt:0x7f4c5cff9000, phys:0x1858fc5000, pfn:0x1858fc5, nid:1, npages:1]
          cg.C.x-2595  [057]     2.017320: (+1)     bprint:               __handle_mm_fault: NUMAB MEM ACCESS process[nid:1, cpu:57, pid:2595], folio[virt:0x7f4c5cff0000, phys:0x18572d9000, pfn:0x18572d9, nid:1, npages:1]
          cg.C.x-2598  [063]     2.017321: (+1)     bprint:               __handle_mm_fault: NUMAB MEM ACCESS process[nid:1, cpu:63, pid:2598], folio[virt:0x7f4c5cffe000, phys:0x186ebd2000, pfn:0x186ebd2, nid:1, npages:1]
          cg.C.x-2594  [055]     2.017322: (+1)     bprint:               __handle_mm_fault: NUMAB MEM ACCESS process[nid:1, cpu:55, pid:2594], folio[virt:0x7f4c5cfec000, phys:0x185e0b5000, pfn:0x185e0b5, nid:1, npages:1]
          cg.C.x-2553  [036]     2.017323: (+1)     bprint:               __handle_mm_fault: NUMAB MEM ACCESS process[nid:0, cpu:36, pid:2553], folio[virt:0x7f4c5cf30000, phys:0x1107ba000, pfn:0x1107ba, nid:0, npages:1]
          cg.C.x-2579  [025]     2.017324: (+1)     bprint:               __handle_mm_fault: NUMAB MEM ACCESS process[nid:1, cpu:25, pid:2579], folio[virt:0x7f4c5cfa7000, phys:0x18649db000, pfn:0x18649db, nid:1, npages:1]
          cg.C.x-2536  [002]     2.017326: (+2)     bprint:               __handle_mm_fault: NUMAB MEM ACCESS process[nid:0, cpu:2, pid:2536], folio[virt:0x7f4c5cee2000, phys:0x111032000, pfn:0x111032, nid:0, npages:1]
          cg.C.x-2573  [013]     2.017327: (+1)     bprint:               __handle_mm_fault: NUMAB MEM ACCESS process[nid:1, cpu:13, pid:2573], folio[virt:0x7f4c5cf8b000, phys:0x186ca1a000, pfn:0x186ca1a, nid:1, npages:1]
          cg.C.x-2552  [034]     2.017328: (+1)     bprint:               __handle_mm_fault: NUMAB MEM ACCESS process[nid:0, cpu:34, pid:2552], folio[virt:0x7f4c5cf2b000, phys:0x1390e7000, pfn:0x1390e7, nid:0, npages:1]
          cg.C.x-2578  [023]     2.017329: (+1)     bprint:               __handle_mm_fault: NUMAB MEM ACCESS process[nid:1, cpu:23, pid:2578], folio[virt:0x7f4c5cfa2000, phys:0x186494a000, pfn:0x186494a, nid:1, npages:1]
          cg.C.x-2564  [058]     2.017331: (+2)     bprint:               __handle_mm_fault: NUMAB MEM ACCESS process[nid:0, cpu:58, pid:2564], folio[virt:0x7f4c5cf62000, phys:0x183fe4d000, pfn:0x183fe4d, nid:0, npages:1]
          cg.C.x-2552  [034]     2.017332: (+1)     bprint:               __handle_mm_fault: NUMAB MEM ACCESS process[nid:0, cpu:34, pid:2552], folio[virt:0x7f4c5cbbc000, phys:0x121d98000, pfn:0x121d98, nid:0, npages:1]
          cg.C.x-2572  [011]     2.017332: (+0)     bprint:               __handle_mm_fault: NUMAB MEM ACCESS process[nid:1, cpu:11, pid:2572], folio[virt:0x7f4c5cf87000, phys:0x186d0b8000, pfn:0x186d0b8, nid:1, npages:1]
          cg.C.x-2557  [044]     2.017333: (+1)     bprint:               __handle_mm_fault: NUMAB MEM ACCESS process[nid:0, cpu:44, pid:2557], folio[virt:0x7f4c5cf43000, phys:0x153b11000, pfn:0x153b11, nid:0, npages:1]
          cg.C.x-2548  [026]     2.017334: (+1)     bprint:               __handle_mm_fault: NUMAB MEM ACCESS process[nid:0, cpu:26, pid:2548], folio[virt:0x7f4c5cf1a000, phys:0x123318000, pfn:0x123318, nid:0, npages:1]
          cg.C.x-2555  [040]     2.017335: (+1)     bprint:               __handle_mm_fault: NUMAB MEM ACCESS process[nid:0, cpu:40, pid:2555], folio[virt:0x7f4c5cf3a000, phys:0x123365000, pfn:0x123365, nid:0, npages:1]
          cg.C.x-2592  [051]     2.017336: (+1)     bprint:               __handle_mm_fault: NUMAB MEM ACCESS process[nid:1, cpu:51, pid:2592], folio[virt:0x7f4c5cfe3000, phys:0x185753d000, pfn:0x185753d, nid:1, npages:1]
          cg.C.x-2565  [060]     2.017337: (+1)     bprint:               __handle_mm_fault: NUMAB MEM ACCESS process[nid:0, cpu:60, pid:2565], folio[virt:0x7f4c5cf67000, phys:0x13a701000, pfn:0x13a701, nid:0, npages:1]
          cg.C.x-2576  [019]     2.017339: (+2)     bprint:               __handle_mm_fault: NUMAB MEM ACCESS process[nid:1, cpu:19, pid:2576], folio[virt:0x7f4c5cf9a000, phys:0x303f074000, pfn:0x303f074, nid:1, npages:1]
          cg.C.x-2590  [047]     2.017340: (+1)     bprint:               __handle_mm_fault: NUMAB MEM ACCESS process[nid:1, cpu:47, pid:2590], folio[virt:0x7f4c5cfda000, phys:0x186cc36000, pfn:0x186cc36, nid:1, npages:1]
          cg.C.x-2540  [010]     2.017341: (+1)     bprint:               __handle_mm_fault: NUMAB MEM ACCESS process[nid:0, cpu:10, pid:2540], folio[virt:0x7f4c5cef5000, phys:0x1104f2000, pfn:0x1104f2, nid:0, npages:1]
          cg.C.x-2562  [054]     2.017342: (+1)     bprint:               __handle_mm_fault: NUMAB MEM ACCESS process[nid:0, cpu:54, pid:2562], folio[virt:0x7f4c5cf5a000, phys:0x110ab6000, pfn:0x110ab6, nid:0, npages:1]
          cg.C.x-2593  [053]     2.017343: (+1)     bprint:               __handle_mm_fault: NUMAB MEM ACCESS process[nid:1, cpu:53, pid:2593], folio[virt:0x7f4c5cfe8000, phys:0x1864854000, pfn:0x1864854, nid:1, npages:1]
          cg.C.x-2581  [029]     2.017344: (+1)     bprint:               __handle_mm_fault: NUMAB MEM ACCESS process[nid:1, cpu:29, pid:2581], folio[virt:0x7f4c5cfb1000, phys:0x185ea4b000, pfn:0x185ea4b, nid:1, npages:1]
          cg.C.x-2574  [015]     2.017345: (+1)     bprint:               __handle_mm_fault: NUMAB MEM ACCESS process[nid:1, cpu:15, pid:2574], folio[virt:0x7f4c5cf91000, phys:0x1867891000, pfn:0x1867891, nid:1, npages:1]
          cg.C.x-2586  [039]     2.017346: (+1)     bprint:               __handle_mm_fault: NUMAB MEM ACCESS process[nid:1, cpu:39, pid:2586], folio[virt:0x7f4c5cfc8000, phys:0x1867002000, pfn:0x1867002, nid:1, npages:1]
          cg.C.x-2567  [001]     2.017347: (+1)     bprint:               __handle_mm_fault: NUMAB MEM ACCESS process[nid:1, cpu:1, pid:2567], folio[virt:0x7f4c5cf71000, phys:0x185dd69000, pfn:0x185dd69, nid:1, npages:1]
          cg.C.x-2569  [005]     2.017348: (+1)     bprint:               __handle_mm_fault: NUMAB MEM ACCESS process[nid:1, cpu:5, pid:2569], folio[virt:0x7f4c5cf7a000, phys:0x186cc5e000, pfn:0x186cc5e, nid:1, npages:1]
          cg.C.x-2538  [006]     2.017349: (+1)     bprint:               __handle_mm_fault: NUMAB MEM ACCESS process[nid:0, cpu:6, pid:2538], folio[virt:0x7f4c5ceec000, phys:0x15362a000, pfn:0x15362a, nid:0, npages:1]
          cg.C.x-2571  [009]     2.017350: (+1)     bprint:               __handle_mm_fault: NUMAB MEM ACCESS process[nid:1, cpu:9, pid:2571], folio[virt:0x7f4c5cf83000, phys:0x186ce1e000, pfn:0x186ce1e, nid:1, npages:1]
          cg.C.x-2541  [012]     2.017351: (+1)     bprint:               __handle_mm_fault: NUMAB MEM ACCESS process[nid:0, cpu:12, pid:2541], folio[virt:0x7f4c5cefa000, phys:0x1394af000, pfn:0x1394af, nid:0, npages:1]
          cg.C.x-2588  [043]     2.017352: (+1)     bprint:               __handle_mm_fault: NUMAB MEM ACCESS process[nid:1, cpu:43, pid:2588], folio[virt:0x7f4c5cfd1000, phys:0x189037d000, pfn:0x189037d, nid:1, npages:1]
          cg.C.x-2566  [062]     2.017353: (+1)     bprint:               __handle_mm_fault: NUMAB MEM ACCESS process[nid:0, cpu:62, pid:2566], folio[virt:0x7f4c5cf6c000, phys:0x153646000, pfn:0x153646, nid:0, npages:1]
          cg.C.x-2550  [030]     2.017355: (+2)     bprint:               __handle_mm_fault: NUMAB MEM ACCESS process[nid:0, cpu:30, pid:2550], folio[virt:0x7f4c5cf23000, phys:0x153595000, pfn:0x153595, nid:0, npages:1]
          cg.C.x-2560  [050]     2.017356: (+1)     bprint:               __handle_mm_fault: NUMAB MEM ACCESS process[nid:0, cpu:50, pid:2560], folio[virt:0x7f4c5cf51000, phys:0x111228000, pfn:0x111228, nid:0, npages:1]
          cg.C.x-2559  [048]     2.017357: (+1)     bprint:               __handle_mm_fault: NUMAB MEM ACCESS process[nid:0, cpu:48, pid:2559], folio[virt:0x7f4c5cf4c000, phys:0x13a9f5000, pfn:0x13a9f5, nid:0, npages:1]
          cg.C.x-2583  [033]     2.017358: (+1)     bprint:               __handle_mm_fault: NUMAB MEM ACCESS process[nid:1, cpu:33, pid:2583], folio[virt:0x7f4c5cfba000, phys:0x186d3ff000, pfn:0x186d3ff, nid:1, npages:1]
          cg.C.x-2543  [016]     2.017359: (+1)     bprint:               __handle_mm_fault: NUMAB MEM ACCESS process[nid:0, cpu:16, pid:2543], folio[virt:0x7f4c5cf03000, phys:0x10fe3d000, pfn:0x10fe3d, nid:0, npages:1]
          cg.C.x-2585  [037]     2.017360: (+1)     bprint:               __handle_mm_fault: NUMAB MEM ACCESS process[nid:1, cpu:37, pid:2585], folio[virt:0x7f4c5cfc3000, phys:0x186ccf2000, pfn:0x186ccf2, nid:1, npages:1]
          cg.C.x-2597  [061]     2.017361: (+1)     bprint:               __handle_mm_fault: NUMAB MEM ACCESS process[nid:1, cpu:61, pid:2597], folio[virt:0x7f4c5cffa000, phys:0x18577d4000, pfn:0x18577d4, nid:1, npages:1]
          cg.C.x-2595  [057]     2.017362: (+1)     bprint:               __handle_mm_fault: NUMAB MEM ACCESS process[nid:1, cpu:57, pid:2595], folio[virt:0x7f4c5cff1000, phys:0x1866c2d000, pfn:0x1866c2d, nid:1, npages:1]
          cg.C.x-2598  [063]     2.017363: (+1)     bprint:               __handle_mm_fault: NUMAB MEM ACCESS process[nid:1, cpu:63, pid:2598], folio[virt:0x7f4c5cfff000, phys:0x186ebd3000, pfn:0x186ebd3, nid:1, npages:1]
          cg.C.x-2579  [025]     2.017364: (+1)     bprint:               __handle_mm_fault: NUMAB MEM ACCESS process[nid:1, cpu:25, pid:2579], folio[virt:0x7f4c5cfa8000, phys:0x18671d4000, pfn:0x18671d4, nid:1, npages:1]
          cg.C.x-2536  [002]     2.017365: (+1)     bprint:               __handle_mm_fault: NUMAB MEM ACCESS process[nid:0, cpu:2, pid:2536], folio[virt:0x7f4c5cee3000, phys:0x111033000, pfn:0x111033, nid:0, npages:1]
          cg.C.x-2573  [013]     2.017366: (+1)     bprint:               __handle_mm_fault: NUMAB MEM ACCESS process[nid:1, cpu:13, pid:2573], folio[virt:0x7f4c5cf8c000, phys:0x185784e000, pfn:0x185784e, nid:1, npages:1]
          cg.C.x-2578  [023]     2.017367: (+1)     bprint:               __handle_mm_fault: NUMAB MEM ACCESS process[nid:1, cpu:23, pid:2578], folio[virt:0x7f4c5cfa3000, phys:0x303f16b000, pfn:0x303f16b, nid:1, npages:1]
          cg.C.x-2564  [058]     2.017368: (+1)     bprint:               __handle_mm_fault: NUMAB MEM ACCESS process[nid:0, cpu:58, pid:2564], folio[virt:0x7f4c5cf63000, phys:0x183fe4e000, pfn:0x183fe4e, nid:0, npages:1]
          cg.C.x-2552  [034]     2.017369: (+1)     bprint:               __handle_mm_fault: NUMAB MEM ACCESS process[nid:0, cpu:34, pid:2552], folio[virt:0x7f4c5cf2c000, phys:0x183feb6000, pfn:0x183feb6, nid:0, npages:1]
          cg.C.x-2535  [000]     2.017452: (+83)    bprint:               do_huge_pmd_numa_page: NUMAB MEM ACCESS huge page process[nid:0, cpu:0, pid:2535], folio[virt:0x7f4c5d000010, ker:0xffff93f4cd200000, pfn:0x34d200, nid:0, npages:512]
          cg.C.x-2539  [008]     2.017454: (+2)     bprint:               do_huge_pmd_numa_page: NUMAB MEM ACCESS huge page process[nid:0, cpu:8, pid:2539], folio[virt:0x7f4c5e138538, ker:0xffff93f4caa00000, pfn:0x34aa00, nid:0, npages:512]
          cg.C.x-2589  [045]     2.017457: (+3)     bprint:               do_huge_pmd_numa_page: NUMAB MEM ACCESS huge page process[nid:1, cpu:45, pid:2589], folio[virt:0x7f4c6b89a1a0, ker:0xffff940b86400000, pfn:0x1a06400, nid:1, npages:512]
          cg.C.x-2573  [013]     2.017459: (+2)     bprint:               do_huge_pmd_numa_page: NUMAB MEM ACCESS huge page process[nid:1, cpu:13, pid:2573], folio[virt:0x7f4c673a4a20, ker:0xffff940bbc000000, pfn:0x1a3c000, nid:1, npages:512]
          cg.C.x-2590  [047]     2.017461: (+2)     bprint:               do_huge_pmd_numa_page: NUMAB MEM ACCESS huge page process[nid:1, cpu:47, pid:2590], folio[virt:0x7f4c6bce30f8, ker:0xffff940bbb800000, pfn:0x1a3b800, nid:1, npages:512]
          cg.C.x-2561  [052]     2.017523: (+62)    bprint:               do_huge_pmd_numa_page: NUMAB MEM ACCESS huge page process[nid:0, cpu:52, pid:2561], folio[virt:0x7f4c64000000, ker:0xffff93f2d8a00000, pfn:0x158a00, nid:0, npages:512]
          cg.C.x-2587  [041]     2.017526: (+3)     bprint:               do_huge_pmd_numa_page: NUMAB MEM ACCESS huge page process[nid:1, cpu:41, pid:2587], folio[virt:0x7f4c6b000000, ker:0xffff940be0800000, pfn:0x1a60800, nid:1, npages:512]
          cg.C.x-2574  [015]     2.017541: (+15)    bprint:               do_huge_pmd_numa_page: NUMAB MEM ACCESS huge page process[nid:1, cpu:15, pid:2574], folio[virt:0x7f4c67800000, ker:0xffff940bdf400000, pfn:0x1a5f400, nid:1, npages:512]
          cg.C.x-2554  [038]     2.017609: (+68)    bprint:               do_huge_pmd_numa_page: NUMAB MEM ACCESS huge page process[nid:0, cpu:38, pid:2554], folio[virt:0x7f4c62200000, ker:0xffff93f4b8400000, pfn:0x338400, nid:0, npages:512]
          cg.C.x-2567  [001]     2.017648: (+39)    bprint:               do_huge_pmd_numa_page: NUMAB MEM ACCESS huge page process[nid:1, cpu:1, pid:2567], folio[virt:0x7f4c65a00000, ker:0xffff940bb6600000, pfn:0x1a36600, nid:1, npages:512]
          cg.C.x-2541  [012]     2.017664: (+16)    bprint:               do_huge_pmd_numa_page: NUMAB MEM ACCESS huge page process[nid:0, cpu:12, pid:2541], folio[virt:0x7f4c5ea00000, ker:0xffff93f47de00000, pfn:0x2fde00, nid:0, npages:512]
          cg.C.x-2593  [053]     2.017679: (+15)    bprint:               do_huge_pmd_numa_page: NUMAB MEM ACCESS huge page process[nid:1, cpu:53, pid:2593], folio[virt:0x7f4c6ca00000, ker:0xffff940bfb000000, pfn:0x1a7b000, nid:1, npages:512]
          cg.C.x-2580  [027]     2.017681: (+2)     bprint:               do_huge_pmd_numa_page: NUMAB MEM ACCESS huge page process[nid:1, cpu:27, pid:2580], folio[virt:0x7f4c69200000, ker:0xffff940a43200000, pfn:0x18c3200, nid:1, npages:512]
          cg.C.x-2547  [024]     2.017777: (+96)    bprint:               do_huge_pmd_numa_page: NUMAB MEM ACCESS huge page process[nid:0, cpu:24, pid:2547], folio[virt:0x7f4c60400000, ker:0xffff93f467e00000, pfn:0x2e7e00, nid:0, npages:512]
          cg.C.x-2586  [039]     2.017786: (+9)     bprint:               do_huge_pmd_numa_page: NUMAB MEM ACCESS huge page process[nid:1, cpu:39, pid:2586], folio[virt:0x7f4c6ac00000, ker:0xffff940bb7800000, pfn:0x1a37800, nid:1, npages:512]
          cg.C.x-2560  [050]     2.017788: (+2)     bprint:               do_huge_pmd_numa_page: NUMAB MEM ACCESS huge page process[nid:0, cpu:50, pid:2560], folio[virt:0x7f4c63c00000, ker:0xffff93f4b8a00000, pfn:0x338a00, nid:0, npages:512]
          cg.C.x-2573  [013]     2.017808: (+20)    bprint:               do_huge_pmd_numa_page: NUMAB MEM ACCESS huge page process[nid:1, cpu:13, pid:2573], folio[virt:0x7f4c67400000, ker:0xffff940bb6400000, pfn:0x1a36400, nid:1, npages:512]
          cg.C.x-2553  [036]     2.017835: (+27)    bprint:               do_huge_pmd_numa_page: NUMAB MEM ACCESS huge page process[nid:0, cpu:36, pid:2553], folio[virt:0x7f4c61e00000, ker:0xffff93f47da00000, pfn:0x2fda00, nid:0, npages:512]
          cg.C.x-2566  [062]     2.017900: (+65)    bprint:               do_huge_pmd_numa_page: NUMAB MEM ACCESS huge page process[nid:0, cpu:62, pid:2566], folio[virt:0x7f4c65600000, ker:0xffff93f4e0e00000, pfn:0x360e00, nid:0, npages:512]
          cg.C.x-2540  [010]     2.017928: (+28)    bprint:               do_huge_pmd_numa_page: NUMAB MEM ACCESS huge page process[nid:0, cpu:10, pid:2540], folio[virt:0x7f4c5e600000, ker:0xffff93f4a4200000, pfn:0x324200, nid:0, npages:512]
          cg.C.x-2544  [018]     2.017954: (+26)    bprint:               change_prot_numa: NUMAB SCAN vma[start:0x7f4c708db000, end:0x7f4c82ef9000, from:0x7f4c7d600000, to:0x7f4c82ef9000, size:91108 KB]
          cg.C.x-2596  [059]     2.017954: (+0)     sched_waking:         comm=kworker/59:1 pid=544 prio=120 target_cpu=059
          cg.C.x-2552  [034]     2.017954: (+0)     sched_waking:         comm=kworker/34:1 pid=485 prio=120 target_cpu=034
          cg.C.x-2565  [060]     2.017954: (+0)     sched_waking:         comm=kworker/60:1 pid=744 prio=120 target_cpu=060
          cg.C.x-2551  [032]     2.017955: (+1)     sched_waking:         comm=kworker/32:1H pid=692 prio=100 target_cpu=032
          cg.C.x-2596  [059]     2.017957: (+2)     sched_wakeup:         kworker/59:1:544 [120] CPU:059
          cg.C.x-2565  [060]     2.017957: (+0)     sched_wakeup:         kworker/60:1:744 [120] CPU:060
          cg.C.x-2552  [034]     2.017958: (+1)     sched_wakeup:         kworker/34:1:485 [120] CPU:034
          cg.C.x-2551  [032]     2.017958: (+0)     sched_wakeup:         kworker/32:1H:692 [100] CPU:032
          cg.C.x-2592  [051]     2.017960: (+2)     bprint:               do_huge_pmd_numa_page: NUMAB MEM ACCESS huge page process[nid:1, cpu:51, pid:2592], folio[virt:0x7f4c6c600000, ker:0xffff940bdf000000, pfn:0x1a5f000, nid:1, npages:512]
          cg.C.x-2579  [025]     2.017962: (+2)     bprint:               do_huge_pmd_numa_page: NUMAB MEM ACCESS huge page process[nid:1, cpu:25, pid:2579], folio[virt:0x7f4c68e00000, ker:0xffff940bb7400000, pfn:0x1a37400, nid:1, npages:512]
          cg.C.x-2552  [034]     2.017966: (+4)     sched_waking:         comm=kworker/u129:18 pid=438 prio=120 target_cpu=000
          cg.C.x-2552  [034]     2.017968: (+2)     sched_migrate_task:   comm=kworker/u129:18 pid=438 prio=120 orig_cpu=0 dest_cpu=34
          cg.C.x-2552  [034]     2.017971: (+3)     sched_wakeup:         kworker/u129:18:438 [120] CPU:034
          cg.C.x-2552  [034]     2.017976: (+5)     sched_switch:         cg.C.x:2552 [120] R ==> kworker/34:1:485 [120]
    kworker/34:1-485   [034]     2.017986: (+10)    sched_switch:         kworker/34:1:485 [120] I ==> kworker/u129:18:438 [120]
          cg.C.x-2544  [018]     2.017988: (+2)     bprint:               change_prot_numa: NUMAB SCAN vma[start:0x7f4c83000000, end:0x7f4c83928000, from:0x7f4c83000000, to:0x7f4c83928000, size:9376 KB]
          cg.C.x-2559  [048]     2.018028: (+40)    bprint:               do_huge_pmd_numa_page: NUMAB MEM ACCESS huge page process[nid:0, cpu:48, pid:2559], folio[virt:0x7f4c63800000, ker:0xffff93f4cac00000, pfn:0x34ac00, nid:0, npages:512]
          cg.C.x-2544  [018]     2.018076: (+48)    bprint:               change_prot_numa: NUMAB SCAN vma[start:0x7f4c83a00000, end:0x7f4c8cd0f000, from:0x7f4c83a00000, to:0x7f4c8cd0f000, size:150588 KB]
          cg.C.x-2546  [022]     2.018078: (+2)     bprint:               do_huge_pmd_numa_page: NUMAB MEM ACCESS huge page process[nid:0, cpu:22, pid:2546], folio[virt:0x7f4c60000000, ker:0xffff93f4b9600000, pfn:0x339600, nid:0, npages:512]
          cg.C.x-2572  [011]     2.018081: (+3)     bprint:               do_huge_pmd_numa_page: NUMAB MEM ACCESS huge page process[nid:1, cpu:11, pid:2572], folio[virt:0x7f4c67000000, ker:0xffff940bf7800000, pfn:0x1a77800, nid:1, npages:512]
          cg.C.x-2598  [063]     2.018113: (+32)    bprint:               do_huge_pmd_numa_page: NUMAB MEM ACCESS huge page process[nid:1, cpu:63, pid:2598], folio[virt:0x7f4c6e000000, ker:0xffff940bb7e00000, pfn:0x1a37e00, nid:1, npages:512]
          cg.C.x-2585  [037]     2.018129: (+16)    bprint:               do_huge_pmd_numa_page: NUMAB MEM ACCESS huge page process[nid:1, cpu:37, pid:2585], folio[virt:0x7f4c6a800000, ker:0xffff940c2a800000, pfn:0x1aaa800, nid:1, npages:512]
          cg.C.x-2544  [018]     2.018174: (+45)    bprint:               change_prot_numa: NUMAB SCAN vma[start:0x7f4c8ce00000, end:0x7f4c9607d000, from:0x7f4c8ce00000, to:0x7f4c9607d000, size:150004 KB]
          cg.C.x-2535  [000]     2.018206: (+32)    bprint:               do_huge_pmd_numa_page: NUMAB MEM ACCESS huge page process[nid:0, cpu:0, pid:2535], folio[virt:0x7f4c8ce5e1a0, ker:0xffff93f2d3800000, pfn:0x153800, nid:0, npages:512]
          cg.C.x-2565  [060]     2.018207: (+1)     bprint:               do_huge_pmd_numa_page: NUMAB MEM ACCESS huge page process[nid:0, cpu:60, pid:2565], folio[virt:0x7f4c65200000, ker:0xffff93f4a3e00000, pfn:0x323e00, nid:0, npages:512]
          cg.C.x-2537  [004]     2.018209: (+2)     bprint:               do_huge_pmd_numa_page: NUMAB MEM ACCESS huge page process[nid:0, cpu:4, pid:2537], folio[virt:0x7f4c8d2af58c, ker:0xffff93f4a3800000, pfn:0x323800, nid:0, npages:512]
          cg.C.x-2536  [002]     2.018212: (+3)     bprint:               do_huge_pmd_numa_page: NUMAB MEM ACCESS huge page process[nid:0, cpu:2, pid:2536], folio[virt:0x7f4c8d0902c4, ker:0xffff93f4e1400000, pfn:0x361400, nid:0, npages:512]
          cg.C.x-2568  [003]     2.018214: (+2)     bprint:               do_huge_pmd_numa_page: NUMAB MEM ACCESS huge page process[nid:1, cpu:3, pid:2568], folio[virt:0x7f4c91573004, ker:0xffff940c29600000, pfn:0x1aa9600, nid:1, npages:512]
          cg.C.x-2569  [005]     2.018217: (+3)     bprint:               do_huge_pmd_numa_page: NUMAB MEM ACCESS huge page process[nid:1, cpu:5, pid:2569], folio[virt:0x7f4c917a1d6c, ker:0xffff940bbb000000, pfn:0x1a3b000, nid:1, npages:512]
          cg.C.x-2544  [018]     2.018218: (+1)     bprint:               change_prot_numa: NUMAB SCAN vma[start:0x7f4c9616d000, end:0x7f4c96200000, from:0x7f4c9616d000, to:0x7f4c96200000, size:588 KB]
          cg.C.x-2567  [001]     2.018219: (+1)     bprint:               do_huge_pmd_numa_page: NUMAB MEM ACCESS huge page process[nid:1, cpu:1, pid:2567], folio[virt:0x7f4c9134800c, ker:0xffff940be3c00000, pfn:0x1a63c00, nid:1, npages:512]
          cg.C.x-2539  [008]     2.018221: (+2)     bprint:               do_huge_pmd_numa_page: NUMAB MEM ACCESS huge page process[nid:0, cpu:8, pid:2539], folio[virt:0x7f4c8d6ff264, ker:0xffff93f47e000000, pfn:0x2fe000, nid:0, npages:512]
          cg.C.x-2538  [006]     2.018223: (+2)     bprint:               do_huge_pmd_numa_page: NUMAB MEM ACCESS huge page process[nid:0, cpu:6, pid:2538], folio[virt:0x7f4c8d4d4c0c, ker:0xffff93f47e400000, pfn:0x2fe400, nid:0, npages:512]
          cg.C.x-2571  [009]     2.018225: (+2)     bprint:               do_huge_pmd_numa_page: NUMAB MEM ACCESS huge page process[nid:1, cpu:9, pid:2571], folio[virt:0x7f4c91be95f8, ker:0xffff940bb7200000, pfn:0x1a37200, nid:1, npages:512]
          cg.C.x-2570  [007]     2.018227: (+2)     bprint:               do_huge_pmd_numa_page: NUMAB MEM ACCESS huge page process[nid:1, cpu:7, pid:2570], folio[virt:0x7f4c919c7c6c, ker:0xffff940c2c800000, pfn:0x1aac800, nid:1, npages:512]
          cg.C.x-2539  [008]     2.018229: (+2)     bprint:               do_huge_pmd_numa_page: NUMAB MEM ACCESS huge page process[nid:0, cpu:8, pid:2539], folio[virt:0x7f4c5e200000, ker:0xffff93f47e200000, pfn:0x2fe200, nid:0, npages:512]
          cg.C.x-2573  [013]     2.018229: (+0)     bprint:               do_huge_pmd_numa_page: NUMAB MEM ACCESS huge page process[nid:1, cpu:13, pid:2573], folio[virt:0x7f4c92039e30, ker:0xffff940bfb200000, pfn:0x1a7b200, nid:1, npages:512]
          cg.C.x-2572  [011]     2.018231: (+2)     bprint:               do_huge_pmd_numa_page: NUMAB MEM ACCESS huge page process[nid:1, cpu:11, pid:2572], folio[virt:0x7f4c91e12498, ker:0xffff940be0a00000, pfn:0x1a60a00, nid:1, npages:512]
          cg.C.x-2543  [016]     2.018233: (+2)     bprint:               do_huge_pmd_numa_page: NUMAB MEM ACCESS huge page process[nid:0, cpu:16, pid:2543], folio[virt:0x7f4c8df97bd4, ker:0xffff93f44cc00000, pfn:0x2ccc00, nid:0, npages:512]
          cg.C.x-2540  [010]     2.018235: (+2)     bprint:               do_huge_pmd_numa_page: NUMAB MEM ACCESS huge page process[nid:0, cpu:10, pid:2540], folio[virt:0x7f4c8d926044, ker:0xffff93f4a4000000, pfn:0x324000, nid:0, npages:512]
          cg.C.x-2542  [014]     2.018237: (+2)     bprint:               do_huge_pmd_numa_page: NUMAB MEM ACCESS huge page process[nid:0, cpu:14, pid:2542], folio[virt:0x7f4c8dd74eec, ker:0xffff93f44ea00000, pfn:0x2cea00, nid:0, npages:512]
          cg.C.x-2575  [017]     2.018240: (+3)     bprint:               do_huge_pmd_numa_page: NUMAB MEM ACCESS huge page process[nid:1, cpu:17, pid:2575], folio[virt:0x7f4c92488f0c, ker:0xffff940bbae00000, pfn:0x1a3ae00, nid:1, npages:512]
          cg.C.x-2541  [012]     2.018242: (+2)     bprint:               do_huge_pmd_numa_page: NUMAB MEM ACCESS huge page process[nid:0, cpu:12, pid:2541], folio[virt:0x7f4c8db4f1d0, ker:0xffff93f47dc00000, pfn:0x2fdc00, nid:0, npages:512]
          cg.C.x-2574  [015]     2.018245: (+3)     bprint:               do_huge_pmd_numa_page: NUMAB MEM ACCESS huge page process[nid:1, cpu:15, pid:2574], folio[virt:0x7f4c9225e288, ker:0xffff940bb6e00000, pfn:0x1a36e00, nid:1, npages:512]
          cg.C.x-2576  [019]     2.018247: (+2)     bprint:               do_huge_pmd_numa_page: NUMAB MEM ACCESS huge page process[nid:1, cpu:19, pid:2576], folio[virt:0x7f4c926adb8c, ker:0xffff940bb8200000, pfn:0x1a38200, nid:1, npages:512]
          cg.C.x-2577  [021]     2.018249: (+2)     bprint:               do_huge_pmd_numa_page: NUMAB MEM ACCESS huge page process[nid:1, cpu:21, pid:2577], folio[virt:0x7f4c928d3be0, ker:0xffff940be0600000, pfn:0x1a60600, nid:1, npages:512]
          cg.C.x-2545  [020]     2.018251: (+2)     bprint:               do_huge_pmd_numa_page: NUMAB MEM ACCESS huge page process[nid:0, cpu:20, pid:2545], folio[virt:0x7f4c8e3ec90c, ker:0xffff93f4b9800000, pfn:0x339800, nid:0, npages:512]
          cg.C.x-2579  [025]     2.018255: (+4)     bprint:               do_huge_pmd_numa_page: NUMAB MEM ACCESS huge page process[nid:1, cpu:25, pid:2579], folio[virt:0x7f4c92d22a8c, ker:0xffff940c2aa00000, pfn:0x1aaaa00, nid:1, npages:512]
          cg.C.x-2578  [023]     2.018257: (+2)     bprint:               do_huge_pmd_numa_page: NUMAB MEM ACCESS huge page process[nid:1, cpu:23, pid:2578], folio[virt:0x7f4c92afab6c, ker:0xffff940b82e00000, pfn:0x1a02e00, nid:1, npages:512]
          cg.C.x-2546  [022]     2.018259: (+2)     bprint:               do_huge_pmd_numa_page: NUMAB MEM ACCESS huge page process[nid:0, cpu:22, pid:2546], folio[virt:0x7f4c8e6135c0, ker:0xffff93f467c00000, pfn:0x2e7c00, nid:0, npages:512]
          cg.C.x-2548  [026]     2.018262: (+3)     bprint:               do_huge_pmd_numa_page: NUMAB MEM ACCESS huge page process[nid:0, cpu:26, pid:2548], folio[virt:0x7f4c8ea6bcac, ker:0xffff93f44d000000, pfn:0x2cd000, nid:0, npages:512]
          cg.C.x-2580  [027]     2.018264: (+2)     bprint:               do_huge_pmd_numa_page: NUMAB MEM ACCESS huge page process[nid:1, cpu:27, pid:2580], folio[virt:0x7f4c92f490b0, ker:0xffff940c2cc00000, pfn:0x1aacc00, nid:1, npages:512]
          cg.C.x-2544  [018]     2.018266: (+2)     bprint:               change_prot_numa: NUMAB SCAN vma[start:0x7f4c96525000, end:0x7f4c965b8000, from:0x7f4c96525000, to:0x7f4c965b8000, size:588 KB]
          cg.C.x-2547  [024]     2.018267: (+1)     bprint:               do_huge_pmd_numa_page: NUMAB MEM ACCESS huge page process[nid:0, cpu:24, pid:2547], folio[virt:0x7f4c8e839e10, ker:0xffff93f4e2400000, pfn:0x362400, nid:0, npages:512]
          cg.C.x-2581  [029]     2.018269: (+2)     bprint:               do_huge_pmd_numa_page: NUMAB MEM ACCESS huge page process[nid:1, cpu:29, pid:2581], folio[virt:0x7f4c931716c4, ker:0xffff940c2ee00000, pfn:0x1aaee00, nid:1, npages:512]
          cg.C.x-2582  [031]     2.018271: (+2)     bprint:               do_huge_pmd_numa_page: NUMAB MEM ACCESS huge page process[nid:1, cpu:31, pid:2582], folio[virt:0x7f4c9339802c, ker:0xffff940c29a00000, pfn:0x1aa9a00, nid:1, npages:512]
          cg.C.x-2584  [035]     2.018273: (+2)     bprint:               do_huge_pmd_numa_page: NUMAB MEM ACCESS huge page process[nid:1, cpu:35, pid:2584], folio[virt:0x7f4c937e14a0, ker:0xffff940be4e00000, pfn:0x1a64e00, nid:1, npages:512]
          cg.C.x-2549  [028]     2.018275: (+2)     bprint:               do_huge_pmd_numa_page: NUMAB MEM ACCESS huge page process[nid:0, cpu:28, pid:2549], folio[virt:0x7f4c8ec8e884, ker:0xffff93f4b9000000, pfn:0x339000, nid:0, npages:512]
          cg.C.x-2551  [032]     2.018277: (+2)     bprint:               do_huge_pmd_numa_page: NUMAB MEM ACCESS huge page process[nid:0, cpu:32, pid:2551], folio[virt:0x7f4c8f0e7730, ker:0xffff93f4c9c00000, pfn:0x349c00, nid:0, npages:512]
          cg.C.x-2585  [037]     2.018280: (+3)     bprint:               do_huge_pmd_numa_page: NUMAB MEM ACCESS huge page process[nid:1, cpu:37, pid:2585], folio[virt:0x7f4c93a0c02c, ker:0xffff940bdf600000, pfn:0x1a5f600, nid:1, npages:512]
          cg.C.x-2583  [033]     2.018282: (+2)     bprint:               do_huge_pmd_numa_page: NUMAB MEM ACCESS huge page process[nid:1, cpu:33, pid:2583], folio[virt:0x7f4c935bb7cc, ker:0xffff940c2ea00000, pfn:0x1aaea00, nid:1, npages:512]
          cg.C.x-2554  [038]     2.018284: (+2)     bprint:               do_huge_pmd_numa_page: NUMAB MEM ACCESS huge page process[nid:0, cpu:38, pid:2554], folio[virt:0x7f4c8f756060, ker:0xffff93f4f9200000, pfn:0x379200, nid:0, npages:512]
          cg.C.x-2578  [023]     2.018285: (+1)     bprint:               do_huge_pmd_numa_page: NUMAB MEM ACCESS huge page process[nid:1, cpu:23, pid:2578], folio[virt:0x7f4c68a00000, ker:0xffff940bb7000000, pfn:0x1a37000, nid:1, npages:512]
          cg.C.x-2586  [039]     2.018286: (+1)     bprint:               do_huge_pmd_numa_page: NUMAB MEM ACCESS huge page process[nid:1, cpu:39, pid:2586], folio[virt:0x7f4c93c3c124, ker:0xffff940bb7a00000, pfn:0x1a37a00, nid:1, npages:512]
          cg.C.x-2550  [030]     2.018289: (+3)     bprint:               do_huge_pmd_numa_page: NUMAB MEM ACCESS huge page process[nid:0, cpu:30, pid:2550], folio[virt:0x7f4c8eebbc0c, ker:0xffff93f4b8c00000, pfn:0x338c00, nid:0, npages:512]
          cg.C.x-2549  [028]     2.018290: (+1)     bprint:               __handle_mm_fault: NUMAB MEM ACCESS process[nid:0, cpu:28, pid:2549], folio[virt:0x7f4c96545718, phys:0x153641000, pfn:0x153641, nid:0, npages:1]
          cg.C.x-2556  [042]     2.018291: (+1)     bprint:               do_huge_pmd_numa_page: NUMAB MEM ACCESS huge page process[nid:0, cpu:42, pid:2556], folio[virt:0x7f4c8fba6944, ker:0xffff93f4c9800000, pfn:0x349800, nid:0, npages:512]
          cg.C.x-2568  [003]     2.018292: (+1)     bprint:               __handle_mm_fault: NUMAB MEM ACCESS process[nid:1, cpu:3, pid:2568], folio[virt:0x7f4c96571000, phys:0x186d6d5000, pfn:0x186d6d5, nid:1, npages:1]
          cg.C.x-2587  [041]     2.018293: (+1)     bprint:               do_huge_pmd_numa_page: NUMAB MEM ACCESS huge page process[nid:1, cpu:41, pid:2587], folio[virt:0x7f4c93e65960, ker:0xffff940bb6a00000, pfn:0x1a36a00, nid:1, npages:512]
          cg.C.x-2551  [032]     2.018294: (+1)     bprint:               __handle_mm_fault: NUMAB MEM ACCESS process[nid:0, cpu:32, pid:2551], folio[virt:0x7f4c9654a0cc, phys:0x153732000, pfn:0x153732, nid:0, npages:1]
          cg.C.x-2555  [040]     2.018296: (+2)     bprint:               do_huge_pmd_numa_page: NUMAB MEM ACCESS huge page process[nid:0, cpu:40, pid:2555], folio[virt:0x7f4c8f978ae0, ker:0xffff93f48c400000, pfn:0x30c400, nid:0, npages:512]
          cg.C.x-2585  [037]     2.018296: (+0)     bprint:               __handle_mm_fault: NUMAB MEM ACCESS process[nid:1, cpu:37, pid:2585], folio[virt:0x7f4c96597dd4, phys:0x186ccee000, pfn:0x186ccee, nid:1, npages:1]
          cg.C.x-2583  [033]     2.018297: (+1)     bprint:               __handle_mm_fault: NUMAB MEM ACCESS process[nid:1, cpu:33, pid:2583], folio[virt:0x7f4c96593480, phys:0x185f003000, pfn:0x185f003, nid:1, npages:1]
          cg.C.x-2557  [044]     2.018298: (+1)     bprint:               do_huge_pmd_numa_page: NUMAB MEM ACCESS huge page process[nid:0, cpu:44, pid:2557], folio[virt:0x7f4c8fdcb9ac, ker:0xffff93f48cc00000, pfn:0x30cc00, nid:0, npages:512]
          cg.C.x-2554  [038]     2.018299: (+1)     bprint:               __handle_mm_fault: NUMAB MEM ACCESS process[nid:0, cpu:38, pid:2554], folio[virt:0x7f4c96550ec0, phys:0x116291000, pfn:0x116291, nid:0, npages:1]
          cg.C.x-2588  [043]     2.018300: (+1)     bprint:               do_huge_pmd_numa_page: NUMAB MEM ACCESS huge page process[nid:1, cpu:43, pid:2588], folio[virt:0x7f4c9408b400, ker:0xffff940bf9e00000, pfn:0x1a79e00, nid:1, npages:512]
          cg.C.x-2586  [039]     2.018302: (+2)     bprint:               __handle_mm_fault: NUMAB MEM ACCESS process[nid:1, cpu:39, pid:2586], folio[virt:0x7f4c9659a290, phys:0x1866878000, pfn:0x1866878, nid:1, npages:1]
          cg.C.x-2553  [036]     2.018303: (+1)     bprint:               do_huge_pmd_numa_page: NUMAB MEM ACCESS huge page process[nid:0, cpu:36, pid:2553], folio[virt:0x7f4c8f534fc8, ker:0xffff93f47d800000, pfn:0x2fd800, nid:0, npages:512]
          cg.C.x-2550  [030]     2.018304: (+1)     bprint:               __handle_mm_fault: NUMAB MEM ACCESS process[nid:0, cpu:30, pid:2550], folio[virt:0x7f4c96547be8, phys:0x11378f000, pfn:0x11378f, nid:0, npages:1]
          cg.C.x-2589  [045]     2.018305: (+1)     bprint:               do_huge_pmd_numa_page: NUMAB MEM ACCESS huge page process[nid:1, cpu:45, pid:2589], folio[virt:0x7f4c942b2ab8, ker:0xffff940bbb200000, pfn:0x1a3b200, nid:1, npages:512]
          cg.C.x-2556  [042]     2.018306: (+1)     bprint:               __handle_mm_fault: NUMAB MEM ACCESS process[nid:0, cpu:42, pid:2556], folio[virt:0x7f4c96555818, phys:0x13a35b000, pfn:0x13a35b, nid:0, npages:1]
          cg.C.x-2587  [041]     2.018308: (+2)     bprint:               __handle_mm_fault: NUMAB MEM ACCESS process[nid:1, cpu:41, pid:2587], folio[virt:0x7f4c9659c770, phys:0x186ca06000, pfn:0x186ca06, nid:1, npages:1]
          cg.C.x-2590  [047]     2.018309: (+1)     bprint:               do_huge_pmd_numa_page: NUMAB MEM ACCESS huge page process[nid:1, cpu:47, pid:2590], folio[virt:0x7f4c944d436c, ker:0xffff940c28e00000, pfn:0x1aa8e00, nid:1, npages:512]
          cg.C.x-2536  [002]     2.018310: (+1)     bprint:               __handle_mm_fault: NUMAB MEM ACCESS process[nid:0, cpu:2, pid:2536], folio[virt:0x7f4c96527cac, phys:0x111f9e000, pfn:0x111f9e, nid:0, npages:1]
          cg.C.x-2558  [046]     2.018311: (+1)     bprint:               do_huge_pmd_numa_page: NUMAB MEM ACCESS huge page process[nid:0, cpu:46, pid:2558], folio[virt:0x7f4c8fff5dac, ker:0xffff93f48c000000, pfn:0x30c000, nid:0, npages:512]
          cg.C.x-2555  [040]     2.018311: (+0)     bprint:               __handle_mm_fault: NUMAB MEM ACCESS process[nid:0, cpu:40, pid:2555], folio[virt:0x7f4c96553324, phys:0x111f67000, pfn:0x111f67, nid:0, npages:1]
          cg.C.x-2535  [000]     2.018313: (+2)     bprint:               __handle_mm_fault: NUMAB MEM ACCESS process[nid:0, cpu:0, pid:2535], folio[virt:0x7f4c96525784, phys:0x3780cf000, pfn:0x3780cf, nid:0, npages:1]
          cg.C.x-2591  [049]     2.018313: (+0)     bprint:               do_huge_pmd_numa_page: NUMAB MEM ACCESS huge page process[nid:1, cpu:49, pid:2591], folio[virt:0x7f4c946fbcac, ker:0xffff940bdf200000, pfn:0x1a5f200, nid:1, npages:512]
          cg.C.x-2544  [018]     2.018314: (+1)     bprint:               change_prot_numa: NUMAB SCAN vma[start:0x7f4c965fe000, end:0x7f4c965ff000, from:0x7f4c965fe000, to:0x7f4c965ff000, size:4 KB]
          cg.C.x-2570  [007]     2.018314: (+0)     bprint:               __handle_mm_fault: NUMAB MEM ACCESS process[nid:1, cpu:7, pid:2570], folio[virt:0x7f4c965759bc, phys:0x1855cf0000, pfn:0x1855cf0, nid:1, npages:1]
          cg.C.x-2559  [048]     2.018315: (+1)     bprint:               do_huge_pmd_numa_page: NUMAB MEM ACCESS huge page process[nid:0, cpu:48, pid:2559], folio[virt:0x7f4c9021a3b4, ker:0xffff93f4b8800000, pfn:0x338800, nid:0, npages:512]
          cg.C.x-2569  [005]     2.018316: (+1)     bprint:               __handle_mm_fault: NUMAB MEM ACCESS process[nid:1, cpu:5, pid:2569], folio[virt:0x7f4c9657358c, phys:0x186d2c6000, pfn:0x186d2c6, nid:1, npages:1]
          cg.C.x-2560  [050]     2.018317: (+1)     bprint:               do_huge_pmd_numa_page: NUMAB MEM ACCESS huge page process[nid:0, cpu:50, pid:2560], folio[virt:0x7f4c9044a500, ker:0xffff93f2d8800000, pfn:0x158800, nid:0, npages:512]
          cg.C.x-2537  [004]     2.018318: (+1)     bprint:               __handle_mm_fault: NUMAB MEM ACCESS process[nid:0, cpu:4, pid:2537], folio[virt:0x7f4c9652a118, phys:0x13d151000, pfn:0x13d151, nid:0, npages:1]
          cg.C.x-2561  [052]     2.018319: (+1)     bprint:               do_huge_pmd_numa_page: NUMAB MEM ACCESS huge page process[nid:0, cpu:52, pid:2561], folio[virt:0x7f4c906667e0, ker:0xffff93f4a5c00000, pfn:0x325c00, nid:0, npages:512]
          cg.C.x-2540  [010]     2.018320: (+1)     bprint:               __handle_mm_fault: NUMAB MEM ACCESS process[nid:0, cpu:10, pid:2540], folio[virt:0x7f4c96530ec4, phys:0x139cad000, pfn:0x139cad, nid:0, npages:1]
          cg.C.x-2562  [054]     2.018320: (+0)     bprint:               do_huge_pmd_numa_page: NUMAB MEM ACCESS huge page process[nid:0, cpu:54, pid:2562], folio[virt:0x7f4c9088882c, ker:0xffff93f41f400000, pfn:0x29f400, nid:0, npages:512]
          cg.C.x-2571  [009]     2.018322: (+2)     bprint:               __handle_mm_fault: NUMAB MEM ACCESS process[nid:1, cpu:9, pid:2571], folio[virt:0x7f4c96577dfc, phys:0x185e575000, pfn:0x185e575, nid:1, npages:1]
          cg.C.x-2594  [055]     2.018322: (+0)     bprint:               do_huge_pmd_numa_page: NUMAB MEM ACCESS huge page process[nid:1, cpu:55, pid:2594], folio[virt:0x7f4c94d73830, ker:0xffff940be3600000, pfn:0x1a63600, nid:1, npages:512]
          cg.C.x-2567  [001]     2.018324: (+2)     bprint:               __handle_mm_fault: NUMAB MEM ACCESS process[nid:1, cpu:1, pid:2567], folio[virt:0x7f4c9656eb4c, phys:0x185dc7d000, pfn:0x185dc7d, nid:1, npages:1]
          cg.C.x-2593  [053]     2.018324: (+0)     bprint:               do_huge_pmd_numa_page: NUMAB MEM ACCESS huge page process[nid:1, cpu:53, pid:2593], folio[virt:0x7f4c94b4ad6c, ker:0xffff940bf7a00000, pfn:0x1a77a00, nid:1, npages:512]
          cg.C.x-2557  [044]     2.018325: (+1)     bprint:               __handle_mm_fault: NUMAB MEM ACCESS process[nid:0, cpu:44, pid:2557], folio[virt:0x7f4c96557c7c, phys:0x153b10000, pfn:0x153b10, nid:0, npages:1]
          cg.C.x-2592  [051]     2.018326: (+1)     bprint:               do_huge_pmd_numa_page: NUMAB MEM ACCESS huge page process[nid:1, cpu:51, pid:2592], folio[virt:0x7f4c949249ec, ker:0xffff940bb7600000, pfn:0x1a37600, nid:1, npages:512]
          cg.C.x-2538  [006]     2.018327: (+1)     bprint:               __handle_mm_fault: NUMAB MEM ACCESS process[nid:0, cpu:6, pid:2538], folio[virt:0x7f4c9652c574, phys:0x111203000, pfn:0x111203, nid:0, npages:1]
          cg.C.x-2595  [057]     2.018328: (+1)     bprint:               do_huge_pmd_numa_page: NUMAB MEM ACCESS huge page process[nid:1, cpu:57, pid:2595], folio[virt:0x7f4c94f9aec4, ker:0xffff940bfa000000, pfn:0x1a7a000, nid:1, npages:512]
