          cg.C.x-2698  [020]     1.016045: (+21)    bprint:               __handle_mm_fault: NUMAB MEM ACCESS process[nid:0, cpu:20, pid:2698], folio[virt:0x7f37ddfa3000, phys:0x110fbd000, pfn:0x110fbd, nid:0, npages:1]
          cg.C.x-2742  [045]     1.017066: (+1021)  bprint:               change_prot_numa: NUMAB SCAN vma[start:0x558805ad9000, end:0x558805ada000, from:0x558805ad9000, to:0x558805ada000, size:4 KB]
          cg.C.x-2742  [045]     1.017088: (+22)    bprint:               change_prot_numa: NUMAB SCAN vma[start:0x558805ada000, end:0x558805adb000, from:0x558805ada000, to:0x558805adb000, size:4 KB]
          cg.C.x-2742  [045]     1.017103: (+15)    bprint:               change_prot_numa: NUMAB SCAN vma[start:0x5588069c6000, end:0x5588069e7000, from:0x5588069c6000, to:0x5588069e7000, size:132 KB]
          cg.C.x-2742  [045]     1.017128: (+25)    bprint:               change_prot_numa: NUMAB SCAN vma[start:0x7f377d201000, end:0x7f377da01000, from:0x7f377d201000, to:0x7f377da01000, size:8192 KB]
          cg.C.x-2742  [045]     1.017151: (+23)    bprint:               change_prot_numa: NUMAB SCAN vma[start:0x7f377dc01000, end:0x7f377e401000, from:0x7f377dc01000, to:0x7f377e401000, size:8192 KB]
          cg.C.x-2742  [045]     1.017172: (+21)    bprint:               change_prot_numa: NUMAB SCAN vma[start:0x7f377e601000, end:0x7f377ee01000, from:0x7f377e601000, to:0x7f377ee01000, size:8192 KB]
          cg.C.x-2742  [045]     1.017192: (+20)    bprint:               change_prot_numa: NUMAB SCAN vma[start:0x7f377f001000, end:0x7f377f801000, from:0x7f377f001000, to:0x7f377f801000, size:8192 KB]
          cg.C.x-2742  [045]     1.017213: (+21)    bprint:               change_prot_numa: NUMAB SCAN vma[start:0x7f377fa01000, end:0x7f3780201000, from:0x7f377fa01000, to:0x7f3780201000, size:8192 KB]
          cg.C.x-2742  [045]     1.017233: (+20)    bprint:               change_prot_numa: NUMAB SCAN vma[start:0x7f3780401000, end:0x7f3780c01000, from:0x7f3780401000, to:0x7f3780c01000, size:8192 KB]
          cg.C.x-2742  [045]     1.017255: (+22)    bprint:               change_prot_numa: NUMAB SCAN vma[start:0x7f3780e01000, end:0x7f3781601000, from:0x7f3780e01000, to:0x7f3781601000, size:8192 KB]
          cg.C.x-2742  [045]     1.017275: (+20)    bprint:               change_prot_numa: NUMAB SCAN vma[start:0x7f3781801000, end:0x7f3782001000, from:0x7f3781801000, to:0x7f3782001000, size:8192 KB]
          cg.C.x-2742  [045]     1.017295: (+20)    bprint:               change_prot_numa: NUMAB SCAN vma[start:0x7f3782201000, end:0x7f3782a01000, from:0x7f3782201000, to:0x7f3782a01000, size:8192 KB]
          cg.C.x-2742  [045]     1.017316: (+21)    bprint:               change_prot_numa: NUMAB SCAN vma[start:0x7f3782c01000, end:0x7f3783401000, from:0x7f3782c01000, to:0x7f3783401000, size:8192 KB]
          cg.C.x-2742  [045]     1.017336: (+20)    bprint:               change_prot_numa: NUMAB SCAN vma[start:0x7f3783601000, end:0x7f3783e01000, from:0x7f3783601000, to:0x7f3783e01000, size:8192 KB]
          cg.C.x-2742  [045]     1.017356: (+20)    bprint:               change_prot_numa: NUMAB SCAN vma[start:0x7f3784001000, end:0x7f3784801000, from:0x7f3784001000, to:0x7f3784801000, size:8192 KB]
          cg.C.x-2742  [045]     1.017375: (+19)    bprint:               change_prot_numa: NUMAB SCAN vma[start:0x7f3784a01000, end:0x7f3785201000, from:0x7f3784a01000, to:0x7f3785201000, size:8192 KB]
          cg.C.x-2742  [045]     1.017396: (+21)    bprint:               change_prot_numa: NUMAB SCAN vma[start:0x7f3785401000, end:0x7f3785c01000, from:0x7f3785401000, to:0x7f3785c01000, size:8192 KB]
          cg.C.x-2742  [045]     1.017417: (+21)    bprint:               change_prot_numa: NUMAB SCAN vma[start:0x7f3785e01000, end:0x7f3786601000, from:0x7f3785e01000, to:0x7f3786601000, size:8192 KB]
          cg.C.x-2742  [045]     1.017438: (+21)    bprint:               change_prot_numa: NUMAB SCAN vma[start:0x7f3786801000, end:0x7f3787001000, from:0x7f3786801000, to:0x7f3787001000, size:8192 KB]
          cg.C.x-2742  [045]     1.017458: (+20)    bprint:               change_prot_numa: NUMAB SCAN vma[start:0x7f3787201000, end:0x7f3787a01000, from:0x7f3787201000, to:0x7f3787a01000, size:8192 KB]
          cg.C.x-2742  [045]     1.017478: (+20)    bprint:               change_prot_numa: NUMAB SCAN vma[start:0x7f3787c01000, end:0x7f3788401000, from:0x7f3787c01000, to:0x7f3788401000, size:8192 KB]
          cg.C.x-2742  [045]     1.017498: (+20)    bprint:               change_prot_numa: NUMAB SCAN vma[start:0x7f3788601000, end:0x7f3788e01000, from:0x7f3788601000, to:0x7f3788e01000, size:8192 KB]
          cg.C.x-2742  [045]     1.017518: (+20)    bprint:               change_prot_numa: NUMAB SCAN vma[start:0x7f3789001000, end:0x7f3789801000, from:0x7f3789001000, to:0x7f3789801000, size:8192 KB]
          cg.C.x-2742  [045]     1.017538: (+20)    bprint:               change_prot_numa: NUMAB SCAN vma[start:0x7f3789a01000, end:0x7f378a201000, from:0x7f3789a01000, to:0x7f378a201000, size:8192 KB]
          cg.C.x-2742  [045]     1.017559: (+21)    bprint:               change_prot_numa: NUMAB SCAN vma[start:0x7f378a401000, end:0x7f378ac01000, from:0x7f378a401000, to:0x7f378ac01000, size:8192 KB]
          cg.C.x-2742  [045]     1.017578: (+19)    bprint:               change_prot_numa: NUMAB SCAN vma[start:0x7f378ae01000, end:0x7f378b601000, from:0x7f378ae01000, to:0x7f378b601000, size:8192 KB]
          cg.C.x-2742  [045]     1.017598: (+20)    bprint:               change_prot_numa: NUMAB SCAN vma[start:0x7f378b801000, end:0x7f378c001000, from:0x7f378b801000, to:0x7f378c001000, size:8192 KB]
          cg.C.x-2742  [045]     1.017618: (+20)    bprint:               change_prot_numa: NUMAB SCAN vma[start:0x7f378c201000, end:0x7f378ca01000, from:0x7f378c201000, to:0x7f378ca01000, size:8192 KB]
          cg.C.x-2742  [045]     1.017638: (+20)    bprint:               change_prot_numa: NUMAB SCAN vma[start:0x7f378cc01000, end:0x7f378d401000, from:0x7f378cc01000, to:0x7f378d401000, size:8192 KB]
          cg.C.x-2742  [045]     1.017658: (+20)    bprint:               change_prot_numa: NUMAB SCAN vma[start:0x7f378d601000, end:0x7f378de01000, from:0x7f378d601000, to:0x7f378de01000, size:8192 KB]
          cg.C.x-2742  [045]     1.017678: (+20)    bprint:               change_prot_numa: NUMAB SCAN vma[start:0x7f378e001000, end:0x7f378e801000, from:0x7f378e001000, to:0x7f378e801000, size:8192 KB]
          cg.C.x-2742  [045]     1.017698: (+20)    bprint:               change_prot_numa: NUMAB SCAN vma[start:0x7f378ea01000, end:0x7f378f201000, from:0x7f378ea01000, to:0x7f378f201000, size:8192 KB]
          cg.C.x-2742  [045]     1.017718: (+20)    bprint:               change_prot_numa: NUMAB SCAN vma[start:0x7f378f401000, end:0x7f378fc01000, from:0x7f378f401000, to:0x7f378fc01000, size:8192 KB]
          cg.C.x-2742  [045]     1.017739: (+21)    bprint:               change_prot_numa: NUMAB SCAN vma[start:0x7f378fe01000, end:0x7f3790601000, from:0x7f378fe01000, to:0x7f3790601000, size:8192 KB]
          cg.C.x-2742  [045]     1.017759: (+20)    bprint:               change_prot_numa: NUMAB SCAN vma[start:0x7f3790801000, end:0x7f3791001000, from:0x7f3790801000, to:0x7f3791001000, size:8192 KB]
          cg.C.x-2742  [045]     1.017780: (+21)    bprint:               change_prot_numa: NUMAB SCAN vma[start:0x7f3791201000, end:0x7f3791a01000, from:0x7f3791201000, to:0x7f3791a01000, size:8192 KB]
          cg.C.x-2742  [045]     1.017801: (+21)    bprint:               change_prot_numa: NUMAB SCAN vma[start:0x7f3791c01000, end:0x7f3792401000, from:0x7f3791c01000, to:0x7f3792401000, size:8192 KB]
          cg.C.x-2742  [045]     1.017822: (+21)    bprint:               change_prot_numa: NUMAB SCAN vma[start:0x7f3792601000, end:0x7f3792e01000, from:0x7f3792601000, to:0x7f3792e01000, size:8192 KB]
          cg.C.x-2742  [045]     1.017842: (+20)    bprint:               change_prot_numa: NUMAB SCAN vma[start:0x7f3793001000, end:0x7f3793801000, from:0x7f3793001000, to:0x7f3793801000, size:8192 KB]
          cg.C.x-2742  [045]     1.017863: (+21)    bprint:               change_prot_numa: NUMAB SCAN vma[start:0x7f3793a01000, end:0x7f3794201000, from:0x7f3793a01000, to:0x7f3794201000, size:8192 KB]
          cg.C.x-2742  [045]     1.017882: (+19)    bprint:               change_prot_numa: NUMAB SCAN vma[start:0x7f3794401000, end:0x7f3794c01000, from:0x7f3794401000, to:0x7f3794c01000, size:8192 KB]
          cg.C.x-2742  [045]     1.017903: (+21)    bprint:               change_prot_numa: NUMAB SCAN vma[start:0x7f3794e01000, end:0x7f3795601000, from:0x7f3794e01000, to:0x7f3795601000, size:8192 KB]
          cg.C.x-2742  [045]     1.017923: (+20)    bprint:               change_prot_numa: NUMAB SCAN vma[start:0x7f3795801000, end:0x7f3796001000, from:0x7f3795801000, to:0x7f3796001000, size:8192 KB]
          cg.C.x-2742  [045]     1.017944: (+21)    bprint:               change_prot_numa: NUMAB SCAN vma[start:0x7f3796201000, end:0x7f3796a01000, from:0x7f3796201000, to:0x7f3796a01000, size:8192 KB]
          cg.C.x-2742  [045]     1.017965: (+21)    bprint:               change_prot_numa: NUMAB SCAN vma[start:0x7f3796c01000, end:0x7f3797401000, from:0x7f3796c01000, to:0x7f3797401000, size:8192 KB]
          cg.C.x-2742  [045]     1.017985: (+20)    bprint:               change_prot_numa: NUMAB SCAN vma[start:0x7f3797601000, end:0x7f3797e01000, from:0x7f3797601000, to:0x7f3797e01000, size:8192 KB]
          cg.C.x-2742  [045]     1.018006: (+21)    bprint:               change_prot_numa: NUMAB SCAN vma[start:0x7f3798001000, end:0x7f3798801000, from:0x7f3798001000, to:0x7f3798801000, size:8192 KB]
          cg.C.x-2742  [045]     1.018027: (+21)    bprint:               change_prot_numa: NUMAB SCAN vma[start:0x7f3798a01000, end:0x7f3799201000, from:0x7f3798a01000, to:0x7f3799201000, size:8192 KB]
          cg.C.x-2742  [045]     1.018047: (+20)    bprint:               change_prot_numa: NUMAB SCAN vma[start:0x7f3799401000, end:0x7f3799c01000, from:0x7f3799401000, to:0x7f3799c01000, size:8192 KB]
          cg.C.x-2742  [045]     1.018067: (+20)    bprint:               change_prot_numa: NUMAB SCAN vma[start:0x7f3799e01000, end:0x7f379a601000, from:0x7f3799e01000, to:0x7f379a601000, size:8192 KB]
          cg.C.x-2742  [045]     1.018086: (+19)    bprint:               change_prot_numa: NUMAB SCAN vma[start:0x7f379a801000, end:0x7f379b001000, from:0x7f379a801000, to:0x7f379b001000, size:8192 KB]
          cg.C.x-2742  [045]     1.018106: (+20)    bprint:               change_prot_numa: NUMAB SCAN vma[start:0x7f379b201000, end:0x7f379ba01000, from:0x7f379b201000, to:0x7f379ba01000, size:8192 KB]
          cg.C.x-2742  [045]     1.018126: (+20)    bprint:               change_prot_numa: NUMAB SCAN vma[start:0x7f379bc01000, end:0x7f379c401000, from:0x7f379bc01000, to:0x7f379c401000, size:8192 KB]
          cg.C.x-2742  [045]     1.018146: (+20)    bprint:               change_prot_numa: NUMAB SCAN vma[start:0x7f379c601000, end:0x7f379ce01000, from:0x7f379c601000, to:0x7f379ce01000, size:8192 KB]
          cg.C.x-2742  [045]     1.018167: (+21)    bprint:               change_prot_numa: NUMAB SCAN vma[start:0x7f379d001000, end:0x7f379d801000, from:0x7f379d001000, to:0x7f379d801000, size:8192 KB]
          cg.C.x-2742  [045]     1.018186: (+19)    bprint:               change_prot_numa: NUMAB SCAN vma[start:0x7f379da01000, end:0x7f379e201000, from:0x7f379da01000, to:0x7f379e201000, size:8192 KB]
          cg.C.x-2742  [045]     1.018206: (+20)    bprint:               change_prot_numa: NUMAB SCAN vma[start:0x7f379e401000, end:0x7f379ec01000, from:0x7f379e401000, to:0x7f379ec01000, size:8192 KB]
          cg.C.x-2742  [045]     1.018227: (+21)    bprint:               change_prot_numa: NUMAB SCAN vma[start:0x7f379ee01000, end:0x7f379f601000, from:0x7f379ee01000, to:0x7f379f601000, size:8192 KB]
          cg.C.x-2742  [045]     1.018247: (+20)    bprint:               change_prot_numa: NUMAB SCAN vma[start:0x7f379f801000, end:0x7f37a0001000, from:0x7f379f801000, to:0x7f37a0001000, size:8192 KB]
          cg.C.x-2742  [045]     1.018268: (+21)    bprint:               change_prot_numa: NUMAB SCAN vma[start:0x7f37a0201000, end:0x7f37a0a01000, from:0x7f37a0201000, to:0x7f37a0a01000, size:8192 KB]
          cg.C.x-2742  [045]     1.018288: (+20)    bprint:               change_prot_numa: NUMAB SCAN vma[start:0x7f37a0c01000, end:0x7f37a1401000, from:0x7f37a0c01000, to:0x7f37a1401000, size:8192 KB]
          cg.C.x-2742  [045]     1.018309: (+21)    bprint:               change_prot_numa: NUMAB SCAN vma[start:0x7f37a1601000, end:0x7f37a1e01000, from:0x7f37a1601000, to:0x7f37a1e01000, size:8192 KB]
          cg.C.x-2742  [045]     1.018330: (+21)    bprint:               change_prot_numa: NUMAB SCAN vma[start:0x7f37a2001000, end:0x7f37a2801000, from:0x7f37a2001000, to:0x7f37a2801000, size:8192 KB]
          cg.C.x-2742  [045]     1.018351: (+21)    bprint:               change_prot_numa: NUMAB SCAN vma[start:0x7f37a2a01000, end:0x7f37a3201000, from:0x7f37a2a01000, to:0x7f37a3201000, size:8192 KB]
          cg.C.x-2742  [045]     1.018372: (+21)    bprint:               change_prot_numa: NUMAB SCAN vma[start:0x7f37a3401000, end:0x7f37a3c01000, from:0x7f37a3401000, to:0x7f37a3c01000, size:8192 KB]
          cg.C.x-2742  [045]     1.018392: (+20)    bprint:               change_prot_numa: NUMAB SCAN vma[start:0x7f37a3e01000, end:0x7f37a4601000, from:0x7f37a3e01000, to:0x7f37a4601000, size:8192 KB]
          cg.C.x-2742  [045]     1.018413: (+21)    bprint:               change_prot_numa: NUMAB SCAN vma[start:0x7f37a4691000, end:0x7f37b6ef9000, from:0x7f37a4691000, to:0x7f37b6ef9000, size:303520 KB]
          cg.C.x-2726  [013]     1.018575: (+162)   bprint:               do_huge_pmd_numa_page: NUMAB MEM ACCESS huge page process[nid:1, cpu:13, pid:2726], folio[virt:0x7f37af119198, ker:0xffff940b84400000, pfn:0x1a04400, nid:1, npages:512]
          cg.C.x-2742  [045]     1.018576: (+1)     bprint:               change_prot_numa: NUMAB SCAN vma[start:0x7f37b7000000, end:0x7f37b8250000, from:0x7f37b7000000, to:0x7f37b8250000, size:18752 KB]
          cg.C.x-2723  [007]     1.018578: (+2)     bprint:               __handle_mm_fault: NUMAB MEM ACCESS process[nid:1, cpu:7, pid:2723], folio[virt:0x7f37a48db990, phys:0x139cbc000, pfn:0x139cbc, nid:0, npages:1]
          cg.C.x-2750  [061]     1.018578: (+0)     bprint:               do_huge_pmd_numa_page: NUMAB MEM ACCESS huge page process[nid:1, cpu:61, pid:2750], folio[virt:0x7f37b57ee108, ker:0xffff940be2c00000, pfn:0x1a62c00, nid:1, npages:512]
          cg.C.x-2723  [007]     1.018579: (+1)     bprint:               __handle_mm_fault: NUMAB TRY MEM MIGR process[nid:1, cpu:7, pid:2723], folio[virt:0x7f37a48db990, phys:0x139cbc000, nid:0], target_nid:1
          cg.C.x-2734  [029]     1.018581: (+2)     bprint:               do_huge_pmd_numa_page: NUMAB MEM ACCESS huge page process[nid:1, cpu:29, pid:2734], folio[virt:0x7f37b12f16a0, ker:0xffff940be4400000, pfn:0x1a64400, nid:1, npages:512]
          cg.C.x-2726  [013]     1.018582: (+1)     bprint:               __handle_mm_fault: NUMAB MEM ACCESS process[nid:1, cpu:13, pid:2726], folio[virt:0x7f37a4867a60, phys:0x186491f000, pfn:0x186491f, nid:1, npages:1]
          cg.C.x-2743  [047]     1.018583: (+1)     bprint:               do_huge_pmd_numa_page: NUMAB MEM ACCESS huge page process[nid:1, cpu:47, pid:2743], folio[virt:0x7f37b39d2d88, ker:0xffff940bdfa00000, pfn:0x1a5fa00, nid:1, npages:512]
          cg.C.x-2750  [061]     1.018585: (+2)     bprint:               __handle_mm_fault: NUMAB MEM ACCESS process[nid:1, cpu:61, pid:2750], folio[virt:0x7f37a48d4eb0, phys:0x1854c4e000, pfn:0x1854c4e, nid:1, npages:1]
          cg.C.x-2726  [013]     1.018586: (+1)     bprint:               __handle_mm_fault: NUMAB MEM ACCESS process[nid:1, cpu:13, pid:2726], folio[virt:0x7f37a48db530, phys:0x139cbc000, pfn:0x139cbc, nid:0, npages:1]
          cg.C.x-2727  [015]     1.018586: (+0)     bprint:               do_huge_pmd_numa_page: NUMAB MEM ACCESS huge page process[nid:1, cpu:15, pid:2727], folio[virt:0x7f37af4e8da8, ker:0xffff940be3c00000, pfn:0x1a63c00, nid:1, npages:512]
          cg.C.x-2726  [013]     1.018587: (+1)     bprint:               __handle_mm_fault: NUMAB TRY MEM MIGR process[nid:1, cpu:13, pid:2726], folio[virt:0x7f37a48db530, phys:0x139cbc000, nid:0], target_nid:1
          cg.C.x-2734  [029]     1.018587: (+0)     bprint:               __handle_mm_fault: NUMAB MEM ACCESS process[nid:1, cpu:29, pid:2734], folio[virt:0x7f37a488ba00, phys:0x185e53d000, pfn:0x185e53d, nid:1, npages:1]
          cg.C.x-2726  [013]     1.018588: (+1)     bprint:               migrate_misplaced_folio: NUMAB pid:2726 ABORTING MEM MIGR because !isolated
          cg.C.x-2701  [026]     1.018588: (+0)     bprint:               do_huge_pmd_numa_page: NUMAB MEM ACCESS huge page process[nid:0, cpu:26, pid:2701], folio[virt:0x7f37a84fcf88, ker:0xffff93f4a6000000, pfn:0x326000, nid:0, npages:512]
          cg.C.x-2743  [047]     1.018588: (+0)     bprint:               __handle_mm_fault: NUMAB MEM ACCESS process[nid:1, cpu:47, pid:2743], folio[virt:0x7f37a48b4e20, phys:0x18572a6000, pfn:0x18572a6, nid:1, npages:1]
          cg.C.x-2739  [039]     1.018591: (+3)     bprint:               do_huge_pmd_numa_page: NUMAB MEM ACCESS huge page process[nid:1, cpu:39, pid:2739], folio[virt:0x7f37b28a1088, ker:0xffff940bf8400000, pfn:0x1a78400, nid:1, npages:512]
          cg.C.x-2727  [015]     1.018592: (+1)     bprint:               __handle_mm_fault: NUMAB MEM ACCESS process[nid:1, cpu:15, pid:2727], folio[virt:0x7f37a486baa8, phys:0x1855f9b000, pfn:0x1855f9b, nid:1, npages:1]
          cg.C.x-2735  [031]     1.018593: (+1)     bprint:               do_huge_pmd_numa_page: NUMAB MEM ACCESS huge page process[nid:1, cpu:31, pid:2735], folio[virt:0x7f37b1758508, ker:0xffff940bfa800000, pfn:0x1a7a800, nid:1, npages:512]
          cg.C.x-2701  [026]     1.018595: (+2)     bprint:               __handle_mm_fault: NUMAB MEM ACCESS process[nid:0, cpu:26, pid:2701], folio[virt:0x7f37a47f4a48, phys:0x139cd6000, pfn:0x139cd6, nid:0, npages:1]
          cg.C.x-2744  [049]     1.018595: (+0)     bprint:               do_huge_pmd_numa_page: NUMAB MEM ACCESS huge page process[nid:1, cpu:49, pid:2744], folio[virt:0x7f37b3e21588, ker:0xffff940bf9800000, pfn:0x1a79800, nid:1, npages:512]
          cg.C.x-2739  [039]     1.018596: (+1)     bprint:               __handle_mm_fault: NUMAB MEM ACCESS process[nid:1, cpu:39, pid:2739], folio[virt:0x7f37a48a2a50, phys:0x185e806000, pfn:0x185e806, nid:1, npages:1]
          cg.C.x-2728  [017]     1.018597: (+1)     bprint:               do_huge_pmd_numa_page: NUMAB MEM ACCESS huge page process[nid:1, cpu:17, pid:2728], folio[virt:0x7f37af92d1d0, ker:0xffff940c2d800000, pfn:0x1aad800, nid:1, npages:512]
          cg.C.x-2735  [031]     1.018598: (+1)     bprint:               __handle_mm_fault: NUMAB MEM ACCESS process[nid:1, cpu:31, pid:2735], folio[virt:0x7f37a4890470, phys:0x185e80f000, pfn:0x185e80f, nid:1, npages:1]
          cg.C.x-2730  [021]     1.018600: (+2)     bprint:               do_huge_pmd_numa_page: NUMAB MEM ACCESS huge page process[nid:1, cpu:21, pid:2730], folio[virt:0x7f37b01c8c48, ker:0xffff940be4200000, pfn:0x1a64200, nid:1, npages:512]
          cg.C.x-2744  [049]     1.018601: (+1)     bprint:               __handle_mm_fault: NUMAB MEM ACCESS process[nid:1, cpu:49, pid:2744], folio[virt:0x7f37a48b9778, phys:0x1867509000, pfn:0x1867509, nid:1, npages:1]
          cg.C.x-2741  [043]     1.018603: (+2)     bprint:               do_huge_pmd_numa_page: NUMAB MEM ACCESS huge page process[nid:1, cpu:43, pid:2741], folio[virt:0x7f37b31410f0, ker:0xffff940bbc000000, pfn:0x1a3c000, nid:1, npages:512]
          cg.C.x-2728  [017]     1.018603: (+0)     bprint:               __handle_mm_fault: NUMAB MEM ACCESS process[nid:1, cpu:17, pid:2728], folio[virt:0x7f37a4870348, phys:0x1857766000, pfn:0x1857766, nid:1, npages:1]
          cg.C.x-2745  [051]     1.018605: (+2)     bprint:               do_huge_pmd_numa_page: NUMAB MEM ACCESS huge page process[nid:1, cpu:51, pid:2745], folio[virt:0x7f37b4277c38, ker:0xffff940bf9000000, pfn:0x1a79000, nid:1, npages:512]
          cg.C.x-2730  [021]     1.018607: (+2)     bprint:               __handle_mm_fault: NUMAB MEM ACCESS process[nid:1, cpu:21, pid:2730], folio[virt:0x7f37a48795e0, phys:0x185e014000, pfn:0x185e014, nid:1, npages:1]
          cg.C.x-2741  [043]     1.018608: (+1)     bprint:               __handle_mm_fault: NUMAB MEM ACCESS process[nid:1, cpu:43, pid:2741], folio[virt:0x7f37a48abc28, phys:0x186d697000, pfn:0x186d697, nid:1, npages:1]
          cg.C.x-2737  [035]     1.018609: (+1)     bprint:               do_huge_pmd_numa_page: NUMAB MEM ACCESS huge page process[nid:1, cpu:35, pid:2737], folio[virt:0x7f37b1fd6f80, ker:0xffff940c2e000000, pfn:0x1aae000, nid:1, npages:512]
          cg.C.x-2704  [032]     1.018612: (+3)     bprint:               do_huge_pmd_numa_page: NUMAB MEM ACCESS huge page process[nid:0, cpu:32, pid:2704], folio[virt:0x7f37a91e2d80, ker:0xffff93f44d400000, pfn:0x2cd400, nid:0, npages:512]
          cg.C.x-2745  [051]     1.018613: (+1)     bprint:               __handle_mm_fault: NUMAB MEM ACCESS process[nid:1, cpu:51, pid:2745], folio[virt:0x7f37a48be158, phys:0x1855f82000, pfn:0x1855f82, nid:1, npages:1]
          cg.C.x-2714  [052]     1.018614: (+1)     bprint:               do_huge_pmd_numa_page: NUMAB MEM ACCESS huge page process[nid:0, cpu:52, pid:2714], folio[virt:0x7f37abccd7f0, ker:0xffff93f29b400000, pfn:0x11b400, nid:0, npages:512]
          cg.C.x-2737  [035]     1.018615: (+1)     bprint:               __handle_mm_fault: NUMAB MEM ACCESS process[nid:1, cpu:35, pid:2737], folio[virt:0x7f37a48995a0, phys:0x186eec8000, pfn:0x186eec8, nid:1, npages:1]
          cg.C.x-2698  [020]     1.018616: (+1)     bprint:               do_huge_pmd_numa_page: NUMAB MEM ACCESS huge page process[nid:0, cpu:20, pid:2698], folio[virt:0x7f37a7803a70, ker:0xffff93f4a4400000, pfn:0x324400, nid:0, npages:512]
          cg.C.x-2704  [032]     1.018618: (+2)     bprint:               __handle_mm_fault: NUMAB MEM ACCESS process[nid:0, cpu:32, pid:2704], folio[virt:0x7f37a4802528, phys:0x13a709000, pfn:0x13a709, nid:0, npages:1]
          cg.C.x-2747  [055]     1.018619: (+1)     bprint:               do_huge_pmd_numa_page: NUMAB MEM ACCESS huge page process[nid:1, cpu:55, pid:2747], folio[virt:0x7f37b4afbfc8, ker:0xffff940c2d400000, pfn:0x1aad400, nid:1, npages:512]
          cg.C.x-2751  [063]     1.018621: (+2)     bprint:               do_huge_pmd_numa_page: NUMAB MEM ACCESS huge page process[nid:1, cpu:63, pid:2751], folio[virt:0x7f37b5c56af8, ker:0xffff940bb9a00000, pfn:0x1a39a00, nid:1, npages:512]
          cg.C.x-2728  [017]     1.018621: (+0)     sched_switch:         cg.C.x:2728 [120] D ==> swapper/17:0 [120]
          cg.C.x-2701  [026]     1.018621: (+0)     sched_switch:         cg.C.x:2701 [120] D ==> swapper/26:0 [120]
          cg.C.x-2726  [013]     1.018621: (+0)     sched_switch:         cg.C.x:2726 [120] D ==> swapper/13:0 [120]
          cg.C.x-2750  [061]     1.018621: (+0)     sched_switch:         cg.C.x:2750 [120] D ==> swapper/61:0 [120]
          cg.C.x-2734  [029]     1.018621: (+0)     sched_switch:         cg.C.x:2734 [120] D ==> swapper/29:0 [120]
          cg.C.x-2727  [015]     1.018621: (+0)     sched_switch:         cg.C.x:2727 [120] D ==> swapper/15:0 [120]
          cg.C.x-2743  [047]     1.018621: (+0)     sched_switch:         cg.C.x:2743 [120] D ==> swapper/47:0 [120]
          cg.C.x-2698  [020]     1.018622: (+1)     bprint:               __handle_mm_fault: NUMAB MEM ACCESS process[nid:0, cpu:20, pid:2698], folio[virt:0x7f37a47e6e78, phys:0x120487000, pfn:0x120487, nid:0, npages:1]
          cg.C.x-2745  [051]     1.018622: (+0)     sched_switch:         cg.C.x:2745 [120] D ==> swapper/51:0 [120]
          cg.C.x-2714  [052]     1.018622: (+0)     bprint:               __handle_mm_fault: NUMAB MEM ACCESS process[nid:0, cpu:52, pid:2714], folio[virt:0x7f37a48300d0, phys:0x13939e000, pfn:0x13939e, nid:0, npages:1]
          cg.C.x-2748  [057]     1.018624: (+2)     bprint:               do_huge_pmd_numa_page: NUMAB MEM ACCESS huge page process[nid:1, cpu:57, pid:2748], folio[virt:0x7f37b4f67848, ker:0xffff940bdfe00000, pfn:0x1a5fe00, nid:1, npages:512]
          cg.C.x-2747  [055]     1.018625: (+1)     bprint:               __handle_mm_fault: NUMAB MEM ACCESS process[nid:1, cpu:55, pid:2747], folio[virt:0x7f37a48c7250, phys:0x1857838000, pfn:0x1857838, nid:1, npages:1]
          cg.C.x-2737  [035]     1.018625: (+0)     sched_switch:         cg.C.x:2737 [120] D ==> swapper/35:0 [120]
          cg.C.x-2739  [039]     1.018625: (+0)     sched_switch:         cg.C.x:2739 [120] D ==> swapper/39:0 [120]
          cg.C.x-2735  [031]     1.018625: (+0)     sched_switch:         cg.C.x:2735 [120] D ==> swapper/31:0 [120]
          cg.C.x-2751  [063]     1.018626: (+1)     bprint:               __handle_mm_fault: NUMAB MEM ACCESS process[nid:1, cpu:63, pid:2751], folio[virt:0x7f37a48d9a18, phys:0x186cb2a000, pfn:0x186cb2a, nid:1, npages:1]
          cg.C.x-2744  [049]     1.018626: (+0)     sched_switch:         cg.C.x:2744 [120] D ==> swapper/49:0 [120]
          cg.C.x-2731  [023]     1.018626: (+0)     bprint:               do_huge_pmd_numa_page: NUMAB MEM ACCESS huge page process[nid:1, cpu:23, pid:2731], folio[virt:0x7f37b062c888, ker:0xffff940c2be00000, pfn:0x1aabe00, nid:1, npages:512]
          cg.C.x-2741  [043]     1.018628: (+2)     sched_switch:         cg.C.x:2741 [120] D ==> swapper/43:0 [120]
          cg.C.x-2724  [009]     1.018628: (+0)     bprint:               do_huge_pmd_numa_page: NUMAB MEM ACCESS huge page process[nid:1, cpu:9, pid:2724], folio[virt:0x7f37ae8031c8, ker:0xffff940bb8800000, pfn:0x1a38800, nid:1, npages:512]
          cg.C.x-2748  [057]     1.018629: (+1)     bprint:               __handle_mm_fault: NUMAB MEM ACCESS process[nid:1, cpu:57, pid:2748], folio[virt:0x7f37a48cbdc0, phys:0x185ecac000, pfn:0x185ecac, nid:1, npages:1]
          cg.C.x-2704  [032]     1.018630: (+1)     sched_switch:         cg.C.x:2704 [120] D ==> swapper/32:0 [120]
          cg.C.x-2730  [021]     1.018630: (+0)     sched_switch:         cg.C.x:2730 [120] D ==> swapper/21:0 [120]
          cg.C.x-2738  [037]     1.018631: (+1)     bprint:               do_huge_pmd_numa_page: NUMAB MEM ACCESS huge page process[nid:1, cpu:37, pid:2738], folio[virt:0x7f37b242c870, ker:0xffff940be1e00000, pfn:0x1a61e00, nid:1, npages:512]
          cg.C.x-2731  [023]     1.018631: (+0)     bprint:               __handle_mm_fault: NUMAB MEM ACCESS process[nid:1, cpu:23, pid:2731], folio[virt:0x7f37a487e118, phys:0x185ec72000, pfn:0x185ec72, nid:1, npages:1]
          cg.C.x-2722  [005]     1.018633: (+2)     bprint:               do_huge_pmd_numa_page: NUMAB MEM ACCESS huge page process[nid:1, cpu:5, pid:2722], folio[virt:0x7f37adf71c28, ker:0xffff940c2d200000, pfn:0x1aad200, nid:1, npages:512]
          cg.C.x-2724  [009]     1.018633: (+0)     bprint:               __handle_mm_fault: NUMAB MEM ACCESS process[nid:1, cpu:9, pid:2724], folio[virt:0x7f37a485df20, phys:0x185587f000, pfn:0x185587f, nid:1, npages:1]
          cg.C.x-2714  [052]     1.018634: (+1)     sched_switch:         cg.C.x:2714 [120] D ==> swapper/52:0 [120]
          cg.C.x-2698  [020]     1.018634: (+0)     sched_switch:         cg.C.x:2698 [120] D ==> swapper/20:0 [120]
          cg.C.x-2736  [033]     1.018635: (+1)     bprint:               do_huge_pmd_numa_page: NUMAB MEM ACCESS huge page process[nid:1, cpu:33, pid:2736], folio[virt:0x7f37b1b93860, ker:0xffff940bb7e00000, pfn:0x1a37e00, nid:1, npages:512]
          cg.C.x-2738  [037]     1.018636: (+1)     bprint:               __handle_mm_fault: NUMAB MEM ACCESS process[nid:1, cpu:37, pid:2738], folio[virt:0x7f37a489deb0, phys:0x186ccd3000, pfn:0x186ccd3, nid:1, npages:1]
          cg.C.x-2747  [055]     1.018637: (+1)     sched_switch:         cg.C.x:2747 [120] D ==> swapper/55:0 [120]
          cg.C.x-2733  [027]     1.018637: (+0)     bprint:               do_huge_pmd_numa_page: NUMAB MEM ACCESS huge page process[nid:1, cpu:27, pid:2733], folio[virt:0x7f37b0ea4e10, ker:0xffff940be1200000, pfn:0x1a61200, nid:1, npages:512]
          cg.C.x-2723  [007]     1.018638: (+1)     sched_waking:         comm=cg.C.x pid=2726 prio=120 target_cpu=013
          cg.C.x-2722  [005]     1.018639: (+1)     bprint:               __handle_mm_fault: NUMAB MEM ACCESS process[nid:1, cpu:5, pid:2722], folio[virt:0x7f37a4854d50, phys:0x1857aa4000, pfn:0x1857aa4, nid:1, npages:1]
          cg.C.x-2721  [003]     1.018639: (+0)     bprint:               do_huge_pmd_numa_page: NUMAB MEM ACCESS huge page process[nid:1, cpu:3, pid:2721], folio[virt:0x7f37adafd8c8, ker:0xffff940be3800000, pfn:0x1a63800, nid:1, npages:512]
          cg.C.x-2723  [007]     1.018639: (+0)     sched_wake_idle_without_ipi: cpu=13
          cg.C.x-2748  [057]     1.018639: (+0)     sched_switch:         cg.C.x:2748 [120] D ==> swapper/57:0 [120]
          cg.C.x-2723  [007]     1.018639: (+0)     sched_waking:         comm=cg.C.x pid=2750 prio=120 target_cpu=061
          cg.C.x-2736  [033]     1.018640: (+1)     bprint:               __handle_mm_fault: NUMAB MEM ACCESS process[nid:1, cpu:33, pid:2736], folio[virt:0x7f37a4894d20, phys:0x185e85c000, pfn:0x185e85c, nid:1, npages:1]
          cg.C.x-2723  [007]     1.018640: (+0)     sched_wake_idle_without_ipi: cpu=61
          cg.C.x-2723  [007]     1.018640: (+0)     sched_waking:         comm=cg.C.x pid=2734 prio=120 target_cpu=029
          cg.C.x-2725  [011]     1.018641: (+1)     bprint:               do_huge_pmd_numa_page: NUMAB MEM ACCESS huge page process[nid:1, cpu:11, pid:2725], folio[virt:0x7f37aec59848, ker:0xffff940c2c200000, pfn:0x1aac200, nid:1, npages:512]
          cg.C.x-2723  [007]     1.018641: (+0)     sched_wake_idle_without_ipi: cpu=29
          cg.C.x-2723  [007]     1.018641: (+0)     sched_waking:         comm=cg.C.x pid=2727 prio=120 target_cpu=015
          cg.C.x-2733  [027]     1.018641: (+0)     bprint:               __handle_mm_fault: NUMAB MEM ACCESS process[nid:1, cpu:27, pid:2733], folio[virt:0x7f37a4887100, phys:0x1857039000, pfn:0x1857039, nid:1, npages:1]
          cg.C.x-2723  [007]     1.018642: (+1)     sched_wake_idle_without_ipi: cpu=15
          cg.C.x-2723  [007]     1.018642: (+0)     sched_waking:         comm=cg.C.x pid=2701 prio=120 target_cpu=026
          cg.C.x-2746  [053]     1.018642: (+0)     bprint:               do_huge_pmd_numa_page: NUMAB MEM ACCESS huge page process[nid:1, cpu:53, pid:2746], folio[virt:0x7f37b46b4298, ker:0xffff940b82a00000, pfn:0x1a02a00, nid:1, npages:512]
          cg.C.x-2723  [007]     1.018643: (+1)     sched_wake_idle_without_ipi: cpu=26
          cg.C.x-2721  [003]     1.018643: (+0)     bprint:               __handle_mm_fault: NUMAB MEM ACCESS process[nid:1, cpu:3, pid:2721], folio[virt:0x7f37a4850208, phys:0x18571f1000, pfn:0x18571f1, nid:1, npages:1]
          cg.C.x-2723  [007]     1.018643: (+0)     sched_waking:         comm=cg.C.x pid=2735 prio=120 target_cpu=031
          <idle>-0     [013]     1.018643: (+0)     sched_wakeup:         cg.C.x:2726 [120] CPU:013
          cg.C.x-2723  [007]     1.018644: (+1)     sched_wake_idle_without_ipi: cpu=31
          cg.C.x-2749  [059]     1.018644: (+0)     bprint:               do_huge_pmd_numa_page: NUMAB MEM ACCESS huge page process[nid:1, cpu:59, pid:2749], folio[virt:0x7f37b5393808, ker:0xffff940bba800000, pfn:0x1a3a800, nid:1, npages:512]
          cg.C.x-2723  [007]     1.018644: (+0)     sched_waking:         comm=cg.C.x pid=2739 prio=120 target_cpu=039
          cg.C.x-2723  [007]     1.018645: (+1)     sched_wake_idle_without_ipi: cpu=39
          cg.C.x-2725  [011]     1.018645: (+0)     bprint:               __handle_mm_fault: NUMAB MEM ACCESS process[nid:1, cpu:11, pid:2725], folio[virt:0x7f37a4862948, phys:0x185749d000, pfn:0x185749d, nid:1, npages:1]
          <idle>-0     [013]     1.018645: (+0)     sched_switch:         swapper/13:0 [120] R ==> cg.C.x:2726 [120]
          cg.C.x-2723  [007]     1.018645: (+0)     sched_waking:         comm=cg.C.x pid=2744 prio=120 target_cpu=049
          <idle>-0     [061]     1.018645: (+0)     sched_wakeup:         cg.C.x:2750 [120] CPU:061
          <idle>-0     [029]     1.018645: (+0)     sched_wakeup:         cg.C.x:2734 [120] CPU:029
          cg.C.x-2723  [007]     1.018646: (+1)     sched_wake_idle_without_ipi: cpu=49
          <idle>-0     [015]     1.018646: (+0)     sched_wakeup:         cg.C.x:2727 [120] CPU:015
          cg.C.x-2729  [019]     1.018646: (+0)     bprint:               do_huge_pmd_numa_page: NUMAB MEM ACCESS huge page process[nid:1, cpu:19, pid:2729], folio[virt:0x7f37afd75288, ker:0xffff940be1800000, pfn:0x1a61800, nid:1, npages:512]
          cg.C.x-2723  [007]     1.018646: (+0)     sched_waking:         comm=cg.C.x pid=2741 prio=120 target_cpu=043
          cg.C.x-2746  [053]     1.018647: (+1)     bprint:               __handle_mm_fault: NUMAB MEM ACCESS process[nid:1, cpu:53, pid:2746], folio[virt:0x7f37a48c2948, phys:0x185e3a1000, pfn:0x185e3a1, nid:1, npages:1]
          cg.C.x-2723  [007]     1.018647: (+0)     sched_wake_idle_without_ipi: cpu=43
          <idle>-0     [061]     1.018647: (+0)     sched_switch:         swapper/61:0 [120] R ==> cg.C.x:2750 [120]
          <idle>-0     [029]     1.018647: (+0)     sched_switch:         swapper/29:0 [120] R ==> cg.C.x:2734 [120]
          <idle>-0     [015]     1.018647: (+0)     sched_switch:         swapper/15:0 [120] R ==> cg.C.x:2727 [120]
          cg.C.x-2723  [007]     1.018648: (+1)     sched_waking:         comm=cg.C.x pid=2730 prio=120 target_cpu=021
          <idle>-0     [031]     1.018648: (+0)     sched_wakeup:         cg.C.x:2735 [120] CPU:031
          cg.C.x-2723  [007]     1.018648: (+0)     sched_wake_idle_without_ipi: cpu=21
          cg.C.x-2740  [041]     1.018648: (+0)     bprint:               do_huge_pmd_numa_page: NUMAB MEM ACCESS huge page process[nid:1, cpu:41, pid:2740], folio[virt:0x7f37b2cd2908, ker:0xffff940bb6400000, pfn:0x1a36400, nid:1, npages:512]
          <idle>-0     [049]     1.018648: (+0)     sched_wakeup:         cg.C.x:2744 [120] CPU:049
          cg.C.x-2723  [007]     1.018649: (+1)     sched_waking:         comm=cg.C.x pid=2728 prio=120 target_cpu=017
          <idle>-0     [039]     1.018649: (+0)     sched_wakeup:         cg.C.x:2739 [120] CPU:039
          cg.C.x-2723  [007]     1.018649: (+0)     sched_wake_idle_without_ipi: cpu=17
          cg.C.x-2749  [059]     1.018649: (+0)     bprint:               __handle_mm_fault: NUMAB MEM ACCESS process[nid:1, cpu:59, pid:2749], folio[virt:0x7f37a48d04b8, phys:0x185ec8a000, pfn:0x185ec8a, nid:1, npages:1]
          <idle>-0     [026]     1.018649: (+0)     sched_wakeup:         cg.C.x:2701 [120] CPU:026
          cg.C.x-2723  [007]     1.018650: (+1)     sched_waking:         comm=cg.C.x pid=2743 prio=120 target_cpu=047
          <idle>-0     [031]     1.018650: (+0)     sched_switch:         swapper/31:0 [120] R ==> cg.C.x:2735 [120]
          <idle>-0     [049]     1.018650: (+0)     sched_switch:         swapper/49:0 [120] R ==> cg.C.x:2744 [120]
          <idle>-0     [043]     1.018650: (+0)     sched_wakeup:         cg.C.x:2741 [120] CPU:043
          cg.C.x-2723  [007]     1.018650: (+0)     sched_wake_idle_without_ipi: cpu=47
          <idle>-0     [039]     1.018651: (+1)     sched_switch:         swapper/39:0 [120] R ==> cg.C.x:2739 [120]
          cg.C.x-2713  [050]     1.018651: (+0)     bprint:               do_huge_pmd_numa_page: NUMAB MEM ACCESS huge page process[nid:0, cpu:50, pid:2713], folio[virt:0x7f37ab872400, ker:0xffff93f41f000000, pfn:0x29f000, nid:0, npages:512]
          cg.C.x-2723  [007]     1.018651: (+0)     sched_waking:         comm=cg.C.x pid=2745 prio=120 target_cpu=051
          <idle>-0     [026]     1.018651: (+0)     sched_switch:         swapper/26:0 [120] R ==> cg.C.x:2701 [120]
          cg.C.x-2729  [019]     1.018651: (+0)     bprint:               __handle_mm_fault: NUMAB MEM ACCESS process[nid:1, cpu:19, pid:2729], folio[virt:0x7f37a4874c38, phys:0x1856d2b000, pfn:0x1856d2b, nid:1, npages:1]
          cg.C.x-2723  [007]     1.018651: (+0)     sched_wake_idle_without_ipi: cpu=51
          <idle>-0     [043]     1.018652: (+1)     sched_switch:         swapper/43:0 [120] R ==> cg.C.x:2741 [120]
          cg.C.x-2723  [007]     1.018652: (+0)     sched_waking:         comm=cg.C.x pid=2737 prio=120 target_cpu=035
          <idle>-0     [021]     1.018652: (+0)     sched_wakeup:         cg.C.x:2730 [120] CPU:021
          <idle>-0     [047]     1.018653: (+1)     sched_wakeup:         cg.C.x:2743 [120] CPU:047
          cg.C.x-2723  [007]     1.018653: (+0)     sched_wake_idle_without_ipi: cpu=35
          cg.C.x-2750  [061]     1.018653: (+0)     bprint:               __handle_mm_fault: NUMAB MEM ACCESS process[nid:1, cpu:61, pid:2750], folio[virt:0x7f377e400fe8, phys:0x36285f000, pfn:0x36285f, nid:0, npages:1]
          <idle>-0     [017]     1.018653: (+0)     sched_wakeup:         cg.C.x:2728 [120] CPU:017
          cg.C.x-2732  [025]     1.018653: (+0)     bprint:               do_huge_pmd_numa_page: NUMAB MEM ACCESS huge page process[nid:1, cpu:25, pid:2732], folio[virt:0x7f37b0a7c8d0, ker:0xffff940a1b400000, pfn:0x189b400, nid:1, npages:512]
          cg.C.x-2723  [007]     1.018653: (+0)     sched_waking:         comm=cg.C.x pid=2704 prio=120 target_cpu=032
          cg.C.x-2740  [041]     1.018654: (+1)     bprint:               __handle_mm_fault: NUMAB MEM ACCESS process[nid:1, cpu:41, pid:2740], folio[virt:0x7f37a48a70e0, phys:0x186c9e0000, pfn:0x186c9e0, nid:1, npages:1]
          <idle>-0     [021]     1.018654: (+0)     sched_switch:         swapper/21:0 [120] R ==> cg.C.x:2730 [120]
          <idle>-0     [017]     1.018654: (+0)     sched_switch:         swapper/17:0 [120] R ==> cg.C.x:2728 [120]
          cg.C.x-2750  [061]     1.018654: (+0)     bprint:               __handle_mm_fault: NUMAB TRY MEM MIGR process[nid:1, cpu:61, pid:2750], folio[virt:0x7f377e400fe8, phys:0x36285f000, nid:0], target_nid:1
          <idle>-0     [047]     1.018654: (+0)     sched_switch:         swapper/47:0 [120] R ==> cg.C.x:2743 [120]
          cg.C.x-2723  [007]     1.018655: (+1)     sched_wake_idle_without_ipi: cpu=32
          <idle>-0     [051]     1.018655: (+0)     sched_wakeup:         cg.C.x:2745 [120] CPU:051
          cg.C.x-2723  [007]     1.018655: (+0)     sched_waking:         comm=cg.C.x pid=2698 prio=120 target_cpu=020
          cg.C.x-2720  [001]     1.018656: (+1)     bprint:               do_huge_pmd_numa_page: NUMAB MEM ACCESS huge page process[nid:1, cpu:1, pid:2720], folio[virt:0x7f37ad6b78c8, ker:0xffff940bb6600000, pfn:0x1a36600, nid:1, npages:512]
          cg.C.x-2701  [026]     1.018656: (+0)     bprint:               __handle_mm_fault: NUMAB MEM ACCESS process[nid:0, cpu:26, pid:2701], folio[virt:0x7f379ce00fe8, phys:0x11370e000, pfn:0x11370e, nid:0, npages:1]
          cg.C.x-2723  [007]     1.018656: (+0)     sched_wake_idle_without_ipi: cpu=20
          cg.C.x-2713  [050]     1.018657: (+1)     bprint:               __handle_mm_fault: NUMAB MEM ACCESS process[nid:0, cpu:50, pid:2713], folio[virt:0x7f37a482b650, phys:0x183feaa000, pfn:0x183feaa, nid:0, npages:1]
          cg.C.x-2723  [007]     1.018657: (+0)     sched_waking:         comm=cg.C.x pid=2714 prio=120 target_cpu=052
          <idle>-0     [051]     1.018657: (+0)     sched_switch:         swapper/51:0 [120] R ==> cg.C.x:2745 [120]
          <idle>-0     [035]     1.018657: (+0)     sched_wakeup:         cg.C.x:2737 [120] CPU:035
          cg.C.x-2723  [007]     1.018658: (+1)     sched_wake_idle_without_ipi: cpu=52
          cg.C.x-2691  [006]     1.018658: (+0)     bprint:               do_huge_pmd_numa_page: NUMAB MEM ACCESS huge page process[nid:0, cpu:6, pid:2691], folio[virt:0x7f37a59cea48, ker:0xffff93f4cc600000, pfn:0x34c600, nid:0, npages:512]
          cg.C.x-2732  [025]     1.018658: (+0)     bprint:               __handle_mm_fault: NUMAB MEM ACCESS process[nid:1, cpu:25, pid:2732], folio[virt:0x7f37a4882a30, phys:0x185e54f000, pfn:0x185e54f, nid:1, npages:1]
          cg.C.x-2723  [007]     1.018658: (+0)     sched_waking:         comm=cg.C.x pid=2747 prio=120 target_cpu=055
          <idle>-0     [035]     1.018659: (+1)     sched_switch:         swapper/35:0 [120] R ==> cg.C.x:2737 [120]
          cg.C.x-2723  [007]     1.018659: (+0)     sched_wake_idle_without_ipi: cpu=55
          cg.C.x-2723  [007]     1.018660: (+1)     sched_waking:         comm=cg.C.x pid=2748 prio=120 target_cpu=057
          <idle>-0     [032]     1.018660: (+0)     sched_wakeup:         cg.C.x:2704 [120] CPU:032
          cg.C.x-2688  [000]     1.018660: (+0)     bprint:               do_huge_pmd_numa_page: NUMAB MEM ACCESS huge page process[nid:0, cpu:0, pid:2688], folio[virt:0x7f37a4cc7c70, ker:0xffff93f47e400000, pfn:0x2fe400, nid:0, npages:512]
          cg.C.x-2723  [007]     1.018661: (+1)     sched_wake_idle_without_ipi: cpu=57
          <idle>-0     [032]     1.018662: (+1)     sched_switch:         swapper/32:0 [120] R ==> cg.C.x:2704 [120]
          <idle>-0     [020]     1.018662: (+0)     sched_wakeup:         cg.C.x:2698 [120] CPU:020
          cg.C.x-2707  [038]     1.018662: (+0)     bprint:               do_huge_pmd_numa_page: NUMAB MEM ACCESS huge page process[nid:0, cpu:38, pid:2707], folio[virt:0x7f37a9eb1148, ker:0xffff93f4f9600000, pfn:0x379600, nid:0, npages:512]
          cg.C.x-2720  [001]     1.018662: (+0)     bprint:               __handle_mm_fault: NUMAB MEM ACCESS process[nid:1, cpu:1, pid:2720], folio[virt:0x7f37a484b8f8, phys:0x185fc61000, pfn:0x185fc61, nid:1, npages:1]
          <idle>-0     [055]     1.018663: (+1)     sched_wakeup:         cg.C.x:2747 [120] CPU:055
          <idle>-0     [052]     1.018663: (+0)     sched_wakeup:         cg.C.x:2714 [120] CPU:052
          cg.C.x-2691  [006]     1.018663: (+0)     bprint:               __handle_mm_fault: NUMAB MEM ACCESS process[nid:0, cpu:6, pid:2691], folio[virt:0x7f37a47c6d58, phys:0x110be5000, pfn:0x110be5, nid:0, npages:1]
          <idle>-0     [020]     1.018664: (+1)     sched_switch:         swapper/20:0 [120] R ==> cg.C.x:2698 [120]
          <idle>-0     [057]     1.018664: (+0)     sched_wakeup:         cg.C.x:2748 [120] CPU:057
          <idle>-0     [055]     1.018664: (+0)     sched_switch:         swapper/55:0 [120] R ==> cg.C.x:2747 [120]
          <idle>-0     [052]     1.018665: (+1)     sched_switch:         swapper/52:0 [120] R ==> cg.C.x:2714 [120]
          cg.C.x-2695  [014]     1.018665: (+0)     bprint:               do_huge_pmd_numa_page: NUMAB MEM ACCESS huge page process[nid:0, cpu:14, pid:2695], folio[virt:0x7f37a6b10bb0, ker:0xffff93f29b600000, pfn:0x11b600, nid:0, npages:512]
          cg.C.x-2723  [007]     1.018665: (+0)     bprint:               __handle_mm_fault: NUMAB COMPLETED MEM MIGR process[nid:1, cpu:7, pid:2723], old[phys:0x139cbc000, nid:0, npages:1], new[phys:0x186d308000, nid:1, npages:1]
          <idle>-0     [057]     1.018666: (+1)     sched_switch:         swapper/57:0 [120] R ==> cg.C.x:2748 [120]
          cg.C.x-2688  [000]     1.018667: (+1)     bprint:               __handle_mm_fault: NUMAB MEM ACCESS process[nid:0, cpu:0, pid:2688], folio[virt:0x7f37a47b8f38, phys:0x11628b000, pfn:0x11628b, nid:0, npages:1]
          cg.C.x-2717  [058]     1.018667: (+0)     bprint:               do_huge_pmd_numa_page: NUMAB MEM ACCESS huge page process[nid:0, cpu:58, pid:2717], folio[virt:0x7f37ac9cc388, ker:0xffff93f510400000, pfn:0x390400, nid:0, npages:512]
          cg.C.x-2704  [032]     1.018667: (+0)     bprint:               __handle_mm_fault: NUMAB MEM ACCESS process[nid:0, cpu:32, pid:2704], folio[virt:0x7f379b000fe8, phys:0x13ab58000, pfn:0x13ab58, nid:0, npages:1]
          cg.C.x-2707  [038]     1.018668: (+1)     bprint:               __handle_mm_fault: NUMAB MEM ACCESS process[nid:0, cpu:38, pid:2707], folio[virt:0x7f37a480ff90, phys:0x153b56000, pfn:0x153b56, nid:0, npages:1]
          cg.C.x-2698  [020]     1.018668: (+0)     bprint:               __handle_mm_fault: NUMAB MEM ACCESS process[nid:0, cpu:20, pid:2698], folio[virt:0x7f379ec00fe8, phys:0x114730000, pfn:0x114730, nid:0, npages:1]
          cg.C.x-2714  [052]     1.018669: (+1)     bprint:               __handle_mm_fault: NUMAB MEM ACCESS process[nid:0, cpu:52, pid:2714], folio[virt:0x7f3794c00fe8, phys:0x111f87000, pfn:0x111f87, nid:0, npages:1]
          cg.C.x-2712  [048]     1.018670: (+1)     bprint:               do_huge_pmd_numa_page: NUMAB MEM ACCESS huge page process[nid:0, cpu:48, pid:2712], folio[virt:0x7f37ab444070, ker:0xffff93f4a4800000, pfn:0x324800, nid:0, npages:512]
          cg.C.x-2695  [014]     1.018670: (+0)     bprint:               __handle_mm_fault: NUMAB MEM ACCESS process[nid:0, cpu:14, pid:2695], folio[virt:0x7f37a47d92e0, phys:0x110b2f000, pfn:0x110b2f, nid:0, npages:1]
          cg.C.x-2724  [009]     1.018672: (+2)     bprint:               __handle_mm_fault: NUMAB MEM ACCESS process[nid:1, cpu:9, pid:2724], folio[virt:0x7f37a485e000, phys:0x186cdfd000, pfn:0x186cdfd, nid:1, npages:1]
          cg.C.x-2715  [054]     1.018672: (+0)     bprint:               do_huge_pmd_numa_page: NUMAB MEM ACCESS huge page process[nid:0, cpu:54, pid:2715], folio[virt:0x7f37ac135488, ker:0xffff93f4bbc00000, pfn:0x33bc00, nid:0, npages:512]
          cg.C.x-2717  [058]     1.018673: (+1)     bprint:               __handle_mm_fault: NUMAB MEM ACCESS process[nid:0, cpu:58, pid:2717], folio[virt:0x7f37a483dd58, phys:0x111ff0000, pfn:0x111ff0, nid:0, npages:1]
          cg.C.x-2711  [046]     1.018674: (+1)     bprint:               do_huge_pmd_numa_page: NUMAB MEM ACCESS huge page process[nid:0, cpu:46, pid:2711], folio[virt:0x7f37ab0010c0, ker:0xffff93f48de00000, pfn:0x30de00, nid:0, npages:512]
          cg.C.x-2712  [048]     1.018675: (+1)     bprint:               __handle_mm_fault: NUMAB MEM ACCESS process[nid:0, cpu:48, pid:2712], folio[virt:0x7f37a4826ec0, phys:0x12172f000, pfn:0x12172f, nid:0, npages:1]
          cg.C.x-2706  [036]     1.018676: (+1)     bprint:               do_huge_pmd_numa_page: NUMAB MEM ACCESS huge page process[nid:0, cpu:36, pid:2706], folio[virt:0x7f37a9a71cc8, ker:0xffff93f4cb400000, pfn:0x34b400, nid:0, npages:512]
          cg.C.x-2715  [054]     1.018677: (+1)     bprint:               __handle_mm_fault: NUMAB MEM ACCESS process[nid:0, cpu:54, pid:2715], folio[virt:0x7f37a4834b50, phys:0x1126c2000, pfn:0x1126c2, nid:0, npages:1]
          cg.C.x-2711  [046]     1.018679: (+2)     bprint:               __handle_mm_fault: NUMAB MEM ACCESS process[nid:0, cpu:46, pid:2711], folio[virt:0x7f37a4822670, phys:0x139c28000, pfn:0x139c28, nid:0, npages:1]
          cg.C.x-2696  [016]     1.018679: (+0)     bprint:               do_huge_pmd_numa_page: NUMAB MEM ACCESS huge page process[nid:0, cpu:16, pid:2696], folio[virt:0x7f37a6f465e8, ker:0xffff93f48e400000, pfn:0x30e400, nid:0, npages:512]
          cg.C.x-2706  [036]     1.018681: (+2)     bprint:               __handle_mm_fault: NUMAB MEM ACCESS process[nid:0, cpu:36, pid:2706], folio[virt:0x7f37a480b750, phys:0x123014000, pfn:0x123014, nid:0, npages:1]
          cg.C.x-2702  [028]     1.018683: (+2)     bprint:               do_huge_pmd_numa_page: NUMAB MEM ACCESS huge page process[nid:0, cpu:28, pid:2702], folio[virt:0x7f37a892ba40, ker:0xffff93f4bb400000, pfn:0x33b400, nid:0, npages:512]
          cg.C.x-2697  [018]     1.018684: (+1)     bprint:               do_huge_pmd_numa_page: NUMAB MEM ACCESS huge page process[nid:0, cpu:18, pid:2697], folio[virt:0x7f37a7394388, ker:0xffff93f4e2c00000, pfn:0x362c00, nid:0, npages:512]
          cg.C.x-2696  [016]     1.018686: (+2)     bprint:               __handle_mm_fault: NUMAB MEM ACCESS process[nid:0, cpu:16, pid:2696], folio[virt:0x7f37a47dda58, phys:0x1108e6000, pfn:0x1108e6, nid:0, npages:1]
          cg.C.x-2709  [042]     1.018687: (+1)     bprint:               do_huge_pmd_numa_page: NUMAB MEM ACCESS huge page process[nid:0, cpu:42, pid:2709], folio[virt:0x7f37aa76e688, ker:0xffff93f4a5400000, pfn:0x325400, nid:0, npages:512]
          cg.C.x-2702  [028]     1.018688: (+1)     bprint:               __handle_mm_fault: NUMAB MEM ACCESS process[nid:0, cpu:28, pid:2702], folio[virt:0x7f37a47f90c8, phys:0x13b9ba000, pfn:0x13b9ba, nid:0, npages:1]
          cg.C.x-2693  [010]     1.018689: (+1)     bprint:               do_huge_pmd_numa_page: NUMAB MEM ACCESS huge page process[nid:0, cpu:10, pid:2693], folio[virt:0x7f37a6265c08, ker:0xffff93f44f200000, pfn:0x2cf200, nid:0, npages:512]
          cg.C.x-2697  [018]     1.018690: (+1)     bprint:               __handle_mm_fault: NUMAB MEM ACCESS process[nid:0, cpu:18, pid:2697], folio[virt:0x7f37a47e2308, phys:0x139ccb000, pfn:0x139ccb, nid:0, npages:1]
          cg.C.x-2716  [056]     1.018692: (+2)     bprint:               do_huge_pmd_numa_page: NUMAB MEM ACCESS huge page process[nid:0, cpu:56, pid:2716], folio[virt:0x7f37ac5833b0, ker:0xffff93f47fc00000, pfn:0x2ffc00, nid:0, npages:512]
          cg.C.x-2707  [038]     1.018692: (+0)     bprint:               __handle_mm_fault: NUMAB MEM ACCESS process[nid:0, cpu:38, pid:2707], folio[virt:0x7f37a4810000, phys:0x13a841000, pfn:0x13a841, nid:0, npages:1]
