          cg.C.x-3505  [032]     1.014095: (+3)     bprint:               __handle_mm_fault: NUMAB MEM ACCESS process[nid:0, cpu:32, pid:3505], folio[virt:0x7f1270191a10, phys:0x11442c000, pfn:0x11442c, nid:0, npages:1]
          cg.C.x-3528  [015]     1.014098: (+3)     bprint:               __handle_mm_fault: NUMAB MEM ACCESS process[nid:1, cpu:15, pid:3528], folio[virt:0x7f12701c6470, phys:0x186e478000, pfn:0x186e478, nid:1, npages:1]
          cg.C.x-3533  [025]     1.014101: (+3)     bprint:               __handle_mm_fault: NUMAB MEM ACCESS process[nid:1, cpu:25, pid:3533], folio[virt:0x7f12701d1b90, phys:0x1855e9c000, pfn:0x1855e9c, nid:1, npages:1]
          cg.C.x-3549  [057]     1.014104: (+3)     bprint:               __handle_mm_fault: NUMAB MEM ACCESS process[nid:1, cpu:57, pid:3549], folio[virt:0x7f12701f6560, phys:0x18674ad000, pfn:0x18674ad, nid:1, npages:1]
          cg.C.x-3531  [021]     1.014106: (+2)     bprint:               __handle_mm_fault: NUMAB MEM ACCESS process[nid:1, cpu:21, pid:3531], folio[virt:0x7f12701cd250, phys:0x185f0e8000, pfn:0x185f0e8, nid:1, npages:1]
          cg.C.x-3547  [053]     1.014108: (+2)     bprint:               __handle_mm_fault: NUMAB MEM ACCESS process[nid:1, cpu:53, pid:3547], folio[virt:0x7f12701f1c28, phys:0x185fd75000, pfn:0x185fd75, nid:1, npages:1]
          cg.C.x-3544  [047]     1.014111: (+3)     bprint:               __handle_mm_fault: NUMAB MEM ACCESS process[nid:1, cpu:47, pid:3544], folio[virt:0x7f12701eae54, phys:0x186d3f7000, pfn:0x186d3f7, nid:1, npages:1]
          cg.C.x-3495  [012]     1.014114: (+3)     bprint:               __handle_mm_fault: NUMAB MEM ACCESS process[nid:0, cpu:12, pid:3495], folio[virt:0x7f127017abd0, phys:0x13a85d000, pfn:0x13a85d, nid:0, npages:1]
          cg.C.x-3516  [054]     1.014116: (+2)     bprint:               __handle_mm_fault: NUMAB MEM ACCESS process[nid:0, cpu:54, pid:3516], folio[virt:0x7f12701aacf0, phys:0x110800000, pfn:0x110800, nid:0, npages:1]
          cg.C.x-3510  [042]     1.014119: (+3)     bprint:               __handle_mm_fault: NUMAB MEM ACCESS process[nid:0, cpu:42, pid:3510], folio[virt:0x7f127019d130, phys:0x2fec8b000, pfn:0x2fec8b, nid:0, npages:1]
          cg.C.x-3504  [030]     1.014121: (+2)     bprint:               __handle_mm_fault: NUMAB MEM ACCESS process[nid:0, cpu:30, pid:3504], folio[virt:0x7f127018f570, phys:0x1126c3000, pfn:0x1126c3, nid:0, npages:1]
          cg.C.x-3518  [058]     1.014123: (+2)     bprint:               __handle_mm_fault: NUMAB MEM ACCESS process[nid:0, cpu:58, pid:3518], folio[virt:0x7f12701af630, phys:0x121d94000, pfn:0x121d94, nid:0, npages:1]
          cg.C.x-3493  [008]     1.014125: (+2)     bprint:               __handle_mm_fault: NUMAB MEM ACCESS process[nid:0, cpu:8, pid:3493], folio[virt:0x7f1270176290, phys:0x2fecfb000, pfn:0x2fecfb, nid:0, npages:1]
          cg.C.x-3500  [022]     1.014128: (+3)     bprint:               __handle_mm_fault: NUMAB MEM ACCESS process[nid:0, cpu:22, pid:3500], folio[virt:0x7f12701862f0, phys:0x3263a7000, pfn:0x3263a7, nid:0, npages:1]
          cg.C.x-3494  [010]     1.014130: (+2)     bprint:               __handle_mm_fault: NUMAB MEM ACCESS process[nid:0, cpu:10, pid:3494], folio[virt:0x7f1270178730, phys:0x1390e6000, pfn:0x1390e6, nid:0, npages:1]
          cg.C.x-3527  [013]     1.014132: (+2)     bprint:               __handle_mm_fault: NUMAB MEM ACCESS process[nid:1, cpu:13, pid:3527], folio[virt:0x7f12701c4000, phys:0x186df2a000, pfn:0x186df2a, nid:1, npages:1]
          cg.C.x-3520  [062]     1.014133: (+1)     bprint:               __handle_mm_fault: NUMAB MEM ACCESS process[nid:0, cpu:62, pid:3520], folio[virt:0x7f12701b4000, phys:0x11234b000, pfn:0x11234b, nid:0, npages:1]
          cg.C.x-3513  [048]     1.014139: (+6)     bprint:               __handle_mm_fault: NUMAB MEM ACCESS process[nid:0, cpu:48, pid:3513], folio[virt:0x7f12701a4000, phys:0x150377000, pfn:0x150377, nid:0, npages:1]
          cg.C.x-3551  [061]     1.014220: (+81)    bprint:               __handle_mm_fault: NUMAB MEM ACCESS process[nid:1, cpu:61, pid:3551], folio[virt:0x7f12701fb000, phys:0x185e053000, pfn:0x185e053, nid:1, npages:1]
          cg.C.x-3506  [034]     1.014223: (+3)     bprint:               __handle_mm_fault: NUMAB MEM ACCESS process[nid:0, cpu:34, pid:3506], folio[virt:0x7f1270194000, phys:0x1397e8000, pfn:0x1397e8, nid:0, npages:1]
          cg.C.x-3499  [020]     1.014257: (+34)    bprint:               __handle_mm_fault: NUMAB MEM ACCESS process[nid:0, cpu:20, pid:3499], folio[virt:0x7f1270184000, phys:0x139f8d000, pfn:0x139f8d, nid:0, npages:1]
          cg.C.x-3492  [006]     1.014273: (+16)    bprint:               __handle_mm_fault: NUMAB MEM ACCESS process[nid:0, cpu:6, pid:3492], folio[virt:0x7f1270174000, phys:0x13a693000, pfn:0x13a693, nid:0, npages:1]
          cg.C.x-3537  [033]     1.014283: (+10)    bprint:               __handle_mm_fault: NUMAB MEM ACCESS process[nid:1, cpu:33, pid:3537], folio[virt:0x7f12701db000, phys:0x185f0e0000, pfn:0x185f0e0, nid:1, npages:1]
          cg.C.x-3544  [047]     1.014305: (+22)    bprint:               __handle_mm_fault: NUMAB MEM ACCESS process[nid:1, cpu:47, pid:3544], folio[virt:0x7f12701eb000, phys:0x186dd87000, pfn:0x186dd87, nid:1, npages:1]
          cg.C.x-3530  [019]     1.014323: (+18)    bprint:               __handle_mm_fault: NUMAB MEM ACCESS process[nid:1, cpu:19, pid:3530], folio[virt:0x7f12701cb000, phys:0x1867219000, pfn:0x1867219, nid:1, npages:1]
          cg.C.x-3523  [005]     1.014351: (+28)    bprint:               __handle_mm_fault: NUMAB MEM ACCESS process[nid:1, cpu:5, pid:3523], folio[virt:0x7f12701bb000, phys:0x185e75e000, pfn:0x185e75e, nid:1, npages:1]
          cg.C.x-3509  [040]     1.014434: (+83)    bprint:               __handle_mm_fault: NUMAB MEM ACCESS process[nid:0, cpu:40, pid:3509], folio[virt:0x7f127019b000, phys:0x13a67f000, pfn:0x13a67f, nid:0, npages:1]
          cg.C.x-3516  [054]     1.014442: (+8)     bprint:               __handle_mm_fault: NUMAB MEM ACCESS process[nid:0, cpu:54, pid:3516], folio[virt:0x7f12701ab000, phys:0x13d054000, pfn:0x13d054, nid:0, npages:1]
          cg.C.x-3502  [026]     1.014482: (+40)    bprint:               __handle_mm_fault: NUMAB MEM ACCESS process[nid:0, cpu:26, pid:3502], folio[virt:0x7f127018b000, phys:0x112343000, pfn:0x112343, nid:0, npages:1]
          cg.C.x-3547  [053]     1.014515: (+33)    bprint:               __handle_mm_fault: NUMAB MEM ACCESS process[nid:1, cpu:53, pid:3547], folio[virt:0x7f12701f2000, phys:0x185fd70000, pfn:0x185fd70, nid:1, npages:1]
          cg.C.x-3540  [039]     1.014529: (+14)    bprint:               __handle_mm_fault: NUMAB MEM ACCESS process[nid:1, cpu:39, pid:3540], folio[virt:0x7f12701e2000, phys:0x18676f3000, pfn:0x18676f3, nid:1, npages:1]
          cg.C.x-3495  [012]     1.014536: (+7)     bprint:               __handle_mm_fault: NUMAB MEM ACCESS process[nid:0, cpu:12, pid:3495], folio[virt:0x7f127017b000, phys:0x29fd9b000, pfn:0x29fd9b, nid:0, npages:1]
          cg.C.x-3533  [025]     1.014547: (+11)    bprint:               __handle_mm_fault: NUMAB MEM ACCESS process[nid:1, cpu:25, pid:3533], folio[virt:0x7f12701d2000, phys:0x303f16e000, pfn:0x303f16e, nid:1, npages:1]
          cg.C.x-3526  [011]     1.014582: (+35)    bprint:               __handle_mm_fault: NUMAB MEM ACCESS process[nid:1, cpu:11, pid:3526], folio[virt:0x7f12701c2000, phys:0x185f9f0000, pfn:0x185f9f0, nid:1, npages:1]
          cg.C.x-3512  [046]     1.014601: (+19)    bprint:               __handle_mm_fault: NUMAB MEM ACCESS process[nid:0, cpu:46, pid:3512], folio[virt:0x7f12701a2000, phys:0x362965000, pfn:0x362965, nid:0, npages:1]
          cg.C.x-3519  [060]     1.014630: (+29)    bprint:               __handle_mm_fault: NUMAB MEM ACCESS process[nid:0, cpu:60, pid:3519], folio[virt:0x7f12701b2000, phys:0x11351e000, pfn:0x11351e, nid:0, npages:1]
          cg.C.x-3543  [045]     1.014690: (+60)    bprint:               __handle_mm_fault: NUMAB MEM ACCESS process[nid:1, cpu:45, pid:3543], folio[virt:0x7f12701e9000, phys:0x186cb44000, pfn:0x186cb44, nid:1, npages:1]
          cg.C.x-3550  [059]     1.014694: (+4)     bprint:               __handle_mm_fault: NUMAB MEM ACCESS process[nid:1, cpu:59, pid:3550], folio[virt:0x7f12701f9000, phys:0x185e445000, pfn:0x185e445, nid:1, npages:1]
          cg.C.x-3498  [018]     1.014699: (+5)     bprint:               __handle_mm_fault: NUMAB MEM ACCESS process[nid:0, cpu:18, pid:3498], folio[virt:0x7f1270182000, phys:0x112e41000, pfn:0x112e41, nid:0, npages:1]
          cg.C.x-3505  [032]     1.014709: (+10)    bprint:               __handle_mm_fault: NUMAB MEM ACCESS process[nid:0, cpu:32, pid:3505], folio[virt:0x7f1270192000, phys:0x1394df000, pfn:0x1394df, nid:0, npages:1]
          cg.C.x-3491  [004]     1.014745: (+36)    bprint:               __handle_mm_fault: NUMAB MEM ACCESS process[nid:0, cpu:4, pid:3491], folio[virt:0x7f1270172000, phys:0x29f741000, pfn:0x29f741, nid:0, npages:1]
          cg.C.x-3536  [031]     1.014758: (+13)    bprint:               __handle_mm_fault: NUMAB MEM ACCESS process[nid:1, cpu:31, pid:3536], folio[virt:0x7f12701d9000, phys:0x1856c0b000, pfn:0x1856c0b, nid:1, npages:1]
          cg.C.x-3529  [017]     1.014781: (+23)    bprint:               __handle_mm_fault: NUMAB MEM ACCESS process[nid:1, cpu:17, pid:3529], folio[virt:0x7f12701c9000, phys:0x18678ea000, pfn:0x18678ea, nid:1, npages:1]
          cg.C.x-3515  [052]     1.014845: (+64)    bprint:               __handle_mm_fault: NUMAB MEM ACCESS process[nid:0, cpu:52, pid:3515], folio[virt:0x7f12701a9000, phys:0x29f795000, pfn:0x29f795, nid:0, npages:1]
          cg.C.x-3522  [003]     1.014849: (+4)     bprint:               __handle_mm_fault: NUMAB MEM ACCESS process[nid:1, cpu:3, pid:3522], folio[virt:0x7f12701b9000, phys:0x185eb9c000, pfn:0x185eb9c, nid:1, npages:1]
          cg.C.x-3508  [038]     1.014861: (+12)    bprint:               __handle_mm_fault: NUMAB MEM ACCESS process[nid:0, cpu:38, pid:3508], folio[virt:0x7f1270199000, phys:0x153a42000, pfn:0x153a42, nid:0, npages:1]
          cg.C.x-3501  [024]     1.014872: (+11)    bprint:               __handle_mm_fault: NUMAB MEM ACCESS process[nid:0, cpu:24, pid:3501], folio[virt:0x7f1270189000, phys:0x121a22000, pfn:0x121a22, nid:0, npages:1]
          cg.C.x-3546  [051]     1.014937: (+65)    bprint:               __handle_mm_fault: NUMAB MEM ACCESS process[nid:1, cpu:51, pid:3546], folio[virt:0x7f12701f0000, phys:0x303fe31000, pfn:0x303fe31, nid:1, npages:1]
          cg.C.x-3539  [037]     1.014984: (+47)    bprint:               __handle_mm_fault: NUMAB MEM ACCESS process[nid:1, cpu:37, pid:3539], folio[virt:0x7f12701e0000, phys:0x186c8be000, pfn:0x186c8be, nid:1, npages:1]
          cg.C.x-3532  [023]     1.014990: (+6)     bprint:               __handle_mm_fault: NUMAB MEM ACCESS process[nid:1, cpu:23, pid:3532], folio[virt:0x7f12701d0000, phys:0x185eb4d000, pfn:0x185eb4d, nid:1, npages:1]
          cg.C.x-3494  [010]     1.015007: (+17)    bprint:               __handle_mm_fault: NUMAB MEM ACCESS process[nid:0, cpu:10, pid:3494], folio[virt:0x7f1270179000, phys:0x120746000, pfn:0x120746, nid:0, npages:1]
          cg.C.x-3525  [009]     1.015024: (+17)    bprint:               __handle_mm_fault: NUMAB MEM ACCESS process[nid:1, cpu:9, pid:3525], folio[virt:0x7f12701c0000, phys:0x185f2c7000, pfn:0x185f2c7, nid:1, npages:1]
          cg.C.x-3518  [058]     1.015128: (+104)   bprint:               __handle_mm_fault: NUMAB MEM ACCESS process[nid:0, cpu:58, pid:3518], folio[virt:0x7f12701b0000, phys:0x13a6c1000, pfn:0x13a6c1, nid:0, npages:1]
          cg.C.x-3511  [044]     1.015130: (+2)     bprint:               __handle_mm_fault: NUMAB MEM ACCESS process[nid:0, cpu:44, pid:3511], folio[virt:0x7f12701a0000, phys:0x2fed37000, pfn:0x2fed37, nid:0, npages:1]
          cg.C.x-3497  [016]     1.015150: (+20)    bprint:               __handle_mm_fault: NUMAB MEM ACCESS process[nid:0, cpu:16, pid:3497], folio[virt:0x7f1270180000, phys:0x110931000, pfn:0x110931, nid:0, npages:1]
          cg.C.x-3549  [057]     1.015176: (+26)    bprint:               __handle_mm_fault: NUMAB MEM ACCESS process[nid:1, cpu:57, pid:3549], folio[virt:0x7f12701f7000, phys:0x18674ae000, pfn:0x18674ae, nid:1, npages:1]
          cg.C.x-3542  [043]     1.015188: (+12)    bprint:               __handle_mm_fault: NUMAB MEM ACCESS process[nid:1, cpu:43, pid:3542], folio[virt:0x7f12701e7000, phys:0x185e6bd000, pfn:0x185e6bd, nid:1, npages:1]
          cg.C.x-3504  [030]     1.015193: (+5)     bprint:               __handle_mm_fault: NUMAB MEM ACCESS process[nid:0, cpu:30, pid:3504], folio[virt:0x7f1270190000, phys:0x378142000, pfn:0x378142, nid:0, npages:1]
          cg.C.x-3490  [002]     1.015208: (+15)    bprint:               __handle_mm_fault: NUMAB MEM ACCESS process[nid:0, cpu:2, pid:3490], folio[virt:0x7f1270170000, phys:0x139798000, pfn:0x139798, nid:0, npages:1]
          cg.C.x-3535  [029]     1.015234: (+26)    bprint:               __handle_mm_fault: NUMAB MEM ACCESS process[nid:1, cpu:29, pid:3535], folio[virt:0x7f12701d7000, phys:0x1867567000, pfn:0x1867567, nid:1, npages:1]
          cg.C.x-3521  [001]     1.015258: (+24)    bprint:               __handle_mm_fault: NUMAB MEM ACCESS process[nid:1, cpu:1, pid:3521], folio[virt:0x7f12701b7000, phys:0x1866863000, pfn:0x1866863, nid:1, npages:1]
          cg.C.x-3528  [015]     1.015283: (+25)    bprint:               __handle_mm_fault: NUMAB MEM ACCESS process[nid:1, cpu:15, pid:3528], folio[virt:0x7f12701c7000, phys:0x1857956000, pfn:0x1857956, nid:1, npages:1]
          cg.C.x-3507  [036]     1.015314: (+31)    bprint:               __handle_mm_fault: NUMAB MEM ACCESS process[nid:0, cpu:36, pid:3507], folio[virt:0x7f1270197000, phys:0x11127c000, pfn:0x11127c, nid:0, npages:1]
          cg.C.x-3514  [050]     1.015330: (+16)    bprint:               __handle_mm_fault: NUMAB MEM ACCESS process[nid:0, cpu:50, pid:3514], folio[virt:0x7f12701a7000, phys:0x150561000, pfn:0x150561, nid:0, npages:1]
          cg.C.x-3552  [063]     1.015360: (+30)    bprint:               __handle_mm_fault: NUMAB MEM ACCESS process[nid:1, cpu:63, pid:3552], folio[virt:0x7f12701fe000, phys:0x185e6e9000, pfn:0x185e6e9, nid:1, npages:1]
          cg.C.x-3545  [049]     1.015415: (+55)    bprint:               __handle_mm_fault: NUMAB MEM ACCESS process[nid:1, cpu:49, pid:3545], folio[virt:0x7f12701ee000, phys:0x185755a000, pfn:0x185755a, nid:1, npages:1]
          cg.C.x-3538  [035]     1.015434: (+19)    bprint:               __handle_mm_fault: NUMAB MEM ACCESS process[nid:1, cpu:35, pid:3538], folio[virt:0x7f12701de000, phys:0x1868276000, pfn:0x1868276, nid:1, npages:1]
          cg.C.x-3500  [022]     1.015446: (+12)    bprint:               __handle_mm_fault: NUMAB MEM ACCESS process[nid:0, cpu:22, pid:3500], folio[virt:0x7f1270187000, phys:0x3263a8000, pfn:0x3263a8, nid:0, npages:1]
          cg.C.x-3531  [021]     1.015489: (+43)    bprint:               __handle_mm_fault: NUMAB MEM ACCESS process[nid:1, cpu:21, pid:3531], folio[virt:0x7f12701ce000, phys:0x1856d0e000, pfn:0x1856d0e, nid:1, npages:1]
          cg.C.x-3493  [008]     1.015502: (+13)    bprint:               __handle_mm_fault: NUMAB MEM ACCESS process[nid:0, cpu:8, pid:3493], folio[virt:0x7f1270177000, phys:0x2fecfc000, pfn:0x2fecfc, nid:0, npages:1]
          cg.C.x-3524  [007]     1.015512: (+10)    bprint:               __handle_mm_fault: NUMAB MEM ACCESS process[nid:1, cpu:7, pid:3524], folio[virt:0x7f12701be000, phys:0x186e410000, pfn:0x186e410, nid:1, npages:1]
          cg.C.x-3517  [056]     1.015527: (+15)    bprint:               __handle_mm_fault: NUMAB MEM ACCESS process[nid:0, cpu:56, pid:3517], folio[virt:0x7f12701ae000, phys:0x111c2b000, pfn:0x111c2b, nid:0, npages:1]
          cg.C.x-3496  [014]     1.015588: (+61)    bprint:               __handle_mm_fault: NUMAB MEM ACCESS process[nid:0, cpu:14, pid:3496], folio[virt:0x7f127017e000, phys:0x29fcf2000, pfn:0x29fcf2, nid:0, npages:1]
          cg.C.x-3510  [042]     1.015625: (+37)    bprint:               __handle_mm_fault: NUMAB MEM ACCESS process[nid:0, cpu:42, pid:3510], folio[virt:0x7f127019e000, phys:0x2fec8c000, pfn:0x2fec8c, nid:0, npages:1]
          cg.C.x-3503  [028]     1.015627: (+2)     bprint:               __handle_mm_fault: NUMAB MEM ACCESS process[nid:0, cpu:28, pid:3503], folio[virt:0x7f127018e000, phys:0x13b3ec000, pfn:0x13b3ec, nid:0, npages:1]
          cg.C.x-3548  [055]     1.015629: (+2)     bprint:               __handle_mm_fault: NUMAB MEM ACCESS process[nid:1, cpu:55, pid:3548], folio[virt:0x7f12701f5000, phys:0x186ca6e000, pfn:0x186ca6e, nid:1, npages:1]
          cg.C.x-3534  [027]     1.015653: (+24)    bprint:               __handle_mm_fault: NUMAB MEM ACCESS process[nid:1, cpu:27, pid:3534], folio[virt:0x7f12701d5000, phys:0x185ee81000, pfn:0x185ee81, nid:1, npages:1]
          cg.C.x-3541  [041]     1.015692: (+39)    bprint:               __handle_mm_fault: NUMAB MEM ACCESS process[nid:1, cpu:41, pid:3541], folio[virt:0x7f12701e5000, phys:0x185f1b1000, pfn:0x185f1b1, nid:1, npages:1]
          cg.C.x-3489  [000]     1.015695: (+3)     bprint:               __handle_mm_fault: NUMAB MEM ACCESS process[nid:0, cpu:0, pid:3489], folio[virt:0x7f127016e000, phys:0x116296000, pfn:0x116296, nid:0, npages:1]
          cg.C.x-3527  [013]     1.015715: (+20)    bprint:               __handle_mm_fault: NUMAB MEM ACCESS process[nid:1, cpu:13, pid:3527], folio[virt:0x7f12701c5000, phys:0x1855ed8000, pfn:0x1855ed8, nid:1, npages:1]
          cg.C.x-3520  [062]     1.015727: (+12)    bprint:               __handle_mm_fault: NUMAB MEM ACCESS process[nid:0, cpu:62, pid:3520], folio[virt:0x7f12701b5000, phys:0x13aa9d000, pfn:0x13aa9d, nid:0, npages:1]
          cg.C.x-3513  [048]     1.015744: (+17)    bprint:               __handle_mm_fault: NUMAB MEM ACCESS process[nid:0, cpu:48, pid:3513], folio[virt:0x7f12701a5000, phys:0x13a678000, pfn:0x13a678, nid:0, npages:1]
          cg.C.x-3506  [034]     1.015833: (+89)    bprint:               __handle_mm_fault: NUMAB MEM ACCESS process[nid:0, cpu:34, pid:3506], folio[virt:0x7f1270195000, phys:0x153b4d000, pfn:0x153b4d, nid:0, npages:1]
          cg.C.x-3499  [020]     1.015844: (+11)    bprint:               __handle_mm_fault: NUMAB MEM ACCESS process[nid:0, cpu:20, pid:3499], folio[virt:0x7f1270185000, phys:0x1137c3000, pfn:0x1137c3, nid:0, npages:1]
          cg.C.x-3551  [061]     1.015846: (+2)     bprint:               __handle_mm_fault: NUMAB MEM ACCESS process[nid:1, cpu:61, pid:3551], folio[virt:0x7f12701fc000, phys:0x186ccdd000, pfn:0x186ccdd, nid:1, npages:1]
          cg.C.x-3492  [006]     1.015850: (+4)     bprint:               __handle_mm_fault: NUMAB MEM ACCESS process[nid:0, cpu:6, pid:3492], folio[virt:0x7f1270175000, phys:0x13a691000, pfn:0x13a691, nid:0, npages:1]
          cg.C.x-3537  [033]     1.015908: (+58)    bprint:               __handle_mm_fault: NUMAB MEM ACCESS process[nid:1, cpu:33, pid:3537], folio[virt:0x7f12701dc000, phys:0x185f0e1000, pfn:0x185f0e1, nid:1, npages:1]
          cg.C.x-3544  [047]     1.015924: (+16)    bprint:               __handle_mm_fault: NUMAB MEM ACCESS process[nid:1, cpu:47, pid:3544], folio[virt:0x7f12701ec000, phys:0x1854c12000, pfn:0x1854c12, nid:1, npages:1]
          cg.C.x-3523  [005]     1.015942: (+18)    bprint:               __handle_mm_fault: NUMAB MEM ACCESS process[nid:1, cpu:5, pid:3523], folio[virt:0x7f12701bc000, phys:0x185e0d5000, pfn:0x185e0d5, nid:1, npages:1]
          cg.C.x-3530  [019]     1.015956: (+14)    bprint:               __handle_mm_fault: NUMAB MEM ACCESS process[nid:1, cpu:19, pid:3530], folio[virt:0x7f12701cc000, phys:0x1858d27000, pfn:0x1858d27, nid:1, npages:1]
          cg.C.x-3516  [054]     1.016040: (+84)    bprint:               __handle_mm_fault: NUMAB MEM ACCESS process[nid:0, cpu:54, pid:3516], folio[virt:0x7f12701ac000, phys:0x121d49000, pfn:0x121d49, nid:0, npages:1]
          cg.C.x-3509  [040]     1.016047: (+7)     bprint:               __handle_mm_fault: NUMAB MEM ACCESS process[nid:0, cpu:40, pid:3509], folio[virt:0x7f127019c000, phys:0x110802000, pfn:0x110802, nid:0, npages:1]
          cg.C.x-3502  [026]     1.016075: (+28)    bprint:               __handle_mm_fault: NUMAB MEM ACCESS process[nid:0, cpu:26, pid:3502], folio[virt:0x7f127018c000, phys:0x111de2000, pfn:0x111de2, nid:0, npages:1]
          cg.C.x-3495  [012]     1.016123: (+48)    bprint:               __handle_mm_fault: NUMAB MEM ACCESS process[nid:0, cpu:12, pid:3495], folio[virt:0x7f127017c000, phys:0x13d071000, pfn:0x13d071, nid:0, npages:1]
          cg.C.x-3540  [039]     1.016145: (+22)    bprint:               __handle_mm_fault: NUMAB MEM ACCESS process[nid:1, cpu:39, pid:3540], folio[virt:0x7f12701e3000, phys:0x186ea9f000, pfn:0x186ea9f, nid:1, npages:1]
          cg.C.x-3547  [053]     1.016148: (+3)     bprint:               __handle_mm_fault: NUMAB MEM ACCESS process[nid:1, cpu:53, pid:3547], folio[virt:0x7f12701f3000, phys:0x18903d9000, pfn:0x18903d9, nid:1, npages:1]
          cg.C.x-3533  [025]     1.016170: (+22)    bprint:               __handle_mm_fault: NUMAB MEM ACCESS process[nid:1, cpu:25, pid:3533], folio[virt:0x7f12701d3000, phys:0x185eb77000, pfn:0x185eb77, nid:1, npages:1]
          cg.C.x-3552  [063]     1.016911: (+741)   bprint:               __handle_mm_fault: NUMAB MEM ACCESS process[nid:1, cpu:63, pid:3552], folio[virt:0x7f12701ff000, phys:0x185e6ea000, pfn:0x185e6ea, nid:1, npages:1]
          cg.C.x-3548  [055]     1.017523: (+612)   sched_waking:         comm=kworker/55:1 pid=501 prio=120 target_cpu=055
          cg.C.x-3540  [039]     1.017525: (+2)     bprint:               change_prot_numa: NUMAB SCAN vma[start:0x558d50915000, end:0x558d50916000, from:0x558d50915000, to:0x558d50916000, size:4 KB]
          cg.C.x-3548  [055]     1.017531: (+6)     sched_wakeup:         kworker/55:1:501 [120] CPU:055
          cg.C.x-3548  [055]     1.017537: (+6)     sched_switch:         cg.C.x:3548 [120] R ==> kworker/55:1:501 [120]
    kworker/55:1-501   [055]     1.017551: (+14)    sched_switch:         kworker/55:1:501 [120] I ==> cg.C.x:3548 [120]
          cg.C.x-3540  [039]     1.017561: (+10)    bprint:               change_prot_numa: NUMAB SCAN vma[start:0x558d50916000, end:0x558d50917000, from:0x558d50916000, to:0x558d50917000, size:4 KB]
          cg.C.x-3540  [039]     1.017577: (+16)    bprint:               change_prot_numa: NUMAB SCAN vma[start:0x558d522d8000, end:0x558d522f9000, from:0x558d522d8000, to:0x558d522f9000, size:132 KB]
          cg.C.x-3540  [039]     1.017602: (+25)    bprint:               change_prot_numa: NUMAB SCAN vma[start:0x7f120f601000, end:0x7f120fe01000, from:0x7f120f601000, to:0x7f120fe01000, size:8192 KB]
          cg.C.x-3496  [014]     1.017606: (+4)     bprint:               __handle_mm_fault: NUMAB MEM ACCESS process[nid:0, cpu:14, pid:3496], folio[virt:0x558d50915080, phys:0x113d94000, pfn:0x113d94, nid:0, npages:1]
          cg.C.x-3496  [014]     1.017611: (+5)     bprint:               __handle_mm_fault: NUMAB MEM ACCESS process[nid:0, cpu:14, pid:3496], folio[virt:0x558d522e3504, phys:0x37817e000, pfn:0x37817e, nid:0, npages:1]
          cg.C.x-3540  [039]     1.017625: (+14)    bprint:               change_prot_numa: NUMAB SCAN vma[start:0x7f1210001000, end:0x7f1210801000, from:0x7f1210001000, to:0x7f1210801000, size:8192 KB]
          cg.C.x-3540  [039]     1.017647: (+22)    bprint:               change_prot_numa: NUMAB SCAN vma[start:0x7f1210a01000, end:0x7f1211201000, from:0x7f1210a01000, to:0x7f1211201000, size:8192 KB]
          cg.C.x-3540  [039]     1.017668: (+21)    bprint:               change_prot_numa: NUMAB SCAN vma[start:0x7f1211401000, end:0x7f1211c01000, from:0x7f1211401000, to:0x7f1211c01000, size:8192 KB]
          cg.C.x-3552  [063]     1.017682: (+14)    bprint:               __handle_mm_fault: NUMAB MEM ACCESS process[nid:1, cpu:63, pid:3552], folio[virt:0x7f120fdff9b8, phys:0x1854ebc000, pfn:0x1854ebc, nid:1, npages:1]
          cg.C.x-3552  [063]     1.017688: (+6)     bprint:               __handle_mm_fault: NUMAB MEM ACCESS process[nid:1, cpu:63, pid:3552], folio[virt:0x7f120fe00220, phys:0x29fdb7000, pfn:0x29fdb7, nid:0, npages:1]
          cg.C.x-3540  [039]     1.017689: (+1)     bprint:               change_prot_numa: NUMAB SCAN vma[start:0x7f1211e01000, end:0x7f1212601000, from:0x7f1211e01000, to:0x7f1212601000, size:8192 KB]
          cg.C.x-3552  [063]     1.017690: (+1)     bprint:               __handle_mm_fault: NUMAB TRY MEM MIGR process[nid:1, cpu:63, pid:3552], folio[virt:0x7f120fe00220, phys:0x29fdb7000, nid:0], target_nid:1
          cg.C.x-3551  [061]     1.017702: (+12)    bprint:               __handle_mm_fault: NUMAB MEM ACCESS process[nid:1, cpu:61, pid:3551], folio[virt:0x7f12107ff9b8, phys:0x185e049000, pfn:0x185e049, nid:1, npages:1]
          cg.C.x-3551  [061]     1.017709: (+7)     bprint:               __handle_mm_fault: NUMAB MEM ACCESS process[nid:1, cpu:61, pid:3551], folio[virt:0x7f1210800220, phys:0x1108d4000, pfn:0x1108d4, nid:0, npages:1]
          cg.C.x-3540  [039]     1.017709: (+0)     bprint:               change_prot_numa: NUMAB SCAN vma[start:0x7f1212801000, end:0x7f1213001000, from:0x7f1212801000, to:0x7f1213001000, size:8192 KB]
          cg.C.x-3551  [061]     1.017711: (+2)     bprint:               __handle_mm_fault: NUMAB TRY MEM MIGR process[nid:1, cpu:61, pid:3551], folio[virt:0x7f1210800220, phys:0x1108d4000, nid:0], target_nid:1
          cg.C.x-3550  [059]     1.017739: (+28)    bprint:               __handle_mm_fault: NUMAB MEM ACCESS process[nid:1, cpu:59, pid:3550], folio[virt:0x7f12111ff9b8, phys:0x186d32e000, pfn:0x186d32e, nid:1, npages:1]
          cg.C.x-3552  [063]     1.017741: (+2)     bprint:               __handle_mm_fault: NUMAB COMPLETED MEM MIGR process[nid:1, cpu:63, pid:3552], old[phys:0x29fdb7000, nid:0, npages:1], new[phys:0x1866c1b000, nid:1, npages:1]
          cg.C.x-3550  [059]     1.017745: (+4)     bprint:               __handle_mm_fault: NUMAB MEM ACCESS process[nid:1, cpu:59, pid:3550], folio[virt:0x7f1211200220, phys:0x13a47f000, pfn:0x13a47f, nid:0, npages:1]
          cg.C.x-3550  [059]     1.017746: (+1)     bprint:               __handle_mm_fault: NUMAB TRY MEM MIGR process[nid:1, cpu:59, pid:3550], folio[virt:0x7f1211200220, phys:0x13a47f000, nid:0], target_nid:1
          cg.C.x-3551  [061]     1.017750: (+4)     bprint:               __handle_mm_fault: NUMAB COMPLETED MEM MIGR process[nid:1, cpu:61, pid:3551], old[phys:0x1108d4000, nid:0, npages:1], new[phys:0x186697d000, nid:1, npages:1]
          cg.C.x-3549  [057]     1.017753: (+3)     bprint:               __handle_mm_fault: NUMAB MEM ACCESS process[nid:1, cpu:57, pid:3549], folio[virt:0x7f1211bff9b8, phys:0x1866864000, pfn:0x1866864, nid:1, npages:1]
          cg.C.x-3547  [053]     1.017761: (+8)     bprint:               __handle_mm_fault: NUMAB MEM ACCESS process[nid:1, cpu:53, pid:3547], folio[virt:0x7f1212fff9b8, phys:0x186ec13000, pfn:0x186ec13, nid:1, npages:1]
          cg.C.x-3540  [039]     1.017763: (+2)     bprint:               change_prot_numa: NUMAB SCAN vma[start:0x7f1213201000, end:0x7f1213a01000, from:0x7f1213201000, to:0x7f1213a01000, size:8192 KB]
          cg.C.x-3550  [059]     1.017774: (+11)    bprint:               __handle_mm_fault: NUMAB COMPLETED MEM MIGR process[nid:1, cpu:59, pid:3550], old[phys:0x13a47f000, nid:0, npages:1], new[phys:0x185e440000, nid:1, npages:1]
          cg.C.x-3548  [055]     1.017790: (+16)    bprint:               __handle_mm_fault: NUMAB MEM ACCESS process[nid:1, cpu:55, pid:3548], folio[virt:0x7f12125ff9b8, phys:0x1867709000, pfn:0x1867709, nid:1, npages:1]
          cg.C.x-3540  [039]     1.017792: (+2)     bprint:               change_prot_numa: NUMAB SCAN vma[start:0x7f1213c01000, end:0x7f1214401000, from:0x7f1213c01000, to:0x7f1214401000, size:8192 KB]
          cg.C.x-3540  [039]     1.017809: (+17)    bprint:               change_prot_numa: NUMAB SCAN vma[start:0x7f1214601000, end:0x7f1214e01000, from:0x7f1214601000, to:0x7f1214e01000, size:8192 KB]
          cg.C.x-3540  [039]     1.017826: (+17)    bprint:               change_prot_numa: NUMAB SCAN vma[start:0x7f1215001000, end:0x7f1215801000, from:0x7f1215001000, to:0x7f1215801000, size:8192 KB]
          cg.C.x-3540  [039]     1.017843: (+17)    bprint:               change_prot_numa: NUMAB SCAN vma[start:0x7f1215a01000, end:0x7f1216201000, from:0x7f1215a01000, to:0x7f1216201000, size:8192 KB]
          cg.C.x-3540  [039]     1.017859: (+16)    bprint:               change_prot_numa: NUMAB SCAN vma[start:0x7f1216401000, end:0x7f1216c01000, from:0x7f1216401000, to:0x7f1216c01000, size:8192 KB]
          cg.C.x-3540  [039]     1.017875: (+16)    bprint:               change_prot_numa: NUMAB SCAN vma[start:0x7f1216e01000, end:0x7f1217601000, from:0x7f1216e01000, to:0x7f1217601000, size:8192 KB]
          cg.C.x-3540  [039]     1.017891: (+16)    bprint:               change_prot_numa: NUMAB SCAN vma[start:0x7f1217801000, end:0x7f1218001000, from:0x7f1217801000, to:0x7f1218001000, size:8192 KB]
          cg.C.x-3540  [039]     1.017908: (+17)    bprint:               change_prot_numa: NUMAB SCAN vma[start:0x7f1218201000, end:0x7f1218a01000, from:0x7f1218201000, to:0x7f1218a01000, size:8192 KB]
          cg.C.x-3540  [039]     1.017924: (+16)    bprint:               change_prot_numa: NUMAB SCAN vma[start:0x7f1218c01000, end:0x7f1219401000, from:0x7f1218c01000, to:0x7f1219401000, size:8192 KB]
          cg.C.x-3540  [039]     1.017941: (+17)    bprint:               change_prot_numa: NUMAB SCAN vma[start:0x7f1219601000, end:0x7f1219e01000, from:0x7f1219601000, to:0x7f1219e01000, size:8192 KB]
          cg.C.x-3540  [039]     1.017957: (+16)    bprint:               change_prot_numa: NUMAB SCAN vma[start:0x7f121a001000, end:0x7f121a801000, from:0x7f121a001000, to:0x7f121a801000, size:8192 KB]
          cg.C.x-3540  [039]     1.017973: (+16)    bprint:               change_prot_numa: NUMAB SCAN vma[start:0x7f121aa01000, end:0x7f121b201000, from:0x7f121aa01000, to:0x7f121b201000, size:8192 KB]
          cg.C.x-3540  [039]     1.017989: (+16)    bprint:               change_prot_numa: NUMAB SCAN vma[start:0x7f121b401000, end:0x7f121bc01000, from:0x7f121b401000, to:0x7f121bc01000, size:8192 KB]
          cg.C.x-3540  [039]     1.018005: (+16)    bprint:               change_prot_numa: NUMAB SCAN vma[start:0x7f121be01000, end:0x7f121c601000, from:0x7f121be01000, to:0x7f121c601000, size:8192 KB]
          cg.C.x-3540  [039]     1.018021: (+16)    bprint:               change_prot_numa: NUMAB SCAN vma[start:0x7f121c801000, end:0x7f121d001000, from:0x7f121c801000, to:0x7f121d001000, size:8192 KB]
          cg.C.x-3540  [039]     1.018038: (+17)    bprint:               change_prot_numa: NUMAB SCAN vma[start:0x7f121d201000, end:0x7f121da01000, from:0x7f121d201000, to:0x7f121da01000, size:8192 KB]
          cg.C.x-3540  [039]     1.018055: (+17)    bprint:               change_prot_numa: NUMAB SCAN vma[start:0x7f121dc01000, end:0x7f121e401000, from:0x7f121dc01000, to:0x7f121e401000, size:8192 KB]
          cg.C.x-3540  [039]     1.018071: (+16)    bprint:               change_prot_numa: NUMAB SCAN vma[start:0x7f121e601000, end:0x7f121ee01000, from:0x7f121e601000, to:0x7f121ee01000, size:8192 KB]
          cg.C.x-3540  [039]     1.018087: (+16)    bprint:               change_prot_numa: NUMAB SCAN vma[start:0x7f121f001000, end:0x7f121f801000, from:0x7f121f001000, to:0x7f121f801000, size:8192 KB]
          cg.C.x-3540  [039]     1.018104: (+17)    bprint:               change_prot_numa: NUMAB SCAN vma[start:0x7f121fa01000, end:0x7f1220201000, from:0x7f121fa01000, to:0x7f1220201000, size:8192 KB]
          cg.C.x-3540  [039]     1.018120: (+16)    bprint:               change_prot_numa: NUMAB SCAN vma[start:0x7f1220401000, end:0x7f1220c01000, from:0x7f1220401000, to:0x7f1220c01000, size:8192 KB]
          cg.C.x-3540  [039]     1.018137: (+17)    bprint:               change_prot_numa: NUMAB SCAN vma[start:0x7f1220e01000, end:0x7f1221601000, from:0x7f1220e01000, to:0x7f1221601000, size:8192 KB]
          cg.C.x-3540  [039]     1.018153: (+16)    bprint:               change_prot_numa: NUMAB SCAN vma[start:0x7f1221801000, end:0x7f1222001000, from:0x7f1221801000, to:0x7f1222001000, size:8192 KB]
          cg.C.x-3540  [039]     1.018169: (+16)    bprint:               change_prot_numa: NUMAB SCAN vma[start:0x7f1222201000, end:0x7f1222a01000, from:0x7f1222201000, to:0x7f1222a01000, size:8192 KB]
          cg.C.x-3540  [039]     1.018186: (+17)    bprint:               change_prot_numa: NUMAB SCAN vma[start:0x7f1222c01000, end:0x7f1223401000, from:0x7f1222c01000, to:0x7f1223401000, size:8192 KB]
          cg.C.x-3540  [039]     1.018202: (+16)    bprint:               change_prot_numa: NUMAB SCAN vma[start:0x7f1223601000, end:0x7f1223e01000, from:0x7f1223601000, to:0x7f1223e01000, size:8192 KB]
          cg.C.x-3540  [039]     1.018219: (+17)    bprint:               change_prot_numa: NUMAB SCAN vma[start:0x7f1224001000, end:0x7f1224801000, from:0x7f1224001000, to:0x7f1224801000, size:8192 KB]
          cg.C.x-3540  [039]     1.018236: (+17)    bprint:               change_prot_numa: NUMAB SCAN vma[start:0x7f1224a01000, end:0x7f1225201000, from:0x7f1224a01000, to:0x7f1225201000, size:8192 KB]
          cg.C.x-3540  [039]     1.018253: (+17)    bprint:               change_prot_numa: NUMAB SCAN vma[start:0x7f1225401000, end:0x7f1225c01000, from:0x7f1225401000, to:0x7f1225c01000, size:8192 KB]
          cg.C.x-3540  [039]     1.018270: (+17)    bprint:               change_prot_numa: NUMAB SCAN vma[start:0x7f1225e01000, end:0x7f1226601000, from:0x7f1225e01000, to:0x7f1226601000, size:8192 KB]
          cg.C.x-3540  [039]     1.018287: (+17)    bprint:               change_prot_numa: NUMAB SCAN vma[start:0x7f1226801000, end:0x7f1227001000, from:0x7f1226801000, to:0x7f1227001000, size:8192 KB]
          cg.C.x-3540  [039]     1.018303: (+16)    bprint:               change_prot_numa: NUMAB SCAN vma[start:0x7f1227201000, end:0x7f1227a01000, from:0x7f1227201000, to:0x7f1227a01000, size:8192 KB]
          cg.C.x-3540  [039]     1.018320: (+17)    bprint:               change_prot_numa: NUMAB SCAN vma[start:0x7f1227c01000, end:0x7f1228401000, from:0x7f1227c01000, to:0x7f1228401000, size:8192 KB]
          cg.C.x-3540  [039]     1.018337: (+17)    bprint:               change_prot_numa: NUMAB SCAN vma[start:0x7f1228601000, end:0x7f1228e01000, from:0x7f1228601000, to:0x7f1228e01000, size:8192 KB]
          cg.C.x-3540  [039]     1.018353: (+16)    bprint:               change_prot_numa: NUMAB SCAN vma[start:0x7f1229001000, end:0x7f1229801000, from:0x7f1229001000, to:0x7f1229801000, size:8192 KB]
          cg.C.x-3540  [039]     1.018371: (+18)    bprint:               change_prot_numa: NUMAB SCAN vma[start:0x7f1229a01000, end:0x7f122a201000, from:0x7f1229a01000, to:0x7f122a201000, size:8192 KB]
          cg.C.x-3540  [039]     1.018388: (+17)    bprint:               change_prot_numa: NUMAB SCAN vma[start:0x7f122a401000, end:0x7f122ac01000, from:0x7f122a401000, to:0x7f122ac01000, size:8192 KB]
          cg.C.x-3540  [039]     1.018405: (+17)    bprint:               change_prot_numa: NUMAB SCAN vma[start:0x7f122ae01000, end:0x7f122b601000, from:0x7f122ae01000, to:0x7f122b601000, size:8192 KB]
          cg.C.x-3540  [039]     1.018422: (+17)    bprint:               change_prot_numa: NUMAB SCAN vma[start:0x7f122b801000, end:0x7f122c001000, from:0x7f122b801000, to:0x7f122c001000, size:8192 KB]
          cg.C.x-3540  [039]     1.018439: (+17)    bprint:               change_prot_numa: NUMAB SCAN vma[start:0x7f122c201000, end:0x7f122ca01000, from:0x7f122c201000, to:0x7f122ca01000, size:8192 KB]
          cg.C.x-3540  [039]     1.018456: (+17)    bprint:               change_prot_numa: NUMAB SCAN vma[start:0x7f122cc01000, end:0x7f122d401000, from:0x7f122cc01000, to:0x7f122d401000, size:8192 KB]
          cg.C.x-3540  [039]     1.018473: (+17)    bprint:               change_prot_numa: NUMAB SCAN vma[start:0x7f122d601000, end:0x7f122de01000, from:0x7f122d601000, to:0x7f122de01000, size:8192 KB]
          cg.C.x-3540  [039]     1.018489: (+16)    bprint:               change_prot_numa: NUMAB SCAN vma[start:0x7f122e001000, end:0x7f122e801000, from:0x7f122e001000, to:0x7f122e801000, size:8192 KB]
          cg.C.x-3540  [039]     1.018506: (+17)    bprint:               change_prot_numa: NUMAB SCAN vma[start:0x7f122ea01000, end:0x7f122f201000, from:0x7f122ea01000, to:0x7f122f201000, size:8192 KB]
          cg.C.x-3540  [039]     1.018523: (+17)    bprint:               change_prot_numa: NUMAB SCAN vma[start:0x7f122f401000, end:0x7f122fc01000, from:0x7f122f401000, to:0x7f122fc01000, size:8192 KB]
          cg.C.x-3540  [039]     1.018539: (+16)    bprint:               change_prot_numa: NUMAB SCAN vma[start:0x7f122fe01000, end:0x7f1230601000, from:0x7f122fe01000, to:0x7f1230601000, size:8192 KB]
          cg.C.x-3540  [039]     1.018556: (+17)    bprint:               change_prot_numa: NUMAB SCAN vma[start:0x7f1230801000, end:0x7f1231001000, from:0x7f1230801000, to:0x7f1231001000, size:8192 KB]
          cg.C.x-3540  [039]     1.018573: (+17)    bprint:               change_prot_numa: NUMAB SCAN vma[start:0x7f1231201000, end:0x7f1231a01000, from:0x7f1231201000, to:0x7f1231a01000, size:8192 KB]
          cg.C.x-3540  [039]     1.018590: (+17)    bprint:               change_prot_numa: NUMAB SCAN vma[start:0x7f1231c01000, end:0x7f1232401000, from:0x7f1231c01000, to:0x7f1232401000, size:8192 KB]
          cg.C.x-3540  [039]     1.018607: (+17)    bprint:               change_prot_numa: NUMAB SCAN vma[start:0x7f1232601000, end:0x7f1232e01000, from:0x7f1232601000, to:0x7f1232e01000, size:8192 KB]
          cg.C.x-3540  [039]     1.018623: (+16)    bprint:               change_prot_numa: NUMAB SCAN vma[start:0x7f1233001000, end:0x7f1233801000, from:0x7f1233001000, to:0x7f1233801000, size:8192 KB]
          cg.C.x-3540  [039]     1.018640: (+17)    bprint:               change_prot_numa: NUMAB SCAN vma[start:0x7f1233a01000, end:0x7f1234201000, from:0x7f1233a01000, to:0x7f1234201000, size:8192 KB]
          cg.C.x-3540  [039]     1.018656: (+16)    bprint:               change_prot_numa: NUMAB SCAN vma[start:0x7f1234401000, end:0x7f1234c01000, from:0x7f1234401000, to:0x7f1234c01000, size:8192 KB]
          cg.C.x-3540  [039]     1.018673: (+17)    bprint:               change_prot_numa: NUMAB SCAN vma[start:0x7f1234e01000, end:0x7f1235601000, from:0x7f1234e01000, to:0x7f1235601000, size:8192 KB]
          cg.C.x-3540  [039]     1.018689: (+16)    bprint:               change_prot_numa: NUMAB SCAN vma[start:0x7f1235801000, end:0x7f1236001000, from:0x7f1235801000, to:0x7f1236001000, size:8192 KB]
          cg.C.x-3540  [039]     1.018706: (+17)    bprint:               change_prot_numa: NUMAB SCAN vma[start:0x7f1236201000, end:0x7f1236a01000, from:0x7f1236201000, to:0x7f1236a01000, size:8192 KB]
          cg.C.x-3540  [039]     1.018722: (+16)    bprint:               change_prot_numa: NUMAB SCAN vma[start:0x7f1236b6c000, end:0x7f12494f9000, from:0x7f1236b6c000, to:0x7f12494f9000, size:304692 KB]
          cg.C.x-3540  [039]     1.018896: (+174)   bprint:               change_prot_numa: NUMAB SCAN vma[start:0x7f1249600000, end:0x7f124a850000, from:0x7f1249600000, to:0x7f124a850000, size:18752 KB]
          cg.C.x-3540  [039]     1.018921: (+25)    bprint:               change_prot_numa: NUMAB SCAN vma[start:0x7f124a8db000, end:0x7f125cef9000, from:0x7f124a8db000, to:0x7f1257600000, size:210068 KB]
          cg.C.x-3540  [039]     1.019001: (+80)    bprint:               do_huge_pmd_numa_page: NUMAB MEM ACCESS huge page process[nid:1, cpu:39, pid:3540], folio[virt:0x7f1244fa4f88, ker:0xffff940be2800000, pfn:0x1a62800, nid:1, npages:512]
          cg.C.x-3540  [039]     1.019005: (+4)     bprint:               __handle_mm_fault: NUMAB MEM ACCESS process[nid:1, cpu:39, pid:3540], folio[virt:0x7f1236d7eb80, phys:0x185dd63000, pfn:0x185dd63, nid:1, npages:1]
          cg.C.x-3540  [039]     1.019008: (+3)     bprint:               __handle_mm_fault: NUMAB MEM ACCESS process[nid:1, cpu:39, pid:3540], folio[virt:0x7f1236db7af8, phys:0x13aaa7000, pfn:0x13aaa7, nid:0, npages:1]
          cg.C.x-3540  [039]     1.019009: (+1)     bprint:               __handle_mm_fault: NUMAB TRY MEM MIGR process[nid:1, cpu:39, pid:3540], folio[virt:0x7f1236db7af8, phys:0x13aaa7000, nid:0], target_nid:1
          cg.C.x-3540  [039]     1.019017: (+8)     bprint:               __handle_mm_fault: NUMAB COMPLETED MEM MIGR process[nid:1, cpu:39, pid:3540], old[phys:0x13aaa7000, nid:0, npages:1], new[phys:0x1857a8c000, nid:1, npages:1]
          cg.C.x-3540  [039]     1.019019: (+2)     bprint:               __handle_mm_fault: NUMAB MEM ACCESS process[nid:1, cpu:39, pid:3540], folio[virt:0x7f1236db84e0, phys:0x13aaa8000, pfn:0x13aaa8, nid:0, npages:1]
          cg.C.x-3540  [039]     1.019020: (+1)     bprint:               __handle_mm_fault: NUMAB TRY MEM MIGR process[nid:1, cpu:39, pid:3540], folio[virt:0x7f1236db84e0, phys:0x13aaa8000, nid:0], target_nid:1
          cg.C.x-3540  [039]     1.019023: (+3)     bprint:               __handle_mm_fault: NUMAB COMPLETED MEM MIGR process[nid:1, cpu:39, pid:3540], old[phys:0x13aaa8000, nid:0, npages:1], new[phys:0x185e3b3000, nid:1, npages:1]
          cg.C.x-3540  [039]     1.019028: (+5)     bprint:               __handle_mm_fault: NUMAB MEM ACCESS process[nid:1, cpu:39, pid:3540], folio[virt:0x7f1236db6078, phys:0x13a47d000, pfn:0x13a47d, nid:0, npages:1]
          cg.C.x-3540  [039]     1.019028: (+0)     bprint:               __handle_mm_fault: NUMAB TRY MEM MIGR process[nid:1, cpu:39, pid:3540], folio[virt:0x7f1236db6078, phys:0x13a47d000, nid:0], target_nid:1
          cg.C.x-3540  [039]     1.019031: (+3)     bprint:               __handle_mm_fault: NUMAB COMPLETED MEM MIGR process[nid:1, cpu:39, pid:3540], old[phys:0x13a47d000, nid:0, npages:1], new[phys:0x1864923000, nid:1, npages:1]
          cg.C.x-3540  [039]     1.019171: (+140)   bprint:               __handle_mm_fault: NUMAB MEM ACCESS process[nid:1, cpu:39, pid:3540], folio[virt:0x7f1236d7f000, phys:0x185f1ad000, pfn:0x185f1ad, nid:1, npages:1]
          cg.C.x-3540  [039]     1.019202: (+31)    bprint:               __handle_mm_fault: NUMAB MEM ACCESS process[nid:1, cpu:39, pid:3540], folio[virt:0x7f12175ff9b8, phys:0x1855eee000, pfn:0x1855eee, nid:1, npages:1]
          cg.C.x-3548  [055]     1.019207: (+5)     bprint:               __handle_mm_fault: NUMAB MEM ACCESS process[nid:1, cpu:55, pid:3548], folio[virt:0x558d5091634c, phys:0x13a30a000, pfn:0x13a30a, nid:0, npages:1]
          cg.C.x-3534  [027]     1.019207: (+0)     bprint:               __handle_mm_fault: NUMAB MEM ACCESS process[nid:1, cpu:27, pid:3534], folio[virt:0x7f121b1ff970, phys:0x185eeb1000, pfn:0x185eeb1, nid:1, npages:1]
          cg.C.x-3530  [019]     1.019207: (+0)     bprint:               __handle_mm_fault: NUMAB MEM ACCESS process[nid:1, cpu:19, pid:3530], folio[virt:0x7f121d9ff970, phys:0x1858d20000, pfn:0x1858d20, nid:1, npages:1]
          cg.C.x-3533  [025]     1.019208: (+1)     bprint:               __handle_mm_fault: NUMAB MEM ACCESS process[nid:1, cpu:25, pid:3533], folio[virt:0x7f121bbff970, phys:0x185eb75000, pfn:0x185eb75, nid:1, npages:1]
          cg.C.x-3535  [029]     1.019208: (+0)     bprint:               __handle_mm_fault: NUMAB MEM ACCESS process[nid:1, cpu:29, pid:3535], folio[virt:0x7f121a7ff970, phys:0x1856e86000, pfn:0x1856e86, nid:1, npages:1]
          cg.C.x-3541  [041]     1.019208: (+0)     bprint:               __handle_mm_fault: NUMAB MEM ACCESS process[nid:1, cpu:41, pid:3541], folio[virt:0x7f1216bff970, phys:0x185f232000, pfn:0x185f232, nid:1, npages:1]
          cg.C.x-3525  [009]     1.019208: (+0)     bprint:               __handle_mm_fault: NUMAB MEM ACCESS process[nid:1, cpu:9, pid:3525], folio[virt:0x7f1220bff970, phys:0x185f2be000, pfn:0x185f2be, nid:1, npages:1]
          cg.C.x-3544  [047]     1.019208: (+0)     bprint:               __handle_mm_fault: NUMAB MEM ACCESS process[nid:1, cpu:47, pid:3544], folio[virt:0x7f1214dff970, phys:0x186cd5b000, pfn:0x186cd5b, nid:1, npages:1]
          cg.C.x-3523  [005]     1.019208: (+0)     bprint:               __handle_mm_fault: NUMAB MEM ACCESS process[nid:1, cpu:5, pid:3523], folio[virt:0x7f1221fff970, phys:0x1854c4e000, pfn:0x1854c4e, nid:1, npages:1]
          cg.C.x-3543  [045]     1.019208: (+0)     bprint:               __handle_mm_fault: NUMAB MEM ACCESS process[nid:1, cpu:45, pid:3543], folio[virt:0x7f12157ff970, phys:0x186d206000, pfn:0x186d206, nid:1, npages:1]
          cg.C.x-3532  [023]     1.019208: (+0)     bprint:               __handle_mm_fault: NUMAB MEM ACCESS process[nid:1, cpu:23, pid:3532], folio[virt:0x7f121c5ff970, phys:0x186c5fb000, pfn:0x186c5fb, nid:1, npages:1]
          cg.C.x-3538  [035]     1.019208: (+0)     bprint:               __handle_mm_fault: NUMAB MEM ACCESS process[nid:1, cpu:35, pid:3538], folio[virt:0x7f12189ff970, phys:0x1857706000, pfn:0x1857706, nid:1, npages:1]
          cg.C.x-3548  [055]     1.019208: (+0)     bprint:               __handle_mm_fault: NUMAB TRY MEM MIGR process[nid:1, cpu:55, pid:3548], folio[virt:0x558d5091634c, phys:0x13a30a000, nid:0], target_nid:1
          cg.C.x-3531  [021]     1.019208: (+0)     bprint:               __handle_mm_fault: NUMAB MEM ACCESS process[nid:1, cpu:21, pid:3531], folio[virt:0x7f121cfff970, phys:0x186ddf5000, pfn:0x186ddf5, nid:1, npages:1]
          cg.C.x-3528  [015]     1.019208: (+0)     bprint:               __handle_mm_fault: NUMAB MEM ACCESS process[nid:1, cpu:15, pid:3528], folio[virt:0x7f121edff970, phys:0x186d9a3000, pfn:0x186d9a3, nid:1, npages:1]
          cg.C.x-3539  [037]     1.019208: (+0)     bprint:               __handle_mm_fault: NUMAB MEM ACCESS process[nid:1, cpu:37, pid:3539], folio[virt:0x7f1217fff970, phys:0x186c8b8000, pfn:0x186c8b8, nid:1, npages:1]
          cg.C.x-3524  [007]     1.019208: (+0)     bprint:               __handle_mm_fault: NUMAB MEM ACCESS process[nid:1, cpu:7, pid:3524], folio[virt:0x7f12215ff970, phys:0x185ec69000, pfn:0x185ec69, nid:1, npages:1]
          cg.C.x-3547  [053]     1.019208: (+0)     bprint:               __handle_mm_fault: NUMAB MEM ACCESS process[nid:1, cpu:53, pid:3547], folio[virt:0x558d5091634c, phys:0x13a30a000, pfn:0x13a30a, nid:0, npages:1]
          cg.C.x-3494  [010]     1.019208: (+0)     bprint:               __handle_mm_fault: NUMAB MEM ACCESS process[nid:0, cpu:10, pid:3494], folio[virt:0x7f12341ff970, phys:0x13d37a000, pfn:0x13d37a, nid:0, npages:1]
          cg.C.x-3537  [033]     1.019208: (+0)     bprint:               __handle_mm_fault: NUMAB MEM ACCESS process[nid:1, cpu:33, pid:3537], folio[virt:0x7f12193ff970, phys:0x186dbd8000, pfn:0x186dbd8, nid:1, npages:1]
          cg.C.x-3501  [024]     1.019208: (+0)     bprint:               __handle_mm_fault: NUMAB MEM ACCESS process[nid:0, cpu:24, pid:3501], folio[virt:0x7f122fbff970, phys:0x1395ca000, pfn:0x1395ca, nid:0, npages:1]
          cg.C.x-3510  [042]     1.019208: (+0)     bprint:               __handle_mm_fault: NUMAB MEM ACCESS process[nid:0, cpu:42, pid:3510], folio[virt:0x7f122a1ff970, phys:0x2fec87000, pfn:0x2fec87, nid:0, npages:1]
          cg.C.x-3497  [016]     1.019209: (+1)     bprint:               __handle_mm_fault: NUMAB MEM ACCESS process[nid:0, cpu:16, pid:3497], folio[virt:0x7f12323ff970, phys:0x29f7cc000, pfn:0x29f7cc, nid:0, npages:1]
          cg.C.x-3504  [030]     1.019209: (+0)     bprint:               __handle_mm_fault: NUMAB MEM ACCESS process[nid:0, cpu:30, pid:3504], folio[virt:0x7f122ddff970, phys:0x13a61c000, pfn:0x13a61c, nid:0, npages:1]
          cg.C.x-3520  [062]     1.019209: (+0)     bprint:               __handle_mm_fault: NUMAB MEM ACCESS process[nid:0, cpu:62, pid:3520], folio[virt:0x7f1223dff970, phys:0x1219e4000, pfn:0x1219e4, nid:0, npages:1]
          cg.C.x-3527  [013]     1.019209: (+0)     bprint:               __handle_mm_fault: NUMAB MEM ACCESS process[nid:1, cpu:13, pid:3527], folio[virt:0x7f121f7ff970, phys:0x1857b22000, pfn:0x1857b22, nid:1, npages:1]
          cg.C.x-3515  [052]     1.019209: (+0)     bprint:               __handle_mm_fault: NUMAB MEM ACCESS process[nid:0, cpu:52, pid:3515], folio[virt:0x7f1226fff970, phys:0x29f790000, pfn:0x29f790, nid:0, npages:1]
          cg.C.x-3545  [049]     1.019209: (+0)     bprint:               __handle_mm_fault: NUMAB MEM ACCESS process[nid:1, cpu:49, pid:3545], folio[virt:0x7f12143ff970, phys:0x18559ba000, pfn:0x18559ba, nid:1, npages:1]
          cg.C.x-3536  [031]     1.019209: (+0)     bprint:               __handle_mm_fault: NUMAB MEM ACCESS process[nid:1, cpu:31, pid:3536], folio[virt:0x7f1219dff970, phys:0x186ce5a000, pfn:0x186ce5a, nid:1, npages:1]
          cg.C.x-3529  [017]     1.019209: (+0)     bprint:               __handle_mm_fault: NUMAB MEM ACCESS process[nid:1, cpu:17, pid:3529], folio[virt:0x7f121e3ff970, phys:0x185e39c000, pfn:0x185e39c, nid:1, npages:1]
          cg.C.x-3514  [050]     1.019209: (+0)     bprint:               __handle_mm_fault: NUMAB MEM ACCESS process[nid:0, cpu:50, pid:3514], folio[virt:0x7f12279ff970, phys:0x113e32000, pfn:0x113e32, nid:0, npages:1]
          cg.C.x-3498  [018]     1.019209: (+0)     bprint:               __handle_mm_fault: NUMAB MEM ACCESS process[nid:0, cpu:18, pid:3498], folio[virt:0x7f12319ff970, phys:0x139475000, pfn:0x139475, nid:0, npages:1]
