          cg.C.x-2698  [020]     1.019871: (+1)     bprint:               __handle_mm_fault: NUMAB MEM ACCESS process[nid:0, cpu:20, pid:2698], folio[virt:0x7f379ebff9b8, phys:0x121727000, pfn:0x121727, nid:0, npages:1]
          cg.C.x-2729  [019]     1.019871: (+0)     bprint:               __handle_mm_fault: NUMAB MEM ACCESS process[nid:1, cpu:19, pid:2729], folio[virt:0x7f378b5ff9b8, phys:0x185dec0000, pfn:0x185dec0, nid:1, npages:1]
          cg.C.x-2691  [006]     1.019874: (+3)     bprint:               __handle_mm_fault: NUMAB MEM ACCESS process[nid:0, cpu:6, pid:2691], folio[virt:0x7f37a31ff9b8, phys:0x10ff6d000, pfn:0x10ff6d, nid:0, npages:1]
          cg.C.x-2740  [041]     1.019874: (+0)     bprint:               __handle_mm_fault: NUMAB MEM ACCESS process[nid:1, cpu:41, pid:2740], folio[virt:0x7f37847ff9b8, phys:0x1864bbd000, pfn:0x1864bbd, nid:1, npages:1]
          cg.C.x-2691  [006]     1.019878: (+4)     bprint:               __handle_mm_fault: NUMAB MEM ACCESS process[nid:0, cpu:6, pid:2691], folio[virt:0x7f37a3200220, phys:0x110505000, pfn:0x110505, nid:0, npages:1]
          cg.C.x-2750  [061]     1.019879: (+1)     bprint:               __handle_mm_fault: NUMAB MEM ACCESS process[nid:1, cpu:61, pid:2750], folio[virt:0x7f377e3ff9b8, phys:0x185e16f000, pfn:0x185e16f, nid:1, npages:1]
          cg.C.x-2706  [036]     1.019880: (+1)     bprint:               __handle_mm_fault: NUMAB MEM ACCESS process[nid:0, cpu:36, pid:2706], folio[virt:0x7f3799bff9b8, phys:0x123375000, pfn:0x123375, nid:0, npages:1]
          cg.C.x-2720  [001]     1.019882: (+2)     bprint:               __handle_mm_fault: NUMAB MEM ACCESS process[nid:1, cpu:1, pid:2720], folio[virt:0x7f3790fff9b8, phys:0x18578ba000, pfn:0x18578ba, nid:1, npages:1]
          cg.C.x-2717  [058]     1.019882: (+0)     bprint:               __handle_mm_fault: NUMAB MEM ACCESS process[nid:0, cpu:58, pid:2717], folio[virt:0x7f3792dff9b8, phys:0x1107c5000, pfn:0x1107c5, nid:0, npages:1]
          cg.C.x-2709  [042]     1.019883: (+1)     bprint:               __handle_mm_fault: NUMAB MEM ACCESS process[nid:0, cpu:42, pid:2709], folio[virt:0x7f3797dff9b8, phys:0x1391cd000, pfn:0x1391cd, nid:0, npages:1]
          cg.C.x-2706  [036]     1.019885: (+2)     bprint:               __handle_mm_fault: NUMAB MEM ACCESS process[nid:0, cpu:36, pid:2706], folio[virt:0x7f3799c00220, phys:0x113f57000, pfn:0x113f57, nid:0, npages:1]
          cg.C.x-2717  [058]     1.019886: (+1)     bprint:               __handle_mm_fault: NUMAB MEM ACCESS process[nid:0, cpu:58, pid:2717], folio[virt:0x7f3792e00220, phys:0x13ab1e000, pfn:0x13ab1e, nid:0, npages:1]
          cg.C.x-2693  [010]     1.019887: (+1)     bprint:               __handle_mm_fault: NUMAB MEM ACCESS process[nid:0, cpu:10, pid:2693], folio[virt:0x7f37a1dff9b8, phys:0x139f82000, pfn:0x139f82, nid:0, npages:1]
          cg.C.x-2709  [042]     1.019887: (+0)     bprint:               __handle_mm_fault: NUMAB MEM ACCESS process[nid:0, cpu:42, pid:2709], folio[virt:0x7f3797e00220, phys:0x13a124000, pfn:0x13a124, nid:0, npages:1]
          cg.C.x-2693  [010]     1.019891: (+4)     bprint:               __handle_mm_fault: NUMAB MEM ACCESS process[nid:0, cpu:10, pid:2693], folio[virt:0x7f37a1e00220, phys:0x11112d000, pfn:0x11112d, nid:0, npages:1]
          cg.C.x-2700  [024]     1.019892: (+1)     bprint:               __handle_mm_fault: NUMAB MEM ACCESS process[nid:0, cpu:24, pid:2700], folio[virt:0x7f379d7ff9b8, phys:0x139cca000, pfn:0x139cca, nid:0, npages:1]
          cg.C.x-2700  [024]     1.019895: (+3)     bprint:               __handle_mm_fault: NUMAB MEM ACCESS process[nid:0, cpu:24, pid:2700], folio[virt:0x7f379d800220, phys:0x1395cd000, pfn:0x1395cd, nid:0, npages:1]
          cg.C.x-2712  [048]     1.019899: (+4)     bprint:               __handle_mm_fault: NUMAB MEM ACCESS process[nid:0, cpu:48, pid:2712], folio[virt:0x7f3795fff9b8, phys:0x12172d000, pfn:0x12172d, nid:0, npages:1]
          cg.C.x-2716  [056]     1.019903: (+4)     bprint:               __handle_mm_fault: NUMAB MEM ACCESS process[nid:0, cpu:56, pid:2716], folio[virt:0x7f37937ff9b8, phys:0x139f02000, pfn:0x139f02, nid:0, npages:1]
          cg.C.x-2712  [048]     1.019903: (+0)     bprint:               __handle_mm_fault: NUMAB MEM ACCESS process[nid:0, cpu:48, pid:2712], folio[virt:0x7f3796000220, phys:0x13a75a000, pfn:0x13a75a, nid:0, npages:1]
          cg.C.x-2716  [056]     1.019907: (+4)     bprint:               __handle_mm_fault: NUMAB MEM ACCESS process[nid:0, cpu:56, pid:2716], folio[virt:0x7f3793800220, phys:0x112c74000, pfn:0x112c74, nid:0, npages:1]
          cg.C.x-2705  [034]     1.019908: (+1)     bprint:               __handle_mm_fault: NUMAB MEM ACCESS process[nid:0, cpu:34, pid:2705], folio[virt:0x7f379a5ff9b8, phys:0x13b006000, pfn:0x13b006, nid:0, npages:1]
          cg.C.x-2737  [035]     1.019909: (+1)     bprint:               __handle_mm_fault: NUMAB MEM ACCESS process[nid:1, cpu:35, pid:2737], folio[virt:0x7f37865ff9b8, phys:0x1857080000, pfn:0x1857080, nid:1, npages:1]
          cg.C.x-2705  [034]     1.019912: (+3)     bprint:               __handle_mm_fault: NUMAB MEM ACCESS process[nid:0, cpu:34, pid:2705], folio[virt:0x7f379a600220, phys:0x1231f9000, pfn:0x1231f9, nid:0, npages:1]
          cg.C.x-2708  [040]     1.019915: (+3)     bprint:               __handle_mm_fault: NUMAB MEM ACCESS process[nid:0, cpu:40, pid:2708], folio[virt:0x7f37987ff9b8, phys:0x12140d000, pfn:0x12140d, nid:0, npages:1]
          cg.C.x-2708  [040]     1.019918: (+3)     bprint:               __handle_mm_fault: NUMAB MEM ACCESS process[nid:0, cpu:40, pid:2708], folio[virt:0x7f3798800220, phys:0x13928e000, pfn:0x13928e, nid:0, npages:1]
          cg.C.x-2707  [038]     1.019923: (+5)     bprint:               __handle_mm_fault: NUMAB MEM ACCESS process[nid:0, cpu:38, pid:2707], folio[virt:0x7f37991ff9b8, phys:0x116312000, pfn:0x116312, nid:0, npages:1]
          cg.C.x-2707  [038]     1.019927: (+4)     bprint:               __handle_mm_fault: NUMAB MEM ACCESS process[nid:0, cpu:38, pid:2707], folio[virt:0x7f3799200220, phys:0x13a33a000, pfn:0x13a33a, nid:0, npages:1]
          cg.C.x-2690  [004]     1.019927: (+0)     bprint:               __handle_mm_fault: NUMAB MEM ACCESS process[nid:0, cpu:4, pid:2690], folio[virt:0x7f37a3bff9b8, phys:0x15367a000, pfn:0x15367a, nid:0, npages:1]
          cg.C.x-2696  [016]     1.019929: (+2)     bprint:               __handle_mm_fault: NUMAB MEM ACCESS process[nid:0, cpu:16, pid:2696], folio[virt:0x7f379ffff9b8, phys:0x121cf8000, pfn:0x121cf8, nid:0, npages:1]
          cg.C.x-2714  [052]     1.019930: (+1)     bprint:               __handle_mm_fault: NUMAB MEM ACCESS process[nid:0, cpu:52, pid:2714], folio[virt:0x7f3794bff9b8, phys:0x15372f000, pfn:0x15372f, nid:0, npages:1]
          cg.C.x-2715  [054]     1.019930: (+0)     bprint:               __handle_mm_fault: NUMAB MEM ACCESS process[nid:0, cpu:54, pid:2715], folio[virt:0x7f37941ff9b8, phys:0x13961d000, pfn:0x13961d, nid:0, npages:1]
          cg.C.x-2690  [004]     1.019931: (+1)     bprint:               __handle_mm_fault: NUMAB MEM ACCESS process[nid:0, cpu:4, pid:2690], folio[virt:0x7f37a3c00220, phys:0x121e27000, pfn:0x121e27, nid:0, npages:1]
          cg.C.x-2696  [016]     1.019932: (+1)     bprint:               __handle_mm_fault: NUMAB MEM ACCESS process[nid:0, cpu:16, pid:2696], folio[virt:0x7f37a0000220, phys:0x10ffd3000, pfn:0x10ffd3, nid:0, npages:1]
          cg.C.x-2715  [054]     1.019934: (+2)     bprint:               __handle_mm_fault: NUMAB MEM ACCESS process[nid:0, cpu:54, pid:2715], folio[virt:0x7f3794200220, phys:0x113db6000, pfn:0x113db6, nid:0, npages:1]
          cg.C.x-2692  [008]     1.019939: (+5)     bprint:               __handle_mm_fault: NUMAB MEM ACCESS process[nid:0, cpu:8, pid:2692], folio[virt:0x7f37a27ff9b8, phys:0x13b008000, pfn:0x13b008, nid:0, npages:1]
          cg.C.x-2702  [028]     1.019939: (+0)     bprint:               __handle_mm_fault: NUMAB MEM ACCESS process[nid:0, cpu:28, pid:2702], folio[virt:0x7f379c3ff9b8, phys:0x1204a9000, pfn:0x1204a9, nid:0, npages:1]
          cg.C.x-2692  [008]     1.019942: (+3)     bprint:               __handle_mm_fault: NUMAB MEM ACCESS process[nid:0, cpu:8, pid:2692], folio[virt:0x7f37a2800220, phys:0x139ca7000, pfn:0x139ca7, nid:0, npages:1]
          cg.C.x-2702  [028]     1.019943: (+1)     bprint:               __handle_mm_fault: NUMAB MEM ACCESS process[nid:0, cpu:28, pid:2702], folio[virt:0x7f379c400220, phys:0x1231ca000, pfn:0x1231ca, nid:0, npages:1]
          cg.C.x-2699  [022]     1.019948: (+5)     bprint:               __handle_mm_fault: NUMAB MEM ACCESS process[nid:0, cpu:22, pid:2699], folio[virt:0x7f379e1ff9b8, phys:0x153656000, pfn:0x153656, nid:0, npages:1]
          cg.C.x-2699  [022]     1.019952: (+4)     bprint:               __handle_mm_fault: NUMAB MEM ACCESS process[nid:0, cpu:22, pid:2699], folio[virt:0x7f379e200220, phys:0x10ffd7000, pfn:0x10ffd7, nid:0, npages:1]
          cg.C.x-2713  [050]     1.019957: (+5)     bprint:               __handle_mm_fault: NUMAB MEM ACCESS process[nid:0, cpu:50, pid:2713], folio[virt:0x7f37a482d000, phys:0x11239f000, pfn:0x11239f, nid:0, npages:1]
          cg.C.x-2713  [050]     1.019986: (+29)    bprint:               __handle_mm_fault: NUMAB MEM ACCESS process[nid:0, cpu:50, pid:2713], folio[virt:0x7f37955ff9b8, phys:0x12276f000, pfn:0x12276f, nid:0, npages:1]
          cg.C.x-2697  [018]     1.019988: (+2)     bprint:               __handle_mm_fault: NUMAB MEM ACCESS process[nid:0, cpu:18, pid:2697], folio[virt:0x7f379f5ff9b8, phys:0x139ccf000, pfn:0x139ccf, nid:0, npages:1]
          cg.C.x-2713  [050]     1.019990: (+2)     bprint:               __handle_mm_fault: NUMAB MEM ACCESS process[nid:0, cpu:50, pid:2713], folio[virt:0x7f3795600220, phys:0x139173000, pfn:0x139173, nid:0, npages:1]
          cg.C.x-2697  [018]     1.019992: (+2)     bprint:               __handle_mm_fault: NUMAB MEM ACCESS process[nid:0, cpu:18, pid:2697], folio[virt:0x7f379f600220, phys:0xae553a000, pfn:0xae553a, nid:0, npages:1]
          cg.C.x-2703  [030]     1.020037: (+45)    bprint:               __handle_mm_fault: NUMAB MEM ACCESS process[nid:0, cpu:30, pid:2703], folio[virt:0x7f37a47ff000, phys:0x153ba8000, pfn:0x153ba8, nid:0, npages:1]
          cg.C.x-2742  [045]     1.020111: (+74)    bprint:               do_huge_pmd_numa_page: NUMAB MEM ACCESS huge page process[nid:1, cpu:45, pid:2742], folio[virt:0x7f37b3600000, ker:0xffff940bbca00000, pfn:0x1a3ca00, nid:1, npages:512]
          cg.C.x-2742  [045]     1.020190: (+79)    bprint:               __handle_mm_fault: NUMAB MEM ACCESS process[nid:1, cpu:45, pid:2742], folio[virt:0x7f37a48b1000, phys:0x1866aa3000, pfn:0x1866aa3, nid:1, npages:1]
          cg.C.x-2703  [030]     1.020209: (+19)    bprint:               __handle_mm_fault: NUMAB MEM ACCESS process[nid:0, cpu:30, pid:2703], folio[virt:0x7f379b9ff9b8, phys:0x11351e000, pfn:0x11351e, nid:0, npages:1]
          cg.C.x-2703  [030]     1.020212: (+3)     bprint:               __handle_mm_fault: NUMAB MEM ACCESS process[nid:0, cpu:30, pid:2703], folio[virt:0x7f379ba00220, phys:0x1109e5000, pfn:0x1109e5, nid:0, npages:1]
          cg.C.x-2719  [062]     1.020392: (+180)   bprint:               __handle_mm_fault: NUMAB MEM ACCESS process[nid:0, cpu:62, pid:2719], folio[virt:0x7f37a4848000, phys:0x185eb78000, pfn:0x185eb78, nid:1, npages:1]
          cg.C.x-2719  [062]     1.020393: (+1)     bprint:               __handle_mm_fault: NUMAB TRY MEM MIGR process[nid:0, cpu:62, pid:2719], folio[virt:0x7f37a4848000, phys:0x185eb78000, nid:1], target_nid:0
          cg.C.x-2719  [062]     1.020403: (+10)    bprint:               __handle_mm_fault: NUMAB COMPLETED MEM MIGR process[nid:0, cpu:62, pid:2719], old[phys:0x185eb78000, nid:1, npages:1], new[phys:0x13b80e000, nid:0, npages:1]
          cg.C.x-2742  [045]     1.020532: (+129)   bprint:               __handle_mm_fault: NUMAB MEM ACCESS process[nid:1, cpu:45, pid:2742], folio[virt:0x7f37833ff9b8, phys:0x18574a1000, pfn:0x18574a1, nid:1, npages:1]
          cg.C.x-2719  [062]     1.020670: (+138)   bprint:               __handle_mm_fault: NUMAB MEM ACCESS process[nid:0, cpu:62, pid:2719], folio[virt:0x7f37919ff9b8, phys:0x112ea0000, pfn:0x112ea0, nid:0, npages:1]
          cg.C.x-2719  [062]     1.020674: (+4)     bprint:               __handle_mm_fault: NUMAB MEM ACCESS process[nid:0, cpu:62, pid:2719], folio[virt:0x7f3791a00220, phys:0x1393d6000, pfn:0x1393d6, nid:0, npages:1]
          cg.C.x-2742  [045]     1.020679: (+5)     bprint:               __handle_mm_fault: NUMAB MEM ACCESS process[nid:1, cpu:45, pid:2742], folio[virt:0x558805ada34c, phys:0x183fe7d000, pfn:0x183fe7d, nid:0, npages:1]
          cg.C.x-2742  [045]     1.020680: (+1)     bprint:               __handle_mm_fault: NUMAB TRY MEM MIGR process[nid:1, cpu:45, pid:2742], folio[virt:0x558805ada34c, phys:0x183fe7d000, nid:0], target_nid:1
          cg.C.x-2726  [013]     1.020680: (+0)     bprint:               __handle_mm_fault: NUMAB MEM ACCESS process[nid:1, cpu:13, pid:2726], folio[virt:0x558805ada34c, phys:0x183fe7d000, pfn:0x183fe7d, nid:0, npages:1]
          cg.C.x-2726  [013]     1.020682: (+2)     bprint:               __handle_mm_fault: NUMAB TRY MEM MIGR process[nid:1, cpu:13, pid:2726], folio[virt:0x558805ada34c, phys:0x183fe7d000, nid:0], target_nid:1
          cg.C.x-2720  [001]     1.020682: (+0)     bprint:               __handle_mm_fault: NUMAB MEM ACCESS process[nid:1, cpu:1, pid:2720], folio[virt:0x558805ada34c, phys:0x183fe7d000, pfn:0x183fe7d, nid:0, npages:1]
          cg.C.x-2726  [013]     1.020683: (+1)     bprint:               migrate_misplaced_folio: NUMAB pid:2726 ABORTING MEM MIGR because !isolated
          cg.C.x-2720  [001]     1.020684: (+1)     bprint:               __handle_mm_fault: NUMAB TRY MEM MIGR process[nid:1, cpu:1, pid:2720], folio[virt:0x558805ada34c, phys:0x183fe7d000, nid:0], target_nid:1
          cg.C.x-2736  [033]     1.020684: (+0)     bprint:               __handle_mm_fault: NUMAB MEM ACCESS process[nid:1, cpu:33, pid:2736], folio[virt:0x558805ada34c, phys:0x183fe7d000, pfn:0x183fe7d, nid:0, npages:1]
          cg.C.x-2720  [001]     1.020685: (+1)     bprint:               migrate_misplaced_folio: NUMAB pid:2720 ABORTING MEM MIGR because !isolated
          cg.C.x-2736  [033]     1.020685: (+0)     bprint:               __handle_mm_fault: NUMAB TRY MEM MIGR process[nid:1, cpu:33, pid:2736], folio[virt:0x558805ada34c, phys:0x183fe7d000, nid:0], target_nid:1
          cg.C.x-2736  [033]     1.020686: (+1)     bprint:               migrate_misplaced_folio: NUMAB pid:2736 ABORTING MEM MIGR because !isolated
          cg.C.x-2735  [031]     1.020686: (+0)     bprint:               __handle_mm_fault: NUMAB MEM ACCESS process[nid:1, cpu:31, pid:2735], folio[virt:0x558805ada34c, phys:0x183fe7d000, pfn:0x183fe7d, nid:0, npages:1]
          cg.C.x-2735  [031]     1.020687: (+1)     bprint:               __handle_mm_fault: NUMAB TRY MEM MIGR process[nid:1, cpu:31, pid:2735], folio[virt:0x558805ada34c, phys:0x183fe7d000, nid:0], target_nid:1
          cg.C.x-2735  [031]     1.020688: (+1)     bprint:               migrate_misplaced_folio: NUMAB pid:2735 ABORTING MEM MIGR because !isolated
          cg.C.x-2729  [019]     1.020688: (+0)     bprint:               __handle_mm_fault: NUMAB MEM ACCESS process[nid:1, cpu:19, pid:2729], folio[virt:0x558805ada34c, phys:0x183fe7d000, pfn:0x183fe7d, nid:0, npages:1]
          cg.C.x-2729  [019]     1.020690: (+2)     bprint:               __handle_mm_fault: NUMAB TRY MEM MIGR process[nid:1, cpu:19, pid:2729], folio[virt:0x558805ada34c, phys:0x183fe7d000, nid:0], target_nid:1
          cg.C.x-2729  [019]     1.020691: (+1)     bprint:               migrate_misplaced_folio: NUMAB pid:2729 ABORTING MEM MIGR because !isolated
          cg.C.x-2708  [040]     1.020692: (+1)     bprint:               __handle_mm_fault: NUMAB MEM ACCESS process[nid:0, cpu:40, pid:2708], folio[virt:0x558805ada34c, phys:0x183fe7d000, pfn:0x183fe7d, nid:0, npages:1]
          cg.C.x-2731  [023]     1.020698: (+6)     bprint:               __handle_mm_fault: NUMAB MEM ACCESS process[nid:1, cpu:23, pid:2731], folio[virt:0x7f37a487b000, phys:0x185fcbf000, pfn:0x185fcbf, nid:1, npages:1]
          cg.C.x-2689  [002]     1.020698: (+0)     bprint:               __handle_mm_fault: NUMAB MEM ACCESS process[nid:0, cpu:2, pid:2689], folio[virt:0x7f37a47bb000, phys:0x110540000, pfn:0x110540, nid:0, npages:1]
          cg.C.x-2694  [012]     1.020699: (+1)     bprint:               __handle_mm_fault: NUMAB MEM ACCESS process[nid:0, cpu:12, pid:2694], folio[virt:0x7f37a47d2000, phys:0x13948e000, pfn:0x13948e, nid:0, npages:1]
          cg.C.x-2747  [055]     1.020699: (+0)     bprint:               __handle_mm_fault: NUMAB MEM ACCESS process[nid:1, cpu:55, pid:2747], folio[virt:0x7f37a48c5000, phys:0x185790a000, pfn:0x185790a, nid:1, npages:1]
          cg.C.x-2751  [063]     1.020700: (+1)     bprint:               __handle_mm_fault: NUMAB MEM ACCESS process[nid:1, cpu:63, pid:2751], folio[virt:0x7f37a48d7000, phys:0x185e0b4000, pfn:0x185e0b4, nid:1, npages:1]
          cg.C.x-2708  [040]     1.020702: (+2)     bprint:               __handle_mm_fault: NUMAB MEM ACCESS process[nid:0, cpu:40, pid:2708], folio[virt:0x7f37a4812000, phys:0x13d089000, pfn:0x13d089, nid:0, npages:1]
          cg.C.x-2689  [002]     1.020702: (+0)     bprint:               __handle_mm_fault: NUMAB MEM ACCESS process[nid:0, cpu:2, pid:2689], folio[virt:0x7f37a47bc000, phys:0x10fe8b000, pfn:0x10fe8b, nid:0, npages:1]
          cg.C.x-2694  [012]     1.020703: (+1)     bprint:               __handle_mm_fault: NUMAB MEM ACCESS process[nid:0, cpu:12, pid:2694], folio[virt:0x7f37a47d3000, phys:0x13d1f8000, pfn:0x13d1f8, nid:0, npages:1]
          cg.C.x-2725  [011]     1.020703: (+0)     bprint:               __handle_mm_fault: NUMAB MEM ACCESS process[nid:1, cpu:11, pid:2725], folio[virt:0x7f37a4860000, phys:0x185749c000, pfn:0x185749c, nid:1, npages:1]
          cg.C.x-2740  [041]     1.020705: (+2)     bprint:               __handle_mm_fault: NUMAB MEM ACCESS process[nid:1, cpu:41, pid:2740], folio[virt:0x7f37a48a5000, phys:0x185dd1d000, pfn:0x185dd1d, nid:1, npages:1]
          cg.C.x-2731  [023]     1.020706: (+1)     bprint:               __handle_mm_fault: NUMAB MEM ACCESS process[nid:1, cpu:23, pid:2731], folio[virt:0x7f37a487c000, phys:0x186ec4e000, pfn:0x186ec4e, nid:1, npages:1]
          cg.C.x-2747  [055]     1.020709: (+3)     bprint:               __handle_mm_fault: NUMAB MEM ACCESS process[nid:1, cpu:55, pid:2747], folio[virt:0x7f37a48c6000, phys:0x185790b000, pfn:0x185790b, nid:1, npages:1]
          cg.C.x-2751  [063]     1.020710: (+1)     bprint:               __handle_mm_fault: NUMAB MEM ACCESS process[nid:1, cpu:63, pid:2751], folio[virt:0x7f37a48d8000, phys:0x185e0b5000, pfn:0x185e0b5, nid:1, npages:1]
          cg.C.x-2708  [040]     1.020712: (+2)     bprint:               __handle_mm_fault: NUMAB MEM ACCESS process[nid:0, cpu:40, pid:2708], folio[virt:0x7f37a4813000, phys:0x13d08a000, pfn:0x13d08a, nid:0, npages:1]
          cg.C.x-2725  [011]     1.020713: (+1)     bprint:               __handle_mm_fault: NUMAB MEM ACCESS process[nid:1, cpu:11, pid:2725], folio[virt:0x7f37a4861000, phys:0x1857760000, pfn:0x1857760, nid:1, npages:1]
          cg.C.x-2740  [041]     1.020714: (+1)     bprint:               __handle_mm_fault: NUMAB MEM ACCESS process[nid:1, cpu:41, pid:2740], folio[virt:0x7f37a48a6000, phys:0x1866861000, pfn:0x1866861, nid:1, npages:1]
          cg.C.x-2731  [023]     1.020715: (+1)     bprint:               __handle_mm_fault: NUMAB MEM ACCESS process[nid:1, cpu:23, pid:2731], folio[virt:0x7f37a487d000, phys:0x1866cab000, pfn:0x1866cab, nid:1, npages:1]
          cg.C.x-2724  [009]     1.020724: (+9)     sched_switch:         cg.C.x:2724 [120] D ==> swapper/9:0 [120]
          cg.C.x-2722  [005]     1.020724: (+0)     sched_switch:         cg.C.x:2722 [120] D ==> swapper/5:0 [120]
          cg.C.x-2738  [037]     1.020725: (+1)     sched_switch:         cg.C.x:2738 [120] D ==> swapper/37:0 [120]
          cg.C.x-2726  [013]     1.020726: (+1)     sched_switch:         cg.C.x:2726 [120] D ==> swapper/13:0 [120]
          cg.C.x-2716  [056]     1.020726: (+0)     sched_switch:         cg.C.x:2716 [120] D ==> swapper/56:0 [120]
          cg.C.x-2712  [048]     1.020726: (+0)     sched_switch:         cg.C.x:2712 [120] D ==> swapper/48:0 [120]
          cg.C.x-2744  [049]     1.020726: (+0)     sched_switch:         cg.C.x:2744 [120] D ==> swapper/49:0 [120]
          cg.C.x-2728  [017]     1.020727: (+1)     sched_switch:         cg.C.x:2728 [120] D ==> swapper/17:0 [120]
          cg.C.x-2739  [039]     1.020729: (+2)     sched_switch:         cg.C.x:2739 [120] D ==> swapper/39:0 [120]
          cg.C.x-2692  [008]     1.020729: (+0)     sched_switch:         cg.C.x:2692 [120] D ==> swapper/8:0 [120]
          cg.C.x-2723  [007]     1.020729: (+0)     sched_switch:         cg.C.x:2723 [120] D ==> swapper/7:0 [120]
          cg.C.x-2698  [020]     1.020730: (+1)     sched_switch:         cg.C.x:2698 [120] D ==> swapper/20:0 [120]
          cg.C.x-2711  [046]     1.020732: (+2)     sched_switch:         cg.C.x:2711 [120] D ==> swapper/46:0 [120]
          cg.C.x-2745  [051]     1.020732: (+0)     sched_switch:         cg.C.x:2745 [120] D ==> swapper/51:0 [120]
          cg.C.x-2734  [029]     1.020732: (+0)     sched_switch:         cg.C.x:2734 [120] D ==> swapper/29:0 [120]
          cg.C.x-2750  [061]     1.020732: (+0)     sched_switch:         cg.C.x:2750 [120] D ==> swapper/61:0 [120]
          cg.C.x-2720  [001]     1.020733: (+1)     sched_switch:         cg.C.x:2720 [120] D ==> swapper/1:0 [120]
          cg.C.x-2741  [043]     1.020735: (+2)     sched_switch:         cg.C.x:2741 [120] D ==> swapper/43:0 [120]
          cg.C.x-2705  [034]     1.020735: (+0)     sched_switch:         cg.C.x:2705 [120] D ==> swapper/34:0 [120]
          cg.C.x-2749  [059]     1.020737: (+2)     sched_switch:         cg.C.x:2749 [120] D ==> swapper/59:0 [120]
          cg.C.x-2733  [027]     1.020737: (+0)     sched_switch:         cg.C.x:2733 [120] D ==> swapper/27:0 [120]
          cg.C.x-2700  [024]     1.020738: (+1)     sched_switch:         cg.C.x:2700 [120] D ==> swapper/24:0 [120]
          cg.C.x-2709  [042]     1.020738: (+0)     sched_switch:         cg.C.x:2709 [120] D ==> swapper/42:0 [120]
          cg.C.x-2719  [062]     1.020738: (+0)     sched_switch:         cg.C.x:2719 [120] D ==> swapper/62:0 [120]
          cg.C.x-2736  [033]     1.020739: (+1)     sched_switch:         cg.C.x:2736 [120] D ==> swapper/33:0 [120]
          cg.C.x-2743  [047]     1.020740: (+1)     sched_switch:         cg.C.x:2743 [120] D ==> swapper/47:0 [120]
          cg.C.x-2696  [016]     1.020740: (+0)     sched_switch:         cg.C.x:2696 [120] D ==> swapper/16:0 [120]
          cg.C.x-2742  [045]     1.020741: (+1)     sched_waking:         comm=cg.C.x pid=2722 prio=120 target_cpu=005
          cg.C.x-2713  [050]     1.020741: (+0)     sched_switch:         cg.C.x:2713 [120] D ==> swapper/50:0 [120]
          cg.C.x-2732  [025]     1.020741: (+0)     sched_switch:         cg.C.x:2732 [120] D ==> swapper/25:0 [120]
          cg.C.x-2748  [057]     1.020741: (+0)     sched_switch:         cg.C.x:2748 [120] D ==> swapper/57:0 [120]
          cg.C.x-2742  [045]     1.020742: (+1)     sched_wake_idle_without_ipi: cpu=5
          cg.C.x-2742  [045]     1.020742: (+0)     sched_waking:         comm=cg.C.x pid=2724 prio=120 target_cpu=009
          cg.C.x-2742  [045]     1.020743: (+1)     sched_wake_idle_without_ipi: cpu=9
          cg.C.x-2742  [045]     1.020743: (+0)     sched_waking:         comm=cg.C.x pid=2716 prio=120 target_cpu=056
          cg.C.x-2746  [053]     1.020744: (+1)     sched_switch:         cg.C.x:2746 [120] D ==> swapper/53:0 [120]
          cg.C.x-2730  [021]     1.020744: (+0)     bprint:               __handle_mm_fault: NUMAB MEM ACCESS process[nid:1, cpu:21, pid:2730], folio[virt:0x7f37a4877000, phys:0x185e041000, pfn:0x185e041, nid:1, npages:1]
          cg.C.x-2710  [044]     1.020744: (+0)     sched_switch:         cg.C.x:2710 [120] D ==> swapper/44:0 [120]
          cg.C.x-2742  [045]     1.020744: (+0)     sched_wake_idle_without_ipi: cpu=56
          cg.C.x-2695  [014]     1.020744: (+0)     bprint:               __handle_mm_fault: NUMAB MEM ACCESS process[nid:0, cpu:14, pid:2695], folio[virt:0x7f37a47d7000, phys:0x110b3e000, pfn:0x110b3e, nid:0, npages:1]
          cg.C.x-2742  [045]     1.020745: (+1)     sched_waking:         comm=cg.C.x pid=2712 prio=120 target_cpu=048
          cg.C.x-2737  [035]     1.020745: (+0)     bprint:               __handle_mm_fault: NUMAB MEM ACCESS process[nid:1, cpu:35, pid:2737], folio[virt:0x7f37a4897000, phys:0x18586ce000, pfn:0x18586ce, nid:1, npages:1]
          <idle>-0     [005]     1.020745: (+0)     sched_wakeup:         cg.C.x:2722 [120] CPU:005
          cg.C.x-2742  [045]     1.020746: (+1)     sched_wake_idle_without_ipi: cpu=48
          cg.C.x-2742  [045]     1.020746: (+0)     sched_waking:         comm=cg.C.x pid=2726 prio=120 target_cpu=013
          cg.C.x-2697  [018]     1.020746: (+0)     bprint:               __handle_mm_fault: NUMAB MEM ACCESS process[nid:0, cpu:18, pid:2697], folio[virt:0x7f37a47e0000, phys:0x1104af000, pfn:0x1104af, nid:0, npages:1]
          <idle>-0     [009]     1.020746: (+0)     sched_wakeup:         cg.C.x:2724 [120] CPU:009
          cg.C.x-2742  [045]     1.020746: (+0)     sched_wake_idle_without_ipi: cpu=13
          cg.C.x-2721  [003]     1.020747: (+1)     bprint:               __handle_mm_fault: NUMAB MEM ACCESS process[nid:1, cpu:3, pid:2721], folio[virt:0x7f37a484e000, phys:0x1854d25000, pfn:0x1854d25, nid:1, npages:1]
          <idle>-0     [005]     1.020747: (+0)     sched_switch:         swapper/5:0 [120] R ==> cg.C.x:2722 [120]
          cg.C.x-2742  [045]     1.020747: (+0)     sched_waking:         comm=cg.C.x pid=2738 prio=120 target_cpu=037
          cg.C.x-2742  [045]     1.020748: (+1)     sched_wake_idle_without_ipi: cpu=37
          <idle>-0     [009]     1.020748: (+0)     sched_switch:         swapper/9:0 [120] R ==> cg.C.x:2724 [120]
          cg.C.x-2742  [045]     1.020748: (+0)     sched_waking:         comm=cg.C.x pid=2728 prio=120 target_cpu=017
          cg.C.x-2703  [030]     1.020748: (+0)     bprint:               __handle_mm_fault: NUMAB MEM ACCESS process[nid:0, cpu:30, pid:2703], folio[virt:0x7f37a47fb000, phys:0x110f30000, pfn:0x110f30, nid:0, npages:1]
          cg.C.x-2727  [015]     1.020748: (+0)     bprint:               __handle_mm_fault: NUMAB MEM ACCESS process[nid:1, cpu:15, pid:2727], folio[virt:0x7f37a4869000, phys:0x185fc6b000, pfn:0x185fc6b, nid:1, npages:1]
          cg.C.x-2742  [045]     1.020749: (+1)     sched_wake_idle_without_ipi: cpu=17
          cg.C.x-2742  [045]     1.020749: (+0)     sched_waking:         comm=cg.C.x pid=2744 prio=120 target_cpu=049
          cg.C.x-2735  [031]     1.020750: (+1)     bprint:               __handle_mm_fault: NUMAB MEM ACCESS process[nid:1, cpu:31, pid:2735], folio[virt:0x7f37a488e000, phys:0x185e80e000, pfn:0x185e80e, nid:1, npages:1]
          <idle>-0     [048]     1.020750: (+0)     sched_wakeup:         cg.C.x:2712 [120] CPU:048
          cg.C.x-2742  [045]     1.020750: (+0)     sched_wake_idle_without_ipi: cpu=49
          cg.C.x-2702  [028]     1.020750: (+0)     bprint:               __handle_mm_fault: NUMAB MEM ACCESS process[nid:0, cpu:28, pid:2702], folio[virt:0x7f37a47f7000, phys:0x1137ba000, pfn:0x1137ba, nid:0, npages:1]
          <idle>-0     [013]     1.020750: (+0)     sched_wakeup:         cg.C.x:2726 [120] CPU:013
          <idle>-0     [056]     1.020750: (+0)     sched_wakeup:         cg.C.x:2716 [120] CPU:056
          cg.C.x-2742  [045]     1.020751: (+1)     sched_waking:         comm=cg.C.x pid=2692 prio=120 target_cpu=008
          cg.C.x-2693  [010]     1.020751: (+0)     bprint:               __handle_mm_fault: NUMAB MEM ACCESS process[nid:0, cpu:10, pid:2693], folio[virt:0x7f37a47cd000, phys:0x15057d000, pfn:0x15057d, nid:0, npages:1]
          <idle>-0     [048]     1.020751: (+0)     sched_switch:         swapper/48:0 [120] R ==> cg.C.x:2712 [120]
          cg.C.x-2742  [045]     1.020752: (+1)     sched_wake_idle_without_ipi: cpu=8
          cg.C.x-2718  [060]     1.020752: (+0)     bprint:               __handle_mm_fault: NUMAB MEM ACCESS process[nid:0, cpu:60, pid:2718], folio[virt:0x7f37a4840000, phys:0x111fd9000, pfn:0x111fd9, nid:0, npages:1]
          <idle>-0     [037]     1.020752: (+0)     sched_wakeup:         cg.C.x:2738 [120] CPU:037
          cg.C.x-2742  [045]     1.020752: (+0)     sched_waking:         comm=cg.C.x pid=2723 prio=120 target_cpu=007
          <idle>-0     [056]     1.020752: (+0)     sched_switch:         swapper/56:0 [120] R ==> cg.C.x:2716 [120]
          <idle>-0     [013]     1.020752: (+0)     sched_switch:         swapper/13:0 [120] R ==> cg.C.x:2726 [120]
          cg.C.x-2742  [045]     1.020752: (+0)     sched_wake_idle_without_ipi: cpu=7
          <idle>-0     [049]     1.020753: (+1)     sched_wakeup:         cg.C.x:2744 [120] CPU:049
          <idle>-0     [017]     1.020753: (+0)     sched_wakeup:         cg.C.x:2728 [120] CPU:017
          cg.C.x-2690  [004]     1.020753: (+0)     bprint:               __handle_mm_fault: NUMAB MEM ACCESS process[nid:0, cpu:4, pid:2690], folio[virt:0x7f37a47c0000, phys:0x1506f2000, pfn:0x1506f2, nid:0, npages:1]
          cg.C.x-2742  [045]     1.020753: (+0)     sched_waking:         comm=cg.C.x pid=2739 prio=120 target_cpu=039
          <idle>-0     [037]     1.020753: (+0)     sched_switch:         swapper/37:0 [120] R ==> cg.C.x:2738 [120]
          cg.C.x-2729  [019]     1.020753: (+0)     bprint:               __handle_mm_fault: NUMAB MEM ACCESS process[nid:1, cpu:19, pid:2729], folio[virt:0x7f37a4872000, phys:0x18673c3000, pfn:0x18673c3, nid:1, npages:1]
          cg.C.x-2742  [045]     1.020754: (+1)     sched_wake_idle_without_ipi: cpu=39
          <idle>-0     [017]     1.020754: (+0)     sched_switch:         swapper/17:0 [120] R ==> cg.C.x:2728 [120]
          cg.C.x-2742  [045]     1.020754: (+0)     sched_waking:         comm=cg.C.x pid=2698 prio=120 target_cpu=020
          <idle>-0     [049]     1.020754: (+0)     sched_switch:         swapper/49:0 [120] R ==> cg.C.x:2744 [120]
          cg.C.x-2701  [026]     1.020755: (+1)     bprint:               __handle_mm_fault: NUMAB MEM ACCESS process[nid:0, cpu:26, pid:2701], folio[virt:0x7f37a47f2000, phys:0x10fe24000, pfn:0x10fe24, nid:0, npages:1]
          cg.C.x-2707  [038]     1.020755: (+0)     bprint:               __handle_mm_fault: NUMAB MEM ACCESS process[nid:0, cpu:38, pid:2707], folio[virt:0x7f37a480d000, phys:0x13bbe9000, pfn:0x13bbe9, nid:0, npages:1]
          cg.C.x-2742  [045]     1.020755: (+0)     sched_wake_idle_without_ipi: cpu=20
          cg.C.x-2695  [014]     1.020756: (+1)     bprint:               __handle_mm_fault: NUMAB MEM ACCESS process[nid:0, cpu:14, pid:2695], folio[virt:0x7f37a47d8000, phys:0x116399000, pfn:0x116399, nid:0, npages:1]
          <idle>-0     [007]     1.020756: (+0)     sched_wakeup:         cg.C.x:2723 [120] CPU:007
          cg.C.x-2742  [045]     1.020756: (+0)     sched_waking:         comm=cg.C.x pid=2711 prio=120 target_cpu=046
          <idle>-0     [008]     1.020756: (+0)     sched_wakeup:         cg.C.x:2692 [120] CPU:008
          <idle>-0     [039]     1.020757: (+1)     sched_wakeup:         cg.C.x:2739 [120] CPU:039
          cg.C.x-2706  [036]     1.020757: (+0)     bprint:               __handle_mm_fault: NUMAB MEM ACCESS process[nid:0, cpu:36, pid:2706], folio[virt:0x7f37a4809000, phys:0x123012000, pfn:0x123012, nid:0, npages:1]
          cg.C.x-2742  [045]     1.020757: (+0)     sched_wake_idle_without_ipi: cpu=46
          cg.C.x-2691  [006]     1.020757: (+0)     bprint:               __handle_mm_fault: NUMAB MEM ACCESS process[nid:0, cpu:6, pid:2691], folio[virt:0x7f37a47c4000, phys:0x112f24000, pfn:0x112f24, nid:0, npages:1]
          cg.C.x-2742  [045]     1.020758: (+1)     sched_waking:         comm=cg.C.x pid=2745 prio=120 target_cpu=051
          <idle>-0     [007]     1.020758: (+0)     sched_switch:         swapper/7:0 [120] R ==> cg.C.x:2723 [120]
          cg.C.x-2742  [045]     1.020758: (+0)     sched_wake_idle_without_ipi: cpu=51
          <idle>-0     [039]     1.020758: (+0)     sched_switch:         swapper/39:0 [120] R ==> cg.C.x:2739 [120]
          cg.C.x-2730  [021]     1.020758: (+0)     bprint:               __handle_mm_fault: NUMAB MEM ACCESS process[nid:1, cpu:21, pid:2730], folio[virt:0x7f37a4878000, phys:0x185e016000, pfn:0x185e016, nid:1, npages:1]
          <idle>-0     [008]     1.020758: (+0)     sched_switch:         swapper/8:0 [120] R ==> cg.C.x:2692 [120]
          cg.C.x-2742  [045]     1.020759: (+1)     sched_waking:         comm=cg.C.x pid=2734 prio=120 target_cpu=029
          cg.C.x-2742  [045]     1.020759: (+0)     sched_wake_idle_without_ipi: cpu=29
          cg.C.x-2688  [000]     1.020759: (+0)     bprint:               __handle_mm_fault: NUMAB MEM ACCESS process[nid:0, cpu:0, pid:2688], folio[virt:0x7f37a47b6010, phys:0x13a35d000, pfn:0x13a35d, nid:0, npages:1]
          cg.C.x-2742  [045]     1.020759: (+0)     sched_waking:         comm=cg.C.x pid=2750 prio=120 target_cpu=061
          <idle>-0     [020]     1.020760: (+1)     sched_wakeup:         cg.C.x:2698 [120] CPU:020
          cg.C.x-2742  [045]     1.020760: (+0)     sched_wake_idle_without_ipi: cpu=61
          cg.C.x-2714  [052]     1.020760: (+0)     bprint:               __handle_mm_fault: NUMAB MEM ACCESS process[nid:0, cpu:52, pid:2714], folio[virt:0x7f37a482e000, phys:0x13ac87000, pfn:0x13ac87, nid:0, npages:1]
          cg.C.x-2742  [045]     1.020760: (+0)     sched_waking:         comm=cg.C.x pid=2720 prio=120 target_cpu=001
          <idle>-0     [051]     1.020761: (+1)     sched_wakeup:         cg.C.x:2745 [120] CPU:051
          cg.C.x-2699  [022]     1.020761: (+0)     bprint:               __handle_mm_fault: NUMAB MEM ACCESS process[nid:0, cpu:22, pid:2699], folio[virt:0x7f37a47e9000, phys:0x139792000, pfn:0x139792, nid:0, npages:1]
          cg.C.x-2742  [045]     1.020761: (+0)     sched_wake_idle_without_ipi: cpu=1
          cg.C.x-2742  [045]     1.020761: (+0)     sched_waking:         comm=cg.C.x pid=2705 prio=120 target_cpu=034
          cg.C.x-2737  [035]     1.020762: (+1)     bprint:               __handle_mm_fault: NUMAB MEM ACCESS process[nid:1, cpu:35, pid:2737], folio[virt:0x7f37a4898000, phys:0x18586cf000, pfn:0x18586cf, nid:1, npages:1]
          <idle>-0     [020]     1.020762: (+0)     sched_switch:         swapper/20:0 [120] R ==> cg.C.x:2698 [120]
          <idle>-0     [051]     1.020762: (+0)     sched_switch:         swapper/51:0 [120] R ==> cg.C.x:2745 [120]
          cg.C.x-2697  [018]     1.020762: (+0)     bprint:               __handle_mm_fault: NUMAB MEM ACCESS process[nid:0, cpu:18, pid:2697], folio[virt:0x7f37a47e1000, phys:0x139cc1000, pfn:0x139cc1, nid:0, npages:1]
          <idle>-0     [046]     1.020762: (+0)     sched_wakeup:         cg.C.x:2711 [120] CPU:046
          cg.C.x-2742  [045]     1.020762: (+0)     sched_wake_idle_without_ipi: cpu=34
          <idle>-0     [029]     1.020763: (+1)     sched_wakeup:         cg.C.x:2734 [120] CPU:029
          cg.C.x-2703  [030]     1.020763: (+0)     bprint:               __handle_mm_fault: NUMAB MEM ACCESS process[nid:0, cpu:30, pid:2703], folio[virt:0x7f37a47fc000, phys:0x1162d9000, pfn:0x1162d9, nid:0, npages:1]
          cg.C.x-2742  [045]     1.020763: (+0)     sched_waking:         comm=cg.C.x pid=2741 prio=120 target_cpu=043
          cg.C.x-2742  [045]     1.020763: (+0)     sched_wake_idle_without_ipi: cpu=43
          <idle>-0     [061]     1.020763: (+0)     sched_wakeup:         cg.C.x:2750 [120] CPU:061
          cg.C.x-2704  [032]     1.020764: (+1)     bprint:               __handle_mm_fault: NUMAB MEM ACCESS process[nid:0, cpu:32, pid:2704], folio[virt:0x7f37a4800000, phys:0x10fef5000, pfn:0x10fef5, nid:0, npages:1]
          cg.C.x-2742  [045]     1.020764: (+0)     sched_waking:         comm=cg.C.x pid=2749 prio=120 target_cpu=059
          <idle>-0     [046]     1.020764: (+0)     sched_switch:         swapper/46:0 [120] R ==> cg.C.x:2711 [120]
          cg.C.x-2702  [028]     1.020764: (+0)     bprint:               __handle_mm_fault: NUMAB MEM ACCESS process[nid:0, cpu:28, pid:2702], folio[virt:0x7f37a47f8000, phys:0x13b9c7000, pfn:0x13b9c7, nid:0, npages:1]
          cg.C.x-2742  [045]     1.020764: (+0)     sched_wake_idle_without_ipi: cpu=59
          <idle>-0     [029]     1.020765: (+1)     sched_switch:         swapper/29:0 [120] R ==> cg.C.x:2734 [120]
          cg.C.x-2742  [045]     1.020765: (+0)     sched_waking:         comm=cg.C.x pid=2733 prio=120 target_cpu=027
          cg.C.x-2717  [058]     1.020765: (+0)     bprint:               __handle_mm_fault: NUMAB MEM ACCESS process[nid:0, cpu:58, pid:2717], folio[virt:0x7f37a483b000, phys:0x110fb9000, pfn:0x110fb9, nid:0, npages:1]
          cg.C.x-2693  [010]     1.020765: (+0)     bprint:               __handle_mm_fault: NUMAB MEM ACCESS process[nid:0, cpu:10, pid:2693], folio[virt:0x7f37a47ce000, phys:0x15057e000, pfn:0x15057e, nid:0, npages:1]
          <idle>-0     [061]     1.020765: (+0)     sched_switch:         swapper/61:0 [120] R ==> cg.C.x:2750 [120]
          cg.C.x-2742  [045]     1.020765: (+0)     sched_wake_idle_without_ipi: cpu=27
          <idle>-0     [001]     1.020765: (+0)     sched_wakeup:         cg.C.x:2720 [120] CPU:001
          cg.C.x-2742  [045]     1.020766: (+1)     sched_waking:         comm=cg.C.x pid=2719 prio=120 target_cpu=062
          cg.C.x-2715  [054]     1.020766: (+0)     bprint:               __handle_mm_fault: NUMAB MEM ACCESS process[nid:0, cpu:54, pid:2715], folio[virt:0x7f37a4832000, phys:0x1227dd000, pfn:0x1227dd, nid:0, npages:1]
          cg.C.x-2690  [004]     1.020766: (+0)     bprint:               __handle_mm_fault: NUMAB MEM ACCESS process[nid:0, cpu:4, pid:2690], folio[virt:0x7f37a47c1000, phys:0x111cb8000, pfn:0x111cb8, nid:0, npages:1]
          <idle>-0     [043]     1.020767: (+1)     sched_wakeup:         cg.C.x:2741 [120] CPU:043
          cg.C.x-2742  [045]     1.020767: (+0)     sched_wake_idle_without_ipi: cpu=62
          <idle>-0     [001]     1.020767: (+0)     sched_switch:         swapper/1:0 [120] R ==> cg.C.x:2720 [120]
          cg.C.x-2742  [045]     1.020767: (+0)     sched_waking:         comm=cg.C.x pid=2700 prio=120 target_cpu=024
          <idle>-0     [034]     1.020768: (+1)     sched_wakeup:         cg.C.x:2705 [120] CPU:034
          cg.C.x-2721  [003]     1.020768: (+0)     bprint:               __handle_mm_fault: NUMAB MEM ACCESS process[nid:1, cpu:3, pid:2721], folio[virt:0x7f37a484f000, phys:0x1856f91000, pfn:0x1856f91, nid:1, npages:1]
          cg.C.x-2701  [026]     1.020768: (+0)     bprint:               __handle_mm_fault: NUMAB MEM ACCESS process[nid:0, cpu:26, pid:2701], folio[virt:0x7f37a47f3000, phys:0x120514000, pfn:0x120514, nid:0, npages:1]
          <idle>-0     [043]     1.020768: (+0)     sched_switch:         swapper/43:0 [120] R ==> cg.C.x:2741 [120]
          cg.C.x-2742  [045]     1.020768: (+0)     sched_wake_idle_without_ipi: cpu=24
          cg.C.x-2727  [015]     1.020769: (+1)     bprint:               __handle_mm_fault: NUMAB MEM ACCESS process[nid:1, cpu:15, pid:2727], folio[virt:0x7f37a486a000, phys:0x186d3f1000, pfn:0x186d3f1, nid:1, npages:1]
          cg.C.x-2742  [045]     1.020769: (+0)     sched_waking:         comm=cg.C.x pid=2709 prio=120 target_cpu=042
          <idle>-0     [027]     1.020769: (+0)     sched_wakeup:         cg.C.x:2733 [120] CPU:027
          <idle>-0     [059]     1.020769: (+0)     sched_wakeup:         cg.C.x:2749 [120] CPU:059
          cg.C.x-2691  [006]     1.020770: (+1)     bprint:               __handle_mm_fault: NUMAB MEM ACCESS process[nid:0, cpu:6, pid:2691], folio[virt:0x7f37a47c5000, phys:0x112f32000, pfn:0x112f32, nid:0, npages:1]
          cg.C.x-2742  [045]     1.020770: (+0)     sched_wake_idle_without_ipi: cpu=42
          <idle>-0     [034]     1.020770: (+0)     sched_switch:         swapper/34:0 [120] R ==> cg.C.x:2705 [120]
          cg.C.x-2722  [005]     1.020770: (+0)     bprint:               __handle_mm_fault: NUMAB MEM ACCESS process[nid:1, cpu:5, pid:2722], folio[virt:0x7f37a4852000, phys:0x186cc3b000, pfn:0x186cc3b, nid:1, npages:1]
          cg.C.x-2742  [045]     1.020771: (+1)     sched_waking:         comm=cg.C.x pid=2736 prio=120 target_cpu=033
          cg.C.x-2688  [000]     1.020771: (+0)     bprint:               __handle_mm_fault: NUMAB MEM ACCESS process[nid:0, cpu:0, pid:2688], folio[virt:0x7f37a47b7000, phys:0x11628a000, pfn:0x11628a, nid:0, npages:1]
          <idle>-0     [027]     1.020771: (+0)     sched_switch:         swapper/27:0 [120] R ==> cg.C.x:2733 [120]
          <idle>-0     [059]     1.020771: (+0)     sched_switch:         swapper/59:0 [120] R ==> cg.C.x:2749 [120]
          cg.C.x-2742  [045]     1.020771: (+0)     sched_wake_idle_without_ipi: cpu=33
          cg.C.x-2742  [045]     1.020772: (+1)     sched_waking:         comm=cg.C.x pid=2713 prio=120 target_cpu=050
          cg.C.x-2724  [009]     1.020772: (+0)     bprint:               __handle_mm_fault: NUMAB MEM ACCESS process[nid:1, cpu:9, pid:2724], folio[virt:0x7f37a485b000, phys:0x186746f000, pfn:0x186746f, nid:1, npages:1]
          cg.C.x-2692  [008]     1.020772: (+0)     bprint:               __handle_mm_fault: NUMAB MEM ACCESS process[nid:0, cpu:8, pid:2692], folio[virt:0x7f37a47c9000, phys:0x12165d000, pfn:0x12165d, nid:0, npages:1]
          <idle>-0     [024]     1.020772: (+0)     sched_wakeup:         cg.C.x:2700 [120] CPU:024
          <idle>-0     [062]     1.020772: (+0)     sched_wakeup:         cg.C.x:2719 [120] CPU:062
          cg.C.x-2742  [045]     1.020773: (+1)     sched_wake_idle_without_ipi: cpu=50
          cg.C.x-2742  [045]     1.020773: (+0)     sched_waking:         comm=cg.C.x pid=2696 prio=120 target_cpu=016
          cg.C.x-2735  [031]     1.020773: (+0)     bprint:               __handle_mm_fault: NUMAB MEM ACCESS process[nid:1, cpu:31, pid:2735], folio[virt:0x7f37a488f000, phys:0x185ead4000, pfn:0x185ead4, nid:1, npages:1]
          cg.C.x-2699  [022]     1.020773: (+0)     bprint:               __handle_mm_fault: NUMAB MEM ACCESS process[nid:0, cpu:22, pid:2699], folio[virt:0x7f37a47ea000, phys:0x1136af000, pfn:0x1136af, nid:0, npages:1]
          <idle>-0     [024]     1.020774: (+1)     sched_switch:         swapper/24:0 [120] R ==> cg.C.x:2700 [120]
          <idle>-0     [062]     1.020774: (+0)     sched_switch:         swapper/62:0 [120] R ==> cg.C.x:2719 [120]
          cg.C.x-2742  [045]     1.020774: (+0)     sched_wake_idle_without_ipi: cpu=16
          cg.C.x-2718  [060]     1.020774: (+0)     bprint:               __handle_mm_fault: NUMAB MEM ACCESS process[nid:0, cpu:60, pid:2718], folio[virt:0x7f37a4841000, phys:0x111fda000, pfn:0x111fda, nid:0, npages:1]
          cg.C.x-2742  [045]     1.020775: (+1)     sched_waking:         comm=cg.C.x pid=2743 prio=120 target_cpu=047
          cg.C.x-2698  [020]     1.020775: (+0)     bprint:               __handle_mm_fault: NUMAB MEM ACCESS process[nid:0, cpu:20, pid:2698], folio[virt:0x7f37a47e4000, phys:0x121d6f000, pfn:0x121d6f, nid:0, npages:1]
          <idle>-0     [033]     1.020775: (+0)     sched_wakeup:         cg.C.x:2736 [120] CPU:033
          <idle>-0     [042]     1.020775: (+0)     sched_wakeup:         cg.C.x:2709 [120] CPU:042
          cg.C.x-2742  [045]     1.020775: (+0)     sched_wake_idle_without_ipi: cpu=47
          cg.C.x-2712  [048]     1.020776: (+1)     bprint:               __handle_mm_fault: NUMAB MEM ACCESS process[nid:0, cpu:48, pid:2712], folio[virt:0x7f37a4824000, phys:0x12301d000, pfn:0x12301d, nid:0, npages:1]
          cg.C.x-2742  [045]     1.020776: (+0)     sched_waking:         comm=cg.C.x pid=2732 prio=120 target_cpu=025
          <idle>-0     [033]     1.020776: (+0)     sched_switch:         swapper/33:0 [120] R ==> cg.C.x:2736 [120]
          cg.C.x-2742  [045]     1.020777: (+1)     sched_wake_idle_without_ipi: cpu=25
          cg.C.x-2692  [008]     1.020777: (+0)     bprint:               __handle_mm_fault: NUMAB MEM ACCESS process[nid:0, cpu:8, pid:2692], folio[virt:0x7f37a47ca000, phys:0x139c1b000, pfn:0x139c1b, nid:0, npages:1]
          <idle>-0     [042]     1.020777: (+0)     sched_switch:         swapper/42:0 [120] R ==> cg.C.x:2709 [120]
          cg.C.x-2742  [045]     1.020777: (+0)     sched_waking:         comm=cg.C.x pid=2748 prio=120 target_cpu=057
          <idle>-0     [047]     1.020777: (+0)     sched_wakeup:         cg.C.x:2743 [120] CPU:047
          cg.C.x-2742  [045]     1.020777: (+0)     sched_wake_idle_without_ipi: cpu=57
          cg.C.x-2738  [037]     1.020778: (+1)     bprint:               __handle_mm_fault: NUMAB MEM ACCESS process[nid:1, cpu:37, pid:2738], folio[virt:0x7f37a489b000, phys:0x186ccda000, pfn:0x186ccda, nid:1, npages:1]
          cg.C.x-2742  [045]     1.020778: (+0)     sched_waking:         comm=cg.C.x pid=2746 prio=120 target_cpu=053
          <idle>-0     [050]     1.020778: (+0)     sched_wakeup:         cg.C.x:2713 [120] CPU:050
          <idle>-0     [047]     1.020778: (+0)     sched_switch:         swapper/47:0 [120] R ==> cg.C.x:2743 [120]
          cg.C.x-2742  [045]     1.020778: (+0)     sched_wake_idle_without_ipi: cpu=53
          cg.C.x-2729  [019]     1.020779: (+1)     bprint:               __handle_mm_fault: NUMAB MEM ACCESS process[nid:1, cpu:19, pid:2729], folio[virt:0x7f37a4873000, phys:0x186c6d5000, pfn:0x186c6d5, nid:1, npages:1]
          cg.C.x-2698  [020]     1.020779: (+0)     bprint:               __handle_mm_fault: NUMAB MEM ACCESS process[nid:0, cpu:20, pid:2698], folio[virt:0x7f37a47e5000, phys:0x1535c3000, pfn:0x1535c3, nid:0, npages:1]
          <idle>-0     [016]     1.020779: (+0)     sched_wakeup:         cg.C.x:2696 [120] CPU:016
          cg.C.x-2742  [045]     1.020779: (+0)     sched_waking:         comm=cg.C.x pid=2710 prio=120 target_cpu=044
          <idle>-0     [057]     1.020780: (+1)     sched_wakeup:         cg.C.x:2748 [120] CPU:057
          <idle>-0     [025]     1.020780: (+0)     sched_wakeup:         cg.C.x:2732 [120] CPU:025
          <idle>-0     [050]     1.020780: (+0)     sched_switch:         swapper/50:0 [120] R ==> cg.C.x:2713 [120]
          cg.C.x-2742  [045]     1.020780: (+0)     sched_wake_idle_without_ipi: cpu=44
          cg.C.x-2700  [024]     1.020780: (+0)     bprint:               __handle_mm_fault: NUMAB MEM ACCESS process[nid:0, cpu:24, pid:2700], folio[virt:0x7f37a47ed000, phys:0x13ae66000, pfn:0x13ae66, nid:0, npages:1]
          <idle>-0     [016]     1.020780: (+0)     sched_switch:         swapper/16:0 [120] R ==> cg.C.x:2696 [120]
          cg.C.x-2726  [013]     1.020780: (+0)     bprint:               __handle_mm_fault: NUMAB MEM ACCESS process[nid:1, cpu:13, pid:2726], folio[virt:0x7f37a4864000, phys:0x18673d0000, pfn:0x18673d0, nid:1, npages:1]
          <idle>-0     [053]     1.020781: (+1)     sched_wakeup:         cg.C.x:2746 [120] CPU:053
          <idle>-0     [025]     1.020781: (+0)     sched_switch:         swapper/25:0 [120] R ==> cg.C.x:2732 [120]
          <idle>-0     [057]     1.020781: (+0)     sched_switch:         swapper/57:0 [120] R ==> cg.C.x:2748 [120]
          cg.C.x-2716  [056]     1.020782: (+1)     bprint:               __handle_mm_fault: NUMAB MEM ACCESS process[nid:0, cpu:56, pid:2716], folio[virt:0x7f37a4837000, phys:0x139f0a000, pfn:0x139f0a, nid:0, npages:1]
          <idle>-0     [053]     1.020783: (+1)     sched_switch:         swapper/53:0 [120] R ==> cg.C.x:2746 [120]
          cg.C.x-2742  [045]     1.020783: (+0)     bprint:               __handle_mm_fault: NUMAB COMPLETED MEM MIGR process[nid:1, cpu:45, pid:2742], old[phys:0x183fe7d000, nid:0, npages:1], new[phys:0x186cd78000, nid:1, npages:1]
          cg.C.x-2707  [038]     1.020784: (+1)     bprint:               __handle_mm_fault: NUMAB MEM ACCESS process[nid:0, cpu:38, pid:2707], folio[virt:0x7f37a480e000, phys:0x110536000, pfn:0x110536, nid:0, npages:1]
          <idle>-0     [044]     1.020785: (+1)     sched_wakeup:         cg.C.x:2710 [120] CPU:044
          cg.C.x-2744  [049]     1.020785: (+0)     bprint:               __handle_mm_fault: NUMAB MEM ACCESS process[nid:1, cpu:49, pid:2744], folio[virt:0x7f37a48b7000, phys:0x185dcd7000, pfn:0x185dcd7, nid:1, npages:1]
          cg.C.x-2700  [024]     1.020785: (+0)     bprint:               __handle_mm_fault: NUMAB MEM ACCESS process[nid:0, cpu:24, pid:2700], folio[virt:0x7f37a47ee000, phys:0x139cc4000, pfn:0x139cc4, nid:0, npages:1]
          cg.C.x-2696  [016]     1.020787: (+2)     bprint:               __handle_mm_fault: NUMAB MEM ACCESS process[nid:0, cpu:16, pid:2696], folio[virt:0x7f37a47db000, phys:0x1108e4000, pfn:0x1108e4, nid:0, npages:1]
          <idle>-0     [044]     1.020787: (+0)     sched_switch:         swapper/44:0 [120] R ==> cg.C.x:2710 [120]
          cg.C.x-2728  [017]     1.020787: (+0)     bprint:               __handle_mm_fault: NUMAB MEM ACCESS process[nid:1, cpu:17, pid:2728], folio[virt:0x7f37a486e000, phys:0x1868106000, pfn:0x1868106, nid:1, npages:1]
