          cg.C.x-2289  [025]     0.007732: (+0)     sched_wakeup:         kworker/25:1:741 [120] CPU:025
          cg.C.x-2305  [057]     0.007732: (+0)     sched_wakeup:         kworker/57:2:1818 [120] CPU:057
          cg.C.x-2303  [053]     0.007733: (+1)     sched_wakeup:         kworker/53:1:588 [120] CPU:053
          cg.C.x-2287  [021]     0.007733: (+0)     sched_wakeup:         kworker/21:1:721 [120] CPU:021
          cg.C.x-2308  [063]     0.007733: (+0)     sched_wakeup:         kworker/63:1:654 [120] CPU:063
          cg.C.x-2282  [011]     0.007733: (+0)     sched_wakeup:         kworker/11:1:545 [120] CPU:011
          cg.C.x-2298  [043]     0.007733: (+0)     sched_wakeup:         kworker/43:1:736 [120] CPU:043
          cg.C.x-2290  [027]     0.007733: (+0)     sched_wakeup:         kworker/27:1:722 [120] CPU:027
          cg.C.x-2299  [045]     0.007734: (+1)     sched_wakeup:         kworker/45:1:546 [120] CPU:045
          cg.C.x-2297  [041]     0.007734: (+0)     sched_wakeup:         kworker/41:1:587 [120] CPU:041
          cg.C.x-2281  [009]     0.007734: (+0)     sched_wakeup:         kworker/9:1:713 [120] CPU:009
          cg.C.x-2288  [023]     0.007734: (+0)     sched_wakeup:         kworker/23:0:157 [120] CPU:023
          cg.C.x-2304  [055]     0.007734: (+0)     sched_wakeup:         kworker/55:1:501 [120] CPU:055
          cg.C.x-2275  [060]     0.007734: (+0)     sched_wakeup:         kworker/60:1:744 [120] CPU:060
          cg.C.x-2286  [019]     0.007735: (+1)     sched_wakeup:         kworker/19:1:717 [120] CPU:019
          cg.C.x-2249  [008]     0.007735: (+0)     sched_wakeup:         kworker/8:2:1021 [120] CPU:008
          cg.C.x-2263  [036]     0.007736: (+1)     sched_wakeup:         kworker/36:1:715 [120] CPU:036
          cg.C.x-2293  [033]     0.007738: (+2)     sched_switch:         cg.C.x:2293 [120] R ==> kworker/33:1:484 [120]
          cg.C.x-2303  [053]     0.007739: (+1)     sched_switch:         cg.C.x:2303 [120] R ==> kworker/53:1:588 [120]
          cg.C.x-2308  [063]     0.007739: (+0)     sched_switch:         cg.C.x:2308 [120] R ==> kworker/63:1:654 [120]
          cg.C.x-2305  [057]     0.007739: (+0)     sched_switch:         cg.C.x:2305 [120] R ==> kworker/57:2:1818 [120]
          cg.C.x-2294  [035]     0.007739: (+0)     sched_switch:         cg.C.x:2294 [120] R ==> kworker/35:1:723 [120]
          cg.C.x-2296  [039]     0.007739: (+0)     sched_switch:         cg.C.x:2296 [120] R ==> kworker/39:1:586 [120]
          cg.C.x-2298  [043]     0.007739: (+0)     sched_switch:         cg.C.x:2298 [120] R ==> kworker/43:1:736 [120]
          cg.C.x-2299  [045]     0.007739: (+0)     sched_switch:         cg.C.x:2299 [120] R ==> kworker/45:1:546 [120]
          cg.C.x-2300  [047]     0.007739: (+0)     sched_switch:         cg.C.x:2300 [120] R ==> kworker/47:0:301 [120]
          cg.C.x-2297  [041]     0.007740: (+1)     sched_switch:         cg.C.x:2297 [120] R ==> kworker/41:1:587 [120]
          cg.C.x-2304  [055]     0.007740: (+0)     sched_switch:         cg.C.x:2304 [120] R ==> kworker/55:1:501 [120]
          cg.C.x-2262  [034]     0.007741: (+1)     sched_wakeup:         kworker/u129:23:448 [120] CPU:034
          cg.C.x-2275  [060]     0.007741: (+0)     sched_switch:         cg.C.x:2275 [120] R ==> kworker/60:1:744 [120]
          cg.C.x-2284  [015]     0.007741: (+0)     sched_switch:         cg.C.x:2284 [120] R ==> kworker/15:1:483 [120]
          cg.C.x-2278  [003]     0.007741: (+0)     sched_switch:         cg.C.x:2278 [120] R ==> kworker/3:1:707 [120]
          cg.C.x-2289  [025]     0.007741: (+0)     sched_switch:         cg.C.x:2289 [120] R ==> kworker/25:1:741 [120]
          cg.C.x-2292  [031]     0.007741: (+0)     sched_switch:         cg.C.x:2292 [120] R ==> kworker/31:1:492 [120]
          cg.C.x-2287  [021]     0.007741: (+0)     sched_switch:         cg.C.x:2287 [120] R ==> kworker/21:1:721 [120]
          cg.C.x-2291  [029]     0.007741: (+0)     sched_switch:         cg.C.x:2291 [120] R ==> kworker/29:1:497 [120]
          cg.C.x-2301  [049]     0.007741: (+0)     sched_switch:         cg.C.x:2301 [120] R ==> kworker/49:2:956 [120]
          cg.C.x-2285  [017]     0.007741: (+0)     sched_switch:         cg.C.x:2285 [120] R ==> kworker/17:1:486 [120]
          cg.C.x-2280  [007]     0.007741: (+0)     sched_switch:         cg.C.x:2280 [120] R ==> kworker/7:1:482 [120]
          cg.C.x-2263  [036]     0.007741: (+0)     sched_switch:         cg.C.x:2263 [120] R ==> kworker/36:1:715 [120]
          cg.C.x-2288  [023]     0.007742: (+1)     sched_switch:         cg.C.x:2288 [120] R ==> kworker/23:0:157 [120]
          cg.C.x-2281  [009]     0.007742: (+0)     sched_switch:         cg.C.x:2281 [120] R ==> kworker/9:1:713 [120]
          cg.C.x-2282  [011]     0.007742: (+0)     sched_switch:         cg.C.x:2282 [120] R ==> kworker/11:1:545 [120]
          cg.C.x-2290  [027]     0.007743: (+1)     sched_switch:         cg.C.x:2290 [120] R ==> kworker/27:1:722 [120]
          cg.C.x-2286  [019]     0.007744: (+1)     sched_switch:         cg.C.x:2286 [120] R ==> kworker/19:1:717 [120]
          cg.C.x-2249  [008]     0.007744: (+0)     sched_switch:         cg.C.x:2249 [120] R ==> kworker/8:2:1021 [120]
    kworker/33:1-484   [033]     0.007744: (+0)     sched_switch:         kworker/33:1:484 [120] I ==> cg.C.x:2293 [120]
    kworker/43:1-736   [043]     0.007746: (+2)     sched_switch:         kworker/43:1:736 [120] I ==> cg.C.x:2298 [120]
          cg.C.x-2262  [034]     0.007746: (+0)     sched_switch:         cg.C.x:2262 [120] R ==> kworker/u129:23:448 [120]
    kworker/45:1-546   [045]     0.007746: (+0)     sched_switch:         kworker/45:1:546 [120] I ==> cg.C.x:2299 [120]
    kworker/15:1-483   [015]     0.007746: (+0)     sched_switch:         kworker/15:1:483 [120] I ==> cg.C.x:2284 [120]
    kworker/41:1-587   [041]     0.007746: (+0)     sched_switch:         kworker/41:1:587 [120] I ==> cg.C.x:2297 [120]
    kworker/47:0-301   [047]     0.007746: (+0)     sched_switch:         kworker/47:0:301 [120] I ==> cg.C.x:2300 [120]
    kworker/55:1-501   [055]     0.007747: (+1)     sched_switch:         kworker/55:1:501 [120] I ==> cg.C.x:2304 [120]
    kworker/11:1-545   [011]     0.007747: (+0)     sched_switch:         kworker/11:1:545 [120] I ==> cg.C.x:2282 [120]
    kworker/17:1-486   [017]     0.007747: (+0)     sched_switch:         kworker/17:1:486 [120] I ==> cg.C.x:2285 [120]
    kworker/57:2-1818  [057]     0.007747: (+0)     sched_switch:         kworker/57:2:1818 [120] I ==> cg.C.x:2305 [120]
    kworker/35:1-723   [035]     0.007748: (+1)     sched_switch:         kworker/35:1:723 [120] I ==> cg.C.x:2294 [120]
    kworker/29:1-497   [029]     0.007748: (+0)     sched_switch:         kworker/29:1:497 [120] I ==> cg.C.x:2291 [120]
    kworker/63:1-654   [063]     0.007749: (+1)     sched_switch:         kworker/63:1:654 [120] I ==> cg.C.x:2308 [120]
    kworker/39:1-586   [039]     0.007750: (+1)     sched_switch:         kworker/39:1:586 [120] I ==> cg.C.x:2296 [120]
    kworker/53:1-588   [053]     0.007750: (+0)     sched_switch:         kworker/53:1:588 [120] I ==> cg.C.x:2303 [120]
    kworker/36:1-715   [036]     0.007752: (+2)     sched_switch:         kworker/36:1:715 [120] I ==> cg.C.x:2263 [120]
     kworker/8:2-1021  [008]     0.007752: (+0)     sched_switch:         kworker/8:2:1021 [120] I ==> cg.C.x:2249 [120]
    kworker/60:1-744   [060]     0.007753: (+1)     sched_switch:         kworker/60:1:744 [120] I ==> cg.C.x:2275 [120]
     kworker/3:1-707   [003]     0.007761: (+8)     sched_switch:         kworker/3:1:707 [120] I ==> cg.C.x:2278 [120]
    kworker/31:1-492   [031]     0.007762: (+1)     sched_switch:         kworker/31:1:492 [120] I ==> cg.C.x:2292 [120]
    kworker/21:1-721   [021]     0.007763: (+1)     sched_switch:         kworker/21:1:721 [120] I ==> cg.C.x:2287 [120]
     kworker/7:1-482   [007]     0.007764: (+1)     sched_switch:         kworker/7:1:482 [120] I ==> cg.C.x:2280 [120]
    kworker/49:2-956   [049]     0.007765: (+1)     sched_switch:         kworker/49:2:956 [120] I ==> cg.C.x:2301 [120]
     kworker/9:1-713   [009]     0.007766: (+1)     sched_switch:         kworker/9:1:713 [120] I ==> cg.C.x:2281 [120]
    kworker/23:0-157   [023]     0.007767: (+1)     sched_switch:         kworker/23:0:157 [120] I ==> cg.C.x:2288 [120]
    kworker/27:1-722   [027]     0.007769: (+2)     sched_switch:         kworker/27:1:722 [120] I ==> cg.C.x:2290 [120]
    kworker/19:1-717   [019]     0.007770: (+1)     sched_switch:         kworker/19:1:717 [120] I ==> cg.C.x:2286 [120]
    kworker/25:1-741   [025]     0.007777: (+7)     sched_switch:         kworker/25:1:741 [120] I ==> cg.C.x:2289 [120]
 kworker/u129:23-448   [034]     0.008035: (+258)   sched_switch:         kworker/u129:23:448 [120] I ==> cg.C.x:2262 [120]
          cg.C.x-2263  [036]     0.011567: (+3532)  sched_waking:         comm=tmux: server pid=2003 prio=120 target_cpu=036
          cg.C.x-2263  [036]     0.011573: (+6)     sched_wakeup:         tmux: server:2003 [120] CPU:036
          cg.C.x-2263  [036]     0.011575: (+2)     sched_switch:         cg.C.x:2263 [120] R ==> tmux: server:2003 [120]
    tmux: server-2003  [036]     0.011588: (+13)    sched_switch:         tmux: server:2003 [120] S ==> cg.C.x:2263 [120]
          cg.C.x-2270  [050]     0.011720: (+132)   sched_waking:         comm=rcu_preempt pid=17 prio=120 target_cpu=050
          cg.C.x-2270  [050]     0.011724: (+4)     sched_wakeup:         rcu_preempt:17 [120] CPU:050
          cg.C.x-2270  [050]     0.011728: (+4)     sched_switch:         cg.C.x:2270 [120] R ==> rcu_preempt:17 [120]
     rcu_preempt-17    [050]     0.011736: (+8)     sched_switch:         rcu_preempt:17 [120] I ==> cg.C.x:2270 [120]
          cg.C.x-2263  [036]     0.013634: (+1898)  sched_waking:         comm=tmux: server pid=2003 prio=120 target_cpu=036
          cg.C.x-2263  [036]     0.013638: (+4)     sched_wakeup:         tmux: server:2003 [120] CPU:036
          cg.C.x-2263  [036]     0.015715: (+2077)  sched_switch:         cg.C.x:2263 [120] R ==> tmux: server:2003 [120]
          cg.C.x-2273  [056]     0.015719: (+4)     bprint:               change_prot_numa: NUMAB SCAN vma[start:0x7fc63ac01000, end:0x7fc63b401000, from:0x7fc63ac01000, to:0x7fc63b401000, size:8192 KB]
          cg.C.x-2273  [056]     0.015725: (+6)     bprint:               change_prot_numa: NUMAB SCAN vma[start:0x7fc63b601000, end:0x7fc63be01000, from:0x7fc63b601000, to:0x7fc63be01000, size:8192 KB]
          cg.C.x-2273  [056]     0.015730: (+5)     bprint:               change_prot_numa: NUMAB SCAN vma[start:0x7fc63c001000, end:0x7fc63c801000, from:0x7fc63c001000, to:0x7fc63c801000, size:8192 KB]
    tmux: server-2003  [036]     0.015732: (+2)     sched_switch:         tmux: server:2003 [120] S ==> cg.C.x:2263 [120]
          cg.C.x-2273  [056]     0.015750: (+18)    bprint:               change_prot_numa: NUMAB SCAN vma[start:0x7fc63ca01000, end:0x7fc63d201000, from:0x7fc63ca01000, to:0x7fc63d201000, size:8192 KB]
          cg.C.x-2306  [059]     0.015751: (+1)     bprint:               __handle_mm_fault: NUMAB MEM ACCESS process[nid:1, cpu:59, pid:2306], folio[virt:0x7fc63c8002b0, phys:0x1204a0000, pfn:0x1204a0, nid:0, npages:1]
          cg.C.x-2306  [059]     0.015753: (+2)     bprint:               __handle_mm_fault: NUMAB TRY MEM MIGR process[nid:1, cpu:59, pid:2306], folio[virt:0x7fc63c8002b0, phys:0x1204a0000, nid:0], target_nid:1
          cg.C.x-2273  [056]     0.015768: (+15)    bprint:               change_prot_numa: NUMAB SCAN vma[start:0x7fc63d401000, end:0x7fc63dc01000, from:0x7fc63d401000, to:0x7fc63dc01000, size:8192 KB]
          cg.C.x-2305  [057]     0.015768: (+0)     bprint:               __handle_mm_fault: NUMAB MEM ACCESS process[nid:1, cpu:57, pid:2305], folio[virt:0x7fc63d2002b0, phys:0x1233f7000, pfn:0x1233f7, nid:0, npages:1]
          cg.C.x-2305  [057]     0.015770: (+2)     bprint:               __handle_mm_fault: NUMAB TRY MEM MIGR process[nid:1, cpu:57, pid:2305], folio[virt:0x7fc63d2002b0, phys:0x1233f7000, nid:0], target_nid:1
          cg.C.x-2306  [059]     0.015795: (+25)    bprint:               __handle_mm_fault: NUMAB COMPLETED MEM MIGR process[nid:1, cpu:59, pid:2306], old[phys:0x1204a0000, nid:0, npages:1], new[phys:0x1866cd2000, nid:1, npages:1]
          cg.C.x-2306  [059]     0.015805: (+10)    sched_stick_numa:     src_pid=2306 src_tgid=2245 src_ngid=0 src_cpu=59 src_nid=1 dst_pid=0 dst_tgid=0 dst_ngid=0 dst_cpu=-1 dst_nid=-1
          cg.C.x-2305  [057]     0.015809: (+4)     bprint:               __handle_mm_fault: NUMAB COMPLETED MEM MIGR process[nid:1, cpu:57, pid:2305], old[phys:0x1233f7000, nid:0, npages:1], new[phys:0x185dcdc000, nid:1, npages:1]
          cg.C.x-2305  [057]     0.015813: (+4)     sched_stick_numa:     src_pid=2305 src_tgid=2245 src_ngid=0 src_cpu=57 src_nid=1 dst_pid=0 dst_tgid=0 dst_ngid=0 dst_cpu=-1 dst_nid=-1
          cg.C.x-2273  [056]     0.015819: (+6)     bprint:               change_prot_numa: NUMAB SCAN vma[start:0x7fc63de01000, end:0x7fc63e601000, from:0x7fc63de01000, to:0x7fc63e601000, size:8192 KB]
          cg.C.x-2304  [055]     0.015821: (+2)     bprint:               __handle_mm_fault: NUMAB MEM ACCESS process[nid:1, cpu:55, pid:2304], folio[virt:0x7fc63dc002b0, phys:0x1227dc000, pfn:0x1227dc, nid:0, npages:1]
          cg.C.x-2304  [055]     0.015823: (+2)     bprint:               __handle_mm_fault: NUMAB TRY MEM MIGR process[nid:1, cpu:55, pid:2304], folio[virt:0x7fc63dc002b0, phys:0x1227dc000, nid:0], target_nid:1
          cg.C.x-2273  [056]     0.015837: (+14)    bprint:               change_prot_numa: NUMAB SCAN vma[start:0x7fc63e801000, end:0x7fc63f001000, from:0x7fc63e801000, to:0x7fc63f001000, size:8192 KB]
          cg.C.x-2303  [053]     0.015838: (+1)     bprint:               __handle_mm_fault: NUMAB MEM ACCESS process[nid:1, cpu:53, pid:2303], folio[virt:0x7fc63e6002b0, phys:0x1227d7000, pfn:0x1227d7, nid:0, npages:1]
          cg.C.x-2303  [053]     0.015839: (+1)     bprint:               __handle_mm_fault: NUMAB TRY MEM MIGR process[nid:1, cpu:53, pid:2303], folio[virt:0x7fc63e6002b0, phys:0x1227d7000, nid:0], target_nid:1
          cg.C.x-2304  [055]     0.015859: (+20)    bprint:               __handle_mm_fault: NUMAB COMPLETED MEM MIGR process[nid:1, cpu:55, pid:2304], old[phys:0x1227dc000, nid:0, npages:1], new[phys:0x185df89000, nid:1, npages:1]
          cg.C.x-2304  [055]     0.015863: (+4)     sched_stick_numa:     src_pid=2304 src_tgid=2245 src_ngid=0 src_cpu=55 src_nid=1 dst_pid=0 dst_tgid=0 dst_ngid=0 dst_cpu=-1 dst_nid=-1
          cg.C.x-2303  [053]     0.015882: (+19)    bprint:               __handle_mm_fault: NUMAB COMPLETED MEM MIGR process[nid:1, cpu:53, pid:2303], old[phys:0x1227d7000, nid:0, npages:1], new[phys:0x18678fb000, nid:1, npages:1]
          cg.C.x-2303  [053]     0.015888: (+6)     sched_stick_numa:     src_pid=2303 src_tgid=2245 src_ngid=0 src_cpu=53 src_nid=1 dst_pid=0 dst_tgid=0 dst_ngid=0 dst_cpu=-1 dst_nid=-1
          cg.C.x-2273  [056]     0.015889: (+1)     bprint:               change_prot_numa: NUMAB SCAN vma[start:0x7fc63f201000, end:0x7fc63fa01000, from:0x7fc63f201000, to:0x7fc63fa01000, size:8192 KB]
          cg.C.x-2302  [051]     0.015891: (+2)     bprint:               __handle_mm_fault: NUMAB MEM ACCESS process[nid:1, cpu:51, pid:2302], folio[virt:0x7fc63f0002b8, phys:0x13ab49000, pfn:0x13ab49, nid:0, npages:1]
          cg.C.x-2302  [051]     0.015892: (+1)     bprint:               __handle_mm_fault: NUMAB TRY MEM MIGR process[nid:1, cpu:51, pid:2302], folio[virt:0x7fc63f0002b8, phys:0x13ab49000, nid:0], target_nid:1
          cg.C.x-2273  [056]     0.015906: (+14)    bprint:               change_prot_numa: NUMAB SCAN vma[start:0x7fc63fc01000, end:0x7fc640401000, from:0x7fc63fc01000, to:0x7fc640401000, size:8192 KB]
          cg.C.x-2301  [049]     0.015908: (+2)     bprint:               __handle_mm_fault: NUMAB MEM ACCESS process[nid:1, cpu:49, pid:2301], folio[virt:0x7fc63fa002b8, phys:0x110e1d000, pfn:0x110e1d, nid:0, npages:1]
          cg.C.x-2301  [049]     0.015909: (+1)     bprint:               __handle_mm_fault: NUMAB TRY MEM MIGR process[nid:1, cpu:49, pid:2301], folio[virt:0x7fc63fa002b8, phys:0x110e1d000, nid:0], target_nid:1
          cg.C.x-2302  [051]     0.015929: (+20)    bprint:               __handle_mm_fault: NUMAB COMPLETED MEM MIGR process[nid:1, cpu:51, pid:2302], old[phys:0x13ab49000, nid:0, npages:1], new[phys:0x185e7ea000, nid:1, npages:1]
          cg.C.x-2302  [051]     0.015934: (+5)     sched_stick_numa:     src_pid=2302 src_tgid=2245 src_ngid=0 src_cpu=51 src_nid=1 dst_pid=0 dst_tgid=0 dst_ngid=0 dst_cpu=-1 dst_nid=-1
          cg.C.x-2301  [049]     0.015946: (+12)    bprint:               __handle_mm_fault: NUMAB COMPLETED MEM MIGR process[nid:1, cpu:49, pid:2301], old[phys:0x110e1d000, nid:0, npages:1], new[phys:0x1858e7c000, nid:1, npages:1]
          cg.C.x-2301  [049]     0.015950: (+4)     sched_stick_numa:     src_pid=2301 src_tgid=2245 src_ngid=0 src_cpu=49 src_nid=1 dst_pid=0 dst_tgid=0 dst_ngid=0 dst_cpu=-1 dst_nid=-1
          cg.C.x-2273  [056]     0.015956: (+6)     bprint:               change_prot_numa: NUMAB SCAN vma[start:0x7fc640601000, end:0x7fc640e01000, from:0x7fc640601000, to:0x7fc640e01000, size:8192 KB]
          cg.C.x-2300  [047]     0.015957: (+1)     bprint:               __handle_mm_fault: NUMAB MEM ACCESS process[nid:1, cpu:47, pid:2300], folio[virt:0x7fc6404002b0, phys:0x1535a1000, pfn:0x1535a1, nid:0, npages:1]
          cg.C.x-2300  [047]     0.015958: (+1)     bprint:               __handle_mm_fault: NUMAB TRY MEM MIGR process[nid:1, cpu:47, pid:2300], folio[virt:0x7fc6404002b0, phys:0x1535a1000, nid:0], target_nid:1
          cg.C.x-2273  [056]     0.015973: (+15)    bprint:               change_prot_numa: NUMAB SCAN vma[start:0x7fc641001000, end:0x7fc641801000, from:0x7fc641001000, to:0x7fc641801000, size:8192 KB]
          cg.C.x-2299  [045]     0.015974: (+1)     bprint:               __handle_mm_fault: NUMAB MEM ACCESS process[nid:1, cpu:45, pid:2299], folio[virt:0x7fc640e002b0, phys:0x153596000, pfn:0x153596, nid:0, npages:1]
          cg.C.x-2299  [045]     0.015975: (+1)     bprint:               __handle_mm_fault: NUMAB TRY MEM MIGR process[nid:1, cpu:45, pid:2299], folio[virt:0x7fc640e002b0, phys:0x153596000, nid:0], target_nid:1
          cg.C.x-2300  [047]     0.015995: (+20)    bprint:               __handle_mm_fault: NUMAB COMPLETED MEM MIGR process[nid:1, cpu:47, pid:2300], old[phys:0x1535a1000, nid:0, npages:1], new[phys:0x186d2b4000, nid:1, npages:1]
          cg.C.x-2300  [047]     0.015999: (+4)     sched_stick_numa:     src_pid=2300 src_tgid=2245 src_ngid=0 src_cpu=47 src_nid=1 dst_pid=0 dst_tgid=0 dst_ngid=0 dst_cpu=-1 dst_nid=-1
          cg.C.x-2299  [045]     0.016015: (+16)    bprint:               __handle_mm_fault: NUMAB COMPLETED MEM MIGR process[nid:1, cpu:45, pid:2299], old[phys:0x153596000, nid:0, npages:1], new[phys:0x186d1fb000, nid:1, npages:1]
          cg.C.x-2299  [045]     0.016021: (+6)     sched_stick_numa:     src_pid=2299 src_tgid=2245 src_ngid=0 src_cpu=45 src_nid=1 dst_pid=0 dst_tgid=0 dst_ngid=0 dst_cpu=-1 dst_nid=-1
          cg.C.x-2273  [056]     0.016023: (+2)     bprint:               change_prot_numa: NUMAB SCAN vma[start:0x7fc641a01000, end:0x7fc642201000, from:0x7fc641a01000, to:0x7fc642201000, size:8192 KB]
          cg.C.x-2298  [043]     0.016023: (+0)     bprint:               __handle_mm_fault: NUMAB MEM ACCESS process[nid:1, cpu:43, pid:2298], folio[virt:0x7fc6418002b0, phys:0x1163be000, pfn:0x1163be, nid:0, npages:1]
          cg.C.x-2298  [043]     0.016025: (+2)     bprint:               __handle_mm_fault: NUMAB TRY MEM MIGR process[nid:1, cpu:43, pid:2298], folio[virt:0x7fc6418002b0, phys:0x1163be000, nid:0], target_nid:1
          cg.C.x-2273  [056]     0.016040: (+15)    bprint:               change_prot_numa: NUMAB SCAN vma[start:0x7fc642401000, end:0x7fc642c01000, from:0x7fc642401000, to:0x7fc642c01000, size:8192 KB]
          cg.C.x-2297  [041]     0.016041: (+1)     bprint:               __handle_mm_fault: NUMAB MEM ACCESS process[nid:1, cpu:41, pid:2297], folio[virt:0x7fc6422002b0, phys:0x13a1b3000, pfn:0x13a1b3, nid:0, npages:1]
          cg.C.x-2297  [041]     0.016042: (+1)     bprint:               __handle_mm_fault: NUMAB TRY MEM MIGR process[nid:1, cpu:41, pid:2297], folio[virt:0x7fc6422002b0, phys:0x13a1b3000, nid:0], target_nid:1
          cg.C.x-2298  [043]     0.016061: (+19)    bprint:               __handle_mm_fault: NUMAB COMPLETED MEM MIGR process[nid:1, cpu:43, pid:2298], old[phys:0x1163be000, nid:0, npages:1], new[phys:0x18903a8000, nid:1, npages:1]
          cg.C.x-2298  [043]     0.016065: (+4)     sched_stick_numa:     src_pid=2298 src_tgid=2245 src_ngid=0 src_cpu=43 src_nid=1 dst_pid=0 dst_tgid=0 dst_ngid=0 dst_cpu=-1 dst_nid=-1
          cg.C.x-2297  [041]     0.016084: (+19)    bprint:               __handle_mm_fault: NUMAB COMPLETED MEM MIGR process[nid:1, cpu:41, pid:2297], old[phys:0x13a1b3000, nid:0, npages:1], new[phys:0x186c77f000, nid:1, npages:1]
          cg.C.x-2297  [041]     0.016090: (+6)     sched_stick_numa:     src_pid=2297 src_tgid=2245 src_ngid=0 src_cpu=41 src_nid=1 dst_pid=0 dst_tgid=0 dst_ngid=0 dst_cpu=-1 dst_nid=-1
          cg.C.x-2273  [056]     0.016092: (+2)     bprint:               change_prot_numa: NUMAB SCAN vma[start:0x7fc642e01000, end:0x7fc643601000, from:0x7fc642e01000, to:0x7fc643601000, size:8192 KB]
          cg.C.x-2296  [039]     0.016092: (+0)     bprint:               __handle_mm_fault: NUMAB MEM ACCESS process[nid:1, cpu:39, pid:2296], folio[virt:0x7fc642c002b0, phys:0x1163b0000, pfn:0x1163b0, nid:0, npages:1]
          cg.C.x-2296  [039]     0.016094: (+2)     bprint:               __handle_mm_fault: NUMAB TRY MEM MIGR process[nid:1, cpu:39, pid:2296], folio[virt:0x7fc642c002b0, phys:0x1163b0000, nid:0], target_nid:1
          cg.C.x-2273  [056]     0.016109: (+15)    bprint:               change_prot_numa: NUMAB SCAN vma[start:0x7fc643801000, end:0x7fc644001000, from:0x7fc643801000, to:0x7fc644001000, size:8192 KB]
          cg.C.x-2295  [037]     0.016109: (+0)     bprint:               __handle_mm_fault: NUMAB MEM ACCESS process[nid:1, cpu:37, pid:2295], folio[virt:0x7fc6436002b0, phys:0x150024000, pfn:0x150024, nid:0, npages:1]
          cg.C.x-2295  [037]     0.016111: (+2)     bprint:               __handle_mm_fault: NUMAB TRY MEM MIGR process[nid:1, cpu:37, pid:2295], folio[virt:0x7fc6436002b0, phys:0x150024000, nid:0], target_nid:1
          cg.C.x-2296  [039]     0.016131: (+20)    bprint:               __handle_mm_fault: NUMAB COMPLETED MEM MIGR process[nid:1, cpu:39, pid:2296], old[phys:0x1163b0000, nid:0, npages:1], new[phys:0x18578d7000, nid:1, npages:1]
          cg.C.x-2296  [039]     0.016135: (+4)     sched_stick_numa:     src_pid=2296 src_tgid=2245 src_ngid=0 src_cpu=39 src_nid=1 dst_pid=0 dst_tgid=0 dst_ngid=0 dst_cpu=-1 dst_nid=-1
          cg.C.x-2295  [037]     0.016151: (+16)    bprint:               __handle_mm_fault: NUMAB COMPLETED MEM MIGR process[nid:1, cpu:37, pid:2295], old[phys:0x150024000, nid:0, npages:1], new[phys:0x186cca6000, nid:1, npages:1]
          cg.C.x-2295  [037]     0.016157: (+6)     sched_stick_numa:     src_pid=2295 src_tgid=2245 src_ngid=0 src_cpu=37 src_nid=1 dst_pid=0 dst_tgid=0 dst_ngid=0 dst_cpu=-1 dst_nid=-1
          cg.C.x-2273  [056]     0.016158: (+1)     bprint:               change_prot_numa: NUMAB SCAN vma[start:0x7fc644201000, end:0x7fc644a01000, from:0x7fc644201000, to:0x7fc644a01000, size:8192 KB]
          cg.C.x-2294  [035]     0.016160: (+2)     bprint:               __handle_mm_fault: NUMAB MEM ACCESS process[nid:1, cpu:35, pid:2294], folio[virt:0x7fc6440002b0, phys:0x15361e000, pfn:0x15361e, nid:0, npages:1]
          cg.C.x-2294  [035]     0.016161: (+1)     bprint:               __handle_mm_fault: NUMAB TRY MEM MIGR process[nid:1, cpu:35, pid:2294], folio[virt:0x7fc6440002b0, phys:0x15361e000, nid:0], target_nid:1
          cg.C.x-2273  [056]     0.016176: (+15)    bprint:               change_prot_numa: NUMAB SCAN vma[start:0x7fc644c01000, end:0x7fc645401000, from:0x7fc644c01000, to:0x7fc645401000, size:8192 KB]
          cg.C.x-2293  [033]     0.016176: (+0)     bprint:               __handle_mm_fault: NUMAB MEM ACCESS process[nid:1, cpu:33, pid:2293], folio[virt:0x7fc644a002b0, phys:0x113738000, pfn:0x113738, nid:0, npages:1]
          cg.C.x-2293  [033]     0.016178: (+2)     bprint:               __handle_mm_fault: NUMAB TRY MEM MIGR process[nid:1, cpu:33, pid:2293], folio[virt:0x7fc644a002b0, phys:0x113738000, nid:0], target_nid:1
          cg.C.x-2294  [035]     0.016200: (+22)    bprint:               __handle_mm_fault: NUMAB COMPLETED MEM MIGR process[nid:1, cpu:35, pid:2294], old[phys:0x15361e000, nid:0, npages:1], new[phys:0x18678c3000, nid:1, npages:1]
          cg.C.x-2294  [035]     0.016204: (+4)     sched_stick_numa:     src_pid=2294 src_tgid=2245 src_ngid=0 src_cpu=35 src_nid=1 dst_pid=0 dst_tgid=0 dst_ngid=0 dst_cpu=-1 dst_nid=-1
          cg.C.x-2293  [033]     0.016212: (+8)     bprint:               __handle_mm_fault: NUMAB COMPLETED MEM MIGR process[nid:1, cpu:33, pid:2293], old[phys:0x113738000, nid:0, npages:1], new[phys:0x185e887000, nid:1, npages:1]
          cg.C.x-2293  [033]     0.016217: (+5)     sched_stick_numa:     src_pid=2293 src_tgid=2245 src_ngid=0 src_cpu=33 src_nid=1 dst_pid=0 dst_tgid=0 dst_ngid=0 dst_cpu=-1 dst_nid=-1
          cg.C.x-2273  [056]     0.016235: (+18)    bprint:               change_prot_numa: NUMAB SCAN vma[start:0x7fc645601000, end:0x7fc645e01000, from:0x7fc645601000, to:0x7fc645e01000, size:8192 KB]
          cg.C.x-2292  [031]     0.016236: (+1)     bprint:               __handle_mm_fault: NUMAB MEM ACCESS process[nid:1, cpu:31, pid:2292], folio[virt:0x7fc6454002b0, phys:0x1144b7000, pfn:0x1144b7, nid:0, npages:1]
          cg.C.x-2292  [031]     0.016237: (+1)     bprint:               __handle_mm_fault: NUMAB TRY MEM MIGR process[nid:1, cpu:31, pid:2292], folio[virt:0x7fc6454002b0, phys:0x1144b7000, nid:0], target_nid:1
          cg.C.x-2273  [056]     0.016252: (+15)    bprint:               change_prot_numa: NUMAB SCAN vma[start:0x7fc646001000, end:0x7fc646801000, from:0x7fc646001000, to:0x7fc646801000, size:8192 KB]
          cg.C.x-2291  [029]     0.016253: (+1)     bprint:               __handle_mm_fault: NUMAB MEM ACCESS process[nid:1, cpu:29, pid:2291], folio[virt:0x7fc645e002b0, phys:0x13a1b8000, pfn:0x13a1b8, nid:0, npages:1]
          cg.C.x-2291  [029]     0.016254: (+1)     bprint:               __handle_mm_fault: NUMAB TRY MEM MIGR process[nid:1, cpu:29, pid:2291], folio[virt:0x7fc645e002b0, phys:0x13a1b8000, nid:0], target_nid:1
          cg.C.x-2292  [031]     0.016274: (+20)    bprint:               __handle_mm_fault: NUMAB COMPLETED MEM MIGR process[nid:1, cpu:31, pid:2292], old[phys:0x1144b7000, nid:0, npages:1], new[phys:0x186df1b000, nid:1, npages:1]
          cg.C.x-2292  [031]     0.016279: (+5)     sched_stick_numa:     src_pid=2292 src_tgid=2245 src_ngid=0 src_cpu=31 src_nid=1 dst_pid=0 dst_tgid=0 dst_ngid=0 dst_cpu=-1 dst_nid=-1
          cg.C.x-2291  [029]     0.016291: (+12)    bprint:               __handle_mm_fault: NUMAB COMPLETED MEM MIGR process[nid:1, cpu:29, pid:2291], old[phys:0x13a1b8000, nid:0, npages:1], new[phys:0x185ead9000, nid:1, npages:1]
          cg.C.x-2291  [029]     0.016295: (+4)     sched_stick_numa:     src_pid=2291 src_tgid=2245 src_ngid=0 src_cpu=29 src_nid=1 dst_pid=0 dst_tgid=0 dst_ngid=0 dst_cpu=-1 dst_nid=-1
          cg.C.x-2273  [056]     0.016300: (+5)     bprint:               change_prot_numa: NUMAB SCAN vma[start:0x7fc646a01000, end:0x7fc647201000, from:0x7fc646a01000, to:0x7fc647201000, size:8192 KB]
          cg.C.x-2290  [027]     0.016301: (+1)     bprint:               __handle_mm_fault: NUMAB MEM ACCESS process[nid:1, cpu:27, pid:2290], folio[virt:0x7fc6468002b0, phys:0x12336c000, pfn:0x12336c, nid:0, npages:1]
          cg.C.x-2290  [027]     0.016302: (+1)     bprint:               __handle_mm_fault: NUMAB TRY MEM MIGR process[nid:1, cpu:27, pid:2290], folio[virt:0x7fc6468002b0, phys:0x12336c000, nid:0], target_nid:1
          cg.C.x-2273  [056]     0.016317: (+15)    bprint:               change_prot_numa: NUMAB SCAN vma[start:0x7fc647401000, end:0x7fc647c01000, from:0x7fc647401000, to:0x7fc647c01000, size:8192 KB]
          cg.C.x-2289  [025]     0.016318: (+1)     bprint:               __handle_mm_fault: NUMAB MEM ACCESS process[nid:1, cpu:25, pid:2289], folio[virt:0x7fc6472002b0, phys:0x13d029000, pfn:0x13d029, nid:0, npages:1]
          cg.C.x-2289  [025]     0.016319: (+1)     bprint:               __handle_mm_fault: NUMAB TRY MEM MIGR process[nid:1, cpu:25, pid:2289], folio[virt:0x7fc6472002b0, phys:0x13d029000, nid:0], target_nid:1
          cg.C.x-2290  [027]     0.016336: (+17)    bprint:               __handle_mm_fault: NUMAB COMPLETED MEM MIGR process[nid:1, cpu:27, pid:2290], old[phys:0x12336c000, nid:0, npages:1], new[phys:0x185dd90000, nid:1, npages:1]
          cg.C.x-2290  [027]     0.016340: (+4)     sched_stick_numa:     src_pid=2290 src_tgid=2245 src_ngid=0 src_cpu=27 src_nid=1 dst_pid=0 dst_tgid=0 dst_ngid=0 dst_cpu=-1 dst_nid=-1
          cg.C.x-2289  [025]     0.016352: (+12)    bprint:               __handle_mm_fault: NUMAB COMPLETED MEM MIGR process[nid:1, cpu:25, pid:2289], old[phys:0x13d029000, nid:0, npages:1], new[phys:0x1864bc3000, nid:1, npages:1]
          cg.C.x-2289  [025]     0.016356: (+4)     sched_stick_numa:     src_pid=2289 src_tgid=2245 src_ngid=0 src_cpu=25 src_nid=1 dst_pid=0 dst_tgid=0 dst_ngid=0 dst_cpu=-1 dst_nid=-1
          cg.C.x-2273  [056]     0.016364: (+8)     bprint:               change_prot_numa: NUMAB SCAN vma[start:0x7fc647e01000, end:0x7fc648601000, from:0x7fc647e01000, to:0x7fc648601000, size:8192 KB]
          cg.C.x-2288  [023]     0.016364: (+0)     bprint:               __handle_mm_fault: NUMAB MEM ACCESS process[nid:1, cpu:23, pid:2288], folio[virt:0x7fc647c002b0, phys:0x1390cb000, pfn:0x1390cb, nid:0, npages:1]
          cg.C.x-2288  [023]     0.016366: (+2)     bprint:               __handle_mm_fault: NUMAB TRY MEM MIGR process[nid:1, cpu:23, pid:2288], folio[virt:0x7fc647c002b0, phys:0x1390cb000, nid:0], target_nid:1
          cg.C.x-2273  [056]     0.016381: (+15)    bprint:               change_prot_numa: NUMAB SCAN vma[start:0x7fc648801000, end:0x7fc649001000, from:0x7fc648801000, to:0x7fc649001000, size:8192 KB]
          cg.C.x-2287  [021]     0.016382: (+1)     bprint:               __handle_mm_fault: NUMAB MEM ACCESS process[nid:1, cpu:21, pid:2287], folio[virt:0x7fc6486002b0, phys:0x120750000, pfn:0x120750, nid:0, npages:1]
          cg.C.x-2287  [021]     0.016383: (+1)     bprint:               __handle_mm_fault: NUMAB TRY MEM MIGR process[nid:1, cpu:21, pid:2287], folio[virt:0x7fc6486002b0, phys:0x120750000, nid:0], target_nid:1
          cg.C.x-2288  [023]     0.016397: (+14)    bprint:               __handle_mm_fault: NUMAB COMPLETED MEM MIGR process[nid:1, cpu:23, pid:2288], old[phys:0x1390cb000, nid:0, npages:1], new[phys:0x18573cd000, nid:1, npages:1]
          cg.C.x-2288  [023]     0.016401: (+4)     sched_stick_numa:     src_pid=2288 src_tgid=2245 src_ngid=0 src_cpu=23 src_nid=1 dst_pid=0 dst_tgid=0 dst_ngid=0 dst_cpu=-1 dst_nid=-1
          cg.C.x-2287  [021]     0.016412: (+11)    bprint:               __handle_mm_fault: NUMAB COMPLETED MEM MIGR process[nid:1, cpu:21, pid:2287], old[phys:0x120750000, nid:0, npages:1], new[phys:0x186ce57000, nid:1, npages:1]
          cg.C.x-2287  [021]     0.016416: (+4)     sched_stick_numa:     src_pid=2287 src_tgid=2245 src_ngid=0 src_cpu=21 src_nid=1 dst_pid=0 dst_tgid=0 dst_ngid=0 dst_cpu=-1 dst_nid=-1
          cg.C.x-2273  [056]     0.016429: (+13)    bprint:               change_prot_numa: NUMAB SCAN vma[start:0x7fc649201000, end:0x7fc649a01000, from:0x7fc649201000, to:0x7fc649a01000, size:8192 KB]
          cg.C.x-2286  [019]     0.016430: (+1)     bprint:               __handle_mm_fault: NUMAB MEM ACCESS process[nid:1, cpu:19, pid:2286], folio[virt:0x7fc6490002b0, phys:0x1122ea000, pfn:0x1122ea, nid:0, npages:1]
          cg.C.x-2286  [019]     0.016431: (+1)     bprint:               __handle_mm_fault: NUMAB TRY MEM MIGR process[nid:1, cpu:19, pid:2286], folio[virt:0x7fc6490002b0, phys:0x1122ea000, nid:0], target_nid:1
          cg.C.x-2273  [056]     0.016447: (+16)    bprint:               change_prot_numa: NUMAB SCAN vma[start:0x7fc649c01000, end:0x7fc64a401000, from:0x7fc649c01000, to:0x7fc64a401000, size:8192 KB]
          cg.C.x-2285  [017]     0.016447: (+0)     bprint:               __handle_mm_fault: NUMAB MEM ACCESS process[nid:1, cpu:17, pid:2285], folio[virt:0x7fc649a002b8, phys:0x1122e9000, pfn:0x1122e9, nid:0, npages:1]
          cg.C.x-2285  [017]     0.016448: (+1)     bprint:               __handle_mm_fault: NUMAB TRY MEM MIGR process[nid:1, cpu:17, pid:2285], folio[virt:0x7fc649a002b8, phys:0x1122e9000, nid:0], target_nid:1
          cg.C.x-2286  [019]     0.016463: (+15)    bprint:               __handle_mm_fault: NUMAB COMPLETED MEM MIGR process[nid:1, cpu:19, pid:2286], old[phys:0x1122ea000, nid:0, npages:1], new[phys:0x1857651000, nid:1, npages:1]
          cg.C.x-2286  [019]     0.016467: (+4)     sched_stick_numa:     src_pid=2286 src_tgid=2245 src_ngid=0 src_cpu=19 src_nid=1 dst_pid=0 dst_tgid=0 dst_ngid=0 dst_cpu=-1 dst_nid=-1
          cg.C.x-2285  [017]     0.016481: (+14)    bprint:               __handle_mm_fault: NUMAB COMPLETED MEM MIGR process[nid:1, cpu:17, pid:2285], old[phys:0x1122e9000, nid:0, npages:1], new[phys:0x185e896000, nid:1, npages:1]
          cg.C.x-2285  [017]     0.016484: (+3)     sched_stick_numa:     src_pid=2285 src_tgid=2245 src_ngid=0 src_cpu=17 src_nid=1 dst_pid=0 dst_tgid=0 dst_ngid=0 dst_cpu=-1 dst_nid=-1
          cg.C.x-2273  [056]     0.016495: (+11)    bprint:               change_prot_numa: NUMAB SCAN vma[start:0x7fc64a601000, end:0x7fc64ae01000, from:0x7fc64a601000, to:0x7fc64ae01000, size:8192 KB]
          cg.C.x-2284  [015]     0.016495: (+0)     bprint:               __handle_mm_fault: NUMAB MEM ACCESS process[nid:1, cpu:15, pid:2284], folio[virt:0x7fc64a4002b0, phys:0x1122e8000, pfn:0x1122e8, nid:0, npages:1]
          cg.C.x-2284  [015]     0.016496: (+1)     bprint:               __handle_mm_fault: NUMAB TRY MEM MIGR process[nid:1, cpu:15, pid:2284], folio[virt:0x7fc64a4002b0, phys:0x1122e8000, nid:0], target_nid:1
          cg.C.x-2273  [056]     0.016512: (+16)    bprint:               change_prot_numa: NUMAB SCAN vma[start:0x7fc64b001000, end:0x7fc64b801000, from:0x7fc64b001000, to:0x7fc64b801000, size:8192 KB]
          cg.C.x-2283  [013]     0.016512: (+0)     bprint:               __handle_mm_fault: NUMAB MEM ACCESS process[nid:1, cpu:13, pid:2283], folio[virt:0x7fc64ae002b0, phys:0x120655000, pfn:0x120655, nid:0, npages:1]
          cg.C.x-2283  [013]     0.016514: (+2)     bprint:               __handle_mm_fault: NUMAB TRY MEM MIGR process[nid:1, cpu:13, pid:2283], folio[virt:0x7fc64ae002b0, phys:0x120655000, nid:0], target_nid:1
          cg.C.x-2284  [015]     0.016532: (+18)    bprint:               __handle_mm_fault: NUMAB COMPLETED MEM MIGR process[nid:1, cpu:15, pid:2284], old[phys:0x1122e8000, nid:0, npages:1], new[phys:0x1857514000, nid:1, npages:1]
          cg.C.x-2284  [015]     0.016535: (+3)     sched_stick_numa:     src_pid=2284 src_tgid=2245 src_ngid=0 src_cpu=15 src_nid=1 dst_pid=0 dst_tgid=0 dst_ngid=0 dst_cpu=-1 dst_nid=-1
          cg.C.x-2283  [013]     0.016547: (+12)    bprint:               __handle_mm_fault: NUMAB COMPLETED MEM MIGR process[nid:1, cpu:13, pid:2283], old[phys:0x120655000, nid:0, npages:1], new[phys:0x185f9e7000, nid:1, npages:1]
          cg.C.x-2283  [013]     0.016550: (+3)     sched_stick_numa:     src_pid=2283 src_tgid=2245 src_ngid=0 src_cpu=13 src_nid=1 dst_pid=0 dst_tgid=0 dst_ngid=0 dst_cpu=-1 dst_nid=-1
          cg.C.x-2273  [056]     0.016560: (+10)    bprint:               change_prot_numa: NUMAB SCAN vma[start:0x7fc64ba01000, end:0x7fc64c201000, from:0x7fc64ba01000, to:0x7fc64c201000, size:8192 KB]
          cg.C.x-2282  [011]     0.016560: (+0)     bprint:               __handle_mm_fault: NUMAB MEM ACCESS process[nid:1, cpu:11, pid:2282], folio[virt:0x7fc64b8002b0, phys:0x1134bd000, pfn:0x1134bd, nid:0, npages:1]
          cg.C.x-2282  [011]     0.016562: (+2)     bprint:               __handle_mm_fault: NUMAB TRY MEM MIGR process[nid:1, cpu:11, pid:2282], folio[virt:0x7fc64b8002b0, phys:0x1134bd000, nid:0], target_nid:1
          cg.C.x-2281  [009]     0.016577: (+15)    bprint:               __handle_mm_fault: NUMAB MEM ACCESS process[nid:1, cpu:9, pid:2281], folio[virt:0x7fc64c2002b0, phys:0x110e2a000, pfn:0x110e2a, nid:0, npages:1]
          cg.C.x-2273  [056]     0.016577: (+0)     bprint:               change_prot_numa: NUMAB SCAN vma[start:0x7fc64c401000, end:0x7fc64cc01000, from:0x7fc64c401000, to:0x7fc64cc01000, size:8192 KB]
          cg.C.x-2281  [009]     0.016578: (+1)     bprint:               __handle_mm_fault: NUMAB TRY MEM MIGR process[nid:1, cpu:9, pid:2281], folio[virt:0x7fc64c2002b0, phys:0x110e2a000, nid:0], target_nid:1
          cg.C.x-2282  [011]     0.016593: (+15)    bprint:               __handle_mm_fault: NUMAB COMPLETED MEM MIGR process[nid:1, cpu:11, pid:2282], old[phys:0x1134bd000, nid:0, npages:1], new[phys:0x186d0df000, nid:1, npages:1]
          cg.C.x-2282  [011]     0.016597: (+4)     sched_stick_numa:     src_pid=2282 src_tgid=2245 src_ngid=0 src_cpu=11 src_nid=1 dst_pid=0 dst_tgid=0 dst_ngid=0 dst_cpu=-1 dst_nid=-1
          cg.C.x-2281  [009]     0.016608: (+11)    bprint:               __handle_mm_fault: NUMAB COMPLETED MEM MIGR process[nid:1, cpu:9, pid:2281], old[phys:0x110e2a000, nid:0, npages:1], new[phys:0x185e454000, nid:1, npages:1]
          cg.C.x-2281  [009]     0.016613: (+5)     sched_stick_numa:     src_pid=2281 src_tgid=2245 src_ngid=0 src_cpu=9 src_nid=1 dst_pid=0 dst_tgid=0 dst_ngid=0 dst_cpu=-1 dst_nid=-1
          cg.C.x-2273  [056]     0.016626: (+13)    bprint:               change_prot_numa: NUMAB SCAN vma[start:0x7fc64ce01000, end:0x7fc64d601000, from:0x7fc64ce01000, to:0x7fc64d601000, size:8192 KB]
          cg.C.x-2280  [007]     0.016626: (+0)     bprint:               __handle_mm_fault: NUMAB MEM ACCESS process[nid:1, cpu:7, pid:2280], folio[virt:0x7fc64cc002b0, phys:0x110e29000, pfn:0x110e29, nid:0, npages:1]
          cg.C.x-2280  [007]     0.016627: (+1)     bprint:               __handle_mm_fault: NUMAB TRY MEM MIGR process[nid:1, cpu:7, pid:2280], folio[virt:0x7fc64cc002b0, phys:0x110e29000, nid:0], target_nid:1
          cg.C.x-2273  [056]     0.016643: (+16)    bprint:               change_prot_numa: NUMAB SCAN vma[start:0x7fc64d801000, end:0x7fc64e001000, from:0x7fc64d801000, to:0x7fc64e001000, size:8192 KB]
          cg.C.x-2279  [005]     0.016643: (+0)     bprint:               __handle_mm_fault: NUMAB MEM ACCESS process[nid:1, cpu:5, pid:2279], folio[virt:0x7fc64d6002b0, phys:0x12044c000, pfn:0x12044c, nid:0, npages:1]
          cg.C.x-2279  [005]     0.016645: (+2)     bprint:               __handle_mm_fault: NUMAB TRY MEM MIGR process[nid:1, cpu:5, pid:2279], folio[virt:0x7fc64d6002b0, phys:0x12044c000, nid:0], target_nid:1
          cg.C.x-2280  [007]     0.016659: (+14)    bprint:               __handle_mm_fault: NUMAB COMPLETED MEM MIGR process[nid:1, cpu:7, pid:2280], old[phys:0x110e29000, nid:0, npages:1], new[phys:0x186d322000, nid:1, npages:1]
          cg.C.x-2280  [007]     0.016663: (+4)     sched_stick_numa:     src_pid=2280 src_tgid=2245 src_ngid=0 src_cpu=7 src_nid=1 dst_pid=0 dst_tgid=0 dst_ngid=0 dst_cpu=-1 dst_nid=-1
          cg.C.x-2279  [005]     0.016681: (+18)    bprint:               __handle_mm_fault: NUMAB COMPLETED MEM MIGR process[nid:1, cpu:5, pid:2279], old[phys:0x12044c000, nid:0, npages:1], new[phys:0x186cc56000, nid:1, npages:1]
          cg.C.x-2279  [005]     0.016684: (+3)     sched_stick_numa:     src_pid=2279 src_tgid=2245 src_ngid=0 src_cpu=5 src_nid=1 dst_pid=0 dst_tgid=0 dst_ngid=0 dst_cpu=-1 dst_nid=-1
          cg.C.x-2273  [056]     0.016693: (+9)     bprint:               change_prot_numa: NUMAB SCAN vma[start:0x7fc64e201000, end:0x7fc64ea01000, from:0x7fc64e201000, to:0x7fc64ea01000, size:8192 KB]
          cg.C.x-2278  [003]     0.016693: (+0)     bprint:               __handle_mm_fault: NUMAB MEM ACCESS process[nid:1, cpu:3, pid:2278], folio[virt:0x7fc64e0002b0, phys:0x113f85000, pfn:0x113f85, nid:0, npages:1]
          cg.C.x-2278  [003]     0.016695: (+2)     bprint:               __handle_mm_fault: NUMAB TRY MEM MIGR process[nid:1, cpu:3, pid:2278], folio[virt:0x7fc64e0002b0, phys:0x113f85000, nid:0], target_nid:1
          cg.C.x-2273  [056]     0.016710: (+15)    bprint:               change_prot_numa: NUMAB SCAN vma[start:0x7fc64ec01000, end:0x7fc64f401000, from:0x7fc64ec01000, to:0x7fc64f401000, size:8192 KB]
          cg.C.x-2277  [001]     0.016710: (+0)     bprint:               __handle_mm_fault: NUMAB MEM ACCESS process[nid:1, cpu:1, pid:2277], folio[virt:0x7fc64ea002b0, phys:0x113f83000, pfn:0x113f83, nid:0, npages:1]
          cg.C.x-2277  [001]     0.016712: (+2)     bprint:               __handle_mm_fault: NUMAB TRY MEM MIGR process[nid:1, cpu:1, pid:2277], folio[virt:0x7fc64ea002b0, phys:0x113f83000, nid:0], target_nid:1
          cg.C.x-2278  [003]     0.016730: (+18)    bprint:               __handle_mm_fault: NUMAB COMPLETED MEM MIGR process[nid:1, cpu:3, pid:2278], old[phys:0x113f85000, nid:0, npages:1], new[phys:0x186c6b6000, nid:1, npages:1]
          cg.C.x-2278  [003]     0.016734: (+4)     sched_stick_numa:     src_pid=2278 src_tgid=2245 src_ngid=0 src_cpu=3 src_nid=1 dst_pid=0 dst_tgid=0 dst_ngid=0 dst_cpu=-1 dst_nid=-1
          cg.C.x-2277  [001]     0.016746: (+12)    bprint:               __handle_mm_fault: NUMAB COMPLETED MEM MIGR process[nid:1, cpu:1, pid:2277], old[phys:0x113f83000, nid:0, npages:1], new[phys:0x186483c000, nid:1, npages:1]
          cg.C.x-2277  [001]     0.016750: (+4)     sched_stick_numa:     src_pid=2277 src_tgid=2245 src_ngid=0 src_cpu=1 src_nid=1 dst_pid=0 dst_tgid=0 dst_ngid=0 dst_cpu=-1 dst_nid=-1
          cg.C.x-2273  [056]     0.016759: (+9)     bprint:               change_prot_numa: NUMAB SCAN vma[start:0x7fc64f601000, end:0x7fc64fe01000, from:0x7fc64f601000, to:0x7fc64fe01000, size:8192 KB]
          cg.C.x-2276  [062]     0.016760: (+1)     bprint:               __handle_mm_fault: NUMAB MEM ACCESS process[nid:0, cpu:62, pid:2276], folio[virt:0x7fc64f4002b8, phys:0x112679000, pfn:0x112679, nid:0, npages:1]
          cg.C.x-2273  [056]     0.016775: (+15)    bprint:               change_prot_numa: NUMAB SCAN vma[start:0x7fc650001000, end:0x7fc650801000, from:0x7fc650001000, to:0x7fc650801000, size:8192 KB]
          cg.C.x-2275  [060]     0.016777: (+2)     bprint:               __handle_mm_fault: NUMAB MEM ACCESS process[nid:0, cpu:60, pid:2275], folio[virt:0x7fc64fe002b0, phys:0x15039a000, pfn:0x15039a, nid:0, npages:1]
          cg.C.x-2273  [056]     0.016791: (+14)    bprint:               change_prot_numa: NUMAB SCAN vma[start:0x7fc650a01000, end:0x7fc651201000, from:0x7fc650a01000, to:0x7fc651201000, size:8192 KB]
          cg.C.x-2274  [058]     0.016792: (+1)     bprint:               __handle_mm_fault: NUMAB MEM ACCESS process[nid:0, cpu:58, pid:2274], folio[virt:0x7fc6508002b8, phys:0x150399000, pfn:0x150399, nid:0, npages:1]
          cg.C.x-2273  [056]     0.016808: (+16)    bprint:               change_prot_numa: NUMAB SCAN vma[start:0x7fc651401000, end:0x7fc651c01000, from:0x7fc651401000, to:0x7fc651c01000, size:8192 KB]
          cg.C.x-2273  [056]     0.016824: (+16)    bprint:               change_prot_numa: NUMAB SCAN vma[start:0x7fc651e01000, end:0x7fc652601000, from:0x7fc651e01000, to:0x7fc652601000, size:8192 KB]
          cg.C.x-2272  [054]     0.016825: (+1)     bprint:               __handle_mm_fault: NUMAB MEM ACCESS process[nid:0, cpu:54, pid:2272], folio[virt:0x7fc651c002b0, phys:0x1123d8000, pfn:0x1123d8, nid:0, npages:1]
          cg.C.x-2273  [056]     0.016841: (+16)    bprint:               change_prot_numa: NUMAB SCAN vma[start:0x7fc652801000, end:0x7fc653001000, from:0x7fc652801000, to:0x7fc653001000, size:8192 KB]
          cg.C.x-2271  [052]     0.016842: (+1)     bprint:               __handle_mm_fault: NUMAB MEM ACCESS process[nid:0, cpu:52, pid:2271], folio[virt:0x7fc6526002b0, phys:0x112586000, pfn:0x112586, nid:0, npages:1]
          cg.C.x-2273  [056]     0.016857: (+15)    bprint:               change_prot_numa: NUMAB SCAN vma[start:0x7fc653201000, end:0x7fc653a01000, from:0x7fc653201000, to:0x7fc653a01000, size:8192 KB]
          cg.C.x-2270  [050]     0.016858: (+1)     bprint:               __handle_mm_fault: NUMAB MEM ACCESS process[nid:0, cpu:50, pid:2270], folio[virt:0x7fc6530002b0, phys:0x1537d5000, pfn:0x1537d5, nid:0, npages:1]
          cg.C.x-2273  [056]     0.016874: (+16)    bprint:               change_prot_numa: NUMAB SCAN vma[start:0x7fc653c01000, end:0x7fc654401000, from:0x7fc653c01000, to:0x7fc654401000, size:8192 KB]
          cg.C.x-2269  [048]     0.016875: (+1)     bprint:               __handle_mm_fault: NUMAB MEM ACCESS process[nid:0, cpu:48, pid:2269], folio[virt:0x7fc653a002b0, phys:0x139377000, pfn:0x139377, nid:0, npages:1]
          cg.C.x-2273  [056]     0.016890: (+15)    bprint:               change_prot_numa: NUMAB SCAN vma[start:0x7fc654601000, end:0x7fc654e01000, from:0x7fc654601000, to:0x7fc654e01000, size:8192 KB]
          cg.C.x-2268  [046]     0.016891: (+1)     bprint:               __handle_mm_fault: NUMAB MEM ACCESS process[nid:0, cpu:46, pid:2268], folio[virt:0x7fc6544002b0, phys:0x1215bf000, pfn:0x1215bf, nid:0, npages:1]
          cg.C.x-2273  [056]     0.016906: (+15)    bprint:               change_prot_numa: NUMAB SCAN vma[start:0x7fc655001000, end:0x7fc655801000, from:0x7fc655001000, to:0x7fc655801000, size:8192 KB]
          cg.C.x-2267  [044]     0.016907: (+1)     bprint:               __handle_mm_fault: NUMAB MEM ACCESS process[nid:0, cpu:44, pid:2267], folio[virt:0x7fc654e002b0, phys:0x113f8f000, pfn:0x113f8f, nid:0, npages:1]
          cg.C.x-2273  [056]     0.016923: (+16)    bprint:               change_prot_numa: NUMAB SCAN vma[start:0x7fc655a01000, end:0x7fc656201000, from:0x7fc655a01000, to:0x7fc656201000, size:8192 KB]
          cg.C.x-2266  [042]     0.016924: (+1)     bprint:               __handle_mm_fault: NUMAB MEM ACCESS process[nid:0, cpu:42, pid:2266], folio[virt:0x7fc6558002b0, phys:0x112e41000, pfn:0x112e41, nid:0, npages:1]
          cg.C.x-2273  [056]     0.016939: (+15)    bprint:               change_prot_numa: NUMAB SCAN vma[start:0x7fc656401000, end:0x7fc656c01000, from:0x7fc656401000, to:0x7fc656c01000, size:8192 KB]
          cg.C.x-2265  [040]     0.016940: (+1)     bprint:               __handle_mm_fault: NUMAB MEM ACCESS process[nid:0, cpu:40, pid:2265], folio[virt:0x7fc6562002b0, phys:0x110620000, pfn:0x110620, nid:0, npages:1]
          cg.C.x-2273  [056]     0.016956: (+16)    bprint:               change_prot_numa: NUMAB SCAN vma[start:0x7fc656e01000, end:0x7fc657601000, from:0x7fc656e01000, to:0x7fc657601000, size:8192 KB]
          cg.C.x-2264  [038]     0.016957: (+1)     bprint:               __handle_mm_fault: NUMAB MEM ACCESS process[nid:0, cpu:38, pid:2264], folio[virt:0x7fc656c002b8, phys:0x113688000, pfn:0x113688, nid:0, npages:1]
          cg.C.x-2264  [038]     0.016961: (+4)     bprint:               __handle_mm_fault: NUMAB MEM ACCESS process[nid:0, cpu:38, pid:2264], folio[virt:0x7fc656bff698, phys:0x150112000, pfn:0x150112, nid:0, npages:1]
          cg.C.x-2273  [056]     0.016972: (+11)    bprint:               change_prot_numa: NUMAB SCAN vma[start:0x7fc657801000, end:0x7fc658001000, from:0x7fc657801000, to:0x7fc658001000, size:8192 KB]
          cg.C.x-2263  [036]     0.016973: (+1)     bprint:               __handle_mm_fault: NUMAB MEM ACCESS process[nid:0, cpu:36, pid:2263], folio[virt:0x7fc6576002b0, phys:0x113560000, pfn:0x113560, nid:0, npages:1]
          cg.C.x-2273  [056]     0.016989: (+16)    bprint:               change_prot_numa: NUMAB SCAN vma[start:0x7fc658201000, end:0x7fc658a01000, from:0x7fc658201000, to:0x7fc658a01000, size:8192 KB]
          cg.C.x-2262  [034]     0.016989: (+0)     bprint:               __handle_mm_fault: NUMAB MEM ACCESS process[nid:0, cpu:34, pid:2262], folio[virt:0x7fc6580002b0, phys:0x13a40d000, pfn:0x13a40d, nid:0, npages:1]
          cg.C.x-2273  [056]     0.017005: (+16)    bprint:               change_prot_numa: NUMAB SCAN vma[start:0x7fc658c01000, end:0x7fc659401000, from:0x7fc658c01000, to:0x7fc659401000, size:8192 KB]
          cg.C.x-2261  [032]     0.017006: (+1)     bprint:               __handle_mm_fault: NUMAB MEM ACCESS process[nid:0, cpu:32, pid:2261], folio[virt:0x7fc658a002b0, phys:0x1390dd000, pfn:0x1390dd, nid:0, npages:1]
          cg.C.x-2260  [030]     0.017021: (+15)    bprint:               __handle_mm_fault: NUMAB MEM ACCESS process[nid:0, cpu:30, pid:2260], folio[virt:0x7fc6594002b0, phys:0x110c6e000, pfn:0x110c6e, nid:0, npages:1]
          cg.C.x-2273  [056]     0.017022: (+1)     bprint:               change_prot_numa: NUMAB SCAN vma[start:0x7fc659601000, end:0x7fc659e01000, from:0x7fc659601000, to:0x7fc659e01000, size:8192 KB]
          cg.C.x-2259  [028]     0.017038: (+16)    bprint:               __handle_mm_fault: NUMAB MEM ACCESS process[nid:0, cpu:28, pid:2259], folio[virt:0x7fc659e002b0, phys:0x153608000, pfn:0x153608, nid:0, npages:1]
