          cg.C.x-3172  [000]     0.006418: (+21)    sched_process_fork:   comm=cg.C.x pid=3172 child_comm=cg.C.x child_pid=3234
          cg.C.x-3172  [000]     0.006420: (+2)     sched_wakeup_new:     cg.C.x:3234 [120] CPU:000
          cg.C.x-3172  [000]     0.006424: (+4)     sched_migrate_task:   comm=cg.C.x pid=3234 prio=120 orig_cpu=0 dest_cpu=61
          cg.C.x-3172  [000]     0.006429: (+5)     sched_wake_idle_without_ipi: cpu=61
          <idle>-0     [061]     0.006435: (+6)     sched_switch:         swapper/61:0 [120] R ==> cg.C.x:3234 [120]
          cg.C.x-3172  [000]     0.006453: (+18)    sched_process_fork:   comm=cg.C.x pid=3172 child_comm=cg.C.x child_pid=3235
          cg.C.x-3172  [000]     0.006454: (+1)     sched_wakeup_new:     cg.C.x:3235 [120] CPU:000
          cg.C.x-3172  [000]     0.006458: (+4)     sched_migrate_task:   comm=cg.C.x pid=3235 prio=120 orig_cpu=0 dest_cpu=63
          cg.C.x-3172  [000]     0.006463: (+5)     sched_wake_idle_without_ipi: cpu=63
          <idle>-0     [063]     0.006469: (+6)     sched_switch:         swapper/63:0 [120] R ==> cg.C.x:3235 [120]
          cg.C.x-3233  [059]     0.009730: (+3261)  sched_waking:         comm=rcu_preempt pid=17 prio=120 target_cpu=059
          cg.C.x-3230  [053]     0.009730: (+0)     sched_waking:         comm=kworker/53:1 pid=588 prio=120 target_cpu=053
          cg.C.x-3217  [027]     0.009731: (+1)     sched_waking:         comm=kworker/27:1 pid=722 prio=120 target_cpu=027
          cg.C.x-3231  [055]     0.009731: (+0)     sched_waking:         comm=kworker/55:1 pid=501 prio=120 target_cpu=055
          cg.C.x-3224  [041]     0.009731: (+0)     sched_waking:         comm=kworker/41:1 pid=587 prio=120 target_cpu=041
          cg.C.x-3218  [029]     0.009732: (+1)     sched_waking:         comm=kworker/29:1 pid=497 prio=120 target_cpu=029
          cg.C.x-3222  [037]     0.009732: (+0)     sched_waking:         comm=kworker/37:0 pid=241 prio=120 target_cpu=037
          cg.C.x-3223  [039]     0.009732: (+0)     sched_waking:         comm=kworker/39:1 pid=586 prio=120 target_cpu=039
          cg.C.x-3226  [045]     0.009732: (+0)     sched_waking:         comm=kworker/45:1 pid=546 prio=120 target_cpu=045
          cg.C.x-3230  [053]     0.009733: (+1)     sched_wakeup:         kworker/53:1:588 [120] CPU:053
          cg.C.x-3231  [055]     0.009733: (+0)     sched_wakeup:         kworker/55:1:501 [120] CPU:055
          cg.C.x-3217  [027]     0.009734: (+1)     sched_wakeup:         kworker/27:1:722 [120] CPU:027
          cg.C.x-3226  [045]     0.009734: (+0)     sched_wakeup:         kworker/45:1:546 [120] CPU:045
          cg.C.x-3224  [041]     0.009734: (+0)     sched_wakeup:         kworker/41:1:587 [120] CPU:041
          cg.C.x-3223  [039]     0.009735: (+1)     sched_wakeup:         kworker/39:1:586 [120] CPU:039
          cg.C.x-3222  [037]     0.009735: (+0)     sched_wakeup:         kworker/37:0:241 [120] CPU:037
          cg.C.x-3218  [029]     0.009735: (+0)     sched_wakeup:         kworker/29:1:497 [120] CPU:029
          cg.C.x-3233  [059]     0.009736: (+1)     sched_wakeup:         rcu_preempt:17 [120] CPU:059
          cg.C.x-3230  [053]     0.009738: (+2)     sched_switch:         cg.C.x:3230 [120] R ==> kworker/53:1:588 [120]
          cg.C.x-3231  [055]     0.009738: (+0)     sched_switch:         cg.C.x:3231 [120] R ==> kworker/55:1:501 [120]
          cg.C.x-3226  [045]     0.009739: (+1)     sched_switch:         cg.C.x:3226 [120] R ==> kworker/45:1:546 [120]
          cg.C.x-3224  [041]     0.009739: (+0)     sched_switch:         cg.C.x:3224 [120] R ==> kworker/41:1:587 [120]
          cg.C.x-3223  [039]     0.009740: (+1)     sched_switch:         cg.C.x:3223 [120] R ==> kworker/39:1:586 [120]
          cg.C.x-3233  [059]     0.009740: (+0)     sched_switch:         cg.C.x:3233 [120] R ==> rcu_preempt:17 [120]
          cg.C.x-3222  [037]     0.009741: (+1)     sched_switch:         cg.C.x:3222 [120] R ==> kworker/37:0:241 [120]
          cg.C.x-3217  [027]     0.009744: (+3)     sched_switch:         cg.C.x:3217 [120] R ==> kworker/27:1:722 [120]
    kworker/55:1-501   [055]     0.009744: (+0)     sched_switch:         kworker/55:1:501 [120] I ==> cg.C.x:3231 [120]
          cg.C.x-3218  [029]     0.009744: (+0)     sched_switch:         cg.C.x:3218 [120] R ==> kworker/29:1:497 [120]
    kworker/53:1-588   [053]     0.009745: (+1)     sched_switch:         kworker/53:1:588 [120] I ==> cg.C.x:3230 [120]
    kworker/45:1-546   [045]     0.009746: (+1)     sched_switch:         kworker/45:1:546 [120] I ==> cg.C.x:3226 [120]
    kworker/41:1-587   [041]     0.009747: (+1)     sched_switch:         kworker/41:1:587 [120] I ==> cg.C.x:3224 [120]
    kworker/37:0-241   [037]     0.009747: (+0)     sched_switch:         kworker/37:0:241 [120] I ==> cg.C.x:3222 [120]
     rcu_preempt-17    [059]     0.009748: (+1)     sched_switch:         rcu_preempt:17 [120] I ==> cg.C.x:3233 [120]
    kworker/39:1-586   [039]     0.009749: (+1)     sched_switch:         kworker/39:1:586 [120] I ==> cg.C.x:3223 [120]
    kworker/27:1-722   [027]     0.009750: (+1)     sched_switch:         kworker/27:1:722 [120] I ==> cg.C.x:3217 [120]
    kworker/29:1-497   [029]     0.009752: (+2)     sched_switch:         kworker/29:1:497 [120] I ==> cg.C.x:3218 [120]
          cg.C.x-3174  [004]     0.011307: (+1555)  sched_waking:         comm=tmux: server pid=2003 prio=120 target_cpu=004
          cg.C.x-3174  [004]     0.011316: (+9)     sched_wakeup:         tmux: server:2003 [120] CPU:004
          cg.C.x-3174  [004]     0.013724: (+2408)  sched_switch:         cg.C.x:3174 [120] R ==> tmux: server:2003 [120]
          cg.C.x-3207  [007]     0.013726: (+2)     bprint:               change_prot_numa: NUMAB SCAN vma[start:0x7f0c35201000, end:0x7f0c35a01000, from:0x7f0c35201000, to:0x7f0c35a01000, size:8192 KB]
          cg.C.x-3207  [007]     0.013732: (+6)     bprint:               change_prot_numa: NUMAB SCAN vma[start:0x7f0c35c01000, end:0x7f0c36401000, from:0x7f0c35c01000, to:0x7f0c36401000, size:8192 KB]
          cg.C.x-3207  [007]     0.013736: (+4)     bprint:               change_prot_numa: NUMAB SCAN vma[start:0x7f0c36601000, end:0x7f0c36e01000, from:0x7f0c36601000, to:0x7f0c36e01000, size:8192 KB]
    tmux: server-2003  [004]     0.013748: (+12)    sched_switch:         tmux: server:2003 [120] S ==> cg.C.x:3174 [120]
          cg.C.x-3207  [007]     0.013771: (+23)    bprint:               change_prot_numa: NUMAB SCAN vma[start:0x7f0c37001000, end:0x7f0c37801000, from:0x7f0c37001000, to:0x7f0c37801000, size:8192 KB]
          cg.C.x-3233  [059]     0.013771: (+0)     bprint:               __handle_mm_fault: NUMAB MEM ACCESS process[nid:1, cpu:59, pid:3233], folio[virt:0x7f0c36e002b8, phys:0x29f7c8000, pfn:0x29f7c8, nid:0, npages:1]
          cg.C.x-3233  [059]     0.013773: (+2)     bprint:               __handle_mm_fault: NUMAB TRY MEM MIGR process[nid:1, cpu:59, pid:3233], folio[virt:0x7f0c36e002b8, phys:0x29f7c8000, nid:0], target_nid:1
          cg.C.x-3232  [057]     0.013788: (+15)    bprint:               __handle_mm_fault: NUMAB MEM ACCESS process[nid:1, cpu:57, pid:3232], folio[virt:0x7f0c378002b0, phys:0x29f7c7000, pfn:0x29f7c7, nid:0, npages:1]
          cg.C.x-3207  [007]     0.013789: (+1)     bprint:               change_prot_numa: NUMAB SCAN vma[start:0x7f0c37a01000, end:0x7f0c38201000, from:0x7f0c37a01000, to:0x7f0c38201000, size:8192 KB]
          cg.C.x-3232  [057]     0.013790: (+1)     bprint:               __handle_mm_fault: NUMAB TRY MEM MIGR process[nid:1, cpu:57, pid:3232], folio[virt:0x7f0c378002b0, phys:0x29f7c7000, nid:0], target_nid:1
          cg.C.x-3233  [059]     0.013803: (+13)    bprint:               __handle_mm_fault: NUMAB COMPLETED MEM MIGR process[nid:1, cpu:59, pid:3233], old[phys:0x29f7c8000, nid:0, npages:1], new[phys:0x186de10000, nid:1, npages:1]
          cg.C.x-3232  [057]     0.013829: (+26)    bprint:               __handle_mm_fault: NUMAB COMPLETED MEM MIGR process[nid:1, cpu:57, pid:3232], old[phys:0x29f7c7000, nid:0, npages:1], new[phys:0x1866b5b000, nid:1, npages:1]
          cg.C.x-3207  [007]     0.013837: (+8)     bprint:               change_prot_numa: NUMAB SCAN vma[start:0x7f0c38401000, end:0x7f0c38c01000, from:0x7f0c38401000, to:0x7f0c38c01000, size:8192 KB]
          cg.C.x-3231  [055]     0.013838: (+1)     bprint:               __handle_mm_fault: NUMAB MEM ACCESS process[nid:1, cpu:55, pid:3231], folio[virt:0x7f0c382002b0, phys:0x29f7c6000, pfn:0x29f7c6, nid:0, npages:1]
          cg.C.x-3231  [055]     0.013839: (+1)     bprint:               __handle_mm_fault: NUMAB TRY MEM MIGR process[nid:1, cpu:55, pid:3231], folio[virt:0x7f0c382002b0, phys:0x29f7c6000, nid:0], target_nid:1
          cg.C.x-3230  [053]     0.013854: (+15)    bprint:               __handle_mm_fault: NUMAB MEM ACCESS process[nid:1, cpu:53, pid:3230], folio[virt:0x7f0c38c002b0, phys:0x29f7c5000, pfn:0x29f7c5, nid:0, npages:1]
          cg.C.x-3207  [007]     0.013855: (+1)     bprint:               change_prot_numa: NUMAB SCAN vma[start:0x7f0c38e01000, end:0x7f0c39601000, from:0x7f0c38e01000, to:0x7f0c39601000, size:8192 KB]
          cg.C.x-3230  [053]     0.013856: (+1)     bprint:               __handle_mm_fault: NUMAB TRY MEM MIGR process[nid:1, cpu:53, pid:3230], folio[virt:0x7f0c38c002b0, phys:0x29f7c5000, nid:0], target_nid:1
          cg.C.x-3231  [055]     0.013868: (+12)    bprint:               __handle_mm_fault: NUMAB COMPLETED MEM MIGR process[nid:1, cpu:55, pid:3231], old[phys:0x29f7c6000, nid:0, npages:1], new[phys:0x18573c5000, nid:1, npages:1]
          cg.C.x-3230  [053]     0.013896: (+28)    bprint:               __handle_mm_fault: NUMAB COMPLETED MEM MIGR process[nid:1, cpu:53, pid:3230], old[phys:0x29f7c5000, nid:0, npages:1], new[phys:0x186ce58000, nid:1, npages:1]
          cg.C.x-3207  [007]     0.013904: (+8)     bprint:               change_prot_numa: NUMAB SCAN vma[start:0x7f0c39801000, end:0x7f0c3a001000, from:0x7f0c39801000, to:0x7f0c3a001000, size:8192 KB]
          cg.C.x-3229  [051]     0.013904: (+0)     bprint:               __handle_mm_fault: NUMAB MEM ACCESS process[nid:1, cpu:51, pid:3229], folio[virt:0x7f0c396002b0, phys:0x29f7c4000, pfn:0x29f7c4, nid:0, npages:1]
          cg.C.x-3229  [051]     0.013906: (+2)     bprint:               __handle_mm_fault: NUMAB TRY MEM MIGR process[nid:1, cpu:51, pid:3229], folio[virt:0x7f0c396002b0, phys:0x29f7c4000, nid:0], target_nid:1
          cg.C.x-3207  [007]     0.013921: (+15)    bprint:               change_prot_numa: NUMAB SCAN vma[start:0x7f0c3a201000, end:0x7f0c3aa01000, from:0x7f0c3a201000, to:0x7f0c3aa01000, size:8192 KB]
          cg.C.x-3228  [049]     0.013922: (+1)     bprint:               __handle_mm_fault: NUMAB MEM ACCESS process[nid:1, cpu:49, pid:3228], folio[virt:0x7f0c3a0002b0, phys:0x29f7c2000, pfn:0x29f7c2, nid:0, npages:1]
          cg.C.x-3228  [049]     0.013924: (+2)     bprint:               __handle_mm_fault: NUMAB TRY MEM MIGR process[nid:1, cpu:49, pid:3228], folio[virt:0x7f0c3a0002b0, phys:0x29f7c2000, nid:0], target_nid:1
          cg.C.x-3229  [051]     0.013931: (+7)     bprint:               __handle_mm_fault: NUMAB COMPLETED MEM MIGR process[nid:1, cpu:51, pid:3229], old[phys:0x29f7c4000, nid:0, npages:1], new[phys:0x186cdff000, nid:1, npages:1]
          cg.C.x-3228  [049]     0.013961: (+30)    bprint:               __handle_mm_fault: NUMAB COMPLETED MEM MIGR process[nid:1, cpu:49, pid:3228], old[phys:0x29f7c2000, nid:0, npages:1], new[phys:0x185eacb000, nid:1, npages:1]
          cg.C.x-3207  [007]     0.013970: (+9)     bprint:               change_prot_numa: NUMAB SCAN vma[start:0x7f0c3ac01000, end:0x7f0c3b401000, from:0x7f0c3ac01000, to:0x7f0c3b401000, size:8192 KB]
          cg.C.x-3227  [047]     0.013970: (+0)     bprint:               __handle_mm_fault: NUMAB MEM ACCESS process[nid:1, cpu:47, pid:3227], folio[virt:0x7f0c3aa002b8, phys:0x29f7c1000, pfn:0x29f7c1, nid:0, npages:1]
          cg.C.x-3227  [047]     0.013971: (+1)     bprint:               __handle_mm_fault: NUMAB TRY MEM MIGR process[nid:1, cpu:47, pid:3227], folio[virt:0x7f0c3aa002b8, phys:0x29f7c1000, nid:0], target_nid:1
          cg.C.x-3226  [045]     0.013987: (+16)    bprint:               __handle_mm_fault: NUMAB MEM ACCESS process[nid:1, cpu:45, pid:3226], folio[virt:0x7f0c3b4002b0, phys:0x29f7c0000, pfn:0x29f7c0, nid:0, npages:1]
          cg.C.x-3207  [007]     0.013987: (+0)     bprint:               change_prot_numa: NUMAB SCAN vma[start:0x7f0c3b601000, end:0x7f0c3be01000, from:0x7f0c3b601000, to:0x7f0c3be01000, size:8192 KB]
          cg.C.x-3226  [045]     0.013988: (+1)     bprint:               __handle_mm_fault: NUMAB TRY MEM MIGR process[nid:1, cpu:45, pid:3226], folio[virt:0x7f0c3b4002b0, phys:0x29f7c0000, nid:0], target_nid:1
          cg.C.x-3227  [047]     0.013995: (+7)     bprint:               __handle_mm_fault: NUMAB COMPLETED MEM MIGR process[nid:1, cpu:47, pid:3227], old[phys:0x29f7c1000, nid:0, npages:1], new[phys:0x185ecd6000, nid:1, npages:1]
          cg.C.x-3226  [045]     0.014027: (+32)    bprint:               __handle_mm_fault: NUMAB COMPLETED MEM MIGR process[nid:1, cpu:45, pid:3226], old[phys:0x29f7c0000, nid:0, npages:1], new[phys:0x185e398000, nid:1, npages:1]
          cg.C.x-3207  [007]     0.014035: (+8)     bprint:               change_prot_numa: NUMAB SCAN vma[start:0x7f0c3c001000, end:0x7f0c3c801000, from:0x7f0c3c001000, to:0x7f0c3c801000, size:8192 KB]
          cg.C.x-3225  [043]     0.014035: (+0)     bprint:               __handle_mm_fault: NUMAB MEM ACCESS process[nid:1, cpu:43, pid:3225], folio[virt:0x7f0c3be002b0, phys:0x29f7bf000, pfn:0x29f7bf, nid:0, npages:1]
          cg.C.x-3225  [043]     0.014037: (+2)     bprint:               __handle_mm_fault: NUMAB TRY MEM MIGR process[nid:1, cpu:43, pid:3225], folio[virt:0x7f0c3be002b0, phys:0x29f7bf000, nid:0], target_nid:1
          cg.C.x-3224  [041]     0.014052: (+15)    bprint:               __handle_mm_fault: NUMAB MEM ACCESS process[nid:1, cpu:41, pid:3224], folio[virt:0x7f0c3c8002b0, phys:0x29f7be000, pfn:0x29f7be, nid:0, npages:1]
          cg.C.x-3207  [007]     0.014053: (+1)     bprint:               change_prot_numa: NUMAB SCAN vma[start:0x7f0c3ca01000, end:0x7f0c3d201000, from:0x7f0c3ca01000, to:0x7f0c3d201000, size:8192 KB]
          cg.C.x-3224  [041]     0.014054: (+1)     bprint:               __handle_mm_fault: NUMAB TRY MEM MIGR process[nid:1, cpu:41, pid:3224], folio[virt:0x7f0c3c8002b0, phys:0x29f7be000, nid:0], target_nid:1
          cg.C.x-3225  [043]     0.014061: (+7)     bprint:               __handle_mm_fault: NUMAB COMPLETED MEM MIGR process[nid:1, cpu:43, pid:3225], old[phys:0x29f7bf000, nid:0, npages:1], new[phys:0x1854d7c000, nid:1, npages:1]
          cg.C.x-3224  [041]     0.014093: (+32)    bprint:               __handle_mm_fault: NUMAB COMPLETED MEM MIGR process[nid:1, cpu:41, pid:3224], old[phys:0x29f7be000, nid:0, npages:1], new[phys:0x185f1aa000, nid:1, npages:1]
          cg.C.x-3223  [039]     0.014100: (+7)     bprint:               __handle_mm_fault: NUMAB MEM ACCESS process[nid:1, cpu:39, pid:3223], folio[virt:0x7f0c3d2002b8, phys:0x29f7bd000, pfn:0x29f7bd, nid:0, npages:1]
          cg.C.x-3207  [007]     0.014101: (+1)     bprint:               change_prot_numa: NUMAB SCAN vma[start:0x7f0c3d401000, end:0x7f0c3dc01000, from:0x7f0c3d401000, to:0x7f0c3dc01000, size:8192 KB]
          cg.C.x-3223  [039]     0.014102: (+1)     bprint:               __handle_mm_fault: NUMAB TRY MEM MIGR process[nid:1, cpu:39, pid:3223], folio[virt:0x7f0c3d2002b8, phys:0x29f7bd000, nid:0], target_nid:1
          cg.C.x-3207  [007]     0.014118: (+16)    bprint:               change_prot_numa: NUMAB SCAN vma[start:0x7f0c3de01000, end:0x7f0c3e601000, from:0x7f0c3de01000, to:0x7f0c3e601000, size:8192 KB]
          cg.C.x-3222  [037]     0.014119: (+1)     bprint:               __handle_mm_fault: NUMAB MEM ACCESS process[nid:1, cpu:37, pid:3222], folio[virt:0x7f0c3dc002b0, phys:0x29f7bc000, pfn:0x29f7bc, nid:0, npages:1]
          cg.C.x-3222  [037]     0.014120: (+1)     bprint:               __handle_mm_fault: NUMAB TRY MEM MIGR process[nid:1, cpu:37, pid:3222], folio[virt:0x7f0c3dc002b0, phys:0x29f7bc000, nid:0], target_nid:1
          cg.C.x-3223  [039]     0.014123: (+3)     bprint:               __handle_mm_fault: NUMAB COMPLETED MEM MIGR process[nid:1, cpu:39, pid:3223], old[phys:0x29f7bd000, nid:0, npages:1], new[phys:0x185ebd3000, nid:1, npages:1]
          cg.C.x-3222  [037]     0.014158: (+35)    bprint:               __handle_mm_fault: NUMAB COMPLETED MEM MIGR process[nid:1, cpu:37, pid:3222], old[phys:0x29f7bc000, nid:0, npages:1], new[phys:0x1857042000, nid:1, npages:1]
          cg.C.x-3207  [007]     0.014166: (+8)     bprint:               change_prot_numa: NUMAB SCAN vma[start:0x7f0c3e801000, end:0x7f0c3f001000, from:0x7f0c3e801000, to:0x7f0c3f001000, size:8192 KB]
          cg.C.x-3221  [035]     0.014166: (+0)     bprint:               __handle_mm_fault: NUMAB MEM ACCESS process[nid:1, cpu:35, pid:3221], folio[virt:0x7f0c3e6002b0, phys:0x29f7bb000, pfn:0x29f7bb, nid:0, npages:1]
          cg.C.x-3221  [035]     0.014168: (+2)     bprint:               __handle_mm_fault: NUMAB TRY MEM MIGR process[nid:1, cpu:35, pid:3221], folio[virt:0x7f0c3e6002b0, phys:0x29f7bb000, nid:0], target_nid:1
          cg.C.x-3207  [007]     0.014184: (+16)    bprint:               change_prot_numa: NUMAB SCAN vma[start:0x7f0c3f201000, end:0x7f0c3fa01000, from:0x7f0c3f201000, to:0x7f0c3fa01000, size:8192 KB]
          cg.C.x-3220  [033]     0.014184: (+0)     bprint:               __handle_mm_fault: NUMAB MEM ACCESS process[nid:1, cpu:33, pid:3220], folio[virt:0x7f0c3f0002b0, phys:0x29f7ba000, pfn:0x29f7ba, nid:0, npages:1]
          cg.C.x-3220  [033]     0.014185: (+1)     bprint:               __handle_mm_fault: NUMAB TRY MEM MIGR process[nid:1, cpu:33, pid:3220], folio[virt:0x7f0c3f0002b0, phys:0x29f7ba000, nid:0], target_nid:1
          cg.C.x-3221  [035]     0.014196: (+11)    bprint:               __handle_mm_fault: NUMAB COMPLETED MEM MIGR process[nid:1, cpu:35, pid:3221], old[phys:0x29f7bb000, nid:0, npages:1], new[phys:0x1855e99000, nid:1, npages:1]
          cg.C.x-3220  [033]     0.014224: (+28)    bprint:               __handle_mm_fault: NUMAB COMPLETED MEM MIGR process[nid:1, cpu:33, pid:3220], old[phys:0x29f7ba000, nid:0, npages:1], new[phys:0x1855f42000, nid:1, npages:1]
          cg.C.x-3207  [007]     0.014232: (+8)     bprint:               change_prot_numa: NUMAB SCAN vma[start:0x7f0c3fc01000, end:0x7f0c40401000, from:0x7f0c3fc01000, to:0x7f0c40401000, size:8192 KB]
          cg.C.x-3219  [031]     0.014233: (+1)     bprint:               __handle_mm_fault: NUMAB MEM ACCESS process[nid:1, cpu:31, pid:3219], folio[virt:0x7f0c3fa002b0, phys:0x29f7b9000, pfn:0x29f7b9, nid:0, npages:1]
          cg.C.x-3219  [031]     0.014235: (+2)     bprint:               __handle_mm_fault: NUMAB TRY MEM MIGR process[nid:1, cpu:31, pid:3219], folio[virt:0x7f0c3fa002b0, phys:0x29f7b9000, nid:0], target_nid:1
          cg.C.x-3207  [007]     0.014249: (+14)    bprint:               change_prot_numa: NUMAB SCAN vma[start:0x7f0c40601000, end:0x7f0c40e01000, from:0x7f0c40601000, to:0x7f0c40e01000, size:8192 KB]
          cg.C.x-3218  [029]     0.014250: (+1)     bprint:               __handle_mm_fault: NUMAB MEM ACCESS process[nid:1, cpu:29, pid:3218], folio[virt:0x7f0c404002b0, phys:0x29f7b8000, pfn:0x29f7b8, nid:0, npages:1]
          cg.C.x-3218  [029]     0.014251: (+1)     bprint:               __handle_mm_fault: NUMAB TRY MEM MIGR process[nid:1, cpu:29, pid:3218], folio[virt:0x7f0c404002b0, phys:0x29f7b8000, nid:0], target_nid:1
          cg.C.x-3219  [031]     0.014267: (+16)    bprint:               __handle_mm_fault: NUMAB COMPLETED MEM MIGR process[nid:1, cpu:31, pid:3219], old[phys:0x29f7b9000, nid:0, npages:1], new[phys:0x1864b4f000, nid:1, npages:1]
          cg.C.x-3218  [029]     0.014281: (+14)    bprint:               __handle_mm_fault: NUMAB COMPLETED MEM MIGR process[nid:1, cpu:29, pid:3218], old[phys:0x29f7b8000, nid:0, npages:1], new[phys:0x185ea6e000, nid:1, npages:1]
          cg.C.x-3207  [007]     0.014299: (+18)    bprint:               change_prot_numa: NUMAB SCAN vma[start:0x7f0c41001000, end:0x7f0c41801000, from:0x7f0c41001000, to:0x7f0c41801000, size:8192 KB]
          cg.C.x-3217  [027]     0.014300: (+1)     bprint:               __handle_mm_fault: NUMAB MEM ACCESS process[nid:1, cpu:27, pid:3217], folio[virt:0x7f0c40e002b8, phys:0x29f7b7000, pfn:0x29f7b7, nid:0, npages:1]
          cg.C.x-3217  [027]     0.014301: (+1)     bprint:               __handle_mm_fault: NUMAB TRY MEM MIGR process[nid:1, cpu:27, pid:3217], folio[virt:0x7f0c40e002b8, phys:0x29f7b7000, nid:0], target_nid:1
          cg.C.x-3216  [025]     0.014316: (+15)    bprint:               __handle_mm_fault: NUMAB MEM ACCESS process[nid:1, cpu:25, pid:3216], folio[virt:0x7f0c418002b0, phys:0x1216cb000, pfn:0x1216cb, nid:0, npages:1]
          cg.C.x-3207  [007]     0.014317: (+1)     bprint:               change_prot_numa: NUMAB SCAN vma[start:0x7f0c41a01000, end:0x7f0c42201000, from:0x7f0c41a01000, to:0x7f0c42201000, size:8192 KB]
          cg.C.x-3216  [025]     0.014318: (+1)     bprint:               __handle_mm_fault: NUMAB TRY MEM MIGR process[nid:1, cpu:25, pid:3216], folio[virt:0x7f0c418002b0, phys:0x1216cb000, nid:0], target_nid:1
          cg.C.x-3217  [027]     0.014322: (+4)     bprint:               __handle_mm_fault: NUMAB COMPLETED MEM MIGR process[nid:1, cpu:27, pid:3217], old[phys:0x29f7b7000, nid:0, npages:1], new[phys:0x185e169000, nid:1, npages:1]
          cg.C.x-3216  [025]     0.014352: (+30)    bprint:               __handle_mm_fault: NUMAB COMPLETED MEM MIGR process[nid:1, cpu:25, pid:3216], old[phys:0x1216cb000, nid:0, npages:1], new[phys:0x186de13000, nid:1, npages:1]
          cg.C.x-3215  [023]     0.014361: (+9)     bprint:               __handle_mm_fault: NUMAB MEM ACCESS process[nid:1, cpu:23, pid:3215], folio[virt:0x7f0c422002b0, phys:0x1216ca000, pfn:0x1216ca, nid:0, npages:1]
          cg.C.x-3207  [007]     0.014361: (+0)     bprint:               change_prot_numa: NUMAB SCAN vma[start:0x7f0c42401000, end:0x7f0c42c01000, from:0x7f0c42401000, to:0x7f0c42c01000, size:8192 KB]
          cg.C.x-3215  [023]     0.014362: (+1)     bprint:               __handle_mm_fault: NUMAB TRY MEM MIGR process[nid:1, cpu:23, pid:3215], folio[virt:0x7f0c422002b0, phys:0x1216ca000, nid:0], target_nid:1
          cg.C.x-3214  [021]     0.014378: (+16)    bprint:               __handle_mm_fault: NUMAB MEM ACCESS process[nid:1, cpu:21, pid:3214], folio[virt:0x7f0c42c002b0, phys:0x116307000, pfn:0x116307, nid:0, npages:1]
          cg.C.x-3207  [007]     0.014379: (+1)     bprint:               change_prot_numa: NUMAB SCAN vma[start:0x7f0c42e01000, end:0x7f0c43601000, from:0x7f0c42e01000, to:0x7f0c43601000, size:8192 KB]
          cg.C.x-3214  [021]     0.014379: (+0)     bprint:               __handle_mm_fault: NUMAB TRY MEM MIGR process[nid:1, cpu:21, pid:3214], folio[virt:0x7f0c42c002b0, phys:0x116307000, nid:0], target_nid:1
          cg.C.x-3215  [023]     0.014385: (+6)     bprint:               __handle_mm_fault: NUMAB COMPLETED MEM MIGR process[nid:1, cpu:23, pid:3215], old[phys:0x1216ca000, nid:0, npages:1], new[phys:0x185ec41000, nid:1, npages:1]
          cg.C.x-3214  [021]     0.014411: (+26)    bprint:               __handle_mm_fault: NUMAB COMPLETED MEM MIGR process[nid:1, cpu:21, pid:3214], old[phys:0x116307000, nid:0, npages:1], new[phys:0x1857987000, nid:1, npages:1]
          cg.C.x-3213  [019]     0.014426: (+15)    bprint:               __handle_mm_fault: NUMAB MEM ACCESS process[nid:1, cpu:19, pid:3213], folio[virt:0x7f0c436002b0, phys:0x116306000, pfn:0x116306, nid:0, npages:1]
          cg.C.x-3207  [007]     0.014426: (+0)     bprint:               change_prot_numa: NUMAB SCAN vma[start:0x7f0c43801000, end:0x7f0c44001000, from:0x7f0c43801000, to:0x7f0c44001000, size:8192 KB]
          cg.C.x-3213  [019]     0.014427: (+1)     bprint:               __handle_mm_fault: NUMAB TRY MEM MIGR process[nid:1, cpu:19, pid:3213], folio[virt:0x7f0c436002b0, phys:0x116306000, nid:0], target_nid:1
          cg.C.x-3212  [017]     0.014442: (+15)    bprint:               __handle_mm_fault: NUMAB MEM ACCESS process[nid:1, cpu:17, pid:3212], folio[virt:0x7f0c440002b0, phys:0x1136bb000, pfn:0x1136bb, nid:0, npages:1]
          cg.C.x-3207  [007]     0.014443: (+1)     bprint:               change_prot_numa: NUMAB SCAN vma[start:0x7f0c44201000, end:0x7f0c44a01000, from:0x7f0c44201000, to:0x7f0c44a01000, size:8192 KB]
          cg.C.x-3212  [017]     0.014444: (+1)     bprint:               __handle_mm_fault: NUMAB TRY MEM MIGR process[nid:1, cpu:17, pid:3212], folio[virt:0x7f0c440002b0, phys:0x1136bb000, nid:0], target_nid:1
          cg.C.x-3213  [019]     0.014457: (+13)    bprint:               __handle_mm_fault: NUMAB COMPLETED MEM MIGR process[nid:1, cpu:19, pid:3213], old[phys:0x116306000, nid:0, npages:1], new[phys:0x1857090000, nid:1, npages:1]
          cg.C.x-3212  [017]     0.014478: (+21)    bprint:               __handle_mm_fault: NUMAB COMPLETED MEM MIGR process[nid:1, cpu:17, pid:3212], old[phys:0x1136bb000, nid:0, npages:1], new[phys:0x185e0f2000, nid:1, npages:1]
          cg.C.x-3211  [015]     0.014488: (+10)    bprint:               __handle_mm_fault: NUMAB MEM ACCESS process[nid:1, cpu:15, pid:3211], folio[virt:0x7f0c44a002b0, phys:0x1136ba000, pfn:0x1136ba, nid:0, npages:1]
          cg.C.x-3207  [007]     0.014489: (+1)     bprint:               change_prot_numa: NUMAB SCAN vma[start:0x7f0c44c01000, end:0x7f0c45401000, from:0x7f0c44c01000, to:0x7f0c45401000, size:8192 KB]
          cg.C.x-3211  [015]     0.014489: (+0)     bprint:               __handle_mm_fault: NUMAB TRY MEM MIGR process[nid:1, cpu:15, pid:3211], folio[virt:0x7f0c44a002b0, phys:0x1136ba000, nid:0], target_nid:1
          cg.C.x-3210  [013]     0.014505: (+16)    bprint:               __handle_mm_fault: NUMAB MEM ACCESS process[nid:1, cpu:13, pid:3210], folio[virt:0x7f0c454002b0, phys:0x11096f000, pfn:0x11096f, nid:0, npages:1]
          cg.C.x-3207  [007]     0.014506: (+1)     bprint:               change_prot_numa: NUMAB SCAN vma[start:0x7f0c45601000, end:0x7f0c45e01000, from:0x7f0c45601000, to:0x7f0c45e01000, size:8192 KB]
          cg.C.x-3210  [013]     0.014506: (+0)     bprint:               __handle_mm_fault: NUMAB TRY MEM MIGR process[nid:1, cpu:13, pid:3210], folio[virt:0x7f0c454002b0, phys:0x11096f000, nid:0], target_nid:1
          cg.C.x-3211  [015]     0.014519: (+13)    bprint:               __handle_mm_fault: NUMAB COMPLETED MEM MIGR process[nid:1, cpu:15, pid:3211], old[phys:0x1136ba000, nid:0, npages:1], new[phys:0x186ec45000, nid:1, npages:1]
          cg.C.x-3210  [013]     0.014539: (+20)    bprint:               __handle_mm_fault: NUMAB COMPLETED MEM MIGR process[nid:1, cpu:13, pid:3210], old[phys:0x11096f000, nid:0, npages:1], new[phys:0x1866912000, nid:1, npages:1]
          cg.C.x-3209  [011]     0.014555: (+16)    bprint:               __handle_mm_fault: NUMAB MEM ACCESS process[nid:1, cpu:11, pid:3209], folio[virt:0x7f0c45e002b0, phys:0x11096e000, pfn:0x11096e, nid:0, npages:1]
          cg.C.x-3207  [007]     0.014555: (+0)     bprint:               change_prot_numa: NUMAB SCAN vma[start:0x7f0c46001000, end:0x7f0c46801000, from:0x7f0c46001000, to:0x7f0c46801000, size:8192 KB]
          cg.C.x-3209  [011]     0.014556: (+1)     bprint:               __handle_mm_fault: NUMAB TRY MEM MIGR process[nid:1, cpu:11, pid:3209], folio[virt:0x7f0c45e002b0, phys:0x11096e000, nid:0], target_nid:1
          cg.C.x-3207  [007]     0.014572: (+16)    bprint:               change_prot_numa: NUMAB SCAN vma[start:0x7f0c46a01000, end:0x7f0c47201000, from:0x7f0c46a01000, to:0x7f0c47201000, size:8192 KB]
          cg.C.x-3208  [009]     0.014572: (+0)     bprint:               __handle_mm_fault: NUMAB MEM ACCESS process[nid:1, cpu:9, pid:3208], folio[virt:0x7f0c468002b0, phys:0x123303000, pfn:0x123303, nid:0, npages:1]
          cg.C.x-3208  [009]     0.014573: (+1)     bprint:               __handle_mm_fault: NUMAB TRY MEM MIGR process[nid:1, cpu:9, pid:3208], folio[virt:0x7f0c468002b0, phys:0x123303000, nid:0], target_nid:1
          cg.C.x-3209  [011]     0.014586: (+13)    bprint:               __handle_mm_fault: NUMAB COMPLETED MEM MIGR process[nid:1, cpu:11, pid:3209], old[phys:0x11096e000, nid:0, npages:1], new[phys:0x185e2bb000, nid:1, npages:1]
          cg.C.x-3208  [009]     0.014598: (+12)    bprint:               __handle_mm_fault: NUMAB COMPLETED MEM MIGR process[nid:1, cpu:9, pid:3208], old[phys:0x123303000, nid:0, npages:1], new[phys:0x1855e8f000, nid:1, npages:1]
          cg.C.x-3207  [007]     0.014623: (+25)    bprint:               change_prot_numa: NUMAB SCAN vma[start:0x7f0c47401000, end:0x7f0c47c01000, from:0x7f0c47401000, to:0x7f0c47c01000, size:8192 KB]
          cg.C.x-3207  [007]     0.014640: (+17)    bprint:               change_prot_numa: NUMAB SCAN vma[start:0x7f0c47e01000, end:0x7f0c48601000, from:0x7f0c47e01000, to:0x7f0c48601000, size:8192 KB]
          cg.C.x-3206  [005]     0.014641: (+1)     bprint:               __handle_mm_fault: NUMAB MEM ACCESS process[nid:1, cpu:5, pid:3206], folio[virt:0x7f0c47c002b8, phys:0x113dd7000, pfn:0x113dd7, nid:0, npages:1]
          cg.C.x-3206  [005]     0.014642: (+1)     bprint:               __handle_mm_fault: NUMAB TRY MEM MIGR process[nid:1, cpu:5, pid:3206], folio[virt:0x7f0c47c002b8, phys:0x113dd7000, nid:0], target_nid:1
          cg.C.x-3205  [003]     0.014657: (+15)    bprint:               __handle_mm_fault: NUMAB MEM ACCESS process[nid:1, cpu:3, pid:3205], folio[virt:0x7f0c486002b0, phys:0x113dd6000, pfn:0x113dd6, nid:0, npages:1]
          cg.C.x-3207  [007]     0.014657: (+0)     bprint:               change_prot_numa: NUMAB SCAN vma[start:0x7f0c48801000, end:0x7f0c49001000, from:0x7f0c48801000, to:0x7f0c49001000, size:8192 KB]
          cg.C.x-3205  [003]     0.014658: (+1)     bprint:               __handle_mm_fault: NUMAB TRY MEM MIGR process[nid:1, cpu:3, pid:3205], folio[virt:0x7f0c486002b0, phys:0x113dd6000, nid:0], target_nid:1
          cg.C.x-3206  [005]     0.014677: (+19)    bprint:               __handle_mm_fault: NUMAB COMPLETED MEM MIGR process[nid:1, cpu:5, pid:3206], old[phys:0x113dd7000, nid:0, npages:1], new[phys:0x186d621000, nid:1, npages:1]
          cg.C.x-3205  [003]     0.014686: (+9)     bprint:               __handle_mm_fault: NUMAB COMPLETED MEM MIGR process[nid:1, cpu:3, pid:3205], old[phys:0x113dd6000, nid:0, npages:1], new[phys:0x186cc5d000, nid:1, npages:1]
          cg.C.x-3207  [007]     0.014703: (+17)    bprint:               change_prot_numa: NUMAB SCAN vma[start:0x7f0c49201000, end:0x7f0c49a01000, from:0x7f0c49201000, to:0x7f0c49a01000, size:8192 KB]
          cg.C.x-3204  [001]     0.014703: (+0)     bprint:               __handle_mm_fault: NUMAB MEM ACCESS process[nid:1, cpu:1, pid:3204], folio[virt:0x7f0c490002b0, phys:0x13b2f9000, pfn:0x13b2f9, nid:0, npages:1]
          cg.C.x-3204  [001]     0.014704: (+1)     bprint:               __handle_mm_fault: NUMAB TRY MEM MIGR process[nid:1, cpu:1, pid:3204], folio[virt:0x7f0c490002b0, phys:0x13b2f9000, nid:0], target_nid:1
          cg.C.x-3207  [007]     0.014720: (+16)    bprint:               change_prot_numa: NUMAB SCAN vma[start:0x7f0c49c01000, end:0x7f0c4a401000, from:0x7f0c49c01000, to:0x7f0c4a401000, size:8192 KB]
          cg.C.x-3203  [062]     0.014721: (+1)     bprint:               __handle_mm_fault: NUMAB MEM ACCESS process[nid:0, cpu:62, pid:3203], folio[virt:0x7f0c49a002b0, phys:0x13a2ef000, pfn:0x13a2ef, nid:0, npages:1]
          cg.C.x-3204  [001]     0.014735: (+14)    bprint:               __handle_mm_fault: NUMAB COMPLETED MEM MIGR process[nid:1, cpu:1, pid:3204], old[phys:0x13b2f9000, nid:0, npages:1], new[phys:0x1867749000, nid:1, npages:1]
          cg.C.x-3207  [007]     0.014762: (+27)    bprint:               change_prot_numa: NUMAB SCAN vma[start:0x7f0c4a601000, end:0x7f0c4ae01000, from:0x7f0c4a601000, to:0x7f0c4ae01000, size:8192 KB]
          cg.C.x-3202  [060]     0.014764: (+2)     bprint:               __handle_mm_fault: NUMAB MEM ACCESS process[nid:0, cpu:60, pid:3202], folio[virt:0x7f0c4a4002b8, phys:0x13a2ee000, pfn:0x13a2ee, nid:0, npages:1]
          cg.C.x-3207  [007]     0.014780: (+16)    bprint:               change_prot_numa: NUMAB SCAN vma[start:0x7f0c4b001000, end:0x7f0c4b801000, from:0x7f0c4b001000, to:0x7f0c4b801000, size:8192 KB]
          cg.C.x-3201  [058]     0.014781: (+1)     bprint:               __handle_mm_fault: NUMAB MEM ACCESS process[nid:0, cpu:58, pid:3201], folio[virt:0x7f0c4ae002b8, phys:0x13baa7000, pfn:0x13baa7, nid:0, npages:1]
          cg.C.x-3207  [007]     0.014797: (+16)    bprint:               change_prot_numa: NUMAB SCAN vma[start:0x7f0c4ba01000, end:0x7f0c4c201000, from:0x7f0c4ba01000, to:0x7f0c4c201000, size:8192 KB]
          cg.C.x-3200  [056]     0.014798: (+1)     bprint:               __handle_mm_fault: NUMAB MEM ACCESS process[nid:0, cpu:56, pid:3200], folio[virt:0x7f0c4b8002b0, phys:0x13baa6000, pfn:0x13baa6, nid:0, npages:1]
          cg.C.x-3207  [007]     0.014815: (+17)    bprint:               change_prot_numa: NUMAB SCAN vma[start:0x7f0c4c401000, end:0x7f0c4cc01000, from:0x7f0c4c401000, to:0x7f0c4cc01000, size:8192 KB]
          cg.C.x-3199  [054]     0.014816: (+1)     bprint:               __handle_mm_fault: NUMAB MEM ACCESS process[nid:0, cpu:54, pid:3199], folio[virt:0x7f0c4c2002b0, phys:0x1162a3000, pfn:0x1162a3, nid:0, npages:1]
          cg.C.x-3207  [007]     0.014832: (+16)    bprint:               change_prot_numa: NUMAB SCAN vma[start:0x7f0c4ce01000, end:0x7f0c4d601000, from:0x7f0c4ce01000, to:0x7f0c4d601000, size:8192 KB]
          cg.C.x-3198  [052]     0.014834: (+2)     bprint:               __handle_mm_fault: NUMAB MEM ACCESS process[nid:0, cpu:52, pid:3198], folio[virt:0x7f0c4cc002b0, phys:0x1162a2000, pfn:0x1162a2, nid:0, npages:1]
          cg.C.x-3207  [007]     0.014850: (+16)    bprint:               change_prot_numa: NUMAB SCAN vma[start:0x7f0c4d801000, end:0x7f0c4e001000, from:0x7f0c4d801000, to:0x7f0c4e001000, size:8192 KB]
          cg.C.x-3197  [050]     0.014851: (+1)     bprint:               __handle_mm_fault: NUMAB MEM ACCESS process[nid:0, cpu:50, pid:3197], folio[virt:0x7f0c4d6002b0, phys:0x13b25e000, pfn:0x13b25e, nid:0, npages:1]
          cg.C.x-3207  [007]     0.014868: (+17)    bprint:               change_prot_numa: NUMAB SCAN vma[start:0x7f0c4e201000, end:0x7f0c4ea01000, from:0x7f0c4e201000, to:0x7f0c4ea01000, size:8192 KB]
          cg.C.x-3196  [048]     0.014869: (+1)     bprint:               __handle_mm_fault: NUMAB MEM ACCESS process[nid:0, cpu:48, pid:3196], folio[virt:0x7f0c4e0002b0, phys:0x11120d000, pfn:0x11120d, nid:0, npages:1]
          cg.C.x-3207  [007]     0.014886: (+17)    bprint:               change_prot_numa: NUMAB SCAN vma[start:0x7f0c4ec01000, end:0x7f0c4f401000, from:0x7f0c4ec01000, to:0x7f0c4f401000, size:8192 KB]
          cg.C.x-3195  [046]     0.014887: (+1)     bprint:               __handle_mm_fault: NUMAB MEM ACCESS process[nid:0, cpu:46, pid:3195], folio[virt:0x7f0c4ea002a8, phys:0x11120c000, pfn:0x11120c, nid:0, npages:1]
          cg.C.x-3207  [007]     0.014904: (+17)    bprint:               change_prot_numa: NUMAB SCAN vma[start:0x7f0c4f601000, end:0x7f0c4fe01000, from:0x7f0c4f601000, to:0x7f0c4fe01000, size:8192 KB]
          cg.C.x-3194  [044]     0.014904: (+0)     bprint:               __handle_mm_fault: NUMAB MEM ACCESS process[nid:0, cpu:44, pid:3194], folio[virt:0x7f0c4f4002b0, phys:0x1397e7000, pfn:0x1397e7, nid:0, npages:1]
          cg.C.x-3207  [007]     0.014921: (+17)    bprint:               change_prot_numa: NUMAB SCAN vma[start:0x7f0c50001000, end:0x7f0c50801000, from:0x7f0c50001000, to:0x7f0c50801000, size:8192 KB]
          cg.C.x-3193  [042]     0.014922: (+1)     bprint:               __handle_mm_fault: NUMAB MEM ACCESS process[nid:0, cpu:42, pid:3193], folio[virt:0x7f0c4fe002b0, phys:0x1397e6000, pfn:0x1397e6, nid:0, npages:1]
          cg.C.x-3207  [007]     0.014939: (+17)    bprint:               change_prot_numa: NUMAB SCAN vma[start:0x7f0c50a01000, end:0x7f0c51201000, from:0x7f0c50a01000, to:0x7f0c51201000, size:8192 KB]
          cg.C.x-3192  [040]     0.014940: (+1)     bprint:               __handle_mm_fault: NUMAB MEM ACCESS process[nid:0, cpu:40, pid:3192], folio[virt:0x7f0c508002b0, phys:0x110bb1000, pfn:0x110bb1, nid:0, npages:1]
          cg.C.x-3207  [007]     0.014956: (+16)    bprint:               change_prot_numa: NUMAB SCAN vma[start:0x7f0c51401000, end:0x7f0c51c01000, from:0x7f0c51401000, to:0x7f0c51c01000, size:8192 KB]
          cg.C.x-3191  [038]     0.014957: (+1)     bprint:               __handle_mm_fault: NUMAB MEM ACCESS process[nid:0, cpu:38, pid:3191], folio[virt:0x7f0c512002b0, phys:0x13947b000, pfn:0x13947b, nid:0, npages:1]
          cg.C.x-3207  [007]     0.014974: (+17)    bprint:               change_prot_numa: NUMAB SCAN vma[start:0x7f0c51e01000, end:0x7f0c52601000, from:0x7f0c51e01000, to:0x7f0c52601000, size:8192 KB]
          cg.C.x-3190  [036]     0.014975: (+1)     bprint:               __handle_mm_fault: NUMAB MEM ACCESS process[nid:0, cpu:36, pid:3190], folio[virt:0x7f0c51c002b0, phys:0x13947a000, pfn:0x13947a, nid:0, npages:1]
          cg.C.x-3207  [007]     0.014991: (+16)    bprint:               change_prot_numa: NUMAB SCAN vma[start:0x7f0c52801000, end:0x7f0c53001000, from:0x7f0c52801000, to:0x7f0c53001000, size:8192 KB]
          cg.C.x-3189  [034]     0.014992: (+1)     bprint:               __handle_mm_fault: NUMAB MEM ACCESS process[nid:0, cpu:34, pid:3189], folio[virt:0x7f0c526002b0, phys:0x121591000, pfn:0x121591, nid:0, npages:1]
          cg.C.x-3207  [007]     0.015008: (+16)    bprint:               change_prot_numa: NUMAB SCAN vma[start:0x7f0c53201000, end:0x7f0c53a01000, from:0x7f0c53201000, to:0x7f0c53a01000, size:8192 KB]
          cg.C.x-3188  [032]     0.015010: (+2)     bprint:               __handle_mm_fault: NUMAB MEM ACCESS process[nid:0, cpu:32, pid:3188], folio[virt:0x7f0c530002b0, phys:0x121590000, pfn:0x121590, nid:0, npages:1]
          cg.C.x-3207  [007]     0.015026: (+16)    bprint:               change_prot_numa: NUMAB SCAN vma[start:0x7f0c53c01000, end:0x7f0c54401000, from:0x7f0c53c01000, to:0x7f0c54401000, size:8192 KB]
          cg.C.x-3187  [030]     0.015026: (+0)     bprint:               __handle_mm_fault: NUMAB MEM ACCESS process[nid:0, cpu:30, pid:3187], folio[virt:0x7f0c53a002b0, phys:0x13a883000, pfn:0x13a883, nid:0, npages:1]
          cg.C.x-3207  [007]     0.015044: (+18)    bprint:               change_prot_numa: NUMAB SCAN vma[start:0x7f0c54601000, end:0x7f0c54e01000, from:0x7f0c54601000, to:0x7f0c54e01000, size:8192 KB]
          cg.C.x-3186  [028]     0.015044: (+0)     bprint:               __handle_mm_fault: NUMAB MEM ACCESS process[nid:0, cpu:28, pid:3186], folio[virt:0x7f0c544002b0, phys:0x13a882000, pfn:0x13a882, nid:0, npages:1]
          cg.C.x-3185  [026]     0.015062: (+18)    bprint:               __handle_mm_fault: NUMAB MEM ACCESS process[nid:0, cpu:26, pid:3185], folio[virt:0x7f0c54e002b0, phys:0x11441f000, pfn:0x11441f, nid:0, npages:1]
          cg.C.x-3207  [007]     0.015066: (+4)     bprint:               change_prot_numa: NUMAB SCAN vma[start:0x7f0c55001000, end:0x7f0c55801000, from:0x7f0c55001000, to:0x7f0c55801000, size:8192 KB]
          cg.C.x-3207  [007]     0.015083: (+17)    bprint:               change_prot_numa: NUMAB SCAN vma[start:0x7f0c55a01000, end:0x7f0c56201000, from:0x7f0c55a01000, to:0x7f0c56201000, size:8192 KB]
          cg.C.x-3184  [024]     0.015084: (+1)     bprint:               __handle_mm_fault: NUMAB MEM ACCESS process[nid:0, cpu:24, pid:3184], folio[virt:0x7f0c558002b0, phys:0x11441e000, pfn:0x11441e, nid:0, npages:1]
          cg.C.x-3207  [007]     0.015101: (+17)    bprint:               change_prot_numa: NUMAB SCAN vma[start:0x7f0c56401000, end:0x7f0c56c01000, from:0x7f0c56401000, to:0x7f0c56c01000, size:8192 KB]
          cg.C.x-3183  [022]     0.015102: (+1)     bprint:               __handle_mm_fault: NUMAB MEM ACCESS process[nid:0, cpu:22, pid:3183], folio[virt:0x7f0c562002b8, phys:0x153b55000, pfn:0x153b55, nid:0, npages:1]
          cg.C.x-3207  [007]     0.015119: (+17)    bprint:               change_prot_numa: NUMAB SCAN vma[start:0x7f0c56e01000, end:0x7f0c57601000, from:0x7f0c56e01000, to:0x7f0c57601000, size:8192 KB]
          cg.C.x-3182  [020]     0.015119: (+0)     bprint:               __handle_mm_fault: NUMAB MEM ACCESS process[nid:0, cpu:20, pid:3182], folio[virt:0x7f0c56c002b0, phys:0x153b54000, pfn:0x153b54, nid:0, npages:1]
          cg.C.x-3207  [007]     0.015137: (+18)    bprint:               change_prot_numa: NUMAB SCAN vma[start:0x7f0c57801000, end:0x7f0c58001000, from:0x7f0c57801000, to:0x7f0c58001000, size:8192 KB]
          cg.C.x-3181  [018]     0.015137: (+0)     bprint:               __handle_mm_fault: NUMAB MEM ACCESS process[nid:0, cpu:18, pid:3181], folio[virt:0x7f0c576002b0, phys:0x1500db000, pfn:0x1500db, nid:0, npages:1]
          cg.C.x-3207  [007]     0.015154: (+17)    bprint:               change_prot_numa: NUMAB SCAN vma[start:0x7f0c58201000, end:0x7f0c58a01000, from:0x7f0c58201000, to:0x7f0c58a01000, size:8192 KB]
          cg.C.x-3180  [016]     0.015155: (+1)     bprint:               __handle_mm_fault: NUMAB MEM ACCESS process[nid:0, cpu:16, pid:3180], folio[virt:0x7f0c580002b8, phys:0x1500da000, pfn:0x1500da, nid:0, npages:1]
          cg.C.x-3207  [007]     0.015172: (+17)    bprint:               change_prot_numa: NUMAB SCAN vma[start:0x7f0c58c01000, end:0x7f0c59401000, from:0x7f0c58c01000, to:0x7f0c59401000, size:8192 KB]
          cg.C.x-3179  [014]     0.015172: (+0)     bprint:               __handle_mm_fault: NUMAB MEM ACCESS process[nid:0, cpu:14, pid:3179], folio[virt:0x7f0c58a002b0, phys:0x111173000, pfn:0x111173, nid:0, npages:1]
          cg.C.x-3207  [007]     0.015189: (+17)    bprint:               change_prot_numa: NUMAB SCAN vma[start:0x7f0c59601000, end:0x7f0c59e01000, from:0x7f0c59601000, to:0x7f0c59e01000, size:8192 KB]
          cg.C.x-3178  [012]     0.015190: (+1)     bprint:               __handle_mm_fault: NUMAB MEM ACCESS process[nid:0, cpu:12, pid:3178], folio[virt:0x7f0c594002b0, phys:0x113739000, pfn:0x113739, nid:0, npages:1]
          cg.C.x-3207  [007]     0.015207: (+17)    bprint:               change_prot_numa: NUMAB SCAN vma[start:0x7f0c5a001000, end:0x7f0c5a801000, from:0x7f0c5a001000, to:0x7f0c5a801000, size:8192 KB]
          cg.C.x-3177  [010]     0.015207: (+0)     bprint:               __handle_mm_fault: NUMAB MEM ACCESS process[nid:0, cpu:10, pid:3177], folio[virt:0x7f0c59e002b0, phys:0x113738000, pfn:0x113738, nid:0, npages:1]
          cg.C.x-3207  [007]     0.015224: (+17)    bprint:               change_prot_numa: NUMAB SCAN vma[start:0x7f0c5aa01000, end:0x7f0c5b201000, from:0x7f0c5aa01000, to:0x7f0c5b201000, size:8192 KB]
          cg.C.x-3176  [008]     0.015225: (+1)     bprint:               __handle_mm_fault: NUMAB MEM ACCESS process[nid:0, cpu:8, pid:3176], folio[virt:0x7f0c5a8002b0, phys:0x1137a9000, pfn:0x1137a9, nid:0, npages:1]
          cg.C.x-3207  [007]     0.015241: (+16)    bprint:               change_prot_numa: NUMAB SCAN vma[start:0x7f0c5b401000, end:0x7f0c5bc01000, from:0x7f0c5b401000, to:0x7f0c5bc01000, size:8192 KB]
          cg.C.x-3207  [007]     0.015258: (+17)    bprint:               change_prot_numa: NUMAB SCAN vma[start:0x7f0c5be01000, end:0x7f0c5c601000, from:0x7f0c5be01000, to:0x7f0c5c601000, size:8192 KB]
          cg.C.x-3207  [007]     0.015275: (+17)    bprint:               change_prot_numa: NUMAB SCAN vma[start:0x7f0c5c76c000, end:0x7f0c6f0f9000, from:0x7f0c5c76c000, to:0x7f0c6f0f9000, size:304692 KB]
          cg.C.x-3207  [007]     0.015299: (+24)    bprint:               change_prot_numa: NUMAB SCAN vma[start:0x7f0c6f200000, end:0x7f0c70450000, from:0x7f0c6f200000, to:0x7f0c70450000, size:18752 KB]
          cg.C.x-3207  [007]     0.015314: (+15)    bprint:               change_prot_numa: NUMAB SCAN vma[start:0x7f0c704db000, end:0x7f0c82af9000, from:0x7f0c704db000, to:0x7f0c7e200000, size:226452 KB]
          cg.C.x-3176  [008]     0.015315: (+1)     bprint:               do_huge_pmd_numa_page: NUMAB MEM ACCESS huge page process[nid:0, cpu:8, pid:3176], folio[virt:0x7f0c6f363f90, ker:0xffff93f4cd600000, pfn:0x34d600, nid:0, npages:512]
          cg.C.x-3207  [007]     0.015332: (+17)    bprint:               __handle_mm_fault: NUMAB MEM ACCESS process[nid:1, cpu:7, pid:3207], folio[virt:0x7f0c47200fe8, phys:0x123302000, pfn:0x123302, nid:0, npages:1]
          cg.C.x-3207  [007]     0.015334: (+2)     bprint:               __handle_mm_fault: NUMAB TRY MEM MIGR process[nid:1, cpu:7, pid:3207], folio[virt:0x7f0c47200fe8, phys:0x123302000, nid:0], target_nid:1
          cg.C.x-3207  [007]     0.015340: (+6)     bprint:               __handle_mm_fault: NUMAB COMPLETED MEM MIGR process[nid:1, cpu:7, pid:3207], old[phys:0x123302000, nid:0, npages:1], new[phys:0x1854c59000, nid:1, npages:1]
          cg.C.x-3233  [059]     0.017726: (+2386)  sched_waking:         comm=rcu_preempt pid=17 prio=120 target_cpu=059
          cg.C.x-3233  [059]     0.017729: (+3)     sched_wakeup:         rcu_preempt:17 [120] CPU:059
          cg.C.x-3233  [059]     0.017731: (+2)     sched_switch:         cg.C.x:3233 [120] R ==> rcu_preempt:17 [120]
     rcu_preempt-17    [059]     0.017735: (+4)     sched_switch:         rcu_preempt:17 [120] I ==> cg.C.x:3233 [120]
          cg.C.x-3235  [063]     0.021723: (+3988)  sched_waking:         comm=kworker/63:1 pid=654 prio=120 target_cpu=063
          cg.C.x-3202  [060]     0.021724: (+1)     sched_waking:         comm=rcu_preempt pid=17 prio=120 target_cpu=059
          cg.C.x-3235  [063]     0.021726: (+2)     sched_wakeup:         kworker/63:1:654 [120] CPU:063
          cg.C.x-3202  [060]     0.021726: (+0)     sched_migrate_task:   comm=rcu_preempt pid=17 prio=120 orig_cpu=59 dest_cpu=60
          cg.C.x-3235  [063]     0.021728: (+2)     sched_switch:         cg.C.x:3235 [120] R ==> kworker/63:1:654 [120]
          cg.C.x-3202  [060]     0.021730: (+2)     sched_wakeup:         rcu_preempt:17 [120] CPU:060
          cg.C.x-3202  [060]     0.021733: (+3)     sched_switch:         cg.C.x:3202 [120] R ==> rcu_preempt:17 [120]
    kworker/63:1-654   [063]     0.021735: (+2)     sched_switch:         kworker/63:1:654 [120] I ==> cg.C.x:3235 [120]
     rcu_preempt-17    [060]     0.021741: (+6)     sched_switch:         rcu_preempt:17 [120] I ==> cg.C.x:3202 [120]
          cg.C.x-3172  [000]     0.024516: (+2775)  sched_switch:         cg.C.x:3172 [120] S ==> swapper/0:0 [120]
          cg.C.x-3173  [002]     0.026263: (+1747)  sched_switch:         cg.C.x:3173 [120] S ==> swapper/2:0 [120]
          cg.C.x-3174  [004]     0.028041: (+1778)  sched_switch:         cg.C.x:3174 [120] S ==> swapper/4:0 [120]
          cg.C.x-3190  [036]     0.029718: (+1677)  sched_wake_idle_without_ipi: cpu=2
          cg.C.x-3192  [040]     0.029750: (+32)    sched_waking:         comm=ksoftirqd/40 pid=258 prio=120 target_cpu=040
          cg.C.x-3192  [040]     0.029754: (+4)     sched_wakeup:         ksoftirqd/40:258 [120] CPU:040
          cg.C.x-3192  [040]     0.029756: (+2)     sched_switch:         cg.C.x:3192 [120] R ==> ksoftirqd/40:258 [120]
    ksoftirqd/40-258   [040]     0.029762: (+6)     sched_switch:         ksoftirqd/40:258 [120] S ==> cg.C.x:3192 [120]
          cg.C.x-3175  [006]     0.029772: (+10)    sched_switch:         cg.C.x:3175 [120] S ==> swapper/6:0 [120]
          cg.C.x-3176  [008]     0.031737: (+1965)  sched_switch:         cg.C.x:3176 [120] S ==> swapper/8:0 [120]
          cg.C.x-3177  [010]     0.033311: (+1574)  sched_switch:         cg.C.x:3177 [120] S ==> swapper/10:0 [120]
          cg.C.x-3190  [036]     0.033718: (+407)   sched_wake_idle_without_ipi: cpu=2
          cg.C.x-3202  [060]     0.033725: (+7)     sched_waking:         comm=rcu_preempt pid=17 prio=120 target_cpu=060
          cg.C.x-3202  [060]     0.033726: (+1)     sched_migrate_task:   comm=rcu_preempt pid=17 prio=120 orig_cpu=60 dest_cpu=0
          cg.C.x-3202  [060]     0.033727: (+1)     sched_wake_idle_without_ipi: cpu=0
          <idle>-0     [000]     0.033730: (+3)     sched_wakeup:         rcu_preempt:17 [120] CPU:000
          <idle>-0     [000]     0.033731: (+1)     sched_switch:         swapper/0:0 [120] R ==> rcu_preempt:17 [120]
     rcu_preempt-17    [000]     0.033737: (+6)     sched_switch:         rcu_preempt:17 [120] I ==> swapper/0:0 [120]
          cg.C.x-3178  [012]     0.035591: (+1854)  sched_switch:         cg.C.x:3178 [120] S ==> swapper/12:0 [120]
          cg.C.x-3179  [014]     0.037533: (+1942)  sched_switch:         cg.C.x:3179 [120] S ==> swapper/14:0 [120]
          cg.C.x-3190  [036]     0.037719: (+186)   sched_wake_idle_without_ipi: cpu=2
          cg.C.x-3180  [016]     0.038758: (+1039)  sched_switch:         cg.C.x:3180 [120] S ==> swapper/16:0 [120]
          cg.C.x-3181  [018]     0.040297: (+1539)  sched_switch:         cg.C.x:3181 [120] S ==> swapper/18:0 [120]
          cg.C.x-3189  [034]     0.041719: (+1422)  sched_wake_idle_without_ipi: cpu=2
          <idle>-0     [000]     0.041721: (+2)     sched_waking:         comm=rcu_preempt pid=17 prio=120 target_cpu=000
          <idle>-0     [000]     0.041723: (+2)     sched_wakeup:         rcu_preempt:17 [120] CPU:000
