          cg.C.x-2733  [027]     0.009073: (+0)     sched_waking:         comm=kworker/27:1 pid=722 prio=120 target_cpu=027
          cg.C.x-2727  [015]     0.009073: (+0)     sched_waking:         comm=kworker/15:1 pid=483 prio=120 target_cpu=015
          cg.C.x-2725  [011]     0.009073: (+0)     sched_waking:         comm=kworker/11:1 pid=545 prio=120 target_cpu=011
          cg.C.x-2741  [043]     0.009073: (+0)     sched_waking:         comm=kworker/43:1 pid=736 prio=120 target_cpu=043
          cg.C.x-2739  [039]     0.009073: (+0)     sched_waking:         comm=kworker/39:1 pid=586 prio=120 target_cpu=039
          cg.C.x-2732  [025]     0.009073: (+0)     sched_waking:         comm=kworker/25:1 pid=741 prio=120 target_cpu=025
          cg.C.x-2751  [063]     0.009073: (+0)     sched_waking:         comm=kworker/63:1 pid=654 prio=120 target_cpu=063
          cg.C.x-2723  [007]     0.009073: (+0)     sched_waking:         comm=kworker/7:1 pid=482 prio=120 target_cpu=007
          cg.C.x-2738  [037]     0.009073: (+0)     sched_waking:         comm=kworker/37:0 pid=241 prio=120 target_cpu=037
          cg.C.x-2742  [045]     0.009073: (+0)     sched_waking:         comm=kworker/45:1 pid=546 prio=120 target_cpu=045
          cg.C.x-2726  [013]     0.009073: (+0)     sched_waking:         comm=kworker/13:2 pid=1936 prio=120 target_cpu=013
          cg.C.x-2747  [055]     0.009073: (+0)     sched_waking:         comm=kworker/55:1 pid=501 prio=120 target_cpu=055
          cg.C.x-2731  [023]     0.009073: (+0)     sched_waking:         comm=kworker/23:0 pid=157 prio=120 target_cpu=023
          cg.C.x-2740  [041]     0.009075: (+2)     sched_wakeup:         kworker/41:1:587 [120] CPU:041
          cg.C.x-2744  [049]     0.009075: (+0)     sched_wakeup:         kworker/49:2:956 [120] CPU:049
          cg.C.x-2728  [017]     0.009075: (+0)     sched_wakeup:         kworker/17:1:486 [120] CPU:017
          cg.C.x-2721  [003]     0.009075: (+0)     sched_wakeup:         kworker/3:1:707 [120] CPU:003
          cg.C.x-2737  [035]     0.009075: (+0)     sched_wakeup:         kworker/35:1:723 [120] CPU:035
          cg.C.x-2748  [057]     0.009075: (+0)     sched_wakeup:         kworker/57:2:1818 [120] CPU:057
          cg.C.x-2732  [025]     0.009075: (+0)     sched_wakeup:         kworker/25:1:741 [120] CPU:025
          cg.C.x-2743  [047]     0.009075: (+0)     sched_wakeup:         kworker/47:0:301 [120] CPU:047
          cg.C.x-2727  [015]     0.009075: (+0)     sched_wakeup:         kworker/15:1:483 [120] CPU:015
          cg.C.x-2724  [009]     0.009075: (+0)     sched_wakeup:         kworker/9:1:713 [120] CPU:009
          cg.C.x-2729  [019]     0.009076: (+1)     sched_wakeup:         kworker/19:1:717 [120] CPU:019
          cg.C.x-2741  [043]     0.009076: (+0)     sched_wakeup:         kworker/43:1:736 [120] CPU:043
          cg.C.x-2725  [011]     0.009076: (+0)     sched_wakeup:         kworker/11:1:545 [120] CPU:011
          cg.C.x-2745  [051]     0.009076: (+0)     sched_wakeup:         kworker/51:1:737 [120] CPU:051
          cg.C.x-2742  [045]     0.009076: (+0)     sched_wakeup:         kworker/45:1:546 [120] CPU:045
          cg.C.x-2726  [013]     0.009076: (+0)     sched_wakeup:         kworker/13:2:1936 [120] CPU:013
          cg.C.x-2739  [039]     0.009076: (+0)     sched_wakeup:         kworker/39:1:586 [120] CPU:039
          cg.C.x-2723  [007]     0.009076: (+0)     sched_wakeup:         kworker/7:1:482 [120] CPU:007
          cg.C.x-2731  [023]     0.009076: (+0)     sched_wakeup:         kworker/23:0:157 [120] CPU:023
          cg.C.x-2747  [055]     0.009076: (+0)     sched_wakeup:         kworker/55:1:501 [120] CPU:055
          cg.C.x-2751  [063]     0.009076: (+0)     sched_wakeup:         kworker/63:1:654 [120] CPU:063
          cg.C.x-2746  [053]     0.009076: (+0)     sched_wakeup:         kworker/53:1:588 [120] CPU:053
          cg.C.x-2738  [037]     0.009076: (+0)     sched_wakeup:         kworker/37:0:241 [120] CPU:037
          cg.C.x-2715  [054]     0.009076: (+0)     sched_wakeup:         kworker/54:1:735 [120] CPU:054
          cg.C.x-2733  [027]     0.009077: (+1)     sched_wakeup:         kworker/27:1:722 [120] CPU:027
          cg.C.x-2751  [063]     0.009080: (+3)     sched_switch:         cg.C.x:2751 [120] R ==> kworker/63:1:654 [120]
          cg.C.x-2721  [003]     0.009081: (+1)     sched_switch:         cg.C.x:2721 [120] R ==> kworker/3:1:707 [120]
          cg.C.x-2737  [035]     0.009081: (+0)     sched_switch:         cg.C.x:2737 [120] R ==> kworker/35:1:723 [120]
          cg.C.x-2738  [037]     0.009081: (+0)     sched_switch:         cg.C.x:2738 [120] R ==> kworker/37:0:241 [120]
          cg.C.x-2746  [053]     0.009081: (+0)     sched_switch:         cg.C.x:2746 [120] R ==> kworker/53:1:588 [120]
          cg.C.x-2748  [057]     0.009081: (+0)     sched_switch:         cg.C.x:2748 [120] R ==> kworker/57:2:1818 [120]
          cg.C.x-2732  [025]     0.009081: (+0)     sched_switch:         cg.C.x:2732 [120] R ==> kworker/25:1:741 [120]
          cg.C.x-2728  [017]     0.009081: (+0)     sched_switch:         cg.C.x:2728 [120] R ==> kworker/17:1:486 [120]
          cg.C.x-2724  [009]     0.009081: (+0)     sched_switch:         cg.C.x:2724 [120] R ==> kworker/9:1:713 [120]
          cg.C.x-2740  [041]     0.009081: (+0)     sched_switch:         cg.C.x:2740 [120] R ==> kworker/41:1:587 [120]
          cg.C.x-2743  [047]     0.009081: (+0)     sched_switch:         cg.C.x:2743 [120] R ==> kworker/47:0:301 [120]
          cg.C.x-2745  [051]     0.009081: (+0)     sched_switch:         cg.C.x:2745 [120] R ==> kworker/51:1:737 [120]
          cg.C.x-2729  [019]     0.009082: (+1)     sched_switch:         cg.C.x:2729 [120] R ==> kworker/19:1:717 [120]
          cg.C.x-2741  [043]     0.009082: (+0)     sched_switch:         cg.C.x:2741 [120] R ==> kworker/43:1:736 [120]
          cg.C.x-2725  [011]     0.009082: (+0)     sched_switch:         cg.C.x:2725 [120] R ==> kworker/11:1:545 [120]
          cg.C.x-2744  [049]     0.009082: (+0)     sched_switch:         cg.C.x:2744 [120] R ==> kworker/49:2:956 [120]
          cg.C.x-2726  [013]     0.009082: (+0)     sched_switch:         cg.C.x:2726 [120] R ==> kworker/13:2:1936 [120]
          cg.C.x-2742  [045]     0.009082: (+0)     sched_switch:         cg.C.x:2742 [120] R ==> kworker/45:1:546 [120]
          cg.C.x-2727  [015]     0.009082: (+0)     sched_switch:         cg.C.x:2727 [120] R ==> kworker/15:1:483 [120]
          cg.C.x-2739  [039]     0.009082: (+0)     sched_switch:         cg.C.x:2739 [120] R ==> kworker/39:1:586 [120]
          cg.C.x-2731  [023]     0.009082: (+0)     sched_switch:         cg.C.x:2731 [120] R ==> kworker/23:0:157 [120]
          cg.C.x-2747  [055]     0.009082: (+0)     sched_switch:         cg.C.x:2747 [120] R ==> kworker/55:1:501 [120]
          cg.C.x-2723  [007]     0.009083: (+1)     sched_switch:         cg.C.x:2723 [120] R ==> kworker/7:1:482 [120]
          cg.C.x-2715  [054]     0.009083: (+0)     sched_switch:         cg.C.x:2715 [120] R ==> kworker/54:1:735 [120]
          cg.C.x-2733  [027]     0.009083: (+0)     sched_switch:         cg.C.x:2733 [120] R ==> kworker/27:1:722 [120]
     kworker/3:1-707   [003]     0.009088: (+5)     sched_switch:         kworker/3:1:707 [120] I ==> cg.C.x:2721 [120]
    kworker/35:1-723   [035]     0.009088: (+0)     sched_switch:         kworker/35:1:723 [120] I ==> cg.C.x:2737 [120]
    kworker/41:1-587   [041]     0.009088: (+0)     sched_switch:         kworker/41:1:587 [120] I ==> cg.C.x:2740 [120]
    kworker/63:1-654   [063]     0.009088: (+0)     sched_switch:         kworker/63:1:654 [120] I ==> cg.C.x:2751 [120]
    kworker/37:0-241   [037]     0.009088: (+0)     sched_switch:         kworker/37:0:241 [120] I ==> cg.C.x:2738 [120]
    kworker/25:1-741   [025]     0.009088: (+0)     sched_switch:         kworker/25:1:741 [120] I ==> cg.C.x:2732 [120]
    kworker/19:1-717   [019]     0.009088: (+0)     sched_switch:         kworker/19:1:717 [120] I ==> cg.C.x:2729 [120]
    kworker/51:1-737   [051]     0.009088: (+0)     sched_switch:         kworker/51:1:737 [120] I ==> cg.C.x:2745 [120]
    kworker/45:1-546   [045]     0.009088: (+0)     sched_switch:         kworker/45:1:546 [120] I ==> cg.C.x:2742 [120]
    kworker/43:1-736   [043]     0.009089: (+1)     sched_switch:         kworker/43:1:736 [120] I ==> cg.C.x:2741 [120]
    kworker/39:1-586   [039]     0.009089: (+0)     sched_switch:         kworker/39:1:586 [120] I ==> cg.C.x:2739 [120]
    kworker/57:2-1818  [057]     0.009089: (+0)     sched_switch:         kworker/57:2:1818 [120] I ==> cg.C.x:2748 [120]
    kworker/11:1-545   [011]     0.009089: (+0)     sched_switch:         kworker/11:1:545 [120] I ==> cg.C.x:2725 [120]
    kworker/55:1-501   [055]     0.009089: (+0)     sched_switch:         kworker/55:1:501 [120] I ==> cg.C.x:2747 [120]
    kworker/53:1-588   [053]     0.009089: (+0)     sched_switch:         kworker/53:1:588 [120] I ==> cg.C.x:2746 [120]
    kworker/23:0-157   [023]     0.009090: (+1)     sched_switch:         kworker/23:0:157 [120] I ==> cg.C.x:2731 [120]
    kworker/27:1-722   [027]     0.009090: (+0)     sched_switch:         kworker/27:1:722 [120] I ==> cg.C.x:2733 [120]
    kworker/47:0-301   [047]     0.009091: (+1)     sched_switch:         kworker/47:0:301 [120] I ==> cg.C.x:2743 [120]
    kworker/54:1-735   [054]     0.009091: (+0)     sched_switch:         kworker/54:1:735 [120] I ==> cg.C.x:2715 [120]
    kworker/17:1-486   [017]     0.009096: (+5)     sched_switch:         kworker/17:1:486 [120] I ==> cg.C.x:2728 [120]
    kworker/15:1-483   [015]     0.009104: (+8)     sched_switch:         kworker/15:1:483 [120] I ==> cg.C.x:2727 [120]
    kworker/49:2-956   [049]     0.009105: (+1)     sched_switch:         kworker/49:2:956 [120] I ==> cg.C.x:2744 [120]
     kworker/9:1-713   [009]     0.009112: (+7)     sched_switch:         kworker/9:1:713 [120] I ==> cg.C.x:2724 [120]
    kworker/13:2-1936  [013]     0.009114: (+2)     sched_switch:         kworker/13:2:1936 [120] I ==> cg.C.x:2726 [120]
     kworker/7:1-482   [007]     0.009121: (+7)     sched_switch:         kworker/7:1:482 [120] I ==> cg.C.x:2723 [120]
          cg.C.x-2705  [034]     0.011363: (+2242)  sched_waking:         comm=tmux: server pid=2003 prio=120 target_cpu=034
          cg.C.x-2705  [034]     0.011371: (+8)     sched_wakeup:         tmux: server:2003 [120] CPU:034
          cg.C.x-2699  [022]     0.013061: (+1690)  sched_waking:         comm=rcu_preempt pid=17 prio=120 target_cpu=022
          cg.C.x-2696  [016]     0.013065: (+4)     bprint:               change_prot_numa: NUMAB SCAN vma[start:0x7f377d201000, end:0x7f377da01000, from:0x7f377d201000, to:0x7f377da01000, size:8192 KB]
          cg.C.x-2699  [022]     0.013065: (+0)     sched_wakeup:         rcu_preempt:17 [120] CPU:022
          cg.C.x-2705  [034]     0.013065: (+0)     sched_switch:         cg.C.x:2705 [120] R ==> tmux: server:2003 [120]
          cg.C.x-2699  [022]     0.013067: (+2)     sched_switch:         cg.C.x:2699 [120] R ==> rcu_preempt:17 [120]
          cg.C.x-2696  [016]     0.013070: (+3)     bprint:               change_prot_numa: NUMAB SCAN vma[start:0x7f377dc01000, end:0x7f377e401000, from:0x7f377dc01000, to:0x7f377e401000, size:8192 KB]
     rcu_preempt-17    [022]     0.013074: (+4)     sched_switch:         rcu_preempt:17 [120] I ==> cg.C.x:2699 [120]
          cg.C.x-2696  [016]     0.013075: (+1)     bprint:               change_prot_numa: NUMAB SCAN vma[start:0x7f377e601000, end:0x7f377ee01000, from:0x7f377e601000, to:0x7f377ee01000, size:8192 KB]
    tmux: server-2003  [034]     0.013079: (+4)     sched_switch:         tmux: server:2003 [120] S ==> cg.C.x:2705 [120]
          cg.C.x-2696  [016]     0.013080: (+1)     bprint:               change_prot_numa: NUMAB SCAN vma[start:0x7f377f001000, end:0x7f377f801000, from:0x7f377f001000, to:0x7f377f801000, size:8192 KB]
          cg.C.x-2696  [016]     0.013101: (+21)    bprint:               change_prot_numa: NUMAB SCAN vma[start:0x7f377fa01000, end:0x7f3780201000, from:0x7f377fa01000, to:0x7f3780201000, size:8192 KB]
          cg.C.x-2748  [057]     0.013103: (+2)     bprint:               __handle_mm_fault: NUMAB MEM ACCESS process[nid:1, cpu:57, pid:2748], folio[virt:0x7f377f8002b0, phys:0x36285d000, pfn:0x36285d, nid:0, npages:1]
          cg.C.x-2748  [057]     0.013104: (+1)     bprint:               __handle_mm_fault: NUMAB TRY MEM MIGR process[nid:1, cpu:57, pid:2748], folio[virt:0x7f377f8002b0, phys:0x36285d000, nid:0], target_nid:1
          cg.C.x-2696  [016]     0.013119: (+15)    bprint:               change_prot_numa: NUMAB SCAN vma[start:0x7f3780401000, end:0x7f3780c01000, from:0x7f3780401000, to:0x7f3780c01000, size:8192 KB]
          cg.C.x-2747  [055]     0.013121: (+2)     bprint:               __handle_mm_fault: NUMAB MEM ACCESS process[nid:1, cpu:55, pid:2747], folio[virt:0x7f37802002b0, phys:0x36285c000, pfn:0x36285c, nid:0, npages:1]
          cg.C.x-2747  [055]     0.013122: (+1)     bprint:               __handle_mm_fault: NUMAB TRY MEM MIGR process[nid:1, cpu:55, pid:2747], folio[virt:0x7f37802002b0, phys:0x36285c000, nid:0], target_nid:1
          cg.C.x-2748  [057]     0.013135: (+13)    bprint:               __handle_mm_fault: NUMAB COMPLETED MEM MIGR process[nid:1, cpu:57, pid:2748], old[phys:0x36285d000, nid:0, npages:1], new[phys:0x1867618000, nid:1, npages:1]
          cg.C.x-2747  [055]     0.013149: (+14)    bprint:               __handle_mm_fault: NUMAB COMPLETED MEM MIGR process[nid:1, cpu:55, pid:2747], old[phys:0x36285c000, nid:0, npages:1], new[phys:0x185ded7000, nid:1, npages:1]
          cg.C.x-2696  [016]     0.013175: (+26)    bprint:               change_prot_numa: NUMAB SCAN vma[start:0x7f3780e01000, end:0x7f3781601000, from:0x7f3780e01000, to:0x7f3781601000, size:8192 KB]
          cg.C.x-2746  [053]     0.013176: (+1)     bprint:               __handle_mm_fault: NUMAB MEM ACCESS process[nid:1, cpu:53, pid:2746], folio[virt:0x7f3780c002b0, phys:0x36285b000, pfn:0x36285b, nid:0, npages:1]
          cg.C.x-2746  [053]     0.013177: (+1)     bprint:               __handle_mm_fault: NUMAB TRY MEM MIGR process[nid:1, cpu:53, pid:2746], folio[virt:0x7f3780c002b0, phys:0x36285b000, nid:0], target_nid:1
          cg.C.x-2696  [016]     0.013192: (+15)    bprint:               change_prot_numa: NUMAB SCAN vma[start:0x7f3781801000, end:0x7f3782001000, from:0x7f3781801000, to:0x7f3782001000, size:8192 KB]
          cg.C.x-2745  [051]     0.013193: (+1)     bprint:               __handle_mm_fault: NUMAB MEM ACCESS process[nid:1, cpu:51, pid:2745], folio[virt:0x7f37816002b0, phys:0x36285a000, pfn:0x36285a, nid:0, npages:1]
          cg.C.x-2745  [051]     0.013195: (+2)     bprint:               __handle_mm_fault: NUMAB TRY MEM MIGR process[nid:1, cpu:51, pid:2745], folio[virt:0x7f37816002b0, phys:0x36285a000, nid:0], target_nid:1
          cg.C.x-2746  [053]     0.013211: (+16)    bprint:               __handle_mm_fault: NUMAB COMPLETED MEM MIGR process[nid:1, cpu:53, pid:2746], old[phys:0x36285b000, nid:0, npages:1], new[phys:0x1854fff000, nid:1, npages:1]
          cg.C.x-2745  [051]     0.013226: (+15)    bprint:               __handle_mm_fault: NUMAB COMPLETED MEM MIGR process[nid:1, cpu:51, pid:2745], old[phys:0x36285a000, nid:0, npages:1], new[phys:0x1855fb3000, nid:1, npages:1]
          cg.C.x-2696  [016]     0.013241: (+15)    bprint:               change_prot_numa: NUMAB SCAN vma[start:0x7f3782201000, end:0x7f3782a01000, from:0x7f3782201000, to:0x7f3782a01000, size:8192 KB]
          cg.C.x-2744  [049]     0.013242: (+1)     bprint:               __handle_mm_fault: NUMAB MEM ACCESS process[nid:1, cpu:49, pid:2744], folio[virt:0x7f37820002a8, phys:0x362858000, pfn:0x362858, nid:0, npages:1]
          cg.C.x-2744  [049]     0.013243: (+1)     bprint:               __handle_mm_fault: NUMAB TRY MEM MIGR process[nid:1, cpu:49, pid:2744], folio[virt:0x7f37820002a8, phys:0x362858000, nid:0], target_nid:1
          cg.C.x-2696  [016]     0.013258: (+15)    bprint:               change_prot_numa: NUMAB SCAN vma[start:0x7f3782c01000, end:0x7f3783401000, from:0x7f3782c01000, to:0x7f3783401000, size:8192 KB]
          cg.C.x-2743  [047]     0.013259: (+1)     bprint:               __handle_mm_fault: NUMAB MEM ACCESS process[nid:1, cpu:47, pid:2743], folio[virt:0x7f3782a002b0, phys:0x139f37000, pfn:0x139f37, nid:0, npages:1]
          cg.C.x-2743  [047]     0.013260: (+1)     bprint:               __handle_mm_fault: NUMAB TRY MEM MIGR process[nid:1, cpu:47, pid:2743], folio[virt:0x7f3782a002b0, phys:0x139f37000, nid:0], target_nid:1
          cg.C.x-2744  [049]     0.013278: (+18)    bprint:               __handle_mm_fault: NUMAB COMPLETED MEM MIGR process[nid:1, cpu:49, pid:2744], old[phys:0x362858000, nid:0, npages:1], new[phys:0x186d078000, nid:1, npages:1]
          cg.C.x-2743  [047]     0.013293: (+15)    bprint:               __handle_mm_fault: NUMAB COMPLETED MEM MIGR process[nid:1, cpu:47, pid:2743], old[phys:0x139f37000, nid:0, npages:1], new[phys:0x18676ec000, nid:1, npages:1]
          cg.C.x-2696  [016]     0.013305: (+12)    bprint:               change_prot_numa: NUMAB SCAN vma[start:0x7f3783601000, end:0x7f3783e01000, from:0x7f3783601000, to:0x7f3783e01000, size:8192 KB]
          cg.C.x-2742  [045]     0.013307: (+2)     bprint:               __handle_mm_fault: NUMAB MEM ACCESS process[nid:1, cpu:45, pid:2742], folio[virt:0x7f37834002b0, phys:0x139f36000, pfn:0x139f36, nid:0, npages:1]
          cg.C.x-2742  [045]     0.013308: (+1)     bprint:               __handle_mm_fault: NUMAB TRY MEM MIGR process[nid:1, cpu:45, pid:2742], folio[virt:0x7f37834002b0, phys:0x139f36000, nid:0], target_nid:1
          cg.C.x-2696  [016]     0.013323: (+15)    bprint:               change_prot_numa: NUMAB SCAN vma[start:0x7f3784001000, end:0x7f3784801000, from:0x7f3784001000, to:0x7f3784801000, size:8192 KB]
          cg.C.x-2741  [043]     0.013324: (+1)     bprint:               __handle_mm_fault: NUMAB MEM ACCESS process[nid:1, cpu:43, pid:2741], folio[virt:0x7f3783e002b0, phys:0x139f35000, pfn:0x139f35, nid:0, npages:1]
          cg.C.x-2741  [043]     0.013325: (+1)     bprint:               __handle_mm_fault: NUMAB TRY MEM MIGR process[nid:1, cpu:43, pid:2741], folio[virt:0x7f3783e002b0, phys:0x139f35000, nid:0], target_nid:1
          cg.C.x-2742  [045]     0.013344: (+19)    bprint:               __handle_mm_fault: NUMAB COMPLETED MEM MIGR process[nid:1, cpu:45, pid:2742], old[phys:0x139f36000, nid:0, npages:1], new[phys:0x1855f66000, nid:1, npages:1]
          cg.C.x-2741  [043]     0.013360: (+16)    bprint:               __handle_mm_fault: NUMAB COMPLETED MEM MIGR process[nid:1, cpu:43, pid:2741], old[phys:0x139f35000, nid:0, npages:1], new[phys:0x185e2e1000, nid:1, npages:1]
          cg.C.x-2696  [016]     0.013371: (+11)    bprint:               change_prot_numa: NUMAB SCAN vma[start:0x7f3784a01000, end:0x7f3785201000, from:0x7f3784a01000, to:0x7f3785201000, size:8192 KB]
          cg.C.x-2740  [041]     0.013371: (+0)     bprint:               __handle_mm_fault: NUMAB MEM ACCESS process[nid:1, cpu:41, pid:2740], folio[virt:0x7f37848002b0, phys:0x139f34000, pfn:0x139f34, nid:0, npages:1]
          cg.C.x-2740  [041]     0.013373: (+2)     bprint:               __handle_mm_fault: NUMAB TRY MEM MIGR process[nid:1, cpu:41, pid:2740], folio[virt:0x7f37848002b0, phys:0x139f34000, nid:0], target_nid:1
          cg.C.x-2696  [016]     0.013389: (+16)    bprint:               change_prot_numa: NUMAB SCAN vma[start:0x7f3785401000, end:0x7f3785c01000, from:0x7f3785401000, to:0x7f3785c01000, size:8192 KB]
          cg.C.x-2739  [039]     0.013390: (+1)     bprint:               __handle_mm_fault: NUMAB MEM ACCESS process[nid:1, cpu:39, pid:2739], folio[virt:0x7f37851ff698, phys:0x18578d0000, pfn:0x18578d0, nid:1, npages:1]
          cg.C.x-2739  [039]     0.013394: (+4)     bprint:               __handle_mm_fault: NUMAB MEM ACCESS process[nid:1, cpu:39, pid:2739], folio[virt:0x7f37852002b0, phys:0x139f33000, pfn:0x139f33, nid:0, npages:1]
          cg.C.x-2739  [039]     0.013395: (+1)     bprint:               __handle_mm_fault: NUMAB TRY MEM MIGR process[nid:1, cpu:39, pid:2739], folio[virt:0x7f37852002b0, phys:0x139f33000, nid:0], target_nid:1
          cg.C.x-2740  [041]     0.013409: (+14)    bprint:               __handle_mm_fault: NUMAB COMPLETED MEM MIGR process[nid:1, cpu:41, pid:2740], old[phys:0x139f34000, nid:0, npages:1], new[phys:0x185dcf0000, nid:1, npages:1]
          cg.C.x-2739  [039]     0.013422: (+13)    bprint:               __handle_mm_fault: NUMAB COMPLETED MEM MIGR process[nid:1, cpu:39, pid:2739], old[phys:0x139f33000, nid:0, npages:1], new[phys:0x186df53000, nid:1, npages:1]
          cg.C.x-2696  [016]     0.013444: (+22)    bprint:               change_prot_numa: NUMAB SCAN vma[start:0x7f3785e01000, end:0x7f3786601000, from:0x7f3785e01000, to:0x7f3786601000, size:8192 KB]
          cg.C.x-2738  [037]     0.013445: (+1)     bprint:               __handle_mm_fault: NUMAB MEM ACCESS process[nid:1, cpu:37, pid:2738], folio[virt:0x7f3785c002b0, phys:0x139f32000, pfn:0x139f32, nid:0, npages:1]
          cg.C.x-2738  [037]     0.013447: (+2)     bprint:               __handle_mm_fault: NUMAB TRY MEM MIGR process[nid:1, cpu:37, pid:2738], folio[virt:0x7f3785c002b0, phys:0x139f32000, nid:0], target_nid:1
          cg.C.x-2696  [016]     0.013461: (+14)    bprint:               change_prot_numa: NUMAB SCAN vma[start:0x7f3786801000, end:0x7f3787001000, from:0x7f3786801000, to:0x7f3787001000, size:8192 KB]
          cg.C.x-2737  [035]     0.013462: (+1)     bprint:               __handle_mm_fault: NUMAB MEM ACCESS process[nid:1, cpu:35, pid:2737], folio[virt:0x7f37866002b0, phys:0x139f31000, pfn:0x139f31, nid:0, npages:1]
          cg.C.x-2737  [035]     0.013463: (+1)     bprint:               __handle_mm_fault: NUMAB TRY MEM MIGR process[nid:1, cpu:35, pid:2737], folio[virt:0x7f37866002b0, phys:0x139f31000, nid:0], target_nid:1
          cg.C.x-2738  [037]     0.013484: (+21)    bprint:               __handle_mm_fault: NUMAB COMPLETED MEM MIGR process[nid:1, cpu:37, pid:2738], old[phys:0x139f32000, nid:0, npages:1], new[phys:0x186ccb4000, nid:1, npages:1]
          cg.C.x-2737  [035]     0.013501: (+17)    bprint:               __handle_mm_fault: NUMAB COMPLETED MEM MIGR process[nid:1, cpu:35, pid:2737], old[phys:0x139f31000, nid:0, npages:1], new[phys:0x1857082000, nid:1, npages:1]
          cg.C.x-2696  [016]     0.013514: (+13)    bprint:               change_prot_numa: NUMAB SCAN vma[start:0x7f3787201000, end:0x7f3787a01000, from:0x7f3787201000, to:0x7f3787a01000, size:8192 KB]
          cg.C.x-2736  [033]     0.013515: (+1)     bprint:               __handle_mm_fault: NUMAB MEM ACCESS process[nid:1, cpu:33, pid:2736], folio[virt:0x7f37870002b0, phys:0x139f30000, pfn:0x139f30, nid:0, npages:1]
          cg.C.x-2736  [033]     0.013517: (+2)     bprint:               __handle_mm_fault: NUMAB TRY MEM MIGR process[nid:1, cpu:33, pid:2736], folio[virt:0x7f37870002b0, phys:0x139f30000, nid:0], target_nid:1
          cg.C.x-2696  [016]     0.013532: (+15)    bprint:               change_prot_numa: NUMAB SCAN vma[start:0x7f3787c01000, end:0x7f3788401000, from:0x7f3787c01000, to:0x7f3788401000, size:8192 KB]
          cg.C.x-2735  [031]     0.013533: (+1)     bprint:               __handle_mm_fault: NUMAB MEM ACCESS process[nid:1, cpu:31, pid:2735], folio[virt:0x7f3787a002b0, phys:0x111fc3000, pfn:0x111fc3, nid:0, npages:1]
          cg.C.x-2735  [031]     0.013534: (+1)     bprint:               __handle_mm_fault: NUMAB TRY MEM MIGR process[nid:1, cpu:31, pid:2735], folio[virt:0x7f3787a002b0, phys:0x111fc3000, nid:0], target_nid:1
          cg.C.x-2736  [033]     0.013555: (+21)    bprint:               __handle_mm_fault: NUMAB COMPLETED MEM MIGR process[nid:1, cpu:33, pid:2736], old[phys:0x139f30000, nid:0, npages:1], new[phys:0x186d3fb000, nid:1, npages:1]
          cg.C.x-2735  [031]     0.013571: (+16)    bprint:               __handle_mm_fault: NUMAB COMPLETED MEM MIGR process[nid:1, cpu:31, pid:2735], old[phys:0x111fc3000, nid:0, npages:1], new[phys:0x186d3f0000, nid:1, npages:1]
          cg.C.x-2696  [016]     0.013585: (+14)    bprint:               change_prot_numa: NUMAB SCAN vma[start:0x7f3788601000, end:0x7f3788e01000, from:0x7f3788601000, to:0x7f3788e01000, size:8192 KB]
          cg.C.x-2734  [029]     0.013587: (+2)     bprint:               __handle_mm_fault: NUMAB MEM ACCESS process[nid:1, cpu:29, pid:2734], folio[virt:0x7f37884002b0, phys:0x111fc2000, pfn:0x111fc2, nid:0, npages:1]
          cg.C.x-2734  [029]     0.013588: (+1)     bprint:               __handle_mm_fault: NUMAB TRY MEM MIGR process[nid:1, cpu:29, pid:2734], folio[virt:0x7f37884002b0, phys:0x111fc2000, nid:0], target_nid:1
          cg.C.x-2696  [016]     0.013603: (+15)    bprint:               change_prot_numa: NUMAB SCAN vma[start:0x7f3789001000, end:0x7f3789801000, from:0x7f3789001000, to:0x7f3789801000, size:8192 KB]
          cg.C.x-2733  [027]     0.013604: (+1)     bprint:               __handle_mm_fault: NUMAB MEM ACCESS process[nid:1, cpu:27, pid:2733], folio[virt:0x7f3788e002b8, phys:0x111fc1000, pfn:0x111fc1, nid:0, npages:1]
          cg.C.x-2733  [027]     0.013605: (+1)     bprint:               __handle_mm_fault: NUMAB TRY MEM MIGR process[nid:1, cpu:27, pid:2733], folio[virt:0x7f3788e002b8, phys:0x111fc1000, nid:0], target_nid:1
          cg.C.x-2734  [029]     0.013625: (+20)    bprint:               __handle_mm_fault: NUMAB COMPLETED MEM MIGR process[nid:1, cpu:29, pid:2734], old[phys:0x111fc2000, nid:0, npages:1], new[phys:0x1855b7e000, nid:1, npages:1]
          cg.C.x-2733  [027]     0.013641: (+16)    bprint:               __handle_mm_fault: NUMAB COMPLETED MEM MIGR process[nid:1, cpu:27, pid:2733], old[phys:0x111fc1000, nid:0, npages:1], new[phys:0x185fc32000, nid:1, npages:1]
          cg.C.x-2696  [016]     0.013658: (+17)    bprint:               change_prot_numa: NUMAB SCAN vma[start:0x7f3789a01000, end:0x7f378a201000, from:0x7f3789a01000, to:0x7f378a201000, size:8192 KB]
          cg.C.x-2732  [025]     0.013658: (+0)     bprint:               __handle_mm_fault: NUMAB MEM ACCESS process[nid:1, cpu:25, pid:2732], folio[virt:0x7f37898002b8, phys:0x139f3b000, pfn:0x139f3b, nid:0, npages:1]
          cg.C.x-2732  [025]     0.013660: (+2)     bprint:               __handle_mm_fault: NUMAB TRY MEM MIGR process[nid:1, cpu:25, pid:2732], folio[virt:0x7f37898002b8, phys:0x139f3b000, nid:0], target_nid:1
          cg.C.x-2696  [016]     0.013676: (+16)    bprint:               change_prot_numa: NUMAB SCAN vma[start:0x7f378a401000, end:0x7f378ac01000, from:0x7f378a401000, to:0x7f378ac01000, size:8192 KB]
          cg.C.x-2731  [023]     0.013676: (+0)     bprint:               __handle_mm_fault: NUMAB MEM ACCESS process[nid:1, cpu:23, pid:2731], folio[virt:0x7f378a2002b0, phys:0x139f3a000, pfn:0x139f3a, nid:0, npages:1]
          cg.C.x-2731  [023]     0.013677: (+1)     bprint:               __handle_mm_fault: NUMAB TRY MEM MIGR process[nid:1, cpu:23, pid:2731], folio[virt:0x7f378a2002b0, phys:0x139f3a000, nid:0], target_nid:1
          cg.C.x-2732  [025]     0.013690: (+13)    bprint:               __handle_mm_fault: NUMAB COMPLETED MEM MIGR process[nid:1, cpu:25, pid:2732], old[phys:0x139f3b000, nid:0, npages:1], new[phys:0x189018e000, nid:1, npages:1]
          cg.C.x-2731  [023]     0.013713: (+23)    bprint:               __handle_mm_fault: NUMAB COMPLETED MEM MIGR process[nid:1, cpu:23, pid:2731], old[phys:0x139f3a000, nid:0, npages:1], new[phys:0x1855c25000, nid:1, npages:1]
          cg.C.x-2696  [016]     0.013722: (+9)     bprint:               change_prot_numa: NUMAB SCAN vma[start:0x7f378ae01000, end:0x7f378b601000, from:0x7f378ae01000, to:0x7f378b601000, size:8192 KB]
          cg.C.x-2730  [021]     0.013723: (+1)     bprint:               __handle_mm_fault: NUMAB MEM ACCESS process[nid:1, cpu:21, pid:2730], folio[virt:0x7f378ac002b0, phys:0x139f39000, pfn:0x139f39, nid:0, npages:1]
          cg.C.x-2730  [021]     0.013724: (+1)     bprint:               __handle_mm_fault: NUMAB TRY MEM MIGR process[nid:1, cpu:21, pid:2730], folio[virt:0x7f378ac002b0, phys:0x139f39000, nid:0], target_nid:1
          cg.C.x-2696  [016]     0.013739: (+15)    bprint:               change_prot_numa: NUMAB SCAN vma[start:0x7f378b801000, end:0x7f378c001000, from:0x7f378b801000, to:0x7f378c001000, size:8192 KB]
          cg.C.x-2729  [019]     0.013740: (+1)     bprint:               __handle_mm_fault: NUMAB MEM ACCESS process[nid:1, cpu:19, pid:2729], folio[virt:0x7f378b6002b0, phys:0x139f38000, pfn:0x139f38, nid:0, npages:1]
          cg.C.x-2729  [019]     0.013741: (+1)     bprint:               __handle_mm_fault: NUMAB TRY MEM MIGR process[nid:1, cpu:19, pid:2729], folio[virt:0x7f378b6002b0, phys:0x139f38000, nid:0], target_nid:1
          cg.C.x-2730  [021]     0.013756: (+15)    bprint:               __handle_mm_fault: NUMAB COMPLETED MEM MIGR process[nid:1, cpu:21, pid:2730], old[phys:0x139f39000, nid:0, npages:1], new[phys:0x185e046000, nid:1, npages:1]
          cg.C.x-2729  [019]     0.013770: (+14)    bprint:               __handle_mm_fault: NUMAB COMPLETED MEM MIGR process[nid:1, cpu:19, pid:2729], old[phys:0x139f38000, nid:0, npages:1], new[phys:0x185dfed000, nid:1, npages:1]
          cg.C.x-2696  [016]     0.013792: (+22)    bprint:               change_prot_numa: NUMAB SCAN vma[start:0x7f378c201000, end:0x7f378ca01000, from:0x7f378c201000, to:0x7f378ca01000, size:8192 KB]
          cg.C.x-2728  [017]     0.013792: (+0)     bprint:               __handle_mm_fault: NUMAB MEM ACCESS process[nid:1, cpu:17, pid:2728], folio[virt:0x7f378c0002b0, phys:0x139f3d000, pfn:0x139f3d, nid:0, npages:1]
          cg.C.x-2728  [017]     0.013794: (+2)     bprint:               __handle_mm_fault: NUMAB TRY MEM MIGR process[nid:1, cpu:17, pid:2728], folio[virt:0x7f378c0002b0, phys:0x139f3d000, nid:0], target_nid:1
          cg.C.x-2727  [015]     0.013810: (+16)    bprint:               __handle_mm_fault: NUMAB MEM ACCESS process[nid:1, cpu:15, pid:2727], folio[virt:0x7f378ca002b0, phys:0x139f3c000, pfn:0x139f3c, nid:0, npages:1]
          cg.C.x-2696  [016]     0.013810: (+0)     bprint:               change_prot_numa: NUMAB SCAN vma[start:0x7f378cc01000, end:0x7f378d401000, from:0x7f378cc01000, to:0x7f378d401000, size:8192 KB]
          cg.C.x-2727  [015]     0.013812: (+2)     bprint:               __handle_mm_fault: NUMAB TRY MEM MIGR process[nid:1, cpu:15, pid:2727], folio[virt:0x7f378ca002b0, phys:0x139f3c000, nid:0], target_nid:1
          cg.C.x-2728  [017]     0.013819: (+7)     bprint:               __handle_mm_fault: NUMAB COMPLETED MEM MIGR process[nid:1, cpu:17, pid:2728], old[phys:0x139f3d000, nid:0, npages:1], new[phys:0x185eb7d000, nid:1, npages:1]
          cg.C.x-2727  [015]     0.013842: (+23)    bprint:               __handle_mm_fault: NUMAB COMPLETED MEM MIGR process[nid:1, cpu:15, pid:2727], old[phys:0x139f3c000, nid:0, npages:1], new[phys:0x18675c6000, nid:1, npages:1]
          cg.C.x-2696  [016]     0.013866: (+24)    bprint:               change_prot_numa: NUMAB SCAN vma[start:0x7f378d601000, end:0x7f378de01000, from:0x7f378d601000, to:0x7f378de01000, size:8192 KB]
          cg.C.x-2726  [013]     0.013867: (+1)     bprint:               __handle_mm_fault: NUMAB MEM ACCESS process[nid:1, cpu:13, pid:2726], folio[virt:0x7f378d4002b0, phys:0x362857000, pfn:0x362857, nid:0, npages:1]
          cg.C.x-2726  [013]     0.013868: (+1)     bprint:               __handle_mm_fault: NUMAB TRY MEM MIGR process[nid:1, cpu:13, pid:2726], folio[virt:0x7f378d4002b0, phys:0x362857000, nid:0], target_nid:1
          cg.C.x-2696  [016]     0.013884: (+16)    bprint:               change_prot_numa: NUMAB SCAN vma[start:0x7f378e001000, end:0x7f378e801000, from:0x7f378e001000, to:0x7f378e801000, size:8192 KB]
          cg.C.x-2725  [011]     0.013884: (+0)     bprint:               __handle_mm_fault: NUMAB MEM ACCESS process[nid:1, cpu:11, pid:2725], folio[virt:0x7f378de002b0, phys:0x12050f000, pfn:0x12050f, nid:0, npages:1]
          cg.C.x-2725  [011]     0.013886: (+2)     bprint:               __handle_mm_fault: NUMAB TRY MEM MIGR process[nid:1, cpu:11, pid:2725], folio[virt:0x7f378de002b0, phys:0x12050f000, nid:0], target_nid:1
          cg.C.x-2726  [013]     0.013899: (+13)    bprint:               __handle_mm_fault: NUMAB COMPLETED MEM MIGR process[nid:1, cpu:13, pid:2726], old[phys:0x362857000, nid:0, npages:1], new[phys:0x1864880000, nid:1, npages:1]
          cg.C.x-2725  [011]     0.013918: (+19)    bprint:               __handle_mm_fault: NUMAB COMPLETED MEM MIGR process[nid:1, cpu:11, pid:2725], old[phys:0x12050f000, nid:0, npages:1], new[phys:0x185587e000, nid:1, npages:1]
          cg.C.x-2696  [016]     0.013930: (+12)    bprint:               change_prot_numa: NUMAB SCAN vma[start:0x7f378ea01000, end:0x7f378f201000, from:0x7f378ea01000, to:0x7f378f201000, size:8192 KB]
          cg.C.x-2724  [009]     0.013931: (+1)     bprint:               __handle_mm_fault: NUMAB MEM ACCESS process[nid:1, cpu:9, pid:2724], folio[virt:0x7f378e8002b0, phys:0x139f3e000, pfn:0x139f3e, nid:0, npages:1]
          cg.C.x-2724  [009]     0.013932: (+1)     bprint:               __handle_mm_fault: NUMAB TRY MEM MIGR process[nid:1, cpu:9, pid:2724], folio[virt:0x7f378e8002b0, phys:0x139f3e000, nid:0], target_nid:1
          cg.C.x-2696  [016]     0.013948: (+16)    bprint:               change_prot_numa: NUMAB SCAN vma[start:0x7f378f401000, end:0x7f378fc01000, from:0x7f378f401000, to:0x7f378fc01000, size:8192 KB]
          cg.C.x-2723  [007]     0.013948: (+0)     bprint:               __handle_mm_fault: NUMAB MEM ACCESS process[nid:1, cpu:7, pid:2723], folio[virt:0x7f378f2002a8, phys:0x1503de000, pfn:0x1503de, nid:0, npages:1]
          cg.C.x-2723  [007]     0.013950: (+2)     bprint:               __handle_mm_fault: NUMAB TRY MEM MIGR process[nid:1, cpu:7, pid:2723], folio[virt:0x7f378f2002a8, phys:0x1503de000, nid:0], target_nid:1
          cg.C.x-2724  [009]     0.013964: (+14)    bprint:               __handle_mm_fault: NUMAB COMPLETED MEM MIGR process[nid:1, cpu:9, pid:2724], old[phys:0x139f3e000, nid:0, npages:1], new[phys:0x186746e000, nid:1, npages:1]
          cg.C.x-2723  [007]     0.013976: (+12)    bprint:               __handle_mm_fault: NUMAB COMPLETED MEM MIGR process[nid:1, cpu:7, pid:2723], old[phys:0x1503de000, nid:0, npages:1], new[phys:0x186d6cd000, nid:1, npages:1]
          cg.C.x-2696  [016]     0.014002: (+26)    bprint:               change_prot_numa: NUMAB SCAN vma[start:0x7f378fe01000, end:0x7f3790601000, from:0x7f378fe01000, to:0x7f3790601000, size:8192 KB]
          cg.C.x-2722  [005]     0.014002: (+0)     bprint:               __handle_mm_fault: NUMAB MEM ACCESS process[nid:1, cpu:5, pid:2722], folio[virt:0x7f378fc002b0, phys:0x1503d8000, pfn:0x1503d8, nid:0, npages:1]
          cg.C.x-2722  [005]     0.014004: (+2)     bprint:               __handle_mm_fault: NUMAB TRY MEM MIGR process[nid:1, cpu:5, pid:2722], folio[virt:0x7f378fc002b0, phys:0x1503d8000, nid:0], target_nid:1
          cg.C.x-2696  [016]     0.014019: (+15)    bprint:               change_prot_numa: NUMAB SCAN vma[start:0x7f3790801000, end:0x7f3791001000, from:0x7f3790801000, to:0x7f3791001000, size:8192 KB]
          cg.C.x-2721  [003]     0.014020: (+1)     bprint:               __handle_mm_fault: NUMAB MEM ACCESS process[nid:1, cpu:3, pid:2721], folio[virt:0x7f37906002b8, phys:0x36281f000, pfn:0x36281f, nid:0, npages:1]
          cg.C.x-2721  [003]     0.014021: (+1)     bprint:               __handle_mm_fault: NUMAB TRY MEM MIGR process[nid:1, cpu:3, pid:2721], folio[virt:0x7f37906002b8, phys:0x36281f000, nid:0], target_nid:1
          cg.C.x-2722  [005]     0.014041: (+20)    bprint:               __handle_mm_fault: NUMAB COMPLETED MEM MIGR process[nid:1, cpu:5, pid:2722], old[phys:0x1503d8000, nid:0, npages:1], new[phys:0x186d2d9000, nid:1, npages:1]
          cg.C.x-2721  [003]     0.014051: (+10)    bprint:               __handle_mm_fault: NUMAB COMPLETED MEM MIGR process[nid:1, cpu:3, pid:2721], old[phys:0x36281f000, nid:0, npages:1], new[phys:0x185ebcb000, nid:1, npages:1]
          cg.C.x-2720  [001]     0.014055: (+4)     bprint:               __handle_mm_fault: NUMAB MEM ACCESS process[nid:1, cpu:1, pid:2720], folio[virt:0x7f3790fff700, phys:0x18578ba000, pfn:0x18578ba, nid:1, npages:1]
          cg.C.x-2720  [001]     0.014059: (+4)     bprint:               __handle_mm_fault: NUMAB MEM ACCESS process[nid:1, cpu:1, pid:2720], folio[virt:0x7f37910002b0, phys:0x1163a4000, pfn:0x1163a4, nid:0, npages:1]
          cg.C.x-2720  [001]     0.014060: (+1)     bprint:               __handle_mm_fault: NUMAB TRY MEM MIGR process[nid:1, cpu:1, pid:2720], folio[virt:0x7f37910002b0, phys:0x1163a4000, nid:0], target_nid:1
          cg.C.x-2696  [016]     0.014067: (+7)     bprint:               change_prot_numa: NUMAB SCAN vma[start:0x7f3791201000, end:0x7f3791a01000, from:0x7f3791201000, to:0x7f3791a01000, size:8192 KB]
          cg.C.x-2720  [001]     0.014097: (+30)    bprint:               __handle_mm_fault: NUMAB COMPLETED MEM MIGR process[nid:1, cpu:1, pid:2720], old[phys:0x1163a4000, nid:0, npages:1], new[phys:0x18679a6000, nid:1, npages:1]
          cg.C.x-2719  [062]     0.014111: (+14)    bprint:               __handle_mm_fault: NUMAB MEM ACCESS process[nid:0, cpu:62, pid:2719], folio[virt:0x7f37919ff698, phys:0x112ea0000, pfn:0x112ea0, nid:0, npages:1]
          cg.C.x-2696  [016]     0.014111: (+0)     bprint:               change_prot_numa: NUMAB SCAN vma[start:0x7f3791c01000, end:0x7f3792401000, from:0x7f3791c01000, to:0x7f3792401000, size:8192 KB]
          cg.C.x-2719  [062]     0.014115: (+4)     bprint:               __handle_mm_fault: NUMAB MEM ACCESS process[nid:0, cpu:62, pid:2719], folio[virt:0x7f3791a002b0, phys:0x1393d6000, pfn:0x1393d6, nid:0, npages:1]
          cg.C.x-2696  [016]     0.014128: (+13)    bprint:               change_prot_numa: NUMAB SCAN vma[start:0x7f3792601000, end:0x7f3792e01000, from:0x7f3792601000, to:0x7f3792e01000, size:8192 KB]
          cg.C.x-2718  [060]     0.014128: (+0)     bprint:               __handle_mm_fault: NUMAB MEM ACCESS process[nid:0, cpu:60, pid:2718], folio[virt:0x7f37923ff704, phys:0x12300c000, pfn:0x12300c, nid:0, npages:1]
          cg.C.x-2718  [060]     0.014133: (+5)     bprint:               __handle_mm_fault: NUMAB MEM ACCESS process[nid:0, cpu:60, pid:2718], folio[virt:0x7f37924002b0, phys:0x15377b000, pfn:0x15377b, nid:0, npages:1]
          cg.C.x-2696  [016]     0.014144: (+11)    bprint:               change_prot_numa: NUMAB SCAN vma[start:0x7f3793001000, end:0x7f3793801000, from:0x7f3793001000, to:0x7f3793801000, size:8192 KB]
          cg.C.x-2717  [058]     0.014146: (+2)     bprint:               __handle_mm_fault: NUMAB MEM ACCESS process[nid:0, cpu:58, pid:2717], folio[virt:0x7f3792e002b0, phys:0x13ab1e000, pfn:0x13ab1e, nid:0, npages:1]
          cg.C.x-2696  [016]     0.014162: (+16)    bprint:               change_prot_numa: NUMAB SCAN vma[start:0x7f3793a01000, end:0x7f3794201000, from:0x7f3793a01000, to:0x7f3794201000, size:8192 KB]
          cg.C.x-2716  [056]     0.014162: (+0)     bprint:               __handle_mm_fault: NUMAB MEM ACCESS process[nid:0, cpu:56, pid:2716], folio[virt:0x7f37937ff708, phys:0x139f02000, pfn:0x139f02, nid:0, npages:1]
          cg.C.x-2716  [056]     0.014166: (+4)     bprint:               __handle_mm_fault: NUMAB MEM ACCESS process[nid:0, cpu:56, pid:2716], folio[virt:0x7f37938002b0, phys:0x112c74000, pfn:0x112c74, nid:0, npages:1]
          cg.C.x-2696  [016]     0.014177: (+11)    bprint:               change_prot_numa: NUMAB SCAN vma[start:0x7f3794401000, end:0x7f3794c01000, from:0x7f3794401000, to:0x7f3794c01000, size:8192 KB]
          cg.C.x-2715  [054]     0.014179: (+2)     bprint:               __handle_mm_fault: NUMAB MEM ACCESS process[nid:0, cpu:54, pid:2715], folio[virt:0x7f37942002b0, phys:0x113db6000, pfn:0x113db6, nid:0, npages:1]
          cg.C.x-2696  [016]     0.014194: (+15)    bprint:               change_prot_numa: NUMAB SCAN vma[start:0x7f3794e01000, end:0x7f3795601000, from:0x7f3794e01000, to:0x7f3795601000, size:8192 KB]
          cg.C.x-2714  [052]     0.014195: (+1)     bprint:               __handle_mm_fault: NUMAB MEM ACCESS process[nid:0, cpu:52, pid:2714], folio[virt:0x7f3794c002b0, phys:0x111f87000, pfn:0x111f87, nid:0, npages:1]
          cg.C.x-2696  [016]     0.014211: (+16)    bprint:               change_prot_numa: NUMAB SCAN vma[start:0x7f3795801000, end:0x7f3796001000, from:0x7f3795801000, to:0x7f3796001000, size:8192 KB]
          cg.C.x-2713  [050]     0.014212: (+1)     bprint:               __handle_mm_fault: NUMAB MEM ACCESS process[nid:0, cpu:50, pid:2713], folio[virt:0x7f37956002b0, phys:0x139173000, pfn:0x139173, nid:0, npages:1]
          cg.C.x-2712  [048]     0.014228: (+16)    bprint:               __handle_mm_fault: NUMAB MEM ACCESS process[nid:0, cpu:48, pid:2712], folio[virt:0x7f37960002b0, phys:0x13a75a000, pfn:0x13a75a, nid:0, npages:1]
          cg.C.x-2696  [016]     0.014228: (+0)     bprint:               change_prot_numa: NUMAB SCAN vma[start:0x7f3796201000, end:0x7f3796a01000, from:0x7f3796201000, to:0x7f3796a01000, size:8192 KB]
          cg.C.x-2712  [048]     0.014232: (+4)     bprint:               __handle_mm_fault: NUMAB MEM ACCESS process[nid:0, cpu:48, pid:2712], folio[virt:0x7f3795fff698, phys:0x12172d000, pfn:0x12172d, nid:0, npages:1]
          cg.C.x-2696  [016]     0.014245: (+13)    bprint:               change_prot_numa: NUMAB SCAN vma[start:0x7f3796c01000, end:0x7f3797401000, from:0x7f3796c01000, to:0x7f3797401000, size:8192 KB]
          cg.C.x-2711  [046]     0.014246: (+1)     bprint:               __handle_mm_fault: NUMAB MEM ACCESS process[nid:0, cpu:46, pid:2711], folio[virt:0x7f3796a002b0, phys:0x1390e8000, pfn:0x1390e8, nid:0, npages:1]
          cg.C.x-2696  [016]     0.014262: (+16)    bprint:               change_prot_numa: NUMAB SCAN vma[start:0x7f3797601000, end:0x7f3797e01000, from:0x7f3797601000, to:0x7f3797e01000, size:8192 KB]
          cg.C.x-2710  [044]     0.014262: (+0)     bprint:               __handle_mm_fault: NUMAB MEM ACCESS process[nid:0, cpu:44, pid:2710], folio[virt:0x7f37974002b0, phys:0x12339d000, pfn:0x12339d, nid:0, npages:1]
          cg.C.x-2709  [042]     0.014278: (+16)    bprint:               __handle_mm_fault: NUMAB MEM ACCESS process[nid:0, cpu:42, pid:2709], folio[virt:0x7f3797e002b8, phys:0x13a124000, pfn:0x13a124, nid:0, npages:1]
          cg.C.x-2696  [016]     0.014279: (+1)     bprint:               change_prot_numa: NUMAB SCAN vma[start:0x7f3798001000, end:0x7f3798801000, from:0x7f3798001000, to:0x7f3798801000, size:8192 KB]
          cg.C.x-2696  [016]     0.014295: (+16)    bprint:               change_prot_numa: NUMAB SCAN vma[start:0x7f3798a01000, end:0x7f3799201000, from:0x7f3798a01000, to:0x7f3799201000, size:8192 KB]
          cg.C.x-2708  [040]     0.014296: (+1)     bprint:               __handle_mm_fault: NUMAB MEM ACCESS process[nid:0, cpu:40, pid:2708], folio[virt:0x7f37987ff698, phys:0x12140d000, pfn:0x12140d, nid:0, npages:1]
          cg.C.x-2708  [040]     0.014301: (+5)     bprint:               __handle_mm_fault: NUMAB MEM ACCESS process[nid:0, cpu:40, pid:2708], folio[virt:0x7f37988002b0, phys:0x13928e000, pfn:0x13928e, nid:0, npages:1]
          cg.C.x-2696  [016]     0.014312: (+11)    bprint:               change_prot_numa: NUMAB SCAN vma[start:0x7f3799401000, end:0x7f3799c01000, from:0x7f3799401000, to:0x7f3799c01000, size:8192 KB]
          cg.C.x-2707  [038]     0.014313: (+1)     bprint:               __handle_mm_fault: NUMAB MEM ACCESS process[nid:0, cpu:38, pid:2707], folio[virt:0x7f37992002b0, phys:0x13a33a000, pfn:0x13a33a, nid:0, npages:1]
          cg.C.x-2696  [016]     0.014329: (+16)    bprint:               change_prot_numa: NUMAB SCAN vma[start:0x7f3799e01000, end:0x7f379a601000, from:0x7f3799e01000, to:0x7f379a601000, size:8192 KB]
          cg.C.x-2706  [036]     0.014330: (+1)     bprint:               __handle_mm_fault: NUMAB MEM ACCESS process[nid:0, cpu:36, pid:2706], folio[virt:0x7f3799c002b0, phys:0x113f57000, pfn:0x113f57, nid:0, npages:1]
          cg.C.x-2696  [016]     0.014345: (+15)    bprint:               change_prot_numa: NUMAB SCAN vma[start:0x7f379a801000, end:0x7f379b001000, from:0x7f379a801000, to:0x7f379b001000, size:8192 KB]
          cg.C.x-2705  [034]     0.014346: (+1)     bprint:               __handle_mm_fault: NUMAB MEM ACCESS process[nid:0, cpu:34, pid:2705], folio[virt:0x7f379a6002b0, phys:0x1231f9000, pfn:0x1231f9, nid:0, npages:1]
          cg.C.x-2696  [016]     0.014362: (+16)    bprint:               change_prot_numa: NUMAB SCAN vma[start:0x7f379b201000, end:0x7f379ba01000, from:0x7f379b201000, to:0x7f379ba01000, size:8192 KB]
          cg.C.x-2704  [032]     0.014363: (+1)     bprint:               __handle_mm_fault: NUMAB MEM ACCESS process[nid:0, cpu:32, pid:2704], folio[virt:0x7f379b0002a8, phys:0x13ab58000, pfn:0x13ab58, nid:0, npages:1]
          cg.C.x-2696  [016]     0.014379: (+16)    bprint:               change_prot_numa: NUMAB SCAN vma[start:0x7f379bc01000, end:0x7f379c401000, from:0x7f379bc01000, to:0x7f379c401000, size:8192 KB]
          cg.C.x-2703  [030]     0.014379: (+0)     bprint:               __handle_mm_fault: NUMAB MEM ACCESS process[nid:0, cpu:30, pid:2703], folio[virt:0x7f379ba002b0, phys:0x1109e5000, pfn:0x1109e5, nid:0, npages:1]
          cg.C.x-2702  [028]     0.014395: (+16)    bprint:               __handle_mm_fault: NUMAB MEM ACCESS process[nid:0, cpu:28, pid:2702], folio[virt:0x7f379c4002b8, phys:0x1231ca000, pfn:0x1231ca, nid:0, npages:1]
          cg.C.x-2696  [016]     0.014395: (+0)     bprint:               change_prot_numa: NUMAB SCAN vma[start:0x7f379c601000, end:0x7f379ce01000, from:0x7f379c601000, to:0x7f379ce01000, size:8192 KB]
          cg.C.x-2696  [016]     0.014412: (+17)    bprint:               change_prot_numa: NUMAB SCAN vma[start:0x7f379d001000, end:0x7f379d801000, from:0x7f379d001000, to:0x7f379d801000, size:8192 KB]
          cg.C.x-2701  [026]     0.014412: (+0)     bprint:               __handle_mm_fault: NUMAB MEM ACCESS process[nid:0, cpu:26, pid:2701], folio[virt:0x7f379ce002b8, phys:0x11370e000, pfn:0x11370e, nid:0, npages:1]
          cg.C.x-2701  [026]     0.014416: (+4)     bprint:               __handle_mm_fault: NUMAB MEM ACCESS process[nid:0, cpu:26, pid:2701], folio[virt:0x7f379cdff698, phys:0x139795000, pfn:0x139795, nid:0, npages:1]
          cg.C.x-2700  [024]     0.014429: (+13)    bprint:               __handle_mm_fault: NUMAB MEM ACCESS process[nid:0, cpu:24, pid:2700], folio[virt:0x7f379d8002b8, phys:0x1395cd000, pfn:0x1395cd, nid:0, npages:1]
          cg.C.x-2696  [016]     0.014430: (+1)     bprint:               change_prot_numa: NUMAB SCAN vma[start:0x7f379da01000, end:0x7f379e201000, from:0x7f379da01000, to:0x7f379e201000, size:8192 KB]
          cg.C.x-2696  [016]     0.014447: (+17)    bprint:               change_prot_numa: NUMAB SCAN vma[start:0x7f379e401000, end:0x7f379ec01000, from:0x7f379e401000, to:0x7f379ec01000, size:8192 KB]
          cg.C.x-2699  [022]     0.014447: (+0)     bprint:               __handle_mm_fault: NUMAB MEM ACCESS process[nid:0, cpu:22, pid:2699], folio[virt:0x7f379e2002b0, phys:0x10ffd7000, pfn:0x10ffd7, nid:0, npages:1]
          cg.C.x-2696  [016]     0.014463: (+16)    bprint:               change_prot_numa: NUMAB SCAN vma[start:0x7f379ee01000, end:0x7f379f601000, from:0x7f379ee01000, to:0x7f379f601000, size:8192 KB]
          cg.C.x-2698  [020]     0.014464: (+1)     bprint:               __handle_mm_fault: NUMAB MEM ACCESS process[nid:0, cpu:20, pid:2698], folio[virt:0x7f379ec002b0, phys:0x114730000, pfn:0x114730, nid:0, npages:1]
          cg.C.x-2697  [018]     0.014480: (+16)    bprint:               __handle_mm_fault: NUMAB MEM ACCESS process[nid:0, cpu:18, pid:2697], folio[virt:0x7f379f6002b0, phys:0xae553a000, pfn:0xae553a, nid:0, npages:1]
          cg.C.x-2696  [016]     0.014480: (+0)     bprint:               change_prot_numa: NUMAB SCAN vma[start:0x7f379f801000, end:0x7f37a0001000, from:0x7f379f801000, to:0x7f37a0001000, size:8192 KB]
          cg.C.x-2696  [016]     0.014497: (+17)    bprint:               change_prot_numa: NUMAB SCAN vma[start:0x7f37a0201000, end:0x7f37a0a01000, from:0x7f37a0201000, to:0x7f37a0a01000, size:8192 KB]
          cg.C.x-2696  [016]     0.014513: (+16)    bprint:               change_prot_numa: NUMAB SCAN vma[start:0x7f37a0c01000, end:0x7f37a1401000, from:0x7f37a0c01000, to:0x7f37a1401000, size:8192 KB]
          cg.C.x-2695  [014]     0.014514: (+1)     bprint:               __handle_mm_fault: NUMAB MEM ACCESS process[nid:0, cpu:14, pid:2695], folio[virt:0x7f37a0a002b0, phys:0x1137ed000, pfn:0x1137ed, nid:0, npages:1]
          cg.C.x-2694  [012]     0.014530: (+16)    bprint:               __handle_mm_fault: NUMAB MEM ACCESS process[nid:0, cpu:12, pid:2694], folio[virt:0x7f37a14002b0, phys:0x150116000, pfn:0x150116, nid:0, npages:1]
          cg.C.x-2696  [016]     0.014530: (+0)     bprint:               change_prot_numa: NUMAB SCAN vma[start:0x7f37a1601000, end:0x7f37a1e01000, from:0x7f37a1601000, to:0x7f37a1e01000, size:8192 KB]
          cg.C.x-2693  [010]     0.014547: (+17)    bprint:               __handle_mm_fault: NUMAB MEM ACCESS process[nid:0, cpu:10, pid:2693], folio[virt:0x7f37a1e002b8, phys:0x11112d000, pfn:0x11112d, nid:0, npages:1]
