          cg.C.x-3686  [007]     1.564671: (+1)     sched_waking:         comm=kworker/7:1 pid=482 prio=120 target_cpu=007
          cg.C.x-3654  [006]     1.564678: (+7)     sched_wakeup:         kworker/6:1:706 [120] CPU:006
          cg.C.x-3686  [007]     1.564681: (+3)     sched_wakeup:         kworker/7:1:482 [120] CPU:007
          cg.C.x-3686  [007]     1.564689: (+8)     sched_switch:         cg.C.x:3686 [120] R ==> kworker/7:1:482 [120]
     kworker/7:1-482   [007]     1.564704: (+15)    sched_switch:         kworker/7:1:482 [120] I ==> cg.C.x:3686 [120]
          cg.C.x-3685  [005]     1.568670: (+3966)  sched_waking:         comm=kworker/5:1 pid=709 prio=120 target_cpu=005
          cg.C.x-3654  [006]     1.568675: (+5)     sched_switch:         cg.C.x:3654 [120] R ==> kworker/6:1:706 [120]
          cg.C.x-3685  [005]     1.568681: (+6)     sched_wakeup:         kworker/5:1:709 [120] CPU:005
          cg.C.x-3685  [005]     1.568687: (+6)     sched_switch:         cg.C.x:3685 [120] R ==> kworker/5:1:709 [120]
     kworker/6:1-706   [006]     1.568691: (+4)     sched_switch:         kworker/6:1:706 [120] I ==> cg.C.x:3654 [120]
     kworker/5:1-709   [005]     1.568700: (+9)     sched_switch:         kworker/5:1:709 [120] I ==> cg.C.x:3685 [120]
          cg.C.x-3651  [000]     1.570298: (+1598)  sched_waking:         comm=kworker/u129:23 pid=448 prio=120 target_cpu=000
          cg.C.x-3651  [000]     1.570303: (+5)     sched_wakeup:         kworker/u129:23:448 [120] CPU:000
          cg.C.x-3651  [000]     1.570308: (+5)     sched_switch:         cg.C.x:3651 [120] R ==> kworker/u129:23:448 [120]
 kworker/u129:23-448   [000]     1.570313: (+5)     sched_waking:         comm=tmux: server pid=2003 prio=120 target_cpu=000
 kworker/u129:23-448   [000]     1.570316: (+3)     sched_wakeup:         tmux: server:2003 [120] CPU:000
 kworker/u129:23-448   [000]     1.570319: (+3)     sched_switch:         kworker/u129:23:448 [120] I ==> tmux: server:2003 [120]
    tmux: server-2003  [000]     1.570379: (+60)    sched_waking:         comm=kworker/u129:23 pid=448 prio=120 target_cpu=000
    tmux: server-2003  [000]     1.570380: (+1)     sched_wakeup:         kworker/u129:23:448 [120] CPU:000
    tmux: server-2003  [000]     1.570382: (+2)     sched_switch:         tmux: server:2003 [120] R ==> kworker/u129:23:448 [120]
 kworker/u129:23-448   [000]     1.570384: (+2)     sched_waking:         comm=sshd pid=1918 prio=120 target_cpu=000
 kworker/u129:23-448   [000]     1.570386: (+2)     sched_wakeup:         sshd:1918 [120] CPU:000
 kworker/u129:23-448   [000]     1.570387: (+1)     sched_switch:         kworker/u129:23:448 [120] I ==> sshd:1918 [120]
            sshd-1918  [000]     1.570468: (+81)    sched_switch:         sshd:1918 [120] S ==> tmux: server:2003 [120]
    tmux: server-2003  [000]     1.570475: (+7)     sched_switch:         tmux: server:2003 [120] S ==> cg.C.x:3651 [120]
          cg.C.x-3651  [000]     1.570477: (+2)     sched_waking:         comm=kworker/u129:23 pid=448 prio=120 target_cpu=000
          cg.C.x-3651  [000]     1.570478: (+1)     sched_wakeup:         kworker/u129:23:448 [120] CPU:000
          cg.C.x-3651  [000]     1.570480: (+2)     sched_switch:         cg.C.x:3651 [120] R ==> kworker/u129:23:448 [120]
 kworker/u129:23-448   [000]     1.570481: (+1)     sched_waking:         comm=tmux: server pid=2003 prio=120 target_cpu=000
 kworker/u129:23-448   [000]     1.570482: (+1)     sched_wakeup:         tmux: server:2003 [120] CPU:000
 kworker/u129:23-448   [000]     1.570483: (+1)     sched_switch:         kworker/u129:23:448 [120] I ==> tmux: server:2003 [120]
    tmux: server-2003  [000]     1.570510: (+27)    sched_waking:         comm=kworker/u129:23 pid=448 prio=120 target_cpu=000
    tmux: server-2003  [000]     1.570511: (+1)     sched_wakeup:         kworker/u129:23:448 [120] CPU:000
    tmux: server-2003  [000]     1.570512: (+1)     sched_switch:         tmux: server:2003 [120] R ==> kworker/u129:23:448 [120]
 kworker/u129:23-448   [000]     1.570513: (+1)     sched_waking:         comm=sshd pid=1918 prio=120 target_cpu=000
 kworker/u129:23-448   [000]     1.570514: (+1)     sched_wakeup:         sshd:1918 [120] CPU:000
 kworker/u129:23-448   [000]     1.570516: (+2)     sched_switch:         kworker/u129:23:448 [120] I ==> sshd:1918 [120]
            sshd-1918  [000]     1.570540: (+24)    sched_switch:         sshd:1918 [120] S ==> tmux: server:2003 [120]
    tmux: server-2003  [000]     1.570547: (+7)     sched_switch:         tmux: server:2003 [120] S ==> cg.C.x:3651 [120]
          cg.C.x-3671  [040]     1.572668: (+2121)  sched_waking:         comm=rcu_preempt pid=17 prio=120 target_cpu=040
          cg.C.x-3671  [040]     1.572673: (+5)     sched_wakeup:         rcu_preempt:17 [120] CPU:040
          cg.C.x-3671  [040]     1.572677: (+4)     sched_switch:         cg.C.x:3671 [120] R ==> rcu_preempt:17 [120]
     rcu_preempt-17    [040]     1.572684: (+7)     sched_switch:         rcu_preempt:17 [120] I ==> cg.C.x:3671 [120]
          cg.C.x-3651  [000]     1.580598: (+7914)  sched_waking:         comm=tmux: server pid=2003 prio=120 target_cpu=000
          cg.C.x-3651  [000]     1.580609: (+11)    sched_wakeup:         tmux: server:2003 [120] CPU:000
          cg.C.x-3651  [000]     1.580613: (+4)     sched_switch:         cg.C.x:3651 [120] R ==> tmux: server:2003 [120]
    tmux: server-2003  [000]     1.580637: (+24)    sched_switch:         tmux: server:2003 [120] S ==> cg.C.x:3651 [120]
          cg.C.x-3651  [000]     1.582682: (+2045)  sched_waking:         comm=tmux: server pid=2003 prio=120 target_cpu=000
          cg.C.x-3651  [000]     1.582690: (+8)     sched_wakeup:         tmux: server:2003 [120] CPU:000
          cg.C.x-3651  [000]     1.582692: (+2)     sched_switch:         cg.C.x:3651 [120] R ==> tmux: server:2003 [120]
    tmux: server-2003  [000]     1.582721: (+29)    sched_switch:         tmux: server:2003 [120] S ==> cg.C.x:3651 [120]
          cg.C.x-3671  [040]     1.584666: (+1945)  sched_waking:         comm=rcu_preempt pid=17 prio=120 target_cpu=040
          cg.C.x-3671  [040]     1.584670: (+4)     sched_wakeup:         rcu_preempt:17 [120] CPU:040
          cg.C.x-3671  [040]     1.584672: (+2)     sched_switch:         cg.C.x:3671 [120] R ==> rcu_preempt:17 [120]
     rcu_preempt-17    [040]     1.584684: (+12)    sched_switch:         rcu_preempt:17 [120] I ==> cg.C.x:3671 [120]
          cg.C.x-3671  [040]     1.596668: (+11984) sched_waking:         comm=rcu_preempt pid=17 prio=120 target_cpu=040
          cg.C.x-3671  [040]     1.596674: (+6)     sched_wakeup:         rcu_preempt:17 [120] CPU:040
          cg.C.x-3653  [004]     1.600668: (+3994)  sched_waking:         comm=kworker/4:2 pid=1163 prio=120 target_cpu=004
          cg.C.x-3684  [003]     1.600671: (+3)     sched_waking:         comm=kworker/3:1 pid=707 prio=120 target_cpu=003
          cg.C.x-3671  [040]     1.600673: (+2)     sched_switch:         cg.C.x:3671 [120] R ==> rcu_preempt:17 [120]
          cg.C.x-3653  [004]     1.600675: (+2)     sched_wakeup:         kworker/4:2:1163 [120] CPU:004
          cg.C.x-3684  [003]     1.600679: (+4)     sched_wakeup:         kworker/3:1:707 [120] CPU:003
          cg.C.x-3653  [004]     1.600680: (+1)     sched_switch:         cg.C.x:3653 [120] R ==> kworker/4:2:1163 [120]
     rcu_preempt-17    [040]     1.600681: (+1)     sched_switch:         rcu_preempt:17 [120] I ==> cg.C.x:3671 [120]
          cg.C.x-3684  [003]     1.600685: (+4)     sched_switch:         cg.C.x:3684 [120] R ==> kworker/3:1:707 [120]
     kworker/3:1-707   [003]     1.600699: (+14)    sched_switch:         kworker/3:1:707 [120] I ==> cg.C.x:3684 [120]
     kworker/4:2-1163  [004]     1.600728: (+29)    sched_switch:         kworker/4:2:1163 [120] I ==> cg.C.x:3653 [120]
          cg.C.x-3651  [000]     1.600769: (+41)    sched_waking:         comm=tmux: server pid=2003 prio=120 target_cpu=000
          cg.C.x-3651  [000]     1.600776: (+7)     sched_wakeup:         tmux: server:2003 [120] CPU:000
          cg.C.x-3651  [000]     1.600777: (+1)     sched_switch:         cg.C.x:3651 [120] R ==> tmux: server:2003 [120]
    tmux: server-2003  [000]     1.600926: (+149)   sched_switch:         tmux: server:2003 [120] S ==> cg.C.x:3651 [120]
          cg.C.x-3694  [023]     1.604671: (+3745)  sched_waking:         comm=rcu_preempt pid=17 prio=120 target_cpu=040
          cg.C.x-3671  [040]     1.604683: (+12)    sched_wakeup:         rcu_preempt:17 [120] CPU:040
          cg.C.x-3671  [040]     1.604687: (+4)     sched_switch:         cg.C.x:3671 [120] R ==> rcu_preempt:17 [120]
     rcu_preempt-17    [040]     1.604694: (+7)     sched_switch:         rcu_preempt:17 [120] I ==> cg.C.x:3671 [120]
          cg.C.x-3683  [001]     1.628671: (+23977) sched_waking:         comm=kworker/1:0 pid=25 prio=120 target_cpu=001
          cg.C.x-3683  [001]     1.628679: (+8)     sched_wakeup:         kworker/1:0:25 [120] CPU:001
          cg.C.x-3683  [001]     1.628686: (+7)     sched_switch:         cg.C.x:3683 [120] R ==> kworker/1:0:25 [120]
     kworker/1:0-25    [001]     1.628701: (+15)    sched_switch:         kworker/1:0:25 [120] I ==> cg.C.x:3683 [120]
          cg.C.x-3671  [040]     1.632668: (+3967)  sched_waking:         comm=rcu_preempt pid=17 prio=120 target_cpu=040
          cg.C.x-3652  [002]     1.632669: (+1)     sched_waking:         comm=kworker/2:2 pid=1022 prio=120 target_cpu=002
          cg.C.x-3651  [000]     1.632670: (+1)     sched_waking:         comm=kworker/0:1 pid=10 prio=120 target_cpu=000
          cg.C.x-3671  [040]     1.632674: (+4)     sched_wakeup:         rcu_preempt:17 [120] CPU:040
          cg.C.x-3651  [000]     1.632675: (+1)     sched_wakeup:         kworker/0:1:10 [120] CPU:000
          cg.C.x-3652  [002]     1.632675: (+0)     sched_wakeup:         kworker/2:2:1022 [120] CPU:002
          cg.C.x-3671  [040]     1.632679: (+4)     sched_switch:         cg.C.x:3671 [120] R ==> rcu_preempt:17 [120]
          cg.C.x-3651  [000]     1.632680: (+1)     sched_switch:         cg.C.x:3651 [120] R ==> kworker/0:1:10 [120]
     rcu_preempt-17    [040]     1.632686: (+6)     sched_switch:         rcu_preempt:17 [120] I ==> cg.C.x:3671 [120]
     kworker/0:1-10    [000]     1.632718: (+32)    sched_switch:         kworker/0:1:10 [120] I ==> cg.C.x:3651 [120]
          cg.C.x-3652  [002]     1.636673: (+3955)  sched_switch:         cg.C.x:3652 [120] R ==> kworker/2:2:1022 [120]
     kworker/2:2-1022  [002]     1.636716: (+43)    sched_switch:         kworker/2:2:1022 [120] I ==> cg.C.x:3652 [120]
          cg.C.x-3671  [040]     1.644667: (+7951)  sched_waking:         comm=rcu_preempt pid=17 prio=120 target_cpu=040
          cg.C.x-3671  [040]     1.644672: (+5)     sched_wakeup:         rcu_preempt:17 [120] CPU:040
          cg.C.x-3671  [040]     1.644678: (+6)     sched_switch:         cg.C.x:3671 [120] R ==> rcu_preempt:17 [120]
     rcu_preempt-17    [040]     1.644691: (+13)    sched_switch:         rcu_preempt:17 [120] I ==> cg.C.x:3671 [120]
          cg.C.x-3671  [040]     1.656668: (+11977) sched_waking:         comm=rcu_preempt pid=17 prio=120 target_cpu=040
          cg.C.x-3671  [040]     1.656672: (+4)     sched_wakeup:         rcu_preempt:17 [120] CPU:040
          cg.C.x-3671  [040]     1.656677: (+5)     sched_switch:         cg.C.x:3671 [120] R ==> rcu_preempt:17 [120]
     rcu_preempt-17    [040]     1.656684: (+7)     sched_switch:         rcu_preempt:17 [120] I ==> cg.C.x:3671 [120]
          cg.C.x-3651  [000]     1.664668: (+7984)  sched_waking:         comm=kworker/0:1 pid=10 prio=120 target_cpu=000
          cg.C.x-3683  [001]     1.664669: (+1)     sched_waking:         comm=kworker/1:0 pid=25 prio=120 target_cpu=001
          cg.C.x-3692  [019]     1.664670: (+1)     sched_waking:         comm=rcu_preempt pid=17 prio=120 target_cpu=040
          cg.C.x-3651  [000]     1.664672: (+2)     sched_wakeup:         kworker/0:1:10 [120] CPU:000
          cg.C.x-3683  [001]     1.664674: (+2)     sched_wakeup:         kworker/1:0:25 [120] CPU:001
          cg.C.x-3651  [000]     1.664677: (+3)     sched_switch:         cg.C.x:3651 [120] R ==> kworker/0:1:10 [120]
          cg.C.x-3683  [001]     1.664679: (+2)     sched_switch:         cg.C.x:3683 [120] R ==> kworker/1:0:25 [120]
          cg.C.x-3671  [040]     1.664680: (+1)     sched_wakeup:         rcu_preempt:17 [120] CPU:040
          cg.C.x-3671  [040]     1.664683: (+3)     sched_switch:         cg.C.x:3671 [120] R ==> rcu_preempt:17 [120]
     kworker/1:0-25    [001]     1.664688: (+5)     sched_switch:         kworker/1:0:25 [120] I ==> cg.C.x:3683 [120]
     rcu_preempt-17    [040]     1.664689: (+1)     sched_switch:         rcu_preempt:17 [120] I ==> cg.C.x:3671 [120]
     kworker/0:1-10    [000]     1.664729: (+40)    sched_switch:         kworker/0:1:10 [120] I ==> cg.C.x:3651 [120]
          cg.C.x-3651  [000]     1.677266: (+12537) sched_waking:         comm=kworker/u129:23 pid=448 prio=120 target_cpu=000
          cg.C.x-3651  [000]     1.677273: (+7)     sched_wakeup:         kworker/u129:23:448 [120] CPU:000
          cg.C.x-3651  [000]     1.677278: (+5)     sched_switch:         cg.C.x:3651 [120] R ==> kworker/u129:23:448 [120]
 kworker/u129:23-448   [000]     1.677284: (+6)     sched_waking:         comm=tmux: server pid=2003 prio=120 target_cpu=000
 kworker/u129:23-448   [000]     1.677287: (+3)     sched_wakeup:         tmux: server:2003 [120] CPU:000
 kworker/u129:23-448   [000]     1.677290: (+3)     sched_switch:         kworker/u129:23:448 [120] I ==> tmux: server:2003 [120]
    tmux: server-2003  [000]     1.677355: (+65)    sched_waking:         comm=kworker/u129:23 pid=448 prio=120 target_cpu=000
    tmux: server-2003  [000]     1.677357: (+2)     sched_wakeup:         kworker/u129:23:448 [120] CPU:000
    tmux: server-2003  [000]     1.677359: (+2)     sched_switch:         tmux: server:2003 [120] R ==> kworker/u129:23:448 [120]
 kworker/u129:23-448   [000]     1.677362: (+3)     sched_waking:         comm=sshd pid=1918 prio=120 target_cpu=000
 kworker/u129:23-448   [000]     1.677364: (+2)     sched_wakeup:         sshd:1918 [120] CPU:000
 kworker/u129:23-448   [000]     1.677365: (+1)     sched_switch:         kworker/u129:23:448 [120] I ==> sshd:1918 [120]
            sshd-1918  [000]     1.677456: (+91)    sched_switch:         sshd:1918 [120] S ==> tmux: server:2003 [120]
    tmux: server-2003  [000]     1.677463: (+7)     sched_switch:         tmux: server:2003 [120] S ==> cg.C.x:3651 [120]
          cg.C.x-3651  [000]     1.677465: (+2)     sched_waking:         comm=kworker/u129:23 pid=448 prio=120 target_cpu=000
          cg.C.x-3651  [000]     1.677466: (+1)     sched_wakeup:         kworker/u129:23:448 [120] CPU:000
          cg.C.x-3651  [000]     1.677468: (+2)     sched_switch:         cg.C.x:3651 [120] R ==> kworker/u129:23:448 [120]
 kworker/u129:23-448   [000]     1.677469: (+1)     sched_waking:         comm=tmux: server pid=2003 prio=120 target_cpu=000
 kworker/u129:23-448   [000]     1.677470: (+1)     sched_wakeup:         tmux: server:2003 [120] CPU:000
 kworker/u129:23-448   [000]     1.677472: (+2)     sched_switch:         kworker/u129:23:448 [120] I ==> tmux: server:2003 [120]
    tmux: server-2003  [000]     1.677498: (+26)    sched_waking:         comm=kworker/u129:23 pid=448 prio=120 target_cpu=000
    tmux: server-2003  [000]     1.677498: (+0)     sched_wakeup:         kworker/u129:23:448 [120] CPU:000
    tmux: server-2003  [000]     1.677500: (+2)     sched_switch:         tmux: server:2003 [120] R ==> kworker/u129:23:448 [120]
 kworker/u129:23-448   [000]     1.677501: (+1)     sched_waking:         comm=sshd pid=1918 prio=120 target_cpu=000
 kworker/u129:23-448   [000]     1.677502: (+1)     sched_wakeup:         sshd:1918 [120] CPU:000
 kworker/u129:23-448   [000]     1.677504: (+2)     sched_switch:         kworker/u129:23:448 [120] I ==> sshd:1918 [120]
            sshd-1918  [000]     1.677529: (+25)    sched_switch:         sshd:1918 [120] S ==> tmux: server:2003 [120]
    tmux: server-2003  [000]     1.677536: (+7)     sched_switch:         tmux: server:2003 [120] S ==> cg.C.x:3651 [120]
          cg.C.x-3651  [000]     1.687587: (+10051) sched_waking:         comm=tmux: server pid=2003 prio=120 target_cpu=000
          cg.C.x-3651  [000]     1.687599: (+12)    sched_wakeup:         tmux: server:2003 [120] CPU:000
          cg.C.x-3651  [000]     1.687603: (+4)     sched_switch:         cg.C.x:3651 [120] R ==> tmux: server:2003 [120]
    tmux: server-2003  [000]     1.687627: (+24)    sched_switch:         tmux: server:2003 [120] S ==> cg.C.x:3651 [120]
          cg.C.x-3651  [000]     1.689673: (+2046)  sched_waking:         comm=tmux: server pid=2003 prio=120 target_cpu=000
          cg.C.x-3651  [000]     1.689679: (+6)     sched_wakeup:         tmux: server:2003 [120] CPU:000
          cg.C.x-3651  [000]     1.689682: (+3)     sched_switch:         cg.C.x:3651 [120] R ==> tmux: server:2003 [120]
    tmux: server-2003  [000]     1.689710: (+28)    sched_switch:         tmux: server:2003 [120] S ==> cg.C.x:3651 [120]
          cg.C.x-3683  [001]     1.724670: (+34960) sched_waking:         comm=kcompactd1 pid=475 prio=120 target_cpu=001
          cg.C.x-3683  [001]     1.724678: (+8)     sched_wakeup:         kcompactd1:475 [120] CPU:001
          cg.C.x-3683  [001]     1.724684: (+6)     sched_switch:         cg.C.x:3683 [120] R ==> kcompactd1:475 [120]
      kcompactd1-475   [001]     1.724696: (+12)    sched_switch:         kcompactd1:475 [120] S ==> cg.C.x:3683 [120]
          cg.C.x-3655  [008]     1.728668: (+3972)  sched_waking:         comm=kcompactd0 pid=474 prio=120 target_cpu=008
          cg.C.x-3655  [008]     1.728676: (+8)     sched_wakeup:         kcompactd0:474 [120] CPU:008
          cg.C.x-3655  [008]     1.728685: (+9)     sched_switch:         cg.C.x:3655 [120] R ==> kcompactd0:474 [120]
      kcompactd0-474   [008]     1.728695: (+10)    sched_switch:         kcompactd0:474 [120] S ==> cg.C.x:3655 [120]
          cg.C.x-3651  [000]     1.784502: (+55807) sched_waking:         comm=kworker/u129:23 pid=448 prio=120 target_cpu=000
          cg.C.x-3651  [000]     1.784508: (+6)     sched_wakeup:         kworker/u129:23:448 [120] CPU:000
          cg.C.x-3651  [000]     1.784514: (+6)     sched_switch:         cg.C.x:3651 [120] R ==> kworker/u129:23:448 [120]
 kworker/u129:23-448   [000]     1.784520: (+6)     sched_waking:         comm=tmux: server pid=2003 prio=120 target_cpu=000
 kworker/u129:23-448   [000]     1.784522: (+2)     sched_wakeup:         tmux: server:2003 [120] CPU:000
 kworker/u129:23-448   [000]     1.784526: (+4)     sched_switch:         kworker/u129:23:448 [120] I ==> tmux: server:2003 [120]
    tmux: server-2003  [000]     1.784586: (+60)    sched_waking:         comm=kworker/u129:23 pid=448 prio=120 target_cpu=000
    tmux: server-2003  [000]     1.784587: (+1)     sched_wakeup:         kworker/u129:23:448 [120] CPU:000
    tmux: server-2003  [000]     1.784589: (+2)     sched_switch:         tmux: server:2003 [120] R ==> kworker/u129:23:448 [120]
 kworker/u129:23-448   [000]     1.784592: (+3)     sched_waking:         comm=sshd pid=1918 prio=120 target_cpu=000
 kworker/u129:23-448   [000]     1.784594: (+2)     sched_wakeup:         sshd:1918 [120] CPU:000
 kworker/u129:23-448   [000]     1.784595: (+1)     sched_switch:         kworker/u129:23:448 [120] I ==> sshd:1918 [120]
            sshd-1918  [000]     1.784701: (+106)   sched_switch:         sshd:1918 [120] S ==> tmux: server:2003 [120]
    tmux: server-2003  [000]     1.784709: (+8)     sched_switch:         tmux: server:2003 [120] S ==> cg.C.x:3651 [120]
          cg.C.x-3651  [000]     1.784710: (+1)     sched_waking:         comm=kworker/u129:23 pid=448 prio=120 target_cpu=000
          cg.C.x-3651  [000]     1.784711: (+1)     sched_wakeup:         kworker/u129:23:448 [120] CPU:000
          cg.C.x-3651  [000]     1.784713: (+2)     sched_switch:         cg.C.x:3651 [120] R ==> kworker/u129:23:448 [120]
 kworker/u129:23-448   [000]     1.784714: (+1)     sched_waking:         comm=tmux: server pid=2003 prio=120 target_cpu=000
 kworker/u129:23-448   [000]     1.784715: (+1)     sched_wakeup:         tmux: server:2003 [120] CPU:000
 kworker/u129:23-448   [000]     1.784717: (+2)     sched_switch:         kworker/u129:23:448 [120] I ==> tmux: server:2003 [120]
    tmux: server-2003  [000]     1.784743: (+26)    sched_waking:         comm=kworker/u129:23 pid=448 prio=120 target_cpu=000
    tmux: server-2003  [000]     1.784744: (+1)     sched_wakeup:         kworker/u129:23:448 [120] CPU:000
    tmux: server-2003  [000]     1.784745: (+1)     sched_switch:         tmux: server:2003 [120] R ==> kworker/u129:23:448 [120]
 kworker/u129:23-448   [000]     1.784746: (+1)     sched_waking:         comm=sshd pid=1918 prio=120 target_cpu=000
 kworker/u129:23-448   [000]     1.784747: (+1)     sched_wakeup:         sshd:1918 [120] CPU:000
 kworker/u129:23-448   [000]     1.784749: (+2)     sched_switch:         kworker/u129:23:448 [120] I ==> sshd:1918 [120]
            sshd-1918  [000]     1.784774: (+25)    sched_switch:         sshd:1918 [120] S ==> tmux: server:2003 [120]
    tmux: server-2003  [000]     1.784780: (+6)     sched_switch:         tmux: server:2003 [120] S ==> cg.C.x:3651 [120]
          cg.C.x-3651  [000]     1.790831: (+6051)  sched_waking:         comm=tmux: server pid=2003 prio=120 target_cpu=000
          cg.C.x-3651  [000]     1.790842: (+11)    sched_wakeup:         tmux: server:2003 [120] CPU:000
          cg.C.x-3651  [000]     1.790846: (+4)     sched_switch:         cg.C.x:3651 [120] R ==> tmux: server:2003 [120]
    tmux: server-2003  [000]     1.790870: (+24)    sched_switch:         tmux: server:2003 [120] S ==> cg.C.x:3651 [120]
          cg.C.x-3651  [000]     1.792916: (+2046)  sched_waking:         comm=tmux: server pid=2003 prio=120 target_cpu=000
          cg.C.x-3651  [000]     1.792922: (+6)     sched_wakeup:         tmux: server:2003 [120] CPU:000
          cg.C.x-3651  [000]     1.792924: (+2)     sched_switch:         cg.C.x:3651 [120] R ==> tmux: server:2003 [120]
    tmux: server-2003  [000]     1.792950: (+26)    sched_switch:         tmux: server:2003 [120] S ==> cg.C.x:3651 [120]
          cg.C.x-3651  [000]     1.872668: (+79718) sched_waking:         comm=kworker/0:1 pid=10 prio=120 target_cpu=000
          cg.C.x-3651  [000]     1.872674: (+6)     sched_wakeup:         kworker/0:1:10 [120] CPU:000
          cg.C.x-3651  [000]     1.872679: (+5)     sched_switch:         cg.C.x:3651 [120] R ==> kworker/0:1:10 [120]
     kworker/0:1-10    [000]     1.872744: (+65)    sched_switch:         kworker/0:1:10 [120] I ==> cg.C.x:3651 [120]
          cg.C.x-3714  [063]     1.884670: (+11926) sched_waking:         comm=kworker/63:1 pid=654 prio=120 target_cpu=063
          cg.C.x-3714  [063]     1.884681: (+11)    sched_wakeup:         kworker/63:1:654 [120] CPU:063
          cg.C.x-3714  [063]     1.884688: (+7)     sched_switch:         cg.C.x:3714 [120] R ==> kworker/63:1:654 [120]
    kworker/63:1-654   [063]     1.884703: (+15)    sched_switch:         kworker/63:1:654 [120] I ==> cg.C.x:3714 [120]
          cg.C.x-3651  [000]     1.888668: (+3965)  sched_waking:         comm=kworker/0:1 pid=10 prio=120 target_cpu=000
          cg.C.x-3682  [062]     1.888669: (+1)     sched_waking:         comm=kworker/62:1 pid=743 prio=120 target_cpu=062
          cg.C.x-3651  [000]     1.888673: (+4)     sched_wakeup:         kworker/0:1:10 [120] CPU:000
          cg.C.x-3682  [062]     1.888675: (+2)     sched_wakeup:         kworker/62:1:743 [120] CPU:062
          cg.C.x-3651  [000]     1.888678: (+3)     sched_switch:         cg.C.x:3651 [120] R ==> kworker/0:1:10 [120]
          cg.C.x-3682  [062]     1.888680: (+2)     sched_switch:         cg.C.x:3682 [120] R ==> kworker/62:1:743 [120]
    kworker/62:1-743   [062]     1.888692: (+12)    sched_switch:         kworker/62:1:743 [120] I ==> cg.C.x:3682 [120]
     kworker/0:1-10    [000]     1.888692: (+0)     sched_switch:         kworker/0:1:10 [120] I ==> cg.C.x:3651 [120]
          cg.C.x-3651  [000]     1.891752: (+3060)  sched_waking:         comm=kworker/u129:23 pid=448 prio=120 target_cpu=000
          cg.C.x-3651  [000]     1.891758: (+6)     sched_wakeup:         kworker/u129:23:448 [120] CPU:000
          cg.C.x-3651  [000]     1.891764: (+6)     sched_switch:         cg.C.x:3651 [120] R ==> kworker/u129:23:448 [120]
 kworker/u129:23-448   [000]     1.891768: (+4)     sched_waking:         comm=tmux: server pid=2003 prio=120 target_cpu=000
 kworker/u129:23-448   [000]     1.891771: (+3)     sched_wakeup:         tmux: server:2003 [120] CPU:000
 kworker/u129:23-448   [000]     1.891774: (+3)     sched_switch:         kworker/u129:23:448 [120] I ==> tmux: server:2003 [120]
    tmux: server-2003  [000]     1.891837: (+63)    sched_waking:         comm=kworker/u129:23 pid=448 prio=120 target_cpu=000
    tmux: server-2003  [000]     1.891838: (+1)     sched_wakeup:         kworker/u129:23:448 [120] CPU:000
    tmux: server-2003  [000]     1.891841: (+3)     sched_switch:         tmux: server:2003 [120] R ==> kworker/u129:23:448 [120]
 kworker/u129:23-448   [000]     1.891843: (+2)     sched_waking:         comm=sshd pid=1918 prio=120 target_cpu=000
 kworker/u129:23-448   [000]     1.891845: (+2)     sched_wakeup:         sshd:1918 [120] CPU:000
 kworker/u129:23-448   [000]     1.891846: (+1)     sched_switch:         kworker/u129:23:448 [120] I ==> sshd:1918 [120]
            sshd-1918  [000]     1.891933: (+87)    sched_switch:         sshd:1918 [120] S ==> tmux: server:2003 [120]
    tmux: server-2003  [000]     1.891940: (+7)     sched_switch:         tmux: server:2003 [120] S ==> cg.C.x:3651 [120]
          cg.C.x-3651  [000]     1.891941: (+1)     sched_waking:         comm=kworker/u129:23 pid=448 prio=120 target_cpu=000
          cg.C.x-3651  [000]     1.891942: (+1)     sched_wakeup:         kworker/u129:23:448 [120] CPU:000
          cg.C.x-3651  [000]     1.891944: (+2)     sched_switch:         cg.C.x:3651 [120] R ==> kworker/u129:23:448 [120]
 kworker/u129:23-448   [000]     1.891945: (+1)     sched_waking:         comm=tmux: server pid=2003 prio=120 target_cpu=000
 kworker/u129:23-448   [000]     1.891946: (+1)     sched_wakeup:         tmux: server:2003 [120] CPU:000
 kworker/u129:23-448   [000]     1.891947: (+1)     sched_switch:         kworker/u129:23:448 [120] I ==> tmux: server:2003 [120]
    tmux: server-2003  [000]     1.891973: (+26)    sched_waking:         comm=kworker/u129:23 pid=448 prio=120 target_cpu=000
    tmux: server-2003  [000]     1.891974: (+1)     sched_wakeup:         kworker/u129:23:448 [120] CPU:000
    tmux: server-2003  [000]     1.891975: (+1)     sched_switch:         tmux: server:2003 [120] R ==> kworker/u129:23:448 [120]
 kworker/u129:23-448   [000]     1.891976: (+1)     sched_waking:         comm=sshd pid=1918 prio=120 target_cpu=000
 kworker/u129:23-448   [000]     1.891978: (+2)     sched_wakeup:         sshd:1918 [120] CPU:000
 kworker/u129:23-448   [000]     1.891979: (+1)     sched_switch:         kworker/u129:23:448 [120] I ==> sshd:1918 [120]
            sshd-1918  [000]     1.892004: (+25)    sched_switch:         sshd:1918 [120] S ==> tmux: server:2003 [120]
    tmux: server-2003  [000]     1.892010: (+6)     sched_switch:         tmux: server:2003 [120] S ==> cg.C.x:3651 [120]
          cg.C.x-3651  [000]     1.902061: (+10051) sched_waking:         comm=tmux: server pid=2003 prio=120 target_cpu=000
          cg.C.x-3651  [000]     1.902072: (+11)    sched_wakeup:         tmux: server:2003 [120] CPU:000
          cg.C.x-3651  [000]     1.902076: (+4)     sched_switch:         cg.C.x:3651 [120] R ==> tmux: server:2003 [120]
    tmux: server-2003  [000]     1.902113: (+37)    sched_switch:         tmux: server:2003 [120] S ==> cg.C.x:3651 [120]
          cg.C.x-3712  [059]     1.916671: (+14558) sched_waking:         comm=kworker/59:1 pid=544 prio=120 target_cpu=059
          cg.C.x-3713  [061]     1.916671: (+0)     sched_waking:         comm=kworker/61:1 pid=558 prio=120 target_cpu=061
          cg.C.x-3712  [059]     1.916679: (+8)     sched_wakeup:         kworker/59:1:544 [120] CPU:059
          cg.C.x-3713  [061]     1.916679: (+0)     sched_wakeup:         kworker/61:1:558 [120] CPU:061
          cg.C.x-3712  [059]     1.916688: (+9)     sched_switch:         cg.C.x:3712 [120] R ==> kworker/59:1:544 [120]
    kworker/59:1-544   [059]     1.916700: (+12)    sched_switch:         kworker/59:1:544 [120] I ==> cg.C.x:3712 [120]
          cg.C.x-3681  [060]     1.920667: (+3967)  sched_waking:         comm=kworker/60:1 pid=744 prio=120 target_cpu=060
          cg.C.x-3654  [006]     1.920668: (+1)     sched_waking:         comm=kworker/6:1 pid=706 prio=120 target_cpu=006
          cg.C.x-3685  [005]     1.920668: (+0)     sched_waking:         comm=kworker/5:1 pid=709 prio=120 target_cpu=005
          cg.C.x-3714  [063]     1.920668: (+0)     sched_waking:         comm=kworker/63:1 pid=654 prio=120 target_cpu=063
          cg.C.x-3685  [005]     1.920673: (+5)     sched_wakeup:         kworker/5:1:709 [120] CPU:005
          cg.C.x-3654  [006]     1.920673: (+0)     sched_wakeup:         kworker/6:1:706 [120] CPU:006
          cg.C.x-3714  [063]     1.920673: (+0)     sched_wakeup:         kworker/63:1:654 [120] CPU:063
          cg.C.x-3681  [060]     1.920673: (+0)     sched_wakeup:         kworker/60:1:744 [120] CPU:060
          cg.C.x-3713  [061]     1.920673: (+0)     sched_switch:         cg.C.x:3713 [120] R ==> kworker/61:1:558 [120]
          cg.C.x-3685  [005]     1.920676: (+3)     sched_switch:         cg.C.x:3685 [120] R ==> kworker/5:1:709 [120]
          cg.C.x-3714  [063]     1.920676: (+0)     sched_switch:         cg.C.x:3714 [120] R ==> kworker/63:1:654 [120]
          cg.C.x-3681  [060]     1.920677: (+1)     sched_switch:         cg.C.x:3681 [120] R ==> kworker/60:1:744 [120]
          cg.C.x-3654  [006]     1.920678: (+1)     sched_switch:         cg.C.x:3654 [120] R ==> kworker/6:1:706 [120]
    kworker/63:1-654   [063]     1.920685: (+7)     sched_switch:         kworker/63:1:654 [120] I ==> cg.C.x:3714 [120]
     kworker/5:1-709   [005]     1.920685: (+0)     sched_switch:         kworker/5:1:709 [120] I ==> cg.C.x:3685 [120]
    kworker/61:1-558   [061]     1.920686: (+1)     sched_switch:         kworker/61:1:558 [120] I ==> cg.C.x:3713 [120]
    kworker/60:1-744   [060]     1.920687: (+1)     sched_switch:         kworker/60:1:744 [120] I ==> cg.C.x:3681 [120]
     kworker/6:1-706   [006]     1.920688: (+1)     sched_switch:         kworker/6:1:706 [120] I ==> cg.C.x:3654 [120]
          cg.C.x-3680  [058]     1.952667: (+31979) sched_waking:         comm=kworker/58:1 pid=738 prio=120 target_cpu=058
          cg.C.x-3711  [057]     1.952669: (+2)     sched_waking:         comm=kworker/57:2 pid=1818 prio=120 target_cpu=057
          cg.C.x-3680  [058]     1.952674: (+5)     sched_wakeup:         kworker/58:1:738 [120] CPU:058
          cg.C.x-3711  [057]     1.952678: (+4)     sched_wakeup:         kworker/57:2:1818 [120] CPU:057
          cg.C.x-3680  [058]     1.952681: (+3)     sched_switch:         cg.C.x:3680 [120] R ==> kworker/58:1:738 [120]
    kworker/58:1-738   [058]     1.952692: (+11)    sched_switch:         kworker/58:1:738 [120] I ==> cg.C.x:3680 [120]
          cg.C.x-3711  [057]     1.956676: (+3984)  sched_switch:         cg.C.x:3711 [120] R ==> kworker/57:2:1818 [120]
    kworker/57:2-1818  [057]     1.956694: (+18)    sched_switch:         kworker/57:2:1818 [120] I ==> cg.C.x:3711 [120]
          cg.C.x-3679  [056]     1.980669: (+23975) sched_waking:         comm=kworker/56:1 pid=739 prio=120 target_cpu=056
          cg.C.x-3710  [055]     1.980669: (+0)     sched_waking:         comm=kworker/55:1 pid=501 prio=120 target_cpu=055
          cg.C.x-3679  [056]     1.980676: (+7)     sched_wakeup:         kworker/56:1:739 [120] CPU:056
          cg.C.x-3710  [055]     1.980678: (+2)     sched_wakeup:         kworker/55:1:501 [120] CPU:055
          cg.C.x-3678  [054]     1.984668: (+3990)  sched_waking:         comm=kworker/54:1 pid=735 prio=120 target_cpu=054
          cg.C.x-3679  [056]     1.984672: (+4)     sched_switch:         cg.C.x:3679 [120] R ==> kworker/56:1:739 [120]
          cg.C.x-3710  [055]     1.984674: (+2)     sched_switch:         cg.C.x:3710 [120] R ==> kworker/55:1:501 [120]
          cg.C.x-3678  [054]     1.984675: (+1)     sched_wakeup:         kworker/54:1:735 [120] CPU:054
    kworker/56:1-739   [056]     1.984685: (+10)    sched_switch:         kworker/56:1:739 [120] I ==> cg.C.x:3679 [120]
    kworker/55:1-501   [055]     1.984689: (+4)     sched_switch:         kworker/55:1:501 [120] I ==> cg.C.x:3710 [120]
          cg.C.x-3678  [054]     1.988672: (+3983)  sched_switch:         cg.C.x:3678 [120] R ==> kworker/54:1:735 [120]
    kworker/54:1-735   [054]     1.988685: (+13)    sched_switch:         kworker/54:1:735 [120] I ==> cg.C.x:3678 [120]
          cg.C.x-3651  [000]     1.998982: (+10297) sched_waking:         comm=kworker/u129:23 pid=448 prio=120 target_cpu=000
          cg.C.x-3651  [000]     1.998988: (+6)     sched_wakeup:         kworker/u129:23:448 [120] CPU:000
          cg.C.x-3651  [000]     1.998994: (+6)     sched_switch:         cg.C.x:3651 [120] R ==> kworker/u129:23:448 [120]
 kworker/u129:23-448   [000]     1.999001: (+7)     sched_waking:         comm=tmux: server pid=2003 prio=120 target_cpu=000
 kworker/u129:23-448   [000]     1.999003: (+2)     sched_wakeup:         tmux: server:2003 [120] CPU:000
 kworker/u129:23-448   [000]     1.999007: (+4)     sched_switch:         kworker/u129:23:448 [120] I ==> tmux: server:2003 [120]
    tmux: server-2003  [000]     1.999068: (+61)    sched_waking:         comm=kworker/u129:23 pid=448 prio=120 target_cpu=000
    tmux: server-2003  [000]     1.999069: (+1)     sched_wakeup:         kworker/u129:23:448 [120] CPU:000
    tmux: server-2003  [000]     1.999071: (+2)     sched_switch:         tmux: server:2003 [120] R ==> kworker/u129:23:448 [120]
 kworker/u129:23-448   [000]     1.999073: (+2)     sched_waking:         comm=sshd pid=1918 prio=120 target_cpu=000
 kworker/u129:23-448   [000]     1.999075: (+2)     sched_wakeup:         sshd:1918 [120] CPU:000
 kworker/u129:23-448   [000]     1.999077: (+2)     sched_switch:         kworker/u129:23:448 [120] I ==> sshd:1918 [120]
            sshd-1918  [000]     1.999161: (+84)    sched_switch:         sshd:1918 [120] S ==> tmux: server:2003 [120]
    tmux: server-2003  [000]     1.999169: (+8)     sched_switch:         tmux: server:2003 [120] S ==> cg.C.x:3651 [120]
          cg.C.x-3651  [000]     1.999171: (+2)     sched_waking:         comm=kworker/u129:23 pid=448 prio=120 target_cpu=000
          cg.C.x-3651  [000]     1.999172: (+1)     sched_wakeup:         kworker/u129:23:448 [120] CPU:000
          cg.C.x-3651  [000]     1.999173: (+1)     sched_switch:         cg.C.x:3651 [120] R ==> kworker/u129:23:448 [120]
 kworker/u129:23-448   [000]     1.999174: (+1)     sched_waking:         comm=tmux: server pid=2003 prio=120 target_cpu=000
 kworker/u129:23-448   [000]     1.999175: (+1)     sched_wakeup:         tmux: server:2003 [120] CPU:000
 kworker/u129:23-448   [000]     1.999177: (+2)     sched_switch:         kworker/u129:23:448 [120] I ==> tmux: server:2003 [120]
    tmux: server-2003  [000]     1.999203: (+26)    sched_waking:         comm=kworker/u129:23 pid=448 prio=120 target_cpu=000
    tmux: server-2003  [000]     1.999204: (+1)     sched_wakeup:         kworker/u129:23:448 [120] CPU:000
    tmux: server-2003  [000]     1.999205: (+1)     sched_switch:         tmux: server:2003 [120] R ==> kworker/u129:23:448 [120]
 kworker/u129:23-448   [000]     1.999206: (+1)     sched_waking:         comm=sshd pid=1918 prio=120 target_cpu=000
 kworker/u129:23-448   [000]     1.999207: (+1)     sched_wakeup:         sshd:1918 [120] CPU:000
 kworker/u129:23-448   [000]     1.999209: (+2)     sched_switch:         kworker/u129:23:448 [120] I ==> sshd:1918 [120]
            sshd-1918  [000]     1.999234: (+25)    sched_switch:         sshd:1918 [120] S ==> tmux: server:2003 [120]
    tmux: server-2003  [000]     1.999240: (+6)     sched_switch:         tmux: server:2003 [120] S ==> cg.C.x:3651 [120]
          cg.C.x-3651  [000]     2.009290: (+10050) sched_waking:         comm=tmux: server pid=2003 prio=120 target_cpu=000
          cg.C.x-3651  [000]     2.009301: (+11)    sched_wakeup:         tmux: server:2003 [120] CPU:000
          cg.C.x-3651  [000]     2.009305: (+4)     sched_switch:         cg.C.x:3651 [120] R ==> tmux: server:2003 [120]
    tmux: server-2003  [000]     2.009341: (+36)    sched_switch:         tmux: server:2003 [120] S ==> cg.C.x:3651 [120]
          cg.C.x-3709  [053]     2.012670: (+3329)  sched_waking:         comm=kworker/53:1 pid=588 prio=120 target_cpu=053
          cg.C.x-3708  [051]     2.012670: (+0)     sched_waking:         comm=kworker/51:1 pid=737 prio=120 target_cpu=051
          cg.C.x-3709  [053]     2.012679: (+9)     sched_wakeup:         kworker/53:1:588 [120] CPU:053
          cg.C.x-3708  [051]     2.012679: (+0)     sched_wakeup:         kworker/51:1:737 [120] CPU:051
          cg.C.x-3677  [052]     2.016666: (+3987)  sched_waking:         comm=kworker/52:1 pid=734 prio=120 target_cpu=052
          cg.C.x-3677  [052]     2.016673: (+7)     sched_wakeup:         kworker/52:1:734 [120] CPU:052
          cg.C.x-3708  [051]     2.016675: (+2)     sched_switch:         cg.C.x:3708 [120] R ==> kworker/51:1:737 [120]
          cg.C.x-3709  [053]     2.016675: (+0)     sched_switch:         cg.C.x:3709 [120] R ==> kworker/53:1:588 [120]
    kworker/53:1-588   [053]     2.016691: (+16)    sched_switch:         kworker/53:1:588 [120] I ==> cg.C.x:3709 [120]
    kworker/51:1-737   [051]     2.016692: (+1)     sched_switch:         kworker/51:1:737 [120] I ==> cg.C.x:3708 [120]
          cg.C.x-3677  [052]     2.020672: (+3980)  sched_switch:         cg.C.x:3677 [120] R ==> kworker/52:1:734 [120]
    kworker/52:1-734   [052]     2.020686: (+14)    sched_switch:         kworker/52:1:734 [120] I ==> cg.C.x:3677 [120]
          cg.C.x-3676  [050]     2.048667: (+27981) sched_waking:         comm=kworker/50:2 pid=1917 prio=120 target_cpu=050
          cg.C.x-3652  [002]     2.048668: (+1)     sched_waking:         comm=kworker/2:2 pid=1022 prio=120 target_cpu=002
          cg.C.x-3707  [049]     2.048669: (+1)     sched_waking:         comm=kworker/49:2 pid=956 prio=120 target_cpu=049
          cg.C.x-3652  [002]     2.048673: (+4)     sched_wakeup:         kworker/2:2:1022 [120] CPU:002
          cg.C.x-3676  [050]     2.048674: (+1)     sched_wakeup:         kworker/50:2:1917 [120] CPU:050
          cg.C.x-3707  [049]     2.048676: (+2)     sched_wakeup:         kworker/49:2:956 [120] CPU:049
          cg.C.x-3652  [002]     2.048680: (+4)     sched_switch:         cg.C.x:3652 [120] R ==> kworker/2:2:1022 [120]
     kworker/2:2-1022  [002]     2.048704: (+24)    sched_switch:         kworker/2:2:1022 [120] I ==> cg.C.x:3652 [120]
          cg.C.x-3676  [050]     2.052685: (+3981)  sched_switch:         cg.C.x:3676 [120] R ==> kworker/50:2:1917 [120]
          cg.C.x-3707  [049]     2.052706: (+21)    sched_switch:         cg.C.x:3707 [120] R ==> kworker/49:2:956 [120]
    kworker/50:2-1917  [050]     2.052711: (+5)     sched_switch:         kworker/50:2:1917 [120] I ==> cg.C.x:3676 [120]
    kworker/49:2-956   [049]     2.052719: (+8)     sched_switch:         kworker/49:2:956 [120] I ==> cg.C.x:3707 [120]
          cg.C.x-3706  [047]     2.076670: (+23951) sched_waking:         comm=kworker/47:0 pid=301 prio=120 target_cpu=047
          cg.C.x-3706  [047]     2.076680: (+10)    sched_wakeup:         kworker/47:0:301 [120] CPU:047
          cg.C.x-3674  [046]     2.080667: (+3987)  sched_waking:         comm=kworker/46:1 pid=729 prio=120 target_cpu=046
          cg.C.x-3651  [000]     2.080667: (+0)     sched_waking:         comm=kworker/0:1 pid=10 prio=120 target_cpu=000
          cg.C.x-3675  [048]     2.080667: (+0)     sched_waking:         comm=kworker/48:1 pid=732 prio=120 target_cpu=048
          cg.C.x-3674  [046]     2.080673: (+6)     sched_wakeup:         kworker/46:1:729 [120] CPU:046
          cg.C.x-3675  [048]     2.080673: (+0)     sched_wakeup:         kworker/48:1:732 [120] CPU:048
          cg.C.x-3651  [000]     2.080673: (+0)     sched_wakeup:         kworker/0:1:10 [120] CPU:000
          cg.C.x-3706  [047]     2.080675: (+2)     sched_switch:         cg.C.x:3706 [120] R ==> kworker/47:0:301 [120]
          cg.C.x-3651  [000]     2.080684: (+9)     sched_switch:         cg.C.x:3651 [120] R ==> kworker/0:1:10 [120]
    kworker/47:0-301   [047]     2.080690: (+6)     sched_switch:         kworker/47:0:301 [120] I ==> cg.C.x:3706 [120]
     kworker/0:1-10    [000]     2.080750: (+60)    sched_switch:         kworker/0:1:10 [120] I ==> cg.C.x:3651 [120]
          cg.C.x-3674  [046]     2.084668: (+3918)  sched_switch:         cg.C.x:3674 [120] R ==> kworker/46:1:729 [120]
          cg.C.x-3675  [048]     2.084669: (+1)     sched_switch:         cg.C.x:3675 [120] R ==> kworker/48:1:732 [120]
    kworker/46:1-729   [046]     2.084680: (+11)    sched_switch:         kworker/46:1:729 [120] I ==> cg.C.x:3674 [120]
    kworker/48:1-732   [048]     2.084684: (+4)     sched_switch:         kworker/48:1:732 [120] I ==> cg.C.x:3675 [120]
          cg.C.x-3651  [000]     2.101429: (+16745) sched_waking:         comm=tmux: server pid=2003 prio=120 target_cpu=000
          cg.C.x-3651  [000]     2.101438: (+9)     sched_wakeup:         tmux: server:2003 [120] CPU:000
          cg.C.x-3651  [000]     2.101441: (+3)     sched_switch:         cg.C.x:3651 [120] R ==> tmux: server:2003 [120]
    tmux: server-2003  [000]     2.101574: (+133)   sched_switch:         tmux: server:2003 [120] S ==> cg.C.x:3651 [120]
          cg.C.x-3651  [000]     2.106100: (+4526)  sched_waking:         comm=kworker/u129:23 pid=448 prio=120 target_cpu=000
          cg.C.x-3651  [000]     2.106106: (+6)     sched_wakeup:         kworker/u129:23:448 [120] CPU:000
          cg.C.x-3651  [000]     2.106110: (+4)     sched_switch:         cg.C.x:3651 [120] R ==> kworker/u129:23:448 [120]
 kworker/u129:23-448   [000]     2.106115: (+5)     sched_waking:         comm=tmux: server pid=2003 prio=120 target_cpu=000
 kworker/u129:23-448   [000]     2.106118: (+3)     sched_wakeup:         tmux: server:2003 [120] CPU:000
 kworker/u129:23-448   [000]     2.106121: (+3)     sched_switch:         kworker/u129:23:448 [120] I ==> tmux: server:2003 [120]
    tmux: server-2003  [000]     2.106181: (+60)    sched_waking:         comm=kworker/u129:23 pid=448 prio=120 target_cpu=000
    tmux: server-2003  [000]     2.106182: (+1)     sched_wakeup:         kworker/u129:23:448 [120] CPU:000
    tmux: server-2003  [000]     2.106184: (+2)     sched_switch:         tmux: server:2003 [120] R ==> kworker/u129:23:448 [120]
 kworker/u129:23-448   [000]     2.106186: (+2)     sched_waking:         comm=sshd pid=1918 prio=120 target_cpu=000
 kworker/u129:23-448   [000]     2.106188: (+2)     sched_wakeup:         sshd:1918 [120] CPU:000
 kworker/u129:23-448   [000]     2.106190: (+2)     sched_switch:         kworker/u129:23:448 [120] I ==> sshd:1918 [120]
            sshd-1918  [000]     2.106277: (+87)    sched_switch:         sshd:1918 [120] S ==> tmux: server:2003 [120]
    tmux: server-2003  [000]     2.106284: (+7)     sched_switch:         tmux: server:2003 [120] S ==> cg.C.x:3651 [120]
          cg.C.x-3651  [000]     2.106286: (+2)     sched_waking:         comm=kworker/u129:23 pid=448 prio=120 target_cpu=000
          cg.C.x-3651  [000]     2.106287: (+1)     sched_wakeup:         kworker/u129:23:448 [120] CPU:000
          cg.C.x-3651  [000]     2.106289: (+2)     sched_switch:         cg.C.x:3651 [120] R ==> kworker/u129:23:448 [120]
 kworker/u129:23-448   [000]     2.106290: (+1)     sched_waking:         comm=tmux: server pid=2003 prio=120 target_cpu=000
 kworker/u129:23-448   [000]     2.106291: (+1)     sched_wakeup:         tmux: server:2003 [120] CPU:000
 kworker/u129:23-448   [000]     2.106292: (+1)     sched_switch:         kworker/u129:23:448 [120] I ==> tmux: server:2003 [120]
    tmux: server-2003  [000]     2.106319: (+27)    sched_waking:         comm=kworker/u129:23 pid=448 prio=120 target_cpu=000
    tmux: server-2003  [000]     2.106320: (+1)     sched_wakeup:         kworker/u129:23:448 [120] CPU:000
    tmux: server-2003  [000]     2.106321: (+1)     sched_switch:         tmux: server:2003 [120] R ==> kworker/u129:23:448 [120]
 kworker/u129:23-448   [000]     2.106322: (+1)     sched_waking:         comm=sshd pid=1918 prio=120 target_cpu=000
 kworker/u129:23-448   [000]     2.106323: (+1)     sched_wakeup:         sshd:1918 [120] CPU:000
 kworker/u129:23-448   [000]     2.106325: (+2)     sched_switch:         kworker/u129:23:448 [120] I ==> sshd:1918 [120]
            sshd-1918  [000]     2.106350: (+25)    sched_switch:         sshd:1918 [120] S ==> tmux: server:2003 [120]
    tmux: server-2003  [000]     2.106356: (+6)     sched_switch:         tmux: server:2003 [120] S ==> cg.C.x:3651 [120]
          cg.C.x-3704  [043]     2.108669: (+2313)  sched_waking:         comm=kworker/43:1 pid=736 prio=120 target_cpu=043
          cg.C.x-3704  [043]     2.108676: (+7)     sched_wakeup:         kworker/43:1:736 [120] CPU:043
          cg.C.x-3673  [044]     2.112666: (+3990)  sched_waking:         comm=kworker/44:1 pid=730 prio=120 target_cpu=044
          cg.C.x-3705  [045]     2.112668: (+2)     sched_waking:         comm=kworker/45:1 pid=546 prio=120 target_cpu=045
          cg.C.x-3673  [044]     2.112672: (+4)     sched_wakeup:         kworker/44:1:730 [120] CPU:044
          cg.C.x-3705  [045]     2.112673: (+1)     sched_wakeup:         kworker/45:1:546 [120] CPU:045
          cg.C.x-3704  [043]     2.112673: (+0)     sched_switch:         cg.C.x:3704 [120] R ==> kworker/43:1:736 [120]
          cg.C.x-3673  [044]     2.112678: (+5)     sched_switch:         cg.C.x:3673 [120] R ==> kworker/44:1:730 [120]
    kworker/43:1-736   [043]     2.112688: (+10)    sched_switch:         kworker/43:1:736 [120] I ==> cg.C.x:3704 [120]
    kworker/44:1-730   [044]     2.112689: (+1)     sched_switch:         kworker/44:1:730 [120] I ==> cg.C.x:3673 [120]
          cg.C.x-3651  [000]     2.116406: (+3717)  sched_waking:         comm=tmux: server pid=2003 prio=120 target_cpu=000
          cg.C.x-3651  [000]     2.116417: (+11)    sched_wakeup:         tmux: server:2003 [120] CPU:000
          cg.C.x-3651  [000]     2.116420: (+3)     sched_switch:         cg.C.x:3651 [120] R ==> tmux: server:2003 [120]
    tmux: server-2003  [000]     2.116442: (+22)    sched_switch:         tmux: server:2003 [120] S ==> cg.C.x:3651 [120]
          cg.C.x-3705  [045]     2.116672: (+230)   sched_switch:         cg.C.x:3705 [120] R ==> kworker/45:1:546 [120]
    kworker/45:1-546   [045]     2.116685: (+13)    sched_switch:         kworker/45:1:546 [120] I ==> cg.C.x:3705 [120]
          cg.C.x-3651  [000]     2.118489: (+1804)  sched_waking:         comm=tmux: server pid=2003 prio=120 target_cpu=000
          cg.C.x-3651  [000]     2.118495: (+6)     sched_wakeup:         tmux: server:2003 [120] CPU:000
          cg.C.x-3651  [000]     2.118496: (+1)     sched_switch:         cg.C.x:3651 [120] R ==> tmux: server:2003 [120]
    tmux: server-2003  [000]     2.118522: (+26)    sched_switch:         tmux: server:2003 [120] S ==> cg.C.x:3651 [120]
          cg.C.x-3713  [061]     2.123251: (+4729)  sched_waking:         comm=ntpd pid=1711 prio=0 target_cpu=061
          cg.C.x-3713  [061]     2.123260: (+9)     sched_wakeup:         ntpd:1711 [0] CPU:061
          cg.C.x-3713  [061]     2.123269: (+9)     sched_switch:         cg.C.x:3713 [120] R ==> ntpd:1711 [0]
            ntpd-1711  [061]     2.123315: (+46)    sched_switch:         ntpd:1711 [0] S ==> cg.C.x:3713 [120]
          cg.C.x-3673  [044]     2.140669: (+17354) sched_waking:         comm=kworker/44:1 pid=730 prio=120 target_cpu=044
          cg.C.x-3685  [005]     2.140669: (+0)     sched_waking:         comm=kworker/5:1 pid=709 prio=120 target_cpu=005
          cg.C.x-3685  [005]     2.140675: (+6)     sched_wakeup:         kworker/5:1:709 [120] CPU:005
          cg.C.x-3673  [044]     2.140675: (+0)     sched_wakeup:         kworker/44:1:730 [120] CPU:044
          cg.C.x-3673  [044]     2.140680: (+5)     sched_switch:         cg.C.x:3673 [120] R ==> kworker/44:1:730 [120]
          cg.C.x-3685  [005]     2.140682: (+2)     sched_switch:         cg.C.x:3685 [120] R ==> kworker/5:1:709 [120]
     kworker/5:1-709   [005]     2.140715: (+33)    sched_switch:         kworker/5:1:709 [120] I ==> cg.C.x:3685 [120]
    kworker/44:1-730   [044]     2.140715: (+0)     sched_switch:         kworker/44:1:730 [120] I ==> cg.C.x:3673 [120]
          cg.C.x-3672  [042]     2.144667: (+3952)  sched_waking:         comm=kworker/u128:2 pid=1916 prio=120 target_cpu=042
          cg.C.x-3703  [041]     2.144669: (+2)     sched_waking:         comm=kworker/41:1 pid=587 prio=120 target_cpu=041
          cg.C.x-3672  [042]     2.144675: (+6)     sched_wakeup:         kworker/u128:2:1916 [120] CPU:042
          cg.C.x-3703  [041]     2.144676: (+1)     sched_wakeup:         kworker/41:1:587 [120] CPU:041
          cg.C.x-3672  [042]     2.144677: (+1)     sched_waking:         comm=kworker/42:1 pid=726 prio=120 target_cpu=042
