          cg.C.x-2248  [006]     0.115798: (+0)     bprint:               __handle_mm_fault: NUMAB MEM ACCESS process[nid:0, cpu:6, pid:2248], folio[virt:0x7fc660c00fe8, phys:0x13a6ef000, pfn:0x13a6ef, nid:0, npages:1]
          <idle>-0     [024]     0.115800: (+2)     sched_wakeup:         cg.C.x:2257 [120] CPU:024
          <idle>-0     [062]     0.115800: (+0)     sched_wakeup:         cg.C.x:2276 [120] CPU:062
          <idle>-0     [056]     0.115800: (+0)     sched_wakeup:         cg.C.x:2273 [120] CPU:056
          <idle>-0     [058]     0.115800: (+0)     sched_wakeup:         cg.C.x:2274 [120] CPU:058
          <idle>-0     [026]     0.115800: (+0)     sched_wakeup:         cg.C.x:2258 [120] CPU:026
          <idle>-0     [052]     0.115800: (+0)     sched_wakeup:         cg.C.x:2271 [120] CPU:052
          <idle>-0     [020]     0.115800: (+0)     sched_wakeup:         cg.C.x:2255 [120] CPU:020
          <idle>-0     [054]     0.115800: (+0)     sched_wakeup:         cg.C.x:2272 [120] CPU:054
          <idle>-0     [022]     0.115800: (+0)     sched_wakeup:         cg.C.x:2256 [120] CPU:022
          <idle>-0     [060]     0.115800: (+0)     sched_wakeup:         cg.C.x:2275 [120] CPU:060
          <idle>-0     [028]     0.115800: (+0)     sched_wakeup:         cg.C.x:2259 [120] CPU:028
          <idle>-0     [018]     0.115801: (+1)     sched_wakeup:         cg.C.x:2254 [120] CPU:018
          <idle>-0     [050]     0.115801: (+0)     sched_wakeup:         cg.C.x:2270 [120] CPU:050
          <idle>-0     [056]     0.115806: (+5)     sched_switch:         swapper/56:0 [120] R ==> cg.C.x:2273 [120]
          <idle>-0     [024]     0.115806: (+0)     sched_switch:         swapper/24:0 [120] R ==> cg.C.x:2257 [120]
          <idle>-0     [058]     0.115806: (+0)     sched_switch:         swapper/58:0 [120] R ==> cg.C.x:2274 [120]
          <idle>-0     [026]     0.115806: (+0)     sched_switch:         swapper/26:0 [120] R ==> cg.C.x:2258 [120]
          <idle>-0     [030]     0.115810: (+4)     sched_wakeup:         cg.C.x:2260 [120] CPU:030
          <idle>-0     [050]     0.115813: (+3)     sched_switch:         swapper/50:0 [120] R ==> cg.C.x:2270 [120]
          <idle>-0     [018]     0.115813: (+0)     sched_switch:         swapper/18:0 [120] R ==> cg.C.x:2254 [120]
          <idle>-0     [020]     0.115813: (+0)     sched_switch:         swapper/20:0 [120] R ==> cg.C.x:2255 [120]
          <idle>-0     [052]     0.115813: (+0)     sched_switch:         swapper/52:0 [120] R ==> cg.C.x:2271 [120]
          <idle>-0     [022]     0.115815: (+2)     sched_switch:         swapper/22:0 [120] R ==> cg.C.x:2256 [120]
          <idle>-0     [054]     0.115815: (+0)     sched_switch:         swapper/54:0 [120] R ==> cg.C.x:2272 [120]
          <idle>-0     [028]     0.115815: (+0)     sched_switch:         swapper/28:0 [120] R ==> cg.C.x:2259 [120]
          <idle>-0     [030]     0.115815: (+0)     sched_switch:         swapper/30:0 [120] R ==> cg.C.x:2260 [120]
          <idle>-0     [060]     0.115815: (+0)     sched_switch:         swapper/60:0 [120] R ==> cg.C.x:2275 [120]
          <idle>-0     [062]     0.115815: (+0)     sched_switch:         swapper/62:0 [120] R ==> cg.C.x:2276 [120]
          <idle>-0     [043]     0.115836: (+21)    sched_wakeup:         cg.C.x:2298 [120] CPU:043
          <idle>-0     [037]     0.115836: (+0)     sched_wakeup:         cg.C.x:2295 [120] CPU:037
          <idle>-0     [041]     0.115836: (+0)     sched_wakeup:         cg.C.x:2297 [120] CPU:041
          <idle>-0     [011]     0.115836: (+0)     sched_wakeup:         cg.C.x:2282 [120] CPU:011
          <idle>-0     [009]     0.115836: (+0)     sched_wakeup:         cg.C.x:2281 [120] CPU:009
          <idle>-0     [039]     0.115836: (+0)     sched_wakeup:         cg.C.x:2296 [120] CPU:039
          <idle>-0     [035]     0.115836: (+0)     sched_wakeup:         cg.C.x:2294 [120] CPU:035
          <idle>-0     [005]     0.115837: (+1)     sched_wakeup:         cg.C.x:2279 [120] CPU:005
          <idle>-0     [007]     0.115838: (+1)     sched_wakeup:         cg.C.x:2280 [120] CPU:007
          <idle>-0     [003]     0.115839: (+1)     sched_wakeup:         cg.C.x:2278 [120] CPU:003
          <idle>-0     [005]     0.115839: (+0)     sched_switch:         swapper/5:0 [120] R ==> cg.C.x:2279 [120]
          <idle>-0     [037]     0.115839: (+0)     sched_switch:         swapper/37:0 [120] R ==> cg.C.x:2295 [120]
          <idle>-0     [043]     0.115839: (+0)     sched_switch:         swapper/43:0 [120] R ==> cg.C.x:2298 [120]
          <idle>-0     [011]     0.115839: (+0)     sched_switch:         swapper/11:0 [120] R ==> cg.C.x:2282 [120]
          <idle>-0     [041]     0.115839: (+0)     sched_switch:         swapper/41:0 [120] R ==> cg.C.x:2297 [120]
          <idle>-0     [009]     0.115839: (+0)     sched_switch:         swapper/9:0 [120] R ==> cg.C.x:2281 [120]
          <idle>-0     [039]     0.115839: (+0)     sched_switch:         swapper/39:0 [120] R ==> cg.C.x:2296 [120]
          <idle>-0     [035]     0.115839: (+0)     sched_switch:         swapper/35:0 [120] R ==> cg.C.x:2294 [120]
          <idle>-0     [007]     0.115839: (+0)     sched_switch:         swapper/7:0 [120] R ==> cg.C.x:2280 [120]
          <idle>-0     [003]     0.115840: (+1)     sched_switch:         swapper/3:0 [120] R ==> cg.C.x:2278 [120]
          cg.C.x-2305  [057]     0.119726: (+3886)  bprint:               change_prot_numa: NUMAB SCAN vma[start:0x5572dddda000, end:0x5572ddddb000, from:0x5572dddda000, to:0x5572ddddb000, size:4 KB]
          cg.C.x-2305  [057]     0.119745: (+19)    bprint:               change_prot_numa: NUMAB SCAN vma[start:0x5572ddddb000, end:0x5572ddddc000, from:0x5572ddddb000, to:0x5572ddddc000, size:4 KB]
          cg.C.x-2305  [057]     0.119759: (+14)    bprint:               change_prot_numa: NUMAB SCAN vma[start:0x5572de511000, end:0x5572de532000, from:0x5572de511000, to:0x5572de532000, size:132 KB]
          cg.C.x-2305  [057]     0.119781: (+22)    bprint:               change_prot_numa: NUMAB SCAN vma[start:0x7fc63ac01000, end:0x7fc63b401000, from:0x7fc63ac01000, to:0x7fc63b401000, size:8192 KB]
          cg.C.x-2305  [057]     0.119800: (+19)    bprint:               change_prot_numa: NUMAB SCAN vma[start:0x7fc63b601000, end:0x7fc63be01000, from:0x7fc63b601000, to:0x7fc63be01000, size:8192 KB]
          cg.C.x-2308  [063]     0.119800: (+0)     bprint:               __handle_mm_fault: NUMAB MEM ACCESS process[nid:1, cpu:63, pid:2308], folio[virt:0x7fc63b3ff3b0, phys:0x1857474000, pfn:0x1857474, nid:1, npages:1]
          cg.C.x-2308  [063]     0.119808: (+8)     sched_stick_numa:     src_pid=2308 src_tgid=2245 src_ngid=0 src_cpu=63 src_nid=1 dst_pid=0 dst_tgid=0 dst_ngid=0 dst_cpu=-1 dst_nid=-1
          cg.C.x-2305  [057]     0.119818: (+10)    bprint:               change_prot_numa: NUMAB SCAN vma[start:0x7fc63c001000, end:0x7fc63c801000, from:0x7fc63c001000, to:0x7fc63c801000, size:8192 KB]
          cg.C.x-2307  [061]     0.119819: (+1)     bprint:               __handle_mm_fault: NUMAB MEM ACCESS process[nid:1, cpu:61, pid:2307], folio[virt:0x7fc63bdff3b0, phys:0x1866b06000, pfn:0x1866b06, nid:1, npages:1]
          cg.C.x-2307  [061]     0.119826: (+7)     sched_stick_numa:     src_pid=2307 src_tgid=2245 src_ngid=0 src_cpu=61 src_nid=1 dst_pid=0 dst_tgid=0 dst_ngid=0 dst_cpu=-1 dst_nid=-1
          cg.C.x-2305  [057]     0.119836: (+10)    bprint:               change_prot_numa: NUMAB SCAN vma[start:0x7fc63ca01000, end:0x7fc63d201000, from:0x7fc63ca01000, to:0x7fc63d201000, size:8192 KB]
          cg.C.x-2306  [059]     0.119836: (+0)     bprint:               __handle_mm_fault: NUMAB MEM ACCESS process[nid:1, cpu:59, pid:2306], folio[virt:0x7fc63c7ff3b0, phys:0x186d4d1000, pfn:0x186d4d1, nid:1, npages:1]
          cg.C.x-2305  [057]     0.119854: (+18)    bprint:               change_prot_numa: NUMAB SCAN vma[start:0x7fc63d401000, end:0x7fc63dc01000, from:0x7fc63d401000, to:0x7fc63dc01000, size:8192 KB]
          cg.C.x-2305  [057]     0.119872: (+18)    bprint:               change_prot_numa: NUMAB SCAN vma[start:0x7fc63de01000, end:0x7fc63e601000, from:0x7fc63de01000, to:0x7fc63e601000, size:8192 KB]
          cg.C.x-2304  [055]     0.119873: (+1)     bprint:               __handle_mm_fault: NUMAB MEM ACCESS process[nid:1, cpu:55, pid:2304], folio[virt:0x7fc63dbff3b0, phys:0x1857154000, pfn:0x1857154, nid:1, npages:1]
          cg.C.x-2305  [057]     0.119890: (+17)    bprint:               change_prot_numa: NUMAB SCAN vma[start:0x7fc63e801000, end:0x7fc63f001000, from:0x7fc63e801000, to:0x7fc63f001000, size:8192 KB]
          cg.C.x-2303  [053]     0.119891: (+1)     bprint:               __handle_mm_fault: NUMAB MEM ACCESS process[nid:1, cpu:53, pid:2303], folio[virt:0x7fc63e5ff3b0, phys:0x185e2cc000, pfn:0x185e2cc, nid:1, npages:1]
          cg.C.x-2305  [057]     0.119908: (+17)    bprint:               change_prot_numa: NUMAB SCAN vma[start:0x7fc63f201000, end:0x7fc63fa01000, from:0x7fc63f201000, to:0x7fc63fa01000, size:8192 KB]
          cg.C.x-2302  [051]     0.119909: (+1)     bprint:               __handle_mm_fault: NUMAB MEM ACCESS process[nid:1, cpu:51, pid:2302], folio[virt:0x7fc63efff3b0, phys:0x186d004000, pfn:0x186d004, nid:1, npages:1]
          cg.C.x-2305  [057]     0.119926: (+17)    bprint:               change_prot_numa: NUMAB SCAN vma[start:0x7fc63fc01000, end:0x7fc640401000, from:0x7fc63fc01000, to:0x7fc640401000, size:8192 KB]
          cg.C.x-2301  [049]     0.119926: (+0)     bprint:               __handle_mm_fault: NUMAB MEM ACCESS process[nid:1, cpu:49, pid:2301], folio[virt:0x7fc63f9ff3b0, phys:0x1858e7a000, pfn:0x1858e7a, nid:1, npages:1]
          cg.C.x-2305  [057]     0.119943: (+17)    bprint:               change_prot_numa: NUMAB SCAN vma[start:0x7fc640601000, end:0x7fc640e01000, from:0x7fc640601000, to:0x7fc640e01000, size:8192 KB]
          cg.C.x-2300  [047]     0.119944: (+1)     bprint:               __handle_mm_fault: NUMAB MEM ACCESS process[nid:1, cpu:47, pid:2300], folio[virt:0x7fc6403ff3b0, phys:0x186cd91000, pfn:0x186cd91, nid:1, npages:1]
          cg.C.x-2305  [057]     0.119948: (+4)     bprint:               change_prot_numa: NUMAB SCAN vma[start:0x7fc641001000, end:0x7fc641801000, from:0x7fc641001000, to:0x7fc641801000, size:8192 KB]
          cg.C.x-2305  [057]     0.119953: (+5)     bprint:               change_prot_numa: NUMAB SCAN vma[start:0x7fc641a01000, end:0x7fc642201000, from:0x7fc641a01000, to:0x7fc642201000, size:8192 KB]
          cg.C.x-2305  [057]     0.119957: (+4)     bprint:               change_prot_numa: NUMAB SCAN vma[start:0x7fc642401000, end:0x7fc642c01000, from:0x7fc642401000, to:0x7fc642c01000, size:8192 KB]
          cg.C.x-2305  [057]     0.119962: (+5)     bprint:               change_prot_numa: NUMAB SCAN vma[start:0x7fc642e01000, end:0x7fc643601000, from:0x7fc642e01000, to:0x7fc643601000, size:8192 KB]
          cg.C.x-2305  [057]     0.119967: (+5)     bprint:               change_prot_numa: NUMAB SCAN vma[start:0x7fc643801000, end:0x7fc644001000, from:0x7fc643801000, to:0x7fc644001000, size:8192 KB]
          cg.C.x-2305  [057]     0.119971: (+4)     bprint:               change_prot_numa: NUMAB SCAN vma[start:0x7fc644201000, end:0x7fc644a01000, from:0x7fc644201000, to:0x7fc644a01000, size:8192 KB]
          cg.C.x-2305  [057]     0.119989: (+18)    bprint:               change_prot_numa: NUMAB SCAN vma[start:0x7fc644c01000, end:0x7fc645401000, from:0x7fc644c01000, to:0x7fc645401000, size:8192 KB]
          cg.C.x-2293  [033]     0.119990: (+1)     bprint:               __handle_mm_fault: NUMAB MEM ACCESS process[nid:1, cpu:33, pid:2293], folio[virt:0x7fc6449ff3b0, phys:0x185e86f000, pfn:0x185e86f, nid:1, npages:1]
          cg.C.x-2305  [057]     0.119994: (+4)     bprint:               change_prot_numa: NUMAB SCAN vma[start:0x7fc645601000, end:0x7fc645e01000, from:0x7fc645601000, to:0x7fc645e01000, size:8192 KB]
          cg.C.x-2305  [057]     0.119999: (+5)     bprint:               change_prot_numa: NUMAB SCAN vma[start:0x7fc646001000, end:0x7fc646801000, from:0x7fc646001000, to:0x7fc646801000, size:8192 KB]
          cg.C.x-2305  [057]     0.120004: (+5)     bprint:               change_prot_numa: NUMAB SCAN vma[start:0x7fc646a01000, end:0x7fc647201000, from:0x7fc646a01000, to:0x7fc647201000, size:8192 KB]
          cg.C.x-2305  [057]     0.120008: (+4)     bprint:               change_prot_numa: NUMAB SCAN vma[start:0x7fc647401000, end:0x7fc647c01000, from:0x7fc647401000, to:0x7fc647c01000, size:8192 KB]
          cg.C.x-2305  [057]     0.120012: (+4)     bprint:               change_prot_numa: NUMAB SCAN vma[start:0x7fc647e01000, end:0x7fc648601000, from:0x7fc647e01000, to:0x7fc648601000, size:8192 KB]
          cg.C.x-2305  [057]     0.120031: (+19)    bprint:               change_prot_numa: NUMAB SCAN vma[start:0x7fc648801000, end:0x7fc649001000, from:0x7fc648801000, to:0x7fc649001000, size:8192 KB]
          cg.C.x-2287  [021]     0.120031: (+0)     bprint:               __handle_mm_fault: NUMAB MEM ACCESS process[nid:1, cpu:21, pid:2287], folio[virt:0x7fc6485ff3b0, phys:0x186ce54000, pfn:0x186ce54, nid:1, npages:1]
          cg.C.x-2305  [057]     0.120049: (+18)    bprint:               change_prot_numa: NUMAB SCAN vma[start:0x7fc649201000, end:0x7fc649a01000, from:0x7fc649201000, to:0x7fc649a01000, size:8192 KB]
          cg.C.x-2286  [019]     0.120049: (+0)     bprint:               __handle_mm_fault: NUMAB MEM ACCESS process[nid:1, cpu:19, pid:2286], folio[virt:0x7fc648fff3b0, phys:0x18570a9000, pfn:0x18570a9, nid:1, npages:1]
          cg.C.x-2305  [057]     0.120054: (+5)     bprint:               change_prot_numa: NUMAB SCAN vma[start:0x7fc649c01000, end:0x7fc64a401000, from:0x7fc649c01000, to:0x7fc64a401000, size:8192 KB]
          cg.C.x-2305  [057]     0.120059: (+5)     bprint:               change_prot_numa: NUMAB SCAN vma[start:0x7fc64a601000, end:0x7fc64ae01000, from:0x7fc64a601000, to:0x7fc64ae01000, size:8192 KB]
          cg.C.x-2305  [057]     0.120063: (+4)     bprint:               change_prot_numa: NUMAB SCAN vma[start:0x7fc64b001000, end:0x7fc64b801000, from:0x7fc64b001000, to:0x7fc64b801000, size:8192 KB]
          cg.C.x-2305  [057]     0.120067: (+4)     bprint:               change_prot_numa: NUMAB SCAN vma[start:0x7fc64ba01000, end:0x7fc64c201000, from:0x7fc64ba01000, to:0x7fc64c201000, size:8192 KB]
          cg.C.x-2305  [057]     0.120072: (+5)     bprint:               change_prot_numa: NUMAB SCAN vma[start:0x7fc64c401000, end:0x7fc64cc01000, from:0x7fc64c401000, to:0x7fc64cc01000, size:8192 KB]
          cg.C.x-2305  [057]     0.120090: (+18)    bprint:               change_prot_numa: NUMAB SCAN vma[start:0x7fc64ce01000, end:0x7fc64d601000, from:0x7fc64ce01000, to:0x7fc64d601000, size:8192 KB]
          cg.C.x-2280  [007]     0.120091: (+1)     bprint:               __handle_mm_fault: NUMAB MEM ACCESS process[nid:1, cpu:7, pid:2280], folio[virt:0x7fc64cbff3b0, phys:0x186d320000, pfn:0x186d320, nid:1, npages:1]
          cg.C.x-2305  [057]     0.120094: (+3)     bprint:               change_prot_numa: NUMAB SCAN vma[start:0x7fc64d801000, end:0x7fc64e001000, from:0x7fc64d801000, to:0x7fc64e001000, size:8192 KB]
          cg.C.x-2305  [057]     0.120099: (+5)     bprint:               change_prot_numa: NUMAB SCAN vma[start:0x7fc64e201000, end:0x7fc64ea01000, from:0x7fc64e201000, to:0x7fc64ea01000, size:8192 KB]
          cg.C.x-2305  [057]     0.120116: (+17)    bprint:               change_prot_numa: NUMAB SCAN vma[start:0x7fc64ec01000, end:0x7fc64f401000, from:0x7fc64ec01000, to:0x7fc64f401000, size:8192 KB]
          cg.C.x-2277  [001]     0.120116: (+0)     bprint:               __handle_mm_fault: NUMAB MEM ACCESS process[nid:1, cpu:1, pid:2277], folio[virt:0x7fc64e9ff3b0, phys:0x18577f2000, pfn:0x18577f2, nid:1, npages:1]
          cg.C.x-2305  [057]     0.120134: (+18)    bprint:               change_prot_numa: NUMAB SCAN vma[start:0x7fc64f601000, end:0x7fc64fe01000, from:0x7fc64f601000, to:0x7fc64fe01000, size:8192 KB]
          cg.C.x-2276  [062]     0.120137: (+3)     bprint:               __handle_mm_fault: NUMAB MEM ACCESS process[nid:0, cpu:62, pid:2276], folio[virt:0x7fc64f3ff3b0, phys:0x139c32000, pfn:0x139c32, nid:0, npages:1]
          cg.C.x-2305  [057]     0.120152: (+15)    bprint:               change_prot_numa: NUMAB SCAN vma[start:0x7fc650001000, end:0x7fc650801000, from:0x7fc650001000, to:0x7fc650801000, size:8192 KB]
          cg.C.x-2305  [057]     0.120170: (+18)    bprint:               change_prot_numa: NUMAB SCAN vma[start:0x7fc650a01000, end:0x7fc651201000, from:0x7fc650a01000, to:0x7fc651201000, size:8192 KB]
          cg.C.x-2274  [058]     0.120172: (+2)     bprint:               __handle_mm_fault: NUMAB MEM ACCESS process[nid:0, cpu:58, pid:2274], folio[virt:0x7fc6507ff3b0, phys:0x1227ff000, pfn:0x1227ff, nid:0, npages:1]
          cg.C.x-2305  [057]     0.120188: (+16)    bprint:               change_prot_numa: NUMAB SCAN vma[start:0x7fc651401000, end:0x7fc651c01000, from:0x7fc651401000, to:0x7fc651c01000, size:8192 KB]
          cg.C.x-2273  [056]     0.120190: (+2)     bprint:               __handle_mm_fault: NUMAB MEM ACCESS process[nid:0, cpu:56, pid:2273], folio[virt:0x7fc6511ff3b0, phys:0x153a7a000, pfn:0x153a7a, nid:0, npages:1]
          cg.C.x-2305  [057]     0.120206: (+16)    bprint:               change_prot_numa: NUMAB SCAN vma[start:0x7fc651e01000, end:0x7fc652601000, from:0x7fc651e01000, to:0x7fc652601000, size:8192 KB]
          cg.C.x-2272  [054]     0.120208: (+2)     bprint:               __handle_mm_fault: NUMAB MEM ACCESS process[nid:0, cpu:54, pid:2272], folio[virt:0x7fc651bff3b0, phys:0x11636b000, pfn:0x11636b, nid:0, npages:1]
          cg.C.x-2305  [057]     0.120223: (+15)    bprint:               change_prot_numa: NUMAB SCAN vma[start:0x7fc652801000, end:0x7fc653001000, from:0x7fc652801000, to:0x7fc653001000, size:8192 KB]
          cg.C.x-2305  [057]     0.120242: (+19)    bprint:               change_prot_numa: NUMAB SCAN vma[start:0x7fc653201000, end:0x7fc653a01000, from:0x7fc653201000, to:0x7fc653a01000, size:8192 KB]
          cg.C.x-2270  [050]     0.120243: (+1)     bprint:               __handle_mm_fault: NUMAB MEM ACCESS process[nid:0, cpu:50, pid:2270], folio[virt:0x7fc652fff3b0, phys:0x110ac6000, pfn:0x110ac6, nid:0, npages:1]
          cg.C.x-2305  [057]     0.120260: (+17)    bprint:               change_prot_numa: NUMAB SCAN vma[start:0x7fc653c01000, end:0x7fc654401000, from:0x7fc653c01000, to:0x7fc654401000, size:8192 KB]
          cg.C.x-2269  [048]     0.120261: (+1)     bprint:               __handle_mm_fault: NUMAB MEM ACCESS process[nid:0, cpu:48, pid:2269], folio[virt:0x7fc6539ff3b0, phys:0x15047d000, pfn:0x15047d, nid:0, npages:1]
          cg.C.x-2305  [057]     0.120278: (+17)    bprint:               change_prot_numa: NUMAB SCAN vma[start:0x7fc654601000, end:0x7fc654e01000, from:0x7fc654601000, to:0x7fc654e01000, size:8192 KB]
          cg.C.x-2305  [057]     0.120295: (+17)    bprint:               change_prot_numa: NUMAB SCAN vma[start:0x7fc655001000, end:0x7fc655801000, from:0x7fc655001000, to:0x7fc655801000, size:8192 KB]
          cg.C.x-2305  [057]     0.120312: (+17)    bprint:               change_prot_numa: NUMAB SCAN vma[start:0x7fc655a01000, end:0x7fc656201000, from:0x7fc655a01000, to:0x7fc656201000, size:8192 KB]
          cg.C.x-2305  [057]     0.120330: (+18)    bprint:               change_prot_numa: NUMAB SCAN vma[start:0x7fc656401000, end:0x7fc656c01000, from:0x7fc656401000, to:0x7fc656c01000, size:8192 KB]
          cg.C.x-2265  [040]     0.120331: (+1)     bprint:               __handle_mm_fault: NUMAB MEM ACCESS process[nid:0, cpu:40, pid:2265], folio[virt:0x7fc6561ff3b0, phys:0x153bee000, pfn:0x153bee, nid:0, npages:1]
          cg.C.x-2305  [057]     0.120349: (+18)    bprint:               change_prot_numa: NUMAB SCAN vma[start:0x7fc656e01000, end:0x7fc657601000, from:0x7fc656e01000, to:0x7fc657601000, size:8192 KB]
          cg.C.x-2264  [038]     0.120351: (+2)     bprint:               __handle_mm_fault: NUMAB MEM ACCESS process[nid:0, cpu:38, pid:2264], folio[virt:0x7fc656bff3b0, phys:0x150112000, pfn:0x150112, nid:0, npages:1]
          cg.C.x-2305  [057]     0.120367: (+16)    bprint:               change_prot_numa: NUMAB SCAN vma[start:0x7fc657801000, end:0x7fc658001000, from:0x7fc657801000, to:0x7fc658001000, size:8192 KB]
          cg.C.x-2305  [057]     0.120385: (+18)    bprint:               change_prot_numa: NUMAB SCAN vma[start:0x7fc658201000, end:0x7fc658a01000, from:0x7fc658201000, to:0x7fc658a01000, size:8192 KB]
          cg.C.x-2305  [057]     0.120404: (+19)    bprint:               change_prot_numa: NUMAB SCAN vma[start:0x7fc658c01000, end:0x7fc659401000, from:0x7fc658c01000, to:0x7fc659401000, size:8192 KB]
          cg.C.x-2261  [032]     0.120405: (+1)     bprint:               __handle_mm_fault: NUMAB MEM ACCESS process[nid:0, cpu:32, pid:2261], folio[virt:0x7fc6589ff3b0, phys:0x1162a0000, pfn:0x1162a0, nid:0, npages:1]
          cg.C.x-2305  [057]     0.120422: (+17)    bprint:               change_prot_numa: NUMAB SCAN vma[start:0x7fc659601000, end:0x7fc659e01000, from:0x7fc659601000, to:0x7fc659e01000, size:8192 KB]
          cg.C.x-2305  [057]     0.120440: (+18)    bprint:               change_prot_numa: NUMAB SCAN vma[start:0x7fc65a001000, end:0x7fc65a801000, from:0x7fc65a001000, to:0x7fc65a801000, size:8192 KB]
          cg.C.x-2259  [028]     0.120442: (+2)     bprint:               __handle_mm_fault: NUMAB MEM ACCESS process[nid:0, cpu:28, pid:2259], folio[virt:0x7fc659dff3b0, phys:0x153bbd000, pfn:0x153bbd, nid:0, npages:1]
          cg.C.x-2305  [057]     0.120457: (+15)    bprint:               change_prot_numa: NUMAB SCAN vma[start:0x7fc65aa01000, end:0x7fc65b201000, from:0x7fc65aa01000, to:0x7fc65b201000, size:8192 KB]
          cg.C.x-2305  [057]     0.120474: (+17)    bprint:               change_prot_numa: NUMAB SCAN vma[start:0x7fc65b401000, end:0x7fc65bc01000, from:0x7fc65b401000, to:0x7fc65bc01000, size:8192 KB]
          cg.C.x-2305  [057]     0.120491: (+17)    bprint:               change_prot_numa: NUMAB SCAN vma[start:0x7fc65be01000, end:0x7fc65c601000, from:0x7fc65be01000, to:0x7fc65c601000, size:8192 KB]
          cg.C.x-2305  [057]     0.120509: (+18)    bprint:               change_prot_numa: NUMAB SCAN vma[start:0x7fc65c801000, end:0x7fc65d001000, from:0x7fc65c801000, to:0x7fc65d001000, size:8192 KB]
          cg.C.x-2305  [057]     0.120527: (+18)    bprint:               change_prot_numa: NUMAB SCAN vma[start:0x7fc65d201000, end:0x7fc65da01000, from:0x7fc65d201000, to:0x7fc65da01000, size:8192 KB]
          cg.C.x-2305  [057]     0.120544: (+17)    bprint:               change_prot_numa: NUMAB SCAN vma[start:0x7fc65dc01000, end:0x7fc65e401000, from:0x7fc65dc01000, to:0x7fc65e401000, size:8192 KB]
          cg.C.x-2305  [057]     0.120561: (+17)    bprint:               change_prot_numa: NUMAB SCAN vma[start:0x7fc65e601000, end:0x7fc65ee01000, from:0x7fc65e601000, to:0x7fc65ee01000, size:8192 KB]
          cg.C.x-2252  [014]     0.120563: (+2)     bprint:               __handle_mm_fault: NUMAB MEM ACCESS process[nid:0, cpu:14, pid:2252], folio[virt:0x7fc65e3ff3b0, phys:0x13a138000, pfn:0x13a138, nid:0, npages:1]
          cg.C.x-2308  [063]     0.120579: (+16)    bprint:               __handle_mm_fault: NUMAB MEM ACCESS process[nid:1, cpu:63, pid:2308], folio[virt:0x5572dddda23c, phys:0x112d01000, pfn:0x112d01, nid:0, npages:1]
          cg.C.x-2305  [057]     0.120579: (+0)     bprint:               change_prot_numa: NUMAB SCAN vma[start:0x7fc65f001000, end:0x7fc65f801000, from:0x7fc65f001000, to:0x7fc65f801000, size:8192 KB]
          cg.C.x-2308  [063]     0.120580: (+1)     bprint:               __handle_mm_fault: NUMAB TRY MEM MIGR process[nid:1, cpu:63, pid:2308], folio[virt:0x5572dddda23c, phys:0x112d01000, nid:0], target_nid:1
          cg.C.x-2251  [012]     0.120581: (+1)     bprint:               __handle_mm_fault: NUMAB MEM ACCESS process[nid:0, cpu:12, pid:2251], folio[virt:0x7fc65edff3b0, phys:0x121f80000, pfn:0x121f80, nid:0, npages:1]
          cg.C.x-2305  [057]     0.120597: (+16)    bprint:               change_prot_numa: NUMAB SCAN vma[start:0x7fc65fa01000, end:0x7fc660201000, from:0x7fc65fa01000, to:0x7fc660201000, size:8192 KB]
          cg.C.x-2250  [010]     0.120599: (+2)     bprint:               __handle_mm_fault: NUMAB MEM ACCESS process[nid:0, cpu:10, pid:2250], folio[virt:0x7fc65f7ff3b0, phys:0x121c07000, pfn:0x121c07, nid:0, npages:1]
          cg.C.x-2308  [063]     0.120608: (+9)     bprint:               __handle_mm_fault: NUMAB COMPLETED MEM MIGR process[nid:1, cpu:63, pid:2308], old[phys:0x112d01000, nid:0, npages:1], new[phys:0x1858fc3000, nid:1, npages:1]
          cg.C.x-2308  [063]     0.120614: (+6)     bprint:               __handle_mm_fault: NUMAB MEM ACCESS process[nid:1, cpu:63, pid:2308], folio[virt:0x5572de51c504, phys:0x1162e5000, pfn:0x1162e5, nid:0, npages:1]
          cg.C.x-2308  [063]     0.120615: (+1)     bprint:               __handle_mm_fault: NUMAB TRY MEM MIGR process[nid:1, cpu:63, pid:2308], folio[virt:0x5572de51c504, phys:0x1162e5000, nid:0], target_nid:1
          cg.C.x-2305  [057]     0.120631: (+16)    bprint:               change_prot_numa: NUMAB SCAN vma[start:0x7fc660401000, end:0x7fc660c01000, from:0x7fc660401000, to:0x7fc660c01000, size:8192 KB]
          cg.C.x-2308  [063]     0.120656: (+25)    bprint:               __handle_mm_fault: NUMAB COMPLETED MEM MIGR process[nid:1, cpu:63, pid:2308], old[phys:0x1162e5000, nid:0, npages:1], new[phys:0x186d748000, nid:1, npages:1]
          cg.C.x-2305  [057]     0.120666: (+10)    bprint:               change_prot_numa: NUMAB SCAN vma[start:0x7fc660e01000, end:0x7fc661601000, from:0x7fc660e01000, to:0x7fc661601000, size:8192 KB]
          cg.C.x-2305  [057]     0.120683: (+17)    bprint:               change_prot_numa: NUMAB SCAN vma[start:0x7fc661801000, end:0x7fc662001000, from:0x7fc661801000, to:0x7fc662001000, size:8192 KB]
          cg.C.x-2305  [057]     0.120700: (+17)    bprint:               change_prot_numa: NUMAB SCAN vma[start:0x7fc662091000, end:0x7fc6748f9000, from:0x7fc662091000, to:0x7fc6748f9000, size:303520 KB]
          cg.C.x-2305  [057]     0.120722: (+22)    bprint:               change_prot_numa: NUMAB SCAN vma[start:0x7fc674a00000, end:0x7fc675c50000, from:0x7fc674a00000, to:0x7fc675c50000, size:18752 KB]
          cg.C.x-2305  [057]     0.120747: (+25)    bprint:               change_prot_numa: NUMAB SCAN vma[start:0x7fc675cdb000, end:0x7fc6882f9000, from:0x7fc675cdb000, to:0x7fc6882f9000, size:301176 KB]
          cg.C.x-2305  [057]     0.120764: (+17)    bprint:               change_prot_numa: NUMAB SCAN vma[start:0x7fc688400000, end:0x7fc688d28000, from:0x7fc688400000, to:0x7fc688d28000, size:9376 KB]
          cg.C.x-2268  [046]     0.120789: (+25)    bprint:               do_huge_pmd_numa_page: NUMAB MEM ACCESS huge page process[nid:0, cpu:46, pid:2268], folio[virt:0x7fc688600000, ker:0xffff93f2d8800000, pfn:0x158800, nid:0, npages:512]
          cg.C.x-2305  [057]     0.120807: (+18)    bprint:               change_prot_numa: NUMAB SCAN vma[start:0x7fc688e00000, end:0x7fc69210f000, from:0x7fc688e00000, to:0x7fc68bc00000, size:47104 KB]
          cg.C.x-2303  [053]     0.120807: (+0)     bprint:               do_huge_pmd_numa_page: NUMAB MEM ACCESS huge page process[nid:1, cpu:53, pid:2303], folio[virt:0x7fc6888b34c8, ker:0xffff93f41e200000, pfn:0x29e200, nid:0, npages:512]
          cg.C.x-2306  [059]     0.120810: (+3)     bprint:               do_huge_pmd_numa_page: NUMAB MEM ACCESS huge page process[nid:1, cpu:59, pid:2306], folio[virt:0x7fc688a17860, ker:0xffff940a17600000, pfn:0x1897600, nid:1, npages:512]
          cg.C.x-2276  [062]     0.120813: (+3)     bprint:               do_huge_pmd_numa_page: NUMAB MEM ACCESS huge page process[nid:0, cpu:62, pid:2276], folio[virt:0x7fc6885e2a20, ker:0xffff93f304400000, pfn:0x184400, nid:0, npages:512]
          cg.C.x-2301  [049]     0.120816: (+3)     bprint:               do_huge_pmd_numa_page: NUMAB MEM ACCESS huge page process[nid:1, cpu:49, pid:2301], folio[virt:0x7fc68882dcec, ker:0xffff93f41e200000, pfn:0x29e200, nid:0, npages:512]
          cg.C.x-2301  [049]     0.120817: (+1)     bprint:               migrate_misplaced_folio: NUMAB pid:2301 ABORTING MEM MIGR because !isolated
          cg.C.x-2305  [057]     0.120818: (+1)     bprint:               change_prot_numa: NUMAB SCAN vma[start:0x7fc688e00000, end:0x7fc69210f000, from:0x7fc68bc00000, to:0x7fc68ea00000, size:47104 KB]
          cg.C.x-2302  [051]     0.120819: (+1)     bprint:               do_huge_pmd_numa_page: NUMAB MEM ACCESS huge page process[nid:1, cpu:51, pid:2302], folio[virt:0x7fc68886c590, ker:0xffff93f41e200000, pfn:0x29e200, nid:0, npages:512]
          cg.C.x-2305  [057]     0.120819: (+0)     bprint:               change_prot_numa: NUMAB SCAN vma[start:0x7fc688e00000, end:0x7fc69210f000, from:0x7fc68ea00000, to:0x7fc691800000, size:47104 KB]
          cg.C.x-2305  [057]     0.120819: (+0)     bprint:               change_prot_numa: NUMAB SCAN vma[start:0x7fc688e00000, end:0x7fc69210f000, from:0x7fc691800000, to:0x7fc69210f000, size:9276 KB]
          cg.C.x-2302  [051]     0.120820: (+1)     bprint:               migrate_misplaced_folio: NUMAB pid:2302 ABORTING MEM MIGR because !isolated
          cg.C.x-2305  [057]     0.120820: (+0)     bprint:               change_prot_numa: NUMAB SCAN vma[start:0x7fc692200000, end:0x7fc69b47d000, from:0x7fc692200000, to:0x7fc695000000, size:47104 KB]
          cg.C.x-2304  [055]     0.120822: (+2)     bprint:               do_huge_pmd_numa_page: NUMAB MEM ACCESS huge page process[nid:1, cpu:55, pid:2304], folio[virt:0x7fc68890f56c, ker:0xffff93f41e200000, pfn:0x29e200, nid:0, npages:512]
          cg.C.x-2304  [055]     0.120824: (+2)     bprint:               migrate_misplaced_folio: NUMAB pid:2304 ABORTING MEM MIGR because !isolated
          cg.C.x-2245  [000]     0.120827: (+3)     bprint:               do_huge_pmd_numa_page: NUMAB MEM ACCESS huge page process[nid:0, cpu:0, pid:2245], folio[virt:0x7fc68884a51c, ker:0xffff93f41e200000, pfn:0x29e200, nid:0, npages:512]
          cg.C.x-2305  [057]     0.120829: (+2)     bprint:               change_prot_numa: NUMAB SCAN vma[start:0x7fc692200000, end:0x7fc69b47d000, from:0x7fc695000000, to:0x7fc697e00000, size:47104 KB]
          cg.C.x-2305  [057]     0.120830: (+1)     bprint:               change_prot_numa: NUMAB SCAN vma[start:0x7fc692200000, end:0x7fc69b47d000, from:0x7fc697e00000, to:0x7fc69ac00000, size:47104 KB]
          cg.C.x-2305  [057]     0.120831: (+1)     bprint:               change_prot_numa: NUMAB SCAN vma[start:0x7fc692200000, end:0x7fc69b47d000, from:0x7fc69ac00000, to:0x7fc69b47d000, size:8692 KB]
          cg.C.x-2305  [057]     0.120833: (+2)     bprint:               change_prot_numa: NUMAB SCAN vma[start:0x7fc69b4db000, end:0x7fc69b600000, from:0x7fc69b4db000, to:0x7fc69b600000, size:1172 KB]
          cg.C.x-2305  [057]     0.120836: (+3)     bprint:               change_prot_numa: NUMAB SCAN vma[start:0x7fc69b96b000, end:0x7fc69ba91000, from:0x7fc69b96b000, to:0x7fc69ba91000, size:1176 KB]
          cg.C.x-2302  [051]     0.120850: (+14)    bprint:               __handle_mm_fault: NUMAB MEM ACCESS process[nid:1, cpu:51, pid:2302], folio[virt:0x7fc69b9b2000, phys:0x139c34000, pfn:0x139c34, nid:0, npages:1]
          cg.C.x-2302  [051]     0.120852: (+2)     bprint:               __handle_mm_fault: NUMAB TRY MEM MIGR process[nid:1, cpu:51, pid:2302], folio[virt:0x7fc69b9b2000, phys:0x139c34000, nid:0], target_nid:1
          cg.C.x-2289  [025]     0.120854: (+2)     bprint:               __handle_mm_fault: NUMAB MEM ACCESS process[nid:1, cpu:25, pid:2289], folio[virt:0x7fc69b99b000, phys:0x153bf2000, pfn:0x153bf2, nid:0, npages:1]
          cg.C.x-2289  [025]     0.120855: (+1)     bprint:               __handle_mm_fault: NUMAB TRY MEM MIGR process[nid:1, cpu:25, pid:2289], folio[virt:0x7fc69b99b000, phys:0x153bf2000, nid:0], target_nid:1
          cg.C.x-2292  [031]     0.120860: (+5)     bprint:               __handle_mm_fault: NUMAB MEM ACCESS process[nid:1, cpu:31, pid:2292], folio[virt:0x7fc69b99a000, phys:0x153bf1000, pfn:0x153bf1, nid:0, npages:1]
          cg.C.x-2292  [031]     0.120861: (+1)     bprint:               __handle_mm_fault: NUMAB TRY MEM MIGR process[nid:1, cpu:31, pid:2292], folio[virt:0x7fc69b99a000, phys:0x153bf1000, nid:0], target_nid:1
          cg.C.x-2258  [026]     0.120870: (+9)     bprint:               __handle_mm_fault: NUMAB MEM ACCESS process[nid:0, cpu:26, pid:2258], folio[virt:0x7fc69b98f000, phys:0x112661000, pfn:0x112661, nid:0, npages:1]
          cg.C.x-2290  [027]     0.120872: (+2)     bprint:               __handle_mm_fault: NUMAB MEM ACCESS process[nid:1, cpu:27, pid:2290], folio[virt:0x7fc69b999dcc, phys:0x153bf0000, pfn:0x153bf0, nid:0, npages:1]
          cg.C.x-2290  [027]     0.120874: (+2)     bprint:               __handle_mm_fault: NUMAB TRY MEM MIGR process[nid:1, cpu:27, pid:2290], folio[virt:0x7fc69b999dcc, phys:0x153bf0000, nid:0], target_nid:1
          cg.C.x-2260  [030]     0.120875: (+1)     bprint:               __handle_mm_fault: NUMAB MEM ACCESS process[nid:0, cpu:30, pid:2260], folio[virt:0x7fc69b98cbfc, phys:0x153bbf000, pfn:0x153bbf, nid:0, npages:1]
          cg.C.x-2259  [028]     0.120875: (+0)     bprint:               __handle_mm_fault: NUMAB MEM ACCESS process[nid:0, cpu:28, pid:2259], folio[virt:0x7fc69ba1f414, phys:0x153bc1000, pfn:0x153bc1, nid:0, npages:1]
          cg.C.x-2304  [055]     0.120878: (+3)     bprint:               __handle_mm_fault: NUMAB MEM ACCESS process[nid:1, cpu:55, pid:2304], folio[virt:0x7fc69ba86788, phys:0x185dfc8000, pfn:0x185dfc8, nid:1, npages:1]
          cg.C.x-2246  [002]     0.120879: (+1)     bprint:               __handle_mm_fault: NUMAB MEM ACCESS process[nid:0, cpu:2, pid:2246], folio[virt:0x7fc69b9aa824, phys:0x11636e000, pfn:0x11636e, nid:0, npages:1]
          cg.C.x-2305  [057]     0.120881: (+2)     bprint:               change_prot_numa: NUMAB SCAN vma[start:0x7fc69bad7000, end:0x7fc69bad8000, from:0x7fc69bad7000, to:0x7fc69bad8000, size:4 KB]
          cg.C.x-2259  [028]     0.120882: (+1)     bprint:               __handle_mm_fault: NUMAB MEM ACCESS process[nid:0, cpu:28, pid:2259], folio[virt:0x7fc69ba1e554, phys:0x153bc0000, pfn:0x153bc0, nid:0, npages:1]
          cg.C.x-2291  [029]     0.120882: (+0)     sched_switch:         cg.C.x:2291 [120] D ==> swapper/29:0 [120]
          cg.C.x-2248  [006]     0.120883: (+1)     bprint:               __handle_mm_fault: NUMAB MEM ACCESS process[nid:0, cpu:6, pid:2248], folio[virt:0x7fc69b9a26c0, phys:0x1219d5000, pfn:0x1219d5, nid:0, npages:1]
          cg.C.x-2304  [055]     0.120883: (+0)     bprint:               __handle_mm_fault: NUMAB MEM ACCESS process[nid:1, cpu:55, pid:2304], folio[virt:0x7fc69ba85770, phys:0x185dfc7000, pfn:0x185dfc7, nid:1, npages:1]
          cg.C.x-2247  [004]     0.120885: (+2)     bprint:               __handle_mm_fault: NUMAB MEM ACCESS process[nid:0, cpu:4, pid:2247], folio[virt:0x7fc69b9a5c5c, phys:0x1204ad000, pfn:0x1204ad, nid:0, npages:1]
          cg.C.x-2293  [033]     0.120886: (+1)     sched_switch:         cg.C.x:2293 [120] D ==> swapper/33:0 [120]
          cg.C.x-2294  [035]     0.120887: (+1)     sched_switch:         cg.C.x:2294 [120] D ==> swapper/35:0 [120]
          cg.C.x-2245  [000]     0.120888: (+1)     bprint:               __handle_mm_fault: NUMAB MEM ACCESS process[nid:0, cpu:0, pid:2245], folio[virt:0x7fc69b9fe8c0, phys:0x1227e6000, pfn:0x1227e6, nid:0, npages:1]
          cg.C.x-2301  [049]     0.120890: (+2)     bprint:               __handle_mm_fault: NUMAB MEM ACCESS process[nid:1, cpu:49, pid:2301], folio[virt:0x7fc69b9ae750, phys:0x150402000, pfn:0x150402, nid:0, npages:1]
          cg.C.x-2301  [049]     0.120891: (+1)     bprint:               __handle_mm_fault: NUMAB TRY MEM MIGR process[nid:1, cpu:49, pid:2301], folio[virt:0x7fc69b9ae750, phys:0x150402000, nid:0], target_nid:1
          cg.C.x-2298  [043]     0.120892: (+1)     bprint:               __handle_mm_fault: NUMAB MEM ACCESS process[nid:1, cpu:43, pid:2298], folio[virt:0x7fc69b9a3330, phys:0x12072a000, pfn:0x12072a, nid:0, npages:1]
          cg.C.x-2298  [043]     0.120894: (+2)     bprint:               __handle_mm_fault: NUMAB TRY MEM MIGR process[nid:1, cpu:43, pid:2298], folio[virt:0x7fc69b9a3330, phys:0x12072a000, nid:0], target_nid:1
          cg.C.x-2300  [047]     0.120895: (+1)     bprint:               __handle_mm_fault: NUMAB MEM ACCESS process[nid:1, cpu:47, pid:2300], folio[virt:0x7fc69b9ab8a4, phys:0x11636f000, pfn:0x11636f, nid:0, npages:1]
          cg.C.x-2300  [047]     0.120897: (+2)     bprint:               __handle_mm_fault: NUMAB TRY MEM MIGR process[nid:1, cpu:47, pid:2300], folio[virt:0x7fc69b9ab8a4, phys:0x11636f000, nid:0], target_nid:1
          cg.C.x-2252  [014]     0.120897: (+0)     bprint:               __handle_mm_fault: NUMAB MEM ACCESS process[nid:0, cpu:14, pid:2252], folio[virt:0x7fc69b999cc8, phys:0x153bf0000, pfn:0x153bf0, nid:0, npages:1]
          cg.C.x-2289  [025]     0.120904: (+7)     sched_waking:         comm=cg.C.x pid=2294 prio=120 target_cpu=035
          cg.C.x-2292  [031]     0.120904: (+0)     sched_waking:         comm=cg.C.x pid=2291 prio=120 target_cpu=029
          cg.C.x-2289  [025]     0.120905: (+1)     sched_wake_idle_without_ipi: cpu=35
          cg.C.x-2292  [031]     0.120905: (+0)     sched_wake_idle_without_ipi: cpu=29
          cg.C.x-2292  [031]     0.120905: (+0)     sched_waking:         comm=cg.C.x pid=2293 prio=120 target_cpu=033
          cg.C.x-2289  [025]     0.120905: (+0)     sched_waking:         comm=cg.C.x pid=2251 prio=120 target_cpu=012
          cg.C.x-2251  [012]     0.120905: (+0)     sched_switch:         cg.C.x:2251 [120] D ==> swapper/12:0 [120]
          cg.C.x-2292  [031]     0.120906: (+1)     sched_wake_idle_without_ipi: cpu=33
          cg.C.x-2302  [051]     0.120907: (+1)     bprint:               __handle_mm_fault: NUMAB COMPLETED MEM MIGR process[nid:1, cpu:51, pid:2302], old[phys:0x139c34000, nid:0, npages:1], new[phys:0x185e528000, nid:1, npages:1]
          cg.C.x-2292  [031]     0.120908: (+1)     bprint:               __handle_mm_fault: NUMAB COMPLETED MEM MIGR process[nid:1, cpu:31, pid:2292], old[phys:0x153bf1000, nid:0, npages:1], new[phys:0x186def2000, nid:1, npages:1]
          cg.C.x-2289  [025]     0.120908: (+0)     bprint:               __handle_mm_fault: NUMAB COMPLETED MEM MIGR process[nid:1, cpu:25, pid:2289], old[phys:0x153bf2000, nid:0, npages:1], new[phys:0x18572b2000, nid:1, npages:1]
          cg.C.x-2247  [004]     0.120909: (+1)     bprint:               __handle_mm_fault: NUMAB MEM ACCESS process[nid:0, cpu:4, pid:2247], folio[virt:0x7fc69b9a6000, phys:0x113727000, pfn:0x113727, nid:0, npages:1]
          <idle>-0     [035]     0.120910: (+1)     sched_wakeup:         cg.C.x:2294 [120] CPU:035
          <idle>-0     [029]     0.120910: (+0)     sched_wakeup:         cg.C.x:2291 [120] CPU:029
          <idle>-0     [033]     0.120911: (+1)     sched_wakeup:         cg.C.x:2293 [120] CPU:033
          cg.C.x-2302  [051]     0.120911: (+0)     bprint:               __handle_mm_fault: NUMAB MEM ACCESS process[nid:1, cpu:51, pid:2302], folio[virt:0x7fc69ba8089c, phys:0x186d02f000, pfn:0x186d02f, nid:1, npages:1]
          <idle>-0     [029]     0.120912: (+1)     sched_switch:         swapper/29:0 [120] R ==> cg.C.x:2291 [120]
          <idle>-0     [035]     0.120912: (+0)     sched_switch:         swapper/35:0 [120] R ==> cg.C.x:2294 [120]
          <idle>-0     [033]     0.120912: (+0)     sched_switch:         swapper/33:0 [120] R ==> cg.C.x:2293 [120]
          cg.C.x-2302  [051]     0.120916: (+4)     bprint:               __handle_mm_fault: NUMAB MEM ACCESS process[nid:1, cpu:51, pid:2302], folio[virt:0x7fc69ba81324, phys:0x186d011000, pfn:0x186d011, nid:1, npages:1]
          <idle>-0     [012]     0.120924: (+8)     sched_wakeup:         cg.C.x:2251 [120] CPU:012
          cg.C.x-2246  [002]     0.120926: (+2)     sched_switch:         cg.C.x:2246 [120] D ==> swapper/2:0 [120]
          <idle>-0     [012]     0.120927: (+1)     sched_switch:         swapper/12:0 [120] R ==> cg.C.x:2251 [120]
          cg.C.x-2305  [057]     0.120931: (+4)     bprint:               change_prot_numa: NUMAB SCAN vma[start:0x7fc69bcaa000, end:0x7fc69bcac000, from:0x7fc69bcaa000, to:0x7fc69bcac000, size:8 KB]
          cg.C.x-2300  [047]     0.120932: (+1)     sched_waking:         comm=cg.C.x pid=2246 prio=120 target_cpu=002
          cg.C.x-2251  [012]     0.120933: (+1)     bprint:               __handle_mm_fault: NUMAB MEM ACCESS process[nid:0, cpu:12, pid:2251], folio[virt:0x7fc65ee00fe8, phys:0xae5494000, pfn:0xae5494, nid:0, npages:1]
          cg.C.x-2301  [049]     0.120935: (+2)     bprint:               __handle_mm_fault: NUMAB COMPLETED MEM MIGR process[nid:1, cpu:49, pid:2301], old[phys:0x150402000, nid:0, npages:1], new[phys:0x186783a000, nid:1, npages:1]
          cg.C.x-2298  [043]     0.120935: (+0)     bprint:               __handle_mm_fault: NUMAB COMPLETED MEM MIGR process[nid:1, cpu:43, pid:2298], old[phys:0x12072a000, nid:0, npages:1], new[phys:0x1866aba000, nid:1, npages:1]
          cg.C.x-2300  [047]     0.120935: (+0)     bprint:               __handle_mm_fault: NUMAB COMPLETED MEM MIGR process[nid:1, cpu:47, pid:2300], old[phys:0x11636f000, nid:0, npages:1], new[phys:0x1867832000, nid:1, npages:1]
          cg.C.x-2290  [027]     0.120935: (+0)     bprint:               __handle_mm_fault: NUMAB COMPLETED MEM MIGR process[nid:1, cpu:27, pid:2290], old[phys:0x153bf0000, nid:0, npages:1], new[phys:0x185f99e000, nid:1, npages:1]
          <idle>-0     [002]     0.120945: (+10)    sched_wakeup:         cg.C.x:2246 [120] CPU:002
          <idle>-0     [002]     0.120948: (+3)     sched_switch:         swapper/2:0 [120] R ==> cg.C.x:2246 [120]
          cg.C.x-2246  [002]     0.120953: (+5)     bprint:               __handle_mm_fault: NUMAB MEM ACCESS process[nid:0, cpu:2, pid:2246], folio[virt:0x7fc662000fe8, phys:0x112c46000, pfn:0x112c46, nid:0, npages:1]
          cg.C.x-2305  [057]     0.120970: (+17)    bprint:               change_prot_numa: NUMAB SCAN vma[start:0x7fc69bcac000, end:0x7fc69bcb9000, from:0x7fc69bcac000, to:0x7fc69bcb9000, size:52 KB]
          cg.C.x-2300  [047]     0.120979: (+9)     bprint:               __handle_mm_fault: NUMAB MEM ACCESS process[nid:1, cpu:47, pid:2300], folio[virt:0x7fc69b9ac000, phys:0x153a7c000, pfn:0x153a7c, nid:0, npages:1]
          cg.C.x-2300  [047]     0.120983: (+4)     bprint:               __handle_mm_fault: NUMAB TRY MEM MIGR process[nid:1, cpu:47, pid:2300], folio[virt:0x7fc69b9ac000, phys:0x153a7c000, nid:0], target_nid:1
          cg.C.x-2305  [057]     0.120987: (+4)     bprint:               change_prot_numa: NUMAB SCAN vma[start:0x7fc69bcd8000, end:0x7fc69bcd9000, from:0x7fc69bcd8000, to:0x7fc69bcd9000, size:4 KB]
          cg.C.x-2300  [047]     0.120988: (+1)     bprint:               __handle_mm_fault: NUMAB COMPLETED MEM MIGR process[nid:1, cpu:47, pid:2300], old[phys:0x153a7c000, nid:0, npages:1], new[phys:0x186cb8b000, nid:1, npages:1]
          cg.C.x-2302  [051]     0.121002: (+14)    bprint:               __handle_mm_fault: NUMAB MEM ACCESS process[nid:1, cpu:51, pid:2302], folio[virt:0x7fc69b9b3000, phys:0x139c35000, pfn:0x139c35, nid:0, npages:1]
          cg.C.x-2305  [057]     0.121002: (+0)     bprint:               change_prot_numa: NUMAB SCAN vma[start:0x7fc69bd20000, end:0x7fc69bd21000, from:0x7fc69bd20000, to:0x7fc69bd21000, size:4 KB]
          cg.C.x-2302  [051]     0.121003: (+1)     bprint:               __handle_mm_fault: NUMAB TRY MEM MIGR process[nid:1, cpu:51, pid:2302], folio[virt:0x7fc69b9b3000, phys:0x139c35000, nid:0], target_nid:1
          cg.C.x-2305  [057]     0.121017: (+14)    bprint:               change_prot_numa: NUMAB SCAN vma[start:0x7fc69bdff000, end:0x7fc69be00000, from:0x7fc69bdff000, to:0x7fc69be00000, size:4 KB]
          cg.C.x-2302  [051]     0.121028: (+11)    bprint:               __handle_mm_fault: NUMAB COMPLETED MEM MIGR process[nid:1, cpu:51, pid:2302], old[phys:0x139c35000, nid:0, npages:1], new[phys:0x185e7f7000, nid:1, npages:1]
          cg.C.x-2299  [045]     0.121043: (+15)    bprint:               __handle_mm_fault: NUMAB MEM ACCESS process[nid:1, cpu:45, pid:2299], folio[virt:0x7fc69b9a9000, phys:0x11636d000, pfn:0x11636d, nid:0, npages:1]
          cg.C.x-2299  [045]     0.121044: (+1)     bprint:               __handle_mm_fault: NUMAB TRY MEM MIGR process[nid:1, cpu:45, pid:2299], folio[virt:0x7fc69b9a9000, phys:0x11636d000, nid:0], target_nid:1
          cg.C.x-2305  [057]     0.121045: (+1)     bprint:               change_prot_numa: NUMAB SCAN vma[start:0x7fc69c0c8000, end:0x7fc69c0ca000, from:0x7fc69c0c8000, to:0x7fc69c0ca000, size:8 KB]
          cg.C.x-2305  [057]     0.121060: (+15)    bprint:               change_prot_numa: NUMAB SCAN vma[start:0x7fc69c0cb000, end:0x7fc69c0d0000, from:0x7fc69c0cb000, to:0x7fc69c0d0000, size:20 KB]
          cg.C.x-2299  [045]     0.121078: (+18)    bprint:               __handle_mm_fault: NUMAB COMPLETED MEM MIGR process[nid:1, cpu:45, pid:2299], old[phys:0x11636d000, nid:0, npages:1], new[phys:0x186d209000, nid:1, npages:1]
          cg.C.x-2300  [047]     0.121084: (+6)     bprint:               __handle_mm_fault: NUMAB MEM ACCESS process[nid:1, cpu:47, pid:2300], folio[virt:0x7fc69b9ad000, phys:0x150401000, pfn:0x150401, nid:0, npages:1]
          cg.C.x-2300  [047]     0.121085: (+1)     bprint:               __handle_mm_fault: NUMAB TRY MEM MIGR process[nid:1, cpu:47, pid:2300], folio[virt:0x7fc69b9ad000, phys:0x150401000, nid:0], target_nid:1
          cg.C.x-2305  [057]     0.121092: (+7)     bprint:               change_prot_numa: NUMAB SCAN vma[start:0x7fc69c0da000, end:0x7fc69c0dc000, from:0x7fc69c0da000, to:0x7fc69c0dc000, size:8 KB]
          cg.C.x-2300  [047]     0.121112: (+20)    bprint:               __handle_mm_fault: NUMAB COMPLETED MEM MIGR process[nid:1, cpu:47, pid:2300], old[phys:0x150401000, nid:0, npages:1], new[phys:0x186cb99000, nid:1, npages:1]
          cg.C.x-2305  [057]     0.121127: (+15)    bprint:               change_prot_numa: NUMAB SCAN vma[start:0x7fc69c10e000, end:0x7fc69c110000, from:0x7fc69c10e000, to:0x7fc69c110000, size:8 KB]
          cg.C.x-2305  [057]     0.121148: (+21)    bprint:               change_prot_numa: NUMAB SCAN vma[start:0x7ffc835fa000, end:0x7ffc8361b000, from:0x7ffc835fa000, to:0x7ffc8361b000, size:132 KB]
          cg.C.x-2304  [055]     0.121159: (+11)    sched_switch:         cg.C.x:2304 [120] D ==> swapper/55:0 [120]
          cg.C.x-2302  [051]     0.121159: (+0)     sched_switch:         cg.C.x:2302 [120] D ==> swapper/51:0 [120]
          cg.C.x-2301  [049]     0.121159: (+0)     sched_switch:         cg.C.x:2301 [120] D ==> swapper/49:0 [120]
          cg.C.x-2246  [002]     0.121161: (+2)     sched_switch:         cg.C.x:2246 [120] D ==> swapper/2:0 [120]
          cg.C.x-2300  [047]     0.121161: (+0)     sched_switch:         cg.C.x:2300 [120] D ==> swapper/47:0 [120]
          cg.C.x-2245  [000]     0.121162: (+1)     sched_switch:         cg.C.x:2245 [120] D ==> swapper/0:0 [120]
          cg.C.x-2305  [057]     0.121168: (+6)     bprint:               change_prot_numa: NUMAB SCAN vma[start:0x7ffc836d8000, end:0x7ffc836da000, from:0x7ffc836d8000, to:0x7ffc836da000, size:8 KB]
          cg.C.x-2305  [057]     0.121178: (+10)    sched_switch:         cg.C.x:2305 [120] D ==> swapper/57:0 [120]
          cg.C.x-2299  [045]     0.121269: (+91)    sched_switch:         cg.C.x:2299 [120] D ==> swapper/45:0 [120]
          cg.C.x-2303  [053]     0.121297: (+28)    sched_waking:         comm=cg.C.x pid=2302 prio=120 target_cpu=051
          cg.C.x-2303  [053]     0.121298: (+1)     sched_wake_idle_without_ipi: cpu=51
          cg.C.x-2303  [053]     0.121298: (+0)     sched_waking:         comm=cg.C.x pid=2304 prio=120 target_cpu=055
          cg.C.x-2303  [053]     0.121299: (+1)     sched_wake_idle_without_ipi: cpu=55
          cg.C.x-2303  [053]     0.121299: (+0)     sched_waking:         comm=cg.C.x pid=2301 prio=120 target_cpu=049
          cg.C.x-2303  [053]     0.121300: (+1)     sched_wake_idle_without_ipi: cpu=49
          cg.C.x-2303  [053]     0.121300: (+0)     sched_waking:         comm=cg.C.x pid=2300 prio=120 target_cpu=047
          cg.C.x-2303  [053]     0.121301: (+1)     sched_wake_idle_without_ipi: cpu=47
          cg.C.x-2303  [053]     0.121301: (+0)     sched_waking:         comm=cg.C.x pid=2245 prio=120 target_cpu=000
          cg.C.x-2303  [053]     0.121302: (+1)     sched_wake_idle_without_ipi: cpu=0
          cg.C.x-2303  [053]     0.121303: (+1)     sched_waking:         comm=cg.C.x pid=2246 prio=120 target_cpu=002
          <idle>-0     [051]     0.121303: (+0)     sched_wakeup:         cg.C.x:2302 [120] CPU:051
          cg.C.x-2303  [053]     0.121304: (+1)     sched_wake_idle_without_ipi: cpu=2
          <idle>-0     [055]     0.121304: (+0)     sched_wakeup:         cg.C.x:2304 [120] CPU:055
          cg.C.x-2303  [053]     0.121304: (+0)     sched_waking:         comm=cg.C.x pid=2305 prio=120 target_cpu=057
          <idle>-0     [051]     0.121305: (+1)     sched_switch:         swapper/51:0 [120] R ==> cg.C.x:2302 [120]
          <idle>-0     [049]     0.121305: (+0)     sched_wakeup:         cg.C.x:2301 [120] CPU:049
