          cg.C.x-3332  [006]     1.017355: (+22)    bprint:               __handle_mm_fault: NUMAB MEM ACCESS process[nid:0, cpu:6, pid:3332], folio[virt:0x7f3da632d000, phys:0x139646000, pfn:0x139646, nid:0, npages:1]
          cg.C.x-3380  [039]     1.017436: (+81)    bprint:               __handle_mm_fault: NUMAB MEM ACCESS process[nid:1, cpu:39, pid:3380], folio[virt:0x7f3da639b000, phys:0x186c92a000, pfn:0x186c92a, nid:1, npages:1]
          cg.C.x-3349  [040]     1.017448: (+12)    bprint:               __handle_mm_fault: NUMAB MEM ACCESS process[nid:0, cpu:40, pid:3349], folio[virt:0x7f3da6354000, phys:0x13a8bd000, pfn:0x13a8bd, nid:0, npages:1]
          cg.C.x-3387  [053]     1.017451: (+3)     bprint:               __handle_mm_fault: NUMAB MEM ACCESS process[nid:1, cpu:53, pid:3387], folio[virt:0x7f3da63ab000, phys:0x185fc3d000, pfn:0x185fc3d, nid:1, npages:1]
          cg.C.x-3335  [012]     1.017499: (+48)    bprint:               __handle_mm_fault: NUMAB MEM ACCESS process[nid:0, cpu:12, pid:3335], folio[virt:0x7f3da6334000, phys:0x1206e3000, pfn:0x1206e3, nid:0, npages:1]
          cg.C.x-3359  [060]     1.017509: (+10)    bprint:               __handle_mm_fault: NUMAB MEM ACCESS process[nid:0, cpu:60, pid:3359], folio[virt:0x7f3da636b000, phys:0x13aaa7000, pfn:0x13aaa7, nid:0, npages:1]
          cg.C.x-3373  [025]     1.017512: (+3)     bprint:               __handle_mm_fault: NUMAB MEM ACCESS process[nid:1, cpu:25, pid:3373], folio[virt:0x7f3da638b000, phys:0x186e219000, pfn:0x186e219, nid:1, npages:1]
          cg.C.x-3366  [011]     1.017551: (+39)    bprint:               __handle_mm_fault: NUMAB MEM ACCESS process[nid:1, cpu:11, pid:3366], folio[virt:0x7f3da637b000, phys:0x1858e15000, pfn:0x1858e15, nid:1, npages:1]
          cg.C.x-3352  [046]     1.017609: (+58)    bprint:               __handle_mm_fault: NUMAB MEM ACCESS process[nid:0, cpu:46, pid:3352], folio[virt:0x7f3da635b000, phys:0x116296000, pfn:0x116296, nid:0, npages:1]
          cg.C.x-3383  [045]     1.017615: (+6)     bprint:               __handle_mm_fault: NUMAB MEM ACCESS process[nid:1, cpu:45, pid:3383], folio[virt:0x7f3da63a2000, phys:0x18573e7000, pfn:0x18573e7, nid:1, npages:1]
          cg.C.x-3376  [031]     1.017617: (+2)     bprint:               __handle_mm_fault: NUMAB MEM ACCESS process[nid:1, cpu:31, pid:3376], folio[virt:0x7f3da6392000, phys:0x1858e73000, pfn:0x1858e73, nid:1, npages:1]
          cg.C.x-3345  [032]     1.017672: (+55)    bprint:               __handle_mm_fault: NUMAB MEM ACCESS process[nid:0, cpu:32, pid:3345], folio[virt:0x7f3da634b000, phys:0x13939e000, pfn:0x13939e, nid:0, npages:1]
          cg.C.x-3338  [018]     1.017685: (+13)    bprint:               __handle_mm_fault: NUMAB MEM ACCESS process[nid:0, cpu:18, pid:3338], folio[virt:0x7f3da633b000, phys:0x13d1c2000, pfn:0x13d1c2, nid:0, npages:1]
          cg.C.x-3390  [059]     1.017747: (+62)    bprint:               __handle_mm_fault: NUMAB MEM ACCESS process[nid:1, cpu:59, pid:3390], folio[virt:0x7f3da63b2000, phys:0x1855866000, pfn:0x1855866, nid:1, npages:1]
          cg.C.x-3369  [017]     1.017792: (+45)    bprint:               __handle_mm_fault: NUMAB MEM ACCESS process[nid:1, cpu:17, pid:3369], folio[virt:0x7f3da6382000, phys:0x1858d7e000, pfn:0x1858d7e, nid:1, npages:1]
          cg.C.x-3362  [003]     1.017795: (+3)     bprint:               __handle_mm_fault: NUMAB MEM ACCESS process[nid:1, cpu:3, pid:3362], folio[virt:0x7f3da6372000, phys:0x186d86f000, pfn:0x186d86f, nid:1, npages:1]
          cg.C.x-3341  [024]     1.017816: (+21)    bprint:               __handle_mm_fault: NUMAB MEM ACCESS process[nid:0, cpu:24, pid:3341], folio[virt:0x7f3da6342000, phys:0x3245ce000, pfn:0x3245ce, nid:0, npages:1]
          cg.C.x-3386  [051]     1.017855: (+39)    bprint:               __handle_mm_fault: NUMAB MEM ACCESS process[nid:1, cpu:51, pid:3386], folio[virt:0x7f3da63a9000, phys:0x186ce63000, pfn:0x186ce63, nid:1, npages:1]
          cg.C.x-3334  [010]     1.017862: (+7)     bprint:               __handle_mm_fault: NUMAB MEM ACCESS process[nid:0, cpu:10, pid:3334], folio[virt:0x7f3da6332000, phys:0x13a18e000, pfn:0x13a18e, nid:0, npages:1]
          cg.C.x-3372  [023]     1.017883: (+21)    bprint:               __handle_mm_fault: NUMAB MEM ACCESS process[nid:1, cpu:23, pid:3372], folio[virt:0x7f3da6389000, phys:0x1858cad000, pfn:0x1858cad, nid:1, npages:1]
          cg.C.x-3379  [037]     1.017895: (+12)    bprint:               __handle_mm_fault: NUMAB MEM ACCESS process[nid:1, cpu:37, pid:3379], folio[virt:0x7f3da6399000, phys:0x185e00a000, pfn:0x185e00a, nid:1, npages:1]
          cg.C.x-3355  [052]     1.017902: (+7)     bprint:               __handle_mm_fault: NUMAB MEM ACCESS process[nid:0, cpu:52, pid:3355], folio[virt:0x7f3da6362000, phys:0x2fec0d000, pfn:0x2fec0d, nid:0, npages:1]
          cg.C.x-3348  [038]     1.017922: (+20)    bprint:               __handle_mm_fault: NUMAB MEM ACCESS process[nid:0, cpu:38, pid:3348], folio[virt:0x7f3da6352000, phys:0x11372f000, pfn:0x11372f, nid:0, npages:1]
          cg.C.x-3358  [058]     1.017962: (+40)    bprint:               __handle_mm_fault: NUMAB MEM ACCESS process[nid:0, cpu:58, pid:3358], folio[virt:0x7f3da6369000, phys:0x123376000, pfn:0x123376, nid:0, npages:1]
          cg.C.x-3344  [030]     1.017968: (+6)     bprint:               __handle_mm_fault: NUMAB MEM ACCESS process[nid:0, cpu:30, pid:3344], folio[virt:0x7f3da6349000, phys:0x139717000, pfn:0x139717, nid:0, npages:1]
          cg.C.x-3347  [036]     1.017977: (+9)     bprint:               __handle_mm_fault: NUMAB MEM ACCESS process[nid:0, cpu:36, pid:3347], folio[virt:0x7f3da6350000, phys:0x15364d000, pfn:0x15364d, nid:0, npages:1]
          cg.C.x-3365  [009]     1.018020: (+43)    bprint:               __handle_mm_fault: NUMAB MEM ACCESS process[nid:1, cpu:9, pid:3365], folio[virt:0x7f3da6379000, phys:0x18900db000, pfn:0x18900db, nid:1, npages:1]
          cg.C.x-3382  [043]     1.018098: (+78)    bprint:               __handle_mm_fault: NUMAB MEM ACCESS process[nid:1, cpu:43, pid:3382], folio[virt:0x7f3da63a0000, phys:0x1864803000, pfn:0x1864803, nid:1, npages:1]
          cg.C.x-3337  [016]     1.018104: (+6)     bprint:               __handle_mm_fault: NUMAB MEM ACCESS process[nid:0, cpu:16, pid:3337], folio[virt:0x7f3da6339000, phys:0x15042a000, pfn:0x15042a, nid:0, npages:1]
          cg.C.x-3375  [029]     1.018106: (+2)     bprint:               __handle_mm_fault: NUMAB MEM ACCESS process[nid:1, cpu:29, pid:3375], folio[virt:0x7f3da6390000, phys:0x185e03b000, pfn:0x185e03b, nid:1, npages:1]
          cg.C.x-3351  [044]     1.018122: (+16)    bprint:               __handle_mm_fault: NUMAB MEM ACCESS process[nid:0, cpu:44, pid:3351], folio[virt:0x7f3da6359000, phys:0x32621d000, pfn:0x32621d, nid:0, npages:1]
          cg.C.x-3389  [057]     1.018128: (+6)     bprint:               __handle_mm_fault: NUMAB MEM ACCESS process[nid:1, cpu:57, pid:3389], folio[virt:0x7f3da63b0000, phys:0x18675cf000, pfn:0x18675cf, nid:1, npages:1]
          cg.C.x-3340  [022]     1.018167: (+39)    bprint:               __handle_mm_fault: NUMAB MEM ACCESS process[nid:0, cpu:22, pid:3340], folio[virt:0x7f3da6340000, phys:0x32458e000, pfn:0x32458e, nid:0, npages:1]
          cg.C.x-3331  [004]     1.018171: (+4)     bprint:               __handle_mm_fault: NUMAB MEM ACCESS process[nid:0, cpu:4, pid:3331], folio[virt:0x7f3da632b000, phys:0x29fd57000, pfn:0x29fd57, nid:0, npages:1]
          cg.C.x-3330  [002]     1.018187: (+16)    bprint:               __handle_mm_fault: NUMAB MEM ACCESS process[nid:0, cpu:2, pid:3330], folio[virt:0x7f3da6329000, phys:0x1397eb000, pfn:0x1397eb, nid:0, npages:1]
          cg.C.x-3361  [001]     1.018282: (+95)    bprint:               __handle_mm_fault: NUMAB MEM ACCESS process[nid:1, cpu:1, pid:3361], folio[virt:0x7f3da6370000, phys:0x1857852000, pfn:0x1857852, nid:1, npages:1]
          cg.C.x-3333  [008]     1.018291: (+9)     bprint:               __handle_mm_fault: NUMAB MEM ACCESS process[nid:0, cpu:8, pid:3333], folio[virt:0x7f3da6330000, phys:0x3244d1000, pfn:0x3244d1, nid:0, npages:1]
          cg.C.x-3368  [015]     1.018295: (+4)     bprint:               __handle_mm_fault: NUMAB MEM ACCESS process[nid:1, cpu:15, pid:3368], folio[virt:0x7f3da6380000, phys:0x1855c0d000, pfn:0x1855c0d, nid:1, npages:1]
          cg.C.x-3392  [063]     1.018323: (+28)    bprint:               __handle_mm_fault: NUMAB MEM ACCESS process[nid:1, cpu:63, pid:3392], folio[virt:0x7f3da63b7000, phys:0x185ec29000, pfn:0x185ec29, nid:1, npages:1]
          cg.C.x-3385  [049]     1.018348: (+25)    bprint:               __handle_mm_fault: NUMAB MEM ACCESS process[nid:1, cpu:49, pid:3385], folio[virt:0x7f3da63a7000, phys:0x1856fd4000, pfn:0x1856fd4, nid:1, npages:1]
          cg.C.x-3354  [050]     1.018350: (+2)     bprint:               __handle_mm_fault: NUMAB MEM ACCESS process[nid:0, cpu:50, pid:3354], folio[virt:0x7f3da6360000, phys:0x17e0859000, pfn:0x17e0859, nid:0, npages:1]
          cg.C.x-3371  [021]     1.018369: (+19)    bprint:               __handle_mm_fault: NUMAB MEM ACCESS process[nid:1, cpu:21, pid:3371], folio[virt:0x7f3da6387000, phys:0x185ec5f000, pfn:0x185ec5f, nid:1, npages:1]
          cg.C.x-3343  [028]     1.018458: (+89)    bprint:               __handle_mm_fault: NUMAB MEM ACCESS process[nid:0, cpu:28, pid:3343], folio[virt:0x7f3da6347000, phys:0x110fb9000, pfn:0x110fb9, nid:0, npages:1]
          cg.C.x-3357  [056]     1.018485: (+27)    bprint:               __handle_mm_fault: NUMAB MEM ACCESS process[nid:0, cpu:56, pid:3357], folio[virt:0x7f3da6367000, phys:0x139ca4000, pfn:0x139ca4, nid:0, npages:1]
          cg.C.x-3336  [014]     1.018490: (+5)     bprint:               __handle_mm_fault: NUMAB MEM ACCESS process[nid:0, cpu:14, pid:3336], folio[virt:0x7f3da6337000, phys:0x123286000, pfn:0x123286, nid:0, npages:1]
          cg.C.x-3378  [035]     1.018512: (+22)    bprint:               __handle_mm_fault: NUMAB MEM ACCESS process[nid:1, cpu:35, pid:3378], folio[virt:0x7f3da6397000, phys:0x185ead3000, pfn:0x185ead3, nid:1, npages:1]
          cg.C.x-3350  [042]     1.018521: (+9)     bprint:               __handle_mm_fault: NUMAB MEM ACCESS process[nid:0, cpu:42, pid:3350], folio[virt:0x7f3da6357000, phys:0x1108d4000, pfn:0x1108d4, nid:0, npages:1]
          cg.C.x-3364  [007]     1.018525: (+4)     bprint:               __handle_mm_fault: NUMAB MEM ACCESS process[nid:1, cpu:7, pid:3364], folio[virt:0x7f3da6377000, phys:0x185dc71000, pfn:0x185dc71, nid:1, npages:1]
          cg.C.x-3329  [000]     1.018538: (+13)    bprint:               __handle_mm_fault: NUMAB MEM ACCESS process[nid:0, cpu:0, pid:3329], folio[virt:0x7f3da6327000, phys:0x121750000, pfn:0x121750, nid:0, npages:1]
          cg.C.x-3388  [055]     1.018589: (+51)    bprint:               __handle_mm_fault: NUMAB MEM ACCESS process[nid:1, cpu:55, pid:3388], folio[virt:0x7f3da63ae000, phys:0x1867639000, pfn:0x1867639, nid:1, npages:1]
          cg.C.x-3381  [041]     1.018597: (+8)     bprint:               __handle_mm_fault: NUMAB MEM ACCESS process[nid:1, cpu:41, pid:3381], folio[virt:0x7f3da639e000, phys:0x186494b000, pfn:0x186494b, nid:1, npages:1]
          cg.C.x-3347  [036]     1.018765: (+168)   bprint:               __handle_mm_fault: NUMAB MEM ACCESS process[nid:0, cpu:36, pid:3347], folio[virt:0x7f3da692f6c0, phys:0x13bb29000, pfn:0x13bb29, nid:0, npages:1]
          cg.C.x-3346  [034]     1.018779: (+14)    bprint:               __handle_mm_fault: NUMAB MEM ACCESS process[nid:0, cpu:34, pid:3346], folio[virt:0x7f3da634e000, phys:0x1535b7000, pfn:0x1535b7, nid:0, npages:1]
          cg.C.x-3329  [000]     1.019010: (+231)   bprint:               __handle_mm_fault: NUMAB MEM ACCESS process[nid:0, cpu:0, pid:3329], folio[virt:0x7f3da68e3720, phys:0x1503e3000, pfn:0x1503e3, nid:0, npages:1]
          cg.C.x-3375  [029]     1.020147: (+1137)  bprint:               change_prot_numa: NUMAB SCAN vma[start:0x557fb0e47000, end:0x557fb0e48000, from:0x557fb0e47000, to:0x557fb0e48000, size:4 KB]
          cg.C.x-3375  [029]     1.020173: (+26)    bprint:               change_prot_numa: NUMAB SCAN vma[start:0x557fb0e48000, end:0x557fb0e49000, from:0x557fb0e48000, to:0x557fb0e49000, size:4 KB]
          cg.C.x-3375  [029]     1.020189: (+16)    bprint:               change_prot_numa: NUMAB SCAN vma[start:0x557fb23c8000, end:0x557fb23e9000, from:0x557fb23c8000, to:0x557fb23e9000, size:132 KB]
          cg.C.x-3375  [029]     1.020212: (+23)    bprint:               change_prot_numa: NUMAB SCAN vma[start:0x7f3d45401000, end:0x7f3d45c01000, from:0x7f3d45401000, to:0x7f3d45c01000, size:8192 KB]
          cg.C.x-3375  [029]     1.020232: (+20)    bprint:               change_prot_numa: NUMAB SCAN vma[start:0x7f3d45e01000, end:0x7f3d46601000, from:0x7f3d45e01000, to:0x7f3d46601000, size:8192 KB]
          cg.C.x-3375  [029]     1.020251: (+19)    bprint:               change_prot_numa: NUMAB SCAN vma[start:0x7f3d46801000, end:0x7f3d47001000, from:0x7f3d46801000, to:0x7f3d47001000, size:8192 KB]
          cg.C.x-3375  [029]     1.020269: (+18)    bprint:               change_prot_numa: NUMAB SCAN vma[start:0x7f3d47201000, end:0x7f3d47a01000, from:0x7f3d47201000, to:0x7f3d47a01000, size:8192 KB]
          cg.C.x-3375  [029]     1.020288: (+19)    bprint:               change_prot_numa: NUMAB SCAN vma[start:0x7f3d47c01000, end:0x7f3d48401000, from:0x7f3d47c01000, to:0x7f3d48401000, size:8192 KB]
          cg.C.x-3375  [029]     1.020307: (+19)    bprint:               change_prot_numa: NUMAB SCAN vma[start:0x7f3d48601000, end:0x7f3d48e01000, from:0x7f3d48601000, to:0x7f3d48e01000, size:8192 KB]
          cg.C.x-3375  [029]     1.020325: (+18)    bprint:               change_prot_numa: NUMAB SCAN vma[start:0x7f3d49001000, end:0x7f3d49801000, from:0x7f3d49001000, to:0x7f3d49801000, size:8192 KB]
          cg.C.x-3375  [029]     1.020344: (+19)    bprint:               change_prot_numa: NUMAB SCAN vma[start:0x7f3d49a01000, end:0x7f3d4a201000, from:0x7f3d49a01000, to:0x7f3d4a201000, size:8192 KB]
          cg.C.x-3375  [029]     1.020363: (+19)    bprint:               change_prot_numa: NUMAB SCAN vma[start:0x7f3d4a401000, end:0x7f3d4ac01000, from:0x7f3d4a401000, to:0x7f3d4ac01000, size:8192 KB]
          cg.C.x-3375  [029]     1.020381: (+18)    bprint:               change_prot_numa: NUMAB SCAN vma[start:0x7f3d4ae01000, end:0x7f3d4b601000, from:0x7f3d4ae01000, to:0x7f3d4b601000, size:8192 KB]
          cg.C.x-3375  [029]     1.020400: (+19)    bprint:               change_prot_numa: NUMAB SCAN vma[start:0x7f3d4b801000, end:0x7f3d4c001000, from:0x7f3d4b801000, to:0x7f3d4c001000, size:8192 KB]
          cg.C.x-3375  [029]     1.020419: (+19)    bprint:               change_prot_numa: NUMAB SCAN vma[start:0x7f3d4c201000, end:0x7f3d4ca01000, from:0x7f3d4c201000, to:0x7f3d4ca01000, size:8192 KB]
          cg.C.x-3375  [029]     1.020439: (+20)    bprint:               change_prot_numa: NUMAB SCAN vma[start:0x7f3d4cc01000, end:0x7f3d4d401000, from:0x7f3d4cc01000, to:0x7f3d4d401000, size:8192 KB]
          cg.C.x-3375  [029]     1.020456: (+17)    bprint:               change_prot_numa: NUMAB SCAN vma[start:0x7f3d4d601000, end:0x7f3d4de01000, from:0x7f3d4d601000, to:0x7f3d4de01000, size:8192 KB]
          cg.C.x-3375  [029]     1.020475: (+19)    bprint:               change_prot_numa: NUMAB SCAN vma[start:0x7f3d4e001000, end:0x7f3d4e801000, from:0x7f3d4e001000, to:0x7f3d4e801000, size:8192 KB]
          cg.C.x-3375  [029]     1.020493: (+18)    bprint:               change_prot_numa: NUMAB SCAN vma[start:0x7f3d4ea01000, end:0x7f3d4f201000, from:0x7f3d4ea01000, to:0x7f3d4f201000, size:8192 KB]
          cg.C.x-3375  [029]     1.020511: (+18)    bprint:               change_prot_numa: NUMAB SCAN vma[start:0x7f3d4f401000, end:0x7f3d4fc01000, from:0x7f3d4f401000, to:0x7f3d4fc01000, size:8192 KB]
          cg.C.x-3375  [029]     1.020529: (+18)    bprint:               change_prot_numa: NUMAB SCAN vma[start:0x7f3d4fe01000, end:0x7f3d50601000, from:0x7f3d4fe01000, to:0x7f3d50601000, size:8192 KB]
          cg.C.x-3375  [029]     1.020548: (+19)    bprint:               change_prot_numa: NUMAB SCAN vma[start:0x7f3d50801000, end:0x7f3d51001000, from:0x7f3d50801000, to:0x7f3d51001000, size:8192 KB]
          cg.C.x-3375  [029]     1.020566: (+18)    bprint:               change_prot_numa: NUMAB SCAN vma[start:0x7f3d51201000, end:0x7f3d51a01000, from:0x7f3d51201000, to:0x7f3d51a01000, size:8192 KB]
          cg.C.x-3375  [029]     1.020585: (+19)    bprint:               change_prot_numa: NUMAB SCAN vma[start:0x7f3d51c01000, end:0x7f3d52401000, from:0x7f3d51c01000, to:0x7f3d52401000, size:8192 KB]
          cg.C.x-3375  [029]     1.020604: (+19)    bprint:               change_prot_numa: NUMAB SCAN vma[start:0x7f3d52601000, end:0x7f3d52e01000, from:0x7f3d52601000, to:0x7f3d52e01000, size:8192 KB]
          cg.C.x-3375  [029]     1.020622: (+18)    bprint:               change_prot_numa: NUMAB SCAN vma[start:0x7f3d53001000, end:0x7f3d53801000, from:0x7f3d53001000, to:0x7f3d53801000, size:8192 KB]
          cg.C.x-3375  [029]     1.020640: (+18)    bprint:               change_prot_numa: NUMAB SCAN vma[start:0x7f3d53a01000, end:0x7f3d54201000, from:0x7f3d53a01000, to:0x7f3d54201000, size:8192 KB]
          cg.C.x-3375  [029]     1.020659: (+19)    bprint:               change_prot_numa: NUMAB SCAN vma[start:0x7f3d54401000, end:0x7f3d54c01000, from:0x7f3d54401000, to:0x7f3d54c01000, size:8192 KB]
          cg.C.x-3375  [029]     1.020678: (+19)    bprint:               change_prot_numa: NUMAB SCAN vma[start:0x7f3d54e01000, end:0x7f3d55601000, from:0x7f3d54e01000, to:0x7f3d55601000, size:8192 KB]
          cg.C.x-3375  [029]     1.020696: (+18)    bprint:               change_prot_numa: NUMAB SCAN vma[start:0x7f3d55801000, end:0x7f3d56001000, from:0x7f3d55801000, to:0x7f3d56001000, size:8192 KB]
          cg.C.x-3375  [029]     1.020716: (+20)    bprint:               change_prot_numa: NUMAB SCAN vma[start:0x7f3d56201000, end:0x7f3d56a01000, from:0x7f3d56201000, to:0x7f3d56a01000, size:8192 KB]
          cg.C.x-3375  [029]     1.020734: (+18)    bprint:               change_prot_numa: NUMAB SCAN vma[start:0x7f3d56c01000, end:0x7f3d57401000, from:0x7f3d56c01000, to:0x7f3d57401000, size:8192 KB]
          cg.C.x-3375  [029]     1.020753: (+19)    bprint:               change_prot_numa: NUMAB SCAN vma[start:0x7f3d57601000, end:0x7f3d57e01000, from:0x7f3d57601000, to:0x7f3d57e01000, size:8192 KB]
          cg.C.x-3375  [029]     1.020773: (+20)    bprint:               change_prot_numa: NUMAB SCAN vma[start:0x7f3d58001000, end:0x7f3d58801000, from:0x7f3d58001000, to:0x7f3d58801000, size:8192 KB]
          cg.C.x-3375  [029]     1.020791: (+18)    bprint:               change_prot_numa: NUMAB SCAN vma[start:0x7f3d58a01000, end:0x7f3d59201000, from:0x7f3d58a01000, to:0x7f3d59201000, size:8192 KB]
          cg.C.x-3375  [029]     1.020810: (+19)    bprint:               change_prot_numa: NUMAB SCAN vma[start:0x7f3d59401000, end:0x7f3d59c01000, from:0x7f3d59401000, to:0x7f3d59c01000, size:8192 KB]
          cg.C.x-3375  [029]     1.020832: (+22)    bprint:               change_prot_numa: NUMAB SCAN vma[start:0x7f3d59e01000, end:0x7f3d5a601000, from:0x7f3d59e01000, to:0x7f3d5a601000, size:8192 KB]
          cg.C.x-3375  [029]     1.020853: (+21)    bprint:               change_prot_numa: NUMAB SCAN vma[start:0x7f3d5a801000, end:0x7f3d5b001000, from:0x7f3d5a801000, to:0x7f3d5b001000, size:8192 KB]
          cg.C.x-3375  [029]     1.020874: (+21)    bprint:               change_prot_numa: NUMAB SCAN vma[start:0x7f3d5b201000, end:0x7f3d5ba01000, from:0x7f3d5b201000, to:0x7f3d5ba01000, size:8192 KB]
          cg.C.x-3375  [029]     1.020894: (+20)    bprint:               change_prot_numa: NUMAB SCAN vma[start:0x7f3d5bc01000, end:0x7f3d5c401000, from:0x7f3d5bc01000, to:0x7f3d5c401000, size:8192 KB]
          cg.C.x-3375  [029]     1.020913: (+19)    bprint:               change_prot_numa: NUMAB SCAN vma[start:0x7f3d5c601000, end:0x7f3d5ce01000, from:0x7f3d5c601000, to:0x7f3d5ce01000, size:8192 KB]
          cg.C.x-3375  [029]     1.020934: (+21)    bprint:               change_prot_numa: NUMAB SCAN vma[start:0x7f3d5d001000, end:0x7f3d5d801000, from:0x7f3d5d001000, to:0x7f3d5d801000, size:8192 KB]
          cg.C.x-3375  [029]     1.020956: (+22)    bprint:               change_prot_numa: NUMAB SCAN vma[start:0x7f3d5da01000, end:0x7f3d5e201000, from:0x7f3d5da01000, to:0x7f3d5e201000, size:8192 KB]
          cg.C.x-3375  [029]     1.020976: (+20)    bprint:               change_prot_numa: NUMAB SCAN vma[start:0x7f3d5e401000, end:0x7f3d5ec01000, from:0x7f3d5e401000, to:0x7f3d5ec01000, size:8192 KB]
          cg.C.x-3375  [029]     1.020999: (+23)    bprint:               change_prot_numa: NUMAB SCAN vma[start:0x7f3d5ee01000, end:0x7f3d5f601000, from:0x7f3d5ee01000, to:0x7f3d5f601000, size:8192 KB]
          cg.C.x-3375  [029]     1.021019: (+20)    bprint:               change_prot_numa: NUMAB SCAN vma[start:0x7f3d5f801000, end:0x7f3d60001000, from:0x7f3d5f801000, to:0x7f3d60001000, size:8192 KB]
          cg.C.x-3375  [029]     1.021041: (+22)    bprint:               change_prot_numa: NUMAB SCAN vma[start:0x7f3d60201000, end:0x7f3d60a01000, from:0x7f3d60201000, to:0x7f3d60a01000, size:8192 KB]
          cg.C.x-3375  [029]     1.021062: (+21)    bprint:               change_prot_numa: NUMAB SCAN vma[start:0x7f3d60c01000, end:0x7f3d61401000, from:0x7f3d60c01000, to:0x7f3d61401000, size:8192 KB]
          cg.C.x-3375  [029]     1.021083: (+21)    bprint:               change_prot_numa: NUMAB SCAN vma[start:0x7f3d61601000, end:0x7f3d61e01000, from:0x7f3d61601000, to:0x7f3d61e01000, size:8192 KB]
          cg.C.x-3375  [029]     1.021105: (+22)    bprint:               change_prot_numa: NUMAB SCAN vma[start:0x7f3d62001000, end:0x7f3d62801000, from:0x7f3d62001000, to:0x7f3d62801000, size:8192 KB]
          cg.C.x-3375  [029]     1.021125: (+20)    bprint:               change_prot_numa: NUMAB SCAN vma[start:0x7f3d62a01000, end:0x7f3d63201000, from:0x7f3d62a01000, to:0x7f3d63201000, size:8192 KB]
          cg.C.x-3375  [029]     1.021146: (+21)    bprint:               change_prot_numa: NUMAB SCAN vma[start:0x7f3d63401000, end:0x7f3d63c01000, from:0x7f3d63401000, to:0x7f3d63c01000, size:8192 KB]
          cg.C.x-3375  [029]     1.021167: (+21)    bprint:               change_prot_numa: NUMAB SCAN vma[start:0x7f3d63e01000, end:0x7f3d64601000, from:0x7f3d63e01000, to:0x7f3d64601000, size:8192 KB]
          cg.C.x-3375  [029]     1.021186: (+19)    bprint:               change_prot_numa: NUMAB SCAN vma[start:0x7f3d64801000, end:0x7f3d65001000, from:0x7f3d64801000, to:0x7f3d65001000, size:8192 KB]
          cg.C.x-3375  [029]     1.021207: (+21)    bprint:               change_prot_numa: NUMAB SCAN vma[start:0x7f3d65201000, end:0x7f3d65a01000, from:0x7f3d65201000, to:0x7f3d65a01000, size:8192 KB]
          cg.C.x-3375  [029]     1.021228: (+21)    bprint:               change_prot_numa: NUMAB SCAN vma[start:0x7f3d65c01000, end:0x7f3d66401000, from:0x7f3d65c01000, to:0x7f3d66401000, size:8192 KB]
          cg.C.x-3375  [029]     1.021248: (+20)    bprint:               change_prot_numa: NUMAB SCAN vma[start:0x7f3d66601000, end:0x7f3d66e01000, from:0x7f3d66601000, to:0x7f3d66e01000, size:8192 KB]
          cg.C.x-3375  [029]     1.021270: (+22)    bprint:               change_prot_numa: NUMAB SCAN vma[start:0x7f3d67001000, end:0x7f3d67801000, from:0x7f3d67001000, to:0x7f3d67801000, size:8192 KB]
          cg.C.x-3375  [029]     1.021291: (+21)    bprint:               change_prot_numa: NUMAB SCAN vma[start:0x7f3d67a01000, end:0x7f3d68201000, from:0x7f3d67a01000, to:0x7f3d68201000, size:8192 KB]
          cg.C.x-3375  [029]     1.021311: (+20)    bprint:               change_prot_numa: NUMAB SCAN vma[start:0x7f3d68401000, end:0x7f3d68c01000, from:0x7f3d68401000, to:0x7f3d68c01000, size:8192 KB]
          cg.C.x-3375  [029]     1.021331: (+20)    bprint:               change_prot_numa: NUMAB SCAN vma[start:0x7f3d68e01000, end:0x7f3d69601000, from:0x7f3d68e01000, to:0x7f3d69601000, size:8192 KB]
          cg.C.x-3375  [029]     1.021350: (+19)    bprint:               change_prot_numa: NUMAB SCAN vma[start:0x7f3d69801000, end:0x7f3d6a001000, from:0x7f3d69801000, to:0x7f3d6a001000, size:8192 KB]
          cg.C.x-3375  [029]     1.021372: (+22)    bprint:               change_prot_numa: NUMAB SCAN vma[start:0x7f3d6a201000, end:0x7f3d6aa01000, from:0x7f3d6a201000, to:0x7f3d6aa01000, size:8192 KB]
          cg.C.x-3375  [029]     1.021393: (+21)    bprint:               change_prot_numa: NUMAB SCAN vma[start:0x7f3d6ac01000, end:0x7f3d6b401000, from:0x7f3d6ac01000, to:0x7f3d6b401000, size:8192 KB]
          cg.C.x-3375  [029]     1.021414: (+21)    bprint:               change_prot_numa: NUMAB SCAN vma[start:0x7f3d6b601000, end:0x7f3d6be01000, from:0x7f3d6b601000, to:0x7f3d6be01000, size:8192 KB]
          cg.C.x-3375  [029]     1.021435: (+21)    bprint:               change_prot_numa: NUMAB SCAN vma[start:0x7f3d6c001000, end:0x7f3d6c801000, from:0x7f3d6c001000, to:0x7f3d6c801000, size:8192 KB]
          cg.C.x-3375  [029]     1.021455: (+20)    bprint:               change_prot_numa: NUMAB SCAN vma[start:0x7f3d6c96c000, end:0x7f3d7f2f9000, from:0x7f3d6c96c000, to:0x7f3d7f2f9000, size:304692 KB]
          cg.C.x-3375  [029]     1.021660: (+205)   bprint:               change_prot_numa: NUMAB SCAN vma[start:0x7f3d7f400000, end:0x7f3d80650000, from:0x7f3d7f400000, to:0x7f3d80650000, size:18752 KB]
          cg.C.x-3392  [063]     1.021660: (+0)     bprint:               do_huge_pmd_numa_page: NUMAB MEM ACCESS huge page process[nid:1, cpu:63, pid:3392], folio[virt:0x7f3d7df8d870, ker:0xffff940b84000000, pfn:0x1a04000, nid:1, npages:512]
          cg.C.x-3376  [031]     1.021663: (+3)     bprint:               do_huge_pmd_numa_page: NUMAB MEM ACCESS huge page process[nid:1, cpu:31, pid:3376], folio[virt:0x7f3d79a9d148, ker:0xffff940bf9c00000, pfn:0x1a79c00, nid:1, npages:512]
          cg.C.x-3354  [050]     1.021664: (+1)     bprint:               __handle_mm_fault: NUMAB MEM ACCESS process[nid:0, cpu:50, pid:3354], folio[virt:0x7f3d6cbee2f8, phys:0x3245ac000, pfn:0x3245ac, nid:0, npages:1]
          cg.C.x-3389  [057]     1.021666: (+2)     bprint:               do_huge_pmd_numa_page: NUMAB MEM ACCESS huge page process[nid:1, cpu:57, pid:3389], folio[virt:0x7f3d7d2a5fc8, ker:0xffff940be0200000, pfn:0x1a60200, nid:1, npages:512]
          cg.C.x-3368  [015]     1.021668: (+2)     bprint:               __handle_mm_fault: NUMAB MEM ACCESS process[nid:1, cpu:15, pid:3368], folio[virt:0x7f3d6cb45e88, phys:0x186d039000, pfn:0x186d039, nid:1, npages:1]
          cg.C.x-3390  [059]     1.021669: (+1)     bprint:               do_huge_pmd_numa_page: NUMAB MEM ACCESS huge page process[nid:1, cpu:59, pid:3390], folio[virt:0x7f3d7d6d0cc8, ker:0xffff940a1b000000, pfn:0x189b000, nid:1, npages:512]
          cg.C.x-3392  [063]     1.021670: (+1)     bprint:               __handle_mm_fault: NUMAB MEM ACCESS process[nid:1, cpu:63, pid:3392], folio[virt:0x7f3d6cbb3c88, phys:0x18674a8000, pfn:0x18674a8, nid:1, npages:1]
          cg.C.x-3379  [037]     1.021671: (+1)     bprint:               do_huge_pmd_numa_page: NUMAB MEM ACCESS huge page process[nid:1, cpu:37, pid:3379], folio[virt:0x7f3d7a78a070, ker:0xffff940a73000000, pfn:0x18f3000, nid:1, npages:512]
          cg.C.x-3376  [031]     1.021671: (+0)     bprint:               __handle_mm_fault: NUMAB MEM ACCESS process[nid:1, cpu:31, pid:3376], folio[virt:0x7f3d6cb6a828, phys:0x185f9ef000, pfn:0x185f9ef, nid:1, npages:1]
          cg.C.x-3389  [057]     1.021672: (+1)     bprint:               __handle_mm_fault: NUMAB MEM ACCESS process[nid:1, cpu:57, pid:3389], folio[virt:0x7f3d6cba60f8, phys:0x18676c4000, pfn:0x18676c4, nid:1, npages:1]
          cg.C.x-3369  [017]     1.021674: (+2)     bprint:               do_huge_pmd_numa_page: NUMAB MEM ACCESS huge page process[nid:1, cpu:17, pid:3369], folio[virt:0x7f3d77c6f9f0, ker:0xffff940c2dc00000, pfn:0x1aadc00, nid:1, npages:512]
          cg.C.x-3392  [063]     1.021674: (+0)     bprint:               __handle_mm_fault: NUMAB MEM ACCESS process[nid:1, cpu:63, pid:3392], folio[virt:0x7f3d6cbb67e8, phys:0x17e08a4000, pfn:0x17e08a4, nid:0, npages:1]
          cg.C.x-3392  [063]     1.021675: (+1)     bprint:               __handle_mm_fault: NUMAB TRY MEM MIGR process[nid:1, cpu:63, pid:3392], folio[virt:0x7f3d6cbb67e8, phys:0x17e08a4000, nid:0], target_nid:1
          cg.C.x-3390  [059]     1.021675: (+0)     bprint:               __handle_mm_fault: NUMAB MEM ACCESS process[nid:1, cpu:59, pid:3390], folio[virt:0x7f3d6cbaa798, phys:0x185f211000, pfn:0x185f211, nid:1, npages:1]
          cg.C.x-3373  [025]     1.021675: (+0)     bprint:               do_huge_pmd_numa_page: NUMAB MEM ACCESS huge page process[nid:1, cpu:25, pid:3373], folio[virt:0x7f3d78daf428, ker:0xffff940bf8a00000, pfn:0x1a78a00, nid:1, npages:512]
          cg.C.x-3376  [031]     1.021676: (+1)     bprint:               __handle_mm_fault: NUMAB MEM ACCESS process[nid:1, cpu:31, pid:3376], folio[virt:0x7f3d6cbb6980, phys:0x17e08a4000, pfn:0x17e08a4, nid:0, npages:1]
          cg.C.x-3376  [031]     1.021677: (+1)     bprint:               __handle_mm_fault: NUMAB TRY MEM MIGR process[nid:1, cpu:31, pid:3376], folio[virt:0x7f3d6cbb6980, phys:0x17e08a4000, nid:0], target_nid:1
          cg.C.x-3357  [056]     1.021678: (+1)     bprint:               do_huge_pmd_numa_page: NUMAB MEM ACCESS huge page process[nid:0, cpu:56, pid:3357], folio[virt:0x7f3d748d9d48, ker:0xffff93f4ba800000, pfn:0x33a800, nid:0, npages:512]
          cg.C.x-3389  [057]     1.021678: (+0)     bprint:               __handle_mm_fault: NUMAB MEM ACCESS process[nid:1, cpu:57, pid:3389], folio[virt:0x7f3d6cbb6bf8, phys:0x17e08a4000, pfn:0x17e08a4, nid:0, npages:1]
          cg.C.x-3376  [031]     1.021678: (+0)     bprint:               migrate_misplaced_folio: NUMAB pid:3376 ABORTING MEM MIGR because !isolated
          cg.C.x-3379  [037]     1.021679: (+1)     bprint:               __handle_mm_fault: NUMAB MEM ACCESS process[nid:1, cpu:37, pid:3379], folio[virt:0x7f3d6cbef850, phys:0x3245ad000, pfn:0x3245ad, nid:0, npages:1]
          cg.C.x-3389  [057]     1.021679: (+0)     bprint:               __handle_mm_fault: NUMAB TRY MEM MIGR process[nid:1, cpu:57, pid:3389], folio[virt:0x7f3d6cbb6bf8, phys:0x17e08a4000, nid:0], target_nid:1
          cg.C.x-3389  [057]     1.021680: (+1)     bprint:               migrate_misplaced_folio: NUMAB pid:3389 ABORTING MEM MIGR because !isolated
          cg.C.x-3349  [040]     1.021680: (+0)     bprint:               do_huge_pmd_numa_page: NUMAB MEM ACCESS huge page process[nid:0, cpu:40, pid:3349], folio[virt:0x7f3d72669be0, ker:0xffff93f41f800000, pfn:0x29f800, nid:0, npages:512]
          cg.C.x-3379  [037]     1.021680: (+0)     bprint:               __handle_mm_fault: NUMAB TRY MEM MIGR process[nid:1, cpu:37, pid:3379], folio[virt:0x7f3d6cbef850, phys:0x3245ad000, nid:0], target_nid:1
          cg.C.x-3369  [017]     1.021680: (+0)     bprint:               __handle_mm_fault: NUMAB MEM ACCESS process[nid:1, cpu:17, pid:3369], folio[virt:0x7f3d6cb4a688, phys:0x186688c000, pfn:0x186688c, nid:1, npages:1]
          cg.C.x-3390  [059]     1.021681: (+1)     bprint:               __handle_mm_fault: NUMAB MEM ACCESS process[nid:1, cpu:59, pid:3390], folio[virt:0x7f3d6cbb6100, phys:0x17e08a4000, pfn:0x17e08a4, nid:0, npages:1]
          cg.C.x-3390  [059]     1.021682: (+1)     bprint:               __handle_mm_fault: NUMAB TRY MEM MIGR process[nid:1, cpu:59, pid:3390], folio[virt:0x7f3d6cbb6100, phys:0x17e08a4000, nid:0], target_nid:1
          cg.C.x-3363  [005]     1.021683: (+1)     bprint:               do_huge_pmd_numa_page: NUMAB MEM ACCESS huge page process[nid:1, cpu:5, pid:3363], folio[virt:0x7f3d762b2448, ker:0xffff940a43600000, pfn:0x18c3600, nid:1, npages:512]
          cg.C.x-3373  [025]     1.021683: (+0)     bprint:               __handle_mm_fault: NUMAB MEM ACCESS process[nid:1, cpu:25, pid:3373], folio[virt:0x7f3d6cb5cca0, phys:0x303f2d7000, pfn:0x303f2d7, nid:1, npages:1]
          cg.C.x-3390  [059]     1.021683: (+0)     bprint:               migrate_misplaced_folio: NUMAB pid:3390 ABORTING MEM MIGR because !isolated
          cg.C.x-3357  [056]     1.021685: (+2)     bprint:               __handle_mm_fault: NUMAB MEM ACCESS process[nid:0, cpu:56, pid:3357], folio[virt:0x7f3d6cb13910, phys:0x114406000, pfn:0x114406, nid:0, npages:1]
          cg.C.x-3382  [043]     1.021685: (+0)     bprint:               do_huge_pmd_numa_page: NUMAB MEM ACCESS huge page process[nid:1, cpu:43, pid:3382], folio[virt:0x7f3d7b486720, ker:0xffff940b84800000, pfn:0x1a04800, nid:1, npages:512]
          cg.C.x-3377  [033]     1.021687: (+2)     bprint:               do_huge_pmd_numa_page: NUMAB MEM ACCESS huge page process[nid:1, cpu:33, pid:3377], folio[virt:0x7f3d79ef3b08, ker:0xffff940c2a600000, pfn:0x1aaa600, nid:1, npages:512]
          cg.C.x-3381  [041]     1.021689: (+2)     bprint:               do_huge_pmd_numa_page: NUMAB MEM ACCESS huge page process[nid:1, cpu:41, pid:3381], folio[virt:0x7f3d7b02ae08, ker:0xffff940be1400000, pfn:0x1a61400, nid:1, npages:512]
          cg.C.x-3349  [040]     1.021690: (+1)     bprint:               __handle_mm_fault: NUMAB MEM ACCESS process[nid:0, cpu:40, pid:3349], folio[virt:0x7f3d6caeef18, phys:0x13ab61000, pfn:0x13ab61, nid:0, npages:1]
          cg.C.x-3386  [051]     1.021691: (+1)     bprint:               do_huge_pmd_numa_page: NUMAB MEM ACCESS huge page process[nid:1, cpu:51, pid:3386], folio[virt:0x7f3d7c5afed0, ker:0xffff940bfb000000, pfn:0x1a7b000, nid:1, npages:512]
          cg.C.x-3363  [005]     1.021692: (+1)     bprint:               __handle_mm_fault: NUMAB MEM ACCESS process[nid:1, cpu:5, pid:3363], folio[virt:0x7f3d6cb2f0a8, phys:0x185762e000, pfn:0x185762e, nid:1, npages:1]
          cg.C.x-3370  [019]     1.021694: (+2)     bprint:               do_huge_pmd_numa_page: NUMAB MEM ACCESS huge page process[nid:1, cpu:19, pid:3370], folio[virt:0x7f3d780b9888, ker:0xffff940c2b000000, pfn:0x1aab000, nid:1, npages:512]
          cg.C.x-3357  [056]     1.021694: (+0)     bprint:               __handle_mm_fault: NUMAB MEM ACCESS process[nid:0, cpu:56, pid:3357], folio[virt:0x7f3d6cbec1e0, phys:0x3245aa000, pfn:0x3245aa, nid:0, npages:1]
          cg.C.x-3376  [031]     1.021696: (+2)     bprint:               __handle_mm_fault: NUMAB MEM ACCESS process[nid:1, cpu:31, pid:3376], folio[virt:0x7f3d6cbf1e60, phys:0x3245af000, pfn:0x3245af, nid:0, npages:1]
          cg.C.x-3376  [031]     1.021696: (+0)     bprint:               __handle_mm_fault: NUMAB TRY MEM MIGR process[nid:1, cpu:31, pid:3376], folio[virt:0x7f3d6cbf1e60, phys:0x3245af000, nid:0], target_nid:1
          cg.C.x-3353  [048]     1.021697: (+1)     bprint:               do_huge_pmd_numa_page: NUMAB MEM ACCESS huge page process[nid:0, cpu:48, pid:3353], folio[virt:0x7f3d7379fdd0, ker:0xffff93f47e200000, pfn:0x2fe200, nid:0, npages:512]
          cg.C.x-3382  [043]     1.021698: (+1)     bprint:               __handle_mm_fault: NUMAB MEM ACCESS process[nid:1, cpu:43, pid:3382], folio[virt:0x7f3d6cb85fb0, phys:0x185e816000, pfn:0x185e816, nid:1, npages:1]
          cg.C.x-3377  [033]     1.021701: (+3)     bprint:               __handle_mm_fault: NUMAB MEM ACCESS process[nid:1, cpu:33, pid:3377], folio[virt:0x7f3d6cb6f238, phys:0x185e371000, pfn:0x185e371, nid:1, npages:1]
          cg.C.x-3340  [022]     1.021701: (+0)     bprint:               do_huge_pmd_numa_page: NUMAB MEM ACCESS huge page process[nid:0, cpu:22, pid:3340], folio[virt:0x7f3d6ffa5bc8, ker:0xffff93f4a5800000, pfn:0x325800, nid:0, npages:512]
          cg.C.x-3356  [054]     1.021704: (+3)     bprint:               do_huge_pmd_numa_page: NUMAB MEM ACCESS huge page process[nid:0, cpu:54, pid:3356], folio[virt:0x7f3d7448eb08, ker:0xffff93f4cca00000, pfn:0x34ca00, nid:0, npages:512]
          cg.C.x-3381  [041]     1.021704: (+0)     bprint:               __handle_mm_fault: NUMAB MEM ACCESS process[nid:1, cpu:41, pid:3381], folio[virt:0x7f3d6cb815d8, phys:0x185f196000, pfn:0x185f196, nid:1, npages:1]
          cg.C.x-3389  [057]     1.021706: (+2)     sched_switch:         cg.C.x:3389 [120] D ==> swapper/57:0 [120]
          cg.C.x-3390  [059]     1.021706: (+0)     sched_switch:         cg.C.x:3390 [120] D ==> swapper/59:0 [120]
          cg.C.x-3351  [044]     1.021706: (+0)     bprint:               do_huge_pmd_numa_page: NUMAB MEM ACCESS huge page process[nid:0, cpu:44, pid:3351], folio[virt:0x7f3d72efdc08, ker:0xffff93f2aac00000, pfn:0x12ac00, nid:0, npages:512]
          cg.C.x-3369  [017]     1.021707: (+1)     bprint:               __handle_mm_fault: NUMAB MEM ACCESS process[nid:1, cpu:17, pid:3369], folio[virt:0x7f3d6cbedb30, phys:0x3245ab000, pfn:0x3245ab, nid:0, npages:1]
          cg.C.x-3369  [017]     1.021708: (+1)     bprint:               __handle_mm_fault: NUMAB TRY MEM MIGR process[nid:1, cpu:17, pid:3369], folio[virt:0x7f3d6cbedb30, phys:0x3245ab000, nid:0], target_nid:1
          cg.C.x-3357  [056]     1.021708: (+0)     bprint:               __handle_mm_fault: NUMAB MEM ACCESS process[nid:0, cpu:56, pid:3357], folio[virt:0x7f3d6cbf0a50, phys:0x3245ae000, pfn:0x3245ae, nid:0, npages:1]
          cg.C.x-3337  [016]     1.021709: (+1)     bprint:               do_huge_pmd_numa_page: NUMAB MEM ACCESS huge page process[nid:0, cpu:16, pid:3337], folio[virt:0x7f3d6f2a05c8, ker:0xffff93f47f800000, pfn:0x2ff800, nid:0, npages:512]
          cg.C.x-3373  [025]     1.021709: (+0)     sched_switch:         cg.C.x:3373 [120] D ==> swapper/25:0 [120]
          cg.C.x-3386  [051]     1.021710: (+1)     bprint:               __handle_mm_fault: NUMAB MEM ACCESS process[nid:1, cpu:51, pid:3386], folio[virt:0x7f3d6cb98430, phys:0x1855a9c000, pfn:0x1855a9c, nid:1, npages:1]
          cg.C.x-3380  [039]     1.021711: (+1)     bprint:               do_huge_pmd_numa_page: NUMAB MEM ACCESS huge page process[nid:1, cpu:39, pid:3380], folio[virt:0x7f3d7abe22e0, ker:0xffff940bbbe00000, pfn:0x1a3be00, nid:1, npages:512]
          cg.C.x-3349  [040]     1.021711: (+0)     sched_switch:         cg.C.x:3349 [120] D ==> swapper/40:0 [120]
          cg.C.x-3363  [005]     1.021712: (+1)     sched_switch:         cg.C.x:3363 [120] D ==> swapper/5:0 [120]
          cg.C.x-3370  [019]     1.021712: (+0)     bprint:               __handle_mm_fault: NUMAB MEM ACCESS process[nid:1, cpu:19, pid:3370], folio[virt:0x7f3d6cb4ef98, phys:0x1858d9c000, pfn:0x1858d9c, nid:1, npages:1]
          cg.C.x-3382  [043]     1.021714: (+2)     bprint:               __handle_mm_fault: NUMAB MEM ACCESS process[nid:1, cpu:43, pid:3382], folio[virt:0x7f3d6cbedc00, phys:0x3245ab000, pfn:0x3245ab, nid:0, npages:1]
          cg.C.x-3360  [062]     1.021715: (+1)     bprint:               do_huge_pmd_numa_page: NUMAB MEM ACCESS huge page process[nid:0, cpu:62, pid:3360], folio[virt:0x7f3d755c8a48, ker:0xffff93f48d000000, pfn:0x30d000, nid:0, npages:512]
          cg.C.x-3382  [043]     1.021716: (+1)     bprint:               __handle_mm_fault: NUMAB TRY MEM MIGR process[nid:1, cpu:43, pid:3382], folio[virt:0x7f3d6cbedc00, phys:0x3245ab000, nid:0], target_nid:1
          cg.C.x-3353  [048]     1.021716: (+0)     bprint:               __handle_mm_fault: NUMAB MEM ACCESS process[nid:0, cpu:48, pid:3353], folio[virt:0x7f3d6cb013e8, phys:0x362827000, pfn:0x362827, nid:0, npages:1]
          cg.C.x-3382  [043]     1.021716: (+0)     bprint:               migrate_misplaced_folio: NUMAB pid:3382 ABORTING MEM MIGR because !isolated
          cg.C.x-3330  [002]     1.021717: (+1)     bprint:               do_huge_pmd_numa_page: NUMAB MEM ACCESS huge page process[nid:0, cpu:2, pid:3330], folio[virt:0x7f3d6d48e248, ker:0xffff93f44dc00000, pfn:0x2cdc00, nid:0, npages:512]
          cg.C.x-3340  [022]     1.021718: (+1)     bprint:               __handle_mm_fault: NUMAB MEM ACCESS process[nid:0, cpu:22, pid:3340], folio[virt:0x7f3d6cac5c58, phys:0x326388000, pfn:0x326388, nid:0, npages:1]
          cg.C.x-3361  [001]     1.021720: (+2)     bprint:               do_huge_pmd_numa_page: NUMAB MEM ACCESS huge page process[nid:1, cpu:1, pid:3361], folio[virt:0x7f3d75a01ac8, ker:0xffff940be1e00000, pfn:0x1a61e00, nid:1, npages:512]
          cg.C.x-3356  [054]     1.021720: (+0)     bprint:               __handle_mm_fault: NUMAB MEM ACCESS process[nid:0, cpu:54, pid:3356], folio[virt:0x7f3d6cb0f030, phys:0x2fec1b000, pfn:0x2fec1b, nid:0, npages:1]
          cg.C.x-3359  [060]     1.021722: (+2)     bprint:               do_huge_pmd_numa_page: NUMAB MEM ACCESS huge page process[nid:0, cpu:60, pid:3359], folio[virt:0x7f3d75171008, ker:0xffff93f4ca800000, pfn:0x34a800, nid:0, npages:512]
          cg.C.x-3351  [044]     1.021723: (+1)     bprint:               __handle_mm_fault: NUMAB MEM ACCESS process[nid:0, cpu:44, pid:3351], folio[virt:0x7f3d6caf8088, phys:0x29fdc1000, pfn:0x29fdc1, nid:0, npages:1]
          cg.C.x-3337  [016]     1.021724: (+1)     bprint:               __handle_mm_fault: NUMAB MEM ACCESS process[nid:0, cpu:16, pid:3337], folio[virt:0x7f3d6cab7f50, phys:0x17e08a1000, pfn:0x17e08a1, nid:0, npages:1]
          cg.C.x-3377  [033]     1.021725: (+1)     sched_switch:         cg.C.x:3377 [120] D ==> swapper/33:0 [120]
          cg.C.x-3339  [020]     1.021725: (+0)     bprint:               do_huge_pmd_numa_page: NUMAB MEM ACCESS huge page process[nid:0, cpu:20, pid:3339], folio[virt:0x7f3d6fb53d88, ker:0xffff93f4b8600000, pfn:0x338600, nid:0, npages:512]
          cg.C.x-3381  [041]     1.021726: (+1)     sched_switch:         cg.C.x:3381 [120] D ==> swapper/41:0 [120]
          cg.C.x-3380  [039]     1.021728: (+2)     bprint:               __handle_mm_fault: NUMAB MEM ACCESS process[nid:1, cpu:39, pid:3380], folio[virt:0x7f3d6cb7cd50, phys:0x186c7d0000, pfn:0x186c7d0, nid:1, npages:1]
          cg.C.x-3366  [011]     1.021728: (+0)     bprint:               do_huge_pmd_numa_page: NUMAB MEM ACCESS huge page process[nid:1, cpu:11, pid:3366], folio[virt:0x7f3d76f9bf18, ker:0xffff940bbbc00000, pfn:0x1a3bc00, nid:1, npages:512]
          cg.C.x-3392  [063]     1.021729: (+1)     sched_waking:         comm=cg.C.x pid=3390 prio=120 target_cpu=059
          cg.C.x-3374  [027]     1.021730: (+1)     bprint:               do_huge_pmd_numa_page: NUMAB MEM ACCESS huge page process[nid:1, cpu:27, pid:3374], folio[virt:0x7f3d7920a770, ker:0xffff940bf7e00000, pfn:0x1a77e00, nid:1, npages:512]
          cg.C.x-3360  [062]     1.021730: (+0)     bprint:               __handle_mm_fault: NUMAB MEM ACCESS process[nid:0, cpu:62, pid:3360], folio[virt:0x7f3d6cb214d0, phys:0x13aab4000, pfn:0x13aab4, nid:0, npages:1]
          cg.C.x-3392  [063]     1.021731: (+1)     sched_wake_idle_without_ipi: cpu=59
          cg.C.x-3392  [063]     1.021731: (+0)     sched_waking:         comm=cg.C.x pid=3389 prio=120 target_cpu=057
          cg.C.x-3392  [063]     1.021732: (+1)     sched_wake_idle_without_ipi: cpu=57
          cg.C.x-3386  [051]     1.021732: (+0)     sched_switch:         cg.C.x:3386 [120] D ==> swapper/51:0 [120]
          cg.C.x-3392  [063]     1.021733: (+1)     sched_waking:         comm=cg.C.x pid=3349 prio=120 target_cpu=040
          cg.C.x-3338  [018]     1.021733: (+0)     bprint:               do_huge_pmd_numa_page: NUMAB MEM ACCESS huge page process[nid:0, cpu:18, pid:3338], folio[virt:0x7f3d6f6fbf08, ker:0xffff93f48d800000, pfn:0x30d800, nid:0, npages:512]
          cg.C.x-3392  [063]     1.021734: (+1)     sched_waking:         comm=cg.C.x pid=3363 prio=120 target_cpu=005
          cg.C.x-3392  [063]     1.021734: (+0)     sched_wake_idle_without_ipi: cpu=5
          cg.C.x-3379  [037]     1.021734: (+0)     sched_waking:         comm=cg.C.x pid=3373 prio=120 target_cpu=025
          cg.C.x-3392  [063]     1.021735: (+1)     sched_waking:         comm=cg.C.x pid=3377 prio=120 target_cpu=033
          cg.C.x-3379  [037]     1.021735: (+0)     sched_wake_idle_without_ipi: cpu=25
          cg.C.x-3392  [063]     1.021735: (+0)     sched_waking:         comm=cg.C.x pid=3381 prio=120 target_cpu=041
          <idle>-0     [057]     1.021735: (+0)     sched_wakeup:         cg.C.x:3389 [120] CPU:057
          <idle>-0     [059]     1.021736: (+1)     sched_wakeup:         cg.C.x:3390 [120] CPU:059
          cg.C.x-3361  [001]     1.021736: (+0)     bprint:               __handle_mm_fault: NUMAB MEM ACCESS process[nid:1, cpu:1, pid:3361], folio[virt:0x7f3d6cb25ce0, phys:0x18574a0000, pfn:0x18574a0, nid:1, npages:1]
          cg.C.x-3392  [063]     1.021736: (+0)     sched_waking:         comm=cg.C.x pid=3386 prio=120 target_cpu=051
          cg.C.x-3332  [006]     1.021736: (+0)     bprint:               do_huge_pmd_numa_page: NUMAB MEM ACCESS huge page process[nid:0, cpu:6, pid:3332], folio[virt:0x7f3d6dd0b988, ker:0xffff93f29b400000, pfn:0x11b400, nid:0, npages:512]
          <idle>-0     [057]     1.021737: (+1)     sched_switch:         swapper/57:0 [120] R ==> cg.C.x:3389 [120]
          <idle>-0     [059]     1.021738: (+1)     sched_switch:         swapper/59:0 [120] R ==> cg.C.x:3390 [120]
          <idle>-0     [005]     1.021738: (+0)     sched_wakeup:         cg.C.x:3363 [120] CPU:005
          cg.C.x-3333  [008]     1.021738: (+0)     bprint:               do_huge_pmd_numa_page: NUMAB MEM ACCESS huge page process[nid:0, cpu:8, pid:3333], folio[virt:0x7f3d6e1686c8, ker:0xffff93f41f000000, pfn:0x29f000, nid:0, npages:512]
          <idle>-0     [040]     1.021739: (+1)     sched_wakeup:         cg.C.x:3349 [120] CPU:040
          cg.C.x-3359  [060]     1.021739: (+0)     bprint:               __handle_mm_fault: NUMAB MEM ACCESS process[nid:0, cpu:60, pid:3359], folio[virt:0x7f3d6cb1cb48, phys:0x13b0fc000, pfn:0x13b0fc, nid:0, npages:1]
          <idle>-0     [025]     1.021739: (+0)     sched_wakeup:         cg.C.x:3373 [120] CPU:025
          <idle>-0     [005]     1.021740: (+1)     sched_switch:         swapper/5:0 [120] R ==> cg.C.x:3363 [120]
          <idle>-0     [041]     1.021740: (+0)     sched_wakeup:         cg.C.x:3381 [120] CPU:041
          <idle>-0     [033]     1.021740: (+0)     sched_wakeup:         cg.C.x:3377 [120] CPU:033
          <idle>-0     [051]     1.021740: (+0)     sched_wakeup:         cg.C.x:3386 [120] CPU:051
          <idle>-0     [025]     1.021741: (+1)     sched_switch:         swapper/25:0 [120] R ==> cg.C.x:3373 [120]
          cg.C.x-3352  [046]     1.021741: (+0)     bprint:               do_huge_pmd_numa_page: NUMAB MEM ACCESS huge page process[nid:0, cpu:46, pid:3352], folio[virt:0x7f3d73346ec8, ker:0xffff93f48c400000, pfn:0x30c400, nid:0, npages:512]
          cg.C.x-3356  [054]     1.021741: (+0)     sched_switch:         cg.C.x:3356 [120] D ==> swapper/54:0 [120]
          cg.C.x-3390  [059]     1.021742: (+1)     bprint:               __handle_mm_fault: NUMAB MEM ACCESS process[nid:1, cpu:59, pid:3390], folio[virt:0x7f3d47000fe8, phys:0x36298a000, pfn:0x36298a, nid:0, npages:1]
          <idle>-0     [041]     1.021743: (+1)     sched_switch:         swapper/41:0 [120] R ==> cg.C.x:3381 [120]
          <idle>-0     [040]     1.021743: (+0)     sched_switch:         swapper/40:0 [120] R ==> cg.C.x:3349 [120]
          <idle>-0     [033]     1.021743: (+0)     sched_switch:         swapper/33:0 [120] R ==> cg.C.x:3377 [120]
          <idle>-0     [051]     1.021743: (+0)     sched_switch:         swapper/51:0 [120] R ==> cg.C.x:3386 [120]
          cg.C.x-3390  [059]     1.021743: (+0)     bprint:               __handle_mm_fault: NUMAB TRY MEM MIGR process[nid:1, cpu:59, pid:3390], folio[virt:0x7f3d47000fe8, phys:0x36298a000, nid:0], target_nid:1
          cg.C.x-3336  [014]     1.021744: (+1)     bprint:               do_huge_pmd_numa_page: NUMAB MEM ACCESS huge page process[nid:0, cpu:14, pid:3336], folio[virt:0x7f3d6ee5f488, ker:0xffff93f4cd400000, pfn:0x34d400, nid:0, npages:512]
          cg.C.x-3357  [056]     1.021744: (+0)     sched_switch:         cg.C.x:3357 [120] D ==> swapper/56:0 [120]
          cg.C.x-3366  [011]     1.021745: (+1)     bprint:               __handle_mm_fault: NUMAB MEM ACCESS process[nid:1, cpu:11, pid:3366], folio[virt:0x7f3d6cb3cca0, phys:0x186de64000, pfn:0x186de64, nid:1, npages:1]
          cg.C.x-3370  [019]     1.021745: (+0)     sched_switch:         cg.C.x:3370 [120] D ==> swapper/19:0 [120]
          cg.C.x-3343  [028]     1.021746: (+1)     bprint:               do_huge_pmd_numa_page: NUMAB MEM ACCESS huge page process[nid:0, cpu:28, pid:3343], folio[virt:0x7f3d70c98088, ker:0xffff93f4bc200000, pfn:0x33c200, nid:0, npages:512]
          cg.C.x-3339  [020]     1.021748: (+2)     sched_switch:         cg.C.x:3339 [120] D ==> swapper/20:0 [120]
          cg.C.x-3349  [040]     1.021748: (+0)     bprint:               __handle_mm_fault: NUMAB MEM ACCESS process[nid:0, cpu:40, pid:3349], folio[virt:0x7f3d60a00fe8, phys:0x30cbd5000, pfn:0x30cbd5, nid:0, npages:1]
          cg.C.x-3374  [027]     1.021749: (+1)     bprint:               __handle_mm_fault: NUMAB MEM ACCESS process[nid:1, cpu:27, pid:3374], folio[virt:0x7f3d6cb616c0, phys:0x18576aa000, pfn:0x18576aa, nid:1, npages:1]
          cg.C.x-3380  [039]     1.021749: (+0)     sched_switch:         cg.C.x:3380 [120] D ==> swapper/39:0 [120]
          cg.C.x-3388  [055]     1.021749: (+0)     bprint:               do_huge_pmd_numa_page: NUMAB MEM ACCESS huge page process[nid:1, cpu:55, pid:3388], folio[virt:0x7f3d7ce4d190, ker:0xffff940bb7000000, pfn:0x1a37000, nid:1, npages:512]
