          cg.C.x-2416  [046]     0.008514: (+0)     sched_switch:         cg.C.x:2416 [120] R ==> kworker/46:1:729 [120]
          cg.C.x-2406  [026]     0.008514: (+0)     sched_wakeup:         kworker/26:1:728 [120] CPU:026
          cg.C.x-2438  [027]     0.008515: (+1)     sched_wakeup:         kworker/27:1:722 [120] CPU:027
          cg.C.x-2414  [042]     0.008516: (+1)     sched_wakeup:         kworker/42:1:726 [120] CPU:042
          cg.C.x-2436  [023]     0.008516: (+0)     sched_wakeup:         kworker/23:0:157 [120] CPU:023
          cg.C.x-2452  [055]     0.008516: (+0)     sched_wakeup:         kworker/55:1:501 [120] CPU:055
          cg.C.x-2437  [025]     0.008516: (+0)     sched_wakeup:         kworker/25:1:741 [120] CPU:025
          cg.C.x-2433  [017]     0.008516: (+0)     sched_wakeup:         kworker/17:1:486 [120] CPU:017
          cg.C.x-2428  [007]     0.008516: (+0)     sched_wakeup:         kworker/7:1:482 [120] CPU:007
          cg.C.x-2444  [039]     0.008516: (+0)     sched_wakeup:         kworker/39:1:586 [120] CPU:039
          cg.C.x-2445  [041]     0.008516: (+0)     sched_wakeup:         kworker/41:1:587 [120] CPU:041
          cg.C.x-2429  [009]     0.008516: (+0)     sched_wakeup:         kworker/9:1:713 [120] CPU:009
          cg.C.x-2443  [037]     0.008516: (+0)     sched_wakeup:         kworker/37:0:241 [120] CPU:037
          cg.C.x-2426  [003]     0.008516: (+0)     sched_wakeup:         kworker/3:1:707 [120] CPU:003
          cg.C.x-2424  [062]     0.008516: (+0)     sched_wakeup:         kworker/62:1:743 [120] CPU:062
          cg.C.x-2440  [031]     0.008517: (+1)     sched_wakeup:         kworker/31:1:492 [120] CPU:031
          cg.C.x-2434  [019]     0.008517: (+0)     sched_wakeup:         kworker/19:1:717 [120] CPU:019
          cg.C.x-2435  [021]     0.008517: (+0)     sched_wakeup:         kworker/21:1:721 [120] CPU:021
          cg.C.x-2430  [011]     0.008517: (+0)     sched_wakeup:         kworker/11:1:545 [120] CPU:011
          cg.C.x-2456  [063]     0.008517: (+0)     sched_wakeup:         kworker/63:1:654 [120] CPU:063
          cg.C.x-2441  [033]     0.008517: (+0)     sched_wakeup:         kworker/33:1:484 [120] CPU:033
          cg.C.x-2423  [060]     0.008518: (+1)     sched_switch:         cg.C.x:2423 [120] R ==> kworker/60:1:744 [120]
          cg.C.x-2431  [013]     0.008518: (+0)     sched_wakeup:         kworker/13:2:1936 [120] CPU:013
          cg.C.x-2449  [049]     0.008519: (+1)     sched_wakeup:         rcu_preempt:17 [120] CPU:049
          cg.C.x-2454  [059]     0.008520: (+1)     sched_switch:         cg.C.x:2454 [120] R ==> kworker/59:1:544 [120]
          cg.C.x-2452  [055]     0.008522: (+2)     sched_switch:         cg.C.x:2452 [120] R ==> kworker/55:1:501 [120]
          cg.C.x-2444  [039]     0.008522: (+0)     sched_switch:         cg.C.x:2444 [120] R ==> kworker/39:1:586 [120]
          cg.C.x-2443  [037]     0.008522: (+0)     sched_switch:         cg.C.x:2443 [120] R ==> kworker/37:0:241 [120]
          cg.C.x-2414  [042]     0.008522: (+0)     sched_switch:         cg.C.x:2414 [120] R ==> kworker/42:1:726 [120]
          cg.C.x-2424  [062]     0.008523: (+1)     sched_switch:         cg.C.x:2424 [120] R ==> kworker/62:1:743 [120]
          cg.C.x-2441  [033]     0.008523: (+0)     sched_switch:         cg.C.x:2441 [120] R ==> kworker/33:1:484 [120]
          cg.C.x-2456  [063]     0.008523: (+0)     sched_switch:         cg.C.x:2456 [120] R ==> kworker/63:1:654 [120]
          cg.C.x-2445  [041]     0.008523: (+0)     sched_switch:         cg.C.x:2445 [120] R ==> kworker/41:1:587 [120]
          cg.C.x-2432  [015]     0.008524: (+1)     sched_switch:         cg.C.x:2432 [120] R ==> kworker/15:1:483 [120]
          cg.C.x-2449  [049]     0.008524: (+0)     sched_switch:         cg.C.x:2449 [120] R ==> rcu_preempt:17 [120]
          cg.C.x-2437  [025]     0.008524: (+0)     sched_switch:         cg.C.x:2437 [120] R ==> kworker/25:1:741 [120]
          cg.C.x-2436  [023]     0.008524: (+0)     sched_switch:         cg.C.x:2436 [120] R ==> kworker/23:0:157 [120]
          cg.C.x-2439  [029]     0.008524: (+0)     sched_switch:         cg.C.x:2439 [120] R ==> kworker/29:1:497 [120]
          cg.C.x-2438  [027]     0.008525: (+1)     sched_switch:         cg.C.x:2438 [120] R ==> kworker/27:1:722 [120]
          cg.C.x-2406  [026]     0.008525: (+0)     sched_switch:         cg.C.x:2406 [120] R ==> kworker/26:1:728 [120]
          cg.C.x-2428  [007]     0.008525: (+0)     sched_switch:         cg.C.x:2428 [120] R ==> kworker/7:1:482 [120]
          cg.C.x-2440  [031]     0.008525: (+0)     sched_switch:         cg.C.x:2440 [120] R ==> kworker/31:1:492 [120]
          cg.C.x-2429  [009]     0.008525: (+0)     sched_switch:         cg.C.x:2429 [120] R ==> kworker/9:1:713 [120]
          cg.C.x-2433  [017]     0.008525: (+0)     sched_switch:         cg.C.x:2433 [120] R ==> kworker/17:1:486 [120]
          cg.C.x-2426  [003]     0.008525: (+0)     sched_switch:         cg.C.x:2426 [120] R ==> kworker/3:1:707 [120]
          cg.C.x-2430  [011]     0.008526: (+1)     sched_switch:         cg.C.x:2430 [120] R ==> kworker/11:1:545 [120]
          cg.C.x-2431  [013]     0.008526: (+0)     sched_switch:         cg.C.x:2431 [120] R ==> kworker/13:2:1936 [120]
    kworker/59:1-544   [059]     0.008527: (+1)     sched_switch:         kworker/59:1:544 [120] I ==> cg.C.x:2454 [120]
    kworker/55:1-501   [055]     0.008529: (+2)     sched_switch:         kworker/55:1:501 [120] I ==> cg.C.x:2452 [120]
    kworker/37:0-241   [037]     0.008530: (+1)     sched_switch:         kworker/37:0:241 [120] I ==> cg.C.x:2443 [120]
    kworker/33:1-484   [033]     0.008530: (+0)     sched_switch:         kworker/33:1:484 [120] I ==> cg.C.x:2441 [120]
    kworker/25:1-741   [025]     0.008531: (+1)     sched_switch:         kworker/25:1:741 [120] I ==> cg.C.x:2437 [120]
    kworker/39:1-586   [039]     0.008533: (+2)     sched_switch:         kworker/39:1:586 [120] I ==> cg.C.x:2444 [120]
     kworker/3:1-707   [003]     0.008533: (+0)     sched_switch:         kworker/3:1:707 [120] I ==> cg.C.x:2426 [120]
    kworker/46:1-729   [046]     0.008533: (+0)     sched_switch:         kworker/46:1:729 [120] I ==> cg.C.x:2416 [120]
     rcu_preempt-17    [049]     0.008534: (+1)     sched_switch:         rcu_preempt:17 [120] I ==> cg.C.x:2449 [120]
    kworker/60:1-744   [060]     0.008541: (+7)     sched_switch:         kworker/60:1:744 [120] I ==> cg.C.x:2423 [120]
    kworker/23:0-157   [023]     0.008547: (+6)     sched_switch:         kworker/23:0:157 [120] I ==> cg.C.x:2436 [120]
    kworker/41:1-587   [041]     0.008551: (+4)     sched_switch:         kworker/41:1:587 [120] I ==> cg.C.x:2445 [120]
    kworker/42:1-726   [042]     0.008551: (+0)     sched_switch:         kworker/42:1:726 [120] I ==> cg.C.x:2414 [120]
    kworker/27:1-722   [027]     0.008555: (+4)     sched_switch:         kworker/27:1:722 [120] I ==> cg.C.x:2438 [120]
    kworker/62:1-743   [062]     0.008567: (+12)    sched_switch:         kworker/62:1:743 [120] I ==> cg.C.x:2424 [120]
    kworker/29:1-497   [029]     0.008568: (+1)     sched_switch:         kworker/29:1:497 [120] I ==> cg.C.x:2439 [120]
    kworker/63:1-654   [063]     0.008580: (+12)    sched_switch:         kworker/63:1:654 [120] I ==> cg.C.x:2456 [120]
    kworker/15:1-483   [015]     0.008581: (+1)     sched_switch:         kworker/15:1:483 [120] I ==> cg.C.x:2432 [120]
     kworker/7:1-482   [007]     0.008588: (+7)     sched_switch:         kworker/7:1:482 [120] I ==> cg.C.x:2428 [120]
     kworker/9:1-713   [009]     0.008596: (+8)     sched_switch:         kworker/9:1:713 [120] I ==> cg.C.x:2429 [120]
    kworker/31:1-492   [031]     0.008597: (+1)     sched_switch:         kworker/31:1:492 [120] I ==> cg.C.x:2440 [120]
    kworker/26:1-728   [026]     0.008641: (+44)    sched_switch:         kworker/26:1:728 [120] I ==> cg.C.x:2406 [120]
    kworker/17:1-486   [017]     0.008643: (+2)     sched_switch:         kworker/17:1:486 [120] I ==> cg.C.x:2433 [120]
    kworker/11:1-545   [011]     0.008653: (+10)    sched_switch:         kworker/11:1:545 [120] I ==> cg.C.x:2430 [120]
    kworker/13:2-1936  [013]     0.008666: (+13)    sched_switch:         kworker/13:2:1936 [120] I ==> cg.C.x:2431 [120]
          cg.C.x-2409  [032]     0.011436: (+2770)  sched_waking:         comm=tmux: server pid=2003 prio=120 target_cpu=032
          cg.C.x-2409  [032]     0.011444: (+8)     sched_wakeup:         tmux: server:2003 [120] CPU:032
          cg.C.x-2402  [018]     0.012507: (+1063)  bprint:               change_prot_numa: NUMAB SCAN vma[start:0x558a8cfc0000, end:0x558a8cfc1000, from:0x558a8cfc0000, to:0x558a8cfc1000, size:4 KB]
          cg.C.x-2409  [032]     0.012508: (+1)     sched_switch:         cg.C.x:2409 [120] R ==> tmux: server:2003 [120]
          cg.C.x-2435  [021]     0.012510: (+2)     sched_switch:         cg.C.x:2435 [120] R ==> kworker/21:1:721 [120]
          cg.C.x-2434  [019]     0.012511: (+1)     sched_switch:         cg.C.x:2434 [120] R ==> kworker/19:1:717 [120]
    kworker/19:1-717   [019]     0.012517: (+6)     sched_switch:         kworker/19:1:717 [120] I ==> cg.C.x:2434 [120]
    kworker/21:1-721   [021]     0.012527: (+10)    sched_switch:         kworker/21:1:721 [120] I ==> cg.C.x:2435 [120]
    tmux: server-2003  [032]     0.012536: (+9)     sched_switch:         tmux: server:2003 [120] S ==> cg.C.x:2409 [120]
          cg.C.x-2402  [018]     0.012536: (+0)     bprint:               change_prot_numa: NUMAB SCAN vma[start:0x558a8e376000, end:0x558a8e397000, from:0x558a8e376000, to:0x558a8e397000, size:132 KB]
          cg.C.x-2402  [018]     0.012557: (+21)    bprint:               change_prot_numa: NUMAB SCAN vma[start:0x7f2596401000, end:0x7f2596c01000, from:0x7f2596401000, to:0x7f2596c01000, size:8192 KB]
          cg.C.x-2394  [002]     0.012557: (+0)     bprint:               __handle_mm_fault: NUMAB MEM ACCESS process[nid:0, cpu:2, pid:2394], folio[virt:0x558a8e381504, phys:0x37807e000, pfn:0x37807e, nid:0, npages:1]
          cg.C.x-2402  [018]     0.012562: (+5)     bprint:               change_prot_numa: NUMAB SCAN vma[start:0x7f2596e01000, end:0x7f2597601000, from:0x7f2596e01000, to:0x7f2597601000, size:8192 KB]
          cg.C.x-2402  [018]     0.012567: (+5)     bprint:               change_prot_numa: NUMAB SCAN vma[start:0x7f2597801000, end:0x7f2598001000, from:0x7f2597801000, to:0x7f2598001000, size:8192 KB]
          cg.C.x-2402  [018]     0.012571: (+4)     bprint:               change_prot_numa: NUMAB SCAN vma[start:0x7f2598201000, end:0x7f2598a01000, from:0x7f2598201000, to:0x7f2598a01000, size:8192 KB]
          cg.C.x-2402  [018]     0.012588: (+17)    bprint:               change_prot_numa: NUMAB SCAN vma[start:0x7f2598c01000, end:0x7f2599401000, from:0x7f2598c01000, to:0x7f2599401000, size:8192 KB]
          cg.C.x-2453  [057]     0.012589: (+1)     bprint:               __handle_mm_fault: NUMAB MEM ACCESS process[nid:1, cpu:57, pid:2453], folio[virt:0x7f2598a002b0, phys:0x3780cb000, pfn:0x3780cb, nid:0, npages:1]
          cg.C.x-2453  [057]     0.012591: (+2)     bprint:               __handle_mm_fault: NUMAB TRY MEM MIGR process[nid:1, cpu:57, pid:2453], folio[virt:0x7f2598a002b0, phys:0x3780cb000, nid:0], target_nid:1
          cg.C.x-2402  [018]     0.012606: (+15)    bprint:               change_prot_numa: NUMAB SCAN vma[start:0x7f2599601000, end:0x7f2599e01000, from:0x7f2599601000, to:0x7f2599e01000, size:8192 KB]
          cg.C.x-2452  [055]     0.012607: (+1)     bprint:               __handle_mm_fault: NUMAB MEM ACCESS process[nid:1, cpu:55, pid:2452], folio[virt:0x7f25994002b0, phys:0x3780ca000, pfn:0x3780ca, nid:0, npages:1]
          cg.C.x-2452  [055]     0.012608: (+1)     bprint:               __handle_mm_fault: NUMAB TRY MEM MIGR process[nid:1, cpu:55, pid:2452], folio[virt:0x7f25994002b0, phys:0x3780ca000, nid:0], target_nid:1
          cg.C.x-2453  [057]     0.012627: (+19)    bprint:               __handle_mm_fault: NUMAB COMPLETED MEM MIGR process[nid:1, cpu:57, pid:2453], old[phys:0x3780cb000, nid:0, npages:1], new[phys:0x185e0d6000, nid:1, npages:1]
          cg.C.x-2452  [055]     0.012641: (+14)    bprint:               __handle_mm_fault: NUMAB COMPLETED MEM MIGR process[nid:1, cpu:55, pid:2452], old[phys:0x3780ca000, nid:0, npages:1], new[phys:0x18584c6000, nid:1, npages:1]
          cg.C.x-2402  [018]     0.012655: (+14)    bprint:               change_prot_numa: NUMAB SCAN vma[start:0x7f259a001000, end:0x7f259a801000, from:0x7f259a001000, to:0x7f259a801000, size:8192 KB]
          cg.C.x-2451  [053]     0.012656: (+1)     bprint:               __handle_mm_fault: NUMAB MEM ACCESS process[nid:1, cpu:53, pid:2451], folio[virt:0x7f2599e002b0, phys:0x3780c9000, pfn:0x3780c9, nid:0, npages:1]
          cg.C.x-2451  [053]     0.012658: (+2)     bprint:               __handle_mm_fault: NUMAB TRY MEM MIGR process[nid:1, cpu:53, pid:2451], folio[virt:0x7f2599e002b0, phys:0x3780c9000, nid:0], target_nid:1
          cg.C.x-2402  [018]     0.012672: (+14)    bprint:               change_prot_numa: NUMAB SCAN vma[start:0x7f259aa01000, end:0x7f259b201000, from:0x7f259aa01000, to:0x7f259b201000, size:8192 KB]
          cg.C.x-2450  [051]     0.012674: (+2)     bprint:               __handle_mm_fault: NUMAB MEM ACCESS process[nid:1, cpu:51, pid:2450], folio[virt:0x7f259a8002b0, phys:0x3780c8000, pfn:0x3780c8, nid:0, npages:1]
          cg.C.x-2450  [051]     0.012675: (+1)     bprint:               __handle_mm_fault: NUMAB TRY MEM MIGR process[nid:1, cpu:51, pid:2450], folio[virt:0x7f259a8002b0, phys:0x3780c8000, nid:0], target_nid:1
          cg.C.x-2451  [053]     0.012694: (+19)    bprint:               __handle_mm_fault: NUMAB COMPLETED MEM MIGR process[nid:1, cpu:53, pid:2451], old[phys:0x3780c9000, nid:0, npages:1], new[phys:0x186d014000, nid:1, npages:1]
          cg.C.x-2450  [051]     0.012709: (+15)    bprint:               __handle_mm_fault: NUMAB COMPLETED MEM MIGR process[nid:1, cpu:51, pid:2450], old[phys:0x3780c8000, nid:0, npages:1], new[phys:0x185fc33000, nid:1, npages:1]
          cg.C.x-2402  [018]     0.012731: (+22)    bprint:               change_prot_numa: NUMAB SCAN vma[start:0x7f259b401000, end:0x7f259bc01000, from:0x7f259b401000, to:0x7f259bc01000, size:8192 KB]
          cg.C.x-2449  [049]     0.012732: (+1)     bprint:               __handle_mm_fault: NUMAB MEM ACCESS process[nid:1, cpu:49, pid:2449], folio[virt:0x7f259b2002b0, phys:0x3780c6000, pfn:0x3780c6, nid:0, npages:1]
          cg.C.x-2449  [049]     0.012734: (+2)     bprint:               __handle_mm_fault: NUMAB TRY MEM MIGR process[nid:1, cpu:49, pid:2449], folio[virt:0x7f259b2002b0, phys:0x3780c6000, nid:0], target_nid:1
          cg.C.x-2402  [018]     0.012748: (+14)    bprint:               change_prot_numa: NUMAB SCAN vma[start:0x7f259be01000, end:0x7f259c601000, from:0x7f259be01000, to:0x7f259c601000, size:8192 KB]
          cg.C.x-2448  [047]     0.012749: (+1)     bprint:               __handle_mm_fault: NUMAB MEM ACCESS process[nid:1, cpu:47, pid:2448], folio[virt:0x7f259bc002b0, phys:0x3780c5000, pfn:0x3780c5, nid:0, npages:1]
          cg.C.x-2448  [047]     0.012751: (+2)     bprint:               __handle_mm_fault: NUMAB TRY MEM MIGR process[nid:1, cpu:47, pid:2448], folio[virt:0x7f259bc002b0, phys:0x3780c5000, nid:0], target_nid:1
          cg.C.x-2449  [049]     0.012770: (+19)    bprint:               __handle_mm_fault: NUMAB COMPLETED MEM MIGR process[nid:1, cpu:49, pid:2449], old[phys:0x3780c6000, nid:0, npages:1], new[phys:0x186d215000, nid:1, npages:1]
          cg.C.x-2448  [047]     0.012785: (+15)    bprint:               __handle_mm_fault: NUMAB COMPLETED MEM MIGR process[nid:1, cpu:47, pid:2448], old[phys:0x3780c5000, nid:0, npages:1], new[phys:0x18578e8000, nid:1, npages:1]
          cg.C.x-2402  [018]     0.012802: (+17)    bprint:               change_prot_numa: NUMAB SCAN vma[start:0x7f259c801000, end:0x7f259d001000, from:0x7f259c801000, to:0x7f259d001000, size:8192 KB]
          cg.C.x-2447  [045]     0.012803: (+1)     bprint:               __handle_mm_fault: NUMAB MEM ACCESS process[nid:1, cpu:45, pid:2447], folio[virt:0x7f259c6002b0, phys:0x3780c4000, pfn:0x3780c4, nid:0, npages:1]
          cg.C.x-2447  [045]     0.012805: (+2)     bprint:               __handle_mm_fault: NUMAB TRY MEM MIGR process[nid:1, cpu:45, pid:2447], folio[virt:0x7f259c6002b0, phys:0x3780c4000, nid:0], target_nid:1
          cg.C.x-2402  [018]     0.012820: (+15)    bprint:               change_prot_numa: NUMAB SCAN vma[start:0x7f259d201000, end:0x7f259da01000, from:0x7f259d201000, to:0x7f259da01000, size:8192 KB]
          cg.C.x-2446  [043]     0.012820: (+0)     bprint:               __handle_mm_fault: NUMAB MEM ACCESS process[nid:1, cpu:43, pid:2446], folio[virt:0x7f259d0002b0, phys:0x3780c3000, pfn:0x3780c3, nid:0, npages:1]
          cg.C.x-2446  [043]     0.012822: (+2)     bprint:               __handle_mm_fault: NUMAB TRY MEM MIGR process[nid:1, cpu:43, pid:2446], folio[virt:0x7f259d0002b0, phys:0x3780c3000, nid:0], target_nid:1
          cg.C.x-2447  [045]     0.012843: (+21)    bprint:               __handle_mm_fault: NUMAB COMPLETED MEM MIGR process[nid:1, cpu:45, pid:2447], old[phys:0x3780c4000, nid:0, npages:1], new[phys:0x186d79c000, nid:1, npages:1]
          cg.C.x-2446  [043]     0.012859: (+16)    bprint:               __handle_mm_fault: NUMAB COMPLETED MEM MIGR process[nid:1, cpu:43, pid:2446], old[phys:0x3780c3000, nid:0, npages:1], new[phys:0x1866aaf000, nid:1, npages:1]
          cg.C.x-2402  [018]     0.012873: (+14)    bprint:               change_prot_numa: NUMAB SCAN vma[start:0x7f259dc01000, end:0x7f259e401000, from:0x7f259dc01000, to:0x7f259e401000, size:8192 KB]
          cg.C.x-2445  [041]     0.012874: (+1)     bprint:               __handle_mm_fault: NUMAB MEM ACCESS process[nid:1, cpu:41, pid:2445], folio[virt:0x7f259da002b0, phys:0x3780c2000, pfn:0x3780c2, nid:0, npages:1]
          cg.C.x-2445  [041]     0.012876: (+2)     bprint:               __handle_mm_fault: NUMAB TRY MEM MIGR process[nid:1, cpu:41, pid:2445], folio[virt:0x7f259da002b0, phys:0x3780c2000, nid:0], target_nid:1
          cg.C.x-2402  [018]     0.012891: (+15)    bprint:               change_prot_numa: NUMAB SCAN vma[start:0x7f259e601000, end:0x7f259ee01000, from:0x7f259e601000, to:0x7f259ee01000, size:8192 KB]
          cg.C.x-2444  [039]     0.012892: (+1)     bprint:               __handle_mm_fault: NUMAB MEM ACCESS process[nid:1, cpu:39, pid:2444], folio[virt:0x7f259e4002b0, phys:0x3780c1000, pfn:0x3780c1, nid:0, npages:1]
          cg.C.x-2444  [039]     0.012894: (+2)     bprint:               __handle_mm_fault: NUMAB TRY MEM MIGR process[nid:1, cpu:39, pid:2444], folio[virt:0x7f259e4002b0, phys:0x3780c1000, nid:0], target_nid:1
          cg.C.x-2445  [041]     0.012913: (+19)    bprint:               __handle_mm_fault: NUMAB COMPLETED MEM MIGR process[nid:1, cpu:41, pid:2445], old[phys:0x3780c2000, nid:0, npages:1], new[phys:0x186d789000, nid:1, npages:1]
          cg.C.x-2444  [039]     0.012930: (+17)    bprint:               __handle_mm_fault: NUMAB COMPLETED MEM MIGR process[nid:1, cpu:39, pid:2444], old[phys:0x3780c1000, nid:0, npages:1], new[phys:0x186d6f7000, nid:1, npages:1]
          cg.C.x-2402  [018]     0.012944: (+14)    bprint:               change_prot_numa: NUMAB SCAN vma[start:0x7f259f001000, end:0x7f259f801000, from:0x7f259f001000, to:0x7f259f801000, size:8192 KB]
          cg.C.x-2443  [037]     0.012945: (+1)     bprint:               __handle_mm_fault: NUMAB MEM ACCESS process[nid:1, cpu:37, pid:2443], folio[virt:0x7f259ee002b0, phys:0x3780c0000, pfn:0x3780c0, nid:0, npages:1]
          cg.C.x-2443  [037]     0.012946: (+1)     bprint:               __handle_mm_fault: NUMAB TRY MEM MIGR process[nid:1, cpu:37, pid:2443], folio[virt:0x7f259ee002b0, phys:0x3780c0000, nid:0], target_nid:1
          cg.C.x-2402  [018]     0.012961: (+15)    bprint:               change_prot_numa: NUMAB SCAN vma[start:0x7f259fa01000, end:0x7f25a0201000, from:0x7f259fa01000, to:0x7f25a0201000, size:8192 KB]
          cg.C.x-2442  [035]     0.012962: (+1)     bprint:               __handle_mm_fault: NUMAB MEM ACCESS process[nid:1, cpu:35, pid:2442], folio[virt:0x7f259f8002b8, phys:0x3780bf000, pfn:0x3780bf, nid:0, npages:1]
          cg.C.x-2442  [035]     0.012964: (+2)     bprint:               __handle_mm_fault: NUMAB TRY MEM MIGR process[nid:1, cpu:35, pid:2442], folio[virt:0x7f259f8002b8, phys:0x3780bf000, nid:0], target_nid:1
          cg.C.x-2443  [037]     0.012981: (+17)    bprint:               __handle_mm_fault: NUMAB COMPLETED MEM MIGR process[nid:1, cpu:37, pid:2443], old[phys:0x3780c0000, nid:0, npages:1], new[phys:0x186cceb000, nid:1, npages:1]
          cg.C.x-2442  [035]     0.013006: (+25)    bprint:               __handle_mm_fault: NUMAB COMPLETED MEM MIGR process[nid:1, cpu:35, pid:2442], old[phys:0x3780bf000, nid:0, npages:1], new[phys:0x185598b000, nid:1, npages:1]
          cg.C.x-2402  [018]     0.013014: (+8)     bprint:               change_prot_numa: NUMAB SCAN vma[start:0x7f25a0401000, end:0x7f25a0c01000, from:0x7f25a0401000, to:0x7f25a0c01000, size:8192 KB]
          cg.C.x-2441  [033]     0.013014: (+0)     bprint:               __handle_mm_fault: NUMAB MEM ACCESS process[nid:1, cpu:33, pid:2441], folio[virt:0x7f25a02002b8, phys:0x3780be000, pfn:0x3780be, nid:0, npages:1]
          cg.C.x-2441  [033]     0.013016: (+2)     bprint:               __handle_mm_fault: NUMAB TRY MEM MIGR process[nid:1, cpu:33, pid:2441], folio[virt:0x7f25a02002b8, phys:0x3780be000, nid:0], target_nid:1
          cg.C.x-2402  [018]     0.013031: (+15)    bprint:               change_prot_numa: NUMAB SCAN vma[start:0x7f25a0e01000, end:0x7f25a1601000, from:0x7f25a0e01000, to:0x7f25a1601000, size:8192 KB]
          cg.C.x-2440  [031]     0.013032: (+1)     bprint:               __handle_mm_fault: NUMAB MEM ACCESS process[nid:1, cpu:31, pid:2440], folio[virt:0x7f25a0c002b0, phys:0x3780bd000, pfn:0x3780bd, nid:0, npages:1]
          cg.C.x-2440  [031]     0.013033: (+1)     bprint:               __handle_mm_fault: NUMAB TRY MEM MIGR process[nid:1, cpu:31, pid:2440], folio[virt:0x7f25a0c002b0, phys:0x3780bd000, nid:0], target_nid:1
          cg.C.x-2441  [033]     0.013053: (+20)    bprint:               __handle_mm_fault: NUMAB COMPLETED MEM MIGR process[nid:1, cpu:33, pid:2441], old[phys:0x3780be000, nid:0, npages:1], new[phys:0x185e882000, nid:1, npages:1]
          cg.C.x-2440  [031]     0.013070: (+17)    bprint:               __handle_mm_fault: NUMAB COMPLETED MEM MIGR process[nid:1, cpu:31, pid:2440], old[phys:0x3780bd000, nid:0, npages:1], new[phys:0x1855f9f000, nid:1, npages:1]
          cg.C.x-2402  [018]     0.013088: (+18)    bprint:               change_prot_numa: NUMAB SCAN vma[start:0x7f25a1801000, end:0x7f25a2001000, from:0x7f25a1801000, to:0x7f25a2001000, size:8192 KB]
          cg.C.x-2439  [029]     0.013089: (+1)     bprint:               __handle_mm_fault: NUMAB MEM ACCESS process[nid:1, cpu:29, pid:2439], folio[virt:0x7f25a16002b0, phys:0x3780bc000, pfn:0x3780bc, nid:0, npages:1]
          cg.C.x-2439  [029]     0.013091: (+2)     bprint:               __handle_mm_fault: NUMAB TRY MEM MIGR process[nid:1, cpu:29, pid:2439], folio[virt:0x7f25a16002b0, phys:0x3780bc000, nid:0], target_nid:1
          cg.C.x-2402  [018]     0.013105: (+14)    bprint:               change_prot_numa: NUMAB SCAN vma[start:0x7f25a2201000, end:0x7f25a2a01000, from:0x7f25a2201000, to:0x7f25a2a01000, size:8192 KB]
          cg.C.x-2438  [027]     0.013106: (+1)     bprint:               __handle_mm_fault: NUMAB MEM ACCESS process[nid:1, cpu:27, pid:2438], folio[virt:0x7f25a20002b8, phys:0x3780bb000, pfn:0x3780bb, nid:0, npages:1]
          cg.C.x-2438  [027]     0.013108: (+2)     bprint:               __handle_mm_fault: NUMAB TRY MEM MIGR process[nid:1, cpu:27, pid:2438], folio[virt:0x7f25a20002b8, phys:0x3780bb000, nid:0], target_nid:1
          cg.C.x-2439  [029]     0.013128: (+20)    bprint:               __handle_mm_fault: NUMAB COMPLETED MEM MIGR process[nid:1, cpu:29, pid:2439], old[phys:0x3780bc000, nid:0, npages:1], new[phys:0x186d6e4000, nid:1, npages:1]
          cg.C.x-2438  [027]     0.013145: (+17)    bprint:               __handle_mm_fault: NUMAB COMPLETED MEM MIGR process[nid:1, cpu:27, pid:2438], old[phys:0x3780bb000, nid:0, npages:1], new[phys:0x1857841000, nid:1, npages:1]
          cg.C.x-2402  [018]     0.013157: (+12)    bprint:               change_prot_numa: NUMAB SCAN vma[start:0x7f25a2c01000, end:0x7f25a3401000, from:0x7f25a2c01000, to:0x7f25a3401000, size:8192 KB]
          cg.C.x-2437  [025]     0.013157: (+0)     bprint:               __handle_mm_fault: NUMAB MEM ACCESS process[nid:1, cpu:25, pid:2437], folio[virt:0x7f25a2a002b0, phys:0x3780b9000, pfn:0x3780b9, nid:0, npages:1]
          cg.C.x-2437  [025]     0.013158: (+1)     bprint:               __handle_mm_fault: NUMAB TRY MEM MIGR process[nid:1, cpu:25, pid:2437], folio[virt:0x7f25a2a002b0, phys:0x3780b9000, nid:0], target_nid:1
          cg.C.x-2402  [018]     0.013174: (+16)    bprint:               change_prot_numa: NUMAB SCAN vma[start:0x7f25a3601000, end:0x7f25a3e01000, from:0x7f25a3601000, to:0x7f25a3e01000, size:8192 KB]
          cg.C.x-2436  [023]     0.013174: (+0)     bprint:               __handle_mm_fault: NUMAB MEM ACCESS process[nid:1, cpu:23, pid:2436], folio[virt:0x7f25a34002b0, phys:0x3780b8000, pfn:0x3780b8, nid:0, npages:1]
          cg.C.x-2436  [023]     0.013176: (+2)     bprint:               __handle_mm_fault: NUMAB TRY MEM MIGR process[nid:1, cpu:23, pid:2436], folio[virt:0x7f25a34002b0, phys:0x3780b8000, nid:0], target_nid:1
          cg.C.x-2437  [025]     0.013188: (+12)    bprint:               __handle_mm_fault: NUMAB COMPLETED MEM MIGR process[nid:1, cpu:25, pid:2437], old[phys:0x3780b9000, nid:0, npages:1], new[phys:0x186cd76000, nid:1, npages:1]
          cg.C.x-2436  [023]     0.013202: (+14)    bprint:               __handle_mm_fault: NUMAB COMPLETED MEM MIGR process[nid:1, cpu:23, pid:2436], old[phys:0x3780b8000, nid:0, npages:1], new[phys:0x1866fa4000, nid:1, npages:1]
          cg.C.x-2402  [018]     0.013228: (+26)    bprint:               change_prot_numa: NUMAB SCAN vma[start:0x7f25a4001000, end:0x7f25a4801000, from:0x7f25a4001000, to:0x7f25a4801000, size:8192 KB]
          cg.C.x-2435  [021]     0.013228: (+0)     bprint:               __handle_mm_fault: NUMAB MEM ACCESS process[nid:1, cpu:21, pid:2435], folio[virt:0x7f25a3e002b0, phys:0x3780b7000, pfn:0x3780b7, nid:0, npages:1]
          cg.C.x-2435  [021]     0.013230: (+2)     bprint:               __handle_mm_fault: NUMAB TRY MEM MIGR process[nid:1, cpu:21, pid:2435], folio[virt:0x7f25a3e002b0, phys:0x3780b7000, nid:0], target_nid:1
          cg.C.x-2402  [018]     0.013245: (+15)    bprint:               change_prot_numa: NUMAB SCAN vma[start:0x7f25a4a01000, end:0x7f25a5201000, from:0x7f25a4a01000, to:0x7f25a5201000, size:8192 KB]
          cg.C.x-2434  [019]     0.013246: (+1)     bprint:               __handle_mm_fault: NUMAB MEM ACCESS process[nid:1, cpu:19, pid:2434], folio[virt:0x7f25a48002b0, phys:0x3780b6000, pfn:0x3780b6, nid:0, npages:1]
          cg.C.x-2434  [019]     0.013247: (+1)     bprint:               __handle_mm_fault: NUMAB TRY MEM MIGR process[nid:1, cpu:19, pid:2434], folio[virt:0x7f25a48002b0, phys:0x3780b6000, nid:0], target_nid:1
          cg.C.x-2435  [021]     0.013261: (+14)    bprint:               __handle_mm_fault: NUMAB COMPLETED MEM MIGR process[nid:1, cpu:21, pid:2435], old[phys:0x3780b7000, nid:0, npages:1], new[phys:0x186ce6d000, nid:1, npages:1]
          cg.C.x-2434  [019]     0.013273: (+12)    bprint:               __handle_mm_fault: NUMAB COMPLETED MEM MIGR process[nid:1, cpu:19, pid:2434], old[phys:0x3780b6000, nid:0, npages:1], new[phys:0x1858fe6000, nid:1, npages:1]
          cg.C.x-2402  [018]     0.013300: (+27)    bprint:               change_prot_numa: NUMAB SCAN vma[start:0x7f25a5401000, end:0x7f25a5c01000, from:0x7f25a5401000, to:0x7f25a5c01000, size:8192 KB]
          cg.C.x-2433  [017]     0.013301: (+1)     bprint:               __handle_mm_fault: NUMAB MEM ACCESS process[nid:1, cpu:17, pid:2433], folio[virt:0x7f25a52002b0, phys:0x3780b5000, pfn:0x3780b5, nid:0, npages:1]
          cg.C.x-2433  [017]     0.013302: (+1)     bprint:               __handle_mm_fault: NUMAB TRY MEM MIGR process[nid:1, cpu:17, pid:2433], folio[virt:0x7f25a52002b0, phys:0x3780b5000, nid:0], target_nid:1
          cg.C.x-2402  [018]     0.013318: (+16)    bprint:               change_prot_numa: NUMAB SCAN vma[start:0x7f25a5e01000, end:0x7f25a6601000, from:0x7f25a5e01000, to:0x7f25a6601000, size:8192 KB]
          cg.C.x-2432  [015]     0.013318: (+0)     bprint:               __handle_mm_fault: NUMAB MEM ACCESS process[nid:1, cpu:15, pid:2432], folio[virt:0x7f25a5c002b8, phys:0x3780b4000, pfn:0x3780b4, nid:0, npages:1]
          cg.C.x-2432  [015]     0.013319: (+1)     bprint:               __handle_mm_fault: NUMAB TRY MEM MIGR process[nid:1, cpu:15, pid:2432], folio[virt:0x7f25a5c002b8, phys:0x3780b4000, nid:0], target_nid:1
          cg.C.x-2433  [017]     0.013333: (+14)    bprint:               __handle_mm_fault: NUMAB COMPLETED MEM MIGR process[nid:1, cpu:17, pid:2433], old[phys:0x3780b5000, nid:0, npages:1], new[phys:0x186d606000, nid:1, npages:1]
          cg.C.x-2432  [015]     0.013350: (+17)    bprint:               __handle_mm_fault: NUMAB COMPLETED MEM MIGR process[nid:1, cpu:15, pid:2432], old[phys:0x3780b4000, nid:0, npages:1], new[phys:0x185707a000, nid:1, npages:1]
          cg.C.x-2431  [013]     0.013363: (+13)    bprint:               __handle_mm_fault: NUMAB MEM ACCESS process[nid:1, cpu:13, pid:2431], folio[virt:0x7f25a66002b8, phys:0x3780b3000, pfn:0x3780b3, nid:0, npages:1]
          cg.C.x-2402  [018]     0.013363: (+0)     bprint:               change_prot_numa: NUMAB SCAN vma[start:0x7f25a6801000, end:0x7f25a7001000, from:0x7f25a6801000, to:0x7f25a7001000, size:8192 KB]
          cg.C.x-2431  [013]     0.013364: (+1)     bprint:               __handle_mm_fault: NUMAB TRY MEM MIGR process[nid:1, cpu:13, pid:2431], folio[virt:0x7f25a66002b8, phys:0x3780b3000, nid:0], target_nid:1
          cg.C.x-2402  [018]     0.013380: (+16)    bprint:               change_prot_numa: NUMAB SCAN vma[start:0x7f25a7201000, end:0x7f25a7a01000, from:0x7f25a7201000, to:0x7f25a7a01000, size:8192 KB]
          cg.C.x-2430  [011]     0.013380: (+0)     bprint:               __handle_mm_fault: NUMAB MEM ACCESS process[nid:1, cpu:11, pid:2430], folio[virt:0x7f25a70002b8, phys:0x3780b2000, pfn:0x3780b2, nid:0, npages:1]
          cg.C.x-2430  [011]     0.013382: (+2)     bprint:               __handle_mm_fault: NUMAB TRY MEM MIGR process[nid:1, cpu:11, pid:2430], folio[virt:0x7f25a70002b8, phys:0x3780b2000, nid:0], target_nid:1
          cg.C.x-2431  [013]     0.013394: (+12)    bprint:               __handle_mm_fault: NUMAB COMPLETED MEM MIGR process[nid:1, cpu:13, pid:2431], old[phys:0x3780b3000, nid:0, npages:1], new[phys:0x186d0c2000, nid:1, npages:1]
          cg.C.x-2430  [011]     0.013415: (+21)    bprint:               __handle_mm_fault: NUMAB COMPLETED MEM MIGR process[nid:1, cpu:11, pid:2430], old[phys:0x3780b2000, nid:0, npages:1], new[phys:0x186d0ac000, nid:1, npages:1]
          cg.C.x-2429  [009]     0.013426: (+11)    bprint:               __handle_mm_fault: NUMAB MEM ACCESS process[nid:1, cpu:9, pid:2429], folio[virt:0x7f25a7a002a8, phys:0x3780b1000, pfn:0x3780b1, nid:0, npages:1]
          cg.C.x-2402  [018]     0.013427: (+1)     bprint:               change_prot_numa: NUMAB SCAN vma[start:0x7f25a7c01000, end:0x7f25a8401000, from:0x7f25a7c01000, to:0x7f25a8401000, size:8192 KB]
          cg.C.x-2429  [009]     0.013427: (+0)     bprint:               __handle_mm_fault: NUMAB TRY MEM MIGR process[nid:1, cpu:9, pid:2429], folio[virt:0x7f25a7a002a8, phys:0x3780b1000, nid:0], target_nid:1
          cg.C.x-2402  [018]     0.013444: (+17)    bprint:               change_prot_numa: NUMAB SCAN vma[start:0x7f25a8601000, end:0x7f25a8e01000, from:0x7f25a8601000, to:0x7f25a8e01000, size:8192 KB]
          cg.C.x-2428  [007]     0.013444: (+0)     bprint:               __handle_mm_fault: NUMAB MEM ACCESS process[nid:1, cpu:7, pid:2428], folio[virt:0x7f25a84002b0, phys:0x3780b0000, pfn:0x3780b0, nid:0, npages:1]
          cg.C.x-2428  [007]     0.013446: (+2)     bprint:               __handle_mm_fault: NUMAB TRY MEM MIGR process[nid:1, cpu:7, pid:2428], folio[virt:0x7f25a84002b0, phys:0x3780b0000, nid:0], target_nid:1
          cg.C.x-2429  [009]     0.013459: (+13)    bprint:               __handle_mm_fault: NUMAB COMPLETED MEM MIGR process[nid:1, cpu:9, pid:2429], old[phys:0x3780b1000, nid:0, npages:1], new[phys:0x186484c000, nid:1, npages:1]
          cg.C.x-2428  [007]     0.013478: (+19)    bprint:               __handle_mm_fault: NUMAB COMPLETED MEM MIGR process[nid:1, cpu:7, pid:2428], old[phys:0x3780b0000, nid:0, npages:1], new[phys:0x186d33f000, nid:1, npages:1]
          cg.C.x-2402  [018]     0.013498: (+20)    bprint:               change_prot_numa: NUMAB SCAN vma[start:0x7f25a9001000, end:0x7f25a9801000, from:0x7f25a9001000, to:0x7f25a9801000, size:8192 KB]
          cg.C.x-2427  [005]     0.013499: (+1)     bprint:               __handle_mm_fault: NUMAB MEM ACCESS process[nid:1, cpu:5, pid:2427], folio[virt:0x7f25a8e002b0, phys:0x3780af000, pfn:0x3780af, nid:0, npages:1]
          cg.C.x-2427  [005]     0.013500: (+1)     bprint:               __handle_mm_fault: NUMAB TRY MEM MIGR process[nid:1, cpu:5, pid:2427], folio[virt:0x7f25a8e002b0, phys:0x3780af000, nid:0], target_nid:1
          cg.C.x-2402  [018]     0.013516: (+16)    bprint:               change_prot_numa: NUMAB SCAN vma[start:0x7f25a9a01000, end:0x7f25aa201000, from:0x7f25a9a01000, to:0x7f25aa201000, size:8192 KB]
          cg.C.x-2426  [003]     0.013516: (+0)     bprint:               __handle_mm_fault: NUMAB MEM ACCESS process[nid:1, cpu:3, pid:2426], folio[virt:0x7f25a98002b0, phys:0x3780ae000, pfn:0x3780ae, nid:0, npages:1]
          cg.C.x-2426  [003]     0.013517: (+1)     bprint:               __handle_mm_fault: NUMAB TRY MEM MIGR process[nid:1, cpu:3, pid:2426], folio[virt:0x7f25a98002b0, phys:0x3780ae000, nid:0], target_nid:1
          cg.C.x-2427  [005]     0.013537: (+20)    bprint:               __handle_mm_fault: NUMAB COMPLETED MEM MIGR process[nid:1, cpu:5, pid:2427], old[phys:0x3780af000, nid:0, npages:1], new[phys:0x185e68c000, nid:1, npages:1]
          cg.C.x-2426  [003]     0.013548: (+11)    bprint:               __handle_mm_fault: NUMAB COMPLETED MEM MIGR process[nid:1, cpu:3, pid:2426], old[phys:0x3780ae000, nid:0, npages:1], new[phys:0x186d6d6000, nid:1, npages:1]
          cg.C.x-2402  [018]     0.013562: (+14)    bprint:               change_prot_numa: NUMAB SCAN vma[start:0x7f25aa401000, end:0x7f25aac01000, from:0x7f25aa401000, to:0x7f25aac01000, size:8192 KB]
          cg.C.x-2425  [001]     0.013563: (+1)     bprint:               __handle_mm_fault: NUMAB MEM ACCESS process[nid:1, cpu:1, pid:2425], folio[virt:0x7f25aa2002b0, phys:0x3780ad000, pfn:0x3780ad, nid:0, npages:1]
          cg.C.x-2425  [001]     0.013564: (+1)     bprint:               __handle_mm_fault: NUMAB TRY MEM MIGR process[nid:1, cpu:1, pid:2425], folio[virt:0x7f25aa2002b0, phys:0x3780ad000, nid:0], target_nid:1
          cg.C.x-2402  [018]     0.013579: (+15)    bprint:               change_prot_numa: NUMAB SCAN vma[start:0x7f25aae01000, end:0x7f25ab601000, from:0x7f25aae01000, to:0x7f25ab601000, size:8192 KB]
          cg.C.x-2424  [062]     0.013580: (+1)     bprint:               __handle_mm_fault: NUMAB MEM ACCESS process[nid:0, cpu:62, pid:2424], folio[virt:0x7f25aac002b0, phys:0x3780ab000, pfn:0x3780ab, nid:0, npages:1]
          cg.C.x-2425  [001]     0.013595: (+15)    bprint:               __handle_mm_fault: NUMAB COMPLETED MEM MIGR process[nid:1, cpu:1, pid:2425], old[phys:0x3780ad000, nid:0, npages:1], new[phys:0x1857568000, nid:1, npages:1]
          cg.C.x-2402  [018]     0.013616: (+21)    bprint:               change_prot_numa: NUMAB SCAN vma[start:0x7f25ab801000, end:0x7f25ac001000, from:0x7f25ab801000, to:0x7f25ac001000, size:8192 KB]
          cg.C.x-2423  [060]     0.013617: (+1)     bprint:               __handle_mm_fault: NUMAB MEM ACCESS process[nid:0, cpu:60, pid:2423], folio[virt:0x7f25ab6002b8, phys:0x3780aa000, pfn:0x3780aa, nid:0, npages:1]
          cg.C.x-2402  [018]     0.013633: (+16)    bprint:               change_prot_numa: NUMAB SCAN vma[start:0x7f25ac201000, end:0x7f25aca01000, from:0x7f25ac201000, to:0x7f25aca01000, size:8192 KB]
          cg.C.x-2422  [058]     0.013633: (+0)     bprint:               __handle_mm_fault: NUMAB MEM ACCESS process[nid:0, cpu:58, pid:2422], folio[virt:0x7f25ac0002b0, phys:0x3780a9000, pfn:0x3780a9, nid:0, npages:1]
          cg.C.x-2402  [018]     0.013649: (+16)    bprint:               change_prot_numa: NUMAB SCAN vma[start:0x7f25acc01000, end:0x7f25ad401000, from:0x7f25acc01000, to:0x7f25ad401000, size:8192 KB]
          cg.C.x-2421  [056]     0.013650: (+1)     bprint:               __handle_mm_fault: NUMAB MEM ACCESS process[nid:0, cpu:56, pid:2421], folio[virt:0x7f25aca002b0, phys:0x3780a8000, pfn:0x3780a8, nid:0, npages:1]
          cg.C.x-2402  [018]     0.013665: (+15)    bprint:               change_prot_numa: NUMAB SCAN vma[start:0x7f25ad601000, end:0x7f25ade01000, from:0x7f25ad601000, to:0x7f25ade01000, size:8192 KB]
          cg.C.x-2420  [054]     0.013666: (+1)     bprint:               __handle_mm_fault: NUMAB MEM ACCESS process[nid:0, cpu:54, pid:2420], folio[virt:0x7f25ad4002b0, phys:0x3780a7000, pfn:0x3780a7, nid:0, npages:1]
          cg.C.x-2402  [018]     0.013682: (+16)    bprint:               change_prot_numa: NUMAB SCAN vma[start:0x7f25ae001000, end:0x7f25ae801000, from:0x7f25ae001000, to:0x7f25ae801000, size:8192 KB]
          cg.C.x-2419  [052]     0.013683: (+1)     bprint:               __handle_mm_fault: NUMAB MEM ACCESS process[nid:0, cpu:52, pid:2419], folio[virt:0x7f25ade002b0, phys:0x3780a6000, pfn:0x3780a6, nid:0, npages:1]
          cg.C.x-2418  [050]     0.013697: (+14)    bprint:               __handle_mm_fault: NUMAB MEM ACCESS process[nid:0, cpu:50, pid:2418], folio[virt:0x7f25ae8002b8, phys:0x3780a4000, pfn:0x3780a4, nid:0, npages:1]
          cg.C.x-2402  [018]     0.013701: (+4)     bprint:               change_prot_numa: NUMAB SCAN vma[start:0x7f25aea01000, end:0x7f25af201000, from:0x7f25aea01000, to:0x7f25af201000, size:8192 KB]
          cg.C.x-2402  [018]     0.013718: (+17)    bprint:               change_prot_numa: NUMAB SCAN vma[start:0x7f25af401000, end:0x7f25afc01000, from:0x7f25af401000, to:0x7f25afc01000, size:8192 KB]
          cg.C.x-2417  [048]     0.013719: (+1)     bprint:               __handle_mm_fault: NUMAB MEM ACCESS process[nid:0, cpu:48, pid:2417], folio[virt:0x7f25af2002b0, phys:0x3780a3000, pfn:0x3780a3, nid:0, npages:1]
          cg.C.x-2417  [048]     0.013723: (+4)     bprint:               __handle_mm_fault: NUMAB MEM ACCESS process[nid:0, cpu:48, pid:2417], folio[virt:0x7f25af1ff698, phys:0x1144c0000, pfn:0x1144c0, nid:0, npages:1]
          cg.C.x-2402  [018]     0.013734: (+11)    bprint:               change_prot_numa: NUMAB SCAN vma[start:0x7f25afe01000, end:0x7f25b0601000, from:0x7f25afe01000, to:0x7f25b0601000, size:8192 KB]
          cg.C.x-2416  [046]     0.013735: (+1)     bprint:               __handle_mm_fault: NUMAB MEM ACCESS process[nid:0, cpu:46, pid:2416], folio[virt:0x7f25afc002b0, phys:0x3780a2000, pfn:0x3780a2, nid:0, npages:1]
          cg.C.x-2402  [018]     0.013751: (+16)    bprint:               change_prot_numa: NUMAB SCAN vma[start:0x7f25b0801000, end:0x7f25b1001000, from:0x7f25b0801000, to:0x7f25b1001000, size:8192 KB]
          cg.C.x-2415  [044]     0.013751: (+0)     bprint:               __handle_mm_fault: NUMAB MEM ACCESS process[nid:0, cpu:44, pid:2415], folio[virt:0x7f25b06002b0, phys:0x3780a1000, pfn:0x3780a1, nid:0, npages:1]
          cg.C.x-2402  [018]     0.013768: (+17)    bprint:               change_prot_numa: NUMAB SCAN vma[start:0x7f25b1201000, end:0x7f25b1a01000, from:0x7f25b1201000, to:0x7f25b1a01000, size:8192 KB]
          cg.C.x-2414  [042]     0.013768: (+0)     bprint:               __handle_mm_fault: NUMAB MEM ACCESS process[nid:0, cpu:42, pid:2414], folio[virt:0x7f25b10002b0, phys:0x3780a0000, pfn:0x3780a0, nid:0, npages:1]
          cg.C.x-2396  [006]     0.013777: (+9)     bprint:               __handle_mm_fault: NUMAB MEM ACCESS process[nid:0, cpu:6, pid:2396], folio[virt:0x558a8cfc0080, phys:0x1535aa000, pfn:0x1535aa, nid:0, npages:1]
          cg.C.x-2402  [018]     0.013785: (+8)     bprint:               change_prot_numa: NUMAB SCAN vma[start:0x7f25b1c01000, end:0x7f25b2401000, from:0x7f25b1c01000, to:0x7f25b2401000, size:8192 KB]
          cg.C.x-2413  [040]     0.013786: (+1)     bprint:               __handle_mm_fault: NUMAB MEM ACCESS process[nid:0, cpu:40, pid:2413], folio[virt:0x7f25b1a002b0, phys:0x37809f000, pfn:0x37809f, nid:0, npages:1]
          cg.C.x-2413  [040]     0.013790: (+4)     bprint:               __handle_mm_fault: NUMAB MEM ACCESS process[nid:0, cpu:40, pid:2413], folio[virt:0x7f25b19ff698, phys:0x1137d6000, pfn:0x1137d6, nid:0, npages:1]
          cg.C.x-2402  [018]     0.013801: (+11)    bprint:               change_prot_numa: NUMAB SCAN vma[start:0x7f25b2601000, end:0x7f25b2e01000, from:0x7f25b2601000, to:0x7f25b2e01000, size:8192 KB]
          cg.C.x-2412  [038]     0.013802: (+1)     bprint:               __handle_mm_fault: NUMAB MEM ACCESS process[nid:0, cpu:38, pid:2412], folio[virt:0x7f25b24002b0, phys:0x37809d000, pfn:0x37809d, nid:0, npages:1]
          cg.C.x-2412  [038]     0.013805: (+3)     bprint:               __handle_mm_fault: NUMAB MEM ACCESS process[nid:0, cpu:38, pid:2412], folio[virt:0x7f25b23ff698, phys:0x1104ee000, pfn:0x1104ee, nid:0, npages:1]
          cg.C.x-2411  [036]     0.013818: (+13)    bprint:               __handle_mm_fault: NUMAB MEM ACCESS process[nid:0, cpu:36, pid:2411], folio[virt:0x7f25b2e002b0, phys:0x37809c000, pfn:0x37809c, nid:0, npages:1]
          cg.C.x-2402  [018]     0.013818: (+0)     bprint:               change_prot_numa: NUMAB SCAN vma[start:0x7f25b3001000, end:0x7f25b3801000, from:0x7f25b3001000, to:0x7f25b3801000, size:8192 KB]
          cg.C.x-2410  [034]     0.013834: (+16)    bprint:               __handle_mm_fault: NUMAB MEM ACCESS process[nid:0, cpu:34, pid:2410], folio[virt:0x7f25b38002b0, phys:0x37809b000, pfn:0x37809b, nid:0, npages:1]
          cg.C.x-2402  [018]     0.013834: (+0)     bprint:               change_prot_numa: NUMAB SCAN vma[start:0x7f25b3a01000, end:0x7f25b4201000, from:0x7f25b3a01000, to:0x7f25b4201000, size:8192 KB]
          cg.C.x-2402  [018]     0.013851: (+17)    bprint:               change_prot_numa: NUMAB SCAN vma[start:0x7f25b4401000, end:0x7f25b4c01000, from:0x7f25b4401000, to:0x7f25b4c01000, size:8192 KB]
          cg.C.x-2409  [032]     0.013851: (+0)     bprint:               __handle_mm_fault: NUMAB MEM ACCESS process[nid:0, cpu:32, pid:2409], folio[virt:0x7f25b42002b0, phys:0x37809a000, pfn:0x37809a, nid:0, npages:1]
          cg.C.x-2402  [018]     0.013867: (+16)    bprint:               change_prot_numa: NUMAB SCAN vma[start:0x7f25b4e01000, end:0x7f25b5601000, from:0x7f25b4e01000, to:0x7f25b5601000, size:8192 KB]
          cg.C.x-2408  [030]     0.013867: (+0)     bprint:               __handle_mm_fault: NUMAB MEM ACCESS process[nid:0, cpu:30, pid:2408], folio[virt:0x7f25b4c002b0, phys:0x378099000, pfn:0x378099, nid:0, npages:1]
          cg.C.x-2402  [018]     0.013884: (+17)    bprint:               change_prot_numa: NUMAB SCAN vma[start:0x7f25b5801000, end:0x7f25b6001000, from:0x7f25b5801000, to:0x7f25b6001000, size:8192 KB]
          cg.C.x-2407  [028]     0.013884: (+0)     bprint:               __handle_mm_fault: NUMAB MEM ACCESS process[nid:0, cpu:28, pid:2407], folio[virt:0x7f25b56002b0, phys:0x378098000, pfn:0x378098, nid:0, npages:1]
          cg.C.x-2402  [018]     0.013900: (+16)    bprint:               change_prot_numa: NUMAB SCAN vma[start:0x7f25b6201000, end:0x7f25b6a01000, from:0x7f25b6201000, to:0x7f25b6a01000, size:8192 KB]
          cg.C.x-2406  [026]     0.013900: (+0)     bprint:               __handle_mm_fault: NUMAB MEM ACCESS process[nid:0, cpu:26, pid:2406], folio[virt:0x7f25b60002b0, phys:0x378097000, pfn:0x378097, nid:0, npages:1]
          cg.C.x-2402  [018]     0.013916: (+16)    bprint:               change_prot_numa: NUMAB SCAN vma[start:0x7f25b6c01000, end:0x7f25b7401000, from:0x7f25b6c01000, to:0x7f25b7401000, size:8192 KB]
          cg.C.x-2405  [024]     0.013917: (+1)     bprint:               __handle_mm_fault: NUMAB MEM ACCESS process[nid:0, cpu:24, pid:2405], folio[virt:0x7f25b6a002b8, phys:0x378096000, pfn:0x378096, nid:0, npages:1]
          cg.C.x-2404  [022]     0.013933: (+16)    bprint:               __handle_mm_fault: NUMAB MEM ACCESS process[nid:0, cpu:22, pid:2404], folio[virt:0x7f25b74002b0, phys:0x378095000, pfn:0x378095, nid:0, npages:1]
          cg.C.x-2402  [018]     0.013934: (+1)     bprint:               change_prot_numa: NUMAB SCAN vma[start:0x7f25b7601000, end:0x7f25b7e01000, from:0x7f25b7601000, to:0x7f25b7e01000, size:8192 KB]
          cg.C.x-2404  [022]     0.013936: (+2)     bprint:               __handle_mm_fault: NUMAB MEM ACCESS process[nid:0, cpu:22, pid:2404], folio[virt:0x7f25b73ff698, phys:0x1107f0000, pfn:0x1107f0, nid:0, npages:1]
          cg.C.x-2403  [020]     0.013950: (+14)    bprint:               __handle_mm_fault: NUMAB MEM ACCESS process[nid:0, cpu:20, pid:2403], folio[virt:0x7f25b7e002b0, phys:0x378094000, pfn:0x378094, nid:0, npages:1]
          cg.C.x-2402  [018]     0.013950: (+0)     bprint:               change_prot_numa: NUMAB SCAN vma[start:0x7f25b8001000, end:0x7f25b8801000, from:0x7f25b8001000, to:0x7f25b8801000, size:8192 KB]
          cg.C.x-2402  [018]     0.013967: (+17)    bprint:               change_prot_numa: NUMAB SCAN vma[start:0x7f25b8a01000, end:0x7f25b9201000, from:0x7f25b8a01000, to:0x7f25b9201000, size:8192 KB]
          cg.C.x-2402  [018]     0.013983: (+16)    bprint:               change_prot_numa: NUMAB SCAN vma[start:0x7f25b9401000, end:0x7f25b9c01000, from:0x7f25b9401000, to:0x7f25b9c01000, size:8192 KB]
          cg.C.x-2401  [016]     0.013983: (+0)     bprint:               __handle_mm_fault: NUMAB MEM ACCESS process[nid:0, cpu:16, pid:2401], folio[virt:0x7f25b92002b0, phys:0x378092000, pfn:0x378092, nid:0, npages:1]
          cg.C.x-2402  [018]     0.013999: (+16)    bprint:               change_prot_numa: NUMAB SCAN vma[start:0x7f25b9e01000, end:0x7f25ba601000, from:0x7f25b9e01000, to:0x7f25ba601000, size:8192 KB]
          cg.C.x-2400  [014]     0.013999: (+0)     bprint:               __handle_mm_fault: NUMAB MEM ACCESS process[nid:0, cpu:14, pid:2400], folio[virt:0x7f25b9c002b0, phys:0x378091000, pfn:0x378091, nid:0, npages:1]
          cg.C.x-2402  [018]     0.014015: (+16)    bprint:               change_prot_numa: NUMAB SCAN vma[start:0x7f25ba801000, end:0x7f25bb001000, from:0x7f25ba801000, to:0x7f25bb001000, size:8192 KB]
          cg.C.x-2399  [012]     0.014015: (+0)     bprint:               __handle_mm_fault: NUMAB MEM ACCESS process[nid:0, cpu:12, pid:2399], folio[virt:0x7f25ba6002b0, phys:0x37808f000, pfn:0x37808f, nid:0, npages:1]
          cg.C.x-2398  [010]     0.014031: (+16)    bprint:               __handle_mm_fault: NUMAB MEM ACCESS process[nid:0, cpu:10, pid:2398], folio[virt:0x7f25bb0002b0, phys:0x37808e000, pfn:0x37808e, nid:0, npages:1]
          cg.C.x-2402  [018]     0.014032: (+1)     bprint:               change_prot_numa: NUMAB SCAN vma[start:0x7f25bb201000, end:0x7f25bba01000, from:0x7f25bb201000, to:0x7f25bba01000, size:8192 KB]
          cg.C.x-2402  [018]     0.014048: (+16)    bprint:               change_prot_numa: NUMAB SCAN vma[start:0x7f25bbc01000, end:0x7f25bc401000, from:0x7f25bbc01000, to:0x7f25bc401000, size:8192 KB]
          cg.C.x-2397  [008]     0.014048: (+0)     bprint:               __handle_mm_fault: NUMAB MEM ACCESS process[nid:0, cpu:8, pid:2397], folio[virt:0x7f25bba002b8, phys:0x37808d000, pfn:0x37808d, nid:0, npages:1]
          cg.C.x-2402  [018]     0.014065: (+17)    bprint:               change_prot_numa: NUMAB SCAN vma[start:0x7f25bc601000, end:0x7f25bce01000, from:0x7f25bc601000, to:0x7f25bce01000, size:8192 KB]
          cg.C.x-2402  [018]     0.014081: (+16)    bprint:               change_prot_numa: NUMAB SCAN vma[start:0x7f25bd001000, end:0x7f25bd801000, from:0x7f25bd001000, to:0x7f25bd801000, size:8192 KB]
          cg.C.x-2402  [018]     0.014098: (+17)    bprint:               change_prot_numa: NUMAB SCAN vma[start:0x7f25bd891000, end:0x7f25d00f9000, from:0x7f25bd891000, to:0x7f25d00f9000, size:303520 KB]
          cg.C.x-2402  [018]     0.014119: (+21)    bprint:               change_prot_numa: NUMAB SCAN vma[start:0x7f25d0200000, end:0x7f25d1450000, from:0x7f25d0200000, to:0x7f25d1450000, size:18752 KB]
          cg.C.x-2402  [018]     0.014134: (+15)    bprint:               change_prot_numa: NUMAB SCAN vma[start:0x7f25d14db000, end:0x7f25e3af9000, from:0x7f25d14db000, to:0x7f25dfc00000, size:236692 KB]
          cg.C.x-2397  [008]     0.014134: (+0)     bprint:               do_huge_pmd_numa_page: NUMAB MEM ACCESS huge page process[nid:0, cpu:8, pid:2397], folio[virt:0x7f25d0332490, ker:0xffff93f4a5200000, pfn:0x325200, nid:0, npages:512]
