          cg.C.x-3369  [017]     0.008160: (+1)     sched_wakeup:         kworker/17:1:486 [120] CPU:017
          cg.C.x-3385  [049]     0.008160: (+0)     sched_wakeup:         kworker/49:2:956 [120] CPU:049
          cg.C.x-3392  [063]     0.008160: (+0)     sched_wakeup:         kworker/63:1:654 [120] CPU:063
          cg.C.x-3390  [059]     0.008160: (+0)     sched_wakeup:         kworker/59:1:544 [120] CPU:059
          cg.C.x-3374  [027]     0.008160: (+0)     sched_wakeup:         kworker/27:1:722 [120] CPU:027
          cg.C.x-3373  [025]     0.008160: (+0)     sched_wakeup:         kworker/25:1:741 [120] CPU:025
          cg.C.x-3389  [057]     0.008160: (+0)     sched_wakeup:         kworker/57:2:1818 [120] CPU:057
          cg.C.x-3335  [012]     0.008160: (+0)     sched_wakeup:         kworker/12:1:710 [120] CPU:012
          cg.C.x-3376  [031]     0.008160: (+0)     sched_wakeup:         kworker/31:1:492 [120] CPU:031
          cg.C.x-3387  [053]     0.008161: (+1)     sched_wakeup:         kworker/53:1:588 [120] CPU:053
          cg.C.x-3337  [016]     0.008161: (+0)     sched_wakeup:         kworker/16:1:714 [120] CPU:016
          cg.C.x-3364  [007]     0.008161: (+0)     sched_wakeup:         kworker/7:1:482 [120] CPU:007
          cg.C.x-3365  [009]     0.008161: (+0)     sched_wakeup:         kworker/9:1:713 [120] CPU:009
          cg.C.x-3343  [028]     0.008161: (+0)     sched_wakeup:         kworker/28:1:712 [120] CPU:028
          cg.C.x-3382  [043]     0.008161: (+0)     sched_wakeup:         kworker/43:1:736 [120] CPU:043
          cg.C.x-3362  [003]     0.008161: (+0)     sched_wakeup:         kworker/3:1:707 [120] CPU:003
          cg.C.x-3348  [038]     0.008162: (+1)     sched_wakeup:         kworker/38:1:724 [120] CPU:038
          cg.C.x-3339  [020]     0.008162: (+0)     sched_wakeup:         kworker/20:1:719 [120] CPU:020
          cg.C.x-3344  [030]     0.008162: (+0)     sched_wakeup:         kworker/30:1:727 [120] CPU:030
          cg.C.x-3342  [026]     0.008162: (+0)     sched_wakeup:         kworker/26:1:728 [120] CPU:026
          cg.C.x-3338  [018]     0.008162: (+0)     sched_wakeup:         kworker/18:1:718 [120] CPU:018
          cg.C.x-3336  [014]     0.008162: (+0)     sched_wakeup:         kworker/14:1:708 [120] CPU:014
          cg.C.x-3334  [010]     0.008162: (+0)     sched_wakeup:         kworker/10:1:711 [120] CPU:010
          cg.C.x-3367  [013]     0.008164: (+2)     sched_switch:         cg.C.x:3367 [120] R ==> kworker/13:2:1936 [120]
          cg.C.x-3383  [045]     0.008164: (+0)     sched_switch:         cg.C.x:3383 [120] R ==> kworker/45:1:546 [120]
          cg.C.x-3379  [037]     0.008164: (+0)     sched_switch:         cg.C.x:3379 [120] R ==> kworker/37:0:241 [120]
          cg.C.x-3370  [019]     0.008164: (+0)     sched_wakeup:         rcu_preempt:17 [120] CPU:019
          cg.C.x-3356  [054]     0.008164: (+0)     sched_switch:         cg.C.x:3356 [120] R ==> kworker/54:1:735 [120]
          cg.C.x-3384  [047]     0.008165: (+1)     sched_switch:         cg.C.x:3384 [120] R ==> kworker/47:0:301 [120]
          cg.C.x-3387  [053]     0.008166: (+1)     sched_switch:         cg.C.x:3387 [120] R ==> kworker/53:1:588 [120]
          cg.C.x-3388  [055]     0.008166: (+0)     sched_switch:         cg.C.x:3388 [120] R ==> kworker/55:1:501 [120]
          cg.C.x-3389  [057]     0.008166: (+0)     sched_switch:         cg.C.x:3389 [120] R ==> kworker/57:2:1818 [120]
          cg.C.x-3390  [059]     0.008166: (+0)     sched_switch:         cg.C.x:3390 [120] R ==> kworker/59:1:544 [120]
          cg.C.x-3392  [063]     0.008166: (+0)     sched_switch:         cg.C.x:3392 [120] R ==> kworker/63:1:654 [120]
          cg.C.x-3382  [043]     0.008167: (+1)     sched_switch:         cg.C.x:3382 [120] R ==> kworker/43:1:736 [120]
          cg.C.x-3385  [049]     0.008167: (+0)     sched_switch:         cg.C.x:3385 [120] R ==> kworker/49:2:956 [120]
          cg.C.x-3368  [015]     0.008167: (+0)     sched_switch:         cg.C.x:3368 [120] R ==> kworker/15:1:483 [120]
          cg.C.x-3348  [038]     0.008168: (+1)     sched_switch:         cg.C.x:3348 [120] R ==> kworker/38:1:724 [120]
          cg.C.x-3372  [023]     0.008168: (+0)     sched_switch:         cg.C.x:3372 [120] R ==> kworker/23:0:157 [120]
          cg.C.x-3363  [005]     0.008168: (+0)     sched_switch:         cg.C.x:3363 [120] R ==> kworker/5:1:709 [120]
          cg.C.x-3370  [019]     0.008168: (+0)     sched_switch:         cg.C.x:3370 [120] R ==> rcu_preempt:17 [120]
          cg.C.x-3373  [025]     0.008168: (+0)     sched_switch:         cg.C.x:3373 [120] R ==> kworker/25:1:741 [120]
          cg.C.x-3369  [017]     0.008168: (+0)     sched_switch:         cg.C.x:3369 [120] R ==> kworker/17:1:486 [120]
     kworker/4:2-1163  [004]     0.008168: (+0)     sched_switch:         kworker/4:2:1163 [120] I ==> cg.C.x:3331 [120]
          cg.C.x-3374  [027]     0.008170: (+2)     sched_switch:         cg.C.x:3374 [120] R ==> kworker/27:1:722 [120]
          cg.C.x-3376  [031]     0.008170: (+0)     sched_switch:         cg.C.x:3376 [120] R ==> kworker/31:1:492 [120]
          cg.C.x-3365  [009]     0.008170: (+0)     sched_switch:         cg.C.x:3365 [120] R ==> kworker/9:1:713 [120]
          cg.C.x-3335  [012]     0.008170: (+0)     sched_switch:         cg.C.x:3335 [120] R ==> kworker/12:1:710 [120]
          cg.C.x-3337  [016]     0.008170: (+0)     sched_switch:         cg.C.x:3337 [120] R ==> kworker/16:1:714 [120]
          cg.C.x-3341  [024]     0.008170: (+0)     sched_switch:         cg.C.x:3341 [120] R ==> kworker/24:1:731 [120]
          cg.C.x-3364  [007]     0.008170: (+0)     sched_switch:         cg.C.x:3364 [120] R ==> kworker/7:1:482 [120]
          cg.C.x-3344  [030]     0.008171: (+1)     sched_switch:         cg.C.x:3344 [120] R ==> kworker/30:1:727 [120]
          cg.C.x-3336  [014]     0.008171: (+0)     sched_switch:         cg.C.x:3336 [120] R ==> kworker/14:1:708 [120]
          cg.C.x-3342  [026]     0.008171: (+0)     sched_switch:         cg.C.x:3342 [120] R ==> kworker/26:1:728 [120]
          cg.C.x-3339  [020]     0.008171: (+0)     sched_switch:         cg.C.x:3339 [120] R ==> kworker/20:1:719 [120]
          cg.C.x-3334  [010]     0.008171: (+0)     sched_switch:         cg.C.x:3334 [120] R ==> kworker/10:1:711 [120]
          cg.C.x-3343  [028]     0.008171: (+0)     sched_switch:         cg.C.x:3343 [120] R ==> kworker/28:1:712 [120]
          cg.C.x-3338  [018]     0.008172: (+1)     sched_switch:         cg.C.x:3338 [120] R ==> kworker/18:1:718 [120]
          cg.C.x-3362  [003]     0.008172: (+0)     sched_switch:         cg.C.x:3362 [120] R ==> kworker/3:1:707 [120]
    kworker/54:1-735   [054]     0.008173: (+1)     sched_switch:         kworker/54:1:735 [120] I ==> cg.C.x:3356 [120]
    kworker/53:1-588   [053]     0.008173: (+0)     sched_switch:         kworker/53:1:588 [120] I ==> cg.C.x:3387 [120]
    kworker/63:1-654   [063]     0.008173: (+0)     sched_switch:         kworker/63:1:654 [120] I ==> cg.C.x:3392 [120]
    kworker/37:0-241   [037]     0.008173: (+0)     sched_switch:         kworker/37:0:241 [120] I ==> cg.C.x:3379 [120]
    kworker/23:0-157   [023]     0.008173: (+0)     sched_switch:         kworker/23:0:157 [120] I ==> cg.C.x:3372 [120]
     kworker/5:1-709   [005]     0.008173: (+0)     sched_switch:         kworker/5:1:709 [120] I ==> cg.C.x:3363 [120]
    kworker/55:1-501   [055]     0.008173: (+0)     sched_switch:         kworker/55:1:501 [120] I ==> cg.C.x:3388 [120]
    kworker/49:2-956   [049]     0.008174: (+1)     sched_switch:         kworker/49:2:956 [120] I ==> cg.C.x:3385 [120]
    kworker/17:1-486   [017]     0.008174: (+0)     sched_switch:         kworker/17:1:486 [120] I ==> cg.C.x:3369 [120]
    kworker/25:1-741   [025]     0.008174: (+0)     sched_switch:         kworker/25:1:741 [120] I ==> cg.C.x:3373 [120]
    kworker/57:2-1818  [057]     0.008174: (+0)     sched_switch:         kworker/57:2:1818 [120] I ==> cg.C.x:3389 [120]
    kworker/15:1-483   [015]     0.008174: (+0)     sched_switch:         kworker/15:1:483 [120] I ==> cg.C.x:3368 [120]
    kworker/43:1-736   [043]     0.008174: (+0)     sched_switch:         kworker/43:1:736 [120] I ==> cg.C.x:3382 [120]
    kworker/27:1-722   [027]     0.008176: (+2)     sched_switch:         kworker/27:1:722 [120] I ==> cg.C.x:3374 [120]
    kworker/38:1-724   [038]     0.008176: (+0)     sched_switch:         kworker/38:1:724 [120] I ==> cg.C.x:3348 [120]
     kworker/9:1-713   [009]     0.008177: (+1)     sched_switch:         kworker/9:1:713 [120] I ==> cg.C.x:3365 [120]
    kworker/16:1-714   [016]     0.008178: (+1)     sched_switch:         kworker/16:1:714 [120] I ==> cg.C.x:3337 [120]
    kworker/12:1-710   [012]     0.008178: (+0)     sched_switch:         kworker/12:1:710 [120] I ==> cg.C.x:3335 [120]
    kworker/10:1-711   [010]     0.008178: (+0)     sched_switch:         kworker/10:1:711 [120] I ==> cg.C.x:3334 [120]
    kworker/24:1-731   [024]     0.008178: (+0)     sched_switch:         kworker/24:1:731 [120] I ==> cg.C.x:3341 [120]
    kworker/20:1-719   [020]     0.008178: (+0)     sched_switch:         kworker/20:1:719 [120] I ==> cg.C.x:3339 [120]
    kworker/14:1-708   [014]     0.008178: (+0)     sched_switch:         kworker/14:1:708 [120] I ==> cg.C.x:3336 [120]
    kworker/30:1-727   [030]     0.008178: (+0)     sched_switch:         kworker/30:1:727 [120] I ==> cg.C.x:3344 [120]
    kworker/26:1-728   [026]     0.008179: (+1)     sched_switch:         kworker/26:1:728 [120] I ==> cg.C.x:3342 [120]
    kworker/18:1-718   [018]     0.008179: (+0)     sched_switch:         kworker/18:1:718 [120] I ==> cg.C.x:3338 [120]
    kworker/28:1-712   [028]     0.008179: (+0)     sched_switch:         kworker/28:1:712 [120] I ==> cg.C.x:3343 [120]
     rcu_preempt-17    [019]     0.008180: (+1)     sched_switch:         rcu_preempt:17 [120] I ==> cg.C.x:3370 [120]
    kworker/13:2-1936  [013]     0.008182: (+2)     sched_switch:         kworker/13:2:1936 [120] I ==> cg.C.x:3367 [120]
    kworker/45:1-546   [045]     0.008182: (+0)     sched_switch:         kworker/45:1:546 [120] I ==> cg.C.x:3383 [120]
    kworker/47:0-301   [047]     0.008184: (+2)     sched_switch:         kworker/47:0:301 [120] I ==> cg.C.x:3384 [120]
    kworker/59:1-544   [059]     0.008189: (+5)     sched_switch:         kworker/59:1:544 [120] I ==> cg.C.x:3390 [120]
    kworker/31:1-492   [031]     0.008190: (+1)     sched_switch:         kworker/31:1:492 [120] I ==> cg.C.x:3376 [120]
     kworker/7:1-482   [007]     0.008197: (+7)     sched_switch:         kworker/7:1:482 [120] I ==> cg.C.x:3364 [120]
     kworker/3:1-707   [003]     0.008204: (+7)     sched_switch:         kworker/3:1:707 [120] I ==> cg.C.x:3362 [120]
          cg.C.x-3345  [032]     0.011450: (+3246)  sched_waking:         comm=tmux: server pid=2003 prio=120 target_cpu=032
          cg.C.x-3345  [032]     0.011458: (+8)     sched_wakeup:         tmux: server:2003 [120] CPU:032
          cg.C.x-3345  [032]     0.011460: (+2)     sched_switch:         cg.C.x:3345 [120] R ==> tmux: server:2003 [120]
    tmux: server-2003  [032]     0.011478: (+18)    sched_switch:         tmux: server:2003 [120] S ==> cg.C.x:3345 [120]
          cg.C.x-3345  [032]     0.013524: (+2046)  sched_waking:         comm=tmux: server pid=2003 prio=120 target_cpu=032
          cg.C.x-3345  [032]     0.013527: (+3)     sched_wakeup:         tmux: server:2003 [120] CPU:032
          cg.C.x-3370  [019]     0.016144: (+2617)  sched_waking:         comm=rcu_preempt pid=17 prio=120 target_cpu=019
          cg.C.x-3345  [032]     0.016146: (+2)     sched_switch:         cg.C.x:3345 [120] R ==> tmux: server:2003 [120]
          cg.C.x-3391  [061]     0.016146: (+0)     sched_waking:         comm=kworker/61:1 pid=558 prio=120 target_cpu=061
          cg.C.x-3384  [047]     0.016146: (+0)     bprint:               change_prot_numa: NUMAB SCAN vma[start:0x557fb0e47000, end:0x557fb0e48000, from:0x557fb0e47000, to:0x557fb0e48000, size:4 KB]
          cg.C.x-3370  [019]     0.016147: (+1)     sched_wakeup:         rcu_preempt:17 [120] CPU:019
          cg.C.x-3370  [019]     0.016149: (+2)     sched_switch:         cg.C.x:3370 [120] R ==> rcu_preempt:17 [120]
          cg.C.x-3391  [061]     0.016149: (+0)     sched_wakeup:         kworker/61:1:558 [120] CPU:061
          cg.C.x-3391  [061]     0.016152: (+3)     sched_switch:         cg.C.x:3391 [120] R ==> kworker/61:1:558 [120]
     rcu_preempt-17    [019]     0.016154: (+2)     sched_switch:         rcu_preempt:17 [120] I ==> cg.C.x:3370 [120]
    kworker/61:1-558   [061]     0.016159: (+5)     sched_switch:         kworker/61:1:558 [120] I ==> cg.C.x:3391 [120]
    tmux: server-2003  [032]     0.016164: (+5)     sched_switch:         tmux: server:2003 [120] S ==> cg.C.x:3345 [120]
          cg.C.x-3384  [047]     0.016177: (+13)    bprint:               change_prot_numa: NUMAB SCAN vma[start:0x557fb23c8000, end:0x557fb23e9000, from:0x557fb23c8000, to:0x557fb23e9000, size:132 KB]
          cg.C.x-3384  [047]     0.016198: (+21)    bprint:               change_prot_numa: NUMAB SCAN vma[start:0x7f3d45401000, end:0x7f3d45c01000, from:0x7f3d45401000, to:0x7f3d45c01000, size:8192 KB]
          cg.C.x-3332  [006]     0.016199: (+1)     bprint:               __handle_mm_fault: NUMAB MEM ACCESS process[nid:0, cpu:6, pid:3332], folio[virt:0x557fb23d3504, phys:0x121d93000, pfn:0x121d93, nid:0, npages:1]
          cg.C.x-3384  [047]     0.016203: (+4)     bprint:               change_prot_numa: NUMAB SCAN vma[start:0x7f3d45e01000, end:0x7f3d46601000, from:0x7f3d45e01000, to:0x7f3d46601000, size:8192 KB]
          cg.C.x-3384  [047]     0.016207: (+4)     bprint:               change_prot_numa: NUMAB SCAN vma[start:0x7f3d46801000, end:0x7f3d47001000, from:0x7f3d46801000, to:0x7f3d47001000, size:8192 KB]
          cg.C.x-3384  [047]     0.016212: (+5)     bprint:               change_prot_numa: NUMAB SCAN vma[start:0x7f3d47201000, end:0x7f3d47a01000, from:0x7f3d47201000, to:0x7f3d47a01000, size:8192 KB]
          cg.C.x-3384  [047]     0.016229: (+17)    bprint:               change_prot_numa: NUMAB SCAN vma[start:0x7f3d47c01000, end:0x7f3d48401000, from:0x7f3d47c01000, to:0x7f3d48401000, size:8192 KB]
          cg.C.x-3389  [057]     0.016229: (+0)     bprint:               __handle_mm_fault: NUMAB MEM ACCESS process[nid:1, cpu:57, pid:3389], folio[virt:0x7f3d47a002b0, phys:0x362989000, pfn:0x362989, nid:0, npages:1]
          cg.C.x-3389  [057]     0.016231: (+2)     bprint:               __handle_mm_fault: NUMAB TRY MEM MIGR process[nid:1, cpu:57, pid:3389], folio[virt:0x7f3d47a002b0, phys:0x362989000, nid:0], target_nid:1
          cg.C.x-3384  [047]     0.016246: (+15)    bprint:               change_prot_numa: NUMAB SCAN vma[start:0x7f3d48601000, end:0x7f3d48e01000, from:0x7f3d48601000, to:0x7f3d48e01000, size:8192 KB]
          cg.C.x-3388  [055]     0.016246: (+0)     bprint:               __handle_mm_fault: NUMAB MEM ACCESS process[nid:1, cpu:55, pid:3388], folio[virt:0x7f3d484002b0, phys:0x362988000, pfn:0x362988, nid:0, npages:1]
          cg.C.x-3388  [055]     0.016248: (+2)     bprint:               __handle_mm_fault: NUMAB TRY MEM MIGR process[nid:1, cpu:55, pid:3388], folio[virt:0x7f3d484002b0, phys:0x362988000, nid:0], target_nid:1
          cg.C.x-3389  [057]     0.016265: (+17)    bprint:               __handle_mm_fault: NUMAB COMPLETED MEM MIGR process[nid:1, cpu:57, pid:3389], old[phys:0x362989000, nid:0, npages:1], new[phys:0x1864864000, nid:1, npages:1]
          cg.C.x-3388  [055]     0.016286: (+21)    bprint:               __handle_mm_fault: NUMAB COMPLETED MEM MIGR process[nid:1, cpu:55, pid:3388], old[phys:0x362988000, nid:0, npages:1], new[phys:0x186d85b000, nid:1, npages:1]
          cg.C.x-3384  [047]     0.016293: (+7)     bprint:               change_prot_numa: NUMAB SCAN vma[start:0x7f3d49001000, end:0x7f3d49801000, from:0x7f3d49001000, to:0x7f3d49801000, size:8192 KB]
          cg.C.x-3387  [053]     0.016294: (+1)     bprint:               __handle_mm_fault: NUMAB MEM ACCESS process[nid:1, cpu:53, pid:3387], folio[virt:0x7f3d48e002b0, phys:0x30cbd3000, pfn:0x30cbd3, nid:0, npages:1]
          cg.C.x-3387  [053]     0.016296: (+2)     bprint:               __handle_mm_fault: NUMAB TRY MEM MIGR process[nid:1, cpu:53, pid:3387], folio[virt:0x7f3d48e002b0, phys:0x30cbd3000, nid:0], target_nid:1
          cg.C.x-3384  [047]     0.016310: (+14)    bprint:               change_prot_numa: NUMAB SCAN vma[start:0x7f3d49a01000, end:0x7f3d4a201000, from:0x7f3d49a01000, to:0x7f3d4a201000, size:8192 KB]
          cg.C.x-3386  [051]     0.016311: (+1)     bprint:               __handle_mm_fault: NUMAB MEM ACCESS process[nid:1, cpu:51, pid:3386], folio[virt:0x7f3d498002b0, phys:0x30cbd2000, pfn:0x30cbd2, nid:0, npages:1]
          cg.C.x-3386  [051]     0.016312: (+1)     bprint:               __handle_mm_fault: NUMAB TRY MEM MIGR process[nid:1, cpu:51, pid:3386], folio[virt:0x7f3d498002b0, phys:0x30cbd2000, nid:0], target_nid:1
          cg.C.x-3387  [053]     0.016331: (+19)    bprint:               __handle_mm_fault: NUMAB COMPLETED MEM MIGR process[nid:1, cpu:53, pid:3387], old[phys:0x30cbd3000, nid:0, npages:1], new[phys:0x185e0bf000, nid:1, npages:1]
          cg.C.x-3386  [051]     0.016351: (+20)    bprint:               __handle_mm_fault: NUMAB COMPLETED MEM MIGR process[nid:1, cpu:51, pid:3386], old[phys:0x30cbd2000, nid:0, npages:1], new[phys:0x1855eff000, nid:1, npages:1]
          cg.C.x-3384  [047]     0.016359: (+8)     bprint:               change_prot_numa: NUMAB SCAN vma[start:0x7f3d4a401000, end:0x7f3d4ac01000, from:0x7f3d4a401000, to:0x7f3d4ac01000, size:8192 KB]
          cg.C.x-3385  [049]     0.016359: (+0)     bprint:               __handle_mm_fault: NUMAB MEM ACCESS process[nid:1, cpu:49, pid:3385], folio[virt:0x7f3d4a2002b0, phys:0x30cbd0000, pfn:0x30cbd0, nid:0, npages:1]
          cg.C.x-3385  [049]     0.016361: (+2)     bprint:               __handle_mm_fault: NUMAB TRY MEM MIGR process[nid:1, cpu:49, pid:3385], folio[virt:0x7f3d4a2002b0, phys:0x30cbd0000, nid:0], target_nid:1
          cg.C.x-3384  [047]     0.016375: (+14)    bprint:               change_prot_numa: NUMAB SCAN vma[start:0x7f3d4ae01000, end:0x7f3d4b601000, from:0x7f3d4ae01000, to:0x7f3d4b601000, size:8192 KB]
          cg.C.x-3385  [049]     0.016395: (+20)    bprint:               __handle_mm_fault: NUMAB COMPLETED MEM MIGR process[nid:1, cpu:49, pid:3385], old[phys:0x30cbd0000, nid:0, npages:1], new[phys:0x185e0bb000, nid:1, npages:1]
          cg.C.x-3384  [047]     0.016406: (+11)    bprint:               change_prot_numa: NUMAB SCAN vma[start:0x7f3d4b801000, end:0x7f3d4c001000, from:0x7f3d4b801000, to:0x7f3d4c001000, size:8192 KB]
          cg.C.x-3383  [045]     0.016407: (+1)     bprint:               __handle_mm_fault: NUMAB MEM ACCESS process[nid:1, cpu:45, pid:3383], folio[virt:0x7f3d4b6002b0, phys:0x15395e000, pfn:0x15395e, nid:0, npages:1]
          cg.C.x-3383  [045]     0.016409: (+2)     bprint:               __handle_mm_fault: NUMAB TRY MEM MIGR process[nid:1, cpu:45, pid:3383], folio[virt:0x7f3d4b6002b0, phys:0x15395e000, nid:0], target_nid:1
          cg.C.x-3384  [047]     0.016423: (+14)    bprint:               change_prot_numa: NUMAB SCAN vma[start:0x7f3d4c201000, end:0x7f3d4ca01000, from:0x7f3d4c201000, to:0x7f3d4ca01000, size:8192 KB]
          cg.C.x-3382  [043]     0.016423: (+0)     bprint:               __handle_mm_fault: NUMAB MEM ACCESS process[nid:1, cpu:43, pid:3382], folio[virt:0x7f3d4c0002b0, phys:0x15395d000, pfn:0x15395d, nid:0, npages:1]
          cg.C.x-3382  [043]     0.016425: (+2)     bprint:               __handle_mm_fault: NUMAB TRY MEM MIGR process[nid:1, cpu:43, pid:3382], folio[virt:0x7f3d4c0002b0, phys:0x15395d000, nid:0], target_nid:1
          cg.C.x-3383  [045]     0.016445: (+20)    bprint:               __handle_mm_fault: NUMAB COMPLETED MEM MIGR process[nid:1, cpu:45, pid:3383], old[phys:0x15395e000, nid:0, npages:1], new[phys:0x1864800000, nid:1, npages:1]
          cg.C.x-3382  [043]     0.016458: (+13)    bprint:               __handle_mm_fault: NUMAB COMPLETED MEM MIGR process[nid:1, cpu:43, pid:3382], old[phys:0x15395d000, nid:0, npages:1], new[phys:0x1856f14000, nid:1, npages:1]
          cg.C.x-3384  [047]     0.016470: (+12)    bprint:               change_prot_numa: NUMAB SCAN vma[start:0x7f3d4cc01000, end:0x7f3d4d401000, from:0x7f3d4cc01000, to:0x7f3d4d401000, size:8192 KB]
          cg.C.x-3381  [041]     0.016470: (+0)     bprint:               __handle_mm_fault: NUMAB MEM ACCESS process[nid:1, cpu:41, pid:3381], folio[virt:0x7f3d4ca002b0, phys:0x15395c000, pfn:0x15395c, nid:0, npages:1]
          cg.C.x-3381  [041]     0.016472: (+2)     bprint:               __handle_mm_fault: NUMAB TRY MEM MIGR process[nid:1, cpu:41, pid:3381], folio[virt:0x7f3d4ca002b0, phys:0x15395c000, nid:0], target_nid:1
          cg.C.x-3384  [047]     0.016487: (+15)    bprint:               change_prot_numa: NUMAB SCAN vma[start:0x7f3d4d601000, end:0x7f3d4de01000, from:0x7f3d4d601000, to:0x7f3d4de01000, size:8192 KB]
          cg.C.x-3380  [039]     0.016488: (+1)     bprint:               __handle_mm_fault: NUMAB MEM ACCESS process[nid:1, cpu:39, pid:3380], folio[virt:0x7f3d4d4002b0, phys:0x15395b000, pfn:0x15395b, nid:0, npages:1]
          cg.C.x-3380  [039]     0.016489: (+1)     bprint:               __handle_mm_fault: NUMAB TRY MEM MIGR process[nid:1, cpu:39, pid:3380], folio[virt:0x7f3d4d4002b0, phys:0x15395b000, nid:0], target_nid:1
          cg.C.x-3381  [041]     0.016506: (+17)    bprint:               __handle_mm_fault: NUMAB COMPLETED MEM MIGR process[nid:1, cpu:41, pid:3381], old[phys:0x15395c000, nid:0, npages:1], new[phys:0x185f1d8000, nid:1, npages:1]
          cg.C.x-3380  [039]     0.016524: (+18)    bprint:               __handle_mm_fault: NUMAB COMPLETED MEM MIGR process[nid:1, cpu:39, pid:3380], old[phys:0x15395b000, nid:0, npages:1], new[phys:0x1866cd1000, nid:1, npages:1]
          cg.C.x-3384  [047]     0.016535: (+11)    bprint:               change_prot_numa: NUMAB SCAN vma[start:0x7f3d4e001000, end:0x7f3d4e801000, from:0x7f3d4e001000, to:0x7f3d4e801000, size:8192 KB]
          cg.C.x-3379  [037]     0.016536: (+1)     bprint:               __handle_mm_fault: NUMAB MEM ACCESS process[nid:1, cpu:37, pid:3379], folio[virt:0x7f3d4de002b0, phys:0x15395a000, pfn:0x15395a, nid:0, npages:1]
          cg.C.x-3379  [037]     0.016537: (+1)     bprint:               __handle_mm_fault: NUMAB TRY MEM MIGR process[nid:1, cpu:37, pid:3379], folio[virt:0x7f3d4de002b0, phys:0x15395a000, nid:0], target_nid:1
          cg.C.x-3384  [047]     0.016552: (+15)    bprint:               change_prot_numa: NUMAB SCAN vma[start:0x7f3d4ea01000, end:0x7f3d4f201000, from:0x7f3d4ea01000, to:0x7f3d4f201000, size:8192 KB]
          cg.C.x-3378  [035]     0.016553: (+1)     bprint:               __handle_mm_fault: NUMAB MEM ACCESS process[nid:1, cpu:35, pid:3378], folio[virt:0x7f3d4e8002b0, phys:0x32624b000, pfn:0x32624b, nid:0, npages:1]
          cg.C.x-3378  [035]     0.016554: (+1)     bprint:               __handle_mm_fault: NUMAB TRY MEM MIGR process[nid:1, cpu:35, pid:3378], folio[virt:0x7f3d4e8002b0, phys:0x32624b000, nid:0], target_nid:1
          cg.C.x-3379  [037]     0.016574: (+20)    bprint:               __handle_mm_fault: NUMAB COMPLETED MEM MIGR process[nid:1, cpu:37, pid:3379], old[phys:0x15395a000, nid:0, npages:1], new[phys:0x1857694000, nid:1, npages:1]
          cg.C.x-3378  [035]     0.016581: (+7)     bprint:               __handle_mm_fault: NUMAB COMPLETED MEM MIGR process[nid:1, cpu:35, pid:3378], old[phys:0x32624b000, nid:0, npages:1], new[phys:0x1864852000, nid:1, npages:1]
          cg.C.x-3384  [047]     0.016597: (+16)    bprint:               change_prot_numa: NUMAB SCAN vma[start:0x7f3d4f401000, end:0x7f3d4fc01000, from:0x7f3d4f401000, to:0x7f3d4fc01000, size:8192 KB]
          cg.C.x-3377  [033]     0.016597: (+0)     bprint:               __handle_mm_fault: NUMAB MEM ACCESS process[nid:1, cpu:33, pid:3377], folio[virt:0x7f3d4f2002b0, phys:0x32624a000, pfn:0x32624a, nid:0, npages:1]
          cg.C.x-3377  [033]     0.016599: (+2)     bprint:               __handle_mm_fault: NUMAB TRY MEM MIGR process[nid:1, cpu:33, pid:3377], folio[virt:0x7f3d4f2002b0, phys:0x32624a000, nid:0], target_nid:1
          cg.C.x-3376  [031]     0.016614: (+15)    bprint:               __handle_mm_fault: NUMAB MEM ACCESS process[nid:1, cpu:31, pid:3376], folio[virt:0x7f3d4fc002b0, phys:0x362969000, pfn:0x362969, nid:0, npages:1]
          cg.C.x-3384  [047]     0.016616: (+2)     bprint:               change_prot_numa: NUMAB SCAN vma[start:0x7f3d4fe01000, end:0x7f3d50601000, from:0x7f3d4fe01000, to:0x7f3d50601000, size:8192 KB]
          cg.C.x-3376  [031]     0.016616: (+0)     bprint:               __handle_mm_fault: NUMAB TRY MEM MIGR process[nid:1, cpu:31, pid:3376], folio[virt:0x7f3d4fc002b0, phys:0x362969000, nid:0], target_nid:1
          cg.C.x-3377  [033]     0.016631: (+15)    bprint:               __handle_mm_fault: NUMAB COMPLETED MEM MIGR process[nid:1, cpu:33, pid:3377], old[phys:0x32624a000, nid:0, npages:1], new[phys:0x186724e000, nid:1, npages:1]
          cg.C.x-3376  [031]     0.016642: (+11)    bprint:               __handle_mm_fault: NUMAB COMPLETED MEM MIGR process[nid:1, cpu:31, pid:3376], old[phys:0x362969000, nid:0, npages:1], new[phys:0x185e034000, nid:1, npages:1]
          cg.C.x-3384  [047]     0.016666: (+24)    bprint:               change_prot_numa: NUMAB SCAN vma[start:0x7f3d50801000, end:0x7f3d51001000, from:0x7f3d50801000, to:0x7f3d51001000, size:8192 KB]
          cg.C.x-3375  [029]     0.016667: (+1)     bprint:               __handle_mm_fault: NUMAB MEM ACCESS process[nid:1, cpu:29, pid:3375], folio[virt:0x7f3d506002b0, phys:0x362968000, pfn:0x362968, nid:0, npages:1]
          cg.C.x-3375  [029]     0.016669: (+2)     bprint:               __handle_mm_fault: NUMAB TRY MEM MIGR process[nid:1, cpu:29, pid:3375], folio[virt:0x7f3d506002b0, phys:0x362968000, nid:0], target_nid:1
          cg.C.x-3384  [047]     0.016682: (+13)    bprint:               change_prot_numa: NUMAB SCAN vma[start:0x7f3d51201000, end:0x7f3d51a01000, from:0x7f3d51201000, to:0x7f3d51a01000, size:8192 KB]
          cg.C.x-3374  [027]     0.016683: (+1)     bprint:               __handle_mm_fault: NUMAB MEM ACCESS process[nid:1, cpu:27, pid:3374], folio[virt:0x7f3d510002b0, phys:0x326291000, pfn:0x326291, nid:0, npages:1]
          cg.C.x-3374  [027]     0.016684: (+1)     bprint:               __handle_mm_fault: NUMAB TRY MEM MIGR process[nid:1, cpu:27, pid:3374], folio[virt:0x7f3d510002b0, phys:0x326291000, nid:0], target_nid:1
          cg.C.x-3375  [029]     0.016706: (+22)    bprint:               __handle_mm_fault: NUMAB COMPLETED MEM MIGR process[nid:1, cpu:29, pid:3375], old[phys:0x362968000, nid:0, npages:1], new[phys:0x1867582000, nid:1, npages:1]
          cg.C.x-3374  [027]     0.016722: (+16)    bprint:               __handle_mm_fault: NUMAB COMPLETED MEM MIGR process[nid:1, cpu:27, pid:3374], old[phys:0x326291000, nid:0, npages:1], new[phys:0x185ee9a000, nid:1, npages:1]
          cg.C.x-3373  [025]     0.016731: (+9)     bprint:               __handle_mm_fault: NUMAB MEM ACCESS process[nid:1, cpu:25, pid:3373], folio[virt:0x7f3d51a002b0, phys:0x362971000, pfn:0x362971, nid:0, npages:1]
          cg.C.x-3384  [047]     0.016732: (+1)     bprint:               change_prot_numa: NUMAB SCAN vma[start:0x7f3d51c01000, end:0x7f3d52401000, from:0x7f3d51c01000, to:0x7f3d52401000, size:8192 KB]
          cg.C.x-3373  [025]     0.016732: (+0)     bprint:               __handle_mm_fault: NUMAB TRY MEM MIGR process[nid:1, cpu:25, pid:3373], folio[virt:0x7f3d51a002b0, phys:0x362971000, nid:0], target_nid:1
          cg.C.x-3373  [025]     0.016761: (+29)    bprint:               __handle_mm_fault: NUMAB COMPLETED MEM MIGR process[nid:1, cpu:25, pid:3373], old[phys:0x362971000, nid:0, npages:1], new[phys:0x1866bf2000, nid:1, npages:1]
          cg.C.x-3372  [023]     0.016765: (+4)     bprint:               __handle_mm_fault: NUMAB MEM ACCESS process[nid:1, cpu:23, pid:3372], folio[virt:0x7f3d524002b0, phys:0x362970000, pfn:0x362970, nid:0, npages:1]
          cg.C.x-3372  [023]     0.016766: (+1)     bprint:               __handle_mm_fault: NUMAB TRY MEM MIGR process[nid:1, cpu:23, pid:3372], folio[virt:0x7f3d524002b0, phys:0x362970000, nid:0], target_nid:1
          cg.C.x-3384  [047]     0.016771: (+5)     bprint:               change_prot_numa: NUMAB SCAN vma[start:0x7f3d52601000, end:0x7f3d52e01000, from:0x7f3d52601000, to:0x7f3d52e01000, size:8192 KB]
          cg.C.x-3372  [023]     0.016793: (+22)    bprint:               __handle_mm_fault: NUMAB COMPLETED MEM MIGR process[nid:1, cpu:23, pid:3372], old[phys:0x362970000, nid:0, npages:1], new[phys:0x186681b000, nid:1, npages:1]
          cg.C.x-3384  [047]     0.016808: (+15)    bprint:               change_prot_numa: NUMAB SCAN vma[start:0x7f3d53001000, end:0x7f3d53801000, from:0x7f3d53001000, to:0x7f3d53801000, size:8192 KB]
          cg.C.x-3371  [021]     0.016808: (+0)     bprint:               __handle_mm_fault: NUMAB MEM ACCESS process[nid:1, cpu:21, pid:3371], folio[virt:0x7f3d52e002a8, phys:0x1395a7000, pfn:0x1395a7, nid:0, npages:1]
          cg.C.x-3371  [021]     0.016809: (+1)     bprint:               __handle_mm_fault: NUMAB TRY MEM MIGR process[nid:1, cpu:21, pid:3371], folio[virt:0x7f3d52e002a8, phys:0x1395a7000, nid:0], target_nid:1
          cg.C.x-3370  [019]     0.016825: (+16)    bprint:               __handle_mm_fault: NUMAB MEM ACCESS process[nid:1, cpu:19, pid:3370], folio[virt:0x7f3d538002b0, phys:0x1395a6000, pfn:0x1395a6, nid:0, npages:1]
          cg.C.x-3384  [047]     0.016825: (+0)     bprint:               change_prot_numa: NUMAB SCAN vma[start:0x7f3d53a01000, end:0x7f3d54201000, from:0x7f3d53a01000, to:0x7f3d54201000, size:8192 KB]
          cg.C.x-3370  [019]     0.016826: (+1)     bprint:               __handle_mm_fault: NUMAB TRY MEM MIGR process[nid:1, cpu:19, pid:3370], folio[virt:0x7f3d538002b0, phys:0x1395a6000, nid:0], target_nid:1
          cg.C.x-3371  [021]     0.016838: (+12)    bprint:               __handle_mm_fault: NUMAB COMPLETED MEM MIGR process[nid:1, cpu:21, pid:3371], old[phys:0x1395a7000, nid:0, npages:1], new[phys:0x185dc18000, nid:1, npages:1]
          cg.C.x-3370  [019]     0.016860: (+22)    bprint:               __handle_mm_fault: NUMAB COMPLETED MEM MIGR process[nid:1, cpu:19, pid:3370], old[phys:0x1395a6000, nid:0, npages:1], new[phys:0x1858d78000, nid:1, npages:1]
          cg.C.x-3369  [017]     0.016869: (+9)     bprint:               __handle_mm_fault: NUMAB MEM ACCESS process[nid:1, cpu:17, pid:3369], folio[virt:0x7f3d542002b0, phys:0x139595000, pfn:0x139595, nid:0, npages:1]
          cg.C.x-3384  [047]     0.016869: (+0)     bprint:               change_prot_numa: NUMAB SCAN vma[start:0x7f3d54401000, end:0x7f3d54c01000, from:0x7f3d54401000, to:0x7f3d54c01000, size:8192 KB]
          cg.C.x-3369  [017]     0.016870: (+1)     bprint:               __handle_mm_fault: NUMAB TRY MEM MIGR process[nid:1, cpu:17, pid:3369], folio[virt:0x7f3d542002b0, phys:0x139595000, nid:0], target_nid:1
          cg.C.x-3368  [015]     0.016885: (+15)    bprint:               __handle_mm_fault: NUMAB MEM ACCESS process[nid:1, cpu:15, pid:3368], folio[virt:0x7f3d54c002b0, phys:0x139594000, pfn:0x139594, nid:0, npages:1]
          cg.C.x-3368  [015]     0.016886: (+1)     bprint:               __handle_mm_fault: NUMAB TRY MEM MIGR process[nid:1, cpu:15, pid:3368], folio[virt:0x7f3d54c002b0, phys:0x139594000, nid:0], target_nid:1
          cg.C.x-3384  [047]     0.016887: (+1)     bprint:               change_prot_numa: NUMAB SCAN vma[start:0x7f3d54e01000, end:0x7f3d55601000, from:0x7f3d54e01000, to:0x7f3d55601000, size:8192 KB]
          cg.C.x-3369  [017]     0.016894: (+7)     bprint:               __handle_mm_fault: NUMAB COMPLETED MEM MIGR process[nid:1, cpu:17, pid:3369], old[phys:0x139595000, nid:0, npages:1], new[phys:0x1866c69000, nid:1, npages:1]
          cg.C.x-3368  [015]     0.016922: (+28)    bprint:               __handle_mm_fault: NUMAB COMPLETED MEM MIGR process[nid:1, cpu:15, pid:3368], old[phys:0x139594000, nid:0, npages:1], new[phys:0x185eb53000, nid:1, npages:1]
          cg.C.x-3367  [013]     0.016931: (+9)     bprint:               __handle_mm_fault: NUMAB MEM ACCESS process[nid:1, cpu:13, pid:3367], folio[virt:0x7f3d556002b0, phys:0x1534d1000, pfn:0x1534d1, nid:0, npages:1]
          cg.C.x-3384  [047]     0.016931: (+0)     bprint:               change_prot_numa: NUMAB SCAN vma[start:0x7f3d55801000, end:0x7f3d56001000, from:0x7f3d55801000, to:0x7f3d56001000, size:8192 KB]
          cg.C.x-3367  [013]     0.016932: (+1)     bprint:               __handle_mm_fault: NUMAB TRY MEM MIGR process[nid:1, cpu:13, pid:3367], folio[virt:0x7f3d556002b0, phys:0x1534d1000, nid:0], target_nid:1
          cg.C.x-3366  [011]     0.016948: (+16)    bprint:               __handle_mm_fault: NUMAB MEM ACCESS process[nid:1, cpu:11, pid:3366], folio[virt:0x7f3d560002b0, phys:0x1534d0000, pfn:0x1534d0, nid:0, npages:1]
          cg.C.x-3384  [047]     0.016948: (+0)     bprint:               change_prot_numa: NUMAB SCAN vma[start:0x7f3d56201000, end:0x7f3d56a01000, from:0x7f3d56201000, to:0x7f3d56a01000, size:8192 KB]
          cg.C.x-3366  [011]     0.016949: (+1)     bprint:               __handle_mm_fault: NUMAB TRY MEM MIGR process[nid:1, cpu:11, pid:3366], folio[virt:0x7f3d560002b0, phys:0x1534d0000, nid:0], target_nid:1
          cg.C.x-3367  [013]     0.016962: (+13)    bprint:               __handle_mm_fault: NUMAB COMPLETED MEM MIGR process[nid:1, cpu:13, pid:3367], old[phys:0x1534d1000, nid:0, npages:1], new[phys:0x1867772000, nid:1, npages:1]
          cg.C.x-3366  [011]     0.016977: (+15)    bprint:               __handle_mm_fault: NUMAB COMPLETED MEM MIGR process[nid:1, cpu:11, pid:3366], old[phys:0x1534d0000, nid:0, npages:1], new[phys:0x186de5c000, nid:1, npages:1]
          cg.C.x-3365  [009]     0.016990: (+13)    bprint:               __handle_mm_fault: NUMAB MEM ACCESS process[nid:1, cpu:9, pid:3365], folio[virt:0x7f3d56a002b0, phys:0x362939000, pfn:0x362939, nid:0, npages:1]
          cg.C.x-3384  [047]     0.016990: (+0)     bprint:               change_prot_numa: NUMAB SCAN vma[start:0x7f3d56c01000, end:0x7f3d57401000, from:0x7f3d56c01000, to:0x7f3d57401000, size:8192 KB]
          cg.C.x-3365  [009]     0.016991: (+1)     bprint:               __handle_mm_fault: NUMAB TRY MEM MIGR process[nid:1, cpu:9, pid:3365], folio[virt:0x7f3d56a002b0, phys:0x362939000, nid:0], target_nid:1
          cg.C.x-3364  [007]     0.017007: (+16)    bprint:               __handle_mm_fault: NUMAB MEM ACCESS process[nid:1, cpu:7, pid:3364], folio[virt:0x7f3d574002b0, phys:0x362938000, pfn:0x362938, nid:0, npages:1]
          cg.C.x-3384  [047]     0.017007: (+0)     bprint:               change_prot_numa: NUMAB SCAN vma[start:0x7f3d57601000, end:0x7f3d57e01000, from:0x7f3d57601000, to:0x7f3d57e01000, size:8192 KB]
          cg.C.x-3364  [007]     0.017008: (+1)     bprint:               __handle_mm_fault: NUMAB TRY MEM MIGR process[nid:1, cpu:7, pid:3364], folio[virt:0x7f3d574002b0, phys:0x362938000, nid:0], target_nid:1
          cg.C.x-3365  [009]     0.017021: (+13)    bprint:               __handle_mm_fault: NUMAB COMPLETED MEM MIGR process[nid:1, cpu:9, pid:3365], old[phys:0x362939000, nid:0, npages:1], new[phys:0x185ec36000, nid:1, npages:1]
          cg.C.x-3364  [007]     0.017037: (+16)    bprint:               __handle_mm_fault: NUMAB COMPLETED MEM MIGR process[nid:1, cpu:7, pid:3364], old[phys:0x362938000, nid:0, npages:1], new[phys:0x303a04d000, nid:1, npages:1]
          cg.C.x-3363  [005]     0.017049: (+12)    bprint:               __handle_mm_fault: NUMAB MEM ACCESS process[nid:1, cpu:5, pid:3363], folio[virt:0x7f3d57e002b0, phys:0x13d089000, pfn:0x13d089, nid:0, npages:1]
          cg.C.x-3384  [047]     0.017050: (+1)     bprint:               change_prot_numa: NUMAB SCAN vma[start:0x7f3d58001000, end:0x7f3d58801000, from:0x7f3d58001000, to:0x7f3d58801000, size:8192 KB]
          cg.C.x-3363  [005]     0.017050: (+0)     bprint:               __handle_mm_fault: NUMAB TRY MEM MIGR process[nid:1, cpu:5, pid:3363], folio[virt:0x7f3d57e002b0, phys:0x13d089000, nid:0], target_nid:1
          cg.C.x-3362  [003]     0.017067: (+17)    bprint:               __handle_mm_fault: NUMAB MEM ACCESS process[nid:1, cpu:3, pid:3362], folio[virt:0x7f3d588002b0, phys:0x13d088000, pfn:0x13d088, nid:0, npages:1]
          cg.C.x-3384  [047]     0.017067: (+0)     bprint:               change_prot_numa: NUMAB SCAN vma[start:0x7f3d58a01000, end:0x7f3d59201000, from:0x7f3d58a01000, to:0x7f3d59201000, size:8192 KB]
          cg.C.x-3362  [003]     0.017068: (+1)     bprint:               __handle_mm_fault: NUMAB TRY MEM MIGR process[nid:1, cpu:3, pid:3362], folio[virt:0x7f3d588002b0, phys:0x13d088000, nid:0], target_nid:1
          cg.C.x-3363  [005]     0.017085: (+17)    bprint:               __handle_mm_fault: NUMAB COMPLETED MEM MIGR process[nid:1, cpu:5, pid:3363], old[phys:0x13d089000, nid:0, npages:1], new[phys:0x185ee80000, nid:1, npages:1]
          cg.C.x-3362  [003]     0.017096: (+11)    bprint:               __handle_mm_fault: NUMAB COMPLETED MEM MIGR process[nid:1, cpu:3, pid:3362], old[phys:0x13d088000, nid:0, npages:1], new[phys:0x185fd9b000, nid:1, npages:1]
          cg.C.x-3361  [001]     0.017111: (+15)    bprint:               __handle_mm_fault: NUMAB MEM ACCESS process[nid:1, cpu:1, pid:3361], folio[virt:0x7f3d592002b0, phys:0x13ae8b000, pfn:0x13ae8b, nid:0, npages:1]
          cg.C.x-3384  [047]     0.017111: (+0)     bprint:               change_prot_numa: NUMAB SCAN vma[start:0x7f3d59401000, end:0x7f3d59c01000, from:0x7f3d59401000, to:0x7f3d59c01000, size:8192 KB]
          cg.C.x-3361  [001]     0.017112: (+1)     bprint:               __handle_mm_fault: NUMAB TRY MEM MIGR process[nid:1, cpu:1, pid:3361], folio[virt:0x7f3d592002b0, phys:0x13ae8b000, nid:0], target_nid:1
          cg.C.x-3384  [047]     0.017128: (+16)    bprint:               change_prot_numa: NUMAB SCAN vma[start:0x7f3d59e01000, end:0x7f3d5a601000, from:0x7f3d59e01000, to:0x7f3d5a601000, size:8192 KB]
          cg.C.x-3360  [062]     0.017130: (+2)     bprint:               __handle_mm_fault: NUMAB MEM ACCESS process[nid:0, cpu:62, pid:3360], folio[virt:0x7f3d59c002b8, phys:0x153b2f000, pfn:0x153b2f, nid:0, npages:1]
          cg.C.x-3361  [001]     0.017141: (+11)    bprint:               __handle_mm_fault: NUMAB COMPLETED MEM MIGR process[nid:1, cpu:1, pid:3361], old[phys:0x13ae8b000, nid:0, npages:1], new[phys:0x185e0fe000, nid:1, npages:1]
          cg.C.x-3384  [047]     0.017158: (+17)    bprint:               change_prot_numa: NUMAB SCAN vma[start:0x7f3d5a801000, end:0x7f3d5b001000, from:0x7f3d5a801000, to:0x7f3d5b001000, size:8192 KB]
          cg.C.x-3359  [060]     0.017159: (+1)     bprint:               __handle_mm_fault: NUMAB MEM ACCESS process[nid:0, cpu:60, pid:3359], folio[virt:0x7f3d5a6002b0, phys:0x153b2e000, pfn:0x153b2e, nid:0, npages:1]
          cg.C.x-3384  [047]     0.017176: (+17)    bprint:               change_prot_numa: NUMAB SCAN vma[start:0x7f3d5b201000, end:0x7f3d5ba01000, from:0x7f3d5b201000, to:0x7f3d5ba01000, size:8192 KB]
          cg.C.x-3358  [058]     0.017178: (+2)     bprint:               __handle_mm_fault: NUMAB MEM ACCESS process[nid:0, cpu:58, pid:3358], folio[virt:0x7f3d5b0002b0, phys:0x13a119000, pfn:0x13a119, nid:0, npages:1]
          cg.C.x-3384  [047]     0.017193: (+15)    bprint:               change_prot_numa: NUMAB SCAN vma[start:0x7f3d5bc01000, end:0x7f3d5c401000, from:0x7f3d5bc01000, to:0x7f3d5c401000, size:8192 KB]
          cg.C.x-3357  [056]     0.017195: (+2)     bprint:               __handle_mm_fault: NUMAB MEM ACCESS process[nid:0, cpu:56, pid:3357], folio[virt:0x7f3d5ba002b0, phys:0x13a118000, pfn:0x13a118, nid:0, npages:1]
          cg.C.x-3384  [047]     0.017210: (+15)    bprint:               change_prot_numa: NUMAB SCAN vma[start:0x7f3d5c601000, end:0x7f3d5ce01000, from:0x7f3d5c601000, to:0x7f3d5ce01000, size:8192 KB]
          cg.C.x-3356  [054]     0.017212: (+2)     bprint:               __handle_mm_fault: NUMAB MEM ACCESS process[nid:0, cpu:54, pid:3356], folio[virt:0x7f3d5c4002b0, phys:0x153bbd000, pfn:0x153bbd, nid:0, npages:1]
          cg.C.x-3384  [047]     0.017228: (+16)    bprint:               change_prot_numa: NUMAB SCAN vma[start:0x7f3d5d001000, end:0x7f3d5d801000, from:0x7f3d5d001000, to:0x7f3d5d801000, size:8192 KB]
          cg.C.x-3355  [052]     0.017229: (+1)     bprint:               __handle_mm_fault: NUMAB MEM ACCESS process[nid:0, cpu:52, pid:3355], folio[virt:0x7f3d5ce002b8, phys:0x153bbc000, pfn:0x153bbc, nid:0, npages:1]
          cg.C.x-3384  [047]     0.017246: (+17)    bprint:               change_prot_numa: NUMAB SCAN vma[start:0x7f3d5da01000, end:0x7f3d5e201000, from:0x7f3d5da01000, to:0x7f3d5e201000, size:8192 KB]
          cg.C.x-3354  [050]     0.017247: (+1)     bprint:               __handle_mm_fault: NUMAB MEM ACCESS process[nid:0, cpu:50, pid:3354], folio[virt:0x7f3d5d8002b0, phys:0x120512000, pfn:0x120512, nid:0, npages:1]
          cg.C.x-3384  [047]     0.017263: (+16)    bprint:               change_prot_numa: NUMAB SCAN vma[start:0x7f3d5e401000, end:0x7f3d5ec01000, from:0x7f3d5e401000, to:0x7f3d5ec01000, size:8192 KB]
          cg.C.x-3353  [048]     0.017265: (+2)     bprint:               __handle_mm_fault: NUMAB MEM ACCESS process[nid:0, cpu:48, pid:3353], folio[virt:0x7f3d5e2002b8, phys:0x362987000, pfn:0x362987, nid:0, npages:1]
          cg.C.x-3384  [047]     0.017280: (+15)    bprint:               change_prot_numa: NUMAB SCAN vma[start:0x7f3d5ee01000, end:0x7f3d5f601000, from:0x7f3d5ee01000, to:0x7f3d5f601000, size:8192 KB]
          cg.C.x-3352  [046]     0.017282: (+2)     bprint:               __handle_mm_fault: NUMAB MEM ACCESS process[nid:0, cpu:46, pid:3352], folio[virt:0x7f3d5ec002b0, phys:0x362986000, pfn:0x362986, nid:0, npages:1]
          cg.C.x-3384  [047]     0.017298: (+16)    bprint:               change_prot_numa: NUMAB SCAN vma[start:0x7f3d5f801000, end:0x7f3d60001000, from:0x7f3d5f801000, to:0x7f3d60001000, size:8192 KB]
          cg.C.x-3351  [044]     0.017299: (+1)     bprint:               __handle_mm_fault: NUMAB MEM ACCESS process[nid:0, cpu:44, pid:3351], folio[virt:0x7f3d5f6002b0, phys:0x326213000, pfn:0x326213, nid:0, npages:1]
          cg.C.x-3384  [047]     0.017315: (+16)    bprint:               change_prot_numa: NUMAB SCAN vma[start:0x7f3d60201000, end:0x7f3d60a01000, from:0x7f3d60201000, to:0x7f3d60a01000, size:8192 KB]
          cg.C.x-3350  [042]     0.017316: (+1)     bprint:               __handle_mm_fault: NUMAB MEM ACCESS process[nid:0, cpu:42, pid:3350], folio[virt:0x7f3d600002b0, phys:0x326212000, pfn:0x326212, nid:0, npages:1]
          cg.C.x-3384  [047]     0.017333: (+17)    bprint:               change_prot_numa: NUMAB SCAN vma[start:0x7f3d60c01000, end:0x7f3d61401000, from:0x7f3d60c01000, to:0x7f3d61401000, size:8192 KB]
          cg.C.x-3349  [040]     0.017333: (+0)     bprint:               __handle_mm_fault: NUMAB MEM ACCESS process[nid:0, cpu:40, pid:3349], folio[virt:0x7f3d60a002b0, phys:0x30cbd5000, pfn:0x30cbd5, nid:0, npages:1]
          cg.C.x-3384  [047]     0.017350: (+17)    bprint:               change_prot_numa: NUMAB SCAN vma[start:0x7f3d61601000, end:0x7f3d61e01000, from:0x7f3d61601000, to:0x7f3d61e01000, size:8192 KB]
          cg.C.x-3348  [038]     0.017351: (+1)     bprint:               __handle_mm_fault: NUMAB MEM ACCESS process[nid:0, cpu:38, pid:3348], folio[virt:0x7f3d614002b0, phys:0x139f13000, pfn:0x139f13, nid:0, npages:1]
          cg.C.x-3384  [047]     0.017367: (+16)    bprint:               change_prot_numa: NUMAB SCAN vma[start:0x7f3d62001000, end:0x7f3d62801000, from:0x7f3d62001000, to:0x7f3d62801000, size:8192 KB]
          cg.C.x-3347  [036]     0.017368: (+1)     bprint:               __handle_mm_fault: NUMAB MEM ACCESS process[nid:0, cpu:36, pid:3347], folio[virt:0x7f3d61e002b0, phys:0x139f12000, pfn:0x139f12, nid:0, npages:1]
          cg.C.x-3384  [047]     0.017384: (+16)    bprint:               change_prot_numa: NUMAB SCAN vma[start:0x7f3d62a01000, end:0x7f3d63201000, from:0x7f3d62a01000, to:0x7f3d63201000, size:8192 KB]
          cg.C.x-3346  [034]     0.017385: (+1)     bprint:               __handle_mm_fault: NUMAB MEM ACCESS process[nid:0, cpu:34, pid:3346], folio[virt:0x7f3d628002b0, phys:0x13b2d5000, pfn:0x13b2d5, nid:0, npages:1]
          cg.C.x-3384  [047]     0.017402: (+17)    bprint:               change_prot_numa: NUMAB SCAN vma[start:0x7f3d63401000, end:0x7f3d63c01000, from:0x7f3d63401000, to:0x7f3d63c01000, size:8192 KB]
          cg.C.x-3345  [032]     0.017403: (+1)     bprint:               __handle_mm_fault: NUMAB MEM ACCESS process[nid:0, cpu:32, pid:3345], folio[virt:0x7f3d632002b8, phys:0x13b2d4000, pfn:0x13b2d4, nid:0, npages:1]
          cg.C.x-3384  [047]     0.017420: (+17)    bprint:               change_prot_numa: NUMAB SCAN vma[start:0x7f3d63e01000, end:0x7f3d64601000, from:0x7f3d63e01000, to:0x7f3d64601000, size:8192 KB]
          cg.C.x-3344  [030]     0.017420: (+0)     bprint:               __handle_mm_fault: NUMAB MEM ACCESS process[nid:0, cpu:30, pid:3344], folio[virt:0x7f3d63c002b0, phys:0x150049000, pfn:0x150049, nid:0, npages:1]
          cg.C.x-3384  [047]     0.017437: (+17)    bprint:               change_prot_numa: NUMAB SCAN vma[start:0x7f3d64801000, end:0x7f3d65001000, from:0x7f3d64801000, to:0x7f3d65001000, size:8192 KB]
          cg.C.x-3343  [028]     0.017438: (+1)     bprint:               __handle_mm_fault: NUMAB MEM ACCESS process[nid:0, cpu:28, pid:3343], folio[virt:0x7f3d646002b0, phys:0x150048000, pfn:0x150048, nid:0, npages:1]
          cg.C.x-3384  [047]     0.017454: (+16)    bprint:               change_prot_numa: NUMAB SCAN vma[start:0x7f3d65201000, end:0x7f3d65a01000, from:0x7f3d65201000, to:0x7f3d65a01000, size:8192 KB]
          cg.C.x-3342  [026]     0.017455: (+1)     bprint:               __handle_mm_fault: NUMAB MEM ACCESS process[nid:0, cpu:26, pid:3342], folio[virt:0x7f3d650002b0, phys:0x13a7c1000, pfn:0x13a7c1, nid:0, npages:1]
          cg.C.x-3384  [047]     0.017472: (+17)    bprint:               change_prot_numa: NUMAB SCAN vma[start:0x7f3d65c01000, end:0x7f3d66401000, from:0x7f3d65c01000, to:0x7f3d66401000, size:8192 KB]
          cg.C.x-3341  [024]     0.017472: (+0)     bprint:               __handle_mm_fault: NUMAB MEM ACCESS process[nid:0, cpu:24, pid:3341], folio[virt:0x7f3d65a002b0, phys:0x13a7c0000, pfn:0x13a7c0, nid:0, npages:1]
          cg.C.x-3334  [010]     0.017487: (+15)    bprint:               __handle_mm_fault: NUMAB MEM ACCESS process[nid:0, cpu:10, pid:3334], folio[virt:0x557fb0e47080, phys:0x121712000, pfn:0x121712, nid:0, npages:1]
          cg.C.x-3384  [047]     0.017489: (+2)     bprint:               change_prot_numa: NUMAB SCAN vma[start:0x7f3d66601000, end:0x7f3d66e01000, from:0x7f3d66601000, to:0x7f3d66e01000, size:8192 KB]
          cg.C.x-3340  [022]     0.017490: (+1)     bprint:               __handle_mm_fault: NUMAB MEM ACCESS process[nid:0, cpu:22, pid:3340], folio[virt:0x7f3d664002b8, phys:0x113f83000, pfn:0x113f83, nid:0, npages:1]
          cg.C.x-3384  [047]     0.017507: (+17)    bprint:               change_prot_numa: NUMAB SCAN vma[start:0x7f3d67001000, end:0x7f3d67801000, from:0x7f3d67001000, to:0x7f3d67801000, size:8192 KB]
          cg.C.x-3339  [020]     0.017507: (+0)     bprint:               __handle_mm_fault: NUMAB MEM ACCESS process[nid:0, cpu:20, pid:3339], folio[virt:0x7f3d66e002b0, phys:0x113f82000, pfn:0x113f82, nid:0, npages:1]
          cg.C.x-3384  [047]     0.017524: (+17)    bprint:               change_prot_numa: NUMAB SCAN vma[start:0x7f3d67a01000, end:0x7f3d68201000, from:0x7f3d67a01000, to:0x7f3d68201000, size:8192 KB]
          cg.C.x-3338  [018]     0.017525: (+1)     bprint:               __handle_mm_fault: NUMAB MEM ACCESS process[nid:0, cpu:18, pid:3338], folio[virt:0x7f3d678002b0, phys:0x13a645000, pfn:0x13a645, nid:0, npages:1]
          cg.C.x-3384  [047]     0.017541: (+16)    bprint:               change_prot_numa: NUMAB SCAN vma[start:0x7f3d68401000, end:0x7f3d68c01000, from:0x7f3d68401000, to:0x7f3d68c01000, size:8192 KB]
          cg.C.x-3337  [016]     0.017542: (+1)     bprint:               __handle_mm_fault: NUMAB MEM ACCESS process[nid:0, cpu:16, pid:3337], folio[virt:0x7f3d682002b0, phys:0x13a644000, pfn:0x13a644, nid:0, npages:1]
          cg.C.x-3384  [047]     0.017558: (+16)    bprint:               change_prot_numa: NUMAB SCAN vma[start:0x7f3d68e01000, end:0x7f3d69601000, from:0x7f3d68e01000, to:0x7f3d69601000, size:8192 KB]
          cg.C.x-3336  [014]     0.017559: (+1)     bprint:               __handle_mm_fault: NUMAB MEM ACCESS process[nid:0, cpu:14, pid:3336], folio[virt:0x7f3d68c002b0, phys:0x11259d000, pfn:0x11259d, nid:0, npages:1]
          cg.C.x-3384  [047]     0.017576: (+17)    bprint:               change_prot_numa: NUMAB SCAN vma[start:0x7f3d69801000, end:0x7f3d6a001000, from:0x7f3d69801000, to:0x7f3d6a001000, size:8192 KB]
          cg.C.x-3335  [012]     0.017577: (+1)     bprint:               __handle_mm_fault: NUMAB MEM ACCESS process[nid:0, cpu:12, pid:3335], folio[virt:0x7f3d696002b0, phys:0x121619000, pfn:0x121619, nid:0, npages:1]
