          cg.C.x-3709  [053]     0.012828: (+2)     bprint:               __handle_mm_fault: NUMAB TRY MEM MIGR process[nid:1, cpu:53, pid:3709], folio[virt:0x7efc07a002b8, phys:0x150603000, nid:0], target_nid:1
          cg.C.x-3653  [004]     0.012842: (+14)    bprint:               change_prot_numa: NUMAB SCAN vma[start:0x7efc08601000, end:0x7efc08e01000, from:0x7efc08601000, to:0x7efc08e01000, size:8192 KB]
          cg.C.x-3708  [051]     0.012843: (+1)     bprint:               __handle_mm_fault: NUMAB MEM ACCESS process[nid:1, cpu:51, pid:3708], folio[virt:0x7efc084002b0, phys:0x12270a000, pfn:0x12270a, nid:0, npages:1]
          cg.C.x-3708  [051]     0.012845: (+2)     bprint:               __handle_mm_fault: NUMAB TRY MEM MIGR process[nid:1, cpu:51, pid:3708], folio[virt:0x7efc084002b0, phys:0x12270a000, nid:0], target_nid:1
          cg.C.x-3709  [053]     0.012864: (+19)    bprint:               __handle_mm_fault: NUMAB COMPLETED MEM MIGR process[nid:1, cpu:53, pid:3709], old[phys:0x150603000, nid:0, npages:1], new[phys:0x303f178000, nid:1, npages:1]
          cg.C.x-3708  [051]     0.012878: (+14)    bprint:               __handle_mm_fault: NUMAB COMPLETED MEM MIGR process[nid:1, cpu:51, pid:3708], old[phys:0x12270a000, nid:0, npages:1], new[phys:0x18572a3000, nid:1, npages:1]
          cg.C.x-3653  [004]     0.012890: (+12)    bprint:               change_prot_numa: NUMAB SCAN vma[start:0x7efc09001000, end:0x7efc09801000, from:0x7efc09001000, to:0x7efc09801000, size:8192 KB]
          cg.C.x-3707  [049]     0.012891: (+1)     bprint:               __handle_mm_fault: NUMAB MEM ACCESS process[nid:1, cpu:49, pid:3707], folio[virt:0x7efc08e002b0, phys:0x11638e000, pfn:0x11638e, nid:0, npages:1]
          cg.C.x-3707  [049]     0.012893: (+2)     bprint:               __handle_mm_fault: NUMAB TRY MEM MIGR process[nid:1, cpu:49, pid:3707], folio[virt:0x7efc08e002b0, phys:0x11638e000, nid:0], target_nid:1
          cg.C.x-3653  [004]     0.012908: (+15)    bprint:               change_prot_numa: NUMAB SCAN vma[start:0x7efc09a01000, end:0x7efc0a201000, from:0x7efc09a01000, to:0x7efc0a201000, size:8192 KB]
          cg.C.x-3706  [047]     0.012908: (+0)     bprint:               __handle_mm_fault: NUMAB MEM ACCESS process[nid:1, cpu:47, pid:3706], folio[virt:0x7efc098002b0, phys:0x13b067000, pfn:0x13b067, nid:0, npages:1]
          cg.C.x-3706  [047]     0.012910: (+2)     bprint:               __handle_mm_fault: NUMAB TRY MEM MIGR process[nid:1, cpu:47, pid:3706], folio[virt:0x7efc098002b0, phys:0x13b067000, nid:0], target_nid:1
          cg.C.x-3707  [049]     0.012927: (+17)    bprint:               __handle_mm_fault: NUMAB COMPLETED MEM MIGR process[nid:1, cpu:49, pid:3707], old[phys:0x11638e000, nid:0, npages:1], new[phys:0x186ca34000, nid:1, npages:1]
          cg.C.x-3706  [047]     0.012942: (+15)    bprint:               __handle_mm_fault: NUMAB COMPLETED MEM MIGR process[nid:1, cpu:47, pid:3706], old[phys:0x13b067000, nid:0, npages:1], new[phys:0x186dd94000, nid:1, npages:1]
          cg.C.x-3653  [004]     0.012955: (+13)    bprint:               change_prot_numa: NUMAB SCAN vma[start:0x7efc0a401000, end:0x7efc0ac01000, from:0x7efc0a401000, to:0x7efc0ac01000, size:8192 KB]
          cg.C.x-3705  [045]     0.012955: (+0)     bprint:               __handle_mm_fault: NUMAB MEM ACCESS process[nid:1, cpu:45, pid:3705], folio[virt:0x7efc0a2002b0, phys:0x110b1d000, pfn:0x110b1d, nid:0, npages:1]
          cg.C.x-3705  [045]     0.012957: (+2)     bprint:               __handle_mm_fault: NUMAB TRY MEM MIGR process[nid:1, cpu:45, pid:3705], folio[virt:0x7efc0a2002b0, phys:0x110b1d000, nid:0], target_nid:1
          cg.C.x-3653  [004]     0.012972: (+15)    bprint:               change_prot_numa: NUMAB SCAN vma[start:0x7efc0ae01000, end:0x7efc0b601000, from:0x7efc0ae01000, to:0x7efc0b601000, size:8192 KB]
          cg.C.x-3704  [043]     0.012973: (+1)     bprint:               __handle_mm_fault: NUMAB MEM ACCESS process[nid:1, cpu:43, pid:3704], folio[virt:0x7efc0ac002b0, phys:0x111fbc000, pfn:0x111fbc, nid:0, npages:1]
          cg.C.x-3704  [043]     0.012974: (+1)     bprint:               __handle_mm_fault: NUMAB TRY MEM MIGR process[nid:1, cpu:43, pid:3704], folio[virt:0x7efc0ac002b0, phys:0x111fbc000, nid:0], target_nid:1
          cg.C.x-3705  [045]     0.012991: (+17)    bprint:               __handle_mm_fault: NUMAB COMPLETED MEM MIGR process[nid:1, cpu:45, pid:3705], old[phys:0x110b1d000, nid:0, npages:1], new[phys:0x185e848000, nid:1, npages:1]
          cg.C.x-3704  [043]     0.013005: (+14)    bprint:               __handle_mm_fault: NUMAB COMPLETED MEM MIGR process[nid:1, cpu:43, pid:3704], old[phys:0x111fbc000, nid:0, npages:1], new[phys:0x18676f4000, nid:1, npages:1]
          cg.C.x-3653  [004]     0.013021: (+16)    bprint:               change_prot_numa: NUMAB SCAN vma[start:0x7efc0b801000, end:0x7efc0c001000, from:0x7efc0b801000, to:0x7efc0c001000, size:8192 KB]
          cg.C.x-3703  [041]     0.013022: (+1)     bprint:               __handle_mm_fault: NUMAB MEM ACCESS process[nid:1, cpu:41, pid:3703], folio[virt:0x7efc0b6002b0, phys:0x12366b000, pfn:0x12366b, nid:0, npages:1]
          cg.C.x-3703  [041]     0.013024: (+2)     bprint:               __handle_mm_fault: NUMAB TRY MEM MIGR process[nid:1, cpu:41, pid:3703], folio[virt:0x7efc0b6002b0, phys:0x12366b000, nid:0], target_nid:1
          cg.C.x-3653  [004]     0.013039: (+15)    bprint:               change_prot_numa: NUMAB SCAN vma[start:0x7efc0c201000, end:0x7efc0ca01000, from:0x7efc0c201000, to:0x7efc0ca01000, size:8192 KB]
          cg.C.x-3702  [039]     0.013040: (+1)     bprint:               __handle_mm_fault: NUMAB MEM ACCESS process[nid:1, cpu:39, pid:3702], folio[virt:0x7efc0c0002b0, phys:0x116294000, pfn:0x116294, nid:0, npages:1]
          cg.C.x-3702  [039]     0.013041: (+1)     bprint:               __handle_mm_fault: NUMAB TRY MEM MIGR process[nid:1, cpu:39, pid:3702], folio[virt:0x7efc0c0002b0, phys:0x116294000, nid:0], target_nid:1
          cg.C.x-3703  [041]     0.013061: (+20)    bprint:               __handle_mm_fault: NUMAB COMPLETED MEM MIGR process[nid:1, cpu:41, pid:3703], old[phys:0x12366b000, nid:0, npages:1], new[phys:0x185f1d2000, nid:1, npages:1]
          cg.C.x-3702  [039]     0.013074: (+13)    bprint:               __handle_mm_fault: NUMAB COMPLETED MEM MIGR process[nid:1, cpu:39, pid:3702], old[phys:0x116294000, nid:0, npages:1], new[phys:0x1867a4e000, nid:1, npages:1]
          cg.C.x-3653  [004]     0.013086: (+12)    bprint:               change_prot_numa: NUMAB SCAN vma[start:0x7efc0cc01000, end:0x7efc0d401000, from:0x7efc0cc01000, to:0x7efc0d401000, size:8192 KB]
          cg.C.x-3701  [037]     0.013086: (+0)     bprint:               __handle_mm_fault: NUMAB MEM ACCESS process[nid:1, cpu:37, pid:3701], folio[virt:0x7efc0ca002b0, phys:0x153b85000, pfn:0x153b85, nid:0, npages:1]
          cg.C.x-3701  [037]     0.013088: (+2)     bprint:               __handle_mm_fault: NUMAB TRY MEM MIGR process[nid:1, cpu:37, pid:3701], folio[virt:0x7efc0ca002b0, phys:0x153b85000, nid:0], target_nid:1
          cg.C.x-3653  [004]     0.013102: (+14)    bprint:               change_prot_numa: NUMAB SCAN vma[start:0x7efc0d601000, end:0x7efc0de01000, from:0x7efc0d601000, to:0x7efc0de01000, size:8192 KB]
          cg.C.x-3700  [035]     0.013104: (+2)     bprint:               __handle_mm_fault: NUMAB MEM ACCESS process[nid:1, cpu:35, pid:3700], folio[virt:0x7efc0d4002b8, phys:0x139cec000, pfn:0x139cec, nid:0, npages:1]
          cg.C.x-3700  [035]     0.013105: (+1)     bprint:               __handle_mm_fault: NUMAB TRY MEM MIGR process[nid:1, cpu:35, pid:3700], folio[virt:0x7efc0d4002b8, phys:0x139cec000, nid:0], target_nid:1
          cg.C.x-3701  [037]     0.013124: (+19)    bprint:               __handle_mm_fault: NUMAB COMPLETED MEM MIGR process[nid:1, cpu:37, pid:3701], old[phys:0x153b85000, nid:0, npages:1], new[phys:0x186d6c9000, nid:1, npages:1]
          cg.C.x-3700  [035]     0.013138: (+14)    bprint:               __handle_mm_fault: NUMAB COMPLETED MEM MIGR process[nid:1, cpu:35, pid:3700], old[phys:0x139cec000, nid:0, npages:1], new[phys:0x1864aa9000, nid:1, npages:1]
          cg.C.x-3653  [004]     0.013160: (+22)    bprint:               change_prot_numa: NUMAB SCAN vma[start:0x7efc0e001000, end:0x7efc0e801000, from:0x7efc0e001000, to:0x7efc0e801000, size:8192 KB]
          cg.C.x-3699  [033]     0.013161: (+1)     bprint:               __handle_mm_fault: NUMAB MEM ACCESS process[nid:1, cpu:33, pid:3699], folio[virt:0x7efc0de002b0, phys:0x1218c7000, pfn:0x1218c7, nid:0, npages:1]
          cg.C.x-3699  [033]     0.013163: (+2)     bprint:               __handle_mm_fault: NUMAB TRY MEM MIGR process[nid:1, cpu:33, pid:3699], folio[virt:0x7efc0de002b0, phys:0x1218c7000, nid:0], target_nid:1
          cg.C.x-3653  [004]     0.013177: (+14)    bprint:               change_prot_numa: NUMAB SCAN vma[start:0x7efc0ea01000, end:0x7efc0f201000, from:0x7efc0ea01000, to:0x7efc0f201000, size:8192 KB]
          cg.C.x-3698  [031]     0.013178: (+1)     bprint:               __handle_mm_fault: NUMAB MEM ACCESS process[nid:1, cpu:31, pid:3698], folio[virt:0x7efc0e8002b0, phys:0x11133a000, pfn:0x11133a, nid:0, npages:1]
          cg.C.x-3698  [031]     0.013180: (+2)     bprint:               __handle_mm_fault: NUMAB TRY MEM MIGR process[nid:1, cpu:31, pid:3698], folio[virt:0x7efc0e8002b0, phys:0x11133a000, nid:0], target_nid:1
          cg.C.x-3699  [033]     0.013198: (+18)    bprint:               __handle_mm_fault: NUMAB COMPLETED MEM MIGR process[nid:1, cpu:33, pid:3699], old[phys:0x1218c7000, nid:0, npages:1], new[phys:0x1867635000, nid:1, npages:1]
          cg.C.x-3698  [031]     0.013214: (+16)    bprint:               __handle_mm_fault: NUMAB COMPLETED MEM MIGR process[nid:1, cpu:31, pid:3698], old[phys:0x11133a000, nid:0, npages:1], new[phys:0x186ddc8000, nid:1, npages:1]
          cg.C.x-3653  [004]     0.013235: (+21)    bprint:               change_prot_numa: NUMAB SCAN vma[start:0x7efc0f401000, end:0x7efc0fc01000, from:0x7efc0f401000, to:0x7efc0fc01000, size:8192 KB]
          cg.C.x-3697  [029]     0.013236: (+1)     bprint:               __handle_mm_fault: NUMAB MEM ACCESS process[nid:1, cpu:29, pid:3697], folio[virt:0x7efc0f2002b0, phys:0x13d0b3000, pfn:0x13d0b3, nid:0, npages:1]
          cg.C.x-3697  [029]     0.013238: (+2)     bprint:               __handle_mm_fault: NUMAB TRY MEM MIGR process[nid:1, cpu:29, pid:3697], folio[virt:0x7efc0f2002b0, phys:0x13d0b3000, nid:0], target_nid:1
          cg.C.x-3653  [004]     0.013253: (+15)    bprint:               change_prot_numa: NUMAB SCAN vma[start:0x7efc0fe01000, end:0x7efc10601000, from:0x7efc0fe01000, to:0x7efc10601000, size:8192 KB]
          cg.C.x-3696  [027]     0.013254: (+1)     bprint:               __handle_mm_fault: NUMAB MEM ACCESS process[nid:1, cpu:27, pid:3696], folio[virt:0x7efc0fc002b0, phys:0x13a7f4000, pfn:0x13a7f4, nid:0, npages:1]
          cg.C.x-3696  [027]     0.013255: (+1)     bprint:               __handle_mm_fault: NUMAB TRY MEM MIGR process[nid:1, cpu:27, pid:3696], folio[virt:0x7efc0fc002b0, phys:0x13a7f4000, nid:0], target_nid:1
          cg.C.x-3697  [029]     0.013274: (+19)    bprint:               __handle_mm_fault: NUMAB COMPLETED MEM MIGR process[nid:1, cpu:29, pid:3697], old[phys:0x13d0b3000, nid:0, npages:1], new[phys:0x185ef62000, nid:1, npages:1]
          cg.C.x-3696  [027]     0.013289: (+15)    bprint:               __handle_mm_fault: NUMAB COMPLETED MEM MIGR process[nid:1, cpu:27, pid:3696], old[phys:0x13a7f4000, nid:0, npages:1], new[phys:0x18675fb000, nid:1, npages:1]
          cg.C.x-3653  [004]     0.013309: (+20)    bprint:               change_prot_numa: NUMAB SCAN vma[start:0x7efc10801000, end:0x7efc11001000, from:0x7efc10801000, to:0x7efc11001000, size:8192 KB]
          cg.C.x-3695  [025]     0.013309: (+0)     bprint:               __handle_mm_fault: NUMAB MEM ACCESS process[nid:1, cpu:25, pid:3695], folio[virt:0x7efc106002b0, phys:0x153600000, pfn:0x153600, nid:0, npages:1]
          cg.C.x-3695  [025]     0.013311: (+2)     bprint:               __handle_mm_fault: NUMAB TRY MEM MIGR process[nid:1, cpu:25, pid:3695], folio[virt:0x7efc106002b0, phys:0x153600000, nid:0], target_nid:1
          cg.C.x-3653  [004]     0.013326: (+15)    bprint:               change_prot_numa: NUMAB SCAN vma[start:0x7efc11201000, end:0x7efc11a01000, from:0x7efc11201000, to:0x7efc11a01000, size:8192 KB]
          cg.C.x-3694  [023]     0.013326: (+0)     bprint:               __handle_mm_fault: NUMAB MEM ACCESS process[nid:1, cpu:23, pid:3694], folio[virt:0x7efc110002b0, phys:0x11060d000, pfn:0x11060d, nid:0, npages:1]
          cg.C.x-3694  [023]     0.013327: (+1)     bprint:               __handle_mm_fault: NUMAB TRY MEM MIGR process[nid:1, cpu:23, pid:3694], folio[virt:0x7efc110002b0, phys:0x11060d000, nid:0], target_nid:1
          cg.C.x-3695  [025]     0.013343: (+16)    bprint:               __handle_mm_fault: NUMAB COMPLETED MEM MIGR process[nid:1, cpu:25, pid:3695], old[phys:0x153600000, nid:0, npages:1], new[phys:0x185e2a8000, nid:1, npages:1]
          cg.C.x-3694  [023]     0.013354: (+11)    bprint:               __handle_mm_fault: NUMAB COMPLETED MEM MIGR process[nid:1, cpu:23, pid:3694], old[phys:0x11060d000, nid:0, npages:1], new[phys:0x186cc8d000, nid:1, npages:1]
          cg.C.x-3693  [021]     0.013376: (+22)    bprint:               __handle_mm_fault: NUMAB MEM ACCESS process[nid:1, cpu:21, pid:3693], folio[virt:0x7efc11a002b0, phys:0x139c31000, pfn:0x139c31, nid:0, npages:1]
          cg.C.x-3653  [004]     0.013376: (+0)     bprint:               change_prot_numa: NUMAB SCAN vma[start:0x7efc11c01000, end:0x7efc12401000, from:0x7efc11c01000, to:0x7efc12401000, size:8192 KB]
          cg.C.x-3693  [021]     0.013378: (+2)     bprint:               __handle_mm_fault: NUMAB TRY MEM MIGR process[nid:1, cpu:21, pid:3693], folio[virt:0x7efc11a002b0, phys:0x139c31000, nid:0], target_nid:1
          cg.C.x-3653  [004]     0.013394: (+16)    bprint:               change_prot_numa: NUMAB SCAN vma[start:0x7efc12601000, end:0x7efc12e01000, from:0x7efc12601000, to:0x7efc12e01000, size:8192 KB]
          cg.C.x-3692  [019]     0.013394: (+0)     bprint:               __handle_mm_fault: NUMAB MEM ACCESS process[nid:1, cpu:19, pid:3692], folio[virt:0x7efc124002a8, phys:0x110607000, pfn:0x110607, nid:0, npages:1]
          cg.C.x-3692  [019]     0.013396: (+2)     bprint:               __handle_mm_fault: NUMAB TRY MEM MIGR process[nid:1, cpu:19, pid:3692], folio[virt:0x7efc124002a8, phys:0x110607000, nid:0], target_nid:1
          cg.C.x-3693  [021]     0.013409: (+13)    bprint:               __handle_mm_fault: NUMAB COMPLETED MEM MIGR process[nid:1, cpu:21, pid:3693], old[phys:0x139c31000, nid:0, npages:1], new[phys:0x1864832000, nid:1, npages:1]
          cg.C.x-3692  [019]     0.013429: (+20)    bprint:               __handle_mm_fault: NUMAB COMPLETED MEM MIGR process[nid:1, cpu:19, pid:3692], old[phys:0x110607000, nid:0, npages:1], new[phys:0x186c95e000, nid:1, npages:1]
          cg.C.x-3653  [004]     0.013440: (+11)    bprint:               change_prot_numa: NUMAB SCAN vma[start:0x7efc13001000, end:0x7efc13801000, from:0x7efc13001000, to:0x7efc13801000, size:8192 KB]
          cg.C.x-3691  [017]     0.013440: (+0)     bprint:               __handle_mm_fault: NUMAB MEM ACCESS process[nid:1, cpu:17, pid:3691], folio[virt:0x7efc12e002b8, phys:0x139456000, pfn:0x139456, nid:0, npages:1]
          cg.C.x-3691  [017]     0.013441: (+1)     bprint:               __handle_mm_fault: NUMAB TRY MEM MIGR process[nid:1, cpu:17, pid:3691], folio[virt:0x7efc12e002b8, phys:0x139456000, nid:0], target_nid:1
          cg.C.x-3653  [004]     0.013457: (+16)    bprint:               change_prot_numa: NUMAB SCAN vma[start:0x7efc13a01000, end:0x7efc14201000, from:0x7efc13a01000, to:0x7efc14201000, size:8192 KB]
          cg.C.x-3690  [015]     0.013457: (+0)     bprint:               __handle_mm_fault: NUMAB MEM ACCESS process[nid:1, cpu:15, pid:3690], folio[virt:0x7efc138002b0, phys:0x10ff7c000, pfn:0x10ff7c, nid:0, npages:1]
          cg.C.x-3690  [015]     0.013459: (+2)     bprint:               __handle_mm_fault: NUMAB TRY MEM MIGR process[nid:1, cpu:15, pid:3690], folio[virt:0x7efc138002b0, phys:0x10ff7c000, nid:0], target_nid:1
          cg.C.x-3691  [017]     0.013472: (+13)    bprint:               __handle_mm_fault: NUMAB COMPLETED MEM MIGR process[nid:1, cpu:17, pid:3691], old[phys:0x139456000, nid:0, npages:1], new[phys:0x185e502000, nid:1, npages:1]
          cg.C.x-3690  [015]     0.013495: (+23)    bprint:               __handle_mm_fault: NUMAB COMPLETED MEM MIGR process[nid:1, cpu:15, pid:3690], old[phys:0x10ff7c000, nid:0, npages:1], new[phys:0x1855a8e000, nid:1, npages:1]
          cg.C.x-3653  [004]     0.013505: (+10)    bprint:               change_prot_numa: NUMAB SCAN vma[start:0x7efc14401000, end:0x7efc14c01000, from:0x7efc14401000, to:0x7efc14c01000, size:8192 KB]
          cg.C.x-3689  [013]     0.013505: (+0)     bprint:               __handle_mm_fault: NUMAB MEM ACCESS process[nid:1, cpu:13, pid:3689], folio[virt:0x7efc142002b0, phys:0x110a8e000, pfn:0x110a8e, nid:0, npages:1]
          cg.C.x-3689  [013]     0.013507: (+2)     bprint:               __handle_mm_fault: NUMAB TRY MEM MIGR process[nid:1, cpu:13, pid:3689], folio[virt:0x7efc142002b0, phys:0x110a8e000, nid:0], target_nid:1
          cg.C.x-3653  [004]     0.013522: (+15)    bprint:               change_prot_numa: NUMAB SCAN vma[start:0x7efc14e01000, end:0x7efc15601000, from:0x7efc14e01000, to:0x7efc15601000, size:8192 KB]
          cg.C.x-3688  [011]     0.013523: (+1)     bprint:               __handle_mm_fault: NUMAB MEM ACCESS process[nid:1, cpu:11, pid:3688], folio[virt:0x7efc14c002b0, phys:0x13a93c000, pfn:0x13a93c, nid:0, npages:1]
          cg.C.x-3688  [011]     0.013524: (+1)     bprint:               __handle_mm_fault: NUMAB TRY MEM MIGR process[nid:1, cpu:11, pid:3688], folio[virt:0x7efc14c002b0, phys:0x13a93c000, nid:0], target_nid:1
          cg.C.x-3689  [013]     0.013537: (+13)    bprint:               __handle_mm_fault: NUMAB COMPLETED MEM MIGR process[nid:1, cpu:13, pid:3689], old[phys:0x110a8e000, nid:0, npages:1], new[phys:0x18676d2000, nid:1, npages:1]
          cg.C.x-3688  [011]     0.013549: (+12)    bprint:               __handle_mm_fault: NUMAB COMPLETED MEM MIGR process[nid:1, cpu:11, pid:3688], old[phys:0x13a93c000, nid:0, npages:1], new[phys:0x186cabe000, nid:1, npages:1]
          cg.C.x-3653  [004]     0.013574: (+25)    bprint:               change_prot_numa: NUMAB SCAN vma[start:0x7efc15801000, end:0x7efc16001000, from:0x7efc15801000, to:0x7efc16001000, size:8192 KB]
          cg.C.x-3687  [009]     0.013574: (+0)     bprint:               __handle_mm_fault: NUMAB MEM ACCESS process[nid:1, cpu:9, pid:3687], folio[virt:0x7efc156002b0, phys:0x110a9c000, pfn:0x110a9c, nid:0, npages:1]
          cg.C.x-3687  [009]     0.013576: (+2)     bprint:               __handle_mm_fault: NUMAB TRY MEM MIGR process[nid:1, cpu:9, pid:3687], folio[virt:0x7efc156002b0, phys:0x110a9c000, nid:0], target_nid:1
          cg.C.x-3686  [007]     0.013591: (+15)    bprint:               __handle_mm_fault: NUMAB MEM ACCESS process[nid:1, cpu:7, pid:3686], folio[virt:0x7efc160002b0, phys:0x29fd86000, pfn:0x29fd86, nid:0, npages:1]
          cg.C.x-3653  [004]     0.013592: (+1)     bprint:               change_prot_numa: NUMAB SCAN vma[start:0x7efc16201000, end:0x7efc16a01000, from:0x7efc16201000, to:0x7efc16a01000, size:8192 KB]
          cg.C.x-3686  [007]     0.013593: (+1)     bprint:               __handle_mm_fault: NUMAB TRY MEM MIGR process[nid:1, cpu:7, pid:3686], folio[virt:0x7efc160002b0, phys:0x29fd86000, nid:0], target_nid:1
          cg.C.x-3687  [009]     0.013607: (+14)    bprint:               __handle_mm_fault: NUMAB COMPLETED MEM MIGR process[nid:1, cpu:9, pid:3687], old[phys:0x110a9c000, nid:0, npages:1], new[phys:0x1868122000, nid:1, npages:1]
          cg.C.x-3686  [007]     0.013620: (+13)    bprint:               __handle_mm_fault: NUMAB COMPLETED MEM MIGR process[nid:1, cpu:7, pid:3686], old[phys:0x29fd86000, nid:0, npages:1], new[phys:0x1864985000, nid:1, npages:1]
          cg.C.x-3685  [005]     0.013642: (+22)    bprint:               __handle_mm_fault: NUMAB MEM ACCESS process[nid:1, cpu:5, pid:3685], folio[virt:0x7efc16a002b0, phys:0x11378e000, pfn:0x11378e, nid:0, npages:1]
          cg.C.x-3653  [004]     0.013642: (+0)     bprint:               change_prot_numa: NUMAB SCAN vma[start:0x7efc16c01000, end:0x7efc17401000, from:0x7efc16c01000, to:0x7efc17401000, size:8192 KB]
          cg.C.x-3685  [005]     0.013644: (+2)     bprint:               __handle_mm_fault: NUMAB TRY MEM MIGR process[nid:1, cpu:5, pid:3685], folio[virt:0x7efc16a002b0, phys:0x11378e000, nid:0], target_nid:1
          cg.C.x-3684  [003]     0.013660: (+16)    bprint:               __handle_mm_fault: NUMAB MEM ACCESS process[nid:1, cpu:3, pid:3684], folio[virt:0x7efc174002b0, phys:0x153745000, pfn:0x153745, nid:0, npages:1]
          cg.C.x-3653  [004]     0.013660: (+0)     bprint:               change_prot_numa: NUMAB SCAN vma[start:0x7efc17601000, end:0x7efc17e01000, from:0x7efc17601000, to:0x7efc17e01000, size:8192 KB]
          cg.C.x-3684  [003]     0.013661: (+1)     bprint:               __handle_mm_fault: NUMAB TRY MEM MIGR process[nid:1, cpu:3, pid:3684], folio[virt:0x7efc174002b0, phys:0x153745000, nid:0], target_nid:1
          cg.C.x-3685  [005]     0.013684: (+23)    bprint:               __handle_mm_fault: NUMAB COMPLETED MEM MIGR process[nid:1, cpu:5, pid:3685], old[phys:0x11378e000, nid:0, npages:1], new[phys:0x18572f0000, nid:1, npages:1]
          cg.C.x-3684  [003]     0.013688: (+4)     bprint:               __handle_mm_fault: NUMAB COMPLETED MEM MIGR process[nid:1, cpu:3, pid:3684], old[phys:0x153745000, nid:0, npages:1], new[phys:0x185f225000, nid:1, npages:1]
          cg.C.x-3653  [004]     0.013712: (+24)    bprint:               change_prot_numa: NUMAB SCAN vma[start:0x7efc18001000, end:0x7efc18801000, from:0x7efc18001000, to:0x7efc18801000, size:8192 KB]
          cg.C.x-3683  [001]     0.013713: (+1)     bprint:               __handle_mm_fault: NUMAB MEM ACCESS process[nid:1, cpu:1, pid:3683], folio[virt:0x7efc17e002b0, phys:0x17e0888000, pfn:0x17e0888, nid:0, npages:1]
          cg.C.x-3683  [001]     0.013714: (+1)     bprint:               __handle_mm_fault: NUMAB TRY MEM MIGR process[nid:1, cpu:1, pid:3683], folio[virt:0x7efc17e002b0, phys:0x17e0888000, nid:0], target_nid:1
          cg.C.x-3653  [004]     0.013728: (+14)    bprint:               change_prot_numa: NUMAB SCAN vma[start:0x7efc18a01000, end:0x7efc19201000, from:0x7efc18a01000, to:0x7efc19201000, size:8192 KB]
          cg.C.x-3682  [062]     0.013729: (+1)     bprint:               __handle_mm_fault: NUMAB MEM ACCESS process[nid:0, cpu:62, pid:3682], folio[virt:0x7efc188002b8, phys:0x112424000, pfn:0x112424, nid:0, npages:1]
          cg.C.x-3683  [001]     0.013746: (+17)    bprint:               __handle_mm_fault: NUMAB COMPLETED MEM MIGR process[nid:1, cpu:1, pid:3683], old[phys:0x17e0888000, nid:0, npages:1], new[phys:0x185eaf7000, nid:1, npages:1]
          cg.C.x-3653  [004]     0.013764: (+18)    bprint:               change_prot_numa: NUMAB SCAN vma[start:0x7efc19401000, end:0x7efc19c01000, from:0x7efc19401000, to:0x7efc19c01000, size:8192 KB]
          cg.C.x-3681  [060]     0.013765: (+1)     bprint:               __handle_mm_fault: NUMAB MEM ACCESS process[nid:0, cpu:60, pid:3681], folio[virt:0x7efc192002b0, phys:0xae547a000, pfn:0xae547a, nid:0, npages:1]
          cg.C.x-3653  [004]     0.013780: (+15)    bprint:               change_prot_numa: NUMAB SCAN vma[start:0x7efc19e01000, end:0x7efc1a601000, from:0x7efc19e01000, to:0x7efc1a601000, size:8192 KB]
          cg.C.x-3680  [058]     0.013781: (+1)     bprint:               __handle_mm_fault: NUMAB MEM ACCESS process[nid:0, cpu:58, pid:3680], folio[virt:0x7efc19c002b8, phys:0x112655000, pfn:0x112655, nid:0, npages:1]
          cg.C.x-3653  [004]     0.013797: (+16)    bprint:               change_prot_numa: NUMAB SCAN vma[start:0x7efc1a801000, end:0x7efc1b001000, from:0x7efc1a801000, to:0x7efc1b001000, size:8192 KB]
          cg.C.x-3679  [056]     0.013798: (+1)     bprint:               __handle_mm_fault: NUMAB MEM ACCESS process[nid:0, cpu:56, pid:3679], folio[virt:0x7efc1a6002b0, phys:0x1227e8000, pfn:0x1227e8, nid:0, npages:1]
          cg.C.x-3653  [004]     0.013814: (+16)    bprint:               change_prot_numa: NUMAB SCAN vma[start:0x7efc1b201000, end:0x7efc1ba01000, from:0x7efc1b201000, to:0x7efc1ba01000, size:8192 KB]
          cg.C.x-3678  [054]     0.013815: (+1)     bprint:               __handle_mm_fault: NUMAB MEM ACCESS process[nid:0, cpu:54, pid:3678], folio[virt:0x7efc1b0002b0, phys:0x10ff9d000, pfn:0x10ff9d, nid:0, npages:1]
          cg.C.x-3678  [054]     0.013819: (+4)     bprint:               __handle_mm_fault: NUMAB MEM ACCESS process[nid:0, cpu:54, pid:3678], folio[virt:0x7efc1afff698, phys:0xae5465000, pfn:0xae5465, nid:0, npages:1]
          cg.C.x-3653  [004]     0.013830: (+11)    bprint:               change_prot_numa: NUMAB SCAN vma[start:0x7efc1bc01000, end:0x7efc1c401000, from:0x7efc1bc01000, to:0x7efc1c401000, size:8192 KB]
          cg.C.x-3677  [052]     0.013832: (+2)     bprint:               __handle_mm_fault: NUMAB MEM ACCESS process[nid:0, cpu:52, pid:3677], folio[virt:0x7efc1b9ff6a8, phys:0x1227f6000, pfn:0x1227f6, nid:0, npages:1]
          cg.C.x-3677  [052]     0.013836: (+4)     bprint:               __handle_mm_fault: NUMAB MEM ACCESS process[nid:0, cpu:52, pid:3677], folio[virt:0x7efc1ba002b0, phys:0x13935e000, pfn:0x13935e, nid:0, npages:1]
          cg.C.x-3653  [004]     0.013847: (+11)    bprint:               change_prot_numa: NUMAB SCAN vma[start:0x7efc1c601000, end:0x7efc1ce01000, from:0x7efc1c601000, to:0x7efc1ce01000, size:8192 KB]
          cg.C.x-3676  [050]     0.013847: (+0)     bprint:               __handle_mm_fault: NUMAB MEM ACCESS process[nid:0, cpu:50, pid:3676], folio[virt:0x7efc1c4002b0, phys:0x1206e9000, pfn:0x1206e9, nid:0, npages:1]
          cg.C.x-3653  [004]     0.013863: (+16)    bprint:               change_prot_numa: NUMAB SCAN vma[start:0x7efc1d001000, end:0x7efc1d801000, from:0x7efc1d001000, to:0x7efc1d801000, size:8192 KB]
          cg.C.x-3675  [048]     0.013864: (+1)     bprint:               __handle_mm_fault: NUMAB MEM ACCESS process[nid:0, cpu:48, pid:3675], folio[virt:0x7efc1ce002b0, phys:0x139455000, pfn:0x139455, nid:0, npages:1]
          cg.C.x-3674  [046]     0.013881: (+17)    bprint:               __handle_mm_fault: NUMAB MEM ACCESS process[nid:0, cpu:46, pid:3674], folio[virt:0x7efc1d8002b8, phys:0x13a6cc000, pfn:0x13a6cc, nid:0, npages:1]
          cg.C.x-3653  [004]     0.013883: (+2)     bprint:               change_prot_numa: NUMAB SCAN vma[start:0x7efc1da01000, end:0x7efc1e201000, from:0x7efc1da01000, to:0x7efc1e201000, size:8192 KB]
          cg.C.x-3653  [004]     0.013899: (+16)    bprint:               change_prot_numa: NUMAB SCAN vma[start:0x7efc1e401000, end:0x7efc1ec01000, from:0x7efc1e401000, to:0x7efc1ec01000, size:8192 KB]
          cg.C.x-3673  [044]     0.013899: (+0)     bprint:               __handle_mm_fault: NUMAB MEM ACCESS process[nid:0, cpu:44, pid:3673], folio[virt:0x7efc1e2002b0, phys:0x1215bb000, pfn:0x1215bb, nid:0, npages:1]
          cg.C.x-3654  [006]     0.013906: (+7)     bprint:               __handle_mm_fault: NUMAB MEM ACCESS process[nid:0, cpu:6, pid:3654], folio[virt:0x55d9b023e080, phys:0x121f80000, pfn:0x121f80, nid:0, npages:1]
          cg.C.x-3653  [004]     0.013915: (+9)     bprint:               change_prot_numa: NUMAB SCAN vma[start:0x7efc1ee01000, end:0x7efc1f601000, from:0x7efc1ee01000, to:0x7efc1f601000, size:8192 KB]
          cg.C.x-3672  [042]     0.013916: (+1)     bprint:               __handle_mm_fault: NUMAB MEM ACCESS process[nid:0, cpu:42, pid:3672], folio[virt:0x7efc1ec002b0, phys:0x1107f4000, pfn:0x1107f4, nid:0, npages:1]
          cg.C.x-3653  [004]     0.013932: (+16)    bprint:               change_prot_numa: NUMAB SCAN vma[start:0x7efc1f801000, end:0x7efc20001000, from:0x7efc1f801000, to:0x7efc20001000, size:8192 KB]
          cg.C.x-3671  [040]     0.013933: (+1)     bprint:               __handle_mm_fault: NUMAB MEM ACCESS process[nid:0, cpu:40, pid:3671], folio[virt:0x7efc1f6002b0, phys:0x123467000, pfn:0x123467, nid:0, npages:1]
          cg.C.x-3653  [004]     0.013948: (+15)    bprint:               change_prot_numa: NUMAB SCAN vma[start:0x7efc20201000, end:0x7efc20a01000, from:0x7efc20201000, to:0x7efc20a01000, size:8192 KB]
          cg.C.x-3670  [038]     0.013948: (+0)     bprint:               __handle_mm_fault: NUMAB MEM ACCESS process[nid:0, cpu:38, pid:3670], folio[virt:0x7efc200002b0, phys:0x122480000, pfn:0x122480, nid:0, npages:1]
          cg.C.x-3669  [036]     0.013964: (+16)    bprint:               __handle_mm_fault: NUMAB MEM ACCESS process[nid:0, cpu:36, pid:3669], folio[virt:0x7efc20a002b0, phys:0x120679000, pfn:0x120679, nid:0, npages:1]
          cg.C.x-3653  [004]     0.013965: (+1)     bprint:               change_prot_numa: NUMAB SCAN vma[start:0x7efc20c01000, end:0x7efc21401000, from:0x7efc20c01000, to:0x7efc21401000, size:8192 KB]
          cg.C.x-3668  [034]     0.013981: (+16)    bprint:               __handle_mm_fault: NUMAB MEM ACCESS process[nid:0, cpu:34, pid:3668], folio[virt:0x7efc214002b0, phys:0x13a355000, pfn:0x13a355, nid:0, npages:1]
          cg.C.x-3653  [004]     0.013981: (+0)     bprint:               change_prot_numa: NUMAB SCAN vma[start:0x7efc21601000, end:0x7efc21e01000, from:0x7efc21601000, to:0x7efc21e01000, size:8192 KB]
          cg.C.x-3653  [004]     0.013998: (+17)    bprint:               change_prot_numa: NUMAB SCAN vma[start:0x7efc22001000, end:0x7efc22801000, from:0x7efc22001000, to:0x7efc22801000, size:8192 KB]
          cg.C.x-3667  [032]     0.013998: (+0)     bprint:               __handle_mm_fault: NUMAB MEM ACCESS process[nid:0, cpu:32, pid:3667], folio[virt:0x7efc21e002b0, phys:0x13a694000, pfn:0x13a694, nid:0, npages:1]
          cg.C.x-3666  [030]     0.014014: (+16)    bprint:               __handle_mm_fault: NUMAB MEM ACCESS process[nid:0, cpu:30, pid:3666], folio[virt:0x7efc228002b0, phys:0x13a6b2000, pfn:0x13a6b2, nid:0, npages:1]
          cg.C.x-3653  [004]     0.014014: (+0)     bprint:               change_prot_numa: NUMAB SCAN vma[start:0x7efc22a01000, end:0x7efc23201000, from:0x7efc22a01000, to:0x7efc23201000, size:8192 KB]
          cg.C.x-3653  [004]     0.014031: (+17)    bprint:               change_prot_numa: NUMAB SCAN vma[start:0x7efc23401000, end:0x7efc23c01000, from:0x7efc23401000, to:0x7efc23c01000, size:8192 KB]
          cg.C.x-3665  [028]     0.014031: (+0)     bprint:               __handle_mm_fault: NUMAB MEM ACCESS process[nid:0, cpu:28, pid:3665], folio[virt:0x7efc232002b0, phys:0x13a6b1000, pfn:0x13a6b1, nid:0, npages:1]
          cg.C.x-3653  [004]     0.014047: (+16)    bprint:               change_prot_numa: NUMAB SCAN vma[start:0x7efc23e01000, end:0x7efc24601000, from:0x7efc23e01000, to:0x7efc24601000, size:8192 KB]
          cg.C.x-3664  [026]     0.014047: (+0)     bprint:               __handle_mm_fault: NUMAB MEM ACCESS process[nid:0, cpu:26, pid:3664], folio[virt:0x7efc23c002b0, phys:0x13a833000, pfn:0x13a833, nid:0, npages:1]
          cg.C.x-3663  [024]     0.014063: (+16)    bprint:               __handle_mm_fault: NUMAB MEM ACCESS process[nid:0, cpu:24, pid:3663], folio[virt:0x7efc246002b0, phys:0x1233ac000, pfn:0x1233ac, nid:0, npages:1]
          cg.C.x-3653  [004]     0.014063: (+0)     bprint:               change_prot_numa: NUMAB SCAN vma[start:0x7efc24801000, end:0x7efc25001000, from:0x7efc24801000, to:0x7efc25001000, size:8192 KB]
          cg.C.x-3662  [022]     0.014080: (+17)    bprint:               __handle_mm_fault: NUMAB MEM ACCESS process[nid:0, cpu:22, pid:3662], folio[virt:0x7efc250002b0, phys:0x153bea000, pfn:0x153bea, nid:0, npages:1]
          cg.C.x-3653  [004]     0.014080: (+0)     bprint:               change_prot_numa: NUMAB SCAN vma[start:0x7efc25201000, end:0x7efc25a01000, from:0x7efc25201000, to:0x7efc25a01000, size:8192 KB]
          cg.C.x-3661  [020]     0.014095: (+15)    bprint:               __handle_mm_fault: NUMAB MEM ACCESS process[nid:0, cpu:20, pid:3661], folio[virt:0x7efc25a002a8, phys:0x1163b5000, pfn:0x1163b5, nid:0, npages:1]
          cg.C.x-3653  [004]     0.014096: (+1)     bprint:               change_prot_numa: NUMAB SCAN vma[start:0x7efc25c01000, end:0x7efc26401000, from:0x7efc25c01000, to:0x7efc26401000, size:8192 KB]
          cg.C.x-3653  [004]     0.014112: (+16)    bprint:               change_prot_numa: NUMAB SCAN vma[start:0x7efc26601000, end:0x7efc26e01000, from:0x7efc26601000, to:0x7efc26e01000, size:8192 KB]
          cg.C.x-3660  [018]     0.014113: (+1)     bprint:               __handle_mm_fault: NUMAB MEM ACCESS process[nid:0, cpu:18, pid:3660], folio[virt:0x7efc264002b0, phys:0x11368e000, pfn:0x11368e, nid:0, npages:1]
          cg.C.x-3653  [004]     0.014128: (+15)    bprint:               change_prot_numa: NUMAB SCAN vma[start:0x7efc27001000, end:0x7efc27801000, from:0x7efc27001000, to:0x7efc27801000, size:8192 KB]
          cg.C.x-3659  [016]     0.014129: (+1)     bprint:               __handle_mm_fault: NUMAB MEM ACCESS process[nid:0, cpu:16, pid:3659], folio[virt:0x7efc26e002b0, phys:0x112771000, pfn:0x112771, nid:0, npages:1]
          cg.C.x-3658  [014]     0.014145: (+16)    bprint:               __handle_mm_fault: NUMAB MEM ACCESS process[nid:0, cpu:14, pid:3658], folio[virt:0x7efc278002b0, phys:0x29ff63000, pfn:0x29ff63, nid:0, npages:1]
          cg.C.x-3653  [004]     0.014145: (+0)     bprint:               change_prot_numa: NUMAB SCAN vma[start:0x7efc27a01000, end:0x7efc28201000, from:0x7efc27a01000, to:0x7efc28201000, size:8192 KB]
          cg.C.x-3653  [004]     0.014161: (+16)    bprint:               change_prot_numa: NUMAB SCAN vma[start:0x7efc28401000, end:0x7efc28c01000, from:0x7efc28401000, to:0x7efc28c01000, size:8192 KB]
          cg.C.x-3657  [012]     0.014162: (+1)     bprint:               __handle_mm_fault: NUMAB MEM ACCESS process[nid:0, cpu:12, pid:3657], folio[virt:0x7efc282002b0, phys:0x112d77000, pfn:0x112d77, nid:0, npages:1]
          cg.C.x-3653  [004]     0.014178: (+16)    bprint:               change_prot_numa: NUMAB SCAN vma[start:0x7efc28e01000, end:0x7efc29601000, from:0x7efc28e01000, to:0x7efc29601000, size:8192 KB]
          cg.C.x-3656  [010]     0.014178: (+0)     bprint:               __handle_mm_fault: NUMAB MEM ACCESS process[nid:0, cpu:10, pid:3656], folio[virt:0x7efc28c002b0, phys:0x139390000, pfn:0x139390, nid:0, npages:1]
          cg.C.x-3653  [004]     0.014193: (+15)    bprint:               change_prot_numa: NUMAB SCAN vma[start:0x7efc29801000, end:0x7efc2a001000, from:0x7efc29801000, to:0x7efc2a001000, size:8192 KB]
          cg.C.x-3655  [008]     0.014194: (+1)     bprint:               __handle_mm_fault: NUMAB MEM ACCESS process[nid:0, cpu:8, pid:3655], folio[virt:0x7efc296002b0, phys:0x112fb3000, pfn:0x112fb3, nid:0, npages:1]
          cg.C.x-3653  [004]     0.014210: (+16)    bprint:               change_prot_numa: NUMAB SCAN vma[start:0x7efc2a201000, end:0x7efc2aa01000, from:0x7efc2a201000, to:0x7efc2aa01000, size:8192 KB]
          cg.C.x-3653  [004]     0.014226: (+16)    bprint:               change_prot_numa: NUMAB SCAN vma[start:0x7efc2ac01000, end:0x7efc2b401000, from:0x7efc2ac01000, to:0x7efc2b401000, size:8192 KB]
          cg.C.x-3653  [004]     0.014243: (+17)    bprint:               change_prot_numa: NUMAB SCAN vma[start:0x7efc2b491000, end:0x7efc3dcf9000, from:0x7efc2b491000, to:0x7efc3dcf9000, size:303520 KB]
          cg.C.x-3653  [004]     0.014263: (+20)    bprint:               change_prot_numa: NUMAB SCAN vma[start:0x7efc3de00000, end:0x7efc3f050000, from:0x7efc3de00000, to:0x7efc3f050000, size:18752 KB]
          cg.C.x-3653  [004]     0.014276: (+13)    bprint:               change_prot_numa: NUMAB SCAN vma[start:0x7efc3f0db000, end:0x7efc516f9000, from:0x7efc3f0db000, to:0x7efc4d800000, size:236692 KB]
          cg.C.x-3655  [008]     0.014278: (+2)     bprint:               do_huge_pmd_numa_page: NUMAB MEM ACCESS huge page process[nid:0, cpu:8, pid:3655], folio[virt:0x7efc3df33410, ker:0xffff93f4e2a00000, pfn:0x362a00, nid:0, npages:512]
          cg.C.x-3653  [004]     0.014294: (+16)    bprint:               __handle_mm_fault: NUMAB MEM ACCESS process[nid:0, cpu:4, pid:3653], folio[virt:0x7efc2aa00fe8, phys:0x112ffd000, pfn:0x112ffd, nid:0, npages:1]
          cg.C.x-3671  [040]     0.016671: (+2377)  sched_waking:         comm=rcu_preempt pid=17 prio=120 target_cpu=040
          cg.C.x-3671  [040]     0.016674: (+3)     sched_wakeup:         rcu_preempt:17 [120] CPU:040
          cg.C.x-3671  [040]     0.016676: (+2)     sched_switch:         cg.C.x:3671 [120] R ==> rcu_preempt:17 [120]
     rcu_preempt-17    [040]     0.016681: (+5)     sched_switch:         rcu_preempt:17 [120] I ==> cg.C.x:3671 [120]
          cg.C.x-3705  [045]     0.024670: (+7989)  sched_waking:         comm=rcu_preempt pid=17 prio=120 target_cpu=040
          cg.C.x-3705  [045]     0.024675: (+5)     sched_migrate_task:   comm=rcu_preempt pid=17 prio=120 orig_cpu=40 dest_cpu=45
          cg.C.x-3705  [045]     0.024679: (+4)     sched_wakeup:         rcu_preempt:17 [120] CPU:045
          cg.C.x-3705  [045]     0.024681: (+2)     sched_switch:         cg.C.x:3705 [120] R ==> rcu_preempt:17 [120]
     rcu_preempt-17    [045]     0.024689: (+8)     sched_switch:         rcu_preempt:17 [120] I ==> cg.C.x:3705 [120]
          cg.C.x-3651  [000]     0.024725: (+36)    sched_switch:         cg.C.x:3651 [120] S ==> swapper/0:0 [120]
          cg.C.x-3652  [002]     0.026449: (+1724)  sched_switch:         cg.C.x:3652 [120] S ==> swapper/2:0 [120]
          <idle>-0     [002]     0.028667: (+2218)  sched_waking:         comm=kworker/2:2 pid=1022 prio=120 target_cpu=002
          <idle>-0     [002]     0.028669: (+2)     sched_wakeup:         kworker/2:2:1022 [120] CPU:002
          <idle>-0     [002]     0.028678: (+9)     sched_switch:         swapper/2:0 [120] R ==> kworker/2:2:1022 [120]
     kworker/2:2-1022  [002]     0.028698: (+20)    sched_switch:         kworker/2:2:1022 [120] I ==> swapper/2:0 [120]
          cg.C.x-3653  [004]     0.029707: (+1009)  sched_switch:         cg.C.x:3653 [120] S ==> swapper/4:0 [120]
          cg.C.x-3654  [006]     0.030096: (+389)   sched_switch:         cg.C.x:3654 [120] S ==> swapper/6:0 [120]
          cg.C.x-3655  [008]     0.031723: (+1627)  sched_switch:         cg.C.x:3655 [120] S ==> swapper/8:0 [120]
          cg.C.x-3669  [036]     0.032666: (+943)   sched_wake_idle_without_ipi: cpu=4
          cg.C.x-3684  [003]     0.032673: (+7)     sched_wake_idle_without_ipi: cpu=4
          cg.C.x-3705  [045]     0.032674: (+1)     sched_waking:         comm=rcu_preempt pid=17 prio=120 target_cpu=045
          cg.C.x-3705  [045]     0.032678: (+4)     sched_wakeup:         rcu_preempt:17 [120] CPU:045
          cg.C.x-3705  [045]     0.032680: (+2)     sched_switch:         cg.C.x:3705 [120] R ==> rcu_preempt:17 [120]
     rcu_preempt-17    [045]     0.032686: (+6)     sched_switch:         rcu_preempt:17 [120] I ==> cg.C.x:3705 [120]
          cg.C.x-3656  [010]     0.033512: (+826)   sched_switch:         cg.C.x:3656 [120] S ==> swapper/10:0 [120]
          cg.C.x-3657  [012]     0.035725: (+2213)  sched_switch:         cg.C.x:3657 [120] S ==> swapper/12:0 [120]
          cg.C.x-3670  [038]     0.036665: (+940)   sched_wake_idle_without_ipi: cpu=2
          cg.C.x-3658  [014]     0.037700: (+1035)  sched_switch:         cg.C.x:3658 [120] S ==> swapper/14:0 [120]
          cg.C.x-3659  [016]     0.038829: (+1129)  sched_switch:         cg.C.x:3659 [120] S ==> swapper/16:0 [120]
          cg.C.x-3660  [018]     0.040485: (+1656)  sched_switch:         cg.C.x:3660 [120] S ==> swapper/18:0 [120]
          cg.C.x-3696  [027]     0.040668: (+183)   sched_wake_idle_without_ipi: cpu=2
          cg.C.x-3661  [020]     0.042180: (+1512)  sched_switch:         cg.C.x:3661 [120] S ==> swapper/20:0 [120]
          cg.C.x-3662  [022]     0.044055: (+1875)  sched_switch:         cg.C.x:3662 [120] S ==> swapper/22:0 [120]
          cg.C.x-3675  [048]     0.044666: (+611)   sched_wake_idle_without_ipi: cpu=2
          cg.C.x-3705  [045]     0.044672: (+6)     sched_waking:         comm=rcu_preempt pid=17 prio=120 target_cpu=045
          cg.C.x-3705  [045]     0.044675: (+3)     sched_wakeup:         rcu_preempt:17 [120] CPU:045
          cg.C.x-3705  [045]     0.044676: (+1)     sched_switch:         cg.C.x:3705 [120] R ==> rcu_preempt:17 [120]
     rcu_preempt-17    [045]     0.044680: (+4)     sched_switch:         rcu_preempt:17 [120] I ==> cg.C.x:3705 [120]
          cg.C.x-3663  [024]     0.045769: (+1089)  sched_switch:         cg.C.x:3663 [120] S ==> swapper/24:0 [120]
          cg.C.x-3664  [026]     0.048233: (+2464)  sched_switch:         cg.C.x:3664 [120] S ==> swapper/26:0 [120]
          cg.C.x-3677  [052]     0.048666: (+433)   sched_wake_idle_without_ipi: cpu=2
          cg.C.x-3696  [027]     0.048669: (+3)     sched_wake_idle_without_ipi: cpu=2
          cg.C.x-3667  [032]     0.049763: (+1094)  sched_switch:         cg.C.x:3667 [120] S ==> swapper/32:0 [120]
          cg.C.x-3665  [028]     0.050181: (+418)   sched_switch:         cg.C.x:3665 [120] S ==> swapper/28:0 [120]
          cg.C.x-3668  [034]     0.050561: (+380)   sched_switch:         cg.C.x:3668 [120] S ==> swapper/34:0 [120]
          cg.C.x-3666  [030]     0.051139: (+578)   sched_switch:         cg.C.x:3666 [120] S ==> swapper/30:0 [120]
          cg.C.x-3669  [036]     0.052394: (+1255)  sched_switch:         cg.C.x:3669 [120] S ==> swapper/36:0 [120]
          cg.C.x-3680  [058]     0.052666: (+272)   sched_wake_idle_without_ipi: cpu=2
          cg.C.x-3670  [038]     0.054035: (+1369)  sched_switch:         cg.C.x:3670 [120] S ==> swapper/38:0 [120]
          cg.C.x-3671  [040]     0.056146: (+2111)  sched_switch:         cg.C.x:3671 [120] S ==> swapper/40:0 [120]
          cg.C.x-3682  [062]     0.056665: (+519)   sched_wake_idle_without_ipi: cpu=0
          cg.C.x-3672  [042]     0.057854: (+1189)  sched_switch:         cg.C.x:3672 [120] S ==> swapper/42:0 [120]
          cg.C.x-3673  [044]     0.059035: (+1181)  sched_switch:         cg.C.x:3673 [120] S ==> swapper/44:0 [120]
          cg.C.x-3674  [046]     0.060665: (+1630)  sched_wake_idle_without_ipi: cpu=0
          cg.C.x-3674  [046]     0.060675: (+10)    sched_switch:         cg.C.x:3674 [120] S ==> swapper/46:0 [120]
          cg.C.x-3675  [048]     0.062201: (+1526)  sched_switch:         cg.C.x:3675 [120] S ==> swapper/48:0 [120]
          cg.C.x-3676  [050]     0.063635: (+1434)  sched_switch:         cg.C.x:3676 [120] S ==> swapper/50:0 [120]
          cg.C.x-3678  [054]     0.064665: (+1030)  sched_wake_idle_without_ipi: cpu=0
          cg.C.x-3677  [052]     0.065084: (+419)   sched_switch:         cg.C.x:3677 [120] S ==> swapper/52:0 [120]
          cg.C.x-3678  [054]     0.067315: (+2231)  sched_switch:         cg.C.x:3678 [120] S ==> swapper/54:0 [120]
          cg.C.x-3679  [056]     0.068424: (+1109)  sched_switch:         cg.C.x:3679 [120] S ==> swapper/56:0 [120]
          cg.C.x-3682  [062]     0.068664: (+240)   sched_wake_idle_without_ipi: cpu=0
          cg.C.x-3680  [058]     0.069523: (+859)   sched_switch:         cg.C.x:3680 [120] S ==> swapper/58:0 [120]
          cg.C.x-3681  [060]     0.070953: (+1430)  sched_switch:         cg.C.x:3681 [120] S ==> swapper/60:0 [120]
          cg.C.x-3682  [062]     0.072216: (+1263)  sched_switch:         cg.C.x:3682 [120] S ==> swapper/62:0 [120]
          cg.C.x-3688  [011]     0.072668: (+452)   sched_wake_idle_without_ipi: cpu=0
          cg.C.x-3713  [061]     0.076666: (+3998)  sched_wake_idle_without_ipi: cpu=0
          cg.C.x-3713  [061]     0.080666: (+4000)  sched_wake_idle_without_ipi: cpu=0
          cg.C.x-3683  [001]     0.081106: (+440)   sched_switch:         cg.C.x:3683 [120] S ==> swapper/1:0 [120]
          cg.C.x-3684  [003]     0.082826: (+1720)  sched_switch:         cg.C.x:3684 [120] S ==> swapper/3:0 [120]
          cg.C.x-3707  [049]     0.084667: (+1841)  sched_wake_idle_without_ipi: cpu=0
          cg.C.x-3685  [005]     0.085187: (+520)   sched_switch:         cg.C.x:3685 [120] S ==> swapper/5:0 [120]
          cg.C.x-3686  [007]     0.087050: (+1863)  sched_switch:         cg.C.x:3686 [120] S ==> swapper/7:0 [120]
          cg.C.x-3687  [009]     0.088191: (+1141)  sched_switch:         cg.C.x:3687 [120] S ==> swapper/9:0 [120]
          cg.C.x-3702  [039]     0.088666: (+475)   sched_wake_idle_without_ipi: cpu=0
          cg.C.x-3688  [011]     0.089824: (+1158)  sched_switch:         cg.C.x:3688 [120] S ==> swapper/11:0 [120]
          cg.C.x-3689  [013]     0.091776: (+1952)  sched_switch:         cg.C.x:3689 [120] S ==> swapper/13:0 [120]
          cg.C.x-3703  [041]     0.092665: (+889)   sched_wake_idle_without_ipi: cpu=0
          cg.C.x-3690  [015]     0.093368: (+703)   sched_switch:         cg.C.x:3690 [120] S ==> swapper/15:0 [120]
          cg.C.x-3691  [017]     0.095226: (+1858)  sched_switch:         cg.C.x:3691 [120] S ==> swapper/17:0 [120]
          cg.C.x-3704  [043]     0.096665: (+1439)  sched_wake_idle_without_ipi: cpu=0
          cg.C.x-3692  [019]     0.097761: (+1096)  sched_switch:         cg.C.x:3692 [120] S ==> swapper/19:0 [120]
          cg.C.x-3693  [021]     0.099459: (+1698)  sched_switch:         cg.C.x:3693 [120] S ==> swapper/21:0 [120]
          cg.C.x-3694  [023]     0.100390: (+931)   sched_switch:         cg.C.x:3694 [120] S ==> swapper/23:0 [120]
          cg.C.x-3707  [049]     0.100666: (+276)   sched_wake_idle_without_ipi: cpu=0
          cg.C.x-3695  [025]     0.102305: (+1639)  sched_switch:         cg.C.x:3695 [120] S ==> swapper/25:0 [120]
          cg.C.x-3696  [027]     0.104079: (+1774)  sched_switch:         cg.C.x:3696 [120] S ==> swapper/27:0 [120]
          cg.C.x-3710  [055]     0.104665: (+586)   sched_wake_idle_without_ipi: cpu=0
          cg.C.x-3699  [033]     0.105441: (+776)   sched_switch:         cg.C.x:3699 [120] S ==> swapper/33:0 [120]
          cg.C.x-3697  [029]     0.105768: (+327)   sched_switch:         cg.C.x:3697 [120] S ==> swapper/29:0 [120]
          cg.C.x-3700  [035]     0.106917: (+1149)  sched_switch:         cg.C.x:3700 [120] S ==> swapper/35:0 [120]
          cg.C.x-3698  [031]     0.107420: (+503)   sched_switch:         cg.C.x:3698 [120] S ==> swapper/31:0 [120]
          cg.C.x-3701  [037]     0.108653: (+1233)  sched_switch:         cg.C.x:3701 [120] S ==> swapper/37:0 [120]
          cg.C.x-3702  [039]     0.108665: (+12)    sched_wake_idle_without_ipi: cpu=0
          cg.C.x-3702  [039]     0.110753: (+2088)  sched_switch:         cg.C.x:3702 [120] S ==> swapper/39:0 [120]
          cg.C.x-3703  [041]     0.112140: (+1387)  sched_switch:         cg.C.x:3703 [120] S ==> swapper/41:0 [120]
          cg.C.x-3714  [063]     0.112666: (+526)   sched_wake_idle_without_ipi: cpu=0
          cg.C.x-3704  [043]     0.113765: (+1099)  sched_switch:         cg.C.x:3704 [120] S ==> swapper/43:0 [120]
          cg.C.x-3705  [045]     0.115339: (+1574)  sched_switch:         cg.C.x:3705 [120] S ==> swapper/45:0 [120]
          cg.C.x-3714  [063]     0.115616: (+277)   sched_waking:         comm=cg.C.x pid=3651 prio=120 target_cpu=000
          cg.C.x-3714  [063]     0.115617: (+1)     sched_wake_idle_without_ipi: cpu=0
          cg.C.x-3714  [063]     0.115617: (+0)     sched_waking:         comm=cg.C.x pid=3652 prio=120 target_cpu=002
          cg.C.x-3714  [063]     0.115619: (+2)     sched_wake_idle_without_ipi: cpu=2
          cg.C.x-3714  [063]     0.115619: (+0)     sched_waking:         comm=cg.C.x pid=3653 prio=120 target_cpu=004
          cg.C.x-3714  [063]     0.115620: (+1)     sched_wake_idle_without_ipi: cpu=4
          cg.C.x-3714  [063]     0.115620: (+0)     sched_waking:         comm=cg.C.x pid=3654 prio=120 target_cpu=006
          cg.C.x-3714  [063]     0.115621: (+1)     sched_wake_idle_without_ipi: cpu=6
          cg.C.x-3714  [063]     0.115621: (+0)     sched_waking:         comm=cg.C.x pid=3655 prio=120 target_cpu=008
          cg.C.x-3714  [063]     0.115622: (+1)     sched_wake_idle_without_ipi: cpu=8
          cg.C.x-3714  [063]     0.115622: (+0)     sched_waking:         comm=cg.C.x pid=3656 prio=120 target_cpu=010
          cg.C.x-3714  [063]     0.115623: (+1)     sched_wake_idle_without_ipi: cpu=10
          cg.C.x-3714  [063]     0.115623: (+0)     sched_waking:         comm=cg.C.x pid=3657 prio=120 target_cpu=012
          cg.C.x-3714  [063]     0.115624: (+1)     sched_wake_idle_without_ipi: cpu=12
          cg.C.x-3714  [063]     0.115624: (+0)     sched_waking:         comm=cg.C.x pid=3658 prio=120 target_cpu=014
          cg.C.x-3714  [063]     0.115625: (+1)     sched_wake_idle_without_ipi: cpu=14
          cg.C.x-3714  [063]     0.115625: (+0)     sched_waking:         comm=cg.C.x pid=3659 prio=120 target_cpu=016
          cg.C.x-3714  [063]     0.115626: (+1)     sched_wake_idle_without_ipi: cpu=16
          cg.C.x-3714  [063]     0.115626: (+0)     sched_waking:         comm=cg.C.x pid=3660 prio=120 target_cpu=018
          cg.C.x-3714  [063]     0.115627: (+1)     sched_wake_idle_without_ipi: cpu=18
