          cg.C.x-3708  [051]     0.486562: (+1)     bprint:               __handle_mm_fault: NUMAB MEM ACCESS process[nid:1, cpu:51, pid:3708], folio[virt:0x55d9b1c56a10, phys:0x13a305000, pfn:0x13a305, nid:0, npages:1]
          cg.C.x-3708  [051]     0.486563: (+1)     bprint:               __handle_mm_fault: NUMAB TRY MEM MIGR process[nid:1, cpu:51, pid:3708], folio[virt:0x55d9b1c56a10, phys:0x13a305000, nid:0], target_nid:1
          cg.C.x-3714  [063]     0.486564: (+1)     bprint:               __handle_mm_fault: NUMAB MEM ACCESS process[nid:1, cpu:63, pid:3714], folio[virt:0x55d9b1c56f20, phys:0x13a305000, pfn:0x13a305, nid:0, npages:1]
          cg.C.x-3708  [051]     0.486564: (+0)     bprint:               migrate_misplaced_folio: NUMAB pid:3708 ABORTING MEM MIGR because !isolated
          cg.C.x-3714  [063]     0.486565: (+1)     bprint:               __handle_mm_fault: NUMAB TRY MEM MIGR process[nid:1, cpu:63, pid:3714], folio[virt:0x55d9b1c56f20, phys:0x13a305000, nid:0], target_nid:1
          cg.C.x-3714  [063]     0.486565: (+0)     bprint:               migrate_misplaced_folio: NUMAB pid:3714 ABORTING MEM MIGR because !isolated
          cg.C.x-3705  [045]     0.486591: (+26)    bprint:               __handle_mm_fault: NUMAB COMPLETED MEM MIGR process[nid:1, cpu:45, pid:3705], old[phys:0x13a305000, nid:0, npages:1], new[phys:0x185de01000, nid:1, npages:1]
          cg.C.x-3689  [013]     0.486591: (+0)     sched_switch:         cg.C.x:3689 [120] D ==> swapper/13:0 [120]
          cg.C.x-3687  [009]     0.486591: (+0)     sched_switch:         cg.C.x:3687 [120] D ==> swapper/9:0 [120]
          cg.C.x-3684  [003]     0.486591: (+0)     sched_switch:         cg.C.x:3684 [120] D ==> swapper/3:0 [120]
          cg.C.x-3686  [007]     0.486592: (+1)     sched_switch:         cg.C.x:3686 [120] D ==> swapper/7:0 [120]
          cg.C.x-3696  [027]     0.486592: (+0)     sched_switch:         cg.C.x:3696 [120] D ==> swapper/27:0 [120]
          cg.C.x-3651  [000]     0.486597: (+5)     bprint:               __handle_mm_fault: NUMAB MEM ACCESS process[nid:0, cpu:0, pid:3651], folio[virt:0x55d9b1c57000, phys:0x12056f000, pfn:0x12056f, nid:0, npages:1]
          cg.C.x-3690  [015]     0.486603: (+6)     sched_waking:         comm=cg.C.x pid=3689 prio=120 target_cpu=013
          cg.C.x-3690  [015]     0.486605: (+2)     sched_wake_idle_without_ipi: cpu=13
          cg.C.x-3690  [015]     0.486605: (+0)     sched_waking:         comm=cg.C.x pid=3684 prio=120 target_cpu=003
          cg.C.x-3690  [015]     0.486606: (+1)     sched_wake_idle_without_ipi: cpu=3
          cg.C.x-3690  [015]     0.486606: (+0)     sched_waking:         comm=cg.C.x pid=3687 prio=120 target_cpu=009
          cg.C.x-3690  [015]     0.486607: (+1)     sched_wake_idle_without_ipi: cpu=9
          cg.C.x-3690  [015]     0.486607: (+0)     sched_waking:         comm=cg.C.x pid=3686 prio=120 target_cpu=007
          cg.C.x-3690  [015]     0.486609: (+2)     sched_waking:         comm=cg.C.x pid=3696 prio=120 target_cpu=027
          cg.C.x-3690  [015]     0.486609: (+0)     sched_wake_idle_without_ipi: cpu=27
          cg.C.x-3690  [015]     0.486612: (+3)     bprint:               __handle_mm_fault: NUMAB COMPLETED MEM MIGR process[nid:1, cpu:15, pid:3690], old[phys:0x113179000, nid:0, npages:1], new[phys:0x185ecc8000, nid:1, npages:1]
          <idle>-0     [009]     0.486613: (+1)     sched_wakeup:         cg.C.x:3687 [120] CPU:009
          <idle>-0     [003]     0.486613: (+0)     sched_wakeup:         cg.C.x:3684 [120] CPU:003
          <idle>-0     [013]     0.486613: (+0)     sched_wakeup:         cg.C.x:3689 [120] CPU:013
          <idle>-0     [007]     0.486613: (+0)     sched_wakeup:         cg.C.x:3686 [120] CPU:007
          <idle>-0     [027]     0.486614: (+1)     sched_wakeup:         cg.C.x:3696 [120] CPU:027
          <idle>-0     [009]     0.486615: (+1)     sched_switch:         swapper/9:0 [120] R ==> cg.C.x:3687 [120]
          <idle>-0     [003]     0.486615: (+0)     sched_switch:         swapper/3:0 [120] R ==> cg.C.x:3684 [120]
          <idle>-0     [013]     0.486615: (+0)     sched_switch:         swapper/13:0 [120] R ==> cg.C.x:3689 [120]
          <idle>-0     [027]     0.486616: (+1)     sched_switch:         swapper/27:0 [120] R ==> cg.C.x:3696 [120]
          <idle>-0     [007]     0.486616: (+0)     sched_switch:         swapper/7:0 [120] R ==> cg.C.x:3686 [120]
          cg.C.x-3654  [006]     0.572674: (+86058) sched_waking:         comm=kworker/6:1 pid=706 prio=120 target_cpu=006
          cg.C.x-3654  [006]     0.572682: (+8)     sched_wakeup:         kworker/6:1:706 [120] CPU:006
          cg.C.x-3654  [006]     0.572689: (+7)     sched_switch:         cg.C.x:3654 [120] R ==> kworker/6:1:706 [120]
     kworker/6:1-706   [006]     0.572706: (+17)    sched_switch:         kworker/6:1:706 [120] I ==> cg.C.x:3654 [120]
          cg.C.x-3651  [000]     0.596449: (+23743) bprint:               __handle_mm_fault: NUMAB MEM ACCESS process[nid:0, cpu:0, pid:3651], folio[virt:0x55d9b1c5ba18, phys:0x13a276000, pfn:0x13a276, nid:0, npages:1]
          cg.C.x-3651  [000]     0.596465: (+16)    bprint:               __handle_mm_fault: NUMAB MEM ACCESS process[nid:0, cpu:0, pid:3651], folio[virt:0x55d9b1c52420, phys:0x13b3e7000, pfn:0x13b3e7, nid:0, npages:1]
          cg.C.x-3651  [000]     0.596473: (+8)     bprint:               __handle_mm_fault: NUMAB MEM ACCESS process[nid:0, cpu:0, pid:3651], folio[virt:0x55d9b1c4b048, phys:0x139c12000, pfn:0x139c12, nid:0, npages:1]
          cg.C.x-3651  [000]     0.596516: (+43)    sched_waking:         comm=kworker/u129:18 pid=438 prio=120 target_cpu=006
          cg.C.x-3651  [000]     0.596525: (+9)     sched_wakeup:         kworker/u129:18:438 [120] CPU:006
          cg.C.x-3654  [006]     0.596531: (+6)     sched_switch:         cg.C.x:3654 [120] R ==> kworker/u129:18:438 [120]
 kworker/u129:18-438   [006]     0.596538: (+7)     sched_waking:         comm=tmux: server pid=2003 prio=120 target_cpu=032
 kworker/u129:18-438   [006]     0.596542: (+4)     sched_migrate_task:   comm=tmux: server pid=2003 prio=120 orig_cpu=32 dest_cpu=6
 kworker/u129:18-438   [006]     0.596561: (+19)    sched_wakeup:         tmux: server:2003 [120] CPU:006
 kworker/u129:18-438   [006]     0.596572: (+11)    sched_switch:         kworker/u129:18:438 [120] R ==> tmux: server:2003 [120]
          cg.C.x-3670  [038]     0.596675: (+103)   sched_migrate_task:   comm=kworker/u129:18 pid=438 prio=120 orig_cpu=6 dest_cpu=38
          cg.C.x-3670  [038]     0.596679: (+4)     sched_switch:         cg.C.x:3670 [120] R ==> kworker/u129:18:438 [120]
 kworker/u129:18-438   [038]     0.596683: (+4)     sched_switch:         kworker/u129:18:438 [120] I ==> cg.C.x:3670 [120]
    tmux: server-2003  [006]     0.596758: (+75)    sched_waking:         comm=kworker/u129:18 pid=438 prio=120 target_cpu=038
    tmux: server-2003  [006]     0.596760: (+2)     sched_wakeup:         kworker/u129:18:438 [120] CPU:038
          cg.C.x-3670  [038]     0.596762: (+2)     sched_switch:         cg.C.x:3670 [120] R ==> kworker/u129:18:438 [120]
 kworker/u129:18-438   [038]     0.596764: (+2)     sched_waking:         comm=sshd pid=1918 prio=120 target_cpu=008
 kworker/u129:18-438   [038]     0.596766: (+2)     sched_migrate_task:   comm=sshd pid=1918 prio=120 orig_cpu=8 dest_cpu=38
 kworker/u129:18-438   [038]     0.596769: (+3)     sched_wakeup:         sshd:1918 [120] CPU:038
    tmux: server-2003  [006]     0.596770: (+1)     sched_switch:         tmux: server:2003 [120] S ==> cg.C.x:3654 [120]
 kworker/u129:18-438   [038]     0.596772: (+2)     sched_switch:         kworker/u129:18:438 [120] I ==> cg.C.x:3670 [120]
          cg.C.x-3670  [038]     0.600673: (+3901)  sched_switch:         cg.C.x:3670 [120] R ==> sshd:1918 [120]
            sshd-1918  [038]     0.600785: (+112)   sched_switch:         sshd:1918 [120] S ==> cg.C.x:3670 [120]
          cg.C.x-3654  [006]     0.602818: (+2033)  sched_waking:         comm=tmux: server pid=2003 prio=120 target_cpu=006
          cg.C.x-3654  [006]     0.602828: (+10)    sched_wakeup:         tmux: server:2003 [120] CPU:006
          cg.C.x-3654  [006]     0.602831: (+3)     sched_switch:         cg.C.x:3654 [120] R ==> tmux: server:2003 [120]
    tmux: server-2003  [006]     0.602853: (+22)    sched_switch:         tmux: server:2003 [120] S ==> cg.C.x:3654 [120]
          cg.C.x-3654  [006]     0.604899: (+2046)  sched_waking:         comm=tmux: server pid=2003 prio=120 target_cpu=006
          cg.C.x-3654  [006]     0.604904: (+5)     sched_wakeup:         tmux: server:2003 [120] CPU:006
          cg.C.x-3654  [006]     0.604906: (+2)     sched_switch:         cg.C.x:3654 [120] R ==> tmux: server:2003 [120]
    tmux: server-2003  [006]     0.604937: (+31)    sched_switch:         tmux: server:2003 [120] S ==> cg.C.x:3654 [120]
          cg.C.x-3652  [002]     0.608670: (+3733)  sched_waking:         comm=kworker/2:2 pid=1022 prio=120 target_cpu=002
          cg.C.x-3671  [040]     0.608671: (+1)     sched_waking:         comm=rcu_preempt pid=17 prio=120 target_cpu=045
          cg.C.x-3671  [040]     0.608674: (+3)     sched_migrate_task:   comm=rcu_preempt pid=17 prio=120 orig_cpu=45 dest_cpu=40
          cg.C.x-3652  [002]     0.608676: (+2)     sched_wakeup:         kworker/2:2:1022 [120] CPU:002
          cg.C.x-3671  [040]     0.608680: (+4)     sched_wakeup:         rcu_preempt:17 [120] CPU:040
          cg.C.x-3652  [002]     0.608681: (+1)     sched_switch:         cg.C.x:3652 [120] R ==> kworker/2:2:1022 [120]
          cg.C.x-3671  [040]     0.608684: (+3)     sched_switch:         cg.C.x:3671 [120] R ==> rcu_preempt:17 [120]
     rcu_preempt-17    [040]     0.608692: (+8)     sched_switch:         rcu_preempt:17 [120] I ==> cg.C.x:3671 [120]
     kworker/2:2-1022  [002]     0.608694: (+2)     sched_switch:         kworker/2:2:1022 [120] I ==> cg.C.x:3652 [120]
          cg.C.x-3671  [040]     0.620670: (+11976) sched_waking:         comm=rcu_preempt pid=17 prio=120 target_cpu=040
          cg.C.x-3671  [040]     0.620676: (+6)     sched_wakeup:         rcu_preempt:17 [120] CPU:040
          cg.C.x-3671  [040]     0.620681: (+5)     sched_switch:         cg.C.x:3671 [120] R ==> rcu_preempt:17 [120]
     rcu_preempt-17    [040]     0.620695: (+14)    sched_switch:         rcu_preempt:17 [120] I ==> cg.C.x:3671 [120]
          cg.C.x-3651  [000]     0.624672: (+3977)  sched_waking:         comm=kworker/0:1 pid=10 prio=120 target_cpu=000
          cg.C.x-3651  [000]     0.624678: (+6)     sched_wakeup:         kworker/0:1:10 [120] CPU:000
          cg.C.x-3651  [000]     0.624685: (+7)     sched_switch:         cg.C.x:3651 [120] R ==> kworker/0:1:10 [120]
     kworker/0:1-10    [000]     0.624752: (+67)    sched_switch:         kworker/0:1:10 [120] I ==> cg.C.x:3651 [120]
          cg.C.x-3671  [040]     0.632670: (+7918)  sched_waking:         comm=rcu_preempt pid=17 prio=120 target_cpu=040
          cg.C.x-3671  [040]     0.632676: (+6)     sched_wakeup:         rcu_preempt:17 [120] CPU:040
          cg.C.x-3671  [040]     0.632680: (+4)     sched_switch:         cg.C.x:3671 [120] R ==> rcu_preempt:17 [120]
     rcu_preempt-17    [040]     0.632689: (+9)     sched_switch:         rcu_preempt:17 [120] I ==> cg.C.x:3671 [120]
          cg.C.x-3651  [000]     0.640674: (+7985)  sched_waking:         comm=kworker/0:1 pid=10 prio=120 target_cpu=000
          cg.C.x-3651  [000]     0.640679: (+5)     sched_wakeup:         kworker/0:1:10 [120] CPU:000
          cg.C.x-3651  [000]     0.640686: (+7)     sched_switch:         cg.C.x:3651 [120] R ==> kworker/0:1:10 [120]
     kworker/0:1-10    [000]     0.640817: (+131)   sched_waking:         comm=kworker/1:0 pid=25 prio=120 target_cpu=001
     kworker/0:1-10    [000]     0.640821: (+4)     sched_waking:         comm=kworker/5:1 pid=709 prio=120 target_cpu=005
     kworker/0:1-10    [000]     0.640824: (+3)     sched_waking:         comm=kworker/8:2 pid=1021 prio=120 target_cpu=008
     kworker/0:1-10    [000]     0.640827: (+3)     sched_wakeup:         kworker/8:2:1021 [120] CPU:008
     kworker/0:1-10    [000]     0.640829: (+2)     sched_waking:         comm=kworker/12:1 pid=710 prio=120 target_cpu=012
          cg.C.x-3685  [005]     0.640831: (+2)     sched_wakeup:         kworker/5:1:709 [120] CPU:005
          cg.C.x-3683  [001]     0.640831: (+0)     sched_wakeup:         kworker/1:0:25 [120] CPU:001
     kworker/0:1-10    [000]     0.640834: (+3)     sched_wakeup:         kworker/12:1:710 [120] CPU:012
          cg.C.x-3655  [008]     0.640834: (+0)     sched_switch:         cg.C.x:3655 [120] R ==> kworker/8:2:1021 [120]
     kworker/0:1-10    [000]     0.640835: (+1)     sched_waking:         comm=kworker/14:1 pid=708 prio=120 target_cpu=014
     kworker/0:1-10    [000]     0.640838: (+3)     sched_wakeup:         kworker/14:1:708 [120] CPU:014
          cg.C.x-3683  [001]     0.640840: (+2)     sched_switch:         cg.C.x:3683 [120] R ==> kworker/1:0:25 [120]
     kworker/0:1-10    [000]     0.640840: (+0)     sched_waking:         comm=kworker/16:1 pid=714 prio=120 target_cpu=016
          cg.C.x-3657  [012]     0.640841: (+1)     sched_switch:         cg.C.x:3657 [120] R ==> kworker/12:1:710 [120]
     kworker/0:1-10    [000]     0.640842: (+1)     sched_wakeup:         kworker/16:1:714 [120] CPU:016
     kworker/0:1-10    [000]     0.640844: (+2)     sched_waking:         comm=kworker/18:1 pid=718 prio=120 target_cpu=018
          cg.C.x-3658  [014]     0.640845: (+1)     sched_switch:         cg.C.x:3658 [120] R ==> kworker/14:1:708 [120]
     kworker/8:2-1021  [008]     0.640846: (+1)     sched_switch:         kworker/8:2:1021 [120] I ==> cg.C.x:3655 [120]
     kworker/0:1-10    [000]     0.640846: (+0)     sched_wakeup:         kworker/18:1:718 [120] CPU:018
     kworker/0:1-10    [000]     0.640848: (+2)     sched_waking:         comm=kworker/20:1 pid=719 prio=120 target_cpu=020
          cg.C.x-3659  [016]     0.640850: (+2)     sched_switch:         cg.C.x:3659 [120] R ==> kworker/16:1:714 [120]
    kworker/12:1-710   [012]     0.640850: (+0)     sched_switch:         kworker/12:1:710 [120] I ==> cg.C.x:3657 [120]
     kworker/0:1-10    [000]     0.640851: (+1)     sched_wakeup:         kworker/20:1:719 [120] CPU:020
     kworker/0:1-10    [000]     0.640852: (+1)     sched_waking:         comm=kworker/22:1 pid=720 prio=120 target_cpu=022
          cg.C.x-3660  [018]     0.640854: (+2)     sched_switch:         cg.C.x:3660 [120] R ==> kworker/18:1:718 [120]
     kworker/0:1-10    [000]     0.640855: (+1)     sched_wakeup:         kworker/22:1:720 [120] CPU:022
     kworker/1:0-25    [001]     0.640856: (+1)     sched_switch:         kworker/1:0:25 [120] I ==> cg.C.x:3683 [120]
     kworker/0:1-10    [000]     0.640857: (+1)     sched_waking:         comm=kworker/26:1 pid=728 prio=120 target_cpu=026
    kworker/14:1-708   [014]     0.640857: (+0)     sched_switch:         kworker/14:1:708 [120] I ==> cg.C.x:3658 [120]
          cg.C.x-3661  [020]     0.640859: (+2)     sched_switch:         cg.C.x:3661 [120] R ==> kworker/20:1:719 [120]
     kworker/0:1-10    [000]     0.640859: (+0)     sched_wakeup:         kworker/26:1:728 [120] CPU:026
    kworker/16:1-714   [016]     0.640860: (+1)     sched_switch:         kworker/16:1:714 [120] I ==> cg.C.x:3659 [120]
     kworker/0:1-10    [000]     0.640861: (+1)     sched_waking:         comm=kworker/28:1 pid=712 prio=120 target_cpu=028
     kworker/0:1-10    [000]     0.640863: (+2)     sched_wakeup:         kworker/28:1:712 [120] CPU:028
          cg.C.x-3662  [022]     0.640864: (+1)     sched_switch:         cg.C.x:3662 [120] R ==> kworker/22:1:720 [120]
     kworker/0:1-10    [000]     0.640864: (+0)     sched_waking:         comm=kworker/30:1 pid=727 prio=120 target_cpu=030
    kworker/18:1-718   [018]     0.640865: (+1)     sched_switch:         kworker/18:1:718 [120] I ==> cg.C.x:3660 [120]
     kworker/0:1-10    [000]     0.640867: (+2)     sched_wakeup:         kworker/30:1:727 [120] CPU:030
          cg.C.x-3664  [026]     0.640867: (+0)     sched_switch:         cg.C.x:3664 [120] R ==> kworker/26:1:728 [120]
     kworker/0:1-10    [000]     0.640868: (+1)     sched_waking:         comm=kworker/32:1 pid=488 prio=120 target_cpu=032
    kworker/20:1-719   [020]     0.640868: (+0)     sched_switch:         kworker/20:1:719 [120] I ==> cg.C.x:3661 [120]
          cg.C.x-3665  [028]     0.640870: (+2)     sched_switch:         cg.C.x:3665 [120] R ==> kworker/28:1:712 [120]
     kworker/0:1-10    [000]     0.640873: (+3)     sched_wakeup:         kworker/32:1:488 [120] CPU:032
    kworker/22:1-720   [022]     0.640874: (+1)     sched_switch:         kworker/22:1:720 [120] I ==> cg.C.x:3662 [120]
          cg.C.x-3666  [030]     0.640874: (+0)     sched_switch:         cg.C.x:3666 [120] R ==> kworker/30:1:727 [120]
     kworker/0:1-10    [000]     0.640875: (+1)     sched_waking:         comm=kworker/40:1 pid=725 prio=120 target_cpu=040
     kworker/0:1-10    [000]     0.640877: (+2)     sched_wakeup:         kworker/40:1:725 [120] CPU:040
          cg.C.x-3667  [032]     0.640877: (+0)     sched_switch:         cg.C.x:3667 [120] R ==> kworker/32:1:488 [120]
    kworker/26:1-728   [026]     0.640879: (+2)     sched_switch:         kworker/26:1:728 [120] I ==> cg.C.x:3664 [120]
     kworker/0:1-10    [000]     0.640879: (+0)     sched_waking:         comm=kworker/46:1 pid=729 prio=120 target_cpu=046
    kworker/28:1-712   [028]     0.640880: (+1)     sched_switch:         kworker/28:1:712 [120] I ==> cg.C.x:3665 [120]
          cg.C.x-3671  [040]     0.640882: (+2)     sched_switch:         cg.C.x:3671 [120] R ==> kworker/40:1:725 [120]
     kworker/0:1-10    [000]     0.640882: (+0)     sched_wakeup:         kworker/46:1:729 [120] CPU:046
    kworker/30:1-727   [030]     0.640883: (+1)     sched_switch:         kworker/30:1:727 [120] I ==> cg.C.x:3666 [120]
     kworker/0:1-10    [000]     0.640884: (+1)     sched_waking:         comm=kworker/50:2 pid=1917 prio=120 target_cpu=050
    kworker/32:1-488   [032]     0.640885: (+1)     sched_switch:         kworker/32:1:488 [120] I ==> cg.C.x:3667 [120]
     kworker/0:1-10    [000]     0.640886: (+1)     sched_wakeup:         kworker/50:2:1917 [120] CPU:050
     kworker/0:1-10    [000]     0.640888: (+2)     sched_waking:         comm=kworker/54:1 pid=735 prio=120 target_cpu=054
    kworker/40:1-725   [040]     0.640889: (+1)     sched_switch:         kworker/40:1:725 [120] I ==> cg.C.x:3671 [120]
          cg.C.x-3674  [046]     0.640889: (+0)     sched_switch:         cg.C.x:3674 [120] R ==> kworker/46:1:729 [120]
     kworker/0:1-10    [000]     0.640892: (+3)     sched_wakeup:         kworker/54:1:735 [120] CPU:054
          cg.C.x-3676  [050]     0.640893: (+1)     sched_switch:         cg.C.x:3676 [120] R ==> kworker/50:2:1917 [120]
     kworker/0:1-10    [000]     0.640894: (+1)     sched_waking:         comm=kworker/55:1 pid=501 prio=120 target_cpu=055
     kworker/0:1-10    [000]     0.640895: (+1)     sched_waking:         comm=kworker/56:1 pid=739 prio=120 target_cpu=056
    kworker/46:1-729   [046]     0.640897: (+2)     sched_switch:         kworker/46:1:729 [120] I ==> cg.C.x:3674 [120]
          cg.C.x-3678  [054]     0.640898: (+1)     sched_switch:         cg.C.x:3678 [120] R ==> kworker/54:1:735 [120]
     kworker/0:1-10    [000]     0.640898: (+0)     sched_wakeup:         kworker/56:1:739 [120] CPU:056
     kworker/0:1-10    [000]     0.640900: (+2)     sched_waking:         comm=kworker/57:2 pid=1818 prio=120 target_cpu=057
    kworker/50:2-1917  [050]     0.640902: (+2)     sched_switch:         kworker/50:2:1917 [120] I ==> cg.C.x:3676 [120]
          cg.C.x-3710  [055]     0.640902: (+0)     sched_wakeup:         kworker/55:1:501 [120] CPU:055
     kworker/0:1-10    [000]     0.640903: (+1)     sched_waking:         comm=kworker/61:1 pid=558 prio=120 target_cpu=061
          cg.C.x-3679  [056]     0.640905: (+2)     sched_switch:         cg.C.x:3679 [120] R ==> kworker/56:1:739 [120]
    kworker/54:1-735   [054]     0.640906: (+1)     sched_switch:         kworker/54:1:735 [120] I ==> cg.C.x:3678 [120]
          cg.C.x-3710  [055]     0.640908: (+2)     sched_switch:         cg.C.x:3710 [120] R ==> kworker/55:1:501 [120]
          cg.C.x-3711  [057]     0.640909: (+1)     sched_wakeup:         kworker/57:2:1818 [120] CPU:057
     kworker/0:1-10    [000]     0.640909: (+0)     sched_switch:         kworker/0:1:10 [120] I ==> cg.C.x:3651 [120]
          cg.C.x-3713  [061]     0.640911: (+2)     sched_wakeup:         kworker/61:1:558 [120] CPU:061
          cg.C.x-3711  [057]     0.640914: (+3)     sched_switch:         cg.C.x:3711 [120] R ==> kworker/57:2:1818 [120]
    kworker/56:1-739   [056]     0.640915: (+1)     sched_switch:         kworker/56:1:739 [120] I ==> cg.C.x:3679 [120]
          cg.C.x-3713  [061]     0.640917: (+2)     sched_switch:         cg.C.x:3713 [120] R ==> kworker/61:1:558 [120]
    kworker/55:1-501   [055]     0.640921: (+4)     sched_switch:         kworker/55:1:501 [120] I ==> cg.C.x:3710 [120]
    kworker/57:2-1818  [057]     0.640925: (+4)     sched_switch:         kworker/57:2:1818 [120] I ==> cg.C.x:3711 [120]
    kworker/61:1-558   [061]     0.640928: (+3)     sched_switch:         kworker/61:1:558 [120] I ==> cg.C.x:3713 [120]
          cg.C.x-3671  [040]     0.644669: (+3741)  sched_waking:         comm=rcu_preempt pid=17 prio=120 target_cpu=040
          cg.C.x-3685  [005]     0.644673: (+4)     sched_switch:         cg.C.x:3685 [120] R ==> kworker/5:1:709 [120]
          cg.C.x-3671  [040]     0.644674: (+1)     sched_wakeup:         rcu_preempt:17 [120] CPU:040
          cg.C.x-3671  [040]     0.644677: (+3)     sched_switch:         cg.C.x:3671 [120] R ==> rcu_preempt:17 [120]
     rcu_preempt-17    [040]     0.644684: (+7)     sched_switch:         rcu_preempt:17 [120] I ==> cg.C.x:3671 [120]
     kworker/5:1-709   [005]     0.644686: (+2)     sched_switch:         kworker/5:1:709 [120] I ==> cg.C.x:3685 [120]
          cg.C.x-3655  [008]     0.704673: (+59987) sched_waking:         comm=kcompactd0 pid=474 prio=120 target_cpu=008
          cg.C.x-3683  [001]     0.704673: (+0)     sched_waking:         comm=kcompactd1 pid=475 prio=120 target_cpu=001
          cg.C.x-3655  [008]     0.704682: (+9)     sched_wakeup:         kcompactd0:474 [120] CPU:008
          cg.C.x-3683  [001]     0.704683: (+1)     sched_wakeup:         kcompactd1:475 [120] CPU:001
          cg.C.x-3651  [000]     0.706147: (+1464)  sched_waking:         comm=kworker/u129:18 pid=438 prio=120 target_cpu=038
          cg.C.x-3651  [000]     0.706152: (+5)     sched_wakeup:         kworker/u129:18:438 [120] CPU:038
          cg.C.x-3670  [038]     0.706159: (+7)     sched_switch:         cg.C.x:3670 [120] R ==> kworker/u129:18:438 [120]
 kworker/u129:18-438   [038]     0.706167: (+8)     sched_waking:         comm=tmux: server pid=2003 prio=120 target_cpu=006
 kworker/u129:18-438   [038]     0.706169: (+2)     sched_migrate_task:   comm=tmux: server pid=2003 prio=120 orig_cpu=6 dest_cpu=38
 kworker/u129:18-438   [038]     0.706174: (+5)     sched_wakeup:         tmux: server:2003 [120] CPU:038
 kworker/u129:18-438   [038]     0.706179: (+5)     sched_switch:         kworker/u129:18:438 [120] I ==> tmux: server:2003 [120]
          cg.C.x-3651  [000]     0.706205: (+26)    sched_waking:         comm=kworker/u129:18 pid=438 prio=120 target_cpu=038
          cg.C.x-3651  [000]     0.706206: (+1)     sched_migrate_task:   comm=kworker/u129:18 pid=438 prio=120 orig_cpu=38 dest_cpu=0
          cg.C.x-3651  [000]     0.706208: (+2)     sched_wakeup:         kworker/u129:18:438 [120] CPU:000
          cg.C.x-3651  [000]     0.706212: (+4)     sched_switch:         cg.C.x:3651 [120] R ==> kworker/u129:18:438 [120]
 kworker/u129:18-438   [000]     0.706218: (+6)     sched_switch:         kworker/u129:18:438 [120] I ==> cg.C.x:3651 [120]
          cg.C.x-3651  [000]     0.706219: (+1)     sched_waking:         comm=kworker/u129:18 pid=438 prio=120 target_cpu=000
          cg.C.x-3651  [000]     0.706220: (+1)     sched_wakeup:         kworker/u129:18:438 [120] CPU:000
          cg.C.x-3651  [000]     0.706222: (+2)     sched_switch:         cg.C.x:3651 [120] R ==> kworker/u129:18:438 [120]
 kworker/u129:18-438   [000]     0.706224: (+2)     sched_switch:         kworker/u129:18:438 [120] I ==> cg.C.x:3651 [120]
    tmux: server-2003  [038]     0.706274: (+50)    sched_waking:         comm=kworker/u129:18 pid=438 prio=120 target_cpu=000
    tmux: server-2003  [038]     0.706277: (+3)     sched_wakeup:         kworker/u129:18:438 [120] CPU:000
          cg.C.x-3651  [000]     0.706279: (+2)     sched_switch:         cg.C.x:3651 [120] R ==> kworker/u129:18:438 [120]
 kworker/u129:18-438   [000]     0.706281: (+2)     sched_waking:         comm=sshd pid=1918 prio=120 target_cpu=038
 kworker/u129:18-438   [000]     0.706283: (+2)     sched_migrate_task:   comm=sshd pid=1918 prio=120 orig_cpu=38 dest_cpu=0
    tmux: server-2003  [038]     0.706286: (+3)     sched_waking:         comm=kworker/u129:23 pid=448 prio=120 target_cpu=002
 kworker/u129:18-438   [000]     0.706287: (+1)     sched_wakeup:         sshd:1918 [120] CPU:000
    tmux: server-2003  [038]     0.706289: (+2)     sched_wakeup:         kworker/u129:23:448 [120] CPU:002
 kworker/u129:18-438   [000]     0.706291: (+2)     sched_switch:         kworker/u129:18:438 [120] I ==> sshd:1918 [120]
          cg.C.x-3652  [002]     0.706294: (+3)     sched_switch:         cg.C.x:3652 [120] R ==> kworker/u129:23:448 [120]
    tmux: server-2003  [038]     0.706298: (+4)     sched_switch:         tmux: server:2003 [120] S ==> cg.C.x:3670 [120]
 kworker/u129:23-448   [002]     0.706298: (+0)     sched_switch:         kworker/u129:23:448 [120] I ==> cg.C.x:3652 [120]
            sshd-1918  [000]     0.706423: (+125)   sched_switch:         sshd:1918 [120] S ==> cg.C.x:3651 [120]
          cg.C.x-3655  [008]     0.708673: (+2250)  sched_switch:         cg.C.x:3655 [120] R ==> kcompactd0:474 [120]
          cg.C.x-3683  [001]     0.708675: (+2)     sched_switch:         cg.C.x:3683 [120] R ==> kcompactd1:475 [120]
      kcompactd0-474   [008]     0.708683: (+8)     sched_switch:         kcompactd0:474 [120] S ==> cg.C.x:3655 [120]
      kcompactd1-475   [001]     0.708685: (+2)     sched_switch:         kcompactd1:475 [120] S ==> cg.C.x:3683 [120]
          cg.C.x-3670  [038]     0.716345: (+7660)  sched_waking:         comm=tmux: server pid=2003 prio=120 target_cpu=038
          cg.C.x-3670  [038]     0.716355: (+10)    sched_wakeup:         tmux: server:2003 [120] CPU:038
          cg.C.x-3670  [038]     0.716359: (+4)     sched_switch:         cg.C.x:3670 [120] R ==> tmux: server:2003 [120]
    tmux: server-2003  [038]     0.716380: (+21)    sched_switch:         tmux: server:2003 [120] S ==> cg.C.x:3670 [120]
          cg.C.x-3670  [038]     0.718428: (+2048)  sched_waking:         comm=tmux: server pid=2003 prio=120 target_cpu=038
          cg.C.x-3670  [038]     0.718435: (+7)     sched_wakeup:         tmux: server:2003 [120] CPU:038
          cg.C.x-3670  [038]     0.718439: (+4)     sched_switch:         cg.C.x:3670 [120] R ==> tmux: server:2003 [120]
    tmux: server-2003  [038]     0.718472: (+33)    sched_switch:         tmux: server:2003 [120] S ==> cg.C.x:3670 [120]
          cg.C.x-3651  [000]     0.815578: (+97106) sched_waking:         comm=kworker/u129:23 pid=448 prio=120 target_cpu=002
          cg.C.x-3651  [000]     0.815581: (+3)     sched_migrate_task:   comm=kworker/u129:23 pid=448 prio=120 orig_cpu=2 dest_cpu=0
          cg.C.x-3651  [000]     0.815587: (+6)     sched_wakeup:         kworker/u129:23:448 [120] CPU:000
          cg.C.x-3651  [000]     0.816675: (+1088)  sched_switch:         cg.C.x:3651 [120] R ==> kworker/u129:23:448 [120]
 kworker/u129:23-448   [000]     0.816682: (+7)     sched_waking:         comm=tmux: server pid=2003 prio=120 target_cpu=038
 kworker/u129:23-448   [000]     0.816689: (+7)     sched_wakeup:         tmux: server:2003 [120] CPU:038
          cg.C.x-3670  [038]     0.816693: (+4)     sched_switch:         cg.C.x:3670 [120] R ==> tmux: server:2003 [120]
 kworker/u129:23-448   [000]     0.816694: (+1)     sched_switch:         kworker/u129:23:448 [120] I ==> cg.C.x:3651 [120]
    tmux: server-2003  [038]     0.816786: (+92)    sched_waking:         comm=kworker/u129:23 pid=448 prio=120 target_cpu=000
    tmux: server-2003  [038]     0.816790: (+4)     sched_wakeup:         kworker/u129:23:448 [120] CPU:000
          cg.C.x-3651  [000]     0.816794: (+4)     sched_switch:         cg.C.x:3651 [120] R ==> kworker/u129:23:448 [120]
 kworker/u129:23-448   [000]     0.816799: (+5)     sched_waking:         comm=sshd pid=1918 prio=120 target_cpu=000
    tmux: server-2003  [038]     0.816801: (+2)     sched_switch:         tmux: server:2003 [120] S ==> cg.C.x:3670 [120]
 kworker/u129:23-448   [000]     0.816803: (+2)     sched_wakeup:         sshd:1918 [120] CPU:000
 kworker/u129:23-448   [000]     0.816805: (+2)     sched_switch:         kworker/u129:23:448 [120] I ==> sshd:1918 [120]
            sshd-1918  [000]     0.816912: (+107)   sched_switch:         sshd:1918 [120] S ==> cg.C.x:3651 [120]
          cg.C.x-3670  [038]     0.826847: (+9935)  sched_waking:         comm=tmux: server pid=2003 prio=120 target_cpu=038
          cg.C.x-3670  [038]     0.826856: (+9)     sched_wakeup:         tmux: server:2003 [120] CPU:038
          cg.C.x-3670  [038]     0.826861: (+5)     sched_switch:         cg.C.x:3670 [120] R ==> tmux: server:2003 [120]
    tmux: server-2003  [038]     0.826882: (+21)    sched_switch:         tmux: server:2003 [120] S ==> cg.C.x:3670 [120]
          cg.C.x-3670  [038]     0.828929: (+2047)  sched_waking:         comm=tmux: server pid=2003 prio=120 target_cpu=038
          cg.C.x-3670  [038]     0.828936: (+7)     sched_wakeup:         tmux: server:2003 [120] CPU:038
          cg.C.x-3670  [038]     0.828939: (+3)     sched_switch:         cg.C.x:3670 [120] R ==> tmux: server:2003 [120]
    tmux: server-2003  [038]     0.828971: (+32)    sched_switch:         tmux: server:2003 [120] S ==> cg.C.x:3670 [120]
          cg.C.x-3651  [000]     0.832670: (+3699)  sched_waking:         comm=kworker/0:1 pid=10 prio=120 target_cpu=000
          cg.C.x-3651  [000]     0.832676: (+6)     sched_wakeup:         kworker/0:1:10 [120] CPU:000
          cg.C.x-3651  [000]     0.832680: (+4)     sched_switch:         cg.C.x:3651 [120] R ==> kworker/0:1:10 [120]
     kworker/0:1-10    [000]     0.832743: (+63)    sched_switch:         kworker/0:1:10 [120] I ==> cg.C.x:3651 [120]
          cg.C.x-3651  [000]     0.864670: (+31927) sched_waking:         comm=kworker/0:1 pid=10 prio=120 target_cpu=000
          cg.C.x-3651  [000]     0.864674: (+4)     sched_wakeup:         kworker/0:1:10 [120] CPU:000
          cg.C.x-3651  [000]     0.864679: (+5)     sched_switch:         cg.C.x:3651 [120] R ==> kworker/0:1:10 [120]
     kworker/0:1-10    [000]     0.864693: (+14)    sched_switch:         kworker/0:1:10 [120] I ==> cg.C.x:3651 [120]
          cg.C.x-3682  [062]     0.892671: (+27978) sched_waking:         comm=kworker/62:1 pid=743 prio=120 target_cpu=062
          cg.C.x-3714  [063]     0.892673: (+2)     sched_waking:         comm=kworker/63:1 pid=654 prio=120 target_cpu=063
          cg.C.x-3682  [062]     0.892680: (+7)     sched_wakeup:         kworker/62:1:743 [120] CPU:062
          cg.C.x-3714  [063]     0.892682: (+2)     sched_wakeup:         kworker/63:1:654 [120] CPU:063
          cg.C.x-3682  [062]     0.892688: (+6)     sched_switch:         cg.C.x:3682 [120] R ==> kworker/62:1:743 [120]
          cg.C.x-3714  [063]     0.892689: (+1)     sched_switch:         cg.C.x:3714 [120] R ==> kworker/63:1:654 [120]
    kworker/62:1-743   [062]     0.892702: (+13)    sched_switch:         kworker/62:1:743 [120] I ==> cg.C.x:3682 [120]
    kworker/63:1-654   [063]     0.892704: (+2)     sched_switch:         kworker/63:1:654 [120] I ==> cg.C.x:3714 [120]
          cg.C.x-3712  [059]     0.924674: (+31970) sched_waking:         comm=kworker/59:1 pid=544 prio=120 target_cpu=059
          cg.C.x-3712  [059]     0.924683: (+9)     sched_wakeup:         kworker/59:1:544 [120] CPU:059
          cg.C.x-3712  [059]     0.924692: (+9)     sched_switch:         cg.C.x:3712 [120] R ==> kworker/59:1:544 [120]
    kworker/59:1-544   [059]     0.924707: (+15)    sched_switch:         kworker/59:1:544 [120] I ==> cg.C.x:3712 [120]
          cg.C.x-3651  [000]     0.924852: (+145)   sched_waking:         comm=kworker/u129:23 pid=448 prio=120 target_cpu=000
          cg.C.x-3651  [000]     0.924858: (+6)     sched_wakeup:         kworker/u129:23:448 [120] CPU:000
          cg.C.x-3651  [000]     0.924862: (+4)     sched_switch:         cg.C.x:3651 [120] R ==> kworker/u129:23:448 [120]
 kworker/u129:23-448   [000]     0.924867: (+5)     sched_waking:         comm=tmux: server pid=2003 prio=120 target_cpu=038
 kworker/u129:23-448   [000]     0.924873: (+6)     sched_wakeup:         tmux: server:2003 [120] CPU:038
 kworker/u129:23-448   [000]     0.924876: (+3)     sched_switch:         kworker/u129:23:448 [120] I ==> cg.C.x:3651 [120]
          cg.C.x-3670  [038]     0.924876: (+0)     sched_switch:         cg.C.x:3670 [120] R ==> tmux: server:2003 [120]
          cg.C.x-3651  [000]     0.924877: (+1)     sched_waking:         comm=kworker/u129:23 pid=448 prio=120 target_cpu=000
          cg.C.x-3651  [000]     0.924878: (+1)     sched_wakeup:         kworker/u129:23:448 [120] CPU:000
          cg.C.x-3651  [000]     0.924880: (+2)     sched_switch:         cg.C.x:3651 [120] R ==> kworker/u129:23:448 [120]
 kworker/u129:23-448   [000]     0.924882: (+2)     sched_switch:         kworker/u129:23:448 [120] I ==> cg.C.x:3651 [120]
    tmux: server-2003  [038]     0.924944: (+62)    sched_waking:         comm=kworker/u129:23 pid=448 prio=120 target_cpu=000
    tmux: server-2003  [038]     0.924948: (+4)     sched_wakeup:         kworker/u129:23:448 [120] CPU:000
          cg.C.x-3651  [000]     0.924949: (+1)     sched_switch:         cg.C.x:3651 [120] R ==> kworker/u129:23:448 [120]
 kworker/u129:23-448   [000]     0.924952: (+3)     sched_waking:         comm=sshd pid=1918 prio=120 target_cpu=000
 kworker/u129:23-448   [000]     0.924954: (+2)     sched_wakeup:         sshd:1918 [120] CPU:000
    tmux: server-2003  [038]     0.924956: (+2)     sched_switch:         tmux: server:2003 [120] S ==> cg.C.x:3670 [120]
 kworker/u129:23-448   [000]     0.924956: (+0)     sched_switch:         kworker/u129:23:448 [120] I ==> sshd:1918 [120]
            sshd-1918  [000]     0.925084: (+128)   sched_switch:         sshd:1918 [120] S ==> cg.C.x:3651 [120]
          cg.C.x-3681  [060]     0.928670: (+3586)  sched_waking:         comm=kworker/60:1 pid=744 prio=120 target_cpu=060
          cg.C.x-3681  [060]     0.928678: (+8)     sched_wakeup:         kworker/60:1:744 [120] CPU:060
          cg.C.x-3681  [060]     0.928684: (+6)     sched_switch:         cg.C.x:3681 [120] R ==> kworker/60:1:744 [120]
    kworker/60:1-744   [060]     0.928696: (+12)    sched_switch:         kworker/60:1:744 [120] I ==> cg.C.x:3681 [120]
          cg.C.x-3670  [038]     0.935004: (+6308)  sched_waking:         comm=tmux: server pid=2003 prio=120 target_cpu=038
          cg.C.x-3670  [038]     0.935014: (+10)    sched_wakeup:         tmux: server:2003 [120] CPU:038
          cg.C.x-3670  [038]     0.935017: (+3)     sched_switch:         cg.C.x:3670 [120] R ==> tmux: server:2003 [120]
    tmux: server-2003  [038]     0.935040: (+23)    sched_switch:         tmux: server:2003 [120] S ==> cg.C.x:3670 [120]
          cg.C.x-3670  [038]     0.937087: (+2047)  sched_waking:         comm=tmux: server pid=2003 prio=120 target_cpu=038
          cg.C.x-3670  [038]     0.937094: (+7)     sched_wakeup:         tmux: server:2003 [120] CPU:038
          cg.C.x-3670  [038]     0.937098: (+4)     sched_switch:         cg.C.x:3670 [120] R ==> tmux: server:2003 [120]
    tmux: server-2003  [038]     0.937130: (+32)    sched_switch:         tmux: server:2003 [120] S ==> cg.C.x:3670 [120]
          cg.C.x-3651  [000]     0.956672: (+19542) sched_waking:         comm=kworker/u129:23 pid=448 prio=120 target_cpu=000
          cg.C.x-3651  [000]     0.956678: (+6)     sched_wakeup:         kworker/u129:23:448 [120] CPU:000
          cg.C.x-3651  [000]     0.956684: (+6)     sched_switch:         cg.C.x:3651 [120] R ==> kworker/u129:23:448 [120]
 kworker/u129:23-448   [000]     0.957268: (+584)   sched_switch:         kworker/u129:23:448 [120] I ==> cg.C.x:3651 [120]
          cg.C.x-3680  [058]     0.960672: (+3404)  sched_waking:         comm=kworker/58:1 pid=738 prio=120 target_cpu=058
          cg.C.x-3680  [058]     0.960680: (+8)     sched_wakeup:         kworker/58:1:738 [120] CPU:058
          cg.C.x-3680  [058]     0.960685: (+5)     sched_switch:         cg.C.x:3680 [120] R ==> kworker/58:1:738 [120]
    kworker/58:1-738   [058]     0.960697: (+12)    sched_switch:         kworker/58:1:738 [120] I ==> cg.C.x:3680 [120]
          cg.C.x-3709  [053]     0.992674: (+31977) sched_waking:         comm=kworker/53:1 pid=588 prio=120 target_cpu=053
          cg.C.x-3709  [053]     0.992685: (+11)    sched_wakeup:         kworker/53:1:588 [120] CPU:053
          cg.C.x-3709  [053]     0.992694: (+9)     sched_switch:         cg.C.x:3709 [120] R ==> kworker/53:1:588 [120]
    kworker/53:1-588   [053]     0.992710: (+16)    sched_switch:         kworker/53:1:588 [120] I ==> cg.C.x:3709 [120]
          cg.C.x-3669  [036]     1.012676: (+19966) bprint:               change_prot_numa: NUMAB SCAN vma[start:0x7efc3f0db000, end:0x7efc516f9000, from:0x7efc4d800000, to:0x7efc516f9000, size:64484 KB]
          cg.C.x-3669  [036]     1.012755: (+79)    bprint:               change_prot_numa: NUMAB SCAN vma[start:0x7efc51800000, end:0x7efc52128000, from:0x7efc51800000, to:0x7efc52128000, size:9376 KB]
          cg.C.x-3669  [036]     1.012814: (+59)    bprint:               change_prot_numa: NUMAB SCAN vma[start:0x7efc52200000, end:0x7efc5b50f000, from:0x7efc52200000, to:0x7efc5b50f000, size:150588 KB]
          cg.C.x-3669  [036]     1.012883: (+69)    bprint:               change_prot_numa: NUMAB SCAN vma[start:0x7efc5b600000, end:0x7efc6487d000, from:0x7efc5b600000, to:0x7efc6487d000, size:150004 KB]
          cg.C.x-3669  [036]     1.012912: (+29)    bprint:               change_prot_numa: NUMAB SCAN vma[start:0x7efc648db000, end:0x7efc64a00000, from:0x7efc648db000, to:0x7efc64a00000, size:1172 KB]
          cg.C.x-3682  [062]     1.012915: (+3)     bprint:               do_huge_pmd_numa_page: NUMAB MEM ACCESS huge page process[nid:0, cpu:62, pid:3682], folio[virt:0x7efc5fae8f70, ker:0xffff940c2c000000, pfn:0x1aac000, nid:1, npages:512]
          cg.C.x-3669  [036]     1.012965: (+50)    bprint:               change_prot_numa: NUMAB SCAN vma[start:0x7efc64cf9000, end:0x7efc64e1f000, from:0x7efc64cf9000, to:0x7efc64e1f000, size:1176 KB]
          cg.C.x-3669  [036]     1.013027: (+62)    bprint:               change_prot_numa: NUMAB SCAN vma[start:0x7efc654b9000, end:0x7efc654bb000, from:0x7efc654b9000, to:0x7efc654bb000, size:8 KB]
          cg.C.x-3682  [062]     1.013642: (+615)   bprint:               __handle_mm_fault: NUMAB MEM ACCESS process[nid:0, cpu:62, pid:3682], folio[virt:0x7efc64dd53d0, phys:0x1866f78000, pfn:0x1866f78, nid:1, npages:1]
          cg.C.x-3682  [062]     1.013644: (+2)     bprint:               __handle_mm_fault: NUMAB TRY MEM MIGR process[nid:0, cpu:62, pid:3682], folio[virt:0x7efc64dd53d0, phys:0x1866f78000, nid:1], target_nid:0
          cg.C.x-3682  [062]     1.013652: (+8)     bprint:               __handle_mm_fault: NUMAB COMPLETED MEM MIGR process[nid:0, cpu:62, pid:3682], old[phys:0x1866f78000, nid:1, npages:1], new[phys:0x2fed96000, nid:0, npages:1]
          cg.C.x-3675  [048]     1.013781: (+129)   bprint:               __handle_mm_fault: NUMAB MEM ACCESS process[nid:0, cpu:48, pid:3675], folio[virt:0x7efc64dc2f10, phys:0x1537f9000, pfn:0x1537f9, nid:0, npages:1]
          cg.C.x-3713  [061]     1.013784: (+3)     bprint:               __handle_mm_fault: NUMAB MEM ACCESS process[nid:1, cpu:61, pid:3713], folio[virt:0x7efc64e19e98, phys:0x185e8b6000, pfn:0x185e8b6, nid:1, npages:1]
          cg.C.x-3670  [038]     1.013784: (+0)     bprint:               __handle_mm_fault: NUMAB MEM ACCESS process[nid:0, cpu:38, pid:3670], folio[virt:0x7efc64db77f0, phys:0x116296000, pfn:0x116296, nid:0, npages:1]
          cg.C.x-3661  [020]     1.013788: (+4)     bprint:               __handle_mm_fault: NUMAB MEM ACCESS process[nid:0, cpu:20, pid:3661], folio[virt:0x7efc64da2e50, phys:0x1538fb000, pfn:0x1538fb, nid:0, npages:1]
          cg.C.x-3705  [045]     1.013789: (+1)     bprint:               __handle_mm_fault: NUMAB MEM ACCESS process[nid:1, cpu:45, pid:3705], folio[virt:0x7efc64e079b8, phys:0x185de06000, pfn:0x185de06, nid:1, npages:1]
          cg.C.x-3677  [052]     1.013790: (+1)     bprint:               __handle_mm_fault: NUMAB MEM ACCESS process[nid:0, cpu:52, pid:3677], folio[virt:0x7efc64dc7850, phys:0x13d363000, pfn:0x13d363, nid:0, npages:1]
          cg.C.x-3706  [047]     1.013791: (+1)     bprint:               __handle_mm_fault: NUMAB MEM ACCESS process[nid:1, cpu:47, pid:3706], folio[virt:0x7efc64e09e54, phys:0x185763d000, pfn:0x185763d, nid:1, npages:1]
          cg.C.x-3675  [048]     1.013792: (+1)     bprint:               do_huge_pmd_numa_page: NUMAB MEM ACCESS huge page process[nid:0, cpu:48, pid:3675], folio[virt:0x7efc5e9b3f0c, ker:0xffff93f4e0600000, pfn:0x360600, nid:0, npages:512]
          cg.C.x-3699  [033]     1.013793: (+1)     bprint:               __handle_mm_fault: NUMAB MEM ACCESS process[nid:1, cpu:33, pid:3699], folio[virt:0x7efc64df9e10, phys:0x185762d000, pfn:0x185762d, nid:1, npages:1]
          cg.C.x-3712  [059]     1.013794: (+1)     bprint:               __handle_mm_fault: NUMAB MEM ACCESS process[nid:1, cpu:59, pid:3712], folio[virt:0x7efc64e179fc, phys:0x185eaaf000, pfn:0x185eaaf, nid:1, npages:1]
          cg.C.x-3670  [038]     1.013795: (+1)     bprint:               do_huge_pmd_numa_page: NUMAB MEM ACCESS huge page process[nid:0, cpu:38, pid:3670], folio[virt:0x7efc5def0e24, ker:0xffff93f467a00000, pfn:0x2e7a00, nid:0, npages:512]
          cg.C.x-3688  [011]     1.013796: (+1)     bprint:               __handle_mm_fault: NUMAB MEM ACCESS process[nid:1, cpu:11, pid:3688], folio[virt:0x7efc64de0b30, phys:0x186ca80000, pfn:0x186ca80, nid:1, npages:1]
          cg.C.x-3703  [041]     1.013796: (+0)     bprint:               __handle_mm_fault: NUMAB MEM ACCESS process[nid:1, cpu:41, pid:3703], folio[virt:0x7efc64e03080, phys:0x185f1a5000, pfn:0x185f1a5, nid:1, npages:1]
          cg.C.x-3689  [013]     1.013799: (+3)     bprint:               __handle_mm_fault: NUMAB MEM ACCESS process[nid:1, cpu:13, pid:3689], folio[virt:0x7efc64de2fd0, phys:0x186cad3000, pfn:0x186cad3, nid:1, npages:1]
          cg.C.x-3714  [063]     1.013799: (+0)     bprint:               __handle_mm_fault: NUMAB MEM ACCESS process[nid:1, cpu:63, pid:3714], folio[virt:0x7efc64e1c334, phys:0x186d303000, pfn:0x186d303, nid:1, npages:1]
          cg.C.x-3661  [020]     1.013799: (+0)     bprint:               do_huge_pmd_numa_page: NUMAB MEM ACCESS huge page process[nid:0, cpu:20, pid:3661], folio[virt:0x7efc5cb8a08c, ker:0xffff93f41f800000, pfn:0x29f800, nid:0, npages:512]
          cg.C.x-3677  [052]     1.013800: (+1)     bprint:               do_huge_pmd_numa_page: NUMAB MEM ACCESS huge page process[nid:0, cpu:52, pid:3677], folio[virt:0x7efc5edfc2ec, ker:0xffff93f48de00000, pfn:0x30de00, nid:0, npages:512]
          cg.C.x-3659  [016]     1.013801: (+1)     bprint:               __handle_mm_fault: NUMAB MEM ACCESS process[nid:0, cpu:16, pid:3659], folio[virt:0x7efc64d9e510, phys:0x1107fc000, pfn:0x1107fc, nid:0, npages:1]
          cg.C.x-3708  [051]     1.013802: (+1)     bprint:               __handle_mm_fault: NUMAB MEM ACCESS process[nid:1, cpu:51, pid:3708], folio[virt:0x7efc64e0e78c, phys:0x186cb63000, pfn:0x186cb63, nid:1, npages:1]
          cg.C.x-3705  [045]     1.013803: (+1)     bprint:               do_huge_pmd_numa_page: NUMAB MEM ACCESS huge page process[nid:1, cpu:45, pid:3705], folio[virt:0x7efc62a4d0d8, ker:0xffff940bdec00000, pfn:0x1a5ec00, nid:1, npages:512]
          cg.C.x-3656  [010]     1.013804: (+1)     bprint:               __handle_mm_fault: NUMAB MEM ACCESS process[nid:0, cpu:10, pid:3656], folio[virt:0x7efc64d97730, phys:0x1215b6000, pfn:0x1215b6, nid:0, npages:1]
          cg.C.x-3704  [043]     1.013804: (+0)     bprint:               __handle_mm_fault: NUMAB MEM ACCESS process[nid:1, cpu:43, pid:3704], folio[virt:0x7efc64e0551c, phys:0x1866c3b000, pfn:0x1866c3b, nid:1, npages:1]
          cg.C.x-3713  [061]     1.013805: (+1)     sched_stick_numa:     src_pid=3713 src_tgid=3651 src_ngid=3713 src_cpu=61 src_nid=1 dst_pid=0 dst_tgid=0 dst_ngid=0 dst_cpu=-1 dst_nid=-1
          cg.C.x-3706  [047]     1.013805: (+0)     sched_stick_numa:     src_pid=3706 src_tgid=3651 src_ngid=3706 src_cpu=47 src_nid=1 dst_pid=0 dst_tgid=0 dst_ngid=0 dst_cpu=-1 dst_nid=-1
          cg.C.x-3712  [059]     1.013805: (+0)     sched_stick_numa:     src_pid=3712 src_tgid=3651 src_ngid=3713 src_cpu=59 src_nid=1 dst_pid=0 dst_tgid=0 dst_ngid=0 dst_cpu=-1 dst_nid=-1
          cg.C.x-3699  [033]     1.013806: (+1)     sched_stick_numa:     src_pid=3699 src_tgid=3651 src_ngid=3712 src_cpu=33 src_nid=1 dst_pid=0 dst_tgid=0 dst_ngid=0 dst_cpu=-1 dst_nid=-1
          cg.C.x-3664  [026]     1.013807: (+1)     bprint:               __handle_mm_fault: NUMAB MEM ACCESS process[nid:0, cpu:26, pid:3664], folio[virt:0x7efc64da9c30, phys:0x29fdea000, pfn:0x29fdea, nid:0, npages:1]
          cg.C.x-3711  [057]     1.013807: (+0)     bprint:               __handle_mm_fault: NUMAB MEM ACCESS process[nid:1, cpu:57, pid:3711], folio[virt:0x7efc64e15560, phys:0x1857457000, pfn:0x1857457, nid:1, npages:1]
          cg.C.x-3688  [011]     1.013807: (+0)     bprint:               do_huge_pmd_numa_page: NUMAB MEM ACCESS huge page process[nid:1, cpu:11, pid:3688], folio[virt:0x7efc605ae30c, ker:0xffff940be4400000, pfn:0x1a64400, nid:1, npages:512]
          cg.C.x-3703  [041]     1.013808: (+1)     sched_stick_numa:     src_pid=3703 src_tgid=3651 src_ngid=3703 src_cpu=41 src_nid=1 dst_pid=0 dst_tgid=0 dst_ngid=0 dst_cpu=-1 dst_nid=-1
          cg.C.x-3697  [029]     1.013810: (+2)     bprint:               __handle_mm_fault: NUMAB MEM ACCESS process[nid:1, cpu:29, pid:3697], folio[virt:0x7efc64df54d0, phys:0x1866c0a000, pfn:0x1866c0a, nid:1, npages:1]
          cg.C.x-3712  [059]     1.013810: (+0)     bprint:               do_huge_pmd_numa_page: NUMAB MEM ACCESS huge page process[nid:1, cpu:59, pid:3712], folio[virt:0x7efc639592c4, ker:0xffff940bfb400000, pfn:0x1a7b400, nid:1, npages:512]
          cg.C.x-3707  [049]     1.013810: (+0)     bprint:               __handle_mm_fault: NUMAB MEM ACCESS process[nid:1, cpu:49, pid:3707], folio[virt:0x7efc64e0c2f0, phys:0x1856fe7000, pfn:0x1856fe7, nid:1, npages:1]
          cg.C.x-3714  [063]     1.013810: (+0)     sched_stick_numa:     src_pid=3714 src_tgid=3651 src_ngid=3708 src_cpu=63 src_nid=1 dst_pid=0 dst_tgid=0 dst_ngid=0 dst_cpu=-1 dst_nid=-1
          cg.C.x-3689  [013]     1.013811: (+1)     sched_stick_numa:     src_pid=3689 src_tgid=3651 src_ngid=3689 src_cpu=13 src_nid=1 dst_pid=0 dst_tgid=0 dst_ngid=0 dst_cpu=-1 dst_nid=-1
          cg.C.x-3706  [047]     1.013811: (+0)     bprint:               do_huge_pmd_numa_page: NUMAB MEM ACCESS huge page process[nid:1, cpu:47, pid:3706], folio[virt:0x7efc62c71884, ker:0xffff940bfac00000, pfn:0x1a7ac00, nid:1, npages:512]
          cg.C.x-3680  [058]     1.013812: (+1)     bprint:               __handle_mm_fault: NUMAB MEM ACCESS process[nid:0, cpu:58, pid:3680], folio[virt:0x7efc64dce630, phys:0x1217fa000, pfn:0x1217fa, nid:0, npages:1]
          cg.C.x-3709  [053]     1.013812: (+0)     bprint:               __handle_mm_fault: NUMAB MEM ACCESS process[nid:1, cpu:53, pid:3709], folio[virt:0x7efc64e10c28, phys:0x18901d0000, pfn:0x18901d0, nid:1, npages:1]
          cg.C.x-3708  [051]     1.013813: (+1)     sched_stick_numa:     src_pid=3708 src_tgid=3651 src_ngid=3708 src_cpu=51 src_nid=1 dst_pid=0 dst_tgid=0 dst_ngid=0 dst_cpu=-1 dst_nid=-1
          cg.C.x-3713  [061]     1.013813: (+0)     bprint:               do_huge_pmd_numa_page: NUMAB MEM ACCESS huge page process[nid:1, cpu:61, pid:3713], folio[virt:0x7efc63b7f508, ker:0xffff940be1400000, pfn:0x1a61400, nid:1, npages:512]
          cg.C.x-3658  [014]     1.013815: (+2)     bprint:               __handle_mm_fault: NUMAB MEM ACCESS process[nid:0, cpu:14, pid:3658], folio[virt:0x7efc64d9c070, phys:0xae5487000, pfn:0xae5487, nid:0, npages:1]
          cg.C.x-3702  [039]     1.013815: (+0)     bprint:               __handle_mm_fault: NUMAB MEM ACCESS process[nid:1, cpu:39, pid:3702], folio[virt:0x7efc64e00be4, phys:0x186db5d000, pfn:0x186db5d, nid:1, npages:1]
          cg.C.x-3699  [033]     1.013815: (+0)     bprint:               do_huge_pmd_numa_page: NUMAB MEM ACCESS huge page process[nid:1, cpu:33, pid:3699], folio[virt:0x7efc61d59238, ker:0xffff940bf9600000, pfn:0x1a79600, nid:1, npages:512]
          cg.C.x-3704  [043]     1.013816: (+1)     sched_stick_numa:     src_pid=3704 src_tgid=3651 src_ngid=3704 src_cpu=43 src_nid=1 dst_pid=0 dst_tgid=0 dst_ngid=0 dst_cpu=-1 dst_nid=-1
