          cg.C.x-3176  [008]     1.094812: (+0)     sched_switch:         cg.C.x:3176 [120] R ==> migration/8:65 [0]
          cg.C.x-3177  [010]     1.094813: (+1)     sched_switch:         cg.C.x:3177 [120] R ==> migration/10:77 [0]
          cg.C.x-3180  [016]     1.094813: (+0)     sched_switch:         cg.C.x:3180 [120] R ==> migration/16:113 [0]
          cg.C.x-3175  [006]     1.094813: (+0)     sched_switch:         cg.C.x:3175 [120] R ==> migration/6:53 [0]
          cg.C.x-3181  [018]     1.094813: (+0)     sched_switch:         cg.C.x:3181 [120] R ==> migration/18:125 [0]
          cg.C.x-3178  [012]     1.094813: (+0)     sched_switch:         cg.C.x:3178 [120] R ==> migration/12:89 [0]
          cg.C.x-3210  [013]     1.094815: (+2)     sched_switch:         cg.C.x:3210 [120] R ==> migration/13:95 [0]
          cg.C.x-3205  [003]     1.094815: (+0)     sched_switch:         cg.C.x:3205 [120] R ==> migration/3:35 [0]
          cg.C.x-3212  [017]     1.094815: (+0)     sched_switch:         cg.C.x:3212 [120] R ==> migration/17:119 [0]
          cg.C.x-3208  [009]     1.094815: (+0)     sched_switch:         cg.C.x:3208 [120] R ==> migration/9:71 [0]
          cg.C.x-3209  [011]     1.094815: (+0)     sched_switch:         cg.C.x:3209 [120] R ==> migration/11:83 [0]
          cg.C.x-3211  [015]     1.094815: (+0)     sched_switch:         cg.C.x:3211 [120] R ==> migration/15:107 [0]
          cg.C.x-3206  [005]     1.094815: (+0)     sched_switch:         cg.C.x:3206 [120] R ==> migration/5:47 [0]
          cg.C.x-3204  [001]     1.094815: (+0)     sched_switch:         cg.C.x:3204 [120] R ==> migration/1:23 [0]
          cg.C.x-3207  [007]     1.094815: (+0)     sched_switch:         cg.C.x:3207 [120] R ==> migration/7:59 [0]
          cg.C.x-3213  [019]     1.094815: (+0)     sched_switch:         cg.C.x:3213 [120] R ==> migration/19:131 [0]
    migration/16-113   [016]     1.094819: (+4)     sched_switch:         migration/16:113 [0] S ==> cg.C.x:3180 [120]
    migration/18-125   [018]     1.094819: (+0)     sched_switch:         migration/18:125 [0] S ==> cg.C.x:3181 [120]
    migration/12-89    [012]     1.094819: (+0)     sched_switch:         migration/12:89 [0] S ==> cg.C.x:3178 [120]
    migration/14-101   [014]     1.094819: (+0)     sched_switch:         migration/14:101 [0] S ==> cg.C.x:3179 [120]
     migration/6-53    [006]     1.094819: (+0)     sched_switch:         migration/6:53 [0] S ==> cg.C.x:3175 [120]
     migration/2-29    [002]     1.094819: (+0)     sched_switch:         migration/2:29 [0] S ==> cg.C.x:3173 [120]
     migration/8-65    [008]     1.094819: (+0)     sched_switch:         migration/8:65 [0] S ==> cg.C.x:3176 [120]
    migration/10-77    [010]     1.094819: (+0)     sched_switch:         migration/10:77 [0] S ==> cg.C.x:3177 [120]
     migration/4-41    [004]     1.094820: (+1)     sched_switch:         migration/4:41 [0] S ==> cg.C.x:3174 [120]
     migration/3-35    [003]     1.094823: (+3)     sched_switch:         migration/3:35 [0] S ==> cg.C.x:3205 [120]
     migration/5-47    [005]     1.094823: (+0)     sched_switch:         migration/5:47 [0] S ==> cg.C.x:3206 [120]
    migration/19-131   [019]     1.094823: (+0)     sched_switch:         migration/19:131 [0] S ==> cg.C.x:3213 [120]
    migration/11-83    [011]     1.094823: (+0)     sched_switch:         migration/11:83 [0] S ==> cg.C.x:3209 [120]
     migration/7-59    [007]     1.094823: (+0)     sched_switch:         migration/7:59 [0] S ==> cg.C.x:3207 [120]
     migration/9-71    [009]     1.094823: (+0)     sched_switch:         migration/9:71 [0] S ==> cg.C.x:3208 [120]
    migration/17-119   [017]     1.094823: (+0)     sched_switch:         migration/17:119 [0] S ==> cg.C.x:3212 [120]
     migration/1-23    [001]     1.094823: (+0)     sched_switch:         migration/1:23 [0] S ==> cg.C.x:3204 [120]
    migration/15-107   [015]     1.094823: (+0)     sched_switch:         migration/15:107 [0] S ==> cg.C.x:3211 [120]
    migration/13-95    [013]     1.094823: (+0)     sched_switch:         migration/13:95 [0] S ==> cg.C.x:3210 [120]
          cg.C.x-3172  [000]     1.096049: (+1226)  sched_waking:         comm=tmux: server pid=2003 prio=120 target_cpu=000
          cg.C.x-3172  [000]     1.096056: (+7)     sched_wakeup:         tmux: server:2003 [120] CPU:000
          cg.C.x-3172  [000]     1.096058: (+2)     sched_switch:         cg.C.x:3172 [120] R ==> tmux: server:2003 [120]
    tmux: server-2003  [000]     1.096202: (+144)   sched_switch:         tmux: server:2003 [120] S ==> cg.C.x:3172 [120]
          cg.C.x-3186  [028]     1.098801: (+2599)  sched_waking:         comm=migration/28 pid=185 prio=0 target_cpu=028
          cg.C.x-3185  [026]     1.098801: (+0)     sched_waking:         comm=migration/26 pid=173 prio=0 target_cpu=026
          cg.C.x-3184  [024]     1.098801: (+0)     sched_waking:         comm=migration/24 pid=161 prio=0 target_cpu=024
          cg.C.x-3182  [020]     1.098801: (+0)     sched_waking:         comm=migration/20 pid=137 prio=0 target_cpu=020
          cg.C.x-3214  [021]     1.098801: (+0)     sched_waking:         comm=migration/21 pid=143 prio=0 target_cpu=021
          cg.C.x-3187  [030]     1.098802: (+1)     sched_waking:         comm=migration/30 pid=197 prio=0 target_cpu=030
          cg.C.x-3216  [025]     1.098802: (+0)     sched_waking:         comm=migration/25 pid=167 prio=0 target_cpu=025
          cg.C.x-3183  [022]     1.098802: (+0)     sched_waking:         comm=migration/22 pid=149 prio=0 target_cpu=022
          cg.C.x-3217  [027]     1.098802: (+0)     sched_waking:         comm=migration/27 pid=179 prio=0 target_cpu=027
          cg.C.x-3219  [031]     1.098802: (+0)     sched_waking:         comm=migration/31 pid=203 prio=0 target_cpu=031
          cg.C.x-3218  [029]     1.098802: (+0)     sched_waking:         comm=migration/29 pid=191 prio=0 target_cpu=029
          cg.C.x-3215  [023]     1.098803: (+1)     sched_waking:         comm=migration/23 pid=155 prio=0 target_cpu=023
          cg.C.x-3184  [024]     1.098803: (+0)     sched_wakeup:         migration/24:161 [0] CPU:024
          cg.C.x-3182  [020]     1.098803: (+0)     sched_wakeup:         migration/20:137 [0] CPU:020
          cg.C.x-3186  [028]     1.098803: (+0)     sched_wakeup:         migration/28:185 [0] CPU:028
          cg.C.x-3185  [026]     1.098803: (+0)     sched_wakeup:         migration/26:173 [0] CPU:026
          cg.C.x-3214  [021]     1.098804: (+1)     sched_wakeup:         migration/21:143 [0] CPU:021
          cg.C.x-3217  [027]     1.098804: (+0)     sched_wakeup:         migration/27:179 [0] CPU:027
          cg.C.x-3219  [031]     1.098804: (+0)     sched_wakeup:         migration/31:203 [0] CPU:031
          cg.C.x-3216  [025]     1.098804: (+0)     sched_wakeup:         migration/25:167 [0] CPU:025
          cg.C.x-3183  [022]     1.098804: (+0)     sched_wakeup:         migration/22:149 [0] CPU:022
          cg.C.x-3187  [030]     1.098804: (+0)     sched_wakeup:         migration/30:197 [0] CPU:030
          cg.C.x-3215  [023]     1.098805: (+1)     sched_wakeup:         migration/23:155 [0] CPU:023
          cg.C.x-3218  [029]     1.098805: (+0)     sched_wakeup:         migration/29:191 [0] CPU:029
          cg.C.x-3182  [020]     1.098808: (+3)     sched_switch:         cg.C.x:3182 [120] R ==> migration/20:137 [0]
          cg.C.x-3184  [024]     1.098808: (+0)     sched_switch:         cg.C.x:3184 [120] R ==> migration/24:161 [0]
          cg.C.x-3185  [026]     1.098809: (+1)     sched_switch:         cg.C.x:3185 [120] R ==> migration/26:173 [0]
          cg.C.x-3186  [028]     1.098809: (+0)     sched_switch:         cg.C.x:3186 [120] R ==> migration/28:185 [0]
          cg.C.x-3187  [030]     1.098809: (+0)     sched_switch:         cg.C.x:3187 [120] R ==> migration/30:197 [0]
          cg.C.x-3217  [027]     1.098809: (+0)     sched_switch:         cg.C.x:3217 [120] R ==> migration/27:179 [0]
          cg.C.x-3214  [021]     1.098809: (+0)     sched_switch:         cg.C.x:3214 [120] R ==> migration/21:143 [0]
          cg.C.x-3183  [022]     1.098810: (+1)     sched_switch:         cg.C.x:3183 [120] R ==> migration/22:149 [0]
          cg.C.x-3219  [031]     1.098810: (+0)     sched_switch:         cg.C.x:3219 [120] R ==> migration/31:203 [0]
          cg.C.x-3218  [029]     1.098810: (+0)     sched_switch:         cg.C.x:3218 [120] R ==> migration/29:191 [0]
          cg.C.x-3216  [025]     1.098810: (+0)     sched_switch:         cg.C.x:3216 [120] R ==> migration/25:167 [0]
          cg.C.x-3215  [023]     1.098811: (+1)     sched_switch:         cg.C.x:3215 [120] R ==> migration/23:155 [0]
    migration/20-137   [020]     1.098813: (+2)     sched_switch:         migration/20:137 [0] S ==> cg.C.x:3182 [120]
    migration/26-173   [026]     1.098813: (+0)     sched_switch:         migration/26:173 [0] S ==> cg.C.x:3185 [120]
    migration/24-161   [024]     1.098813: (+0)     sched_switch:         migration/24:161 [0] S ==> cg.C.x:3184 [120]
    migration/30-197   [030]     1.098813: (+0)     sched_switch:         migration/30:197 [0] S ==> cg.C.x:3187 [120]
    migration/28-185   [028]     1.098813: (+0)     sched_switch:         migration/28:185 [0] S ==> cg.C.x:3186 [120]
    migration/22-149   [022]     1.098814: (+1)     sched_switch:         migration/22:149 [0] S ==> cg.C.x:3183 [120]
    migration/27-179   [027]     1.098815: (+1)     sched_switch:         migration/27:179 [0] S ==> cg.C.x:3217 [120]
    migration/25-167   [025]     1.098815: (+0)     sched_switch:         migration/25:167 [0] S ==> cg.C.x:3216 [120]
    migration/21-143   [021]     1.098815: (+0)     sched_switch:         migration/21:143 [0] S ==> cg.C.x:3214 [120]
    migration/29-191   [029]     1.098815: (+0)     sched_switch:         migration/29:191 [0] S ==> cg.C.x:3218 [120]
    migration/31-203   [031]     1.098815: (+0)     sched_switch:         migration/31:203 [0] S ==> cg.C.x:3219 [120]
    migration/23-155   [023]     1.098816: (+1)     sched_switch:         migration/23:155 [0] S ==> cg.C.x:3215 [120]
          cg.C.x-3200  [056]     1.109724: (+10908) sched_waking:         comm=kworker/56:1 pid=739 prio=120 target_cpu=056
          cg.C.x-3232  [057]     1.109725: (+1)     sched_waking:         comm=kworker/57:2 pid=1818 prio=120 target_cpu=057
          cg.C.x-3200  [056]     1.109733: (+8)     sched_wakeup:         kworker/56:1:739 [120] CPU:056
          cg.C.x-3232  [057]     1.109734: (+1)     sched_wakeup:         kworker/57:2:1818 [120] CPU:057
          cg.C.x-3200  [056]     1.109742: (+8)     sched_switch:         cg.C.x:3200 [120] R ==> kworker/56:1:739 [120]
    kworker/56:1-739   [056]     1.109758: (+16)    sched_switch:         kworker/56:1:739 [120] I ==> cg.C.x:3200 [120]
          cg.C.x-3234  [061]     1.113725: (+3967)  sched_waking:         comm=kworker/61:1 pid=558 prio=120 target_cpu=061
          cg.C.x-3231  [055]     1.113725: (+0)     sched_waking:         comm=kworker/55:1 pid=501 prio=120 target_cpu=055
          cg.C.x-3232  [057]     1.113730: (+5)     sched_switch:         cg.C.x:3232 [120] R ==> kworker/57:2:1818 [120]
          cg.C.x-3231  [055]     1.113731: (+1)     sched_wakeup:         kworker/55:1:501 [120] CPU:055
          cg.C.x-3234  [061]     1.113731: (+0)     sched_wakeup:         kworker/61:1:558 [120] CPU:061
          cg.C.x-3234  [061]     1.113735: (+4)     sched_switch:         cg.C.x:3234 [120] R ==> kworker/61:1:558 [120]
          cg.C.x-3231  [055]     1.113737: (+2)     sched_switch:         cg.C.x:3231 [120] R ==> kworker/55:1:501 [120]
    kworker/57:2-1818  [057]     1.113746: (+9)     sched_switch:         kworker/57:2:1818 [120] I ==> cg.C.x:3232 [120]
    kworker/55:1-501   [055]     1.113746: (+0)     sched_switch:         kworker/55:1:501 [120] I ==> cg.C.x:3231 [120]
    kworker/61:1-558   [061]     1.113756: (+10)    sched_switch:         kworker/61:1:558 [120] I ==> cg.C.x:3234 [120]
          cg.C.x-3172  [000]     1.129725: (+15969) sched_waking:         comm=kworker/0:1 pid=10 prio=120 target_cpu=000
          cg.C.x-3172  [000]     1.129731: (+6)     sched_wakeup:         kworker/0:1:10 [120] CPU:000
          cg.C.x-3172  [000]     1.129737: (+6)     sched_switch:         cg.C.x:3172 [120] R ==> kworker/0:1:10 [120]
     kworker/0:1-10    [000]     1.129804: (+67)    sched_switch:         kworker/0:1:10 [120] I ==> cg.C.x:3172 [120]
          cg.C.x-3191  [038]     1.130802: (+998)   sched_waking:         comm=migration/38 pid=245 prio=0 target_cpu=038
          cg.C.x-3188  [032]     1.130802: (+0)     sched_waking:         comm=migration/32 pid=209 prio=0 target_cpu=032
          cg.C.x-3190  [036]     1.130802: (+0)     sched_waking:         comm=migration/36 pid=233 prio=0 target_cpu=036
          cg.C.x-3189  [034]     1.130802: (+0)     sched_waking:         comm=migration/34 pid=221 prio=0 target_cpu=034
          cg.C.x-3192  [040]     1.130802: (+0)     sched_waking:         comm=migration/40 pid=257 prio=0 target_cpu=040
          cg.C.x-3220  [033]     1.130802: (+0)     sched_waking:         comm=migration/33 pid=215 prio=0 target_cpu=033
          cg.C.x-3221  [035]     1.130802: (+0)     sched_waking:         comm=migration/35 pid=227 prio=0 target_cpu=035
          cg.C.x-3222  [037]     1.130803: (+1)     sched_waking:         comm=migration/37 pid=239 prio=0 target_cpu=037
          cg.C.x-3223  [039]     1.130803: (+0)     sched_waking:         comm=migration/39 pid=251 prio=0 target_cpu=039
          cg.C.x-3191  [038]     1.130805: (+2)     sched_wakeup:         migration/38:245 [0] CPU:038
          cg.C.x-3188  [032]     1.130805: (+0)     sched_wakeup:         migration/32:209 [0] CPU:032
          cg.C.x-3192  [040]     1.130805: (+0)     sched_wakeup:         migration/40:257 [0] CPU:040
          cg.C.x-3190  [036]     1.130805: (+0)     sched_wakeup:         migration/36:233 [0] CPU:036
          cg.C.x-3189  [034]     1.130806: (+1)     sched_wakeup:         migration/34:221 [0] CPU:034
          cg.C.x-3222  [037]     1.130807: (+1)     sched_wakeup:         migration/37:239 [0] CPU:037
          cg.C.x-3223  [039]     1.130807: (+0)     sched_wakeup:         migration/39:251 [0] CPU:039
          cg.C.x-3221  [035]     1.130807: (+0)     sched_wakeup:         migration/35:227 [0] CPU:035
          cg.C.x-3220  [033]     1.130807: (+0)     sched_wakeup:         migration/33:215 [0] CPU:033
          cg.C.x-3188  [032]     1.130812: (+5)     sched_switch:         cg.C.x:3188 [120] R ==> migration/32:209 [0]
          cg.C.x-3191  [038]     1.130813: (+1)     sched_switch:         cg.C.x:3191 [120] R ==> migration/38:245 [0]
          cg.C.x-3192  [040]     1.130813: (+0)     sched_switch:         cg.C.x:3192 [120] R ==> migration/40:257 [0]
          cg.C.x-3189  [034]     1.130813: (+0)     sched_switch:         cg.C.x:3189 [120] R ==> migration/34:221 [0]
          cg.C.x-3190  [036]     1.130813: (+0)     sched_switch:         cg.C.x:3190 [120] R ==> migration/36:233 [0]
          cg.C.x-3222  [037]     1.130814: (+1)     sched_switch:         cg.C.x:3222 [120] R ==> migration/37:239 [0]
          cg.C.x-3220  [033]     1.130815: (+1)     sched_switch:         cg.C.x:3220 [120] R ==> migration/33:215 [0]
          cg.C.x-3223  [039]     1.130815: (+0)     sched_switch:         cg.C.x:3223 [120] R ==> migration/39:251 [0]
          cg.C.x-3221  [035]     1.130816: (+1)     sched_switch:         cg.C.x:3221 [120] R ==> migration/35:227 [0]
    migration/34-221   [034]     1.130819: (+3)     sched_switch:         migration/34:221 [0] S ==> cg.C.x:3189 [120]
    migration/36-233   [036]     1.130819: (+0)     sched_switch:         migration/36:233 [0] S ==> cg.C.x:3190 [120]
    migration/38-245   [038]     1.130819: (+0)     sched_switch:         migration/38:245 [0] S ==> cg.C.x:3191 [120]
    migration/32-209   [032]     1.130819: (+0)     sched_switch:         migration/32:209 [0] S ==> cg.C.x:3188 [120]
    migration/40-257   [040]     1.130819: (+0)     sched_switch:         migration/40:257 [0] S ==> cg.C.x:3192 [120]
    migration/37-239   [037]     1.130822: (+3)     sched_switch:         migration/37:239 [0] S ==> cg.C.x:3222 [120]
    migration/33-215   [033]     1.130823: (+1)     sched_switch:         migration/33:215 [0] S ==> cg.C.x:3220 [120]
    migration/35-227   [035]     1.130823: (+0)     sched_switch:         migration/35:227 [0] S ==> cg.C.x:3221 [120]
    migration/39-251   [039]     1.130823: (+0)     sched_switch:         migration/39:251 [0] S ==> cg.C.x:3223 [120]
          cg.C.x-3227  [047]     1.134801: (+3978)  sched_waking:         comm=migration/47 pid=299 prio=0 target_cpu=047
          cg.C.x-3193  [042]     1.134801: (+0)     sched_waking:         comm=migration/42 pid=269 prio=0 target_cpu=042
          cg.C.x-3199  [054]     1.134801: (+0)     sched_waking:         comm=migration/54 pid=341 prio=0 target_cpu=054
          cg.C.x-3224  [041]     1.134801: (+0)     sched_waking:         comm=migration/41 pid=263 prio=0 target_cpu=041
          cg.C.x-3200  [056]     1.134801: (+0)     sched_waking:         comm=migration/56 pid=353 prio=0 target_cpu=056
          cg.C.x-3195  [046]     1.134801: (+0)     sched_waking:         comm=migration/46 pid=293 prio=0 target_cpu=046
          cg.C.x-3225  [043]     1.134801: (+0)     sched_waking:         comm=migration/43 pid=275 prio=0 target_cpu=043
          cg.C.x-3228  [049]     1.134801: (+0)     sched_waking:         comm=migration/49 pid=311 prio=0 target_cpu=049
          cg.C.x-3198  [052]     1.134801: (+0)     sched_waking:         comm=migration/52 pid=329 prio=0 target_cpu=052
          cg.C.x-3197  [050]     1.134801: (+0)     sched_waking:         comm=migration/50 pid=317 prio=0 target_cpu=050
          cg.C.x-3194  [044]     1.134802: (+1)     sched_waking:         comm=migration/44 pid=281 prio=0 target_cpu=044
          cg.C.x-3232  [057]     1.134802: (+0)     sched_waking:         comm=migration/57 pid=359 prio=0 target_cpu=057
          cg.C.x-3231  [055]     1.134802: (+0)     sched_waking:         comm=migration/55 pid=347 prio=0 target_cpu=055
          cg.C.x-3226  [045]     1.134802: (+0)     sched_waking:         comm=migration/45 pid=287 prio=0 target_cpu=045
          cg.C.x-3229  [051]     1.134802: (+0)     sched_waking:         comm=migration/51 pid=323 prio=0 target_cpu=051
          cg.C.x-3230  [053]     1.134802: (+0)     sched_waking:         comm=migration/53 pid=335 prio=0 target_cpu=053
          cg.C.x-3196  [048]     1.134802: (+0)     sched_waking:         comm=migration/48 pid=305 prio=0 target_cpu=048
          cg.C.x-3193  [042]     1.134804: (+2)     sched_wakeup:         migration/42:269 [0] CPU:042
          cg.C.x-3199  [054]     1.134804: (+0)     sched_wakeup:         migration/54:341 [0] CPU:054
          cg.C.x-3195  [046]     1.134804: (+0)     sched_wakeup:         migration/46:293 [0] CPU:046
          cg.C.x-3197  [050]     1.134804: (+0)     sched_wakeup:         migration/50:317 [0] CPU:050
          cg.C.x-3200  [056]     1.134804: (+0)     sched_wakeup:         migration/56:353 [0] CPU:056
          cg.C.x-3198  [052]     1.134804: (+0)     sched_wakeup:         migration/52:329 [0] CPU:052
          cg.C.x-3231  [055]     1.134804: (+0)     sched_wakeup:         migration/55:347 [0] CPU:055
          cg.C.x-3225  [043]     1.134804: (+0)     sched_wakeup:         migration/43:275 [0] CPU:043
          cg.C.x-3194  [044]     1.134804: (+0)     sched_wakeup:         migration/44:281 [0] CPU:044
          cg.C.x-3196  [048]     1.134804: (+0)     sched_wakeup:         migration/48:305 [0] CPU:048
          cg.C.x-3232  [057]     1.134804: (+0)     sched_wakeup:         migration/57:359 [0] CPU:057
          cg.C.x-3226  [045]     1.134805: (+1)     sched_wakeup:         migration/45:287 [0] CPU:045
          cg.C.x-3224  [041]     1.134805: (+0)     sched_wakeup:         migration/41:263 [0] CPU:041
          cg.C.x-3230  [053]     1.134805: (+0)     sched_wakeup:         migration/53:335 [0] CPU:053
          cg.C.x-3228  [049]     1.134805: (+0)     sched_wakeup:         migration/49:311 [0] CPU:049
          cg.C.x-3229  [051]     1.134805: (+0)     sched_wakeup:         migration/51:323 [0] CPU:051
          cg.C.x-3227  [047]     1.134805: (+0)     sched_wakeup:         migration/47:299 [0] CPU:047
          cg.C.x-3193  [042]     1.134809: (+4)     sched_switch:         cg.C.x:3193 [120] R ==> migration/42:269 [0]
          cg.C.x-3232  [057]     1.134809: (+0)     sched_switch:         cg.C.x:3232 [120] R ==> migration/57:359 [0]
          cg.C.x-3200  [056]     1.134810: (+1)     sched_switch:         cg.C.x:3200 [120] R ==> migration/56:353 [0]
          cg.C.x-3231  [055]     1.134810: (+0)     sched_switch:         cg.C.x:3231 [120] R ==> migration/55:347 [0]
          cg.C.x-3225  [043]     1.134810: (+0)     sched_switch:         cg.C.x:3225 [120] R ==> migration/43:275 [0]
          cg.C.x-3226  [045]     1.134810: (+0)     sched_switch:         cg.C.x:3226 [120] R ==> migration/45:287 [0]
          cg.C.x-3197  [050]     1.134811: (+1)     sched_switch:         cg.C.x:3197 [120] R ==> migration/50:317 [0]
          cg.C.x-3229  [051]     1.134811: (+0)     sched_switch:         cg.C.x:3229 [120] R ==> migration/51:323 [0]
          cg.C.x-3228  [049]     1.134811: (+0)     sched_switch:         cg.C.x:3228 [120] R ==> migration/49:311 [0]
          cg.C.x-3194  [044]     1.134811: (+0)     sched_switch:         cg.C.x:3194 [120] R ==> migration/44:281 [0]
          cg.C.x-3224  [041]     1.134811: (+0)     sched_switch:         cg.C.x:3224 [120] R ==> migration/41:263 [0]
          cg.C.x-3195  [046]     1.134811: (+0)     sched_switch:         cg.C.x:3195 [120] R ==> migration/46:293 [0]
          cg.C.x-3198  [052]     1.134811: (+0)     sched_switch:         cg.C.x:3198 [120] R ==> migration/52:329 [0]
          cg.C.x-3196  [048]     1.134811: (+0)     sched_switch:         cg.C.x:3196 [120] R ==> migration/48:305 [0]
          cg.C.x-3227  [047]     1.134811: (+0)     sched_switch:         cg.C.x:3227 [120] R ==> migration/47:299 [0]
          cg.C.x-3230  [053]     1.134811: (+0)     sched_switch:         cg.C.x:3230 [120] R ==> migration/53:335 [0]
          cg.C.x-3199  [054]     1.134812: (+1)     sched_switch:         cg.C.x:3199 [120] R ==> migration/54:341 [0]
    migration/42-269   [042]     1.134814: (+2)     sched_switch:         migration/42:269 [0] S ==> cg.C.x:3193 [120]
    migration/56-353   [056]     1.134814: (+0)     sched_switch:         migration/56:353 [0] S ==> cg.C.x:3200 [120]
    migration/57-359   [057]     1.134815: (+1)     sched_switch:         migration/57:359 [0] S ==> cg.C.x:3232 [120]
    migration/45-287   [045]     1.134816: (+1)     sched_switch:         migration/45:287 [0] S ==> cg.C.x:3226 [120]
    migration/43-275   [043]     1.134816: (+0)     sched_switch:         migration/43:275 [0] S ==> cg.C.x:3225 [120]
    migration/50-317   [050]     1.134816: (+0)     sched_switch:         migration/50:317 [0] S ==> cg.C.x:3197 [120]
    migration/44-281   [044]     1.134816: (+0)     sched_switch:         migration/44:281 [0] S ==> cg.C.x:3194 [120]
    migration/46-293   [046]     1.134816: (+0)     sched_switch:         migration/46:293 [0] S ==> cg.C.x:3195 [120]
    migration/55-347   [055]     1.134816: (+0)     sched_switch:         migration/55:347 [0] S ==> cg.C.x:3231 [120]
    migration/41-263   [041]     1.134817: (+1)     sched_switch:         migration/41:263 [0] S ==> cg.C.x:3224 [120]
    migration/51-323   [051]     1.134817: (+0)     sched_switch:         migration/51:323 [0] S ==> cg.C.x:3229 [120]
    migration/49-311   [049]     1.134817: (+0)     sched_switch:         migration/49:311 [0] S ==> cg.C.x:3228 [120]
    migration/47-299   [047]     1.134817: (+0)     sched_switch:         migration/47:299 [0] S ==> cg.C.x:3227 [120]
    migration/53-335   [053]     1.134817: (+0)     sched_switch:         migration/53:335 [0] S ==> cg.C.x:3230 [120]
    migration/52-329   [052]     1.134817: (+0)     sched_switch:         migration/52:329 [0] S ==> cg.C.x:3198 [120]
    migration/54-341   [054]     1.134817: (+0)     sched_switch:         migration/54:341 [0] S ==> cg.C.x:3199 [120]
    migration/48-305   [048]     1.134817: (+0)     sched_switch:         migration/48:305 [0] S ==> cg.C.x:3196 [120]
          cg.C.x-3201  [058]     1.138801: (+3984)  sched_waking:         comm=migration/58 pid=365 prio=0 target_cpu=058
          cg.C.x-3203  [062]     1.138801: (+0)     sched_waking:         comm=migration/62 pid=389 prio=0 target_cpu=062
          cg.C.x-3202  [060]     1.138801: (+0)     sched_waking:         comm=migration/60 pid=377 prio=0 target_cpu=060
          cg.C.x-3235  [063]     1.138801: (+0)     sched_waking:         comm=migration/63 pid=395 prio=0 target_cpu=063
          cg.C.x-3234  [061]     1.138801: (+0)     sched_waking:         comm=migration/61 pid=383 prio=0 target_cpu=061
          cg.C.x-3233  [059]     1.138801: (+0)     sched_waking:         comm=migration/59 pid=371 prio=0 target_cpu=059
          cg.C.x-3203  [062]     1.138804: (+3)     sched_wakeup:         migration/62:389 [0] CPU:062
          cg.C.x-3233  [059]     1.138804: (+0)     sched_wakeup:         migration/59:371 [0] CPU:059
          cg.C.x-3202  [060]     1.138804: (+0)     sched_wakeup:         migration/60:377 [0] CPU:060
          cg.C.x-3235  [063]     1.138804: (+0)     sched_wakeup:         migration/63:395 [0] CPU:063
          cg.C.x-3234  [061]     1.138804: (+0)     sched_wakeup:         migration/61:383 [0] CPU:061
          cg.C.x-3201  [058]     1.138804: (+0)     sched_wakeup:         migration/58:365 [0] CPU:058
          cg.C.x-3201  [058]     1.138810: (+6)     sched_switch:         cg.C.x:3201 [120] R ==> migration/58:365 [0]
          cg.C.x-3203  [062]     1.138810: (+0)     sched_switch:         cg.C.x:3203 [120] R ==> migration/62:389 [0]
          cg.C.x-3235  [063]     1.138810: (+0)     sched_switch:         cg.C.x:3235 [120] R ==> migration/63:395 [0]
          cg.C.x-3202  [060]     1.138810: (+0)     sched_switch:         cg.C.x:3202 [120] R ==> migration/60:377 [0]
          cg.C.x-3234  [061]     1.138810: (+0)     sched_switch:         cg.C.x:3234 [120] R ==> migration/61:383 [0]
          cg.C.x-3233  [059]     1.138810: (+0)     sched_switch:         cg.C.x:3233 [120] R ==> migration/59:371 [0]
    migration/58-365   [058]     1.138814: (+4)     sched_switch:         migration/58:365 [0] S ==> cg.C.x:3201 [120]
    migration/60-377   [060]     1.138814: (+0)     sched_switch:         migration/60:377 [0] S ==> cg.C.x:3202 [120]
    migration/62-389   [062]     1.138815: (+1)     sched_switch:         migration/62:389 [0] S ==> cg.C.x:3203 [120]
    migration/63-395   [063]     1.138815: (+0)     sched_switch:         migration/63:395 [0] S ==> cg.C.x:3235 [120]
    migration/59-371   [059]     1.138815: (+0)     sched_switch:         migration/59:371 [0] S ==> cg.C.x:3233 [120]
    migration/61-383   [061]     1.138815: (+0)     sched_switch:         migration/61:383 [0] S ==> cg.C.x:3234 [120]
          cg.C.x-3172  [000]     1.140731: (+1916)  sched_waking:         comm=kworker/u129:23 pid=448 prio=120 target_cpu=002
          cg.C.x-3172  [000]     1.140734: (+3)     sched_migrate_task:   comm=kworker/u129:23 pid=448 prio=120 orig_cpu=2 dest_cpu=0
          cg.C.x-3172  [000]     1.140738: (+4)     sched_wakeup:         kworker/u129:23:448 [120] CPU:000
          cg.C.x-3199  [054]     1.145723: (+4985)  sched_waking:         comm=kworker/54:1 pid=735 prio=120 target_cpu=054
          cg.C.x-3230  [053]     1.145724: (+1)     sched_waking:         comm=kworker/53:1 pid=588 prio=120 target_cpu=053
          cg.C.x-3172  [000]     1.145725: (+1)     sched_switch:         cg.C.x:3172 [120] R ==> kworker/u129:23:448 [120]
          cg.C.x-3199  [054]     1.145728: (+3)     sched_wakeup:         kworker/54:1:735 [120] CPU:054
          cg.C.x-3230  [053]     1.145730: (+2)     sched_wakeup:         kworker/53:1:588 [120] CPU:053
          cg.C.x-3199  [054]     1.145732: (+2)     sched_switch:         cg.C.x:3199 [120] R ==> kworker/54:1:735 [120]
 kworker/u129:23-448   [000]     1.145733: (+1)     sched_waking:         comm=tmux: server pid=2003 prio=120 target_cpu=000
          cg.C.x-3230  [053]     1.145735: (+2)     sched_switch:         cg.C.x:3230 [120] R ==> kworker/53:1:588 [120]
 kworker/u129:23-448   [000]     1.145738: (+3)     sched_wakeup:         tmux: server:2003 [120] CPU:000
 kworker/u129:23-448   [000]     1.145741: (+3)     sched_switch:         kworker/u129:23:448 [120] I ==> tmux: server:2003 [120]
    kworker/54:1-735   [054]     1.145744: (+3)     sched_switch:         kworker/54:1:735 [120] I ==> cg.C.x:3199 [120]
    kworker/53:1-588   [053]     1.145747: (+3)     sched_switch:         kworker/53:1:588 [120] I ==> cg.C.x:3230 [120]
    tmux: server-2003  [000]     1.145859: (+112)   sched_waking:         comm=kworker/u129:23 pid=448 prio=120 target_cpu=000
    tmux: server-2003  [000]     1.145862: (+3)     sched_wakeup:         kworker/u129:23:448 [120] CPU:000
    tmux: server-2003  [000]     1.145867: (+5)     sched_switch:         tmux: server:2003 [120] R ==> kworker/u129:23:448 [120]
 kworker/u129:23-448   [000]     1.145871: (+4)     sched_waking:         comm=sshd pid=1918 prio=120 target_cpu=032
 kworker/u129:23-448   [000]     1.145878: (+7)     sched_wakeup:         sshd:1918 [120] CPU:032
 kworker/u129:23-448   [000]     1.145880: (+2)     sched_switch:         kworker/u129:23:448 [120] I ==> tmux: server:2003 [120]
          cg.C.x-3188  [032]     1.145881: (+1)     sched_switch:         cg.C.x:3188 [120] R ==> sshd:1918 [120]
    tmux: server-2003  [000]     1.145891: (+10)    sched_switch:         tmux: server:2003 [120] S ==> cg.C.x:3172 [120]
            sshd-1918  [032]     1.145994: (+103)   sched_switch:         sshd:1918 [120] S ==> cg.C.x:3188 [120]
          cg.C.x-3172  [000]     1.155939: (+9945)  sched_waking:         comm=tmux: server pid=2003 prio=120 target_cpu=000
          cg.C.x-3172  [000]     1.155950: (+11)    sched_wakeup:         tmux: server:2003 [120] CPU:000
          cg.C.x-3172  [000]     1.155954: (+4)     sched_switch:         cg.C.x:3172 [120] R ==> tmux: server:2003 [120]
    tmux: server-2003  [000]     1.155977: (+23)    sched_switch:         tmux: server:2003 [120] S ==> cg.C.x:3172 [120]
          cg.C.x-3172  [000]     1.158023: (+2046)  sched_waking:         comm=tmux: server pid=2003 prio=120 target_cpu=000
          cg.C.x-3172  [000]     1.158031: (+8)     sched_wakeup:         tmux: server:2003 [120] CPU:000
          cg.C.x-3172  [000]     1.158033: (+2)     sched_switch:         cg.C.x:3172 [120] R ==> tmux: server:2003 [120]
    tmux: server-2003  [000]     1.158070: (+37)    sched_switch:         tmux: server:2003 [120] S ==> cg.C.x:3172 [120]
          cg.C.x-3198  [052]     1.173723: (+15653) sched_waking:         comm=kworker/52:1 pid=734 prio=120 target_cpu=052
          cg.C.x-3206  [005]     1.173724: (+1)     sched_waking:         comm=kworker/5:1 pid=709 prio=120 target_cpu=005
          cg.C.x-3198  [052]     1.173730: (+6)     sched_wakeup:         kworker/52:1:734 [120] CPU:052
          cg.C.x-3206  [005]     1.173732: (+2)     sched_wakeup:         kworker/5:1:709 [120] CPU:005
          cg.C.x-3198  [052]     1.173737: (+5)     sched_switch:         cg.C.x:3198 [120] R ==> kworker/52:1:734 [120]
    kworker/52:1-734   [052]     1.173749: (+12)    sched_switch:         kworker/52:1:734 [120] I ==> cg.C.x:3198 [120]
          cg.C.x-3197  [050]     1.177722: (+3973)  sched_waking:         comm=kworker/50:2 pid=1917 prio=120 target_cpu=050
          cg.C.x-3187  [030]     1.177723: (+1)     sched_waking:         comm=kworker/30:1 pid=727 prio=120 target_cpu=030
          cg.C.x-3187  [030]     1.177728: (+5)     sched_wakeup:         kworker/30:1:727 [120] CPU:030
          cg.C.x-3197  [050]     1.177729: (+1)     sched_wakeup:         kworker/50:2:1917 [120] CPU:050
          cg.C.x-3206  [005]     1.177729: (+0)     sched_switch:         cg.C.x:3206 [120] R ==> kworker/5:1:709 [120]
     kworker/5:1-709   [005]     1.177767: (+38)    sched_switch:         kworker/5:1:709 [120] I ==> cg.C.x:3206 [120]
          cg.C.x-3187  [030]     1.181726: (+3959)  sched_switch:         cg.C.x:3187 [120] R ==> kworker/30:1:727 [120]
          cg.C.x-3197  [050]     1.181726: (+0)     sched_switch:         cg.C.x:3197 [120] R ==> kworker/50:2:1917 [120]
    kworker/50:2-1917  [050]     1.181740: (+14)    sched_switch:         kworker/50:2:1917 [120] I ==> cg.C.x:3197 [120]
    kworker/30:1-727   [030]     1.181760: (+20)    sched_switch:         kworker/30:1:727 [120] I ==> cg.C.x:3187 [120]
          cg.C.x-3196  [048]     1.209723: (+27963) sched_waking:         comm=kworker/48:1 pid=732 prio=120 target_cpu=048
          cg.C.x-3175  [006]     1.209723: (+0)     sched_waking:         comm=kworker/6:1 pid=706 prio=120 target_cpu=006
          cg.C.x-3227  [047]     1.209723: (+0)     sched_waking:         comm=kworker/47:0 pid=301 prio=120 target_cpu=047
          cg.C.x-3229  [051]     1.209724: (+1)     sched_waking:         comm=kworker/51:1 pid=737 prio=120 target_cpu=051
          cg.C.x-3228  [049]     1.209724: (+0)     sched_waking:         comm=kworker/49:2 pid=956 prio=120 target_cpu=049
          cg.C.x-3175  [006]     1.209729: (+5)     sched_wakeup:         kworker/6:1:706 [120] CPU:006
          cg.C.x-3227  [047]     1.209729: (+0)     sched_wakeup:         kworker/47:0:301 [120] CPU:047
          cg.C.x-3228  [049]     1.209730: (+1)     sched_wakeup:         kworker/49:2:956 [120] CPU:049
          cg.C.x-3229  [051]     1.209730: (+0)     sched_wakeup:         kworker/51:1:737 [120] CPU:051
          cg.C.x-3196  [048]     1.209730: (+0)     sched_wakeup:         kworker/48:1:732 [120] CPU:048
          cg.C.x-3175  [006]     1.209736: (+6)     sched_switch:         cg.C.x:3175 [120] R ==> kworker/6:1:706 [120]
          cg.C.x-3229  [051]     1.209739: (+3)     sched_switch:         cg.C.x:3229 [120] R ==> kworker/51:1:737 [120]
     kworker/6:1-706   [006]     1.209772: (+33)    sched_switch:         kworker/6:1:706 [120] I ==> cg.C.x:3175 [120]
    kworker/51:1-737   [051]     1.209775: (+3)     sched_switch:         kworker/51:1:737 [120] I ==> cg.C.x:3229 [120]
          cg.C.x-3227  [047]     1.213727: (+3952)  sched_switch:         cg.C.x:3227 [120] R ==> kworker/47:0:301 [120]
          cg.C.x-3228  [049]     1.213727: (+0)     sched_switch:         cg.C.x:3228 [120] R ==> kworker/49:2:956 [120]
          cg.C.x-3196  [048]     1.213728: (+1)     sched_switch:         cg.C.x:3196 [120] R ==> kworker/48:1:732 [120]
    kworker/49:2-956   [049]     1.213742: (+14)    sched_switch:         kworker/49:2:956 [120] I ==> cg.C.x:3228 [120]
    kworker/48:1-732   [048]     1.213742: (+0)     sched_switch:         kworker/48:1:732 [120] I ==> cg.C.x:3196 [120]
    kworker/47:0-301   [047]     1.213742: (+0)     sched_switch:         kworker/47:0:301 [120] I ==> cg.C.x:3227 [120]
          cg.C.x-3226  [045]     1.237726: (+23984) sched_waking:         comm=kworker/45:1 pid=546 prio=120 target_cpu=045
          cg.C.x-3226  [045]     1.237735: (+9)     sched_wakeup:         kworker/45:1:546 [120] CPU:045
          cg.C.x-3226  [045]     1.237742: (+7)     sched_switch:         cg.C.x:3226 [120] R ==> kworker/45:1:546 [120]
    kworker/45:1-546   [045]     1.237759: (+17)    sched_switch:         kworker/45:1:546 [120] I ==> cg.C.x:3226 [120]
          cg.C.x-3195  [046]     1.241723: (+3964)  sched_waking:         comm=kworker/46:1 pid=729 prio=120 target_cpu=046
          cg.C.x-3204  [001]     1.241724: (+1)     sched_waking:         comm=kworker/1:0 pid=25 prio=120 target_cpu=001
          cg.C.x-3195  [046]     1.241731: (+7)     sched_wakeup:         kworker/46:1:729 [120] CPU:046
          cg.C.x-3204  [001]     1.241732: (+1)     sched_wakeup:         kworker/1:0:25 [120] CPU:001
          cg.C.x-3204  [001]     1.241737: (+5)     sched_switch:         cg.C.x:3204 [120] R ==> kworker/1:0:25 [120]
          cg.C.x-3195  [046]     1.241738: (+1)     sched_switch:         cg.C.x:3195 [120] R ==> kworker/46:1:729 [120]
     kworker/1:0-25    [001]     1.241748: (+10)    sched_switch:         kworker/1:0:25 [120] I ==> cg.C.x:3204 [120]
    kworker/46:1-729   [046]     1.241751: (+3)     sched_switch:         kworker/46:1:729 [120] I ==> cg.C.x:3195 [120]
          cg.C.x-3172  [000]     1.249509: (+7758)  sched_waking:         comm=kworker/u129:23 pid=448 prio=120 target_cpu=000
          cg.C.x-3172  [000]     1.249515: (+6)     sched_wakeup:         kworker/u129:23:448 [120] CPU:000
          cg.C.x-3172  [000]     1.249521: (+6)     sched_switch:         cg.C.x:3172 [120] R ==> kworker/u129:23:448 [120]
 kworker/u129:23-448   [000]     1.249527: (+6)     sched_waking:         comm=tmux: server pid=2003 prio=120 target_cpu=000
 kworker/u129:23-448   [000]     1.249530: (+3)     sched_wakeup:         tmux: server:2003 [120] CPU:000
 kworker/u129:23-448   [000]     1.249533: (+3)     sched_switch:         kworker/u129:23:448 [120] I ==> tmux: server:2003 [120]
    tmux: server-2003  [000]     1.249595: (+62)    sched_waking:         comm=kworker/u129:23 pid=448 prio=120 target_cpu=000
    tmux: server-2003  [000]     1.249596: (+1)     sched_wakeup:         kworker/u129:23:448 [120] CPU:000
    tmux: server-2003  [000]     1.249599: (+3)     sched_switch:         tmux: server:2003 [120] R ==> kworker/u129:23:448 [120]
 kworker/u129:23-448   [000]     1.249601: (+2)     sched_waking:         comm=sshd pid=1918 prio=120 target_cpu=032
 kworker/u129:23-448   [000]     1.249607: (+6)     sched_wakeup:         sshd:1918 [120] CPU:032
 kworker/u129:23-448   [000]     1.249608: (+1)     sched_switch:         kworker/u129:23:448 [120] I ==> tmux: server:2003 [120]
          cg.C.x-3188  [032]     1.249610: (+2)     sched_switch:         cg.C.x:3188 [120] R ==> sshd:1918 [120]
    tmux: server-2003  [000]     1.249617: (+7)     sched_switch:         tmux: server:2003 [120] S ==> cg.C.x:3172 [120]
          cg.C.x-3172  [000]     1.249619: (+2)     sched_waking:         comm=kworker/u129:23 pid=448 prio=120 target_cpu=000
          cg.C.x-3172  [000]     1.249620: (+1)     sched_wakeup:         kworker/u129:23:448 [120] CPU:000
          cg.C.x-3172  [000]     1.249621: (+1)     sched_switch:         cg.C.x:3172 [120] R ==> kworker/u129:23:448 [120]
 kworker/u129:23-448   [000]     1.249622: (+1)     sched_waking:         comm=tmux: server pid=2003 prio=120 target_cpu=000
 kworker/u129:23-448   [000]     1.249624: (+2)     sched_wakeup:         tmux: server:2003 [120] CPU:000
 kworker/u129:23-448   [000]     1.249625: (+1)     sched_switch:         kworker/u129:23:448 [120] I ==> tmux: server:2003 [120]
    tmux: server-2003  [000]     1.249654: (+29)    sched_waking:         comm=kworker/u129:23 pid=448 prio=120 target_cpu=000
    tmux: server-2003  [000]     1.249655: (+1)     sched_wakeup:         kworker/u129:23:448 [120] CPU:000
    tmux: server-2003  [000]     1.249656: (+1)     sched_switch:         tmux: server:2003 [120] R ==> kworker/u129:23:448 [120]
 kworker/u129:23-448   [000]     1.249659: (+3)     sched_switch:         kworker/u129:23:448 [120] I ==> tmux: server:2003 [120]
    tmux: server-2003  [000]     1.249666: (+7)     sched_switch:         tmux: server:2003 [120] S ==> cg.C.x:3172 [120]
            sshd-1918  [032]     1.249748: (+82)    sched_switch:         sshd:1918 [120] S ==> cg.C.x:3188 [120]
          cg.C.x-3172  [000]     1.259716: (+9968)  sched_waking:         comm=tmux: server pid=2003 prio=120 target_cpu=000
          cg.C.x-3172  [000]     1.259728: (+12)    sched_wakeup:         tmux: server:2003 [120] CPU:000
          cg.C.x-3172  [000]     1.259732: (+4)     sched_switch:         cg.C.x:3172 [120] R ==> tmux: server:2003 [120]
    tmux: server-2003  [000]     1.259780: (+48)    sched_switch:         tmux: server:2003 [120] S ==> cg.C.x:3172 [120]
          cg.C.x-3234  [061]     1.268307: (+8527)  sched_waking:         comm=ntpd pid=1711 prio=0 target_cpu=061
          cg.C.x-3234  [061]     1.268318: (+11)    sched_wakeup:         ntpd:1711 [0] CPU:061
          cg.C.x-3234  [061]     1.268327: (+9)     sched_switch:         cg.C.x:3234 [120] R ==> ntpd:1711 [0]
            ntpd-1711  [061]     1.268375: (+48)    sched_switch:         ntpd:1711 [0] S ==> cg.C.x:3234 [120]
          cg.C.x-3193  [042]     1.269722: (+1347)  sched_waking:         comm=kworker/42:1 pid=726 prio=120 target_cpu=042
          cg.C.x-3189  [034]     1.269723: (+1)     sched_waking:         comm=kworker/34:1 pid=485 prio=120 target_cpu=034
          cg.C.x-3193  [042]     1.269728: (+5)     sched_wakeup:         kworker/42:1:726 [120] CPU:042
          cg.C.x-3189  [034]     1.269729: (+1)     sched_wakeup:         kworker/34:1:485 [120] CPU:034
          cg.C.x-3193  [042]     1.273726: (+3997)  sched_switch:         cg.C.x:3193 [120] R ==> kworker/42:1:726 [120]
          cg.C.x-3189  [034]     1.273727: (+1)     sched_switch:         cg.C.x:3189 [120] R ==> kworker/34:1:485 [120]
    kworker/42:1-726   [042]     1.273740: (+13)    sched_switch:         kworker/42:1:726 [120] I ==> cg.C.x:3193 [120]
    kworker/34:1-485   [034]     1.273763: (+23)    sched_switch:         kworker/34:1:485 [120] I ==> cg.C.x:3189 [120]
          cg.C.x-3204  [001]     1.301724: (+27961) sched_waking:         comm=kcompactd1 pid=475 prio=120 target_cpu=001
          cg.C.x-3204  [001]     1.301733: (+9)     sched_wakeup:         kcompactd1:475 [120] CPU:001
          cg.C.x-3204  [001]     1.301739: (+6)     sched_switch:         cg.C.x:3204 [120] R ==> kcompactd1:475 [120]
      kcompactd1-475   [001]     1.301748: (+9)     sched_switch:         kcompactd1:475 [120] S ==> cg.C.x:3204 [120]
          cg.C.x-3176  [008]     1.305721: (+3973)  sched_waking:         comm=kcompactd0 pid=474 prio=120 target_cpu=008
          cg.C.x-3192  [040]     1.305722: (+1)     sched_waking:         comm=kworker/40:1 pid=725 prio=120 target_cpu=040
          cg.C.x-3224  [041]     1.305725: (+3)     sched_waking:         comm=kworker/41:1 pid=587 prio=120 target_cpu=041
          cg.C.x-3223  [039]     1.305725: (+0)     sched_waking:         comm=kworker/39:1 pid=586 prio=120 target_cpu=039
          cg.C.x-3192  [040]     1.305728: (+3)     sched_wakeup:         kworker/40:1:725 [120] CPU:040
          cg.C.x-3176  [008]     1.305728: (+0)     sched_wakeup:         kcompactd0:474 [120] CPU:008
          cg.C.x-3223  [039]     1.305732: (+4)     sched_wakeup:         kworker/39:1:586 [120] CPU:039
          cg.C.x-3224  [041]     1.305732: (+0)     sched_wakeup:         kworker/41:1:587 [120] CPU:041
          cg.C.x-3192  [040]     1.305733: (+1)     sched_switch:         cg.C.x:3192 [120] R ==> kworker/40:1:725 [120]
          cg.C.x-3176  [008]     1.305733: (+0)     sched_switch:         cg.C.x:3176 [120] R ==> kcompactd0:474 [120]
          cg.C.x-3224  [041]     1.305738: (+5)     sched_switch:         cg.C.x:3224 [120] R ==> kworker/41:1:587 [120]
          cg.C.x-3223  [039]     1.305738: (+0)     sched_switch:         cg.C.x:3223 [120] R ==> kworker/39:1:586 [120]
      kcompactd0-474   [008]     1.305743: (+5)     sched_switch:         kcompactd0:474 [120] S ==> cg.C.x:3176 [120]
    kworker/40:1-725   [040]     1.305750: (+7)     sched_switch:         kworker/40:1:725 [120] I ==> cg.C.x:3192 [120]
    kworker/41:1-587   [041]     1.305752: (+2)     sched_switch:         kworker/41:1:587 [120] I ==> cg.C.x:3224 [120]
    kworker/39:1-586   [039]     1.305753: (+1)     sched_switch:         kworker/39:1:586 [120] I ==> cg.C.x:3223 [120]
          cg.C.x-3172  [000]     1.337724: (+31971) sched_waking:         comm=kworker/0:1 pid=10 prio=120 target_cpu=000
          cg.C.x-3222  [037]     1.337725: (+1)     sched_waking:         comm=kworker/37:0 pid=241 prio=120 target_cpu=037
          cg.C.x-3172  [000]     1.337730: (+5)     sched_wakeup:         kworker/0:1:10 [120] CPU:000
          cg.C.x-3222  [037]     1.337734: (+4)     sched_wakeup:         kworker/37:0:241 [120] CPU:037
          cg.C.x-3172  [000]     1.337740: (+6)     sched_switch:         cg.C.x:3172 [120] R ==> kworker/0:1:10 [120]
          cg.C.x-3222  [037]     1.337741: (+1)     sched_switch:         cg.C.x:3222 [120] R ==> kworker/37:0:241 [120]
    kworker/37:0-241   [037]     1.337756: (+15)    sched_switch:         kworker/37:0:241 [120] I ==> cg.C.x:3222 [120]
     kworker/0:1-10    [000]     1.337805: (+49)    sched_switch:         kworker/0:1:10 [120] I ==> cg.C.x:3172 [120]
          cg.C.x-3172  [000]     1.358468: (+20663) sched_waking:         comm=kworker/u129:23 pid=448 prio=120 target_cpu=000
          cg.C.x-3172  [000]     1.358474: (+6)     sched_wakeup:         kworker/u129:23:448 [120] CPU:000
          cg.C.x-3172  [000]     1.358479: (+5)     sched_switch:         cg.C.x:3172 [120] R ==> kworker/u129:23:448 [120]
 kworker/u129:23-448   [000]     1.358485: (+6)     sched_waking:         comm=tmux: server pid=2003 prio=120 target_cpu=000
 kworker/u129:23-448   [000]     1.358488: (+3)     sched_wakeup:         tmux: server:2003 [120] CPU:000
 kworker/u129:23-448   [000]     1.358491: (+3)     sched_switch:         kworker/u129:23:448 [120] I ==> tmux: server:2003 [120]
    tmux: server-2003  [000]     1.358555: (+64)    sched_waking:         comm=kworker/u129:23 pid=448 prio=120 target_cpu=000
    tmux: server-2003  [000]     1.358557: (+2)     sched_wakeup:         kworker/u129:23:448 [120] CPU:000
    tmux: server-2003  [000]     1.358559: (+2)     sched_switch:         tmux: server:2003 [120] R ==> kworker/u129:23:448 [120]
 kworker/u129:23-448   [000]     1.358562: (+3)     sched_waking:         comm=sshd pid=1918 prio=120 target_cpu=032
 kworker/u129:23-448   [000]     1.358568: (+6)     sched_wakeup:         sshd:1918 [120] CPU:032
 kworker/u129:23-448   [000]     1.358570: (+2)     sched_switch:         kworker/u129:23:448 [120] I ==> tmux: server:2003 [120]
          cg.C.x-3188  [032]     1.358571: (+1)     sched_switch:         cg.C.x:3188 [120] R ==> sshd:1918 [120]
    tmux: server-2003  [000]     1.358578: (+7)     sched_switch:         tmux: server:2003 [120] S ==> cg.C.x:3172 [120]
          cg.C.x-3172  [000]     1.358579: (+1)     sched_waking:         comm=kworker/u129:23 pid=448 prio=120 target_cpu=000
          cg.C.x-3172  [000]     1.358581: (+2)     sched_wakeup:         kworker/u129:23:448 [120] CPU:000
          cg.C.x-3172  [000]     1.358583: (+2)     sched_switch:         cg.C.x:3172 [120] R ==> kworker/u129:23:448 [120]
 kworker/u129:23-448   [000]     1.358583: (+0)     sched_waking:         comm=tmux: server pid=2003 prio=120 target_cpu=000
 kworker/u129:23-448   [000]     1.358586: (+3)     sched_wakeup:         tmux: server:2003 [120] CPU:000
 kworker/u129:23-448   [000]     1.358587: (+1)     sched_switch:         kworker/u129:23:448 [120] I ==> tmux: server:2003 [120]
    tmux: server-2003  [000]     1.358614: (+27)    sched_waking:         comm=kworker/u129:23 pid=448 prio=120 target_cpu=000
    tmux: server-2003  [000]     1.358615: (+1)     sched_wakeup:         kworker/u129:23:448 [120] CPU:000
    tmux: server-2003  [000]     1.358617: (+2)     sched_switch:         tmux: server:2003 [120] R ==> kworker/u129:23:448 [120]
 kworker/u129:23-448   [000]     1.358620: (+3)     sched_switch:         kworker/u129:23:448 [120] I ==> tmux: server:2003 [120]
    tmux: server-2003  [000]     1.358626: (+6)     sched_switch:         tmux: server:2003 [120] S ==> cg.C.x:3172 [120]
            sshd-1918  [032]     1.358687: (+61)    sched_switch:         sshd:1918 [120] S ==> cg.C.x:3188 [120]
          cg.C.x-3221  [035]     1.365726: (+7039)  sched_waking:         comm=kworker/35:1 pid=723 prio=120 target_cpu=035
          cg.C.x-3221  [035]     1.365735: (+9)     sched_wakeup:         kworker/35:1:723 [120] CPU:035
          cg.C.x-3172  [000]     1.368675: (+2940)  sched_waking:         comm=tmux: server pid=2003 prio=120 target_cpu=000
          cg.C.x-3172  [000]     1.368687: (+12)    sched_wakeup:         tmux: server:2003 [120] CPU:000
          cg.C.x-3172  [000]     1.368691: (+4)     sched_switch:         cg.C.x:3172 [120] R ==> tmux: server:2003 [120]
    tmux: server-2003  [000]     1.368718: (+27)    sched_switch:         tmux: server:2003 [120] S ==> cg.C.x:3172 [120]
          cg.C.x-3189  [034]     1.369721: (+1003)  sched_waking:         comm=kworker/34:1 pid=485 prio=120 target_cpu=034
          cg.C.x-3189  [034]     1.369725: (+4)     sched_wakeup:         kworker/34:1:485 [120] CPU:034
          cg.C.x-3189  [034]     1.369729: (+4)     sched_switch:         cg.C.x:3189 [120] R ==> kworker/34:1:485 [120]
          cg.C.x-3221  [035]     1.369733: (+4)     sched_switch:         cg.C.x:3221 [120] R ==> kworker/35:1:723 [120]
    kworker/34:1-485   [034]     1.369740: (+7)     sched_switch:         kworker/34:1:485 [120] I ==> cg.C.x:3189 [120]
    kworker/35:1-723   [035]     1.369748: (+8)     sched_switch:         kworker/35:1:723 [120] I ==> cg.C.x:3221 [120]
          cg.C.x-3172  [000]     1.370763: (+1015)  sched_waking:         comm=tmux: server pid=2003 prio=120 target_cpu=000
          cg.C.x-3172  [000]     1.370769: (+6)     sched_wakeup:         tmux: server:2003 [120] CPU:000
          cg.C.x-3172  [000]     1.370771: (+2)     sched_switch:         cg.C.x:3172 [120] R ==> tmux: server:2003 [120]
