          cg.C.x-2882  [031]     1.039840: (+1)     sched_wakeup:         kworker/31:1:492 [120] CPU:031
          cg.C.x-2881  [029]     1.039846: (+6)     sched_switch:         cg.C.x:2881 [120] R ==> kworker/29:1:497 [120]
          cg.C.x-2882  [031]     1.039846: (+0)     sched_switch:         cg.C.x:2882 [120] R ==> kworker/31:1:492 [120]
    kworker/31:1-492   [031]     1.039859: (+13)    sched_switch:         kworker/31:1:492 [120] I ==> cg.C.x:2882 [120]
    kworker/29:1-497   [029]     1.039860: (+1)     sched_switch:         kworker/29:1:497 [120] I ==> cg.C.x:2881 [120]
          cg.C.x-2850  [030]     1.043836: (+3976)  sched_switch:         cg.C.x:2850 [120] R ==> kworker/30:1:727 [120]
    kworker/30:1-727   [030]     1.043850: (+14)    sched_switch:         kworker/30:1:727 [120] I ==> cg.C.x:2850 [120]
          cg.C.x-2835  [000]     1.047050: (+3200)  sched_waking:         comm=tmux: server pid=2003 prio=120 target_cpu=000
          cg.C.x-2835  [000]     1.047058: (+8)     sched_wakeup:         tmux: server:2003 [120] CPU:000
          cg.C.x-2835  [000]     1.047062: (+4)     sched_switch:         cg.C.x:2835 [120] R ==> tmux: server:2003 [120]
    tmux: server-2003  [000]     1.047086: (+24)    sched_switch:         tmux: server:2003 [120] S ==> cg.C.x:2835 [120]
          cg.C.x-2835  [000]     1.049133: (+2047)  sched_waking:         comm=tmux: server pid=2003 prio=120 target_cpu=000
          cg.C.x-2835  [000]     1.049141: (+8)     sched_wakeup:         tmux: server:2003 [120] CPU:000
          cg.C.x-2835  [000]     1.049144: (+3)     sched_switch:         cg.C.x:2835 [120] R ==> tmux: server:2003 [120]
    tmux: server-2003  [000]     1.049177: (+33)    sched_switch:         tmux: server:2003 [120] S ==> cg.C.x:2835 [120]
          cg.C.x-2849  [028]     1.071833: (+22656) sched_waking:         comm=kworker/28:1 pid=712 prio=120 target_cpu=028
          cg.C.x-2880  [027]     1.071835: (+2)     sched_waking:         comm=kworker/27:1 pid=722 prio=120 target_cpu=027
          cg.C.x-2849  [028]     1.071841: (+6)     sched_wakeup:         kworker/28:1:712 [120] CPU:028
          cg.C.x-2880  [027]     1.071844: (+3)     sched_wakeup:         kworker/27:1:722 [120] CPU:027
          cg.C.x-2849  [028]     1.071850: (+6)     sched_switch:         cg.C.x:2849 [120] R ==> kworker/28:1:712 [120]
    kworker/28:1-712   [028]     1.071893: (+43)    sched_switch:         kworker/28:1:712 [120] I ==> cg.C.x:2849 [120]
          cg.C.x-2880  [027]     1.075845: (+3952)  sched_switch:         cg.C.x:2880 [120] R ==> kworker/27:1:722 [120]
    kworker/27:1-722   [027]     1.075862: (+17)    sched_switch:         kworker/27:1:722 [120] I ==> cg.C.x:2880 [120]
          cg.C.x-2855  [040]     1.087832: (+11970) sched_waking:         comm=rcu_preempt pid=17 prio=120 target_cpu=008
          cg.C.x-2855  [040]     1.087837: (+5)     sched_migrate_task:   comm=rcu_preempt pid=17 prio=120 orig_cpu=8 dest_cpu=40
          cg.C.x-2855  [040]     1.087844: (+7)     sched_wakeup:         rcu_preempt:17 [120] CPU:040
          cg.C.x-2855  [040]     1.087852: (+8)     sched_switch:         cg.C.x:2855 [120] R ==> rcu_preempt:17 [120]
     rcu_preempt-17    [040]     1.087861: (+9)     sched_switch:         rcu_preempt:17 [120] I ==> cg.C.x:2855 [120]
          cg.C.x-2835  [000]     1.095224: (+7363)  sched_waking:         comm=tmux: server pid=2003 prio=120 target_cpu=000
          cg.C.x-2835  [000]     1.095234: (+10)    sched_wakeup:         tmux: server:2003 [120] CPU:000
          cg.C.x-2835  [000]     1.095238: (+4)     sched_switch:         cg.C.x:2835 [120] R ==> tmux: server:2003 [120]
    tmux: server-2003  [000]     1.095260: (+22)    sched_switch:         tmux: server:2003 [120] S ==> cg.C.x:2835 [120]
          cg.C.x-2835  [000]     1.097307: (+2047)  sched_waking:         comm=tmux: server pid=2003 prio=120 target_cpu=000
          cg.C.x-2835  [000]     1.097314: (+7)     sched_wakeup:         tmux: server:2003 [120] CPU:000
          cg.C.x-2835  [000]     1.097317: (+3)     sched_switch:         cg.C.x:2835 [120] R ==> tmux: server:2003 [120]
    tmux: server-2003  [000]     1.097352: (+35)    sched_switch:         tmux: server:2003 [120] S ==> cg.C.x:2835 [120]
          cg.C.x-2835  [000]     1.098398: (+1046)  sched_waking:         comm=tmux: server pid=2003 prio=120 target_cpu=000
          cg.C.x-2835  [000]     1.098404: (+6)     sched_wakeup:         tmux: server:2003 [120] CPU:000
          cg.C.x-2835  [000]     1.098406: (+2)     sched_switch:         cg.C.x:2835 [120] R ==> tmux: server:2003 [120]
    tmux: server-2003  [000]     1.098421: (+15)    sched_switch:         tmux: server:2003 [120] S ==> cg.C.x:2835 [120]
          cg.C.x-2835  [000]     1.099469: (+1048)  sched_waking:         comm=tmux: server pid=2003 prio=120 target_cpu=000
          cg.C.x-2835  [000]     1.099475: (+6)     sched_wakeup:         tmux: server:2003 [120] CPU:000
          cg.C.x-2835  [000]     1.099476: (+1)     sched_switch:         cg.C.x:2835 [120] R ==> tmux: server:2003 [120]
    tmux: server-2003  [000]     1.099490: (+14)    sched_switch:         tmux: server:2003 [120] S ==> cg.C.x:2835 [120]
          cg.C.x-2855  [040]     1.099832: (+342)   sched_waking:         comm=rcu_preempt pid=17 prio=120 target_cpu=040
          cg.C.x-2855  [040]     1.099835: (+3)     sched_wakeup:         rcu_preempt:17 [120] CPU:040
          cg.C.x-2855  [040]     1.099838: (+3)     sched_switch:         cg.C.x:2855 [120] R ==> rcu_preempt:17 [120]
     rcu_preempt-17    [040]     1.099848: (+10)    sched_switch:         rcu_preempt:17 [120] I ==> cg.C.x:2855 [120]
          cg.C.x-2835  [000]     1.100539: (+691)   sched_waking:         comm=tmux: server pid=2003 prio=120 target_cpu=000
          cg.C.x-2835  [000]     1.100544: (+5)     sched_wakeup:         tmux: server:2003 [120] CPU:000
          cg.C.x-2835  [000]     1.100546: (+2)     sched_switch:         cg.C.x:2835 [120] R ==> tmux: server:2003 [120]
    tmux: server-2003  [000]     1.100685: (+139)   sched_switch:         tmux: server:2003 [120] S ==> cg.C.x:2835 [120]
          cg.C.x-2879  [025]     1.103834: (+3149)  sched_waking:         comm=kworker/25:1 pid=741 prio=120 target_cpu=025
          cg.C.x-2879  [025]     1.103841: (+7)     sched_wakeup:         kworker/25:1:741 [120] CPU:025
          cg.C.x-2879  [025]     1.103846: (+5)     sched_switch:         cg.C.x:2879 [120] R ==> kworker/25:1:741 [120]
    kworker/25:1-741   [025]     1.103859: (+13)    sched_switch:         kworker/25:1:741 [120] I ==> cg.C.x:2879 [120]
          cg.C.x-2847  [024]     1.107833: (+3974)  sched_waking:         comm=kworker/24:1 pid=731 prio=120 target_cpu=024
          cg.C.x-2848  [026]     1.107833: (+0)     sched_waking:         comm=kworker/26:1 pid=728 prio=120 target_cpu=026
          cg.C.x-2847  [024]     1.107839: (+6)     sched_wakeup:         kworker/24:1:731 [120] CPU:024
          cg.C.x-2848  [026]     1.107839: (+0)     sched_wakeup:         kworker/26:1:728 [120] CPU:026
          cg.C.x-2847  [024]     1.107844: (+5)     sched_switch:         cg.C.x:2847 [120] R ==> kworker/24:1:731 [120]
          cg.C.x-2848  [026]     1.107844: (+0)     sched_switch:         cg.C.x:2848 [120] R ==> kworker/26:1:728 [120]
    kworker/26:1-728   [026]     1.107856: (+12)    sched_switch:         kworker/26:1:728 [120] I ==> cg.C.x:2848 [120]
    kworker/24:1-731   [024]     1.107856: (+0)     sched_switch:         kworker/24:1:731 [120] I ==> cg.C.x:2847 [120]
          cg.C.x-2855  [040]     1.111830: (+3974)  sched_waking:         comm=rcu_preempt pid=17 prio=120 target_cpu=040
          cg.C.x-2855  [040]     1.111835: (+5)     sched_wakeup:         rcu_preempt:17 [120] CPU:040
          cg.C.x-2855  [040]     1.111839: (+4)     sched_switch:         cg.C.x:2855 [120] R ==> rcu_preempt:17 [120]
     rcu_preempt-17    [040]     1.111848: (+9)     sched_switch:         rcu_preempt:17 [120] I ==> cg.C.x:2855 [120]
          cg.C.x-2855  [040]     1.119832: (+7984)  sched_waking:         comm=rcu_preempt pid=17 prio=120 target_cpu=040
          cg.C.x-2855  [040]     1.119838: (+6)     sched_wakeup:         rcu_preempt:17 [120] CPU:040
          cg.C.x-2855  [040]     1.119842: (+4)     sched_switch:         cg.C.x:2855 [120] R ==> rcu_preempt:17 [120]
     rcu_preempt-17    [040]     1.119849: (+7)     sched_switch:         rcu_preempt:17 [120] I ==> cg.C.x:2855 [120]
          cg.C.x-2883  [033]     1.123835: (+3986)  sched_waking:         comm=rcu_preempt pid=17 prio=120 target_cpu=040
          cg.C.x-2883  [033]     1.123839: (+4)     sched_migrate_task:   comm=rcu_preempt pid=17 prio=120 orig_cpu=40 dest_cpu=33
          cg.C.x-2883  [033]     1.123848: (+9)     sched_wakeup:         rcu_preempt:17 [120] CPU:033
          cg.C.x-2883  [033]     1.123856: (+8)     sched_switch:         cg.C.x:2883 [120] R ==> rcu_preempt:17 [120]
     rcu_preempt-17    [033]     1.123870: (+14)    sched_switch:         rcu_preempt:17 [120] I ==> cg.C.x:2883 [120]
          cg.C.x-2835  [000]     1.131834: (+7964)  sched_waking:         comm=kworker/0:1 pid=10 prio=120 target_cpu=000
          cg.C.x-2835  [000]     1.131840: (+6)     sched_wakeup:         kworker/0:1:10 [120] CPU:000
          cg.C.x-2835  [000]     1.131846: (+6)     sched_switch:         cg.C.x:2835 [120] R ==> kworker/0:1:10 [120]
     kworker/0:1-10    [000]     1.131910: (+64)    sched_switch:         kworker/0:1:10 [120] I ==> cg.C.x:2835 [120]
          cg.C.x-2883  [033]     1.135834: (+3924)  sched_waking:         comm=rcu_preempt pid=17 prio=120 target_cpu=033
          cg.C.x-2878  [023]     1.135836: (+2)     sched_waking:         comm=kworker/23:0 pid=157 prio=120 target_cpu=023
          cg.C.x-2877  [021]     1.135836: (+0)     sched_waking:         comm=kworker/21:1 pid=721 prio=120 target_cpu=021
          cg.C.x-2883  [033]     1.135841: (+5)     sched_wakeup:         rcu_preempt:17 [120] CPU:033
          cg.C.x-2878  [023]     1.135842: (+1)     sched_wakeup:         kworker/23:0:157 [120] CPU:023
          cg.C.x-2877  [021]     1.135842: (+0)     sched_wakeup:         kworker/21:1:721 [120] CPU:021
          cg.C.x-2883  [033]     1.135846: (+4)     sched_switch:         cg.C.x:2883 [120] R ==> rcu_preempt:17 [120]
          cg.C.x-2878  [023]     1.135849: (+3)     sched_switch:         cg.C.x:2878 [120] R ==> kworker/23:0:157 [120]
          cg.C.x-2877  [021]     1.135849: (+0)     sched_switch:         cg.C.x:2877 [120] R ==> kworker/21:1:721 [120]
     rcu_preempt-17    [033]     1.135859: (+10)    sched_switch:         rcu_preempt:17 [120] I ==> cg.C.x:2883 [120]
    kworker/21:1-721   [021]     1.135862: (+3)     sched_switch:         kworker/21:1:721 [120] I ==> cg.C.x:2877 [120]
    kworker/23:0-157   [023]     1.135863: (+1)     sched_switch:         kworker/23:0:157 [120] I ==> cg.C.x:2878 [120]
          cg.C.x-2846  [022]     1.139833: (+3970)  sched_waking:         comm=kworker/22:1 pid=720 prio=120 target_cpu=022
          cg.C.x-2867  [001]     1.139834: (+1)     sched_waking:         comm=kworker/1:0 pid=25 prio=120 target_cpu=001
          cg.C.x-2867  [001]     1.139839: (+5)     sched_wakeup:         kworker/1:0:25 [120] CPU:001
          cg.C.x-2846  [022]     1.139841: (+2)     sched_wakeup:         kworker/22:1:720 [120] CPU:022
          cg.C.x-2867  [001]     1.139844: (+3)     sched_switch:         cg.C.x:2867 [120] R ==> kworker/1:0:25 [120]
          cg.C.x-2846  [022]     1.139851: (+7)     sched_switch:         cg.C.x:2846 [120] R ==> kworker/22:1:720 [120]
     kworker/1:0-25    [001]     1.139853: (+2)     sched_switch:         kworker/1:0:25 [120] I ==> cg.C.x:2867 [120]
    kworker/22:1-720   [022]     1.139864: (+11)    sched_switch:         kworker/22:1:720 [120] I ==> cg.C.x:2846 [120]
          cg.C.x-2883  [033]     1.143833: (+3969)  sched_waking:         comm=rcu_preempt pid=17 prio=120 target_cpu=033
          cg.C.x-2883  [033]     1.143840: (+7)     sched_wakeup:         rcu_preempt:17 [120] CPU:033
          cg.C.x-2883  [033]     1.143844: (+4)     sched_switch:         cg.C.x:2883 [120] R ==> rcu_preempt:17 [120]
     rcu_preempt-17    [033]     1.143852: (+8)     sched_switch:         rcu_preempt:17 [120] I ==> cg.C.x:2883 [120]
          cg.C.x-2835  [000]     1.146254: (+2402)  sched_waking:         comm=kworker/u129:23 pid=448 prio=120 target_cpu=000
          cg.C.x-2835  [000]     1.146259: (+5)     sched_wakeup:         kworker/u129:23:448 [120] CPU:000
          cg.C.x-2835  [000]     1.146265: (+6)     sched_switch:         cg.C.x:2835 [120] R ==> kworker/u129:23:448 [120]
 kworker/u129:23-448   [000]     1.146271: (+6)     sched_waking:         comm=tmux: server pid=2003 prio=120 target_cpu=000
 kworker/u129:23-448   [000]     1.146273: (+2)     sched_wakeup:         tmux: server:2003 [120] CPU:000
 kworker/u129:23-448   [000]     1.146277: (+4)     sched_switch:         kworker/u129:23:448 [120] I ==> tmux: server:2003 [120]
    tmux: server-2003  [000]     1.146343: (+66)    sched_waking:         comm=kworker/u129:23 pid=448 prio=120 target_cpu=000
    tmux: server-2003  [000]     1.146344: (+1)     sched_wakeup:         kworker/u129:23:448 [120] CPU:000
    tmux: server-2003  [000]     1.146347: (+3)     sched_switch:         tmux: server:2003 [120] R ==> kworker/u129:23:448 [120]
 kworker/u129:23-448   [000]     1.146349: (+2)     sched_waking:         comm=sshd pid=1918 prio=120 target_cpu=034
 kworker/u129:23-448   [000]     1.146355: (+6)     sched_wakeup:         sshd:1918 [120] CPU:034
 kworker/u129:23-448   [000]     1.146357: (+2)     sched_switch:         kworker/u129:23:448 [120] I ==> tmux: server:2003 [120]
          cg.C.x-2852  [034]     1.146360: (+3)     sched_switch:         cg.C.x:2852 [120] R ==> sshd:1918 [120]
    tmux: server-2003  [000]     1.146364: (+4)     sched_switch:         tmux: server:2003 [120] S ==> cg.C.x:2835 [120]
          cg.C.x-2835  [000]     1.146365: (+1)     sched_waking:         comm=kworker/u129:23 pid=448 prio=120 target_cpu=000
          cg.C.x-2835  [000]     1.146366: (+1)     sched_wakeup:         kworker/u129:23:448 [120] CPU:000
          cg.C.x-2835  [000]     1.146368: (+2)     sched_switch:         cg.C.x:2835 [120] R ==> kworker/u129:23:448 [120]
 kworker/u129:23-448   [000]     1.146368: (+0)     sched_waking:         comm=tmux: server pid=2003 prio=120 target_cpu=000
 kworker/u129:23-448   [000]     1.146370: (+2)     sched_wakeup:         tmux: server:2003 [120] CPU:000
 kworker/u129:23-448   [000]     1.146371: (+1)     sched_switch:         kworker/u129:23:448 [120] I ==> tmux: server:2003 [120]
    tmux: server-2003  [000]     1.146396: (+25)    sched_waking:         comm=kworker/u129:23 pid=448 prio=120 target_cpu=000
    tmux: server-2003  [000]     1.146397: (+1)     sched_wakeup:         kworker/u129:23:448 [120] CPU:000
    tmux: server-2003  [000]     1.146399: (+2)     sched_switch:         tmux: server:2003 [120] R ==> kworker/u129:23:448 [120]
 kworker/u129:23-448   [000]     1.146401: (+2)     sched_switch:         kworker/u129:23:448 [120] I ==> tmux: server:2003 [120]
    tmux: server-2003  [000]     1.146406: (+5)     sched_switch:         tmux: server:2003 [120] S ==> cg.C.x:2835 [120]
            sshd-1918  [034]     1.146452: (+46)    sched_switch:         sshd:1918 [120] S ==> cg.C.x:2852 [120]
          cg.C.x-2883  [033]     1.155832: (+9380)  sched_waking:         comm=rcu_preempt pid=17 prio=120 target_cpu=033
          cg.C.x-2883  [033]     1.155840: (+8)     sched_wakeup:         rcu_preempt:17 [120] CPU:033
          cg.C.x-2883  [033]     1.155846: (+6)     sched_switch:         cg.C.x:2883 [120] R ==> rcu_preempt:17 [120]
     rcu_preempt-17    [033]     1.155859: (+13)    sched_switch:         rcu_preempt:17 [120] I ==> cg.C.x:2883 [120]
          cg.C.x-2835  [000]     1.156456: (+597)   sched_waking:         comm=tmux: server pid=2003 prio=120 target_cpu=000
          cg.C.x-2835  [000]     1.156466: (+10)    sched_wakeup:         tmux: server:2003 [120] CPU:000
          cg.C.x-2835  [000]     1.156469: (+3)     sched_switch:         cg.C.x:2835 [120] R ==> tmux: server:2003 [120]
    tmux: server-2003  [000]     1.156508: (+39)    sched_switch:         tmux: server:2003 [120] S ==> cg.C.x:2835 [120]
          cg.C.x-2853  [036]     1.166187: (+9679)  sched_waking:         comm=haveged pid=1018 prio=120 target_cpu=036
          cg.C.x-2853  [036]     1.166201: (+14)    sched_wakeup:         haveged:1018 [120] CPU:036
          cg.C.x-2853  [036]     1.166208: (+7)     sched_switch:         cg.C.x:2853 [120] R ==> haveged:1018 [120]
         haveged-1018  [036]     1.166235: (+27)    sched_switch:         haveged:1018 [120] S ==> cg.C.x:2853 [120]
          cg.C.x-2883  [033]     1.167833: (+1598)  sched_waking:         comm=rcu_preempt pid=17 prio=120 target_cpu=033
          cg.C.x-2876  [019]     1.167835: (+2)     sched_waking:         comm=kworker/19:1 pid=717 prio=120 target_cpu=019
          cg.C.x-2883  [033]     1.167840: (+5)     sched_wakeup:         rcu_preempt:17 [120] CPU:033
          cg.C.x-2876  [019]     1.167842: (+2)     sched_wakeup:         kworker/19:1:717 [120] CPU:019
          cg.C.x-2883  [033]     1.167845: (+3)     sched_switch:         cg.C.x:2883 [120] R ==> rcu_preempt:17 [120]
          cg.C.x-2876  [019]     1.167848: (+3)     sched_switch:         cg.C.x:2876 [120] R ==> kworker/19:1:717 [120]
     rcu_preempt-17    [033]     1.167859: (+11)    sched_switch:         rcu_preempt:17 [120] I ==> cg.C.x:2883 [120]
    kworker/19:1-717   [019]     1.167861: (+2)     sched_switch:         kworker/19:1:717 [120] I ==> cg.C.x:2876 [120]
          cg.C.x-2883  [033]     1.179833: (+11972) sched_waking:         comm=rcu_preempt pid=17 prio=120 target_cpu=033
          cg.C.x-2883  [033]     1.179840: (+7)     sched_wakeup:         rcu_preempt:17 [120] CPU:033
          cg.C.x-2883  [033]     1.179845: (+5)     sched_switch:         cg.C.x:2883 [120] R ==> rcu_preempt:17 [120]
     rcu_preempt-17    [033]     1.179853: (+8)     sched_switch:         rcu_preempt:17 [120] I ==> cg.C.x:2883 [120]
          cg.C.x-2883  [033]     1.191833: (+11980) sched_waking:         comm=rcu_preempt pid=17 prio=120 target_cpu=033
          cg.C.x-2883  [033]     1.191841: (+8)     sched_wakeup:         rcu_preempt:17 [120] CPU:033
          cg.C.x-2883  [033]     1.191850: (+9)     sched_switch:         cg.C.x:2883 [120] R ==> rcu_preempt:17 [120]
     rcu_preempt-17    [033]     1.191862: (+12)    sched_switch:         rcu_preempt:17 [120] I ==> cg.C.x:2883 [120]
          cg.C.x-2867  [001]     1.199833: (+7971)  sched_waking:         comm=kcompactd1 pid=475 prio=120 target_cpu=001
          cg.C.x-2867  [001]     1.199843: (+10)    sched_wakeup:         kcompactd1:475 [120] CPU:001
          cg.C.x-2867  [001]     1.199850: (+7)     sched_switch:         cg.C.x:2867 [120] R ==> kcompactd1:475 [120]
      kcompactd1-475   [001]     1.199861: (+11)    sched_switch:         kcompactd1:475 [120] S ==> cg.C.x:2867 [120]
          cg.C.x-2838  [006]     1.203832: (+3971)  sched_waking:         comm=kcompactd0 pid=474 prio=120 target_cpu=006
          cg.C.x-2843  [016]     1.203833: (+1)     sched_waking:         comm=kworker/16:1 pid=714 prio=120 target_cpu=016
          cg.C.x-2844  [018]     1.203833: (+0)     sched_waking:         comm=kworker/18:1 pid=718 prio=120 target_cpu=018
          cg.C.x-2883  [033]     1.203833: (+0)     sched_waking:         comm=rcu_preempt pid=17 prio=120 target_cpu=033
          cg.C.x-2875  [017]     1.203834: (+1)     sched_waking:         comm=kworker/17:1 pid=486 prio=120 target_cpu=017
          cg.C.x-2838  [006]     1.203840: (+6)     sched_wakeup:         kcompactd0:474 [120] CPU:006
          cg.C.x-2843  [016]     1.203840: (+0)     sched_wakeup:         kworker/16:1:714 [120] CPU:016
          cg.C.x-2875  [017]     1.203840: (+0)     sched_wakeup:         kworker/17:1:486 [120] CPU:017
          cg.C.x-2844  [018]     1.203840: (+0)     sched_wakeup:         kworker/18:1:718 [120] CPU:018
          cg.C.x-2883  [033]     1.203840: (+0)     sched_wakeup:         rcu_preempt:17 [120] CPU:033
          cg.C.x-2883  [033]     1.203845: (+5)     sched_switch:         cg.C.x:2883 [120] R ==> rcu_preempt:17 [120]
          cg.C.x-2838  [006]     1.203846: (+1)     sched_switch:         cg.C.x:2838 [120] R ==> kcompactd0:474 [120]
          cg.C.x-2875  [017]     1.203846: (+0)     sched_switch:         cg.C.x:2875 [120] R ==> kworker/17:1:486 [120]
          cg.C.x-2844  [018]     1.203848: (+2)     sched_switch:         cg.C.x:2844 [120] R ==> kworker/18:1:718 [120]
      kcompactd0-474   [006]     1.203856: (+8)     sched_switch:         kcompactd0:474 [120] S ==> cg.C.x:2838 [120]
     rcu_preempt-17    [033]     1.203858: (+2)     sched_switch:         rcu_preempt:17 [120] I ==> cg.C.x:2883 [120]
    kworker/17:1-486   [017]     1.203859: (+1)     sched_switch:         kworker/17:1:486 [120] I ==> cg.C.x:2875 [120]
    kworker/18:1-718   [018]     1.203860: (+1)     sched_switch:         kworker/18:1:718 [120] I ==> cg.C.x:2844 [120]
          cg.C.x-2843  [016]     1.207835: (+3975)  sched_switch:         cg.C.x:2843 [120] R ==> kworker/16:1:714 [120]
    kworker/16:1-714   [016]     1.207848: (+13)    sched_switch:         kworker/16:1:714 [120] I ==> cg.C.x:2843 [120]
          cg.C.x-2883  [033]     1.211832: (+3984)  sched_waking:         comm=rcu_preempt pid=17 prio=120 target_cpu=033
          cg.C.x-2883  [033]     1.211839: (+7)     sched_wakeup:         rcu_preempt:17 [120] CPU:033
          cg.C.x-2883  [033]     1.211844: (+5)     sched_switch:         cg.C.x:2883 [120] R ==> rcu_preempt:17 [120]
     rcu_preempt-17    [033]     1.211853: (+9)     sched_switch:         rcu_preempt:17 [120] I ==> cg.C.x:2883 [120]
          cg.C.x-2849  [028]     1.215836: (+3983)  sched_waking:         comm=rcu_preempt pid=17 prio=120 target_cpu=033
          cg.C.x-2849  [028]     1.215841: (+5)     sched_migrate_task:   comm=rcu_preempt pid=17 prio=120 orig_cpu=33 dest_cpu=28
          cg.C.x-2849  [028]     1.215848: (+7)     sched_wakeup:         rcu_preempt:17 [120] CPU:028
          cg.C.x-2849  [028]     1.215853: (+5)     sched_switch:         cg.C.x:2849 [120] R ==> rcu_preempt:17 [120]
     rcu_preempt-17    [028]     1.215865: (+12)    sched_switch:         rcu_preempt:17 [120] I ==> cg.C.x:2849 [120]
          cg.C.x-2849  [028]     1.227832: (+11967) sched_waking:         comm=rcu_preempt pid=17 prio=120 target_cpu=028
          cg.C.x-2849  [028]     1.227838: (+6)     sched_wakeup:         rcu_preempt:17 [120] CPU:028
          cg.C.x-2849  [028]     1.227844: (+6)     sched_switch:         cg.C.x:2849 [120] R ==> rcu_preempt:17 [120]
     rcu_preempt-17    [028]     1.227859: (+15)    sched_switch:         rcu_preempt:17 [120] I ==> cg.C.x:2849 [120]
          cg.C.x-2849  [028]     1.235831: (+7972)  sched_waking:         comm=rcu_preempt pid=17 prio=120 target_cpu=028
          cg.C.x-2842  [014]     1.235833: (+2)     sched_waking:         comm=kworker/14:1 pid=708 prio=120 target_cpu=014
          cg.C.x-2873  [013]     1.235833: (+0)     sched_waking:         comm=kworker/13:2 pid=1936 prio=120 target_cpu=013
          cg.C.x-2874  [015]     1.235833: (+0)     sched_waking:         comm=kworker/15:1 pid=483 prio=120 target_cpu=015
          cg.C.x-2849  [028]     1.235837: (+4)     sched_wakeup:         rcu_preempt:17 [120] CPU:028
          cg.C.x-2842  [014]     1.235839: (+2)     sched_wakeup:         kworker/14:1:708 [120] CPU:014
          cg.C.x-2874  [015]     1.235841: (+2)     sched_wakeup:         kworker/15:1:483 [120] CPU:015
          cg.C.x-2873  [013]     1.235841: (+0)     sched_wakeup:         kworker/13:2:1936 [120] CPU:013
          cg.C.x-2849  [028]     1.235842: (+1)     sched_switch:         cg.C.x:2849 [120] R ==> rcu_preempt:17 [120]
          cg.C.x-2842  [014]     1.235844: (+2)     sched_switch:         cg.C.x:2842 [120] R ==> kworker/14:1:708 [120]
     rcu_preempt-17    [028]     1.235853: (+9)     sched_switch:         rcu_preempt:17 [120] I ==> cg.C.x:2849 [120]
    kworker/14:1-708   [014]     1.235861: (+8)     sched_switch:         kworker/14:1:708 [120] I ==> cg.C.x:2842 [120]
          cg.C.x-2874  [015]     1.239840: (+3979)  sched_switch:         cg.C.x:2874 [120] R ==> kworker/15:1:483 [120]
          cg.C.x-2873  [013]     1.239840: (+0)     sched_switch:         cg.C.x:2873 [120] R ==> kworker/13:2:1936 [120]
    kworker/13:2-1936  [013]     1.239860: (+20)    sched_switch:         kworker/13:2:1936 [120] I ==> cg.C.x:2873 [120]
    kworker/15:1-483   [015]     1.239877: (+17)    sched_switch:         kworker/15:1:483 [120] I ==> cg.C.x:2874 [120]
          cg.C.x-2849  [028]     1.247832: (+7955)  sched_waking:         comm=rcu_preempt pid=17 prio=120 target_cpu=028
          cg.C.x-2849  [028]     1.247837: (+5)     sched_wakeup:         rcu_preempt:17 [120] CPU:028
          cg.C.x-2849  [028]     1.247842: (+5)     sched_switch:         cg.C.x:2849 [120] R ==> rcu_preempt:17 [120]
     rcu_preempt-17    [028]     1.247849: (+7)     sched_switch:         rcu_preempt:17 [120] I ==> cg.C.x:2849 [120]
          cg.C.x-2855  [040]     1.251834: (+3985)  sched_waking:         comm=rcu_preempt pid=17 prio=120 target_cpu=028
          cg.C.x-2855  [040]     1.251837: (+3)     sched_migrate_task:   comm=rcu_preempt pid=17 prio=120 orig_cpu=28 dest_cpu=40
          cg.C.x-2855  [040]     1.251844: (+7)     sched_wakeup:         rcu_preempt:17 [120] CPU:040
          cg.C.x-2855  [040]     1.251849: (+5)     sched_waking:         comm=ksoftirqd/40 pid=258 prio=120 target_cpu=040
          cg.C.x-2855  [040]     1.251851: (+2)     sched_wakeup:         ksoftirqd/40:258 [120] CPU:040
          cg.C.x-2855  [040]     1.251857: (+6)     sched_switch:         cg.C.x:2855 [120] R ==> rcu_preempt:17 [120]
     rcu_preempt-17    [040]     1.251865: (+8)     sched_switch:         rcu_preempt:17 [120] I ==> ksoftirqd/40:258 [120]
    ksoftirqd/40-258   [040]     1.251870: (+5)     sched_switch:         ksoftirqd/40:258 [120] S ==> cg.C.x:2855 [120]
          cg.C.x-2835  [000]     1.255681: (+3811)  sched_waking:         comm=kworker/u129:23 pid=448 prio=120 target_cpu=000
          cg.C.x-2835  [000]     1.255686: (+5)     sched_wakeup:         kworker/u129:23:448 [120] CPU:000
          cg.C.x-2835  [000]     1.255691: (+5)     sched_switch:         cg.C.x:2835 [120] R ==> kworker/u129:23:448 [120]
 kworker/u129:23-448   [000]     1.255697: (+6)     sched_waking:         comm=tmux: server pid=2003 prio=120 target_cpu=000
 kworker/u129:23-448   [000]     1.255699: (+2)     sched_wakeup:         tmux: server:2003 [120] CPU:000
 kworker/u129:23-448   [000]     1.255703: (+4)     sched_switch:         kworker/u129:23:448 [120] I ==> tmux: server:2003 [120]
    tmux: server-2003  [000]     1.255763: (+60)    sched_waking:         comm=kworker/u129:23 pid=448 prio=120 target_cpu=000
    tmux: server-2003  [000]     1.255764: (+1)     sched_wakeup:         kworker/u129:23:448 [120] CPU:000
    tmux: server-2003  [000]     1.255766: (+2)     sched_switch:         tmux: server:2003 [120] R ==> kworker/u129:23:448 [120]
 kworker/u129:23-448   [000]     1.255769: (+3)     sched_waking:         comm=sshd pid=1918 prio=120 target_cpu=034
 kworker/u129:23-448   [000]     1.255774: (+5)     sched_wakeup:         sshd:1918 [120] CPU:034
 kworker/u129:23-448   [000]     1.255776: (+2)     sched_switch:         kworker/u129:23:448 [120] I ==> tmux: server:2003 [120]
          cg.C.x-2852  [034]     1.255778: (+2)     sched_switch:         cg.C.x:2852 [120] R ==> sshd:1918 [120]
    tmux: server-2003  [000]     1.255782: (+4)     sched_switch:         tmux: server:2003 [120] S ==> cg.C.x:2835 [120]
          cg.C.x-2835  [000]     1.255784: (+2)     sched_waking:         comm=kworker/u129:23 pid=448 prio=120 target_cpu=000
          cg.C.x-2835  [000]     1.255785: (+1)     sched_wakeup:         kworker/u129:23:448 [120] CPU:000
          cg.C.x-2835  [000]     1.255786: (+1)     sched_switch:         cg.C.x:2835 [120] R ==> kworker/u129:23:448 [120]
 kworker/u129:23-448   [000]     1.255787: (+1)     sched_waking:         comm=tmux: server pid=2003 prio=120 target_cpu=000
 kworker/u129:23-448   [000]     1.255788: (+1)     sched_wakeup:         tmux: server:2003 [120] CPU:000
 kworker/u129:23-448   [000]     1.255790: (+2)     sched_switch:         kworker/u129:23:448 [120] I ==> tmux: server:2003 [120]
    tmux: server-2003  [000]     1.255814: (+24)    sched_waking:         comm=kworker/u129:23 pid=448 prio=120 target_cpu=000
    tmux: server-2003  [000]     1.255815: (+1)     sched_wakeup:         kworker/u129:23:448 [120] CPU:000
    tmux: server-2003  [000]     1.255817: (+2)     sched_switch:         tmux: server:2003 [120] R ==> kworker/u129:23:448 [120]
 kworker/u129:23-448   [000]     1.255819: (+2)     sched_switch:         kworker/u129:23:448 [120] I ==> tmux: server:2003 [120]
    tmux: server-2003  [000]     1.255833: (+14)    sched_switch:         tmux: server:2003 [120] S ==> cg.C.x:2835 [120]
            sshd-1918  [034]     1.255897: (+64)    sched_switch:         sshd:1918 [120] S ==> cg.C.x:2852 [120]
          cg.C.x-2855  [040]     1.263831: (+7934)  sched_waking:         comm=rcu_preempt pid=17 prio=120 target_cpu=040
          cg.C.x-2872  [011]     1.263835: (+4)     sched_waking:         comm=kworker/11:1 pid=545 prio=120 target_cpu=011
          cg.C.x-2855  [040]     1.263837: (+2)     sched_wakeup:         rcu_preempt:17 [120] CPU:040
          cg.C.x-2872  [011]     1.263843: (+6)     sched_wakeup:         kworker/11:1:545 [120] CPU:011
          cg.C.x-2855  [040]     1.263843: (+0)     sched_switch:         cg.C.x:2855 [120] R ==> rcu_preempt:17 [120]
          cg.C.x-2872  [011]     1.263850: (+7)     sched_switch:         cg.C.x:2872 [120] R ==> kworker/11:1:545 [120]
     rcu_preempt-17    [040]     1.263858: (+8)     sched_switch:         rcu_preempt:17 [120] I ==> cg.C.x:2855 [120]
    kworker/11:1-545   [011]     1.263866: (+8)     sched_switch:         kworker/11:1:545 [120] I ==> cg.C.x:2872 [120]
          cg.C.x-2835  [000]     1.265882: (+2016)  sched_waking:         comm=tmux: server pid=2003 prio=120 target_cpu=000
          cg.C.x-2835  [000]     1.265891: (+9)     sched_wakeup:         tmux: server:2003 [120] CPU:000
          cg.C.x-2835  [000]     1.265895: (+4)     sched_switch:         cg.C.x:2835 [120] R ==> tmux: server:2003 [120]
    tmux: server-2003  [000]     1.265949: (+54)    sched_switch:         tmux: server:2003 [120] S ==> cg.C.x:2835 [120]
          cg.C.x-2841  [012]     1.267832: (+1883)  sched_waking:         comm=kworker/12:1 pid=710 prio=120 target_cpu=012
          cg.C.x-2841  [012]     1.267837: (+5)     sched_wakeup:         kworker/12:1:710 [120] CPU:012
          cg.C.x-2841  [012]     1.267842: (+5)     sched_switch:         cg.C.x:2841 [120] R ==> kworker/12:1:710 [120]
    kworker/12:1-710   [012]     1.267854: (+12)    sched_switch:         kworker/12:1:710 [120] I ==> cg.C.x:2841 [120]
          cg.C.x-2855  [040]     1.275832: (+7978)  sched_waking:         comm=rcu_preempt pid=17 prio=120 target_cpu=040
          cg.C.x-2855  [040]     1.275838: (+6)     sched_wakeup:         rcu_preempt:17 [120] CPU:040
          cg.C.x-2855  [040]     1.275842: (+4)     sched_switch:         cg.C.x:2855 [120] R ==> rcu_preempt:17 [120]
     rcu_preempt-17    [040]     1.275850: (+8)     sched_switch:         rcu_preempt:17 [120] I ==> cg.C.x:2855 [120]
          cg.C.x-2891  [049]     1.279834: (+3984)  sched_waking:         comm=rcu_preempt pid=17 prio=120 target_cpu=040
          cg.C.x-2891  [049]     1.279840: (+6)     sched_migrate_task:   comm=rcu_preempt pid=17 prio=120 orig_cpu=40 dest_cpu=49
          cg.C.x-2891  [049]     1.279849: (+9)     sched_wakeup:         rcu_preempt:17 [120] CPU:049
          cg.C.x-2891  [049]     1.279855: (+6)     sched_switch:         cg.C.x:2891 [120] R ==> rcu_preempt:17 [120]
     rcu_preempt-17    [049]     1.279866: (+11)    sched_switch:         rcu_preempt:17 [120] I ==> cg.C.x:2891 [120]
          cg.C.x-2839  [008]     1.299833: (+19967) sched_waking:         comm=kworker/8:2 pid=1021 prio=120 target_cpu=008
          cg.C.x-2840  [010]     1.299833: (+0)     sched_waking:         comm=kworker/10:1 pid=711 prio=120 target_cpu=010
          cg.C.x-2871  [009]     1.299835: (+2)     sched_waking:         comm=kworker/9:1 pid=713 prio=120 target_cpu=009
          cg.C.x-2839  [008]     1.299841: (+6)     sched_wakeup:         kworker/8:2:1021 [120] CPU:008
          cg.C.x-2840  [010]     1.299841: (+0)     sched_wakeup:         kworker/10:1:711 [120] CPU:010
          cg.C.x-2871  [009]     1.299842: (+1)     sched_wakeup:         kworker/9:1:713 [120] CPU:009
          cg.C.x-2871  [009]     1.299850: (+8)     sched_switch:         cg.C.x:2871 [120] R ==> kworker/9:1:713 [120]
     kworker/9:1-713   [009]     1.299865: (+15)    sched_switch:         kworker/9:1:713 [120] I ==> cg.C.x:2871 [120]
          cg.C.x-2840  [010]     1.303836: (+3971)  sched_switch:         cg.C.x:2840 [120] R ==> kworker/10:1:711 [120]
          cg.C.x-2839  [008]     1.303840: (+4)     sched_switch:         cg.C.x:2839 [120] R ==> kworker/8:2:1021 [120]
    kworker/10:1-711   [010]     1.303852: (+12)    sched_switch:         kworker/10:1:711 [120] I ==> cg.C.x:2840 [120]
     kworker/8:2-1021  [008]     1.303852: (+0)     sched_switch:         kworker/8:2:1021 [120] I ==> cg.C.x:2839 [120]
          cg.C.x-2870  [007]     1.327836: (+23984) sched_waking:         comm=kworker/7:1 pid=482 prio=120 target_cpu=007
          cg.C.x-2869  [005]     1.327836: (+0)     sched_waking:         comm=kworker/5:1 pid=709 prio=120 target_cpu=005
          cg.C.x-2869  [005]     1.327845: (+9)     sched_wakeup:         kworker/5:1:709 [120] CPU:005
          cg.C.x-2870  [007]     1.327846: (+1)     sched_wakeup:         kworker/7:1:482 [120] CPU:007
          cg.C.x-2838  [006]     1.331834: (+3988)  sched_waking:         comm=kworker/6:1 pid=706 prio=120 target_cpu=006
          cg.C.x-2870  [007]     1.331839: (+5)     sched_switch:         cg.C.x:2870 [120] R ==> kworker/7:1:482 [120]
          cg.C.x-2869  [005]     1.331839: (+0)     sched_switch:         cg.C.x:2869 [120] R ==> kworker/5:1:709 [120]
          cg.C.x-2838  [006]     1.331841: (+2)     sched_wakeup:         kworker/6:1:706 [120] CPU:006
     kworker/5:1-709   [005]     1.331856: (+15)    sched_switch:         kworker/5:1:709 [120] I ==> cg.C.x:2869 [120]
     kworker/7:1-482   [007]     1.331856: (+0)     sched_switch:         kworker/7:1:482 [120] I ==> cg.C.x:2870 [120]
          cg.C.x-2835  [000]     1.335833: (+3977)  sched_waking:         comm=kworker/0:1 pid=10 prio=120 target_cpu=000
          cg.C.x-2838  [006]     1.335836: (+3)     sched_switch:         cg.C.x:2838 [120] R ==> kworker/6:1:706 [120]
          cg.C.x-2835  [000]     1.335839: (+3)     sched_wakeup:         kworker/0:1:10 [120] CPU:000
          cg.C.x-2835  [000]     1.335843: (+4)     sched_switch:         cg.C.x:2835 [120] R ==> kworker/0:1:10 [120]
     kworker/6:1-706   [006]     1.335849: (+6)     sched_switch:         kworker/6:1:706 [120] I ==> cg.C.x:2838 [120]
     kworker/0:1-10    [000]     1.335906: (+57)    sched_switch:         kworker/0:1:10 [120] I ==> cg.C.x:2835 [120]
          cg.C.x-2837  [004]     1.363834: (+27928) sched_waking:         comm=kworker/4:2 pid=1163 prio=120 target_cpu=004
          cg.C.x-2868  [003]     1.363836: (+2)     sched_waking:         comm=kworker/3:1 pid=707 prio=120 target_cpu=003
          cg.C.x-2837  [004]     1.363841: (+5)     sched_wakeup:         kworker/4:2:1163 [120] CPU:004
          cg.C.x-2868  [003]     1.363845: (+4)     sched_wakeup:         kworker/3:1:707 [120] CPU:003
          cg.C.x-2868  [003]     1.363852: (+7)     sched_switch:         cg.C.x:2868 [120] R ==> kworker/3:1:707 [120]
     kworker/3:1-707   [003]     1.363867: (+15)    sched_switch:         kworker/3:1:707 [120] I ==> cg.C.x:2868 [120]
          cg.C.x-2835  [000]     1.364977: (+1110)  sched_waking:         comm=kworker/u129:23 pid=448 prio=120 target_cpu=000
          cg.C.x-2835  [000]     1.364982: (+5)     sched_wakeup:         kworker/u129:23:448 [120] CPU:000
          cg.C.x-2835  [000]     1.364988: (+6)     sched_switch:         cg.C.x:2835 [120] R ==> kworker/u129:23:448 [120]
 kworker/u129:23-448   [000]     1.364992: (+4)     sched_waking:         comm=tmux: server pid=2003 prio=120 target_cpu=000
 kworker/u129:23-448   [000]     1.364995: (+3)     sched_wakeup:         tmux: server:2003 [120] CPU:000
 kworker/u129:23-448   [000]     1.364998: (+3)     sched_switch:         kworker/u129:23:448 [120] I ==> tmux: server:2003 [120]
    tmux: server-2003  [000]     1.365060: (+62)    sched_waking:         comm=kworker/u129:23 pid=448 prio=120 target_cpu=000
    tmux: server-2003  [000]     1.365061: (+1)     sched_wakeup:         kworker/u129:23:448 [120] CPU:000
    tmux: server-2003  [000]     1.365063: (+2)     sched_switch:         tmux: server:2003 [120] R ==> kworker/u129:23:448 [120]
 kworker/u129:23-448   [000]     1.365065: (+2)     sched_waking:         comm=sshd pid=1918 prio=120 target_cpu=034
 kworker/u129:23-448   [000]     1.365071: (+6)     sched_wakeup:         sshd:1918 [120] CPU:034
 kworker/u129:23-448   [000]     1.365072: (+1)     sched_switch:         kworker/u129:23:448 [120] I ==> tmux: server:2003 [120]
          cg.C.x-2852  [034]     1.365075: (+3)     sched_switch:         cg.C.x:2852 [120] R ==> sshd:1918 [120]
    tmux: server-2003  [000]     1.365079: (+4)     sched_switch:         tmux: server:2003 [120] S ==> cg.C.x:2835 [120]
          cg.C.x-2835  [000]     1.365081: (+2)     sched_waking:         comm=kworker/u129:23 pid=448 prio=120 target_cpu=000
          cg.C.x-2835  [000]     1.365081: (+0)     sched_wakeup:         kworker/u129:23:448 [120] CPU:000
          cg.C.x-2835  [000]     1.365083: (+2)     sched_switch:         cg.C.x:2835 [120] R ==> kworker/u129:23:448 [120]
 kworker/u129:23-448   [000]     1.365084: (+1)     sched_waking:         comm=tmux: server pid=2003 prio=120 target_cpu=000
 kworker/u129:23-448   [000]     1.365085: (+1)     sched_wakeup:         tmux: server:2003 [120] CPU:000
 kworker/u129:23-448   [000]     1.365086: (+1)     sched_switch:         kworker/u129:23:448 [120] I ==> tmux: server:2003 [120]
    tmux: server-2003  [000]     1.365111: (+25)    sched_waking:         comm=kworker/u129:23 pid=448 prio=120 target_cpu=000
    tmux: server-2003  [000]     1.365112: (+1)     sched_wakeup:         kworker/u129:23:448 [120] CPU:000
    tmux: server-2003  [000]     1.365113: (+1)     sched_switch:         tmux: server:2003 [120] R ==> kworker/u129:23:448 [120]
 kworker/u129:23-448   [000]     1.365115: (+2)     sched_switch:         kworker/u129:23:448 [120] I ==> tmux: server:2003 [120]
    tmux: server-2003  [000]     1.365121: (+6)     sched_switch:         tmux: server:2003 [120] S ==> cg.C.x:2835 [120]
            sshd-1918  [034]     1.365181: (+60)    sched_switch:         sshd:1918 [120] S ==> cg.C.x:2852 [120]
          cg.C.x-2837  [004]     1.367836: (+2655)  sched_switch:         cg.C.x:2837 [120] R ==> kworker/4:2:1163 [120]
     kworker/4:2-1163  [004]     1.367848: (+12)    sched_switch:         kworker/4:2:1163 [120] I ==> cg.C.x:2837 [120]
          cg.C.x-2835  [000]     1.375170: (+7322)  sched_waking:         comm=tmux: server pid=2003 prio=120 target_cpu=000
          cg.C.x-2835  [000]     1.375181: (+11)    sched_wakeup:         tmux: server:2003 [120] CPU:000
          cg.C.x-2835  [000]     1.375185: (+4)     sched_switch:         cg.C.x:2835 [120] R ==> tmux: server:2003 [120]
    tmux: server-2003  [000]     1.375209: (+24)    sched_switch:         tmux: server:2003 [120] S ==> cg.C.x:2835 [120]
          cg.C.x-2835  [000]     1.377256: (+2047)  sched_waking:         comm=tmux: server pid=2003 prio=120 target_cpu=000
          cg.C.x-2835  [000]     1.377265: (+9)     sched_wakeup:         tmux: server:2003 [120] CPU:000
          cg.C.x-2835  [000]     1.377267: (+2)     sched_switch:         cg.C.x:2835 [120] R ==> tmux: server:2003 [120]
    tmux: server-2003  [000]     1.377299: (+32)    sched_switch:         tmux: server:2003 [120] S ==> cg.C.x:2835 [120]
          cg.C.x-2867  [001]     1.395833: (+18534) sched_waking:         comm=kworker/1:0 pid=25 prio=120 target_cpu=001
          cg.C.x-2836  [002]     1.395833: (+0)     sched_waking:         comm=kworker/2:2 pid=1022 prio=120 target_cpu=002
          cg.C.x-2835  [000]     1.395834: (+1)     sched_waking:         comm=kworker/0:1 pid=10 prio=120 target_cpu=000
          cg.C.x-2836  [002]     1.395840: (+6)     sched_wakeup:         kworker/2:2:1022 [120] CPU:002
          cg.C.x-2867  [001]     1.395841: (+1)     sched_wakeup:         kworker/1:0:25 [120] CPU:001
          cg.C.x-2835  [000]     1.395841: (+0)     sched_wakeup:         kworker/0:1:10 [120] CPU:000
          cg.C.x-2835  [000]     1.395846: (+5)     sched_switch:         cg.C.x:2835 [120] R ==> kworker/0:1:10 [120]
          cg.C.x-2836  [002]     1.395847: (+1)     sched_switch:         cg.C.x:2836 [120] R ==> kworker/2:2:1022 [120]
          cg.C.x-2867  [001]     1.395850: (+3)     sched_switch:         cg.C.x:2867 [120] R ==> kworker/1:0:25 [120]
     kworker/2:2-1022  [002]     1.395859: (+9)     sched_switch:         kworker/2:2:1022 [120] I ==> cg.C.x:2836 [120]
     kworker/1:0-25    [001]     1.395862: (+3)     sched_switch:         kworker/1:0:25 [120] I ==> cg.C.x:2867 [120]
     kworker/0:1-10    [000]     1.395879: (+17)    sched_switch:         kworker/0:1:10 [120] I ==> cg.C.x:2835 [120]
          cg.C.x-2835  [000]     1.474287: (+78408) sched_waking:         comm=kworker/u129:23 pid=448 prio=120 target_cpu=000
          cg.C.x-2835  [000]     1.474293: (+6)     sched_wakeup:         kworker/u129:23:448 [120] CPU:000
          cg.C.x-2835  [000]     1.474298: (+5)     sched_switch:         cg.C.x:2835 [120] R ==> kworker/u129:23:448 [120]
 kworker/u129:23-448   [000]     1.474303: (+5)     sched_waking:         comm=tmux: server pid=2003 prio=120 target_cpu=000
 kworker/u129:23-448   [000]     1.474306: (+3)     sched_wakeup:         tmux: server:2003 [120] CPU:000
 kworker/u129:23-448   [000]     1.474309: (+3)     sched_switch:         kworker/u129:23:448 [120] I ==> tmux: server:2003 [120]
    tmux: server-2003  [000]     1.474370: (+61)    sched_waking:         comm=kworker/u129:23 pid=448 prio=120 target_cpu=000
    tmux: server-2003  [000]     1.474371: (+1)     sched_wakeup:         kworker/u129:23:448 [120] CPU:000
    tmux: server-2003  [000]     1.474374: (+3)     sched_switch:         tmux: server:2003 [120] R ==> kworker/u129:23:448 [120]
 kworker/u129:23-448   [000]     1.474376: (+2)     sched_waking:         comm=sshd pid=1918 prio=120 target_cpu=034
 kworker/u129:23-448   [000]     1.474381: (+5)     sched_wakeup:         sshd:1918 [120] CPU:034
 kworker/u129:23-448   [000]     1.474383: (+2)     sched_switch:         kworker/u129:23:448 [120] I ==> tmux: server:2003 [120]
          cg.C.x-2852  [034]     1.474386: (+3)     sched_switch:         cg.C.x:2852 [120] R ==> sshd:1918 [120]
    tmux: server-2003  [000]     1.474390: (+4)     sched_switch:         tmux: server:2003 [120] S ==> cg.C.x:2835 [120]
          cg.C.x-2835  [000]     1.474391: (+1)     sched_waking:         comm=kworker/u129:23 pid=448 prio=120 target_cpu=000
          cg.C.x-2835  [000]     1.474392: (+1)     sched_wakeup:         kworker/u129:23:448 [120] CPU:000
          cg.C.x-2835  [000]     1.474394: (+2)     sched_switch:         cg.C.x:2835 [120] R ==> kworker/u129:23:448 [120]
 kworker/u129:23-448   [000]     1.474394: (+0)     sched_waking:         comm=tmux: server pid=2003 prio=120 target_cpu=000
 kworker/u129:23-448   [000]     1.474396: (+2)     sched_wakeup:         tmux: server:2003 [120] CPU:000
 kworker/u129:23-448   [000]     1.474397: (+1)     sched_switch:         kworker/u129:23:448 [120] I ==> tmux: server:2003 [120]
    tmux: server-2003  [000]     1.474421: (+24)    sched_waking:         comm=kworker/u129:23 pid=448 prio=120 target_cpu=000
    tmux: server-2003  [000]     1.474422: (+1)     sched_wakeup:         kworker/u129:23:448 [120] CPU:000
    tmux: server-2003  [000]     1.474423: (+1)     sched_switch:         tmux: server:2003 [120] R ==> kworker/u129:23:448 [120]
 kworker/u129:23-448   [000]     1.474425: (+2)     sched_switch:         kworker/u129:23:448 [120] I ==> tmux: server:2003 [120]
    tmux: server-2003  [000]     1.474430: (+5)     sched_switch:         tmux: server:2003 [120] S ==> cg.C.x:2835 [120]
            sshd-1918  [034]     1.474483: (+53)    sched_switch:         sshd:1918 [120] S ==> cg.C.x:2852 [120]
          cg.C.x-2835  [000]     1.484480: (+9997)  sched_waking:         comm=tmux: server pid=2003 prio=120 target_cpu=000
          cg.C.x-2835  [000]     1.484490: (+10)    sched_wakeup:         tmux: server:2003 [120] CPU:000
          cg.C.x-2835  [000]     1.484494: (+4)     sched_switch:         cg.C.x:2835 [120] R ==> tmux: server:2003 [120]
    tmux: server-2003  [000]     1.484531: (+37)    sched_switch:         tmux: server:2003 [120] S ==> cg.C.x:2835 [120]
          cg.C.x-2835  [000]     1.543833: (+59302) sched_waking:         comm=kworker/0:1 pid=10 prio=120 target_cpu=000
          cg.C.x-2835  [000]     1.543839: (+6)     sched_wakeup:         kworker/0:1:10 [120] CPU:000
          cg.C.x-2835  [000]     1.543844: (+5)     sched_switch:         cg.C.x:2835 [120] R ==> kworker/0:1:10 [120]
     kworker/0:1-10    [000]     1.543906: (+62)    sched_switch:         kworker/0:1:10 [120] I ==> cg.C.x:2835 [120]
          cg.C.x-2835  [000]     1.583538: (+39632) sched_waking:         comm=kworker/u129:23 pid=448 prio=120 target_cpu=000
          cg.C.x-2835  [000]     1.583545: (+7)     sched_wakeup:         kworker/u129:23:448 [120] CPU:000
          cg.C.x-2835  [000]     1.583550: (+5)     sched_switch:         cg.C.x:2835 [120] R ==> kworker/u129:23:448 [120]
 kworker/u129:23-448   [000]     1.583555: (+5)     sched_waking:         comm=tmux: server pid=2003 prio=120 target_cpu=000
 kworker/u129:23-448   [000]     1.583558: (+3)     sched_wakeup:         tmux: server:2003 [120] CPU:000
 kworker/u129:23-448   [000]     1.583561: (+3)     sched_switch:         kworker/u129:23:448 [120] I ==> tmux: server:2003 [120]
    tmux: server-2003  [000]     1.583621: (+60)    sched_waking:         comm=kworker/u129:23 pid=448 prio=120 target_cpu=000
    tmux: server-2003  [000]     1.583622: (+1)     sched_wakeup:         kworker/u129:23:448 [120] CPU:000
    tmux: server-2003  [000]     1.583625: (+3)     sched_switch:         tmux: server:2003 [120] R ==> kworker/u129:23:448 [120]
 kworker/u129:23-448   [000]     1.583627: (+2)     sched_waking:         comm=sshd pid=1918 prio=120 target_cpu=034
 kworker/u129:23-448   [000]     1.583633: (+6)     sched_wakeup:         sshd:1918 [120] CPU:034
 kworker/u129:23-448   [000]     1.583634: (+1)     sched_switch:         kworker/u129:23:448 [120] I ==> tmux: server:2003 [120]
          cg.C.x-2852  [034]     1.583637: (+3)     sched_switch:         cg.C.x:2852 [120] R ==> sshd:1918 [120]
    tmux: server-2003  [000]     1.583641: (+4)     sched_switch:         tmux: server:2003 [120] S ==> cg.C.x:2835 [120]
          cg.C.x-2835  [000]     1.583643: (+2)     sched_waking:         comm=kworker/u129:23 pid=448 prio=120 target_cpu=000
          cg.C.x-2835  [000]     1.583644: (+1)     sched_wakeup:         kworker/u129:23:448 [120] CPU:000
          cg.C.x-2835  [000]     1.583645: (+1)     sched_switch:         cg.C.x:2835 [120] R ==> kworker/u129:23:448 [120]
 kworker/u129:23-448   [000]     1.583646: (+1)     sched_waking:         comm=tmux: server pid=2003 prio=120 target_cpu=000
 kworker/u129:23-448   [000]     1.583648: (+2)     sched_wakeup:         tmux: server:2003 [120] CPU:000
 kworker/u129:23-448   [000]     1.583649: (+1)     sched_switch:         kworker/u129:23:448 [120] I ==> tmux: server:2003 [120]
    tmux: server-2003  [000]     1.583672: (+23)    sched_waking:         comm=kworker/u129:23 pid=448 prio=120 target_cpu=000
    tmux: server-2003  [000]     1.583673: (+1)     sched_wakeup:         kworker/u129:23:448 [120] CPU:000
    tmux: server-2003  [000]     1.583674: (+1)     sched_switch:         tmux: server:2003 [120] R ==> kworker/u129:23:448 [120]
 kworker/u129:23-448   [000]     1.583677: (+3)     sched_switch:         kworker/u129:23:448 [120] I ==> tmux: server:2003 [120]
    tmux: server-2003  [000]     1.583682: (+5)     sched_switch:         tmux: server:2003 [120] S ==> cg.C.x:2835 [120]
            sshd-1918  [034]     1.583729: (+47)    sched_switch:         sshd:1918 [120] S ==> cg.C.x:2852 [120]
          cg.C.x-2835  [000]     1.593733: (+10004) sched_waking:         comm=tmux: server pid=2003 prio=120 target_cpu=000
          cg.C.x-2835  [000]     1.593743: (+10)    sched_wakeup:         tmux: server:2003 [120] CPU:000
          cg.C.x-2835  [000]     1.593747: (+4)     sched_switch:         cg.C.x:2835 [120] R ==> tmux: server:2003 [120]
    tmux: server-2003  [000]     1.593781: (+34)    sched_switch:         tmux: server:2003 [120] S ==> cg.C.x:2835 [120]
          cg.C.x-2835  [000]     1.600827: (+7046)  sched_waking:         comm=tmux: server pid=2003 prio=120 target_cpu=000
          cg.C.x-2835  [000]     1.600837: (+10)    sched_wakeup:         tmux: server:2003 [120] CPU:000
