          <idle>-0     [055]     0.006345: (+7)     sched_switch:         swapper/55:0 [120] R ==> cg.C.x:3548 [120]
          cg.C.x-3489  [000]     0.006373: (+28)    sched_process_fork:   comm=cg.C.x pid=3489 child_comm=cg.C.x child_pid=3549
          cg.C.x-3489  [000]     0.006375: (+2)     sched_wakeup_new:     cg.C.x:3549 [120] CPU:000
          cg.C.x-3489  [000]     0.006378: (+3)     sched_migrate_task:   comm=cg.C.x pid=3549 prio=120 orig_cpu=0 dest_cpu=57
          cg.C.x-3489  [000]     0.006384: (+6)     sched_wake_idle_without_ipi: cpu=57
          <idle>-0     [057]     0.006391: (+7)     sched_switch:         swapper/57:0 [120] R ==> cg.C.x:3549 [120]
          cg.C.x-3489  [000]     0.006410: (+19)    sched_process_fork:   comm=cg.C.x pid=3489 child_comm=cg.C.x child_pid=3550
          cg.C.x-3489  [000]     0.006412: (+2)     sched_wakeup_new:     cg.C.x:3550 [120] CPU:000
          cg.C.x-3489  [000]     0.006416: (+4)     sched_migrate_task:   comm=cg.C.x pid=3550 prio=120 orig_cpu=0 dest_cpu=59
          cg.C.x-3489  [000]     0.006421: (+5)     sched_wake_idle_without_ipi: cpu=59
          <idle>-0     [059]     0.006428: (+7)     sched_switch:         swapper/59:0 [120] R ==> cg.C.x:3550 [120]
          cg.C.x-3489  [000]     0.006446: (+18)    sched_process_fork:   comm=cg.C.x pid=3489 child_comm=cg.C.x child_pid=3551
          cg.C.x-3489  [000]     0.006448: (+2)     sched_wakeup_new:     cg.C.x:3551 [120] CPU:000
          cg.C.x-3489  [000]     0.006451: (+3)     sched_migrate_task:   comm=cg.C.x pid=3551 prio=120 orig_cpu=0 dest_cpu=61
          cg.C.x-3489  [000]     0.006457: (+6)     sched_wake_idle_without_ipi: cpu=61
          <idle>-0     [061]     0.006464: (+7)     sched_switch:         swapper/61:0 [120] R ==> cg.C.x:3551 [120]
          cg.C.x-3489  [000]     0.006514: (+50)    sched_process_fork:   comm=cg.C.x pid=3489 child_comm=cg.C.x child_pid=3552
          cg.C.x-3489  [000]     0.006515: (+1)     sched_wakeup_new:     cg.C.x:3552 [120] CPU:000
          cg.C.x-3489  [000]     0.006519: (+4)     sched_migrate_task:   comm=cg.C.x pid=3552 prio=120 orig_cpu=0 dest_cpu=63
          cg.C.x-3489  [000]     0.006524: (+5)     sched_wake_idle_without_ipi: cpu=63
          <idle>-0     [063]     0.006530: (+6)     sched_switch:         swapper/63:0 [120] R ==> cg.C.x:3552 [120]
          cg.C.x-3491  [004]     0.009527: (+2997)  sched_waking:         comm=rcu_preempt pid=17 prio=120 target_cpu=004
          cg.C.x-3539  [037]     0.009528: (+1)     sched_waking:         comm=kworker/37:0 pid=241 prio=120 target_cpu=037
          cg.C.x-3541  [041]     0.009528: (+0)     sched_waking:         comm=kworker/41:1 pid=587 prio=120 target_cpu=041
          cg.C.x-3489  [000]     0.009528: (+0)     sched_waking:         comm=kworker/0:1 pid=10 prio=120 target_cpu=000
          cg.C.x-3530  [019]     0.009528: (+0)     sched_waking:         comm=kworker/19:1 pid=717 prio=120 target_cpu=019
          cg.C.x-3544  [047]     0.009528: (+0)     sched_waking:         comm=kworker/47:0 pid=301 prio=120 target_cpu=047
          cg.C.x-3549  [057]     0.009528: (+0)     sched_waking:         comm=kworker/57:2 pid=1818 prio=120 target_cpu=057
          cg.C.x-3536  [031]     0.009528: (+0)     sched_waking:         comm=kworker/31:1 pid=492 prio=120 target_cpu=031
          cg.C.x-3547  [053]     0.009529: (+1)     sched_waking:         comm=kworker/53:1 pid=588 prio=120 target_cpu=053
          cg.C.x-3531  [021]     0.009529: (+0)     sched_waking:         comm=kworker/21:1 pid=721 prio=120 target_cpu=021
          cg.C.x-3550  [059]     0.009529: (+0)     sched_waking:         comm=kworker/59:1 pid=544 prio=120 target_cpu=059
          cg.C.x-3548  [055]     0.009529: (+0)     sched_waking:         comm=kworker/55:1 pid=501 prio=120 target_cpu=055
          cg.C.x-3551  [061]     0.009529: (+0)     sched_waking:         comm=kworker/61:1 pid=558 prio=120 target_cpu=061
          cg.C.x-3489  [000]     0.009530: (+1)     sched_wakeup:         kworker/0:1:10 [120] CPU:000
          cg.C.x-3544  [047]     0.009530: (+0)     sched_wakeup:         kworker/47:0:301 [120] CPU:047
          cg.C.x-3541  [041]     0.009530: (+0)     sched_wakeup:         kworker/41:1:587 [120] CPU:041
          cg.C.x-3539  [037]     0.009530: (+0)     sched_wakeup:         kworker/37:0:241 [120] CPU:037
          cg.C.x-3547  [053]     0.009531: (+1)     sched_wakeup:         kworker/53:1:588 [120] CPU:053
          cg.C.x-3549  [057]     0.009531: (+0)     sched_wakeup:         kworker/57:2:1818 [120] CPU:057
          cg.C.x-3551  [061]     0.009531: (+0)     sched_wakeup:         kworker/61:1:558 [120] CPU:061
          cg.C.x-3548  [055]     0.009531: (+0)     sched_wakeup:         kworker/55:1:501 [120] CPU:055
          cg.C.x-3531  [021]     0.009532: (+1)     sched_wakeup:         kworker/21:1:721 [120] CPU:021
          cg.C.x-3530  [019]     0.009532: (+0)     sched_wakeup:         kworker/19:1:717 [120] CPU:019
          cg.C.x-3536  [031]     0.009532: (+0)     sched_wakeup:         kworker/31:1:492 [120] CPU:031
          cg.C.x-3550  [059]     0.009532: (+0)     sched_wakeup:         kworker/59:1:544 [120] CPU:059
          cg.C.x-3489  [000]     0.009534: (+2)     sched_switch:         cg.C.x:3489 [120] R ==> kworker/0:1:10 [120]
          cg.C.x-3491  [004]     0.009535: (+1)     sched_wakeup:         rcu_preempt:17 [120] CPU:004
          cg.C.x-3544  [047]     0.009535: (+0)     sched_switch:         cg.C.x:3544 [120] R ==> kworker/47:0:301 [120]
          cg.C.x-3541  [041]     0.009535: (+0)     sched_switch:         cg.C.x:3541 [120] R ==> kworker/41:1:587 [120]
          cg.C.x-3539  [037]     0.009535: (+0)     sched_switch:         cg.C.x:3539 [120] R ==> kworker/37:0:241 [120]
          cg.C.x-3549  [057]     0.009537: (+2)     sched_switch:         cg.C.x:3549 [120] R ==> kworker/57:2:1818 [120]
          cg.C.x-3551  [061]     0.009537: (+0)     sched_switch:         cg.C.x:3551 [120] R ==> kworker/61:1:558 [120]
          cg.C.x-3548  [055]     0.009537: (+0)     sched_switch:         cg.C.x:3548 [120] R ==> kworker/55:1:501 [120]
          cg.C.x-3547  [053]     0.009537: (+0)     sched_switch:         cg.C.x:3547 [120] R ==> kworker/53:1:588 [120]
          cg.C.x-3550  [059]     0.009538: (+1)     sched_switch:         cg.C.x:3550 [120] R ==> kworker/59:1:544 [120]
          cg.C.x-3491  [004]     0.009539: (+1)     sched_switch:         cg.C.x:3491 [120] R ==> rcu_preempt:17 [120]
          cg.C.x-3531  [021]     0.009540: (+1)     sched_switch:         cg.C.x:3531 [120] R ==> kworker/21:1:721 [120]
    kworker/41:1-587   [041]     0.009541: (+1)     sched_switch:         kworker/41:1:587 [120] I ==> cg.C.x:3541 [120]
          cg.C.x-3530  [019]     0.009541: (+0)     sched_switch:         cg.C.x:3530 [120] R ==> kworker/19:1:717 [120]
    kworker/37:0-241   [037]     0.009542: (+1)     sched_switch:         kworker/37:0:241 [120] I ==> cg.C.x:3539 [120]
    kworker/47:0-301   [047]     0.009543: (+1)     sched_switch:         kworker/47:0:301 [120] I ==> cg.C.x:3544 [120]
          cg.C.x-3536  [031]     0.009543: (+0)     sched_switch:         cg.C.x:3536 [120] R ==> kworker/31:1:492 [120]
    kworker/61:1-558   [061]     0.009544: (+1)     sched_switch:         kworker/61:1:558 [120] I ==> cg.C.x:3551 [120]
    kworker/55:1-501   [055]     0.009544: (+0)     sched_switch:         kworker/55:1:501 [120] I ==> cg.C.x:3548 [120]
    kworker/57:2-1818  [057]     0.009544: (+0)     sched_switch:         kworker/57:2:1818 [120] I ==> cg.C.x:3549 [120]
    kworker/59:1-544   [059]     0.009544: (+0)     sched_switch:         kworker/59:1:544 [120] I ==> cg.C.x:3550 [120]
    kworker/21:1-721   [021]     0.009545: (+1)     sched_switch:         kworker/21:1:721 [120] I ==> cg.C.x:3531 [120]
    kworker/53:1-588   [053]     0.009545: (+0)     sched_switch:         kworker/53:1:588 [120] I ==> cg.C.x:3547 [120]
    kworker/19:1-717   [019]     0.009548: (+3)     sched_switch:         kworker/19:1:717 [120] I ==> cg.C.x:3530 [120]
     rcu_preempt-17    [004]     0.009549: (+1)     sched_switch:         rcu_preempt:17 [120] I ==> cg.C.x:3491 [120]
    kworker/31:1-492   [031]     0.009550: (+1)     sched_switch:         kworker/31:1:492 [120] I ==> cg.C.x:3536 [120]
     kworker/0:1-10    [000]     0.009586: (+36)    sched_switch:         kworker/0:1:10 [120] I ==> cg.C.x:3489 [120]
          cg.C.x-3525  [009]     0.011197: (+1611)  sched_waking:         comm=tmux: server pid=2003 prio=120 target_cpu=009
          cg.C.x-3525  [009]     0.011203: (+6)     sched_wakeup:         tmux: server:2003 [120] CPU:009
          cg.C.x-3525  [009]     0.013520: (+2317)  sched_switch:         cg.C.x:3525 [120] R ==> tmux: server:2003 [120]
          cg.C.x-3520  [062]     0.013522: (+2)     bprint:               change_prot_numa: NUMAB SCAN vma[start:0x7f120f601000, end:0x7f120fe01000, from:0x7f120f601000, to:0x7f120fe01000, size:8192 KB]
          cg.C.x-3520  [062]     0.013528: (+6)     bprint:               change_prot_numa: NUMAB SCAN vma[start:0x7f1210001000, end:0x7f1210801000, from:0x7f1210001000, to:0x7f1210801000, size:8192 KB]
          cg.C.x-3520  [062]     0.013533: (+5)     bprint:               change_prot_numa: NUMAB SCAN vma[start:0x7f1210a01000, end:0x7f1211201000, from:0x7f1210a01000, to:0x7f1211201000, size:8192 KB]
    tmux: server-2003  [009]     0.013534: (+1)     sched_switch:         tmux: server:2003 [120] S ==> cg.C.x:3525 [120]
          cg.C.x-3520  [062]     0.013538: (+4)     bprint:               change_prot_numa: NUMAB SCAN vma[start:0x7f1211401000, end:0x7f1211c01000, from:0x7f1211401000, to:0x7f1211c01000, size:8192 KB]
          cg.C.x-3520  [062]     0.013557: (+19)    bprint:               change_prot_numa: NUMAB SCAN vma[start:0x7f1211e01000, end:0x7f1212601000, from:0x7f1211e01000, to:0x7f1212601000, size:8192 KB]
          cg.C.x-3549  [057]     0.013557: (+0)     bprint:               __handle_mm_fault: NUMAB MEM ACCESS process[nid:1, cpu:57, pid:3549], folio[virt:0x7f1211c002b8, phys:0x13a47e000, pfn:0x13a47e, nid:0, npages:1]
          cg.C.x-3549  [057]     0.013559: (+2)     bprint:               __handle_mm_fault: NUMAB TRY MEM MIGR process[nid:1, cpu:57, pid:3549], folio[virt:0x7f1211c002b8, phys:0x13a47e000, nid:0], target_nid:1
          cg.C.x-3520  [062]     0.013575: (+16)    bprint:               change_prot_numa: NUMAB SCAN vma[start:0x7f1212801000, end:0x7f1213001000, from:0x7f1212801000, to:0x7f1213001000, size:8192 KB]
          cg.C.x-3548  [055]     0.013576: (+1)     bprint:               __handle_mm_fault: NUMAB MEM ACCESS process[nid:1, cpu:55, pid:3548], folio[virt:0x7f12126002b0, phys:0x13a8bd000, pfn:0x13a8bd, nid:0, npages:1]
          cg.C.x-3548  [055]     0.013578: (+2)     bprint:               __handle_mm_fault: NUMAB TRY MEM MIGR process[nid:1, cpu:55, pid:3548], folio[virt:0x7f12126002b0, phys:0x13a8bd000, nid:0], target_nid:1
          cg.C.x-3549  [057]     0.013595: (+17)    bprint:               __handle_mm_fault: NUMAB COMPLETED MEM MIGR process[nid:1, cpu:57, pid:3549], old[phys:0x13a47e000, nid:0, npages:1], new[phys:0x18674a8000, nid:1, npages:1]
          cg.C.x-3548  [055]     0.013612: (+17)    bprint:               __handle_mm_fault: NUMAB COMPLETED MEM MIGR process[nid:1, cpu:55, pid:3548], old[phys:0x13a8bd000, nid:0, npages:1], new[phys:0x186d605000, nid:1, npages:1]
          cg.C.x-3520  [062]     0.013623: (+11)    bprint:               change_prot_numa: NUMAB SCAN vma[start:0x7f1213201000, end:0x7f1213a01000, from:0x7f1213201000, to:0x7f1213a01000, size:8192 KB]
          cg.C.x-3547  [053]     0.013624: (+1)     bprint:               __handle_mm_fault: NUMAB MEM ACCESS process[nid:1, cpu:53, pid:3547], folio[virt:0x7f12130002b0, phys:0x13ab62000, pfn:0x13ab62, nid:0, npages:1]
          cg.C.x-3547  [053]     0.013625: (+1)     bprint:               __handle_mm_fault: NUMAB TRY MEM MIGR process[nid:1, cpu:53, pid:3547], folio[virt:0x7f12130002b0, phys:0x13ab62000, nid:0], target_nid:1
          cg.C.x-3520  [062]     0.013640: (+15)    bprint:               change_prot_numa: NUMAB SCAN vma[start:0x7f1213c01000, end:0x7f1214401000, from:0x7f1213c01000, to:0x7f1214401000, size:8192 KB]
          cg.C.x-3546  [051]     0.013641: (+1)     bprint:               __handle_mm_fault: NUMAB MEM ACCESS process[nid:1, cpu:51, pid:3546], folio[virt:0x7f1213a002b0, phys:0x11372f000, pfn:0x11372f, nid:0, npages:1]
          cg.C.x-3546  [051]     0.013642: (+1)     bprint:               __handle_mm_fault: NUMAB TRY MEM MIGR process[nid:1, cpu:51, pid:3546], folio[virt:0x7f1213a002b0, phys:0x11372f000, nid:0], target_nid:1
          cg.C.x-3547  [053]     0.013661: (+19)    bprint:               __handle_mm_fault: NUMAB COMPLETED MEM MIGR process[nid:1, cpu:53, pid:3547], old[phys:0x13ab62000, nid:0, npages:1], new[phys:0x18903da000, nid:1, npages:1]
          cg.C.x-3546  [051]     0.013676: (+15)    bprint:               __handle_mm_fault: NUMAB COMPLETED MEM MIGR process[nid:1, cpu:51, pid:3546], old[phys:0x11372f000, nid:0, npages:1], new[phys:0x185e1d5000, nid:1, npages:1]
          cg.C.x-3520  [062]     0.013688: (+12)    bprint:               change_prot_numa: NUMAB SCAN vma[start:0x7f1214601000, end:0x7f1214e01000, from:0x7f1214601000, to:0x7f1214e01000, size:8192 KB]
          cg.C.x-3545  [049]     0.013689: (+1)     bprint:               __handle_mm_fault: NUMAB MEM ACCESS process[nid:1, cpu:49, pid:3545], folio[virt:0x7f12144002b0, phys:0x15364d000, pfn:0x15364d, nid:0, npages:1]
          cg.C.x-3545  [049]     0.013690: (+1)     bprint:               __handle_mm_fault: NUMAB TRY MEM MIGR process[nid:1, cpu:49, pid:3545], folio[virt:0x7f12144002b0, phys:0x15364d000, nid:0], target_nid:1
          cg.C.x-3520  [062]     0.013705: (+15)    bprint:               change_prot_numa: NUMAB SCAN vma[start:0x7f1215001000, end:0x7f1215801000, from:0x7f1215001000, to:0x7f1215801000, size:8192 KB]
          cg.C.x-3544  [047]     0.013706: (+1)     bprint:               __handle_mm_fault: NUMAB MEM ACCESS process[nid:1, cpu:47, pid:3544], folio[virt:0x7f1214e002b0, phys:0x12191c000, pfn:0x12191c, nid:0, npages:1]
          cg.C.x-3544  [047]     0.013708: (+2)     bprint:               __handle_mm_fault: NUMAB TRY MEM MIGR process[nid:1, cpu:47, pid:3544], folio[virt:0x7f1214e002b0, phys:0x12191c000, nid:0], target_nid:1
          cg.C.x-3545  [049]     0.013725: (+17)    bprint:               __handle_mm_fault: NUMAB COMPLETED MEM MIGR process[nid:1, cpu:49, pid:3545], old[phys:0x15364d000, nid:0, npages:1], new[phys:0x186d1f8000, nid:1, npages:1]
          cg.C.x-3544  [047]     0.013741: (+16)    bprint:               __handle_mm_fault: NUMAB COMPLETED MEM MIGR process[nid:1, cpu:47, pid:3544], old[phys:0x12191c000, nid:0, npages:1], new[phys:0x18575b8000, nid:1, npages:1]
          cg.C.x-3520  [062]     0.013762: (+21)    bprint:               change_prot_numa: NUMAB SCAN vma[start:0x7f1215a01000, end:0x7f1216201000, from:0x7f1215a01000, to:0x7f1216201000, size:8192 KB]
          cg.C.x-3543  [045]     0.013763: (+1)     bprint:               __handle_mm_fault: NUMAB MEM ACCESS process[nid:1, cpu:45, pid:3543], folio[virt:0x7f12158002b0, phys:0x1535b7000, pfn:0x1535b7, nid:0, npages:1]
          cg.C.x-3543  [045]     0.013764: (+1)     bprint:               __handle_mm_fault: NUMAB TRY MEM MIGR process[nid:1, cpu:45, pid:3543], folio[virt:0x7f12158002b0, phys:0x1535b7000, nid:0], target_nid:1
          cg.C.x-3520  [062]     0.013779: (+15)    bprint:               change_prot_numa: NUMAB SCAN vma[start:0x7f1216401000, end:0x7f1216c01000, from:0x7f1216401000, to:0x7f1216c01000, size:8192 KB]
          cg.C.x-3542  [043]     0.013780: (+1)     bprint:               __handle_mm_fault: NUMAB MEM ACCESS process[nid:1, cpu:43, pid:3542], folio[virt:0x7f12162002b0, phys:0x110edb000, pfn:0x110edb, nid:0, npages:1]
          cg.C.x-3542  [043]     0.013782: (+2)     bprint:               __handle_mm_fault: NUMAB TRY MEM MIGR process[nid:1, cpu:43, pid:3542], folio[virt:0x7f12162002b0, phys:0x110edb000, nid:0], target_nid:1
          cg.C.x-3543  [045]     0.013801: (+19)    bprint:               __handle_mm_fault: NUMAB COMPLETED MEM MIGR process[nid:1, cpu:45, pid:3543], old[phys:0x1535b7000, nid:0, npages:1], new[phys:0x186cb40000, nid:1, npages:1]
          cg.C.x-3542  [043]     0.013822: (+21)    bprint:               __handle_mm_fault: NUMAB COMPLETED MEM MIGR process[nid:1, cpu:43, pid:3542], old[phys:0x110edb000, nid:0, npages:1], new[phys:0x185777d000, nid:1, npages:1]
          cg.C.x-3520  [062]     0.013834: (+12)    bprint:               change_prot_numa: NUMAB SCAN vma[start:0x7f1216e01000, end:0x7f1217601000, from:0x7f1216e01000, to:0x7f1217601000, size:8192 KB]
          cg.C.x-3541  [041]     0.013834: (+0)     bprint:               __handle_mm_fault: NUMAB MEM ACCESS process[nid:1, cpu:41, pid:3541], folio[virt:0x7f1216c002b8, phys:0x110717000, pfn:0x110717, nid:0, npages:1]
          cg.C.x-3541  [041]     0.013836: (+2)     bprint:               __handle_mm_fault: NUMAB TRY MEM MIGR process[nid:1, cpu:41, pid:3541], folio[virt:0x7f1216c002b8, phys:0x110717000, nid:0], target_nid:1
          cg.C.x-3520  [062]     0.013851: (+15)    bprint:               change_prot_numa: NUMAB SCAN vma[start:0x7f1217801000, end:0x7f1218001000, from:0x7f1217801000, to:0x7f1218001000, size:8192 KB]
          cg.C.x-3540  [039]     0.013852: (+1)     bprint:               __handle_mm_fault: NUMAB MEM ACCESS process[nid:1, cpu:39, pid:3540], folio[virt:0x7f12176002b0, phys:0x13939e000, pfn:0x13939e, nid:0, npages:1]
          cg.C.x-3540  [039]     0.013853: (+1)     bprint:               __handle_mm_fault: NUMAB TRY MEM MIGR process[nid:1, cpu:39, pid:3540], folio[virt:0x7f12176002b0, phys:0x13939e000, nid:0], target_nid:1
          cg.C.x-3541  [041]     0.013872: (+19)    bprint:               __handle_mm_fault: NUMAB COMPLETED MEM MIGR process[nid:1, cpu:41, pid:3541], old[phys:0x110717000, nid:0, npages:1], new[phys:0x185f230000, nid:1, npages:1]
          cg.C.x-3540  [039]     0.013894: (+22)    bprint:               __handle_mm_fault: NUMAB COMPLETED MEM MIGR process[nid:1, cpu:39, pid:3540], old[phys:0x13939e000, nid:0, npages:1], new[phys:0x18676f2000, nid:1, npages:1]
          cg.C.x-3520  [062]     0.013906: (+12)    bprint:               change_prot_numa: NUMAB SCAN vma[start:0x7f1218201000, end:0x7f1218a01000, from:0x7f1218201000, to:0x7f1218a01000, size:8192 KB]
          cg.C.x-3539  [037]     0.013907: (+1)     bprint:               __handle_mm_fault: NUMAB MEM ACCESS process[nid:1, cpu:37, pid:3539], folio[virt:0x7f12180002b0, phys:0x13b818000, pfn:0x13b818, nid:0, npages:1]
          cg.C.x-3539  [037]     0.013908: (+1)     bprint:               __handle_mm_fault: NUMAB TRY MEM MIGR process[nid:1, cpu:37, pid:3539], folio[virt:0x7f12180002b0, phys:0x13b818000, nid:0], target_nid:1
          cg.C.x-3520  [062]     0.013923: (+15)    bprint:               change_prot_numa: NUMAB SCAN vma[start:0x7f1218c01000, end:0x7f1219401000, from:0x7f1218c01000, to:0x7f1219401000, size:8192 KB]
          cg.C.x-3538  [035]     0.013924: (+1)     bprint:               __handle_mm_fault: NUMAB MEM ACCESS process[nid:1, cpu:35, pid:3538], folio[virt:0x7f1218a002b0, phys:0x139717000, pfn:0x139717, nid:0, npages:1]
          cg.C.x-3538  [035]     0.013926: (+2)     bprint:               __handle_mm_fault: NUMAB TRY MEM MIGR process[nid:1, cpu:35, pid:3538], folio[virt:0x7f1218a002b0, phys:0x139717000, nid:0], target_nid:1
          cg.C.x-3539  [037]     0.013944: (+18)    bprint:               __handle_mm_fault: NUMAB COMPLETED MEM MIGR process[nid:1, cpu:37, pid:3539], old[phys:0x13b818000, nid:0, npages:1], new[phys:0x186c8ba000, nid:1, npages:1]
          cg.C.x-3538  [035]     0.013966: (+22)    bprint:               __handle_mm_fault: NUMAB COMPLETED MEM MIGR process[nid:1, cpu:35, pid:3538], old[phys:0x139717000, nid:0, npages:1], new[phys:0x1890298000, nid:1, npages:1]
          cg.C.x-3520  [062]     0.013973: (+7)     bprint:               change_prot_numa: NUMAB SCAN vma[start:0x7f1219601000, end:0x7f1219e01000, from:0x7f1219601000, to:0x7f1219e01000, size:8192 KB]
          cg.C.x-3537  [033]     0.013975: (+2)     bprint:               __handle_mm_fault: NUMAB MEM ACCESS process[nid:1, cpu:33, pid:3537], folio[virt:0x7f12194002a8, phys:0x12172e000, pfn:0x12172e, nid:0, npages:1]
          cg.C.x-3537  [033]     0.013977: (+2)     bprint:               __handle_mm_fault: NUMAB TRY MEM MIGR process[nid:1, cpu:33, pid:3537], folio[virt:0x7f12194002a8, phys:0x12172e000, nid:0], target_nid:1
          cg.C.x-3520  [062]     0.013990: (+13)    bprint:               change_prot_numa: NUMAB SCAN vma[start:0x7f121a001000, end:0x7f121a801000, from:0x7f121a001000, to:0x7f121a801000, size:8192 KB]
          cg.C.x-3536  [031]     0.013991: (+1)     bprint:               __handle_mm_fault: NUMAB MEM ACCESS process[nid:1, cpu:31, pid:3536], folio[virt:0x7f1219e002b0, phys:0x110fb9000, pfn:0x110fb9, nid:0, npages:1]
          cg.C.x-3536  [031]     0.013993: (+2)     bprint:               __handle_mm_fault: NUMAB TRY MEM MIGR process[nid:1, cpu:31, pid:3536], folio[virt:0x7f1219e002b0, phys:0x110fb9000, nid:0], target_nid:1
          cg.C.x-3537  [033]     0.014014: (+21)    bprint:               __handle_mm_fault: NUMAB COMPLETED MEM MIGR process[nid:1, cpu:33, pid:3537], old[phys:0x12172e000, nid:0, npages:1], new[phys:0x186dbda000, nid:1, npages:1]
          cg.C.x-3536  [031]     0.014030: (+16)    bprint:               __handle_mm_fault: NUMAB COMPLETED MEM MIGR process[nid:1, cpu:31, pid:3536], old[phys:0x110fb9000, nid:0, npages:1], new[phys:0x303f0ec000, nid:1, npages:1]
          cg.C.x-3520  [062]     0.014042: (+12)    bprint:               change_prot_numa: NUMAB SCAN vma[start:0x7f121aa01000, end:0x7f121b201000, from:0x7f121aa01000, to:0x7f121b201000, size:8192 KB]
          cg.C.x-3535  [029]     0.014043: (+1)     bprint:               __handle_mm_fault: NUMAB MEM ACCESS process[nid:1, cpu:29, pid:3535], folio[virt:0x7f121a8002b0, phys:0x153afd000, pfn:0x153afd, nid:0, npages:1]
          cg.C.x-3535  [029]     0.014045: (+2)     bprint:               __handle_mm_fault: NUMAB TRY MEM MIGR process[nid:1, cpu:29, pid:3535], folio[virt:0x7f121a8002b0, phys:0x153afd000, nid:0], target_nid:1
          cg.C.x-3520  [062]     0.014059: (+14)    bprint:               change_prot_numa: NUMAB SCAN vma[start:0x7f121b401000, end:0x7f121bc01000, from:0x7f121b401000, to:0x7f121bc01000, size:8192 KB]
          cg.C.x-3534  [027]     0.014060: (+1)     bprint:               __handle_mm_fault: NUMAB MEM ACCESS process[nid:1, cpu:27, pid:3534], folio[virt:0x7f121b2002b0, phys:0x13943c000, pfn:0x13943c, nid:0, npages:1]
          cg.C.x-3534  [027]     0.014062: (+2)     bprint:               __handle_mm_fault: NUMAB TRY MEM MIGR process[nid:1, cpu:27, pid:3534], folio[virt:0x7f121b2002b0, phys:0x13943c000, nid:0], target_nid:1
          cg.C.x-3535  [029]     0.014081: (+19)    bprint:               __handle_mm_fault: NUMAB COMPLETED MEM MIGR process[nid:1, cpu:29, pid:3535], old[phys:0x153afd000, nid:0, npages:1], new[phys:0x1867564000, nid:1, npages:1]
          cg.C.x-3534  [027]     0.014104: (+23)    bprint:               __handle_mm_fault: NUMAB COMPLETED MEM MIGR process[nid:1, cpu:27, pid:3534], old[phys:0x13943c000, nid:0, npages:1], new[phys:0x185eeb3000, nid:1, npages:1]
          cg.C.x-3533  [025]     0.014112: (+8)     bprint:               __handle_mm_fault: NUMAB MEM ACCESS process[nid:1, cpu:25, pid:3533], folio[virt:0x7f121bc002b0, phys:0x3245cf000, pfn:0x3245cf, nid:0, npages:1]
          cg.C.x-3520  [062]     0.014112: (+0)     bprint:               change_prot_numa: NUMAB SCAN vma[start:0x7f121be01000, end:0x7f121c601000, from:0x7f121be01000, to:0x7f121c601000, size:8192 KB]
          cg.C.x-3533  [025]     0.014113: (+1)     bprint:               __handle_mm_fault: NUMAB TRY MEM MIGR process[nid:1, cpu:25, pid:3533], folio[virt:0x7f121bc002b0, phys:0x3245cf000, nid:0], target_nid:1
          cg.C.x-3520  [062]     0.014130: (+17)    bprint:               change_prot_numa: NUMAB SCAN vma[start:0x7f121c801000, end:0x7f121d001000, from:0x7f121c801000, to:0x7f121d001000, size:8192 KB]
          cg.C.x-3532  [023]     0.014130: (+0)     bprint:               __handle_mm_fault: NUMAB MEM ACCESS process[nid:1, cpu:23, pid:3532], folio[virt:0x7f121c6002b0, phys:0x3245ce000, pfn:0x3245ce, nid:0, npages:1]
          cg.C.x-3532  [023]     0.014131: (+1)     bprint:               __handle_mm_fault: NUMAB TRY MEM MIGR process[nid:1, cpu:23, pid:3532], folio[virt:0x7f121c6002b0, phys:0x3245ce000, nid:0], target_nid:1
          cg.C.x-3533  [025]     0.014153: (+22)    bprint:               __handle_mm_fault: NUMAB COMPLETED MEM MIGR process[nid:1, cpu:25, pid:3533], old[phys:0x3245cf000, nid:0, npages:1], new[phys:0x1857769000, nid:1, npages:1]
          cg.C.x-3532  [023]     0.014158: (+5)     bprint:               __handle_mm_fault: NUMAB COMPLETED MEM MIGR process[nid:1, cpu:23, pid:3532], old[phys:0x3245ce000, nid:0, npages:1], new[phys:0x185ec3f000, nid:1, npages:1]
          cg.C.x-3520  [062]     0.014180: (+22)    bprint:               change_prot_numa: NUMAB SCAN vma[start:0x7f121d201000, end:0x7f121da01000, from:0x7f121d201000, to:0x7f121da01000, size:8192 KB]
          cg.C.x-3531  [021]     0.014181: (+1)     bprint:               __handle_mm_fault: NUMAB MEM ACCESS process[nid:1, cpu:21, pid:3531], folio[virt:0x7f121d0002b0, phys:0x32458f000, pfn:0x32458f, nid:0, npages:1]
          cg.C.x-3531  [021]     0.014182: (+1)     bprint:               __handle_mm_fault: NUMAB TRY MEM MIGR process[nid:1, cpu:21, pid:3531], folio[virt:0x7f121d0002b0, phys:0x32458f000, nid:0], target_nid:1
          cg.C.x-3520  [062]     0.014197: (+15)    bprint:               change_prot_numa: NUMAB SCAN vma[start:0x7f121dc01000, end:0x7f121e401000, from:0x7f121dc01000, to:0x7f121e401000, size:8192 KB]
          cg.C.x-3530  [019]     0.014197: (+0)     bprint:               __handle_mm_fault: NUMAB MEM ACCESS process[nid:1, cpu:19, pid:3530], folio[virt:0x7f121da002b0, phys:0x32458e000, pfn:0x32458e, nid:0, npages:1]
          cg.C.x-3530  [019]     0.014198: (+1)     bprint:               __handle_mm_fault: NUMAB TRY MEM MIGR process[nid:1, cpu:19, pid:3530], folio[virt:0x7f121da002b0, phys:0x32458e000, nid:0], target_nid:1
          cg.C.x-3531  [021]     0.014216: (+18)    bprint:               __handle_mm_fault: NUMAB COMPLETED MEM MIGR process[nid:1, cpu:21, pid:3531], old[phys:0x32458f000, nid:0, npages:1], new[phys:0x186eb60000, nid:1, npages:1]
          cg.C.x-3530  [019]     0.014229: (+13)    bprint:               __handle_mm_fault: NUMAB COMPLETED MEM MIGR process[nid:1, cpu:19, pid:3530], old[phys:0x32458e000, nid:0, npages:1], new[phys:0x1858d87000, nid:1, npages:1]
          cg.C.x-3520  [062]     0.014245: (+16)    bprint:               change_prot_numa: NUMAB SCAN vma[start:0x7f121e601000, end:0x7f121ee01000, from:0x7f121e601000, to:0x7f121ee01000, size:8192 KB]
          cg.C.x-3529  [017]     0.014246: (+1)     bprint:               __handle_mm_fault: NUMAB MEM ACCESS process[nid:1, cpu:17, pid:3529], folio[virt:0x7f121e4002b0, phys:0x112c74000, pfn:0x112c74, nid:0, npages:1]
          cg.C.x-3529  [017]     0.014247: (+1)     bprint:               __handle_mm_fault: NUMAB TRY MEM MIGR process[nid:1, cpu:17, pid:3529], folio[virt:0x7f121e4002b0, phys:0x112c74000, nid:0], target_nid:1
          cg.C.x-3520  [062]     0.014263: (+16)    bprint:               change_prot_numa: NUMAB SCAN vma[start:0x7f121f001000, end:0x7f121f801000, from:0x7f121f001000, to:0x7f121f801000, size:8192 KB]
          cg.C.x-3528  [015]     0.014263: (+0)     bprint:               __handle_mm_fault: NUMAB MEM ACCESS process[nid:1, cpu:15, pid:3528], folio[virt:0x7f121ee002b0, phys:0x139f11000, pfn:0x139f11, nid:0, npages:1]
          cg.C.x-3528  [015]     0.014265: (+2)     bprint:               __handle_mm_fault: NUMAB TRY MEM MIGR process[nid:1, cpu:15, pid:3528], folio[virt:0x7f121ee002b0, phys:0x139f11000, nid:0], target_nid:1
          cg.C.x-3529  [017]     0.014276: (+11)    bprint:               __handle_mm_fault: NUMAB COMPLETED MEM MIGR process[nid:1, cpu:17, pid:3529], old[phys:0x112c74000, nid:0, npages:1], new[phys:0x185e8c5000, nid:1, npages:1]
          cg.C.x-3528  [015]     0.014289: (+13)    bprint:               __handle_mm_fault: NUMAB COMPLETED MEM MIGR process[nid:1, cpu:15, pid:3528], old[phys:0x139f11000, nid:0, npages:1], new[phys:0x1854f8c000, nid:1, npages:1]
          cg.C.x-3520  [062]     0.014315: (+26)    bprint:               change_prot_numa: NUMAB SCAN vma[start:0x7f121fa01000, end:0x7f1220201000, from:0x7f121fa01000, to:0x7f1220201000, size:8192 KB]
          cg.C.x-3527  [013]     0.014316: (+1)     bprint:               __handle_mm_fault: NUMAB MEM ACCESS process[nid:1, cpu:13, pid:3527], folio[virt:0x7f121f8002b0, phys:0x139cea000, pfn:0x139cea, nid:0, npages:1]
          cg.C.x-3527  [013]     0.014317: (+1)     bprint:               __handle_mm_fault: NUMAB TRY MEM MIGR process[nid:1, cpu:13, pid:3527], folio[virt:0x7f121f8002b0, phys:0x139cea000, nid:0], target_nid:1
          cg.C.x-3526  [011]     0.014332: (+15)    bprint:               __handle_mm_fault: NUMAB MEM ACCESS process[nid:1, cpu:11, pid:3526], folio[virt:0x7f12202002b0, phys:0x110819000, pfn:0x110819, nid:0, npages:1]
          cg.C.x-3520  [062]     0.014332: (+0)     bprint:               change_prot_numa: NUMAB SCAN vma[start:0x7f1220401000, end:0x7f1220c01000, from:0x7f1220401000, to:0x7f1220c01000, size:8192 KB]
          cg.C.x-3526  [011]     0.014334: (+2)     bprint:               __handle_mm_fault: NUMAB TRY MEM MIGR process[nid:1, cpu:11, pid:3526], folio[virt:0x7f12202002b0, phys:0x110819000, nid:0], target_nid:1
          cg.C.x-3527  [013]     0.014355: (+21)    bprint:               __handle_mm_fault: NUMAB COMPLETED MEM MIGR process[nid:1, cpu:13, pid:3527], old[phys:0x139cea000, nid:0, npages:1], new[phys:0x1855abf000, nid:1, npages:1]
          cg.C.x-3526  [011]     0.014360: (+5)     bprint:               __handle_mm_fault: NUMAB COMPLETED MEM MIGR process[nid:1, cpu:11, pid:3526], old[phys:0x110819000, nid:0, npages:1], new[phys:0x185e2e6000, nid:1, npages:1]
          cg.C.x-3520  [062]     0.014382: (+22)    bprint:               change_prot_numa: NUMAB SCAN vma[start:0x7f1220e01000, end:0x7f1221601000, from:0x7f1220e01000, to:0x7f1221601000, size:8192 KB]
          cg.C.x-3525  [009]     0.014383: (+1)     bprint:               __handle_mm_fault: NUMAB MEM ACCESS process[nid:1, cpu:9, pid:3525], folio[virt:0x7f1220c002b0, phys:0x13d1c2000, pfn:0x13d1c2, nid:0, npages:1]
          cg.C.x-3525  [009]     0.014384: (+1)     bprint:               __handle_mm_fault: NUMAB TRY MEM MIGR process[nid:1, cpu:9, pid:3525], folio[virt:0x7f1220c002b0, phys:0x13d1c2000, nid:0], target_nid:1
          cg.C.x-3524  [007]     0.014399: (+15)    bprint:               __handle_mm_fault: NUMAB MEM ACCESS process[nid:1, cpu:7, pid:3524], folio[virt:0x7f12216002b0, phys:0x139c1f000, pfn:0x139c1f, nid:0, npages:1]
          cg.C.x-3520  [062]     0.014400: (+1)     bprint:               change_prot_numa: NUMAB SCAN vma[start:0x7f1221801000, end:0x7f1222001000, from:0x7f1221801000, to:0x7f1222001000, size:8192 KB]
          cg.C.x-3524  [007]     0.014401: (+1)     bprint:               __handle_mm_fault: NUMAB TRY MEM MIGR process[nid:1, cpu:7, pid:3524], folio[virt:0x7f12216002b0, phys:0x139c1f000, nid:0], target_nid:1
          cg.C.x-3525  [009]     0.014414: (+13)    bprint:               __handle_mm_fault: NUMAB COMPLETED MEM MIGR process[nid:1, cpu:9, pid:3525], old[phys:0x13d1c2000, nid:0, npages:1], new[phys:0x1867018000, nid:1, npages:1]
          cg.C.x-3524  [007]     0.014425: (+11)    bprint:               __handle_mm_fault: NUMAB COMPLETED MEM MIGR process[nid:1, cpu:7, pid:3524], old[phys:0x139c1f000, nid:0, npages:1], new[phys:0x186d8f2000, nid:1, npages:1]
          cg.C.x-3520  [062]     0.014451: (+26)    bprint:               change_prot_numa: NUMAB SCAN vma[start:0x7f1222201000, end:0x7f1222a01000, from:0x7f1222201000, to:0x7f1222a01000, size:8192 KB]
          cg.C.x-3523  [005]     0.014452: (+1)     bprint:               __handle_mm_fault: NUMAB MEM ACCESS process[nid:1, cpu:5, pid:3523], folio[virt:0x7f12220002b0, phys:0x15042a000, pfn:0x15042a, nid:0, npages:1]
          cg.C.x-3523  [005]     0.014453: (+1)     bprint:               __handle_mm_fault: NUMAB TRY MEM MIGR process[nid:1, cpu:5, pid:3523], folio[virt:0x7f12220002b0, phys:0x15042a000, nid:0], target_nid:1
          cg.C.x-3520  [062]     0.014468: (+15)    bprint:               change_prot_numa: NUMAB SCAN vma[start:0x7f1222c01000, end:0x7f1223401000, from:0x7f1222c01000, to:0x7f1223401000, size:8192 KB]
          cg.C.x-3522  [003]     0.014468: (+0)     bprint:               __handle_mm_fault: NUMAB MEM ACCESS process[nid:1, cpu:3, pid:3522], folio[virt:0x7f1222a002b0, phys:0x1108f8000, pfn:0x1108f8, nid:0, npages:1]
          cg.C.x-3522  [003]     0.014469: (+1)     bprint:               __handle_mm_fault: NUMAB TRY MEM MIGR process[nid:1, cpu:3, pid:3522], folio[virt:0x7f1222a002b0, phys:0x1108f8000, nid:0], target_nid:1
          cg.C.x-3523  [005]     0.014490: (+21)    bprint:               __handle_mm_fault: NUMAB COMPLETED MEM MIGR process[nid:1, cpu:5, pid:3523], old[phys:0x15042a000, nid:0, npages:1], new[phys:0x1857652000, nid:1, npages:1]
          cg.C.x-3522  [003]     0.014503: (+13)    bprint:               __handle_mm_fault: NUMAB COMPLETED MEM MIGR process[nid:1, cpu:3, pid:3522], old[phys:0x1108f8000, nid:0, npages:1], new[phys:0x185e2ef000, nid:1, npages:1]
          cg.C.x-3520  [062]     0.014514: (+11)    bprint:               change_prot_numa: NUMAB SCAN vma[start:0x7f1223601000, end:0x7f1223e01000, from:0x7f1223601000, to:0x7f1223e01000, size:8192 KB]
          cg.C.x-3521  [001]     0.014516: (+2)     bprint:               __handle_mm_fault: NUMAB MEM ACCESS process[nid:1, cpu:1, pid:3521], folio[virt:0x7f12234002b8, phys:0x123286000, pfn:0x123286, nid:0, npages:1]
          cg.C.x-3521  [001]     0.014517: (+1)     bprint:               __handle_mm_fault: NUMAB TRY MEM MIGR process[nid:1, cpu:1, pid:3521], folio[virt:0x7f12234002b8, phys:0x123286000, nid:0], target_nid:1
          cg.C.x-3520  [062]     0.014532: (+15)    bprint:               change_prot_numa: NUMAB SCAN vma[start:0x7f1224001000, end:0x7f1224801000, from:0x7f1224001000, to:0x7f1224801000, size:8192 KB]
          cg.C.x-3521  [001]     0.014553: (+21)    bprint:               __handle_mm_fault: NUMAB COMPLETED MEM MIGR process[nid:1, cpu:1, pid:3521], old[phys:0x123286000, nid:0, npages:1], new[phys:0x185ded6000, nid:1, npages:1]
          cg.C.x-3520  [062]     0.014568: (+15)    bprint:               change_prot_numa: NUMAB SCAN vma[start:0x7f1224a01000, end:0x7f1225201000, from:0x7f1224a01000, to:0x7f1225201000, size:8192 KB]
          cg.C.x-3519  [060]     0.014570: (+2)     bprint:               __handle_mm_fault: NUMAB MEM ACCESS process[nid:0, cpu:60, pid:3519], folio[virt:0x7f12248002b0, phys:0x1206e3000, pfn:0x1206e3, nid:0, npages:1]
          cg.C.x-3520  [062]     0.014585: (+15)    bprint:               change_prot_numa: NUMAB SCAN vma[start:0x7f1225401000, end:0x7f1225c01000, from:0x7f1225401000, to:0x7f1225c01000, size:8192 KB]
          cg.C.x-3518  [058]     0.014586: (+1)     bprint:               __handle_mm_fault: NUMAB MEM ACCESS process[nid:0, cpu:58, pid:3518], folio[virt:0x7f12252002b0, phys:0x3780b8000, pfn:0x3780b8, nid:0, npages:1]
          cg.C.x-3520  [062]     0.014602: (+16)    bprint:               change_prot_numa: NUMAB SCAN vma[start:0x7f1225e01000, end:0x7f1226601000, from:0x7f1225e01000, to:0x7f1226601000, size:8192 KB]
          cg.C.x-3517  [056]     0.014602: (+0)     bprint:               __handle_mm_fault: NUMAB MEM ACCESS process[nid:0, cpu:56, pid:3517], folio[virt:0x7f1225bff698, phys:0x153622000, pfn:0x153622, nid:0, npages:1]
          cg.C.x-3517  [056]     0.014606: (+4)     bprint:               __handle_mm_fault: NUMAB MEM ACCESS process[nid:0, cpu:56, pid:3517], folio[virt:0x7f1225c002b0, phys:0x13a18e000, pfn:0x13a18e, nid:0, npages:1]
          cg.C.x-3520  [062]     0.014618: (+12)    bprint:               change_prot_numa: NUMAB SCAN vma[start:0x7f1226801000, end:0x7f1227001000, from:0x7f1226801000, to:0x7f1227001000, size:8192 KB]
          cg.C.x-3516  [054]     0.014619: (+1)     bprint:               __handle_mm_fault: NUMAB MEM ACCESS process[nid:0, cpu:54, pid:3516], folio[virt:0x7f12266002b0, phys:0x3244d2000, pfn:0x3244d2, nid:0, npages:1]
          cg.C.x-3520  [062]     0.014634: (+15)    bprint:               change_prot_numa: NUMAB SCAN vma[start:0x7f1227201000, end:0x7f1227a01000, from:0x7f1227201000, to:0x7f1227a01000, size:8192 KB]
          cg.C.x-3515  [052]     0.014635: (+1)     bprint:               __handle_mm_fault: NUMAB MEM ACCESS process[nid:0, cpu:52, pid:3515], folio[virt:0x7f12270002b0, phys:0x3244d1000, pfn:0x3244d1, nid:0, npages:1]
          cg.C.x-3515  [052]     0.014639: (+4)     bprint:               __handle_mm_fault: NUMAB MEM ACCESS process[nid:0, cpu:52, pid:3515], folio[virt:0x7f1226fff698, phys:0x29f790000, pfn:0x29f790, nid:0, npages:1]
          cg.C.x-3520  [062]     0.014651: (+12)    bprint:               change_prot_numa: NUMAB SCAN vma[start:0x7f1227c01000, end:0x7f1228401000, from:0x7f1227c01000, to:0x7f1228401000, size:8192 KB]
          cg.C.x-3514  [050]     0.014651: (+0)     bprint:               __handle_mm_fault: NUMAB MEM ACCESS process[nid:0, cpu:50, pid:3514], folio[virt:0x7f1227a002b0, phys:0x1137a4000, pfn:0x1137a4, nid:0, npages:1]
          cg.C.x-3520  [062]     0.014667: (+16)    bprint:               change_prot_numa: NUMAB SCAN vma[start:0x7f1228601000, end:0x7f1228e01000, from:0x7f1228601000, to:0x7f1228e01000, size:8192 KB]
          cg.C.x-3513  [048]     0.014668: (+1)     bprint:               __handle_mm_fault: NUMAB MEM ACCESS process[nid:0, cpu:48, pid:3513], folio[virt:0x7f12283ff700, phys:0x29f7d3000, pfn:0x29f7d3, nid:0, npages:1]
          cg.C.x-3513  [048]     0.014672: (+4)     bprint:               __handle_mm_fault: NUMAB MEM ACCESS process[nid:0, cpu:48, pid:3513], folio[virt:0x7f12284002b0, phys:0x139646000, pfn:0x139646, nid:0, npages:1]
          cg.C.x-3520  [062]     0.014684: (+12)    bprint:               change_prot_numa: NUMAB SCAN vma[start:0x7f1229001000, end:0x7f1229801000, from:0x7f1229001000, to:0x7f1229801000, size:8192 KB]
          cg.C.x-3512  [046]     0.014685: (+1)     bprint:               __handle_mm_fault: NUMAB MEM ACCESS process[nid:0, cpu:46, pid:3512], folio[virt:0x7f1228e002b0, phys:0x153b53000, pfn:0x153b53, nid:0, npages:1]
          cg.C.x-3512  [046]     0.014690: (+5)     bprint:               __handle_mm_fault: NUMAB MEM ACCESS process[nid:0, cpu:46, pid:3512], folio[virt:0x7f1228dff698, phys:0x1534ee000, pfn:0x1534ee, nid:0, npages:1]
          cg.C.x-3520  [062]     0.014701: (+11)    bprint:               change_prot_numa: NUMAB SCAN vma[start:0x7f1229a01000, end:0x7f122a201000, from:0x7f1229a01000, to:0x7f122a201000, size:8192 KB]
          cg.C.x-3511  [044]     0.014702: (+1)     bprint:               __handle_mm_fault: NUMAB MEM ACCESS process[nid:0, cpu:44, pid:3511], folio[virt:0x7f12298002b0, phys:0x29fd57000, pfn:0x29fd57, nid:0, npages:1]
          cg.C.x-3511  [044]     0.014706: (+4)     bprint:               __handle_mm_fault: NUMAB MEM ACCESS process[nid:0, cpu:44, pid:3511], folio[virt:0x7f12297ff698, phys:0x2fed32000, pfn:0x2fed32, nid:0, npages:1]
          cg.C.x-3520  [062]     0.014718: (+12)    bprint:               change_prot_numa: NUMAB SCAN vma[start:0x7f122a401000, end:0x7f122ac01000, from:0x7f122a401000, to:0x7f122ac01000, size:8192 KB]
          cg.C.x-3510  [042]     0.014719: (+1)     bprint:               __handle_mm_fault: NUMAB MEM ACCESS process[nid:0, cpu:42, pid:3510], folio[virt:0x7f122a2002b0, phys:0x17e0897000, pfn:0x17e0897, nid:0, npages:1]
          cg.C.x-3510  [042]     0.014723: (+4)     bprint:               __handle_mm_fault: NUMAB MEM ACCESS process[nid:0, cpu:42, pid:3510], folio[virt:0x7f122a1ff698, phys:0x2fec87000, pfn:0x2fec87, nid:0, npages:1]
          cg.C.x-3520  [062]     0.014734: (+11)    bprint:               change_prot_numa: NUMAB SCAN vma[start:0x7f122ae01000, end:0x7f122b601000, from:0x7f122ae01000, to:0x7f122b601000, size:8192 KB]
          cg.C.x-3509  [040]     0.014735: (+1)     bprint:               __handle_mm_fault: NUMAB MEM ACCESS process[nid:0, cpu:40, pid:3509], folio[virt:0x7f122ac002b0, phys:0x1397eb000, pfn:0x1397eb, nid:0, npages:1]
          cg.C.x-3520  [062]     0.014751: (+16)    bprint:               change_prot_numa: NUMAB SCAN vma[start:0x7f122b801000, end:0x7f122c001000, from:0x7f122b801000, to:0x7f122c001000, size:8192 KB]
          cg.C.x-3508  [038]     0.014752: (+1)     bprint:               __handle_mm_fault: NUMAB MEM ACCESS process[nid:0, cpu:38, pid:3508], folio[virt:0x7f122b6002b0, phys:0x121750000, pfn:0x121750, nid:0, npages:1]
          cg.C.x-3520  [062]     0.014767: (+15)    bprint:               change_prot_numa: NUMAB SCAN vma[start:0x7f122c201000, end:0x7f122ca01000, from:0x7f122c201000, to:0x7f122ca01000, size:8192 KB]
          cg.C.x-3507  [036]     0.014768: (+1)     bprint:               __handle_mm_fault: NUMAB MEM ACCESS process[nid:0, cpu:36, pid:3507], folio[virt:0x7f122c0002a8, phys:0x13962f000, pfn:0x13962f, nid:0, npages:1]
          cg.C.x-3520  [062]     0.014783: (+15)    bprint:               change_prot_numa: NUMAB SCAN vma[start:0x7f122cc01000, end:0x7f122d401000, from:0x7f122cc01000, to:0x7f122d401000, size:8192 KB]
          cg.C.x-3506  [034]     0.014784: (+1)     bprint:               __handle_mm_fault: NUMAB MEM ACCESS process[nid:0, cpu:34, pid:3506], folio[virt:0x7f122ca002b0, phys:0x11232a000, pfn:0x11232a, nid:0, npages:1]
          cg.C.x-3520  [062]     0.014799: (+15)    bprint:               change_prot_numa: NUMAB SCAN vma[start:0x7f122d601000, end:0x7f122de01000, from:0x7f122d601000, to:0x7f122de01000, size:8192 KB]
          cg.C.x-3505  [032]     0.014799: (+0)     bprint:               __handle_mm_fault: NUMAB MEM ACCESS process[nid:0, cpu:32, pid:3505], folio[virt:0x7f122d4002b0, phys:0x13aaa6000, pfn:0x13aaa6, nid:0, npages:1]
          cg.C.x-3520  [062]     0.014815: (+16)    bprint:               change_prot_numa: NUMAB SCAN vma[start:0x7f122e001000, end:0x7f122e801000, from:0x7f122e001000, to:0x7f122e801000, size:8192 KB]
          cg.C.x-3504  [030]     0.014816: (+1)     bprint:               __handle_mm_fault: NUMAB MEM ACCESS process[nid:0, cpu:30, pid:3504], folio[virt:0x7f122ddff700, phys:0x13a61c000, pfn:0x13a61c, nid:0, npages:1]
          cg.C.x-3504  [030]     0.014819: (+3)     bprint:               __handle_mm_fault: NUMAB MEM ACCESS process[nid:0, cpu:30, pid:3504], folio[virt:0x7f122de002b0, phys:0x13aaa5000, pfn:0x13aaa5, nid:0, npages:1]
          cg.C.x-3520  [062]     0.014833: (+14)    bprint:               change_prot_numa: NUMAB SCAN vma[start:0x7f122ea01000, end:0x7f122f201000, from:0x7f122ea01000, to:0x7f122f201000, size:8192 KB]
          cg.C.x-3503  [028]     0.014833: (+0)     bprint:               __handle_mm_fault: NUMAB MEM ACCESS process[nid:0, cpu:28, pid:3503], folio[virt:0x7f122e8002b0, phys:0x13aaa4000, pfn:0x13aaa4, nid:0, npages:1]
          cg.C.x-3503  [028]     0.014836: (+3)     bprint:               __handle_mm_fault: NUMAB MEM ACCESS process[nid:0, cpu:28, pid:3503], folio[virt:0x7f122e7ff698, phys:0x110548000, pfn:0x110548, nid:0, npages:1]
          cg.C.x-3520  [062]     0.014849: (+13)    bprint:               change_prot_numa: NUMAB SCAN vma[start:0x7f122f401000, end:0x7f122fc01000, from:0x7f122f401000, to:0x7f122fc01000, size:8192 KB]
          cg.C.x-3502  [026]     0.014850: (+1)     bprint:               __handle_mm_fault: NUMAB MEM ACCESS process[nid:0, cpu:26, pid:3502], folio[virt:0x7f122f2002b0, phys:0x13a33a000, pfn:0x13a33a, nid:0, npages:1]
          cg.C.x-3502  [026]     0.014853: (+3)     bprint:               __handle_mm_fault: NUMAB MEM ACCESS process[nid:0, cpu:26, pid:3502], folio[virt:0x7f122f1ff698, phys:0x113e31000, pfn:0x113e31, nid:0, npages:1]
          cg.C.x-3501  [024]     0.014865: (+12)    bprint:               __handle_mm_fault: NUMAB MEM ACCESS process[nid:0, cpu:24, pid:3501], folio[virt:0x7f122fc002b8, phys:0x116312000, pfn:0x116312, nid:0, npages:1]
          cg.C.x-3520  [062]     0.014865: (+0)     bprint:               change_prot_numa: NUMAB SCAN vma[start:0x7f122fe01000, end:0x7f1230601000, from:0x7f122fe01000, to:0x7f1230601000, size:8192 KB]
          cg.C.x-3520  [062]     0.014881: (+16)    bprint:               change_prot_numa: NUMAB SCAN vma[start:0x7f1230801000, end:0x7f1231001000, from:0x7f1230801000, to:0x7f1231001000, size:8192 KB]
          cg.C.x-3500  [022]     0.014882: (+1)     bprint:               __handle_mm_fault: NUMAB MEM ACCESS process[nid:0, cpu:22, pid:3500], folio[virt:0x7f12305ff700, phys:0x3263a3000, pfn:0x3263a3, nid:0, npages:1]
          cg.C.x-3500  [022]     0.014885: (+3)     bprint:               __handle_mm_fault: NUMAB MEM ACCESS process[nid:0, cpu:22, pid:3500], folio[virt:0x7f12306002b0, phys:0x1204f5000, pfn:0x1204f5, nid:0, npages:1]
          cg.C.x-3499  [020]     0.014897: (+12)    bprint:               __handle_mm_fault: NUMAB MEM ACCESS process[nid:0, cpu:20, pid:3499], folio[virt:0x7f12310002b0, phys:0x29fdd2000, pfn:0x29fdd2, nid:0, npages:1]
          cg.C.x-3520  [062]     0.014897: (+0)     bprint:               change_prot_numa: NUMAB SCAN vma[start:0x7f1231201000, end:0x7f1231a01000, from:0x7f1231201000, to:0x7f1231a01000, size:8192 KB]
          cg.C.x-3498  [018]     0.014914: (+17)    bprint:               __handle_mm_fault: NUMAB MEM ACCESS process[nid:0, cpu:18, pid:3498], folio[virt:0x7f1231a002a8, phys:0x29fdd1000, pfn:0x29fdd1, nid:0, npages:1]
          cg.C.x-3520  [062]     0.014915: (+1)     bprint:               change_prot_numa: NUMAB SCAN vma[start:0x7f1231c01000, end:0x7f1232401000, from:0x7f1231c01000, to:0x7f1232401000, size:8192 KB]
          cg.C.x-3497  [016]     0.014931: (+16)    bprint:               __handle_mm_fault: NUMAB MEM ACCESS process[nid:0, cpu:16, pid:3497], folio[virt:0x7f12324002b0, phys:0x1224a3000, pfn:0x1224a3, nid:0, npages:1]
          cg.C.x-3520  [062]     0.014931: (+0)     bprint:               change_prot_numa: NUMAB SCAN vma[start:0x7f1232601000, end:0x7f1232e01000, from:0x7f1232601000, to:0x7f1232e01000, size:8192 KB]
          cg.C.x-3496  [014]     0.014948: (+17)    bprint:               __handle_mm_fault: NUMAB MEM ACCESS process[nid:0, cpu:14, pid:3496], folio[virt:0x7f1232e002b0, phys:0x2fec0c000, pfn:0x2fec0c, nid:0, npages:1]
          cg.C.x-3520  [062]     0.014951: (+3)     bprint:               change_prot_numa: NUMAB SCAN vma[start:0x7f1233001000, end:0x7f1233801000, from:0x7f1233001000, to:0x7f1233801000, size:8192 KB]
          cg.C.x-3495  [012]     0.014967: (+16)    bprint:               __handle_mm_fault: NUMAB MEM ACCESS process[nid:0, cpu:12, pid:3495], folio[virt:0x7f12338002b0, phys:0x2fec0a000, pfn:0x2fec0a, nid:0, npages:1]
          cg.C.x-3520  [062]     0.014968: (+1)     bprint:               change_prot_numa: NUMAB SCAN vma[start:0x7f1233a01000, end:0x7f1234201000, from:0x7f1233a01000, to:0x7f1234201000, size:8192 KB]
          cg.C.x-3520  [062]     0.014984: (+16)    bprint:               change_prot_numa: NUMAB SCAN vma[start:0x7f1234401000, end:0x7f1234c01000, from:0x7f1234401000, to:0x7f1234c01000, size:8192 KB]
          cg.C.x-3494  [010]     0.014985: (+1)     bprint:               __handle_mm_fault: NUMAB MEM ACCESS process[nid:0, cpu:10, pid:3494], folio[virt:0x7f12342002b8, phys:0x29f76e000, pfn:0x29f76e, nid:0, npages:1]
          cg.C.x-3520  [062]     0.015001: (+16)    bprint:               change_prot_numa: NUMAB SCAN vma[start:0x7f1234e01000, end:0x7f1235601000, from:0x7f1234e01000, to:0x7f1235601000, size:8192 KB]
          cg.C.x-3493  [008]     0.015001: (+0)     bprint:               __handle_mm_fault: NUMAB MEM ACCESS process[nid:0, cpu:8, pid:3493], folio[virt:0x7f1234c002b0, phys:0x29f76d000, pfn:0x29f76d, nid:0, npages:1]
          cg.C.x-3520  [062]     0.015017: (+16)    bprint:               change_prot_numa: NUMAB SCAN vma[start:0x7f1235801000, end:0x7f1236001000, from:0x7f1235801000, to:0x7f1236001000, size:8192 KB]
          cg.C.x-3520  [062]     0.015033: (+16)    bprint:               change_prot_numa: NUMAB SCAN vma[start:0x7f1236201000, end:0x7f1236a01000, from:0x7f1236201000, to:0x7f1236a01000, size:8192 KB]
          cg.C.x-3520  [062]     0.015049: (+16)    bprint:               change_prot_numa: NUMAB SCAN vma[start:0x7f1236b6c000, end:0x7f12494f9000, from:0x7f1236b6c000, to:0x7f12494f9000, size:304692 KB]
          cg.C.x-3520  [062]     0.015072: (+23)    bprint:               change_prot_numa: NUMAB SCAN vma[start:0x7f1249600000, end:0x7f124a850000, from:0x7f1249600000, to:0x7f124a850000, size:18752 KB]
          cg.C.x-3520  [062]     0.015086: (+14)    bprint:               change_prot_numa: NUMAB SCAN vma[start:0x7f124a8db000, end:0x7f125cef9000, from:0x7f124a8db000, to:0x7f1258e00000, size:234644 KB]
          cg.C.x-3493  [008]     0.015086: (+0)     bprint:               do_huge_pmd_numa_page: NUMAB MEM ACCESS huge page process[nid:0, cpu:8, pid:3493], folio[virt:0x7f1249759e90, ker:0xffff93f48c800000, pfn:0x30c800, nid:0, npages:512]
