          cg.C.x-2417  [048]     1.017830: (+5)     bprint:               __handle_mm_fault: NUMAB MEM ACCESS process[nid:0, cpu:48, pid:2417], folio[virt:0x7f25af1ff9b8, phys:0x1144c0000, pfn:0x1144c0, nid:0, npages:1]
          cg.C.x-2417  [048]     1.017834: (+4)     bprint:               __handle_mm_fault: NUMAB MEM ACCESS process[nid:0, cpu:48, pid:2417], folio[virt:0x7f25af200220, phys:0x3780a3000, pfn:0x3780a3, nid:0, npages:1]
          cg.C.x-2425  [001]     1.017842: (+8)     bprint:               change_prot_numa: NUMAB SCAN vma[start:0x7f25bbc01000, end:0x7f25bc401000, from:0x7f25bbc01000, to:0x7f25bc401000, size:8192 KB]
          cg.C.x-2425  [001]     1.017859: (+17)    bprint:               change_prot_numa: NUMAB SCAN vma[start:0x7f25bc601000, end:0x7f25bce01000, from:0x7f25bc601000, to:0x7f25bce01000, size:8192 KB]
          cg.C.x-2425  [001]     1.017876: (+17)    bprint:               change_prot_numa: NUMAB SCAN vma[start:0x7f25bd001000, end:0x7f25bd801000, from:0x7f25bd001000, to:0x7f25bd801000, size:8192 KB]
          cg.C.x-2425  [001]     1.017893: (+17)    bprint:               change_prot_numa: NUMAB SCAN vma[start:0x7f25bd891000, end:0x7f25d00f9000, from:0x7f25bd891000, to:0x7f25d00f9000, size:303520 KB]
          cg.C.x-2424  [062]     1.018022: (+129)   bprint:               __handle_mm_fault: NUMAB MEM ACCESS process[nid:0, cpu:62, pid:2424], folio[virt:0x7f25aabff9b8, phys:0x12158b000, pfn:0x12158b, nid:0, npages:1]
          cg.C.x-2424  [062]     1.018025: (+3)     bprint:               __handle_mm_fault: NUMAB MEM ACCESS process[nid:0, cpu:62, pid:2424], folio[virt:0x7f25aac00220, phys:0x3780ab000, pfn:0x3780ab, nid:0, npages:1]
          cg.C.x-2425  [001]     1.018031: (+6)     bprint:               change_prot_numa: NUMAB SCAN vma[start:0x7f25d0200000, end:0x7f25d1450000, from:0x7f25d0200000, to:0x7f25d1450000, size:18752 KB]
          cg.C.x-2425  [001]     1.018057: (+26)    bprint:               change_prot_numa: NUMAB SCAN vma[start:0x7f25d14db000, end:0x7f25e3af9000, from:0x7f25d14db000, to:0x7f25de200000, size:210068 KB]
          cg.C.x-2425  [001]     1.018134: (+77)    bprint:               __handle_mm_fault: NUMAB MEM ACCESS process[nid:1, cpu:1, pid:2425], folio[virt:0x7f25bdaf7540, phys:0x13a2eb000, pfn:0x13a2eb, nid:0, npages:1]
          cg.C.x-2425  [001]     1.018135: (+1)     bprint:               __handle_mm_fault: NUMAB TRY MEM MIGR process[nid:1, cpu:1, pid:2425], folio[virt:0x7f25bdaf7540, phys:0x13a2eb000, nid:0], target_nid:1
          cg.C.x-2425  [001]     1.018142: (+7)     bprint:               __handle_mm_fault: NUMAB COMPLETED MEM MIGR process[nid:1, cpu:1, pid:2425], old[phys:0x13a2eb000, nid:0, npages:1], new[phys:0x1856fc2000, nid:1, npages:1]
          cg.C.x-2425  [001]     1.018145: (+3)     bprint:               do_huge_pmd_numa_page: NUMAB MEM ACCESS huge page process[nid:1, cpu:1, pid:2425], folio[virt:0x7f25c68d9c60, ker:0xffff940be2600000, pfn:0x1a62600, nid:1, npages:512]
          cg.C.x-2425  [001]     1.018148: (+3)     bprint:               __handle_mm_fault: NUMAB MEM ACCESS process[nid:1, cpu:1, pid:2425], folio[virt:0x7f25bdaf8040, phys:0x110ded000, pfn:0x110ded, nid:0, npages:1]
          cg.C.x-2425  [001]     1.018148: (+0)     bprint:               __handle_mm_fault: NUMAB TRY MEM MIGR process[nid:1, cpu:1, pid:2425], folio[virt:0x7f25bdaf8040, phys:0x110ded000, nid:0], target_nid:1
          cg.C.x-2425  [001]     1.018152: (+4)     bprint:               __handle_mm_fault: NUMAB COMPLETED MEM MIGR process[nid:1, cpu:1, pid:2425], old[phys:0x110ded000, nid:0, npages:1], new[phys:0x1856fc3000, nid:1, npages:1]
          cg.C.x-2425  [001]     1.018154: (+2)     bprint:               __handle_mm_fault: NUMAB MEM ACCESS process[nid:1, cpu:1, pid:2425], folio[virt:0x7f25bdafbd38, phys:0x121641000, pfn:0x121641, nid:0, npages:1]
          cg.C.x-2425  [001]     1.018155: (+1)     bprint:               __handle_mm_fault: NUMAB TRY MEM MIGR process[nid:1, cpu:1, pid:2425], folio[virt:0x7f25bdafbd38, phys:0x121641000, nid:0], target_nid:1
          cg.C.x-2425  [001]     1.018158: (+3)     bprint:               __handle_mm_fault: NUMAB COMPLETED MEM MIGR process[nid:1, cpu:1, pid:2425], old[phys:0x121641000, nid:0, npages:1], new[phys:0x18572ca000, nid:1, npages:1]
          cg.C.x-2425  [001]     1.018160: (+2)     bprint:               __handle_mm_fault: NUMAB MEM ACCESS process[nid:1, cpu:1, pid:2425], folio[virt:0x7f25bdb16368, phys:0x110428000, pfn:0x110428, nid:0, npages:1]
          cg.C.x-2425  [001]     1.018161: (+1)     bprint:               __handle_mm_fault: NUMAB TRY MEM MIGR process[nid:1, cpu:1, pid:2425], folio[virt:0x7f25bdb16368, phys:0x110428000, nid:0], target_nid:1
          cg.C.x-2425  [001]     1.018164: (+3)     bprint:               __handle_mm_fault: NUMAB COMPLETED MEM MIGR process[nid:1, cpu:1, pid:2425], old[phys:0x110428000, nid:0, npages:1], new[phys:0x18572cb000, nid:1, npages:1]
          cg.C.x-2425  [001]     1.018166: (+2)     bprint:               __handle_mm_fault: NUMAB MEM ACCESS process[nid:1, cpu:1, pid:2425], folio[virt:0x7f25bdb19a48, phys:0x13b172000, pfn:0x13b172, nid:0, npages:1]
          cg.C.x-2425  [001]     1.018167: (+1)     bprint:               __handle_mm_fault: NUMAB TRY MEM MIGR process[nid:1, cpu:1, pid:2425], folio[virt:0x7f25bdb19a48, phys:0x13b172000, nid:0], target_nid:1
          cg.C.x-2425  [001]     1.018170: (+3)     bprint:               __handle_mm_fault: NUMAB COMPLETED MEM MIGR process[nid:1, cpu:1, pid:2425], old[phys:0x13b172000, nid:0, npages:1], new[phys:0x1856f96000, nid:1, npages:1]
          cg.C.x-2425  [001]     1.018172: (+2)     bprint:               __handle_mm_fault: NUMAB MEM ACCESS process[nid:1, cpu:1, pid:2425], folio[virt:0x7f25bdb1a2e8, phys:0x13b170000, pfn:0x13b170, nid:0, npages:1]
          cg.C.x-2425  [001]     1.018173: (+1)     bprint:               __handle_mm_fault: NUMAB TRY MEM MIGR process[nid:1, cpu:1, pid:2425], folio[virt:0x7f25bdb1a2e8, phys:0x13b170000, nid:0], target_nid:1
          cg.C.x-2425  [001]     1.018178: (+5)     bprint:               __handle_mm_fault: NUMAB COMPLETED MEM MIGR process[nid:1, cpu:1, pid:2425], old[phys:0x13b170000, nid:0, npages:1], new[phys:0x1856f97000, nid:1, npages:1]
          cg.C.x-2425  [001]     1.018181: (+3)     bprint:               __handle_mm_fault: NUMAB MEM ACCESS process[nid:1, cpu:1, pid:2425], folio[virt:0x7f25bdb521d8, phys:0x113220000, pfn:0x113220, nid:0, npages:1]
          cg.C.x-2425  [001]     1.018181: (+0)     bprint:               __handle_mm_fault: NUMAB TRY MEM MIGR process[nid:1, cpu:1, pid:2425], folio[virt:0x7f25bdb521d8, phys:0x113220000, nid:0], target_nid:1
          cg.C.x-2425  [001]     1.018185: (+4)     bprint:               __handle_mm_fault: NUMAB COMPLETED MEM MIGR process[nid:1, cpu:1, pid:2425], old[phys:0x113220000, nid:0, npages:1], new[phys:0x18649a8000, nid:1, npages:1]
          cg.C.x-2425  [001]     1.018187: (+2)     bprint:               __handle_mm_fault: NUMAB MEM ACCESS process[nid:1, cpu:1, pid:2425], folio[virt:0x7f25bdb54ff8, phys:0x112656000, pfn:0x112656, nid:0, npages:1]
          cg.C.x-2425  [001]     1.018188: (+1)     bprint:               __handle_mm_fault: NUMAB TRY MEM MIGR process[nid:1, cpu:1, pid:2425], folio[virt:0x7f25bdb54ff8, phys:0x112656000, nid:0], target_nid:1
          cg.C.x-2425  [001]     1.018191: (+3)     bprint:               __handle_mm_fault: NUMAB COMPLETED MEM MIGR process[nid:1, cpu:1, pid:2425], old[phys:0x112656000, nid:0, npages:1], new[phys:0x18649a9000, nid:1, npages:1]
          cg.C.x-2425  [001]     1.018194: (+3)     bprint:               __handle_mm_fault: NUMAB MEM ACCESS process[nid:1, cpu:1, pid:2425], folio[virt:0x7f25bdb552a8, phys:0x112657000, pfn:0x112657, nid:0, npages:1]
          cg.C.x-2425  [001]     1.018194: (+0)     bprint:               __handle_mm_fault: NUMAB TRY MEM MIGR process[nid:1, cpu:1, pid:2425], folio[virt:0x7f25bdb552a8, phys:0x112657000, nid:0], target_nid:1
          cg.C.x-2425  [001]     1.018197: (+3)     bprint:               __handle_mm_fault: NUMAB COMPLETED MEM MIGR process[nid:1, cpu:1, pid:2425], old[phys:0x112657000, nid:0, npages:1], new[phys:0x18671d8000, nid:1, npages:1]
          cg.C.x-2425  [001]     1.018200: (+3)     bprint:               __handle_mm_fault: NUMAB MEM ACCESS process[nid:1, cpu:1, pid:2425], folio[virt:0x7f25bdb69a10, phys:0x139c1e000, pfn:0x139c1e, nid:0, npages:1]
          cg.C.x-2425  [001]     1.018201: (+1)     bprint:               __handle_mm_fault: NUMAB TRY MEM MIGR process[nid:1, cpu:1, pid:2425], folio[virt:0x7f25bdb69a10, phys:0x139c1e000, nid:0], target_nid:1
          cg.C.x-2425  [001]     1.018204: (+3)     bprint:               __handle_mm_fault: NUMAB COMPLETED MEM MIGR process[nid:1, cpu:1, pid:2425], old[phys:0x139c1e000, nid:0, npages:1], new[phys:0x18671d9000, nid:1, npages:1]
          cg.C.x-2425  [001]     1.018206: (+2)     bprint:               __handle_mm_fault: NUMAB MEM ACCESS process[nid:1, cpu:1, pid:2425], folio[virt:0x7f25bdb6b170, phys:0x111173000, pfn:0x111173, nid:0, npages:1]
          cg.C.x-2425  [001]     1.018207: (+1)     bprint:               __handle_mm_fault: NUMAB TRY MEM MIGR process[nid:1, cpu:1, pid:2425], folio[virt:0x7f25bdb6b170, phys:0x111173000, nid:0], target_nid:1
          cg.C.x-2425  [001]     1.018210: (+3)     bprint:               __handle_mm_fault: NUMAB COMPLETED MEM MIGR process[nid:1, cpu:1, pid:2425], old[phys:0x111173000, nid:0, npages:1], new[phys:0x18674a2000, nid:1, npages:1]
          cg.C.x-2425  [001]     1.018212: (+2)     bprint:               __handle_mm_fault: NUMAB MEM ACCESS process[nid:1, cpu:1, pid:2425], folio[virt:0x7f25bdb6cd98, phys:0x113f5f000, pfn:0x113f5f, nid:0, npages:1]
          cg.C.x-2425  [001]     1.018213: (+1)     bprint:               __handle_mm_fault: NUMAB TRY MEM MIGR process[nid:1, cpu:1, pid:2425], folio[virt:0x7f25bdb6cd98, phys:0x113f5f000, nid:0], target_nid:1
          cg.C.x-2425  [001]     1.018216: (+3)     bprint:               __handle_mm_fault: NUMAB COMPLETED MEM MIGR process[nid:1, cpu:1, pid:2425], old[phys:0x113f5f000, nid:0, npages:1], new[phys:0x18674a3000, nid:1, npages:1]
          cg.C.x-2425  [001]     1.018218: (+2)     bprint:               __handle_mm_fault: NUMAB MEM ACCESS process[nid:1, cpu:1, pid:2425], folio[virt:0x7f25bdbb61e8, phys:0x185e854000, pfn:0x185e854, nid:1, npages:1]
          cg.C.x-2425  [001]     1.018221: (+3)     bprint:               __handle_mm_fault: NUMAB MEM ACCESS process[nid:1, cpu:1, pid:2425], folio[virt:0x7f25bdbb7390, phys:0x185e837000, pfn:0x185e837, nid:1, npages:1]
          cg.C.x-2425  [001]     1.018223: (+2)     bprint:               __handle_mm_fault: NUMAB MEM ACCESS process[nid:1, cpu:1, pid:2425], folio[virt:0x7f25bdbb8cb0, phys:0x185e806000, pfn:0x185e806, nid:1, npages:1]
          cg.C.x-2425  [001]     1.018225: (+2)     bprint:               __handle_mm_fault: NUMAB MEM ACCESS process[nid:1, cpu:1, pid:2425], folio[virt:0x7f25bdbbb4b0, phys:0x185e825000, pfn:0x185e825, nid:1, npages:1]
          cg.C.x-2425  [001]     1.018227: (+2)     bprint:               __handle_mm_fault: NUMAB MEM ACCESS process[nid:1, cpu:1, pid:2425], folio[virt:0x7f25bdbbc4a8, phys:0x18678af000, pfn:0x18678af, nid:1, npages:1]
          cg.C.x-2425  [001]     1.018230: (+3)     bprint:               __handle_mm_fault: NUMAB MEM ACCESS process[nid:1, cpu:1, pid:2425], folio[virt:0x7f25bda4bb48, phys:0x186d00d000, pfn:0x186d00d, nid:1, npages:1]
          cg.C.x-2425  [001]     1.018232: (+2)     bprint:               __handle_mm_fault: NUMAB MEM ACCESS process[nid:1, cpu:1, pid:2425], folio[virt:0x7f25bdadb800, phys:0x378083000, pfn:0x378083, nid:0, npages:1]
          cg.C.x-2425  [001]     1.018233: (+1)     bprint:               __handle_mm_fault: NUMAB TRY MEM MIGR process[nid:1, cpu:1, pid:2425], folio[virt:0x7f25bdadb800, phys:0x378083000, nid:0], target_nid:1
          cg.C.x-2425  [001]     1.018236: (+3)     bprint:               __handle_mm_fault: NUMAB COMPLETED MEM MIGR process[nid:1, cpu:1, pid:2425], old[phys:0x378083000, nid:0, npages:1], new[phys:0x1857a8a000, nid:1, npages:1]
          cg.C.x-2425  [001]     1.018238: (+2)     bprint:               __handle_mm_fault: NUMAB MEM ACCESS process[nid:1, cpu:1, pid:2425], folio[virt:0x7f25bdaf6fa8, phys:0x112c7c000, pfn:0x112c7c, nid:0, npages:1]
          cg.C.x-2425  [001]     1.018239: (+1)     bprint:               __handle_mm_fault: NUMAB TRY MEM MIGR process[nid:1, cpu:1, pid:2425], folio[virt:0x7f25bdaf6fa8, phys:0x112c7c000, nid:0], target_nid:1
          cg.C.x-2425  [001]     1.018242: (+3)     bprint:               __handle_mm_fault: NUMAB COMPLETED MEM MIGR process[nid:1, cpu:1, pid:2425], old[phys:0x112c7c000, nid:0, npages:1], new[phys:0x1857a8b000, nid:1, npages:1]
          cg.C.x-2425  [001]     1.018244: (+2)     bprint:               __handle_mm_fault: NUMAB MEM ACCESS process[nid:1, cpu:1, pid:2425], folio[virt:0x7f25bdaf9238, phys:0x121e3a000, pfn:0x121e3a, nid:0, npages:1]
          cg.C.x-2425  [001]     1.018245: (+1)     bprint:               __handle_mm_fault: NUMAB TRY MEM MIGR process[nid:1, cpu:1, pid:2425], folio[virt:0x7f25bdaf9238, phys:0x121e3a000, nid:0], target_nid:1
          cg.C.x-2425  [001]     1.018248: (+3)     bprint:               __handle_mm_fault: NUMAB COMPLETED MEM MIGR process[nid:1, cpu:1, pid:2425], old[phys:0x121e3a000, nid:0, npages:1], new[phys:0x186c774000, nid:1, npages:1]
          cg.C.x-2425  [001]     1.018250: (+2)     bprint:               __handle_mm_fault: NUMAB MEM ACCESS process[nid:1, cpu:1, pid:2425], folio[virt:0x7f25bdb170c0, phys:0x13b176000, pfn:0x13b176, nid:0, npages:1]
          cg.C.x-2425  [001]     1.018251: (+1)     bprint:               __handle_mm_fault: NUMAB TRY MEM MIGR process[nid:1, cpu:1, pid:2425], folio[virt:0x7f25bdb170c0, phys:0x13b176000, nid:0], target_nid:1
          cg.C.x-2425  [001]     1.018254: (+3)     bprint:               __handle_mm_fault: NUMAB COMPLETED MEM MIGR process[nid:1, cpu:1, pid:2425], old[phys:0x13b176000, nid:0, npages:1], new[phys:0x186c775000, nid:1, npages:1]
          cg.C.x-2425  [001]     1.018256: (+2)     bprint:               __handle_mm_fault: NUMAB MEM ACCESS process[nid:1, cpu:1, pid:2425], folio[virt:0x7f25bdb1b3c0, phys:0x113ffc000, pfn:0x113ffc, nid:0, npages:1]
          cg.C.x-2425  [001]     1.018257: (+1)     bprint:               __handle_mm_fault: NUMAB TRY MEM MIGR process[nid:1, cpu:1, pid:2425], folio[virt:0x7f25bdb1b3c0, phys:0x113ffc000, nid:0], target_nid:1
          cg.C.x-2425  [001]     1.018260: (+3)     bprint:               __handle_mm_fault: NUMAB COMPLETED MEM MIGR process[nid:1, cpu:1, pid:2425], old[phys:0x113ffc000, nid:0, npages:1], new[phys:0x1864bc4000, nid:1, npages:1]
          cg.C.x-2425  [001]     1.018262: (+2)     bprint:               __handle_mm_fault: NUMAB MEM ACCESS process[nid:1, cpu:1, pid:2425], folio[virt:0x7f25bdb533f8, phys:0x113221000, pfn:0x113221, nid:0, npages:1]
          cg.C.x-2425  [001]     1.018263: (+1)     bprint:               __handle_mm_fault: NUMAB TRY MEM MIGR process[nid:1, cpu:1, pid:2425], folio[virt:0x7f25bdb533f8, phys:0x113221000, nid:0], target_nid:1
          cg.C.x-2425  [001]     1.018266: (+3)     bprint:               __handle_mm_fault: NUMAB COMPLETED MEM MIGR process[nid:1, cpu:1, pid:2425], old[phys:0x113221000, nid:0, npages:1], new[phys:0x1864bc5000, nid:1, npages:1]
          cg.C.x-2425  [001]     1.018268: (+2)     bprint:               __handle_mm_fault: NUMAB MEM ACCESS process[nid:1, cpu:1, pid:2425], folio[virt:0x7f25bdb56b50, phys:0x121f96000, pfn:0x121f96, nid:0, npages:1]
          cg.C.x-2425  [001]     1.018269: (+1)     bprint:               __handle_mm_fault: NUMAB TRY MEM MIGR process[nid:1, cpu:1, pid:2425], folio[virt:0x7f25bdb56b50, phys:0x121f96000, nid:0], target_nid:1
          cg.C.x-2425  [001]     1.018272: (+3)     bprint:               __handle_mm_fault: NUMAB COMPLETED MEM MIGR process[nid:1, cpu:1, pid:2425], old[phys:0x121f96000, nid:0, npages:1], new[phys:0x1855ae4000, nid:1, npages:1]
          cg.C.x-2425  [001]     1.018274: (+2)     bprint:               __handle_mm_fault: NUMAB MEM ACCESS process[nid:1, cpu:1, pid:2425], folio[virt:0x7f25bdb6a1b0, phys:0x120481000, pfn:0x120481, nid:0, npages:1]
          cg.C.x-2425  [001]     1.018275: (+1)     bprint:               __handle_mm_fault: NUMAB TRY MEM MIGR process[nid:1, cpu:1, pid:2425], folio[virt:0x7f25bdb6a1b0, phys:0x120481000, nid:0], target_nid:1
          cg.C.x-2425  [001]     1.018278: (+3)     bprint:               __handle_mm_fault: NUMAB COMPLETED MEM MIGR process[nid:1, cpu:1, pid:2425], old[phys:0x120481000, nid:0, npages:1], new[phys:0x1855ae5000, nid:1, npages:1]
          cg.C.x-2425  [001]     1.018280: (+2)     bprint:               __handle_mm_fault: NUMAB MEM ACCESS process[nid:1, cpu:1, pid:2425], folio[virt:0x7f25bdbb9460, phys:0x185e814000, pfn:0x185e814, nid:1, npages:1]
          cg.C.x-2425  [001]     1.018282: (+2)     bprint:               __handle_mm_fault: NUMAB MEM ACCESS process[nid:1, cpu:1, pid:2425], folio[virt:0x7f25bdbba420, phys:0x185e81a000, pfn:0x185e81a, nid:1, npages:1]
          cg.C.x-2425  [001]     1.018286: (+4)     bprint:               __handle_mm_fault: NUMAB MEM ACCESS process[nid:1, cpu:1, pid:2425], folio[virt:0x7f25bdafa0f0, phys:0x112c7d000, pfn:0x112c7d, nid:0, npages:1]
          cg.C.x-2425  [001]     1.018287: (+1)     bprint:               __handle_mm_fault: NUMAB TRY MEM MIGR process[nid:1, cpu:1, pid:2425], folio[virt:0x7f25bdafa0f0, phys:0x112c7d000, nid:0], target_nid:1
          cg.C.x-2425  [001]     1.018291: (+4)     bprint:               __handle_mm_fault: NUMAB COMPLETED MEM MIGR process[nid:1, cpu:1, pid:2425], old[phys:0x112c7d000, nid:0, npages:1], new[phys:0x1856fe2000, nid:1, npages:1]
          cg.C.x-2425  [001]     1.018294: (+3)     bprint:               __handle_mm_fault: NUMAB MEM ACCESS process[nid:1, cpu:1, pid:2425], folio[virt:0x7f25bdb183f8, phys:0x13b175000, pfn:0x13b175, nid:0, npages:1]
          cg.C.x-2425  [001]     1.018294: (+0)     bprint:               __handle_mm_fault: NUMAB TRY MEM MIGR process[nid:1, cpu:1, pid:2425], folio[virt:0x7f25bdb183f8, phys:0x13b175000, nid:0], target_nid:1
          cg.C.x-2425  [001]     1.018297: (+3)     bprint:               __handle_mm_fault: NUMAB COMPLETED MEM MIGR process[nid:1, cpu:1, pid:2425], old[phys:0x13b175000, nid:0, npages:1], new[phys:0x1856fe3000, nid:1, npages:1]
          cg.C.x-2425  [001]     1.018440: (+143)   bprint:               __handle_mm_fault: NUMAB MEM ACCESS process[nid:1, cpu:1, pid:2425], folio[virt:0x7f25bda4c000, phys:0x18574a5000, pfn:0x18574a5, nid:1, npages:1]
          cg.C.x-2425  [001]     1.018881: (+441)   bprint:               do_huge_pmd_numa_page: NUMAB MEM ACCESS huge page process[nid:1, cpu:1, pid:2425], folio[virt:0x7f25c6a00000, ker:0xffff940c29000000, pfn:0x1aa9000, nid:1, npages:512]
          cg.C.x-2425  [001]     1.018919: (+38)    bprint:               __handle_mm_fault: NUMAB MEM ACCESS process[nid:1, cpu:1, pid:2425], folio[virt:0x7f25bda4d000, phys:0x185e834000, pfn:0x185e834, nid:1, npages:1]
          cg.C.x-2425  [001]     1.018960: (+41)    bprint:               __handle_mm_fault: NUMAB MEM ACCESS process[nid:1, cpu:1, pid:2425], folio[virt:0x7f25aa1ff9b8, phys:0x185dd7e000, pfn:0x185dd7e, nid:1, npages:1]
          cg.C.x-2454  [059]     1.018967: (+7)     bprint:               __handle_mm_fault: NUMAB MEM ACCESS process[nid:1, cpu:59, pid:2454], folio[virt:0x558a8cfc134c, phys:0x1230a3000, pfn:0x1230a3, nid:0, npages:1]
          cg.C.x-2397  [008]     1.018968: (+1)     bprint:               __handle_mm_fault: NUMAB MEM ACCESS process[nid:0, cpu:8, pid:2397], folio[virt:0x7f25bb9ff970, phys:0x1227d2000, pfn:0x1227d2, nid:0, npages:1]
          cg.C.x-2454  [059]     1.018968: (+0)     bprint:               __handle_mm_fault: NUMAB TRY MEM MIGR process[nid:1, cpu:59, pid:2454], folio[virt:0x558a8cfc134c, phys:0x1230a3000, nid:0], target_nid:1
          cg.C.x-2438  [027]     1.018968: (+0)     bprint:               __handle_mm_fault: NUMAB MEM ACCESS process[nid:1, cpu:27, pid:2438], folio[virt:0x558a8cfc134c, phys:0x1230a3000, pfn:0x1230a3, nid:0, npages:1]
          cg.C.x-2394  [002]     1.018968: (+0)     bprint:               __handle_mm_fault: NUMAB MEM ACCESS process[nid:0, cpu:2, pid:2394], folio[virt:0x7f25bd7ff970, phys:0x110974000, pfn:0x110974, nid:0, npages:1]
          cg.C.x-2396  [006]     1.018968: (+0)     bprint:               __handle_mm_fault: NUMAB MEM ACCESS process[nid:0, cpu:6, pid:2396], folio[virt:0x7f25bc3ff970, phys:0x113db5000, pfn:0x113db5, nid:0, npages:1]
          cg.C.x-2399  [012]     1.018968: (+0)     bprint:               __handle_mm_fault: NUMAB MEM ACCESS process[nid:0, cpu:12, pid:2399], folio[virt:0x7f25ba5ff970, phys:0x1111e6000, pfn:0x1111e6, nid:0, npages:1]
          cg.C.x-2400  [014]     1.018969: (+1)     bprint:               __handle_mm_fault: NUMAB MEM ACCESS process[nid:0, cpu:14, pid:2400], folio[virt:0x7f25b9bff970, phys:0x1395ef000, pfn:0x1395ef, nid:0, npages:1]
          cg.C.x-2398  [010]     1.018969: (+0)     bprint:               __handle_mm_fault: NUMAB MEM ACCESS process[nid:0, cpu:10, pid:2398], folio[virt:0x7f25bafff970, phys:0x139cd0000, pfn:0x139cd0, nid:0, npages:1]
          cg.C.x-2395  [004]     1.018969: (+0)     bprint:               __handle_mm_fault: NUMAB MEM ACCESS process[nid:0, cpu:4, pid:2395], folio[virt:0x7f25bcdff970, phys:0x37805a000, pfn:0x37805a, nid:0, npages:1]
          cg.C.x-2438  [027]     1.018969: (+0)     bprint:               __handle_mm_fault: NUMAB TRY MEM MIGR process[nid:1, cpu:27, pid:2438], folio[virt:0x558a8cfc134c, phys:0x1230a3000, nid:0], target_nid:1
          cg.C.x-2434  [019]     1.018970: (+1)     bprint:               __handle_mm_fault: NUMAB MEM ACCESS process[nid:1, cpu:19, pid:2434], folio[virt:0x558a8cfc134c, phys:0x1230a3000, pfn:0x1230a3, nid:0, npages:1]
          cg.C.x-2438  [027]     1.018970: (+0)     bprint:               migrate_misplaced_folio: NUMAB pid:2438 ABORTING MEM MIGR because !isolated
          cg.C.x-2403  [020]     1.018970: (+0)     bprint:               __handle_mm_fault: NUMAB MEM ACCESS process[nid:0, cpu:20, pid:2403], folio[virt:0x7f25b7dff970, phys:0x13baaf000, pfn:0x13baaf, nid:0, npages:1]
          cg.C.x-2434  [019]     1.018972: (+2)     bprint:               __handle_mm_fault: NUMAB TRY MEM MIGR process[nid:1, cpu:19, pid:2434], folio[virt:0x558a8cfc134c, phys:0x1230a3000, nid:0], target_nid:1
          cg.C.x-2434  [019]     1.018972: (+0)     bprint:               migrate_misplaced_folio: NUMAB pid:2434 ABORTING MEM MIGR because !isolated
          cg.C.x-2408  [030]     1.018973: (+1)     bprint:               __handle_mm_fault: NUMAB MEM ACCESS process[nid:0, cpu:30, pid:2408], folio[virt:0x558a8cfc134c, phys:0x1230a3000, pfn:0x1230a3, nid:0, npages:1]
          cg.C.x-2403  [020]     1.018978: (+5)     bprint:               __handle_mm_fault: NUMAB MEM ACCESS process[nid:0, cpu:20, pid:2403], folio[virt:0x7f25bd9e3c90, phys:0x13a69c000, pfn:0x13a69c, nid:0, npages:1]
          cg.C.x-2430  [011]     1.018979: (+1)     bprint:               __handle_mm_fault: NUMAB MEM ACCESS process[nid:1, cpu:11, pid:2430], folio[virt:0x7f25bda5f650, phys:0x186d0b3000, pfn:0x186d0b3, nid:1, npages:1]
          cg.C.x-2408  [030]     1.018979: (+0)     bprint:               __handle_mm_fault: NUMAB MEM ACCESS process[nid:0, cpu:30, pid:2408], folio[virt:0x7f25bd9faad0, phys:0x13917f000, pfn:0x13917f, nid:0, npages:1]
          cg.C.x-2403  [020]     1.018981: (+2)     bprint:               __handle_mm_fault: NUMAB MEM ACCESS process[nid:0, cpu:20, pid:2403], folio[virt:0x7f25bd9e4000, phys:0x13a6d3000, pfn:0x13a6d3, nid:0, npages:1]
          cg.C.x-2412  [038]     1.018981: (+0)     bprint:               __handle_mm_fault: NUMAB MEM ACCESS process[nid:0, cpu:38, pid:2412], folio[virt:0x7f25bda0cfd0, phys:0x113fca000, pfn:0x113fca, nid:0, npages:1]
          cg.C.x-2450  [051]     1.018983: (+2)     bprint:               __handle_mm_fault: NUMAB MEM ACCESS process[nid:1, cpu:51, pid:2450], folio[virt:0x7f25bdabaf08, phys:0x186d6aa000, pfn:0x186d6aa, nid:1, npages:1]
          cg.C.x-2408  [030]     1.018983: (+0)     bprint:               __handle_mm_fault: NUMAB MEM ACCESS process[nid:0, cpu:30, pid:2408], folio[virt:0x7f25bd9fb000, phys:0x378125000, pfn:0x378125, nid:0, npages:1]
          cg.C.x-2415  [044]     1.018984: (+1)     bprint:               __handle_mm_fault: NUMAB MEM ACCESS process[nid:0, cpu:44, pid:2415], folio[virt:0x7f25bda1ab90, phys:0x13ab3e000, pfn:0x13ab3e, nid:0, npages:1]
          cg.C.x-2403  [020]     1.018985: (+1)     bprint:               __handle_mm_fault: NUMAB MEM ACCESS process[nid:0, cpu:20, pid:2403], folio[virt:0x7f25bd9e5000, phys:0x13a6d5000, pfn:0x13a6d5, nid:0, npages:1]
          cg.C.x-2431  [013]     1.018986: (+1)     bprint:               __handle_mm_fault: NUMAB MEM ACCESS process[nid:1, cpu:13, pid:2431], folio[virt:0x7f25bda63f90, phys:0x186d085000, pfn:0x186d085, nid:1, npages:1]
          cg.C.x-2407  [028]     1.018986: (+0)     bprint:               __handle_mm_fault: NUMAB MEM ACCESS process[nid:0, cpu:28, pid:2407], folio[virt:0x7f25bd9f6190, phys:0x112e73000, pfn:0x112e73, nid:0, npages:1]
          cg.C.x-2430  [011]     1.018987: (+1)     bprint:               __handle_mm_fault: NUMAB MEM ACCESS process[nid:1, cpu:11, pid:2430], folio[virt:0x7f25bda60000, phys:0x186d0b9000, pfn:0x186d0b9, nid:1, npages:1]
          cg.C.x-2408  [030]     1.018987: (+0)     bprint:               __handle_mm_fault: NUMAB MEM ACCESS process[nid:0, cpu:30, pid:2408], folio[virt:0x7f25bd9fc000, phys:0x378126000, pfn:0x378126, nid:0, npages:1]
          cg.C.x-2403  [020]     1.018988: (+1)     bprint:               __handle_mm_fault: NUMAB MEM ACCESS process[nid:0, cpu:20, pid:2403], folio[virt:0x7f25bd9e6000, phys:0x13a6d6000, pfn:0x13a6d6, nid:0, npages:1]
          cg.C.x-2446  [043]     1.018989: (+1)     bprint:               __handle_mm_fault: NUMAB MEM ACCESS process[nid:1, cpu:43, pid:2446], folio[virt:0x7f25bdaa8a28, phys:0x1890357000, pfn:0x1890357, nid:1, npages:1]
          cg.C.x-2407  [028]     1.018991: (+2)     bprint:               __handle_mm_fault: NUMAB MEM ACCESS process[nid:0, cpu:28, pid:2407], folio[virt:0x7f25bd9f7000, phys:0x110616000, pfn:0x110616, nid:0, npages:1]
          cg.C.x-2421  [056]     1.018991: (+0)     bprint:               __handle_mm_fault: NUMAB MEM ACCESS process[nid:0, cpu:56, pid:2421], folio[virt:0x7f25bda36310, phys:0x13d105000, pfn:0x13d105, nid:0, npages:1]
          cg.C.x-2408  [030]     1.018992: (+1)     bprint:               __handle_mm_fault: NUMAB MEM ACCESS process[nid:0, cpu:30, pid:2408], folio[virt:0x7f25bd9fd000, phys:0x378127000, pfn:0x378127, nid:0, npages:1]
          cg.C.x-2433  [017]     1.018992: (+0)     bprint:               __handle_mm_fault: NUMAB MEM ACCESS process[nid:1, cpu:17, pid:2433], folio[virt:0x7f25bda6d210, phys:0x186d607000, pfn:0x186d607, nid:1, npages:1]
          cg.C.x-2403  [020]     1.018993: (+1)     bprint:               __handle_mm_fault: NUMAB MEM ACCESS process[nid:0, cpu:20, pid:2403], folio[virt:0x7f25bd9e7000, phys:0x13a6d7000, pfn:0x13a6d7, nid:0, npages:1]
          cg.C.x-2449  [049]     1.018993: (+0)     bprint:               __handle_mm_fault: NUMAB MEM ACCESS process[nid:1, cpu:49, pid:2449], folio[virt:0x7f25bdab65d0, phys:0x303fe36000, pfn:0x303fe36, nid:1, npages:1]
          cg.C.x-2407  [028]     1.018994: (+1)     bprint:               __handle_mm_fault: NUMAB MEM ACCESS process[nid:0, cpu:28, pid:2407], folio[virt:0x7f25bd9f8000, phys:0x13a6bf000, pfn:0x13a6bf, nid:0, npages:1]
          cg.C.x-2412  [038]     1.018995: (+1)     bprint:               __handle_mm_fault: NUMAB MEM ACCESS process[nid:0, cpu:38, pid:2412], folio[virt:0x7f25bda0d000, phys:0x153b8e000, pfn:0x153b8e, nid:0, npages:1]
          cg.C.x-2408  [030]     1.018998: (+3)     bprint:               __handle_mm_fault: NUMAB MEM ACCESS process[nid:0, cpu:30, pid:2408], folio[virt:0x7f25bd9fe000, phys:0x378128000, pfn:0x378128, nid:0, npages:1]
          cg.C.x-2413  [040]     1.018998: (+0)     bprint:               __handle_mm_fault: NUMAB MEM ACCESS process[nid:0, cpu:40, pid:2413], folio[virt:0x7f25bda11910, phys:0x12077a000, pfn:0x12077a, nid:0, npages:1]
          cg.C.x-2403  [020]     1.018999: (+1)     bprint:               __handle_mm_fault: NUMAB MEM ACCESS process[nid:0, cpu:20, pid:2403], folio[virt:0x7f25bd9e8000, phys:0x13a6d8000, pfn:0x13a6d8, nid:0, npages:1]
          cg.C.x-2450  [051]     1.018999: (+0)     bprint:               __handle_mm_fault: NUMAB MEM ACCESS process[nid:1, cpu:51, pid:2450], folio[virt:0x7f25bdabb000, phys:0x186d6ab000, pfn:0x186d6ab, nid:1, npages:1]
          cg.C.x-2453  [057]     1.019000: (+1)     bprint:               __handle_mm_fault: NUMAB MEM ACCESS process[nid:1, cpu:57, pid:2453], folio[virt:0x7f25bdac8ab0, phys:0x18675c2000, pfn:0x18675c2, nid:1, npages:1]
          cg.C.x-2407  [028]     1.019000: (+0)     bprint:               __handle_mm_fault: NUMAB MEM ACCESS process[nid:0, cpu:28, pid:2407], folio[virt:0x7f25bd9f9000, phys:0x111e96000, pfn:0x111e96, nid:0, npages:1]
          cg.C.x-2423  [060]     1.019002: (+2)     bprint:               __handle_mm_fault: NUMAB MEM ACCESS process[nid:0, cpu:60, pid:2423], folio[virt:0x7f25bda3f590, phys:0x13aaea000, pfn:0x13aaea, nid:0, npages:1]
          cg.C.x-2408  [030]     1.019002: (+0)     bprint:               __handle_mm_fault: NUMAB MEM ACCESS process[nid:0, cpu:30, pid:2408], folio[virt:0x7f25bd9ff000, phys:0x139139000, pfn:0x139139, nid:0, npages:1]
          cg.C.x-2437  [025]     1.019003: (+1)     bprint:               __handle_mm_fault: NUMAB MEM ACCESS process[nid:1, cpu:25, pid:2437], folio[virt:0x7f25bda7f710, phys:0x185e1d2000, pfn:0x185e1d2, nid:1, npages:1]
          cg.C.x-2403  [020]     1.019004: (+1)     bprint:               __handle_mm_fault: NUMAB MEM ACCESS process[nid:0, cpu:20, pid:2403], folio[virt:0x7f25b7e00220, phys:0x378094000, pfn:0x378094, nid:0, npages:1]
          cg.C.x-2415  [044]     1.019005: (+1)     bprint:               __handle_mm_fault: NUMAB MEM ACCESS process[nid:0, cpu:44, pid:2415], folio[virt:0x7f25bda1b000, phys:0x13ab3f000, pfn:0x13ab3f, nid:0, npages:1]
          cg.C.x-2431  [013]     1.019006: (+1)     bprint:               __handle_mm_fault: NUMAB MEM ACCESS process[nid:1, cpu:13, pid:2431], folio[virt:0x7f25bda64000, phys:0x186ce3a000, pfn:0x186ce3a, nid:1, npages:1]
          cg.C.x-2430  [011]     1.019007: (+1)     bprint:               __handle_mm_fault: NUMAB MEM ACCESS process[nid:1, cpu:11, pid:2430], folio[virt:0x7f25bda61000, phys:0x186d0c5000, pfn:0x186d0c5, nid:1, npages:1]
          cg.C.x-2446  [043]     1.019009: (+2)     bprint:               __handle_mm_fault: NUMAB MEM ACCESS process[nid:1, cpu:43, pid:2446], folio[virt:0x7f25bdaa9000, phys:0x1890358000, pfn:0x1890358, nid:1, npages:1]
          cg.C.x-2421  [056]     1.019010: (+1)     bprint:               __handle_mm_fault: NUMAB MEM ACCESS process[nid:0, cpu:56, pid:2421], folio[virt:0x7f25bda37000, phys:0x13d106000, pfn:0x13d106, nid:0, npages:1]
          cg.C.x-2433  [017]     1.019011: (+1)     bprint:               __handle_mm_fault: NUMAB MEM ACCESS process[nid:1, cpu:17, pid:2433], folio[virt:0x7f25bda6e000, phys:0x186d608000, pfn:0x186d608, nid:1, npages:1]
          cg.C.x-2449  [049]     1.019013: (+2)     bprint:               __handle_mm_fault: NUMAB MEM ACCESS process[nid:1, cpu:49, pid:2449], folio[virt:0x7f25bdab7000, phys:0x303fe2d000, pfn:0x303fe2d, nid:1, npages:1]
          cg.C.x-2413  [040]     1.019014: (+1)     bprint:               __handle_mm_fault: NUMAB MEM ACCESS process[nid:0, cpu:40, pid:2413], folio[virt:0x7f25bda12000, phys:0x1233ef000, pfn:0x1233ef, nid:0, npages:1]
          cg.C.x-2412  [038]     1.019015: (+1)     bprint:               __handle_mm_fault: NUMAB MEM ACCESS process[nid:0, cpu:38, pid:2412], folio[virt:0x7f25bda0e000, phys:0x153b8f000, pfn:0x153b8f, nid:0, npages:1]
          cg.C.x-2450  [051]     1.019016: (+1)     bprint:               __handle_mm_fault: NUMAB MEM ACCESS process[nid:1, cpu:51, pid:2450], folio[virt:0x7f25bdabc000, phys:0x185e0ea000, pfn:0x185e0ea, nid:1, npages:1]
          cg.C.x-2453  [057]     1.019017: (+1)     bprint:               __handle_mm_fault: NUMAB MEM ACCESS process[nid:1, cpu:57, pid:2453], folio[virt:0x7f25bdac9000, phys:0x18675c3000, pfn:0x18675c3, nid:1, npages:1]
          cg.C.x-2423  [060]     1.019018: (+1)     bprint:               __handle_mm_fault: NUMAB MEM ACCESS process[nid:0, cpu:60, pid:2423], folio[virt:0x7f25bda40000, phys:0x1232c0000, pfn:0x1232c0, nid:0, npages:1]
          cg.C.x-2437  [025]     1.019020: (+2)     bprint:               __handle_mm_fault: NUMAB MEM ACCESS process[nid:1, cpu:25, pid:2437], folio[virt:0x7f25bda80000, phys:0x1867882000, pfn:0x1867882, nid:1, npages:1]
          cg.C.x-2415  [044]     1.019021: (+1)     bprint:               __handle_mm_fault: NUMAB MEM ACCESS process[nid:0, cpu:44, pid:2415], folio[virt:0x7f25bda1c000, phys:0x13919c000, pfn:0x13919c, nid:0, npages:1]
          cg.C.x-2431  [013]     1.019022: (+1)     bprint:               __handle_mm_fault: NUMAB MEM ACCESS process[nid:1, cpu:13, pid:2431], folio[virt:0x7f25bda65000, phys:0x186ce3b000, pfn:0x186ce3b, nid:1, npages:1]
          cg.C.x-2430  [011]     1.019023: (+1)     bprint:               __handle_mm_fault: NUMAB MEM ACCESS process[nid:1, cpu:11, pid:2430], folio[virt:0x7f25bda62000, phys:0x186d0a6000, pfn:0x186d0a6, nid:1, npages:1]
          cg.C.x-2446  [043]     1.019025: (+2)     bprint:               __handle_mm_fault: NUMAB MEM ACCESS process[nid:1, cpu:43, pid:2446], folio[virt:0x7f25bdaaa000, phys:0x1890359000, pfn:0x1890359, nid:1, npages:1]
          cg.C.x-2421  [056]     1.019026: (+1)     bprint:               __handle_mm_fault: NUMAB MEM ACCESS process[nid:0, cpu:56, pid:2421], folio[virt:0x7f25bda38000, phys:0x13d10f000, pfn:0x13d10f, nid:0, npages:1]
          cg.C.x-2433  [017]     1.019027: (+1)     bprint:               __handle_mm_fault: NUMAB MEM ACCESS process[nid:1, cpu:17, pid:2433], folio[virt:0x7f25bda6f000, phys:0x303f359000, pfn:0x303f359, nid:1, npages:1]
          cg.C.x-2425  [001]     1.019028: (+1)     sched_switch:         cg.C.x:2425 [120] D ==> swapper/1:0 [120]
          cg.C.x-2441  [033]     1.019028: (+0)     sched_switch:         cg.C.x:2441 [120] D ==> swapper/33:0 [120]
          cg.C.x-2447  [045]     1.019028: (+0)     sched_switch:         cg.C.x:2447 [120] D ==> swapper/45:0 [120]
          cg.C.x-2428  [007]     1.019028: (+0)     sched_switch:         cg.C.x:2428 [120] D ==> swapper/7:0 [120]
          cg.C.x-2427  [005]     1.019028: (+0)     sched_switch:         cg.C.x:2427 [120] D ==> swapper/5:0 [120]
          cg.C.x-2443  [037]     1.019028: (+0)     sched_switch:         cg.C.x:2443 [120] D ==> swapper/37:0 [120]
          cg.C.x-2449  [049]     1.019029: (+1)     bprint:               __handle_mm_fault: NUMAB MEM ACCESS process[nid:1, cpu:49, pid:2449], folio[virt:0x7f25bdab8000, phys:0x185e893000, pfn:0x185e893, nid:1, npages:1]
          cg.C.x-2429  [009]     1.019029: (+0)     sched_switch:         cg.C.x:2429 [120] D ==> swapper/9:0 [120]
          cg.C.x-2406  [026]     1.019029: (+0)     sched_switch:         cg.C.x:2406 [120] D ==> swapper/26:0 [120]
          cg.C.x-2413  [040]     1.019030: (+1)     bprint:               __handle_mm_fault: NUMAB MEM ACCESS process[nid:0, cpu:40, pid:2413], folio[virt:0x7f25bda13000, phys:0x12067f000, pfn:0x12067f, nid:0, npages:1]
          cg.C.x-2424  [062]     1.019030: (+0)     sched_switch:         cg.C.x:2424 [120] D ==> swapper/62:0 [120]
          cg.C.x-2435  [021]     1.019031: (+1)     sched_switch:         cg.C.x:2435 [120] D ==> swapper/21:0 [120]
          cg.C.x-2451  [053]     1.019031: (+0)     sched_switch:         cg.C.x:2451 [120] D ==> swapper/53:0 [120]
          cg.C.x-2456  [063]     1.019031: (+0)     sched_switch:         cg.C.x:2456 [120] D ==> swapper/63:0 [120]
          cg.C.x-2440  [031]     1.019031: (+0)     sched_switch:         cg.C.x:2440 [120] D ==> swapper/31:0 [120]
          cg.C.x-2436  [023]     1.019032: (+1)     sched_switch:         cg.C.x:2436 [120] D ==> swapper/23:0 [120]
          cg.C.x-2412  [038]     1.019032: (+0)     bprint:               __handle_mm_fault: NUMAB MEM ACCESS process[nid:0, cpu:38, pid:2412], folio[virt:0x7f25bda0f000, phys:0x139008000, pfn:0x139008, nid:0, npages:1]
          cg.C.x-2401  [016]     1.019032: (+0)     sched_switch:         cg.C.x:2401 [120] D ==> swapper/16:0 [120]
          cg.C.x-2450  [051]     1.019033: (+1)     bprint:               __handle_mm_fault: NUMAB MEM ACCESS process[nid:1, cpu:51, pid:2450], folio[virt:0x7f25bdabd000, phys:0x185e0eb000, pfn:0x185e0eb, nid:1, npages:1]
          cg.C.x-2445  [041]     1.019034: (+1)     sched_switch:         cg.C.x:2445 [120] D ==> swapper/41:0 [120]
          cg.C.x-2439  [029]     1.019034: (+0)     sched_switch:         cg.C.x:2439 [120] D ==> swapper/29:0 [120]
          cg.C.x-2404  [022]     1.019034: (+0)     sched_switch:         cg.C.x:2404 [120] D ==> swapper/22:0 [120]
          cg.C.x-2420  [054]     1.019034: (+0)     sched_switch:         cg.C.x:2420 [120] D ==> swapper/54:0 [120]
          cg.C.x-2409  [032]     1.019034: (+0)     sched_switch:         cg.C.x:2409 [120] D ==> swapper/32:0 [120]
          cg.C.x-2417  [048]     1.019034: (+0)     sched_switch:         cg.C.x:2417 [120] D ==> swapper/48:0 [120]
          cg.C.x-2426  [003]     1.019034: (+0)     sched_switch:         cg.C.x:2426 [120] D ==> swapper/3:0 [120]
          cg.C.x-2393  [000]     1.019034: (+0)     sched_switch:         cg.C.x:2393 [120] D ==> swapper/0:0 [120]
          cg.C.x-2422  [058]     1.019035: (+1)     sched_switch:         cg.C.x:2422 [120] D ==> swapper/58:0 [120]
          cg.C.x-2455  [061]     1.019035: (+0)     sched_switch:         cg.C.x:2455 [120] D ==> swapper/61:0 [120]
          cg.C.x-2405  [024]     1.019035: (+0)     sched_switch:         cg.C.x:2405 [120] D ==> swapper/24:0 [120]
          cg.C.x-2418  [050]     1.019035: (+0)     sched_switch:         cg.C.x:2418 [120] D ==> swapper/50:0 [120]
          cg.C.x-2453  [057]     1.019035: (+0)     bprint:               __handle_mm_fault: NUMAB MEM ACCESS process[nid:1, cpu:57, pid:2453], folio[virt:0x7f25bdaca000, phys:0x1867606000, pfn:0x1867606, nid:1, npages:1]
          cg.C.x-2454  [059]     1.019035: (+0)     sched_waking:         comm=cg.C.x pid=2427 prio=120 target_cpu=005
          cg.C.x-2416  [046]     1.019036: (+1)     sched_switch:         cg.C.x:2416 [120] D ==> swapper/46:0 [120]
          cg.C.x-2452  [055]     1.019036: (+0)     sched_switch:         cg.C.x:2452 [120] D ==> swapper/55:0 [120]
          cg.C.x-2442  [035]     1.019036: (+0)     sched_switch:         cg.C.x:2442 [120] D ==> swapper/35:0 [120]
          cg.C.x-2423  [060]     1.019037: (+1)     bprint:               __handle_mm_fault: NUMAB MEM ACCESS process[nid:0, cpu:60, pid:2423], folio[virt:0x7f25bda41000, phys:0x120469000, pfn:0x120469, nid:0, npages:1]
          cg.C.x-2454  [059]     1.019037: (+0)     sched_wake_idle_without_ipi: cpu=5
          cg.C.x-2454  [059]     1.019038: (+1)     sched_waking:         comm=cg.C.x pid=2443 prio=120 target_cpu=037
          cg.C.x-2400  [014]     1.019038: (+0)     bprint:               __handle_mm_fault: NUMAB MEM ACCESS process[nid:0, cpu:14, pid:2400], folio[virt:0x7f25bd9d60d0, phys:0x113d90000, pfn:0x113d90, nid:0, npages:1]
          cg.C.x-2437  [025]     1.019038: (+0)     bprint:               __handle_mm_fault: NUMAB MEM ACCESS process[nid:1, cpu:25, pid:2437], folio[virt:0x7f25bda81000, phys:0x1867881000, pfn:0x1867881, nid:1, npages:1]
          cg.C.x-2454  [059]     1.019039: (+1)     sched_wake_idle_without_ipi: cpu=37
          cg.C.x-2402  [018]     1.019039: (+0)     sched_switch:         cg.C.x:2402 [120] D ==> swapper/18:0 [120]
          cg.C.x-2399  [012]     1.019039: (+0)     sched_switch:         cg.C.x:2399 [120] D ==> swapper/12:0 [120]
          cg.C.x-2411  [036]     1.019039: (+0)     sched_switch:         cg.C.x:2411 [120] D ==> swapper/36:0 [120]
          cg.C.x-2454  [059]     1.019039: (+0)     sched_waking:         comm=cg.C.x pid=2418 prio=120 target_cpu=050
          cg.C.x-2415  [044]     1.019040: (+1)     bprint:               __handle_mm_fault: NUMAB MEM ACCESS process[nid:0, cpu:44, pid:2415], folio[virt:0x7f25bda1d000, phys:0x13919d000, pfn:0x13919d, nid:0, npages:1]
          cg.C.x-2454  [059]     1.019040: (+0)     sched_wake_idle_without_ipi: cpu=50
          cg.C.x-2397  [008]     1.019040: (+0)     bprint:               __handle_mm_fault: NUMAB MEM ACCESS process[nid:0, cpu:8, pid:2397], folio[virt:0x7f25bd9c8510, phys:0x11261b000, pfn:0x11261b, nid:0, npages:1]
          cg.C.x-2454  [059]     1.019040: (+0)     sched_waking:         comm=cg.C.x pid=2425 prio=120 target_cpu=001
          cg.C.x-2438  [027]     1.019041: (+1)     sched_switch:         cg.C.x:2438 [120] D ==> swapper/27:0 [120]
          cg.C.x-2434  [019]     1.019041: (+0)     sched_switch:         cg.C.x:2434 [120] D ==> swapper/19:0 [120]
          cg.C.x-2396  [006]     1.019041: (+0)     sched_switch:         cg.C.x:2396 [120] D ==> swapper/6:0 [120]
          cg.C.x-2448  [047]     1.019041: (+0)     sched_switch:         cg.C.x:2448 [120] D ==> swapper/47:0 [120]
          cg.C.x-2454  [059]     1.019041: (+0)     sched_wake_idle_without_ipi: cpu=1
          <idle>-0     [005]     1.019041: (+0)     sched_wakeup:         cg.C.x:2427 [120] CPU:005
          cg.C.x-2431  [013]     1.019042: (+1)     bprint:               __handle_mm_fault: NUMAB MEM ACCESS process[nid:1, cpu:13, pid:2431], folio[virt:0x7f25bda66000, phys:0x186d61b000, pfn:0x186d61b, nid:1, npages:1]
          cg.C.x-2454  [059]     1.019042: (+0)     sched_waking:         comm=cg.C.x pid=2447 prio=120 target_cpu=045
          cg.C.x-2395  [004]     1.019042: (+0)     bprint:               __handle_mm_fault: NUMAB MEM ACCESS process[nid:0, cpu:4, pid:2395], folio[virt:0x7f25bd9bf290, phys:0x378066000, pfn:0x378066, nid:0, npages:1]
          cg.C.x-2454  [059]     1.019042: (+0)     sched_wake_idle_without_ipi: cpu=45
          cg.C.x-2446  [043]     1.019043: (+1)     bprint:               __handle_mm_fault: NUMAB MEM ACCESS process[nid:1, cpu:43, pid:2446], folio[virt:0x7f25bdaab000, phys:0x189035a000, pfn:0x189035a, nid:1, npages:1]
          cg.C.x-2454  [059]     1.019043: (+0)     sched_waking:         comm=cg.C.x pid=2405 prio=120 target_cpu=024
          cg.C.x-2398  [010]     1.019043: (+0)     bprint:               __handle_mm_fault: NUMAB MEM ACCESS process[nid:0, cpu:10, pid:2398], folio[virt:0x7f25bd9cce50, phys:0x111f60000, pfn:0x111f60, nid:0, npages:1]
          <idle>-0     [005]     1.019043: (+0)     sched_switch:         swapper/5:0 [120] R ==> cg.C.x:2427 [120]
          cg.C.x-2454  [059]     1.019044: (+1)     sched_wake_idle_without_ipi: cpu=24
          cg.C.x-2421  [056]     1.019044: (+0)     bprint:               __handle_mm_fault: NUMAB MEM ACCESS process[nid:0, cpu:56, pid:2421], folio[virt:0x7f25bda39000, phys:0x110f3b000, pfn:0x110f3b, nid:0, npages:1]
          cg.C.x-2454  [059]     1.019044: (+0)     sched_waking:         comm=cg.C.x pid=2393 prio=120 target_cpu=000
          cg.C.x-2394  [002]     1.019045: (+1)     bprint:               __handle_mm_fault: NUMAB MEM ACCESS process[nid:0, cpu:2, pid:2394], folio[virt:0x7f25bd9ba950, phys:0x3780db000, pfn:0x3780db, nid:0, npages:1]
          cg.C.x-2454  [059]     1.019045: (+0)     sched_wake_idle_without_ipi: cpu=0
          cg.C.x-2433  [017]     1.019046: (+1)     bprint:               __handle_mm_fault: NUMAB MEM ACCESS process[nid:1, cpu:17, pid:2433], folio[virt:0x7f25bda70000, phys:0x1856d18000, pfn:0x1856d18, nid:1, npages:1]
          cg.C.x-2400  [014]     1.019046: (+0)     bprint:               __handle_mm_fault: NUMAB MEM ACCESS process[nid:0, cpu:14, pid:2400], folio[virt:0x7f25bd9d7000, phys:0x13b857000, pfn:0x13b857, nid:0, npages:1]
          cg.C.x-2454  [059]     1.019046: (+0)     sched_waking:         comm=cg.C.x pid=2416 prio=120 target_cpu=046
          <idle>-0     [037]     1.019046: (+0)     sched_wakeup:         cg.C.x:2443 [120] CPU:037
          <idle>-0     [045]     1.019046: (+0)     sched_wakeup:         cg.C.x:2447 [120] CPU:045
          <idle>-0     [001]     1.019047: (+1)     sched_wakeup:         cg.C.x:2425 [120] CPU:001
          cg.C.x-2454  [059]     1.019047: (+0)     sched_wake_idle_without_ipi: cpu=46
          cg.C.x-2454  [059]     1.019047: (+0)     sched_waking:         comm=cg.C.x pid=2420 prio=120 target_cpu=054
          cg.C.x-2397  [008]     1.019047: (+0)     bprint:               __handle_mm_fault: NUMAB MEM ACCESS process[nid:0, cpu:8, pid:2397], folio[virt:0x7f25bd9c9000, phys:0x121d51000, pfn:0x121d51, nid:0, npages:1]
          cg.C.x-2449  [049]     1.019047: (+0)     bprint:               __handle_mm_fault: NUMAB MEM ACCESS process[nid:1, cpu:49, pid:2449], folio[virt:0x7f25bdab9000, phys:0x185e891000, pfn:0x185e891, nid:1, npages:1]
          <idle>-0     [045]     1.019048: (+1)     sched_switch:         swapper/45:0 [120] R ==> cg.C.x:2447 [120]
          <idle>-0     [037]     1.019048: (+0)     sched_switch:         swapper/37:0 [120] R ==> cg.C.x:2443 [120]
          cg.C.x-2454  [059]     1.019048: (+0)     sched_wake_idle_without_ipi: cpu=54
          <idle>-0     [001]     1.019048: (+0)     sched_switch:         swapper/1:0 [120] R ==> cg.C.x:2425 [120]
          cg.C.x-2454  [059]     1.019049: (+1)     sched_waking:         comm=cg.C.x pid=2441 prio=120 target_cpu=033
          cg.C.x-2454  [059]     1.019049: (+0)     sched_wake_idle_without_ipi: cpu=33
          cg.C.x-2395  [004]     1.019049: (+0)     bprint:               __handle_mm_fault: NUMAB MEM ACCESS process[nid:0, cpu:4, pid:2395], folio[virt:0x7f25bd9c0000, phys:0x378067000, pfn:0x378067, nid:0, npages:1]
          cg.C.x-2413  [040]     1.019050: (+1)     bprint:               __handle_mm_fault: NUMAB MEM ACCESS process[nid:0, cpu:40, pid:2413], folio[virt:0x7f25bda14000, phys:0x111f76000, pfn:0x111f76, nid:0, npages:1]
          cg.C.x-2454  [059]     1.019050: (+0)     sched_waking:         comm=cg.C.x pid=2417 prio=120 target_cpu=048
          <idle>-0     [050]     1.019051: (+1)     sched_wakeup:         cg.C.x:2418 [120] CPU:050
          <idle>-0     [024]     1.019051: (+0)     sched_wakeup:         cg.C.x:2405 [120] CPU:024
          cg.C.x-2398  [010]     1.019051: (+0)     bprint:               __handle_mm_fault: NUMAB MEM ACCESS process[nid:0, cpu:10, pid:2398], folio[virt:0x7f25bd9cd000, phys:0x111f61000, pfn:0x111f61, nid:0, npages:1]
          <idle>-0     [000]     1.019051: (+0)     sched_wakeup:         cg.C.x:2393 [120] CPU:000
          cg.C.x-2454  [059]     1.019051: (+0)     sched_wake_idle_without_ipi: cpu=48
          cg.C.x-2412  [038]     1.019051: (+0)     bprint:               __handle_mm_fault: NUMAB MEM ACCESS process[nid:0, cpu:38, pid:2412], folio[virt:0x7f25bda10000, phys:0x139009000, pfn:0x139009, nid:0, npages:1]
          cg.C.x-2454  [059]     1.019052: (+1)     sched_waking:         comm=cg.C.x pid=2429 prio=120 target_cpu=009
          cg.C.x-2394  [002]     1.019052: (+0)     bprint:               __handle_mm_fault: NUMAB MEM ACCESS process[nid:0, cpu:2, pid:2394], folio[virt:0x7f25bd9bb000, phys:0x13b002000, pfn:0x13b002, nid:0, npages:1]
          <idle>-0     [050]     1.019052: (+0)     sched_switch:         swapper/50:0 [120] R ==> cg.C.x:2418 [120]
          <idle>-0     [046]     1.019052: (+0)     sched_wakeup:         cg.C.x:2416 [120] CPU:046
          <idle>-0     [000]     1.019052: (+0)     sched_switch:         swapper/0:0 [120] R ==> cg.C.x:2393 [120]
          <idle>-0     [024]     1.019052: (+0)     sched_switch:         swapper/24:0 [120] R ==> cg.C.x:2405 [120]
          cg.C.x-2454  [059]     1.019052: (+0)     sched_wake_idle_without_ipi: cpu=9
          cg.C.x-2450  [051]     1.019052: (+0)     bprint:               __handle_mm_fault: NUMAB MEM ACCESS process[nid:1, cpu:51, pid:2450], folio[virt:0x7f25bdabe000, phys:0x186d272000, pfn:0x186d272, nid:1, npages:1]
          <idle>-0     [054]     1.019053: (+1)     sched_wakeup:         cg.C.x:2420 [120] CPU:054
          cg.C.x-2454  [059]     1.019053: (+0)     sched_waking:         comm=cg.C.x pid=2435 prio=120 target_cpu=021
          cg.C.x-2400  [014]     1.019053: (+0)     bprint:               __handle_mm_fault: NUMAB MEM ACCESS process[nid:0, cpu:14, pid:2400], folio[virt:0x7f25bd9d8000, phys:0x13b858000, pfn:0x13b858, nid:0, npages:1]
          cg.C.x-2454  [059]     1.019053: (+0)     sched_wake_idle_without_ipi: cpu=21
          cg.C.x-2432  [015]     1.019054: (+1)     bprint:               __handle_mm_fault: NUMAB MEM ACCESS process[nid:1, cpu:15, pid:2432], folio[virt:0x7f25bda688d0, phys:0x186d91d000, pfn:0x186d91d, nid:1, npages:1]
          <idle>-0     [046]     1.019054: (+0)     sched_switch:         swapper/46:0 [120] R ==> cg.C.x:2416 [120]
          cg.C.x-2454  [059]     1.019054: (+0)     sched_waking:         comm=cg.C.x pid=2451 prio=120 target_cpu=053
          cg.C.x-2397  [008]     1.019054: (+0)     bprint:               __handle_mm_fault: NUMAB MEM ACCESS process[nid:0, cpu:8, pid:2397], folio[virt:0x7f25bd9ca000, phys:0x121d52000, pfn:0x121d52, nid:0, npages:1]
