     rcu_preempt-17    [040]     0.852165: (+8)     sched_switch:         rcu_preempt:17 [120] I ==> cg.C.x:3349 [120]
          cg.C.x-3349  [040]     0.864144: (+11979) sched_waking:         comm=rcu_preempt pid=17 prio=120 target_cpu=040
          cg.C.x-3349  [040]     0.864149: (+5)     sched_wakeup:         rcu_preempt:17 [120] CPU:040
          cg.C.x-3349  [040]     0.864153: (+4)     sched_switch:         cg.C.x:3349 [120] R ==> rcu_preempt:17 [120]
     rcu_preempt-17    [040]     0.864165: (+12)    sched_switch:         rcu_preempt:17 [120] I ==> cg.C.x:3349 [120]
          cg.C.x-3349  [040]     0.876143: (+11978) sched_waking:         comm=rcu_preempt pid=17 prio=120 target_cpu=040
          cg.C.x-3349  [040]     0.876148: (+5)     sched_wakeup:         rcu_preempt:17 [120] CPU:040
          cg.C.x-3349  [040]     0.876153: (+5)     sched_switch:         cg.C.x:3349 [120] R ==> rcu_preempt:17 [120]
     rcu_preempt-17    [040]     0.876160: (+7)     sched_switch:         rcu_preempt:17 [120] I ==> cg.C.x:3349 [120]
          cg.C.x-3349  [040]     0.888143: (+11983) sched_waking:         comm=rcu_preempt pid=17 prio=120 target_cpu=040
          cg.C.x-3349  [040]     0.888149: (+6)     sched_wakeup:         rcu_preempt:17 [120] CPU:040
          cg.C.x-3349  [040]     0.888153: (+4)     sched_switch:         cg.C.x:3349 [120] R ==> rcu_preempt:17 [120]
     rcu_preempt-17    [040]     0.888161: (+8)     sched_switch:         rcu_preempt:17 [120] I ==> cg.C.x:3349 [120]
          cg.C.x-3329  [000]     0.912144: (+23983) sched_waking:         comm=kworker/0:1 pid=10 prio=120 target_cpu=000
          cg.C.x-3329  [000]     0.912150: (+6)     sched_wakeup:         kworker/0:1:10 [120] CPU:000
          cg.C.x-3329  [000]     0.912156: (+6)     sched_switch:         cg.C.x:3329 [120] R ==> kworker/0:1:10 [120]
     kworker/0:1-10    [000]     0.912222: (+66)    sched_switch:         kworker/0:1:10 [120] I ==> cg.C.x:3329 [120]
          cg.C.x-3329  [000]     0.923436: (+11214) sched_waking:         comm=kworker/u129:18 pid=438 prio=120 target_cpu=000
          cg.C.x-3329  [000]     0.923442: (+6)     sched_wakeup:         kworker/u129:18:438 [120] CPU:000
          cg.C.x-3329  [000]     0.923448: (+6)     sched_switch:         cg.C.x:3329 [120] R ==> kworker/u129:18:438 [120]
 kworker/u129:18-438   [000]     0.923454: (+6)     sched_waking:         comm=tmux: server pid=2003 prio=120 target_cpu=000
 kworker/u129:18-438   [000]     0.923456: (+2)     sched_wakeup:         tmux: server:2003 [120] CPU:000
 kworker/u129:18-438   [000]     0.923459: (+3)     sched_switch:         kworker/u129:18:438 [120] I ==> tmux: server:2003 [120]
    tmux: server-2003  [000]     0.923524: (+65)    sched_waking:         comm=kworker/u129:18 pid=438 prio=120 target_cpu=000
    tmux: server-2003  [000]     0.923525: (+1)     sched_wakeup:         kworker/u129:18:438 [120] CPU:000
    tmux: server-2003  [000]     0.923528: (+3)     sched_switch:         tmux: server:2003 [120] R ==> kworker/u129:18:438 [120]
 kworker/u129:18-438   [000]     0.923530: (+2)     sched_waking:         comm=sshd pid=1918 prio=120 target_cpu=044
 kworker/u129:18-438   [000]     0.923537: (+7)     sched_wakeup:         sshd:1918 [120] CPU:044
 kworker/u129:18-438   [000]     0.923538: (+1)     sched_switch:         kworker/u129:18:438 [120] I ==> tmux: server:2003 [120]
          cg.C.x-3351  [044]     0.923542: (+4)     sched_switch:         cg.C.x:3351 [120] R ==> sshd:1918 [120]
    tmux: server-2003  [000]     0.923545: (+3)     sched_switch:         tmux: server:2003 [120] S ==> cg.C.x:3329 [120]
          cg.C.x-3329  [000]     0.923547: (+2)     sched_waking:         comm=kworker/u129:18 pid=438 prio=120 target_cpu=000
          cg.C.x-3329  [000]     0.923548: (+1)     sched_wakeup:         kworker/u129:18:438 [120] CPU:000
          cg.C.x-3329  [000]     0.923550: (+2)     sched_switch:         cg.C.x:3329 [120] R ==> kworker/u129:18:438 [120]
 kworker/u129:18-438   [000]     0.923551: (+1)     sched_waking:         comm=tmux: server pid=2003 prio=120 target_cpu=000
 kworker/u129:18-438   [000]     0.923552: (+1)     sched_wakeup:         tmux: server:2003 [120] CPU:000
 kworker/u129:18-438   [000]     0.923554: (+2)     sched_switch:         kworker/u129:18:438 [120] I ==> tmux: server:2003 [120]
    tmux: server-2003  [000]     0.923578: (+24)    sched_waking:         comm=kworker/u129:18 pid=438 prio=120 target_cpu=000
    tmux: server-2003  [000]     0.923579: (+1)     sched_wakeup:         kworker/u129:18:438 [120] CPU:000
    tmux: server-2003  [000]     0.923581: (+2)     sched_switch:         tmux: server:2003 [120] R ==> kworker/u129:18:438 [120]
 kworker/u129:18-438   [000]     0.923583: (+2)     sched_switch:         kworker/u129:18:438 [120] I ==> tmux: server:2003 [120]
    tmux: server-2003  [000]     0.923588: (+5)     sched_switch:         tmux: server:2003 [120] S ==> cg.C.x:3329 [120]
            sshd-1918  [044]     0.923640: (+52)    sched_switch:         sshd:1918 [120] S ==> cg.C.x:3351 [120]
          cg.C.x-3329  [000]     0.933638: (+9998)  sched_waking:         comm=tmux: server pid=2003 prio=120 target_cpu=000
          cg.C.x-3329  [000]     0.933650: (+12)    sched_wakeup:         tmux: server:2003 [120] CPU:000
          cg.C.x-3329  [000]     0.933653: (+3)     sched_switch:         cg.C.x:3329 [120] R ==> tmux: server:2003 [120]
    tmux: server-2003  [000]     0.933691: (+38)    sched_switch:         tmux: server:2003 [120] S ==> cg.C.x:3329 [120]
          cg.C.x-3392  [063]     0.972147: (+38456) sched_waking:         comm=kworker/63:1 pid=654 prio=120 target_cpu=063
          cg.C.x-3392  [063]     0.972158: (+11)    sched_wakeup:         kworker/63:1:654 [120] CPU:063
          cg.C.x-3392  [063]     0.972166: (+8)     sched_switch:         cg.C.x:3392 [120] R ==> kworker/63:1:654 [120]
    kworker/63:1-654   [063]     0.972185: (+19)    sched_switch:         kworker/63:1:654 [120] I ==> cg.C.x:3392 [120]
          cg.C.x-3391  [061]     1.004146: (+31961) sched_waking:         comm=kworker/61:1 pid=558 prio=120 target_cpu=061
          cg.C.x-3359  [060]     1.004146: (+0)     sched_waking:         comm=kworker/60:1 pid=744 prio=120 target_cpu=060
          cg.C.x-3391  [061]     1.004154: (+8)     sched_wakeup:         kworker/61:1:558 [120] CPU:061
          cg.C.x-3359  [060]     1.004156: (+2)     sched_wakeup:         kworker/60:1:744 [120] CPU:060
          cg.C.x-3359  [060]     1.004162: (+6)     sched_switch:         cg.C.x:3359 [120] R ==> kworker/60:1:744 [120]
    kworker/60:1-744   [060]     1.004177: (+15)    sched_switch:         kworker/60:1:744 [120] I ==> cg.C.x:3359 [120]
          cg.C.x-3329  [000]     1.006761: (+2584)  sched_waking:         comm=tmux: server pid=2003 prio=120 target_cpu=000
          cg.C.x-3329  [000]     1.006770: (+9)     sched_wakeup:         tmux: server:2003 [120] CPU:000
          cg.C.x-3329  [000]     1.006773: (+3)     sched_switch:         cg.C.x:3329 [120] R ==> tmux: server:2003 [120]
    tmux: server-2003  [000]     1.006791: (+18)    sched_switch:         tmux: server:2003 [120] S ==> cg.C.x:3329 [120]
          cg.C.x-3329  [000]     1.007838: (+1047)  sched_waking:         comm=tmux: server pid=2003 prio=120 target_cpu=000
          cg.C.x-3329  [000]     1.007845: (+7)     sched_wakeup:         tmux: server:2003 [120] CPU:000
          cg.C.x-3329  [000]     1.007847: (+2)     sched_switch:         cg.C.x:3329 [120] R ==> tmux: server:2003 [120]
    tmux: server-2003  [000]     1.007863: (+16)    sched_switch:         tmux: server:2003 [120] S ==> cg.C.x:3329 [120]
          cg.C.x-3360  [062]     1.008144: (+281)   sched_waking:         comm=kworker/62:1 pid=743 prio=120 target_cpu=062
          cg.C.x-3391  [061]     1.008148: (+4)     sched_switch:         cg.C.x:3391 [120] R ==> kworker/61:1:558 [120]
          cg.C.x-3360  [062]     1.008149: (+1)     sched_wakeup:         kworker/62:1:743 [120] CPU:062
          cg.C.x-3360  [062]     1.008154: (+5)     sched_switch:         cg.C.x:3360 [120] R ==> kworker/62:1:743 [120]
    kworker/61:1-558   [061]     1.008167: (+13)    sched_switch:         kworker/61:1:558 [120] I ==> cg.C.x:3391 [120]
    kworker/62:1-743   [062]     1.008170: (+3)     sched_switch:         kworker/62:1:743 [120] I ==> cg.C.x:3360 [120]
          cg.C.x-3329  [000]     1.008910: (+740)   sched_waking:         comm=tmux: server pid=2003 prio=120 target_cpu=000
          cg.C.x-3329  [000]     1.008916: (+6)     sched_wakeup:         tmux: server:2003 [120] CPU:000
          cg.C.x-3329  [000]     1.008918: (+2)     sched_switch:         cg.C.x:3329 [120] R ==> tmux: server:2003 [120]
    tmux: server-2003  [000]     1.009052: (+134)   sched_switch:         tmux: server:2003 [120] S ==> cg.C.x:3329 [120]
          cg.C.x-3331  [004]     1.016147: (+7095)  bprint:               change_prot_numa: NUMAB SCAN vma[start:0x7f3d806db000, end:0x7f3d92cf9000, from:0x7f3d8ec00000, to:0x7f3d92cf9000, size:66532 KB]
          cg.C.x-3331  [004]     1.016237: (+90)    bprint:               change_prot_numa: NUMAB SCAN vma[start:0x7f3d92e00000, end:0x7f3d93728000, from:0x7f3d92e00000, to:0x7f3d93728000, size:9376 KB]
          cg.C.x-3331  [004]     1.016307: (+70)    bprint:               change_prot_numa: NUMAB SCAN vma[start:0x7f3d93800000, end:0x7f3d9cb0f000, from:0x7f3d93800000, to:0x7f3d9cb0f000, size:150588 KB]
          cg.C.x-3331  [004]     1.016390: (+83)    bprint:               change_prot_numa: NUMAB SCAN vma[start:0x7f3d9cc00000, end:0x7f3da5e7d000, from:0x7f3d9cc00000, to:0x7f3da5e7d000, size:150004 KB]
          cg.C.x-3331  [004]     1.016425: (+35)    bprint:               change_prot_numa: NUMAB SCAN vma[start:0x7f3da5f6d000, end:0x7f3da6000000, from:0x7f3da5f6d000, to:0x7f3da6000000, size:588 KB]
          cg.C.x-3347  [036]     1.016425: (+0)     bprint:               do_huge_pmd_numa_page: NUMAB MEM ACCESS huge page process[nid:0, cpu:36, pid:3347], folio[virt:0x7f3d9f38748c, ker:0xffff93f48d200000, pfn:0x30d200, nid:0, npages:512]
          cg.C.x-3343  [028]     1.016430: (+5)     bprint:               do_huge_pmd_numa_page: NUMAB MEM ACCESS huge page process[nid:0, cpu:28, pid:3343], folio[virt:0x7f3d9ead7140, ker:0xffff93f4ba400000, pfn:0x33a400, nid:0, npages:512]
          cg.C.x-3340  [022]     1.016435: (+5)     bprint:               do_huge_pmd_numa_page: NUMAB MEM ACCESS huge page process[nid:0, cpu:22, pid:3340], folio[virt:0x7f3d9e45b500, ker:0xffff93f47ea00000, pfn:0x2fea00, nid:0, npages:512]
          cg.C.x-3329  [000]     1.016438: (+3)     bprint:               do_huge_pmd_numa_page: NUMAB MEM ACCESS huge page process[nid:0, cpu:0, pid:3329], folio[virt:0x7f3d9cca97ac, ker:0xffff93f41f400000, pfn:0x29f400, nid:0, npages:512]
          cg.C.x-3360  [062]     1.016440: (+2)     bprint:               do_huge_pmd_numa_page: NUMAB MEM ACCESS huge page process[nid:0, cpu:62, pid:3360], folio[virt:0x7f3da0f6f104, ker:0xffff93f41f200000, pfn:0x29f200, nid:0, npages:512]
          cg.C.x-3344  [030]     1.016443: (+3)     bprint:               do_huge_pmd_numa_page: NUMAB MEM ACCESS huge page process[nid:0, cpu:30, pid:3344], folio[virt:0x7f3d9ed05ea8, ker:0xffff93f41fa00000, pfn:0x29fa00, nid:0, npages:512]
          cg.C.x-3359  [060]     1.016446: (+3)     bprint:               do_huge_pmd_numa_page: NUMAB MEM ACCESS huge page process[nid:0, cpu:60, pid:3359], folio[virt:0x7f3da0d422ec, ker:0xffff93f4e0a00000, pfn:0x360a00, nid:0, npages:512]
          cg.C.x-3342  [026]     1.016448: (+2)     bprint:               do_huge_pmd_numa_page: NUMAB MEM ACCESS huge page process[nid:0, cpu:26, pid:3342], folio[virt:0x7f3d9e8b3e18, ker:0xffff93f4bc400000, pfn:0x33c400, nid:0, npages:512]
          cg.C.x-3358  [058]     1.016451: (+3)     bprint:               do_huge_pmd_numa_page: NUMAB MEM ACCESS huge page process[nid:0, cpu:58, pid:3358], folio[virt:0x7f3da0b17704, ker:0xffff93f4cd600000, pfn:0x34d600, nid:0, npages:512]
          cg.C.x-3363  [005]     1.016456: (+5)     bprint:               do_huge_pmd_numa_page: NUMAB MEM ACCESS huge page process[nid:1, cpu:5, pid:3363], folio[virt:0x7f3da15e24b0, ker:0xffff940be2000000, pfn:0x1a62000, nid:1, npages:512]
          cg.C.x-3379  [037]     1.016461: (+5)     bprint:               do_huge_pmd_numa_page: NUMAB MEM ACCESS huge page process[nid:1, cpu:37, pid:3379], folio[virt:0x7f3da3850dbc, ker:0xffff940c29400000, pfn:0x1aa9400, nid:1, npages:512]
          cg.C.x-3331  [004]     1.016465: (+4)     bprint:               change_prot_numa: NUMAB SCAN vma[start:0x7f3da6325000, end:0x7f3da63b8000, from:0x7f3da6325000, to:0x7f3da63b8000, size:588 KB]
          cg.C.x-3372  [023]     1.016465: (+0)     bprint:               do_huge_pmd_numa_page: NUMAB MEM ACCESS huge page process[nid:1, cpu:23, pid:3372], folio[virt:0x7f3da293fc88, ker:0xffff940bb7200000, pfn:0x1a37200, nid:1, npages:512]
          cg.C.x-3376  [031]     1.016468: (+3)     bprint:               do_huge_pmd_numa_page: NUMAB MEM ACCESS huge page process[nid:1, cpu:31, pid:3376], folio[virt:0x7f3da31de468, ker:0xffff940bbc200000, pfn:0x1a3c200, nid:1, npages:512]
          cg.C.x-3383  [045]     1.016471: (+3)     bprint:               do_huge_pmd_numa_page: NUMAB MEM ACCESS huge page process[nid:1, cpu:45, pid:3383], folio[virt:0x7f3da40ed608, ker:0xffff940b84a00000, pfn:0x1a04a00, nid:1, npages:512]
          cg.C.x-3333  [008]     1.016474: (+3)     bprint:               do_huge_pmd_numa_page: NUMAB MEM ACCESS huge page process[nid:0, cpu:8, pid:3333], folio[virt:0x7f3d9d543774, ker:0xffff93f4cb600000, pfn:0x34b600, nid:0, npages:512]
          cg.C.x-3336  [014]     1.016478: (+4)     bprint:               do_huge_pmd_numa_page: NUMAB MEM ACCESS huge page process[nid:0, cpu:14, pid:3336], folio[virt:0x7f3d9dbb9a40, ker:0xffff93f4ba600000, pfn:0x33a600, nid:0, npages:512]
          cg.C.x-3375  [029]     1.016480: (+2)     bprint:               do_huge_pmd_numa_page: NUMAB MEM ACCESS huge page process[nid:1, cpu:29, pid:3375], folio[virt:0x7f3da2fb528c, ker:0xffff940bf8e00000, pfn:0x1a78e00, nid:1, npages:512]
          cg.C.x-3386  [051]     1.016483: (+3)     bprint:               do_huge_pmd_numa_page: NUMAB MEM ACCESS huge page process[nid:1, cpu:51, pid:3386], folio[virt:0x7f3da4767a0c, ker:0xffff940bb6e00000, pfn:0x1a36e00, nid:1, npages:512]
          cg.C.x-3370  [019]     1.016486: (+3)     bprint:               do_huge_pmd_numa_page: NUMAB MEM ACCESS huge page process[nid:1, cpu:19, pid:3370], folio[virt:0x7f3da24ef0ac, ker:0xffff940bb9600000, pfn:0x1a39600, nid:1, npages:512]
          cg.C.x-3333  [008]     1.016489: (+3)     bprint:               __handle_mm_fault: NUMAB MEM ACCESS process[nid:0, cpu:8, pid:3333], folio[virt:0x7f3da632eda8, phys:0x1137a4000, pfn:0x1137a4, nid:0, npages:1]
          cg.C.x-3387  [053]     1.016489: (+0)     bprint:               do_huge_pmd_numa_page: NUMAB MEM ACCESS huge page process[nid:1, cpu:53, pid:3387], folio[virt:0x7f3da498aa44, ker:0xffff940a73200000, pfn:0x18f3200, nid:1, npages:512]
          cg.C.x-3336  [014]     1.016491: (+2)     bprint:               __handle_mm_fault: NUMAB MEM ACCESS process[nid:0, cpu:14, pid:3336], folio[virt:0x7f3da6335bc0, phys:0x32454e000, pfn:0x32454e, nid:0, npages:1]
          cg.C.x-3371  [021]     1.016491: (+0)     bprint:               do_huge_pmd_numa_page: NUMAB MEM ACCESS huge page process[nid:1, cpu:21, pid:3371], folio[virt:0x7f3da2718bec, ker:0xffff940c2c800000, pfn:0x1aac800, nid:1, npages:512]
          cg.C.x-3375  [029]     1.016493: (+2)     bprint:               __handle_mm_fault: NUMAB MEM ACCESS process[nid:1, cpu:29, pid:3375], folio[virt:0x7f3da638eff4, phys:0x186759d000, pfn:0x186759d, nid:1, npages:1]
          cg.C.x-3352  [046]     1.016494: (+1)     bprint:               do_huge_pmd_numa_page: NUMAB MEM ACCESS huge page process[nid:0, cpu:46, pid:3352], folio[virt:0x7f3d9fe33fcc, ker:0xffff93f47e400000, pfn:0x2fe400, nid:0, npages:512]
          cg.C.x-3386  [051]     1.016495: (+1)     bprint:               __handle_mm_fault: NUMAB MEM ACCESS process[nid:1, cpu:51, pid:3386], folio[virt:0x7f3da63a82b4, phys:0x1856fd5000, pfn:0x1856fd5, nid:1, npages:1]
          cg.C.x-3361  [001]     1.016498: (+3)     bprint:               do_huge_pmd_numa_page: NUMAB MEM ACCESS huge page process[nid:1, cpu:1, pid:3361], folio[virt:0x7f3da118eeec, ker:0xffff940bf9200000, pfn:0x1a79200, nid:1, npages:512]
          cg.C.x-3370  [019]     1.016499: (+1)     bprint:               __handle_mm_fault: NUMAB MEM ACCESS process[nid:1, cpu:19, pid:3370], folio[virt:0x7f3da6383888, phys:0x1858d7f000, pfn:0x1858d7f, nid:1, npages:1]
          cg.C.x-3387  [053]     1.016500: (+1)     bprint:               __handle_mm_fault: NUMAB MEM ACCESS process[nid:1, cpu:53, pid:3387], folio[virt:0x7f3da63aa700, phys:0x185fc3c000, pfn:0x185fc3c, nid:1, npages:1]
          cg.C.x-3390  [059]     1.016501: (+1)     bprint:               do_huge_pmd_numa_page: NUMAB MEM ACCESS huge page process[nid:1, cpu:59, pid:3390], folio[virt:0x7f3da4ff808c, ker:0xffff940b84e00000, pfn:0x1a04e00, nid:1, npages:512]
          cg.C.x-3371  [021]     1.016502: (+1)     bprint:               __handle_mm_fault: NUMAB MEM ACCESS process[nid:1, cpu:21, pid:3371], folio[virt:0x7f3da6385d70, phys:0x185dc1a000, pfn:0x185dc1a, nid:1, npages:1]
          cg.C.x-3331  [004]     1.016503: (+1)     bprint:               change_prot_numa: NUMAB SCAN vma[start:0x7f3da63fe000, end:0x7f3da63ff000, from:0x7f3da63fe000, to:0x7f3da63ff000, size:4 KB]
          cg.C.x-3383  [045]     1.016504: (+1)     bprint:               __handle_mm_fault: NUMAB MEM ACCESS process[nid:1, cpu:45, pid:3383], folio[virt:0x7f3da63a14c0, phys:0x1864804000, pfn:0x1864804, nid:1, npages:1]
          cg.C.x-3381  [041]     1.016504: (+0)     bprint:               do_huge_pmd_numa_page: NUMAB MEM ACCESS huge page process[nid:1, cpu:41, pid:3381], folio[virt:0x7f3da3ca0d0c, ker:0xffff940bdf200000, pfn:0x1a5f200, nid:1, npages:512]
          cg.C.x-3372  [023]     1.016505: (+1)     bprint:               __handle_mm_fault: NUMAB MEM ACCESS process[nid:1, cpu:23, pid:3372], folio[virt:0x7f3da638829c, phys:0x1855bd2000, pfn:0x1855bd2, nid:1, npages:1]
          cg.C.x-3391  [061]     1.016507: (+2)     bprint:               do_huge_pmd_numa_page: NUMAB MEM ACCESS huge page process[nid:1, cpu:61, pid:3391], folio[virt:0x7f3da522697c, ker:0xffff940a1b200000, pfn:0x189b200, nid:1, npages:512]
          cg.C.x-3376  [031]     1.016507: (+0)     bprint:               __handle_mm_fault: NUMAB MEM ACCESS process[nid:1, cpu:31, pid:3376], folio[virt:0x7f3da6391520, phys:0x186d5c3000, pfn:0x186d5c3, nid:1, npages:1]
          cg.C.x-3375  [029]     1.016508: (+1)     bprint:               __handle_mm_fault: NUMAB MEM ACCESS process[nid:1, cpu:29, pid:3375], folio[virt:0x7f3da638f000, phys:0x186754d000, pfn:0x186754d, nid:1, npages:1]
          cg.C.x-3337  [016]     1.016510: (+2)     bprint:               do_huge_pmd_numa_page: NUMAB MEM ACCESS huge page process[nid:0, cpu:16, pid:3337], folio[virt:0x7f3d9dde3f44, ker:0xffff93f44de00000, pfn:0x2cde00, nid:0, npages:512]
          cg.C.x-3379  [037]     1.016510: (+0)     bprint:               __handle_mm_fault: NUMAB MEM ACCESS process[nid:1, cpu:37, pid:3379], folio[virt:0x7f3da63982bc, phys:0x185e822000, pfn:0x185e822, nid:1, npages:1]
          cg.C.x-3347  [036]     1.016512: (+2)     bprint:               __handle_mm_fault: NUMAB MEM ACCESS process[nid:0, cpu:36, pid:3347], folio[virt:0x7f3da634f0a0, phys:0x12191c000, pfn:0x12191c, nid:0, npages:1]
          cg.C.x-3388  [055]     1.016513: (+1)     bprint:               do_huge_pmd_numa_page: NUMAB MEM ACCESS huge page process[nid:1, cpu:55, pid:3388], folio[virt:0x7f3da4bafaa4, ker:0xffff940be3200000, pfn:0x1a63200, nid:1, npages:512]
          cg.C.x-3340  [022]     1.016514: (+1)     bprint:               __handle_mm_fault: NUMAB MEM ACCESS process[nid:0, cpu:22, pid:3340], folio[virt:0x7f3da633ef40, phys:0x139f11000, pfn:0x139f11, nid:0, npages:1]
          cg.C.x-3385  [049]     1.016516: (+2)     bprint:               do_huge_pmd_numa_page: NUMAB MEM ACCESS huge page process[nid:1, cpu:49, pid:3385], folio[virt:0x7f3da45454cc, ker:0xffff940be0400000, pfn:0x1a60400, nid:1, npages:512]
          cg.C.x-3363  [005]     1.016516: (+0)     bprint:               __handle_mm_fault: NUMAB MEM ACCESS process[nid:1, cpu:5, pid:3363], folio[virt:0x7f3da63738f4, phys:0x1857463000, pfn:0x1857463, nid:1, npages:1]
          cg.C.x-3352  [046]     1.016517: (+1)     bprint:               __handle_mm_fault: NUMAB MEM ACCESS process[nid:0, cpu:46, pid:3352], folio[virt:0x7f3da635a58c, phys:0x32622e000, pfn:0x32622e, nid:0, npages:1]
          cg.C.x-3369  [017]     1.016518: (+1)     bprint:               do_huge_pmd_numa_page: NUMAB MEM ACCESS huge page process[nid:1, cpu:17, pid:3369], folio[virt:0x7f3da22c5250, ker:0xffff940bb8a00000, pfn:0x1a38a00, nid:1, npages:512]
          cg.C.x-3358  [058]     1.016519: (+1)     bprint:               __handle_mm_fault: NUMAB MEM ACCESS process[nid:0, cpu:58, pid:3358], folio[virt:0x7f3da636816c, phys:0x29fdce000, pfn:0x29fdce, nid:0, npages:1]
          cg.C.x-3362  [003]     1.016521: (+2)     bprint:               do_huge_pmd_numa_page: NUMAB MEM ACCESS huge page process[nid:1, cpu:3, pid:3362], folio[virt:0x7f3da13b642c, ker:0xffff940c2da00000, pfn:0x1aada00, nid:1, npages:512]
          cg.C.x-3342  [026]     1.016521: (+0)     bprint:               __handle_mm_fault: NUMAB MEM ACCESS process[nid:0, cpu:26, pid:3342], folio[virt:0x7f3da6343828, phys:0x3245cf000, pfn:0x3245cf, nid:0, npages:1]
          cg.C.x-3344  [030]     1.016523: (+2)     bprint:               __handle_mm_fault: NUMAB MEM ACCESS process[nid:0, cpu:30, pid:3344], folio[virt:0x7f3da6348174, phys:0x12172e000, pfn:0x12172e, nid:0, npages:1]
          cg.C.x-3374  [027]     1.016523: (+0)     bprint:               do_huge_pmd_numa_page: NUMAB MEM ACCESS huge page process[nid:1, cpu:27, pid:3374], folio[virt:0x7f3da2d920ec, ker:0xffff940c2ea00000, pfn:0x1aaea00, nid:1, npages:512]
          cg.C.x-3360  [062]     1.016525: (+2)     bprint:               __handle_mm_fault: NUMAB MEM ACCESS process[nid:0, cpu:62, pid:3360], folio[virt:0x7f3da636cb30, phys:0x13aaa8000, pfn:0x13aaa8, nid:0, npages:1]
          cg.C.x-3392  [063]     1.016525: (+0)     bprint:               do_huge_pmd_numa_page: NUMAB MEM ACCESS huge page process[nid:1, cpu:63, pid:3392], folio[virt:0x7f3da5450d4c, ker:0xffff940be1600000, pfn:0x1a61600, nid:1, npages:512]
          cg.C.x-3359  [060]     1.016527: (+2)     bprint:               __handle_mm_fault: NUMAB MEM ACCESS process[nid:0, cpu:60, pid:3359], folio[virt:0x7f3da636a654, phys:0x123375000, pfn:0x123375, nid:0, npages:1]
          cg.C.x-3356  [054]     1.016528: (+1)     bprint:               do_huge_pmd_numa_page: NUMAB MEM ACCESS huge page process[nid:0, cpu:54, pid:3356], folio[virt:0x7f3da06d310c, ker:0xffff93f2c2000000, pfn:0x142000, nid:0, npages:512]
          cg.C.x-3343  [028]     1.016529: (+1)     bprint:               __handle_mm_fault: NUMAB MEM ACCESS process[nid:0, cpu:28, pid:3343], folio[virt:0x7f3da6345c9c, phys:0x13943c000, pfn:0x13943c, nid:0, npages:1]
          cg.C.x-3346  [034]     1.016531: (+2)     bprint:               do_huge_pmd_numa_page: NUMAB MEM ACCESS huge page process[nid:0, cpu:34, pid:3346], folio[virt:0x7f3d9f14d358, ker:0xffff93f4bae00000, pfn:0x33ae00, nid:0, npages:512]
          cg.C.x-3329  [000]     1.016532: (+1)     bprint:               __handle_mm_fault: NUMAB MEM ACCESS process[nid:0, cpu:0, pid:3329], folio[virt:0x7f3da6325c28, phys:0x11232a000, pfn:0x11232a, nid:0, npages:1]
          cg.C.x-3339  [020]     1.016534: (+2)     bprint:               do_huge_pmd_numa_page: NUMAB MEM ACCESS huge page process[nid:0, cpu:20, pid:3339], folio[virt:0x7f3d9e235340, ker:0xffff93f4a4a00000, pfn:0x324a00, nid:0, npages:512]
          cg.C.x-3361  [001]     1.016534: (+0)     bprint:               __handle_mm_fault: NUMAB MEM ACCESS process[nid:1, cpu:1, pid:3361], folio[virt:0x7f3da636eed0, phys:0x186d6c9000, pfn:0x186d6c9, nid:1, npages:1]
          cg.C.x-3390  [059]     1.016535: (+1)     bprint:               __handle_mm_fault: NUMAB MEM ACCESS process[nid:1, cpu:59, pid:3390], folio[virt:0x7f3da63b1468, phys:0x1890360000, pfn:0x1890360, nid:1, npages:1]
          cg.C.x-3334  [010]     1.016537: (+2)     bprint:               do_huge_pmd_numa_page: NUMAB MEM ACCESS huge page process[nid:0, cpu:10, pid:3334], folio[virt:0x7f3d9d76e944, ker:0xffff93f44ca00000, pfn:0x2cca00, nid:0, npages:512]
          cg.C.x-3381  [041]     1.016537: (+0)     bprint:               __handle_mm_fault: NUMAB MEM ACCESS process[nid:1, cpu:41, pid:3381], folio[virt:0x7f3da639cb58, phys:0x185f19a000, pfn:0x185f19a, nid:1, npages:1]
          cg.C.x-3391  [061]     1.016538: (+1)     bprint:               __handle_mm_fault: NUMAB MEM ACCESS process[nid:1, cpu:61, pid:3391], folio[virt:0x7f3da63b39c0, phys:0x186783d000, pfn:0x186783d, nid:1, npages:1]
          cg.C.x-3341  [024]     1.016540: (+2)     bprint:               do_huge_pmd_numa_page: NUMAB MEM ACCESS huge page process[nid:0, cpu:24, pid:3341], folio[virt:0x7f3d9e6852cc, ker:0xffff93f48e600000, pfn:0x30e600, nid:0, npages:512]
          cg.C.x-3337  [016]     1.016540: (+0)     bprint:               __handle_mm_fault: NUMAB MEM ACCESS process[nid:0, cpu:16, pid:3337], folio[virt:0x7f3da6338078, phys:0x1108f8000, pfn:0x1108f8, nid:0, npages:1]
          cg.C.x-3388  [055]     1.016544: (+4)     bprint:               __handle_mm_fault: NUMAB MEM ACCESS process[nid:1, cpu:55, pid:3388], folio[virt:0x7f3da63acb6c, phys:0x185e841000, pfn:0x185e841, nid:1, npages:1]
          cg.C.x-3380  [039]     1.016544: (+0)     bprint:               do_huge_pmd_numa_page: NUMAB MEM ACCESS huge page process[nid:1, cpu:39, pid:3380], folio[virt:0x7f3da3a80948, ker:0xffff940bf9600000, pfn:0x1a79600, nid:1, npages:512]
          cg.C.x-3385  [049]     1.016545: (+1)     bprint:               __handle_mm_fault: NUMAB MEM ACCESS process[nid:1, cpu:49, pid:3385], folio[virt:0x7f3da63a5e50, phys:0x186760a000, pfn:0x186760a, nid:1, npages:1]
          cg.C.x-3369  [017]     1.016547: (+2)     bprint:               __handle_mm_fault: NUMAB MEM ACCESS process[nid:1, cpu:17, pid:3369], folio[virt:0x7f3da63813b4, phys:0x1855c0c000, pfn:0x1855c0c, nid:1, npages:1]
          cg.C.x-3364  [007]     1.016547: (+0)     bprint:               do_huge_pmd_numa_page: NUMAB MEM ACCESS huge page process[nid:1, cpu:7, pid:3364], folio[virt:0x7f3da180abcc, ker:0xffff940bfb200000, pfn:0x1a7b200, nid:1, npages:512]
          cg.C.x-3331  [004]     1.016547: (+0)     bprint:               change_prot_numa: NUMAB SCAN vma[start:0x7f3da65d1000, end:0x7f3da65d3000, from:0x7f3da65d1000, to:0x7f3da65d3000, size:8 KB]
          cg.C.x-3362  [003]     1.016548: (+1)     bprint:               __handle_mm_fault: NUMAB MEM ACCESS process[nid:1, cpu:3, pid:3362], folio[virt:0x7f3da6371384, phys:0x1867869000, pfn:0x1867869, nid:1, npages:1]
          cg.C.x-3374  [027]     1.016549: (+1)     bprint:               __handle_mm_fault: NUMAB MEM ACCESS process[nid:1, cpu:27, pid:3374], folio[virt:0x7f3da638cba8, phys:0x185ee9c000, pfn:0x185ee9c, nid:1, npages:1]
          cg.C.x-3382  [043]     1.016550: (+1)     bprint:               do_huge_pmd_numa_page: NUMAB MEM ACCESS huge page process[nid:1, cpu:43, pid:3382], folio[virt:0x7f3da3ed13fc, ker:0xffff940bf9e00000, pfn:0x1a79e00, nid:1, npages:512]
          cg.C.x-3392  [063]     1.016551: (+1)     bprint:               __handle_mm_fault: NUMAB MEM ACCESS process[nid:1, cpu:63, pid:3392], folio[virt:0x7f3da63b5e74, phys:0x1867506000, pfn:0x1867506, nid:1, npages:1]
          cg.C.x-3356  [054]     1.016552: (+1)     bprint:               __handle_mm_fault: NUMAB MEM ACCESS process[nid:0, cpu:54, pid:3356], folio[virt:0x7f3da6363870, phys:0x2fec0e000, pfn:0x2fec0e, nid:0, npages:1]
          cg.C.x-3354  [050]     1.016553: (+1)     bprint:               do_huge_pmd_numa_page: NUMAB MEM ACCESS huge page process[nid:0, cpu:50, pid:3354], folio[virt:0x7f3da027f00c, ker:0xffff93f4a5a00000, pfn:0x325a00, nid:0, npages:512]
          cg.C.x-3346  [034]     1.016554: (+1)     bprint:               __handle_mm_fault: NUMAB MEM ACCESS process[nid:0, cpu:34, pid:3346], folio[virt:0x7f3da634c9d8, phys:0x110717000, pfn:0x110717, nid:0, npages:1]
          cg.C.x-3338  [018]     1.016555: (+1)     bprint:               do_huge_pmd_numa_page: NUMAB MEM ACCESS huge page process[nid:0, cpu:18, pid:3338], folio[virt:0x7f3d9e00b1a4, ker:0xffff93f4b8c00000, pfn:0x338c00, nid:0, npages:512]
          cg.C.x-3339  [020]     1.016556: (+1)     bprint:               __handle_mm_fault: NUMAB MEM ACCESS process[nid:0, cpu:20, pid:3339], folio[virt:0x7f3da633c9dc, phys:0x110819000, pfn:0x110819, nid:0, npages:1]
          cg.C.x-3334  [010]     1.016557: (+1)     bprint:               __handle_mm_fault: NUMAB MEM ACCESS process[nid:0, cpu:10, pid:3334], folio[virt:0x7f3da6331294, phys:0x3244d2000, pfn:0x3244d2, nid:0, npages:1]
          cg.C.x-3341  [024]     1.016559: (+2)     bprint:               __handle_mm_fault: NUMAB MEM ACCESS process[nid:0, cpu:24, pid:3341], folio[virt:0x7f3da63412f0, phys:0x32458f000, pfn:0x32458f, nid:0, npages:1]
          cg.C.x-3332  [006]     1.016560: (+1)     bprint:               do_huge_pmd_numa_page: NUMAB MEM ACCESS huge page process[nid:0, cpu:6, pid:3332], folio[virt:0x7f3d9d3155f0, ker:0xffff93f2aae00000, pfn:0x12ae00, nid:0, npages:512]
          cg.C.x-3380  [039]     1.016561: (+1)     bprint:               __handle_mm_fault: NUMAB MEM ACCESS process[nid:1, cpu:39, pid:3380], folio[virt:0x7f3da639a724, phys:0x18903af000, pfn:0x18903af, nid:1, npages:1]
          cg.C.x-3348  [038]     1.016562: (+1)     bprint:               do_huge_pmd_numa_page: NUMAB MEM ACCESS huge page process[nid:0, cpu:38, pid:3348], folio[virt:0x7f3d9f59282c, ker:0xffff93f4caa00000, pfn:0x34aa00, nid:0, npages:512]
          cg.C.x-3331  [004]     1.016562: (+0)     bprint:               change_prot_numa: NUMAB SCAN vma[start:0x7f3da65d3000, end:0x7f3da65e0000, from:0x7f3da65d3000, to:0x7f3da65e0000, size:52 KB]
          cg.C.x-3364  [007]     1.016563: (+1)     bprint:               __handle_mm_fault: NUMAB MEM ACCESS process[nid:1, cpu:7, pid:3364], folio[virt:0x7f3da6375d24, phys:0x186db6a000, pfn:0x186db6a, nid:1, npages:1]
          cg.C.x-3382  [043]     1.016564: (+1)     bprint:               __handle_mm_fault: NUMAB MEM ACCESS process[nid:1, cpu:43, pid:3382], folio[virt:0x7f3da639f04c, phys:0x1866ade000, pfn:0x1866ade, nid:1, npages:1]
          cg.C.x-3389  [057]     1.016565: (+1)     bprint:               do_huge_pmd_numa_page: NUMAB MEM ACCESS huge page process[nid:1, cpu:57, pid:3389], folio[virt:0x7f3da4ddc88c, ker:0xffff940bbc000000, pfn:0x1a3c000, nid:1, npages:512]
          cg.C.x-3354  [050]     1.016566: (+1)     bprint:               __handle_mm_fault: NUMAB MEM ACCESS process[nid:0, cpu:50, pid:3354], folio[virt:0x7f3da635eed0, phys:0x17e0991000, pfn:0x17e0991, nid:0, npages:1]
          cg.C.x-3373  [025]     1.016568: (+2)     bprint:               do_huge_pmd_numa_page: NUMAB MEM ACCESS huge page process[nid:1, cpu:25, pid:3373], folio[virt:0x7f3da2b66f84, ker:0xffff940a43000000, pfn:0x18c3000, nid:1, npages:512]
          cg.C.x-3338  [018]     1.016568: (+0)     bprint:               __handle_mm_fault: NUMAB MEM ACCESS process[nid:0, cpu:18, pid:3338], folio[virt:0x7f3da633a4ec, phys:0x139c1f000, pfn:0x139c1f, nid:0, npages:1]
          cg.C.x-3332  [006]     1.016570: (+2)     bprint:               __handle_mm_fault: NUMAB MEM ACCESS process[nid:0, cpu:6, pid:3332], folio[virt:0x7f3da632c890, phys:0x153b53000, pfn:0x153b53, nid:0, npages:1]
          cg.C.x-3377  [033]     1.016570: (+0)     bprint:               do_huge_pmd_numa_page: NUMAB MEM ACCESS huge page process[nid:1, cpu:33, pid:3377], folio[virt:0x7f3da340394c, ker:0xffff940b85600000, pfn:0x1a05600, nid:1, npages:512]
          cg.C.x-3348  [038]     1.016571: (+1)     bprint:               __handle_mm_fault: NUMAB MEM ACCESS process[nid:0, cpu:38, pid:3348], folio[virt:0x7f3da63512e4, phys:0x1506c1000, pfn:0x1506c1, nid:0, npages:1]
          cg.C.x-3389  [057]     1.016577: (+6)     bprint:               __handle_mm_fault: NUMAB MEM ACCESS process[nid:1, cpu:57, pid:3389], folio[virt:0x7f3da63af0ac, phys:0x186763a000, pfn:0x186763a, nid:1, npages:1]
          cg.C.x-3365  [009]     1.016577: (+0)     bprint:               do_huge_pmd_numa_page: NUMAB MEM ACCESS huge page process[nid:1, cpu:9, pid:3365], folio[virt:0x7f3da1a31c2c, ker:0xffff940b83600000, pfn:0x1a03600, nid:1, npages:512]
          cg.C.x-3373  [025]     1.016579: (+2)     bprint:               __handle_mm_fault: NUMAB MEM ACCESS process[nid:1, cpu:25, pid:3373], folio[virt:0x7f3da638a6d8, phys:0x185e58c000, pfn:0x185e58c, nid:1, npages:1]
          cg.C.x-3377  [033]     1.016580: (+1)     bprint:               __handle_mm_fault: NUMAB MEM ACCESS process[nid:1, cpu:33, pid:3377], folio[virt:0x7f3da639393c, phys:0x1858e74000, pfn:0x1858e74, nid:1, npages:1]
          cg.C.x-3351  [044]     1.016581: (+1)     bprint:               do_huge_pmd_numa_page: NUMAB MEM ACCESS huge page process[nid:0, cpu:44, pid:3351], folio[virt:0x7f3d9fc0b820, ker:0xffff93f29b600000, pfn:0x11b600, nid:0, npages:512]
          cg.C.x-3331  [004]     1.016581: (+0)     bprint:               change_prot_numa: NUMAB SCAN vma[start:0x7f3da65ff000, end:0x7f3da6600000, from:0x7f3da65ff000, to:0x7f3da6600000, size:4 KB]
          cg.C.x-3340  [022]     1.016582: (+1)     bprint:               __handle_mm_fault: NUMAB MEM ACCESS process[nid:0, cpu:22, pid:3340], folio[virt:0x7f3da633f000, phys:0x112c74000, pfn:0x112c74, nid:0, npages:1]
          cg.C.x-3357  [056]     1.016583: (+1)     bprint:               do_huge_pmd_numa_page: NUMAB MEM ACCESS huge page process[nid:0, cpu:56, pid:3357], folio[virt:0x7f3da08f5d34, ker:0xffff93f47fa00000, pfn:0x2ffa00, nid:0, npages:512]
          cg.C.x-3365  [009]     1.016584: (+1)     bprint:               __handle_mm_fault: NUMAB MEM ACCESS process[nid:1, cpu:9, pid:3365], folio[virt:0x7f3da63781b8, phys:0x185dc72000, pfn:0x185dc72, nid:1, npages:1]
          cg.C.x-3367  [013]     1.016587: (+3)     bprint:               do_huge_pmd_numa_page: NUMAB MEM ACCESS huge page process[nid:1, cpu:13, pid:3367], folio[virt:0x7f3da1e7ce2c, ker:0xffff940b84600000, pfn:0x1a04600, nid:1, npages:512]
          cg.C.x-3351  [044]     1.016587: (+0)     bprint:               __handle_mm_fault: NUMAB MEM ACCESS process[nid:0, cpu:44, pid:3351], folio[virt:0x7f3da63580c0, phys:0x29fdb7000, pfn:0x29fdb7, nid:0, npages:1]
          cg.C.x-3378  [035]     1.016589: (+2)     bprint:               do_huge_pmd_numa_page: NUMAB MEM ACCESS huge page process[nid:1, cpu:35, pid:3378], folio[virt:0x7f3da36210bc, ker:0xffff940b82a00000, pfn:0x1a02a00, nid:1, npages:512]
          cg.C.x-3357  [056]     1.016591: (+2)     bprint:               __handle_mm_fault: NUMAB MEM ACCESS process[nid:0, cpu:56, pid:3357], folio[virt:0x7f3da6365cc4, phys:0x139c35000, pfn:0x139c35, nid:0, npages:1]
          cg.C.x-3366  [011]     1.016593: (+2)     bprint:               do_huge_pmd_numa_page: NUMAB MEM ACCESS huge page process[nid:1, cpu:11, pid:3366], folio[virt:0x7f3da1c540cc, ker:0xffff940b84200000, pfn:0x1a04200, nid:1, npages:512]
          cg.C.x-3367  [013]     1.016596: (+3)     bprint:               __handle_mm_fault: NUMAB MEM ACCESS process[nid:1, cpu:13, pid:3367], folio[virt:0x7f3da637cb54, phys:0x185fc10000, pfn:0x185fc10, nid:1, npages:1]
          cg.C.x-3368  [015]     1.016596: (+0)     bprint:               do_huge_pmd_numa_page: NUMAB MEM ACCESS huge page process[nid:1, cpu:15, pid:3368], folio[virt:0x7f3da20a142c, ker:0xffff940be4e00000, pfn:0x1a64e00, nid:1, npages:512]
          cg.C.x-3331  [004]     1.016596: (+0)     bprint:               change_prot_numa: NUMAB SCAN vma[start:0x7f3da68c8000, end:0x7f3da68ca000, from:0x7f3da68c8000, to:0x7f3da68ca000, size:8 KB]
          cg.C.x-3378  [035]     1.016597: (+1)     bprint:               __handle_mm_fault: NUMAB MEM ACCESS process[nid:1, cpu:35, pid:3378], folio[virt:0x7f3da6395d70, phys:0x186e48a000, pfn:0x186e48a, nid:1, npages:1]
          cg.C.x-3366  [011]     1.016599: (+2)     bprint:               __handle_mm_fault: NUMAB MEM ACCESS process[nid:1, cpu:11, pid:3366], folio[virt:0x7f3da637a620, phys:0x186d1a6000, pfn:0x186d1a6, nid:1, npages:1]
          cg.C.x-3384  [047]     1.016599: (+0)     bprint:               do_huge_pmd_numa_page: NUMAB MEM ACCESS huge page process[nid:1, cpu:47, pid:3384], folio[virt:0x7f3da431b860, ker:0xffff940c2de00000, pfn:0x1aade00, nid:1, npages:512]
          cg.C.x-3355  [052]     1.016602: (+3)     bprint:               do_huge_pmd_numa_page: NUMAB MEM ACCESS huge page process[nid:0, cpu:52, pid:3355], folio[virt:0x7f3da049dcb4, ker:0xffff93f4e1600000, pfn:0x361600, nid:0, npages:512]
          cg.C.x-3368  [015]     1.016603: (+1)     bprint:               __handle_mm_fault: NUMAB MEM ACCESS process[nid:1, cpu:15, pid:3368], folio[virt:0x7f3da637ef80, phys:0x185f606000, pfn:0x185f606, nid:1, npages:1]
          cg.C.x-3353  [048]     1.016605: (+2)     bprint:               do_huge_pmd_numa_page: NUMAB MEM ACCESS huge page process[nid:0, cpu:48, pid:3353], folio[virt:0x7f3da005cd60, ker:0xffff93f2ece00000, pfn:0x16ce00, nid:0, npages:512]
          cg.C.x-3384  [047]     1.016605: (+0)     bprint:               __handle_mm_fault: NUMAB MEM ACCESS process[nid:1, cpu:47, pid:3384], folio[virt:0x7f3da63a395c, phys:0x186d4e7000, pfn:0x186d4e7, nid:1, npages:1]
          cg.C.x-3349  [040]     1.016609: (+4)     bprint:               do_huge_pmd_numa_page: NUMAB MEM ACCESS huge page process[nid:0, cpu:40, pid:3349], folio[virt:0x7f3d9f7c219c, ker:0xffff93f48da00000, pfn:0x30da00, nid:0, npages:512]
          cg.C.x-3355  [052]     1.016610: (+1)     bprint:               __handle_mm_fault: NUMAB MEM ACCESS process[nid:0, cpu:52, pid:3355], folio[virt:0x7f3da6361338, phys:0x12177b000, pfn:0x12177b, nid:0, npages:1]
          cg.C.x-3335  [012]     1.016612: (+2)     bprint:               do_huge_pmd_numa_page: NUMAB MEM ACCESS huge page process[nid:0, cpu:12, pid:3335], folio[virt:0x7f3d9d9945a4, ker:0xffff93f4f8800000, pfn:0x378800, nid:0, npages:512]
          cg.C.x-3331  [004]     1.016612: (+0)     bprint:               change_prot_numa: NUMAB SCAN vma[start:0x7f3da68e3000, end:0x7f3da68e8000, from:0x7f3da68e3000, to:0x7f3da68e8000, size:20 KB]
          cg.C.x-3353  [048]     1.016613: (+1)     bprint:               __handle_mm_fault: NUMAB MEM ACCESS process[nid:0, cpu:48, pid:3353], folio[virt:0x7f3da635ca4c, phys:0x121d4c000, pfn:0x121d4c, nid:0, npages:1]
          cg.C.x-3345  [032]     1.016615: (+2)     bprint:               do_huge_pmd_numa_page: NUMAB MEM ACCESS huge page process[nid:0, cpu:32, pid:3345], folio[virt:0x7f3d9ef2c74c, ker:0xffff93f48cc00000, pfn:0x30cc00, nid:0, npages:512]
          cg.C.x-3349  [040]     1.016616: (+1)     bprint:               __handle_mm_fault: NUMAB MEM ACCESS process[nid:0, cpu:40, pid:3349], folio[virt:0x7f3da6353810, phys:0x13ab62000, pfn:0x13ab62, nid:0, npages:1]
          cg.C.x-3335  [012]     1.016617: (+1)     bprint:               __handle_mm_fault: NUMAB MEM ACCESS process[nid:0, cpu:12, pid:3335], folio[virt:0x7f3da6333744, phys:0x3780b8000, pfn:0x3780b8, nid:0, npages:1]
          cg.C.x-3350  [042]     1.016617: (+0)     bprint:               do_huge_pmd_numa_page: NUMAB MEM ACCESS huge page process[nid:0, cpu:42, pid:3350], folio[virt:0x7f3d9f9e7ed8, ker:0xffff93f41e400000, pfn:0x29e400, nid:0, npages:512]
          cg.C.x-3330  [002]     1.016619: (+2)     bprint:               do_huge_pmd_numa_page: NUMAB MEM ACCESS huge page process[nid:0, cpu:2, pid:3330], folio[virt:0x7f3d9ced21d0, ker:0xffff93f4a3e00000, pfn:0x323e00, nid:0, npages:512]
          cg.C.x-3345  [032]     1.016620: (+1)     bprint:               __handle_mm_fault: NUMAB MEM ACCESS process[nid:0, cpu:32, pid:3345], folio[virt:0x7f3da634a574, phys:0x13b818000, pfn:0x13b818, nid:0, npages:1]
          cg.C.x-3390  [059]     1.016624: (+4)     bprint:               do_huge_pmd_numa_page: NUMAB MEM ACCESS huge page process[nid:1, cpu:59, pid:3390], folio[virt:0x7f3da5000000, ker:0xffff940c2b200000, pfn:0x1aab200, nid:1, npages:512]
          cg.C.x-3350  [042]     1.016627: (+3)     bprint:               __handle_mm_fault: NUMAB MEM ACCESS process[nid:0, cpu:42, pid:3350], folio[virt:0x7f3da6355c58, phys:0x13a47e000, pfn:0x13a47e, nid:0, npages:1]
          cg.C.x-3331  [004]     1.016628: (+1)     bprint:               change_prot_numa: NUMAB SCAN vma[start:0x7f3da692f000, end:0x7f3da6930000, from:0x7f3da692f000, to:0x7f3da6930000, size:4 KB]
          cg.C.x-3330  [002]     1.016629: (+1)     bprint:               __handle_mm_fault: NUMAB MEM ACCESS process[nid:0, cpu:2, pid:3330], folio[virt:0x7f3da632801c, phys:0x121751000, pfn:0x121751, nid:0, npages:1]
          cg.C.x-3331  [004]     1.016644: (+15)    bprint:               change_prot_numa: NUMAB SCAN vma[start:0x7f3da6a0e000, end:0x7f3da6a0f000, from:0x7f3da6a0e000, to:0x7f3da6a0f000, size:4 KB]
          cg.C.x-3331  [004]     1.016658: (+14)    bprint:               change_prot_numa: NUMAB SCAN vma[start:0x7f3da6a19000, end:0x7f3da6a1b000, from:0x7f3da6a19000, to:0x7f3da6a1b000, size:8 KB]
          cg.C.x-3361  [001]     1.016662: (+4)     bprint:               __handle_mm_fault: NUMAB MEM ACCESS process[nid:1, cpu:1, pid:3361], folio[virt:0x7f3da636f000, phys:0x186d6ca000, pfn:0x186d6ca, nid:1, npages:1]
          cg.C.x-3368  [015]     1.016667: (+5)     bprint:               __handle_mm_fault: NUMAB MEM ACCESS process[nid:1, cpu:15, pid:3368], folio[virt:0x7f3da637f000, phys:0x185f602000, pfn:0x185f602, nid:1, npages:1]
          cg.C.x-3331  [004]     1.016674: (+7)     bprint:               change_prot_numa: NUMAB SCAN vma[start:0x7f3da6a4d000, end:0x7f3da6a4f000, from:0x7f3da6a4d000, to:0x7f3da6a4f000, size:8 KB]
          cg.C.x-3331  [004]     1.016694: (+20)    bprint:               do_huge_pmd_numa_page: NUMAB MEM ACCESS huge page process[nid:0, cpu:4, pid:3331], folio[virt:0x7f3d9d0cc26c, ker:0xffff93f48c600000, pfn:0x30c600, nid:0, npages:512]
          cg.C.x-3333  [008]     1.016696: (+2)     bprint:               __handle_mm_fault: NUMAB MEM ACCESS process[nid:0, cpu:8, pid:3333], folio[virt:0x7f3da632f000, phys:0x13a688000, pfn:0x13a688, nid:0, npages:1]
          cg.C.x-3376  [031]     1.016697: (+1)     bprint:               do_huge_pmd_numa_page: NUMAB MEM ACCESS huge page process[nid:1, cpu:31, pid:3376], folio[virt:0x7f3da3200000, ker:0xffff940bbc400000, pfn:0x1a3c400, nid:1, npages:512]
          cg.C.x-3363  [005]     1.016706: (+9)     bprint:               do_huge_pmd_numa_page: NUMAB MEM ACCESS huge page process[nid:1, cpu:5, pid:3363], folio[virt:0x7f3da1600000, ker:0xffff940b83a00000, pfn:0x1a03a00, nid:1, npages:512]
          cg.C.x-3331  [004]     1.016709: (+3)     bprint:               __handle_mm_fault: NUMAB MEM ACCESS process[nid:0, cpu:4, pid:3331], folio[virt:0x7f3da632a1b4, phys:0x17e0897000, pfn:0x17e0897, nid:0, npages:1]
          cg.C.x-3354  [050]     1.016725: (+16)    bprint:               __handle_mm_fault: NUMAB MEM ACCESS process[nid:0, cpu:50, pid:3354], folio[virt:0x7f3da635f000, phys:0x13d0a5000, pfn:0x13d0a5, nid:0, npages:1]
          cg.C.x-3392  [063]     1.016731: (+6)     bprint:               __handle_mm_fault: NUMAB MEM ACCESS process[nid:1, cpu:63, pid:3392], folio[virt:0x7f3da63b6000, phys:0x185ec28000, pfn:0x185ec28, nid:1, npages:1]
          cg.C.x-3337  [016]     1.016732: (+1)     bprint:               do_huge_pmd_numa_page: NUMAB MEM ACCESS huge page process[nid:0, cpu:16, pid:3337], folio[virt:0x7f3d9de00000, ker:0xffff93f4baa00000, pfn:0x33aa00, nid:0, npages:512]
          cg.C.x-3385  [049]     1.016744: (+12)    bprint:               __handle_mm_fault: NUMAB MEM ACCESS process[nid:1, cpu:49, pid:3385], folio[virt:0x7f3da63a6000, phys:0x186760b000, pfn:0x186760b, nid:1, npages:1]
          cg.C.x-3371  [021]     1.016792: (+48)    bprint:               __handle_mm_fault: NUMAB MEM ACCESS process[nid:1, cpu:21, pid:3371], folio[virt:0x7f3da6386000, phys:0x185dc1b000, pfn:0x185dc1b, nid:1, npages:1]
          cg.C.x-3350  [042]     1.016807: (+15)    bprint:               do_huge_pmd_numa_page: NUMAB MEM ACCESS huge page process[nid:0, cpu:42, pid:3350], folio[virt:0x7f3d9fa00000, ker:0xffff93f4a5200000, pfn:0x325200, nid:0, npages:512]
          cg.C.x-3378  [035]     1.016879: (+72)    bprint:               __handle_mm_fault: NUMAB MEM ACCESS process[nid:1, cpu:35, pid:3378], folio[virt:0x7f3da6396000, phys:0x1866d81000, pfn:0x1866d81, nid:1, npages:1]
          cg.C.x-3364  [007]     1.016889: (+10)    bprint:               __handle_mm_fault: NUMAB MEM ACCESS process[nid:1, cpu:7, pid:3364], folio[virt:0x7f3da6376000, phys:0x18679a2000, pfn:0x18679a2, nid:1, npages:1]
          cg.C.x-3343  [028]     1.016898: (+9)     bprint:               __handle_mm_fault: NUMAB MEM ACCESS process[nid:0, cpu:28, pid:3343], folio[virt:0x7f3da6346000, phys:0x153afd000, pfn:0x153afd, nid:0, npages:1]
          cg.C.x-3329  [000]     1.016911: (+13)    bprint:               __handle_mm_fault: NUMAB MEM ACCESS process[nid:0, cpu:0, pid:3329], folio[virt:0x7f3da6326000, phys:0x13962f000, pfn:0x13962f, nid:0, npages:1]
          cg.C.x-3336  [014]     1.016923: (+12)    bprint:               __handle_mm_fault: NUMAB MEM ACCESS process[nid:0, cpu:14, pid:3336], folio[virt:0x7f3da6336000, phys:0x32454f000, pfn:0x32454f, nid:0, npages:1]
          cg.C.x-3357  [056]     1.016930: (+7)     bprint:               __handle_mm_fault: NUMAB MEM ACCESS process[nid:0, cpu:56, pid:3357], folio[virt:0x7f3da6366000, phys:0x1204b2000, pfn:0x1204b2, nid:0, npages:1]
          cg.C.x-3374  [027]     1.016996: (+66)    bprint:               __handle_mm_fault: NUMAB MEM ACCESS process[nid:1, cpu:27, pid:3374], folio[virt:0x7f3da638d000, phys:0x1855c36000, pfn:0x1855c36, nid:1, npages:1]
          cg.C.x-3350  [042]     1.017014: (+18)    bprint:               __handle_mm_fault: NUMAB MEM ACCESS process[nid:0, cpu:42, pid:3350], folio[virt:0x7f3da6356000, phys:0x13a47f000, pfn:0x13a47f, nid:0, npages:1]
          cg.C.x-3381  [041]     1.017023: (+9)     bprint:               __handle_mm_fault: NUMAB MEM ACCESS process[nid:1, cpu:41, pid:3381], folio[virt:0x7f3da639d000, phys:0x185f199000, pfn:0x185f199, nid:1, npages:1]
          cg.C.x-3388  [055]     1.017025: (+2)     bprint:               __handle_mm_fault: NUMAB MEM ACCESS process[nid:1, cpu:55, pid:3388], folio[virt:0x7f3da63ad000, phys:0x185e83d000, pfn:0x185e83d, nid:1, npages:1]
          cg.C.x-3360  [062]     1.017035: (+10)    bprint:               __handle_mm_fault: NUMAB MEM ACCESS process[nid:0, cpu:62, pid:3360], folio[virt:0x7f3da636d000, phys:0x13aaa9000, pfn:0x13aaa9, nid:0, npages:1]
          cg.C.x-3367  [013]     1.017106: (+71)    bprint:               __handle_mm_fault: NUMAB MEM ACCESS process[nid:1, cpu:13, pid:3367], folio[virt:0x7f3da637d000, phys:0x1866ccb000, pfn:0x1866ccb, nid:1, npages:1]
          cg.C.x-3339  [020]     1.017167: (+61)    bprint:               __handle_mm_fault: NUMAB MEM ACCESS process[nid:0, cpu:20, pid:3339], folio[virt:0x7f3da633d000, phys:0x139cea000, pfn:0x139cea, nid:0, npages:1]
          cg.C.x-3353  [048]     1.017196: (+29)    bprint:               __handle_mm_fault: NUMAB MEM ACCESS process[nid:0, cpu:48, pid:3353], folio[virt:0x7f3da635d000, phys:0x11630f000, pfn:0x11630f, nid:0, npages:1]
          cg.C.x-3391  [061]     1.017198: (+2)     bprint:               __handle_mm_fault: NUMAB MEM ACCESS process[nid:1, cpu:61, pid:3391], folio[virt:0x7f3da63b4000, phys:0x1856d1a000, pfn:0x1856d1a, nid:1, npages:1]
          cg.C.x-3346  [034]     1.017200: (+2)     bprint:               __handle_mm_fault: NUMAB MEM ACCESS process[nid:0, cpu:34, pid:3346], folio[virt:0x7f3da634d000, phys:0x110edb000, pfn:0x110edb, nid:0, npages:1]
          cg.C.x-3363  [005]     1.017257: (+57)    bprint:               __handle_mm_fault: NUMAB MEM ACCESS process[nid:1, cpu:5, pid:3363], folio[virt:0x7f3da6374000, phys:0x186687e000, pfn:0x186687e, nid:1, npages:1]
          cg.C.x-3377  [033]     1.017259: (+2)     bprint:               __handle_mm_fault: NUMAB MEM ACCESS process[nid:1, cpu:33, pid:3377], folio[virt:0x7f3da6394000, phys:0x1858e75000, pfn:0x1858e75, nid:1, npages:1]
          cg.C.x-3384  [047]     1.017279: (+20)    bprint:               __handle_mm_fault: NUMAB MEM ACCESS process[nid:1, cpu:47, pid:3384], folio[virt:0x7f3da63a4000, phys:0x186780d000, pfn:0x186780d, nid:1, npages:1]
          cg.C.x-3370  [019]     1.017296: (+17)    bprint:               __handle_mm_fault: NUMAB MEM ACCESS process[nid:1, cpu:19, pid:3370], folio[virt:0x7f3da6384000, phys:0x1858d80000, pfn:0x1858d80, nid:1, npages:1]
          cg.C.x-3342  [026]     1.017311: (+15)    bprint:               __handle_mm_fault: NUMAB MEM ACCESS process[nid:0, cpu:26, pid:3342], folio[virt:0x7f3da6344000, phys:0x3245d0000, pfn:0x3245d0, nid:0, npages:1]
          cg.C.x-3356  [054]     1.017333: (+22)    bprint:               __handle_mm_fault: NUMAB MEM ACCESS process[nid:0, cpu:54, pid:3356], folio[virt:0x7f3da6364000, phys:0x2fec0f000, pfn:0x2fec0f, nid:0, npages:1]
