          cg.C.x-2535  [000]     0.471484: (+9)     bprint:               do_huge_pmd_numa_page: NUMAB MEM ACCESS huge page process[nid:0, cpu:0, pid:2535], folio[virt:0x7f4c8ce00320, ker:0xffff93f2d3800000, pfn:0x153800, nid:0, npages:512]
          cg.C.x-2535  [000]     0.485800: (+14316) bprint:               __handle_mm_fault: NUMAB MEM ACCESS process[nid:0, cpu:0, pid:2535], folio[virt:0x7f4c708db010, phys:0x11096e000, pfn:0x11096e, nid:0, npages:1]
          cg.C.x-2535  [000]     0.485886: (+86)    bprint:               __handle_mm_fault: NUMAB MEM ACCESS process[nid:0, cpu:0, pid:2535], folio[virt:0x7f4c5cc91010, phys:0x37805d000, pfn:0x37805d, nid:0, npages:1]
          cg.C.x-2535  [000]     0.485903: (+17)    bprint:               __handle_mm_fault: NUMAB MEM ACCESS process[nid:0, cpu:0, pid:2535], folio[virt:0x7f4c5cedb010, phys:0x11096f000, pfn:0x11096f, nid:0, npages:1]
          cg.C.x-2535  [000]     0.485920: (+17)    bprint:               __handle_mm_fault: NUMAB MEM ACCESS process[nid:0, cpu:0, pid:2535], folio[virt:0x7f4c5cb6c010, phys:0x113d91000, pfn:0x113d91, nid:0, npages:1]
          cg.C.x-2535  [000]     0.485942: (+22)    bprint:               __handle_mm_fault: NUMAB MEM ACCESS process[nid:0, cpu:0, pid:2535], folio[virt:0x7f4c5cdb6010, phys:0x37805c000, pfn:0x37805c, nid:0, npages:1]
          cg.C.x-2555  [040]     0.541957: (+56015) sched_waking:         comm=rcu_preempt pid=17 prio=120 target_cpu=000
          cg.C.x-2555  [040]     0.541968: (+11)    sched_wakeup:         rcu_preempt:17 [120] CPU:000
          cg.C.x-2535  [000]     0.541976: (+8)     sched_switch:         cg.C.x:2535 [120] R ==> rcu_preempt:17 [120]
     rcu_preempt-17    [000]     0.541988: (+12)    sched_switch:         rcu_preempt:17 [120] I ==> cg.C.x:2535 [120]
          cg.C.x-2535  [000]     0.553955: (+11967) sched_waking:         comm=rcu_preempt pid=17 prio=120 target_cpu=000
          cg.C.x-2535  [000]     0.553962: (+7)     sched_wakeup:         rcu_preempt:17 [120] CPU:000
          cg.C.x-2535  [000]     0.557960: (+3998)  sched_switch:         cg.C.x:2535 [120] R ==> rcu_preempt:17 [120]
     rcu_preempt-17    [000]     0.557975: (+15)    sched_switch:         rcu_preempt:17 [120] I ==> cg.C.x:2535 [120]
          cg.C.x-2535  [000]     0.569955: (+11980) sched_waking:         comm=rcu_preempt pid=17 prio=120 target_cpu=000
          cg.C.x-2535  [000]     0.569961: (+6)     sched_wakeup:         rcu_preempt:17 [120] CPU:000
          cg.C.x-2535  [000]     0.569964: (+3)     sched_switch:         cg.C.x:2535 [120] R ==> rcu_preempt:17 [120]
     rcu_preempt-17    [000]     0.569971: (+7)     sched_switch:         rcu_preempt:17 [120] I ==> cg.C.x:2535 [120]
          cg.C.x-2598  [063]     0.577957: (+7986)  sched_waking:         comm=rcu_preempt pid=17 prio=120 target_cpu=000
          cg.C.x-2535  [000]     0.577969: (+12)    sched_wakeup:         rcu_preempt:17 [120] CPU:000
          cg.C.x-2535  [000]     0.577974: (+5)     sched_switch:         cg.C.x:2535 [120] R ==> rcu_preempt:17 [120]
     rcu_preempt-17    [000]     0.577983: (+9)     sched_switch:         rcu_preempt:17 [120] I ==> cg.C.x:2535 [120]
          cg.C.x-2535  [000]     0.595599: (+17616) sched_waking:         comm=kworker/u129:18 pid=438 prio=120 target_cpu=034
          cg.C.x-2535  [000]     0.595606: (+7)     sched_wakeup:         kworker/u129:18:438 [120] CPU:034
          cg.C.x-2552  [034]     0.595615: (+9)     sched_switch:         cg.C.x:2552 [120] R ==> kworker/u129:18:438 [120]
 kworker/u129:18-438   [034]     0.595623: (+8)     sched_waking:         comm=tmux: server pid=2003 prio=120 target_cpu=042
 kworker/u129:18-438   [034]     0.595626: (+3)     sched_migrate_task:   comm=tmux: server pid=2003 prio=120 orig_cpu=42 dest_cpu=34
 kworker/u129:18-438   [034]     0.595648: (+22)    sched_wakeup:         tmux: server:2003 [120] CPU:034
 kworker/u129:18-438   [034]     0.595658: (+10)    sched_switch:         kworker/u129:18:438 [120] R ==> tmux: server:2003 [120]
    tmux: server-2003  [034]     0.595815: (+157)   sched_switch:         tmux: server:2003 [120] D ==> kworker/u129:18:438 [120]
 kworker/u129:18-438   [034]     0.595816: (+1)     sched_waking:         comm=tmux: server pid=2003 prio=120 target_cpu=034
 kworker/u129:18-438   [034]     0.595819: (+3)     sched_wakeup:         tmux: server:2003 [120] CPU:034
 kworker/u129:18-438   [034]     0.595821: (+2)     sched_switch:         kworker/u129:18:438 [120] I ==> tmux: server:2003 [120]
    tmux: server-2003  [034]     0.595828: (+7)     sched_waking:         comm=kworker/u129:18 pid=438 prio=120 target_cpu=034
    tmux: server-2003  [034]     0.595829: (+1)     sched_wakeup:         kworker/u129:18:438 [120] CPU:034
    tmux: server-2003  [034]     0.595832: (+3)     sched_switch:         tmux: server:2003 [120] R ==> kworker/u129:18:438 [120]
 kworker/u129:18-438   [034]     0.595834: (+2)     sched_waking:         comm=sshd pid=1918 prio=120 target_cpu=032
 kworker/u129:18-438   [034]     0.595840: (+6)     sched_wakeup:         sshd:1918 [120] CPU:032
 kworker/u129:18-438   [034]     0.595842: (+2)     sched_switch:         kworker/u129:18:438 [120] I ==> tmux: server:2003 [120]
    tmux: server-2003  [034]     0.595850: (+8)     sched_switch:         tmux: server:2003 [120] S ==> cg.C.x:2552 [120]
          cg.C.x-2551  [032]     0.597962: (+2112)  sched_switch:         cg.C.x:2551 [120] R ==> sshd:1918 [120]
            sshd-1918  [032]     0.598091: (+129)   sched_switch:         sshd:1918 [120] S ==> cg.C.x:2551 [120]
          cg.C.x-2552  [034]     0.605898: (+7807)  sched_waking:         comm=tmux: server pid=2003 prio=120 target_cpu=034
          cg.C.x-2552  [034]     0.605908: (+10)    sched_wakeup:         tmux: server:2003 [120] CPU:034
          cg.C.x-2552  [034]     0.605912: (+4)     sched_switch:         cg.C.x:2552 [120] R ==> tmux: server:2003 [120]
    tmux: server-2003  [034]     0.605934: (+22)    sched_switch:         tmux: server:2003 [120] S ==> cg.C.x:2552 [120]
          cg.C.x-2552  [034]     0.607981: (+2047)  sched_waking:         comm=tmux: server pid=2003 prio=120 target_cpu=034
          cg.C.x-2552  [034]     0.607989: (+8)     sched_wakeup:         tmux: server:2003 [120] CPU:034
          cg.C.x-2552  [034]     0.607992: (+3)     sched_switch:         cg.C.x:2552 [120] R ==> tmux: server:2003 [120]
    tmux: server-2003  [034]     0.608020: (+28)    sched_switch:         tmux: server:2003 [120] S ==> cg.C.x:2552 [120]
          cg.C.x-2535  [000]     0.617955: (+9935)  sched_waking:         comm=kworker/0:1 pid=10 prio=120 target_cpu=000
          cg.C.x-2535  [000]     0.617962: (+7)     sched_wakeup:         kworker/0:1:10 [120] CPU:000
          cg.C.x-2535  [000]     0.617968: (+6)     sched_switch:         cg.C.x:2535 [120] R ==> kworker/0:1:10 [120]
     kworker/0:1-10    [000]     0.618034: (+66)    sched_switch:         kworker/0:1:10 [120] I ==> cg.C.x:2535 [120]
          cg.C.x-2568  [003]     0.669959: (+51925) sched_waking:         comm=kworker/3:1 pid=707 prio=120 target_cpu=003
          cg.C.x-2568  [003]     0.669971: (+12)    sched_wakeup:         kworker/3:1:707 [120] CPU:003
          cg.C.x-2568  [003]     0.669980: (+9)     sched_switch:         cg.C.x:2568 [120] R ==> kworker/3:1:707 [120]
     kworker/3:1-707   [003]     0.669996: (+16)    sched_switch:         kworker/3:1:707 [120] I ==> cg.C.x:2568 [120]
          cg.C.x-2535  [000]     0.704682: (+34686) sched_waking:         comm=kworker/u129:18 pid=438 prio=120 target_cpu=034
          cg.C.x-2535  [000]     0.704690: (+8)     sched_wakeup:         kworker/u129:18:438 [120] CPU:034
          cg.C.x-2552  [034]     0.704697: (+7)     sched_switch:         cg.C.x:2552 [120] R ==> kworker/u129:18:438 [120]
 kworker/u129:18-438   [034]     0.704703: (+6)     sched_waking:         comm=tmux: server pid=2003 prio=120 target_cpu=034
 kworker/u129:18-438   [034]     0.704707: (+4)     sched_wakeup:         tmux: server:2003 [120] CPU:034
 kworker/u129:18-438   [034]     0.704710: (+3)     sched_switch:         kworker/u129:18:438 [120] I ==> tmux: server:2003 [120]
          cg.C.x-2535  [000]     0.704741: (+31)    sched_waking:         comm=kworker/u129:18 pid=438 prio=120 target_cpu=034
          cg.C.x-2535  [000]     0.704743: (+2)     sched_migrate_task:   comm=kworker/u129:18 pid=438 prio=120 orig_cpu=34 dest_cpu=0
          cg.C.x-2535  [000]     0.704746: (+3)     sched_wakeup:         kworker/u129:18:438 [120] CPU:000
          cg.C.x-2535  [000]     0.704750: (+4)     sched_switch:         cg.C.x:2535 [120] R ==> kworker/u129:18:438 [120]
 kworker/u129:18-438   [000]     0.704756: (+6)     sched_switch:         kworker/u129:18:438 [120] I ==> cg.C.x:2535 [120]
          cg.C.x-2535  [000]     0.704757: (+1)     sched_waking:         comm=kworker/u129:18 pid=438 prio=120 target_cpu=000
          cg.C.x-2535  [000]     0.704758: (+1)     sched_wakeup:         kworker/u129:18:438 [120] CPU:000
          cg.C.x-2535  [000]     0.704759: (+1)     sched_switch:         cg.C.x:2535 [120] R ==> kworker/u129:18:438 [120]
 kworker/u129:18-438   [000]     0.704761: (+2)     sched_switch:         kworker/u129:18:438 [120] I ==> cg.C.x:2535 [120]
    tmux: server-2003  [034]     0.704793: (+32)    sched_waking:         comm=kworker/u129:18 pid=438 prio=120 target_cpu=000
    tmux: server-2003  [034]     0.704796: (+3)     sched_wakeup:         kworker/u129:18:438 [120] CPU:000
          cg.C.x-2535  [000]     0.704798: (+2)     sched_switch:         cg.C.x:2535 [120] R ==> kworker/u129:18:438 [120]
 kworker/u129:18-438   [000]     0.704800: (+2)     sched_waking:         comm=sshd pid=1918 prio=120 target_cpu=032
 kworker/u129:18-438   [000]     0.704805: (+5)     sched_wakeup:         sshd:1918 [120] CPU:032
 kworker/u129:18-438   [000]     0.704808: (+3)     sched_switch:         kworker/u129:18:438 [120] I ==> cg.C.x:2535 [120]
          cg.C.x-2551  [032]     0.704808: (+0)     sched_switch:         cg.C.x:2551 [120] R ==> sshd:1918 [120]
    tmux: server-2003  [034]     0.704815: (+7)     sched_waking:         comm=kworker/u129:18 pid=438 prio=120 target_cpu=000
    tmux: server-2003  [034]     0.704817: (+2)     sched_wakeup:         kworker/u129:18:438 [120] CPU:000
          cg.C.x-2535  [000]     0.704819: (+2)     sched_switch:         cg.C.x:2535 [120] R ==> kworker/u129:18:438 [120]
 kworker/u129:18-438   [000]     0.704822: (+3)     sched_switch:         kworker/u129:18:438 [120] I ==> cg.C.x:2535 [120]
    tmux: server-2003  [034]     0.704825: (+3)     sched_switch:         tmux: server:2003 [120] S ==> cg.C.x:2552 [120]
            sshd-1918  [032]     0.704937: (+112)   sched_switch:         sshd:1918 [120] S ==> cg.C.x:2551 [120]
          cg.C.x-2536  [002]     0.705955: (+1018)  sched_waking:         comm=kworker/2:2 pid=1022 prio=120 target_cpu=002
          cg.C.x-2536  [002]     0.705961: (+6)     sched_wakeup:         kworker/2:2:1022 [120] CPU:002
          cg.C.x-2536  [002]     0.705966: (+5)     sched_switch:         cg.C.x:2536 [120] R ==> kworker/2:2:1022 [120]
     kworker/2:2-1022  [002]     0.705976: (+10)    sched_switch:         kworker/2:2:1022 [120] I ==> cg.C.x:2536 [120]
          cg.C.x-2552  [034]     0.714873: (+8897)  sched_waking:         comm=tmux: server pid=2003 prio=120 target_cpu=034
          cg.C.x-2552  [034]     0.714883: (+10)    sched_wakeup:         tmux: server:2003 [120] CPU:034
          cg.C.x-2552  [034]     0.714888: (+5)     sched_switch:         cg.C.x:2552 [120] R ==> tmux: server:2003 [120]
    tmux: server-2003  [034]     0.714929: (+41)    sched_switch:         tmux: server:2003 [120] S ==> cg.C.x:2552 [120]
          cg.C.x-2535  [000]     0.737956: (+23027) sched_waking:         comm=kworker/u128:1 pid=977 prio=120 target_cpu=000
          cg.C.x-2567  [001]     0.737957: (+1)     sched_waking:         comm=kworker/1:0 pid=25 prio=120 target_cpu=001
          cg.C.x-2535  [000]     0.737962: (+5)     sched_wakeup:         kworker/u128:1:977 [120] CPU:000
          cg.C.x-2567  [001]     0.737965: (+3)     sched_wakeup:         kworker/1:0:25 [120] CPU:001
          cg.C.x-2535  [000]     0.737966: (+1)     sched_waking:         comm=kworker/0:1 pid=10 prio=120 target_cpu=000
          cg.C.x-2535  [000]     0.737969: (+3)     sched_wakeup:         kworker/0:1:10 [120] CPU:000
          cg.C.x-2535  [000]     0.737982: (+13)    sched_switch:         cg.C.x:2535 [120] R ==> kworker/0:1:10 [120]
     kworker/0:1-10    [000]     0.738107: (+125)   sched_waking:         comm=kworker/4:2 pid=1163 prio=120 target_cpu=004
     kworker/0:1-10    [000]     0.738109: (+2)     sched_wakeup:         kworker/4:2:1163 [120] CPU:004
     kworker/0:1-10    [000]     0.738111: (+2)     sched_waking:         comm=kworker/5:1 pid=709 prio=120 target_cpu=005
     kworker/0:1-10    [000]     0.738113: (+2)     sched_waking:         comm=kworker/6:1 pid=706 prio=120 target_cpu=006
          cg.C.x-2537  [004]     0.738115: (+2)     sched_switch:         cg.C.x:2537 [120] R ==> kworker/4:2:1163 [120]
     kworker/0:1-10    [000]     0.738115: (+0)     sched_wakeup:         kworker/6:1:706 [120] CPU:006
     kworker/0:1-10    [000]     0.738118: (+3)     sched_waking:         comm=kworker/18:1 pid=718 prio=120 target_cpu=018
          cg.C.x-2569  [005]     0.738118: (+0)     sched_wakeup:         kworker/5:1:709 [120] CPU:005
     kworker/0:1-10    [000]     0.738120: (+2)     sched_wakeup:         kworker/18:1:718 [120] CPU:018
          cg.C.x-2538  [006]     0.738120: (+0)     sched_switch:         cg.C.x:2538 [120] R ==> kworker/6:1:706 [120]
     kworker/0:1-10    [000]     0.738121: (+1)     sched_waking:         comm=kworker/20:1 pid=719 prio=120 target_cpu=020
     kworker/0:1-10    [000]     0.738123: (+2)     sched_wakeup:         kworker/20:1:719 [120] CPU:020
          cg.C.x-2569  [005]     0.738124: (+1)     sched_switch:         cg.C.x:2569 [120] R ==> kworker/5:1:709 [120]
     kworker/0:1-10    [000]     0.738125: (+1)     sched_waking:         comm=kworker/21:1 pid=721 prio=120 target_cpu=021
          cg.C.x-2544  [018]     0.738125: (+0)     sched_switch:         cg.C.x:2544 [120] R ==> kworker/18:1:718 [120]
     kworker/4:2-1163  [004]     0.738125: (+0)     sched_switch:         kworker/4:2:1163 [120] I ==> cg.C.x:2537 [120]
     kworker/0:1-10    [000]     0.738127: (+2)     sched_waking:         comm=kworker/25:1 pid=741 prio=120 target_cpu=025
     kworker/6:1-706   [006]     0.738128: (+1)     sched_switch:         kworker/6:1:706 [120] I ==> cg.C.x:2538 [120]
          cg.C.x-2545  [020]     0.738128: (+0)     sched_switch:         cg.C.x:2545 [120] R ==> kworker/20:1:719 [120]
          cg.C.x-2577  [021]     0.738131: (+3)     sched_wakeup:         kworker/21:1:721 [120] CPU:021
     kworker/0:1-10    [000]     0.738131: (+0)     sched_waking:         comm=kworker/44:1 pid=730 prio=120 target_cpu=044
          cg.C.x-2579  [025]     0.738133: (+2)     sched_wakeup:         kworker/25:1:741 [120] CPU:025
    kworker/18:1-718   [018]     0.738133: (+0)     sched_switch:         kworker/18:1:718 [120] I ==> cg.C.x:2544 [120]
     kworker/0:1-10    [000]     0.738134: (+1)     sched_wakeup:         kworker/44:1:730 [120] CPU:044
     kworker/0:1-10    [000]     0.738135: (+1)     sched_waking:         comm=kworker/50:2 pid=1917 prio=120 target_cpu=050
          cg.C.x-2577  [021]     0.738136: (+1)     sched_switch:         cg.C.x:2577 [120] R ==> kworker/21:1:721 [120]
          cg.C.x-2579  [025]     0.738136: (+0)     sched_switch:         cg.C.x:2579 [120] R ==> kworker/25:1:741 [120]
     kworker/5:1-709   [005]     0.738137: (+1)     sched_switch:         kworker/5:1:709 [120] I ==> cg.C.x:2569 [120]
    kworker/20:1-719   [020]     0.738138: (+1)     sched_switch:         kworker/20:1:719 [120] I ==> cg.C.x:2545 [120]
     kworker/0:1-10    [000]     0.738138: (+0)     sched_wakeup:         kworker/50:2:1917 [120] CPU:050
          cg.C.x-2557  [044]     0.738138: (+0)     sched_switch:         cg.C.x:2557 [120] R ==> kworker/44:1:730 [120]
     kworker/0:1-10    [000]     0.738139: (+1)     sched_waking:         comm=kworker/54:1 pid=735 prio=120 target_cpu=054
     kworker/0:1-10    [000]     0.738141: (+2)     sched_wakeup:         kworker/54:1:735 [120] CPU:054
          cg.C.x-2560  [050]     0.738142: (+1)     sched_switch:         cg.C.x:2560 [120] R ==> kworker/50:2:1917 [120]
     kworker/0:1-10    [000]     0.738144: (+2)     sched_waking:         comm=kworker/59:1 pid=544 prio=120 target_cpu=059
    kworker/25:1-741   [025]     0.738147: (+3)     sched_switch:         kworker/25:1:741 [120] I ==> cg.C.x:2579 [120]
    kworker/21:1-721   [021]     0.738147: (+0)     sched_switch:         kworker/21:1:721 [120] I ==> cg.C.x:2577 [120]
          cg.C.x-2562  [054]     0.738147: (+0)     sched_switch:         cg.C.x:2562 [120] R ==> kworker/54:1:735 [120]
     kworker/0:1-10    [000]     0.738147: (+0)     sched_switch:         kworker/0:1:10 [120] I ==> kworker/u128:1:977 [120]
    kworker/44:1-730   [044]     0.738148: (+1)     sched_switch:         kworker/44:1:730 [120] I ==> cg.C.x:2557 [120]
    kworker/50:2-1917  [050]     0.738148: (+0)     sched_switch:         kworker/50:2:1917 [120] I ==> cg.C.x:2560 [120]
          cg.C.x-2596  [059]     0.738151: (+3)     sched_wakeup:         kworker/59:1:544 [120] CPU:059
          cg.C.x-2596  [059]     0.738154: (+3)     sched_switch:         cg.C.x:2596 [120] R ==> kworker/59:1:544 [120]
    kworker/54:1-735   [054]     0.738156: (+2)     sched_switch:         kworker/54:1:735 [120] I ==> cg.C.x:2562 [120]
  kworker/u128:1-977   [000]     0.738160: (+4)     sched_switch:         kworker/u128:1:977 [120] I ==> cg.C.x:2535 [120]
    kworker/59:1-544   [059]     0.738165: (+5)     sched_switch:         kworker/59:1:544 [120] I ==> cg.C.x:2596 [120]
          cg.C.x-2567  [001]     0.741958: (+3793)  sched_switch:         cg.C.x:2567 [120] R ==> kworker/1:0:25 [120]
     kworker/1:0-25    [001]     0.741971: (+13)    sched_switch:         kworker/1:0:25 [120] I ==> cg.C.x:2567 [120]
          cg.C.x-2537  [004]     0.801954: (+59983) sched_waking:         comm=kcompactd0 pid=474 prio=120 target_cpu=004
          cg.C.x-2550  [030]     0.801955: (+1)     sched_waking:         comm=rcu_preempt pid=17 prio=120 target_cpu=000
          cg.C.x-2567  [001]     0.801955: (+0)     sched_waking:         comm=kcompactd1 pid=475 prio=120 target_cpu=001
          cg.C.x-2567  [001]     0.801962: (+7)     sched_wakeup:         kcompactd1:475 [120] CPU:001
          cg.C.x-2537  [004]     0.801962: (+0)     sched_wakeup:         kcompactd0:474 [120] CPU:004
          cg.C.x-2550  [030]     0.801963: (+1)     sched_wakeup:         rcu_preempt:17 [120] CPU:000
          cg.C.x-2535  [000]     0.801968: (+5)     sched_switch:         cg.C.x:2535 [120] R ==> rcu_preempt:17 [120]
     rcu_preempt-17    [000]     0.801976: (+8)     sched_switch:         rcu_preempt:17 [120] I ==> cg.C.x:2535 [120]
          cg.C.x-2537  [004]     0.805958: (+3982)  sched_switch:         cg.C.x:2537 [120] R ==> kcompactd0:474 [120]
          cg.C.x-2567  [001]     0.805959: (+1)     sched_switch:         cg.C.x:2567 [120] R ==> kcompactd1:475 [120]
      kcompactd0-474   [004]     0.805970: (+11)    sched_switch:         kcompactd0:474 [120] S ==> cg.C.x:2537 [120]
      kcompactd1-475   [001]     0.805970: (+0)     sched_switch:         kcompactd1:475 [120] S ==> cg.C.x:2567 [120]
          cg.C.x-2535  [000]     0.813766: (+7796)  sched_waking:         comm=kworker/u129:18 pid=438 prio=120 target_cpu=000
          cg.C.x-2535  [000]     0.813773: (+7)     sched_wakeup:         kworker/u129:18:438 [120] CPU:000
          cg.C.x-2535  [000]     0.813778: (+5)     sched_switch:         cg.C.x:2535 [120] R ==> kworker/u129:18:438 [120]
 kworker/u129:18-438   [000]     0.813783: (+5)     sched_waking:         comm=tmux: server pid=2003 prio=120 target_cpu=034
 kworker/u129:18-438   [000]     0.813790: (+7)     sched_wakeup:         tmux: server:2003 [120] CPU:034
 kworker/u129:18-438   [000]     0.813793: (+3)     sched_switch:         kworker/u129:18:438 [120] I ==> cg.C.x:2535 [120]
          cg.C.x-2552  [034]     0.813794: (+1)     sched_switch:         cg.C.x:2552 [120] R ==> tmux: server:2003 [120]
          cg.C.x-2535  [000]     0.813794: (+0)     sched_waking:         comm=kworker/u129:18 pid=438 prio=120 target_cpu=000
          cg.C.x-2535  [000]     0.813795: (+1)     sched_wakeup:         kworker/u129:18:438 [120] CPU:000
          cg.C.x-2535  [000]     0.813797: (+2)     sched_switch:         cg.C.x:2535 [120] R ==> kworker/u129:18:438 [120]
 kworker/u129:18-438   [000]     0.813799: (+2)     sched_switch:         kworker/u129:18:438 [120] I ==> cg.C.x:2535 [120]
    tmux: server-2003  [034]     0.813866: (+67)    sched_waking:         comm=kworker/u129:18 pid=438 prio=120 target_cpu=000
    tmux: server-2003  [034]     0.813869: (+3)     sched_wakeup:         kworker/u129:18:438 [120] CPU:000
          cg.C.x-2535  [000]     0.813871: (+2)     sched_switch:         cg.C.x:2535 [120] R ==> kworker/u129:18:438 [120]
 kworker/u129:18-438   [000]     0.813873: (+2)     sched_waking:         comm=sshd pid=1918 prio=120 target_cpu=032
    tmux: server-2003  [034]     0.813878: (+5)     sched_switch:         tmux: server:2003 [120] S ==> cg.C.x:2552 [120]
 kworker/u129:18-438   [000]     0.813879: (+1)     sched_wakeup:         sshd:1918 [120] CPU:032
 kworker/u129:18-438   [000]     0.813881: (+2)     sched_switch:         kworker/u129:18:438 [120] I ==> cg.C.x:2535 [120]
          cg.C.x-2551  [032]     0.813882: (+1)     sched_switch:         cg.C.x:2551 [120] R ==> sshd:1918 [120]
          cg.C.x-2535  [000]     0.813951: (+69)    sched_waking:         comm=rcu_preempt pid=17 prio=120 target_cpu=000
          cg.C.x-2535  [000]     0.813953: (+2)     sched_wakeup:         rcu_preempt:17 [120] CPU:000
          cg.C.x-2535  [000]     0.813954: (+1)     sched_switch:         cg.C.x:2535 [120] R ==> rcu_preempt:17 [120]
     rcu_preempt-17    [000]     0.813966: (+12)    sched_switch:         rcu_preempt:17 [120] I ==> cg.C.x:2535 [120]
            sshd-1918  [032]     0.814031: (+65)    sched_switch:         sshd:1918 [120] S ==> cg.C.x:2551 [120]
          cg.C.x-2552  [034]     0.823926: (+9895)  sched_waking:         comm=tmux: server pid=2003 prio=120 target_cpu=034
          cg.C.x-2552  [034]     0.823937: (+11)    sched_wakeup:         tmux: server:2003 [120] CPU:034
          cg.C.x-2552  [034]     0.823940: (+3)     sched_switch:         cg.C.x:2552 [120] R ==> tmux: server:2003 [120]
    tmux: server-2003  [034]     0.823974: (+34)    sched_switch:         tmux: server:2003 [120] S ==> cg.C.x:2552 [120]
          cg.C.x-2535  [000]     0.825953: (+1979)  sched_waking:         comm=rcu_preempt pid=17 prio=120 target_cpu=000
          cg.C.x-2535  [000]     0.825959: (+6)     sched_wakeup:         rcu_preempt:17 [120] CPU:000
          cg.C.x-2535  [000]     0.825960: (+1)     sched_waking:         comm=kworker/0:1 pid=10 prio=120 target_cpu=000
          cg.C.x-2535  [000]     0.825962: (+2)     sched_wakeup:         kworker/0:1:10 [120] CPU:000
          cg.C.x-2535  [000]     0.825966: (+4)     sched_switch:         cg.C.x:2535 [120] R ==> kworker/0:1:10 [120]
     kworker/0:1-10    [000]     0.826027: (+61)    sched_switch:         kworker/0:1:10 [120] I ==> rcu_preempt:17 [120]
     rcu_preempt-17    [000]     0.826033: (+6)     sched_switch:         rcu_preempt:17 [120] I ==> cg.C.x:2535 [120]
          cg.C.x-2576  [019]     0.833956: (+7923)  sched_waking:         comm=rcu_preempt pid=17 prio=120 target_cpu=000
          cg.C.x-2576  [019]     0.833961: (+5)     sched_migrate_task:   comm=rcu_preempt pid=17 prio=120 orig_cpu=0 dest_cpu=19
          cg.C.x-2576  [019]     0.833972: (+11)    sched_wakeup:         rcu_preempt:17 [120] CPU:019
          cg.C.x-2576  [019]     0.833979: (+7)     sched_switch:         cg.C.x:2576 [120] R ==> rcu_preempt:17 [120]
     rcu_preempt-17    [019]     0.833992: (+13)    sched_switch:         rcu_preempt:17 [120] I ==> cg.C.x:2576 [120]
          cg.C.x-2535  [000]     0.922534: (+88542) sched_waking:         comm=kworker/u129:18 pid=438 prio=120 target_cpu=000
          cg.C.x-2535  [000]     0.922540: (+6)     sched_wakeup:         kworker/u129:18:438 [120] CPU:000
          cg.C.x-2535  [000]     0.922545: (+5)     sched_switch:         cg.C.x:2535 [120] R ==> kworker/u129:18:438 [120]
 kworker/u129:18-438   [000]     0.922551: (+6)     sched_waking:         comm=tmux: server pid=2003 prio=120 target_cpu=034
 kworker/u129:18-438   [000]     0.922553: (+2)     sched_migrate_task:   comm=tmux: server pid=2003 prio=120 orig_cpu=34 dest_cpu=0
 kworker/u129:18-438   [000]     0.922558: (+5)     sched_wakeup:         tmux: server:2003 [120] CPU:000
 kworker/u129:18-438   [000]     0.922562: (+4)     sched_switch:         kworker/u129:18:438 [120] I ==> tmux: server:2003 [120]
    tmux: server-2003  [000]     0.922633: (+71)    sched_waking:         comm=kworker/u129:18 pid=438 prio=120 target_cpu=000
    tmux: server-2003  [000]     0.922634: (+1)     sched_wakeup:         kworker/u129:18:438 [120] CPU:000
    tmux: server-2003  [000]     0.922637: (+3)     sched_switch:         tmux: server:2003 [120] R ==> kworker/u129:18:438 [120]
 kworker/u129:18-438   [000]     0.922639: (+2)     sched_waking:         comm=sshd pid=1918 prio=120 target_cpu=032
 kworker/u129:18-438   [000]     0.922644: (+5)     sched_wakeup:         sshd:1918 [120] CPU:032
 kworker/u129:18-438   [000]     0.922646: (+2)     sched_switch:         kworker/u129:18:438 [120] I ==> tmux: server:2003 [120]
          cg.C.x-2551  [032]     0.922647: (+1)     sched_switch:         cg.C.x:2551 [120] R ==> sshd:1918 [120]
    tmux: server-2003  [000]     0.922655: (+8)     sched_switch:         tmux: server:2003 [120] S ==> cg.C.x:2535 [120]
          cg.C.x-2535  [000]     0.922657: (+2)     sched_waking:         comm=kworker/u129:18 pid=438 prio=120 target_cpu=000
          cg.C.x-2535  [000]     0.922658: (+1)     sched_wakeup:         kworker/u129:18:438 [120] CPU:000
          cg.C.x-2535  [000]     0.922661: (+3)     sched_switch:         cg.C.x:2535 [120] R ==> kworker/u129:18:438 [120]
 kworker/u129:18-438   [000]     0.922662: (+1)     sched_waking:         comm=tmux: server pid=2003 prio=120 target_cpu=000
 kworker/u129:18-438   [000]     0.922664: (+2)     sched_wakeup:         tmux: server:2003 [120] CPU:000
 kworker/u129:18-438   [000]     0.922666: (+2)     sched_switch:         kworker/u129:18:438 [120] I ==> tmux: server:2003 [120]
    tmux: server-2003  [000]     0.922696: (+30)    sched_waking:         comm=kworker/u129:18 pid=438 prio=120 target_cpu=000
    tmux: server-2003  [000]     0.922697: (+1)     sched_wakeup:         kworker/u129:18:438 [120] CPU:000
    tmux: server-2003  [000]     0.922699: (+2)     sched_switch:         tmux: server:2003 [120] R ==> kworker/u129:18:438 [120]
 kworker/u129:18-438   [000]     0.922702: (+3)     sched_switch:         kworker/u129:18:438 [120] I ==> tmux: server:2003 [120]
    tmux: server-2003  [000]     0.922710: (+8)     sched_switch:         tmux: server:2003 [120] S ==> cg.C.x:2535 [120]
            sshd-1918  [032]     0.922771: (+61)    sched_switch:         sshd:1918 [120] S ==> cg.C.x:2551 [120]
          cg.C.x-2535  [000]     0.932760: (+9989)  sched_waking:         comm=tmux: server pid=2003 prio=120 target_cpu=000
          cg.C.x-2535  [000]     0.932771: (+11)    sched_wakeup:         tmux: server:2003 [120] CPU:000
          cg.C.x-2535  [000]     0.932776: (+5)     sched_switch:         cg.C.x:2535 [120] R ==> tmux: server:2003 [120]
    tmux: server-2003  [000]     0.932802: (+26)    sched_switch:         tmux: server:2003 [120] S ==> cg.C.x:2535 [120]
          cg.C.x-2535  [000]     0.934848: (+2046)  sched_waking:         comm=tmux: server pid=2003 prio=120 target_cpu=000
          cg.C.x-2535  [000]     0.934855: (+7)     sched_wakeup:         tmux: server:2003 [120] CPU:000
          cg.C.x-2535  [000]     0.934858: (+3)     sched_switch:         cg.C.x:2535 [120] R ==> tmux: server:2003 [120]
    tmux: server-2003  [000]     0.934894: (+36)    sched_switch:         tmux: server:2003 [120] S ==> cg.C.x:2535 [120]
          cg.C.x-2598  [063]     0.957957: (+23063) sched_waking:         comm=kworker/63:1 pid=654 prio=120 target_cpu=063
          cg.C.x-2598  [063]     0.957968: (+11)    sched_wakeup:         kworker/63:1:654 [120] CPU:063
          cg.C.x-2598  [063]     0.957977: (+9)     sched_switch:         cg.C.x:2598 [120] R ==> kworker/63:1:654 [120]
    kworker/63:1-654   [063]     0.957994: (+17)    sched_switch:         kworker/63:1:654 [120] I ==> cg.C.x:2598 [120]
          cg.C.x-2566  [062]     0.993954: (+35960) sched_waking:         comm=kworker/62:1 pid=743 prio=120 target_cpu=062
          cg.C.x-2565  [060]     0.993954: (+0)     sched_waking:         comm=kworker/60:1 pid=744 prio=120 target_cpu=060
          cg.C.x-2552  [034]     0.993955: (+1)     sched_waking:         comm=kworker/34:1 pid=485 prio=120 target_cpu=034
          cg.C.x-2597  [061]     0.993956: (+1)     sched_waking:         comm=kworker/61:1 pid=558 prio=120 target_cpu=061
          cg.C.x-2565  [060]     0.993961: (+5)     sched_wakeup:         kworker/60:1:744 [120] CPU:060
          cg.C.x-2566  [062]     0.993961: (+0)     sched_wakeup:         kworker/62:1:743 [120] CPU:062
          cg.C.x-2552  [034]     0.993961: (+0)     sched_wakeup:         kworker/34:1:485 [120] CPU:034
          cg.C.x-2597  [061]     0.993965: (+4)     sched_wakeup:         kworker/61:1:558 [120] CPU:061
          cg.C.x-2565  [060]     0.993967: (+2)     sched_switch:         cg.C.x:2565 [120] R ==> kworker/60:1:744 [120]
          cg.C.x-2566  [062]     0.993968: (+1)     sched_switch:         cg.C.x:2566 [120] R ==> kworker/62:1:743 [120]
          cg.C.x-2597  [061]     0.993971: (+3)     sched_switch:         cg.C.x:2597 [120] R ==> kworker/61:1:558 [120]
    kworker/60:1-744   [060]     0.993981: (+10)    sched_switch:         kworker/60:1:744 [120] I ==> cg.C.x:2565 [120]
    kworker/62:1-743   [062]     0.993981: (+0)     sched_switch:         kworker/62:1:743 [120] I ==> cg.C.x:2566 [120]
    kworker/61:1-558   [061]     0.993988: (+7)     sched_switch:         kworker/61:1:558 [120] I ==> cg.C.x:2597 [120]
          cg.C.x-2552  [034]     0.997957: (+3969)  sched_switch:         cg.C.x:2552 [120] R ==> kworker/34:1:485 [120]
    kworker/34:1-485   [034]     0.997989: (+32)    sched_switch:         kworker/34:1:485 [120] I ==> cg.C.x:2552 [120]
          cg.C.x-2545  [020]     1.013957: (+15968) bprint:               change_prot_numa: NUMAB SCAN vma[start:0x7f4c708db000, end:0x7f4c82ef9000, from:0x7f4c7e600000, to:0x7f4c82ef9000, size:74724 KB]
          cg.C.x-2564  [058]     1.025954: (+11997) sched_waking:         comm=kworker/58:1 pid=738 prio=120 target_cpu=058
          cg.C.x-2595  [057]     1.025955: (+1)     sched_waking:         comm=kworker/57:2 pid=1818 prio=120 target_cpu=057
          cg.C.x-2564  [058]     1.025963: (+8)     sched_wakeup:         kworker/58:1:738 [120] CPU:058
          cg.C.x-2595  [057]     1.025964: (+1)     sched_wakeup:         kworker/57:2:1818 [120] CPU:057
          cg.C.x-2564  [058]     1.025970: (+6)     sched_switch:         cg.C.x:2564 [120] R ==> kworker/58:1:738 [120]
          cg.C.x-2595  [057]     1.025971: (+1)     sched_switch:         cg.C.x:2595 [120] R ==> kworker/57:2:1818 [120]
    kworker/58:1-738   [058]     1.025985: (+14)    sched_switch:         kworker/58:1:738 [120] I ==> cg.C.x:2564 [120]
    kworker/57:2-1818  [057]     1.025985: (+0)     sched_switch:         kworker/57:2:1818 [120] I ==> cg.C.x:2595 [120]
          cg.C.x-2535  [000]     1.029955: (+3970)  sched_waking:         comm=kworker/0:1 pid=10 prio=120 target_cpu=000
          cg.C.x-2535  [000]     1.029961: (+6)     sched_wakeup:         kworker/0:1:10 [120] CPU:000
          cg.C.x-2535  [000]     1.029966: (+5)     sched_switch:         cg.C.x:2535 [120] R ==> kworker/0:1:10 [120]
     kworker/0:1-10    [000]     1.030029: (+63)    sched_switch:         kworker/0:1:10 [120] I ==> cg.C.x:2535 [120]
          cg.C.x-2535  [000]     1.031587: (+1558)  sched_waking:         comm=kworker/u129:18 pid=438 prio=120 target_cpu=000
          cg.C.x-2535  [000]     1.031592: (+5)     sched_wakeup:         kworker/u129:18:438 [120] CPU:000
          cg.C.x-2535  [000]     1.031595: (+3)     sched_switch:         cg.C.x:2535 [120] R ==> kworker/u129:18:438 [120]
 kworker/u129:18-438   [000]     1.031599: (+4)     sched_waking:         comm=tmux: server pid=2003 prio=120 target_cpu=000
 kworker/u129:18-438   [000]     1.031602: (+3)     sched_wakeup:         tmux: server:2003 [120] CPU:000
 kworker/u129:18-438   [000]     1.031606: (+4)     sched_switch:         kworker/u129:18:438 [120] I ==> tmux: server:2003 [120]
    tmux: server-2003  [000]     1.031670: (+64)    sched_waking:         comm=kworker/u129:18 pid=438 prio=120 target_cpu=000
    tmux: server-2003  [000]     1.031671: (+1)     sched_wakeup:         kworker/u129:18:438 [120] CPU:000
    tmux: server-2003  [000]     1.031674: (+3)     sched_switch:         tmux: server:2003 [120] R ==> kworker/u129:18:438 [120]
 kworker/u129:18-438   [000]     1.031676: (+2)     sched_waking:         comm=sshd pid=1918 prio=120 target_cpu=032
 kworker/u129:18-438   [000]     1.031683: (+7)     sched_wakeup:         sshd:1918 [120] CPU:032
 kworker/u129:18-438   [000]     1.031684: (+1)     sched_switch:         kworker/u129:18:438 [120] I ==> tmux: server:2003 [120]
          cg.C.x-2551  [032]     1.031686: (+2)     sched_switch:         cg.C.x:2551 [120] R ==> sshd:1918 [120]
    tmux: server-2003  [000]     1.031692: (+6)     sched_switch:         tmux: server:2003 [120] S ==> cg.C.x:2535 [120]
          cg.C.x-2535  [000]     1.031694: (+2)     sched_waking:         comm=kworker/u129:18 pid=438 prio=120 target_cpu=000
          cg.C.x-2535  [000]     1.031695: (+1)     sched_wakeup:         kworker/u129:18:438 [120] CPU:000
          cg.C.x-2535  [000]     1.031696: (+1)     sched_switch:         cg.C.x:2535 [120] R ==> kworker/u129:18:438 [120]
 kworker/u129:18-438   [000]     1.031698: (+2)     sched_waking:         comm=tmux: server pid=2003 prio=120 target_cpu=000
 kworker/u129:18-438   [000]     1.031699: (+1)     sched_wakeup:         tmux: server:2003 [120] CPU:000
 kworker/u129:18-438   [000]     1.031700: (+1)     sched_switch:         kworker/u129:18:438 [120] I ==> tmux: server:2003 [120]
    tmux: server-2003  [000]     1.031731: (+31)    sched_waking:         comm=kworker/u129:18 pid=438 prio=120 target_cpu=000
    tmux: server-2003  [000]     1.031732: (+1)     sched_wakeup:         kworker/u129:18:438 [120] CPU:000
    tmux: server-2003  [000]     1.031734: (+2)     sched_switch:         tmux: server:2003 [120] R ==> kworker/u129:18:438 [120]
 kworker/u129:18-438   [000]     1.031736: (+2)     sched_switch:         kworker/u129:18:438 [120] I ==> tmux: server:2003 [120]
    tmux: server-2003  [000]     1.031745: (+9)     sched_switch:         tmux: server:2003 [120] S ==> cg.C.x:2535 [120]
            sshd-1918  [032]     1.031791: (+46)    sched_switch:         sshd:1918 [120] S ==> cg.C.x:2551 [120]
          cg.C.x-2535  [000]     1.041793: (+10002) sched_waking:         comm=tmux: server pid=2003 prio=120 target_cpu=000
          cg.C.x-2535  [000]     1.041805: (+12)    sched_wakeup:         tmux: server:2003 [120] CPU:000
          cg.C.x-2535  [000]     1.041810: (+5)     sched_switch:         cg.C.x:2535 [120] R ==> tmux: server:2003 [120]
    tmux: server-2003  [000]     1.041837: (+27)    sched_switch:         tmux: server:2003 [120] S ==> cg.C.x:2535 [120]
          cg.C.x-2535  [000]     1.043883: (+2046)  sched_waking:         comm=tmux: server pid=2003 prio=120 target_cpu=000
          cg.C.x-2535  [000]     1.043890: (+7)     sched_wakeup:         tmux: server:2003 [120] CPU:000
          cg.C.x-2535  [000]     1.043893: (+3)     sched_switch:         cg.C.x:2535 [120] R ==> tmux: server:2003 [120]
    tmux: server-2003  [000]     1.043928: (+35)    sched_switch:         tmux: server:2003 [120] S ==> cg.C.x:2535 [120]
          cg.C.x-2563  [056]     1.057954: (+14026) sched_waking:         comm=kworker/56:1 pid=739 prio=120 target_cpu=056
          cg.C.x-2594  [055]     1.057957: (+3)     sched_waking:         comm=kworker/55:1 pid=501 prio=120 target_cpu=055
          cg.C.x-2563  [056]     1.057963: (+6)     sched_wakeup:         kworker/56:1:739 [120] CPU:056
          cg.C.x-2594  [055]     1.057966: (+3)     sched_wakeup:         kworker/55:1:501 [120] CPU:055
          cg.C.x-2563  [056]     1.057970: (+4)     sched_switch:         cg.C.x:2563 [120] R ==> kworker/56:1:739 [120]
    kworker/56:1-739   [056]     1.057986: (+16)    sched_switch:         kworker/56:1:739 [120] I ==> cg.C.x:2563 [120]
          cg.C.x-2594  [055]     1.061963: (+3977)  sched_switch:         cg.C.x:2594 [120] R ==> kworker/55:1:501 [120]
    kworker/55:1-501   [055]     1.061981: (+18)    sched_switch:         kworker/55:1:501 [120] I ==> cg.C.x:2594 [120]
          cg.C.x-2535  [000]     1.084218: (+22237) sched_waking:         comm=kworker/16:0H pid=116 prio=100 target_cpu=016
          cg.C.x-2535  [000]     1.084225: (+7)     sched_wakeup:         kworker/16:0H:116 [100] CPU:016
          cg.C.x-2543  [016]     1.084234: (+9)     sched_switch:         cg.C.x:2543 [120] R ==> kworker/16:0H:116 [100]
   kworker/16:0H-116   [016]     1.084274: (+40)    sched_switch:         kworker/16:0H:116 [100] I ==> cg.C.x:2543 [120]
          cg.C.x-2543  [016]     1.085954: (+1680)  sched_waking:         comm=rcu_preempt pid=17 prio=120 target_cpu=019
          cg.C.x-2593  [053]     1.085956: (+2)     sched_waking:         comm=kworker/53:1 pid=588 prio=120 target_cpu=053
          cg.C.x-2593  [053]     1.085964: (+8)     sched_wakeup:         kworker/53:1:588 [120] CPU:053
          cg.C.x-2576  [019]     1.085964: (+0)     sched_wakeup:         rcu_preempt:17 [120] CPU:019
          cg.C.x-2593  [053]     1.085970: (+6)     sched_switch:         cg.C.x:2593 [120] R ==> kworker/53:1:588 [120]
          cg.C.x-2576  [019]     1.085970: (+0)     sched_switch:         cg.C.x:2576 [120] R ==> rcu_preempt:17 [120]
     rcu_preempt-17    [019]     1.085980: (+10)    sched_switch:         rcu_preempt:17 [120] I ==> cg.C.x:2576 [120]
    kworker/53:1-588   [053]     1.085981: (+1)     sched_switch:         kworker/53:1:588 [120] I ==> cg.C.x:2593 [120]
          cg.C.x-2561  [052]     1.089955: (+3974)  sched_waking:         comm=kworker/52:1 pid=734 prio=120 target_cpu=052
          cg.C.x-2561  [052]     1.089961: (+6)     sched_wakeup:         kworker/52:1:734 [120] CPU:052
          cg.C.x-2561  [052]     1.089966: (+5)     sched_switch:         cg.C.x:2561 [120] R ==> kworker/52:1:734 [120]
    kworker/52:1-734   [052]     1.089977: (+11)    sched_switch:         kworker/52:1:734 [120] I ==> cg.C.x:2561 [120]
          cg.C.x-2535  [000]     1.094976: (+4999)  sched_waking:         comm=tmux: server pid=2003 prio=120 target_cpu=000
          cg.C.x-2535  [000]     1.094986: (+10)    sched_wakeup:         tmux: server:2003 [120] CPU:000
          cg.C.x-2535  [000]     1.094989: (+3)     sched_switch:         cg.C.x:2535 [120] R ==> tmux: server:2003 [120]
    tmux: server-2003  [000]     1.095028: (+39)    sched_switch:         tmux: server:2003 [120] S ==> cg.C.x:2535 [120]
          cg.C.x-2535  [000]     1.096074: (+1046)  sched_waking:         comm=tmux: server pid=2003 prio=120 target_cpu=000
          cg.C.x-2535  [000]     1.096081: (+7)     sched_wakeup:         tmux: server:2003 [120] CPU:000
          cg.C.x-2535  [000]     1.096084: (+3)     sched_switch:         cg.C.x:2535 [120] R ==> tmux: server:2003 [120]
    tmux: server-2003  [000]     1.096100: (+16)    sched_switch:         tmux: server:2003 [120] S ==> cg.C.x:2535 [120]
          cg.C.x-2535  [000]     1.097148: (+1048)  sched_waking:         comm=tmux: server pid=2003 prio=120 target_cpu=000
          cg.C.x-2535  [000]     1.097153: (+5)     sched_wakeup:         tmux: server:2003 [120] CPU:000
          cg.C.x-2535  [000]     1.097155: (+2)     sched_switch:         cg.C.x:2535 [120] R ==> tmux: server:2003 [120]
    tmux: server-2003  [000]     1.097172: (+17)    sched_switch:         tmux: server:2003 [120] S ==> cg.C.x:2535 [120]
          cg.C.x-2576  [019]     1.097954: (+782)   sched_waking:         comm=rcu_preempt pid=17 prio=120 target_cpu=019
          cg.C.x-2576  [019]     1.097961: (+7)     sched_wakeup:         rcu_preempt:17 [120] CPU:019
          cg.C.x-2576  [019]     1.097965: (+4)     sched_switch:         cg.C.x:2576 [120] R ==> rcu_preempt:17 [120]
     rcu_preempt-17    [019]     1.097979: (+14)    sched_switch:         rcu_preempt:17 [120] I ==> cg.C.x:2576 [120]
          cg.C.x-2535  [000]     1.098219: (+240)   sched_waking:         comm=tmux: server pid=2003 prio=120 target_cpu=000
          cg.C.x-2535  [000]     1.098224: (+5)     sched_wakeup:         tmux: server:2003 [120] CPU:000
          cg.C.x-2535  [000]     1.098226: (+2)     sched_switch:         cg.C.x:2535 [120] R ==> tmux: server:2003 [120]
    tmux: server-2003  [000]     1.098341: (+115)   sched_switch:         tmux: server:2003 [120] S ==> cg.C.x:2535 [120]
          cg.C.x-2576  [019]     1.109953: (+11612) sched_waking:         comm=rcu_preempt pid=17 prio=120 target_cpu=019
          cg.C.x-2576  [019]     1.109961: (+8)     sched_wakeup:         rcu_preempt:17 [120] CPU:019
          cg.C.x-2576  [019]     1.109966: (+5)     sched_switch:         cg.C.x:2576 [120] R ==> rcu_preempt:17 [120]
     rcu_preempt-17    [019]     1.109977: (+11)    sched_switch:         rcu_preempt:17 [120] I ==> cg.C.x:2576 [120]
          cg.C.x-2576  [019]     1.117953: (+7976)  sched_waking:         comm=rcu_preempt pid=17 prio=120 target_cpu=019
          cg.C.x-2592  [051]     1.117955: (+2)     sched_waking:         comm=kworker/51:1 pid=737 prio=120 target_cpu=051
          cg.C.x-2576  [019]     1.117961: (+6)     sched_wakeup:         rcu_preempt:17 [120] CPU:019
          cg.C.x-2592  [051]     1.117961: (+0)     sched_wakeup:         kworker/51:1:737 [120] CPU:051
          cg.C.x-2576  [019]     1.117966: (+5)     sched_switch:         cg.C.x:2576 [120] R ==> rcu_preempt:17 [120]
          cg.C.x-2592  [051]     1.117966: (+0)     sched_switch:         cg.C.x:2592 [120] R ==> kworker/51:1:737 [120]
     rcu_preempt-17    [019]     1.117975: (+9)     sched_switch:         rcu_preempt:17 [120] I ==> cg.C.x:2576 [120]
    kworker/51:1-737   [051]     1.117980: (+5)     sched_switch:         kworker/51:1:737 [120] I ==> cg.C.x:2592 [120]
          cg.C.x-2591  [049]     1.121956: (+3976)  sched_waking:         comm=kworker/49:2 pid=956 prio=120 target_cpu=049
          cg.C.x-2591  [049]     1.121966: (+10)    sched_wakeup:         kworker/49:2:956 [120] CPU:049
          cg.C.x-2591  [049]     1.125959: (+3993)  sched_switch:         cg.C.x:2591 [120] R ==> kworker/49:2:956 [120]
    kworker/49:2-956   [049]     1.125977: (+18)    sched_switch:         kworker/49:2:956 [120] I ==> cg.C.x:2591 [120]
          cg.C.x-2535  [000]     1.140566: (+14589) sched_waking:         comm=kworker/u129:18 pid=438 prio=120 target_cpu=000
          cg.C.x-2535  [000]     1.140573: (+7)     sched_wakeup:         kworker/u129:18:438 [120] CPU:000
          cg.C.x-2535  [000]     1.140579: (+6)     sched_switch:         cg.C.x:2535 [120] R ==> kworker/u129:18:438 [120]
 kworker/u129:18-438   [000]     1.140584: (+5)     sched_waking:         comm=tmux: server pid=2003 prio=120 target_cpu=000
 kworker/u129:18-438   [000]     1.140587: (+3)     sched_wakeup:         tmux: server:2003 [120] CPU:000
 kworker/u129:18-438   [000]     1.140590: (+3)     sched_switch:         kworker/u129:18:438 [120] I ==> tmux: server:2003 [120]
    tmux: server-2003  [000]     1.140655: (+65)    sched_waking:         comm=kworker/u129:18 pid=438 prio=120 target_cpu=000
    tmux: server-2003  [000]     1.140656: (+1)     sched_wakeup:         kworker/u129:18:438 [120] CPU:000
    tmux: server-2003  [000]     1.140659: (+3)     sched_switch:         tmux: server:2003 [120] R ==> kworker/u129:18:438 [120]
 kworker/u129:18-438   [000]     1.140661: (+2)     sched_waking:         comm=sshd pid=1918 prio=120 target_cpu=032
 kworker/u129:18-438   [000]     1.140667: (+6)     sched_wakeup:         sshd:1918 [120] CPU:032
 kworker/u129:18-438   [000]     1.140669: (+2)     sched_switch:         kworker/u129:18:438 [120] I ==> tmux: server:2003 [120]
          cg.C.x-2551  [032]     1.140670: (+1)     sched_switch:         cg.C.x:2551 [120] R ==> sshd:1918 [120]
    tmux: server-2003  [000]     1.140677: (+7)     sched_switch:         tmux: server:2003 [120] S ==> cg.C.x:2535 [120]
          cg.C.x-2535  [000]     1.140679: (+2)     sched_waking:         comm=kworker/u129:18 pid=438 prio=120 target_cpu=000
          cg.C.x-2535  [000]     1.140680: (+1)     sched_wakeup:         kworker/u129:18:438 [120] CPU:000
          cg.C.x-2535  [000]     1.140682: (+2)     sched_switch:         cg.C.x:2535 [120] R ==> kworker/u129:18:438 [120]
 kworker/u129:18-438   [000]     1.140683: (+1)     sched_waking:         comm=tmux: server pid=2003 prio=120 target_cpu=000
 kworker/u129:18-438   [000]     1.140685: (+2)     sched_wakeup:         tmux: server:2003 [120] CPU:000
 kworker/u129:18-438   [000]     1.140687: (+2)     sched_switch:         kworker/u129:18:438 [120] I ==> tmux: server:2003 [120]
    tmux: server-2003  [000]     1.140715: (+28)    sched_waking:         comm=kworker/u129:18 pid=438 prio=120 target_cpu=000
    tmux: server-2003  [000]     1.140716: (+1)     sched_wakeup:         kworker/u129:18:438 [120] CPU:000
    tmux: server-2003  [000]     1.140718: (+2)     sched_switch:         tmux: server:2003 [120] R ==> kworker/u129:18:438 [120]
 kworker/u129:18-438   [000]     1.140721: (+3)     sched_switch:         kworker/u129:18:438 [120] I ==> tmux: server:2003 [120]
    tmux: server-2003  [000]     1.140727: (+6)     sched_switch:         tmux: server:2003 [120] S ==> cg.C.x:2535 [120]
            sshd-1918  [032]     1.140779: (+52)    sched_switch:         sshd:1918 [120] S ==> cg.C.x:2551 [120]
          cg.C.x-2590  [047]     1.149956: (+9177)  sched_waking:         comm=kworker/47:0 pid=301 prio=120 target_cpu=047
          cg.C.x-2590  [047]     1.149967: (+11)    sched_wakeup:         kworker/47:0:301 [120] CPU:047
          cg.C.x-2590  [047]     1.149978: (+11)    sched_switch:         cg.C.x:2590 [120] R ==> kworker/47:0:301 [120]
    kworker/47:0-301   [047]     1.149994: (+16)    sched_switch:         kworker/47:0:301 [120] I ==> cg.C.x:2590 [120]
          cg.C.x-2535  [000]     1.150777: (+783)   sched_waking:         comm=tmux: server pid=2003 prio=120 target_cpu=000
          cg.C.x-2535  [000]     1.150788: (+11)    sched_wakeup:         tmux: server:2003 [120] CPU:000
          cg.C.x-2535  [000]     1.150793: (+5)     sched_switch:         cg.C.x:2535 [120] R ==> tmux: server:2003 [120]
    tmux: server-2003  [000]     1.150838: (+45)    sched_switch:         tmux: server:2003 [120] S ==> cg.C.x:2535 [120]
          cg.C.x-2559  [048]     1.153954: (+3116)  sched_waking:         comm=kworker/48:1 pid=732 prio=120 target_cpu=048
          cg.C.x-2559  [048]     1.153960: (+6)     sched_wakeup:         kworker/48:1:732 [120] CPU:048
          cg.C.x-2559  [048]     1.153966: (+6)     sched_switch:         cg.C.x:2559 [120] R ==> kworker/48:1:732 [120]
    kworker/48:1-732   [048]     1.153978: (+12)    sched_switch:         kworker/48:1:732 [120] I ==> cg.C.x:2559 [120]
          cg.C.x-2558  [046]     1.185954: (+31976) sched_waking:         comm=kworker/46:1 pid=729 prio=120 target_cpu=046
          cg.C.x-2589  [045]     1.185956: (+2)     sched_waking:         comm=kworker/45:1 pid=546 prio=120 target_cpu=045
          cg.C.x-2558  [046]     1.185963: (+7)     sched_wakeup:         kworker/46:1:729 [120] CPU:046
          cg.C.x-2589  [045]     1.185965: (+2)     sched_wakeup:         kworker/45:1:546 [120] CPU:045
          cg.C.x-2558  [046]     1.185971: (+6)     sched_switch:         cg.C.x:2558 [120] R ==> kworker/46:1:729 [120]
          cg.C.x-2589  [045]     1.185971: (+0)     sched_switch:         cg.C.x:2589 [120] R ==> kworker/45:1:546 [120]
    kworker/46:1-729   [046]     1.185986: (+15)    sched_switch:         kworker/46:1:729 [120] I ==> cg.C.x:2558 [120]
    kworker/45:1-546   [045]     1.185986: (+0)     sched_switch:         kworker/45:1:546 [120] I ==> cg.C.x:2589 [120]
          cg.C.x-2597  [061]     1.204539: (+18553) sched_waking:         comm=ntpd pid=1711 prio=0 target_cpu=061
          cg.C.x-2597  [061]     1.204551: (+12)    sched_wakeup:         ntpd:1711 [0] CPU:061
          cg.C.x-2597  [061]     1.204562: (+11)    sched_switch:         cg.C.x:2597 [120] R ==> ntpd:1711 [0]
            ntpd-1711  [061]     1.204611: (+49)    sched_switch:         ntpd:1711 [0] S ==> cg.C.x:2597 [120]
          cg.C.x-2556  [042]     1.217955: (+13344) sched_waking:         comm=kworker/42:1 pid=726 prio=120 target_cpu=042
          cg.C.x-2588  [043]     1.217955: (+0)     sched_waking:         comm=kworker/43:1 pid=736 prio=120 target_cpu=043
          cg.C.x-2587  [041]     1.217955: (+0)     sched_waking:         comm=kworker/41:1 pid=587 prio=120 target_cpu=041
