          cg.C.x-3659  [016]     1.013817: (+1)     bprint:               do_huge_pmd_numa_page: NUMAB MEM ACCESS huge page process[nid:0, cpu:16, pid:3659], folio[virt:0x7efc5c737940, ker:0xffff93f48da00000, pfn:0x30da00, nid:0, npages:512]
          cg.C.x-3674  [046]     1.013817: (+0)     bprint:               __handle_mm_fault: NUMAB MEM ACCESS process[nid:0, cpu:46, pid:3674], folio[virt:0x7efc64dc0a70, phys:0x1502ef000, pfn:0x1502ef, nid:0, npages:1]
          cg.C.x-3710  [055]     1.013818: (+1)     bprint:               __handle_mm_fault: NUMAB MEM ACCESS process[nid:1, cpu:55, pid:3710], folio[virt:0x7efc64e130c4, phys:0x186792c000, pfn:0x186792c, nid:1, npages:1]
          cg.C.x-3711  [057]     1.013818: (+0)     sched_stick_numa:     src_pid=3711 src_tgid=3651 src_ngid=3711 src_cpu=57 src_nid=1 dst_pid=0 dst_tgid=0 dst_ngid=0 dst_cpu=-1 dst_nid=-1
          cg.C.x-3703  [041]     1.013819: (+1)     bprint:               do_huge_pmd_numa_page: NUMAB MEM ACCESS huge page process[nid:1, cpu:41, pid:3703], folio[virt:0x7efc625fbff8, ker:0xffff940bb8000000, pfn:0x1a38000, nid:1, npages:512]
          cg.C.x-3653  [004]     1.013819: (+0)     bprint:               __handle_mm_fault: NUMAB MEM ACCESS process[nid:0, cpu:4, pid:3653], folio[virt:0x7efc64d90950, phys:0x3262a7000, pfn:0x3262a7, nid:0, npages:1]
          cg.C.x-3707  [049]     1.013820: (+1)     sched_stick_numa:     src_pid=3707 src_tgid=3651 src_ngid=3707 src_cpu=49 src_nid=1 dst_pid=0 dst_tgid=0 dst_ngid=0 dst_cpu=-1 dst_nid=-1
          cg.C.x-3714  [063]     1.013820: (+0)     bprint:               do_huge_pmd_numa_page: NUMAB MEM ACCESS huge page process[nid:1, cpu:63, pid:3714], folio[virt:0x7efc63da9054, ker:0xffff940c2b400000, pfn:0x1aab400, nid:1, npages:512]
          cg.C.x-3697  [029]     1.013821: (+1)     sched_stick_numa:     src_pid=3697 src_tgid=3651 src_ngid=3697 src_cpu=29 src_nid=1 dst_pid=0 dst_tgid=0 dst_ngid=0 dst_cpu=-1 dst_nid=-1
          cg.C.x-3687  [009]     1.013822: (+1)     bprint:               __handle_mm_fault: NUMAB MEM ACCESS process[nid:1, cpu:9, pid:3687], folio[virt:0x7efc64dde690, phys:0x186dc4b000, pfn:0x186dc4b, nid:1, npages:1]
          cg.C.x-3656  [010]     1.013822: (+0)     bprint:               do_huge_pmd_numa_page: NUMAB MEM ACCESS huge page process[nid:0, cpu:10, pid:3656], folio[virt:0x7efc5c0c260c, ker:0xffff93f4bb200000, pfn:0x33b200, nid:0, npages:512]
          cg.C.x-3709  [053]     1.013823: (+1)     sched_stick_numa:     src_pid=3709 src_tgid=3651 src_ngid=3706 src_cpu=53 src_nid=1 dst_pid=0 dst_tgid=0 dst_ngid=0 dst_cpu=-1 dst_nid=-1
          cg.C.x-3689  [013]     1.013824: (+1)     bprint:               do_huge_pmd_numa_page: NUMAB MEM ACCESS huge page process[nid:1, cpu:13, pid:3689], folio[virt:0x7efc607d2518, ker:0xffff940bb7c00000, pfn:0x1a37c00, nid:1, npages:512]
          cg.C.x-3695  [025]     1.013824: (+0)     bprint:               __handle_mm_fault: NUMAB MEM ACCESS process[nid:1, cpu:25, pid:3695], folio[virt:0x7efc64df0b90, phys:0x185e2c3000, pfn:0x185e2c3, nid:1, npages:1]
          cg.C.x-3708  [051]     1.013826: (+2)     bprint:               do_huge_pmd_numa_page: NUMAB MEM ACCESS huge page process[nid:1, cpu:51, pid:3708], folio[virt:0x7efc630bf89c, ker:0xffff940c2c400000, pfn:0x1aac400, nid:1, npages:512]
          cg.C.x-3702  [039]     1.013827: (+1)     sched_stick_numa:     src_pid=3702 src_tgid=3651 src_ngid=3702 src_cpu=39 src_nid=1 dst_pid=0 dst_tgid=0 dst_ngid=0 dst_cpu=-1 dst_nid=-1
          cg.C.x-3696  [027]     1.013827: (+0)     bprint:               __handle_mm_fault: NUMAB MEM ACCESS process[nid:1, cpu:27, pid:3696], folio[virt:0x7efc64df3030, phys:0x185ee43000, pfn:0x185ee43, nid:1, npages:1]
          cg.C.x-3664  [026]     1.013828: (+1)     bprint:               do_huge_pmd_numa_page: NUMAB MEM ACCESS huge page process[nid:0, cpu:26, pid:3664], folio[virt:0x7efc5d203388, ker:0xffff93f2aae00000, pfn:0x12ae00, nid:0, npages:512]
          cg.C.x-3710  [055]     1.013829: (+1)     sched_stick_numa:     src_pid=3710 src_tgid=3651 src_ngid=3698 src_cpu=55 src_nid=1 dst_pid=0 dst_tgid=0 dst_ngid=0 dst_cpu=-1 dst_nid=-1
          cg.C.x-3690  [015]     1.013829: (+0)     bprint:               __handle_mm_fault: NUMAB MEM ACCESS process[nid:1, cpu:15, pid:3690], folio[virt:0x7efc64de5470, phys:0x18558c0000, pfn:0x18558c0, nid:1, npages:1]
          cg.C.x-3704  [043]     1.013830: (+1)     bprint:               do_huge_pmd_numa_page: NUMAB MEM ACCESS huge page process[nid:1, cpu:43, pid:3704], folio[virt:0x7efc62827c88, ker:0xffff940bf7c00000, pfn:0x1a77c00, nid:1, npages:512]
          cg.C.x-3680  [058]     1.013831: (+1)     bprint:               do_huge_pmd_numa_page: NUMAB MEM ACCESS huge page process[nid:0, cpu:58, pid:3680], folio[virt:0x7efc5f4744dc, ker:0xffff93f4caa00000, pfn:0x34aa00, nid:0, npages:512]
          cg.C.x-3687  [009]     1.013832: (+1)     sched_stick_numa:     src_pid=3687 src_tgid=3651 src_ngid=3687 src_cpu=9 src_nid=1 dst_pid=0 dst_tgid=0 dst_ngid=0 dst_cpu=-1 dst_nid=-1
          cg.C.x-3685  [005]     1.013832: (+0)     bprint:               __handle_mm_fault: NUMAB MEM ACCESS process[nid:1, cpu:5, pid:3685], folio[virt:0x7efc64dd9d50, phys:0x185dcd3000, pfn:0x185dcd3, nid:1, npages:1]
          cg.C.x-3711  [057]     1.013833: (+1)     bprint:               do_huge_pmd_numa_page: NUMAB MEM ACCESS huge page process[nid:1, cpu:57, pid:3711], folio[virt:0x7efc63733358, ker:0xffff940be2600000, pfn:0x1a62600, nid:1, npages:512]
          cg.C.x-3707  [049]     1.013835: (+2)     bprint:               do_huge_pmd_numa_page: NUMAB MEM ACCESS huge page process[nid:1, cpu:49, pid:3707], folio[virt:0x7efc62e988a0, ker:0xffff940be2200000, pfn:0x1a62200, nid:1, npages:512]
          cg.C.x-3654  [006]     1.013835: (+0)     bprint:               __handle_mm_fault: NUMAB MEM ACCESS process[nid:0, cpu:6, pid:3654], folio[virt:0x7efc64d92df0, phys:0x326296000, pfn:0x326296, nid:0, npages:1]
          cg.C.x-3697  [029]     1.013836: (+1)     bprint:               do_huge_pmd_numa_page: NUMAB MEM ACCESS huge page process[nid:1, cpu:29, pid:3697], folio[virt:0x7efc6190c0bc, ker:0xffff940c2bc00000, pfn:0x1aabc00, nid:1, npages:512]
          cg.C.x-3674  [046]     1.013838: (+2)     bprint:               do_huge_pmd_numa_page: NUMAB MEM ACCESS huge page process[nid:0, cpu:46, pid:3674], folio[virt:0x7efc5e78f808, ker:0xffff93f4cbe00000, pfn:0x34be00, nid:0, npages:512]
          cg.C.x-3696  [027]     1.013838: (+0)     sched_stick_numa:     src_pid=3696 src_tgid=3651 src_ngid=3687 src_cpu=27 src_nid=1 dst_pid=0 dst_tgid=0 dst_ngid=0 dst_cpu=-1 dst_nid=-1
          cg.C.x-3700  [035]     1.013838: (+0)     bprint:               __handle_mm_fault: NUMAB MEM ACCESS process[nid:1, cpu:35, pid:3700], folio[virt:0x7efc64dfc2ac, phys:0x1854c26000, pfn:0x1854c26, nid:1, npages:1]
          cg.C.x-3658  [014]     1.013839: (+1)     bprint:               do_huge_pmd_numa_page: NUMAB MEM ACCESS huge page process[nid:0, cpu:14, pid:3658], folio[virt:0x7efc5c510640, ker:0xffff93f2aac00000, pfn:0x12ac00, nid:0, npages:512]
          cg.C.x-3709  [053]     1.013841: (+2)     bprint:               do_huge_pmd_numa_page: NUMAB MEM ACCESS huge page process[nid:1, cpu:53, pid:3709], folio[virt:0x7efc632e5c7c, ker:0xffff940bdf800000, pfn:0x1a5f800, nid:1, npages:512]
          cg.C.x-3671  [040]     1.013842: (+1)     bprint:               __handle_mm_fault: NUMAB MEM ACCESS process[nid:0, cpu:40, pid:3671], folio[virt:0x7efc64db9c90, phys:0x13a693000, pfn:0x13a693, nid:0, npages:1]
          cg.C.x-3653  [004]     1.013843: (+1)     bprint:               do_huge_pmd_numa_page: NUMAB MEM ACCESS huge page process[nid:0, cpu:4, pid:3653], folio[virt:0x7efc5ba4eb1c, ker:0xffff93f4bc200000, pfn:0x33c200, nid:0, npages:512]
          cg.C.x-3698  [031]     1.013844: (+1)     bprint:               __handle_mm_fault: NUMAB MEM ACCESS process[nid:1, cpu:31, pid:3698], folio[virt:0x7efc64df7970, phys:0x1856d15000, pfn:0x1856d15, nid:1, npages:1]
          cg.C.x-3702  [039]     1.013845: (+1)     bprint:               do_huge_pmd_numa_page: NUMAB MEM ACCESS huge page process[nid:1, cpu:39, pid:3702], folio[virt:0x7efc623d5af8, ker:0xffff940be4e00000, pfn:0x1a64e00, nid:1, npages:512]
          cg.C.x-3695  [025]     1.013846: (+1)     bprint:               do_huge_pmd_numa_page: NUMAB MEM ACCESS huge page process[nid:1, cpu:25, pid:3695], folio[virt:0x7efc614be1e0, ker:0xffff940be0600000, pfn:0x1a60600, nid:1, npages:512]
          cg.C.x-3669  [036]     1.013847: (+1)     bprint:               __handle_mm_fault: NUMAB MEM ACCESS process[nid:0, cpu:36, pid:3669], folio[virt:0x7efc64db5350, phys:0x123755000, pfn:0x123755, nid:0, npages:1]
          cg.C.x-3710  [055]     1.013848: (+1)     bprint:               do_huge_pmd_numa_page: NUMAB MEM ACCESS huge page process[nid:1, cpu:55, pid:3710], folio[virt:0x7efc635100a8, ker:0xffff940be1000000, pfn:0x1a61000, nid:1, npages:512]
          cg.C.x-3701  [037]     1.013849: (+1)     bprint:               __handle_mm_fault: NUMAB MEM ACCESS process[nid:1, cpu:37, pid:3701], folio[virt:0x7efc64dfe748, phys:0x1866878000, pfn:0x1866878, nid:1, npages:1]
          cg.C.x-3687  [009]     1.013849: (+0)     bprint:               do_huge_pmd_numa_page: NUMAB MEM ACCESS huge page process[nid:1, cpu:9, pid:3687], folio[virt:0x7efc6038a29c, ker:0xffff940b85800000, pfn:0x1a05800, nid:1, npages:512]
          cg.C.x-3700  [035]     1.013850: (+1)     sched_stick_numa:     src_pid=3700 src_tgid=3651 src_ngid=3700 src_cpu=35 src_nid=1 dst_pid=0 dst_tgid=0 dst_ngid=0 dst_cpu=-1 dst_nid=-1
          cg.C.x-3690  [015]     1.013850: (+0)     bprint:               do_huge_pmd_numa_page: NUMAB MEM ACCESS huge page process[nid:1, cpu:15, pid:3690], folio[virt:0x7efc609f9cd4, ker:0xffff940be2c00000, pfn:0x1a62c00, nid:1, npages:512]
          cg.C.x-3692  [019]     1.013851: (+1)     bprint:               __handle_mm_fault: NUMAB MEM ACCESS process[nid:1, cpu:19, pid:3692], folio[virt:0x7efc64de9db0, phys:0x185e507000, pfn:0x185e507, nid:1, npages:1]
          cg.C.x-3685  [005]     1.013852: (+1)     bprint:               do_huge_pmd_numa_page: NUMAB MEM ACCESS huge page process[nid:1, cpu:5, pid:3685], folio[virt:0x7efc5ff38da8, ker:0xffff940b85600000, pfn:0x1a05600, nid:1, npages:512]
          cg.C.x-3682  [062]     1.013853: (+1)     bprint:               __handle_mm_fault: NUMAB MEM ACCESS process[nid:0, cpu:62, pid:3682], folio[virt:0x7efc64dd2f70, phys:0x2fed7b000, pfn:0x2fed7b, nid:0, npages:1]
          cg.C.x-3696  [027]     1.013854: (+1)     bprint:               do_huge_pmd_numa_page: NUMAB MEM ACCESS huge page process[nid:1, cpu:27, pid:3696], folio[virt:0x7efc616e5854, ker:0xffff940bfb000000, pfn:0x1a7b000, nid:1, npages:512]
          cg.C.x-3673  [044]     1.013855: (+1)     bprint:               __handle_mm_fault: NUMAB MEM ACCESS process[nid:0, cpu:44, pid:3673], folio[virt:0x7efc64dbe5d0, phys:0x1136c4000, pfn:0x1136c4, nid:0, npages:1]
          cg.C.x-3698  [031]     1.013855: (+0)     sched_stick_numa:     src_pid=3698 src_tgid=3651 src_ngid=3698 src_cpu=31 src_nid=1 dst_pid=0 dst_tgid=0 dst_ngid=0 dst_cpu=-1 dst_nid=-1
          cg.C.x-3654  [006]     1.013856: (+1)     bprint:               do_huge_pmd_numa_page: NUMAB MEM ACCESS huge page process[nid:0, cpu:6, pid:3654], folio[virt:0x7efc5bc753e4, ker:0xffff93f4e0a00000, pfn:0x360a00, nid:0, npages:512]
          cg.C.x-3671  [040]     1.013857: (+1)     bprint:               do_huge_pmd_numa_page: NUMAB MEM ACCESS huge page process[nid:0, cpu:40, pid:3671], folio[virt:0x7efc5e117454, ker:0xffff93f4bb600000, pfn:0x33b600, nid:0, npages:512]
          cg.C.x-3665  [028]     1.013858: (+1)     bprint:               __handle_mm_fault: NUMAB MEM ACCESS process[nid:0, cpu:28, pid:3665], folio[virt:0x7efc64dac0d0, phys:0x15361f000, pfn:0x15361f, nid:0, npages:1]
          cg.C.x-3700  [035]     1.013859: (+1)     bprint:               do_huge_pmd_numa_page: NUMAB MEM ACCESS huge page process[nid:1, cpu:35, pid:3700], folio[virt:0x7efc61f7dfa4, ker:0xffff940bdfc00000, pfn:0x1a5fc00, nid:1, npages:512]
          cg.C.x-3701  [037]     1.013860: (+1)     sched_stick_numa:     src_pid=3701 src_tgid=3651 src_ngid=3704 src_cpu=37 src_nid=1 dst_pid=0 dst_tgid=0 dst_ngid=0 dst_cpu=-1 dst_nid=-1
          cg.C.x-3691  [017]     1.013861: (+1)     bprint:               __handle_mm_fault: NUMAB MEM ACCESS process[nid:1, cpu:17, pid:3691], folio[virt:0x7efc64de7910, phys:0x185e47c000, pfn:0x185e47c, nid:1, npages:1]
          cg.C.x-3669  [036]     1.013861: (+0)     bprint:               do_huge_pmd_numa_page: NUMAB MEM ACCESS huge page process[nid:0, cpu:36, pid:3669], folio[virt:0x7efc5dcce4b0, ker:0xffff93f4e0e00000, pfn:0x360e00, nid:0, npages:512]
          cg.C.x-3682  [062]     1.013862: (+1)     bprint:               do_huge_pmd_numa_page: NUMAB MEM ACCESS huge page process[nid:0, cpu:62, pid:3682], folio[virt:0x7efc5f8c63b8, ker:0xffff93f4ba200000, pfn:0x33a200, nid:0, npages:512]
          cg.C.x-3686  [007]     1.013863: (+1)     bprint:               __handle_mm_fault: NUMAB MEM ACCESS process[nid:1, cpu:7, pid:3686], folio[virt:0x7efc64ddc1f0, phys:0x186497b000, pfn:0x186497b, nid:1, npages:1]
          cg.C.x-3698  [031]     1.013864: (+1)     bprint:               do_huge_pmd_numa_page: NUMAB MEM ACCESS huge page process[nid:1, cpu:31, pid:3698], folio[virt:0x7efc61b33f20, ker:0xffff940b86000000, pfn:0x1a06000, nid:1, npages:512]
          cg.C.x-3692  [019]     1.013866: (+2)     bprint:               do_huge_pmd_numa_page: NUMAB MEM ACCESS huge page process[nid:1, cpu:19, pid:3692], folio[virt:0x7efc60e4d2f8, ker:0xffff940bf8000000, pfn:0x1a78000, nid:1, npages:512]
          cg.C.x-3676  [050]     1.013866: (+0)     bprint:               __handle_mm_fault: NUMAB MEM ACCESS process[nid:0, cpu:50, pid:3676], folio[virt:0x7efc64dc53b0, phys:0x1227c8000, pfn:0x1227c8, nid:0, npages:1]
          cg.C.x-3701  [037]     1.013867: (+1)     bprint:               do_huge_pmd_numa_page: NUMAB MEM ACCESS huge page process[nid:1, cpu:37, pid:3701], folio[virt:0x7efc621a8074, ker:0xffff940b86400000, pfn:0x1a06400, nid:1, npages:512]
          cg.C.x-3673  [044]     1.013869: (+2)     bprint:               do_huge_pmd_numa_page: NUMAB MEM ACCESS huge page process[nid:0, cpu:44, pid:3673], folio[virt:0x7efc5e568598, ker:0xffff93f48e600000, pfn:0x30e600, nid:0, npages:512]
          cg.C.x-3663  [024]     1.013869: (+0)     bprint:               __handle_mm_fault: NUMAB MEM ACCESS process[nid:0, cpu:24, pid:3663], folio[virt:0x7efc64da7790, phys:0x110c65000, pfn:0x110c65, nid:0, npages:1]
          cg.C.x-3665  [028]     1.013871: (+2)     bprint:               do_huge_pmd_numa_page: NUMAB MEM ACCESS huge page process[nid:0, cpu:28, pid:3665], folio[virt:0x7efc5d42f824, ker:0xffff93f29b400000, pfn:0x11b400, nid:0, npages:512]
          cg.C.x-3679  [056]     1.013872: (+1)     bprint:               __handle_mm_fault: NUMAB MEM ACCESS process[nid:0, cpu:56, pid:3679], folio[virt:0x7efc64dcc190, phys:0x12338d000, pfn:0x12338d, nid:0, npages:1]
          cg.C.x-3691  [017]     1.013872: (+0)     bprint:               do_huge_pmd_numa_page: NUMAB MEM ACCESS huge page process[nid:1, cpu:17, pid:3691], folio[virt:0x7efc60c25254, ker:0xffff940b85c00000, pfn:0x1a05c00, nid:1, npages:512]
          cg.C.x-3686  [007]     1.013873: (+1)     sched_stick_numa:     src_pid=3686 src_tgid=3651 src_ngid=3687 src_cpu=7 src_nid=1 dst_pid=0 dst_tgid=0 dst_ngid=0 dst_cpu=-1 dst_nid=-1
          cg.C.x-3660  [018]     1.013875: (+2)     bprint:               __handle_mm_fault: NUMAB MEM ACCESS process[nid:0, cpu:18, pid:3660], folio[virt:0x7efc64da09b0, phys:0x11051b000, pfn:0x11051b, nid:0, npages:1]
          cg.C.x-3684  [003]     1.013878: (+3)     bprint:               __handle_mm_fault: NUMAB MEM ACCESS process[nid:1, cpu:3, pid:3684], folio[virt:0x7efc64dd78b0, phys:0x18575b3000, pfn:0x18575b3, nid:1, npages:1]
          cg.C.x-3676  [050]     1.013878: (+0)     bprint:               do_huge_pmd_numa_page: NUMAB MEM ACCESS huge page process[nid:0, cpu:50, pid:3676], folio[virt:0x7efc5ebd7c40, ker:0xffff93f510e00000, pfn:0x390e00, nid:0, npages:512]
          cg.C.x-3686  [007]     1.013879: (+1)     bprint:               do_huge_pmd_numa_page: NUMAB MEM ACCESS huge page process[nid:1, cpu:7, pid:3686], folio[virt:0x7efc601618e8, ker:0xffff940b84000000, pfn:0x1a04000, nid:1, npages:512]
          cg.C.x-3666  [030]     1.013880: (+1)     bprint:               __handle_mm_fault: NUMAB MEM ACCESS process[nid:0, cpu:30, pid:3666], folio[virt:0x7efc64dae570, phys:0x29fd3b000, pfn:0x29fd3b, nid:0, npages:1]
          cg.C.x-3679  [056]     1.013882: (+2)     bprint:               do_huge_pmd_numa_page: NUMAB MEM ACCESS huge page process[nid:0, cpu:56, pid:3679], folio[virt:0x7efc5f24db24, ker:0xffff93f47e800000, pfn:0x2fe800, nid:0, npages:512]
          cg.C.x-3693  [021]     1.013883: (+1)     bprint:               __handle_mm_fault: NUMAB MEM ACCESS process[nid:1, cpu:21, pid:3693], folio[virt:0x7efc64dec250, phys:0x1855f07000, pfn:0x1855f07, nid:1, npages:1]
          cg.C.x-3663  [024]     1.013883: (+0)     bprint:               do_huge_pmd_numa_page: NUMAB MEM ACCESS huge page process[nid:0, cpu:24, pid:3663], folio[virt:0x7efc5cfd8e18, ker:0xffff93f4cca00000, pfn:0x34ca00, nid:0, npages:512]
          cg.C.x-3660  [018]     1.013884: (+1)     bprint:               do_huge_pmd_numa_page: NUMAB MEM ACCESS huge page process[nid:0, cpu:18, pid:3660], folio[virt:0x7efc5c961088, ker:0xffff93f2c2200000, pfn:0x142200, nid:0, npages:512]
          cg.C.x-3651  [000]     1.013886: (+2)     bprint:               __handle_mm_fault: NUMAB MEM ACCESS process[nid:0, cpu:0, pid:3651], folio[virt:0x7efc64d8c010, phys:0x13a8c6000, pfn:0x13a8c6, nid:0, npages:1]
          cg.C.x-3703  [041]     1.013887: (+1)     bprint:               do_huge_pmd_numa_page: NUMAB MEM ACCESS huge page process[nid:1, cpu:41, pid:3703], folio[virt:0x7efc62600000, ker:0xffff940a73c00000, pfn:0x18f3c00, nid:1, npages:512]
          cg.C.x-3684  [003]     1.013888: (+1)     sched_stick_numa:     src_pid=3684 src_tgid=3651 src_ngid=3684 src_cpu=3 src_nid=1 dst_pid=0 dst_tgid=0 dst_ngid=0 dst_cpu=-1 dst_nid=-1
          cg.C.x-3694  [023]     1.013889: (+1)     bprint:               __handle_mm_fault: NUMAB MEM ACCESS process[nid:1, cpu:23, pid:3694], folio[virt:0x7efc64dee6f0, phys:0x1864820000, pfn:0x1864820, nid:1, npages:1]
          cg.C.x-3681  [060]     1.013891: (+2)     bprint:               __handle_mm_fault: NUMAB MEM ACCESS process[nid:0, cpu:60, pid:3681], folio[virt:0x7efc64dd0ad0, phys:0x13a684000, pfn:0x13a684, nid:0, npages:1]
          cg.C.x-3666  [030]     1.013891: (+0)     bprint:               do_huge_pmd_numa_page: NUMAB MEM ACCESS huge page process[nid:0, cpu:30, pid:3666], folio[virt:0x7efc5d6593b0, ker:0xffff93f48d200000, pfn:0x30d200, nid:0, npages:512]
          cg.C.x-3693  [021]     1.013893: (+2)     bprint:               do_huge_pmd_numa_page: NUMAB MEM ACCESS huge page process[nid:1, cpu:21, pid:3693], folio[virt:0x7efc610724dc, ker:0xffff940be2800000, pfn:0x1a62800, nid:1, npages:512]
          cg.C.x-3655  [008]     1.013893: (+0)     bprint:               __handle_mm_fault: NUMAB MEM ACCESS process[nid:0, cpu:8, pid:3655], folio[virt:0x7efc64d95290, phys:0x114662000, pfn:0x114662, nid:0, npages:1]
          cg.C.x-3684  [003]     1.013894: (+1)     bprint:               do_huge_pmd_numa_page: NUMAB MEM ACCESS huge page process[nid:1, cpu:3, pid:3684], folio[virt:0x7efc5fd12970, ker:0xffff9409f7c00000, pfn:0x1877c00, nid:1, npages:512]
          cg.C.x-3672  [042]     1.013896: (+2)     bprint:               __handle_mm_fault: NUMAB MEM ACCESS process[nid:0, cpu:42, pid:3672], folio[virt:0x7efc64dbc130, phys:0x1395b6000, pfn:0x1395b6, nid:0, npages:1]
          cg.C.x-3651  [000]     1.013897: (+1)     bprint:               do_huge_pmd_numa_page: NUMAB MEM ACCESS huge page process[nid:0, cpu:0, pid:3651], folio[virt:0x7efc5b600010, ker:0xffff93f4a4e00000, pfn:0x324e00, nid:0, npages:512]
          cg.C.x-3668  [034]     1.013898: (+1)     bprint:               __handle_mm_fault: NUMAB MEM ACCESS process[nid:0, cpu:34, pid:3668], folio[virt:0x7efc64db2eb0, phys:0x29fd28000, pfn:0x29fd28, nid:0, npages:1]
          cg.C.x-3694  [023]     1.013899: (+1)     bprint:               do_huge_pmd_numa_page: NUMAB MEM ACCESS huge page process[nid:1, cpu:23, pid:3694], folio[virt:0x7efc612995f0, ker:0xffff940c2ac00000, pfn:0x1aaac00, nid:1, npages:512]
          cg.C.x-3652  [002]     1.013900: (+1)     bprint:               __handle_mm_fault: NUMAB MEM ACCESS process[nid:0, cpu:2, pid:3652], folio[virt:0x7efc64d8e4b0, phys:0x13a9d1000, pfn:0x13a9d1, nid:0, npages:1]
          cg.C.x-3677  [052]     1.013900: (+0)     bprint:               do_huge_pmd_numa_page: NUMAB MEM ACCESS huge page process[nid:0, cpu:52, pid:3677], folio[virt:0x7efc5ee00000, ker:0xffff93f4cba00000, pfn:0x34ba00, nid:0, npages:512]
          cg.C.x-3681  [060]     1.013902: (+2)     bprint:               do_huge_pmd_numa_page: NUMAB MEM ACCESS huge page process[nid:0, cpu:60, pid:3681], folio[virt:0x7efc5f69b7b8, ker:0xffff93f4e2e00000, pfn:0x362e00, nid:0, npages:512]
          cg.C.x-3667  [032]     1.013902: (+0)     bprint:               __handle_mm_fault: NUMAB MEM ACCESS process[nid:0, cpu:32, pid:3667], folio[virt:0x7efc64db0a10, phys:0x12312d000, pfn:0x12312d, nid:0, npages:1]
          cg.C.x-3655  [008]     1.013903: (+1)     bprint:               do_huge_pmd_numa_page: NUMAB MEM ACCESS huge page process[nid:0, cpu:8, pid:3655], folio[virt:0x7efc5be9c2a4, ker:0xffff93f44f200000, pfn:0x2cf200, nid:0, npages:512]
          cg.C.x-3672  [042]     1.013904: (+1)     bprint:               do_huge_pmd_numa_page: NUMAB MEM ACCESS huge page process[nid:0, cpu:42, pid:3672], folio[virt:0x7efc5e33e9f8, ker:0xffff93f4a3c00000, pfn:0x323c00, nid:0, npages:512]
          cg.C.x-3657  [012]     1.013904: (+0)     bprint:               __handle_mm_fault: NUMAB MEM ACCESS process[nid:0, cpu:12, pid:3657], folio[virt:0x7efc64d99bd0, phys:0x110639000, pfn:0x110639, nid:0, npages:1]
          cg.C.x-3662  [022]     1.013907: (+3)     bprint:               __handle_mm_fault: NUMAB MEM ACCESS process[nid:0, cpu:22, pid:3662], folio[virt:0x7efc64da52f0, phys:0x3780d4000, pfn:0x3780d4, nid:0, npages:1]
          cg.C.x-3652  [002]     1.013909: (+2)     bprint:               do_huge_pmd_numa_page: NUMAB MEM ACCESS huge page process[nid:0, cpu:2, pid:3652], folio[virt:0x7efc5b828f38, ker:0xffff93f48ce00000, pfn:0x30ce00, nid:0, npages:512]
          cg.C.x-3678  [054]     1.013909: (+0)     bprint:               __handle_mm_fault: NUMAB MEM ACCESS process[nid:0, cpu:54, pid:3678], folio[virt:0x7efc64dc9cf0, phys:0x13b2e5000, pfn:0x13b2e5, nid:0, npages:1]
          cg.C.x-3668  [034]     1.013910: (+1)     bprint:               do_huge_pmd_numa_page: NUMAB MEM ACCESS huge page process[nid:0, cpu:34, pid:3668], folio[virt:0x7efc5daa5f58, ker:0xffff93f4c9a00000, pfn:0x349a00, nid:0, npages:512]
          cg.C.x-3689  [013]     1.013911: (+1)     bprint:               __handle_mm_fault: NUMAB MEM ACCESS process[nid:1, cpu:13, pid:3689], folio[virt:0x7efc64de3000, phys:0x186cbe4000, pfn:0x186cbe4, nid:1, npages:1]
          cg.C.x-3667  [032]     1.013911: (+0)     bprint:               do_huge_pmd_numa_page: NUMAB MEM ACCESS huge page process[nid:0, cpu:32, pid:3667], folio[virt:0x7efc5d882fd0, ker:0xffff93f304600000, pfn:0x184600, nid:0, npages:512]
          cg.C.x-3657  [012]     1.013913: (+2)     bprint:               do_huge_pmd_numa_page: NUMAB MEM ACCESS huge page process[nid:0, cpu:12, pid:3657], folio[virt:0x7efc5c2e9428, ker:0xffff93f4b8a00000, pfn:0x338a00, nid:0, npages:512]
          cg.C.x-3662  [022]     1.013918: (+5)     bprint:               do_huge_pmd_numa_page: NUMAB MEM ACCESS huge page process[nid:0, cpu:22, pid:3662], folio[virt:0x7efc5cdb162c, ker:0xffff93f4b9200000, pfn:0x339200, nid:0, npages:512]
          cg.C.x-3678  [054]     1.013919: (+1)     bprint:               do_huge_pmd_numa_page: NUMAB MEM ACCESS huge page process[nid:0, cpu:54, pid:3678], folio[virt:0x7efc5f023c90, ker:0xffff93f47f600000, pfn:0x2ff600, nid:0, npages:512]
          cg.C.x-3690  [015]     1.013925: (+6)     bprint:               do_huge_pmd_numa_page: NUMAB MEM ACCESS huge page process[nid:1, cpu:15, pid:3690], folio[virt:0x7efc60a00000, ker:0xffff940b83000000, pfn:0x1a03000, nid:1, npages:512]
          cg.C.x-3682  [062]     1.013955: (+30)    bprint:               __handle_mm_fault: NUMAB MEM ACCESS process[nid:0, cpu:62, pid:3682], folio[virt:0x7efc64dd3000, phys:0x2fed7c000, pfn:0x2fed7c, nid:0, npages:1]
          cg.C.x-3675  [048]     1.013969: (+14)    bprint:               __handle_mm_fault: NUMAB MEM ACCESS process[nid:0, cpu:48, pid:3675], folio[virt:0x7efc64dc3000, phys:0x1204ad000, pfn:0x1204ad, nid:0, npages:1]
          cg.C.x-3713  [061]     1.014023: (+54)    bprint:               __handle_mm_fault: NUMAB MEM ACCESS process[nid:1, cpu:61, pid:3713], folio[virt:0x7efc64e1a000, phys:0x185e89e000, pfn:0x185e89e, nid:1, npages:1]
          cg.C.x-3706  [047]     1.014050: (+27)    bprint:               __handle_mm_fault: NUMAB MEM ACCESS process[nid:1, cpu:47, pid:3706], folio[virt:0x7efc64e0a000, phys:0x185763c000, pfn:0x185763c, nid:1, npages:1]
          cg.C.x-3661  [020]     1.014051: (+1)     bprint:               __handle_mm_fault: NUMAB MEM ACCESS process[nid:0, cpu:20, pid:3661], folio[virt:0x7efc64da3000, phys:0x121752000, pfn:0x121752, nid:0, npages:1]
          cg.C.x-3668  [034]     1.014070: (+19)    bprint:               __handle_mm_fault: NUMAB MEM ACCESS process[nid:0, cpu:34, pid:3668], folio[virt:0x7efc64db3000, phys:0x1109a9000, pfn:0x1109a9, nid:0, npages:1]
          cg.C.x-3699  [033]     1.014087: (+17)    bprint:               __handle_mm_fault: NUMAB MEM ACCESS process[nid:1, cpu:33, pid:3699], folio[virt:0x7efc64dfa000, phys:0x186d6ec000, pfn:0x186d6ec, nid:1, npages:1]
          cg.C.x-3654  [006]     1.014118: (+31)    bprint:               __handle_mm_fault: NUMAB MEM ACCESS process[nid:0, cpu:6, pid:3654], folio[virt:0x7efc64d93000, phys:0x1137a7000, pfn:0x1137a7, nid:0, npages:1]
          cg.C.x-3692  [019]     1.014141: (+23)    bprint:               __handle_mm_fault: NUMAB MEM ACCESS process[nid:1, cpu:19, pid:3692], folio[virt:0x7efc64dea000, phys:0x18901ef000, pfn:0x18901ef, nid:1, npages:1]
          cg.C.x-3685  [005]     1.014157: (+16)    bprint:               __handle_mm_fault: NUMAB MEM ACCESS process[nid:1, cpu:5, pid:3685], folio[virt:0x7efc64dda000, phys:0x185ea3b000, pfn:0x185ea3b, nid:1, npages:1]
          cg.C.x-3663  [024]     1.014179: (+22)    bprint:               do_huge_pmd_numa_page: NUMAB MEM ACCESS huge page process[nid:0, cpu:24, pid:3663], folio[virt:0x7efc5d000000, ker:0xffff93f4bba00000, pfn:0x33ba00, nid:0, npages:512]
          cg.C.x-3678  [054]     1.014256: (+77)    bprint:               __handle_mm_fault: NUMAB MEM ACCESS process[nid:0, cpu:54, pid:3678], folio[virt:0x7efc64dca000, phys:0x113d8a000, pfn:0x113d8a, nid:0, npages:1]
          cg.C.x-3671  [040]     1.014259: (+3)     bprint:               __handle_mm_fault: NUMAB MEM ACCESS process[nid:0, cpu:40, pid:3671], folio[virt:0x7efc64dba000, phys:0x29fd60000, pfn:0x29fd60, nid:0, npages:1]
          cg.C.x-3709  [053]     1.014277: (+18)    bprint:               __handle_mm_fault: NUMAB MEM ACCESS process[nid:1, cpu:53, pid:3709], folio[virt:0x7efc64e11000, phys:0x18901d1000, pfn:0x18901d1, nid:1, npages:1]
          cg.C.x-3664  [026]     1.014283: (+6)     bprint:               __handle_mm_fault: NUMAB MEM ACCESS process[nid:0, cpu:26, pid:3664], folio[virt:0x7efc64daa000, phys:0x2fec00000, pfn:0x2fec00, nid:0, npages:1]
          cg.C.x-3702  [039]     1.014326: (+43)    bprint:               __handle_mm_fault: NUMAB MEM ACCESS process[nid:1, cpu:39, pid:3702], folio[virt:0x7efc64e01000, phys:0x186d617000, pfn:0x186d617, nid:1, npages:1]
          cg.C.x-3695  [025]     1.014341: (+15)    bprint:               __handle_mm_fault: NUMAB MEM ACCESS process[nid:1, cpu:25, pid:3695], folio[virt:0x7efc64df1000, phys:0x185e2c2000, pfn:0x185e2c2, nid:1, npages:1]
          cg.C.x-3657  [012]     1.014347: (+6)     bprint:               __handle_mm_fault: NUMAB MEM ACCESS process[nid:0, cpu:12, pid:3657], folio[virt:0x7efc64d9a000, phys:0x110a6d000, pfn:0x110a6d, nid:0, npages:1]
          cg.C.x-3688  [011]     1.014367: (+20)    bprint:               __handle_mm_fault: NUMAB MEM ACCESS process[nid:1, cpu:11, pid:3688], folio[virt:0x7efc64de1000, phys:0x1868127000, pfn:0x1868127, nid:1, npages:1]
          cg.C.x-3674  [046]     1.014429: (+62)    bprint:               __handle_mm_fault: NUMAB MEM ACCESS process[nid:0, cpu:46, pid:3674], folio[virt:0x7efc64dc1000, phys:0x12160e000, pfn:0x12160e, nid:0, npages:1]
          cg.C.x-3681  [060]     1.014452: (+23)    bprint:               __handle_mm_fault: NUMAB MEM ACCESS process[nid:0, cpu:60, pid:3681], folio[virt:0x7efc64dd1000, phys:0x13a664000, pfn:0x13a664, nid:0, npages:1]
          cg.C.x-3714  [063]     1.014462: (+10)    bprint:               do_huge_pmd_numa_page: NUMAB MEM ACCESS huge page process[nid:1, cpu:63, pid:3714], folio[virt:0x7efc63e00000, ker:0xffff940bbb400000, pfn:0x1a3b400, nid:1, npages:512]
          cg.C.x-3705  [045]     1.014523: (+61)    bprint:               __handle_mm_fault: NUMAB MEM ACCESS process[nid:1, cpu:45, pid:3705], folio[virt:0x7efc64e08000, phys:0x185ddf9000, pfn:0x185ddf9, nid:1, npages:1]
          cg.C.x-3712  [059]     1.014526: (+3)     bprint:               __handle_mm_fault: NUMAB MEM ACCESS process[nid:1, cpu:59, pid:3712], folio[virt:0x7efc64e18000, phys:0x185fd74000, pfn:0x185fd74, nid:1, npages:1]
          cg.C.x-3667  [032]     1.014537: (+11)    bprint:               __handle_mm_fault: NUMAB MEM ACCESS process[nid:0, cpu:32, pid:3667], folio[virt:0x7efc64db1000, phys:0x110c74000, pfn:0x110c74, nid:0, npages:1]
          cg.C.x-3698  [031]     1.014571: (+34)    bprint:               __handle_mm_fault: NUMAB MEM ACCESS process[nid:1, cpu:31, pid:3698], folio[virt:0x7efc64df8000, phys:0x185de7f000, pfn:0x185de7f, nid:1, npages:1]
          cg.C.x-3660  [018]     1.014580: (+9)     bprint:               __handle_mm_fault: NUMAB MEM ACCESS process[nid:0, cpu:18, pid:3660], folio[virt:0x7efc64da1000, phys:0x139f28000, pfn:0x139f28, nid:0, npages:1]
          cg.C.x-3653  [004]     1.014589: (+9)     bprint:               __handle_mm_fault: NUMAB MEM ACCESS process[nid:0, cpu:4, pid:3653], folio[virt:0x7efc64d91000, phys:0x123006000, pfn:0x123006, nid:0, npages:1]
          cg.C.x-3691  [017]     1.014615: (+26)    bprint:               __handle_mm_fault: NUMAB MEM ACCESS process[nid:1, cpu:17, pid:3691], folio[virt:0x7efc64de8000, phys:0x185e47b000, pfn:0x185e47b, nid:1, npages:1]
          cg.C.x-3677  [052]     1.014638: (+23)    bprint:               __handle_mm_fault: NUMAB MEM ACCESS process[nid:0, cpu:52, pid:3677], folio[virt:0x7efc64dc8000, phys:0x113512000, pfn:0x113512, nid:0, npages:1]
          cg.C.x-3684  [003]     1.014686: (+48)    bprint:               __handle_mm_fault: NUMAB MEM ACCESS process[nid:1, cpu:3, pid:3684], folio[virt:0x7efc64dd8000, phys:0x185ee60000, pfn:0x185ee60, nid:1, npages:1]
          cg.C.x-3670  [038]     1.014711: (+25)    bprint:               __handle_mm_fault: NUMAB MEM ACCESS process[nid:0, cpu:38, pid:3670], folio[virt:0x7efc64db8000, phys:0x29f766000, pfn:0x29f766, nid:0, npages:1]
          cg.C.x-3708  [051]     1.014733: (+22)    bprint:               __handle_mm_fault: NUMAB MEM ACCESS process[nid:1, cpu:51, pid:3708], folio[virt:0x7efc64e0f000, phys:0x1858444000, pfn:0x1858444, nid:1, npages:1]
          cg.C.x-3663  [024]     1.014768: (+35)    bprint:               __handle_mm_fault: NUMAB MEM ACCESS process[nid:0, cpu:24, pid:3663], folio[virt:0x7efc64da8000, phys:0x29ff9e000, pfn:0x29ff9e, nid:0, npages:1]
          cg.C.x-3656  [010]     1.014781: (+13)    bprint:               __handle_mm_fault: NUMAB MEM ACCESS process[nid:0, cpu:10, pid:3656], folio[virt:0x7efc64d98000, phys:0x32452f000, pfn:0x32452f, nid:0, npages:1]
          cg.C.x-3701  [037]     1.014807: (+26)    bprint:               __handle_mm_fault: NUMAB MEM ACCESS process[nid:1, cpu:37, pid:3701], folio[virt:0x7efc64dff000, phys:0x185e69b000, pfn:0x185e69b, nid:1, npages:1]
          cg.C.x-3694  [023]     1.014832: (+25)    bprint:               __handle_mm_fault: NUMAB MEM ACCESS process[nid:1, cpu:23, pid:3694], folio[virt:0x7efc64def000, phys:0x1866cb8000, pfn:0x1866cb8, nid:1, npages:1]
          cg.C.x-3687  [009]     1.014845: (+13)    bprint:               __handle_mm_fault: NUMAB MEM ACCESS process[nid:1, cpu:9, pid:3687], folio[virt:0x7efc64ddf000, phys:0x1867617000, pfn:0x1867617, nid:1, npages:1]
          cg.C.x-3680  [058]     1.014919: (+74)    bprint:               __handle_mm_fault: NUMAB MEM ACCESS process[nid:0, cpu:58, pid:3680], folio[virt:0x7efc64dcf000, phys:0x139c1c000, pfn:0x139c1c, nid:0, npages:1]
          cg.C.x-3711  [057]     1.014943: (+24)    bprint:               __handle_mm_fault: NUMAB MEM ACCESS process[nid:1, cpu:57, pid:3711], folio[virt:0x7efc64e16000, phys:0x18558e8000, pfn:0x18558e8, nid:1, npages:1]
          cg.C.x-3673  [044]     1.014960: (+17)    bprint:               __handle_mm_fault: NUMAB MEM ACCESS process[nid:0, cpu:44, pid:3673], folio[virt:0x7efc64dbf000, phys:0x1502f0000, pfn:0x1502f0, nid:0, npages:1]
          cg.C.x-3666  [030]     1.014972: (+12)    bprint:               __handle_mm_fault: NUMAB MEM ACCESS process[nid:0, cpu:30, pid:3666], folio[virt:0x7efc64daf000, phys:0x3263b2000, pfn:0x3263b2, nid:0, npages:1]
          cg.C.x-3704  [043]     1.014992: (+20)    bprint:               __handle_mm_fault: NUMAB MEM ACCESS process[nid:1, cpu:43, pid:3704], folio[virt:0x7efc64e06000, phys:0x186cdf4000, pfn:0x186cdf4, nid:1, npages:1]
          cg.C.x-3697  [029]     1.015001: (+9)     bprint:               __handle_mm_fault: NUMAB MEM ACCESS process[nid:1, cpu:29, pid:3697], folio[virt:0x7efc64df6000, phys:0x1866c09000, pfn:0x1866c09, nid:1, npages:1]
          cg.C.x-3659  [016]     1.015019: (+18)    bprint:               __handle_mm_fault: NUMAB MEM ACCESS process[nid:0, cpu:16, pid:3659], folio[virt:0x7efc64d9f000, phys:0x11098c000, pfn:0x11098c, nid:0, npages:1]
          cg.C.x-3652  [002]     1.015038: (+19)    bprint:               __handle_mm_fault: NUMAB MEM ACCESS process[nid:0, cpu:2, pid:3652], folio[virt:0x7efc64d8f000, phys:0x13a9d2000, pfn:0x13a9d2, nid:0, npages:1]
          cg.C.x-3690  [015]     1.015046: (+8)     bprint:               __handle_mm_fault: NUMAB MEM ACCESS process[nid:1, cpu:15, pid:3690], folio[virt:0x7efc64de6000, phys:0x18676d7000, pfn:0x18676d7, nid:1, npages:1]
          cg.C.x-3683  [001]     1.015144: (+98)    bprint:               __handle_mm_fault: NUMAB MEM ACCESS process[nid:1, cpu:1, pid:3683], folio[virt:0x7efc64dd6000, phys:0x1857997000, pfn:0x1857997, nid:1, npages:1]
          cg.C.x-3714  [063]     1.015153: (+9)     bprint:               __handle_mm_fault: NUMAB MEM ACCESS process[nid:1, cpu:63, pid:3714], folio[virt:0x7efc64e1d000, phys:0x186d6b8000, pfn:0x186d6b8, nid:1, npages:1]
          cg.C.x-3669  [036]     1.015166: (+13)    bprint:               __handle_mm_fault: NUMAB MEM ACCESS process[nid:0, cpu:36, pid:3669], folio[virt:0x7efc64db6000, phys:0x13a101000, pfn:0x13a101, nid:0, npages:1]
          cg.C.x-3676  [050]     1.015178: (+12)    bprint:               __handle_mm_fault: NUMAB MEM ACCESS process[nid:0, cpu:50, pid:3676], folio[virt:0x7efc64dc6000, phys:0x121713000, pfn:0x121713, nid:0, npages:1]
          cg.C.x-3707  [049]     1.015211: (+33)    bprint:               __handle_mm_fault: NUMAB MEM ACCESS process[nid:1, cpu:49, pid:3707], folio[virt:0x7efc64e0d000, phys:0x1855aa0000, pfn:0x1855aa0, nid:1, npages:1]
          cg.C.x-3662  [022]     1.015218: (+7)     bprint:               __handle_mm_fault: NUMAB MEM ACCESS process[nid:0, cpu:22, pid:3662], folio[virt:0x7efc64da6000, phys:0x153717000, pfn:0x153717, nid:0, npages:1]
          cg.C.x-3700  [035]     1.015285: (+67)    bprint:               __handle_mm_fault: NUMAB MEM ACCESS process[nid:1, cpu:35, pid:3700], folio[virt:0x7efc64dfd000, phys:0x185dc81000, pfn:0x185dc81, nid:1, npages:1]
          cg.C.x-3655  [008]     1.015292: (+7)     bprint:               __handle_mm_fault: NUMAB MEM ACCESS process[nid:0, cpu:8, pid:3655], folio[virt:0x7efc64d96000, phys:0x29ffa4000, pfn:0x29ffa4, nid:0, npages:1]
          cg.C.x-3693  [021]     1.015311: (+19)    bprint:               __handle_mm_fault: NUMAB MEM ACCESS process[nid:1, cpu:21, pid:3693], folio[virt:0x7efc64ded000, phys:0x1855f04000, pfn:0x1855f04, nid:1, npages:1]
          cg.C.x-3679  [056]     1.015326: (+15)    bprint:               __handle_mm_fault: NUMAB MEM ACCESS process[nid:0, cpu:56, pid:3679], folio[virt:0x7efc64dcd000, phys:0x139c5f000, pfn:0x139c5f, nid:0, npages:1]
          cg.C.x-3686  [007]     1.015378: (+52)    bprint:               __handle_mm_fault: NUMAB MEM ACCESS process[nid:1, cpu:7, pid:3686], folio[virt:0x7efc64ddd000, phys:0x1864978000, pfn:0x1864978, nid:1, npages:1]
          cg.C.x-3672  [042]     1.015388: (+10)    bprint:               __handle_mm_fault: NUMAB MEM ACCESS process[nid:0, cpu:42, pid:3672], folio[virt:0x7efc64dbd000, phys:0x13b2c8000, pfn:0x13b2c8, nid:0, npages:1]
          cg.C.x-3665  [028]     1.015427: (+39)    bprint:               __handle_mm_fault: NUMAB MEM ACCESS process[nid:0, cpu:28, pid:3665], folio[virt:0x7efc64dad000, phys:0x153ad8000, pfn:0x153ad8, nid:0, npages:1]
          cg.C.x-3703  [041]     1.015433: (+6)     bprint:               __handle_mm_fault: NUMAB MEM ACCESS process[nid:1, cpu:41, pid:3703], folio[virt:0x7efc64e04000, phys:0x185f1e6000, pfn:0x185f1e6, nid:1, npages:1]
          cg.C.x-3658  [014]     1.015457: (+24)    bprint:               __handle_mm_fault: NUMAB MEM ACCESS process[nid:0, cpu:14, pid:3658], folio[virt:0x7efc64d9d000, phys:0x29fda3000, pfn:0x29fda3, nid:0, npages:1]
          cg.C.x-3696  [027]     1.015470: (+13)    bprint:               __handle_mm_fault: NUMAB MEM ACCESS process[nid:1, cpu:27, pid:3696], folio[virt:0x7efc64df4000, phys:0x185e2ad000, pfn:0x185e2ad, nid:1, npages:1]
          cg.C.x-3710  [055]     1.015481: (+11)    bprint:               __handle_mm_fault: NUMAB MEM ACCESS process[nid:1, cpu:55, pid:3710], folio[virt:0x7efc64e14000, phys:0x185f036000, pfn:0x185f036, nid:1, npages:1]
          cg.C.x-3651  [000]     1.015545: (+64)    bprint:               __handle_mm_fault: NUMAB MEM ACCESS process[nid:0, cpu:0, pid:3651], folio[virt:0x7efc64d8d000, phys:0x153639000, pfn:0x153639, nid:0, npages:1]
          cg.C.x-3689  [013]     1.015568: (+23)    bprint:               __handle_mm_fault: NUMAB MEM ACCESS process[nid:1, cpu:13, pid:3689], folio[virt:0x7efc64de4000, phys:0x186485e000, pfn:0x186485e, nid:1, npages:1]
          cg.C.x-3675  [048]     1.015590: (+22)    bprint:               __handle_mm_fault: NUMAB MEM ACCESS process[nid:0, cpu:48, pid:3675], folio[virt:0x7efc64dc4000, phys:0x15023c000, pfn:0x15023c, nid:0, npages:1]
          cg.C.x-3682  [062]     1.015598: (+8)     bprint:               __handle_mm_fault: NUMAB MEM ACCESS process[nid:0, cpu:62, pid:3682], folio[virt:0x7efc64dd4000, phys:0x2fed7d000, pfn:0x2fed7d, nid:0, npages:1]
          cg.C.x-3661  [020]     1.015642: (+44)    bprint:               __handle_mm_fault: NUMAB MEM ACCESS process[nid:0, cpu:20, pid:3661], folio[virt:0x7efc64da4000, phys:0x1538ff000, pfn:0x1538ff, nid:0, npages:1]
          cg.C.x-3713  [061]     1.015664: (+22)    bprint:               __handle_mm_fault: NUMAB MEM ACCESS process[nid:1, cpu:61, pid:3713], folio[virt:0x7efc64e1b000, phys:0x186d5cb000, pfn:0x186d5cb, nid:1, npages:1]
          cg.C.x-3706  [047]     1.015695: (+31)    bprint:               __handle_mm_fault: NUMAB MEM ACCESS process[nid:1, cpu:47, pid:3706], folio[virt:0x7efc64e0b000, phys:0x185f237000, pfn:0x185f237, nid:1, npages:1]
          cg.C.x-3654  [006]     1.015709: (+14)    bprint:               __handle_mm_fault: NUMAB MEM ACCESS process[nid:0, cpu:6, pid:3654], folio[virt:0x7efc64d94000, phys:0x32629a000, pfn:0x32629a, nid:0, npages:1]
          cg.C.x-3668  [034]     1.015723: (+14)    bprint:               __handle_mm_fault: NUMAB MEM ACCESS process[nid:0, cpu:34, pid:3668], folio[virt:0x7efc64db4000, phys:0x3262af000, pfn:0x3262af, nid:0, npages:1]
          cg.C.x-3699  [033]     1.015745: (+22)    bprint:               __handle_mm_fault: NUMAB MEM ACCESS process[nid:1, cpu:33, pid:3699], folio[virt:0x7efc64dfb000, phys:0x185fce5000, pfn:0x185fce5, nid:1, npages:1]
          cg.C.x-3692  [019]     1.015756: (+11)    bprint:               __handle_mm_fault: NUMAB MEM ACCESS process[nid:1, cpu:19, pid:3692], folio[virt:0x7efc64deb000, phys:0x186c95a000, pfn:0x186c95a, nid:1, npages:1]
          cg.C.x-3685  [005]     1.015766: (+10)    bprint:               __handle_mm_fault: NUMAB MEM ACCESS process[nid:1, cpu:5, pid:3685], folio[virt:0x7efc64ddb000, phys:0x185707c000, pfn:0x185707c, nid:1, npages:1]
          cg.C.x-3671  [040]     1.015860: (+94)    bprint:               __handle_mm_fault: NUMAB MEM ACCESS process[nid:0, cpu:40, pid:3671], folio[virt:0x7efc64dbb000, phys:0x29fd61000, pfn:0x29fd61, nid:0, npages:1]
          cg.C.x-3702  [039]     1.015884: (+24)    bprint:               __handle_mm_fault: NUMAB MEM ACCESS process[nid:1, cpu:39, pid:3702], folio[virt:0x7efc64e02000, phys:0x1867a57000, pfn:0x1867a57, nid:1, npages:1]
          cg.C.x-3664  [026]     1.015929: (+45)    bprint:               __handle_mm_fault: NUMAB MEM ACCESS process[nid:0, cpu:26, pid:3664], folio[virt:0x7efc64dab000, phys:0x29fdeb000, pfn:0x29fdeb, nid:0, npages:1]
          cg.C.x-3657  [012]     1.015941: (+12)    bprint:               __handle_mm_fault: NUMAB MEM ACCESS process[nid:0, cpu:12, pid:3657], folio[virt:0x7efc64d9b000, phys:0x3245a3000, pfn:0x3245a3, nid:0, npages:1]
          cg.C.x-3678  [054]     1.015947: (+6)     bprint:               __handle_mm_fault: NUMAB MEM ACCESS process[nid:0, cpu:54, pid:3678], folio[virt:0x7efc64dcb000, phys:0x121d6d000, pfn:0x121d6d, nid:0, npages:1]
          cg.C.x-3695  [025]     1.015952: (+5)     bprint:               __handle_mm_fault: NUMAB MEM ACCESS process[nid:1, cpu:25, pid:3695], folio[virt:0x7efc64df2000, phys:0x1890067000, pfn:0x1890067, nid:1, npages:1]
          cg.C.x-3709  [053]     1.015957: (+5)     bprint:               __handle_mm_fault: NUMAB MEM ACCESS process[nid:1, cpu:53, pid:3709], folio[virt:0x7efc64e12000, phys:0x18901d2000, pfn:0x18901d2, nid:1, npages:1]
          cg.C.x-3714  [063]     1.016739: (+782)   bprint:               __handle_mm_fault: NUMAB MEM ACCESS process[nid:1, cpu:63, pid:3714], folio[virt:0x7efc64e1e000, phys:0x186d6b9000, pfn:0x186d6b9, nid:1, npages:1]
          cg.C.x-3677  [052]     1.020672: (+3933)  sched_waking:         comm=kworker/52:1 pid=734 prio=120 target_cpu=052
          cg.C.x-3708  [051]     1.020672: (+0)     sched_waking:         comm=kworker/51:1 pid=737 prio=120 target_cpu=051
          cg.C.x-3708  [051]     1.020679: (+7)     sched_wakeup:         kworker/51:1:737 [120] CPU:051
          cg.C.x-3677  [052]     1.020679: (+0)     sched_wakeup:         kworker/52:1:734 [120] CPU:052
          cg.C.x-3677  [052]     1.020686: (+7)     sched_switch:         cg.C.x:3677 [120] R ==> kworker/52:1:734 [120]
          cg.C.x-3708  [051]     1.020687: (+1)     sched_switch:         cg.C.x:3708 [120] R ==> kworker/51:1:737 [120]
    kworker/51:1-737   [051]     1.020702: (+15)    sched_switch:         kworker/51:1:737 [120] I ==> cg.C.x:3708 [120]
    kworker/52:1-734   [052]     1.020704: (+2)     sched_switch:         kworker/52:1:734 [120] I ==> cg.C.x:3677 [120]
          cg.C.x-3660  [018]     1.034291: (+13587) bprint:               __handle_mm_fault: NUMAB MEM ACCESS process[nid:0, cpu:18, pid:3660], folio[virt:0x7efc64904350, phys:0x13d356000, pfn:0x13d356, nid:0, npages:1]
          cg.C.x-3676  [050]     1.034294: (+3)     bprint:               __handle_mm_fault: NUMAB MEM ACCESS process[nid:0, cpu:50, pid:3676], folio[virt:0x7efc6494d750, phys:0x110be6000, pfn:0x110be6, nid:0, npages:1]
          cg.C.x-3658  [014]     1.034299: (+5)     bprint:               __handle_mm_fault: NUMAB MEM ACCESS process[nid:0, cpu:14, pid:3658], folio[virt:0x7efc648fb0d0, phys:0x29f7be000, pfn:0x29f7be, nid:0, npages:1]
          cg.C.x-3674  [046]     1.034303: (+4)     bprint:               __handle_mm_fault: NUMAB MEM ACCESS process[nid:0, cpu:46, pid:3674], folio[virt:0x7efc649444d0, phys:0x11046e000, pfn:0x11046e, nid:0, npages:1]
          cg.C.x-3692  [019]     1.034306: (+3)     bprint:               __handle_mm_fault: NUMAB MEM ACCESS process[nid:1, cpu:19, pid:3692], folio[virt:0x7efc64996b50, phys:0x1867702000, pfn:0x1867702, nid:1, npages:1]
          cg.C.x-3698  [031]     1.034310: (+4)     bprint:               __handle_mm_fault: NUMAB MEM ACCESS process[nid:1, cpu:31, pid:3698], folio[virt:0x7efc649b22d0, phys:0x186e484000, pfn:0x186e484, nid:1, npages:1]
          cg.C.x-3672  [042]     1.034312: (+2)     bprint:               __handle_mm_fault: NUMAB MEM ACCESS process[nid:0, cpu:42, pid:3672], folio[virt:0x7efc6493b250, phys:0x1215bf000, pfn:0x1215bf, nid:0, npages:1]
          cg.C.x-3701  [037]     1.034315: (+3)     bprint:               __handle_mm_fault: NUMAB MEM ACCESS process[nid:1, cpu:37, pid:3701], folio[virt:0x7efc649bfe80, phys:0x185f1ea000, pfn:0x185f1ea, nid:1, npages:1]
          cg.C.x-3690  [015]     1.034317: (+2)     bprint:               __handle_mm_fault: NUMAB MEM ACCESS process[nid:1, cpu:15, pid:3690], folio[virt:0x7efc6498d8d0, phys:0x18558c5000, pfn:0x18558c5, nid:1, npages:1]
          cg.C.x-3702  [039]     1.034319: (+2)     bprint:               __handle_mm_fault: NUMAB MEM ACCESS process[nid:1, cpu:39, pid:3702], folio[virt:0x7efc649c47b8, phys:0x1866c9e000, pfn:0x1866c9e, nid:1, npages:1]
          cg.C.x-3709  [053]     1.034321: (+2)     bprint:               __handle_mm_fault: NUMAB MEM ACCESS process[nid:1, cpu:53, pid:3709], folio[virt:0x7efc649e4840, phys:0x185fda2000, pfn:0x185fda2, nid:1, npages:1]
          cg.C.x-3662  [022]     1.034323: (+2)     bprint:               __handle_mm_fault: NUMAB MEM ACCESS process[nid:0, cpu:22, pid:3662], folio[virt:0x7efc6490d5d0, phys:0x12160f000, pfn:0x12160f, nid:0, npages:1]
          cg.C.x-3659  [016]     1.034325: (+2)     bprint:               __handle_mm_fault: NUMAB MEM ACCESS process[nid:0, cpu:16, pid:3659], folio[virt:0x7efc648ffa10, phys:0x13bab1000, pfn:0x13bab1, nid:0, npages:1]
          cg.C.x-3696  [027]     1.034328: (+3)     bprint:               __handle_mm_fault: NUMAB MEM ACCESS process[nid:1, cpu:27, pid:3696], folio[virt:0x7efc649a9050, phys:0x1856fdf000, pfn:0x1856fdf, nid:1, npages:1]
          cg.C.x-3704  [043]     1.034330: (+2)     bprint:               __handle_mm_fault: NUMAB MEM ACCESS process[nid:1, cpu:43, pid:3704], folio[virt:0x7efc649cda28, phys:0x185e803000, pfn:0x185e803, nid:1, npages:1]
          cg.C.x-3653  [004]     1.034333: (+3)     bprint:               __handle_mm_fault: NUMAB MEM ACCESS process[nid:0, cpu:4, pid:3653], folio[virt:0x7efc648e4290, phys:0x29f7fa000, pfn:0x29f7fa, nid:0, npages:1]
          cg.C.x-3688  [011]     1.034335: (+2)     bprint:               __handle_mm_fault: NUMAB MEM ACCESS process[nid:1, cpu:11, pid:3688], folio[virt:0x7efc64984650, phys:0x186ca85000, pfn:0x186ca85, nid:1, npages:1]
          cg.C.x-3657  [012]     1.034337: (+2)     bprint:               __handle_mm_fault: NUMAB MEM ACCESS process[nid:0, cpu:12, pid:3657], folio[virt:0x7efc648f6790, phys:0x13a2fc000, pfn:0x13a2fc, nid:0, npages:1]
          cg.C.x-3666  [030]     1.034339: (+2)     bprint:               __handle_mm_fault: NUMAB MEM ACCESS process[nid:0, cpu:30, pid:3666], folio[virt:0x7efc6491fad0, phys:0x29fd38000, pfn:0x29fd38, nid:0, npages:1]
          cg.C.x-3656  [010]     1.034341: (+2)     bprint:               __handle_mm_fault: NUMAB MEM ACCESS process[nid:0, cpu:10, pid:3656], folio[virt:0x7efc648f1e50, phys:0x29fd19000, pfn:0x29fd19, nid:0, npages:1]
          cg.C.x-3651  [000]     1.034344: (+3)     bprint:               __handle_mm_fault: NUMAB MEM ACCESS process[nid:0, cpu:0, pid:3651], folio[virt:0x7efc648db010, phys:0x13d0a5000, pfn:0x13d0a5, nid:0, npages:1]
          cg.C.x-3706  [047]     1.034345: (+1)     bprint:               __handle_mm_fault: NUMAB MEM ACCESS process[nid:1, cpu:47, pid:3706], folio[virt:0x7efc649d6c98, phys:0x186dd90000, pfn:0x186dd90, nid:1, npages:1]
          cg.C.x-3680  [058]     1.034348: (+3)     bprint:               __handle_mm_fault: NUMAB MEM ACCESS process[nid:0, cpu:58, pid:3680], folio[virt:0x7efc6495fc50, phys:0x13b261000, pfn:0x13b261, nid:0, npages:1]
          cg.C.x-3673  [044]     1.034350: (+2)     bprint:               __handle_mm_fault: NUMAB MEM ACCESS process[nid:0, cpu:44, pid:3673], folio[virt:0x7efc6493fb90, phys:0x3780e9000, pfn:0x3780e9, nid:0, npages:1]
          cg.C.x-3654  [006]     1.034352: (+2)     bprint:               __handle_mm_fault: NUMAB MEM ACCESS process[nid:0, cpu:6, pid:3654], folio[virt:0x7efc648e8bd0, phys:0x111c84000, pfn:0x111c84, nid:0, npages:1]
          cg.C.x-3664  [026]     1.034354: (+2)     bprint:               __handle_mm_fault: NUMAB MEM ACCESS process[nid:0, cpu:26, pid:3664], folio[virt:0x7efc64916850, phys:0x139654000, pfn:0x139654, nid:0, npages:1]
