          cg.C.x-2535  [000]     1.902708: (+5)     sched_switch:         cg.C.x:2535 [120] R ==> kworker/u129:18:438 [120]
 kworker/u129:18-438   [000]     1.902714: (+6)     sched_waking:         comm=tmux: server pid=2003 prio=120 target_cpu=000
 kworker/u129:18-438   [000]     1.902716: (+2)     sched_wakeup:         tmux: server:2003 [120] CPU:000
 kworker/u129:18-438   [000]     1.902720: (+4)     sched_switch:         kworker/u129:18:438 [120] I ==> tmux: server:2003 [120]
    tmux: server-2003  [000]     1.902781: (+61)    sched_waking:         comm=kworker/u129:18 pid=438 prio=120 target_cpu=000
    tmux: server-2003  [000]     1.902782: (+1)     sched_wakeup:         kworker/u129:18:438 [120] CPU:000
    tmux: server-2003  [000]     1.902785: (+3)     sched_switch:         tmux: server:2003 [120] R ==> kworker/u129:18:438 [120]
 kworker/u129:18-438   [000]     1.902787: (+2)     sched_waking:         comm=sshd pid=1918 prio=120 target_cpu=032
 kworker/u129:18-438   [000]     1.902794: (+7)     sched_wakeup:         sshd:1918 [120] CPU:032
 kworker/u129:18-438   [000]     1.902795: (+1)     sched_switch:         kworker/u129:18:438 [120] I ==> tmux: server:2003 [120]
          cg.C.x-2551  [032]     1.902797: (+2)     sched_switch:         cg.C.x:2551 [120] R ==> sshd:1918 [120]
    tmux: server-2003  [000]     1.902803: (+6)     sched_switch:         tmux: server:2003 [120] S ==> cg.C.x:2535 [120]
          cg.C.x-2535  [000]     1.902805: (+2)     sched_waking:         comm=kworker/u129:18 pid=438 prio=120 target_cpu=000
          cg.C.x-2535  [000]     1.902806: (+1)     sched_wakeup:         kworker/u129:18:438 [120] CPU:000
          cg.C.x-2535  [000]     1.902808: (+2)     sched_switch:         cg.C.x:2535 [120] R ==> kworker/u129:18:438 [120]
 kworker/u129:18-438   [000]     1.902809: (+1)     sched_waking:         comm=tmux: server pid=2003 prio=120 target_cpu=000
 kworker/u129:18-438   [000]     1.902810: (+1)     sched_wakeup:         tmux: server:2003 [120] CPU:000
 kworker/u129:18-438   [000]     1.902812: (+2)     sched_switch:         kworker/u129:18:438 [120] I ==> tmux: server:2003 [120]
    tmux: server-2003  [000]     1.902841: (+29)    sched_waking:         comm=kworker/u129:18 pid=438 prio=120 target_cpu=000
    tmux: server-2003  [000]     1.902842: (+1)     sched_wakeup:         kworker/u129:18:438 [120] CPU:000
    tmux: server-2003  [000]     1.902844: (+2)     sched_switch:         tmux: server:2003 [120] R ==> kworker/u129:18:438 [120]
 kworker/u129:18-438   [000]     1.902847: (+3)     sched_switch:         kworker/u129:18:438 [120] I ==> tmux: server:2003 [120]
    tmux: server-2003  [000]     1.902855: (+8)     sched_switch:         tmux: server:2003 [120] S ==> cg.C.x:2535 [120]
            sshd-1918  [032]     1.902917: (+62)    sched_switch:         sshd:1918 [120] S ==> cg.C.x:2551 [120]
          cg.C.x-2535  [000]     1.912904: (+9987)  sched_waking:         comm=tmux: server pid=2003 prio=120 target_cpu=000
          cg.C.x-2535  [000]     1.912916: (+12)    sched_wakeup:         tmux: server:2003 [120] CPU:000
          cg.C.x-2535  [000]     1.912920: (+4)     sched_switch:         cg.C.x:2535 [120] R ==> tmux: server:2003 [120]
    tmux: server-2003  [000]     1.912945: (+25)    sched_switch:         tmux: server:2003 [120] S ==> cg.C.x:2535 [120]
          cg.C.x-2535  [000]     1.914991: (+2046)  sched_waking:         comm=tmux: server pid=2003 prio=120 target_cpu=000
          cg.C.x-2535  [000]     1.914999: (+8)     sched_wakeup:         tmux: server:2003 [120] CPU:000
          cg.C.x-2535  [000]     1.915002: (+3)     sched_switch:         cg.C.x:2535 [120] R ==> tmux: server:2003 [120]
    tmux: server-2003  [000]     1.915040: (+38)    sched_switch:         tmux: server:2003 [120] S ==> cg.C.x:2535 [120]
          cg.C.x-2568  [003]     1.921953: (+6913)  sched_waking:         comm=kworker/3:1 pid=707 prio=120 target_cpu=003
          cg.C.x-2568  [003]     1.921961: (+8)     sched_wakeup:         kworker/3:1:707 [120] CPU:003
          cg.C.x-2568  [003]     1.921968: (+7)     sched_switch:         cg.C.x:2568 [120] R ==> kworker/3:1:707 [120]
     kworker/3:1-707   [003]     1.921995: (+27)    sched_switch:         kworker/3:1:707 [120] I ==> cg.C.x:2568 [120]
          cg.C.x-2598  [063]     1.949953: (+27958) sched_waking:         comm=kworker/63:1 pid=654 prio=120 target_cpu=063
          cg.C.x-2598  [063]     1.949965: (+12)    sched_wakeup:         kworker/63:1:654 [120] CPU:063
          cg.C.x-2598  [063]     1.949972: (+7)     sched_switch:         cg.C.x:2598 [120] R ==> kworker/63:1:654 [120]
    kworker/63:1-654   [063]     1.949988: (+16)    sched_switch:         kworker/63:1:654 [120] I ==> cg.C.x:2598 [120]
          cg.C.x-2597  [061]     1.981953: (+31965) sched_waking:         comm=kworker/61:1 pid=558 prio=120 target_cpu=061
          cg.C.x-2597  [061]     1.981962: (+9)     sched_wakeup:         kworker/61:1:558 [120] CPU:061
          cg.C.x-2597  [061]     1.981968: (+6)     sched_switch:         cg.C.x:2597 [120] R ==> kworker/61:1:558 [120]
    kworker/61:1-558   [061]     1.981982: (+14)    sched_switch:         kworker/61:1:558 [120] I ==> cg.C.x:2597 [120]
          cg.C.x-2566  [062]     1.985952: (+3970)  sched_waking:         comm=kworker/62:1 pid=743 prio=120 target_cpu=062
          cg.C.x-2566  [062]     1.985958: (+6)     sched_wakeup:         kworker/62:1:743 [120] CPU:062
          cg.C.x-2566  [062]     1.989955: (+3997)  sched_switch:         cg.C.x:2566 [120] R ==> kworker/62:1:743 [120]
    kworker/62:1-743   [062]     1.989968: (+13)    sched_switch:         kworker/62:1:743 [120] I ==> cg.C.x:2566 [120]
          cg.C.x-2535  [000]     1.999030: (+9062)  sched_waking:         comm=migration/0 pid=18 prio=0 target_cpu=000
          cg.C.x-2535  [000]     1.999034: (+4)     sched_wakeup:         migration/0:18 [0] CPU:000
          cg.C.x-2535  [000]     1.999042: (+8)     sched_switch:         cg.C.x:2535 [120] R ==> migration/0:18 [0]
     migration/0-18    [000]     1.999049: (+7)     sched_switch:         migration/0:18 [0] S ==> cg.C.x:2535 [120]
          cg.C.x-2535  [000]     2.011572: (+12523) sched_waking:         comm=kworker/u129:18 pid=438 prio=120 target_cpu=000
          cg.C.x-2535  [000]     2.011578: (+6)     sched_wakeup:         kworker/u129:18:438 [120] CPU:000
          cg.C.x-2535  [000]     2.011583: (+5)     sched_switch:         cg.C.x:2535 [120] R ==> kworker/u129:18:438 [120]
 kworker/u129:18-438   [000]     2.011589: (+6)     sched_waking:         comm=tmux: server pid=2003 prio=120 target_cpu=000
 kworker/u129:18-438   [000]     2.011591: (+2)     sched_wakeup:         tmux: server:2003 [120] CPU:000
 kworker/u129:18-438   [000]     2.011595: (+4)     sched_switch:         kworker/u129:18:438 [120] I ==> cg.C.x:2535 [120]
          cg.C.x-2535  [000]     2.011596: (+1)     sched_waking:         comm=kworker/u129:18 pid=438 prio=120 target_cpu=000
          cg.C.x-2535  [000]     2.011597: (+1)     sched_wakeup:         kworker/u129:18:438 [120] CPU:000
          cg.C.x-2535  [000]     2.011599: (+2)     sched_switch:         cg.C.x:2535 [120] R ==> kworker/u129:18:438 [120]
 kworker/u129:18-438   [000]     2.011601: (+2)     sched_switch:         kworker/u129:18:438 [120] I ==> cg.C.x:2535 [120]
          cg.C.x-2564  [058]     2.013951: (+2350)  sched_waking:         comm=kworker/58:1 pid=738 prio=120 target_cpu=058
          cg.C.x-2535  [000]     2.013951: (+0)     sched_switch:         cg.C.x:2535 [120] R ==> tmux: server:2003 [120]
          cg.C.x-2598  [063]     2.013952: (+1)     sched_waking:         comm=kworker/63:1 pid=654 prio=120 target_cpu=063
          cg.C.x-2569  [005]     2.013952: (+0)     sched_waking:         comm=kworker/5:1 pid=709 prio=120 target_cpu=005
          cg.C.x-2554  [038]     2.013955: (+3)     bprint:               change_prot_numa: NUMAB SCAN vma[start:0x55be47201000, end:0x55be47202000, from:0x55be47201000, to:0x55be47202000, size:4 KB]
          cg.C.x-2564  [058]     2.013956: (+1)     sched_wakeup:         kworker/58:1:738 [120] CPU:058
          cg.C.x-2569  [005]     2.013958: (+2)     sched_wakeup:         kworker/5:1:709 [120] CPU:005
          cg.C.x-2598  [063]     2.013959: (+1)     sched_wakeup:         kworker/63:1:654 [120] CPU:063
          cg.C.x-2569  [005]     2.013964: (+5)     sched_switch:         cg.C.x:2569 [120] R ==> kworker/5:1:709 [120]
          cg.C.x-2598  [063]     2.013964: (+0)     sched_switch:         cg.C.x:2598 [120] R ==> kworker/63:1:654 [120]
    kworker/63:1-654   [063]     2.013976: (+12)    sched_switch:         kworker/63:1:654 [120] I ==> cg.C.x:2598 [120]
          cg.C.x-2554  [038]     2.013992: (+16)    bprint:               change_prot_numa: NUMAB SCAN vma[start:0x55be47202000, end:0x55be47203000, from:0x55be47202000, to:0x55be47203000, size:4 KB]
     kworker/5:1-709   [005]     2.014000: (+8)     sched_switch:         kworker/5:1:709 [120] I ==> cg.C.x:2569 [120]
          cg.C.x-2554  [038]     2.014020: (+20)    bprint:               change_prot_numa: NUMAB SCAN vma[start:0x55be49049000, end:0x55be4906a000, from:0x55be49049000, to:0x55be4906a000, size:132 KB]
    tmux: server-2003  [000]     2.014055: (+35)    sched_waking:         comm=kworker/u129:18 pid=438 prio=120 target_cpu=000
          cg.C.x-2554  [038]     2.014057: (+2)     bprint:               change_prot_numa: NUMAB SCAN vma[start:0x7f4c35601000, end:0x7f4c35e01000, from:0x7f4c35601000, to:0x7f4c35e01000, size:8192 KB]
    tmux: server-2003  [000]     2.014059: (+2)     sched_wakeup:         kworker/u129:18:438 [120] CPU:000
    tmux: server-2003  [000]     2.014064: (+5)     sched_switch:         tmux: server:2003 [120] R ==> kworker/u129:18:438 [120]
 kworker/u129:18-438   [000]     2.014068: (+4)     sched_waking:         comm=sshd pid=1918 prio=120 target_cpu=032
 kworker/u129:18-438   [000]     2.014074: (+6)     sched_wakeup:         sshd:1918 [120] CPU:032
 kworker/u129:18-438   [000]     2.014076: (+2)     sched_switch:         kworker/u129:18:438 [120] I ==> tmux: server:2003 [120]
          cg.C.x-2551  [032]     2.014077: (+1)     sched_switch:         cg.C.x:2551 [120] R ==> sshd:1918 [120]
    tmux: server-2003  [000]     2.014087: (+10)    sched_switch:         tmux: server:2003 [120] S ==> cg.C.x:2535 [120]
          cg.C.x-2554  [038]     2.014092: (+5)     bprint:               change_prot_numa: NUMAB SCAN vma[start:0x7f4c36001000, end:0x7f4c36801000, from:0x7f4c36001000, to:0x7f4c36801000, size:8192 KB]
          cg.C.x-2554  [038]     2.014125: (+33)    bprint:               change_prot_numa: NUMAB SCAN vma[start:0x7f4c36a01000, end:0x7f4c37201000, from:0x7f4c36a01000, to:0x7f4c37201000, size:8192 KB]
          cg.C.x-2554  [038]     2.014158: (+33)    bprint:               change_prot_numa: NUMAB SCAN vma[start:0x7f4c37401000, end:0x7f4c37c01000, from:0x7f4c37401000, to:0x7f4c37c01000, size:8192 KB]
            sshd-1918  [032]     2.014187: (+29)    sched_switch:         sshd:1918 [120] S ==> cg.C.x:2551 [120]
          cg.C.x-2554  [038]     2.014192: (+5)     bprint:               change_prot_numa: NUMAB SCAN vma[start:0x7f4c37e01000, end:0x7f4c38601000, from:0x7f4c37e01000, to:0x7f4c38601000, size:8192 KB]
          cg.C.x-2554  [038]     2.014213: (+21)    bprint:               change_prot_numa: NUMAB SCAN vma[start:0x7f4c38801000, end:0x7f4c39001000, from:0x7f4c38801000, to:0x7f4c39001000, size:8192 KB]
          cg.C.x-2554  [038]     2.014234: (+21)    bprint:               change_prot_numa: NUMAB SCAN vma[start:0x7f4c39201000, end:0x7f4c39a01000, from:0x7f4c39201000, to:0x7f4c39a01000, size:8192 KB]
          cg.C.x-2554  [038]     2.014254: (+20)    bprint:               change_prot_numa: NUMAB SCAN vma[start:0x7f4c39c01000, end:0x7f4c3a401000, from:0x7f4c39c01000, to:0x7f4c3a401000, size:8192 KB]
          cg.C.x-2554  [038]     2.014274: (+20)    bprint:               change_prot_numa: NUMAB SCAN vma[start:0x7f4c3a601000, end:0x7f4c3ae01000, from:0x7f4c3a601000, to:0x7f4c3ae01000, size:8192 KB]
          cg.C.x-2554  [038]     2.014295: (+21)    bprint:               change_prot_numa: NUMAB SCAN vma[start:0x7f4c3b001000, end:0x7f4c3b801000, from:0x7f4c3b001000, to:0x7f4c3b801000, size:8192 KB]
          cg.C.x-2554  [038]     2.014315: (+20)    bprint:               change_prot_numa: NUMAB SCAN vma[start:0x7f4c3ba01000, end:0x7f4c3c201000, from:0x7f4c3ba01000, to:0x7f4c3c201000, size:8192 KB]
          cg.C.x-2554  [038]     2.014336: (+21)    bprint:               change_prot_numa: NUMAB SCAN vma[start:0x7f4c3c401000, end:0x7f4c3cc01000, from:0x7f4c3c401000, to:0x7f4c3cc01000, size:8192 KB]
          cg.C.x-2554  [038]     2.014355: (+19)    bprint:               change_prot_numa: NUMAB SCAN vma[start:0x7f4c3ce01000, end:0x7f4c3d601000, from:0x7f4c3ce01000, to:0x7f4c3d601000, size:8192 KB]
          cg.C.x-2554  [038]     2.014375: (+20)    bprint:               change_prot_numa: NUMAB SCAN vma[start:0x7f4c3d801000, end:0x7f4c3e001000, from:0x7f4c3d801000, to:0x7f4c3e001000, size:8192 KB]
          cg.C.x-2554  [038]     2.014395: (+20)    bprint:               change_prot_numa: NUMAB SCAN vma[start:0x7f4c3e201000, end:0x7f4c3ea01000, from:0x7f4c3e201000, to:0x7f4c3ea01000, size:8192 KB]
          cg.C.x-2554  [038]     2.014415: (+20)    bprint:               change_prot_numa: NUMAB SCAN vma[start:0x7f4c3ec01000, end:0x7f4c3f401000, from:0x7f4c3ec01000, to:0x7f4c3f401000, size:8192 KB]
          cg.C.x-2554  [038]     2.014434: (+19)    bprint:               change_prot_numa: NUMAB SCAN vma[start:0x7f4c3f601000, end:0x7f4c3fe01000, from:0x7f4c3f601000, to:0x7f4c3fe01000, size:8192 KB]
          cg.C.x-2554  [038]     2.014455: (+21)    bprint:               change_prot_numa: NUMAB SCAN vma[start:0x7f4c40001000, end:0x7f4c40801000, from:0x7f4c40001000, to:0x7f4c40801000, size:8192 KB]
          cg.C.x-2554  [038]     2.014476: (+21)    bprint:               change_prot_numa: NUMAB SCAN vma[start:0x7f4c40a01000, end:0x7f4c41201000, from:0x7f4c40a01000, to:0x7f4c41201000, size:8192 KB]
          cg.C.x-2554  [038]     2.014496: (+20)    bprint:               change_prot_numa: NUMAB SCAN vma[start:0x7f4c41401000, end:0x7f4c41c01000, from:0x7f4c41401000, to:0x7f4c41c01000, size:8192 KB]
          cg.C.x-2554  [038]     2.014516: (+20)    bprint:               change_prot_numa: NUMAB SCAN vma[start:0x7f4c41e01000, end:0x7f4c42601000, from:0x7f4c41e01000, to:0x7f4c42601000, size:8192 KB]
          cg.C.x-2554  [038]     2.014536: (+20)    bprint:               change_prot_numa: NUMAB SCAN vma[start:0x7f4c42801000, end:0x7f4c43001000, from:0x7f4c42801000, to:0x7f4c43001000, size:8192 KB]
          cg.C.x-2554  [038]     2.014558: (+22)    bprint:               change_prot_numa: NUMAB SCAN vma[start:0x7f4c43201000, end:0x7f4c43a01000, from:0x7f4c43201000, to:0x7f4c43a01000, size:8192 KB]
          cg.C.x-2554  [038]     2.014577: (+19)    bprint:               change_prot_numa: NUMAB SCAN vma[start:0x7f4c43c01000, end:0x7f4c44401000, from:0x7f4c43c01000, to:0x7f4c44401000, size:8192 KB]
          cg.C.x-2554  [038]     2.014597: (+20)    bprint:               change_prot_numa: NUMAB SCAN vma[start:0x7f4c44601000, end:0x7f4c44e01000, from:0x7f4c44601000, to:0x7f4c44e01000, size:8192 KB]
          cg.C.x-2554  [038]     2.014618: (+21)    bprint:               change_prot_numa: NUMAB SCAN vma[start:0x7f4c45001000, end:0x7f4c45801000, from:0x7f4c45001000, to:0x7f4c45801000, size:8192 KB]
          cg.C.x-2554  [038]     2.014639: (+21)    bprint:               change_prot_numa: NUMAB SCAN vma[start:0x7f4c45a01000, end:0x7f4c46201000, from:0x7f4c45a01000, to:0x7f4c46201000, size:8192 KB]
          cg.C.x-2554  [038]     2.014660: (+21)    bprint:               change_prot_numa: NUMAB SCAN vma[start:0x7f4c46401000, end:0x7f4c46c01000, from:0x7f4c46401000, to:0x7f4c46c01000, size:8192 KB]
          cg.C.x-2554  [038]     2.014681: (+21)    bprint:               change_prot_numa: NUMAB SCAN vma[start:0x7f4c46e01000, end:0x7f4c47601000, from:0x7f4c46e01000, to:0x7f4c47601000, size:8192 KB]
          cg.C.x-2554  [038]     2.014701: (+20)    bprint:               change_prot_numa: NUMAB SCAN vma[start:0x7f4c47801000, end:0x7f4c48001000, from:0x7f4c47801000, to:0x7f4c48001000, size:8192 KB]
          cg.C.x-2554  [038]     2.014722: (+21)    bprint:               change_prot_numa: NUMAB SCAN vma[start:0x7f4c48201000, end:0x7f4c48a01000, from:0x7f4c48201000, to:0x7f4c48a01000, size:8192 KB]
          cg.C.x-2554  [038]     2.014742: (+20)    bprint:               change_prot_numa: NUMAB SCAN vma[start:0x7f4c48c01000, end:0x7f4c49401000, from:0x7f4c48c01000, to:0x7f4c49401000, size:8192 KB]
          cg.C.x-2554  [038]     2.014763: (+21)    bprint:               change_prot_numa: NUMAB SCAN vma[start:0x7f4c49601000, end:0x7f4c49e01000, from:0x7f4c49601000, to:0x7f4c49e01000, size:8192 KB]
          cg.C.x-2554  [038]     2.014782: (+19)    bprint:               change_prot_numa: NUMAB SCAN vma[start:0x7f4c4a001000, end:0x7f4c4a801000, from:0x7f4c4a001000, to:0x7f4c4a801000, size:8192 KB]
          cg.C.x-2554  [038]     2.014801: (+19)    bprint:               change_prot_numa: NUMAB SCAN vma[start:0x7f4c4aa01000, end:0x7f4c4b201000, from:0x7f4c4aa01000, to:0x7f4c4b201000, size:8192 KB]
          cg.C.x-2554  [038]     2.014819: (+18)    bprint:               change_prot_numa: NUMAB SCAN vma[start:0x7f4c4b401000, end:0x7f4c4bc01000, from:0x7f4c4b401000, to:0x7f4c4bc01000, size:8192 KB]
          cg.C.x-2554  [038]     2.014839: (+20)    bprint:               change_prot_numa: NUMAB SCAN vma[start:0x7f4c4be01000, end:0x7f4c4c601000, from:0x7f4c4be01000, to:0x7f4c4c601000, size:8192 KB]
          cg.C.x-2554  [038]     2.014857: (+18)    bprint:               change_prot_numa: NUMAB SCAN vma[start:0x7f4c4c801000, end:0x7f4c4d001000, from:0x7f4c4c801000, to:0x7f4c4d001000, size:8192 KB]
          cg.C.x-2554  [038]     2.014876: (+19)    bprint:               change_prot_numa: NUMAB SCAN vma[start:0x7f4c4d201000, end:0x7f4c4da01000, from:0x7f4c4d201000, to:0x7f4c4da01000, size:8192 KB]
          cg.C.x-2554  [038]     2.014895: (+19)    bprint:               change_prot_numa: NUMAB SCAN vma[start:0x7f4c4dc01000, end:0x7f4c4e401000, from:0x7f4c4dc01000, to:0x7f4c4e401000, size:8192 KB]
          cg.C.x-2554  [038]     2.014913: (+18)    bprint:               change_prot_numa: NUMAB SCAN vma[start:0x7f4c4e601000, end:0x7f4c4ee01000, from:0x7f4c4e601000, to:0x7f4c4ee01000, size:8192 KB]
          cg.C.x-2554  [038]     2.014933: (+20)    bprint:               change_prot_numa: NUMAB SCAN vma[start:0x7f4c4f001000, end:0x7f4c4f801000, from:0x7f4c4f001000, to:0x7f4c4f801000, size:8192 KB]
          cg.C.x-2554  [038]     2.014950: (+17)    bprint:               change_prot_numa: NUMAB SCAN vma[start:0x7f4c4fa01000, end:0x7f4c50201000, from:0x7f4c4fa01000, to:0x7f4c50201000, size:8192 KB]
          cg.C.x-2554  [038]     2.014970: (+20)    bprint:               change_prot_numa: NUMAB SCAN vma[start:0x7f4c50401000, end:0x7f4c50c01000, from:0x7f4c50401000, to:0x7f4c50c01000, size:8192 KB]
          cg.C.x-2554  [038]     2.014987: (+17)    bprint:               change_prot_numa: NUMAB SCAN vma[start:0x7f4c50e01000, end:0x7f4c51601000, from:0x7f4c50e01000, to:0x7f4c51601000, size:8192 KB]
          cg.C.x-2554  [038]     2.015006: (+19)    bprint:               change_prot_numa: NUMAB SCAN vma[start:0x7f4c51801000, end:0x7f4c52001000, from:0x7f4c51801000, to:0x7f4c52001000, size:8192 KB]
          cg.C.x-2554  [038]     2.015024: (+18)    bprint:               change_prot_numa: NUMAB SCAN vma[start:0x7f4c52201000, end:0x7f4c52a01000, from:0x7f4c52201000, to:0x7f4c52a01000, size:8192 KB]
          cg.C.x-2554  [038]     2.015042: (+18)    bprint:               change_prot_numa: NUMAB SCAN vma[start:0x7f4c52c01000, end:0x7f4c53401000, from:0x7f4c52c01000, to:0x7f4c53401000, size:8192 KB]
          cg.C.x-2554  [038]     2.015061: (+19)    bprint:               change_prot_numa: NUMAB SCAN vma[start:0x7f4c53601000, end:0x7f4c53e01000, from:0x7f4c53601000, to:0x7f4c53e01000, size:8192 KB]
          cg.C.x-2554  [038]     2.015080: (+19)    bprint:               change_prot_numa: NUMAB SCAN vma[start:0x7f4c54001000, end:0x7f4c54801000, from:0x7f4c54001000, to:0x7f4c54801000, size:8192 KB]
          cg.C.x-2554  [038]     2.015098: (+18)    bprint:               change_prot_numa: NUMAB SCAN vma[start:0x7f4c54a01000, end:0x7f4c55201000, from:0x7f4c54a01000, to:0x7f4c55201000, size:8192 KB]
          cg.C.x-2554  [038]     2.015117: (+19)    bprint:               change_prot_numa: NUMAB SCAN vma[start:0x7f4c55401000, end:0x7f4c55c01000, from:0x7f4c55401000, to:0x7f4c55c01000, size:8192 KB]
          cg.C.x-2554  [038]     2.015134: (+17)    bprint:               change_prot_numa: NUMAB SCAN vma[start:0x7f4c55e01000, end:0x7f4c56601000, from:0x7f4c55e01000, to:0x7f4c56601000, size:8192 KB]
          cg.C.x-2554  [038]     2.015153: (+19)    bprint:               change_prot_numa: NUMAB SCAN vma[start:0x7f4c56801000, end:0x7f4c57001000, from:0x7f4c56801000, to:0x7f4c57001000, size:8192 KB]
          cg.C.x-2554  [038]     2.015173: (+20)    bprint:               change_prot_numa: NUMAB SCAN vma[start:0x7f4c57201000, end:0x7f4c57a01000, from:0x7f4c57201000, to:0x7f4c57a01000, size:8192 KB]
          cg.C.x-2554  [038]     2.015191: (+18)    bprint:               change_prot_numa: NUMAB SCAN vma[start:0x7f4c57c01000, end:0x7f4c58401000, from:0x7f4c57c01000, to:0x7f4c58401000, size:8192 KB]
          cg.C.x-2554  [038]     2.015209: (+18)    bprint:               change_prot_numa: NUMAB SCAN vma[start:0x7f4c58601000, end:0x7f4c58e01000, from:0x7f4c58601000, to:0x7f4c58e01000, size:8192 KB]
          cg.C.x-2554  [038]     2.015227: (+18)    bprint:               change_prot_numa: NUMAB SCAN vma[start:0x7f4c59001000, end:0x7f4c59801000, from:0x7f4c59001000, to:0x7f4c59801000, size:8192 KB]
          cg.C.x-2554  [038]     2.015246: (+19)    bprint:               change_prot_numa: NUMAB SCAN vma[start:0x7f4c59a01000, end:0x7f4c5a201000, from:0x7f4c59a01000, to:0x7f4c5a201000, size:8192 KB]
          cg.C.x-2554  [038]     2.015264: (+18)    bprint:               change_prot_numa: NUMAB SCAN vma[start:0x7f4c5a401000, end:0x7f4c5ac01000, from:0x7f4c5a401000, to:0x7f4c5ac01000, size:8192 KB]
          cg.C.x-2554  [038]     2.015282: (+18)    bprint:               change_prot_numa: NUMAB SCAN vma[start:0x7f4c5ae01000, end:0x7f4c5b601000, from:0x7f4c5ae01000, to:0x7f4c5b601000, size:8192 KB]
          cg.C.x-2538  [006]     2.015289: (+7)     bprint:               __handle_mm_fault: NUMAB MEM ACCESS process[nid:0, cpu:6, pid:2538], folio[virt:0x55be47201080, phys:0x11634a000, pfn:0x11634a, nid:0, npages:1]
          cg.C.x-2554  [038]     2.015303: (+14)    bprint:               change_prot_numa: NUMAB SCAN vma[start:0x7f4c5b801000, end:0x7f4c5c001000, from:0x7f4c5b801000, to:0x7f4c5c001000, size:8192 KB]
          cg.C.x-2538  [006]     2.015304: (+1)     bprint:               __handle_mm_fault: NUMAB MEM ACCESS process[nid:0, cpu:6, pid:2538], folio[virt:0x7f4c5b600220, phys:0x139cd3000, pfn:0x139cd3, nid:0, npages:1]
          cg.C.x-2538  [006]     2.015307: (+3)     bprint:               __handle_mm_fault: NUMAB MEM ACCESS process[nid:0, cpu:6, pid:2538], folio[virt:0x55be49054504, phys:0x378080000, pfn:0x378080, nid:0, npages:1]
          cg.C.x-2538  [006]     2.015311: (+4)     bprint:               __handle_mm_fault: NUMAB MEM ACCESS process[nid:0, cpu:6, pid:2538], folio[virt:0x7f4c5b5ff990, phys:0x1215ba000, pfn:0x1215ba, nid:0, npages:1]
          cg.C.x-2554  [038]     2.015322: (+11)    bprint:               change_prot_numa: NUMAB SCAN vma[start:0x7f4c5c201000, end:0x7f4c5ca01000, from:0x7f4c5c201000, to:0x7f4c5ca01000, size:8192 KB]
          cg.C.x-2554  [038]     2.015339: (+17)    bprint:               change_prot_numa: NUMAB SCAN vma[start:0x7f4c5cb6c000, end:0x7f4c6f4f9000, from:0x7f4c5cb6c000, to:0x7f4c6f4f9000, size:304692 KB]
          cg.C.x-2569  [005]     2.015424: (+85)    bprint:               __handle_mm_fault: NUMAB MEM ACCESS process[nid:1, cpu:5, pid:2569], folio[virt:0x7f4c5cd31000, phys:0x186d916000, pfn:0x186d916, nid:1, npages:1]
          cg.C.x-2535  [000]     2.015428: (+4)     bprint:               __handle_mm_fault: NUMAB MEM ACCESS process[nid:0, cpu:0, pid:2535], folio[virt:0x7f4c5cc95000, phys:0x1395f3000, pfn:0x1395f3, nid:0, npages:1]
          cg.C.x-2588  [043]     2.015520: (+92)    bprint:               __handle_mm_fault: NUMAB MEM ACCESS process[nid:1, cpu:43, pid:2588], folio[virt:0x7f4c3c1ff9b8, phys:0x1890377000, pfn:0x1890377, nid:1, npages:1]
          cg.C.x-2589  [045]     2.015522: (+2)     bprint:               __handle_mm_fault: NUMAB MEM ACCESS process[nid:1, cpu:45, pid:2589], folio[virt:0x7f4c3b7ff9b8, phys:0x186cdbf000, pfn:0x186cdbf, nid:1, npages:1]
          cg.C.x-2572  [011]     2.015525: (+3)     bprint:               __handle_mm_fault: NUMAB MEM ACCESS process[nid:1, cpu:11, pid:2572], folio[virt:0x7f4c461ff9b8, phys:0x1864a5a000, pfn:0x1864a5a, nid:1, npages:1]
          cg.C.x-2554  [038]     2.015531: (+6)     bprint:               change_prot_numa: NUMAB SCAN vma[start:0x7f4c6f600000, end:0x7f4c70850000, from:0x7f4c6f600000, to:0x7f4c70850000, size:18752 KB]
          cg.C.x-2591  [049]     2.015535: (+4)     bprint:               __handle_mm_fault: NUMAB MEM ACCESS process[nid:1, cpu:49, pid:2591], folio[virt:0x7f4c5cdb6ca8, phys:0x37805c000, pfn:0x37805c, nid:0, npages:1]
          cg.C.x-2558  [046]     2.015535: (+0)     bprint:               do_huge_pmd_numa_page: NUMAB MEM ACCESS huge page process[nid:0, cpu:46, pid:2558], folio[virt:0x7f4c6375b590, ker:0xffff93f4f8800000, pfn:0x378800, nid:0, npages:512]
          cg.C.x-2591  [049]     2.015537: (+2)     bprint:               __handle_mm_fault: NUMAB TRY MEM MIGR process[nid:1, cpu:49, pid:2591], folio[virt:0x7f4c5cdb6ca8, phys:0x37805c000, nid:0], target_nid:1
          cg.C.x-2569  [005]     2.015538: (+1)     bprint:               do_huge_pmd_numa_page: NUMAB MEM ACCESS huge page process[nid:1, cpu:5, pid:2569], folio[virt:0x7f4c666a4d08, ker:0xffff940c2ce00000, pfn:0x1aace00, nid:1, npages:512]
          cg.C.x-2574  [015]     2.015542: (+4)     bprint:               do_huge_pmd_numa_page: NUMAB MEM ACCESS huge page process[nid:1, cpu:15, pid:2574], folio[virt:0x7f4c67c28a48, ker:0xffff940b85c00000, pfn:0x1a05c00, nid:1, npages:512]
          cg.C.x-2573  [013]     2.015545: (+3)     bprint:               do_huge_pmd_numa_page: NUMAB MEM ACCESS huge page process[nid:1, cpu:13, pid:2573], folio[virt:0x7f4c677e7888, ker:0xffff940bba000000, pfn:0x1a3a000, nid:1, npages:512]
          cg.C.x-2569  [005]     2.015546: (+1)     bprint:               __handle_mm_fault: NUMAB MEM ACCESS process[nid:1, cpu:5, pid:2569], folio[virt:0x7f4c5cdb6d00, phys:0x37805c000, pfn:0x37805c, nid:0, npages:1]
          cg.C.x-2585  [037]     2.015548: (+2)     bprint:               do_huge_pmd_numa_page: NUMAB MEM ACCESS huge page process[nid:1, cpu:37, pid:2585], folio[virt:0x7f4c6ab7b6b0, ker:0xffff940c2d800000, pfn:0x1aad800, nid:1, npages:512]
          cg.C.x-2569  [005]     2.015548: (+0)     bprint:               __handle_mm_fault: NUMAB TRY MEM MIGR process[nid:1, cpu:5, pid:2569], folio[virt:0x7f4c5cdb6d00, phys:0x37805c000, nid:0], target_nid:1
          cg.C.x-2569  [005]     2.015549: (+1)     bprint:               migrate_misplaced_folio: NUMAB pid:2569 ABORTING MEM MIGR because !isolated
          cg.C.x-2577  [021]     2.015551: (+2)     bprint:               do_huge_pmd_numa_page: NUMAB MEM ACCESS huge page process[nid:1, cpu:21, pid:2577], folio[virt:0x7f4c6890a808, ker:0xffff940be4000000, pfn:0x1a64000, nid:1, npages:512]
          cg.C.x-2558  [046]     2.015552: (+1)     bprint:               __handle_mm_fault: NUMAB MEM ACCESS process[nid:0, cpu:46, pid:2558], folio[virt:0x7f4c5ccfed48, phys:0x12246e000, pfn:0x12246e, nid:0, npages:1]
          cg.C.x-2568  [003]     2.015555: (+3)     bprint:               do_huge_pmd_numa_page: NUMAB MEM ACCESS huge page process[nid:1, cpu:3, pid:2568], folio[virt:0x7f4c66247f88, ker:0xffff940c2ca00000, pfn:0x1aaca00, nid:1, npages:512]
          cg.C.x-2574  [015]     2.015555: (+0)     bprint:               __handle_mm_fault: NUMAB MEM ACCESS process[nid:1, cpu:15, pid:2574], folio[virt:0x7f4c5cd47fc0, phys:0x185e45e000, pfn:0x185e45e, nid:1, npages:1]
          cg.C.x-2573  [013]     2.015556: (+1)     bprint:               __handle_mm_fault: NUMAB MEM ACCESS process[nid:1, cpu:13, pid:2573], folio[virt:0x7f4c5cd43800, phys:0x185df9f000, pfn:0x185df9f, nid:1, npages:1]
          cg.C.x-2582  [031]     2.015558: (+2)     bprint:               do_huge_pmd_numa_page: NUMAB MEM ACCESS huge page process[nid:1, cpu:31, pid:2582], folio[virt:0x7f4c69ea2370, ker:0xffff940c2d000000, pfn:0x1aad000, nid:1, npages:512]
          cg.C.x-2585  [037]     2.015561: (+3)     bprint:               __handle_mm_fault: NUMAB MEM ACCESS process[nid:1, cpu:37, pid:2585], folio[virt:0x7f4c5cd7a478, phys:0x303f0e3000, pfn:0x303f0e3, nid:1, npages:1]
          cg.C.x-2593  [053]     2.015561: (+0)     bprint:               do_huge_pmd_numa_page: NUMAB MEM ACCESS huge page process[nid:1, cpu:53, pid:2593], folio[virt:0x7f4c6cdee348, ker:0xffff940bdfe00000, pfn:0x1a5fe00, nid:1, npages:512]
          cg.C.x-2577  [021]     2.015565: (+4)     bprint:               __handle_mm_fault: NUMAB MEM ACCESS process[nid:1, cpu:21, pid:2577], folio[virt:0x7f4c5cd55b28, phys:0x185fc9c000, pfn:0x185fc9c, nid:1, npages:1]
          cg.C.x-2536  [002]     2.015566: (+1)     bprint:               do_huge_pmd_numa_page: NUMAB MEM ACCESS huge page process[nid:0, cpu:2, pid:2536], folio[virt:0x7f4c5d87c208, ker:0xffff93f4cc600000, pfn:0x34c600, nid:0, npages:512]
          cg.C.x-2568  [003]     2.015568: (+2)     bprint:               __handle_mm_fault: NUMAB MEM ACCESS process[nid:1, cpu:3, pid:2568], folio[virt:0x7f4c5cd2c7d8, phys:0x186cc3a000, pfn:0x186cc3a, nid:1, npages:1]
          cg.C.x-2552  [034]     2.015568: (+0)     bprint:               do_huge_pmd_numa_page: NUMAB MEM ACCESS huge page process[nid:0, cpu:34, pid:2552], folio[virt:0x7f4c61d82758, ker:0xffff93f48e600000, pfn:0x30e600, nid:0, npages:512]
          cg.C.x-2556  [042]     2.015571: (+3)     bprint:               do_huge_pmd_numa_page: NUMAB MEM ACCESS huge page process[nid:0, cpu:42, pid:2556], folio[virt:0x7f4c62ea5408, ker:0xffff93f4bba00000, pfn:0x33ba00, nid:0, npages:512]
          cg.C.x-2582  [031]     2.015572: (+1)     bprint:               __handle_mm_fault: NUMAB MEM ACCESS process[nid:1, cpu:31, pid:2582], folio[virt:0x7f4c5cd6caf8, phys:0x185e82a000, pfn:0x185e82a, nid:1, npages:1]
          cg.C.x-2566  [062]     2.015573: (+1)     bprint:               do_huge_pmd_numa_page: NUMAB MEM ACCESS huge page process[nid:0, cpu:62, pid:2566], folio[virt:0x7f4c65932948, ker:0xffff940bfa200000, pfn:0x1a7a200, nid:1, npages:512]
          cg.C.x-2593  [053]     2.015574: (+1)     bprint:               __handle_mm_fault: NUMAB MEM ACCESS process[nid:1, cpu:53, pid:2593], folio[virt:0x7f4c5cd9ee40, phys:0x1866865000, pfn:0x1866865, nid:1, npages:1]
          cg.C.x-2550  [030]     2.015576: (+2)     bprint:               do_huge_pmd_numa_page: NUMAB MEM ACCESS huge page process[nid:0, cpu:30, pid:2550], folio[virt:0x7f4c614fa408, ker:0xffff93f4e0200000, pfn:0x360200, nid:0, npages:512]
          cg.C.x-2598  [063]     2.015579: (+3)     bprint:               do_huge_pmd_numa_page: NUMAB MEM ACCESS huge page process[nid:1, cpu:63, pid:2598], folio[virt:0x7f4c6e38ecb8, ker:0xffff940b83600000, pfn:0x1a03600, nid:1, npages:512]
          cg.C.x-2536  [002]     2.015580: (+1)     bprint:               __handle_mm_fault: NUMAB MEM ACCESS process[nid:0, cpu:2, pid:2536], folio[virt:0x7f4c5cc9a058, phys:0x113563000, pfn:0x113563, nid:0, npages:1]
          cg.C.x-2570  [007]     2.015582: (+2)     bprint:               do_huge_pmd_numa_page: NUMAB MEM ACCESS huge page process[nid:1, cpu:7, pid:2570], folio[virt:0x7f4c66afdcb0, ker:0xffff940b85800000, pfn:0x1a05800, nid:1, npages:512]
          cg.C.x-2552  [034]     2.015582: (+0)     bprint:               __handle_mm_fault: NUMAB MEM ACCESS process[nid:0, cpu:34, pid:2552], folio[virt:0x7f4c5cce34c8, phys:0x1107dc000, pfn:0x1107dc, nid:0, npages:1]
          cg.C.x-2556  [042]     2.015585: (+3)     bprint:               __handle_mm_fault: NUMAB MEM ACCESS process[nid:0, cpu:42, pid:2556], folio[virt:0x7f4c5ccf58b8, phys:0x11376e000, pfn:0x11376e, nid:0, npages:1]
          cg.C.x-2596  [059]     2.015585: (+0)     bprint:               do_huge_pmd_numa_page: NUMAB MEM ACCESS huge page process[nid:1, cpu:59, pid:2596], folio[virt:0x7f4c6dae8b08, ker:0xffff940bbb400000, pfn:0x1a3b400, nid:1, npages:512]
          cg.C.x-2598  [063]     2.015587: (+2)     bprint:               __handle_mm_fault: NUMAB MEM ACCESS process[nid:1, cpu:63, pid:2598], folio[virt:0x7f4c5cdb5f28, phys:0x1854cca000, pfn:0x1854cca, nid:1, npages:1]
          cg.C.x-2583  [033]     2.015588: (+1)     bprint:               do_huge_pmd_numa_page: NUMAB MEM ACCESS huge page process[nid:1, cpu:33, pid:2583], folio[virt:0x7f4c6a2e6d08, ker:0xffff940bba800000, pfn:0x1a3a800, nid:1, npages:512]
          cg.C.x-2569  [005]     2.015590: (+2)     sched_switch:         cg.C.x:2569 [120] D ==> swapper/5:0 [120]
          cg.C.x-2585  [037]     2.015590: (+0)     sched_switch:         cg.C.x:2585 [120] D ==> swapper/37:0 [120]
          cg.C.x-2595  [057]     2.015591: (+1)     bprint:               do_huge_pmd_numa_page: NUMAB MEM ACCESS huge page process[nid:1, cpu:57, pid:2595], folio[virt:0x7f4c6d6a7a70, ker:0xffff940be3800000, pfn:0x1a63800, nid:1, npages:512]
          cg.C.x-2550  [030]     2.015591: (+0)     bprint:               __handle_mm_fault: NUMAB MEM ACCESS process[nid:0, cpu:30, pid:2550], folio[virt:0x7f4c5ccda338, phys:0x11633d000, pfn:0x11633d, nid:0, npages:1]
          cg.C.x-2558  [046]     2.015593: (+2)     sched_switch:         cg.C.x:2558 [120] D ==> swapper/46:0 [120]
          cg.C.x-2590  [047]     2.015594: (+1)     bprint:               do_huge_pmd_numa_page: NUMAB MEM ACCESS huge page process[nid:1, cpu:47, pid:2590], folio[virt:0x7f4c6c11afc8, ker:0xffff940be2800000, pfn:0x1a62800, nid:1, npages:512]
          cg.C.x-2570  [007]     2.015594: (+0)     bprint:               __handle_mm_fault: NUMAB MEM ACCESS process[nid:1, cpu:7, pid:2570], folio[virt:0x7f4c5cd35b80, phys:0x185ebd0000, pfn:0x185ebd0, nid:1, npages:1]
          cg.C.x-2584  [035]     2.015596: (+2)     bprint:               do_huge_pmd_numa_page: NUMAB MEM ACCESS huge page process[nid:1, cpu:35, pid:2584], folio[virt:0x7f4c6a71f950, ker:0xffff940bfac00000, pfn:0x1a7ac00, nid:1, npages:512]
          cg.C.x-2574  [015]     2.015598: (+2)     sched_switch:         cg.C.x:2574 [120] D ==> swapper/15:0 [120]
          cg.C.x-2573  [013]     2.015598: (+0)     sched_switch:         cg.C.x:2573 [120] D ==> swapper/13:0 [120]
          cg.C.x-2568  [003]     2.015598: (+0)     sched_switch:         cg.C.x:2568 [120] D ==> swapper/3:0 [120]
          cg.C.x-2577  [021]     2.015598: (+0)     sched_switch:         cg.C.x:2577 [120] D ==> swapper/21:0 [120]
          cg.C.x-2596  [059]     2.015598: (+0)     bprint:               __handle_mm_fault: NUMAB MEM ACCESS process[nid:1, cpu:59, pid:2596], folio[virt:0x7f4c5cdacba0, phys:0x18672ec000, pfn:0x18672ec, nid:1, npages:1]
          cg.C.x-2582  [031]     2.015599: (+1)     sched_switch:         cg.C.x:2582 [120] D ==> swapper/31:0 [120]
          cg.C.x-2559  [048]     2.015600: (+1)     bprint:               do_huge_pmd_numa_page: NUMAB MEM ACCESS huge page process[nid:0, cpu:48, pid:2559], folio[virt:0x7f4c63b96f70, ker:0xffff93f4a5600000, pfn:0x325600, nid:0, npages:512]
          cg.C.x-2570  [007]     2.015601: (+1)     sched_switch:         cg.C.x:2570 [120] D ==> swapper/7:0 [120]
          cg.C.x-2543  [016]     2.015602: (+1)     bprint:               do_huge_pmd_numa_page: NUMAB MEM ACCESS huge page process[nid:0, cpu:16, pid:2543], folio[virt:0x7f4c5f689978, ker:0xffff93f48e200000, pfn:0x30e200, nid:0, npages:512]
          cg.C.x-2583  [033]     2.015603: (+1)     bprint:               __handle_mm_fault: NUMAB MEM ACCESS process[nid:1, cpu:33, pid:2583], folio[virt:0x7f4c5cd713e0, phys:0x186d32f000, pfn:0x186d32f, nid:1, npages:1]
          cg.C.x-2593  [053]     2.015604: (+1)     sched_switch:         cg.C.x:2593 [120] D ==> swapper/53:0 [120]
          cg.C.x-2542  [014]     2.015605: (+1)     bprint:               do_huge_pmd_numa_page: NUMAB MEM ACCESS huge page process[nid:0, cpu:14, pid:2542], folio[virt:0x7f4c5f255080, ker:0xffff93f304600000, pfn:0x184600, nid:0, npages:512]
          cg.C.x-2595  [057]     2.015605: (+0)     bprint:               __handle_mm_fault: NUMAB MEM ACCESS process[nid:1, cpu:57, pid:2595], folio[virt:0x7f4c5cda8328, phys:0x186492e000, pfn:0x186492e, nid:1, npages:1]
          cg.C.x-2590  [047]     2.015607: (+2)     bprint:               __handle_mm_fault: NUMAB MEM ACCESS process[nid:1, cpu:47, pid:2590], folio[virt:0x7f4c5cd91450, phys:0x186ef5b000, pfn:0x186ef5b, nid:1, npages:1]
          cg.C.x-2550  [030]     2.015608: (+1)     sched_switch:         cg.C.x:2550 [120] D ==> swapper/30:0 [120]
          cg.C.x-2592  [051]     2.015608: (+0)     bprint:               do_huge_pmd_numa_page: NUMAB MEM ACCESS huge page process[nid:1, cpu:51, pid:2592], folio[virt:0x7f4c6c9b62c8, ker:0xffff940b85400000, pfn:0x1a05400, nid:1, npages:512]
          cg.C.x-2584  [035]     2.015610: (+2)     bprint:               __handle_mm_fault: NUMAB MEM ACCESS process[nid:1, cpu:35, pid:2584], folio[virt:0x7f4c5cd75b40, phys:0x186ccaa000, pfn:0x186ccaa, nid:1, npages:1]
          cg.C.x-2591  [049]     2.015611: (+1)     sched_waking:         comm=cg.C.x pid=2569 prio=120 target_cpu=005
          cg.C.x-2587  [041]     2.015612: (+1)     bprint:               do_huge_pmd_numa_page: NUMAB MEM ACCESS huge page process[nid:1, cpu:41, pid:2587], folio[virt:0x7f4c6b4269c8, ker:0xffff940bba400000, pfn:0x1a3a400, nid:1, npages:512]
          cg.C.x-2591  [049]     2.015612: (+0)     sched_wake_idle_without_ipi: cpu=5
          cg.C.x-2591  [049]     2.015613: (+1)     sched_waking:         comm=cg.C.x pid=2558 prio=120 target_cpu=046
          cg.C.x-2591  [049]     2.015614: (+1)     sched_wake_idle_without_ipi: cpu=46
          cg.C.x-2556  [042]     2.015614: (+0)     sched_switch:         cg.C.x:2556 [120] D ==> swapper/42:0 [120]
          cg.C.x-2536  [002]     2.015614: (+0)     sched_switch:         cg.C.x:2536 [120] D ==> swapper/2:0 [120]
          cg.C.x-2552  [034]     2.015614: (+0)     sched_switch:         cg.C.x:2552 [120] D ==> swapper/34:0 [120]
          cg.C.x-2591  [049]     2.015614: (+0)     sched_waking:         comm=cg.C.x pid=2574 prio=120 target_cpu=015
          cg.C.x-2559  [048]     2.015614: (+0)     bprint:               __handle_mm_fault: NUMAB MEM ACCESS process[nid:0, cpu:48, pid:2559], folio[virt:0x7f4c5cd035a0, phys:0x13b25e000, pfn:0x13b25e, nid:0, npages:1]
          cg.C.x-2540  [010]     2.015614: (+0)     bprint:               do_huge_pmd_numa_page: NUMAB MEM ACCESS huge page process[nid:0, cpu:10, pid:2540], folio[virt:0x7f4c5e9c7f48, ker:0xffff93f4bb200000, pfn:0x33b200, nid:0, npages:512]
          cg.C.x-2591  [049]     2.015615: (+1)     sched_wake_idle_without_ipi: cpu=15
          cg.C.x-2591  [049]     2.015615: (+0)     sched_waking:         comm=cg.C.x pid=2573 prio=120 target_cpu=013
          cg.C.x-2543  [016]     2.015616: (+1)     bprint:               __handle_mm_fault: NUMAB MEM ACCESS process[nid:0, cpu:16, pid:2543], folio[virt:0x7f4c5ccb9fa8, phys:0x12046e000, pfn:0x12046e, nid:0, npages:1]
          cg.C.x-2591  [049]     2.015616: (+0)     sched_wake_idle_without_ipi: cpu=13
          cg.C.x-2591  [049]     2.015616: (+0)     sched_waking:         comm=cg.C.x pid=2585 prio=120 target_cpu=037
          cg.C.x-2598  [063]     2.015616: (+0)     sched_switch:         cg.C.x:2598 [120] D ==> swapper/63:0 [120]
          cg.C.x-2591  [049]     2.015617: (+1)     sched_wake_idle_without_ipi: cpu=37
          cg.C.x-2542  [014]     2.015617: (+0)     bprint:               __handle_mm_fault: NUMAB MEM ACCESS process[nid:0, cpu:14, pid:2542], folio[virt:0x7f4c5ccb5848, phys:0x378112000, pfn:0x378112, nid:0, npages:1]
          cg.C.x-2591  [049]     2.015617: (+0)     sched_waking:         comm=cg.C.x pid=2577 prio=120 target_cpu=021
          cg.C.x-2591  [049]     2.015617: (+0)     sched_wake_idle_without_ipi: cpu=21
          cg.C.x-2578  [023]     2.015617: (+0)     bprint:               do_huge_pmd_numa_page: NUMAB MEM ACCESS huge page process[nid:1, cpu:23, pid:2578], folio[virt:0x7f4c68d53600, ker:0xffff940be2c00000, pfn:0x1a62c00, nid:1, npages:512]
          <idle>-0     [005]     2.015618: (+1)     sched_wakeup:         cg.C.x:2569 [120] CPU:005
          cg.C.x-2591  [049]     2.015618: (+0)     sched_waking:         comm=cg.C.x pid=2568 prio=120 target_cpu=003
          cg.C.x-2591  [049]     2.015618: (+0)     sched_wake_idle_without_ipi: cpu=3
          cg.C.x-2591  [049]     2.015619: (+1)     sched_waking:         comm=cg.C.x pid=2582 prio=120 target_cpu=031
          <idle>-0     [015]     2.015619: (+0)     sched_wakeup:         cg.C.x:2574 [120] CPU:015
          <idle>-0     [013]     2.015619: (+0)     sched_wakeup:         cg.C.x:2573 [120] CPU:013
          cg.C.x-2591  [049]     2.015620: (+1)     sched_wake_idle_without_ipi: cpu=31
          <idle>-0     [005]     2.015620: (+0)     sched_switch:         swapper/5:0 [120] R ==> cg.C.x:2569 [120]
          cg.C.x-2591  [049]     2.015620: (+0)     sched_waking:         comm=cg.C.x pid=2593 prio=120 target_cpu=053
          cg.C.x-2567  [001]     2.015620: (+0)     bprint:               do_huge_pmd_numa_page: NUMAB MEM ACCESS huge page process[nid:1, cpu:1, pid:2567], folio[virt:0x7f4c65de2808, ker:0xffff940a43000000, pfn:0x18c3000, nid:1, npages:512]
          <idle>-0     [015]     2.015620: (+0)     sched_switch:         swapper/15:0 [120] R ==> cg.C.x:2574 [120]
          cg.C.x-2591  [049]     2.015620: (+0)     sched_wake_idle_without_ipi: cpu=53
          <idle>-0     [037]     2.015621: (+1)     sched_wakeup:         cg.C.x:2585 [120] CPU:037
          <idle>-0     [013]     2.015621: (+0)     sched_switch:         swapper/13:0 [120] R ==> cg.C.x:2573 [120]
          <idle>-0     [046]     2.015621: (+0)     sched_wakeup:         cg.C.x:2558 [120] CPU:046
          cg.C.x-2591  [049]     2.015621: (+0)     sched_waking:         comm=cg.C.x pid=2536 prio=120 target_cpu=002
          cg.C.x-2592  [051]     2.015622: (+1)     bprint:               __handle_mm_fault: NUMAB MEM ACCESS process[nid:1, cpu:51, pid:2592], folio[virt:0x7f4c5cd9a6b0, phys:0x186d6e3000, pfn:0x186d6e3, nid:1, npages:1]
          <idle>-0     [021]     2.015622: (+0)     sched_wakeup:         cg.C.x:2577 [120] CPU:021
          cg.C.x-2591  [049]     2.015622: (+0)     sched_wake_idle_without_ipi: cpu=2
          <idle>-0     [037]     2.015622: (+0)     sched_switch:         swapper/37:0 [120] R ==> cg.C.x:2585 [120]
          <idle>-0     [046]     2.015623: (+1)     sched_switch:         swapper/46:0 [120] R ==> cg.C.x:2558 [120]
          cg.C.x-2591  [049]     2.015623: (+0)     sched_waking:         comm=cg.C.x pid=2552 prio=120 target_cpu=034
          <idle>-0     [053]     2.015623: (+0)     sched_wakeup:         cg.C.x:2593 [120] CPU:053
          <idle>-0     [003]     2.015623: (+0)     sched_wakeup:         cg.C.x:2568 [120] CPU:003
          cg.C.x-2555  [040]     2.015623: (+0)     bprint:               do_huge_pmd_numa_page: NUMAB MEM ACCESS huge page process[nid:0, cpu:40, pid:2555], folio[virt:0x7f4c62a5ae88, ker:0xffff93f467600000, pfn:0x2e7600, nid:0, npages:512]
          <idle>-0     [021]     2.015624: (+1)     sched_switch:         swapper/21:0 [120] R ==> cg.C.x:2577 [120]
          <idle>-0     [031]     2.015624: (+0)     sched_wakeup:         cg.C.x:2582 [120] CPU:031
          cg.C.x-2591  [049]     2.015624: (+0)     sched_wake_idle_without_ipi: cpu=34
          cg.C.x-2587  [041]     2.015624: (+0)     bprint:               __handle_mm_fault: NUMAB MEM ACCESS process[nid:1, cpu:41, pid:2587], folio[virt:0x7f4c5cd83780, phys:0x186cb74000, pfn:0x186cb74, nid:1, npages:1]
          cg.C.x-2591  [049]     2.015624: (+0)     sched_waking:         comm=cg.C.x pid=2556 prio=120 target_cpu=042
          <idle>-0     [003]     2.015625: (+1)     sched_switch:         swapper/3:0 [120] R ==> cg.C.x:2568 [120]
          <idle>-0     [053]     2.015625: (+0)     sched_switch:         swapper/53:0 [120] R ==> cg.C.x:2593 [120]
          <idle>-0     [031]     2.015625: (+0)     sched_switch:         swapper/31:0 [120] R ==> cg.C.x:2582 [120]
          cg.C.x-2591  [049]     2.015625: (+0)     sched_wake_idle_without_ipi: cpu=42
          cg.C.x-2591  [049]     2.015626: (+1)     sched_waking:         comm=cg.C.x pid=2598 prio=120 target_cpu=063
          cg.C.x-2539  [008]     2.015626: (+0)     bprint:               do_huge_pmd_numa_page: NUMAB MEM ACCESS huge page process[nid:0, cpu:8, pid:2539], folio[virt:0x7f4c5e55b670, ker:0xffff93f4bae00000, pfn:0x33ae00, nid:0, npages:512]
          cg.C.x-2591  [049]     2.015626: (+0)     sched_wake_idle_without_ipi: cpu=63
          cg.C.x-2591  [049]     2.015627: (+1)     sched_waking:         comm=cg.C.x pid=2570 prio=120 target_cpu=007
          cg.C.x-2591  [049]     2.015627: (+0)     sched_wake_idle_without_ipi: cpu=7
          cg.C.x-2540  [010]     2.015627: (+0)     bprint:               __handle_mm_fault: NUMAB MEM ACCESS process[nid:0, cpu:10, pid:2540], folio[virt:0x7f4c5ccac6d8, phys:0x1394a6000, pfn:0x1394a6, nid:0, npages:1]
          cg.C.x-2558  [046]     2.015628: (+1)     bprint:               __handle_mm_fault: NUMAB MEM ACCESS process[nid:0, cpu:46, pid:2558], folio[virt:0x7f4c4ee00fe8, phys:0x13960d000, pfn:0x13960d, nid:0, npages:1]
          cg.C.x-2591  [049]     2.015628: (+0)     sched_waking:         comm=cg.C.x pid=2550 prio=120 target_cpu=030
          <idle>-0     [034]     2.015628: (+0)     sched_wakeup:         cg.C.x:2552 [120] CPU:034
          <idle>-0     [002]     2.015628: (+0)     sched_wakeup:         cg.C.x:2536 [120] CPU:002
          cg.C.x-2596  [059]     2.015628: (+0)     sched_switch:         cg.C.x:2596 [120] D ==> swapper/59:0 [120]
          cg.C.x-2591  [049]     2.015629: (+1)     sched_wake_idle_without_ipi: cpu=30
          cg.C.x-2535  [000]     2.015629: (+0)     bprint:               do_huge_pmd_numa_page: NUMAB MEM ACCESS huge page process[nid:0, cpu:0, pid:2535], folio[virt:0x7f4c5d3e0888, ker:0xffff93f29b600000, pfn:0x11b600, nid:0, npages:512]
          cg.C.x-2591  [049]     2.015629: (+0)     sched_waking:         comm=cg.C.x pid=2596 prio=120 target_cpu=059
          <idle>-0     [063]     2.015629: (+0)     sched_wakeup:         cg.C.x:2598 [120] CPU:063
          <idle>-0     [034]     2.015630: (+1)     sched_switch:         swapper/34:0 [120] R ==> cg.C.x:2552 [120]
          <idle>-0     [002]     2.015630: (+0)     sched_switch:         swapper/2:0 [120] R ==> cg.C.x:2536 [120]
          cg.C.x-2578  [023]     2.015630: (+0)     bprint:               __handle_mm_fault: NUMAB MEM ACCESS process[nid:1, cpu:23, pid:2578], folio[virt:0x7f4c5cd5a450, phys:0x186c92b000, pfn:0x186c92b, nid:1, npages:1]
          cg.C.x-2591  [049]     2.015630: (+0)     sched_waking:         comm=cg.C.x pid=2583 prio=120 target_cpu=033
          <idle>-0     [063]     2.015631: (+1)     sched_switch:         swapper/63:0 [120] R ==> cg.C.x:2598 [120]
          <idle>-0     [007]     2.015631: (+0)     sched_wakeup:         cg.C.x:2570 [120] CPU:007
          <idle>-0     [042]     2.015632: (+1)     sched_wakeup:         cg.C.x:2556 [120] CPU:042
          cg.C.x-2562  [054]     2.015632: (+0)     bprint:               do_huge_pmd_numa_page: NUMAB MEM ACCESS huge page process[nid:0, cpu:54, pid:2562], folio[virt:0x7f4c6486cec8, ker:0xffff93f4e1e00000, pfn:0x361e00, nid:0, npages:512]
          cg.C.x-2543  [016]     2.015632: (+0)     bprint:               __handle_mm_fault: NUMAB MEM ACCESS process[nid:0, cpu:16, pid:2543], folio[virt:0x7f4c5ccba000, phys:0x139c94000, pfn:0x139c94, nid:0, npages:1]
          <idle>-0     [007]     2.015633: (+1)     sched_switch:         swapper/7:0 [120] R ==> cg.C.x:2570 [120]
          <idle>-0     [059]     2.015634: (+1)     sched_wakeup:         cg.C.x:2596 [120] CPU:059
          cg.C.x-2567  [001]     2.015634: (+0)     bprint:               __handle_mm_fault: NUMAB MEM ACCESS process[nid:1, cpu:1, pid:2567], folio[virt:0x7f4c5cd27ce0, phys:0x186cdb2000, pfn:0x186cdb2, nid:1, npages:1]
          <idle>-0     [042]     2.015634: (+0)     sched_switch:         swapper/42:0 [120] R ==> cg.C.x:2556 [120]
          cg.C.x-2536  [002]     2.015634: (+0)     bprint:               __handle_mm_fault: NUMAB MEM ACCESS process[nid:0, cpu:2, pid:2536], folio[virt:0x7f4c5ca00fe8, phys:0x110b36000, pfn:0x110b36, nid:0, npages:1]
          cg.C.x-2575  [017]     2.015635: (+1)     bprint:               do_huge_pmd_numa_page: NUMAB MEM ACCESS huge page process[nid:1, cpu:17, pid:2575], folio[virt:0x7f4c68074190, ker:0xffff940b83000000, pfn:0x1a03000, nid:1, npages:512]
          cg.C.x-2552  [034]     2.015635: (+0)     bprint:               __handle_mm_fault: NUMAB MEM ACCESS process[nid:0, cpu:34, pid:2552], folio[virt:0x7f4c52a00fe8, phys:0x1218c7000, pfn:0x1218c7, nid:0, npages:1]
