          cg.C.x-2307  [061]     0.122646: (+5)     bprint:               __handle_mm_fault: NUMAB MEM ACCESS process[nid:1, cpu:61, pid:2307], folio[virt:0x7fc688ced000, phys:0x1867891000, pfn:0x1867891, nid:1, npages:1]
          cg.C.x-2307  [061]     0.122651: (+5)     bprint:               __handle_mm_fault: NUMAB MEM ACCESS process[nid:1, cpu:61, pid:2307], folio[virt:0x7fc688cee000, phys:0x186c60d000, pfn:0x186c60d, nid:1, npages:1]
          cg.C.x-2307  [061]     0.122657: (+6)     bprint:               __handle_mm_fault: NUMAB MEM ACCESS process[nid:1, cpu:61, pid:2307], folio[virt:0x7fc688cef000, phys:0x1857b22000, pfn:0x1857b22, nid:1, npages:1]
          cg.C.x-2307  [061]     0.122661: (+4)     bprint:               __handle_mm_fault: NUMAB MEM ACCESS process[nid:1, cpu:61, pid:2307], folio[virt:0x7fc69b9fa000, phys:0x1857560000, pfn:0x1857560, nid:1, npages:1]
          cg.C.x-2307  [061]     0.122664: (+3)     bprint:               __handle_mm_fault: NUMAB MEM ACCESS process[nid:1, cpu:61, pid:2307], folio[virt:0x7fc688cf0000, phys:0x1857549000, pfn:0x1857549, nid:1, npages:1]
          cg.C.x-2307  [061]     0.122669: (+5)     bprint:               __handle_mm_fault: NUMAB MEM ACCESS process[nid:1, cpu:61, pid:2307], folio[virt:0x7fc688cf1000, phys:0x18670fa000, pfn:0x18670fa, nid:1, npages:1]
          cg.C.x-2307  [061]     0.122674: (+5)     bprint:               __handle_mm_fault: NUMAB MEM ACCESS process[nid:1, cpu:61, pid:2307], folio[virt:0x7fc688cf2000, phys:0x1856c12000, pfn:0x1856c12, nid:1, npages:1]
          cg.C.x-2307  [061]     0.122680: (+6)     bprint:               __handle_mm_fault: NUMAB MEM ACCESS process[nid:1, cpu:61, pid:2307], folio[virt:0x7fc688cf3000, phys:0x1856c2e000, pfn:0x1856c2e, nid:1, npages:1]
          cg.C.x-2307  [061]     0.122684: (+4)     bprint:               __handle_mm_fault: NUMAB MEM ACCESS process[nid:1, cpu:61, pid:2307], folio[virt:0x7fc688cf4000, phys:0x1856c3d000, pfn:0x1856c3d, nid:1, npages:1]
          cg.C.x-2307  [061]     0.122690: (+6)     bprint:               __handle_mm_fault: NUMAB MEM ACCESS process[nid:1, cpu:61, pid:2307], folio[virt:0x7fc688cf5000, phys:0x1856c24000, pfn:0x1856c24, nid:1, npages:1]
          cg.C.x-2307  [061]     0.122695: (+5)     bprint:               __handle_mm_fault: NUMAB MEM ACCESS process[nid:1, cpu:61, pid:2307], folio[virt:0x7fc688cf6000, phys:0x18571ea000, pfn:0x18571ea, nid:1, npages:1]
          cg.C.x-2307  [061]     0.122701: (+6)     bprint:               __handle_mm_fault: NUMAB MEM ACCESS process[nid:1, cpu:61, pid:2307], folio[virt:0x7fc688cf7000, phys:0x1867a67000, pfn:0x1867a67, nid:1, npages:1]
          cg.C.x-2307  [061]     0.122705: (+4)     bprint:               __handle_mm_fault: NUMAB MEM ACCESS process[nid:1, cpu:61, pid:2307], folio[virt:0x7fc688cf8000, phys:0x1854d82000, pfn:0x1854d82, nid:1, npages:1]
          cg.C.x-2307  [061]     0.122711: (+6)     bprint:               __handle_mm_fault: NUMAB MEM ACCESS process[nid:1, cpu:61, pid:2307], folio[virt:0x7fc688cf9000, phys:0x1856e30000, pfn:0x1856e30, nid:1, npages:1]
          cg.C.x-2307  [061]     0.122716: (+5)     bprint:               __handle_mm_fault: NUMAB MEM ACCESS process[nid:1, cpu:61, pid:2307], folio[virt:0x7fc688cfa000, phys:0x1867a60000, pfn:0x1867a60, nid:1, npages:1]
          cg.C.x-2307  [061]     0.122721: (+5)     bprint:               __handle_mm_fault: NUMAB MEM ACCESS process[nid:1, cpu:61, pid:2307], folio[virt:0x7fc688cfb000, phys:0x186786e000, pfn:0x186786e, nid:1, npages:1]
          cg.C.x-2307  [061]     0.122727: (+6)     bprint:               __handle_mm_fault: NUMAB MEM ACCESS process[nid:1, cpu:61, pid:2307], folio[virt:0x7fc688cfc000, phys:0x18587bb000, pfn:0x18587bb, nid:1, npages:1]
          cg.C.x-2307  [061]     0.122732: (+5)     bprint:               __handle_mm_fault: NUMAB MEM ACCESS process[nid:1, cpu:61, pid:2307], folio[virt:0x7fc688cfd000, phys:0x186c606000, pfn:0x186c606, nid:1, npages:1]
          cg.C.x-2307  [061]     0.122737: (+5)     bprint:               __handle_mm_fault: NUMAB MEM ACCESS process[nid:1, cpu:61, pid:2307], folio[virt:0x7fc688cfe000, phys:0x1864ae0000, pfn:0x1864ae0, nid:1, npages:1]
          cg.C.x-2307  [061]     0.122742: (+5)     bprint:               __handle_mm_fault: NUMAB MEM ACCESS process[nid:1, cpu:61, pid:2307], folio[virt:0x7fc688cff000, phys:0x1857719000, pfn:0x1857719, nid:1, npages:1]
          cg.C.x-2307  [061]     0.122747: (+5)     bprint:               __handle_mm_fault: NUMAB MEM ACCESS process[nid:1, cpu:61, pid:2307], folio[virt:0x7fc69b9fb000, phys:0x1864a70000, pfn:0x1864a70, nid:1, npages:1]
          cg.C.x-2307  [061]     0.122750: (+3)     bprint:               __handle_mm_fault: NUMAB MEM ACCESS process[nid:1, cpu:61, pid:2307], folio[virt:0x7fc688d00000, phys:0x1854d80000, pfn:0x1854d80, nid:1, npages:1]
          cg.C.x-2307  [061]     0.122755: (+5)     bprint:               __handle_mm_fault: NUMAB MEM ACCESS process[nid:1, cpu:61, pid:2307], folio[virt:0x7fc688d01000, phys:0x185718f000, pfn:0x185718f, nid:1, npages:1]
          cg.C.x-2307  [061]     0.122760: (+5)     bprint:               __handle_mm_fault: NUMAB MEM ACCESS process[nid:1, cpu:61, pid:2307], folio[virt:0x7fc688d02000, phys:0x1864a4e000, pfn:0x1864a4e, nid:1, npages:1]
          cg.C.x-2307  [061]     0.122768: (+8)     bprint:               __handle_mm_fault: NUMAB MEM ACCESS process[nid:1, cpu:61, pid:2307], folio[virt:0x7fc688d04000, phys:0x186c745000, pfn:0x186c745, nid:1, npages:1]
          cg.C.x-2307  [061]     0.122773: (+5)     bprint:               __handle_mm_fault: NUMAB MEM ACCESS process[nid:1, cpu:61, pid:2307], folio[virt:0x7fc688d05000, phys:0x18671d7000, pfn:0x18671d7, nid:1, npages:1]
          cg.C.x-2307  [061]     0.122778: (+5)     bprint:               __handle_mm_fault: NUMAB MEM ACCESS process[nid:1, cpu:61, pid:2307], folio[virt:0x7fc688d06000, phys:0x18573fd000, pfn:0x18573fd, nid:1, npages:1]
          cg.C.x-2307  [061]     0.122784: (+6)     bprint:               __handle_mm_fault: NUMAB MEM ACCESS process[nid:1, cpu:61, pid:2307], folio[virt:0x7fc688d07000, phys:0x18575a7000, pfn:0x18575a7, nid:1, npages:1]
          cg.C.x-2307  [061]     0.122789: (+5)     bprint:               __handle_mm_fault: NUMAB MEM ACCESS process[nid:1, cpu:61, pid:2307], folio[virt:0x7fc688d08000, phys:0x18572a9000, pfn:0x18572a9, nid:1, npages:1]
          cg.C.x-2307  [061]     0.122794: (+5)     bprint:               __handle_mm_fault: NUMAB MEM ACCESS process[nid:1, cpu:61, pid:2307], folio[virt:0x7fc688d09000, phys:0x186db4f000, pfn:0x186db4f, nid:1, npages:1]
          cg.C.x-2307  [061]     0.122799: (+5)     bprint:               __handle_mm_fault: NUMAB MEM ACCESS process[nid:1, cpu:61, pid:2307], folio[virt:0x7fc688d0a000, phys:0x186db5a000, pfn:0x186db5a, nid:1, npages:1]
          cg.C.x-2307  [061]     0.122804: (+5)     bprint:               __handle_mm_fault: NUMAB MEM ACCESS process[nid:1, cpu:61, pid:2307], folio[virt:0x7fc688d0b000, phys:0x185744f000, pfn:0x185744f, nid:1, npages:1]
          cg.C.x-2307  [061]     0.122810: (+6)     bprint:               __handle_mm_fault: NUMAB MEM ACCESS process[nid:1, cpu:61, pid:2307], folio[virt:0x7fc688d0c000, phys:0x18672ef000, pfn:0x18672ef, nid:1, npages:1]
          cg.C.x-2307  [061]     0.122815: (+5)     bprint:               __handle_mm_fault: NUMAB MEM ACCESS process[nid:1, cpu:61, pid:2307], folio[virt:0x7fc688d0d000, phys:0x1855e88000, pfn:0x1855e88, nid:1, npages:1]
          cg.C.x-2307  [061]     0.122820: (+5)     bprint:               __handle_mm_fault: NUMAB MEM ACCESS process[nid:1, cpu:61, pid:2307], folio[virt:0x7fc688d0e000, phys:0x185dc57000, pfn:0x185dc57, nid:1, npages:1]
          cg.C.x-2307  [061]     0.122825: (+5)     bprint:               __handle_mm_fault: NUMAB MEM ACCESS process[nid:1, cpu:61, pid:2307], folio[virt:0x7fc688d0f000, phys:0x185766d000, pfn:0x185766d, nid:1, npages:1]
          cg.C.x-2307  [061]     0.122830: (+5)     bprint:               __handle_mm_fault: NUMAB MEM ACCESS process[nid:1, cpu:61, pid:2307], folio[virt:0x7fc69b9fc000, phys:0x185dc42000, pfn:0x185dc42, nid:1, npages:1]
          cg.C.x-2307  [061]     0.122833: (+3)     bprint:               __handle_mm_fault: NUMAB MEM ACCESS process[nid:1, cpu:61, pid:2307], folio[virt:0x7fc688d10000, phys:0x185dc1f000, pfn:0x185dc1f, nid:1, npages:1]
          cg.C.x-2307  [061]     0.122838: (+5)     bprint:               __handle_mm_fault: NUMAB MEM ACCESS process[nid:1, cpu:61, pid:2307], folio[virt:0x7fc688d11000, phys:0x185840a000, pfn:0x185840a, nid:1, npages:1]
          cg.C.x-2307  [061]     0.122843: (+5)     bprint:               __handle_mm_fault: NUMAB MEM ACCESS process[nid:1, cpu:61, pid:2307], folio[virt:0x7fc688d12000, phys:0x18676e7000, pfn:0x18676e7, nid:1, npages:1]
          cg.C.x-2307  [061]     0.122849: (+6)     bprint:               __handle_mm_fault: NUMAB MEM ACCESS process[nid:1, cpu:61, pid:2307], folio[virt:0x7fc688d13000, phys:0x186771d000, pfn:0x186771d, nid:1, npages:1]
          cg.C.x-2307  [061]     0.122854: (+5)     bprint:               __handle_mm_fault: NUMAB MEM ACCESS process[nid:1, cpu:61, pid:2307], folio[virt:0x7fc688d14000, phys:0x185e471000, pfn:0x185e471, nid:1, npages:1]
          cg.C.x-2307  [061]     0.122859: (+5)     bprint:               __handle_mm_fault: NUMAB MEM ACCESS process[nid:1, cpu:61, pid:2307], folio[virt:0x7fc688d15000, phys:0x186deb2000, pfn:0x186deb2, nid:1, npages:1]
          cg.C.x-2307  [061]     0.122864: (+5)     bprint:               __handle_mm_fault: NUMAB MEM ACCESS process[nid:1, cpu:61, pid:2307], folio[virt:0x7fc688d16000, phys:0x185eb72000, pfn:0x185eb72, nid:1, npages:1]
          cg.C.x-2307  [061]     0.122868: (+4)     bprint:               __handle_mm_fault: NUMAB MEM ACCESS process[nid:1, cpu:61, pid:2307], folio[virt:0x7fc688d17000, phys:0x185ebc9000, pfn:0x185ebc9, nid:1, npages:1]
          cg.C.x-2307  [061]     0.122873: (+5)     bprint:               __handle_mm_fault: NUMAB MEM ACCESS process[nid:1, cpu:61, pid:2307], folio[virt:0x7fc688d18000, phys:0x185eb5b000, pfn:0x185eb5b, nid:1, npages:1]
          cg.C.x-2307  [061]     0.122878: (+5)     bprint:               __handle_mm_fault: NUMAB MEM ACCESS process[nid:1, cpu:61, pid:2307], folio[virt:0x7fc688d19000, phys:0x185eb65000, pfn:0x185eb65, nid:1, npages:1]
          cg.C.x-2307  [061]     0.122884: (+6)     bprint:               __handle_mm_fault: NUMAB MEM ACCESS process[nid:1, cpu:61, pid:2307], folio[virt:0x7fc688d1a000, phys:0x1854f37000, pfn:0x1854f37, nid:1, npages:1]
          cg.C.x-2307  [061]     0.122889: (+5)     bprint:               __handle_mm_fault: NUMAB MEM ACCESS process[nid:1, cpu:61, pid:2307], folio[virt:0x7fc688d1b000, phys:0x185eb7e000, pfn:0x185eb7e, nid:1, npages:1]
          cg.C.x-2307  [061]     0.122894: (+5)     bprint:               __handle_mm_fault: NUMAB MEM ACCESS process[nid:1, cpu:61, pid:2307], folio[virt:0x7fc688d1c000, phys:0x185eb1c000, pfn:0x185eb1c, nid:1, npages:1]
          cg.C.x-2307  [061]     0.122900: (+6)     bprint:               __handle_mm_fault: NUMAB MEM ACCESS process[nid:1, cpu:61, pid:2307], folio[virt:0x7fc688d1d000, phys:0x1866d81000, pfn:0x1866d81, nid:1, npages:1]
          cg.C.x-2307  [061]     0.122905: (+5)     bprint:               __handle_mm_fault: NUMAB MEM ACCESS process[nid:1, cpu:61, pid:2307], folio[virt:0x7fc688d1e000, phys:0x185e694000, pfn:0x185e694, nid:1, npages:1]
          cg.C.x-2307  [061]     0.122910: (+5)     bprint:               __handle_mm_fault: NUMAB MEM ACCESS process[nid:1, cpu:61, pid:2307], folio[virt:0x7fc688d1f000, phys:0x185e63e000, pfn:0x185e63e, nid:1, npages:1]
          cg.C.x-2307  [061]     0.122916: (+6)     bprint:               __handle_mm_fault: NUMAB MEM ACCESS process[nid:1, cpu:61, pid:2307], folio[virt:0x7fc69b9fd000, phys:0x186db68000, pfn:0x186db68, nid:1, npages:1]
          cg.C.x-2307  [061]     0.122918: (+2)     bprint:               __handle_mm_fault: NUMAB MEM ACCESS process[nid:1, cpu:61, pid:2307], folio[virt:0x7fc688d20000, phys:0x186d303000, pfn:0x186d303, nid:1, npages:1]
          cg.C.x-2307  [061]     0.122924: (+6)     bprint:               __handle_mm_fault: NUMAB MEM ACCESS process[nid:1, cpu:61, pid:2307], folio[virt:0x7fc688d21000, phys:0x186ce13000, pfn:0x186ce13, nid:1, npages:1]
          cg.C.x-2307  [061]     0.122928: (+4)     bprint:               __handle_mm_fault: NUMAB MEM ACCESS process[nid:1, cpu:61, pid:2307], folio[virt:0x7fc688d22000, phys:0x186d0ba000, pfn:0x186d0ba, nid:1, npages:1]
          cg.C.x-2307  [061]     0.122934: (+6)     bprint:               __handle_mm_fault: NUMAB MEM ACCESS process[nid:1, cpu:61, pid:2307], folio[virt:0x7fc688d23000, phys:0x1854c56000, pfn:0x1854c56, nid:1, npages:1]
          cg.C.x-2307  [061]     0.122939: (+5)     bprint:               __handle_mm_fault: NUMAB MEM ACCESS process[nid:1, cpu:61, pid:2307], folio[virt:0x7fc688d24000, phys:0x186d5c5000, pfn:0x186d5c5, nid:1, npages:1]
          cg.C.x-2307  [061]     0.122955: (+16)    bprint:               __handle_mm_fault: NUMAB MEM ACCESS process[nid:1, cpu:61, pid:2307], folio[virt:0x7fc69bd206c0, phys:0x112d00000, pfn:0x112d00, nid:0, npages:1]
          cg.C.x-2307  [061]     0.122956: (+1)     bprint:               __handle_mm_fault: NUMAB TRY MEM MIGR process[nid:1, cpu:61, pid:2307], folio[virt:0x7fc69bd206c0, phys:0x112d00000, nid:0], target_nid:1
          cg.C.x-2307  [061]     0.122966: (+10)    bprint:               __handle_mm_fault: NUMAB COMPLETED MEM MIGR process[nid:1, cpu:61, pid:2307], old[phys:0x112d00000, nid:0, npages:1], new[phys:0x186786a000, nid:1, npages:1]
          cg.C.x-2245  [000]     0.125912: (+2946)  bprint:               __handle_mm_fault: NUMAB MEM ACCESS process[nid:0, cpu:0, pid:2245], folio[virt:0x7fc69c0cb7a4, phys:0x112676000, pfn:0x112676, nid:0, npages:1]
          cg.C.x-2247  [004]     0.127060: (+1148)  bprint:               __handle_mm_fault: NUMAB MEM ACCESS process[nid:0, cpu:4, pid:2247], folio[virt:0x7fc6616002a4, phys:0x13b9dd000, pfn:0x13b9dd, nid:0, npages:1]
          cg.C.x-2248  [006]     0.127650: (+590)   bprint:               __handle_mm_fault: NUMAB MEM ACCESS process[nid:0, cpu:6, pid:2248], folio[virt:0x7fc660c002a4, phys:0x13a6ef000, pfn:0x13a6ef, nid:0, npages:1]
          cg.C.x-2249  [008]     0.128148: (+498)   bprint:               __handle_mm_fault: NUMAB MEM ACCESS process[nid:0, cpu:8, pid:2249], folio[virt:0x7fc6602002a4, phys:0x1205d0000, pfn:0x1205d0, nid:0, npages:1]
          cg.C.x-2250  [010]     0.128579: (+431)   bprint:               __handle_mm_fault: NUMAB MEM ACCESS process[nid:0, cpu:10, pid:2250], folio[virt:0x7fc65f8002a4, phys:0x112373000, pfn:0x112373, nid:0, npages:1]
          cg.C.x-2252  [014]     0.129496: (+917)   bprint:               __handle_mm_fault: NUMAB MEM ACCESS process[nid:0, cpu:14, pid:2252], folio[virt:0x7fc65e4002a4, phys:0x1397fb000, pfn:0x1397fb, nid:0, npages:1]
          cg.C.x-2253  [016]     0.129950: (+454)   bprint:               __handle_mm_fault: NUMAB MEM ACCESS process[nid:0, cpu:16, pid:2253], folio[virt:0x7fc65da002a4, phys:0x13a0fd000, pfn:0x13a0fd, nid:0, npages:1]
          cg.C.x-2254  [018]     0.130396: (+446)   bprint:               __handle_mm_fault: NUMAB MEM ACCESS process[nid:0, cpu:18, pid:2254], folio[virt:0x7fc65d0002a4, phys:0x13a120000, pfn:0x13a120, nid:0, npages:1]
          cg.C.x-2255  [020]     0.130893: (+497)   bprint:               __handle_mm_fault: NUMAB MEM ACCESS process[nid:0, cpu:20, pid:2255], folio[virt:0x7fc65c6002a4, phys:0x139138000, pfn:0x139138, nid:0, npages:1]
          cg.C.x-2256  [022]     0.131379: (+486)   bprint:               __handle_mm_fault: NUMAB MEM ACCESS process[nid:0, cpu:22, pid:2256], folio[virt:0x7fc65bc002a4, phys:0x139140000, pfn:0x139140, nid:0, npages:1]
          cg.C.x-2261  [032]     0.131520: (+141)   bprint:               __handle_mm_fault: NUMAB MEM ACCESS process[nid:0, cpu:32, pid:2261], folio[virt:0x7fc658a002a4, phys:0x1390dd000, pfn:0x1390dd, nid:0, npages:1]
          cg.C.x-2262  [034]     0.131816: (+296)   bprint:               __handle_mm_fault: NUMAB MEM ACCESS process[nid:0, cpu:34, pid:2262], folio[virt:0x7fc6580002a4, phys:0x13a40d000, pfn:0x13a40d, nid:0, npages:1]
          cg.C.x-2257  [024]     0.131874: (+58)    bprint:               __handle_mm_fault: NUMAB MEM ACCESS process[nid:0, cpu:24, pid:2257], folio[virt:0x7fc65b2002a4, phys:0x121609000, pfn:0x121609, nid:0, npages:1]
          cg.C.x-2263  [036]     0.132181: (+307)   bprint:               __handle_mm_fault: NUMAB MEM ACCESS process[nid:0, cpu:36, pid:2263], folio[virt:0x7fc6576002a4, phys:0x113560000, pfn:0x113560, nid:0, npages:1]
          cg.C.x-2258  [026]     0.132372: (+191)   bprint:               __handle_mm_fault: NUMAB MEM ACCESS process[nid:0, cpu:26, pid:2258], folio[virt:0x7fc65a8002a4, phys:0x153600000, pfn:0x153600, nid:0, npages:1]
          cg.C.x-2264  [038]     0.132522: (+150)   bprint:               __handle_mm_fault: NUMAB MEM ACCESS process[nid:0, cpu:38, pid:2264], folio[virt:0x7fc656c002a4, phys:0x113688000, pfn:0x113688, nid:0, npages:1]
          cg.C.x-2259  [028]     0.132875: (+353)   bprint:               __handle_mm_fault: NUMAB MEM ACCESS process[nid:0, cpu:28, pid:2259], folio[virt:0x7fc659e002a4, phys:0x153608000, pfn:0x153608, nid:0, npages:1]
          cg.C.x-2265  [040]     0.132904: (+29)    bprint:               __handle_mm_fault: NUMAB MEM ACCESS process[nid:0, cpu:40, pid:2265], folio[virt:0x7fc6562002a4, phys:0x110620000, pfn:0x110620, nid:0, npages:1]
          cg.C.x-2266  [042]     0.133211: (+307)   bprint:               __handle_mm_fault: NUMAB MEM ACCESS process[nid:0, cpu:42, pid:2266], folio[virt:0x7fc6558002a4, phys:0x112e41000, pfn:0x112e41, nid:0, npages:1]
          cg.C.x-2260  [030]     0.133334: (+123)   bprint:               __handle_mm_fault: NUMAB MEM ACCESS process[nid:0, cpu:30, pid:2260], folio[virt:0x7fc6594002a4, phys:0x110c6e000, pfn:0x110c6e, nid:0, npages:1]
          cg.C.x-2267  [044]     0.133547: (+213)   bprint:               __handle_mm_fault: NUMAB MEM ACCESS process[nid:0, cpu:44, pid:2267], folio[virt:0x7fc654e002a4, phys:0x113f8f000, pfn:0x113f8f, nid:0, npages:1]
          cg.C.x-2268  [046]     0.133839: (+292)   bprint:               __handle_mm_fault: NUMAB MEM ACCESS process[nid:0, cpu:46, pid:2268], folio[virt:0x7fc6544002a4, phys:0x1215bf000, pfn:0x1215bf, nid:0, npages:1]
          cg.C.x-2269  [048]     0.134185: (+346)   bprint:               __handle_mm_fault: NUMAB MEM ACCESS process[nid:0, cpu:48, pid:2269], folio[virt:0x7fc653a002a4, phys:0x139377000, pfn:0x139377, nid:0, npages:1]
          cg.C.x-2270  [050]     0.134491: (+306)   bprint:               __handle_mm_fault: NUMAB MEM ACCESS process[nid:0, cpu:50, pid:2270], folio[virt:0x7fc6530002a4, phys:0x1537d5000, pfn:0x1537d5, nid:0, npages:1]
          cg.C.x-2271  [052]     0.134783: (+292)   bprint:               __handle_mm_fault: NUMAB MEM ACCESS process[nid:0, cpu:52, pid:2271], folio[virt:0x7fc6526002a4, phys:0x112586000, pfn:0x112586, nid:0, npages:1]
          cg.C.x-2272  [054]     0.135053: (+270)   bprint:               __handle_mm_fault: NUMAB MEM ACCESS process[nid:0, cpu:54, pid:2272], folio[virt:0x7fc651c002a4, phys:0x1123d8000, pfn:0x1123d8, nid:0, npages:1]
          cg.C.x-2273  [056]     0.135279: (+226)   bprint:               __handle_mm_fault: NUMAB MEM ACCESS process[nid:0, cpu:56, pid:2273], folio[virt:0x7fc6512002a4, phys:0x13a362000, pfn:0x13a362, nid:0, npages:1]
          cg.C.x-2274  [058]     0.135493: (+214)   bprint:               __handle_mm_fault: NUMAB MEM ACCESS process[nid:0, cpu:58, pid:2274], folio[virt:0x7fc6508002a4, phys:0x150399000, pfn:0x150399, nid:0, npages:1]
          cg.C.x-2275  [060]     0.135687: (+194)   bprint:               __handle_mm_fault: NUMAB MEM ACCESS process[nid:0, cpu:60, pid:2275], folio[virt:0x7fc64fe002a4, phys:0x15039a000, pfn:0x15039a, nid:0, npages:1]
          cg.C.x-2276  [062]     0.135845: (+158)   bprint:               __handle_mm_fault: NUMAB MEM ACCESS process[nid:0, cpu:62, pid:2276], folio[virt:0x7fc64f4002a4, phys:0x112679000, pfn:0x112679, nid:0, npages:1]
          cg.C.x-2263  [036]     0.135858: (+13)    bprint:               __handle_mm_fault: NUMAB MEM ACCESS process[nid:0, cpu:36, pid:2263], folio[virt:0x5572ddddb340, phys:0x110aab000, pfn:0x110aab, nid:0, npages:1]
          cg.C.x-2261  [032]     0.135870: (+12)    bprint:               __handle_mm_fault: NUMAB MEM ACCESS process[nid:0, cpu:32, pid:2261], folio[virt:0x7fc69bcaa3d0, phys:0x112611000, pfn:0x112611, nid:0, npages:1]
          cg.C.x-2245  [000]     0.135888: (+18)    bprint:               do_huge_pmd_numa_page: NUMAB MEM ACCESS huge page process[nid:0, cpu:0, pid:2245], folio[virt:0x7fc675e00010, ker:0xffff93f29b400000, pfn:0x11b400, nid:0, npages:512]
          cg.C.x-2245  [000]     0.135896: (+8)     bprint:               do_huge_pmd_numa_page: NUMAB MEM ACCESS huge page process[nid:0, cpu:0, pid:2245], folio[virt:0x7fc688e00010, ker:0xffff93f2d3800000, pfn:0x153800, nid:0, npages:512]
          cg.C.x-2245  [000]     0.140677: (+4781)  bprint:               __handle_mm_fault: NUMAB MEM ACCESS process[nid:0, cpu:0, pid:2245], folio[virt:0x7ffc83616dc0, phys:0x110bde000, pfn:0x110bde, nid:0, npages:1]
          cg.C.x-2245  [000]     0.140693: (+16)    bprint:               __handle_mm_fault: NUMAB MEM ACCESS process[nid:0, cpu:0, pid:2245], folio[virt:0x7fc69c10f360, phys:0x10ff30000, pfn:0x10ff30, nid:0, npages:1]
          cg.C.x-2245  [000]     0.140702: (+9)     bprint:               __handle_mm_fault: NUMAB MEM ACCESS process[nid:0, cpu:0, pid:2245], folio[virt:0x7fc69c0ce818, phys:0x112644000, pfn:0x112644, nid:0, npages:1]
          cg.C.x-2245  [000]     0.140708: (+6)     bprint:               __handle_mm_fault: NUMAB MEM ACCESS process[nid:0, cpu:0, pid:2245], folio[virt:0x7fc69c10eab8, phys:0x183feb4000, pfn:0x183feb4, nid:0, npages:1]
          cg.C.x-2245  [000]     0.140715: (+7)     bprint:               __handle_mm_fault: NUMAB MEM ACCESS process[nid:0, cpu:0, pid:2245], folio[virt:0x7fc69c0da438, phys:0x123168000, pfn:0x123168, nid:0, npages:1]
          cg.C.x-2245  [000]     0.140729: (+14)    bprint:               __handle_mm_fault: NUMAB MEM ACCESS process[nid:0, cpu:0, pid:2245], folio[virt:0x7fc69bdff090, phys:0x123166000, pfn:0x123166, nid:0, npages:1]
          cg.C.x-2245  [000]     0.140779: (+50)    bprint:               __handle_mm_fault: NUMAB MEM ACCESS process[nid:0, cpu:0, pid:2245], folio[virt:0x7fc69b96b010, phys:0x15042a000, pfn:0x15042a, nid:0, npages:1]
          cg.C.x-2245  [000]     0.140787: (+8)     bprint:               do_huge_pmd_numa_page: NUMAB MEM ACCESS huge page process[nid:0, cpu:0, pid:2245], folio[virt:0x7fc674a00088, ker:0xffff93f2aac00000, pfn:0x12ac00, nid:0, npages:512]
          cg.C.x-2261  [032]     0.162462: (+21675) bprint:               __handle_mm_fault: NUMAB MEM ACCESS process[nid:0, cpu:32, pid:2261], folio[virt:0x7fc69b977000, phys:0x121c09000, pfn:0x121c09, nid:0, npages:1]
          cg.C.x-2277  [001]     0.163725: (+1263)  sched_waking:         comm=kworker/1:0 pid=25 prio=120 target_cpu=001
          cg.C.x-2277  [001]     0.163735: (+10)    sched_wakeup:         kworker/1:0:25 [120] CPU:001
          cg.C.x-2261  [032]     0.164093: (+358)   bprint:               __handle_mm_fault: NUMAB MEM ACCESS process[nid:0, cpu:32, pid:2261], folio[virt:0x7fc69b978000, phys:0x121c0a000, pfn:0x121c0a, nid:0, npages:1]
          cg.C.x-2261  [032]     0.165739: (+1646)  bprint:               __handle_mm_fault: NUMAB MEM ACCESS process[nid:0, cpu:32, pid:2261], folio[virt:0x7fc69b979000, phys:0x113dae000, pfn:0x113dae, nid:0, npages:1]
          cg.C.x-2261  [032]     0.167117: (+1378)  bprint:               __handle_mm_fault: NUMAB MEM ACCESS process[nid:0, cpu:32, pid:2261], folio[virt:0x7fc69b97a000, phys:0x113d69000, pfn:0x113d69, nid:0, npages:1]
          cg.C.x-2277  [001]     0.167732: (+615)   sched_switch:         cg.C.x:2277 [120] R ==> kworker/1:0:25 [120]
     kworker/1:0-25    [001]     0.167758: (+26)    sched_switch:         kworker/1:0:25 [120] I ==> cg.C.x:2277 [120]
          cg.C.x-2261  [032]     0.168757: (+999)   bprint:               __handle_mm_fault: NUMAB MEM ACCESS process[nid:0, cpu:32, pid:2261], folio[virt:0x7fc69b97b000, phys:0x139142000, pfn:0x139142, nid:0, npages:1]
          cg.C.x-2261  [032]     0.168763: (+6)     bprint:               do_huge_pmd_numa_page: NUMAB MEM ACCESS huge page process[nid:0, cpu:32, pid:2261], folio[virt:0x7fc674c00200, ker:0xffff93f2c2000000, pfn:0x142000, nid:0, npages:512]
          cg.C.x-2261  [032]     0.196636: (+27873) bprint:               do_huge_pmd_numa_page: NUMAB MEM ACCESS huge page process[nid:0, cpu:32, pid:2261], folio[virt:0x7fc674e00000, ker:0xffff93f41e000000, pfn:0x29e000, nid:0, npages:512]
          cg.C.x-2305  [057]     0.228377: (+31741) bprint:               do_huge_pmd_numa_page: NUMAB MEM ACCESS huge page process[nid:1, cpu:57, pid:2305], folio[virt:0x7fc675000010, ker:0xffff93f2aae00000, pfn:0x12ae00, nid:0, npages:512]
          cg.C.x-2304  [055]     0.228442: (+65)    bprint:               do_huge_pmd_numa_page: NUMAB MEM ACCESS huge page process[nid:1, cpu:55, pid:2304], folio[virt:0x7fc675000438, ker:0xffff93f2aae00000, pfn:0x12ae00, nid:0, npages:512]
          cg.C.x-2304  [055]     0.228444: (+2)     bprint:               migrate_misplaced_folio: NUMAB pid:2304 ABORTING MEM MIGR because !isolated
          cg.C.x-2304  [055]     0.228466: (+22)    sched_stick_numa:     src_pid=2304 src_tgid=2245 src_ngid=2302 src_cpu=55 src_nid=1 dst_pid=0 dst_tgid=0 dst_ngid=0 dst_cpu=-1 dst_nid=-1
          cg.C.x-2304  [055]     0.228846: (+380)   sched_switch:         cg.C.x:2304 [120] D ==> swapper/55:0 [120]
          cg.C.x-2308  [063]     0.228847: (+1)     sched_switch:         cg.C.x:2308 [120] D ==> swapper/63:0 [120]
          cg.C.x-2301  [049]     0.228847: (+0)     sched_switch:         cg.C.x:2301 [120] D ==> swapper/49:0 [120]
          cg.C.x-2302  [051]     0.228847: (+0)     sched_switch:         cg.C.x:2302 [120] D ==> swapper/51:0 [120]
          cg.C.x-2298  [043]     0.228847: (+0)     sched_switch:         cg.C.x:2298 [120] D ==> swapper/43:0 [120]
          cg.C.x-2292  [031]     0.228960: (+113)   sched_switch:         cg.C.x:2292 [120] D ==> swapper/31:0 [120]
          cg.C.x-2305  [057]     0.229171: (+211)   sched_waking:         comm=cg.C.x pid=2302 prio=120 target_cpu=051
          cg.C.x-2305  [057]     0.229172: (+1)     sched_wake_idle_without_ipi: cpu=51
          cg.C.x-2305  [057]     0.229173: (+1)     sched_waking:         comm=cg.C.x pid=2304 prio=120 target_cpu=055
          cg.C.x-2305  [057]     0.229174: (+1)     sched_wake_idle_without_ipi: cpu=55
          cg.C.x-2305  [057]     0.229174: (+0)     sched_waking:         comm=cg.C.x pid=2308 prio=120 target_cpu=063
          cg.C.x-2305  [057]     0.229175: (+1)     sched_wake_idle_without_ipi: cpu=63
          cg.C.x-2305  [057]     0.229175: (+0)     sched_waking:         comm=cg.C.x pid=2301 prio=120 target_cpu=049
          cg.C.x-2305  [057]     0.229176: (+1)     sched_wake_idle_without_ipi: cpu=49
          cg.C.x-2305  [057]     0.229176: (+0)     sched_waking:         comm=cg.C.x pid=2298 prio=120 target_cpu=043
          cg.C.x-2305  [057]     0.229177: (+1)     sched_wake_idle_without_ipi: cpu=43
          cg.C.x-2305  [057]     0.229178: (+1)     sched_waking:         comm=cg.C.x pid=2292 prio=120 target_cpu=031
          cg.C.x-2305  [057]     0.229178: (+0)     sched_wake_idle_without_ipi: cpu=31
          <idle>-0     [063]     0.229180: (+2)     sched_wakeup:         cg.C.x:2308 [120] CPU:063
          <idle>-0     [055]     0.229180: (+0)     sched_wakeup:         cg.C.x:2304 [120] CPU:055
          <idle>-0     [051]     0.229180: (+0)     sched_wakeup:         cg.C.x:2302 [120] CPU:051
          <idle>-0     [049]     0.229181: (+1)     sched_wakeup:         cg.C.x:2301 [120] CPU:049
          <idle>-0     [051]     0.229182: (+1)     sched_switch:         swapper/51:0 [120] R ==> cg.C.x:2302 [120]
          <idle>-0     [055]     0.229182: (+0)     sched_switch:         swapper/55:0 [120] R ==> cg.C.x:2304 [120]
          <idle>-0     [031]     0.229182: (+0)     sched_wakeup:         cg.C.x:2292 [120] CPU:031
          <idle>-0     [043]     0.229182: (+0)     sched_wakeup:         cg.C.x:2298 [120] CPU:043
          <idle>-0     [063]     0.229183: (+1)     sched_switch:         swapper/63:0 [120] R ==> cg.C.x:2308 [120]
          <idle>-0     [049]     0.229183: (+0)     sched_switch:         swapper/49:0 [120] R ==> cg.C.x:2301 [120]
          <idle>-0     [031]     0.229183: (+0)     sched_switch:         swapper/31:0 [120] R ==> cg.C.x:2292 [120]
          <idle>-0     [043]     0.229184: (+1)     sched_switch:         swapper/43:0 [120] R ==> cg.C.x:2298 [120]
          cg.C.x-2290  [027]     0.231755: (+2571)  bprint:               change_prot_numa: NUMAB SCAN vma[start:0x7fc69b96b000, end:0x7fc69ba91000, from:0x7fc69b96b000, to:0x7fc69ba91000, size:1176 KB]
          cg.C.x-2289  [025]     0.231787: (+32)    bprint:               __handle_mm_fault: NUMAB MEM ACCESS process[nid:1, cpu:25, pid:2289], folio[virt:0x7fc69b99c000, phys:0x110d1b000, pfn:0x110d1b, nid:0, npages:1]
          cg.C.x-2289  [025]     0.231790: (+3)     bprint:               __handle_mm_fault: NUMAB TRY MEM MIGR process[nid:1, cpu:25, pid:2289], folio[virt:0x7fc69b99c000, phys:0x110d1b000, nid:0], target_nid:1
          cg.C.x-2296  [039]     0.231821: (+31)    bprint:               __handle_mm_fault: NUMAB MEM ACCESS process[nid:1, cpu:39, pid:2296], folio[virt:0x7fc69ba73388, phys:0x1866b51000, pfn:0x1866b51, nid:1, npages:1]
          cg.C.x-2289  [025]     0.231822: (+1)     sched_waking:         comm=cg.C.x pid=2292 prio=120 target_cpu=031
          cg.C.x-2292  [031]     0.231822: (+0)     sched_switch:         cg.C.x:2292 [120] D ==> swapper/31:0 [120]
          cg.C.x-2308  [063]     0.231822: (+0)     sched_switch:         cg.C.x:2308 [120] D ==> swapper/63:0 [120]
          cg.C.x-2289  [025]     0.231823: (+1)     sched_waking:         comm=cg.C.x pid=2308 prio=120 target_cpu=063
          cg.C.x-2301  [049]     0.231823: (+0)     sched_switch:         cg.C.x:2301 [120] D ==> swapper/49:0 [120]
          cg.C.x-2304  [055]     0.231824: (+1)     sched_switch:         cg.C.x:2304 [120] D ==> swapper/55:0 [120]
          cg.C.x-2289  [025]     0.231824: (+0)     sched_waking:         comm=cg.C.x pid=2304 prio=120 target_cpu=055
          cg.C.x-2289  [025]     0.231824: (+0)     sched_waking:         comm=cg.C.x pid=2301 prio=120 target_cpu=049
          cg.C.x-2297  [041]     0.231824: (+0)     bprint:               __handle_mm_fault: NUMAB MEM ACCESS process[nid:1, cpu:41, pid:2297], folio[virt:0x7fc69ba75228, phys:0x185eb1d000, pfn:0x185eb1d, nid:1, npages:1]
          cg.C.x-2252  [014]     0.231824: (+0)     bprint:               __handle_mm_fault: NUMAB MEM ACCESS process[nid:0, cpu:14, pid:2252], folio[virt:0x7fc69b993df8, phys:0x153b21000, pfn:0x153b21, nid:0, npages:1]
          <idle>-0     [031]     0.231829: (+5)     sched_wakeup:         cg.C.x:2292 [120] CPU:031
          cg.C.x-2278  [003]     0.231829: (+0)     bprint:               __handle_mm_fault: NUMAB MEM ACCESS process[nid:1, cpu:3, pid:2278], folio[virt:0x7fc69ba4b448, phys:0x1864abb000, pfn:0x1864abb, nid:1, npages:1]
          cg.C.x-2262  [034]     0.231829: (+0)     bprint:               __handle_mm_fault: NUMAB MEM ACCESS process[nid:0, cpu:34, pid:2262], folio[virt:0x7fc69b9940d8, phys:0x153b22000, pfn:0x153b22, nid:0, npages:1]
          <idle>-0     [031]     0.231831: (+2)     sched_switch:         swapper/31:0 [120] R ==> cg.C.x:2292 [120]
          cg.C.x-2291  [029]     0.231832: (+1)     bprint:               __handle_mm_fault: NUMAB MEM ACCESS process[nid:1, cpu:29, pid:2291], folio[virt:0x7fc69ba6907c, phys:0x185f609000, pfn:0x185f609, nid:1, npages:1]
          cg.C.x-2258  [026]     0.231833: (+1)     bprint:               __handle_mm_fault: NUMAB MEM ACCESS process[nid:0, cpu:26, pid:2258], folio[virt:0x7fc69b99224c, phys:0x153b20000, pfn:0x153b20, nid:0, npages:1]
          <idle>-0     [063]     0.231834: (+1)     sched_wakeup:         cg.C.x:2308 [120] CPU:063
          <idle>-0     [049]     0.231834: (+0)     sched_wakeup:         cg.C.x:2301 [120] CPU:049
          <idle>-0     [055]     0.231834: (+0)     sched_wakeup:         cg.C.x:2304 [120] CPU:055
          cg.C.x-2300  [047]     0.231835: (+1)     bprint:               __handle_mm_fault: NUMAB MEM ACCESS process[nid:1, cpu:47, pid:2300], folio[virt:0x7fc69ba7c570, phys:0x186cf24000, pfn:0x186cf24, nid:1, npages:1]
          cg.C.x-2263  [036]     0.231836: (+1)     bprint:               __handle_mm_fault: NUMAB MEM ACCESS process[nid:0, cpu:36, pid:2263], folio[virt:0x7fc69b995fac, phys:0x113d6f000, pfn:0x113d6f, nid:0, npages:1]
          <idle>-0     [063]     0.231837: (+1)     sched_switch:         swapper/63:0 [120] R ==> cg.C.x:2308 [120]
          <idle>-0     [049]     0.231837: (+0)     sched_switch:         swapper/49:0 [120] R ==> cg.C.x:2301 [120]
          cg.C.x-2284  [015]     0.231837: (+0)     bprint:               __handle_mm_fault: NUMAB MEM ACCESS process[nid:1, cpu:15, pid:2284], folio[virt:0x7fc69ba59384, phys:0x186d5e0000, pfn:0x186d5e0, nid:1, npages:1]
          <idle>-0     [055]     0.231837: (+0)     sched_switch:         swapper/55:0 [120] R ==> cg.C.x:2304 [120]
          cg.C.x-2287  [021]     0.231840: (+3)     bprint:               __handle_mm_fault: NUMAB MEM ACCESS process[nid:1, cpu:21, pid:2287], folio[virt:0x7fc69ba5e8f4, phys:0x186ce58000, pfn:0x186ce58, nid:1, npages:1]
          cg.C.x-2245  [000]     0.231841: (+1)     bprint:               __handle_mm_fault: NUMAB MEM ACCESS process[nid:0, cpu:0, pid:2245], folio[virt:0x7fc69b996edc, phys:0x113d70000, pfn:0x113d70, nid:0, npages:1]
          cg.C.x-2275  [060]     0.231843: (+2)     bprint:               __handle_mm_fault: NUMAB MEM ACCESS process[nid:0, cpu:60, pid:2275], folio[virt:0x7fc69ba43254, phys:0x120484000, pfn:0x120484, nid:0, npages:1]
          cg.C.x-2264  [038]     0.231844: (+1)     bprint:               __handle_mm_fault: NUMAB MEM ACCESS process[nid:0, cpu:38, pid:2264], folio[virt:0x7fc69b9977d8, phys:0x110f9b000, pfn:0x110f9b, nid:0, npages:1]
          cg.C.x-2267  [044]     0.231846: (+2)     bprint:               __handle_mm_fault: NUMAB MEM ACCESS process[nid:0, cpu:44, pid:2267], folio[virt:0x7fc69ba30b60, phys:0x13ab3a000, pfn:0x13ab3a, nid:0, npages:1]
          cg.C.x-2290  [027]     0.231846: (+0)     bprint:               change_prot_numa: NUMAB SCAN vma[start:0x5572dddda000, end:0x5572ddddb000, from:0x5572dddda000, to:0x5572ddddb000, size:4 KB]
          cg.C.x-2289  [025]     0.231847: (+1)     bprint:               __handle_mm_fault: NUMAB COMPLETED MEM MIGR process[nid:1, cpu:25, pid:2289], old[phys:0x110d1b000, nid:0, npages:1], new[phys:0x1866f8b000, nid:1, npages:1]
          cg.C.x-2245  [000]     0.231848: (+1)     bprint:               __handle_mm_fault: NUMAB MEM ACCESS process[nid:0, cpu:0, pid:2245], folio[virt:0x7fc69b9ff388, phys:0x11269f000, pfn:0x11269f, nid:0, npages:1]
          cg.C.x-2266  [042]     0.231848: (+0)     bprint:               __handle_mm_fault: NUMAB MEM ACCESS process[nid:0, cpu:42, pid:2266], folio[virt:0x7fc69ba2e298, phys:0x13979b000, pfn:0x13979b, nid:0, npages:1]
          cg.C.x-2294  [035]     0.231850: (+2)     bprint:               __handle_mm_fault: NUMAB MEM ACCESS process[nid:1, cpu:35, pid:2294], folio[virt:0x7fc69ba701ec, phys:0x185e577000, pfn:0x185e577, nid:1, npages:1]
          cg.C.x-2285  [017]     0.231853: (+3)     bprint:               __handle_mm_fault: NUMAB MEM ACCESS process[nid:1, cpu:17, pid:2285], folio[virt:0x7fc69ba5abc0, phys:0x185e88f000, pfn:0x185e88f, nid:1, npages:1]
          cg.C.x-2276  [062]     0.231857: (+4)     bprint:               __handle_mm_fault: NUMAB MEM ACCESS process[nid:0, cpu:62, pid:2276], folio[virt:0x7fc69ba46378, phys:0x139c39000, pfn:0x139c39, nid:0, npages:1]
          cg.C.x-2280  [007]     0.231859: (+2)     bprint:               __handle_mm_fault: NUMAB MEM ACCESS process[nid:1, cpu:7, pid:2280], folio[virt:0x7fc69ba5059c, phys:0x185e455000, pfn:0x185e455, nid:1, npages:1]
          cg.C.x-2288  [023]     0.231862: (+3)     bprint:               __handle_mm_fault: NUMAB MEM ACCESS process[nid:1, cpu:23, pid:2288], folio[virt:0x7fc69ba61410, phys:0x303f122000, pfn:0x303f122, nid:1, npages:1]
          cg.C.x-2307  [061]     0.231864: (+2)     bprint:               __handle_mm_fault: NUMAB MEM ACCESS process[nid:1, cpu:61, pid:2307], folio[virt:0x7fc69ba8d0f8, phys:0x186d912000, pfn:0x186d912, nid:1, npages:1]
          cg.C.x-2245  [000]     0.231865: (+1)     bprint:               __handle_mm_fault: NUMAB MEM ACCESS process[nid:0, cpu:0, pid:2245], folio[virt:0x7fc69b9fefd4, phys:0x1227e6000, pfn:0x1227e6, nid:0, npages:1]
          cg.C.x-2303  [053]     0.231866: (+1)     bprint:               __handle_mm_fault: NUMAB MEM ACCESS process[nid:1, cpu:53, pid:2303], folio[virt:0x7fc69ba84738, phys:0x185ebad000, pfn:0x185ebad, nid:1, npages:1]
          cg.C.x-2306  [059]     0.231868: (+2)     bprint:               __handle_mm_fault: NUMAB MEM ACCESS process[nid:1, cpu:59, pid:2306], folio[virt:0x7fc69ba8ad78, phys:0x185fcce000, pfn:0x185fcce, nid:1, npages:1]
          cg.C.x-2283  [013]     0.231871: (+3)     bprint:               __handle_mm_fault: NUMAB MEM ACCESS process[nid:1, cpu:13, pid:2283], folio[virt:0x7fc69ba5512c, phys:0x185f9ec000, pfn:0x185f9ec, nid:1, npages:1]
          cg.C.x-2279  [005]     0.231874: (+3)     bprint:               __handle_mm_fault: NUMAB MEM ACCESS process[nid:1, cpu:5, pid:2279], folio[virt:0x7fc69ba4dfb0, phys:0x186cc2e000, pfn:0x186cc2e, nid:1, npages:1]
          cg.C.x-2295  [037]     0.231876: (+2)     bprint:               __handle_mm_fault: NUMAB MEM ACCESS process[nid:1, cpu:37, pid:2295], folio[virt:0x7fc69ba71dd4, phys:0x1866aa7000, pfn:0x1866aa7, nid:1, npages:1]
          cg.C.x-2274  [058]     0.231878: (+2)     bprint:               __handle_mm_fault: NUMAB MEM ACCESS process[nid:0, cpu:58, pid:2274], folio[virt:0x7fc69ba4063c, phys:0x111168000, pfn:0x111168, nid:0, npages:1]
          cg.C.x-2286  [019]     0.231881: (+3)     bprint:               __handle_mm_fault: NUMAB MEM ACCESS process[nid:1, cpu:19, pid:2286], folio[virt:0x7fc69ba5c75c, phys:0x186c6d2000, pfn:0x186c6d2, nid:1, npages:1]
          cg.C.x-2282  [011]     0.231883: (+2)     bprint:               __handle_mm_fault: NUMAB MEM ACCESS process[nid:1, cpu:11, pid:2282], folio[virt:0x7fc69ba53348, phys:0x186d0e4000, pfn:0x186d0e4, nid:1, npages:1]
          cg.C.x-2271  [052]     0.231886: (+3)     bprint:               __handle_mm_fault: NUMAB MEM ACCESS process[nid:0, cpu:52, pid:2271], folio[virt:0x7fc69ba3bacc, phys:0x116370000, pfn:0x116370, nid:0, npages:1]
          cg.C.x-2255  [020]     0.231888: (+2)     bprint:               __handle_mm_fault: NUMAB MEM ACCESS process[nid:0, cpu:20, pid:2255], folio[virt:0x7fc69ba16314, phys:0x13a6be000, pfn:0x13a6be, nid:0, npages:1]
          cg.C.x-2273  [056]     0.231891: (+3)     bprint:               __handle_mm_fault: NUMAB MEM ACCESS process[nid:0, cpu:56, pid:2273], folio[virt:0x7fc69ba3ffb8, phys:0x153a7e000, pfn:0x153a7e, nid:0, npages:1]
          cg.C.x-2277  [001]     0.231894: (+3)     bprint:               __handle_mm_fault: NUMAB MEM ACCESS process[nid:1, cpu:1, pid:2277], folio[virt:0x7fc69ba490a8, phys:0x1855b2c000, pfn:0x1855b2c, nid:1, npages:1]
          cg.C.x-2268  [046]     0.231896: (+2)     bprint:               __handle_mm_fault: NUMAB MEM ACCESS process[nid:0, cpu:46, pid:2268], folio[virt:0x7fc69ba33b30, phys:0x11372b000, pfn:0x11372b, nid:0, npages:1]
          cg.C.x-2272  [054]     0.231898: (+2)     bprint:               __handle_mm_fault: NUMAB MEM ACCESS process[nid:0, cpu:54, pid:2272], folio[virt:0x7fc69ba3c1fc, phys:0x116371000, pfn:0x116371, nid:0, npages:1]
          cg.C.x-2298  [043]     0.231901: (+3)     bprint:               __handle_mm_fault: NUMAB MEM ACCESS process[nid:1, cpu:43, pid:2298], folio[virt:0x7fc69ba794f8, phys:0x186d1ec000, pfn:0x186d1ec, nid:1, npages:1]
          cg.C.x-2265  [040]     0.231903: (+2)     bprint:               __handle_mm_fault: NUMAB MEM ACCESS process[nid:0, cpu:40, pid:2265], folio[virt:0x7fc69ba2c674, phys:0x153bf4000, pfn:0x153bf4, nid:0, npages:1]
          cg.C.x-2293  [033]     0.231906: (+3)     bprint:               __handle_mm_fault: NUMAB MEM ACCESS process[nid:1, cpu:33, pid:2293], folio[virt:0x7fc69ba6da54, phys:0x185e86c000, pfn:0x185e86c, nid:1, npages:1]
          cg.C.x-2269  [048]     0.231908: (+2)     bprint:               __handle_mm_fault: NUMAB MEM ACCESS process[nid:0, cpu:48, pid:2269], folio[virt:0x7fc69ba35fd8, phys:0x13b0fd000, pfn:0x13b0fd, nid:0, npages:1]
          cg.C.x-2253  [016]     0.231910: (+2)     bprint:               __handle_mm_fault: NUMAB MEM ACCESS process[nid:0, cpu:16, pid:2253], folio[virt:0x7fc69ba11360, phys:0x112f06000, pfn:0x112f06, nid:0, npages:1]
          cg.C.x-2252  [014]     0.231912: (+2)     bprint:               __handle_mm_fault: NUMAB MEM ACCESS process[nid:0, cpu:14, pid:2252], folio[virt:0x7fc69ba0e7b8, phys:0x13a0fa000, pfn:0x13a0fa, nid:0, npages:1]
          cg.C.x-2262  [034]     0.231913: (+1)     bprint:               __handle_mm_fault: NUMAB MEM ACCESS process[nid:0, cpu:34, pid:2262], folio[virt:0x7fc69ba267bc, phys:0x153b25000, pfn:0x153b25, nid:0, npages:1]
          cg.C.x-2259  [028]     0.231915: (+2)     bprint:               __handle_mm_fault: NUMAB MEM ACCESS process[nid:0, cpu:28, pid:2259], folio[virt:0x7fc69ba1ecb4, phys:0x153bc0000, pfn:0x153bc0, nid:0, npages:1]
          cg.C.x-2270  [050]     0.231917: (+2)     bprint:               __handle_mm_fault: NUMAB MEM ACCESS process[nid:0, cpu:50, pid:2270], folio[virt:0x7fc69ba38f30, phys:0x111cab000, pfn:0x111cab, nid:0, npages:1]
          cg.C.x-2260  [030]     0.231920: (+3)     bprint:               __handle_mm_fault: NUMAB MEM ACCESS process[nid:0, cpu:30, pid:2260], folio[virt:0x7fc69ba21e38, phys:0x13ae96000, pfn:0x13ae96, nid:0, npages:1]
          cg.C.x-2292  [031]     0.231922: (+2)     bprint:               __handle_mm_fault: NUMAB MEM ACCESS process[nid:1, cpu:31, pid:2292], folio[virt:0x7fc69ba6a3dc, phys:0x186d922000, pfn:0x186d922, nid:1, npages:1]
          cg.C.x-2296  [039]     0.231924: (+2)     bprint:               __handle_mm_fault: NUMAB MEM ACCESS process[nid:1, cpu:39, pid:2296], folio[virt:0x7fc69ba747d8, phys:0x1867005000, pfn:0x1867005, nid:1, npages:1]
          cg.C.x-2258  [026]     0.231925: (+1)     bprint:               __handle_mm_fault: NUMAB MEM ACCESS process[nid:0, cpu:26, pid:2258], folio[virt:0x7fc69ba1cf24, phys:0x111031000, pfn:0x111031, nid:0, npages:1]
          cg.C.x-2308  [063]     0.231927: (+2)     bprint:               __handle_mm_fault: NUMAB MEM ACCESS process[nid:1, cpu:63, pid:2308], folio[virt:0x7fc69ba8f12c, phys:0x1857832000, pfn:0x1857832, nid:1, npages:1]
          cg.C.x-2302  [051]     0.231929: (+2)     bprint:               __handle_mm_fault: NUMAB MEM ACCESS process[nid:1, cpu:51, pid:2302], folio[virt:0x7fc69ba81fec, phys:0x186d011000, pfn:0x186d011, nid:1, npages:1]
          cg.C.x-2305  [057]     0.231931: (+2)     bprint:               __handle_mm_fault: NUMAB MEM ACCESS process[nid:1, cpu:57, pid:2305], folio[virt:0x7fc69ba88d24, phys:0x185e0f5000, pfn:0x185e0f5, nid:1, npages:1]
          cg.C.x-2301  [049]     0.231933: (+2)     bprint:               __handle_mm_fault: NUMAB MEM ACCESS process[nid:1, cpu:49, pid:2301], folio[virt:0x7fc69ba80254, phys:0x186d02f000, pfn:0x186d02f, nid:1, npages:1]
          cg.C.x-2250  [010]     0.231935: (+2)     bprint:               __handle_mm_fault: NUMAB MEM ACCESS process[nid:0, cpu:10, pid:2250], folio[virt:0x7fc69ba09d28, phys:0x121c0b000, pfn:0x121c0b, nid:0, npages:1]
          cg.C.x-2257  [024]     0.231937: (+2)     bprint:               __handle_mm_fault: NUMAB MEM ACCESS process[nid:0, cpu:24, pid:2257], folio[virt:0x7fc69ba19814, phys:0x13a143000, pfn:0x13a143, nid:0, npages:1]
          cg.C.x-2263  [036]     0.231938: (+1)     bprint:               __handle_mm_fault: NUMAB MEM ACCESS process[nid:0, cpu:36, pid:2263], folio[virt:0x7fc69ba28fb0, phys:0x110ba8000, pfn:0x110ba8, nid:0, npages:1]
          cg.C.x-2248  [006]     0.231940: (+2)     bprint:               __handle_mm_fault: NUMAB MEM ACCESS process[nid:0, cpu:6, pid:2248], folio[virt:0x7fc69ba066a4, phys:0x13a1cf000, pfn:0x13a1cf, nid:0, npages:1]
          cg.C.x-2304  [055]     0.231942: (+2)     bprint:               __handle_mm_fault: NUMAB MEM ACCESS process[nid:1, cpu:55, pid:2304], folio[virt:0x7fc69ba85f30, phys:0x185dfc7000, pfn:0x185dfc7, nid:1, npages:1]
          cg.C.x-2302  [051]     0.231943: (+1)     sched_stick_numa:     src_pid=2302 src_tgid=2245 src_ngid=2302 src_cpu=51 src_nid=1 dst_pid=0 dst_tgid=0 dst_ngid=0 dst_cpu=-1 dst_nid=-1
          cg.C.x-2301  [049]     0.231943: (+0)     sched_stick_numa:     src_pid=2301 src_tgid=2245 src_ngid=2301 src_cpu=49 src_nid=1 dst_pid=0 dst_tgid=0 dst_ngid=0 dst_cpu=-1 dst_nid=-1
          cg.C.x-2247  [004]     0.231944: (+1)     bprint:               __handle_mm_fault: NUMAB MEM ACCESS process[nid:0, cpu:4, pid:2247], folio[virt:0x7fc69ba033f4, phys:0x12178a000, pfn:0x12178a, nid:0, npages:1]
          cg.C.x-2300  [047]     0.231946: (+2)     bprint:               __handle_mm_fault: NUMAB MEM ACCESS process[nid:1, cpu:47, pid:2300], folio[virt:0x7fc69ba7dfa0, phys:0x186cf21000, pfn:0x186cf21, nid:1, npages:1]
          cg.C.x-2291  [029]     0.231948: (+2)     bprint:               __handle_mm_fault: NUMAB MEM ACCESS process[nid:1, cpu:29, pid:2291], folio[virt:0x7fc69ba67d58, phys:0x185eabe000, pfn:0x185eabe, nid:1, npages:1]
          cg.C.x-2254  [018]     0.231950: (+2)     bprint:               __handle_mm_fault: NUMAB MEM ACCESS process[nid:0, cpu:18, pid:2254], folio[virt:0x7fc69ba13994, phys:0x113563000, pfn:0x113563, nid:0, npages:1]
          cg.C.x-2249  [008]     0.231952: (+2)     bprint:               __handle_mm_fault: NUMAB MEM ACCESS process[nid:0, cpu:8, pid:2249], folio[virt:0x7fc69ba088c8, phys:0x13a150000, pfn:0x13a150, nid:0, npages:1]
          cg.C.x-2297  [041]     0.231954: (+2)     bprint:               __handle_mm_fault: NUMAB MEM ACCESS process[nid:1, cpu:41, pid:2297], folio[virt:0x7fc69ba76be0, phys:0x186c9ee000, pfn:0x186c9ee, nid:1, npages:1]
          cg.C.x-2264  [038]     0.231955: (+1)     bprint:               __handle_mm_fault: NUMAB MEM ACCESS process[nid:0, cpu:38, pid:2264], folio[virt:0x7fc69ba2b780, phys:0x153bf3000, pfn:0x153bf3, nid:0, npages:1]
          cg.C.x-2246  [002]     0.231957: (+2)     bprint:               __handle_mm_fault: NUMAB MEM ACCESS process[nid:0, cpu:2, pid:2246], folio[virt:0x7fc69ba0080c, phys:0x111fb9000, pfn:0x111fb9, nid:0, npages:1]
          cg.C.x-2251  [012]     0.231959: (+2)     bprint:               __handle_mm_fault: NUMAB MEM ACCESS process[nid:0, cpu:12, pid:2251], folio[virt:0x7fc69ba0d4cc, phys:0x13914e000, pfn:0x13914e, nid:0, npages:1]
          cg.C.x-2261  [032]     0.231961: (+2)     bprint:               __handle_mm_fault: NUMAB MEM ACCESS process[nid:0, cpu:32, pid:2261], folio[virt:0x7fc69ba23854, phys:0x110423000, pfn:0x110423, nid:0, npages:1]
          cg.C.x-2289  [025]     0.231962: (+1)     bprint:               __handle_mm_fault: NUMAB MEM ACCESS process[nid:1, cpu:25, pid:2289], folio[virt:0x7fc69ba63f08, phys:0x18572e5000, pfn:0x18572e5, nid:1, npages:1]
          cg.C.x-2284  [015]     0.231963: (+1)     bprint:               __handle_mm_fault: NUMAB MEM ACCESS process[nid:1, cpu:15, pid:2284], folio[virt:0x7fc69ba57c30, phys:0x185853f000, pfn:0x185853f, nid:1, npages:1]
          cg.C.x-2287  [021]     0.231964: (+1)     bprint:               __handle_mm_fault: NUMAB MEM ACCESS process[nid:1, cpu:21, pid:2287], folio[virt:0x7fc69ba6034c, phys:0x303f13e000, pfn:0x303f13e, nid:1, npages:1]
          cg.C.x-2275  [060]     0.231966: (+2)     bprint:               __handle_mm_fault: NUMAB MEM ACCESS process[nid:0, cpu:60, pid:2275], folio[virt:0x7fc69ba42e0c, phys:0x1217fa000, pfn:0x1217fa, nid:0, npages:1]
          cg.C.x-2267  [044]     0.231967: (+1)     bprint:               __handle_mm_fault: NUMAB MEM ACCESS process[nid:0, cpu:44, pid:2267], folio[virt:0x7fc69ba31308, phys:0x13ab3b000, pfn:0x13ab3b, nid:0, npages:1]
          cg.C.x-2294  [035]     0.231968: (+1)     bprint:               __handle_mm_fault: NUMAB MEM ACCESS process[nid:1, cpu:35, pid:2294], folio[virt:0x7fc69ba6fc38, phys:0x185e389000, pfn:0x185e389, nid:1, npages:1]
          cg.C.x-2266  [042]     0.231970: (+2)     bprint:               __handle_mm_fault: NUMAB MEM ACCESS process[nid:0, cpu:42, pid:2266], folio[virt:0x7fc69ba2f854, phys:0x13aaf4000, pfn:0x13aaf4, nid:0, npages:1]
          cg.C.x-2290  [027]     0.231971: (+1)     bprint:               __handle_mm_fault: NUMAB MEM ACCESS process[nid:1, cpu:27, pid:2290], folio[virt:0x7fc69ba66358, phys:0x185f99a000, pfn:0x185f99a, nid:1, npages:1]
          cg.C.x-2276  [062]     0.231973: (+2)     bprint:               __handle_mm_fault: NUMAB MEM ACCESS process[nid:0, cpu:62, pid:2276], folio[virt:0x7fc69ba45f7c, phys:0x139c38000, pfn:0x139c38, nid:0, npages:1]
