          cg.C.x-2986  [000]     0.577692: (+59974) sched_waking:         comm=kworker/0:1 pid=10 prio=120 target_cpu=000
          cg.C.x-2986  [000]     0.577700: (+8)     sched_wakeup:         kworker/0:1:10 [120] CPU:000
          cg.C.x-2986  [000]     0.577708: (+8)     sched_switch:         cg.C.x:2986 [120] R ==> kworker/0:1:10 [120]
     kworker/0:1-10    [000]     0.577775: (+67)    sched_switch:         kworker/0:1:10 [120] I ==> cg.C.x:2986 [120]
          cg.C.x-2986  [000]     0.596367: (+18592) bprint:               __handle_mm_fault: NUMAB MEM ACCESS process[nid:0, cpu:0, pid:2986], folio[virt:0x7fa6f92c8e60, phys:0x18571c1000, pfn:0x18571c1, nid:1, npages:1]
          cg.C.x-2986  [000]     0.596370: (+3)     bprint:               __handle_mm_fault: NUMAB TRY MEM MIGR process[nid:0, cpu:0, pid:2986], folio[virt:0x7fa6f92c8e60, phys:0x18571c1000, nid:1], target_nid:0
          cg.C.x-2986  [000]     0.596387: (+17)    bprint:               __handle_mm_fault: NUMAB COMPLETED MEM MIGR process[nid:0, cpu:0, pid:2986], old[phys:0x18571c1000, nid:1, npages:1], new[phys:0x1111d7000, nid:0, npages:1]
          cg.C.x-2986  [000]     0.596391: (+4)     bprint:               __handle_mm_fault: NUMAB MEM ACCESS process[nid:0, cpu:0, pid:2986], folio[virt:0x7fa6f92c95b0, phys:0x185dd7a000, pfn:0x185dd7a, nid:1, npages:1]
          cg.C.x-2986  [000]     0.596392: (+1)     bprint:               __handle_mm_fault: NUMAB TRY MEM MIGR process[nid:0, cpu:0, pid:2986], folio[virt:0x7fa6f92c95b0, phys:0x185dd7a000, nid:1], target_nid:0
          cg.C.x-2986  [000]     0.596396: (+4)     bprint:               __handle_mm_fault: NUMAB COMPLETED MEM MIGR process[nid:0, cpu:0, pid:2986], old[phys:0x185dd7a000, nid:1, npages:1], new[phys:0x13a310000, nid:0, npages:1]
          cg.C.x-2986  [000]     0.596440: (+44)    bprint:               __handle_mm_fault: NUMAB MEM ACCESS process[nid:0, cpu:0, pid:2986], folio[virt:0x7fa6f934628c, phys:0x186735d000, pfn:0x186735d, nid:1, npages:1]
          cg.C.x-2986  [000]     0.596441: (+1)     bprint:               __handle_mm_fault: NUMAB TRY MEM MIGR process[nid:0, cpu:0, pid:2986], folio[virt:0x7fa6f934628c, phys:0x186735d000, nid:1], target_nid:0
          cg.C.x-2986  [000]     0.596446: (+5)     bprint:               __handle_mm_fault: NUMAB COMPLETED MEM MIGR process[nid:0, cpu:0, pid:2986], old[phys:0x186735d000, nid:1, npages:1], new[phys:0x112628000, nid:0, npages:1]
          cg.C.x-2986  [000]     0.596469: (+23)    sched_waking:         comm=kworker/u129:18 pid=438 prio=120 target_cpu=032
          cg.C.x-2986  [000]     0.596477: (+8)     sched_wakeup:         kworker/u129:18:438 [120] CPU:032
          cg.C.x-3002  [032]     0.597694: (+1217)  sched_switch:         cg.C.x:3002 [120] R ==> kworker/u129:18:438 [120]
 kworker/u129:18-438   [032]     0.597703: (+9)     sched_waking:         comm=tmux: server pid=2003 prio=120 target_cpu=034
 kworker/u129:18-438   [032]     0.597712: (+9)     sched_wakeup:         tmux: server:2003 [120] CPU:034
 kworker/u129:18-438   [032]     0.597716: (+4)     sched_switch:         kworker/u129:18:438 [120] I ==> cg.C.x:3002 [120]
          cg.C.x-3003  [034]     0.597717: (+1)     sched_switch:         cg.C.x:3003 [120] R ==> tmux: server:2003 [120]
    tmux: server-2003  [034]     0.597925: (+208)   sched_waking:         comm=kworker/u129:18 pid=438 prio=120 target_cpu=032
    tmux: server-2003  [034]     0.597930: (+5)     sched_wakeup:         kworker/u129:18:438 [120] CPU:032
          cg.C.x-3002  [032]     0.597935: (+5)     sched_switch:         cg.C.x:3002 [120] R ==> kworker/u129:18:438 [120]
 kworker/u129:18-438   [032]     0.597940: (+5)     sched_waking:         comm=sshd pid=1918 prio=120 target_cpu=034
    tmux: server-2003  [034]     0.597945: (+5)     sched_switch:         tmux: server:2003 [120] S ==> cg.C.x:3003 [120]
 kworker/u129:18-438   [032]     0.597951: (+6)     sched_wakeup:         sshd:1918 [120] CPU:034
 kworker/u129:18-438   [032]     0.597954: (+3)     sched_switch:         kworker/u129:18:438 [120] I ==> cg.C.x:3002 [120]
          cg.C.x-3003  [034]     0.601689: (+3735)  sched_switch:         cg.C.x:3003 [120] R ==> sshd:1918 [120]
            sshd-1918  [034]     0.601818: (+129)   sched_switch:         sshd:1918 [120] S ==> cg.C.x:3003 [120]
          cg.C.x-3003  [034]     0.607991: (+6173)  sched_waking:         comm=tmux: server pid=2003 prio=120 target_cpu=034
          cg.C.x-3003  [034]     0.608001: (+10)    sched_wakeup:         tmux: server:2003 [120] CPU:034
          cg.C.x-3003  [034]     0.608005: (+4)     sched_switch:         cg.C.x:3003 [120] R ==> tmux: server:2003 [120]
    tmux: server-2003  [034]     0.608032: (+27)    sched_switch:         tmux: server:2003 [120] S ==> cg.C.x:3003 [120]
          cg.C.x-3003  [034]     0.610078: (+2046)  sched_waking:         comm=tmux: server pid=2003 prio=120 target_cpu=034
          cg.C.x-3003  [034]     0.610083: (+5)     sched_wakeup:         tmux: server:2003 [120] CPU:034
          cg.C.x-3003  [034]     0.610085: (+2)     sched_switch:         cg.C.x:3003 [120] R ==> tmux: server:2003 [120]
    tmux: server-2003  [034]     0.610122: (+37)    sched_switch:         tmux: server:2003 [120] S ==> cg.C.x:3003 [120]
          cg.C.x-3003  [034]     0.613687: (+3565)  sched_waking:         comm=kworker/34:1 pid=485 prio=120 target_cpu=034
          cg.C.x-3018  [001]     0.613689: (+2)     sched_waking:         comm=kworker/1:0 pid=25 prio=120 target_cpu=001
          cg.C.x-3003  [034]     0.613692: (+3)     sched_wakeup:         kworker/34:1:485 [120] CPU:034
          cg.C.x-3003  [034]     0.613695: (+3)     sched_switch:         cg.C.x:3003 [120] R ==> kworker/34:1:485 [120]
          cg.C.x-3018  [001]     0.613697: (+2)     sched_wakeup:         kworker/1:0:25 [120] CPU:001
          cg.C.x-3018  [001]     0.613704: (+7)     sched_switch:         cg.C.x:3018 [120] R ==> kworker/1:0:25 [120]
    kworker/34:1-485   [034]     0.613707: (+3)     sched_switch:         kworker/34:1:485 [120] I ==> cg.C.x:3003 [120]
     kworker/1:0-25    [001]     0.613715: (+8)     sched_switch:         kworker/1:0:25 [120] I ==> cg.C.x:3018 [120]
          cg.C.x-3018  [001]     0.677688: (+63973) sched_waking:         comm=kcompactd1 pid=475 prio=120 target_cpu=001
          cg.C.x-2990  [008]     0.677689: (+1)     sched_waking:         comm=kcompactd0 pid=474 prio=120 target_cpu=008
          cg.C.x-3018  [001]     0.677698: (+9)     sched_wakeup:         kcompactd1:475 [120] CPU:001
          cg.C.x-2990  [008]     0.677698: (+0)     sched_wakeup:         kcompactd0:474 [120] CPU:008
          cg.C.x-3018  [001]     0.677704: (+6)     sched_switch:         cg.C.x:3018 [120] R ==> kcompactd1:475 [120]
      kcompactd1-475   [001]     0.677715: (+11)    sched_switch:         kcompactd1:475 [120] S ==> cg.C.x:3018 [120]
          cg.C.x-2990  [008]     0.681693: (+3978)  sched_switch:         cg.C.x:2990 [120] R ==> kcompactd0:474 [120]
      kcompactd0-474   [008]     0.681706: (+13)    sched_switch:         kcompactd0:474 [120] S ==> cg.C.x:2990 [120]
          cg.C.x-2986  [000]     0.704978: (+23272) sched_waking:         comm=kworker/u129:18 pid=438 prio=120 target_cpu=032
          cg.C.x-2986  [000]     0.704985: (+7)     sched_wakeup:         kworker/u129:18:438 [120] CPU:032
          cg.C.x-3002  [032]     0.704991: (+6)     sched_switch:         cg.C.x:3002 [120] R ==> kworker/u129:18:438 [120]
 kworker/u129:18-438   [032]     0.704996: (+5)     sched_waking:         comm=tmux: server pid=2003 prio=120 target_cpu=034
 kworker/u129:18-438   [032]     0.705003: (+7)     sched_wakeup:         tmux: server:2003 [120] CPU:034
          cg.C.x-3003  [034]     0.705007: (+4)     sched_switch:         cg.C.x:3003 [120] R ==> tmux: server:2003 [120]
 kworker/u129:18-438   [032]     0.705007: (+0)     sched_switch:         kworker/u129:18:438 [120] I ==> cg.C.x:3002 [120]
          cg.C.x-2986  [000]     0.705039: (+32)    sched_waking:         comm=kworker/u129:18 pid=438 prio=120 target_cpu=032
          cg.C.x-2986  [000]     0.705041: (+2)     sched_wakeup:         kworker/u129:18:438 [120] CPU:032
          cg.C.x-3002  [032]     0.705043: (+2)     sched_switch:         cg.C.x:3002 [120] R ==> kworker/u129:18:438 [120]
 kworker/u129:18-438   [032]     0.705046: (+3)     sched_switch:         kworker/u129:18:438 [120] I ==> cg.C.x:3002 [120]
    tmux: server-2003  [034]     0.705102: (+56)    sched_waking:         comm=kworker/u129:18 pid=438 prio=120 target_cpu=032
    tmux: server-2003  [034]     0.705107: (+5)     sched_wakeup:         kworker/u129:18:438 [120] CPU:032
          cg.C.x-3002  [032]     0.705109: (+2)     sched_switch:         cg.C.x:3002 [120] R ==> kworker/u129:18:438 [120]
 kworker/u129:18-438   [032]     0.705112: (+3)     sched_waking:         comm=sshd pid=1918 prio=120 target_cpu=034
 kworker/u129:18-438   [032]     0.705113: (+1)     sched_migrate_task:   comm=sshd pid=1918 prio=120 orig_cpu=34 dest_cpu=32
 kworker/u129:18-438   [032]     0.705118: (+5)     sched_wakeup:         sshd:1918 [120] CPU:032
 kworker/u129:18-438   [032]     0.705120: (+2)     sched_switch:         kworker/u129:18:438 [120] I ==> sshd:1918 [120]
    tmux: server-2003  [034]     0.705126: (+6)     sched_waking:         comm=kworker/u129:18 pid=438 prio=120 target_cpu=032
    tmux: server-2003  [034]     0.705127: (+1)     sched_migrate_task:   comm=kworker/u129:18 pid=438 prio=120 orig_cpu=32 dest_cpu=34
    tmux: server-2003  [034]     0.705129: (+2)     sched_wakeup:         kworker/u129:18:438 [120] CPU:034
    tmux: server-2003  [034]     0.705132: (+3)     sched_switch:         tmux: server:2003 [120] R ==> kworker/u129:18:438 [120]
 kworker/u129:18-438   [034]     0.705138: (+6)     sched_switch:         kworker/u129:18:438 [120] I ==> tmux: server:2003 [120]
    tmux: server-2003  [034]     0.705145: (+7)     sched_switch:         tmux: server:2003 [120] S ==> cg.C.x:3003 [120]
            sshd-1918  [032]     0.705268: (+123)   sched_switch:         sshd:1918 [120] S ==> cg.C.x:3002 [120]
          cg.C.x-3003  [034]     0.715194: (+9926)  sched_waking:         comm=tmux: server pid=2003 prio=120 target_cpu=034
          cg.C.x-3003  [034]     0.715205: (+11)    sched_wakeup:         tmux: server:2003 [120] CPU:034
          cg.C.x-3003  [034]     0.715209: (+4)     sched_switch:         cg.C.x:3003 [120] R ==> tmux: server:2003 [120]
    tmux: server-2003  [034]     0.715247: (+38)    sched_switch:         tmux: server:2003 [120] S ==> cg.C.x:3003 [120]
          cg.C.x-2986  [000]     0.781690: (+66443) sched_waking:         comm=kworker/0:1 pid=10 prio=120 target_cpu=000
          cg.C.x-2986  [000]     0.781698: (+8)     sched_wakeup:         kworker/0:1:10 [120] CPU:000
          cg.C.x-2986  [000]     0.781705: (+7)     sched_switch:         cg.C.x:2986 [120] R ==> kworker/0:1:10 [120]
     kworker/0:1-10    [000]     0.781769: (+64)    sched_switch:         kworker/0:1:10 [120] I ==> cg.C.x:2986 [120]
          cg.C.x-3027  [019]     0.805690: (+23921) sched_waking:         comm=kworker/19:1 pid=717 prio=120 target_cpu=019
          cg.C.x-3027  [019]     0.805702: (+12)    sched_wakeup:         kworker/19:1:717 [120] CPU:019
          cg.C.x-3027  [019]     0.805710: (+8)     sched_switch:         cg.C.x:3027 [120] R ==> kworker/19:1:717 [120]
    kworker/19:1-717   [019]     0.805727: (+17)    sched_switch:         kworker/19:1:717 [120] I ==> cg.C.x:3027 [120]
          cg.C.x-2995  [018]     0.809690: (+3963)  sched_waking:         comm=kworker/18:1 pid=718 prio=120 target_cpu=018
          cg.C.x-2995  [018]     0.809698: (+8)     sched_wakeup:         kworker/18:1:718 [120] CPU:018
          cg.C.x-2995  [018]     0.809704: (+6)     sched_switch:         cg.C.x:2995 [120] R ==> kworker/18:1:718 [120]
    kworker/18:1-718   [018]     0.809718: (+14)    sched_switch:         kworker/18:1:718 [120] I ==> cg.C.x:2995 [120]
          cg.C.x-2986  [000]     0.813450: (+3732)  sched_waking:         comm=kworker/u129:18 pid=438 prio=120 target_cpu=034
          cg.C.x-2986  [000]     0.813458: (+8)     sched_wakeup:         kworker/u129:18:438 [120] CPU:034
          cg.C.x-3003  [034]     0.813465: (+7)     sched_switch:         cg.C.x:3003 [120] R ==> kworker/u129:18:438 [120]
 kworker/u129:18-438   [034]     0.813470: (+5)     sched_waking:         comm=tmux: server pid=2003 prio=120 target_cpu=034
 kworker/u129:18-438   [034]     0.813475: (+5)     sched_wakeup:         tmux: server:2003 [120] CPU:034
 kworker/u129:18-438   [034]     0.813478: (+3)     sched_switch:         kworker/u129:18:438 [120] I ==> tmux: server:2003 [120]
    tmux: server-2003  [034]     0.813547: (+69)    sched_waking:         comm=kworker/u129:18 pid=438 prio=120 target_cpu=034
    tmux: server-2003  [034]     0.813549: (+2)     sched_wakeup:         kworker/u129:18:438 [120] CPU:034
    tmux: server-2003  [034]     0.813552: (+3)     sched_switch:         tmux: server:2003 [120] R ==> kworker/u129:18:438 [120]
 kworker/u129:18-438   [034]     0.813555: (+3)     sched_waking:         comm=sshd pid=1918 prio=120 target_cpu=032
 kworker/u129:18-438   [034]     0.813561: (+6)     sched_wakeup:         sshd:1918 [120] CPU:032
 kworker/u129:18-438   [034]     0.813562: (+1)     sched_switch:         kworker/u129:18:438 [120] I ==> tmux: server:2003 [120]
          cg.C.x-3002  [032]     0.813565: (+3)     sched_switch:         cg.C.x:3002 [120] R ==> sshd:1918 [120]
    tmux: server-2003  [034]     0.813569: (+4)     sched_switch:         tmux: server:2003 [120] S ==> cg.C.x:3003 [120]
            sshd-1918  [032]     0.813718: (+149)   sched_switch:         sshd:1918 [120] S ==> cg.C.x:3002 [120]
          cg.C.x-3003  [034]     0.823618: (+9900)  sched_waking:         comm=tmux: server pid=2003 prio=120 target_cpu=034
          cg.C.x-3003  [034]     0.823628: (+10)    sched_wakeup:         tmux: server:2003 [120] CPU:034
          cg.C.x-3003  [034]     0.823632: (+4)     sched_switch:         cg.C.x:3003 [120] R ==> tmux: server:2003 [120]
    tmux: server-2003  [034]     0.823668: (+36)    sched_switch:         tmux: server:2003 [120] S ==> cg.C.x:3003 [120]
          cg.C.x-2986  [000]     0.837688: (+14020) sched_waking:         comm=kworker/0:1 pid=10 prio=120 target_cpu=000
          cg.C.x-2994  [016]     0.837688: (+0)     sched_waking:         comm=kworker/16:1 pid=714 prio=120 target_cpu=016
          cg.C.x-3025  [015]     0.837689: (+1)     sched_waking:         comm=kworker/15:1 pid=483 prio=120 target_cpu=015
          cg.C.x-3026  [017]     0.837689: (+0)     sched_waking:         comm=kworker/17:1 pid=486 prio=120 target_cpu=017
          cg.C.x-2986  [000]     0.837695: (+6)     sched_wakeup:         kworker/0:1:10 [120] CPU:000
          cg.C.x-2994  [016]     0.837695: (+0)     sched_wakeup:         kworker/16:1:714 [120] CPU:016
          cg.C.x-3025  [015]     0.837696: (+1)     sched_wakeup:         kworker/15:1:483 [120] CPU:015
          cg.C.x-3026  [017]     0.837696: (+0)     sched_wakeup:         kworker/17:1:486 [120] CPU:017
          cg.C.x-2994  [016]     0.837702: (+6)     sched_switch:         cg.C.x:2994 [120] R ==> kworker/16:1:714 [120]
          cg.C.x-3026  [017]     0.837702: (+0)     sched_switch:         cg.C.x:3026 [120] R ==> kworker/17:1:486 [120]
          cg.C.x-3025  [015]     0.837702: (+0)     sched_switch:         cg.C.x:3025 [120] R ==> kworker/15:1:483 [120]
          cg.C.x-2986  [000]     0.837703: (+1)     sched_switch:         cg.C.x:2986 [120] R ==> kworker/0:1:10 [120]
    kworker/16:1-714   [016]     0.837715: (+12)    sched_switch:         kworker/16:1:714 [120] I ==> cg.C.x:2994 [120]
     kworker/0:1-10    [000]     0.837716: (+1)     sched_switch:         kworker/0:1:10 [120] I ==> cg.C.x:2986 [120]
    kworker/17:1-486   [017]     0.837716: (+0)     sched_switch:         kworker/17:1:486 [120] I ==> cg.C.x:3026 [120]
    kworker/15:1-483   [015]     0.837716: (+0)     sched_switch:         kworker/15:1:483 [120] I ==> cg.C.x:3025 [120]
          cg.C.x-2993  [014]     0.873688: (+35972) sched_waking:         comm=kworker/14:1 pid=708 prio=120 target_cpu=014
          cg.C.x-3024  [013]     0.873690: (+2)     sched_waking:         comm=kworker/13:2 pid=1936 prio=120 target_cpu=013
          cg.C.x-2993  [014]     0.873697: (+7)     sched_wakeup:         kworker/14:1:708 [120] CPU:014
          cg.C.x-3024  [013]     0.873699: (+2)     sched_wakeup:         kworker/13:2:1936 [120] CPU:013
          cg.C.x-2993  [014]     0.873704: (+5)     sched_switch:         cg.C.x:2993 [120] R ==> kworker/14:1:708 [120]
          cg.C.x-3024  [013]     0.873706: (+2)     sched_switch:         cg.C.x:3024 [120] R ==> kworker/13:2:1936 [120]
    kworker/14:1-708   [014]     0.873719: (+13)    sched_switch:         kworker/14:1:708 [120] I ==> cg.C.x:2993 [120]
    kworker/13:2-1936  [013]     0.873720: (+1)     sched_switch:         kworker/13:2:1936 [120] I ==> cg.C.x:3024 [120]
          cg.C.x-2991  [010]     0.901688: (+27968) sched_waking:         comm=kworker/10:1 pid=711 prio=120 target_cpu=010
          cg.C.x-2991  [010]     0.901696: (+8)     sched_wakeup:         kworker/10:1:711 [120] CPU:010
          cg.C.x-2991  [010]     0.901702: (+6)     sched_switch:         cg.C.x:2991 [120] R ==> kworker/10:1:711 [120]
    kworker/10:1-711   [010]     0.901714: (+12)    sched_switch:         kworker/10:1:711 [120] I ==> cg.C.x:2991 [120]
          cg.C.x-2992  [012]     0.905688: (+3974)  sched_waking:         comm=kworker/12:1 pid=710 prio=120 target_cpu=012
          cg.C.x-3023  [011]     0.905689: (+1)     sched_waking:         comm=kworker/11:1 pid=545 prio=120 target_cpu=011
          cg.C.x-2992  [012]     0.905695: (+6)     sched_wakeup:         kworker/12:1:710 [120] CPU:012
          cg.C.x-3023  [011]     0.905699: (+4)     sched_wakeup:         kworker/11:1:545 [120] CPU:011
          cg.C.x-2992  [012]     0.905702: (+3)     sched_switch:         cg.C.x:2992 [120] R ==> kworker/12:1:710 [120]
          cg.C.x-3023  [011]     0.905705: (+3)     sched_switch:         cg.C.x:3023 [120] R ==> kworker/11:1:545 [120]
    kworker/12:1-710   [012]     0.905717: (+12)    sched_switch:         kworker/12:1:710 [120] I ==> cg.C.x:2992 [120]
    kworker/11:1-545   [011]     0.905719: (+2)     sched_switch:         kworker/11:1:545 [120] I ==> cg.C.x:3023 [120]
          cg.C.x-2986  [000]     0.921668: (+15949) sched_waking:         comm=kworker/u129:18 pid=438 prio=120 target_cpu=034
          cg.C.x-2986  [000]     0.921671: (+3)     sched_migrate_task:   comm=kworker/u129:18 pid=438 prio=120 orig_cpu=34 dest_cpu=0
          cg.C.x-2986  [000]     0.921677: (+6)     sched_wakeup:         kworker/u129:18:438 [120] CPU:000
          cg.C.x-2986  [000]     0.921691: (+14)    sched_switch:         cg.C.x:2986 [120] R ==> kworker/u129:18:438 [120]
 kworker/u129:18-438   [000]     0.921698: (+7)     sched_waking:         comm=tmux: server pid=2003 prio=120 target_cpu=034
 kworker/u129:18-438   [000]     0.921699: (+1)     sched_migrate_task:   comm=tmux: server pid=2003 prio=120 orig_cpu=34 dest_cpu=0
 kworker/u129:18-438   [000]     0.921703: (+4)     sched_wakeup:         tmux: server:2003 [120] CPU:000
 kworker/u129:18-438   [000]     0.921706: (+3)     sched_switch:         kworker/u129:18:438 [120] I ==> tmux: server:2003 [120]
    tmux: server-2003  [000]     0.921781: (+75)    sched_waking:         comm=kworker/u129:18 pid=438 prio=120 target_cpu=000
    tmux: server-2003  [000]     0.921782: (+1)     sched_wakeup:         kworker/u129:18:438 [120] CPU:000
    tmux: server-2003  [000]     0.921785: (+3)     sched_switch:         tmux: server:2003 [120] R ==> kworker/u129:18:438 [120]
 kworker/u129:18-438   [000]     0.921787: (+2)     sched_waking:         comm=sshd pid=1918 prio=120 target_cpu=032
 kworker/u129:18-438   [000]     0.921791: (+4)     sched_wakeup:         sshd:1918 [120] CPU:032
 kworker/u129:18-438   [000]     0.921793: (+2)     sched_switch:         kworker/u129:18:438 [120] I ==> tmux: server:2003 [120]
          cg.C.x-3002  [032]     0.921793: (+0)     sched_switch:         cg.C.x:3002 [120] R ==> sshd:1918 [120]
    tmux: server-2003  [000]     0.921802: (+9)     sched_switch:         tmux: server:2003 [120] S ==> cg.C.x:2986 [120]
          cg.C.x-2986  [000]     0.921804: (+2)     sched_waking:         comm=kworker/u129:18 pid=438 prio=120 target_cpu=000
          cg.C.x-2986  [000]     0.921805: (+1)     sched_wakeup:         kworker/u129:18:438 [120] CPU:000
          cg.C.x-2986  [000]     0.921807: (+2)     sched_switch:         cg.C.x:2986 [120] R ==> kworker/u129:18:438 [120]
 kworker/u129:18-438   [000]     0.921808: (+1)     sched_waking:         comm=tmux: server pid=2003 prio=120 target_cpu=000
 kworker/u129:18-438   [000]     0.921811: (+3)     sched_wakeup:         tmux: server:2003 [120] CPU:000
 kworker/u129:18-438   [000]     0.921813: (+2)     sched_switch:         kworker/u129:18:438 [120] I ==> tmux: server:2003 [120]
    tmux: server-2003  [000]     0.921842: (+29)    sched_waking:         comm=kworker/u129:18 pid=438 prio=120 target_cpu=000
    tmux: server-2003  [000]     0.921843: (+1)     sched_wakeup:         kworker/u129:18:438 [120] CPU:000
    tmux: server-2003  [000]     0.921845: (+2)     sched_switch:         tmux: server:2003 [120] R ==> kworker/u129:18:438 [120]
 kworker/u129:18-438   [000]     0.921848: (+3)     sched_switch:         kworker/u129:18:438 [120] I ==> tmux: server:2003 [120]
    tmux: server-2003  [000]     0.921856: (+8)     sched_switch:         tmux: server:2003 [120] S ==> cg.C.x:2986 [120]
            sshd-1918  [032]     0.921902: (+46)    sched_switch:         sshd:1918 [120] S ==> cg.C.x:3002 [120]
          cg.C.x-2986  [000]     0.931905: (+10003) sched_waking:         comm=tmux: server pid=2003 prio=120 target_cpu=000
          cg.C.x-2986  [000]     0.931917: (+12)    sched_wakeup:         tmux: server:2003 [120] CPU:000
          cg.C.x-2986  [000]     0.931923: (+6)     sched_switch:         cg.C.x:2986 [120] R ==> tmux: server:2003 [120]
    tmux: server-2003  [000]     0.931951: (+28)    sched_switch:         tmux: server:2003 [120] S ==> cg.C.x:2986 [120]
          cg.C.x-2990  [008]     0.933688: (+1737)  sched_waking:         comm=kworker/8:2 pid=1021 prio=120 target_cpu=008
          cg.C.x-3021  [007]     0.933689: (+1)     sched_waking:         comm=kworker/7:1 pid=482 prio=120 target_cpu=007
          cg.C.x-3022  [009]     0.933690: (+1)     sched_waking:         comm=kworker/9:1 pid=713 prio=120 target_cpu=009
          cg.C.x-2990  [008]     0.933694: (+4)     sched_wakeup:         kworker/8:2:1021 [120] CPU:008
          cg.C.x-3022  [009]     0.933696: (+2)     sched_wakeup:         kworker/9:1:713 [120] CPU:009
          cg.C.x-3021  [007]     0.933697: (+1)     sched_wakeup:         kworker/7:1:482 [120] CPU:007
          cg.C.x-2990  [008]     0.933699: (+2)     sched_switch:         cg.C.x:2990 [120] R ==> kworker/8:2:1021 [120]
          cg.C.x-3021  [007]     0.933703: (+4)     sched_switch:         cg.C.x:3021 [120] R ==> kworker/7:1:482 [120]
          cg.C.x-3022  [009]     0.933704: (+1)     sched_switch:         cg.C.x:3022 [120] R ==> kworker/9:1:713 [120]
     kworker/8:2-1021  [008]     0.933711: (+7)     sched_switch:         kworker/8:2:1021 [120] I ==> cg.C.x:2990 [120]
     kworker/9:1-713   [009]     0.933717: (+6)     sched_switch:         kworker/9:1:713 [120] I ==> cg.C.x:3022 [120]
     kworker/7:1-482   [007]     0.933717: (+0)     sched_switch:         kworker/7:1:482 [120] I ==> cg.C.x:3021 [120]
          cg.C.x-2986  [000]     0.933996: (+279)   sched_waking:         comm=tmux: server pid=2003 prio=120 target_cpu=000
          cg.C.x-2986  [000]     0.934001: (+5)     sched_wakeup:         tmux: server:2003 [120] CPU:000
          cg.C.x-2986  [000]     0.934003: (+2)     sched_switch:         cg.C.x:2986 [120] R ==> tmux: server:2003 [120]
    tmux: server-2003  [000]     0.934033: (+30)    sched_switch:         tmux: server:2003 [120] S ==> cg.C.x:2986 [120]
          cg.C.x-3020  [005]     0.965689: (+31656) sched_waking:         comm=kworker/5:1 pid=709 prio=120 target_cpu=005
          cg.C.x-2989  [006]     0.965689: (+0)     sched_waking:         comm=kworker/6:1 pid=706 prio=120 target_cpu=006
          cg.C.x-2989  [006]     0.965696: (+7)     sched_wakeup:         kworker/6:1:706 [120] CPU:006
          cg.C.x-3020  [005]     0.965698: (+2)     sched_wakeup:         kworker/5:1:709 [120] CPU:005
          cg.C.x-3020  [005]     0.965705: (+7)     sched_switch:         cg.C.x:3020 [120] R ==> kworker/5:1:709 [120]
          cg.C.x-2989  [006]     0.965707: (+2)     sched_switch:         cg.C.x:2989 [120] R ==> kworker/6:1:706 [120]
     kworker/6:1-706   [006]     0.965719: (+12)    sched_switch:         kworker/6:1:706 [120] I ==> cg.C.x:2989 [120]
     kworker/5:1-709   [005]     0.965721: (+2)     sched_switch:         kworker/5:1:709 [120] I ==> cg.C.x:3020 [120]
          cg.C.x-2986  [000]     0.985689: (+19968) sched_waking:         comm=kworker/0:1 pid=10 prio=120 target_cpu=000
          cg.C.x-2986  [000]     0.985694: (+5)     sched_wakeup:         kworker/0:1:10 [120] CPU:000
          cg.C.x-2986  [000]     0.985700: (+6)     sched_switch:         cg.C.x:2986 [120] R ==> kworker/0:1:10 [120]
     kworker/0:1-10    [000]     0.985766: (+66)    sched_switch:         kworker/0:1:10 [120] I ==> cg.C.x:2986 [120]
          cg.C.x-2987  [002]     0.997689: (+11923) sched_waking:         comm=kworker/2:2 pid=1022 prio=120 target_cpu=002
          cg.C.x-2988  [004]     0.997689: (+0)     sched_waking:         comm=kworker/4:2 pid=1163 prio=120 target_cpu=004
          cg.C.x-3019  [003]     0.997689: (+0)     sched_waking:         comm=kworker/3:1 pid=707 prio=120 target_cpu=003
          cg.C.x-2987  [002]     0.997697: (+8)     sched_wakeup:         kworker/2:2:1022 [120] CPU:002
          cg.C.x-2988  [004]     0.997697: (+0)     sched_wakeup:         kworker/4:2:1163 [120] CPU:004
          cg.C.x-3019  [003]     0.997697: (+0)     sched_wakeup:         kworker/3:1:707 [120] CPU:003
          cg.C.x-2987  [002]     0.997703: (+6)     sched_switch:         cg.C.x:2987 [120] R ==> kworker/2:2:1022 [120]
          cg.C.x-2988  [004]     0.997703: (+0)     sched_switch:         cg.C.x:2988 [120] R ==> kworker/4:2:1163 [120]
          cg.C.x-3019  [003]     0.997704: (+1)     sched_switch:         cg.C.x:3019 [120] R ==> kworker/3:1:707 [120]
     kworker/2:2-1022  [002]     0.997717: (+13)    sched_switch:         kworker/2:2:1022 [120] I ==> cg.C.x:2987 [120]
     kworker/3:1-707   [003]     0.997718: (+1)     sched_switch:         kworker/3:1:707 [120] I ==> cg.C.x:3019 [120]
     kworker/4:2-1163  [004]     0.997723: (+5)     sched_switch:         kworker/4:2:1163 [120] I ==> cg.C.x:2988 [120]
          cg.C.x-2999  [026]     1.013694: (+15971) bprint:               change_prot_numa: NUMAB SCAN vma[start:0x7fa6e5800000, end:0x7fa6e6128000, from:0x7fa6e5800000, to:0x7fa6e6128000, size:9376 KB]
          cg.C.x-2999  [026]     1.013782: (+88)    bprint:               change_prot_numa: NUMAB SCAN vma[start:0x7fa6f88db000, end:0x7fa6f8a00000, from:0x7fa6f88db000, to:0x7fa6f8a00000, size:1172 KB]
          cg.C.x-3014  [056]     1.029639: (+15857) bprint:               __handle_mm_fault: NUMAB MEM ACCESS process[nid:0, cpu:56, pid:3014], folio[virt:0x7fa6f895b310, phys:0x121b3a000, pfn:0x121b3a, nid:0, npages:1]
          cg.C.x-3015  [058]     1.029644: (+5)     bprint:               __handle_mm_fault: NUMAB MEM ACCESS process[nid:0, cpu:58, pid:3015], folio[virt:0x7fa6f895fc50, phys:0x17e08ef000, pfn:0x17e08ef, nid:0, npages:1]
          cg.C.x-2999  [026]     1.029648: (+4)     bprint:               __handle_mm_fault: NUMAB MEM ACCESS process[nid:0, cpu:26, pid:2999], folio[virt:0x7fa6f8916850, phys:0x110915000, pfn:0x110915, nid:0, npages:1]
          cg.C.x-2996  [020]     1.029650: (+2)     bprint:               __handle_mm_fault: NUMAB MEM ACCESS process[nid:0, cpu:20, pid:2996], folio[virt:0x7fa6f8908c90, phys:0x13a65b000, pfn:0x13a65b, nid:0, npages:1]
          cg.C.x-3033  [031]     1.029655: (+5)     bprint:               __handle_mm_fault: NUMAB MEM ACCESS process[nid:1, cpu:31, pid:3033], folio[virt:0x7fa6f89b22d0, phys:0x1855cf7000, pfn:0x1855cf7, nid:1, npages:1]
          cg.C.x-3016  [060]     1.029659: (+4)     bprint:               __handle_mm_fault: NUMAB MEM ACCESS process[nid:0, cpu:60, pid:3016], folio[virt:0x7fa6f8964590, phys:0x13aadb000, pfn:0x13aadb, nid:0, npages:1]
          cg.C.x-3035  [035]     1.029662: (+3)     bprint:               __handle_mm_fault: NUMAB MEM ACCESS process[nid:1, cpu:35, pid:3035], folio[virt:0x7fa6f89bb548, phys:0x186dedf000, pfn:0x186dedf, nid:1, npages:1]
          cg.C.x-2998  [024]     1.029665: (+3)     bprint:               __handle_mm_fault: NUMAB MEM ACCESS process[nid:0, cpu:24, pid:2998], folio[virt:0x7fa6f8911f10, phys:0x1133dd000, pfn:0x1133dd, nid:0, npages:1]
          cg.C.x-3031  [027]     1.029668: (+3)     bprint:               __handle_mm_fault: NUMAB MEM ACCESS process[nid:1, cpu:27, pid:3031], folio[virt:0x7fa6f89a9050, phys:0x185e395000, pfn:0x185e395, nid:1, npages:1]
          cg.C.x-3049  [063]     1.029671: (+3)     bprint:               __handle_mm_fault: NUMAB MEM ACCESS process[nid:1, cpu:63, pid:3049], folio[virt:0x7fa6f89fb658, phys:0x186eec0000, pfn:0x186eec0, nid:1, npages:1]
          cg.C.x-3025  [015]     1.029674: (+3)     bprint:               __handle_mm_fault: NUMAB MEM ACCESS process[nid:1, cpu:15, pid:3025], folio[virt:0x7fa6f898d8d0, phys:0x185dc65000, pfn:0x185dc65, nid:1, npages:1]
          cg.C.x-3018  [001]     1.029686: (+12)    sched_waking:         comm=kworker/1:0 pid=25 prio=120 target_cpu=001
          cg.C.x-2986  [000]     1.029687: (+1)     sched_waking:         comm=kworker/0:1 pid=10 prio=120 target_cpu=000
          cg.C.x-3041  [047]     1.029690: (+3)     bprint:               __handle_mm_fault: NUMAB MEM ACCESS process[nid:1, cpu:47, pid:3041], folio[virt:0x7fa6f89d6c98, phys:0x185e0cd000, pfn:0x185e0cd, nid:1, npages:1]
          cg.C.x-2986  [000]     1.029692: (+2)     sched_wakeup:         kworker/0:1:10 [120] CPU:000
          cg.C.x-3042  [049]     1.029692: (+0)     bprint:               __handle_mm_fault: NUMAB MEM ACCESS process[nid:1, cpu:49, pid:3042], folio[virt:0x7fa6f89db5d0, phys:0x185eb0e000, pfn:0x185eb0e, nid:1, npages:1]
          cg.C.x-3018  [001]     1.029692: (+0)     sched_wakeup:         kworker/1:0:25 [120] CPU:001
          cg.C.x-3048  [061]     1.029695: (+3)     bprint:               __handle_mm_fault: NUMAB MEM ACCESS process[nid:1, cpu:61, pid:3048], folio[virt:0x7fa6f89f6d20, phys:0x186781b000, pfn:0x186781b, nid:1, npages:1]
          cg.C.x-2994  [016]     1.029698: (+3)     bprint:               __handle_mm_fault: NUMAB MEM ACCESS process[nid:0, cpu:16, pid:2994], folio[virt:0x7fa6f88ffa10, phys:0x11368f000, pfn:0x11368f, nid:0, npages:1]
          cg.C.x-3004  [036]     1.029701: (+3)     bprint:               __handle_mm_fault: NUMAB MEM ACCESS process[nid:0, cpu:36, pid:3004], folio[virt:0x7fa6f892d690, phys:0x111ff0000, pfn:0x111ff0, nid:0, npages:1]
          cg.C.x-2988  [004]     1.029703: (+2)     bprint:               __handle_mm_fault: NUMAB MEM ACCESS process[nid:0, cpu:4, pid:2988], folio[virt:0x7fa6f88e4290, phys:0x1396a8000, pfn:0x1396a8, nid:0, npages:1]
          cg.C.x-3047  [059]     1.029705: (+2)     bprint:               __handle_mm_fault: NUMAB MEM ACCESS process[nid:1, cpu:59, pid:3047], folio[virt:0x7fa6f89f23e8, phys:0x1867240000, pfn:0x1867240, nid:1, npages:1]
          cg.C.x-3037  [039]     1.029708: (+3)     bprint:               __handle_mm_fault: NUMAB MEM ACCESS process[nid:1, cpu:39, pid:3037], folio[virt:0x7fa6f89c47b8, phys:0x185ef70000, pfn:0x185ef70, nid:1, npages:1]
          cg.C.x-3021  [007]     1.029711: (+3)     bprint:               __handle_mm_fault: NUMAB MEM ACCESS process[nid:1, cpu:7, pid:3021], folio[virt:0x7fa6f897b3d0, phys:0x185e1a1000, pfn:0x185e1a1, nid:1, npages:1]
          cg.C.x-3036  [037]     1.029713: (+2)     bprint:               __handle_mm_fault: NUMAB MEM ACCESS process[nid:1, cpu:37, pid:3036], folio[virt:0x7fa6f89bfe80, phys:0x186cccc000, pfn:0x186cccc, nid:1, npages:1]
          cg.C.x-3001  [030]     1.029716: (+3)     bprint:               __handle_mm_fault: NUMAB MEM ACCESS process[nid:0, cpu:30, pid:3001], folio[virt:0x7fa6f891fad0, phys:0x13aac2000, pfn:0x13aac2, nid:0, npages:1]
          cg.C.x-3002  [032]     1.029719: (+3)     bprint:               __handle_mm_fault: NUMAB MEM ACCESS process[nid:0, cpu:32, pid:3002], folio[virt:0x7fa6f8924410, phys:0x13a914000, pfn:0x13a914, nid:0, npages:1]
          cg.C.x-3026  [017]     1.029721: (+2)     bprint:               __handle_mm_fault: NUMAB MEM ACCESS process[nid:1, cpu:17, pid:3026], folio[virt:0x7fa6f8992210, phys:0x186cb23000, pfn:0x186cb23, nid:1, npages:1]
          cg.C.x-3010  [048]     1.029724: (+3)     bprint:               __handle_mm_fault: NUMAB MEM ACCESS process[nid:0, cpu:48, pid:3010], folio[virt:0x7fa6f8948e10, phys:0x139465000, pfn:0x139465, nid:0, npages:1]
          cg.C.x-3017  [062]     1.029726: (+2)     bprint:               __handle_mm_fault: NUMAB MEM ACCESS process[nid:0, cpu:62, pid:3017], folio[virt:0x7fa6f8968ed0, phys:0x139c56000, pfn:0x139c56, nid:0, npages:1]
          cg.C.x-3012  [052]     1.029728: (+2)     bprint:               __handle_mm_fault: NUMAB MEM ACCESS process[nid:0, cpu:52, pid:3012], folio[virt:0x7fa6f8952090, phys:0x13d0a8000, pfn:0x13d0a8, nid:0, npages:1]
          cg.C.x-3008  [044]     1.029730: (+2)     bprint:               __handle_mm_fault: NUMAB MEM ACCESS process[nid:0, cpu:44, pid:3008], folio[virt:0x7fa6f893fb90, phys:0x13b0a6000, pfn:0x13b0a6, nid:0, npages:1]
          cg.C.x-3034  [033]     1.029734: (+4)     bprint:               __handle_mm_fault: NUMAB MEM ACCESS process[nid:1, cpu:33, pid:3034], folio[virt:0x7fa6f89b6c10, phys:0x185fc1e000, pfn:0x185fc1e, nid:1, npages:1]
          cg.C.x-3019  [003]     1.029736: (+2)     bprint:               __handle_mm_fault: NUMAB MEM ACCESS process[nid:1, cpu:3, pid:3019], folio[virt:0x7fa6f8972150, phys:0x185f9f9000, pfn:0x185f9f9, nid:1, npages:1]
          cg.C.x-3040  [045]     1.029739: (+3)     bprint:               __handle_mm_fault: NUMAB MEM ACCESS process[nid:1, cpu:45, pid:3040], folio[virt:0x7fa6f89d2360, phys:0x1854e20000, pfn:0x1854e20, nid:1, npages:1]
          cg.C.x-3032  [029]     1.029741: (+2)     bprint:               __handle_mm_fault: NUMAB MEM ACCESS process[nid:1, cpu:29, pid:3032], folio[virt:0x7fa6f89ad990, phys:0x185ea70000, pfn:0x185ea70, nid:1, npages:1]
          cg.C.x-3038  [041]     1.029743: (+2)     bprint:               __handle_mm_fault: NUMAB MEM ACCESS process[nid:1, cpu:41, pid:3038], folio[virt:0x7fa6f89c90f0, phys:0x185dc7b000, pfn:0x185dc7b, nid:1, npages:1]
          cg.C.x-2990  [008]     1.029746: (+3)     bprint:               __handle_mm_fault: NUMAB MEM ACCESS process[nid:0, cpu:8, pid:2990], folio[virt:0x7fa6f88ed510, phys:0x1204f7000, pfn:0x1204f7, nid:0, npages:1]
          cg.C.x-3007  [042]     1.029749: (+3)     bprint:               __handle_mm_fault: NUMAB MEM ACCESS process[nid:0, cpu:42, pid:3007], folio[virt:0x7fa6f893b250, phys:0x11446d000, pfn:0x11446d, nid:0, npages:1]
          cg.C.x-3024  [013]     1.029751: (+2)     bprint:               __handle_mm_fault: NUMAB MEM ACCESS process[nid:1, cpu:13, pid:3024], folio[virt:0x7fa6f8988f90, phys:0x1866bea000, pfn:0x1866bea, nid:1, npages:1]
          cg.C.x-3003  [034]     1.029754: (+3)     bprint:               __handle_mm_fault: NUMAB MEM ACCESS process[nid:0, cpu:34, pid:3003], folio[virt:0x7fa6f8928d50, phys:0x139f90000, pfn:0x139f90, nid:0, npages:1]
          cg.C.x-3044  [053]     1.029757: (+3)     bprint:               __handle_mm_fault: NUMAB MEM ACCESS process[nid:1, cpu:53, pid:3044], folio[virt:0x7fa6f89e4840, phys:0x186d60a000, pfn:0x186d60a, nid:1, npages:1]
          cg.C.x-3028  [021]     1.029759: (+2)     bprint:               __handle_mm_fault: NUMAB MEM ACCESS process[nid:1, cpu:21, pid:3028], folio[virt:0x7fa6f899b490, phys:0x185e0d3000, pfn:0x185e0d3, nid:1, npages:1]
          cg.C.x-3027  [019]     1.029762: (+3)     bprint:               __handle_mm_fault: NUMAB MEM ACCESS process[nid:1, cpu:19, pid:3027], folio[virt:0x7fa6f8996b50, phys:0x1857563000, pfn:0x1857563, nid:1, npages:1]
          cg.C.x-3018  [001]     1.029764: (+2)     bprint:               __handle_mm_fault: NUMAB MEM ACCESS process[nid:1, cpu:1, pid:3018], folio[virt:0x7fa6f896d810, phys:0x185dd81000, pfn:0x185dd81, nid:1, npages:1]
          cg.C.x-3000  [028]     1.029766: (+2)     bprint:               __handle_mm_fault: NUMAB MEM ACCESS process[nid:0, cpu:28, pid:3000], folio[virt:0x7fa6f891b190, phys:0x13a1e5000, pfn:0x13a1e5, nid:0, npages:1]
          cg.C.x-2997  [022]     1.029768: (+2)     bprint:               __handle_mm_fault: NUMAB MEM ACCESS process[nid:0, cpu:22, pid:2997], folio[virt:0x7fa6f890d5d0, phys:0x1110da000, pfn:0x1110da, nid:0, npages:1]
          cg.C.x-3039  [043]     1.029771: (+3)     bprint:               __handle_mm_fault: NUMAB MEM ACCESS process[nid:1, cpu:43, pid:3039], folio[virt:0x7fa6f89cda28, phys:0x18575ba000, pfn:0x18575ba, nid:1, npages:1]
          cg.C.x-3018  [001]     1.029772: (+1)     sched_switch:         cg.C.x:3018 [120] R ==> kworker/1:0:25 [120]
          cg.C.x-3020  [005]     1.029774: (+2)     bprint:               __handle_mm_fault: NUMAB MEM ACCESS process[nid:1, cpu:5, pid:3020], folio[virt:0x7fa6f8976a90, phys:0x185fce3000, pfn:0x185fce3, nid:1, npages:1]
          cg.C.x-3043  [051]     1.029776: (+2)     bprint:               __handle_mm_fault: NUMAB MEM ACCESS process[nid:1, cpu:51, pid:3043], folio[virt:0x7fa6f89dff08, phys:0x1857835000, pfn:0x1857835, nid:1, npages:1]
          cg.C.x-2986  [000]     1.029778: (+2)     bprint:               __handle_mm_fault: NUMAB MEM ACCESS process[nid:0, cpu:0, pid:2986], folio[virt:0x7fa6f88db010, phys:0x183fe1c000, pfn:0x183fe1c, nid:0, npages:1]
          cg.C.x-3046  [057]     1.029781: (+3)     bprint:               __handle_mm_fault: NUMAB MEM ACCESS process[nid:1, cpu:57, pid:3046], folio[virt:0x7fa6f89edab0, phys:0x1866be1000, pfn:0x1866be1, nid:1, npages:1]
          cg.C.x-3030  [025]     1.029783: (+2)     bprint:               __handle_mm_fault: NUMAB MEM ACCESS process[nid:1, cpu:25, pid:3030], folio[virt:0x7fa6f89a4710, phys:0x186ccdc000, pfn:0x186ccdc, nid:1, npages:1]
     kworker/1:0-25    [001]     1.029784: (+1)     sched_switch:         kworker/1:0:25 [120] I ==> cg.C.x:3018 [120]
          cg.C.x-2986  [000]     1.029785: (+1)     sched_switch:         cg.C.x:2986 [120] R ==> kworker/0:1:10 [120]
          cg.C.x-3029  [023]     1.029786: (+1)     bprint:               __handle_mm_fault: NUMAB MEM ACCESS process[nid:1, cpu:23, pid:3029], folio[virt:0x7fa6f899fdd0, phys:0x186cca4000, pfn:0x186cca4, nid:1, npages:1]
          cg.C.x-3045  [055]     1.029788: (+2)     bprint:               __handle_mm_fault: NUMAB MEM ACCESS process[nid:1, cpu:55, pid:3045], folio[virt:0x7fa6f89e9178, phys:0x185e517000, pfn:0x185e517, nid:1, npages:1]
          cg.C.x-3022  [009]     1.029791: (+3)     bprint:               __handle_mm_fault: NUMAB MEM ACCESS process[nid:1, cpu:9, pid:3022], folio[virt:0x7fa6f897fd10, phys:0x186cab3000, pfn:0x186cab3, nid:1, npages:1]
          cg.C.x-3023  [011]     1.029793: (+2)     bprint:               __handle_mm_fault: NUMAB MEM ACCESS process[nid:1, cpu:11, pid:3023], folio[virt:0x7fa6f8984650, phys:0x1854fc2000, pfn:0x1854fc2, nid:1, npages:1]
          cg.C.x-3005  [038]     1.029795: (+2)     bprint:               __handle_mm_fault: NUMAB MEM ACCESS process[nid:0, cpu:38, pid:3005], folio[virt:0x7fa6f8931fd0, phys:0x13a7fb000, pfn:0x13a7fb, nid:0, npages:1]
          cg.C.x-3006  [040]     1.029797: (+2)     bprint:               __handle_mm_fault: NUMAB MEM ACCESS process[nid:0, cpu:40, pid:3006], folio[virt:0x7fa6f8936910, phys:0x1126fe000, pfn:0x1126fe, nid:0, npages:1]
          cg.C.x-3013  [054]     1.029799: (+2)     bprint:               __handle_mm_fault: NUMAB MEM ACCESS process[nid:0, cpu:54, pid:3013], folio[virt:0x7fa6f89569d0, phys:0x362830000, pfn:0x362830, nid:0, npages:1]
          cg.C.x-2992  [012]     1.029801: (+2)     bprint:               __handle_mm_fault: NUMAB MEM ACCESS process[nid:0, cpu:12, pid:2992], folio[virt:0x7fa6f88f6790, phys:0x13d0ed000, pfn:0x13d0ed, nid:0, npages:1]
          cg.C.x-2987  [002]     1.029803: (+2)     bprint:               __handle_mm_fault: NUMAB MEM ACCESS process[nid:0, cpu:2, pid:2987], folio[virt:0x7fa6f88df950, phys:0x121cf2000, pfn:0x121cf2, nid:0, npages:1]
          cg.C.x-2991  [010]     1.029805: (+2)     bprint:               __handle_mm_fault: NUMAB MEM ACCESS process[nid:0, cpu:10, pid:2991], folio[virt:0x7fa6f88f1e50, phys:0x13a18b000, pfn:0x13a18b, nid:0, npages:1]
          cg.C.x-2989  [006]     1.029807: (+2)     bprint:               __handle_mm_fault: NUMAB MEM ACCESS process[nid:0, cpu:6, pid:2989], folio[virt:0x7fa6f88e8bd0, phys:0x120480000, pfn:0x120480, nid:0, npages:1]
          cg.C.x-3011  [050]     1.029809: (+2)     bprint:               __handle_mm_fault: NUMAB MEM ACCESS process[nid:0, cpu:50, pid:3011], folio[virt:0x7fa6f894d750, phys:0x121765000, pfn:0x121765, nid:0, npages:1]
          cg.C.x-2995  [018]     1.029811: (+2)     bprint:               __handle_mm_fault: NUMAB MEM ACCESS process[nid:0, cpu:18, pid:2995], folio[virt:0x7fa6f8904350, phys:0x13ab43000, pfn:0x13ab43, nid:0, npages:1]
          cg.C.x-3009  [046]     1.029814: (+3)     bprint:               __handle_mm_fault: NUMAB MEM ACCESS process[nid:0, cpu:46, pid:3009], folio[virt:0x7fa6f89444d0, phys:0x183fea2000, pfn:0x183fea2, nid:0, npages:1]
          cg.C.x-2993  [014]     1.029816: (+2)     bprint:               __handle_mm_fault: NUMAB MEM ACCESS process[nid:0, cpu:14, pid:2993], folio[virt:0x7fa6f88fb0d0, phys:0x13a743000, pfn:0x13a743, nid:0, npages:1]
          cg.C.x-3014  [056]     1.029817: (+1)     bprint:               __handle_mm_fault: NUMAB MEM ACCESS process[nid:0, cpu:56, pid:3014], folio[virt:0x7fa6f895c000, phys:0x121b3b000, pfn:0x121b3b, nid:0, npages:1]
          cg.C.x-3015  [058]     1.029819: (+2)     bprint:               __handle_mm_fault: NUMAB MEM ACCESS process[nid:0, cpu:58, pid:3015], folio[virt:0x7fa6f8960000, phys:0x1233f9000, pfn:0x1233f9, nid:0, npages:1]
          cg.C.x-2999  [026]     1.029820: (+1)     bprint:               __handle_mm_fault: NUMAB MEM ACCESS process[nid:0, cpu:26, pid:2999], folio[virt:0x7fa6f8917000, phys:0x110912000, pfn:0x110912, nid:0, npages:1]
          cg.C.x-2996  [020]     1.029821: (+1)     bprint:               __handle_mm_fault: NUMAB MEM ACCESS process[nid:0, cpu:20, pid:2996], folio[virt:0x7fa6f8909000, phys:0x1136b4000, pfn:0x1136b4, nid:0, npages:1]
          cg.C.x-3016  [060]     1.029823: (+2)     bprint:               __handle_mm_fault: NUMAB MEM ACCESS process[nid:0, cpu:60, pid:3016], folio[virt:0x7fa6f8965000, phys:0x153a43000, pfn:0x153a43, nid:0, npages:1]
          cg.C.x-3033  [031]     1.029824: (+1)     bprint:               __handle_mm_fault: NUMAB MEM ACCESS process[nid:1, cpu:31, pid:3033], folio[virt:0x7fa6f89b3000, phys:0x185e696000, pfn:0x185e696, nid:1, npages:1]
          cg.C.x-2998  [024]     1.029826: (+2)     bprint:               __handle_mm_fault: NUMAB MEM ACCESS process[nid:0, cpu:24, pid:2998], folio[virt:0x7fa6f8912000, phys:0x139628000, pfn:0x139628, nid:0, npages:1]
          cg.C.x-3035  [035]     1.029827: (+1)     bprint:               __handle_mm_fault: NUMAB MEM ACCESS process[nid:1, cpu:35, pid:3035], folio[virt:0x7fa6f89bc000, phys:0x185762c000, pfn:0x185762c, nid:1, npages:1]
          cg.C.x-3031  [027]     1.029829: (+2)     bprint:               __handle_mm_fault: NUMAB MEM ACCESS process[nid:1, cpu:27, pid:3031], folio[virt:0x7fa6f89aa000, phys:0x18678bb000, pfn:0x18678bb, nid:1, npages:1]
          cg.C.x-3049  [063]     1.029830: (+1)     bprint:               __handle_mm_fault: NUMAB MEM ACCESS process[nid:1, cpu:63, pid:3049], folio[virt:0x7fa6f89fc000, phys:0x186eec1000, pfn:0x186eec1, nid:1, npages:1]
          cg.C.x-3025  [015]     1.029831: (+1)     bprint:               __handle_mm_fault: NUMAB MEM ACCESS process[nid:1, cpu:15, pid:3025], folio[virt:0x7fa6f898e000, phys:0x18572da000, pfn:0x18572da, nid:1, npages:1]
          cg.C.x-3041  [047]     1.029832: (+1)     bprint:               __handle_mm_fault: NUMAB MEM ACCESS process[nid:1, cpu:47, pid:3041], folio[virt:0x7fa6f89d7000, phys:0x186db67000, pfn:0x186db67, nid:1, npages:1]
          cg.C.x-3042  [049]     1.029834: (+2)     bprint:               __handle_mm_fault: NUMAB MEM ACCESS process[nid:1, cpu:49, pid:3042], folio[virt:0x7fa6f89dc000, phys:0x186d05b000, pfn:0x186d05b, nid:1, npages:1]
          cg.C.x-3048  [061]     1.029835: (+1)     bprint:               __handle_mm_fault: NUMAB MEM ACCESS process[nid:1, cpu:61, pid:3048], folio[virt:0x7fa6f89f7000, phys:0x185dc60000, pfn:0x185dc60, nid:1, npages:1]
          cg.C.x-2994  [016]     1.029836: (+1)     bprint:               __handle_mm_fault: NUMAB MEM ACCESS process[nid:0, cpu:16, pid:2994], folio[virt:0x7fa6f8900000, phys:0x1137fb000, pfn:0x1137fb, nid:0, npages:1]
          cg.C.x-3004  [036]     1.029838: (+2)     bprint:               __handle_mm_fault: NUMAB MEM ACCESS process[nid:0, cpu:36, pid:3004], folio[virt:0x7fa6f892e000, phys:0x13a2ec000, pfn:0x13a2ec, nid:0, npages:1]
          cg.C.x-3047  [059]     1.029839: (+1)     bprint:               __handle_mm_fault: NUMAB MEM ACCESS process[nid:1, cpu:59, pid:3047], folio[virt:0x7fa6f89f3000, phys:0x186ccee000, pfn:0x186ccee, nid:1, npages:1]
          cg.C.x-2988  [004]     1.029840: (+1)     bprint:               __handle_mm_fault: NUMAB MEM ACCESS process[nid:0, cpu:4, pid:2988], folio[virt:0x7fa6f88e5000, phys:0x113755000, pfn:0x113755, nid:0, npages:1]
          cg.C.x-3037  [039]     1.029842: (+2)     bprint:               __handle_mm_fault: NUMAB MEM ACCESS process[nid:1, cpu:39, pid:3037], folio[virt:0x7fa6f89c5000, phys:0x186d5d0000, pfn:0x186d5d0, nid:1, npages:1]
          cg.C.x-3021  [007]     1.029843: (+1)     bprint:               __handle_mm_fault: NUMAB MEM ACCESS process[nid:1, cpu:7, pid:3021], folio[virt:0x7fa6f897c000, phys:0x186cb83000, pfn:0x186cb83, nid:1, npages:1]
          cg.C.x-3036  [037]     1.029844: (+1)     bprint:               __handle_mm_fault: NUMAB MEM ACCESS process[nid:1, cpu:37, pid:3036], folio[virt:0x7fa6f89c0000, phys:0x18578f6000, pfn:0x18578f6, nid:1, npages:1]
          cg.C.x-3001  [030]     1.029846: (+2)     bprint:               __handle_mm_fault: NUMAB MEM ACCESS process[nid:0, cpu:30, pid:3001], folio[virt:0x7fa6f8920000, phys:0x1106db000, pfn:0x1106db, nid:0, npages:1]
          cg.C.x-3002  [032]     1.029847: (+1)     bprint:               __handle_mm_fault: NUMAB MEM ACCESS process[nid:0, cpu:32, pid:3002], folio[virt:0x7fa6f8925000, phys:0x13a394000, pfn:0x13a394, nid:0, npages:1]
          cg.C.x-3026  [017]     1.029848: (+1)     bprint:               __handle_mm_fault: NUMAB MEM ACCESS process[nid:1, cpu:17, pid:3026], folio[virt:0x7fa6f8993000, phys:0x18648b9000, pfn:0x18648b9, nid:1, npages:1]
          cg.C.x-3010  [048]     1.029849: (+1)     bprint:               __handle_mm_fault: NUMAB MEM ACCESS process[nid:0, cpu:48, pid:3010], folio[virt:0x7fa6f8949000, phys:0x1127df000, pfn:0x1127df, nid:0, npages:1]
          cg.C.x-3017  [062]     1.029850: (+1)     bprint:               __handle_mm_fault: NUMAB MEM ACCESS process[nid:0, cpu:62, pid:3017], folio[virt:0x7fa6f8969000, phys:0x139c57000, pfn:0x139c57, nid:0, npages:1]
          cg.C.x-3012  [052]     1.029851: (+1)     bprint:               __handle_mm_fault: NUMAB MEM ACCESS process[nid:0, cpu:52, pid:3012], folio[virt:0x7fa6f8953000, phys:0x110bd7000, pfn:0x110bd7, nid:0, npages:1]
          cg.C.x-3008  [044]     1.029853: (+2)     bprint:               __handle_mm_fault: NUMAB MEM ACCESS process[nid:0, cpu:44, pid:3008], folio[virt:0x7fa6f8940000, phys:0x112db7000, pfn:0x112db7, nid:0, npages:1]
          cg.C.x-3034  [033]     1.029854: (+1)     bprint:               __handle_mm_fault: NUMAB MEM ACCESS process[nid:1, cpu:33, pid:3034], folio[virt:0x7fa6f89b7000, phys:0x1856ffe000, pfn:0x1856ffe, nid:1, npages:1]
          cg.C.x-3019  [003]     1.029855: (+1)     bprint:               __handle_mm_fault: NUMAB MEM ACCESS process[nid:1, cpu:3, pid:3019], folio[virt:0x7fa6f8973000, phys:0x1855f48000, pfn:0x1855f48, nid:1, npages:1]
          cg.C.x-3040  [045]     1.029856: (+1)     bprint:               __handle_mm_fault: NUMAB MEM ACCESS process[nid:1, cpu:45, pid:3040], folio[virt:0x7fa6f89d3000, phys:0x1857574000, pfn:0x1857574, nid:1, npages:1]
          cg.C.x-3032  [029]     1.029858: (+2)     bprint:               __handle_mm_fault: NUMAB MEM ACCESS process[nid:1, cpu:29, pid:3032], folio[virt:0x7fa6f89ae000, phys:0x185ea5e000, pfn:0x185ea5e, nid:1, npages:1]
          cg.C.x-3038  [041]     1.029859: (+1)     bprint:               __handle_mm_fault: NUMAB MEM ACCESS process[nid:1, cpu:41, pid:3038], folio[virt:0x7fa6f89ca000, phys:0x185dd0b000, pfn:0x185dd0b, nid:1, npages:1]
          cg.C.x-2990  [008]     1.029860: (+1)     bprint:               __handle_mm_fault: NUMAB MEM ACCESS process[nid:0, cpu:8, pid:2990], folio[virt:0x7fa6f88ee000, phys:0x110c8f000, pfn:0x110c8f, nid:0, npages:1]
