          cg.C.x-3382  [043]     1.021750: (+1)     sched_switch:         cg.C.x:3382 [120] D ==> swapper/43:0 [120]
          cg.C.x-3338  [018]     1.021751: (+1)     bprint:               __handle_mm_fault: NUMAB MEM ACCESS process[nid:0, cpu:18, pid:3338], folio[virt:0x7f3d6cabc8f8, phys:0x113234000, pfn:0x113234, nid:0, npages:1]
          cg.C.x-3335  [012]     1.021751: (+0)     bprint:               do_huge_pmd_numa_page: NUMAB MEM ACCESS huge page process[nid:0, cpu:12, pid:3335], folio[virt:0x7f3d6ea05048, ker:0xffff93f47e000000, pfn:0x2fe000, nid:0, npages:512]
          cg.C.x-3353  [048]     1.021752: (+1)     sched_switch:         cg.C.x:3353 [120] D ==> swapper/48:0 [120]
          cg.C.x-3392  [063]     1.021753: (+1)     bprint:               __handle_mm_fault: NUMAB COMPLETED MEM MIGR process[nid:1, cpu:63, pid:3392], old[phys:0x17e08a4000, nid:0, npages:1], new[phys:0x1858411000, nid:1, npages:1]
          cg.C.x-3379  [037]     1.021753: (+0)     bprint:               __handle_mm_fault: NUMAB COMPLETED MEM MIGR process[nid:1, cpu:37, pid:3379], old[phys:0x3245ad000, nid:0, npages:1], new[phys:0x186da97000, nid:1, npages:1]
          cg.C.x-3360  [062]     1.021753: (+0)     sched_switch:         cg.C.x:3360 [120] D ==> swapper/62:0 [120]
          cg.C.x-3346  [034]     1.021753: (+0)     bprint:               do_huge_pmd_numa_page: NUMAB MEM ACCESS huge page process[nid:0, cpu:34, pid:3346], folio[virt:0x7f3d7197e308, ker:0xffff93f4e0800000, pfn:0x360800, nid:0, npages:512]
          cg.C.x-3332  [006]     1.021755: (+2)     bprint:               __handle_mm_fault: NUMAB MEM ACCESS process[nid:0, cpu:6, pid:3332], folio[virt:0x7f3d6caa1010, phys:0x11063f000, pfn:0x11063f, nid:0, npages:1]
          cg.C.x-3340  [022]     1.021756: (+1)     sched_switch:         cg.C.x:3340 [120] D ==> swapper/22:0 [120]
          cg.C.x-3383  [045]     1.021756: (+0)     bprint:               do_huge_pmd_numa_page: NUMAB MEM ACCESS huge page process[nid:1, cpu:45, pid:3383], folio[virt:0x7f3d7b8ce930, ker:0xffff940bf8c00000, pfn:0x1a78c00, nid:1, npages:512]
          cg.C.x-3330  [002]     1.021756: (+0)     sched_switch:         cg.C.x:3330 [120] D ==> swapper/2:0 [120]
          cg.C.x-3361  [001]     1.021758: (+2)     sched_switch:         cg.C.x:3361 [120] D ==> swapper/1:0 [120]
          cg.C.x-3389  [057]     1.021759: (+1)     sched_switch:         cg.C.x:3389 [120] D ==> swapper/57:0 [120]
          cg.C.x-3344  [030]     1.021759: (+0)     bprint:               do_huge_pmd_numa_page: NUMAB MEM ACCESS huge page process[nid:0, cpu:30, pid:3344], folio[virt:0x7f3d710e8c88, ker:0xffff93f4a5000000, pfn:0x325000, nid:0, npages:512]
          cg.C.x-3351  [044]     1.021760: (+1)     sched_switch:         cg.C.x:3351 [120] D ==> swapper/44:0 [120]
          cg.C.x-3352  [046]     1.021761: (+1)     bprint:               __handle_mm_fault: NUMAB MEM ACCESS process[nid:0, cpu:46, pid:3352], folio[virt:0x7f3d6cafc9f0, phys:0x326250000, pfn:0x326250, nid:0, npages:1]
          cg.C.x-3363  [005]     1.021761: (+0)     sched_switch:         cg.C.x:3363 [120] D ==> swapper/5:0 [120]
          cg.C.x-3358  [058]     1.021762: (+1)     bprint:               do_huge_pmd_numa_page: NUMAB MEM ACCESS huge page process[nid:0, cpu:58, pid:3358], folio[virt:0x7f3d74d10648, ker:0xffff93f4a3c00000, pfn:0x323c00, nid:0, npages:512]
          cg.C.x-3373  [025]     1.021762: (+0)     sched_switch:         cg.C.x:3373 [120] D ==> swapper/25:0 [120]
          cg.C.x-3333  [008]     1.021763: (+1)     sched_switch:         cg.C.x:3333 [120] D ==> swapper/8:0 [120]
          cg.C.x-3376  [031]     1.021763: (+0)     sched_waking:         comm=cg.C.x pid=3357 prio=120 target_cpu=056
          cg.C.x-3337  [016]     1.021763: (+0)     sched_switch:         cg.C.x:3337 [120] D ==> swapper/16:0 [120]
          cg.C.x-3359  [060]     1.021764: (+1)     sched_switch:         cg.C.x:3359 [120] D ==> swapper/60:0 [120]
          cg.C.x-3376  [031]     1.021764: (+0)     sched_waking:         comm=cg.C.x pid=3380 prio=120 target_cpu=039
          cg.C.x-3342  [026]     1.021765: (+1)     bprint:               do_huge_pmd_numa_page: NUMAB MEM ACCESS huge page process[nid:0, cpu:26, pid:3342], folio[virt:0x7f3d70850308, ker:0xffff93f2d8a00000, pfn:0x158a00, nid:0, npages:512]
          cg.C.x-3376  [031]     1.021765: (+0)     sched_wake_idle_without_ipi: cpu=39
          cg.C.x-3376  [031]     1.021765: (+0)     sched_waking:         comm=cg.C.x pid=3353 prio=120 target_cpu=048
          cg.C.x-3369  [017]     1.021766: (+1)     sched_waking:         comm=cg.C.x pid=3356 prio=120 target_cpu=054
          cg.C.x-3336  [014]     1.021766: (+0)     bprint:               __handle_mm_fault: NUMAB MEM ACCESS process[nid:0, cpu:14, pid:3336], folio[virt:0x7f3d6cab3738, phys:0x324558000, pfn:0x324558, nid:0, npages:1]
          cg.C.x-3348  [038]     1.021767: (+1)     bprint:               do_huge_pmd_numa_page: NUMAB MEM ACCESS huge page process[nid:0, cpu:38, pid:3348], folio[virt:0x7f3d72204a08, ker:0xffff93f4f9a00000, pfn:0x379a00, nid:0, npages:512]
          cg.C.x-3376  [031]     1.021767: (+0)     sched_wake_idle_without_ipi: cpu=48
          cg.C.x-3376  [031]     1.021767: (+0)     sched_waking:         comm=cg.C.x pid=3337 prio=120 target_cpu=016
          cg.C.x-3369  [017]     1.021767: (+0)     sched_wake_idle_without_ipi: cpu=54
          cg.C.x-3369  [017]     1.021768: (+1)     sched_waking:         comm=cg.C.x pid=3370 prio=120 target_cpu=019
          cg.C.x-3343  [028]     1.021768: (+0)     bprint:               __handle_mm_fault: NUMAB MEM ACCESS process[nid:0, cpu:28, pid:3343], folio[virt:0x7f3d6cad3728, phys:0x113db3000, pfn:0x113db3, nid:0, npages:1]
          cg.C.x-3376  [031]     1.021768: (+0)     sched_wake_idle_without_ipi: cpu=16
          cg.C.x-3369  [017]     1.021768: (+0)     sched_wake_idle_without_ipi: cpu=19
          cg.C.x-3376  [031]     1.021769: (+1)     sched_waking:         comm=cg.C.x pid=3373 prio=120 target_cpu=025
          cg.C.x-3371  [021]     1.021769: (+0)     bprint:               do_huge_pmd_numa_page: NUMAB MEM ACCESS huge page process[nid:1, cpu:21, pid:3371], folio[virt:0x7f3d7851d788, ker:0xffff940bfb600000, pfn:0x1a7b600, nid:1, npages:512]
          cg.C.x-3369  [017]     1.021769: (+0)     sched_waking:         comm=cg.C.x pid=3339 prio=120 target_cpu=020
          cg.C.x-3376  [031]     1.021769: (+0)     sched_wake_idle_without_ipi: cpu=25
          <idle>-0     [039]     1.021769: (+0)     sched_wakeup:         cg.C.x:3380 [120] CPU:039
          cg.C.x-3369  [017]     1.021770: (+1)     sched_wake_idle_without_ipi: cpu=20
          cg.C.x-3369  [017]     1.021771: (+1)     sched_waking:         comm=cg.C.x pid=3382 prio=120 target_cpu=043
          <idle>-0     [039]     1.021771: (+0)     sched_switch:         swapper/39:0 [120] R ==> cg.C.x:3380 [120]
          cg.C.x-3369  [017]     1.021771: (+0)     sched_wake_idle_without_ipi: cpu=43
          <idle>-0     [048]     1.021771: (+0)     sched_wakeup:         cg.C.x:3353 [120] CPU:048
          cg.C.x-3334  [010]     1.021772: (+1)     bprint:               do_huge_pmd_numa_page: NUMAB MEM ACCESS huge page process[nid:0, cpu:10, pid:3334], folio[virt:0x7f3d6e5c4b48, ker:0xffff93f4a4800000, pfn:0x324800, nid:0, npages:512]
          cg.C.x-3369  [017]     1.021772: (+0)     sched_waking:         comm=cg.C.x pid=3360 prio=120 target_cpu=062
          <idle>-0     [025]     1.021772: (+0)     sched_wakeup:         cg.C.x:3373 [120] CPU:025
          <idle>-0     [019]     1.021773: (+1)     sched_wakeup:         cg.C.x:3370 [120] CPU:019
          cg.C.x-3369  [017]     1.021773: (+0)     sched_wake_idle_without_ipi: cpu=62
          <idle>-0     [025]     1.021773: (+0)     sched_switch:         swapper/25:0 [120] R ==> cg.C.x:3373 [120]
          cg.C.x-3335  [012]     1.021773: (+0)     bprint:               __handle_mm_fault: NUMAB MEM ACCESS process[nid:0, cpu:12, pid:3335], folio[virt:0x7f3d6caaed08, phys:0x13ab48000, pfn:0x13ab48, nid:0, npages:1]
          <idle>-0     [054]     1.021773: (+0)     sched_wakeup:         cg.C.x:3356 [120] CPU:054
          <idle>-0     [048]     1.021773: (+0)     sched_switch:         swapper/48:0 [120] R ==> cg.C.x:3353 [120]
          cg.C.x-3369  [017]     1.021773: (+0)     sched_waking:         comm=cg.C.x pid=3340 prio=120 target_cpu=022
          <idle>-0     [019]     1.021774: (+1)     sched_switch:         swapper/19:0 [120] R ==> cg.C.x:3370 [120]
          <idle>-0     [043]     1.021774: (+0)     sched_wakeup:         cg.C.x:3382 [120] CPU:043
          cg.C.x-3369  [017]     1.021774: (+0)     sched_wake_idle_without_ipi: cpu=22
          <idle>-0     [054]     1.021775: (+1)     sched_switch:         swapper/54:0 [120] R ==> cg.C.x:3356 [120]
          cg.C.x-3341  [024]     1.021775: (+0)     bprint:               do_huge_pmd_numa_page: NUMAB MEM ACCESS huge page process[nid:0, cpu:24, pid:3341], folio[virt:0x7f3d703f2670, ker:0xffff93f4bac00000, pfn:0x33ac00, nid:0, npages:512]
          cg.C.x-3346  [034]     1.021775: (+0)     bprint:               __handle_mm_fault: NUMAB MEM ACCESS process[nid:0, cpu:34, pid:3346], folio[virt:0x7f3d6cae1270, phys:0x12313b000, pfn:0x12313b, nid:0, npages:1]
          <idle>-0     [016]     1.021775: (+0)     sched_wakeup:         cg.C.x:3337 [120] CPU:016
          <idle>-0     [020]     1.021775: (+0)     sched_wakeup:         cg.C.x:3339 [120] CPU:020
          cg.C.x-3369  [017]     1.021775: (+0)     sched_waking:         comm=cg.C.x pid=3330 prio=120 target_cpu=002
          <idle>-0     [043]     1.021776: (+1)     sched_switch:         swapper/43:0 [120] R ==> cg.C.x:3382 [120]
          cg.C.x-3369  [017]     1.021776: (+0)     sched_wake_idle_without_ipi: cpu=2
          cg.C.x-3383  [045]     1.021776: (+0)     bprint:               __handle_mm_fault: NUMAB MEM ACCESS process[nid:1, cpu:45, pid:3383], folio[virt:0x7f3d6cb8a8c8, phys:0x1855ef5000, pfn:0x1855ef5, nid:1, npages:1]
          <idle>-0     [016]     1.021776: (+0)     sched_switch:         swapper/16:0 [120] R ==> cg.C.x:3337 [120]
          <idle>-0     [056]     1.021776: (+0)     sched_wakeup:         cg.C.x:3357 [120] CPU:056
          cg.C.x-3369  [017]     1.021777: (+1)     sched_waking:         comm=cg.C.x pid=3361 prio=120 target_cpu=001
          cg.C.x-3350  [042]     1.021777: (+0)     bprint:               do_huge_pmd_numa_page: NUMAB MEM ACCESS huge page process[nid:0, cpu:42, pid:3350], folio[virt:0x7f3d72ac20f0, ker:0xffff93f44f200000, pfn:0x2cf200, nid:0, npages:512]
          <idle>-0     [020]     1.021777: (+0)     sched_switch:         swapper/20:0 [120] R ==> cg.C.x:3339 [120]
          cg.C.x-3369  [017]     1.021777: (+0)     sched_wake_idle_without_ipi: cpu=1
          <idle>-0     [062]     1.021778: (+1)     sched_wakeup:         cg.C.x:3360 [120] CPU:062
          cg.C.x-3369  [017]     1.021778: (+0)     sched_waking:         comm=cg.C.x pid=3351 prio=120 target_cpu=044
          cg.C.x-3344  [030]     1.021778: (+0)     bprint:               __handle_mm_fault: NUMAB MEM ACCESS process[nid:0, cpu:30, pid:3344], folio[virt:0x7f3d6cad80a0, phys:0x150706000, pfn:0x150706, nid:0, npages:1]
          <idle>-0     [022]     1.021779: (+1)     sched_wakeup:         cg.C.x:3340 [120] CPU:022
          cg.C.x-3353  [048]     1.021779: (+0)     bprint:               __handle_mm_fault: NUMAB MEM ACCESS process[nid:0, cpu:48, pid:3353], folio[virt:0x7f3d5e200fe8, phys:0x362987000, pfn:0x362987, nid:0, npages:1]
          cg.C.x-3369  [017]     1.021779: (+0)     sched_wake_idle_without_ipi: cpu=44
          cg.C.x-3369  [017]     1.021779: (+0)     sched_waking:         comm=cg.C.x pid=3389 prio=120 target_cpu=057
          cg.C.x-3384  [047]     1.021780: (+1)     bprint:               do_huge_pmd_numa_page: NUMAB MEM ACCESS huge page process[nid:1, cpu:47, pid:3384], folio[virt:0x7f3d7bd17dc8, ker:0xffff940b85400000, pfn:0x1a05400, nid:1, npages:512]
          <idle>-0     [062]     1.021780: (+0)     sched_switch:         swapper/62:0 [120] R ==> cg.C.x:3360 [120]
          cg.C.x-3358  [058]     1.021780: (+0)     bprint:               __handle_mm_fault: NUMAB MEM ACCESS process[nid:0, cpu:58, pid:3358], folio[virt:0x7f3d6cb180d8, phys:0x1506f8000, pfn:0x1506f8, nid:0, npages:1]
          <idle>-0     [056]     1.021780: (+0)     sched_switch:         swapper/56:0 [120] R ==> cg.C.x:3357 [120]
          cg.C.x-3369  [017]     1.021780: (+0)     sched_wake_idle_without_ipi: cpu=57
          <idle>-0     [022]     1.021780: (+0)     sched_switch:         swapper/22:0 [120] R ==> cg.C.x:3340 [120]
          cg.C.x-3356  [054]     1.021780: (+0)     bprint:               __handle_mm_fault: NUMAB MEM ACCESS process[nid:0, cpu:54, pid:3356], folio[virt:0x7f3d5c400fe8, phys:0x153bbd000, pfn:0x153bbd, nid:0, npages:1]
          cg.C.x-3369  [017]     1.021781: (+1)     sched_waking:         comm=cg.C.x pid=3333 prio=120 target_cpu=008
          <idle>-0     [002]     1.021781: (+0)     sched_wakeup:         cg.C.x:3330 [120] CPU:002
          <idle>-0     [001]     1.021781: (+0)     sched_wakeup:         cg.C.x:3361 [120] CPU:001
          cg.C.x-3369  [017]     1.021782: (+1)     sched_wake_idle_without_ipi: cpu=8
          cg.C.x-3339  [020]     1.021782: (+0)     bprint:               __handle_mm_fault: NUMAB MEM ACCESS process[nid:0, cpu:20, pid:3339], folio[virt:0x7f3d66e00fe8, phys:0x113f82000, pfn:0x113f82, nid:0, npages:1]
          cg.C.x-3337  [016]     1.021782: (+0)     bprint:               __handle_mm_fault: NUMAB MEM ACCESS process[nid:0, cpu:16, pid:3337], folio[virt:0x7f3d68200fe8, phys:0x13a644000, pfn:0x13a644, nid:0, npages:1]
          cg.C.x-3342  [026]     1.021782: (+0)     bprint:               __handle_mm_fault: NUMAB MEM ACCESS process[nid:0, cpu:26, pid:3342], folio[virt:0x7f3d6caceea8, phys:0x3245d9000, pfn:0x3245d9, nid:0, npages:1]
          cg.C.x-3390  [059]     1.021782: (+0)     bprint:               __handle_mm_fault: NUMAB COMPLETED MEM MIGR process[nid:1, cpu:59, pid:3390], old[phys:0x36298a000, nid:0, npages:1], new[phys:0x18572c5000, nid:1, npages:1]
          cg.C.x-3369  [017]     1.021782: (+0)     sched_waking:         comm=cg.C.x pid=3359 prio=120 target_cpu=060
          <idle>-0     [057]     1.021782: (+0)     sched_wakeup:         cg.C.x:3389 [120] CPU:057
          <idle>-0     [001]     1.021783: (+1)     sched_switch:         swapper/1:0 [120] R ==> cg.C.x:3361 [120]
          cg.C.x-3329  [000]     1.021783: (+0)     bprint:               do_huge_pmd_numa_page: NUMAB MEM ACCESS huge page process[nid:0, cpu:0, pid:3329], folio[virt:0x7f3d6d031820, ker:0xffff93f4b8800000, pfn:0x338800, nid:0, npages:512]
          <idle>-0     [002]     1.021783: (+0)     sched_switch:         swapper/2:0 [120] R ==> cg.C.x:3330 [120]
          cg.C.x-3369  [017]     1.021783: (+0)     sched_wake_idle_without_ipi: cpu=60
          <idle>-0     [057]     1.021783: (+0)     sched_switch:         swapper/57:0 [120] R ==> cg.C.x:3389 [120]
          cg.C.x-3369  [017]     1.021783: (+0)     sched_waking:         comm=cg.C.x pid=3363 prio=120 target_cpu=005
          cg.C.x-3376  [031]     1.021784: (+1)     bprint:               __handle_mm_fault: NUMAB COMPLETED MEM MIGR process[nid:1, cpu:31, pid:3376], old[phys:0x3245af000, nid:0, npages:1], new[phys:0x185e09e000, nid:1, npages:1]
          cg.C.x-3369  [017]     1.021784: (+0)     sched_wake_idle_without_ipi: cpu=5
          cg.C.x-3360  [062]     1.021784: (+0)     bprint:               __handle_mm_fault: NUMAB MEM ACCESS process[nid:0, cpu:62, pid:3360], folio[virt:0x7f3d59c00fe8, phys:0x153b2f000, pfn:0x153b2f, nid:0, npages:1]
          <idle>-0     [044]     1.021784: (+0)     sched_wakeup:         cg.C.x:3351 [120] CPU:044
          cg.C.x-3345  [032]     1.021785: (+1)     bprint:               do_huge_pmd_numa_page: NUMAB MEM ACCESS huge page process[nid:0, cpu:32, pid:3345], folio[virt:0x7f3d7153d5f0, ker:0xffff93f4e0600000, pfn:0x360600, nid:0, npages:512]
          cg.C.x-3348  [038]     1.021785: (+0)     bprint:               __handle_mm_fault: NUMAB MEM ACCESS process[nid:0, cpu:38, pid:3348], folio[virt:0x7f3d6caea458, phys:0x139c72000, pfn:0x139c72, nid:0, npages:1]
          cg.C.x-3340  [022]     1.021785: (+0)     bprint:               __handle_mm_fault: NUMAB MEM ACCESS process[nid:0, cpu:22, pid:3340], folio[virt:0x7f3d66400fe8, phys:0x113f83000, pfn:0x113f83, nid:0, npages:1]
          cg.C.x-3357  [056]     1.021785: (+0)     bprint:               __handle_mm_fault: NUMAB MEM ACCESS process[nid:0, cpu:56, pid:3357], folio[virt:0x7f3d5ba00fe8, phys:0x13a118000, pfn:0x13a118, nid:0, npages:1]
          <idle>-0     [008]     1.021786: (+1)     sched_wakeup:         cg.C.x:3333 [120] CPU:008
          <idle>-0     [044]     1.021786: (+0)     sched_switch:         swapper/44:0 [120] R ==> cg.C.x:3351 [120]
          cg.C.x-3371  [021]     1.021786: (+0)     bprint:               __handle_mm_fault: NUMAB MEM ACCESS process[nid:1, cpu:21, pid:3371], folio[virt:0x7f3d6cb53a78, phys:0x186db49000, pfn:0x186db49, nid:1, npages:1]
          <idle>-0     [005]     1.021787: (+1)     sched_wakeup:         cg.C.x:3363 [120] CPU:005
          <idle>-0     [008]     1.021788: (+1)     sched_switch:         swapper/8:0 [120] R ==> cg.C.x:3333 [120]
          cg.C.x-3379  [037]     1.021788: (+0)     bprint:               __handle_mm_fault: NUMAB MEM ACCESS process[nid:1, cpu:37, pid:3379], folio[virt:0x7f3d6cb78420, phys:0x18674af000, pfn:0x18674af, nid:1, npages:1]
          cg.C.x-3387  [053]     1.021788: (+0)     bprint:               do_huge_pmd_numa_page: NUMAB MEM ACCESS huge page process[nid:1, cpu:53, pid:3387], folio[virt:0x7f3d7c9f8b08, ker:0xffff940bb6c00000, pfn:0x1a36c00, nid:1, npages:512]
          cg.C.x-3330  [002]     1.021788: (+0)     bprint:               __handle_mm_fault: NUMAB MEM ACCESS process[nid:0, cpu:2, pid:3330], folio[virt:0x7f3d6c800fe8, phys:0x110935000, pfn:0x110935, nid:0, npages:1]
          <idle>-0     [060]     1.021788: (+0)     sched_wakeup:         cg.C.x:3359 [120] CPU:060
          <idle>-0     [005]     1.021788: (+0)     sched_switch:         swapper/5:0 [120] R ==> cg.C.x:3363 [120]
          cg.C.x-3388  [055]     1.021789: (+1)     bprint:               __handle_mm_fault: NUMAB MEM ACCESS process[nid:1, cpu:55, pid:3388], folio[virt:0x7f3d6cba16c0, phys:0x186cd9e000, pfn:0x186cd9e, nid:1, npages:1]
          cg.C.x-3385  [049]     1.021789: (+0)     bprint:               do_huge_pmd_numa_page: NUMAB MEM ACCESS huge page process[nid:1, cpu:49, pid:3385], folio[virt:0x7f3d7c178b08, ker:0xffff940b83e00000, pfn:0x1a03e00, nid:1, npages:512]
          <idle>-0     [060]     1.021790: (+1)     sched_switch:         swapper/60:0 [120] R ==> cg.C.x:3359 [120]
          cg.C.x-3334  [010]     1.021790: (+0)     bprint:               __handle_mm_fault: NUMAB MEM ACCESS process[nid:0, cpu:10, pid:3334], folio[virt:0x7f3d6caaa4b0, phys:0x3244dd000, pfn:0x3244dd, nid:0, npages:1]
          cg.C.x-3355  [052]     1.021791: (+1)     bprint:               do_huge_pmd_numa_page: NUMAB MEM ACCESS huge page process[nid:0, cpu:52, pid:3355], folio[virt:0x7f3d74029f30, ker:0xffff93f2d8800000, pfn:0x158800, nid:0, npages:512]
          cg.C.x-3341  [024]     1.021792: (+1)     bprint:               __handle_mm_fault: NUMAB MEM ACCESS process[nid:0, cpu:24, pid:3341], folio[virt:0x7f3d6caca540, phys:0x32459b000, pfn:0x32459b, nid:0, npages:1]
          cg.C.x-3351  [044]     1.021792: (+0)     bprint:               __handle_mm_fault: NUMAB MEM ACCESS process[nid:0, cpu:44, pid:3351], folio[virt:0x7f3d5f600fe8, phys:0x326213000, pfn:0x326213, nid:0, npages:1]
          cg.C.x-3333  [008]     1.021792: (+0)     bprint:               __handle_mm_fault: NUMAB MEM ACCESS process[nid:0, cpu:8, pid:3333], folio[virt:0x7f3d6aa00fe8, phys:0x113d81000, pfn:0x113d81, nid:0, npages:1]
          cg.C.x-3350  [042]     1.021793: (+1)     bprint:               __handle_mm_fault: NUMAB MEM ACCESS process[nid:0, cpu:42, pid:3350], folio[virt:0x7f3d6caf38b0, phys:0x2fec6b000, pfn:0x2fec6b, nid:0, npages:1]
          cg.C.x-3364  [007]     1.021794: (+1)     bprint:               do_huge_pmd_numa_page: NUMAB MEM ACCESS huge page process[nid:1, cpu:7, pid:3364], folio[virt:0x7f3d766fb210, ker:0xffff940bb8800000, pfn:0x1a38800, nid:1, npages:512]
          cg.C.x-3384  [047]     1.021794: (+0)     bprint:               __handle_mm_fault: NUMAB MEM ACCESS process[nid:1, cpu:47, pid:3384], folio[virt:0x7f3d6cb8f1a8, phys:0x1856d39000, pfn:0x1856d39, nid:1, npages:1]
          cg.C.x-3359  [060]     1.021795: (+1)     bprint:               __handle_mm_fault: NUMAB MEM ACCESS process[nid:0, cpu:60, pid:3359], folio[virt:0x7f3d5a600fe8, phys:0x153b2e000, pfn:0x153b2e, nid:0, npages:1]
          cg.C.x-3369  [017]     1.021795: (+0)     bprint:               __handle_mm_fault: NUMAB COMPLETED MEM MIGR process[nid:1, cpu:17, pid:3369], old[phys:0x3245ab000, nid:0, npages:1], new[phys:0x1855fa1000, nid:1, npages:1]
          cg.C.x-3372  [023]     1.021796: (+1)     bprint:               do_huge_pmd_numa_page: NUMAB MEM ACCESS huge page process[nid:1, cpu:23, pid:3372], folio[virt:0x7f3d789629c8, ker:0xffff940b83400000, pfn:0x1a03400, nid:1, npages:512]
          cg.C.x-3339  [020]     1.021796: (+0)     bprint:               __handle_mm_fault: NUMAB MEM ACCESS process[nid:0, cpu:20, pid:3339], folio[virt:0x7f3d6cac1308, phys:0x153611000, pfn:0x153611, nid:0, npages:1]
          cg.C.x-3329  [000]     1.021797: (+1)     bprint:               __handle_mm_fault: NUMAB MEM ACCESS process[nid:0, cpu:0, pid:3329], folio[virt:0x7f3d6ca93538, phys:0x36296e000, pfn:0x36296e, nid:0, npages:1]
          cg.C.x-3362  [003]     1.021798: (+1)     bprint:               do_huge_pmd_numa_page: NUMAB MEM ACCESS huge page process[nid:1, cpu:3, pid:3362], folio[virt:0x7f3d75e50088, ker:0xffff940b84400000, pfn:0x1a04400, nid:1, npages:512]
          cg.C.x-3345  [032]     1.021799: (+1)     bprint:               __handle_mm_fault: NUMAB MEM ACCESS process[nid:0, cpu:32, pid:3345], folio[virt:0x7f3d6cadca20, phys:0x30ca20000, pfn:0x30ca20, nid:0, npages:1]
          cg.C.x-3330  [002]     1.021800: (+1)     bprint:               __handle_mm_fault: NUMAB MEM ACCESS process[nid:0, cpu:2, pid:3330], folio[virt:0x7f3d6ca97fc0, phys:0x183fe50000, pfn:0x183fe50, nid:0, npages:1]
          cg.C.x-3365  [009]     1.021801: (+1)     bprint:               do_huge_pmd_numa_page: NUMAB MEM ACCESS huge page process[nid:1, cpu:9, pid:3365], folio[virt:0x7f3d76b4e078, ker:0xffff940c2d800000, pfn:0x1aad800, nid:1, npages:512]
          cg.C.x-3387  [053]     1.021802: (+1)     bprint:               __handle_mm_fault: NUMAB MEM ACCESS process[nid:1, cpu:53, pid:3387], folio[virt:0x7f3d6cb9ccb8, phys:0x303a01c000, pfn:0x303a01c, nid:1, npages:1]
          cg.C.x-3385  [049]     1.021803: (+1)     bprint:               __handle_mm_fault: NUMAB MEM ACCESS process[nid:1, cpu:49, pid:3385], folio[virt:0x7f3d6cb93c60, phys:0x185e45c000, pfn:0x185e45c, nid:1, npages:1]
          cg.C.x-3354  [050]     1.021803: (+0)     bprint:               do_huge_pmd_numa_page: NUMAB MEM ACCESS huge page process[nid:0, cpu:50, pid:3354], folio[virt:0x7f3d73be0df0, ker:0xffff93f4cb400000, pfn:0x34b400, nid:0, npages:512]
          cg.C.x-3382  [043]     1.021804: (+1)     bprint:               __handle_mm_fault: NUMAB MEM ACCESS process[nid:1, cpu:43, pid:3382], folio[virt:0x7f3d6cb86000, phys:0x185e817000, pfn:0x185e817, nid:1, npages:1]
          cg.C.x-3347  [036]     1.021805: (+1)     bprint:               do_huge_pmd_numa_page: NUMAB MEM ACCESS huge page process[nid:0, cpu:36, pid:3347], folio[virt:0x7f3d71de12d0, ker:0xffff93f47e800000, pfn:0x2fe800, nid:0, npages:512]
          cg.C.x-3355  [052]     1.021805: (+0)     bprint:               __handle_mm_fault: NUMAB MEM ACCESS process[nid:0, cpu:52, pid:3355], folio[virt:0x7f3d6cb0a600, phys:0x29f775000, pfn:0x29f775, nid:0, npages:1]
          cg.C.x-3333  [008]     1.021807: (+2)     bprint:               __handle_mm_fault: NUMAB MEM ACCESS process[nid:0, cpu:8, pid:3333], folio[virt:0x7f3d6caa5a30, phys:0x1205ae000, pfn:0x1205ae, nid:0, npages:1]
          cg.C.x-3367  [013]     1.021808: (+1)     bprint:               do_huge_pmd_numa_page: NUMAB MEM ACCESS huge page process[nid:1, cpu:13, pid:3367], folio[virt:0x7f3d773dfb08, ker:0xffff940b82800000, pfn:0x1a02800, nid:1, npages:512]
          cg.C.x-3370  [019]     1.021808: (+0)     bprint:               __handle_mm_fault: NUMAB MEM ACCESS process[nid:1, cpu:19, pid:3370], folio[virt:0x7f3d6cb4f000, phys:0x18577f8000, pfn:0x18577f8, nid:1, npages:1]
          cg.C.x-3364  [007]     1.021810: (+2)     bprint:               __handle_mm_fault: NUMAB MEM ACCESS process[nid:1, cpu:7, pid:3364], folio[virt:0x7f3d6cb33960, phys:0x1866a38000, pfn:0x1866a38, nid:1, npages:1]
          cg.C.x-3331  [004]     1.021810: (+0)     bprint:               do_huge_pmd_numa_page: NUMAB MEM ACCESS huge page process[nid:0, cpu:4, pid:3331], folio[virt:0x7f3d6d8b7c28, ker:0xffff93f2ecc00000, pfn:0x16cc00, nid:0, npages:512]
          cg.C.x-3372  [023]     1.021811: (+1)     bprint:               __handle_mm_fault: NUMAB MEM ACCESS process[nid:1, cpu:23, pid:3372], folio[virt:0x7f3d6cb58380, phys:0x185e03a000, pfn:0x185e03a, nid:1, npages:1]
          cg.C.x-3362  [003]     1.021812: (+1)     bprint:               __handle_mm_fault: NUMAB MEM ACCESS process[nid:1, cpu:3, pid:3362], folio[virt:0x7f3d6cb2a640, phys:0x186e415000, pfn:0x186e415, nid:1, npages:1]
          cg.C.x-3391  [061]     1.021813: (+1)     bprint:               do_huge_pmd_numa_page: NUMAB MEM ACCESS huge page process[nid:1, cpu:61, pid:3391], folio[virt:0x7f3d7dbbca38, ker:0xffff940b83800000, pfn:0x1a03800, nid:1, npages:512]
          cg.C.x-3365  [009]     1.021813: (+0)     bprint:               __handle_mm_fault: NUMAB MEM ACCESS process[nid:1, cpu:9, pid:3365], folio[virt:0x7f3d6cb38330, phys:0x185dd64000, pfn:0x185dd64, nid:1, npages:1]
          cg.C.x-3378  [035]     1.021815: (+2)     bprint:               do_huge_pmd_numa_page: NUMAB MEM ACCESS huge page process[nid:1, cpu:35, pid:3378], folio[virt:0x7f3d7a328970, ker:0xffff940b84c00000, pfn:0x1a04c00, nid:1, npages:512]
          cg.C.x-3349  [040]     1.021815: (+0)     bprint:               __handle_mm_fault: NUMAB MEM ACCESS process[nid:0, cpu:40, pid:3349], folio[virt:0x7f3d6caef000, phys:0x13a8bc000, pfn:0x13a8bc, nid:0, npages:1]
          cg.C.x-3368  [015]     1.021817: (+2)     bprint:               do_huge_pmd_numa_page: NUMAB MEM ACCESS huge page process[nid:1, cpu:15, pid:3368], folio[virt:0x7f3d7782d0d8, ker:0xffff940bdf000000, pfn:0x1a5f000, nid:1, npages:512]
          cg.C.x-3354  [050]     1.021817: (+0)     bprint:               __handle_mm_fault: NUMAB MEM ACCESS process[nid:0, cpu:50, pid:3354], folio[virt:0x7f3d6cb05c98, phys:0x113f8f000, pfn:0x113f8f, nid:0, npages:1]
          cg.C.x-3347  [036]     1.021818: (+1)     bprint:               __handle_mm_fault: NUMAB MEM ACCESS process[nid:0, cpu:36, pid:3347], folio[virt:0x7f3d6cae5d98, phys:0x2feca9000, pfn:0x2feca9, nid:0, npages:1]
          cg.C.x-3367  [013]     1.021819: (+1)     bprint:               __handle_mm_fault: NUMAB MEM ACCESS process[nid:1, cpu:13, pid:3367], folio[virt:0x7f3d6cb41578, phys:0x185efe4000, pfn:0x185efe4, nid:1, npages:1]
          cg.C.x-3330  [002]     1.021821: (+2)     bprint:               __handle_mm_fault: NUMAB MEM ACCESS process[nid:0, cpu:2, pid:3330], folio[virt:0x7f3d6ca98000, phys:0x183fe51000, pfn:0x183fe51, nid:0, npages:1]
          cg.C.x-3331  [004]     1.021822: (+1)     bprint:               __handle_mm_fault: NUMAB MEM ACCESS process[nid:0, cpu:4, pid:3331], folio[virt:0x7f3d6ca9c648, phys:0x1113fb000, pfn:0x1113fb, nid:0, npages:1]
          cg.C.x-3391  [061]     1.021823: (+1)     bprint:               __handle_mm_fault: NUMAB MEM ACCESS process[nid:1, cpu:61, pid:3391], folio[virt:0x7f3d6cbafb88, phys:0x185eb4a000, pfn:0x185eb4a, nid:1, npages:1]
          cg.C.x-3378  [035]     1.021825: (+2)     bprint:               __handle_mm_fault: NUMAB MEM ACCESS process[nid:1, cpu:35, pid:3378], folio[virt:0x7f3d6cb73a00, phys:0x186ede9000, pfn:0x186ede9, nid:1, npages:1]
          cg.C.x-3337  [016]     1.021826: (+1)     bprint:               __handle_mm_fault: NUMAB MEM ACCESS process[nid:0, cpu:16, pid:3337], folio[virt:0x7f3d6cab8000, phys:0x139c71000, pfn:0x139c71, nid:0, npages:1]
          cg.C.x-3387  [053]     1.021827: (+1)     bprint:               do_huge_pmd_numa_page: NUMAB MEM ACCESS huge page process[nid:1, cpu:53, pid:3387], folio[virt:0x7f3d7ca00000, ker:0xffff940bfaa00000, pfn:0x1a7aa00, nid:1, npages:512]
          cg.C.x-3341  [024]     1.021841: (+14)    bprint:               do_huge_pmd_numa_page: NUMAB MEM ACCESS huge page process[nid:0, cpu:24, pid:3341], folio[virt:0x7f3d70400000, ker:0xffff93f4f9800000, pfn:0x379800, nid:0, npages:512]
          cg.C.x-3342  [026]     1.021848: (+7)     bprint:               __handle_mm_fault: NUMAB MEM ACCESS process[nid:0, cpu:26, pid:3342], folio[virt:0x7f3d6cacf000, phys:0x3245da000, pfn:0x3245da, nid:0, npages:1]
          cg.C.x-3380  [039]     1.021860: (+12)    bprint:               do_huge_pmd_numa_page: NUMAB MEM ACCESS huge page process[nid:1, cpu:39, pid:3380], folio[virt:0x7f3d7ac00000, ker:0xffff940b82c00000, pfn:0x1a02c00, nid:1, npages:512]
          cg.C.x-3375  [029]     1.021862: (+2)     bprint:               change_prot_numa: NUMAB SCAN vma[start:0x7f3d806db000, end:0x7f3d92cf9000, from:0x7f3d806db000, to:0x7f3d8d400000, size:210068 KB]
          cg.C.x-3368  [015]     1.021904: (+42)    bprint:               __handle_mm_fault: NUMAB MEM ACCESS process[nid:1, cpu:15, pid:3368], folio[virt:0x7f3d6cb46000, phys:0x18672c2000, pfn:0x18672c2, nid:1, npages:1]
          cg.C.x-3380  [039]     1.021906: (+2)     bprint:               __handle_mm_fault: NUMAB MEM ACCESS process[nid:1, cpu:39, pid:3380], folio[virt:0x7f3d6cb7d000, phys:0x186cd8d000, pfn:0x186cd8d, nid:1, npages:1]
          cg.C.x-3366  [011]     1.021920: (+14)    bprint:               __handle_mm_fault: NUMAB MEM ACCESS process[nid:1, cpu:11, pid:3366], folio[virt:0x7f3d6cb3d000, phys:0x1855abc000, pfn:0x1855abc, nid:1, npages:1]
          cg.C.x-3347  [036]     1.021924: (+4)     bprint:               do_huge_pmd_numa_page: NUMAB MEM ACCESS huge page process[nid:0, cpu:36, pid:3347], folio[virt:0x7f3d71e00000, ker:0xffff93f4a4c00000, pfn:0x324c00, nid:0, npages:512]
          cg.C.x-3354  [050]     1.021927: (+3)     bprint:               do_huge_pmd_numa_page: NUMAB MEM ACCESS huge page process[nid:0, cpu:50, pid:3354], folio[virt:0x7f3d73c00000, ker:0xffff93f48c000000, pfn:0x30c000, nid:0, npages:512]
          cg.C.x-3335  [012]     1.021928: (+1)     bprint:               __handle_mm_fault: NUMAB MEM ACCESS process[nid:0, cpu:12, pid:3335], folio[virt:0x7f3d6caaf000, phys:0x120563000, pfn:0x120563, nid:0, npages:1]
          cg.C.x-3392  [063]     1.021943: (+15)    bprint:               __handle_mm_fault: NUMAB MEM ACCESS process[nid:1, cpu:63, pid:3392], folio[virt:0x7f3d6cbb4000, phys:0x18674a9000, pfn:0x18674a9, nid:1, npages:1]
          cg.C.x-3367  [013]     1.021945: (+2)     bprint:               do_huge_pmd_numa_page: NUMAB MEM ACCESS huge page process[nid:1, cpu:13, pid:3367], folio[virt:0x7f3d77400000, ker:0xffff940be1800000, pfn:0x1a61800, nid:1, npages:512]
          cg.C.x-3373  [025]     1.021946: (+1)     bprint:               __handle_mm_fault: NUMAB MEM ACCESS process[nid:1, cpu:25, pid:3373], folio[virt:0x7f3d6cb5d000, phys:0x186e474000, pfn:0x186e474, nid:1, npages:1]
          cg.C.x-3347  [036]     1.021954: (+8)     bprint:               __handle_mm_fault: NUMAB MEM ACCESS process[nid:0, cpu:36, pid:3347], folio[virt:0x7f3d6cae6000, phys:0x2fecaa000, pfn:0x2fecaa, nid:0, npages:1]
          cg.C.x-3375  [029]     1.021958: (+4)     bprint:               do_huge_pmd_numa_page: NUMAB MEM ACCESS huge page process[nid:1, cpu:29, pid:3375], folio[virt:0x7f3d794caac8, ker:0xffff940c2cc00000, pfn:0x1aacc00, nid:1, npages:512]
          cg.C.x-3360  [062]     1.021964: (+6)     bprint:               do_huge_pmd_numa_page: NUMAB MEM ACCESS huge page process[nid:0, cpu:62, pid:3360], folio[virt:0x7f3d75600000, ker:0xffff940c2b800000, pfn:0x1aab800, nid:1, npages:512]
          cg.C.x-3361  [001]     1.021964: (+0)     bprint:               __handle_mm_fault: NUMAB MEM ACCESS process[nid:1, cpu:1, pid:3361], folio[virt:0x7f3d6cb26000, phys:0x18574a1000, pfn:0x18574a1, nid:1, npages:1]
          cg.C.x-3375  [029]     1.021966: (+2)     bprint:               __handle_mm_fault: NUMAB MEM ACCESS process[nid:1, cpu:29, pid:3375], folio[virt:0x7f3d6cb64558, phys:0x1867556000, pfn:0x1867556, nid:1, npages:1]
          cg.C.x-3387  [053]     1.021981: (+15)    bprint:               __handle_mm_fault: NUMAB MEM ACCESS process[nid:1, cpu:53, pid:3387], folio[virt:0x7f3d6cb9d000, phys:0x303a01d000, pfn:0x303a01d, nid:1, npages:1]
          cg.C.x-3340  [022]     1.021985: (+4)     bprint:               __handle_mm_fault: NUMAB MEM ACCESS process[nid:0, cpu:22, pid:3340], folio[virt:0x7f3d6cac6000, phys:0x326389000, pfn:0x326389, nid:0, npages:1]
          cg.C.x-3385  [049]     1.021991: (+6)     bprint:               __handle_mm_fault: NUMAB MEM ACCESS process[nid:1, cpu:49, pid:3385], folio[virt:0x7f3d6cb94000, phys:0x185e45d000, pfn:0x185e45d, nid:1, npages:1]
          cg.C.x-3334  [010]     1.021993: (+2)     bprint:               do_huge_pmd_numa_page: NUMAB MEM ACCESS huge page process[nid:0, cpu:10, pid:3334], folio[virt:0x7f3d6e600000, ker:0xffff93f41e600000, pfn:0x29e600, nid:0, npages:512]
          cg.C.x-3354  [050]     1.021999: (+6)     bprint:               __handle_mm_fault: NUMAB MEM ACCESS process[nid:0, cpu:50, pid:3354], folio[virt:0x7f3d6cb06000, phys:0x111cf7000, pfn:0x111cf7, nid:0, npages:1]
          cg.C.x-3391  [061]     1.022009: (+10)    bprint:               do_huge_pmd_numa_page: NUMAB MEM ACCESS huge page process[nid:1, cpu:61, pid:3391], folio[virt:0x7f3d7dc00000, ker:0xffff940a1b400000, pfn:0x189b400, nid:1, npages:512]
          cg.C.x-3391  [061]     1.022018: (+9)     bprint:               __handle_mm_fault: NUMAB MEM ACCESS process[nid:1, cpu:61, pid:3391], folio[virt:0x7f3d6cbb0000, phys:0x186cc65000, pfn:0x186cc65, nid:1, npages:1]
          cg.C.x-3359  [060]     1.022037: (+19)    bprint:               __handle_mm_fault: NUMAB MEM ACCESS process[nid:0, cpu:60, pid:3359], folio[virt:0x7f3d6cb1d000, phys:0x139cd6000, pfn:0x139cd6, nid:0, npages:1]
          cg.C.x-3386  [051]     1.022039: (+2)     bprint:               do_huge_pmd_numa_page: NUMAB MEM ACCESS huge page process[nid:1, cpu:51, pid:3386], folio[virt:0x7f3d7c600000, ker:0xffff940bbb800000, pfn:0x1a3b800, nid:1, npages:512]
          cg.C.x-3373  [025]     1.022050: (+11)    bprint:               do_huge_pmd_numa_page: NUMAB MEM ACCESS huge page process[nid:1, cpu:25, pid:3373], folio[virt:0x7f3d78e00000, ker:0xffff940bb7c00000, pfn:0x1a37c00, nid:1, npages:512]
          cg.C.x-3371  [021]     1.022058: (+8)     bprint:               __handle_mm_fault: NUMAB MEM ACCESS process[nid:1, cpu:21, pid:3371], folio[virt:0x7f3d6cb54000, phys:0x186ed88000, pfn:0x186ed88, nid:1, npages:1]
          cg.C.x-3353  [048]     1.022090: (+32)    bprint:               do_huge_pmd_numa_page: NUMAB MEM ACCESS huge page process[nid:0, cpu:48, pid:3353], folio[virt:0x7f3d73800000, ker:0xffff93f4ca400000, pfn:0x34a400, nid:0, npages:512]
          cg.C.x-3366  [011]     1.022092: (+2)     bprint:               do_huge_pmd_numa_page: NUMAB MEM ACCESS huge page process[nid:1, cpu:11, pid:3366], folio[virt:0x7f3d77000000, ker:0xffff940bb6800000, pfn:0x1a36800, nid:1, npages:512]
          cg.C.x-3345  [032]     1.022094: (+2)     bprint:               __handle_mm_fault: NUMAB MEM ACCESS process[nid:0, cpu:32, pid:3345], folio[virt:0x7f3d6cadd000, phys:0x1163a2000, pfn:0x1163a2, nid:0, npages:1]
          cg.C.x-3338  [018]     1.022103: (+9)     bprint:               __handle_mm_fault: NUMAB MEM ACCESS process[nid:0, cpu:18, pid:3338], folio[virt:0x7f3d6cabd000, phys:0x123305000, pfn:0x123305, nid:0, npages:1]
          cg.C.x-3340  [022]     1.022106: (+3)     bprint:               do_huge_pmd_numa_page: NUMAB MEM ACCESS huge page process[nid:0, cpu:22, pid:3340], folio[virt:0x7f3d70000000, ker:0xffff93f4cc400000, pfn:0x34c400, nid:0, npages:512]
          cg.C.x-3333  [008]     1.022108: (+2)     bprint:               __handle_mm_fault: NUMAB MEM ACCESS process[nid:0, cpu:8, pid:3333], folio[virt:0x7f3d6caa6000, phys:0x1205bf000, pfn:0x1205bf, nid:0, npages:1]
          cg.C.x-3352  [046]     1.022110: (+2)     bprint:               __handle_mm_fault: NUMAB MEM ACCESS process[nid:0, cpu:46, pid:3352], folio[virt:0x7f3d6cafd000, phys:0x13a77e000, pfn:0x13a77e, nid:0, npages:1]
          cg.C.x-3383  [045]     1.022120: (+10)    bprint:               __handle_mm_fault: NUMAB MEM ACCESS process[nid:1, cpu:45, pid:3383], folio[virt:0x7f3d6cb8b000, phys:0x1855ef6000, pfn:0x1855ef6, nid:1, npages:1]
          cg.C.x-3357  [056]     1.022132: (+12)    bprint:               __handle_mm_fault: NUMAB MEM ACCESS process[nid:0, cpu:56, pid:3357], folio[virt:0x7f3d6cb14000, phys:0x114407000, pfn:0x114407, nid:0, npages:1]
          cg.C.x-3378  [035]     1.022150: (+18)    bprint:               __handle_mm_fault: NUMAB MEM ACCESS process[nid:1, cpu:35, pid:3378], folio[virt:0x7f3d6cb74000, phys:0x1864861000, pfn:0x1864861, nid:1, npages:1]
          cg.C.x-3350  [042]     1.022153: (+3)     bprint:               __handle_mm_fault: NUMAB MEM ACCESS process[nid:0, cpu:42, pid:3350], folio[virt:0x7f3d6caf4000, phys:0x2fec6c000, pfn:0x2fec6c, nid:0, npages:1]
          cg.C.x-3364  [007]     1.022158: (+5)     bprint:               __handle_mm_fault: NUMAB MEM ACCESS process[nid:1, cpu:7, pid:3364], folio[virt:0x7f3d6cb34000, phys:0x186df28000, pfn:0x186df28, nid:1, npages:1]
          cg.C.x-3392  [063]     1.022163: (+5)     bprint:               do_huge_pmd_numa_page: NUMAB MEM ACCESS huge page process[nid:1, cpu:63, pid:3392], folio[virt:0x7f3d7e000000, ker:0xffff940be1c00000, pfn:0x1a61c00, nid:1, npages:512]
          cg.C.x-3376  [031]     1.022179: (+16)    bprint:               __handle_mm_fault: NUMAB MEM ACCESS process[nid:1, cpu:31, pid:3376], folio[virt:0x7f3d6cb6b000, phys:0x185df92000, pfn:0x185df92, nid:1, npages:1]
          cg.C.x-3346  [034]     1.022186: (+7)     bprint:               do_huge_pmd_numa_page: NUMAB MEM ACCESS huge page process[nid:0, cpu:34, pid:3346], folio[virt:0x7f3d71a00000, ker:0xffff93f4a3800000, pfn:0x323800, nid:0, npages:512]
          cg.C.x-3379  [037]     1.022191: (+5)     bprint:               do_huge_pmd_numa_page: NUMAB MEM ACCESS huge page process[nid:1, cpu:37, pid:3379], folio[virt:0x7f3d7a800000, ker:0xffff940c2ca00000, pfn:0x1aaca00, nid:1, npages:512]
          cg.C.x-3343  [028]     1.022204: (+13)    bprint:               __handle_mm_fault: NUMAB MEM ACCESS process[nid:0, cpu:28, pid:3343], folio[virt:0x7f3d6cad4000, phys:0x120438000, pfn:0x120438, nid:0, npages:1]
          cg.C.x-3336  [014]     1.022206: (+2)     bprint:               __handle_mm_fault: NUMAB MEM ACCESS process[nid:0, cpu:14, pid:3336], folio[virt:0x7f3d6cab4000, phys:0x324559000, pfn:0x324559, nid:0, npages:1]
          cg.C.x-3390  [059]     1.022208: (+2)     bprint:               __handle_mm_fault: NUMAB MEM ACCESS process[nid:1, cpu:59, pid:3390], folio[virt:0x7f3d6cbab000, phys:0x185f212000, pfn:0x185f212, nid:1, npages:1]
          cg.C.x-3374  [027]     1.022216: (+8)     bprint:               __handle_mm_fault: NUMAB MEM ACCESS process[nid:1, cpu:27, pid:3374], folio[virt:0x7f3d6cb62000, phys:0x1864b5d000, pfn:0x1864b5d, nid:1, npages:1]
          cg.C.x-3381  [041]     1.022244: (+28)    bprint:               __handle_mm_fault: NUMAB MEM ACCESS process[nid:1, cpu:41, pid:3381], folio[virt:0x7f3d6cb82000, phys:0x185f1ce000, pfn:0x185f1ce, nid:1, npages:1]
          cg.C.x-3369  [017]     1.022251: (+7)     bprint:               __handle_mm_fault: NUMAB MEM ACCESS process[nid:1, cpu:17, pid:3369], folio[virt:0x7f3d6cb4b000, phys:0x1856cf9000, pfn:0x1856cf9, nid:1, npages:1]
          cg.C.x-3385  [049]     1.022254: (+3)     bprint:               do_huge_pmd_numa_page: NUMAB MEM ACCESS huge page process[nid:1, cpu:49, pid:3385], folio[virt:0x7f3d7c200000, ker:0xffff940be4000000, pfn:0x1a64000, nid:1, npages:512]
          cg.C.x-3388  [055]     1.022257: (+3)     bprint:               __handle_mm_fault: NUMAB MEM ACCESS process[nid:1, cpu:55, pid:3388], folio[virt:0x7f3d6cba2000, phys:0x186d732000, pfn:0x186d732, nid:1, npages:1]
          cg.C.x-3359  [060]     1.022266: (+9)     bprint:               do_huge_pmd_numa_page: NUMAB MEM ACCESS huge page process[nid:0, cpu:60, pid:3359], folio[virt:0x7f3d75200000, ker:0xffff93f4cd000000, pfn:0x34d000, nid:0, npages:512]
          cg.C.x-3341  [024]     1.022300: (+34)    bprint:               __handle_mm_fault: NUMAB MEM ACCESS process[nid:0, cpu:24, pid:3341], folio[virt:0x7f3d6cacb000, phys:0x32459c000, pfn:0x32459c, nid:0, npages:1]
          cg.C.x-3362  [003]     1.022302: (+2)     bprint:               __handle_mm_fault: NUMAB MEM ACCESS process[nid:1, cpu:3, pid:3362], folio[virt:0x7f3d6cb2b000, phys:0x186e416000, pfn:0x186e416, nid:1, npages:1]
          cg.C.x-3355  [052]     1.022310: (+8)     bprint:               __handle_mm_fault: NUMAB MEM ACCESS process[nid:0, cpu:52, pid:3355], folio[virt:0x7f3d6cb0b000, phys:0x29f776000, pfn:0x29f776, nid:0, npages:1]
          cg.C.x-3333  [008]     1.022329: (+19)    bprint:               do_huge_pmd_numa_page: NUMAB MEM ACCESS huge page process[nid:0, cpu:8, pid:3333], folio[virt:0x7f3d6e200000, ker:0xffff93f467000000, pfn:0x2e7000, nid:0, npages:512]
          cg.C.x-3331  [004]     1.022330: (+1)     bprint:               __handle_mm_fault: NUMAB MEM ACCESS process[nid:0, cpu:4, pid:3331], folio[virt:0x7f3d6ca9d000, phys:0x13b3c5000, pfn:0x13b3c5, nid:0, npages:1]
          cg.C.x-3329  [000]     1.022349: (+19)    bprint:               __handle_mm_fault: NUMAB MEM ACCESS process[nid:0, cpu:0, pid:3329], folio[virt:0x7f3d6ca94000, phys:0x36296f000, pfn:0x36296f, nid:0, npages:1]
          cg.C.x-3367  [013]     1.022351: (+2)     bprint:               __handle_mm_fault: NUMAB MEM ACCESS process[nid:1, cpu:13, pid:3367], folio[virt:0x7f3d6cb42000, phys:0x186ef51000, pfn:0x186ef51, nid:1, npages:1]
          cg.C.x-3334  [010]     1.022360: (+9)     bprint:               __handle_mm_fault: NUMAB MEM ACCESS process[nid:0, cpu:10, pid:3334], folio[virt:0x7f3d6caab000, phys:0x3244de000, pfn:0x3244de, nid:0, npages:1]
          cg.C.x-3372  [023]     1.022363: (+3)     bprint:               do_huge_pmd_numa_page: NUMAB MEM ACCESS huge page process[nid:1, cpu:23, pid:3372], folio[virt:0x7f3d78a00000, ker:0xffff940bbc600000, pfn:0x1a3c600, nid:1, npages:512]
          cg.C.x-3353  [048]     1.022369: (+6)     bprint:               __handle_mm_fault: NUMAB MEM ACCESS process[nid:0, cpu:48, pid:3353], folio[virt:0x7f3d6cb02000, phys:0x120496000, pfn:0x120496, nid:0, npages:1]
          cg.C.x-3339  [020]     1.022371: (+2)     bprint:               do_huge_pmd_numa_page: NUMAB MEM ACCESS huge page process[nid:0, cpu:20, pid:3339], folio[virt:0x7f3d6fc00000, ker:0xffff93f510000000, pfn:0x390000, nid:0, npages:512]
          cg.C.x-3386  [051]     1.022377: (+6)     bprint:               __handle_mm_fault: NUMAB MEM ACCESS process[nid:1, cpu:51, pid:3386], folio[virt:0x7f3d6cb99000, phys:0x1855a9d000, pfn:0x1855a9d, nid:1, npages:1]
          cg.C.x-3348  [038]     1.022381: (+4)     bprint:               __handle_mm_fault: NUMAB MEM ACCESS process[nid:0, cpu:38, pid:3348], folio[virt:0x7f3d6caeb000, phys:0x110cba000, pfn:0x110cba, nid:0, npages:1]
          cg.C.x-3379  [037]     1.022402: (+21)    bprint:               __handle_mm_fault: NUMAB MEM ACCESS process[nid:1, cpu:37, pid:3379], folio[virt:0x7f3d6cb79000, phys:0x1855ba0000, pfn:0x1855ba0, nid:1, npages:1]
          cg.C.x-3352  [046]     1.022407: (+5)     bprint:               do_huge_pmd_numa_page: NUMAB MEM ACCESS huge page process[nid:0, cpu:46, pid:3352], folio[virt:0x7f3d73400000, ker:0xffff93f4f8a00000, pfn:0x378a00, nid:0, npages:512]
          cg.C.x-3365  [009]     1.022411: (+4)     bprint:               do_huge_pmd_numa_page: NUMAB MEM ACCESS huge page process[nid:1, cpu:9, pid:3365], folio[virt:0x7f3d76c00000, ker:0xffff940bb9000000, pfn:0x1a39000, nid:1, npages:512]
          cg.C.x-3377  [033]     1.022433: (+22)    bprint:               __handle_mm_fault: NUMAB MEM ACCESS process[nid:1, cpu:33, pid:3377], folio[virt:0x7f3d6cb70000, phys:0x185e372000, pfn:0x185e372, nid:1, npages:1]
          cg.C.x-3346  [034]     1.022448: (+15)    bprint:               __handle_mm_fault: NUMAB MEM ACCESS process[nid:0, cpu:34, pid:3346], folio[virt:0x7f3d6cae2000, phys:0x13a6c7000, pfn:0x13a6c7, nid:0, npages:1]
          cg.C.x-3345  [032]     1.022460: (+12)    bprint:               do_huge_pmd_numa_page: NUMAB MEM ACCESS huge page process[nid:0, cpu:32, pid:3345], folio[virt:0x7f3d71600000, ker:0xffff93f44e400000, pfn:0x2ce400, nid:0, npages:512]
          cg.C.x-3372  [023]     1.022470: (+10)    bprint:               __handle_mm_fault: NUMAB MEM ACCESS process[nid:1, cpu:23, pid:3372], folio[virt:0x7f3d6cb59000, phys:0x1855bdf000, pfn:0x1855bdf, nid:1, npages:1]
          cg.C.x-3339  [020]     1.022472: (+2)     bprint:               __handle_mm_fault: NUMAB MEM ACCESS process[nid:0, cpu:20, pid:3339], folio[virt:0x7f3d6cac2000, phys:0x121c12000, pfn:0x121c12, nid:0, npages:1]
          cg.C.x-3365  [009]     1.022474: (+2)     bprint:               __handle_mm_fault: NUMAB MEM ACCESS process[nid:1, cpu:9, pid:3365], folio[virt:0x7f3d6cb39000, phys:0x185dd65000, pfn:0x185dd65, nid:1, npages:1]
          cg.C.x-3384  [047]     1.022509: (+35)    bprint:               __handle_mm_fault: NUMAB MEM ACCESS process[nid:1, cpu:47, pid:3384], folio[virt:0x7f3d6cb90000, phys:0x186796e000, pfn:0x186796e, nid:1, npages:1]
          cg.C.x-3375  [029]     1.022519: (+10)    bprint:               __handle_mm_fault: NUMAB MEM ACCESS process[nid:1, cpu:29, pid:3375], folio[virt:0x7f3d6cb65000, phys:0x1867557000, pfn:0x1867557, nid:1, npages:1]
          cg.C.x-3389  [057]     1.022529: (+10)    bprint:               __handle_mm_fault: NUMAB MEM ACCESS process[nid:1, cpu:57, pid:3389], folio[virt:0x7f3d6cba7000, phys:0x18676c5000, pfn:0x18676c5, nid:1, npages:1]
          cg.C.x-3358  [058]     1.022533: (+4)     bprint:               __handle_mm_fault: NUMAB MEM ACCESS process[nid:0, cpu:58, pid:3358], folio[virt:0x7f3d6cb19000, phys:0x1224c1000, pfn:0x1224c1, nid:0, npages:1]
          cg.C.x-3371  [021]     1.022543: (+10)    bprint:               do_huge_pmd_numa_page: NUMAB MEM ACCESS huge page process[nid:1, cpu:21, pid:3371], folio[virt:0x7f3d78600000, ker:0xffff940be0c00000, pfn:0x1a60c00, nid:1, npages:512]
          cg.C.x-3332  [006]     1.022545: (+2)     bprint:               __handle_mm_fault: NUMAB MEM ACCESS process[nid:0, cpu:6, pid:3332], folio[virt:0x7f3d6caa2000, phys:0x1162ba000, pfn:0x1162ba, nid:0, npages:1]
          cg.C.x-3363  [005]     1.022563: (+18)    bprint:               __handle_mm_fault: NUMAB MEM ACCESS process[nid:1, cpu:5, pid:3363], folio[virt:0x7f3d6cb30000, phys:0x186687c000, pfn:0x186687c, nid:1, npages:1]
          cg.C.x-3351  [044]     1.022569: (+6)     bprint:               __handle_mm_fault: NUMAB MEM ACCESS process[nid:0, cpu:44, pid:3351], folio[virt:0x7f3d6caf9000, phys:0x29fdc2000, pfn:0x29fdc2, nid:0, npages:1]
          cg.C.x-3384  [047]     1.022572: (+3)     bprint:               do_huge_pmd_numa_page: NUMAB MEM ACCESS huge page process[nid:1, cpu:47, pid:3384], folio[virt:0x7f3d7be00000, ker:0xffff940be2200000, pfn:0x1a62200, nid:1, npages:512]
          cg.C.x-3356  [054]     1.022573: (+1)     bprint:               __handle_mm_fault: NUMAB MEM ACCESS process[nid:0, cpu:54, pid:3356], folio[virt:0x7f3d6cb10000, phys:0x2fec1c000, pfn:0x2fec1c, nid:0, npages:1]
          cg.C.x-3378  [035]     1.022579: (+6)     bprint:               do_huge_pmd_numa_page: NUMAB MEM ACCESS huge page process[nid:1, cpu:35, pid:3378], folio[virt:0x7f3d7a400000, ker:0xffff940bbb000000, pfn:0x1a3b000, nid:1, npages:512]
          cg.C.x-3358  [058]     1.022581: (+2)     bprint:               do_huge_pmd_numa_page: NUMAB MEM ACCESS huge page process[nid:0, cpu:58, pid:3358], folio[virt:0x7f3d74e00000, ker:0xffff93f41ec00000, pfn:0x29ec00, nid:0, npages:512]
          cg.C.x-3332  [006]     1.022583: (+2)     bprint:               do_huge_pmd_numa_page: NUMAB MEM ACCESS huge page process[nid:0, cpu:6, pid:3332], folio[virt:0x7f3d6de00000, ker:0xffff93f4e0c00000, pfn:0x360c00, nid:0, npages:512]
          cg.C.x-3382  [043]     1.022603: (+20)    bprint:               __handle_mm_fault: NUMAB MEM ACCESS process[nid:1, cpu:43, pid:3382], folio[virt:0x7f3d6cb87000, phys:0x1857900000, pfn:0x1857900, nid:1, npages:1]
          cg.C.x-3330  [002]     1.022611: (+8)     bprint:               __handle_mm_fault: NUMAB MEM ACCESS process[nid:0, cpu:2, pid:3330], folio[virt:0x7f3d6ca99000, phys:0x183fe52000, pfn:0x183fe52, nid:0, npages:1]
          cg.C.x-3342  [026]     1.022617: (+6)     bprint:               __handle_mm_fault: NUMAB MEM ACCESS process[nid:0, cpu:26, pid:3342], folio[virt:0x7f3d6cad0000, phys:0x3245db000, pfn:0x3245db, nid:0, npages:1]
