          cg.C.x-3032  [029]     1.034052: (+19)    bprint:               change_prot_numa: NUMAB SCAN vma[start:0x7fa6a1601000, end:0x7fa6a1e01000, from:0x7fa6a1601000, to:0x7fa6a1e01000, size:8192 KB]
          cg.C.x-3032  [029]     1.034073: (+21)    bprint:               change_prot_numa: NUMAB SCAN vma[start:0x7fa6a2001000, end:0x7fa6a2801000, from:0x7fa6a2001000, to:0x7fa6a2801000, size:8192 KB]
          cg.C.x-3032  [029]     1.034093: (+20)    bprint:               change_prot_numa: NUMAB SCAN vma[start:0x7fa6a2a01000, end:0x7fa6a3201000, from:0x7fa6a2a01000, to:0x7fa6a3201000, size:8192 KB]
          cg.C.x-3032  [029]     1.034113: (+20)    bprint:               change_prot_numa: NUMAB SCAN vma[start:0x7fa6a3401000, end:0x7fa6a3c01000, from:0x7fa6a3401000, to:0x7fa6a3c01000, size:8192 KB]
          cg.C.x-3032  [029]     1.034134: (+21)    bprint:               change_prot_numa: NUMAB SCAN vma[start:0x7fa6a3e01000, end:0x7fa6a4601000, from:0x7fa6a3e01000, to:0x7fa6a4601000, size:8192 KB]
          cg.C.x-3032  [029]     1.034154: (+20)    bprint:               change_prot_numa: NUMAB SCAN vma[start:0x7fa6a4801000, end:0x7fa6a5001000, from:0x7fa6a4801000, to:0x7fa6a5001000, size:8192 KB]
          cg.C.x-3049  [063]     1.034165: (+11)    bprint:               __handle_mm_fault: NUMAB MEM ACCESS process[nid:1, cpu:63, pid:3049], folio[virt:0x7fa6987ff9b8, phys:0x185dd8a000, pfn:0x185dd8a, nid:1, npages:1]
          cg.C.x-3049  [063]     1.034169: (+4)     bprint:               __handle_mm_fault: NUMAB MEM ACCESS process[nid:1, cpu:63, pid:3049], folio[virt:0x7fa698800220, phys:0x150607000, pfn:0x150607, nid:0, npages:1]
          cg.C.x-3049  [063]     1.034173: (+4)     bprint:               __handle_mm_fault: NUMAB TRY MEM MIGR process[nid:1, cpu:63, pid:3049], folio[virt:0x7fa698800220, phys:0x150607000, nid:0], target_nid:1
          cg.C.x-3032  [029]     1.034176: (+3)     bprint:               change_prot_numa: NUMAB SCAN vma[start:0x7fa6a5201000, end:0x7fa6a5a01000, from:0x7fa6a5201000, to:0x7fa6a5a01000, size:8192 KB]
          cg.C.x-3032  [029]     1.034196: (+20)    bprint:               change_prot_numa: NUMAB SCAN vma[start:0x7fa6a5c01000, end:0x7fa6a6401000, from:0x7fa6a5c01000, to:0x7fa6a6401000, size:8192 KB]
          cg.C.x-3049  [063]     1.034223: (+27)    bprint:               __handle_mm_fault: NUMAB COMPLETED MEM MIGR process[nid:1, cpu:63, pid:3049], old[phys:0x150607000, nid:0, npages:1], new[phys:0x186d83a000, nid:1, npages:1]
          cg.C.x-3049  [063]     1.034227: (+4)     bprint:               __handle_mm_fault: NUMAB MEM ACCESS process[nid:1, cpu:63, pid:3049], folio[virt:0x55d322150504, phys:0x13d0ee000, pfn:0x13d0ee, nid:0, npages:1]
          cg.C.x-3049  [063]     1.034229: (+2)     bprint:               __handle_mm_fault: NUMAB TRY MEM MIGR process[nid:1, cpu:63, pid:3049], folio[virt:0x55d322150504, phys:0x13d0ee000, nid:0], target_nid:1
          cg.C.x-3032  [029]     1.034234: (+5)     bprint:               change_prot_numa: NUMAB SCAN vma[start:0x7fa6a6601000, end:0x7fa6a6e01000, from:0x7fa6a6601000, to:0x7fa6a6e01000, size:8192 KB]
          cg.C.x-3048  [061]     1.034237: (+3)     bprint:               __handle_mm_fault: NUMAB MEM ACCESS process[nid:1, cpu:61, pid:3048], folio[virt:0x7fa6991ff9b8, phys:0x1855a93000, pfn:0x1855a93, nid:1, npages:1]
          cg.C.x-3048  [061]     1.034242: (+5)     bprint:               __handle_mm_fault: NUMAB MEM ACCESS process[nid:1, cpu:61, pid:3048], folio[virt:0x7fa699200220, phys:0x13ae8d000, pfn:0x13ae8d, nid:0, npages:1]
          cg.C.x-3048  [061]     1.034243: (+1)     bprint:               __handle_mm_fault: NUMAB TRY MEM MIGR process[nid:1, cpu:61, pid:3048], folio[virt:0x7fa699200220, phys:0x13ae8d000, nid:0], target_nid:1
          cg.C.x-3046  [057]     1.034244: (+1)     bprint:               __handle_mm_fault: NUMAB MEM ACCESS process[nid:1, cpu:57, pid:3046], folio[virt:0x7fa69a5ff9b8, phys:0x185e3d6000, pfn:0x185e3d6, nid:1, npages:1]
          cg.C.x-3041  [047]     1.034248: (+4)     bprint:               __handle_mm_fault: NUMAB MEM ACCESS process[nid:1, cpu:47, pid:3041], folio[virt:0x7fa69d7ff9b8, phys:0x185e885000, pfn:0x185e885, nid:1, npages:1]
          cg.C.x-3046  [057]     1.034249: (+1)     bprint:               __handle_mm_fault: NUMAB MEM ACCESS process[nid:1, cpu:57, pid:3046], folio[virt:0x7fa69a600220, phys:0x153756000, pfn:0x153756, nid:0, npages:1]
          cg.C.x-3046  [057]     1.034250: (+1)     bprint:               __handle_mm_fault: NUMAB TRY MEM MIGR process[nid:1, cpu:57, pid:3046], folio[virt:0x7fa69a600220, phys:0x153756000, nid:0], target_nid:1
          cg.C.x-3041  [047]     1.034254: (+4)     bprint:               __handle_mm_fault: NUMAB MEM ACCESS process[nid:1, cpu:47, pid:3041], folio[virt:0x7fa69d800220, phys:0x1227f3000, pfn:0x1227f3, nid:0, npages:1]
          cg.C.x-3041  [047]     1.034255: (+1)     bprint:               __handle_mm_fault: NUMAB TRY MEM MIGR process[nid:1, cpu:47, pid:3041], folio[virt:0x7fa69d800220, phys:0x1227f3000, nid:0], target_nid:1
          cg.C.x-3001  [030]     1.034263: (+8)     sched_switch:         cg.C.x:3001 [120] D ==> swapper/30:0 [120]
          cg.C.x-3008  [044]     1.034264: (+1)     sched_switch:         cg.C.x:3008 [120] D ==> swapper/44:0 [120]
          cg.C.x-2992  [012]     1.034266: (+2)     sched_switch:         cg.C.x:2992 [120] D ==> swapper/12:0 [120]
          cg.C.x-3040  [045]     1.034268: (+2)     bprint:               __handle_mm_fault: NUMAB MEM ACCESS process[nid:1, cpu:45, pid:3040], folio[virt:0x7fa69e1ff9b8, phys:0x185e508000, pfn:0x185e508, nid:1, npages:1]
          cg.C.x-3049  [063]     1.034275: (+7)     sched_waking:         comm=cg.C.x pid=3008 prio=120 target_cpu=044
          cg.C.x-3040  [045]     1.034275: (+0)     bprint:               __handle_mm_fault: NUMAB MEM ACCESS process[nid:1, cpu:45, pid:3040], folio[virt:0x7fa69e200220, phys:0x378143000, pfn:0x378143, nid:0, npages:1]
          cg.C.x-3044  [053]     1.034276: (+1)     bprint:               __handle_mm_fault: NUMAB MEM ACCESS process[nid:1, cpu:53, pid:3044], folio[virt:0x7fa69b9ff9b8, phys:0x186c9f3000, pfn:0x186c9f3, nid:1, npages:1]
          cg.C.x-3040  [045]     1.034276: (+0)     bprint:               __handle_mm_fault: NUMAB TRY MEM MIGR process[nid:1, cpu:45, pid:3040], folio[virt:0x7fa69e200220, phys:0x378143000, nid:0], target_nid:1
          cg.C.x-3049  [063]     1.034277: (+1)     sched_wake_idle_without_ipi: cpu=44
          cg.C.x-3049  [063]     1.034278: (+1)     sched_waking:         comm=cg.C.x pid=3024 prio=120 target_cpu=013
          cg.C.x-3049  [063]     1.034279: (+1)     sched_waking:         comm=cg.C.x pid=3001 prio=120 target_cpu=030
          cg.C.x-3049  [063]     1.034281: (+2)     sched_waking:         comm=cg.C.x pid=2992 prio=120 target_cpu=012
          cg.C.x-3044  [053]     1.034281: (+0)     bprint:               __handle_mm_fault: NUMAB MEM ACCESS process[nid:1, cpu:53, pid:3044], folio[virt:0x7fa69ba00220, phys:0x183fe9f000, pfn:0x183fe9f, nid:0, npages:1]
          cg.C.x-3033  [031]     1.034282: (+1)     bprint:               __handle_mm_fault: NUMAB MEM ACCESS process[nid:1, cpu:31, pid:3033], folio[virt:0x7fa6a27ff9b8, phys:0x185e691000, pfn:0x185e691, nid:1, npages:1]
          cg.C.x-3049  [063]     1.034282: (+0)     sched_wake_idle_without_ipi: cpu=12
          cg.C.x-3044  [053]     1.034282: (+0)     bprint:               __handle_mm_fault: NUMAB TRY MEM MIGR process[nid:1, cpu:53, pid:3044], folio[virt:0x7fa69ba00220, phys:0x183fe9f000, nid:0], target_nid:1
          cg.C.x-3031  [027]     1.034282: (+0)     bprint:               __handle_mm_fault: NUMAB MEM ACCESS process[nid:1, cpu:27, pid:3031], folio[virt:0x7fa6a3bff9b8, phys:0x18572dc000, pfn:0x18572dc, nid:1, npages:1]
          <idle>-0     [044]     1.034284: (+2)     sched_wakeup:         cg.C.x:3008 [120] CPU:044
          cg.C.x-3024  [013]     1.034284: (+0)     sched_switch:         cg.C.x:3024 [120] D ==> swapper/13:0 [120]
          cg.C.x-3049  [063]     1.034286: (+2)     bprint:               __handle_mm_fault: NUMAB COMPLETED MEM MIGR process[nid:1, cpu:63, pid:3049], old[phys:0x13d0ee000, nid:0, npages:1], new[phys:0x186ce22000, nid:1, npages:1]
          <idle>-0     [044]     1.034286: (+0)     sched_switch:         swapper/44:0 [120] R ==> cg.C.x:3008 [120]
          <idle>-0     [012]     1.034286: (+0)     sched_wakeup:         cg.C.x:2992 [120] CPU:012
          <idle>-0     [030]     1.034287: (+1)     sched_wakeup:         cg.C.x:3001 [120] CPU:030
          <idle>-0     [012]     1.034288: (+1)     sched_switch:         swapper/12:0 [120] R ==> cg.C.x:2992 [120]
          cg.C.x-3028  [021]     1.034289: (+1)     bprint:               __handle_mm_fault: NUMAB MEM ACCESS process[nid:1, cpu:21, pid:3028], folio[virt:0x7fa6a59ff9b8, phys:0x185e0d2000, pfn:0x185e0d2, nid:1, npages:1]
          <idle>-0     [030]     1.034291: (+2)     sched_switch:         swapper/30:0 [120] R ==> cg.C.x:3001 [120]
          cg.C.x-3026  [017]     1.034292: (+1)     bprint:               __handle_mm_fault: NUMAB MEM ACCESS process[nid:1, cpu:17, pid:3026], folio[virt:0x7fa6a6dff9b8, phys:0x186ebde000, pfn:0x186ebde, nid:1, npages:1]
          <idle>-0     [013]     1.034292: (+0)     sched_wakeup:         cg.C.x:3024 [120] CPU:013
          <idle>-0     [013]     1.034295: (+3)     sched_switch:         swapper/13:0 [120] R ==> cg.C.x:3024 [120]
          cg.C.x-3048  [061]     1.034297: (+2)     bprint:               __handle_mm_fault: NUMAB COMPLETED MEM MIGR process[nid:1, cpu:61, pid:3048], old[phys:0x13ae8d000, nid:0, npages:1], new[phys:0x1856fbb000, nid:1, npages:1]
          cg.C.x-3046  [057]     1.034297: (+0)     bprint:               __handle_mm_fault: NUMAB COMPLETED MEM MIGR process[nid:1, cpu:57, pid:3046], old[phys:0x153756000, nid:0, npages:1], new[phys:0x185fcc6000, nid:1, npages:1]
          cg.C.x-3037  [039]     1.034297: (+0)     bprint:               __handle_mm_fault: NUMAB MEM ACCESS process[nid:1, cpu:39, pid:3037], folio[virt:0x7fa69ffff9b8, phys:0x186c8a6000, pfn:0x186c8a6, nid:1, npages:1]
          cg.C.x-3041  [047]     1.034297: (+0)     bprint:               __handle_mm_fault: NUMAB COMPLETED MEM MIGR process[nid:1, cpu:47, pid:3041], old[phys:0x1227f3000, nid:0, npages:1], new[phys:0x186cfe1000, nid:1, npages:1]
          cg.C.x-3040  [045]     1.034302: (+5)     bprint:               __handle_mm_fault: NUMAB COMPLETED MEM MIGR process[nid:1, cpu:45, pid:3040], old[phys:0x378143000, nid:0, npages:1], new[phys:0x185844e000, nid:1, npages:1]
          cg.C.x-3030  [025]     1.034303: (+1)     bprint:               __handle_mm_fault: NUMAB MEM ACCESS process[nid:1, cpu:25, pid:3030], folio[virt:0x7fa6a45ff9b8, phys:0x18558be000, pfn:0x18558be, nid:1, npages:1]
          cg.C.x-3047  [059]     1.034303: (+0)     bprint:               __handle_mm_fault: NUMAB MEM ACCESS process[nid:1, cpu:59, pid:3047], folio[virt:0x7fa699bff9b8, phys:0x185eebe000, pfn:0x185eebe, nid:1, npages:1]
          cg.C.x-3039  [043]     1.034305: (+2)     bprint:               __handle_mm_fault: NUMAB MEM ACCESS process[nid:1, cpu:43, pid:3039], folio[virt:0x7fa69ebff9b8, phys:0x186829f000, pfn:0x186829f, nid:1, npages:1]
          cg.C.x-3047  [059]     1.034308: (+3)     bprint:               __handle_mm_fault: NUMAB MEM ACCESS process[nid:1, cpu:59, pid:3047], folio[virt:0x7fa699c00220, phys:0x183fea3000, pfn:0x183fea3, nid:0, npages:1]
          cg.C.x-3047  [059]     1.034309: (+1)     bprint:               __handle_mm_fault: NUMAB TRY MEM MIGR process[nid:1, cpu:59, pid:3047], folio[virt:0x7fa699c00220, phys:0x183fea3000, nid:0], target_nid:1
          cg.C.x-3039  [043]     1.034311: (+2)     bprint:               __handle_mm_fault: NUMAB MEM ACCESS process[nid:1, cpu:43, pid:3039], folio[virt:0x7fa69ec00220, phys:0x116376000, pfn:0x116376, nid:0, npages:1]
          cg.C.x-3039  [043]     1.034312: (+1)     bprint:               __handle_mm_fault: NUMAB TRY MEM MIGR process[nid:1, cpu:43, pid:3039], folio[virt:0x7fa69ec00220, phys:0x116376000, nid:0], target_nid:1
          cg.C.x-3032  [029]     1.034314: (+2)     bprint:               change_prot_numa: NUMAB SCAN vma[start:0x7fa6a7001000, end:0x7fa6a7801000, from:0x7fa6a7001000, to:0x7fa6a7801000, size:8192 KB]
          cg.C.x-3036  [037]     1.034317: (+3)     bprint:               __handle_mm_fault: NUMAB MEM ACCESS process[nid:1, cpu:37, pid:3036], folio[virt:0x7fa6a09ff9b8, phys:0x1857944000, pfn:0x1857944, nid:1, npages:1]
          cg.C.x-3044  [053]     1.034319: (+2)     bprint:               __handle_mm_fault: NUMAB COMPLETED MEM MIGR process[nid:1, cpu:53, pid:3044], old[phys:0x183fe9f000, nid:0, npages:1], new[phys:0x1858fab000, nid:1, npages:1]
          cg.C.x-3029  [023]     1.034325: (+6)     bprint:               __handle_mm_fault: NUMAB MEM ACCESS process[nid:1, cpu:23, pid:3029], folio[virt:0x7fa6a4fff9b8, phys:0x185f612000, pfn:0x185f612, nid:1, npages:1]
          cg.C.x-3042  [049]     1.034325: (+0)     bprint:               __handle_mm_fault: NUMAB MEM ACCESS process[nid:1, cpu:49, pid:3042], folio[virt:0x7fa69cdff9b8, phys:0x18575f2000, pfn:0x18575f2, nid:1, npages:1]
          cg.C.x-3042  [049]     1.034329: (+4)     bprint:               __handle_mm_fault: NUMAB MEM ACCESS process[nid:1, cpu:49, pid:3042], folio[virt:0x7fa69ce00220, phys:0x1108a3000, pfn:0x1108a3, nid:0, npages:1]
          cg.C.x-3042  [049]     1.034330: (+1)     bprint:               __handle_mm_fault: NUMAB TRY MEM MIGR process[nid:1, cpu:49, pid:3042], folio[virt:0x7fa69ce00220, phys:0x1108a3000, nid:0], target_nid:1
          cg.C.x-3038  [041]     1.034337: (+7)     bprint:               __handle_mm_fault: NUMAB MEM ACCESS process[nid:1, cpu:41, pid:3038], folio[virt:0x7fa69f5ff9b8, phys:0x185f227000, pfn:0x185f227, nid:1, npages:1]
          cg.C.x-3047  [059]     1.034339: (+2)     bprint:               __handle_mm_fault: NUMAB COMPLETED MEM MIGR process[nid:1, cpu:59, pid:3047], old[phys:0x183fea3000, nid:0, npages:1], new[phys:0x185ea63000, nid:1, npages:1]
          cg.C.x-3039  [043]     1.034341: (+2)     bprint:               __handle_mm_fault: NUMAB COMPLETED MEM MIGR process[nid:1, cpu:43, pid:3039], old[phys:0x116376000, nid:0, npages:1], new[phys:0x1866b38000, nid:1, npages:1]
          cg.C.x-3027  [019]     1.034348: (+7)     bprint:               __handle_mm_fault: NUMAB MEM ACCESS process[nid:1, cpu:19, pid:3027], folio[virt:0x7fa6a63ff9b8, phys:0x1867788000, pfn:0x1867788, nid:1, npages:1]
          cg.C.x-3043  [051]     1.034349: (+1)     bprint:               __handle_mm_fault: NUMAB MEM ACCESS process[nid:1, cpu:51, pid:3043], folio[virt:0x7fa69c3ff9b8, phys:0x18572ab000, pfn:0x18572ab, nid:1, npages:1]
          cg.C.x-3045  [055]     1.034350: (+1)     bprint:               __handle_mm_fault: NUMAB MEM ACCESS process[nid:1, cpu:55, pid:3045], folio[virt:0x7fa69afff9b8, phys:0x185e01c000, pfn:0x185e01c, nid:1, npages:1]
          cg.C.x-3034  [033]     1.034353: (+3)     bprint:               __handle_mm_fault: NUMAB MEM ACCESS process[nid:1, cpu:33, pid:3034], folio[virt:0x7fa6a1dff9b8, phys:0x186cba2000, pfn:0x186cba2, nid:1, npages:1]
          cg.C.x-3043  [051]     1.034353: (+0)     bprint:               __handle_mm_fault: NUMAB MEM ACCESS process[nid:1, cpu:51, pid:3043], folio[virt:0x7fa69c400220, phys:0x139474000, pfn:0x139474, nid:0, npages:1]
          cg.C.x-3043  [051]     1.034354: (+1)     bprint:               __handle_mm_fault: NUMAB TRY MEM MIGR process[nid:1, cpu:51, pid:3043], folio[virt:0x7fa69c400220, phys:0x139474000, nid:0], target_nid:1
          cg.C.x-3045  [055]     1.034355: (+1)     bprint:               __handle_mm_fault: NUMAB MEM ACCESS process[nid:1, cpu:55, pid:3045], folio[virt:0x7fa69b000220, phys:0x153757000, pfn:0x153757, nid:0, npages:1]
          cg.C.x-3045  [055]     1.034356: (+1)     bprint:               __handle_mm_fault: NUMAB TRY MEM MIGR process[nid:1, cpu:55, pid:3045], folio[virt:0x7fa69b000220, phys:0x153757000, nid:0], target_nid:1
          cg.C.x-3032  [029]     1.034362: (+6)     bprint:               change_prot_numa: NUMAB SCAN vma[start:0x7fa6a7a01000, end:0x7fa6a8201000, from:0x7fa6a7a01000, to:0x7fa6a8201000, size:8192 KB]
          cg.C.x-3045  [055]     1.034366: (+4)     bprint:               __handle_mm_fault: NUMAB COMPLETED MEM MIGR process[nid:1, cpu:55, pid:3045], old[phys:0x153757000, nid:0, npages:1], new[phys:0x186df0a000, nid:1, npages:1]
          cg.C.x-3042  [049]     1.034366: (+0)     bprint:               __handle_mm_fault: NUMAB COMPLETED MEM MIGR process[nid:1, cpu:49, pid:3042], old[phys:0x1108a3000, nid:0, npages:1], new[phys:0x1864a6a000, nid:1, npages:1]
          cg.C.x-3043  [051]     1.034385: (+19)    bprint:               __handle_mm_fault: NUMAB COMPLETED MEM MIGR process[nid:1, cpu:51, pid:3043], old[phys:0x139474000, nid:0, npages:1], new[phys:0x1890180000, nid:1, npages:1]
          cg.C.x-3032  [029]     1.034399: (+14)    bprint:               change_prot_numa: NUMAB SCAN vma[start:0x7fa6a8401000, end:0x7fa6a8c01000, from:0x7fa6a8401000, to:0x7fa6a8c01000, size:8192 KB]
          cg.C.x-3032  [029]     1.034415: (+16)    bprint:               change_prot_numa: NUMAB SCAN vma[start:0x7fa6a8e01000, end:0x7fa6a9601000, from:0x7fa6a8e01000, to:0x7fa6a9601000, size:8192 KB]
          cg.C.x-3035  [035]     1.034426: (+11)    bprint:               __handle_mm_fault: NUMAB MEM ACCESS process[nid:1, cpu:35, pid:3035], folio[virt:0x7fa6a13ff9b8, phys:0x1890211000, pfn:0x1890211, nid:1, npages:1]
          cg.C.x-3032  [029]     1.034432: (+6)     bprint:               change_prot_numa: NUMAB SCAN vma[start:0x7fa6a9801000, end:0x7fa6aa001000, from:0x7fa6a9801000, to:0x7fa6aa001000, size:8192 KB]
          cg.C.x-3032  [029]     1.034448: (+16)    bprint:               change_prot_numa: NUMAB SCAN vma[start:0x7fa6aa201000, end:0x7fa6aaa01000, from:0x7fa6aa201000, to:0x7fa6aaa01000, size:8192 KB]
          cg.C.x-3032  [029]     1.034464: (+16)    bprint:               change_prot_numa: NUMAB SCAN vma[start:0x7fa6aac01000, end:0x7fa6ab401000, from:0x7fa6aac01000, to:0x7fa6ab401000, size:8192 KB]
          cg.C.x-3032  [029]     1.034481: (+17)    bprint:               change_prot_numa: NUMAB SCAN vma[start:0x7fa6ab601000, end:0x7fa6abe01000, from:0x7fa6ab601000, to:0x7fa6abe01000, size:8192 KB]
          cg.C.x-3032  [029]     1.034497: (+16)    bprint:               change_prot_numa: NUMAB SCAN vma[start:0x7fa6ac001000, end:0x7fa6ac801000, from:0x7fa6ac001000, to:0x7fa6ac801000, size:8192 KB]
          cg.C.x-3032  [029]     1.034514: (+17)    bprint:               change_prot_numa: NUMAB SCAN vma[start:0x7fa6aca01000, end:0x7fa6ad201000, from:0x7fa6aca01000, to:0x7fa6ad201000, size:8192 KB]
          cg.C.x-3032  [029]     1.034530: (+16)    bprint:               change_prot_numa: NUMAB SCAN vma[start:0x7fa6ad401000, end:0x7fa6adc01000, from:0x7fa6ad401000, to:0x7fa6adc01000, size:8192 KB]
          cg.C.x-3032  [029]     1.034547: (+17)    bprint:               change_prot_numa: NUMAB SCAN vma[start:0x7fa6ade01000, end:0x7fa6ae601000, from:0x7fa6ade01000, to:0x7fa6ae601000, size:8192 KB]
          cg.C.x-3032  [029]     1.034565: (+18)    bprint:               change_prot_numa: NUMAB SCAN vma[start:0x7fa6ae801000, end:0x7fa6af001000, from:0x7fa6ae801000, to:0x7fa6af001000, size:8192 KB]
          cg.C.x-3032  [029]     1.034582: (+17)    bprint:               change_prot_numa: NUMAB SCAN vma[start:0x7fa6af201000, end:0x7fa6afa01000, from:0x7fa6af201000, to:0x7fa6afa01000, size:8192 KB]
          cg.C.x-3032  [029]     1.034599: (+17)    bprint:               change_prot_numa: NUMAB SCAN vma[start:0x7fa6afc01000, end:0x7fa6b0401000, from:0x7fa6afc01000, to:0x7fa6b0401000, size:8192 KB]
          cg.C.x-3032  [029]     1.034616: (+17)    bprint:               change_prot_numa: NUMAB SCAN vma[start:0x7fa6b0601000, end:0x7fa6b0e01000, from:0x7fa6b0601000, to:0x7fa6b0e01000, size:8192 KB]
          cg.C.x-3032  [029]     1.034633: (+17)    bprint:               change_prot_numa: NUMAB SCAN vma[start:0x7fa6b1001000, end:0x7fa6b1801000, from:0x7fa6b1001000, to:0x7fa6b1801000, size:8192 KB]
          cg.C.x-3032  [029]     1.034650: (+17)    bprint:               change_prot_numa: NUMAB SCAN vma[start:0x7fa6b1a01000, end:0x7fa6b2201000, from:0x7fa6b1a01000, to:0x7fa6b2201000, size:8192 KB]
          cg.C.x-3032  [029]     1.034667: (+17)    bprint:               change_prot_numa: NUMAB SCAN vma[start:0x7fa6b2401000, end:0x7fa6b2c01000, from:0x7fa6b2401000, to:0x7fa6b2c01000, size:8192 KB]
          cg.C.x-3032  [029]     1.034684: (+17)    bprint:               change_prot_numa: NUMAB SCAN vma[start:0x7fa6b2e01000, end:0x7fa6b3601000, from:0x7fa6b2e01000, to:0x7fa6b3601000, size:8192 KB]
          cg.C.x-3032  [029]     1.034700: (+16)    bprint:               change_prot_numa: NUMAB SCAN vma[start:0x7fa6b3801000, end:0x7fa6b4001000, from:0x7fa6b3801000, to:0x7fa6b4001000, size:8192 KB]
          cg.C.x-3032  [029]     1.034717: (+17)    bprint:               change_prot_numa: NUMAB SCAN vma[start:0x7fa6b4201000, end:0x7fa6b4a01000, from:0x7fa6b4201000, to:0x7fa6b4a01000, size:8192 KB]
          cg.C.x-3032  [029]     1.034733: (+16)    bprint:               change_prot_numa: NUMAB SCAN vma[start:0x7fa6b4c01000, end:0x7fa6b5401000, from:0x7fa6b4c01000, to:0x7fa6b5401000, size:8192 KB]
          cg.C.x-3032  [029]     1.034750: (+17)    bprint:               change_prot_numa: NUMAB SCAN vma[start:0x7fa6b5601000, end:0x7fa6b5e01000, from:0x7fa6b5601000, to:0x7fa6b5e01000, size:8192 KB]
          cg.C.x-3032  [029]     1.034767: (+17)    bprint:               change_prot_numa: NUMAB SCAN vma[start:0x7fa6b6001000, end:0x7fa6b6801000, from:0x7fa6b6001000, to:0x7fa6b6801000, size:8192 KB]
          cg.C.x-3032  [029]     1.034783: (+16)    bprint:               change_prot_numa: NUMAB SCAN vma[start:0x7fa6b6a01000, end:0x7fa6b7201000, from:0x7fa6b6a01000, to:0x7fa6b7201000, size:8192 KB]
          cg.C.x-3017  [062]     1.034800: (+17)    bprint:               __handle_mm_fault: NUMAB MEM ACCESS process[nid:0, cpu:62, pid:3017], folio[virt:0x7fa6ac7ff9b8, phys:0x13d1c7000, pfn:0x13d1c7, nid:0, npages:1]
          cg.C.x-3032  [029]     1.034800: (+0)     bprint:               change_prot_numa: NUMAB SCAN vma[start:0x7fa6b7401000, end:0x7fa6b7c01000, from:0x7fa6b7401000, to:0x7fa6b7c01000, size:8192 KB]
          cg.C.x-3017  [062]     1.034805: (+5)     bprint:               __handle_mm_fault: NUMAB MEM ACCESS process[nid:0, cpu:62, pid:3017], folio[virt:0x7fa6ac800220, phys:0x11232b000, pfn:0x11232b, nid:0, npages:1]
          cg.C.x-3032  [029]     1.034817: (+12)    bprint:               change_prot_numa: NUMAB SCAN vma[start:0x7fa6b7e01000, end:0x7fa6b8601000, from:0x7fa6b7e01000, to:0x7fa6b8601000, size:8192 KB]
          cg.C.x-3032  [029]     1.034834: (+17)    bprint:               change_prot_numa: NUMAB SCAN vma[start:0x7fa6b8801000, end:0x7fa6b9001000, from:0x7fa6b8801000, to:0x7fa6b9001000, size:8192 KB]
          cg.C.x-3032  [029]     1.034851: (+17)    bprint:               change_prot_numa: NUMAB SCAN vma[start:0x7fa6b9201000, end:0x7fa6b9a01000, from:0x7fa6b9201000, to:0x7fa6b9a01000, size:8192 KB]
          cg.C.x-3032  [029]     1.034868: (+17)    bprint:               change_prot_numa: NUMAB SCAN vma[start:0x7fa6b9c01000, end:0x7fa6ba401000, from:0x7fa6b9c01000, to:0x7fa6ba401000, size:8192 KB]
          cg.C.x-3032  [029]     1.034884: (+16)    bprint:               change_prot_numa: NUMAB SCAN vma[start:0x7fa6ba601000, end:0x7fa6bae01000, from:0x7fa6ba601000, to:0x7fa6bae01000, size:8192 KB]
          cg.C.x-3032  [029]     1.034901: (+17)    bprint:               change_prot_numa: NUMAB SCAN vma[start:0x7fa6bb001000, end:0x7fa6bb801000, from:0x7fa6bb001000, to:0x7fa6bb801000, size:8192 KB]
          cg.C.x-3032  [029]     1.034918: (+17)    bprint:               change_prot_numa: NUMAB SCAN vma[start:0x7fa6bba01000, end:0x7fa6bc201000, from:0x7fa6bba01000, to:0x7fa6bc201000, size:8192 KB]
          cg.C.x-3032  [029]     1.034934: (+16)    bprint:               change_prot_numa: NUMAB SCAN vma[start:0x7fa6bc401000, end:0x7fa6bcc01000, from:0x7fa6bc401000, to:0x7fa6bcc01000, size:8192 KB]
          cg.C.x-3032  [029]     1.034951: (+17)    bprint:               change_prot_numa: NUMAB SCAN vma[start:0x7fa6bce01000, end:0x7fa6bd601000, from:0x7fa6bce01000, to:0x7fa6bd601000, size:8192 KB]
          cg.C.x-3032  [029]     1.034967: (+16)    bprint:               change_prot_numa: NUMAB SCAN vma[start:0x7fa6bd801000, end:0x7fa6be001000, from:0x7fa6bd801000, to:0x7fa6be001000, size:8192 KB]
          cg.C.x-3032  [029]     1.034984: (+17)    bprint:               change_prot_numa: NUMAB SCAN vma[start:0x7fa6be201000, end:0x7fa6bea01000, from:0x7fa6be201000, to:0x7fa6bea01000, size:8192 KB]
          cg.C.x-3032  [029]     1.035001: (+17)    bprint:               change_prot_numa: NUMAB SCAN vma[start:0x7fa6bec01000, end:0x7fa6bf401000, from:0x7fa6bec01000, to:0x7fa6bf401000, size:8192 KB]
          cg.C.x-3032  [029]     1.035018: (+17)    bprint:               change_prot_numa: NUMAB SCAN vma[start:0x7fa6bf491000, end:0x7fa6d1cf9000, from:0x7fa6bf491000, to:0x7fa6d1cf9000, size:303520 KB]
          cg.C.x-3032  [029]     1.035154: (+136)   bprint:               change_prot_numa: NUMAB SCAN vma[start:0x7fa6d1e00000, end:0x7fa6d3050000, from:0x7fa6d1e00000, to:0x7fa6d3050000, size:18752 KB]
          cg.C.x-3032  [029]     1.035180: (+26)    bprint:               change_prot_numa: NUMAB SCAN vma[start:0x7fa6d30db000, end:0x7fa6e56f9000, from:0x7fa6d30db000, to:0x7fa6e0000000, size:212116 KB]
          cg.C.x-3032  [029]     1.035260: (+80)    bprint:               do_huge_pmd_numa_page: NUMAB MEM ACCESS huge page process[nid:1, cpu:29, pid:3032], folio[virt:0x7fa6cc1be2f0, ker:0xffff940bfb000000, pfn:0x1a7b000, nid:1, npages:512]
          cg.C.x-3032  [029]     1.035265: (+5)     bprint:               __handle_mm_fault: NUMAB MEM ACCESS process[nid:1, cpu:29, pid:3032], folio[virt:0x7fa6bf68c780, phys:0x185ea95000, pfn:0x185ea95, nid:1, npages:1]
          cg.C.x-3032  [029]     1.035268: (+3)     bprint:               __handle_mm_fault: NUMAB MEM ACCESS process[nid:1, cpu:29, pid:3032], folio[virt:0x7fa6bf6dbb88, phys:0x139173000, pfn:0x139173, nid:0, npages:1]
          cg.C.x-3032  [029]     1.035269: (+1)     bprint:               __handle_mm_fault: NUMAB TRY MEM MIGR process[nid:1, cpu:29, pid:3032], folio[virt:0x7fa6bf6dbb88, phys:0x139173000, nid:0], target_nid:1
          cg.C.x-3032  [029]     1.035275: (+6)     bprint:               __handle_mm_fault: NUMAB COMPLETED MEM MIGR process[nid:1, cpu:29, pid:3032], old[phys:0x139173000, nid:0, npages:1], new[phys:0x185ea56000, nid:1, npages:1]
          cg.C.x-3032  [029]     1.035279: (+4)     bprint:               __handle_mm_fault: NUMAB MEM ACCESS process[nid:1, cpu:29, pid:3032], folio[virt:0x7fa6bf6fc990, phys:0x1163a9000, pfn:0x1163a9, nid:0, npages:1]
          cg.C.x-3032  [029]     1.035279: (+0)     bprint:               __handle_mm_fault: NUMAB TRY MEM MIGR process[nid:1, cpu:29, pid:3032], folio[virt:0x7fa6bf6fc990, phys:0x1163a9000, nid:0], target_nid:1
          cg.C.x-3032  [029]     1.035282: (+3)     bprint:               __handle_mm_fault: NUMAB COMPLETED MEM MIGR process[nid:1, cpu:29, pid:3032], old[phys:0x1163a9000, nid:0, npages:1], new[phys:0x185ea99000, nid:1, npages:1]
          cg.C.x-3032  [029]     1.035289: (+7)     bprint:               __handle_mm_fault: NUMAB MEM ACCESS process[nid:1, cpu:29, pid:3032], folio[virt:0x7fa6bf6fd6e8, phys:0x183fec0000, pfn:0x183fec0, nid:0, npages:1]
          cg.C.x-3032  [029]     1.035290: (+1)     bprint:               __handle_mm_fault: NUMAB TRY MEM MIGR process[nid:1, cpu:29, pid:3032], folio[virt:0x7fa6bf6fd6e8, phys:0x183fec0000, nid:0], target_nid:1
          cg.C.x-3032  [029]     1.035293: (+3)     bprint:               __handle_mm_fault: NUMAB COMPLETED MEM MIGR process[nid:1, cpu:29, pid:3032], old[phys:0x183fec0000, nid:0, npages:1], new[phys:0x185ea96000, nid:1, npages:1]
          cg.C.x-3032  [029]     1.035422: (+129)   bprint:               do_huge_pmd_numa_page: NUMAB MEM ACCESS huge page process[nid:1, cpu:29, pid:3032], folio[virt:0x7fa6cc200000, ker:0xffff940b86400000, pfn:0x1a06400, nid:1, npages:512]
          cg.C.x-3032  [029]     1.035543: (+121)   bprint:               __handle_mm_fault: NUMAB MEM ACCESS process[nid:1, cpu:29, pid:3032], folio[virt:0x7fa6bf68d000, phys:0x185598d000, pfn:0x185598d, nid:1, npages:1]
          cg.C.x-3032  [029]     1.035625: (+82)    bprint:               __handle_mm_fault: NUMAB MEM ACCESS process[nid:1, cpu:29, pid:3032], folio[virt:0x7fa6a31ff9b8, phys:0x185ea54000, pfn:0x185ea54, nid:1, npages:1]
          cg.C.x-3023  [011]     1.035632: (+7)     bprint:               __handle_mm_fault: NUMAB MEM ACCESS process[nid:1, cpu:11, pid:3023], folio[virt:0x7fa6a8bff970, phys:0x1855acd000, pfn:0x1855acd, nid:1, npages:1]
          cg.C.x-3042  [049]     1.035633: (+1)     bprint:               __handle_mm_fault: NUMAB MEM ACCESS process[nid:1, cpu:49, pid:3042], folio[virt:0x55d32022d34c, phys:0x13ab07000, pfn:0x13ab07, nid:0, npages:1]
          cg.C.x-3021  [007]     1.035633: (+0)     bprint:               __handle_mm_fault: NUMAB MEM ACCESS process[nid:1, cpu:7, pid:3021], folio[virt:0x7fa6a9fff970, phys:0x186d211000, pfn:0x186d211, nid:1, npages:1]
          cg.C.x-2998  [024]     1.035633: (+0)     bprint:               __handle_mm_fault: NUMAB MEM ACCESS process[nid:0, cpu:24, pid:2998], folio[virt:0x7fa6b85ff970, phys:0x139627000, pfn:0x139627, nid:0, npages:1]
          cg.C.x-3014  [056]     1.035633: (+0)     bprint:               __handle_mm_fault: NUMAB MEM ACCESS process[nid:0, cpu:56, pid:3014], folio[virt:0x7fa6ae5ff970, phys:0x13b9c2000, pfn:0x13b9c2, nid:0, npages:1]
          cg.C.x-3004  [036]     1.035633: (+0)     bprint:               __handle_mm_fault: NUMAB MEM ACCESS process[nid:0, cpu:36, pid:3004], folio[virt:0x7fa6b49ff970, phys:0x112c54000, pfn:0x112c54, nid:0, npages:1]
          cg.C.x-2992  [012]     1.035634: (+1)     bprint:               __handle_mm_fault: NUMAB MEM ACCESS process[nid:0, cpu:12, pid:2992], folio[virt:0x7fa6bc1ff970, phys:0x1134a7000, pfn:0x1134a7, nid:0, npages:1]
          cg.C.x-3008  [044]     1.035634: (+0)     bprint:               __handle_mm_fault: NUMAB MEM ACCESS process[nid:0, cpu:44, pid:3008], folio[virt:0x7fa6b21ff970, phys:0x150116000, pfn:0x150116, nid:0, npages:1]
          cg.C.x-3042  [049]     1.035634: (+0)     bprint:               __handle_mm_fault: NUMAB TRY MEM MIGR process[nid:1, cpu:49, pid:3042], folio[virt:0x55d32022d34c, phys:0x13ab07000, nid:0], target_nid:1
          cg.C.x-3022  [009]     1.035634: (+0)     bprint:               __handle_mm_fault: NUMAB MEM ACCESS process[nid:1, cpu:9, pid:3022], folio[virt:0x7fa6a95ff970, phys:0x185714f000, pfn:0x185714f, nid:1, npages:1]
          cg.C.x-3024  [013]     1.035634: (+0)     bprint:               __handle_mm_fault: NUMAB MEM ACCESS process[nid:1, cpu:13, pid:3024], folio[virt:0x7fa6a81ff970, phys:0x303f07d000, pfn:0x303f07d, nid:1, npages:1]
          cg.C.x-3020  [005]     1.035634: (+0)     bprint:               __handle_mm_fault: NUMAB MEM ACCESS process[nid:1, cpu:5, pid:3020], folio[virt:0x7fa6aa9ff970, phys:0x189009d000, pfn:0x189009d, nid:1, npages:1]
          cg.C.x-3025  [015]     1.035634: (+0)     bprint:               __handle_mm_fault: NUMAB MEM ACCESS process[nid:1, cpu:15, pid:3025], folio[virt:0x7fa6a77ff970, phys:0x186818d000, pfn:0x186818d, nid:1, npages:1]
          cg.C.x-3010  [048]     1.035634: (+0)     bprint:               __handle_mm_fault: NUMAB MEM ACCESS process[nid:0, cpu:48, pid:3010], folio[virt:0x7fa6b0dff970, phys:0x12277d000, pfn:0x12277d, nid:0, npages:1]
          cg.C.x-2994  [016]     1.035634: (+0)     bprint:               __handle_mm_fault: NUMAB MEM ACCESS process[nid:0, cpu:16, pid:2994], folio[virt:0x7fa6badff970, phys:0x13a9ff000, pfn:0x13a9ff, nid:0, npages:1]
          cg.C.x-2988  [004]     1.035635: (+1)     bprint:               __handle_mm_fault: NUMAB MEM ACCESS process[nid:0, cpu:4, pid:2988], folio[virt:0x7fa6be9ff970, phys:0x1109c8000, pfn:0x1109c8, nid:0, npages:1]
          cg.C.x-3001  [030]     1.035635: (+0)     bprint:               __handle_mm_fault: NUMAB MEM ACCESS process[nid:0, cpu:30, pid:3001], folio[virt:0x7fa6b67ff970, phys:0x112e7e000, pfn:0x112e7e, nid:0, npages:1]
          cg.C.x-3019  [003]     1.035635: (+0)     bprint:               __handle_mm_fault: NUMAB MEM ACCESS process[nid:1, cpu:3, pid:3019], folio[virt:0x7fa6ab3ff970, phys:0x185df9f000, pfn:0x185df9f, nid:1, npages:1]
          cg.C.x-3012  [052]     1.035635: (+0)     bprint:               __handle_mm_fault: NUMAB MEM ACCESS process[nid:0, cpu:52, pid:3012], folio[virt:0x7fa6af9ff970, phys:0x120505000, pfn:0x120505, nid:0, npages:1]
          cg.C.x-2996  [020]     1.035635: (+0)     bprint:               __handle_mm_fault: NUMAB MEM ACCESS process[nid:0, cpu:20, pid:2996], folio[virt:0x7fa6b99ff970, phys:0x13a686000, pfn:0x13a686, nid:0, npages:1]
          cg.C.x-3009  [046]     1.035635: (+0)     bprint:               __handle_mm_fault: NUMAB MEM ACCESS process[nid:0, cpu:46, pid:3009], folio[virt:0x7fa6b17ff970, phys:0x139c69000, pfn:0x139c69, nid:0, npages:1]
          cg.C.x-2993  [014]     1.035635: (+0)     bprint:               __handle_mm_fault: NUMAB MEM ACCESS process[nid:0, cpu:14, pid:2993], folio[virt:0x7fa6bb7ff970, phys:0x1215bf000, pfn:0x1215bf, nid:0, npages:1]
          cg.C.x-2989  [006]     1.035635: (+0)     bprint:               __handle_mm_fault: NUMAB MEM ACCESS process[nid:0, cpu:6, pid:2989], folio[virt:0x7fa6bdfff970, phys:0x1204c5000, pfn:0x1204c5, nid:0, npages:1]
          cg.C.x-3005  [038]     1.035635: (+0)     bprint:               __handle_mm_fault: NUMAB MEM ACCESS process[nid:0, cpu:38, pid:3005], folio[virt:0x7fa6b3fff970, phys:0x11235f000, pfn:0x11235f, nid:0, npages:1]
          cg.C.x-3018  [001]     1.035635: (+0)     bprint:               __handle_mm_fault: NUMAB MEM ACCESS process[nid:1, cpu:1, pid:3018], folio[virt:0x7fa6abdff970, phys:0x1866b85000, pfn:0x1866b85, nid:1, npages:1]
          cg.C.x-2997  [022]     1.035635: (+0)     bprint:               __handle_mm_fault: NUMAB MEM ACCESS process[nid:0, cpu:22, pid:2997], folio[virt:0x7fa6b8fff970, phys:0x13d0b0000, pfn:0x13d0b0, nid:0, npages:1]
          cg.C.x-3013  [054]     1.035635: (+0)     bprint:               __handle_mm_fault: NUMAB MEM ACCESS process[nid:0, cpu:54, pid:3013], folio[virt:0x7fa6aefff970, phys:0x12053a000, pfn:0x12053a, nid:0, npages:1]
          cg.C.x-2987  [002]     1.035635: (+0)     bprint:               __handle_mm_fault: NUMAB MEM ACCESS process[nid:0, cpu:2, pid:2987], folio[virt:0x7fa6bf3ff970, phys:0x110910000, pfn:0x110910, nid:0, npages:1]
          cg.C.x-2991  [010]     1.035635: (+0)     bprint:               __handle_mm_fault: NUMAB MEM ACCESS process[nid:0, cpu:10, pid:2991], folio[virt:0x7fa6bcbff970, phys:0x123051000, pfn:0x123051, nid:0, npages:1]
          cg.C.x-3007  [042]     1.035635: (+0)     bprint:               __handle_mm_fault: NUMAB MEM ACCESS process[nid:0, cpu:42, pid:3007], folio[virt:0x7fa6b2bff970, phys:0x123071000, pfn:0x123071, nid:0, npages:1]
          cg.C.x-3002  [032]     1.035635: (+0)     bprint:               __handle_mm_fault: NUMAB MEM ACCESS process[nid:0, cpu:32, pid:3002], folio[virt:0x7fa6b5dff970, phys:0x13ae94000, pfn:0x13ae94, nid:0, npages:1]
          cg.C.x-3006  [040]     1.035635: (+0)     bprint:               __handle_mm_fault: NUMAB MEM ACCESS process[nid:0, cpu:40, pid:3006], folio[virt:0x7fa6b35ff970, phys:0x1505af000, pfn:0x1505af, nid:0, npages:1]
          cg.C.x-2990  [008]     1.035635: (+0)     bprint:               __handle_mm_fault: NUMAB MEM ACCESS process[nid:0, cpu:8, pid:2990], folio[virt:0x7fa6bd5ff970, phys:0x114431000, pfn:0x114431, nid:0, npages:1]
          cg.C.x-2995  [018]     1.035635: (+0)     bprint:               __handle_mm_fault: NUMAB MEM ACCESS process[nid:0, cpu:18, pid:2995], folio[virt:0x7fa6ba3ff970, phys:0x10ff8a000, pfn:0x10ff8a, nid:0, npages:1]
          cg.C.x-3011  [050]     1.035635: (+0)     bprint:               __handle_mm_fault: NUMAB MEM ACCESS process[nid:0, cpu:50, pid:3011], folio[virt:0x7fa6b03ff970, phys:0x139f93000, pfn:0x139f93, nid:0, npages:1]
          cg.C.x-2999  [026]     1.035635: (+0)     bprint:               __handle_mm_fault: NUMAB MEM ACCESS process[nid:0, cpu:26, pid:2999], folio[virt:0x7fa6b7bff970, phys:0x112756000, pfn:0x112756, nid:0, npages:1]
          cg.C.x-3015  [058]     1.035635: (+0)     bprint:               __handle_mm_fault: NUMAB MEM ACCESS process[nid:0, cpu:58, pid:3015], folio[virt:0x7fa6adbff970, phys:0x13a7c3000, pfn:0x13a7c3, nid:0, npages:1]
          cg.C.x-3000  [028]     1.035635: (+0)     bprint:               __handle_mm_fault: NUMAB MEM ACCESS process[nid:0, cpu:28, pid:3000], folio[virt:0x7fa6b71ff970, phys:0x116397000, pfn:0x116397, nid:0, npages:1]
          cg.C.x-3016  [060]     1.035635: (+0)     bprint:               __handle_mm_fault: NUMAB MEM ACCESS process[nid:0, cpu:60, pid:3016], folio[virt:0x7fa6ad1ff970, phys:0x122753000, pfn:0x122753, nid:0, npages:1]
          cg.C.x-3003  [034]     1.035636: (+1)     bprint:               __handle_mm_fault: NUMAB MEM ACCESS process[nid:0, cpu:34, pid:3003], folio[virt:0x7fa6b53ff970, phys:0x15371a000, pfn:0x15371a, nid:0, npages:1]
          cg.C.x-3037  [039]     1.035636: (+0)     bprint:               __handle_mm_fault: NUMAB MEM ACCESS process[nid:1, cpu:39, pid:3037], folio[virt:0x55d32022d34c, phys:0x13ab07000, pfn:0x13ab07, nid:0, npages:1]
          cg.C.x-3037  [039]     1.035638: (+2)     bprint:               __handle_mm_fault: NUMAB TRY MEM MIGR process[nid:1, cpu:39, pid:3037], folio[virt:0x55d32022d34c, phys:0x13ab07000, nid:0], target_nid:1
          cg.C.x-3039  [043]     1.035638: (+0)     bprint:               __handle_mm_fault: NUMAB MEM ACCESS process[nid:1, cpu:43, pid:3039], folio[virt:0x55d32022d34c, phys:0x13ab07000, pfn:0x13ab07, nid:0, npages:1]
          cg.C.x-3037  [039]     1.035638: (+0)     bprint:               migrate_misplaced_folio: NUMAB pid:3037 ABORTING MEM MIGR because !isolated
          cg.C.x-3039  [043]     1.035640: (+2)     bprint:               __handle_mm_fault: NUMAB TRY MEM MIGR process[nid:1, cpu:43, pid:3039], folio[virt:0x55d32022d34c, phys:0x13ab07000, nid:0], target_nid:1
          cg.C.x-3039  [043]     1.035641: (+1)     bprint:               migrate_misplaced_folio: NUMAB pid:3039 ABORTING MEM MIGR because !isolated
          cg.C.x-3017  [062]     1.035643: (+2)     bprint:               __handle_mm_fault: NUMAB MEM ACCESS process[nid:0, cpu:62, pid:3017], folio[virt:0x55d32022d34c, phys:0x13ab07000, pfn:0x13ab07, nid:0, npages:1]
          cg.C.x-3034  [033]     1.035648: (+5)     bprint:               __handle_mm_fault: NUMAB MEM ACCESS process[nid:1, cpu:33, pid:3034], folio[virt:0x7fa6bf691c10, phys:0x185e6e0000, pfn:0x185e6e0, nid:1, npages:1]
          cg.C.x-2986  [000]     1.035649: (+1)     bprint:               __handle_mm_fault: NUMAB MEM ACCESS process[nid:0, cpu:0, pid:2986], folio[virt:0x7fa6bf5b6010, phys:0x183fec3000, pfn:0x183fec3, nid:0, npages:1]
          cg.C.x-3047  [059]     1.035650: (+1)     bprint:               __handle_mm_fault: NUMAB MEM ACCESS process[nid:1, cpu:59, pid:3047], folio[virt:0x7fa6bf6cd3e8, phys:0x186ec10000, pfn:0x186ec10, nid:1, npages:1]
          cg.C.x-3032  [029]     1.035651: (+1)     bprint:               __handle_mm_fault: NUMAB MEM ACCESS process[nid:1, cpu:29, pid:3032], folio[virt:0x7fa6bf688990, phys:0x185ea75000, pfn:0x185ea75, nid:1, npages:1]
          cg.C.x-3038  [041]     1.035652: (+1)     bprint:               __handle_mm_fault: NUMAB MEM ACCESS process[nid:1, cpu:41, pid:3038], folio[virt:0x7fa6bf6a40f0, phys:0x185f20c000, pfn:0x185f20c, nid:1, npages:1]
          cg.C.x-3048  [061]     1.035654: (+2)     bprint:               __handle_mm_fault: NUMAB MEM ACCESS process[nid:1, cpu:61, pid:3048], folio[virt:0x7fa6bf6d1d20, phys:0x1855e84000, pfn:0x1855e84, nid:1, npages:1]
          cg.C.x-2986  [000]     1.035654: (+0)     bprint:               __handle_mm_fault: NUMAB MEM ACCESS process[nid:0, cpu:0, pid:2986], folio[virt:0x7fa6bf5b7000, phys:0x1204cf000, pfn:0x1204cf, nid:0, npages:1]
          cg.C.x-3017  [062]     1.035655: (+1)     bprint:               __handle_mm_fault: NUMAB MEM ACCESS process[nid:0, cpu:62, pid:3017], folio[virt:0x7fa6bf643ed0, phys:0x139c5b000, pfn:0x139c5b, nid:0, npages:1]
          cg.C.x-3041  [047]     1.035657: (+2)     bprint:               __handle_mm_fault: NUMAB MEM ACCESS process[nid:1, cpu:47, pid:3041], folio[virt:0x7fa6bf6b1c98, phys:0x186cd6d000, pfn:0x186cd6d, nid:1, npages:1]
          cg.C.x-3049  [063]     1.035658: (+1)     bprint:               __handle_mm_fault: NUMAB MEM ACCESS process[nid:1, cpu:63, pid:3049], folio[virt:0x7fa6bf6d6658, phys:0x185dc69000, pfn:0x185dc69, nid:1, npages:1]
          cg.C.x-2986  [000]     1.035658: (+0)     bprint:               __handle_mm_fault: NUMAB MEM ACCESS process[nid:0, cpu:0, pid:2986], folio[virt:0x7fa6bf5b8000, phys:0x1206bf000, pfn:0x1206bf, nid:0, npages:1]
          cg.C.x-3026  [017]     1.035659: (+1)     bprint:               __handle_mm_fault: NUMAB MEM ACCESS process[nid:1, cpu:17, pid:3026], folio[virt:0x7fa6bf66d210, phys:0x185e8a8000, pfn:0x185e8a8, nid:1, npages:1]
          cg.C.x-3033  [031]     1.035661: (+2)     bprint:               __handle_mm_fault: NUMAB MEM ACCESS process[nid:1, cpu:31, pid:3033], folio[virt:0x7fa6bf68e000, phys:0x186d32a000, pfn:0x186d32a, nid:1, npages:1]
          cg.C.x-3031  [027]     1.035663: (+2)     bprint:               __handle_mm_fault: NUMAB MEM ACCESS process[nid:1, cpu:27, pid:3031], folio[virt:0x7fa6bf684050, phys:0x185ee5e000, pfn:0x185ee5e, nid:1, npages:1]
          cg.C.x-3036  [037]     1.035664: (+1)     bprint:               __handle_mm_fault: NUMAB MEM ACCESS process[nid:1, cpu:37, pid:3036], folio[virt:0x7fa6bf69ae80, phys:0x189007a000, pfn:0x189007a, nid:1, npages:1]
          cg.C.x-3044  [053]     1.035665: (+1)     bprint:               __handle_mm_fault: NUMAB MEM ACCESS process[nid:1, cpu:53, pid:3044], folio[virt:0x7fa6bf6bf840, phys:0x186d4cb000, pfn:0x186d4cb, nid:1, npages:1]
          cg.C.x-2986  [000]     1.035666: (+1)     bprint:               __handle_mm_fault: NUMAB MEM ACCESS process[nid:0, cpu:0, pid:2986], folio[virt:0x7fa6bf5b9000, phys:0x183fe98000, pfn:0x183fe98, nid:0, npages:1]
          cg.C.x-3043  [051]     1.035667: (+1)     bprint:               __handle_mm_fault: NUMAB MEM ACCESS process[nid:1, cpu:51, pid:3043], folio[virt:0x7fa6bf6baf08, phys:0x186e48c000, pfn:0x186e48c, nid:1, npages:1]
          cg.C.x-3027  [019]     1.035668: (+1)     bprint:               __handle_mm_fault: NUMAB MEM ACCESS process[nid:1, cpu:19, pid:3027], folio[virt:0x7fa6bf671b50, phys:0x1858d4d000, pfn:0x1858d4d, nid:1, npages:1]
          cg.C.x-3035  [035]     1.035670: (+2)     bprint:               __handle_mm_fault: NUMAB MEM ACCESS process[nid:1, cpu:35, pid:3035], folio[virt:0x7fa6bf696548, phys:0x1857623000, pfn:0x1857623, nid:1, npages:1]
          cg.C.x-3008  [044]     1.035670: (+0)     sched_switch:         cg.C.x:3008 [120] D ==> swapper/44:0 [120]
          cg.C.x-3040  [045]     1.035670: (+0)     sched_switch:         cg.C.x:3040 [120] D ==> swapper/45:0 [120]
          cg.C.x-2986  [000]     1.035671: (+1)     bprint:               __handle_mm_fault: NUMAB MEM ACCESS process[nid:0, cpu:0, pid:2986], folio[virt:0x7fa6bf5ba000, phys:0x183fe7b000, pfn:0x183fe7b, nid:0, npages:1]
          cg.C.x-3028  [021]     1.035671: (+0)     bprint:               __handle_mm_fault: NUMAB MEM ACCESS process[nid:1, cpu:21, pid:3028], folio[virt:0x7fa6bf676490, phys:0x186d920000, pfn:0x186d920, nid:1, npages:1]
          cg.C.x-2992  [012]     1.035671: (+0)     sched_switch:         cg.C.x:2992 [120] D ==> swapper/12:0 [120]
          cg.C.x-3024  [013]     1.035671: (+0)     sched_switch:         cg.C.x:3024 [120] D ==> swapper/13:0 [120]
          cg.C.x-3001  [030]     1.035672: (+1)     sched_switch:         cg.C.x:3001 [120] D ==> swapper/30:0 [120]
          cg.C.x-3023  [011]     1.035672: (+0)     sched_switch:         cg.C.x:3023 [120] D ==> swapper/11:0 [120]
          cg.C.x-3046  [057]     1.035672: (+0)     sched_switch:         cg.C.x:3046 [120] D ==> swapper/57:0 [120]
          cg.C.x-3029  [023]     1.035672: (+0)     bprint:               __handle_mm_fault: NUMAB MEM ACCESS process[nid:1, cpu:23, pid:3029], folio[virt:0x7fa6bf67add0, phys:0x1855bc2000, pfn:0x1855bc2, nid:1, npages:1]
          cg.C.x-3045  [055]     1.035674: (+2)     bprint:               __handle_mm_fault: NUMAB MEM ACCESS process[nid:1, cpu:55, pid:3045], folio[virt:0x7fa6bf6c4178, phys:0x1857770000, pfn:0x1857770, nid:1, npages:1]
          cg.C.x-3021  [007]     1.035674: (+0)     sched_switch:         cg.C.x:3021 [120] D ==> swapper/7:0 [120]
          cg.C.x-3034  [033]     1.035675: (+1)     bprint:               __handle_mm_fault: NUMAB MEM ACCESS process[nid:1, cpu:33, pid:3034], folio[virt:0x7fa6bf692000, phys:0x186d795000, pfn:0x186d795, nid:1, npages:1]
          cg.C.x-3025  [015]     1.035675: (+0)     sched_switch:         cg.C.x:3025 [120] D ==> swapper/15:0 [120]
          cg.C.x-3030  [025]     1.035676: (+1)     bprint:               __handle_mm_fault: NUMAB MEM ACCESS process[nid:1, cpu:25, pid:3030], folio[virt:0x7fa6bf67f710, phys:0x185e81b000, pfn:0x185e81b, nid:1, npages:1]
          cg.C.x-3004  [036]     1.035677: (+1)     sched_switch:         cg.C.x:3004 [120] D ==> swapper/36:0 [120]
          cg.C.x-3014  [056]     1.035677: (+0)     sched_switch:         cg.C.x:3014 [120] D ==> swapper/56:0 [120]
          cg.C.x-2998  [024]     1.035677: (+0)     sched_switch:         cg.C.x:2998 [120] D ==> swapper/24:0 [120]
          cg.C.x-3047  [059]     1.035678: (+1)     bprint:               __handle_mm_fault: NUMAB MEM ACCESS process[nid:1, cpu:59, pid:3047], folio[virt:0x7fa6bf6ce000, phys:0x186deb1000, pfn:0x186deb1, nid:1, npages:1]
          cg.C.x-3020  [005]     1.035678: (+0)     sched_switch:         cg.C.x:3020 [120] D ==> swapper/5:0 [120]
          cg.C.x-3032  [029]     1.035679: (+1)     bprint:               __handle_mm_fault: NUMAB MEM ACCESS process[nid:1, cpu:29, pid:3032], folio[virt:0x7fa6bf689000, phys:0x185ea74000, pfn:0x185ea74, nid:1, npages:1]
          cg.C.x-3019  [003]     1.035679: (+0)     sched_switch:         cg.C.x:3019 [120] D ==> swapper/3:0 [120]
          cg.C.x-3038  [041]     1.035680: (+1)     bprint:               __handle_mm_fault: NUMAB MEM ACCESS process[nid:1, cpu:41, pid:3038], folio[virt:0x7fa6bf6a5000, phys:0x185dd33000, pfn:0x185dd33, nid:1, npages:1]
          cg.C.x-3010  [048]     1.035680: (+0)     sched_switch:         cg.C.x:3010 [120] D ==> swapper/48:0 [120]
          cg.C.x-3006  [040]     1.035680: (+0)     sched_switch:         cg.C.x:3006 [120] D ==> swapper/40:0 [120]
          cg.C.x-3048  [061]     1.035681: (+1)     bprint:               __handle_mm_fault: NUMAB MEM ACCESS process[nid:1, cpu:61, pid:3048], folio[virt:0x7fa6bf6d2000, phys:0x1855e85000, pfn:0x1855e85, nid:1, npages:1]
          cg.C.x-2988  [004]     1.035681: (+0)     sched_switch:         cg.C.x:2988 [120] D ==> swapper/4:0 [120]
          cg.C.x-3022  [009]     1.035682: (+1)     sched_switch:         cg.C.x:3022 [120] D ==> swapper/9:0 [120]
          cg.C.x-3017  [062]     1.035683: (+1)     bprint:               __handle_mm_fault: NUMAB MEM ACCESS process[nid:0, cpu:62, pid:3017], folio[virt:0x7fa6bf644000, phys:0x139c5c000, pfn:0x139c5c, nid:0, npages:1]
          cg.C.x-3018  [001]     1.035683: (+0)     sched_switch:         cg.C.x:3018 [120] D ==> swapper/1:0 [120]
          cg.C.x-3041  [047]     1.035684: (+1)     bprint:               __handle_mm_fault: NUMAB MEM ACCESS process[nid:1, cpu:47, pid:3041], folio[virt:0x7fa6bf6b2000, phys:0x303f1f2000, pfn:0x303f1f2, nid:1, npages:1]
          cg.C.x-2991  [010]     1.035684: (+0)     sched_switch:         cg.C.x:2991 [120] D ==> swapper/10:0 [120]
          cg.C.x-3007  [042]     1.035684: (+0)     sched_switch:         cg.C.x:3007 [120] D ==> swapper/42:0 [120]
          cg.C.x-2997  [022]     1.035684: (+0)     sched_switch:         cg.C.x:2997 [120] D ==> swapper/22:0 [120]
          cg.C.x-3037  [039]     1.035685: (+1)     sched_switch:         cg.C.x:3037 [120] D ==> swapper/39:0 [120]
          cg.C.x-3049  [063]     1.035686: (+1)     bprint:               __handle_mm_fault: NUMAB MEM ACCESS process[nid:1, cpu:63, pid:3049], folio[virt:0x7fa6bf6d7000, phys:0x185dc6a000, pfn:0x185dc6a, nid:1, npages:1]
          cg.C.x-3012  [052]     1.035686: (+0)     sched_switch:         cg.C.x:3012 [120] D ==> swapper/52:0 [120]
          cg.C.x-3026  [017]     1.035687: (+1)     bprint:               __handle_mm_fault: NUMAB MEM ACCESS process[nid:1, cpu:17, pid:3026], folio[virt:0x7fa6bf66e000, phys:0x185e8d0000, pfn:0x185e8d0, nid:1, npages:1]
          cg.C.x-3039  [043]     1.035687: (+0)     sched_switch:         cg.C.x:3039 [120] D ==> swapper/43:0 [120]
          cg.C.x-2990  [008]     1.035688: (+1)     sched_switch:         cg.C.x:2990 [120] D ==> swapper/8:0 [120]
          cg.C.x-3033  [031]     1.035688: (+0)     bprint:               __handle_mm_fault: NUMAB MEM ACCESS process[nid:1, cpu:31, pid:3033], folio[virt:0x7fa6bf68f000, phys:0x186d32b000, pfn:0x186d32b, nid:1, npages:1]
