          cg.C.x-2863  [056]     1.036394: (+1)     bprint:               __handle_mm_fault: NUMAB MEM ACCESS process[nid:0, cpu:56, pid:2863], folio[virt:0x7fcaf915c000, phys:0x13d003000, pfn:0x13d003, nid:0, npages:1]
          cg.C.x-2860  [050]     1.036398: (+4)     bprint:               __handle_mm_fault: NUMAB MEM ACCESS process[nid:0, cpu:50, pid:2860], folio[virt:0x7fcaf914e000, phys:0xae548e000, pfn:0xae548e, nid:0, npages:1]
          cg.C.x-2869  [005]     1.036399: (+1)     bprint:               __handle_mm_fault: NUMAB MEM ACCESS process[nid:1, cpu:5, pid:2869], folio[virt:0x7fcaf9177000, phys:0x186cc5d000, pfn:0x186cc5d, nid:1, npages:1]
          cg.C.x-2889  [045]     1.036400: (+1)     bprint:               __handle_mm_fault: NUMAB MEM ACCESS process[nid:1, cpu:45, pid:2889], folio[virt:0x7fcaf91d3000, phys:0x185dfa4000, pfn:0x185dfa4, nid:1, npages:1]
          cg.C.x-2893  [053]     1.036402: (+2)     bprint:               __handle_mm_fault: NUMAB MEM ACCESS process[nid:1, cpu:53, pid:2893], folio[virt:0x7fcaf91e5000, phys:0x186e484000, pfn:0x186e484, nid:1, npages:1]
          cg.C.x-2877  [021]     1.036403: (+1)     bprint:               __handle_mm_fault: NUMAB MEM ACCESS process[nid:1, cpu:21, pid:2877], folio[virt:0x7fcaf919c000, phys:0x185f1bd000, pfn:0x185f1bd, nid:1, npages:1]
          cg.C.x-2873  [013]     1.036404: (+1)     bprint:               __handle_mm_fault: NUMAB MEM ACCESS process[nid:1, cpu:13, pid:2873], folio[virt:0x7fcaf9189000, phys:0x18676ee000, pfn:0x18676ee, nid:1, npages:1]
          cg.C.x-2840  [010]     1.036405: (+1)     bprint:               __handle_mm_fault: NUMAB MEM ACCESS process[nid:0, cpu:10, pid:2840], folio[virt:0x7fcaf90f2000, phys:0x112705000, pfn:0x112705, nid:0, npages:1]
          cg.C.x-2854  [038]     1.036406: (+1)     bprint:               __handle_mm_fault: NUMAB MEM ACCESS process[nid:0, cpu:38, pid:2854], folio[virt:0x7fcaf9132000, phys:0x113237000, pfn:0x113237, nid:0, npages:1]
          cg.C.x-2874  [015]     1.036408: (+2)     bprint:               __handle_mm_fault: NUMAB MEM ACCESS process[nid:1, cpu:15, pid:2874], folio[virt:0x7fcaf918e000, phys:0x186cda4000, pfn:0x186cda4, nid:1, npages:1]
          cg.C.x-2885  [037]     1.036409: (+1)     bprint:               __handle_mm_fault: NUMAB MEM ACCESS process[nid:1, cpu:37, pid:2885], folio[virt:0x7fcaf91c0000, phys:0x18572cc000, pfn:0x18572cc, nid:1, npages:1]
          cg.C.x-2891  [049]     1.036410: (+1)     bprint:               __handle_mm_fault: NUMAB MEM ACCESS process[nid:1, cpu:49, pid:2891], folio[virt:0x7fcaf91dc000, phys:0x186d484000, pfn:0x186d484, nid:1, npages:1]
          cg.C.x-2895  [057]     1.036411: (+1)     bprint:               __handle_mm_fault: NUMAB MEM ACCESS process[nid:1, cpu:57, pid:2895], folio[virt:0x7fcaf91ee000, phys:0x18578e5000, pfn:0x18578e5, nid:1, npages:1]
          cg.C.x-2879  [025]     1.036412: (+1)     bprint:               __handle_mm_fault: NUMAB MEM ACCESS process[nid:1, cpu:25, pid:2879], folio[virt:0x7fcaf91a5000, phys:0x185ebb3000, pfn:0x185ebb3, nid:1, npages:1]
          cg.C.x-2850  [030]     1.036413: (+1)     bprint:               __handle_mm_fault: NUMAB MEM ACCESS process[nid:0, cpu:30, pid:2850], folio[virt:0x7fcaf9120000, phys:0x153b4e000, pfn:0x153b4e, nid:0, npages:1]
          cg.C.x-2861  [052]     1.036414: (+1)     bprint:               __handle_mm_fault: NUMAB MEM ACCESS process[nid:0, cpu:52, pid:2861], folio[virt:0x7fcaf9153000, phys:0x13ab82000, pfn:0x13ab82, nid:0, npages:1]
          cg.C.x-2853  [036]     1.036415: (+1)     bprint:               __handle_mm_fault: NUMAB MEM ACCESS process[nid:0, cpu:36, pid:2853], folio[virt:0x7fcaf912e000, phys:0x17e0865000, pfn:0x17e0865, nid:0, npages:1]
          cg.C.x-2856  [042]     1.036416: (+1)     bprint:               __handle_mm_fault: NUMAB MEM ACCESS process[nid:0, cpu:42, pid:2856], folio[virt:0x7fcaf913c000, phys:0x123192000, pfn:0x123192, nid:0, npages:1]
          cg.C.x-2865  [060]     1.036417: (+1)     bprint:               __handle_mm_fault: NUMAB MEM ACCESS process[nid:0, cpu:60, pid:2865], folio[virt:0x7fcaf9165000, phys:0x183fe1c000, pfn:0x183fe1c, nid:0, npages:1]
          cg.C.x-2849  [028]     1.036419: (+2)     bprint:               __handle_mm_fault: NUMAB MEM ACCESS process[nid:0, cpu:28, pid:2849], folio[virt:0x7fcaf911c000, phys:0x10fe53000, pfn:0x10fe53, nid:0, npages:1]
          cg.C.x-2857  [044]     1.036420: (+1)     bprint:               __handle_mm_fault: NUMAB MEM ACCESS process[nid:0, cpu:44, pid:2857], folio[virt:0x7fcaf9140000, phys:0x1204a9000, pfn:0x1204a9, nid:0, npages:1]
          cg.C.x-2841  [012]     1.036421: (+1)     bprint:               __handle_mm_fault: NUMAB MEM ACCESS process[nid:0, cpu:12, pid:2841], folio[virt:0x7fcaf90f7000, phys:0x111ff1000, pfn:0x111ff1, nid:0, npages:1]
          cg.C.x-2864  [058]     1.036422: (+1)     bprint:               __handle_mm_fault: NUMAB MEM ACCESS process[nid:0, cpu:58, pid:2864], folio[virt:0x7fcaf9160000, phys:0x153a4f000, pfn:0x153a4f, nid:0, npages:1]
          cg.C.x-2848  [026]     1.036423: (+1)     bprint:               __handle_mm_fault: NUMAB MEM ACCESS process[nid:0, cpu:26, pid:2848], folio[virt:0x7fcaf9117000, phys:0x17e08a1000, pfn:0x17e08a1, nid:0, npages:1]
          cg.C.x-2843  [016]     1.036425: (+2)     bprint:               __handle_mm_fault: NUMAB MEM ACCESS process[nid:0, cpu:16, pid:2843], folio[virt:0x7fcaf9100000, phys:0x13a827000, pfn:0x13a827, nid:0, npages:1]
          cg.C.x-2859  [048]     1.036426: (+1)     bprint:               __handle_mm_fault: NUMAB MEM ACCESS process[nid:0, cpu:48, pid:2859], folio[virt:0x7fcaf9149000, phys:0x13ae66000, pfn:0x13ae66, nid:0, npages:1]
          cg.C.x-2839  [008]     1.036427: (+1)     bprint:               __handle_mm_fault: NUMAB MEM ACCESS process[nid:0, cpu:8, pid:2839], folio[virt:0x7fcaf90ef000, phys:0x139644000, pfn:0x139644, nid:0, npages:1]
          cg.C.x-2866  [062]     1.036428: (+1)     bprint:               __handle_mm_fault: NUMAB MEM ACCESS process[nid:0, cpu:62, pid:2866], folio[virt:0x7fcaf9169000, phys:0x113d74000, pfn:0x113d74, nid:0, npages:1]
          cg.C.x-2836  [002]     1.036429: (+1)     bprint:               __handle_mm_fault: NUMAB MEM ACCESS process[nid:0, cpu:2, pid:2836], folio[virt:0x7fcaf90e0000, phys:0x1397fa000, pfn:0x1397fa, nid:0, npages:1]
          cg.C.x-2852  [034]     1.036430: (+1)     bprint:               __handle_mm_fault: NUMAB MEM ACCESS process[nid:0, cpu:34, pid:2852], folio[virt:0x7fcaf9129000, phys:0x11276c000, pfn:0x11276c, nid:0, npages:1]
          cg.C.x-2855  [040]     1.036431: (+1)     bprint:               __handle_mm_fault: NUMAB MEM ACCESS process[nid:0, cpu:40, pid:2855], folio[virt:0x7fcaf9138000, phys:0x13938d000, pfn:0x13938d, nid:0, npages:1]
          cg.C.x-2835  [000]     1.036432: (+1)     bprint:               __handle_mm_fault: NUMAB MEM ACCESS process[nid:0, cpu:0, pid:2835], folio[virt:0x7fcaf90dc000, phys:0x139f2c000, pfn:0x139f2c, nid:0, npages:1]
          cg.C.x-2851  [032]     1.036434: (+2)     bprint:               __handle_mm_fault: NUMAB MEM ACCESS process[nid:0, cpu:32, pid:2851], folio[virt:0x7fcaf9125000, phys:0x13a2df000, pfn:0x13a2df, nid:0, npages:1]
          cg.C.x-2847  [024]     1.036435: (+1)     bprint:               __handle_mm_fault: NUMAB MEM ACCESS process[nid:0, cpu:24, pid:2847], folio[virt:0x7fcaf9113000, phys:0x12160e000, pfn:0x12160e, nid:0, npages:1]
          cg.C.x-2862  [054]     1.036436: (+1)     bprint:               __handle_mm_fault: NUMAB MEM ACCESS process[nid:0, cpu:54, pid:2862], folio[virt:0x7fcaf9158000, phys:0x1535eb000, pfn:0x1535eb, nid:0, npages:1]
          cg.C.x-2870  [007]     1.036437: (+1)     bprint:               __handle_mm_fault: NUMAB MEM ACCESS process[nid:1, cpu:7, pid:2870], folio[virt:0x7fcaf917d000, phys:0x186df2a000, pfn:0x186df2a, nid:1, npages:1]
          cg.C.x-2886  [039]     1.036438: (+1)     bprint:               __handle_mm_fault: NUMAB MEM ACCESS process[nid:1, cpu:39, pid:2886], folio[virt:0x7fcaf91c6000, phys:0x185e84f000, pfn:0x185e84f, nid:1, npages:1]
          cg.C.x-2846  [022]     1.036439: (+1)     bprint:               __handle_mm_fault: NUMAB MEM ACCESS process[nid:0, cpu:22, pid:2846], folio[virt:0x7fcaf910f000, phys:0x150402000, pfn:0x150402, nid:0, npages:1]
          cg.C.x-2842  [014]     1.036440: (+1)     bprint:               __handle_mm_fault: NUMAB MEM ACCESS process[nid:0, cpu:14, pid:2842], folio[virt:0x7fcaf90fd000, phys:0x139c6a000, pfn:0x139c6a, nid:0, npages:1]
          cg.C.x-2868  [003]     1.036441: (+1)     bprint:               __handle_mm_fault: NUMAB MEM ACCESS process[nid:1, cpu:3, pid:2868], folio[virt:0x7fcaf9174000, phys:0x18572de000, pfn:0x18572de, nid:1, npages:1]
          cg.C.x-2892  [051]     1.036442: (+1)     bprint:               __handle_mm_fault: NUMAB MEM ACCESS process[nid:1, cpu:51, pid:2892], folio[virt:0x7fcaf91e1000, phys:0x186cd8e000, pfn:0x186cd8e, nid:1, npages:1]
          cg.C.x-2883  [033]     1.036443: (+1)     bprint:               __handle_mm_fault: NUMAB MEM ACCESS process[nid:1, cpu:33, pid:2883], folio[virt:0x7fcaf91b8000, phys:0x189020b000, pfn:0x189020b, nid:1, npages:1]
          cg.C.x-2884  [035]     1.036444: (+1)     bprint:               __handle_mm_fault: NUMAB MEM ACCESS process[nid:1, cpu:35, pid:2884], folio[virt:0x7fcaf91bd000, phys:0x186de3e000, pfn:0x186de3e, nid:1, npages:1]
          cg.C.x-2897  [061]     1.036445: (+1)     bprint:               __handle_mm_fault: NUMAB MEM ACCESS process[nid:1, cpu:61, pid:2897], folio[virt:0x7fcaf91f8000, phys:0x185e81c000, pfn:0x185e81c, nid:1, npages:1]
          cg.C.x-2838  [006]     1.036447: (+2)     bprint:               __handle_mm_fault: NUMAB MEM ACCESS process[nid:0, cpu:6, pid:2838], folio[virt:0x7fcaf90ea000, phys:0x153720000, pfn:0x153720, nid:0, npages:1]
          cg.C.x-2878  [023]     1.036448: (+1)     bprint:               __handle_mm_fault: NUMAB MEM ACCESS process[nid:1, cpu:23, pid:2878], folio[virt:0x7fcaf91a1000, phys:0x186d9e0000, pfn:0x186d9e0, nid:1, npages:1]
          cg.C.x-2881  [029]     1.036449: (+1)     bprint:               __handle_mm_fault: NUMAB MEM ACCESS process[nid:1, cpu:29, pid:2881], folio[virt:0x7fcaf91af000, phys:0x18675f1000, pfn:0x18675f1, nid:1, npages:1]
          cg.C.x-2845  [020]     1.036450: (+1)     bprint:               __handle_mm_fault: NUMAB MEM ACCESS process[nid:0, cpu:20, pid:2845], folio[virt:0x7fcaf910a000, phys:0x139f2f000, pfn:0x139f2f, nid:0, npages:1]
          cg.C.x-2880  [027]     1.036452: (+2)     bprint:               __handle_mm_fault: NUMAB MEM ACCESS process[nid:1, cpu:27, pid:2880], folio[virt:0x7fcaf91ab000, phys:0x1856cf3000, pfn:0x1856cf3, nid:1, npages:1]
          cg.C.x-2894  [055]     1.036453: (+1)     bprint:               __handle_mm_fault: NUMAB MEM ACCESS process[nid:1, cpu:55, pid:2894], folio[virt:0x7fcaf91eb000, phys:0x18574b8000, pfn:0x18574b8, nid:1, npages:1]
          cg.C.x-2858  [046]     1.036454: (+1)     bprint:               __handle_mm_fault: NUMAB MEM ACCESS process[nid:0, cpu:46, pid:2858], folio[virt:0x7fcaf9146000, phys:0x112f06000, pfn:0x112f06, nid:0, npages:1]
          cg.C.x-2872  [011]     1.036455: (+1)     bprint:               __handle_mm_fault: NUMAB MEM ACCESS process[nid:1, cpu:11, pid:2872], folio[virt:0x7fcaf9186000, phys:0x186d30f000, pfn:0x186d30f, nid:1, npages:1]
          cg.C.x-2876  [019]     1.036457: (+2)     bprint:               __handle_mm_fault: NUMAB MEM ACCESS process[nid:1, cpu:19, pid:2876], folio[virt:0x7fcaf9198000, phys:0x186c669000, pfn:0x186c669, nid:1, npages:1]
          cg.C.x-2871  [009]     1.036458: (+1)     bprint:               __handle_mm_fault: NUMAB MEM ACCESS process[nid:1, cpu:9, pid:2871], folio[virt:0x7fcaf9181000, phys:0x185e447000, pfn:0x185e447, nid:1, npages:1]
          cg.C.x-2887  [041]     1.036459: (+1)     bprint:               __handle_mm_fault: NUMAB MEM ACCESS process[nid:1, cpu:41, pid:2887], folio[virt:0x7fcaf91cb000, phys:0x186d763000, pfn:0x186d763, nid:1, npages:1]
          cg.C.x-2882  [031]     1.036460: (+1)     bprint:               __handle_mm_fault: NUMAB MEM ACCESS process[nid:1, cpu:31, pid:2882], folio[virt:0x7fcaf91b4000, phys:0x186d320000, pfn:0x186d320, nid:1, npages:1]
          cg.C.x-2898  [063]     1.036462: (+2)     bprint:               __handle_mm_fault: NUMAB MEM ACCESS process[nid:1, cpu:63, pid:2898], folio[virt:0x7fcaf91fd000, phys:0x1857087000, pfn:0x1857087, nid:1, npages:1]
          cg.C.x-2896  [059]     1.036463: (+1)     bprint:               __handle_mm_fault: NUMAB MEM ACCESS process[nid:1, cpu:59, pid:2896], folio[virt:0x7fcaf91f4000, phys:0x186d0da000, pfn:0x186d0da, nid:1, npages:1]
          cg.C.x-2875  [017]     1.036464: (+1)     bprint:               __handle_mm_fault: NUMAB MEM ACCESS process[nid:1, cpu:17, pid:2875], folio[virt:0x7fcaf9194000, phys:0x1855f42000, pfn:0x1855f42, nid:1, npages:1]
          cg.C.x-2844  [018]     1.036465: (+1)     bprint:               __handle_mm_fault: NUMAB MEM ACCESS process[nid:0, cpu:18, pid:2844], folio[virt:0x7fcaf9106000, phys:0x13a135000, pfn:0x13a135, nid:0, npages:1]
          cg.C.x-2890  [047]     1.036467: (+2)     bprint:               __handle_mm_fault: NUMAB MEM ACCESS process[nid:1, cpu:47, pid:2890], folio[virt:0x7fcaf91d8000, phys:0x303f321000, pfn:0x303f321, nid:1, npages:1]
          cg.C.x-2888  [043]     1.036468: (+1)     bprint:               __handle_mm_fault: NUMAB MEM ACCESS process[nid:1, cpu:43, pid:2888], folio[virt:0x7fcaf91cf000, phys:0x185f609000, pfn:0x185f609, nid:1, npages:1]
          cg.C.x-2837  [004]     1.036469: (+1)     bprint:               __handle_mm_fault: NUMAB MEM ACCESS process[nid:0, cpu:4, pid:2837], folio[virt:0x7fcaf90e6000, phys:0x12042f000, pfn:0x12042f, nid:0, npages:1]
          cg.C.x-2863  [056]     1.036470: (+1)     bprint:               __handle_mm_fault: NUMAB MEM ACCESS process[nid:0, cpu:56, pid:2863], folio[virt:0x7fcaf915d000, phys:0x3780c6000, pfn:0x3780c6, nid:0, npages:1]
          cg.C.x-2860  [050]     1.036472: (+2)     bprint:               __handle_mm_fault: NUMAB MEM ACCESS process[nid:0, cpu:50, pid:2860], folio[virt:0x7fcaf914f000, phys:0x11063f000, pfn:0x11063f, nid:0, npages:1]
          cg.C.x-2869  [005]     1.036473: (+1)     bprint:               __handle_mm_fault: NUMAB MEM ACCESS process[nid:1, cpu:5, pid:2869], folio[virt:0x7fcaf9178000, phys:0x186cc63000, pfn:0x186cc63, nid:1, npages:1]
          cg.C.x-2889  [045]     1.036474: (+1)     bprint:               __handle_mm_fault: NUMAB MEM ACCESS process[nid:1, cpu:45, pid:2889], folio[virt:0x7fcaf91d4000, phys:0x185e709000, pfn:0x185e709, nid:1, npages:1]
          cg.C.x-2893  [053]     1.036475: (+1)     bprint:               __handle_mm_fault: NUMAB MEM ACCESS process[nid:1, cpu:53, pid:2893], folio[virt:0x7fcaf91e6000, phys:0x186e485000, pfn:0x186e485, nid:1, npages:1]
          cg.C.x-2877  [021]     1.036477: (+2)     bprint:               __handle_mm_fault: NUMAB MEM ACCESS process[nid:1, cpu:21, pid:2877], folio[virt:0x7fcaf919d000, phys:0x186cc4b000, pfn:0x186cc4b, nid:1, npages:1]
          cg.C.x-2873  [013]     1.036478: (+1)     bprint:               __handle_mm_fault: NUMAB MEM ACCESS process[nid:1, cpu:13, pid:2873], folio[virt:0x7fcaf918a000, phys:0x185eb71000, pfn:0x185eb71, nid:1, npages:1]
          cg.C.x-2840  [010]     1.036479: (+1)     bprint:               __handle_mm_fault: NUMAB MEM ACCESS process[nid:0, cpu:10, pid:2840], folio[virt:0x7fcaf90f3000, phys:0x121404000, pfn:0x121404, nid:0, npages:1]
          cg.C.x-2854  [038]     1.036480: (+1)     bprint:               __handle_mm_fault: NUMAB MEM ACCESS process[nid:0, cpu:38, pid:2854], folio[virt:0x7fcaf9133000, phys:0x1109d6000, pfn:0x1109d6, nid:0, npages:1]
          cg.C.x-2874  [015]     1.036481: (+1)     bprint:               __handle_mm_fault: NUMAB MEM ACCESS process[nid:1, cpu:15, pid:2874], folio[virt:0x7fcaf918f000, phys:0x185749f000, pfn:0x185749f, nid:1, npages:1]
          cg.C.x-2885  [037]     1.036482: (+1)     bprint:               __handle_mm_fault: NUMAB MEM ACCESS process[nid:1, cpu:37, pid:2885], folio[virt:0x7fcaf91c1000, phys:0x186cd70000, pfn:0x186cd70, nid:1, npages:1]
          cg.C.x-2891  [049]     1.036484: (+2)     bprint:               __handle_mm_fault: NUMAB MEM ACCESS process[nid:1, cpu:49, pid:2891], folio[virt:0x7fcaf91dd000, phys:0x1866b85000, pfn:0x1866b85, nid:1, npages:1]
          cg.C.x-2895  [057]     1.036485: (+1)     bprint:               __handle_mm_fault: NUMAB MEM ACCESS process[nid:1, cpu:57, pid:2895], folio[virt:0x7fcaf91ef000, phys:0x18578e6000, pfn:0x18578e6, nid:1, npages:1]
          cg.C.x-2879  [025]     1.036486: (+1)     bprint:               __handle_mm_fault: NUMAB MEM ACCESS process[nid:1, cpu:25, pid:2879], folio[virt:0x7fcaf91a6000, phys:0x186c52b000, pfn:0x186c52b, nid:1, npages:1]
          cg.C.x-2850  [030]     1.036487: (+1)     bprint:               __handle_mm_fault: NUMAB MEM ACCESS process[nid:0, cpu:30, pid:2850], folio[virt:0x7fcaf9121000, phys:0x121723000, pfn:0x121723, nid:0, npages:1]
          cg.C.x-2861  [052]     1.036488: (+1)     bprint:               __handle_mm_fault: NUMAB MEM ACCESS process[nid:0, cpu:52, pid:2861], folio[virt:0x7fcaf9154000, phys:0x13a74d000, pfn:0x13a74d, nid:0, npages:1]
          cg.C.x-2853  [036]     1.036489: (+1)     bprint:               __handle_mm_fault: NUMAB MEM ACCESS process[nid:0, cpu:36, pid:2853], folio[virt:0x7fcaf912f000, phys:0x12048d000, pfn:0x12048d, nid:0, npages:1]
          cg.C.x-2856  [042]     1.036490: (+1)     bprint:               __handle_mm_fault: NUMAB MEM ACCESS process[nid:0, cpu:42, pid:2856], folio[virt:0x7fcaf913d000, phys:0x123193000, pfn:0x123193, nid:0, npages:1]
          cg.C.x-2865  [060]     1.036491: (+1)     bprint:               __handle_mm_fault: NUMAB MEM ACCESS process[nid:0, cpu:60, pid:2865], folio[virt:0x7fcaf9166000, phys:0x12276f000, pfn:0x12276f, nid:0, npages:1]
          cg.C.x-2849  [028]     1.036493: (+2)     bprint:               __handle_mm_fault: NUMAB MEM ACCESS process[nid:0, cpu:28, pid:2849], folio[virt:0x7fcaf911d000, phys:0x10fe67000, pfn:0x10fe67, nid:0, npages:1]
          cg.C.x-2857  [044]     1.036494: (+1)     bprint:               __handle_mm_fault: NUMAB MEM ACCESS process[nid:0, cpu:44, pid:2857], folio[virt:0x7fcaf9141000, phys:0x1231ca000, pfn:0x1231ca, nid:0, npages:1]
          cg.C.x-2841  [012]     1.036495: (+1)     bprint:               __handle_mm_fault: NUMAB MEM ACCESS process[nid:0, cpu:12, pid:2841], folio[virt:0x7fcaf90f8000, phys:0x139778000, pfn:0x139778, nid:0, npages:1]
          cg.C.x-2864  [058]     1.036496: (+1)     bprint:               __handle_mm_fault: NUMAB MEM ACCESS process[nid:0, cpu:58, pid:2864], folio[virt:0x7fcaf9161000, phys:0x153a50000, pfn:0x153a50, nid:0, npages:1]
          cg.C.x-2848  [026]     1.036497: (+1)     bprint:               __handle_mm_fault: NUMAB MEM ACCESS process[nid:0, cpu:26, pid:2848], folio[virt:0x7fcaf9118000, phys:0x116316000, pfn:0x116316, nid:0, npages:1]
          cg.C.x-2843  [016]     1.036498: (+1)     bprint:               __handle_mm_fault: NUMAB MEM ACCESS process[nid:0, cpu:16, pid:2843], folio[virt:0x7fcaf9101000, phys:0x13a826000, pfn:0x13a826, nid:0, npages:1]
          cg.C.x-2859  [048]     1.036500: (+2)     bprint:               __handle_mm_fault: NUMAB MEM ACCESS process[nid:0, cpu:48, pid:2859], folio[virt:0x7fcaf914a000, phys:0x11099a000, pfn:0x11099a, nid:0, npages:1]
          cg.C.x-2839  [008]     1.036501: (+1)     bprint:               __handle_mm_fault: NUMAB MEM ACCESS process[nid:0, cpu:8, pid:2839], folio[virt:0x7fcaf90f0000, phys:0x123284000, pfn:0x123284, nid:0, npages:1]
          cg.C.x-2866  [062]     1.036502: (+1)     bprint:               __handle_mm_fault: NUMAB MEM ACCESS process[nid:0, cpu:62, pid:2866], folio[virt:0x7fcaf916a000, phys:0x113d65000, pfn:0x113d65, nid:0, npages:1]
          cg.C.x-2836  [002]     1.036503: (+1)     bprint:               __handle_mm_fault: NUMAB MEM ACCESS process[nid:0, cpu:2, pid:2836], folio[virt:0x7fcaf90e1000, phys:0x12067a000, pfn:0x12067a, nid:0, npages:1]
          cg.C.x-2852  [034]     1.036504: (+1)     bprint:               __handle_mm_fault: NUMAB MEM ACCESS process[nid:0, cpu:34, pid:2852], folio[virt:0x7fcaf912a000, phys:0x13b2f4000, pfn:0x13b2f4, nid:0, npages:1]
          cg.C.x-2855  [040]     1.036505: (+1)     bprint:               __handle_mm_fault: NUMAB MEM ACCESS process[nid:0, cpu:40, pid:2855], folio[virt:0x7fcaf9139000, phys:0x1133ef000, pfn:0x1133ef, nid:0, npages:1]
          cg.C.x-2835  [000]     1.036506: (+1)     bprint:               __handle_mm_fault: NUMAB MEM ACCESS process[nid:0, cpu:0, pid:2835], folio[virt:0x7fcaf90dd000, phys:0x153b4d000, pfn:0x153b4d, nid:0, npages:1]
          cg.C.x-2851  [032]     1.036507: (+1)     bprint:               __handle_mm_fault: NUMAB MEM ACCESS process[nid:0, cpu:32, pid:2851], folio[virt:0x7fcaf9126000, phys:0x110a9c000, pfn:0x110a9c, nid:0, npages:1]
          cg.C.x-2847  [024]     1.036508: (+1)     bprint:               __handle_mm_fault: NUMAB MEM ACCESS process[nid:0, cpu:24, pid:2847], folio[virt:0x7fcaf9114000, phys:0x13a9d7000, pfn:0x13a9d7, nid:0, npages:1]
          cg.C.x-2862  [054]     1.036509: (+1)     bprint:               __handle_mm_fault: NUMAB MEM ACCESS process[nid:0, cpu:54, pid:2862], folio[virt:0x7fcaf9159000, phys:0x139199000, pfn:0x139199, nid:0, npages:1]
          cg.C.x-2870  [007]     1.036510: (+1)     bprint:               __handle_mm_fault: NUMAB MEM ACCESS process[nid:1, cpu:7, pid:2870], folio[virt:0x7fcaf917e000, phys:0x18682c8000, pfn:0x18682c8, nid:1, npages:1]
          cg.C.x-2886  [039]     1.036512: (+2)     bprint:               __handle_mm_fault: NUMAB MEM ACCESS process[nid:1, cpu:39, pid:2886], folio[virt:0x7fcaf91c7000, phys:0x1867614000, pfn:0x1867614, nid:1, npages:1]
          cg.C.x-2846  [022]     1.036513: (+1)     bprint:               __handle_mm_fault: NUMAB MEM ACCESS process[nid:0, cpu:22, pid:2846], folio[virt:0x7fcaf9110000, phys:0x13ac3e000, pfn:0x13ac3e, nid:0, npages:1]
          cg.C.x-2842  [014]     1.036514: (+1)     bprint:               __handle_mm_fault: NUMAB MEM ACCESS process[nid:0, cpu:14, pid:2842], folio[virt:0x7fcaf90fe000, phys:0x1393d7000, pfn:0x1393d7, nid:0, npages:1]
          cg.C.x-2868  [003]     1.036515: (+1)     bprint:               __handle_mm_fault: NUMAB MEM ACCESS process[nid:1, cpu:3, pid:2868], folio[virt:0x7fcaf9175000, phys:0x1858f30000, pfn:0x1858f30, nid:1, npages:1]
          cg.C.x-2892  [051]     1.036516: (+1)     bprint:               __handle_mm_fault: NUMAB MEM ACCESS process[nid:1, cpu:51, pid:2892], folio[virt:0x7fcaf91e2000, phys:0x186cda8000, pfn:0x186cda8, nid:1, npages:1]
          cg.C.x-2883  [033]     1.036517: (+1)     bprint:               __handle_mm_fault: NUMAB MEM ACCESS process[nid:1, cpu:33, pid:2883], folio[virt:0x7fcaf91b9000, phys:0x1855806000, pfn:0x1855806, nid:1, npages:1]
          cg.C.x-2884  [035]     1.036518: (+1)     bprint:               __handle_mm_fault: NUMAB MEM ACCESS process[nid:1, cpu:35, pid:2884], folio[virt:0x7fcaf91be000, phys:0x186de3f000, pfn:0x186de3f, nid:1, npages:1]
          cg.C.x-2897  [061]     1.036519: (+1)     bprint:               __handle_mm_fault: NUMAB MEM ACCESS process[nid:1, cpu:61, pid:2897], folio[virt:0x7fcaf91f9000, phys:0x185e81d000, pfn:0x185e81d, nid:1, npages:1]
          cg.C.x-2838  [006]     1.036520: (+1)     bprint:               __handle_mm_fault: NUMAB MEM ACCESS process[nid:0, cpu:6, pid:2838], folio[virt:0x7fcaf90eb000, phys:0x112321000, pfn:0x112321, nid:0, npages:1]
          cg.C.x-2878  [023]     1.036521: (+1)     bprint:               __handle_mm_fault: NUMAB MEM ACCESS process[nid:1, cpu:23, pid:2878], folio[virt:0x7fcaf91a2000, phys:0x186ec74000, pfn:0x186ec74, nid:1, npages:1]
          cg.C.x-2881  [029]     1.036522: (+1)     bprint:               __handle_mm_fault: NUMAB MEM ACCESS process[nid:1, cpu:29, pid:2881], folio[virt:0x7fcaf91b0000, phys:0x1857a91000, pfn:0x1857a91, nid:1, npages:1]
          cg.C.x-2845  [020]     1.036523: (+1)     bprint:               __handle_mm_fault: NUMAB MEM ACCESS process[nid:0, cpu:20, pid:2845], folio[virt:0x7fcaf910b000, phys:0x15365e000, pfn:0x15365e, nid:0, npages:1]
          cg.C.x-2880  [027]     1.036524: (+1)     bprint:               __handle_mm_fault: NUMAB MEM ACCESS process[nid:1, cpu:27, pid:2880], folio[virt:0x7fcaf91ac000, phys:0x1866b1c000, pfn:0x1866b1c, nid:1, npages:1]
          cg.C.x-2894  [055]     1.036526: (+2)     bprint:               __handle_mm_fault: NUMAB MEM ACCESS process[nid:1, cpu:55, pid:2894], folio[virt:0x7fcaf91ec000, phys:0x186cc3b000, pfn:0x186cc3b, nid:1, npages:1]
          cg.C.x-2858  [046]     1.036527: (+1)     bprint:               __handle_mm_fault: NUMAB MEM ACCESS process[nid:0, cpu:46, pid:2858], folio[virt:0x7fcaf9147000, phys:0x112f07000, pfn:0x112f07, nid:0, npages:1]
          cg.C.x-2872  [011]     1.036528: (+1)     bprint:               __handle_mm_fault: NUMAB MEM ACCESS process[nid:1, cpu:11, pid:2872], folio[virt:0x7fcaf9187000, phys:0x186ca73000, pfn:0x186ca73, nid:1, npages:1]
          cg.C.x-2876  [019]     1.036529: (+1)     bprint:               __handle_mm_fault: NUMAB MEM ACCESS process[nid:1, cpu:19, pid:2876], folio[virt:0x7fcaf9199000, phys:0x1858df1000, pfn:0x1858df1, nid:1, npages:1]
          cg.C.x-2871  [009]     1.036530: (+1)     bprint:               __handle_mm_fault: NUMAB MEM ACCESS process[nid:1, cpu:9, pid:2871], folio[virt:0x7fcaf9182000, phys:0x185e448000, pfn:0x185e448, nid:1, npages:1]
          cg.C.x-2887  [041]     1.036532: (+2)     bprint:               __handle_mm_fault: NUMAB MEM ACCESS process[nid:1, cpu:41, pid:2887], folio[virt:0x7fcaf91cc000, phys:0x185eb97000, pfn:0x185eb97, nid:1, npages:1]
          cg.C.x-2882  [031]     1.036533: (+1)     bprint:               __handle_mm_fault: NUMAB MEM ACCESS process[nid:1, cpu:31, pid:2882], folio[virt:0x7fcaf91b5000, phys:0x186d321000, pfn:0x186d321, nid:1, npages:1]
          cg.C.x-2898  [063]     1.036534: (+1)     bprint:               __handle_mm_fault: NUMAB MEM ACCESS process[nid:1, cpu:63, pid:2898], folio[virt:0x7fcaf91fe000, phys:0x303f0d0000, pfn:0x303f0d0, nid:1, npages:1]
          cg.C.x-2896  [059]     1.036535: (+1)     bprint:               __handle_mm_fault: NUMAB MEM ACCESS process[nid:1, cpu:59, pid:2896], folio[virt:0x7fcaf91f5000, phys:0x186d0db000, pfn:0x186d0db, nid:1, npages:1]
          cg.C.x-2875  [017]     1.036536: (+1)     bprint:               __handle_mm_fault: NUMAB MEM ACCESS process[nid:1, cpu:17, pid:2875], folio[virt:0x7fcaf9195000, phys:0x185dd7a000, pfn:0x185dd7a, nid:1, npages:1]
          cg.C.x-2844  [018]     1.036537: (+1)     bprint:               __handle_mm_fault: NUMAB MEM ACCESS process[nid:0, cpu:18, pid:2844], folio[virt:0x7fcaf9107000, phys:0x150449000, pfn:0x150449, nid:0, npages:1]
          cg.C.x-2890  [047]     1.036539: (+2)     bprint:               __handle_mm_fault: NUMAB MEM ACCESS process[nid:1, cpu:47, pid:2890], folio[virt:0x7fcaf91d9000, phys:0x1855f58000, pfn:0x1855f58, nid:1, npages:1]
          cg.C.x-2888  [043]     1.036540: (+1)     bprint:               __handle_mm_fault: NUMAB MEM ACCESS process[nid:1, cpu:43, pid:2888], folio[virt:0x7fcaf91d0000, phys:0x186c7ad000, pfn:0x186c7ad, nid:1, npages:1]
          cg.C.x-2837  [004]     1.036541: (+1)     bprint:               __handle_mm_fault: NUMAB MEM ACCESS process[nid:0, cpu:4, pid:2837], folio[virt:0x7fcaf90e7000, phys:0x114580000, pfn:0x114580, nid:0, npages:1]
          cg.C.x-2863  [056]     1.036542: (+1)     bprint:               __handle_mm_fault: NUMAB MEM ACCESS process[nid:0, cpu:56, pid:2863], folio[virt:0x7fcaf915e000, phys:0x3780c7000, pfn:0x3780c7, nid:0, npages:1]
          cg.C.x-2860  [050]     1.036544: (+2)     bprint:               __handle_mm_fault: NUMAB MEM ACCESS process[nid:0, cpu:50, pid:2860], folio[virt:0x7fcaf9150000, phys:0x13a1db000, pfn:0x13a1db, nid:0, npages:1]
          cg.C.x-2867  [001]     1.036544: (+0)     bprint:               __handle_mm_fault: NUMAB COMPLETED MEM MIGR process[nid:1, cpu:1, pid:2867], old[phys:0x1122df000, nid:0, npages:1], new[phys:0x186774e000, nid:1, npages:1]
          cg.C.x-2869  [005]     1.036545: (+1)     bprint:               __handle_mm_fault: NUMAB MEM ACCESS process[nid:1, cpu:5, pid:2869], folio[virt:0x7fcaf9179000, phys:0x186cc5b000, pfn:0x186cc5b, nid:1, npages:1]
          cg.C.x-2889  [045]     1.036546: (+1)     bprint:               __handle_mm_fault: NUMAB MEM ACCESS process[nid:1, cpu:45, pid:2889], folio[virt:0x7fcaf91d5000, phys:0x185768e000, pfn:0x185768e, nid:1, npages:1]
          cg.C.x-2893  [053]     1.036547: (+1)     bprint:               __handle_mm_fault: NUMAB MEM ACCESS process[nid:1, cpu:53, pid:2893], folio[virt:0x7fcaf91e7000, phys:0x186e486000, pfn:0x186e486, nid:1, npages:1]
          cg.C.x-2877  [021]     1.036548: (+1)     bprint:               __handle_mm_fault: NUMAB MEM ACCESS process[nid:1, cpu:21, pid:2877], folio[virt:0x7fcaf919e000, phys:0x186cd4b000, pfn:0x186cd4b, nid:1, npages:1]
          cg.C.x-2873  [013]     1.036549: (+1)     bprint:               __handle_mm_fault: NUMAB MEM ACCESS process[nid:1, cpu:13, pid:2873], folio[virt:0x7fcaf918b000, phys:0x185e39c000, pfn:0x185e39c, nid:1, npages:1]
          cg.C.x-2840  [010]     1.036551: (+2)     bprint:               __handle_mm_fault: NUMAB MEM ACCESS process[nid:0, cpu:10, pid:2840], folio[virt:0x7fcaf90f4000, phys:0x1216fb000, pfn:0x1216fb, nid:0, npages:1]
          cg.C.x-2854  [038]     1.036552: (+1)     bprint:               __handle_mm_fault: NUMAB MEM ACCESS process[nid:0, cpu:38, pid:2854], folio[virt:0x7fcaf9134000, phys:0x12075f000, pfn:0x12075f, nid:0, npages:1]
          cg.C.x-2874  [015]     1.036553: (+1)     bprint:               __handle_mm_fault: NUMAB MEM ACCESS process[nid:1, cpu:15, pid:2874], folio[virt:0x7fcaf9190000, phys:0x186c683000, pfn:0x186c683, nid:1, npages:1]
          cg.C.x-2885  [037]     1.036554: (+1)     bprint:               __handle_mm_fault: NUMAB MEM ACCESS process[nid:1, cpu:37, pid:2885], folio[virt:0x7fcaf91c2000, phys:0x185dedb000, pfn:0x185dedb, nid:1, npages:1]
          cg.C.x-2891  [049]     1.036555: (+1)     bprint:               __handle_mm_fault: NUMAB MEM ACCESS process[nid:1, cpu:49, pid:2891], folio[virt:0x7fcaf91de000, phys:0x1867320000, pfn:0x1867320, nid:1, npages:1]
          cg.C.x-2895  [057]     1.036556: (+1)     bprint:               __handle_mm_fault: NUMAB MEM ACCESS process[nid:1, cpu:57, pid:2895], folio[virt:0x7fcaf91f0000, phys:0x18578e7000, pfn:0x18578e7, nid:1, npages:1]
          cg.C.x-2879  [025]     1.036557: (+1)     bprint:               __handle_mm_fault: NUMAB MEM ACCESS process[nid:1, cpu:25, pid:2879], folio[virt:0x7fcaf91a7000, phys:0x1857a11000, pfn:0x1857a11, nid:1, npages:1]
          cg.C.x-2850  [030]     1.036559: (+2)     bprint:               __handle_mm_fault: NUMAB MEM ACCESS process[nid:0, cpu:30, pid:2850], folio[virt:0x7fcaf9122000, phys:0x12174b000, pfn:0x12174b, nid:0, npages:1]
          cg.C.x-2861  [052]     1.036560: (+1)     bprint:               __handle_mm_fault: NUMAB MEM ACCESS process[nid:0, cpu:52, pid:2861], folio[virt:0x7fcaf9155000, phys:0x150112000, pfn:0x150112, nid:0, npages:1]
          cg.C.x-2853  [036]     1.036561: (+1)     bprint:               __handle_mm_fault: NUMAB MEM ACCESS process[nid:0, cpu:36, pid:2853], folio[virt:0x7fcaf9130000, phys:0x139489000, pfn:0x139489, nid:0, npages:1]
          cg.C.x-2856  [042]     1.036562: (+1)     bprint:               __handle_mm_fault: NUMAB MEM ACCESS process[nid:0, cpu:42, pid:2856], folio[virt:0x7fcaf913e000, phys:0x13a93c000, pfn:0x13a93c, nid:0, npages:1]
          cg.C.x-2865  [060]     1.036563: (+1)     bprint:               __handle_mm_fault: NUMAB MEM ACCESS process[nid:0, cpu:60, pid:2865], folio[virt:0x7fcaf9167000, phys:0x139173000, pfn:0x139173, nid:0, npages:1]
          cg.C.x-2849  [028]     1.036564: (+1)     bprint:               __handle_mm_fault: NUMAB MEM ACCESS process[nid:0, cpu:28, pid:2849], folio[virt:0x7fcaf911e000, phys:0x150768000, pfn:0x150768, nid:0, npages:1]
          cg.C.x-2857  [044]     1.036565: (+1)     bprint:               __handle_mm_fault: NUMAB MEM ACCESS process[nid:0, cpu:44, pid:2857], folio[virt:0x7fcaf9142000, phys:0x10fe0e000, pfn:0x10fe0e, nid:0, npages:1]
          cg.C.x-2841  [012]     1.036566: (+1)     bprint:               __handle_mm_fault: NUMAB MEM ACCESS process[nid:0, cpu:12, pid:2841], folio[virt:0x7fcaf90f9000, phys:0x13d0e1000, pfn:0x13d0e1, nid:0, npages:1]
          cg.C.x-2864  [058]     1.036567: (+1)     bprint:               __handle_mm_fault: NUMAB MEM ACCESS process[nid:0, cpu:58, pid:2864], folio[virt:0x7fcaf9162000, phys:0x153a51000, pfn:0x153a51, nid:0, npages:1]
          cg.C.x-2848  [026]     1.036569: (+2)     bprint:               __handle_mm_fault: NUMAB MEM ACCESS process[nid:0, cpu:26, pid:2848], folio[virt:0x7fcaf9119000, phys:0x121f4b000, pfn:0x121f4b, nid:0, npages:1]
          cg.C.x-2843  [016]     1.036570: (+1)     bprint:               __handle_mm_fault: NUMAB MEM ACCESS process[nid:0, cpu:16, pid:2843], folio[virt:0x7fcaf9102000, phys:0x110819000, pfn:0x110819, nid:0, npages:1]
          cg.C.x-2859  [048]     1.036571: (+1)     bprint:               __handle_mm_fault: NUMAB MEM ACCESS process[nid:0, cpu:48, pid:2859], folio[virt:0x7fcaf914b000, phys:0x1107c6000, pfn:0x1107c6, nid:0, npages:1]
          cg.C.x-2866  [062]     1.036572: (+1)     bprint:               __handle_mm_fault: NUMAB MEM ACCESS process[nid:0, cpu:62, pid:2866], folio[virt:0x7fcaf916b000, phys:0x13a1df000, pfn:0x13a1df, nid:0, npages:1]
          cg.C.x-2836  [002]     1.036573: (+1)     bprint:               __handle_mm_fault: NUMAB MEM ACCESS process[nid:0, cpu:2, pid:2836], folio[virt:0x7fcaf90e2000, phys:0x113e2a000, pfn:0x113e2a, nid:0, npages:1]
          cg.C.x-2852  [034]     1.036574: (+1)     bprint:               __handle_mm_fault: NUMAB MEM ACCESS process[nid:0, cpu:34, pid:2852], folio[virt:0x7fcaf912b000, phys:0x13abd3000, pfn:0x13abd3, nid:0, npages:1]
          cg.C.x-2855  [040]     1.036575: (+1)     bprint:               __handle_mm_fault: NUMAB MEM ACCESS process[nid:0, cpu:40, pid:2855], folio[virt:0x7fcaf913a000, phys:0x1535a1000, pfn:0x1535a1, nid:0, npages:1]
          cg.C.x-2835  [000]     1.036576: (+1)     bprint:               __handle_mm_fault: NUMAB MEM ACCESS process[nid:0, cpu:0, pid:2835], folio[virt:0x7fcaf90de000, phys:0x13a9d5000, pfn:0x13a9d5, nid:0, npages:1]
          cg.C.x-2851  [032]     1.036578: (+2)     bprint:               __handle_mm_fault: NUMAB MEM ACCESS process[nid:0, cpu:32, pid:2851], folio[virt:0x7fcaf9127000, phys:0x123404000, pfn:0x123404, nid:0, npages:1]
          cg.C.x-2847  [024]     1.036579: (+1)     bprint:               __handle_mm_fault: NUMAB MEM ACCESS process[nid:0, cpu:24, pid:2847], folio[virt:0x7fcaf9115000, phys:0x110925000, pfn:0x110925, nid:0, npages:1]
          cg.C.x-2862  [054]     1.036580: (+1)     bprint:               __handle_mm_fault: NUMAB MEM ACCESS process[nid:0, cpu:54, pid:2862], folio[virt:0x7fcaf915a000, phys:0x13d0ee000, pfn:0x13d0ee, nid:0, npages:1]
          cg.C.x-2886  [039]     1.036581: (+1)     bprint:               __handle_mm_fault: NUMAB MEM ACCESS process[nid:1, cpu:39, pid:2886], folio[virt:0x7fcaf91c8000, phys:0x1867611000, pfn:0x1867611, nid:1, npages:1]
          cg.C.x-2892  [051]     1.036582: (+1)     bprint:               __handle_mm_fault: NUMAB MEM ACCESS process[nid:1, cpu:51, pid:2892], folio[virt:0x7fcaf91e3000, phys:0x186cda9000, pfn:0x186cda9, nid:1, npages:1]
          cg.C.x-2883  [033]     1.036583: (+1)     bprint:               __handle_mm_fault: NUMAB MEM ACCESS process[nid:1, cpu:33, pid:2883], folio[virt:0x7fcaf91ba000, phys:0x1855807000, pfn:0x1855807, nid:1, npages:1]
          cg.C.x-2897  [061]     1.036584: (+1)     bprint:               __handle_mm_fault: NUMAB MEM ACCESS process[nid:1, cpu:61, pid:2897], folio[virt:0x7fcaf91fa000, phys:0x185e644000, pfn:0x185e644, nid:1, npages:1]
          cg.C.x-2838  [006]     1.036585: (+1)     bprint:               __handle_mm_fault: NUMAB MEM ACCESS process[nid:0, cpu:6, pid:2838], folio[virt:0x7fcaf90ec000, phys:0x1108c4000, pfn:0x1108c4, nid:0, npages:1]
          cg.C.x-2878  [023]     1.036586: (+1)     bprint:               __handle_mm_fault: NUMAB MEM ACCESS process[nid:1, cpu:23, pid:2878], folio[virt:0x7fcaf91a3000, phys:0x186ec75000, pfn:0x186ec75, nid:1, npages:1]
          cg.C.x-2881  [029]     1.036587: (+1)     bprint:               __handle_mm_fault: NUMAB MEM ACCESS process[nid:1, cpu:29, pid:2881], folio[virt:0x7fcaf91b1000, phys:0x185ea47000, pfn:0x185ea47, nid:1, npages:1]
          cg.C.x-2845  [020]     1.036588: (+1)     bprint:               __handle_mm_fault: NUMAB MEM ACCESS process[nid:0, cpu:20, pid:2845], folio[virt:0x7fcaf910c000, phys:0x1391a4000, pfn:0x1391a4, nid:0, npages:1]
          cg.C.x-2876  [019]     1.036590: (+2)     bprint:               __handle_mm_fault: NUMAB MEM ACCESS process[nid:1, cpu:19, pid:2876], folio[virt:0x7fcaf919a000, phys:0x18649ea000, pfn:0x18649ea, nid:1, npages:1]
          cg.C.x-2871  [009]     1.036591: (+1)     bprint:               __handle_mm_fault: NUMAB MEM ACCESS process[nid:1, cpu:9, pid:2871], folio[virt:0x7fcaf9183000, phys:0x185e449000, pfn:0x185e449, nid:1, npages:1]
          cg.C.x-2898  [063]     1.036592: (+1)     bprint:               __handle_mm_fault: NUMAB MEM ACCESS process[nid:1, cpu:63, pid:2898], folio[virt:0x7fcaf91ff000, phys:0x303f0d1000, pfn:0x303f0d1, nid:1, npages:1]
          cg.C.x-2890  [047]     1.036593: (+1)     bprint:               __handle_mm_fault: NUMAB MEM ACCESS process[nid:1, cpu:47, pid:2890], folio[virt:0x7fcaf91da000, phys:0x185eacf000, pfn:0x185eacf, nid:1, npages:1]
          cg.C.x-2888  [043]     1.036594: (+1)     bprint:               __handle_mm_fault: NUMAB MEM ACCESS process[nid:1, cpu:43, pid:2888], folio[virt:0x7fcaf91d1000, phys:0x185e7ee000, pfn:0x185e7ee, nid:1, npages:1]
          cg.C.x-2867  [001]     1.036595: (+1)     bprint:               __handle_mm_fault: NUMAB MEM ACCESS process[nid:1, cpu:1, pid:2867], folio[virt:0x7fcaf916e000, phys:0x18677bb000, pfn:0x18677bb, nid:1, npages:1]
          cg.C.x-2860  [050]     1.036596: (+1)     bprint:               __handle_mm_fault: NUMAB MEM ACCESS process[nid:0, cpu:50, pid:2860], folio[virt:0x7fcaf9151000, phys:0x139fd8000, pfn:0x139fd8, nid:0, npages:1]
          cg.C.x-2869  [005]     1.036597: (+1)     bprint:               __handle_mm_fault: NUMAB MEM ACCESS process[nid:1, cpu:5, pid:2869], folio[virt:0x7fcaf917a000, phys:0x18572b0000, pfn:0x18572b0, nid:1, npages:1]
          cg.C.x-2893  [053]     1.036598: (+1)     bprint:               __handle_mm_fault: NUMAB MEM ACCESS process[nid:1, cpu:53, pid:2893], folio[virt:0x7fcaf91e8000, phys:0x186e487000, pfn:0x186e487, nid:1, npages:1]
          cg.C.x-2873  [013]     1.036599: (+1)     bprint:               __handle_mm_fault: NUMAB MEM ACCESS process[nid:1, cpu:13, pid:2873], folio[virt:0x7fcaf918c000, phys:0x185eb7a000, pfn:0x185eb7a, nid:1, npages:1]
          cg.C.x-2840  [010]     1.036600: (+1)     bprint:               __handle_mm_fault: NUMAB MEM ACCESS process[nid:0, cpu:10, pid:2840], folio[virt:0x7fcaf90f5000, phys:0x1216fa000, pfn:0x1216fa, nid:0, npages:1]
          cg.C.x-2854  [038]     1.036601: (+1)     bprint:               __handle_mm_fault: NUMAB MEM ACCESS process[nid:0, cpu:38, pid:2854], folio[virt:0x7fcaf9135000, phys:0x37813c000, pfn:0x37813c, nid:0, npages:1]
          cg.C.x-2874  [015]     1.036602: (+1)     bprint:               __handle_mm_fault: NUMAB MEM ACCESS process[nid:1, cpu:15, pid:2874], folio[virt:0x7fcaf9191000, phys:0x18573ef000, pfn:0x18573ef, nid:1, npages:1]
          cg.C.x-2885  [037]     1.036603: (+1)     bprint:               __handle_mm_fault: NUMAB MEM ACCESS process[nid:1, cpu:37, pid:2885], folio[virt:0x7fcaf91c3000, phys:0x185e3cb000, pfn:0x185e3cb, nid:1, npages:1]
          cg.C.x-2895  [057]     1.036604: (+1)     bprint:               __handle_mm_fault: NUMAB MEM ACCESS process[nid:1, cpu:57, pid:2895], folio[virt:0x7fcaf91f1000, phys:0x186cdbc000, pfn:0x186cdbc, nid:1, npages:1]
          cg.C.x-2879  [025]     1.036606: (+2)     bprint:               __handle_mm_fault: NUMAB MEM ACCESS process[nid:1, cpu:25, pid:2879], folio[virt:0x7fcaf91a8000, phys:0x185e242000, pfn:0x185e242, nid:1, npages:1]
          cg.C.x-2850  [030]     1.036607: (+1)     bprint:               __handle_mm_fault: NUMAB MEM ACCESS process[nid:0, cpu:30, pid:2850], folio[virt:0x7fcaf9123000, phys:0x121712000, pfn:0x121712, nid:0, npages:1]
          cg.C.x-2857  [044]     1.036608: (+1)     bprint:               __handle_mm_fault: NUMAB MEM ACCESS process[nid:0, cpu:44, pid:2857], folio[virt:0x7fcaf9143000, phys:0x139795000, pfn:0x139795, nid:0, npages:1]
          cg.C.x-2841  [012]     1.036609: (+1)     bprint:               __handle_mm_fault: NUMAB MEM ACCESS process[nid:0, cpu:12, pid:2841], folio[virt:0x7fcaf90fa000, phys:0x183ff22000, pfn:0x183ff22, nid:0, npages:1]
          cg.C.x-2864  [058]     1.036610: (+1)     bprint:               __handle_mm_fault: NUMAB MEM ACCESS process[nid:0, cpu:58, pid:2864], folio[virt:0x7fcaf9163000, phys:0x153a52000, pfn:0x153a52, nid:0, npages:1]
          cg.C.x-2848  [026]     1.036612: (+2)     bprint:               __handle_mm_fault: NUMAB MEM ACCESS process[nid:0, cpu:26, pid:2848], folio[virt:0x7fcaf911a000, phys:0x12056c000, pfn:0x12056c, nid:0, npages:1]
          cg.C.x-2843  [016]     1.036612: (+0)     bprint:               __handle_mm_fault: NUMAB MEM ACCESS process[nid:0, cpu:16, pid:2843], folio[virt:0x7fcaf9103000, phys:0x13a119000, pfn:0x13a119, nid:0, npages:1]
          cg.C.x-2859  [048]     1.036614: (+2)     bprint:               __handle_mm_fault: NUMAB MEM ACCESS process[nid:0, cpu:48, pid:2859], folio[virt:0x7fcaf914c000, phys:0x10fe24000, pfn:0x10fe24, nid:0, npages:1]
          cg.C.x-2866  [062]     1.036615: (+1)     bprint:               __handle_mm_fault: NUMAB MEM ACCESS process[nid:0, cpu:62, pid:2866], folio[virt:0x7fcaf916c000, phys:0x113792000, pfn:0x113792, nid:0, npages:1]
          cg.C.x-2836  [002]     1.036616: (+1)     bprint:               __handle_mm_fault: NUMAB MEM ACCESS process[nid:0, cpu:2, pid:2836], folio[virt:0x7fcaf90e3000, phys:0x1108f5000, pfn:0x1108f5, nid:0, npages:1]
          cg.C.x-2852  [034]     1.036617: (+1)     bprint:               __handle_mm_fault: NUMAB MEM ACCESS process[nid:0, cpu:34, pid:2852], folio[virt:0x7fcaf912c000, phys:0x121f46000, pfn:0x121f46, nid:0, npages:1]
          cg.C.x-2867  [001]     1.036619: (+2)     bprint:               __handle_mm_fault: NUMAB MEM ACCESS process[nid:1, cpu:1, pid:2867], folio[virt:0x7fcaf916f000, phys:0x1855a97000, pfn:0x1855a97, nid:1, npages:1]
          cg.C.x-2867  [001]     1.036622: (+3)     bprint:               __handle_mm_fault: NUMAB MEM ACCESS process[nid:1, cpu:1, pid:2867], folio[virt:0x7fcaf9170000, phys:0x185e473000, pfn:0x185e473, nid:1, npages:1]
          cg.C.x-2867  [001]     1.036626: (+4)     bprint:               __handle_mm_fault: NUMAB MEM ACCESS process[nid:1, cpu:1, pid:2867], folio[virt:0x7fcaf9171000, phys:0x1858dff000, pfn:0x1858dff, nid:1, npages:1]
          cg.C.x-2835  [000]     1.036748: (+122)   bprint:               __handle_mm_fault: NUMAB MEM ACCESS process[nid:0, cpu:0, pid:2835], folio[virt:0x7fcaf9cc8e60, phys:0x113755000, pfn:0x113755, nid:0, npages:1]
          cg.C.x-2835  [000]     1.036752: (+4)     bprint:               __handle_mm_fault: NUMAB MEM ACCESS process[nid:0, cpu:0, pid:2835], folio[virt:0x7fcaf9cc95b0, phys:0x13a82c000, pfn:0x13a82c, nid:0, npages:1]
          cg.C.x-2835  [000]     1.036755: (+3)     bprint:               __handle_mm_fault: NUMAB MEM ACCESS process[nid:0, cpu:0, pid:2835], folio[virt:0x7fcaf98cca30, phys:0x13ab85000, pfn:0x13ab85, nid:0, npages:1]
          cg.C.x-2835  [000]     1.036757: (+2)     bprint:               __handle_mm_fault: NUMAB MEM ACCESS process[nid:0, cpu:0, pid:2835], folio[virt:0x7fcaf98d25d8, phys:0x153b84000, pfn:0x153b84, nid:0, npages:1]
          cg.C.x-2835  [000]     1.036763: (+6)     bprint:               __handle_mm_fault: NUMAB MEM ACCESS process[nid:0, cpu:0, pid:2835], folio[virt:0x7fcaf98cb848, phys:0xae5463000, pfn:0xae5463, nid:0, npages:1]
          cg.C.x-2835  [000]     1.036772: (+9)     bprint:               __handle_mm_fault: NUMAB MEM ACCESS process[nid:0, cpu:0, pid:2835], folio[virt:0x7ffdfa5b8f80, phys:0x113da0000, pfn:0x113da0, nid:0, npages:1]
          cg.C.x-2835  [000]     1.036777: (+5)     bprint:               __handle_mm_fault: NUMAB MEM ACCESS process[nid:0, cpu:0, pid:2835], folio[virt:0x7fcaf98ca0a0, phys:0x1204f6000, pfn:0x1204f6, nid:0, npages:1]
          cg.C.x-2835  [000]     1.036781: (+4)     bprint:               __handle_mm_fault: NUMAB MEM ACCESS process[nid:0, cpu:0, pid:2835], folio[virt:0x7ffdfa5b7e28, phys:0x113dda000, pfn:0x113dda, nid:0, npages:1]
          cg.C.x-2835  [000]     1.036786: (+5)     bprint:               __handle_mm_fault: NUMAB MEM ACCESS process[nid:0, cpu:0, pid:2835], folio[virt:0x7fcaf96f728c, phys:0x11638f000, pfn:0x11638f, nid:0, npages:1]
          cg.C.x-2835  [000]     1.036792: (+6)     bprint:               __handle_mm_fault: NUMAB MEM ACCESS process[nid:0, cpu:0, pid:2835], folio[virt:0x7fcaf9ccf258, phys:0x11093f000, pfn:0x11093f, nid:0, npages:1]
          cg.C.x-2835  [000]     1.036811: (+19)    sched_waking:         comm=kworker/u129:23 pid=448 prio=120 target_cpu=032
          cg.C.x-2835  [000]     1.036813: (+2)     sched_migrate_task:   comm=kworker/u129:23 pid=448 prio=120 orig_cpu=32 dest_cpu=0
          cg.C.x-2835  [000]     1.036819: (+6)     sched_wakeup:         kworker/u129:23:448 [120] CPU:000
          cg.C.x-2835  [000]     1.036824: (+5)     sched_switch:         cg.C.x:2835 [120] R ==> kworker/u129:23:448 [120]
 kworker/u129:23-448   [000]     1.036830: (+6)     sched_waking:         comm=tmux: server pid=2003 prio=120 target_cpu=000
 kworker/u129:23-448   [000]     1.036833: (+3)     sched_wakeup:         tmux: server:2003 [120] CPU:000
 kworker/u129:23-448   [000]     1.036836: (+3)     sched_switch:         kworker/u129:23:448 [120] I ==> tmux: server:2003 [120]
    tmux: server-2003  [000]     1.036906: (+70)    sched_waking:         comm=kworker/u129:23 pid=448 prio=120 target_cpu=000
    tmux: server-2003  [000]     1.036907: (+1)     sched_wakeup:         kworker/u129:23:448 [120] CPU:000
    tmux: server-2003  [000]     1.036909: (+2)     sched_switch:         tmux: server:2003 [120] R ==> kworker/u129:23:448 [120]
 kworker/u129:23-448   [000]     1.036911: (+2)     sched_waking:         comm=sshd pid=1918 prio=120 target_cpu=034
 kworker/u129:23-448   [000]     1.036916: (+5)     sched_wakeup:         sshd:1918 [120] CPU:034
 kworker/u129:23-448   [000]     1.036918: (+2)     sched_switch:         kworker/u129:23:448 [120] I ==> tmux: server:2003 [120]
          cg.C.x-2852  [034]     1.036920: (+2)     sched_switch:         cg.C.x:2852 [120] R ==> sshd:1918 [120]
    tmux: server-2003  [000]     1.036925: (+5)     sched_switch:         tmux: server:2003 [120] S ==> cg.C.x:2835 [120]
          cg.C.x-2835  [000]     1.036926: (+1)     sched_waking:         comm=kworker/u129:23 pid=448 prio=120 target_cpu=000
          cg.C.x-2835  [000]     1.036927: (+1)     sched_wakeup:         kworker/u129:23:448 [120] CPU:000
          cg.C.x-2835  [000]     1.036929: (+2)     sched_switch:         cg.C.x:2835 [120] R ==> kworker/u129:23:448 [120]
 kworker/u129:23-448   [000]     1.036930: (+1)     sched_waking:         comm=tmux: server pid=2003 prio=120 target_cpu=000
 kworker/u129:23-448   [000]     1.036932: (+2)     sched_wakeup:         tmux: server:2003 [120] CPU:000
 kworker/u129:23-448   [000]     1.036933: (+1)     sched_switch:         kworker/u129:23:448 [120] I ==> tmux: server:2003 [120]
    tmux: server-2003  [000]     1.036990: (+57)    sched_waking:         comm=kworker/u129:23 pid=448 prio=120 target_cpu=000
    tmux: server-2003  [000]     1.036991: (+1)     sched_wakeup:         kworker/u129:23:448 [120] CPU:000
    tmux: server-2003  [000]     1.036993: (+2)     sched_switch:         tmux: server:2003 [120] R ==> kworker/u129:23:448 [120]
 kworker/u129:23-448   [000]     1.036995: (+2)     sched_switch:         kworker/u129:23:448 [120] I ==> tmux: server:2003 [120]
    tmux: server-2003  [000]     1.037000: (+5)     sched_switch:         tmux: server:2003 [120] S ==> cg.C.x:2835 [120]
            sshd-1918  [034]     1.037029: (+29)    sched_switch:         sshd:1918 [120] S ==> cg.C.x:2852 [120]
          cg.C.x-2836  [002]     1.037081: (+52)    bprint:               __handle_mm_fault: NUMAB MEM ACCESS process[nid:0, cpu:2, pid:2836], folio[virt:0x7fcaf98d1548, phys:0x1395c4000, pfn:0x1395c4, nid:0, npages:1]
          cg.C.x-2850  [030]     1.039832: (+2751)  sched_waking:         comm=kworker/30:1 pid=727 prio=120 target_cpu=030
          cg.C.x-2882  [031]     1.039833: (+1)     sched_waking:         comm=kworker/31:1 pid=492 prio=120 target_cpu=031
          cg.C.x-2881  [029]     1.039834: (+1)     sched_waking:         comm=kworker/29:1 pid=497 prio=120 target_cpu=029
          cg.C.x-2850  [030]     1.039838: (+4)     sched_wakeup:         kworker/30:1:727 [120] CPU:030
          cg.C.x-2881  [029]     1.039839: (+1)     sched_wakeup:         kworker/29:1:497 [120] CPU:029
