          cg.C.x-2419  [052]     0.824530: (+6)     sched_switch:         cg.C.x:2419 [120] R ==> kworker/52:1:734 [120]
    kworker/52:1-734   [052]     0.824555: (+25)    sched_switch:         kworker/52:1:734 [120] I ==> ksoftirqd/52:330 [120]
    ksoftirqd/52-330   [052]     0.824560: (+5)     sched_process_free:   comm=(udev-worker) pid=2317 prio=120
    ksoftirqd/52-330   [052]     0.824569: (+9)     sched_process_free:   comm=(udev-worker) pid=2319 prio=120
    ksoftirqd/52-330   [052]     0.824575: (+6)     sched_process_free:   comm=(udev-worker) pid=2320 prio=120
    ksoftirqd/52-330   [052]     0.824606: (+31)    sched_switch:         ksoftirqd/52:330 [120] S ==> cg.C.x:2419 [120]
          cg.C.x-2409  [032]     0.830719: (+6113)  sched_waking:         comm=tmux: server pid=2003 prio=120 target_cpu=032
          cg.C.x-2409  [032]     0.830728: (+9)     sched_wakeup:         tmux: server:2003 [120] CPU:032
          cg.C.x-2409  [032]     0.830732: (+4)     sched_switch:         cg.C.x:2409 [120] R ==> tmux: server:2003 [120]
    tmux: server-2003  [032]     0.830754: (+22)    sched_switch:         tmux: server:2003 [120] S ==> cg.C.x:2409 [120]
          cg.C.x-2409  [032]     0.832801: (+2047)  sched_waking:         comm=tmux: server pid=2003 prio=120 target_cpu=032
          cg.C.x-2409  [032]     0.832808: (+7)     sched_wakeup:         tmux: server:2003 [120] CPU:032
          cg.C.x-2409  [032]     0.832810: (+2)     sched_switch:         cg.C.x:2409 [120] R ==> tmux: server:2003 [120]
    tmux: server-2003  [032]     0.832842: (+32)    sched_switch:         tmux: server:2003 [120] S ==> cg.C.x:2409 [120]
          cg.C.x-2393  [000]     0.836504: (+3662)  sched_waking:         comm=rcu_preempt pid=17 prio=120 target_cpu=000
          cg.C.x-2393  [000]     0.836510: (+6)     sched_wakeup:         rcu_preempt:17 [120] CPU:000
          cg.C.x-2393  [000]     0.836513: (+3)     sched_switch:         cg.C.x:2393 [120] R ==> rcu_preempt:17 [120]
     rcu_preempt-17    [000]     0.836524: (+11)    sched_switch:         rcu_preempt:17 [120] I ==> cg.C.x:2393 [120]
          cg.C.x-2393  [000]     0.844505: (+7981)  sched_waking:         comm=kworker/0:1 pid=10 prio=120 target_cpu=000
          cg.C.x-2393  [000]     0.844510: (+5)     sched_wakeup:         kworker/0:1:10 [120] CPU:000
          cg.C.x-2393  [000]     0.844511: (+1)     sched_waking:         comm=rcu_preempt pid=17 prio=120 target_cpu=000
          cg.C.x-2393  [000]     0.844514: (+3)     sched_wakeup:         rcu_preempt:17 [120] CPU:000
          cg.C.x-2393  [000]     0.844518: (+4)     sched_switch:         cg.C.x:2393 [120] R ==> rcu_preempt:17 [120]
     rcu_preempt-17    [000]     0.844527: (+9)     sched_switch:         rcu_preempt:17 [120] I ==> kworker/0:1:10 [120]
     kworker/0:1-10    [000]     0.844588: (+61)    sched_switch:         kworker/0:1:10 [120] I ==> cg.C.x:2393 [120]
          cg.C.x-2448  [047]     0.848512: (+3924)  sched_waking:         comm=rcu_preempt pid=17 prio=120 target_cpu=000
          cg.C.x-2393  [000]     0.848526: (+14)    sched_wakeup:         rcu_preempt:17 [120] CPU:000
          cg.C.x-2393  [000]     0.848530: (+4)     sched_switch:         cg.C.x:2393 [120] R ==> rcu_preempt:17 [120]
     rcu_preempt-17    [000]     0.848539: (+9)     sched_switch:         rcu_preempt:17 [120] I ==> cg.C.x:2393 [120]
          cg.C.x-2393  [000]     0.856504: (+7965)  sched_waking:         comm=rcu_preempt pid=17 prio=120 target_cpu=000
          cg.C.x-2393  [000]     0.856508: (+4)     sched_wakeup:         rcu_preempt:17 [120] CPU:000
          cg.C.x-2393  [000]     0.856512: (+4)     sched_switch:         cg.C.x:2393 [120] R ==> rcu_preempt:17 [120]
     rcu_preempt-17    [000]     0.856526: (+14)    sched_switch:         rcu_preempt:17 [120] I ==> cg.C.x:2393 [120]
          cg.C.x-2393  [000]     0.868504: (+11978) sched_waking:         comm=rcu_preempt pid=17 prio=120 target_cpu=000
          cg.C.x-2393  [000]     0.868510: (+6)     sched_wakeup:         rcu_preempt:17 [120] CPU:000
          cg.C.x-2393  [000]     0.868515: (+5)     sched_switch:         cg.C.x:2393 [120] R ==> rcu_preempt:17 [120]
     rcu_preempt-17    [000]     0.868524: (+9)     sched_switch:         rcu_preempt:17 [120] I ==> cg.C.x:2393 [120]
          cg.C.x-2393  [000]     0.880504: (+11980) sched_waking:         comm=rcu_preempt pid=17 prio=120 target_cpu=000
          cg.C.x-2393  [000]     0.880509: (+5)     sched_wakeup:         rcu_preempt:17 [120] CPU:000
          cg.C.x-2393  [000]     0.880514: (+5)     sched_switch:         cg.C.x:2393 [120] R ==> rcu_preempt:17 [120]
     rcu_preempt-17    [000]     0.880523: (+9)     sched_switch:         rcu_preempt:17 [120] I ==> cg.C.x:2393 [120]
          cg.C.x-2393  [000]     0.892504: (+11981) sched_waking:         comm=rcu_preempt pid=17 prio=120 target_cpu=000
          cg.C.x-2393  [000]     0.892510: (+6)     sched_wakeup:         rcu_preempt:17 [120] CPU:000
          cg.C.x-2393  [000]     0.892515: (+5)     sched_switch:         cg.C.x:2393 [120] R ==> rcu_preempt:17 [120]
     rcu_preempt-17    [000]     0.892527: (+12)    sched_switch:         rcu_preempt:17 [120] I ==> cg.C.x:2393 [120]
          cg.C.x-2393  [000]     0.904504: (+11977) sched_waking:         comm=rcu_preempt pid=17 prio=120 target_cpu=000
          cg.C.x-2393  [000]     0.904510: (+6)     sched_wakeup:         rcu_preempt:17 [120] CPU:000
          cg.C.x-2393  [000]     0.904514: (+4)     sched_switch:         cg.C.x:2393 [120] R ==> rcu_preempt:17 [120]
     rcu_preempt-17    [000]     0.904521: (+7)     sched_switch:         rcu_preempt:17 [120] I ==> cg.C.x:2393 [120]
          cg.C.x-2454  [059]     0.908512: (+3991)  sched_waking:         comm=rcu_preempt pid=17 prio=120 target_cpu=000
          cg.C.x-2393  [000]     0.908524: (+12)    sched_wakeup:         rcu_preempt:17 [120] CPU:000
          cg.C.x-2393  [000]     0.908529: (+5)     sched_switch:         cg.C.x:2393 [120] R ==> rcu_preempt:17 [120]
     rcu_preempt-17    [000]     0.908534: (+5)     sched_switch:         rcu_preempt:17 [120] I ==> cg.C.x:2393 [120]
          cg.C.x-2393  [000]     0.925312: (+16778) sched_waking:         comm=kworker/u129:23 pid=448 prio=120 target_cpu=032
          cg.C.x-2393  [000]     0.925319: (+7)     sched_wakeup:         kworker/u129:23:448 [120] CPU:032
          cg.C.x-2409  [032]     0.925326: (+7)     sched_switch:         cg.C.x:2409 [120] R ==> kworker/u129:23:448 [120]
 kworker/u129:23-448   [032]     0.925332: (+6)     sched_waking:         comm=tmux: server pid=2003 prio=120 target_cpu=032
 kworker/u129:23-448   [032]     0.925336: (+4)     sched_wakeup:         tmux: server:2003 [120] CPU:032
 kworker/u129:23-448   [032]     0.925339: (+3)     sched_switch:         kworker/u129:23:448 [120] I ==> tmux: server:2003 [120]
    tmux: server-2003  [032]     0.925414: (+75)    sched_waking:         comm=kworker/u129:23 pid=448 prio=120 target_cpu=032
    tmux: server-2003  [032]     0.925415: (+1)     sched_wakeup:         kworker/u129:23:448 [120] CPU:032
    tmux: server-2003  [032]     0.925418: (+3)     sched_switch:         tmux: server:2003 [120] R ==> kworker/u129:23:448 [120]
 kworker/u129:23-448   [032]     0.925421: (+3)     sched_waking:         comm=sshd pid=1918 prio=120 target_cpu=036
 kworker/u129:23-448   [032]     0.925426: (+5)     sched_wakeup:         sshd:1918 [120] CPU:036
 kworker/u129:23-448   [032]     0.925427: (+1)     sched_switch:         kworker/u129:23:448 [120] I ==> tmux: server:2003 [120]
          cg.C.x-2411  [036]     0.925430: (+3)     sched_switch:         cg.C.x:2411 [120] R ==> sshd:1918 [120]
    tmux: server-2003  [032]     0.925434: (+4)     sched_switch:         tmux: server:2003 [120] S ==> cg.C.x:2409 [120]
            sshd-1918  [036]     0.925553: (+119)   sched_switch:         sshd:1918 [120] S ==> cg.C.x:2411 [120]
          cg.C.x-2426  [003]     0.928508: (+2955)  sched_waking:         comm=kworker/3:1 pid=707 prio=120 target_cpu=003
          cg.C.x-2426  [003]     0.928519: (+11)    sched_wakeup:         kworker/3:1:707 [120] CPU:003
          cg.C.x-2426  [003]     0.928527: (+8)     sched_switch:         cg.C.x:2426 [120] R ==> kworker/3:1:707 [120]
     kworker/3:1-707   [003]     0.928554: (+27)    sched_switch:         kworker/3:1:707 [120] I ==> cg.C.x:2426 [120]
          cg.C.x-2409  [032]     0.935484: (+6930)  sched_waking:         comm=tmux: server pid=2003 prio=120 target_cpu=032
          cg.C.x-2409  [032]     0.935494: (+10)    sched_wakeup:         tmux: server:2003 [120] CPU:032
          cg.C.x-2409  [032]     0.935498: (+4)     sched_switch:         cg.C.x:2409 [120] R ==> tmux: server:2003 [120]
    tmux: server-2003  [032]     0.935520: (+22)    sched_switch:         tmux: server:2003 [120] S ==> cg.C.x:2409 [120]
          cg.C.x-2409  [032]     0.937567: (+2047)  sched_waking:         comm=tmux: server pid=2003 prio=120 target_cpu=032
          cg.C.x-2409  [032]     0.937575: (+8)     sched_wakeup:         tmux: server:2003 [120] CPU:032
          cg.C.x-2409  [032]     0.937579: (+4)     sched_switch:         cg.C.x:2409 [120] R ==> tmux: server:2003 [120]
    tmux: server-2003  [032]     0.937611: (+32)    sched_switch:         tmux: server:2003 [120] S ==> cg.C.x:2409 [120]
          cg.C.x-2425  [001]     0.988506: (+50895) sched_waking:         comm=kcompactd1 pid=475 prio=120 target_cpu=001
          cg.C.x-2425  [001]     0.988517: (+11)    sched_wakeup:         kcompactd1:475 [120] CPU:001
          cg.C.x-2425  [001]     0.988539: (+22)    sched_switch:         cg.C.x:2425 [120] R ==> kcompactd1:475 [120]
      kcompactd1-475   [001]     0.988549: (+10)    sched_switch:         kcompactd1:475 [120] S ==> cg.C.x:2425 [120]
          cg.C.x-2395  [004]     0.992505: (+3956)  sched_waking:         comm=kcompactd0 pid=474 prio=120 target_cpu=004
          cg.C.x-2456  [063]     0.992509: (+4)     sched_waking:         comm=kworker/63:1 pid=654 prio=120 target_cpu=063
          cg.C.x-2395  [004]     0.992515: (+6)     sched_wakeup:         kcompactd0:474 [120] CPU:004
          cg.C.x-2456  [063]     0.992517: (+2)     sched_wakeup:         kworker/63:1:654 [120] CPU:063
          cg.C.x-2456  [063]     0.992526: (+9)     sched_switch:         cg.C.x:2456 [120] R ==> kworker/63:1:654 [120]
    kworker/63:1-654   [063]     0.992541: (+15)    sched_switch:         kworker/63:1:654 [120] I ==> cg.C.x:2456 [120]
          cg.C.x-2395  [004]     0.996510: (+3969)  sched_switch:         cg.C.x:2395 [120] R ==> kcompactd0:474 [120]
      kcompactd0-474   [004]     0.996522: (+12)    sched_switch:         kcompactd0:474 [120] S ==> cg.C.x:2395 [120]
          cg.C.x-2422  [058]     1.012508: (+15986) bprint:               change_prot_numa: NUMAB SCAN vma[start:0x7f25d14db000, end:0x7f25e3af9000, from:0x7f25dfc00000, to:0x7f25e3af9000, size:64484 KB]
          cg.C.x-2422  [058]     1.012594: (+86)    bprint:               change_prot_numa: NUMAB SCAN vma[start:0x7f25e3c00000, end:0x7f25e4528000, from:0x7f25e3c00000, to:0x7f25e4528000, size:9376 KB]
          cg.C.x-2422  [058]     1.012653: (+59)    bprint:               change_prot_numa: NUMAB SCAN vma[start:0x7f25e4600000, end:0x7f25ed90f000, from:0x7f25e4600000, to:0x7f25ed90f000, size:150588 KB]
          cg.C.x-2422  [058]     1.012721: (+68)    bprint:               change_prot_numa: NUMAB SCAN vma[start:0x7f25eda00000, end:0x7f25f6c7d000, from:0x7f25eda00000, to:0x7f25f6c7d000, size:150004 KB]
          cg.C.x-2422  [058]     1.012751: (+30)    bprint:               change_prot_numa: NUMAB SCAN vma[start:0x7f25f6cdb000, end:0x7f25f6e00000, from:0x7f25f6cdb000, to:0x7f25f6e00000, size:1172 KB]
          cg.C.x-2424  [062]     1.012754: (+3)     bprint:               do_huge_pmd_numa_page: NUMAB MEM ACCESS huge page process[nid:0, cpu:62, pid:2424], folio[virt:0x7f25f1ed7990, ker:0xffff940bb9a00000, pfn:0x1a39a00, nid:1, npages:512]
          cg.C.x-2422  [058]     1.012803: (+49)    bprint:               change_prot_numa: NUMAB SCAN vma[start:0x7f25f70f9000, end:0x7f25f721f000, from:0x7f25f70f9000, to:0x7f25f721f000, size:1176 KB]
          cg.C.x-2422  [058]     1.012857: (+54)    bprint:               change_prot_numa: NUMAB SCAN vma[start:0x7f25f73f1000, end:0x7f25f73f3000, from:0x7f25f73f1000, to:0x7f25f73f3000, size:8 KB]
          cg.C.x-2422  [058]     1.012872: (+15)    bprint:               change_prot_numa: NUMAB SCAN vma[start:0x7f25f76c8000, end:0x7f25f76ca000, from:0x7f25f76c8000, to:0x7f25f76ca000, size:8 KB]
          cg.C.x-2422  [058]     1.012885: (+13)    bprint:               change_prot_numa: NUMAB SCAN vma[start:0x7f25f770e000, end:0x7f25f7711000, from:0x7f25f770e000, to:0x7f25f7711000, size:12 KB]
          cg.C.x-2422  [058]     1.012900: (+15)    bprint:               change_prot_numa: NUMAB SCAN vma[start:0x7f25f7757000, end:0x7f25f7758000, from:0x7f25f7757000, to:0x7f25f7758000, size:4 KB]
          cg.C.x-2422  [058]     1.012914: (+14)    bprint:               change_prot_numa: NUMAB SCAN vma[start:0x7f25f7779000, end:0x7f25f777a000, from:0x7f25f7779000, to:0x7f25f777a000, size:4 KB]
          cg.C.x-2422  [058]     1.012929: (+15)    bprint:               change_prot_numa: NUMAB SCAN vma[start:0x7f25f77c1000, end:0x7f25f77c2000, from:0x7f25f77c1000, to:0x7f25f77c2000, size:4 KB]
          cg.C.x-2422  [058]     1.012944: (+15)    bprint:               change_prot_numa: NUMAB SCAN vma[start:0x7f25f78a0000, end:0x7f25f78a1000, from:0x7f25f78a0000, to:0x7f25f78a1000, size:4 KB]
          cg.C.x-2422  [058]     1.012958: (+14)    bprint:               change_prot_numa: NUMAB SCAN vma[start:0x7f25f78df000, end:0x7f25f78e1000, from:0x7f25f78df000, to:0x7f25f78e1000, size:8 KB]
          cg.C.x-2424  [062]     1.013499: (+541)   bprint:               __handle_mm_fault: NUMAB MEM ACCESS process[nid:0, cpu:62, pid:2424], folio[virt:0x7f25f71d52a8, phys:0x185eaa5000, pfn:0x185eaa5, nid:1, npages:1]
          cg.C.x-2424  [062]     1.013501: (+2)     bprint:               __handle_mm_fault: NUMAB TRY MEM MIGR process[nid:0, cpu:62, pid:2424], folio[virt:0x7f25f71d52a8, phys:0x185eaa5000, nid:1], target_nid:0
          cg.C.x-2424  [062]     1.013509: (+8)     bprint:               __handle_mm_fault: NUMAB COMPLETED MEM MIGR process[nid:0, cpu:62, pid:2424], old[phys:0x185eaa5000, nid:1, npages:1], new[phys:0x113f80000, nid:0, npages:1]
          cg.C.x-2424  [062]     1.013636: (+127)   bprint:               __handle_mm_fault: NUMAB MEM ACCESS process[nid:0, cpu:62, pid:2424], folio[virt:0x7f25f77c13f4, phys:0x1163bb000, pfn:0x1163bb, nid:0, npages:1]
          cg.C.x-2393  [000]     1.013649: (+13)    bprint:               __handle_mm_fault: NUMAB MEM ACCESS process[nid:0, cpu:0, pid:2393], folio[virt:0x7f25f770e720, phys:0x37804b000, pfn:0x37804b, nid:0, npages:1]
          cg.C.x-2411  [036]     1.013748: (+99)    bprint:               __handle_mm_fault: NUMAB MEM ACCESS process[nid:0, cpu:36, pid:2411], folio[virt:0x7f25f71b5350, phys:0x13b198000, pfn:0x13b198, nid:0, npages:1]
          cg.C.x-2395  [004]     1.013750: (+2)     bprint:               __handle_mm_fault: NUMAB MEM ACCESS process[nid:0, cpu:4, pid:2395], folio[virt:0x7f25f7190950, phys:0x37805e000, pfn:0x37805e, nid:0, npages:1]
          cg.C.x-2393  [000]     1.013753: (+3)     bprint:               __handle_mm_fault: NUMAB MEM ACCESS process[nid:0, cpu:0, pid:2393], folio[virt:0x7f25f718c010, phys:0x37807f000, pfn:0x37807f, nid:0, npages:1]
          cg.C.x-2446  [043]     1.013753: (+0)     bprint:               __handle_mm_fault: NUMAB MEM ACCESS process[nid:1, cpu:43, pid:2446], folio[virt:0x7f25f720551c, phys:0x1890007000, pfn:0x1890007, nid:1, npages:1]
          cg.C.x-2452  [055]     1.013757: (+4)     bprint:               __handle_mm_fault: NUMAB MEM ACCESS process[nid:1, cpu:55, pid:2452], folio[virt:0x7f25f72130c4, phys:0x186df21000, pfn:0x186df21, nid:1, npages:1]
          cg.C.x-2398  [010]     1.013759: (+2)     bprint:               __handle_mm_fault: NUMAB MEM ACCESS process[nid:0, cpu:10, pid:2398], folio[virt:0x7f25f7197730, phys:0x139cd4000, pfn:0x139cd4, nid:0, npages:1]
          cg.C.x-2395  [004]     1.013760: (+1)     bprint:               do_huge_pmd_numa_page: NUMAB MEM ACCESS huge page process[nid:0, cpu:4, pid:2395], folio[virt:0x7f25ede4eb1c, ker:0xffff93f4ba200000, pfn:0x33a200, nid:0, npages:512]
          cg.C.x-2447  [045]     1.013760: (+0)     bprint:               __handle_mm_fault: NUMAB MEM ACCESS process[nid:1, cpu:45, pid:2447], folio[virt:0x7f25f72079b8, phys:0x186d7a1000, pfn:0x186d7a1, nid:1, npages:1]
          cg.C.x-2411  [036]     1.013761: (+1)     bprint:               do_huge_pmd_numa_page: NUMAB MEM ACCESS huge page process[nid:0, cpu:36, pid:2411], folio[virt:0x7f25f00ce4b0, ker:0xffff93f4ba600000, pfn:0x33a600, nid:0, npages:512]
          cg.C.x-2407  [028]     1.013761: (+0)     bprint:               __handle_mm_fault: NUMAB MEM ACCESS process[nid:0, cpu:28, pid:2407], folio[virt:0x7f25f71ac0d0, phys:0x12346d000, pfn:0x12346d, nid:0, npages:1]
          cg.C.x-2393  [000]     1.013762: (+1)     bprint:               do_huge_pmd_numa_page: NUMAB MEM ACCESS huge page process[nid:0, cpu:0, pid:2393], folio[virt:0x7f25eda00010, ker:0xffff93f510200000, pfn:0x390200, nid:0, npages:512]
          cg.C.x-2444  [039]     1.013763: (+1)     bprint:               __handle_mm_fault: NUMAB MEM ACCESS process[nid:1, cpu:39, pid:2444], folio[virt:0x7f25f7200be4, phys:0x186d783000, pfn:0x186d783, nid:1, npages:1]
          cg.C.x-2437  [025]     1.013764: (+1)     bprint:               __handle_mm_fault: NUMAB MEM ACCESS process[nid:1, cpu:25, pid:2437], folio[virt:0x7f25f71f0b90, phys:0x186c5ff000, pfn:0x186c5ff, nid:1, npages:1]
          cg.C.x-2445  [041]     1.013766: (+2)     bprint:               __handle_mm_fault: NUMAB MEM ACCESS process[nid:1, cpu:41, pid:2445], folio[virt:0x7f25f7203080, phys:0x186d78e000, pfn:0x186d78e, nid:1, npages:1]
          cg.C.x-2421  [056]     1.013767: (+1)     bprint:               __handle_mm_fault: NUMAB MEM ACCESS process[nid:0, cpu:56, pid:2421], folio[virt:0x7f25f71cc190, phys:0x1108a0000, pfn:0x1108a0, nid:0, npages:1]
          cg.C.x-2398  [010]     1.013768: (+1)     bprint:               do_huge_pmd_numa_page: NUMAB MEM ACCESS huge page process[nid:0, cpu:10, pid:2398], folio[virt:0x7f25ee4c260c, ker:0xffff93f4a4600000, pfn:0x324600, nid:0, npages:512]
          cg.C.x-2449  [049]     1.013768: (+0)     bprint:               __handle_mm_fault: NUMAB MEM ACCESS process[nid:1, cpu:49, pid:2449], folio[virt:0x7f25f720c2f0, phys:0x186806c000, pfn:0x186806c, nid:1, npages:1]
          cg.C.x-2423  [060]     1.013770: (+2)     bprint:               __handle_mm_fault: NUMAB MEM ACCESS process[nid:0, cpu:60, pid:2423], folio[virt:0x7f25f71d0ad0, phys:0x1215e1000, pfn:0x1215e1, nid:0, npages:1]
          cg.C.x-2450  [051]     1.013771: (+1)     bprint:               __handle_mm_fault: NUMAB MEM ACCESS process[nid:1, cpu:51, pid:2450], folio[virt:0x7f25f720e78c, phys:0x186ce5f000, pfn:0x186ce5f, nid:1, npages:1]
          cg.C.x-2407  [028]     1.013771: (+0)     bprint:               do_huge_pmd_numa_page: NUMAB MEM ACCESS huge page process[nid:0, cpu:28, pid:2407], folio[virt:0x7f25ef82f824, ker:0xffff93f4b9e00000, pfn:0x339e00, nid:0, npages:512]
          cg.C.x-2420  [054]     1.013773: (+2)     bprint:               __handle_mm_fault: NUMAB MEM ACCESS process[nid:0, cpu:54, pid:2420], folio[virt:0x7f25f71c9cf0, phys:0x112316000, pfn:0x112316, nid:0, npages:1]
          cg.C.x-2444  [039]     1.013773: (+0)     bprint:               do_huge_pmd_numa_page: NUMAB MEM ACCESS huge page process[nid:1, cpu:39, pid:2444], folio[virt:0x7f25f47d5af8, ker:0xffff940b84400000, pfn:0x1a04400, nid:1, npages:512]
          cg.C.x-2451  [053]     1.013773: (+0)     bprint:               __handle_mm_fault: NUMAB MEM ACCESS process[nid:1, cpu:53, pid:2451], folio[virt:0x7f25f7210c28, phys:0x18668c7000, pfn:0x18668c7, nid:1, npages:1]
          cg.C.x-2447  [045]     1.013775: (+2)     sched_stick_numa:     src_pid=2447 src_tgid=2393 src_ngid=2448 src_cpu=45 src_nid=1 dst_pid=0 dst_tgid=0 dst_ngid=0 dst_cpu=-1 dst_nid=-1
          cg.C.x-2452  [055]     1.013775: (+0)     sched_stick_numa:     src_pid=2452 src_tgid=2393 src_ngid=2452 src_cpu=55 src_nid=1 dst_pid=0 dst_tgid=0 dst_ngid=0 dst_cpu=-1 dst_nid=-1
          cg.C.x-2446  [043]     1.013775: (+0)     sched_stick_numa:     src_pid=2446 src_tgid=2393 src_ngid=2446 src_cpu=43 src_nid=1 dst_pid=0 dst_tgid=0 dst_ngid=0 dst_cpu=-1 dst_nid=-1
          cg.C.x-2412  [038]     1.013775: (+0)     bprint:               __handle_mm_fault: NUMAB MEM ACCESS process[nid:0, cpu:38, pid:2412], folio[virt:0x7f25f71b77f0, phys:0x110e5d000, pfn:0x110e5d, nid:0, npages:1]
          cg.C.x-2437  [025]     1.013775: (+0)     bprint:               do_huge_pmd_numa_page: NUMAB MEM ACCESS huge page process[nid:1, cpu:25, pid:2437], folio[virt:0x7f25f38be1e0, ker:0xffff940bf9800000, pfn:0x1a79800, nid:1, npages:512]
          cg.C.x-2455  [061]     1.013776: (+1)     bprint:               __handle_mm_fault: NUMAB MEM ACCESS process[nid:1, cpu:61, pid:2455], folio[virt:0x7f25f7219e98, phys:0x186c62d000, pfn:0x186c62d, nid:1, npages:1]
          cg.C.x-2445  [041]     1.013777: (+1)     sched_stick_numa:     src_pid=2445 src_tgid=2393 src_ngid=2445 src_cpu=41 src_nid=1 dst_pid=0 dst_tgid=0 dst_ngid=0 dst_cpu=-1 dst_nid=-1
          cg.C.x-2404  [022]     1.013778: (+1)     bprint:               __handle_mm_fault: NUMAB MEM ACCESS process[nid:0, cpu:22, pid:2404], folio[virt:0x7f25f71a52f0, phys:0x1107f6000, pfn:0x1107f6, nid:0, npages:1]
          cg.C.x-2421  [056]     1.013778: (+0)     bprint:               do_huge_pmd_numa_page: NUMAB MEM ACCESS huge page process[nid:0, cpu:56, pid:2421], folio[virt:0x7f25f164db24, ker:0xffff93f2c2200000, pfn:0x142200, nid:0, npages:512]
          cg.C.x-2454  [059]     1.013779: (+1)     bprint:               __handle_mm_fault: NUMAB MEM ACCESS process[nid:1, cpu:59, pid:2454], folio[virt:0x7f25f72179fc, phys:0x1890137000, pfn:0x1890137, nid:1, npages:1]
          cg.C.x-2449  [049]     1.013779: (+0)     sched_stick_numa:     src_pid=2449 src_tgid=2393 src_ngid=2449 src_cpu=49 src_nid=1 dst_pid=0 dst_tgid=0 dst_ngid=0 dst_cpu=-1 dst_nid=-1
          cg.C.x-2447  [045]     1.013780: (+1)     bprint:               do_huge_pmd_numa_page: NUMAB MEM ACCESS huge page process[nid:1, cpu:45, pid:2447], folio[virt:0x7f25f4e4d0d8, ker:0xffff940be0e00000, pfn:0x1a60e00, nid:1, npages:512]
          cg.C.x-2434  [019]     1.013781: (+1)     bprint:               __handle_mm_fault: NUMAB MEM ACCESS process[nid:1, cpu:19, pid:2434], folio[virt:0x7f25f71e9db0, phys:0x186d441000, pfn:0x186d441, nid:1, npages:1]
          cg.C.x-2453  [057]     1.013781: (+0)     bprint:               __handle_mm_fault: NUMAB MEM ACCESS process[nid:1, cpu:57, pid:2453], folio[virt:0x7f25f7215560, phys:0x18675be000, pfn:0x18675be, nid:1, npages:1]
          cg.C.x-2446  [043]     1.013781: (+0)     bprint:               do_huge_pmd_numa_page: NUMAB MEM ACCESS huge page process[nid:1, cpu:43, pid:2446], folio[virt:0x7f25f4c27c88, ker:0xffff940bf8a00000, pfn:0x1a78a00, nid:1, npages:512]
          cg.C.x-2456  [063]     1.013783: (+2)     bprint:               __handle_mm_fault: NUMAB MEM ACCESS process[nid:1, cpu:63, pid:2456], folio[virt:0x7f25f721c334, phys:0x186ee4e000, pfn:0x186ee4e, nid:1, npages:1]
          cg.C.x-2450  [051]     1.013783: (+0)     sched_stick_numa:     src_pid=2450 src_tgid=2393 src_ngid=2450 src_cpu=51 src_nid=1 dst_pid=0 dst_tgid=0 dst_ngid=0 dst_cpu=-1 dst_nid=-1
          cg.C.x-2452  [055]     1.013783: (+0)     bprint:               do_huge_pmd_numa_page: NUMAB MEM ACCESS huge page process[nid:1, cpu:55, pid:2452], folio[virt:0x7f25f59100a8, ker:0xffff940a73200000, pfn:0x18f3200, nid:1, npages:512]
          cg.C.x-2427  [005]     1.013784: (+1)     bprint:               __handle_mm_fault: NUMAB MEM ACCESS process[nid:1, cpu:5, pid:2427], folio[virt:0x7f25f71d9d50, phys:0x185e68e000, pfn:0x185e68e, nid:1, npages:1]
          cg.C.x-2451  [053]     1.013785: (+1)     sched_stick_numa:     src_pid=2451 src_tgid=2393 src_ngid=2451 src_cpu=53 src_nid=1 dst_pid=0 dst_tgid=0 dst_ngid=0 dst_cpu=-1 dst_nid=-1
          cg.C.x-2445  [041]     1.013785: (+0)     bprint:               do_huge_pmd_numa_page: NUMAB MEM ACCESS huge page process[nid:1, cpu:41, pid:2445], folio[virt:0x7f25f49fbff8, ker:0xffff9409f7e00000, pfn:0x1877e00, nid:1, npages:512]
          cg.C.x-2448  [047]     1.013786: (+1)     bprint:               __handle_mm_fault: NUMAB MEM ACCESS process[nid:1, cpu:47, pid:2448], folio[virt:0x7f25f7209e54, phys:0x18578e7000, pfn:0x18578e7, nid:1, npages:1]
          cg.C.x-2428  [007]     1.013786: (+0)     bprint:               __handle_mm_fault: NUMAB MEM ACCESS process[nid:1, cpu:7, pid:2428], folio[virt:0x7f25f71dc1f0, phys:0x186d2fc000, pfn:0x186d2fc, nid:1, npages:1]
          cg.C.x-2423  [060]     1.013786: (+0)     bprint:               do_huge_pmd_numa_page: NUMAB MEM ACCESS huge page process[nid:0, cpu:60, pid:2423], folio[virt:0x7f25f1a9b7b8, ker:0xffff93f47f200000, pfn:0x2ff200, nid:0, npages:512]
          cg.C.x-2455  [061]     1.013787: (+1)     sched_stick_numa:     src_pid=2455 src_tgid=2393 src_ngid=2455 src_cpu=61 src_nid=1 dst_pid=0 dst_tgid=0 dst_ngid=0 dst_cpu=-1 dst_nid=-1
          cg.C.x-2396  [006]     1.013788: (+1)     bprint:               __handle_mm_fault: NUMAB MEM ACCESS process[nid:0, cpu:6, pid:2396], folio[virt:0x7f25f7192df0, phys:0x111cf1000, pfn:0x111cf1, nid:0, npages:1]
          cg.C.x-2420  [054]     1.013788: (+0)     bprint:               do_huge_pmd_numa_page: NUMAB MEM ACCESS huge page process[nid:0, cpu:54, pid:2420], folio[virt:0x7f25f1423c90, ker:0xffff93f47ea00000, pfn:0x2fea00, nid:0, npages:512]
          cg.C.x-2454  [059]     1.013789: (+1)     sched_stick_numa:     src_pid=2454 src_tgid=2393 src_ngid=2446 src_cpu=59 src_nid=1 dst_pid=0 dst_tgid=0 dst_ngid=0 dst_cpu=-1 dst_nid=-1
          cg.C.x-2449  [049]     1.013790: (+1)     bprint:               do_huge_pmd_numa_page: NUMAB MEM ACCESS huge page process[nid:1, cpu:49, pid:2449], folio[virt:0x7f25f52988a0, ker:0xffff940bf9200000, pfn:0x1a79200, nid:1, npages:512]
          cg.C.x-2431  [013]     1.013791: (+1)     bprint:               __handle_mm_fault: NUMAB MEM ACCESS process[nid:1, cpu:13, pid:2431], folio[virt:0x7f25f71e2fd0, phys:0x18573d0000, pfn:0x18573d0, nid:1, npages:1]
          cg.C.x-2412  [038]     1.013792: (+1)     bprint:               do_huge_pmd_numa_page: NUMAB MEM ACCESS huge page process[nid:0, cpu:38, pid:2412], folio[virt:0x7f25f02f0e24, ker:0xffff93f4e1200000, pfn:0x361200, nid:0, npages:512]
          cg.C.x-2453  [057]     1.013793: (+1)     sched_stick_numa:     src_pid=2453 src_tgid=2393 src_ngid=2448 src_cpu=57 src_nid=1 dst_pid=0 dst_tgid=0 dst_ngid=0 dst_cpu=-1 dst_nid=-1
          cg.C.x-2405  [024]     1.013794: (+1)     bprint:               __handle_mm_fault: NUMAB MEM ACCESS process[nid:0, cpu:24, pid:2405], folio[virt:0x7f25f71a7790, phys:0x139461000, pfn:0x139461, nid:0, npages:1]
          cg.C.x-2404  [022]     1.013794: (+0)     bprint:               do_huge_pmd_numa_page: NUMAB MEM ACCESS huge page process[nid:0, cpu:22, pid:2404], folio[virt:0x7f25ef1b162c, ker:0xffff93f2ece00000, pfn:0x16ce00, nid:0, npages:512]
          cg.C.x-2456  [063]     1.013794: (+0)     sched_stick_numa:     src_pid=2456 src_tgid=2393 src_ngid=2456 src_cpu=63 src_nid=1 dst_pid=0 dst_tgid=0 dst_ngid=0 dst_cpu=-1 dst_nid=-1
          cg.C.x-2450  [051]     1.013795: (+1)     bprint:               do_huge_pmd_numa_page: NUMAB MEM ACCESS huge page process[nid:1, cpu:51, pid:2450], folio[virt:0x7f25f54bf89c, ker:0xffff940be2200000, pfn:0x1a62200, nid:1, npages:512]
          cg.C.x-2448  [047]     1.013796: (+1)     sched_stick_numa:     src_pid=2448 src_tgid=2393 src_ngid=2448 src_cpu=47 src_nid=1 dst_pid=0 dst_tgid=0 dst_ngid=0 dst_cpu=-1 dst_nid=-1
          cg.C.x-2428  [007]     1.013796: (+0)     sched_stick_numa:     src_pid=2428 src_tgid=2393 src_ngid=2433 src_cpu=7 src_nid=1 dst_pid=0 dst_tgid=0 dst_ngid=0 dst_cpu=-1 dst_nid=-1
          cg.C.x-2436  [023]     1.013796: (+0)     bprint:               __handle_mm_fault: NUMAB MEM ACCESS process[nid:1, cpu:23, pid:2436], folio[virt:0x7f25f71ee6f0, phys:0x18673d9000, pfn:0x18673d9, nid:1, npages:1]
          cg.C.x-2451  [053]     1.013797: (+1)     bprint:               do_huge_pmd_numa_page: NUMAB MEM ACCESS huge page process[nid:1, cpu:53, pid:2451], folio[virt:0x7f25f56e5c7c, ker:0xffff940a1b200000, pfn:0x189b200, nid:1, npages:512]
          cg.C.x-2434  [019]     1.013799: (+2)     bprint:               do_huge_pmd_numa_page: NUMAB MEM ACCESS huge page process[nid:1, cpu:19, pid:2434], folio[virt:0x7f25f324d2f8, ker:0xffff940bb8e00000, pfn:0x1a38e00, nid:1, npages:512]
          cg.C.x-2419  [052]     1.013799: (+0)     bprint:               __handle_mm_fault: NUMAB MEM ACCESS process[nid:0, cpu:52, pid:2419], folio[virt:0x7f25f71c7850, phys:0x15358b000, pfn:0x15358b, nid:0, npages:1]
          cg.C.x-2455  [061]     1.013800: (+1)     bprint:               do_huge_pmd_numa_page: NUMAB MEM ACCESS huge page process[nid:1, cpu:61, pid:2455], folio[virt:0x7f25f5f7f508, ker:0xffff940bf8e00000, pfn:0x1a78e00, nid:1, npages:512]
          cg.C.x-2408  [030]     1.013802: (+2)     bprint:               __handle_mm_fault: NUMAB MEM ACCESS process[nid:0, cpu:30, pid:2408], folio[virt:0x7f25f71ae570, phys:0x13960e000, pfn:0x13960e, nid:0, npages:1]
          cg.C.x-2454  [059]     1.013802: (+0)     bprint:               do_huge_pmd_numa_page: NUMAB MEM ACCESS huge page process[nid:1, cpu:59, pid:2454], folio[virt:0x7f25f5d592c4, ker:0xffff940bf9a00000, pfn:0x1a79a00, nid:1, npages:512]
          cg.C.x-2427  [005]     1.013803: (+1)     bprint:               do_huge_pmd_numa_page: NUMAB MEM ACCESS huge page process[nid:1, cpu:5, pid:2427], folio[virt:0x7f25f2338da8, ker:0xffff940c2ae00000, pfn:0x1aaae00, nid:1, npages:512]
          cg.C.x-2430  [011]     1.013804: (+1)     bprint:               __handle_mm_fault: NUMAB MEM ACCESS process[nid:1, cpu:11, pid:2430], folio[virt:0x7f25f71e0b30, phys:0x186d082000, pfn:0x186d082, nid:1, npages:1]
          cg.C.x-2453  [057]     1.013805: (+1)     bprint:               do_huge_pmd_numa_page: NUMAB MEM ACCESS huge page process[nid:1, cpu:57, pid:2453], folio[virt:0x7f25f5b33358, ker:0xffff940bf8000000, pfn:0x1a78000, nid:1, npages:512]
          cg.C.x-2396  [006]     1.013806: (+1)     bprint:               do_huge_pmd_numa_page: NUMAB MEM ACCESS huge page process[nid:0, cpu:6, pid:2396], folio[virt:0x7f25ee0753e4, ker:0xffff93f467000000, pfn:0x2e7000, nid:0, npages:512]
          cg.C.x-2438  [027]     1.013807: (+1)     bprint:               __handle_mm_fault: NUMAB MEM ACCESS process[nid:1, cpu:27, pid:2438], folio[virt:0x7f25f71f3030, phys:0x18578ed000, pfn:0x18578ed, nid:1, npages:1]
          cg.C.x-2456  [063]     1.013809: (+2)     bprint:               do_huge_pmd_numa_page: NUMAB MEM ACCESS huge page process[nid:1, cpu:63, pid:2456], folio[virt:0x7f25f61a9054, ker:0xffff940be0000000, pfn:0x1a60000, nid:1, npages:512]
          cg.C.x-2414  [042]     1.013809: (+0)     bprint:               __handle_mm_fault: NUMAB MEM ACCESS process[nid:0, cpu:42, pid:2414], folio[virt:0x7f25f71bc130, phys:0x13a417000, pfn:0x13a417, nid:0, npages:1]
          cg.C.x-2431  [013]     1.013810: (+1)     bprint:               do_huge_pmd_numa_page: NUMAB MEM ACCESS huge page process[nid:1, cpu:13, pid:2431], folio[virt:0x7f25f2bd2518, ker:0xffff940be1c00000, pfn:0x1a61c00, nid:1, npages:512]
          cg.C.x-2448  [047]     1.013812: (+2)     bprint:               do_huge_pmd_numa_page: NUMAB MEM ACCESS huge page process[nid:1, cpu:47, pid:2448], folio[virt:0x7f25f5071884, ker:0xffff940b83800000, pfn:0x1a03800, nid:1, npages:512]
          cg.C.x-2441  [033]     1.013813: (+1)     bprint:               __handle_mm_fault: NUMAB MEM ACCESS process[nid:1, cpu:33, pid:2441], folio[virt:0x7f25f71f9e10, phys:0x185e879000, pfn:0x185e879, nid:1, npages:1]
          cg.C.x-2428  [007]     1.013814: (+1)     bprint:               do_huge_pmd_numa_page: NUMAB MEM ACCESS huge page process[nid:1, cpu:7, pid:2428], folio[virt:0x7f25f25618e8, ker:0xffff940bf8400000, pfn:0x1a78400, nid:1, npages:512]
          cg.C.x-2443  [037]     1.013815: (+1)     bprint:               __handle_mm_fault: NUMAB MEM ACCESS process[nid:1, cpu:37, pid:2443], folio[virt:0x7f25f71fe748, phys:0x185e597000, pfn:0x185e597, nid:1, npages:1]
          cg.C.x-2405  [024]     1.013815: (+0)     bprint:               do_huge_pmd_numa_page: NUMAB MEM ACCESS huge page process[nid:0, cpu:24, pid:2405], folio[virt:0x7f25ef3d8e18, ker:0xffff93f47ee00000, pfn:0x2fee00, nid:0, npages:512]
          cg.C.x-2436  [023]     1.013817: (+2)     bprint:               do_huge_pmd_numa_page: NUMAB MEM ACCESS huge page process[nid:1, cpu:23, pid:2436], folio[virt:0x7f25f36995f0, ker:0xffff940c2ba00000, pfn:0x1aaba00, nid:1, npages:512]
          cg.C.x-2403  [020]     1.013818: (+1)     bprint:               __handle_mm_fault: NUMAB MEM ACCESS process[nid:0, cpu:20, pid:2403], folio[virt:0x7f25f71a2e50, phys:0x110a03000, pfn:0x110a03, nid:0, npages:1]
          cg.C.x-2419  [052]     1.013819: (+1)     bprint:               do_huge_pmd_numa_page: NUMAB MEM ACCESS huge page process[nid:0, cpu:52, pid:2419], folio[virt:0x7f25f11fc2ec, ker:0xffff93f48d200000, pfn:0x30d200, nid:0, npages:512]
          cg.C.x-2442  [035]     1.013821: (+2)     bprint:               __handle_mm_fault: NUMAB MEM ACCESS process[nid:1, cpu:35, pid:2442], folio[virt:0x7f25f71fc2ac, phys:0x185598a000, pfn:0x185598a, nid:1, npages:1]
          cg.C.x-2430  [011]     1.013821: (+0)     bprint:               do_huge_pmd_numa_page: NUMAB MEM ACCESS huge page process[nid:1, cpu:11, pid:2430], folio[virt:0x7f25f29ae30c, ker:0xffff940c2b200000, pfn:0x1aab200, nid:1, npages:512]
          cg.C.x-2408  [030]     1.013823: (+2)     bprint:               do_huge_pmd_numa_page: NUMAB MEM ACCESS huge page process[nid:0, cpu:30, pid:2408], folio[virt:0x7f25efa593b0, ker:0xffff93f47fa00000, pfn:0x2ffa00, nid:0, npages:512]
          cg.C.x-2426  [003]     1.013823: (+0)     bprint:               __handle_mm_fault: NUMAB MEM ACCESS process[nid:1, cpu:3, pid:2426], folio[virt:0x7f25f71d78b0, phys:0x186d868000, pfn:0x186d868, nid:1, npages:1]
          cg.C.x-2438  [027]     1.013824: (+1)     bprint:               do_huge_pmd_numa_page: NUMAB MEM ACCESS huge page process[nid:1, cpu:27, pid:2438], folio[virt:0x7f25f3ae5854, ker:0xffff940bb8600000, pfn:0x1a38600, nid:1, npages:512]
          cg.C.x-2439  [029]     1.013825: (+1)     bprint:               __handle_mm_fault: NUMAB MEM ACCESS process[nid:1, cpu:29, pid:2439], folio[virt:0x7f25f71f54d0, phys:0x186d6e9000, pfn:0x186d6e9, nid:1, npages:1]
          cg.C.x-2414  [042]     1.013826: (+1)     bprint:               do_huge_pmd_numa_page: NUMAB MEM ACCESS huge page process[nid:0, cpu:42, pid:2414], folio[virt:0x7f25f073e9f8, ker:0xffff93f4baa00000, pfn:0x33aa00, nid:0, npages:512]
          cg.C.x-2443  [037]     1.013826: (+0)     sched_stick_numa:     src_pid=2443 src_tgid=2393 src_ngid=2443 src_cpu=37 src_nid=1 dst_pid=0 dst_tgid=0 dst_ngid=0 dst_cpu=-1 dst_nid=-1
          cg.C.x-2441  [033]     1.013826: (+0)     sched_stick_numa:     src_pid=2441 src_tgid=2393 src_ngid=2450 src_cpu=33 src_nid=1 dst_pid=0 dst_tgid=0 dst_ngid=0 dst_cpu=-1 dst_nid=-1
          cg.C.x-2429  [009]     1.013827: (+1)     bprint:               __handle_mm_fault: NUMAB MEM ACCESS process[nid:1, cpu:9, pid:2429], folio[virt:0x7f25f71de690, phys:0x18574ed000, pfn:0x18574ed, nid:1, npages:1]
          cg.C.x-2403  [020]     1.013828: (+1)     bprint:               do_huge_pmd_numa_page: NUMAB MEM ACCESS huge page process[nid:0, cpu:20, pid:2403], folio[virt:0x7f25eef8a08c, ker:0xffff93f44d800000, pfn:0x2cd800, nid:0, npages:512]
          cg.C.x-2433  [017]     1.013830: (+2)     bprint:               __handle_mm_fault: NUMAB MEM ACCESS process[nid:1, cpu:17, pid:2433], folio[virt:0x7f25f71e7910, phys:0x185fc34000, pfn:0x185fc34, nid:1, npages:1]
          cg.C.x-2443  [037]     1.013831: (+1)     bprint:               do_huge_pmd_numa_page: NUMAB MEM ACCESS huge page process[nid:1, cpu:37, pid:2443], folio[virt:0x7f25f45a8074, ker:0xffff940a73600000, pfn:0x18f3600, nid:1, npages:512]
          cg.C.x-2435  [021]     1.013832: (+1)     bprint:               __handle_mm_fault: NUMAB MEM ACCESS process[nid:1, cpu:21, pid:2435], folio[virt:0x7f25f71ec250, phys:0x18672f5000, pfn:0x18672f5, nid:1, npages:1]
          cg.C.x-2441  [033]     1.013832: (+0)     bprint:               do_huge_pmd_numa_page: NUMAB MEM ACCESS huge page process[nid:1, cpu:33, pid:2441], folio[virt:0x7f25f4159238, ker:0xffff940a17400000, pfn:0x1897400, nid:1, npages:512]
          cg.C.x-2442  [035]     1.013834: (+2)     sched_stick_numa:     src_pid=2442 src_tgid=2393 src_ngid=2456 src_cpu=35 src_nid=1 dst_pid=0 dst_tgid=0 dst_ngid=0 dst_cpu=-1 dst_nid=-1
          cg.C.x-2422  [058]     1.013834: (+0)     bprint:               __handle_mm_fault: NUMAB MEM ACCESS process[nid:0, cpu:58, pid:2422], folio[virt:0x7f25f71ce630, phys:0x13a31a000, pfn:0x13a31a, nid:0, npages:1]
          cg.C.x-2426  [003]     1.013834: (+0)     bprint:               do_huge_pmd_numa_page: NUMAB MEM ACCESS huge page process[nid:1, cpu:3, pid:2426], folio[virt:0x7f25f2112970, ker:0xffff940bb9200000, pfn:0x1a39200, nid:1, npages:512]
          cg.C.x-2439  [029]     1.013834: (+0)     sched_stick_numa:     src_pid=2439 src_tgid=2393 src_ngid=2439 src_cpu=29 src_nid=1 dst_pid=0 dst_tgid=0 dst_ngid=0 dst_cpu=-1 dst_nid=-1
          cg.C.x-2406  [026]     1.013836: (+2)     bprint:               __handle_mm_fault: NUMAB MEM ACCESS process[nid:0, cpu:26, pid:2406], folio[virt:0x7f25f71a9c30, phys:0x139134000, pfn:0x139134, nid:0, npages:1]
          cg.C.x-2429  [009]     1.013837: (+1)     sched_stick_numa:     src_pid=2429 src_tgid=2393 src_ngid=2433 src_cpu=9 src_nid=1 dst_pid=0 dst_tgid=0 dst_ngid=0 dst_cpu=-1 dst_nid=-1
          cg.C.x-2409  [032]     1.013838: (+1)     bprint:               __handle_mm_fault: NUMAB MEM ACCESS process[nid:0, cpu:32, pid:2409], folio[virt:0x7f25f71b0a10, phys:0x13914f000, pfn:0x13914f, nid:0, npages:1]
          cg.C.x-2442  [035]     1.013838: (+0)     bprint:               do_huge_pmd_numa_page: NUMAB MEM ACCESS huge page process[nid:1, cpu:35, pid:2442], folio[virt:0x7f25f437dfa4, ker:0xffff940b84e00000, pfn:0x1a04e00, nid:1, npages:512]
          cg.C.x-2433  [017]     1.013839: (+1)     sched_stick_numa:     src_pid=2433 src_tgid=2393 src_ngid=2433 src_cpu=17 src_nid=1 dst_pid=0 dst_tgid=0 dst_ngid=0 dst_cpu=-1 dst_nid=-1
          cg.C.x-2439  [029]     1.013840: (+1)     bprint:               do_huge_pmd_numa_page: NUMAB MEM ACCESS huge page process[nid:1, cpu:29, pid:2439], folio[virt:0x7f25f3d0c0bc, ker:0xffff940c2c200000, pfn:0x1aac200, nid:1, npages:512]
          cg.C.x-2440  [031]     1.013841: (+1)     bprint:               __handle_mm_fault: NUMAB MEM ACCESS process[nid:1, cpu:31, pid:2440], folio[virt:0x7f25f71f7970, phys:0x186489d000, pfn:0x186489d, nid:1, npages:1]
          cg.C.x-2435  [021]     1.013841: (+0)     bprint:               do_huge_pmd_numa_page: NUMAB MEM ACCESS huge page process[nid:1, cpu:21, pid:2435], folio[virt:0x7f25f34724dc, ker:0xffff940bb9600000, pfn:0x1a39600, nid:1, npages:512]
          cg.C.x-2429  [009]     1.013842: (+1)     bprint:               do_huge_pmd_numa_page: NUMAB MEM ACCESS huge page process[nid:1, cpu:9, pid:2429], folio[virt:0x7f25f278a29c, ker:0xffff940a43600000, pfn:0x18c3600, nid:1, npages:512]
          cg.C.x-2394  [002]     1.013843: (+1)     bprint:               __handle_mm_fault: NUMAB MEM ACCESS process[nid:0, cpu:2, pid:2394], folio[virt:0x7f25f718e4b0, phys:0x3780d2000, pfn:0x3780d2, nid:0, npages:1]
          cg.C.x-2433  [017]     1.013844: (+1)     bprint:               do_huge_pmd_numa_page: NUMAB MEM ACCESS huge page process[nid:1, cpu:17, pid:2433], folio[virt:0x7f25f3025254, ker:0xffff940c2b600000, pfn:0x1aab600, nid:1, npages:512]
          cg.C.x-2422  [058]     1.013846: (+2)     bprint:               do_huge_pmd_numa_page: NUMAB MEM ACCESS huge page process[nid:0, cpu:58, pid:2422], folio[virt:0x7f25f18744dc, ker:0xffff93f48d600000, pfn:0x30d600, nid:0, npages:512]
          cg.C.x-2410  [034]     1.013846: (+0)     bprint:               __handle_mm_fault: NUMAB MEM ACCESS process[nid:0, cpu:34, pid:2410], folio[virt:0x7f25f71b2eb0, phys:0x13a360000, pfn:0x13a360, nid:0, npages:1]
          cg.C.x-2406  [026]     1.013847: (+1)     bprint:               do_huge_pmd_numa_page: NUMAB MEM ACCESS huge page process[nid:0, cpu:26, pid:2406], folio[virt:0x7f25ef603388, ker:0xffff93f4e0a00000, pfn:0x360a00, nid:0, npages:512]
          cg.C.x-2424  [062]     1.013847: (+0)     bprint:               __handle_mm_fault: NUMAB MEM ACCESS process[nid:0, cpu:62, pid:2424], folio[virt:0x7f25f71d2f70, phys:0x111cd4000, pfn:0x111cd4, nid:0, npages:1]
          cg.C.x-2409  [032]     1.013848: (+1)     bprint:               do_huge_pmd_numa_page: NUMAB MEM ACCESS huge page process[nid:0, cpu:32, pid:2409], folio[virt:0x7f25efc82fd0, ker:0xffff93f2d8e00000, pfn:0x158e00, nid:0, npages:512]
          cg.C.x-2418  [050]     1.013850: (+2)     bprint:               __handle_mm_fault: NUMAB MEM ACCESS process[nid:0, cpu:50, pid:2418], folio[virt:0x7f25f71c53b0, phys:0x1136b2000, pfn:0x1136b2, nid:0, npages:1]
          cg.C.x-2424  [062]     1.013851: (+1)     bprint:               do_huge_pmd_numa_page: NUMAB MEM ACCESS huge page process[nid:0, cpu:62, pid:2424], folio[virt:0x7f25f1cc63b8, ker:0xffff93f4e0400000, pfn:0x360400, nid:0, npages:512]
          cg.C.x-2440  [031]     1.013851: (+0)     sched_stick_numa:     src_pid=2440 src_tgid=2393 src_ngid=2456 src_cpu=31 src_nid=1 dst_pid=0 dst_tgid=0 dst_ngid=0 dst_cpu=-1 dst_nid=-1
          cg.C.x-2402  [018]     1.013852: (+1)     bprint:               __handle_mm_fault: NUMAB MEM ACCESS process[nid:0, cpu:18, pid:2402], folio[virt:0x7f25f71a09b0, phys:0x120635000, pfn:0x120635, nid:0, npages:1]
          cg.C.x-2445  [041]     1.013854: (+2)     bprint:               do_huge_pmd_numa_page: NUMAB MEM ACCESS huge page process[nid:1, cpu:41, pid:2445], folio[virt:0x7f25f4a00000, ker:0xffff940bbc600000, pfn:0x1a3c600, nid:1, npages:512]
          cg.C.x-2432  [015]     1.013855: (+1)     bprint:               __handle_mm_fault: NUMAB MEM ACCESS process[nid:1, cpu:15, pid:2432], folio[virt:0x7f25f71e5470, phys:0x1856d31000, pfn:0x1856d31, nid:1, npages:1]
          cg.C.x-2394  [002]     1.013856: (+1)     bprint:               do_huge_pmd_numa_page: NUMAB MEM ACCESS huge page process[nid:0, cpu:2, pid:2394], folio[virt:0x7f25edc28f38, ker:0xffff93f47f600000, pfn:0x2ff600, nid:0, npages:512]
          cg.C.x-2410  [034]     1.013857: (+1)     bprint:               do_huge_pmd_numa_page: NUMAB MEM ACCESS huge page process[nid:0, cpu:34, pid:2410], folio[virt:0x7f25efea5f58, ker:0xffff93f4a4c00000, pfn:0x324c00, nid:0, npages:512]
          cg.C.x-2400  [014]     1.013857: (+0)     bprint:               __handle_mm_fault: NUMAB MEM ACCESS process[nid:0, cpu:14, pid:2400], folio[virt:0x7f25f719c070, phys:0x1395f2000, pfn:0x1395f2, nid:0, npages:1]
          cg.C.x-2440  [031]     1.013859: (+2)     bprint:               do_huge_pmd_numa_page: NUMAB MEM ACCESS huge page process[nid:1, cpu:31, pid:2440], folio[virt:0x7f25f3f33f20, ker:0xffff940b84a00000, pfn:0x1a04a00, nid:1, npages:512]
          cg.C.x-2416  [046]     1.013860: (+1)     bprint:               __handle_mm_fault: NUMAB MEM ACCESS process[nid:0, cpu:46, pid:2416], folio[virt:0x7f25f71c0a70, phys:0x139224000, pfn:0x139224, nid:0, npages:1]
          cg.C.x-2418  [050]     1.013862: (+2)     bprint:               do_huge_pmd_numa_page: NUMAB MEM ACCESS huge page process[nid:0, cpu:50, pid:2418], folio[virt:0x7f25f0fd7c40, ker:0xffff93f48da00000, pfn:0x30da00, nid:0, npages:512]
          cg.C.x-2413  [040]     1.013862: (+0)     bprint:               __handle_mm_fault: NUMAB MEM ACCESS process[nid:0, cpu:40, pid:2413], folio[virt:0x7f25f71b9c90, phys:0x1227c8000, pfn:0x1227c8, nid:0, npages:1]
          cg.C.x-2402  [018]     1.013864: (+2)     bprint:               do_huge_pmd_numa_page: NUMAB MEM ACCESS huge page process[nid:0, cpu:18, pid:2402], folio[virt:0x7f25eed61088, ker:0xffff93f4cb600000, pfn:0x34b600, nid:0, npages:512]
          cg.C.x-2397  [008]     1.013864: (+0)     bprint:               __handle_mm_fault: NUMAB MEM ACCESS process[nid:0, cpu:8, pid:2397], folio[virt:0x7f25f7195290, phys:0x11127c000, pfn:0x11127c, nid:0, npages:1]
          cg.C.x-2432  [015]     1.013865: (+1)     sched_stick_numa:     src_pid=2432 src_tgid=2393 src_ngid=2433 src_cpu=15 src_nid=1 dst_pid=0 dst_tgid=0 dst_ngid=0 dst_cpu=-1 dst_nid=-1
          cg.C.x-2399  [012]     1.013867: (+2)     bprint:               __handle_mm_fault: NUMAB MEM ACCESS process[nid:0, cpu:12, pid:2399], folio[virt:0x7f25f7199bd0, phys:0x13a105000, pfn:0x13a105, nid:0, npages:1]
          cg.C.x-2415  [044]     1.013869: (+2)     bprint:               __handle_mm_fault: NUMAB MEM ACCESS process[nid:0, cpu:44, pid:2415], folio[virt:0x7f25f71be5d0, phys:0x13a123000, pfn:0x13a123, nid:0, npages:1]
          cg.C.x-2432  [015]     1.013869: (+0)     bprint:               do_huge_pmd_numa_page: NUMAB MEM ACCESS huge page process[nid:1, cpu:15, pid:2432], folio[virt:0x7f25f2df9cd4, ker:0xffff940bf9600000, pfn:0x1a79600, nid:1, npages:512]
          cg.C.x-2416  [046]     1.013871: (+2)     bprint:               do_huge_pmd_numa_page: NUMAB MEM ACCESS huge page process[nid:0, cpu:46, pid:2416], folio[virt:0x7f25f0b8f808, ker:0xffff93f44de00000, pfn:0x2cde00, nid:0, npages:512]
          cg.C.x-2401  [016]     1.013871: (+0)     bprint:               __handle_mm_fault: NUMAB MEM ACCESS process[nid:0, cpu:16, pid:2401], folio[virt:0x7f25f719e510, phys:0x1125a3000, pfn:0x1125a3, nid:0, npages:1]
          cg.C.x-2400  [014]     1.013872: (+1)     bprint:               do_huge_pmd_numa_page: NUMAB MEM ACCESS huge page process[nid:0, cpu:14, pid:2400], folio[virt:0x7f25ee910640, ker:0xffff93f41fa00000, pfn:0x29fa00, nid:0, npages:512]
          cg.C.x-2417  [048]     1.013874: (+2)     bprint:               __handle_mm_fault: NUMAB MEM ACCESS process[nid:0, cpu:48, pid:2417], folio[virt:0x7f25f71c2f10, phys:0x1144c5000, pfn:0x1144c5, nid:0, npages:1]
          cg.C.x-2397  [008]     1.013874: (+0)     bprint:               do_huge_pmd_numa_page: NUMAB MEM ACCESS huge page process[nid:0, cpu:8, pid:2397], folio[virt:0x7f25ee29c2a4, ker:0xffff93f4cb200000, pfn:0x34b200, nid:0, npages:512]
          cg.C.x-2431  [013]     1.013875: (+1)     bprint:               __handle_mm_fault: NUMAB MEM ACCESS process[nid:1, cpu:13, pid:2431], folio[virt:0x7f25f71e3000, phys:0x185e002000, pfn:0x185e002, nid:1, npages:1]
          cg.C.x-2413  [040]     1.013876: (+1)     bprint:               do_huge_pmd_numa_page: NUMAB MEM ACCESS huge page process[nid:0, cpu:40, pid:2413], folio[virt:0x7f25f0517454, ker:0xffff93f4e0800000, pfn:0x360800, nid:0, npages:512]
          cg.C.x-2415  [044]     1.013878: (+2)     bprint:               do_huge_pmd_numa_page: NUMAB MEM ACCESS huge page process[nid:0, cpu:44, pid:2415], folio[virt:0x7f25f0968598, ker:0xffff93f41f200000, pfn:0x29f200, nid:0, npages:512]
          cg.C.x-2399  [012]     1.013880: (+2)     bprint:               do_huge_pmd_numa_page: NUMAB MEM ACCESS huge page process[nid:0, cpu:12, pid:2399], folio[virt:0x7f25ee6e9428, ker:0xffff93f29b400000, pfn:0x11b400, nid:0, npages:512]
          cg.C.x-2401  [016]     1.013884: (+4)     bprint:               do_huge_pmd_numa_page: NUMAB MEM ACCESS huge page process[nid:0, cpu:16, pid:2401], folio[virt:0x7f25eeb37940, ker:0xffff93f4cbe00000, pfn:0x34be00, nid:0, npages:512]
          cg.C.x-2419  [052]     1.013885: (+1)     bprint:               do_huge_pmd_numa_page: NUMAB MEM ACCESS huge page process[nid:0, cpu:52, pid:2419], folio[virt:0x7f25f1200000, ker:0xffff93f4bc200000, pfn:0x33c200, nid:0, npages:512]
          cg.C.x-2417  [048]     1.013887: (+2)     bprint:               do_huge_pmd_numa_page: NUMAB MEM ACCESS huge page process[nid:0, cpu:48, pid:2417], folio[virt:0x7f25f0db3f0c, ker:0xffff93f4a4800000, pfn:0x324800, nid:0, npages:512]
          cg.C.x-2432  [015]     1.013923: (+36)    bprint:               do_huge_pmd_numa_page: NUMAB MEM ACCESS huge page process[nid:1, cpu:15, pid:2432], folio[virt:0x7f25f2e00000, ker:0xffff940b86200000, pfn:0x1a06200, nid:1, npages:512]
          cg.C.x-2424  [062]     1.013930: (+7)     bprint:               __handle_mm_fault: NUMAB MEM ACCESS process[nid:0, cpu:62, pid:2424], folio[virt:0x7f25f71d3000, phys:0x12158f000, pfn:0x12158f, nid:0, npages:1]
          cg.C.x-2417  [048]     1.013991: (+61)    bprint:               __handle_mm_fault: NUMAB MEM ACCESS process[nid:0, cpu:48, pid:2417], folio[virt:0x7f25f71c3000, phys:0x1144c6000, pfn:0x1144c6, nid:0, npages:1]
          cg.C.x-2455  [061]     1.013997: (+6)     bprint:               __handle_mm_fault: NUMAB MEM ACCESS process[nid:1, cpu:61, pid:2455], folio[virt:0x7f25f721a000, phys:0x18668d8000, pfn:0x18668d8, nid:1, npages:1]
          cg.C.x-2448  [047]     1.014022: (+25)    bprint:               __handle_mm_fault: NUMAB MEM ACCESS process[nid:1, cpu:47, pid:2448], folio[virt:0x7f25f720a000, phys:0x1855c1e000, pfn:0x1855c1e, nid:1, npages:1]
