          cg.C.x-2885  [037]     0.007853: (+0)     sched_switch:         cg.C.x:2885 [120] R ==> kworker/37:0:241 [120]
          cg.C.x-2884  [035]     0.007853: (+0)     sched_switch:         cg.C.x:2884 [120] R ==> kworker/35:1:723 [120]
          cg.C.x-2894  [055]     0.007854: (+1)     sched_switch:         cg.C.x:2894 [120] R ==> kworker/55:1:501 [120]
          cg.C.x-2887  [041]     0.007854: (+0)     sched_switch:         cg.C.x:2887 [120] R ==> kworker/41:1:587 [120]
          cg.C.x-2891  [049]     0.007854: (+0)     sched_switch:         cg.C.x:2891 [120] R ==> kworker/49:2:956 [120]
          cg.C.x-2855  [040]     0.007854: (+0)     sched_switch:         cg.C.x:2855 [120] R ==> kworker/40:1:725 [120]
          cg.C.x-2889  [045]     0.007854: (+0)     sched_switch:         cg.C.x:2889 [120] R ==> kworker/45:1:546 [120]
          cg.C.x-2862  [054]     0.007855: (+1)     sched_switch:         cg.C.x:2862 [120] R ==> kworker/54:1:735 [120]
          cg.C.x-2898  [063]     0.007855: (+0)     sched_switch:         cg.C.x:2898 [120] R ==> kworker/63:1:654 [120]
          cg.C.x-2893  [053]     0.007855: (+0)     sched_switch:         cg.C.x:2893 [120] R ==> kworker/53:1:588 [120]
          cg.C.x-2881  [029]     0.007856: (+1)     sched_switch:         cg.C.x:2881 [120] R ==> kworker/29:1:497 [120]
          cg.C.x-2875  [017]     0.007856: (+0)     sched_switch:         cg.C.x:2875 [120] R ==> kworker/17:1:486 [120]
          cg.C.x-2879  [025]     0.007856: (+0)     sched_switch:         cg.C.x:2879 [120] R ==> kworker/25:1:741 [120]
          cg.C.x-2878  [023]     0.007856: (+0)     sched_switch:         cg.C.x:2878 [120] R ==> kworker/23:0:157 [120]
          cg.C.x-2868  [003]     0.007856: (+0)     sched_switch:         cg.C.x:2868 [120] R ==> kworker/3:1:707 [120]
          cg.C.x-2871  [009]     0.007857: (+1)     sched_switch:         cg.C.x:2871 [120] R ==> kworker/9:1:713 [120]
          cg.C.x-2876  [019]     0.007857: (+0)     sched_switch:         cg.C.x:2876 [120] R ==> kworker/19:1:717 [120]
          cg.C.x-2872  [011]     0.007857: (+0)     sched_switch:         cg.C.x:2872 [120] R ==> kworker/11:1:545 [120]
          cg.C.x-2882  [031]     0.007857: (+0)     sched_switch:         cg.C.x:2882 [120] R ==> kworker/31:1:492 [120]
          cg.C.x-2847  [024]     0.007857: (+0)     sched_switch:         cg.C.x:2847 [120] R ==> kworker/24:1:731 [120]
          cg.C.x-2842  [014]     0.007857: (+0)     sched_switch:         cg.C.x:2842 [120] R ==> kworker/14:1:708 [120]
          cg.C.x-2877  [021]     0.007858: (+1)     sched_switch:         cg.C.x:2877 [120] R ==> kworker/21:1:721 [120]
          cg.C.x-2844  [018]     0.007858: (+0)     sched_switch:         cg.C.x:2844 [120] R ==> kworker/18:1:718 [120]
          cg.C.x-2848  [026]     0.007858: (+0)     sched_switch:         cg.C.x:2848 [120] R ==> kworker/26:1:728 [120]
          cg.C.x-2841  [012]     0.007858: (+0)     sched_switch:         cg.C.x:2841 [120] R ==> kworker/12:1:710 [120]
    kworker/33:1-484   [033]     0.007860: (+2)     sched_switch:         kworker/33:1:484 [120] I ==> cg.C.x:2883 [120]
    kworker/39:1-586   [039]     0.007861: (+1)     sched_switch:         kworker/39:1:586 [120] I ==> cg.C.x:2886 [120]
    kworker/49:2-956   [049]     0.007861: (+0)     sched_switch:         kworker/49:2:956 [120] I ==> cg.C.x:2891 [120]
    kworker/47:0-301   [047]     0.007861: (+0)     sched_switch:         kworker/47:0:301 [120] I ==> cg.C.x:2890 [120]
    kworker/17:1-486   [017]     0.007861: (+0)     sched_switch:         kworker/17:1:486 [120] I ==> cg.C.x:2875 [120]
    kworker/41:1-587   [041]     0.007861: (+0)     sched_switch:         kworker/41:1:587 [120] I ==> cg.C.x:2887 [120]
    kworker/45:1-546   [045]     0.007861: (+0)     sched_switch:         kworker/45:1:546 [120] I ==> cg.C.x:2889 [120]
     kworker/3:1-707   [003]     0.007862: (+1)     sched_switch:         kworker/3:1:707 [120] I ==> cg.C.x:2868 [120]
     kworker/9:1-713   [009]     0.007862: (+0)     sched_switch:         kworker/9:1:713 [120] I ==> cg.C.x:2871 [120]
    kworker/29:1-497   [029]     0.007862: (+0)     sched_switch:         kworker/29:1:497 [120] I ==> cg.C.x:2881 [120]
    kworker/23:0-157   [023]     0.007862: (+0)     sched_switch:         kworker/23:0:157 [120] I ==> cg.C.x:2878 [120]
    kworker/53:1-588   [053]     0.007863: (+1)     sched_switch:         kworker/53:1:588 [120] I ==> cg.C.x:2893 [120]
    kworker/11:1-545   [011]     0.007863: (+0)     sched_switch:         kworker/11:1:545 [120] I ==> cg.C.x:2872 [120]
    kworker/21:1-721   [021]     0.007863: (+0)     sched_switch:         kworker/21:1:721 [120] I ==> cg.C.x:2877 [120]
    kworker/31:1-492   [031]     0.007863: (+0)     sched_switch:         kworker/31:1:492 [120] I ==> cg.C.x:2882 [120]
    kworker/54:1-735   [054]     0.007864: (+1)     sched_switch:         kworker/54:1:735 [120] I ==> cg.C.x:2862 [120]
    kworker/19:1-717   [019]     0.007864: (+0)     sched_switch:         kworker/19:1:717 [120] I ==> cg.C.x:2876 [120]
    kworker/59:1-544   [059]     0.007864: (+0)     sched_switch:         kworker/59:1:544 [120] I ==> cg.C.x:2896 [120]
    kworker/12:1-710   [012]     0.007865: (+1)     sched_switch:         kworker/12:1:710 [120] I ==> cg.C.x:2841 [120]
    kworker/36:1-715   [036]     0.007865: (+0)     sched_switch:         kworker/36:1:715 [120] I ==> cg.C.x:2853 [120]
    kworker/26:1-728   [026]     0.007866: (+1)     sched_switch:         kworker/26:1:728 [120] I ==> cg.C.x:2848 [120]
    kworker/40:1-725   [040]     0.007866: (+0)     sched_switch:         kworker/40:1:725 [120] I ==> cg.C.x:2855 [120]
    kworker/18:1-718   [018]     0.007866: (+0)     sched_switch:         kworker/18:1:718 [120] I ==> cg.C.x:2844 [120]
    kworker/14:1-708   [014]     0.007866: (+0)     sched_switch:         kworker/14:1:708 [120] I ==> cg.C.x:2842 [120]
    kworker/24:1-731   [024]     0.007866: (+0)     sched_switch:         kworker/24:1:731 [120] I ==> cg.C.x:2847 [120]
    kworker/37:0-241   [037]     0.007866: (+0)     sched_switch:         kworker/37:0:241 [120] I ==> cg.C.x:2885 [120]
    kworker/43:1-736   [043]     0.007867: (+1)     sched_switch:         kworker/43:1:736 [120] I ==> cg.C.x:2888 [120]
    kworker/55:1-501   [055]     0.007868: (+1)     sched_switch:         kworker/55:1:501 [120] I ==> cg.C.x:2894 [120]
    kworker/35:1-723   [035]     0.007881: (+13)    sched_switch:         kworker/35:1:723 [120] I ==> cg.C.x:2884 [120]
    kworker/25:1-741   [025]     0.007886: (+5)     sched_switch:         kworker/25:1:741 [120] I ==> cg.C.x:2879 [120]
    kworker/63:1-654   [063]     0.007887: (+1)     sched_switch:         kworker/63:1:654 [120] I ==> cg.C.x:2898 [120]
          cg.C.x-2851  [032]     0.011352: (+3465)  sched_waking:         comm=tmux: server pid=2003 prio=120 target_cpu=032
          cg.C.x-2851  [032]     0.011361: (+9)     sched_wakeup:         tmux: server:2003 [120] CPU:032
          cg.C.x-2851  [032]     0.011364: (+3)     sched_switch:         cg.C.x:2851 [120] R ==> tmux: server:2003 [120]
    tmux: server-2003  [032]     0.011380: (+16)    sched_switch:         tmux: server:2003 [120] S ==> cg.C.x:2851 [120]
          cg.C.x-2855  [040]     0.011834: (+454)   sched_waking:         comm=rcu_preempt pid=17 prio=120 target_cpu=040
          cg.C.x-2892  [051]     0.011838: (+4)     sched_switch:         cg.C.x:2892 [120] R ==> kworker/51:1:737 [120]
          cg.C.x-2855  [040]     0.011838: (+0)     sched_wakeup:         rcu_preempt:17 [120] CPU:040
          cg.C.x-2855  [040]     0.011840: (+2)     sched_switch:         cg.C.x:2855 [120] R ==> rcu_preempt:17 [120]
    kworker/51:1-737   [051]     0.011845: (+5)     sched_switch:         kworker/51:1:737 [120] I ==> cg.C.x:2892 [120]
     rcu_preempt-17    [040]     0.011847: (+2)     sched_switch:         rcu_preempt:17 [120] I ==> cg.C.x:2855 [120]
          cg.C.x-2851  [032]     0.013427: (+1580)  sched_waking:         comm=tmux: server pid=2003 prio=120 target_cpu=032
          cg.C.x-2851  [032]     0.013430: (+3)     sched_wakeup:         tmux: server:2003 [120] CPU:032
          cg.C.x-2846  [022]     0.015833: (+2403)  bprint:               change_prot_numa: NUMAB SCAN vma[start:0x557a1047f000, end:0x557a10480000, from:0x557a1047f000, to:0x557a10480000, size:4 KB]
          cg.C.x-2851  [032]     0.015835: (+2)     sched_switch:         cg.C.x:2851 [120] R ==> tmux: server:2003 [120]
    tmux: server-2003  [032]     0.015851: (+16)    sched_switch:         tmux: server:2003 [120] S ==> cg.C.x:2851 [120]
          cg.C.x-2846  [022]     0.015865: (+14)    bprint:               change_prot_numa: NUMAB SCAN vma[start:0x557a10480000, end:0x557a10481000, from:0x557a10480000, to:0x557a10481000, size:4 KB]
          cg.C.x-2862  [054]     0.015878: (+13)    bprint:               __handle_mm_fault: NUMAB MEM ACCESS process[nid:0, cpu:54, pid:2862], folio[virt:0x557a10480344, phys:0x153b5c000, pfn:0x153b5c, nid:0, npages:1]
          cg.C.x-2846  [022]     0.015878: (+0)     bprint:               change_prot_numa: NUMAB SCAN vma[start:0x557a11cbd000, end:0x557a11cde000, from:0x557a11cbd000, to:0x557a11cde000, size:132 KB]
          cg.C.x-2846  [022]     0.015900: (+22)    bprint:               change_prot_numa: NUMAB SCAN vma[start:0x7fca98801000, end:0x7fca99001000, from:0x7fca98801000, to:0x7fca99001000, size:8192 KB]
          cg.C.x-2837  [004]     0.015901: (+1)     bprint:               __handle_mm_fault: NUMAB MEM ACCESS process[nid:0, cpu:4, pid:2837], folio[virt:0x557a11cc8504, phys:0x1216f0000, pfn:0x1216f0, nid:0, npages:1]
          cg.C.x-2846  [022]     0.015906: (+5)     bprint:               change_prot_numa: NUMAB SCAN vma[start:0x7fca99201000, end:0x7fca99a01000, from:0x7fca99201000, to:0x7fca99a01000, size:8192 KB]
          cg.C.x-2846  [022]     0.015911: (+5)     bprint:               change_prot_numa: NUMAB SCAN vma[start:0x7fca99c01000, end:0x7fca9a401000, from:0x7fca99c01000, to:0x7fca9a401000, size:8192 KB]
          cg.C.x-2846  [022]     0.015916: (+5)     bprint:               change_prot_numa: NUMAB SCAN vma[start:0x7fca9a601000, end:0x7fca9ae01000, from:0x7fca9a601000, to:0x7fca9ae01000, size:8192 KB]
          cg.C.x-2846  [022]     0.015933: (+17)    bprint:               change_prot_numa: NUMAB SCAN vma[start:0x7fca9b001000, end:0x7fca9b801000, from:0x7fca9b001000, to:0x7fca9b801000, size:8192 KB]
          cg.C.x-2895  [057]     0.015934: (+1)     bprint:               __handle_mm_fault: NUMAB MEM ACCESS process[nid:1, cpu:57, pid:2895], folio[virt:0x7fca9ae002b8, phys:0x11258a000, pfn:0x11258a, nid:0, npages:1]
          cg.C.x-2895  [057]     0.015936: (+2)     bprint:               __handle_mm_fault: NUMAB TRY MEM MIGR process[nid:1, cpu:57, pid:2895], folio[virt:0x7fca9ae002b8, phys:0x11258a000, nid:0], target_nid:1
          cg.C.x-2846  [022]     0.015951: (+15)    bprint:               change_prot_numa: NUMAB SCAN vma[start:0x7fca9ba01000, end:0x7fca9c201000, from:0x7fca9ba01000, to:0x7fca9c201000, size:8192 KB]
          cg.C.x-2894  [055]     0.015951: (+0)     bprint:               __handle_mm_fault: NUMAB MEM ACCESS process[nid:1, cpu:55, pid:2894], folio[virt:0x7fca9b8002b0, phys:0x13b865000, pfn:0x13b865, nid:0, npages:1]
          cg.C.x-2894  [055]     0.015953: (+2)     bprint:               __handle_mm_fault: NUMAB TRY MEM MIGR process[nid:1, cpu:55, pid:2894], folio[virt:0x7fca9b8002b0, phys:0x13b865000, nid:0], target_nid:1
          cg.C.x-2895  [057]     0.015971: (+18)    bprint:               __handle_mm_fault: NUMAB COMPLETED MEM MIGR process[nid:1, cpu:57, pid:2895], old[phys:0x11258a000, nid:0, npages:1], new[phys:0x186d7a0000, nid:1, npages:1]
          cg.C.x-2894  [055]     0.015986: (+15)    bprint:               __handle_mm_fault: NUMAB COMPLETED MEM MIGR process[nid:1, cpu:55, pid:2894], old[phys:0x13b865000, nid:0, npages:1], new[phys:0x18578d2000, nid:1, npages:1]
          cg.C.x-2846  [022]     0.015998: (+12)    bprint:               change_prot_numa: NUMAB SCAN vma[start:0x7fca9c401000, end:0x7fca9cc01000, from:0x7fca9c401000, to:0x7fca9cc01000, size:8192 KB]
          cg.C.x-2893  [053]     0.015999: (+1)     bprint:               __handle_mm_fault: NUMAB MEM ACCESS process[nid:1, cpu:53, pid:2893], folio[virt:0x7fca9c2002b0, phys:0x13b864000, pfn:0x13b864, nid:0, npages:1]
          cg.C.x-2893  [053]     0.016001: (+2)     bprint:               __handle_mm_fault: NUMAB TRY MEM MIGR process[nid:1, cpu:53, pid:2893], folio[virt:0x7fca9c2002b0, phys:0x13b864000, nid:0], target_nid:1
          cg.C.x-2846  [022]     0.016016: (+15)    bprint:               change_prot_numa: NUMAB SCAN vma[start:0x7fca9ce01000, end:0x7fca9d601000, from:0x7fca9ce01000, to:0x7fca9d601000, size:8192 KB]
          cg.C.x-2892  [051]     0.016017: (+1)     bprint:               __handle_mm_fault: NUMAB MEM ACCESS process[nid:1, cpu:51, pid:2892], folio[virt:0x7fca9cc002a8, phys:0x13b84d000, pfn:0x13b84d, nid:0, npages:1]
          cg.C.x-2892  [051]     0.016018: (+1)     bprint:               __handle_mm_fault: NUMAB TRY MEM MIGR process[nid:1, cpu:51, pid:2892], folio[virt:0x7fca9cc002a8, phys:0x13b84d000, nid:0], target_nid:1
          cg.C.x-2893  [053]     0.016035: (+17)    bprint:               __handle_mm_fault: NUMAB COMPLETED MEM MIGR process[nid:1, cpu:53, pid:2893], old[phys:0x13b864000, nid:0, npages:1], new[phys:0x186d4dd000, nid:1, npages:1]
          cg.C.x-2892  [051]     0.016050: (+15)    bprint:               __handle_mm_fault: NUMAB COMPLETED MEM MIGR process[nid:1, cpu:51, pid:2892], old[phys:0x13b84d000, nid:0, npages:1], new[phys:0x1866b9e000, nid:1, npages:1]
          cg.C.x-2846  [022]     0.016064: (+14)    bprint:               change_prot_numa: NUMAB SCAN vma[start:0x7fca9d801000, end:0x7fca9e001000, from:0x7fca9d801000, to:0x7fca9e001000, size:8192 KB]
          cg.C.x-2891  [049]     0.016065: (+1)     bprint:               __handle_mm_fault: NUMAB MEM ACCESS process[nid:1, cpu:49, pid:2891], folio[virt:0x7fca9d6002b0, phys:0x121e21000, pfn:0x121e21, nid:0, npages:1]
          cg.C.x-2891  [049]     0.016066: (+1)     bprint:               __handle_mm_fault: NUMAB TRY MEM MIGR process[nid:1, cpu:49, pid:2891], folio[virt:0x7fca9d6002b0, phys:0x121e21000, nid:0], target_nid:1
          cg.C.x-2846  [022]     0.016081: (+15)    bprint:               change_prot_numa: NUMAB SCAN vma[start:0x7fca9e201000, end:0x7fca9ea01000, from:0x7fca9e201000, to:0x7fca9ea01000, size:8192 KB]
          cg.C.x-2890  [047]     0.016082: (+1)     bprint:               __handle_mm_fault: NUMAB MEM ACCESS process[nid:1, cpu:47, pid:2890], folio[virt:0x7fca9e0002b8, phys:0x121e20000, pfn:0x121e20, nid:0, npages:1]
          cg.C.x-2890  [047]     0.016083: (+1)     bprint:               __handle_mm_fault: NUMAB TRY MEM MIGR process[nid:1, cpu:47, pid:2890], folio[virt:0x7fca9e0002b8, phys:0x121e20000, nid:0], target_nid:1
          cg.C.x-2891  [049]     0.016099: (+16)    bprint:               __handle_mm_fault: NUMAB COMPLETED MEM MIGR process[nid:1, cpu:49, pid:2891], old[phys:0x121e21000, nid:0, npages:1], new[phys:0x185eba0000, nid:1, npages:1]
          cg.C.x-2890  [047]     0.016113: (+14)    bprint:               __handle_mm_fault: NUMAB COMPLETED MEM MIGR process[nid:1, cpu:47, pid:2890], old[phys:0x121e20000, nid:0, npages:1], new[phys:0x186cfe0000, nid:1, npages:1]
          cg.C.x-2846  [022]     0.016136: (+23)    bprint:               change_prot_numa: NUMAB SCAN vma[start:0x7fca9ec01000, end:0x7fca9f401000, from:0x7fca9ec01000, to:0x7fca9f401000, size:8192 KB]
          cg.C.x-2889  [045]     0.016136: (+0)     bprint:               __handle_mm_fault: NUMAB MEM ACCESS process[nid:1, cpu:45, pid:2889], folio[virt:0x7fca9ea002b0, phys:0x1206eb000, pfn:0x1206eb, nid:0, npages:1]
          cg.C.x-2889  [045]     0.016138: (+2)     bprint:               __handle_mm_fault: NUMAB TRY MEM MIGR process[nid:1, cpu:45, pid:2889], folio[virt:0x7fca9ea002b0, phys:0x1206eb000, nid:0], target_nid:1
          cg.C.x-2846  [022]     0.016153: (+15)    bprint:               change_prot_numa: NUMAB SCAN vma[start:0x7fca9f601000, end:0x7fca9fe01000, from:0x7fca9f601000, to:0x7fca9fe01000, size:8192 KB]
          cg.C.x-2888  [043]     0.016154: (+1)     bprint:               __handle_mm_fault: NUMAB MEM ACCESS process[nid:1, cpu:43, pid:2888], folio[virt:0x7fca9f4002b0, phys:0x1206ea000, pfn:0x1206ea, nid:0, npages:1]
          cg.C.x-2888  [043]     0.016156: (+2)     bprint:               __handle_mm_fault: NUMAB TRY MEM MIGR process[nid:1, cpu:43, pid:2888], folio[virt:0x7fca9f4002b0, phys:0x1206ea000, nid:0], target_nid:1
          cg.C.x-2889  [045]     0.016171: (+15)    bprint:               __handle_mm_fault: NUMAB COMPLETED MEM MIGR process[nid:1, cpu:45, pid:2889], old[phys:0x1206eb000, nid:0, npages:1], new[phys:0x185e509000, nid:1, npages:1]
          cg.C.x-2888  [043]     0.016185: (+14)    bprint:               __handle_mm_fault: NUMAB COMPLETED MEM MIGR process[nid:1, cpu:43, pid:2888], old[phys:0x1206ea000, nid:0, npages:1], new[phys:0x186d274000, nid:1, npages:1]
          cg.C.x-2846  [022]     0.016203: (+18)    bprint:               change_prot_numa: NUMAB SCAN vma[start:0x7fcaa0001000, end:0x7fcaa0801000, from:0x7fcaa0001000, to:0x7fcaa0801000, size:8192 KB]
          cg.C.x-2887  [041]     0.016204: (+1)     bprint:               __handle_mm_fault: NUMAB MEM ACCESS process[nid:1, cpu:41, pid:2887], folio[virt:0x7fca9fe002b0, phys:0x13b005000, pfn:0x13b005, nid:0, npages:1]
          cg.C.x-2887  [041]     0.016205: (+1)     bprint:               __handle_mm_fault: NUMAB TRY MEM MIGR process[nid:1, cpu:41, pid:2887], folio[virt:0x7fca9fe002b0, phys:0x13b005000, nid:0], target_nid:1
          cg.C.x-2846  [022]     0.016220: (+15)    bprint:               change_prot_numa: NUMAB SCAN vma[start:0x7fcaa0a01000, end:0x7fcaa1201000, from:0x7fcaa0a01000, to:0x7fcaa1201000, size:8192 KB]
          cg.C.x-2886  [039]     0.016221: (+1)     bprint:               __handle_mm_fault: NUMAB MEM ACCESS process[nid:1, cpu:39, pid:2886], folio[virt:0x7fcaa08002b0, phys:0x13b004000, pfn:0x13b004, nid:0, npages:1]
          cg.C.x-2886  [039]     0.016223: (+2)     bprint:               __handle_mm_fault: NUMAB TRY MEM MIGR process[nid:1, cpu:39, pid:2886], folio[virt:0x7fcaa08002b0, phys:0x13b004000, nid:0], target_nid:1
          cg.C.x-2887  [041]     0.016240: (+17)    bprint:               __handle_mm_fault: NUMAB COMPLETED MEM MIGR process[nid:1, cpu:41, pid:2887], old[phys:0x13b005000, nid:0, npages:1], new[phys:0x185dc21000, nid:1, npages:1]
          cg.C.x-2886  [039]     0.016258: (+18)    bprint:               __handle_mm_fault: NUMAB COMPLETED MEM MIGR process[nid:1, cpu:39, pid:2886], old[phys:0x13b004000, nid:0, npages:1], new[phys:0x18572d0000, nid:1, npages:1]
          cg.C.x-2846  [022]     0.016269: (+11)    bprint:               change_prot_numa: NUMAB SCAN vma[start:0x7fcaa1401000, end:0x7fcaa1c01000, from:0x7fcaa1401000, to:0x7fcaa1c01000, size:8192 KB]
          cg.C.x-2885  [037]     0.016269: (+0)     bprint:               __handle_mm_fault: NUMAB MEM ACCESS process[nid:1, cpu:37, pid:2885], folio[virt:0x7fcaa12002b0, phys:0x183fe57000, pfn:0x183fe57, nid:0, npages:1]
          cg.C.x-2885  [037]     0.016271: (+2)     bprint:               __handle_mm_fault: NUMAB TRY MEM MIGR process[nid:1, cpu:37, pid:2885], folio[virt:0x7fcaa12002b0, phys:0x183fe57000, nid:0], target_nid:1
          cg.C.x-2846  [022]     0.016286: (+15)    bprint:               change_prot_numa: NUMAB SCAN vma[start:0x7fcaa1e01000, end:0x7fcaa2601000, from:0x7fcaa1e01000, to:0x7fcaa2601000, size:8192 KB]
          cg.C.x-2884  [035]     0.016287: (+1)     bprint:               __handle_mm_fault: NUMAB MEM ACCESS process[nid:1, cpu:35, pid:2884], folio[virt:0x7fcaa1c002b0, phys:0x183fe56000, pfn:0x183fe56, nid:0, npages:1]
          cg.C.x-2884  [035]     0.016288: (+1)     bprint:               __handle_mm_fault: NUMAB TRY MEM MIGR process[nid:1, cpu:35, pid:2884], folio[virt:0x7fcaa1c002b0, phys:0x183fe56000, nid:0], target_nid:1
          cg.C.x-2885  [037]     0.016307: (+19)    bprint:               __handle_mm_fault: NUMAB COMPLETED MEM MIGR process[nid:1, cpu:37, pid:2885], old[phys:0x183fe57000, nid:0, npages:1], new[phys:0x1864bbf000, nid:1, npages:1]
          cg.C.x-2884  [035]     0.016324: (+17)    bprint:               __handle_mm_fault: NUMAB COMPLETED MEM MIGR process[nid:1, cpu:35, pid:2884], old[phys:0x183fe56000, nid:0, npages:1], new[phys:0x1866ba1000, nid:1, npages:1]
          cg.C.x-2846  [022]     0.016338: (+14)    bprint:               change_prot_numa: NUMAB SCAN vma[start:0x7fcaa2801000, end:0x7fcaa3001000, from:0x7fcaa2801000, to:0x7fcaa3001000, size:8192 KB]
          cg.C.x-2883  [033]     0.016339: (+1)     bprint:               __handle_mm_fault: NUMAB MEM ACCESS process[nid:1, cpu:33, pid:2883], folio[virt:0x7fcaa26002b0, phys:0x13aaeb000, pfn:0x13aaeb, nid:0, npages:1]
          cg.C.x-2883  [033]     0.016340: (+1)     bprint:               __handle_mm_fault: NUMAB TRY MEM MIGR process[nid:1, cpu:33, pid:2883], folio[virt:0x7fcaa26002b0, phys:0x13aaeb000, nid:0], target_nid:1
          cg.C.x-2846  [022]     0.016355: (+15)    bprint:               change_prot_numa: NUMAB SCAN vma[start:0x7fcaa3201000, end:0x7fcaa3a01000, from:0x7fcaa3201000, to:0x7fcaa3a01000, size:8192 KB]
          cg.C.x-2882  [031]     0.016356: (+1)     bprint:               __handle_mm_fault: NUMAB MEM ACCESS process[nid:1, cpu:31, pid:2882], folio[virt:0x7fcaa30002b0, phys:0x13aaea000, pfn:0x13aaea, nid:0, npages:1]
          cg.C.x-2882  [031]     0.016357: (+1)     bprint:               __handle_mm_fault: NUMAB TRY MEM MIGR process[nid:1, cpu:31, pid:2882], folio[virt:0x7fcaa30002b0, phys:0x13aaea000, nid:0], target_nid:1
          cg.C.x-2883  [033]     0.016377: (+20)    bprint:               __handle_mm_fault: NUMAB COMPLETED MEM MIGR process[nid:1, cpu:33, pid:2883], old[phys:0x13aaeb000, nid:0, npages:1], new[phys:0x185e81e000, nid:1, npages:1]
          cg.C.x-2882  [031]     0.016393: (+16)    bprint:               __handle_mm_fault: NUMAB COMPLETED MEM MIGR process[nid:1, cpu:31, pid:2882], old[phys:0x13aaea000, nid:0, npages:1], new[phys:0x18578fa000, nid:1, npages:1]
          cg.C.x-2846  [022]     0.016409: (+16)    bprint:               change_prot_numa: NUMAB SCAN vma[start:0x7fcaa3c01000, end:0x7fcaa4401000, from:0x7fcaa3c01000, to:0x7fcaa4401000, size:8192 KB]
          cg.C.x-2881  [029]     0.016410: (+1)     bprint:               __handle_mm_fault: NUMAB MEM ACCESS process[nid:1, cpu:29, pid:2881], folio[virt:0x7fcaa3a002b0, phys:0x1536d5000, pfn:0x1536d5, nid:0, npages:1]
          cg.C.x-2881  [029]     0.016412: (+2)     bprint:               __handle_mm_fault: NUMAB TRY MEM MIGR process[nid:1, cpu:29, pid:2881], folio[virt:0x7fcaa3a002b0, phys:0x1536d5000, nid:0], target_nid:1
          cg.C.x-2846  [022]     0.016426: (+14)    bprint:               change_prot_numa: NUMAB SCAN vma[start:0x7fcaa4601000, end:0x7fcaa4e01000, from:0x7fcaa4601000, to:0x7fcaa4e01000, size:8192 KB]
          cg.C.x-2880  [027]     0.016427: (+1)     bprint:               __handle_mm_fault: NUMAB MEM ACCESS process[nid:1, cpu:27, pid:2880], folio[virt:0x7fcaa44002b0, phys:0x1536d4000, pfn:0x1536d4, nid:0, npages:1]
          cg.C.x-2880  [027]     0.016429: (+2)     bprint:               __handle_mm_fault: NUMAB TRY MEM MIGR process[nid:1, cpu:27, pid:2880], folio[virt:0x7fcaa44002b0, phys:0x1536d4000, nid:0], target_nid:1
          cg.C.x-2881  [029]     0.016446: (+17)    bprint:               __handle_mm_fault: NUMAB COMPLETED MEM MIGR process[nid:1, cpu:29, pid:2881], old[phys:0x1536d5000, nid:0, npages:1], new[phys:0x185ea51000, nid:1, npages:1]
          cg.C.x-2880  [027]     0.016463: (+17)    bprint:               __handle_mm_fault: NUMAB COMPLETED MEM MIGR process[nid:1, cpu:27, pid:2880], old[phys:0x1536d4000, nid:0, npages:1], new[phys:0x185ee1c000, nid:1, npages:1]
          cg.C.x-2846  [022]     0.016485: (+22)    bprint:               change_prot_numa: NUMAB SCAN vma[start:0x7fcaa5001000, end:0x7fcaa5801000, from:0x7fcaa5001000, to:0x7fcaa5801000, size:8192 KB]
          cg.C.x-2879  [025]     0.016486: (+1)     bprint:               __handle_mm_fault: NUMAB MEM ACCESS process[nid:1, cpu:25, pid:2879], folio[virt:0x7fcaa4e002b0, phys:0x13ab3e000, pfn:0x13ab3e, nid:0, npages:1]
          cg.C.x-2879  [025]     0.016487: (+1)     bprint:               __handle_mm_fault: NUMAB TRY MEM MIGR process[nid:1, cpu:25, pid:2879], folio[virt:0x7fcaa4e002b0, phys:0x13ab3e000, nid:0], target_nid:1
          cg.C.x-2846  [022]     0.016502: (+15)    bprint:               change_prot_numa: NUMAB SCAN vma[start:0x7fcaa5a01000, end:0x7fcaa6201000, from:0x7fcaa5a01000, to:0x7fcaa6201000, size:8192 KB]
          cg.C.x-2878  [023]     0.016503: (+1)     bprint:               __handle_mm_fault: NUMAB MEM ACCESS process[nid:1, cpu:23, pid:2878], folio[virt:0x7fcaa58002b0, phys:0x153b8f000, pfn:0x153b8f, nid:0, npages:1]
          cg.C.x-2878  [023]     0.016504: (+1)     bprint:               __handle_mm_fault: NUMAB TRY MEM MIGR process[nid:1, cpu:23, pid:2878], folio[virt:0x7fcaa58002b0, phys:0x153b8f000, nid:0], target_nid:1
          cg.C.x-2878  [023]     0.016529: (+25)    bprint:               __handle_mm_fault: NUMAB COMPLETED MEM MIGR process[nid:1, cpu:23, pid:2878], old[phys:0x153b8f000, nid:0, npages:1], new[phys:0x186ec73000, nid:1, npages:1]
          cg.C.x-2879  [025]     0.016530: (+1)     bprint:               __handle_mm_fault: NUMAB COMPLETED MEM MIGR process[nid:1, cpu:25, pid:2879], old[phys:0x13ab3e000, nid:0, npages:1], new[phys:0x1854fb5000, nid:1, npages:1]
          cg.C.x-2846  [022]     0.016557: (+27)    bprint:               change_prot_numa: NUMAB SCAN vma[start:0x7fcaa6401000, end:0x7fcaa6c01000, from:0x7fcaa6401000, to:0x7fcaa6c01000, size:8192 KB]
          cg.C.x-2877  [021]     0.016558: (+1)     bprint:               __handle_mm_fault: NUMAB MEM ACCESS process[nid:1, cpu:21, pid:2877], folio[virt:0x7fcaa62002b8, phys:0x153b8e000, pfn:0x153b8e, nid:0, npages:1]
          cg.C.x-2877  [021]     0.016559: (+1)     bprint:               __handle_mm_fault: NUMAB TRY MEM MIGR process[nid:1, cpu:21, pid:2877], folio[virt:0x7fcaa62002b8, phys:0x153b8e000, nid:0], target_nid:1
          cg.C.x-2846  [022]     0.016574: (+15)    bprint:               change_prot_numa: NUMAB SCAN vma[start:0x7fcaa6e01000, end:0x7fcaa7601000, from:0x7fcaa6e01000, to:0x7fcaa7601000, size:8192 KB]
          cg.C.x-2876  [019]     0.016575: (+1)     bprint:               __handle_mm_fault: NUMAB MEM ACCESS process[nid:1, cpu:19, pid:2876], folio[virt:0x7fcaa6c002b0, phys:0x1108cd000, pfn:0x1108cd, nid:0, npages:1]
          cg.C.x-2876  [019]     0.016576: (+1)     bprint:               __handle_mm_fault: NUMAB TRY MEM MIGR process[nid:1, cpu:19, pid:2876], folio[virt:0x7fcaa6c002b0, phys:0x1108cd000, nid:0], target_nid:1
          cg.C.x-2877  [021]     0.016591: (+15)    bprint:               __handle_mm_fault: NUMAB COMPLETED MEM MIGR process[nid:1, cpu:21, pid:2877], old[phys:0x153b8e000, nid:0, npages:1], new[phys:0x186ce3f000, nid:1, npages:1]
          cg.C.x-2876  [019]     0.016607: (+16)    bprint:               __handle_mm_fault: NUMAB COMPLETED MEM MIGR process[nid:1, cpu:19, pid:2876], old[phys:0x1108cd000, nid:0, npages:1], new[phys:0x1858fbb000, nid:1, npages:1]
          cg.C.x-2846  [022]     0.016619: (+12)    bprint:               change_prot_numa: NUMAB SCAN vma[start:0x7fcaa7801000, end:0x7fcaa8001000, from:0x7fcaa7801000, to:0x7fcaa8001000, size:8192 KB]
          cg.C.x-2875  [017]     0.016620: (+1)     bprint:               __handle_mm_fault: NUMAB MEM ACCESS process[nid:1, cpu:17, pid:2875], folio[virt:0x7fcaa76002b0, phys:0x1108cc000, pfn:0x1108cc, nid:0, npages:1]
          cg.C.x-2875  [017]     0.016621: (+1)     bprint:               __handle_mm_fault: NUMAB TRY MEM MIGR process[nid:1, cpu:17, pid:2875], folio[virt:0x7fcaa76002b0, phys:0x1108cc000, nid:0], target_nid:1
          cg.C.x-2846  [022]     0.016636: (+15)    bprint:               change_prot_numa: NUMAB SCAN vma[start:0x7fcaa8201000, end:0x7fcaa8a01000, from:0x7fcaa8201000, to:0x7fcaa8a01000, size:8192 KB]
          cg.C.x-2874  [015]     0.016637: (+1)     bprint:               __handle_mm_fault: NUMAB MEM ACCESS process[nid:1, cpu:15, pid:2874], folio[virt:0x7fcaa80002b0, phys:0x378127000, pfn:0x378127, nid:0, npages:1]
          cg.C.x-2874  [015]     0.016638: (+1)     bprint:               __handle_mm_fault: NUMAB TRY MEM MIGR process[nid:1, cpu:15, pid:2874], folio[virt:0x7fcaa80002b0, phys:0x378127000, nid:0], target_nid:1
          cg.C.x-2875  [017]     0.016652: (+14)    bprint:               __handle_mm_fault: NUMAB COMPLETED MEM MIGR process[nid:1, cpu:17, pid:2875], old[phys:0x1108cc000, nid:0, npages:1], new[phys:0x18673d5000, nid:1, npages:1]
          cg.C.x-2874  [015]     0.016663: (+11)    bprint:               __handle_mm_fault: NUMAB COMPLETED MEM MIGR process[nid:1, cpu:15, pid:2874], old[phys:0x378127000, nid:0, npages:1], new[phys:0x186d5c5000, nid:1, npages:1]
          cg.C.x-2873  [013]     0.016689: (+26)    bprint:               __handle_mm_fault: NUMAB MEM ACCESS process[nid:1, cpu:13, pid:2873], folio[virt:0x7fcaa8a002b0, phys:0x378126000, pfn:0x378126, nid:0, npages:1]
          cg.C.x-2846  [022]     0.016690: (+1)     bprint:               change_prot_numa: NUMAB SCAN vma[start:0x7fcaa8c01000, end:0x7fcaa9401000, from:0x7fcaa8c01000, to:0x7fcaa9401000, size:8192 KB]
          cg.C.x-2873  [013]     0.016691: (+1)     bprint:               __handle_mm_fault: NUMAB TRY MEM MIGR process[nid:1, cpu:13, pid:2873], folio[virt:0x7fcaa8a002b0, phys:0x378126000, nid:0], target_nid:1
          cg.C.x-2846  [022]     0.016707: (+16)    bprint:               change_prot_numa: NUMAB SCAN vma[start:0x7fcaa9601000, end:0x7fcaa9e01000, from:0x7fcaa9601000, to:0x7fcaa9e01000, size:8192 KB]
          cg.C.x-2872  [011]     0.016707: (+0)     bprint:               __handle_mm_fault: NUMAB MEM ACCESS process[nid:1, cpu:11, pid:2872], folio[virt:0x7fcaa94002b0, phys:0x111e97000, pfn:0x111e97, nid:0, npages:1]
          cg.C.x-2872  [011]     0.016709: (+2)     bprint:               __handle_mm_fault: NUMAB TRY MEM MIGR process[nid:1, cpu:11, pid:2872], folio[virt:0x7fcaa94002b0, phys:0x111e97000, nid:0], target_nid:1
          cg.C.x-2873  [013]     0.016723: (+14)    bprint:               __handle_mm_fault: NUMAB COMPLETED MEM MIGR process[nid:1, cpu:13, pid:2873], old[phys:0x378126000, nid:0, npages:1], new[phys:0x186d424000, nid:1, npages:1]
          cg.C.x-2872  [011]     0.016740: (+17)    bprint:               __handle_mm_fault: NUMAB COMPLETED MEM MIGR process[nid:1, cpu:11, pid:2872], old[phys:0x111e97000, nid:0, npages:1], new[phys:0x185e438000, nid:1, npages:1]
          cg.C.x-2846  [022]     0.016760: (+20)    bprint:               change_prot_numa: NUMAB SCAN vma[start:0x7fcaaa001000, end:0x7fcaaa801000, from:0x7fcaaa001000, to:0x7fcaaa801000, size:8192 KB]
          cg.C.x-2871  [009]     0.016760: (+0)     bprint:               __handle_mm_fault: NUMAB MEM ACCESS process[nid:1, cpu:9, pid:2871], folio[virt:0x7fcaa9e002b0, phys:0x111e96000, pfn:0x111e96, nid:0, npages:1]
          cg.C.x-2871  [009]     0.016761: (+1)     bprint:               __handle_mm_fault: NUMAB TRY MEM MIGR process[nid:1, cpu:9, pid:2871], folio[virt:0x7fcaa9e002b0, phys:0x111e96000, nid:0], target_nid:1
          cg.C.x-2846  [022]     0.016777: (+16)    bprint:               change_prot_numa: NUMAB SCAN vma[start:0x7fcaaaa01000, end:0x7fcaab201000, from:0x7fcaaaa01000, to:0x7fcaab201000, size:8192 KB]
          cg.C.x-2870  [007]     0.016778: (+1)     bprint:               __handle_mm_fault: NUMAB MEM ACCESS process[nid:1, cpu:7, pid:2870], folio[virt:0x7fcaaa8002b0, phys:0x150605000, pfn:0x150605, nid:0, npages:1]
          cg.C.x-2870  [007]     0.016779: (+1)     bprint:               __handle_mm_fault: NUMAB TRY MEM MIGR process[nid:1, cpu:7, pid:2870], folio[virt:0x7fcaaa8002b0, phys:0x150605000, nid:0], target_nid:1
          cg.C.x-2871  [009]     0.016791: (+12)    bprint:               __handle_mm_fault: NUMAB COMPLETED MEM MIGR process[nid:1, cpu:9, pid:2871], old[phys:0x111e96000, nid:0, npages:1], new[phys:0x185e43d000, nid:1, npages:1]
          cg.C.x-2870  [007]     0.016813: (+22)    bprint:               __handle_mm_fault: NUMAB COMPLETED MEM MIGR process[nid:1, cpu:7, pid:2870], old[phys:0x150605000, nid:0, npages:1], new[phys:0x186d314000, nid:1, npages:1]
          cg.C.x-2846  [022]     0.016823: (+10)    bprint:               change_prot_numa: NUMAB SCAN vma[start:0x7fcaab401000, end:0x7fcaabc01000, from:0x7fcaab401000, to:0x7fcaabc01000, size:8192 KB]
          cg.C.x-2869  [005]     0.016823: (+0)     bprint:               __handle_mm_fault: NUMAB MEM ACCESS process[nid:1, cpu:5, pid:2869], folio[virt:0x7fcaab2002b0, phys:0x13aa71000, pfn:0x13aa71, nid:0, npages:1]
          cg.C.x-2869  [005]     0.016825: (+2)     bprint:               __handle_mm_fault: NUMAB TRY MEM MIGR process[nid:1, cpu:5, pid:2869], folio[virt:0x7fcaab2002b0, phys:0x13aa71000, nid:0], target_nid:1
          cg.C.x-2846  [022]     0.016841: (+16)    bprint:               change_prot_numa: NUMAB SCAN vma[start:0x7fcaabe01000, end:0x7fcaac601000, from:0x7fcaabe01000, to:0x7fcaac601000, size:8192 KB]
          cg.C.x-2868  [003]     0.016841: (+0)     bprint:               __handle_mm_fault: NUMAB MEM ACCESS process[nid:1, cpu:3, pid:2868], folio[virt:0x7fcaabc002b0, phys:0x13aa70000, pfn:0x13aa70, nid:0, npages:1]
          cg.C.x-2868  [003]     0.016843: (+2)     bprint:               __handle_mm_fault: NUMAB TRY MEM MIGR process[nid:1, cpu:3, pid:2868], folio[virt:0x7fcaabc002b0, phys:0x13aa70000, nid:0], target_nid:1
          cg.C.x-2869  [005]     0.016862: (+19)    bprint:               __handle_mm_fault: NUMAB COMPLETED MEM MIGR process[nid:1, cpu:5, pid:2869], old[phys:0x13aa71000, nid:0, npages:1], new[phys:0x186cc61000, nid:1, npages:1]
          cg.C.x-2868  [003]     0.016875: (+13)    bprint:               __handle_mm_fault: NUMAB COMPLETED MEM MIGR process[nid:1, cpu:3, pid:2868], old[phys:0x13aa70000, nid:0, npages:1], new[phys:0x1855ad0000, nid:1, npages:1]
          cg.C.x-2846  [022]     0.016888: (+13)    bprint:               change_prot_numa: NUMAB SCAN vma[start:0x7fcaac801000, end:0x7fcaad001000, from:0x7fcaac801000, to:0x7fcaad001000, size:8192 KB]
          cg.C.x-2867  [001]     0.016888: (+0)     bprint:               __handle_mm_fault: NUMAB MEM ACCESS process[nid:1, cpu:1, pid:2867], folio[virt:0x7fcaac6002b0, phys:0x13a5cb000, pfn:0x13a5cb, nid:0, npages:1]
          cg.C.x-2867  [001]     0.016889: (+1)     bprint:               __handle_mm_fault: NUMAB TRY MEM MIGR process[nid:1, cpu:1, pid:2867], folio[virt:0x7fcaac6002b0, phys:0x13a5cb000, nid:0], target_nid:1
          cg.C.x-2846  [022]     0.016904: (+15)    bprint:               change_prot_numa: NUMAB SCAN vma[start:0x7fcaad201000, end:0x7fcaada01000, from:0x7fcaad201000, to:0x7fcaada01000, size:8192 KB]
          cg.C.x-2866  [062]     0.016905: (+1)     bprint:               __handle_mm_fault: NUMAB MEM ACCESS process[nid:0, cpu:62, pid:2866], folio[virt:0x7fcaad0002b0, phys:0x13a5c9000, pfn:0x13a5c9, nid:0, npages:1]
          cg.C.x-2867  [001]     0.016920: (+15)    bprint:               __handle_mm_fault: NUMAB COMPLETED MEM MIGR process[nid:1, cpu:1, pid:2867], old[phys:0x13a5cb000, nid:0, npages:1], new[phys:0x185e16d000, nid:1, npages:1]
          cg.C.x-2846  [022]     0.016942: (+22)    bprint:               change_prot_numa: NUMAB SCAN vma[start:0x7fcaadc01000, end:0x7fcaae401000, from:0x7fcaadc01000, to:0x7fcaae401000, size:8192 KB]
          cg.C.x-2865  [060]     0.016943: (+1)     bprint:               __handle_mm_fault: NUMAB MEM ACCESS process[nid:0, cpu:60, pid:2865], folio[virt:0x7fcaada002b0, phys:0x13a5c8000, pfn:0x13a5c8, nid:0, npages:1]
          cg.C.x-2846  [022]     0.016959: (+16)    bprint:               change_prot_numa: NUMAB SCAN vma[start:0x7fcaae601000, end:0x7fcaaee01000, from:0x7fcaae601000, to:0x7fcaaee01000, size:8192 KB]
          cg.C.x-2864  [058]     0.016959: (+0)     bprint:               __handle_mm_fault: NUMAB MEM ACCESS process[nid:0, cpu:58, pid:2864], folio[virt:0x7fcaae4002b0, phys:0x17e08b3000, pfn:0x17e08b3, nid:0, npages:1]
          cg.C.x-2846  [022]     0.016975: (+16)    bprint:               change_prot_numa: NUMAB SCAN vma[start:0x7fcaaf001000, end:0x7fcaaf801000, from:0x7fcaaf001000, to:0x7fcaaf801000, size:8192 KB]
          cg.C.x-2863  [056]     0.016976: (+1)     bprint:               __handle_mm_fault: NUMAB MEM ACCESS process[nid:0, cpu:56, pid:2863], folio[virt:0x7fcaaee002b0, phys:0x17e08b2000, pfn:0x17e08b2, nid:0, npages:1]
          cg.C.x-2862  [054]     0.016990: (+14)    bprint:               __handle_mm_fault: NUMAB MEM ACCESS process[nid:0, cpu:54, pid:2862], folio[virt:0x7fcaaf8002b8, phys:0x17e08b1000, pfn:0x17e08b1, nid:0, npages:1]
          cg.C.x-2846  [022]     0.016992: (+2)     bprint:               change_prot_numa: NUMAB SCAN vma[start:0x7fcaafa01000, end:0x7fcab0201000, from:0x7fcaafa01000, to:0x7fcab0201000, size:8192 KB]
          cg.C.x-2846  [022]     0.017008: (+16)    bprint:               change_prot_numa: NUMAB SCAN vma[start:0x7fcab0401000, end:0x7fcab0c01000, from:0x7fcab0401000, to:0x7fcab0c01000, size:8192 KB]
          cg.C.x-2861  [052]     0.017009: (+1)     bprint:               __handle_mm_fault: NUMAB MEM ACCESS process[nid:0, cpu:52, pid:2861], folio[virt:0x7fcab02002a8, phys:0x17e08b0000, pfn:0x17e08b0, nid:0, npages:1]
          cg.C.x-2846  [022]     0.017025: (+16)    bprint:               change_prot_numa: NUMAB SCAN vma[start:0x7fcab0e01000, end:0x7fcab1601000, from:0x7fcab0e01000, to:0x7fcab1601000, size:8192 KB]
          cg.C.x-2860  [050]     0.017025: (+0)     bprint:               __handle_mm_fault: NUMAB MEM ACCESS process[nid:0, cpu:50, pid:2860], folio[virt:0x7fcab0c002b0, phys:0x13b3b6000, pfn:0x13b3b6, nid:0, npages:1]
          cg.C.x-2846  [022]     0.017041: (+16)    bprint:               change_prot_numa: NUMAB SCAN vma[start:0x7fcab1801000, end:0x7fcab2001000, from:0x7fcab1801000, to:0x7fcab2001000, size:8192 KB]
          cg.C.x-2859  [048]     0.017042: (+1)     bprint:               __handle_mm_fault: NUMAB MEM ACCESS process[nid:0, cpu:48, pid:2859], folio[virt:0x7fcab16002b0, phys:0x13b3b5000, pfn:0x13b3b5, nid:0, npages:1]
          cg.C.x-2846  [022]     0.017057: (+15)    bprint:               change_prot_numa: NUMAB SCAN vma[start:0x7fcab2201000, end:0x7fcab2a01000, from:0x7fcab2201000, to:0x7fcab2a01000, size:8192 KB]
          cg.C.x-2858  [046]     0.017058: (+1)     bprint:               __handle_mm_fault: NUMAB MEM ACCESS process[nid:0, cpu:46, pid:2858], folio[virt:0x7fcab20002b0, phys:0x13b3b4000, pfn:0x13b3b4, nid:0, npages:1]
          cg.C.x-2846  [022]     0.017073: (+15)    bprint:               change_prot_numa: NUMAB SCAN vma[start:0x7fcab2c01000, end:0x7fcab3401000, from:0x7fcab2c01000, to:0x7fcab3401000, size:8192 KB]
          cg.C.x-2857  [044]     0.017073: (+0)     bprint:               __handle_mm_fault: NUMAB MEM ACCESS process[nid:0, cpu:44, pid:2857], folio[virt:0x7fcab2a002b0, phys:0x378167000, pfn:0x378167, nid:0, npages:1]
          cg.C.x-2846  [022]     0.017090: (+17)    bprint:               change_prot_numa: NUMAB SCAN vma[start:0x7fcab3601000, end:0x7fcab3e01000, from:0x7fcab3601000, to:0x7fcab3e01000, size:8192 KB]
          cg.C.x-2856  [042]     0.017091: (+1)     bprint:               __handle_mm_fault: NUMAB MEM ACCESS process[nid:0, cpu:42, pid:2856], folio[virt:0x7fcab34002b8, phys:0x378166000, pfn:0x378166, nid:0, npages:1]
          cg.C.x-2846  [022]     0.017107: (+16)    bprint:               change_prot_numa: NUMAB SCAN vma[start:0x7fcab4001000, end:0x7fcab4801000, from:0x7fcab4001000, to:0x7fcab4801000, size:8192 KB]
          cg.C.x-2855  [040]     0.017107: (+0)     bprint:               __handle_mm_fault: NUMAB MEM ACCESS process[nid:0, cpu:40, pid:2855], folio[virt:0x7fcab3e002b0, phys:0x378165000, pfn:0x378165, nid:0, npages:1]
          cg.C.x-2846  [022]     0.017124: (+17)    bprint:               change_prot_numa: NUMAB SCAN vma[start:0x7fcab4a01000, end:0x7fcab5201000, from:0x7fcab4a01000, to:0x7fcab5201000, size:8192 KB]
          cg.C.x-2854  [038]     0.017125: (+1)     bprint:               __handle_mm_fault: NUMAB MEM ACCESS process[nid:0, cpu:38, pid:2854], folio[virt:0x7fcab48002b0, phys:0x13b26b000, pfn:0x13b26b, nid:0, npages:1]
          cg.C.x-2853  [036]     0.017140: (+15)    bprint:               __handle_mm_fault: NUMAB MEM ACCESS process[nid:0, cpu:36, pid:2853], folio[virt:0x7fcab52002b0, phys:0x13b26a000, pfn:0x13b26a, nid:0, npages:1]
          cg.C.x-2846  [022]     0.017140: (+0)     bprint:               change_prot_numa: NUMAB SCAN vma[start:0x7fcab5401000, end:0x7fcab5c01000, from:0x7fcab5401000, to:0x7fcab5c01000, size:8192 KB]
          cg.C.x-2846  [022]     0.017157: (+17)    bprint:               change_prot_numa: NUMAB SCAN vma[start:0x7fcab5e01000, end:0x7fcab6601000, from:0x7fcab5e01000, to:0x7fcab6601000, size:8192 KB]
          cg.C.x-2852  [034]     0.017157: (+0)     bprint:               __handle_mm_fault: NUMAB MEM ACCESS process[nid:0, cpu:34, pid:2852], folio[virt:0x7fcab5c002b0, phys:0x13b269000, pfn:0x13b269, nid:0, npages:1]
          cg.C.x-2846  [022]     0.017174: (+17)    bprint:               change_prot_numa: NUMAB SCAN vma[start:0x7fcab6801000, end:0x7fcab7001000, from:0x7fcab6801000, to:0x7fcab7001000, size:8192 KB]
          cg.C.x-2851  [032]     0.017174: (+0)     bprint:               __handle_mm_fault: NUMAB MEM ACCESS process[nid:0, cpu:32, pid:2851], folio[virt:0x7fcab66002b8, phys:0x13b268000, pfn:0x13b268, nid:0, npages:1]
          cg.C.x-2846  [022]     0.017190: (+16)    bprint:               change_prot_numa: NUMAB SCAN vma[start:0x7fcab7201000, end:0x7fcab7a01000, from:0x7fcab7201000, to:0x7fcab7a01000, size:8192 KB]
          cg.C.x-2850  [030]     0.017191: (+1)     bprint:               __handle_mm_fault: NUMAB MEM ACCESS process[nid:0, cpu:30, pid:2850], folio[virt:0x7fcab70002b0, phys:0x3780cb000, pfn:0x3780cb, nid:0, npages:1]
          cg.C.x-2846  [022]     0.017206: (+15)    bprint:               change_prot_numa: NUMAB SCAN vma[start:0x7fcab7c01000, end:0x7fcab8401000, from:0x7fcab7c01000, to:0x7fcab8401000, size:8192 KB]
          cg.C.x-2849  [028]     0.017207: (+1)     bprint:               __handle_mm_fault: NUMAB MEM ACCESS process[nid:0, cpu:28, pid:2849], folio[virt:0x7fcab7a002b0, phys:0x3780ca000, pfn:0x3780ca, nid:0, npages:1]
          cg.C.x-2846  [022]     0.017222: (+15)    bprint:               change_prot_numa: NUMAB SCAN vma[start:0x7fcab8601000, end:0x7fcab8e01000, from:0x7fcab8601000, to:0x7fcab8e01000, size:8192 KB]
          cg.C.x-2848  [026]     0.017222: (+0)     bprint:               __handle_mm_fault: NUMAB MEM ACCESS process[nid:0, cpu:26, pid:2848], folio[virt:0x7fcab84002b0, phys:0x3780c9000, pfn:0x3780c9, nid:0, npages:1]
          cg.C.x-2847  [024]     0.017238: (+16)    bprint:               __handle_mm_fault: NUMAB MEM ACCESS process[nid:0, cpu:24, pid:2847], folio[virt:0x7fcab8e002b0, phys:0x3780c8000, pfn:0x3780c8, nid:0, npages:1]
          cg.C.x-2846  [022]     0.017239: (+1)     bprint:               change_prot_numa: NUMAB SCAN vma[start:0x7fcab9001000, end:0x7fcab9801000, from:0x7fcab9001000, to:0x7fcab9801000, size:8192 KB]
          cg.C.x-2846  [022]     0.017255: (+16)    bprint:               change_prot_numa: NUMAB SCAN vma[start:0x7fcab9a01000, end:0x7fcaba201000, from:0x7fcab9a01000, to:0x7fcaba201000, size:8192 KB]
          cg.C.x-2845  [020]     0.017271: (+16)    bprint:               __handle_mm_fault: NUMAB MEM ACCESS process[nid:0, cpu:20, pid:2845], folio[virt:0x7fcaba2002b8, phys:0x3780c2000, pfn:0x3780c2, nid:0, npages:1]
          cg.C.x-2846  [022]     0.017271: (+0)     bprint:               change_prot_numa: NUMAB SCAN vma[start:0x7fcaba401000, end:0x7fcabac01000, from:0x7fcaba401000, to:0x7fcabac01000, size:8192 KB]
          cg.C.x-2844  [018]     0.017288: (+17)    bprint:               __handle_mm_fault: NUMAB MEM ACCESS process[nid:0, cpu:18, pid:2844], folio[virt:0x7fcabac002b0, phys:0x3780c1000, pfn:0x3780c1, nid:0, npages:1]
          cg.C.x-2846  [022]     0.017288: (+0)     bprint:               change_prot_numa: NUMAB SCAN vma[start:0x7fcabae01000, end:0x7fcabb601000, from:0x7fcabae01000, to:0x7fcabb601000, size:8192 KB]
          cg.C.x-2843  [016]     0.017305: (+17)    bprint:               __handle_mm_fault: NUMAB MEM ACCESS process[nid:0, cpu:16, pid:2843], folio[virt:0x7fcabb6002b0, phys:0x3780c0000, pfn:0x3780c0, nid:0, npages:1]
          cg.C.x-2846  [022]     0.017305: (+0)     bprint:               change_prot_numa: NUMAB SCAN vma[start:0x7fcabb801000, end:0x7fcabc001000, from:0x7fcabb801000, to:0x7fcabc001000, size:8192 KB]
          cg.C.x-2846  [022]     0.017321: (+16)    bprint:               change_prot_numa: NUMAB SCAN vma[start:0x7fcabc201000, end:0x7fcabca01000, from:0x7fcabc201000, to:0x7fcabca01000, size:8192 KB]
          cg.C.x-2842  [014]     0.017321: (+0)     bprint:               __handle_mm_fault: NUMAB MEM ACCESS process[nid:0, cpu:14, pid:2842], folio[virt:0x7fcabc0002b8, phys:0x1126cb000, pfn:0x1126cb, nid:0, npages:1]
          cg.C.x-2841  [012]     0.017338: (+17)    bprint:               __handle_mm_fault: NUMAB MEM ACCESS process[nid:0, cpu:12, pid:2841], folio[virt:0x7fcabca002b0, phys:0x1126c9000, pfn:0x1126c9, nid:0, npages:1]
          cg.C.x-2846  [022]     0.017338: (+0)     bprint:               change_prot_numa: NUMAB SCAN vma[start:0x7fcabcc01000, end:0x7fcabd401000, from:0x7fcabcc01000, to:0x7fcabd401000, size:8192 KB]
          cg.C.x-2846  [022]     0.017354: (+16)    bprint:               change_prot_numa: NUMAB SCAN vma[start:0x7fcabd601000, end:0x7fcabde01000, from:0x7fcabd601000, to:0x7fcabde01000, size:8192 KB]
          cg.C.x-2840  [010]     0.017354: (+0)     bprint:               __handle_mm_fault: NUMAB MEM ACCESS process[nid:0, cpu:10, pid:2840], folio[virt:0x7fcabd4002b0, phys:0x1126c8000, pfn:0x1126c8, nid:0, npages:1]
          cg.C.x-2846  [022]     0.017370: (+16)    bprint:               change_prot_numa: NUMAB SCAN vma[start:0x7fcabe001000, end:0x7fcabe801000, from:0x7fcabe001000, to:0x7fcabe801000, size:8192 KB]
          cg.C.x-2840  [010]     0.017384: (+14)    bprint:               __handle_mm_fault: NUMAB MEM ACCESS process[nid:0, cpu:10, pid:2840], folio[virt:0x557a1047f080, phys:0x15042a000, pfn:0x15042a, nid:0, npages:1]
          cg.C.x-2846  [022]     0.017387: (+3)     bprint:               change_prot_numa: NUMAB SCAN vma[start:0x7fcabea01000, end:0x7fcabf201000, from:0x7fcabea01000, to:0x7fcabf201000, size:8192 KB]
          cg.C.x-2846  [022]     0.017403: (+16)    bprint:               change_prot_numa: NUMAB SCAN vma[start:0x7fcabf401000, end:0x7fcabfc01000, from:0x7fcabf401000, to:0x7fcabfc01000, size:8192 KB]
          cg.C.x-2846  [022]     0.017420: (+17)    bprint:               change_prot_numa: NUMAB SCAN vma[start:0x7fcabfc91000, end:0x7fcad24f9000, from:0x7fcabfc91000, to:0x7fcad24f9000, size:303520 KB]
          cg.C.x-2846  [022]     0.017440: (+20)    bprint:               change_prot_numa: NUMAB SCAN vma[start:0x7fcad2600000, end:0x7fcad3850000, from:0x7fcad2600000, to:0x7fcad3850000, size:18752 KB]
          cg.C.x-2846  [022]     0.017454: (+14)    bprint:               change_prot_numa: NUMAB SCAN vma[start:0x7fcad38db000, end:0x7fcae5ef9000, from:0x7fcad38db000, to:0x7fcae1e00000, size:234644 KB]
          cg.C.x-2841  [012]     0.017456: (+2)     bprint:               do_huge_pmd_numa_page: NUMAB MEM ACCESS huge page process[nid:0, cpu:12, pid:2841], folio[virt:0x7fcad27bbf90, ker:0xffff93f4f8200000, pfn:0x378200, nid:0, npages:512]
          cg.C.x-2846  [022]     0.017472: (+16)    bprint:               __handle_mm_fault: NUMAB MEM ACCESS process[nid:0, cpu:22, pid:2846], folio[virt:0x7fcab9800fe8, phys:0x3780c3000, pfn:0x3780c3, nid:0, npages:1]
          cg.C.x-2851  [032]     0.019834: (+2362)  sched_waking:         comm=kworker/32:1 pid=488 prio=120 target_cpu=032
          cg.C.x-2851  [032]     0.019836: (+2)     sched_wakeup:         kworker/32:1:488 [120] CPU:032
          cg.C.x-2851  [032]     0.019838: (+2)     sched_switch:         cg.C.x:2851 [120] R ==> kworker/32:1:488 [120]
    kworker/32:1-488   [032]     0.019844: (+6)     sched_switch:         kworker/32:1:488 [120] I ==> cg.C.x:2851 [120]
          cg.C.x-2855  [040]     0.023832: (+3988)  sched_waking:         comm=rcu_preempt pid=17 prio=120 target_cpu=040
          cg.C.x-2855  [040]     0.023835: (+3)     sched_wakeup:         rcu_preempt:17 [120] CPU:040
          cg.C.x-2835  [000]     0.024595: (+760)   sched_switch:         cg.C.x:2835 [120] S ==> swapper/0:0 [120]
          cg.C.x-2836  [002]     0.026401: (+1806)  sched_switch:         cg.C.x:2836 [120] S ==> swapper/2:0 [120]
          cg.C.x-2852  [034]     0.027828: (+1427)  sched_wake_idle_without_ipi: cpu=2
          cg.C.x-2855  [040]     0.027836: (+8)     sched_switch:         cg.C.x:2855 [120] R ==> rcu_preempt:17 [120]
     rcu_preempt-17    [040]     0.027841: (+5)     sched_switch:         rcu_preempt:17 [120] I ==> cg.C.x:2855 [120]
          cg.C.x-2837  [004]     0.028093: (+252)   sched_switch:         cg.C.x:2837 [120] S ==> swapper/4:0 [120]
