 kworker/u129:18-438   [000]     0.707962: (+1)     sched_switch:         kworker/u129:18:438 [120] I ==> tmux: server:2003 [120]
          cg.C.x-2852  [034]     0.707963: (+1)     sched_switch:         cg.C.x:2852 [120] R ==> sshd:1918 [120]
    tmux: server-2003  [000]     0.707968: (+5)     sched_switch:         tmux: server:2003 [120] S ==> cg.C.x:2835 [120]
          cg.C.x-2835  [000]     0.707969: (+1)     sched_waking:         comm=kworker/u129:18 pid=438 prio=120 target_cpu=000
          cg.C.x-2835  [000]     0.707970: (+1)     sched_wakeup:         kworker/u129:18:438 [120] CPU:000
          cg.C.x-2835  [000]     0.707971: (+1)     sched_switch:         cg.C.x:2835 [120] R ==> kworker/u129:18:438 [120]
 kworker/u129:18-438   [000]     0.707972: (+1)     sched_waking:         comm=tmux: server pid=2003 prio=120 target_cpu=000
 kworker/u129:18-438   [000]     0.707973: (+1)     sched_wakeup:         tmux: server:2003 [120] CPU:000
 kworker/u129:18-438   [000]     0.707974: (+1)     sched_switch:         kworker/u129:18:438 [120] I ==> tmux: server:2003 [120]
            sshd-1918  [034]     0.707986: (+12)    sched_switch:         sshd:1918 [120] S ==> cg.C.x:2852 [120]
    tmux: server-2003  [000]     0.707991: (+5)     sched_waking:         comm=kworker/u129:18 pid=438 prio=120 target_cpu=000
    tmux: server-2003  [000]     0.707992: (+1)     sched_wakeup:         kworker/u129:18:438 [120] CPU:000
    tmux: server-2003  [000]     0.707993: (+1)     sched_switch:         tmux: server:2003 [120] R ==> kworker/u129:18:438 [120]
 kworker/u129:18-438   [000]     0.707994: (+1)     sched_waking:         comm=sshd pid=1918 prio=120 target_cpu=034
 kworker/u129:18-438   [000]     0.707997: (+3)     sched_wakeup:         sshd:1918 [120] CPU:034
          cg.C.x-2852  [034]     0.707998: (+1)     sched_switch:         cg.C.x:2852 [120] R ==> sshd:1918 [120]
 kworker/u129:18-438   [000]     0.707999: (+1)     sched_switch:         kworker/u129:18:438 [120] I ==> tmux: server:2003 [120]
    tmux: server-2003  [000]     0.708005: (+6)     sched_switch:         tmux: server:2003 [120] S ==> cg.C.x:2835 [120]
            sshd-1918  [034]     0.708023: (+18)    sched_switch:         sshd:1918 [120] S ==> cg.C.x:2852 [120]
          cg.C.x-2835  [000]     0.714056: (+6033)  sched_waking:         comm=tmux: server pid=2003 prio=120 target_cpu=000
          cg.C.x-2835  [000]     0.714066: (+10)    sched_wakeup:         tmux: server:2003 [120] CPU:000
          cg.C.x-2835  [000]     0.714070: (+4)     sched_switch:         cg.C.x:2835 [120] R ==> tmux: server:2003 [120]
    tmux: server-2003  [000]     0.714092: (+22)    sched_switch:         tmux: server:2003 [120] S ==> cg.C.x:2835 [120]
          cg.C.x-2835  [000]     0.716138: (+2046)  sched_waking:         comm=tmux: server pid=2003 prio=120 target_cpu=000
          cg.C.x-2835  [000]     0.716146: (+8)     sched_wakeup:         tmux: server:2003 [120] CPU:000
          cg.C.x-2835  [000]     0.716148: (+2)     sched_switch:         cg.C.x:2835 [120] R ==> tmux: server:2003 [120]
    tmux: server-2003  [000]     0.716177: (+29)    sched_switch:         tmux: server:2003 [120] S ==> cg.C.x:2835 [120]
          cg.C.x-2835  [000]     0.719834: (+3657)  sched_waking:         comm=kworker/0:1 pid=10 prio=120 target_cpu=000
          cg.C.x-2835  [000]     0.719839: (+5)     sched_wakeup:         kworker/0:1:10 [120] CPU:000
          cg.C.x-2835  [000]     0.719843: (+4)     sched_switch:         cg.C.x:2835 [120] R ==> kworker/0:1:10 [120]
     kworker/0:1-10    [000]     0.719908: (+65)    sched_switch:         kworker/0:1:10 [120] I ==> cg.C.x:2835 [120]
          cg.C.x-2855  [040]     0.727834: (+7926)  sched_waking:         comm=rcu_preempt pid=17 prio=120 target_cpu=008
          cg.C.x-2855  [040]     0.727844: (+10)    sched_wakeup:         rcu_preempt:17 [120] CPU:008
          cg.C.x-2839  [008]     0.727850: (+6)     sched_switch:         cg.C.x:2839 [120] R ==> rcu_preempt:17 [120]
     rcu_preempt-17    [008]     0.727860: (+10)    sched_switch:         rcu_preempt:17 [120] I ==> cg.C.x:2839 [120]
          cg.C.x-2839  [008]     0.739834: (+11974) sched_waking:         comm=rcu_preempt pid=17 prio=120 target_cpu=008
          cg.C.x-2839  [008]     0.739843: (+9)     sched_wakeup:         rcu_preempt:17 [120] CPU:008
          cg.C.x-2839  [008]     0.739849: (+6)     sched_switch:         cg.C.x:2839 [120] R ==> rcu_preempt:17 [120]
     rcu_preempt-17    [008]     0.739862: (+13)    sched_switch:         rcu_preempt:17 [120] I ==> cg.C.x:2839 [120]
          cg.C.x-2839  [008]     0.751834: (+11972) sched_waking:         comm=rcu_preempt pid=17 prio=120 target_cpu=008
          cg.C.x-2839  [008]     0.751840: (+6)     sched_wakeup:         rcu_preempt:17 [120] CPU:008
          cg.C.x-2839  [008]     0.751846: (+6)     sched_switch:         cg.C.x:2839 [120] R ==> rcu_preempt:17 [120]
     rcu_preempt-17    [008]     0.751855: (+9)     sched_switch:         rcu_preempt:17 [120] I ==> cg.C.x:2839 [120]
          cg.C.x-2839  [008]     0.763833: (+11978) sched_waking:         comm=rcu_preempt pid=17 prio=120 target_cpu=008
          cg.C.x-2839  [008]     0.763839: (+6)     sched_wakeup:         rcu_preempt:17 [120] CPU:008
          cg.C.x-2839  [008]     0.763852: (+13)    sched_switch:         cg.C.x:2839 [120] R ==> rcu_preempt:17 [120]
     rcu_preempt-17    [008]     0.763860: (+8)     sched_switch:         rcu_preempt:17 [120] I ==> cg.C.x:2839 [120]
          cg.C.x-2861  [052]     0.783835: (+19975) sched_waking:         comm=kworker/52:1 pid=734 prio=120 target_cpu=052
          cg.C.x-2892  [051]     0.783840: (+5)     sched_waking:         comm=kworker/51:1 pid=737 prio=120 target_cpu=051
          cg.C.x-2861  [052]     0.783846: (+6)     sched_wakeup:         kworker/52:1:734 [120] CPU:052
          cg.C.x-2861  [052]     0.783855: (+9)     sched_switch:         cg.C.x:2861 [120] R ==> kworker/52:1:734 [120]
          cg.C.x-2892  [051]     0.783856: (+1)     sched_wakeup:         kworker/51:1:737 [120] CPU:051
          cg.C.x-2892  [051]     0.783866: (+10)    sched_switch:         cg.C.x:2892 [120] R ==> kworker/51:1:737 [120]
    kworker/52:1-734   [052]     0.783870: (+4)     sched_switch:         kworker/52:1:734 [120] I ==> cg.C.x:2861 [120]
    kworker/51:1-737   [051]     0.783884: (+14)    sched_switch:         kworker/51:1:737 [120] I ==> cg.C.x:2892 [120]
          cg.C.x-2860  [050]     0.815835: (+31951) sched_waking:         comm=kworker/50:2 pid=1917 prio=120 target_cpu=050
          cg.C.x-2859  [048]     0.815836: (+1)     sched_waking:         comm=kworker/48:1 pid=732 prio=120 target_cpu=048
          cg.C.x-2891  [049]     0.815836: (+0)     sched_waking:         comm=kworker/49:2 pid=956 prio=120 target_cpu=049
          cg.C.x-2859  [048]     0.815843: (+7)     sched_wakeup:         kworker/48:1:732 [120] CPU:048
          cg.C.x-2891  [049]     0.815843: (+0)     sched_wakeup:         kworker/49:2:956 [120] CPU:049
          cg.C.x-2860  [050]     0.815843: (+0)     sched_wakeup:         kworker/50:2:1917 [120] CPU:050
          cg.C.x-2860  [050]     0.815849: (+6)     sched_switch:         cg.C.x:2860 [120] R ==> kworker/50:2:1917 [120]
          cg.C.x-2859  [048]     0.815849: (+0)     sched_switch:         cg.C.x:2859 [120] R ==> kworker/48:1:732 [120]
          cg.C.x-2891  [049]     0.815850: (+1)     sched_switch:         cg.C.x:2891 [120] R ==> kworker/49:2:956 [120]
    kworker/48:1-732   [048]     0.815863: (+13)    sched_switch:         kworker/48:1:732 [120] I ==> cg.C.x:2859 [120]
    kworker/50:2-1917  [050]     0.815863: (+0)     sched_switch:         kworker/50:2:1917 [120] I ==> cg.C.x:2860 [120]
    kworker/49:2-956   [049]     0.815864: (+1)     sched_switch:         kworker/49:2:956 [120] I ==> cg.C.x:2891 [120]
          cg.C.x-2835  [000]     0.817515: (+1651)  sched_waking:         comm=kworker/u129:18 pid=438 prio=120 target_cpu=000
          cg.C.x-2835  [000]     0.817520: (+5)     sched_wakeup:         kworker/u129:18:438 [120] CPU:000
          cg.C.x-2835  [000]     0.817526: (+6)     sched_switch:         cg.C.x:2835 [120] R ==> kworker/u129:18:438 [120]
 kworker/u129:18-438   [000]     0.817531: (+5)     sched_waking:         comm=tmux: server pid=2003 prio=120 target_cpu=000
 kworker/u129:18-438   [000]     0.817534: (+3)     sched_wakeup:         tmux: server:2003 [120] CPU:000
 kworker/u129:18-438   [000]     0.817537: (+3)     sched_switch:         kworker/u129:18:438 [120] I ==> tmux: server:2003 [120]
    tmux: server-2003  [000]     0.817599: (+62)    sched_waking:         comm=kworker/u129:18 pid=438 prio=120 target_cpu=000
    tmux: server-2003  [000]     0.817600: (+1)     sched_wakeup:         kworker/u129:18:438 [120] CPU:000
    tmux: server-2003  [000]     0.817602: (+2)     sched_switch:         tmux: server:2003 [120] R ==> kworker/u129:18:438 [120]
 kworker/u129:18-438   [000]     0.817605: (+3)     sched_waking:         comm=sshd pid=1918 prio=120 target_cpu=034
 kworker/u129:18-438   [000]     0.817610: (+5)     sched_wakeup:         sshd:1918 [120] CPU:034
 kworker/u129:18-438   [000]     0.817611: (+1)     sched_switch:         kworker/u129:18:438 [120] I ==> tmux: server:2003 [120]
          cg.C.x-2852  [034]     0.817614: (+3)     sched_switch:         cg.C.x:2852 [120] R ==> sshd:1918 [120]
    tmux: server-2003  [000]     0.817619: (+5)     sched_switch:         tmux: server:2003 [120] S ==> cg.C.x:2835 [120]
          cg.C.x-2835  [000]     0.817620: (+1)     sched_waking:         comm=kworker/u129:18 pid=438 prio=120 target_cpu=000
          cg.C.x-2835  [000]     0.817621: (+1)     sched_wakeup:         kworker/u129:18:438 [120] CPU:000
          cg.C.x-2835  [000]     0.817623: (+2)     sched_switch:         cg.C.x:2835 [120] R ==> kworker/u129:18:438 [120]
 kworker/u129:18-438   [000]     0.817623: (+0)     sched_waking:         comm=tmux: server pid=2003 prio=120 target_cpu=000
 kworker/u129:18-438   [000]     0.817625: (+2)     sched_wakeup:         tmux: server:2003 [120] CPU:000
 kworker/u129:18-438   [000]     0.817626: (+1)     sched_switch:         kworker/u129:18:438 [120] I ==> tmux: server:2003 [120]
    tmux: server-2003  [000]     0.817650: (+24)    sched_waking:         comm=kworker/u129:18 pid=438 prio=120 target_cpu=000
    tmux: server-2003  [000]     0.817651: (+1)     sched_wakeup:         kworker/u129:18:438 [120] CPU:000
    tmux: server-2003  [000]     0.817653: (+2)     sched_switch:         tmux: server:2003 [120] R ==> kworker/u129:18:438 [120]
 kworker/u129:18-438   [000]     0.817655: (+2)     sched_switch:         kworker/u129:18:438 [120] I ==> tmux: server:2003 [120]
    tmux: server-2003  [000]     0.817660: (+5)     sched_switch:         tmux: server:2003 [120] S ==> cg.C.x:2835 [120]
            sshd-1918  [034]     0.817710: (+50)    sched_switch:         sshd:1918 [120] S ==> cg.C.x:2852 [120]
          cg.C.x-2835  [000]     0.827711: (+10001) sched_waking:         comm=tmux: server pid=2003 prio=120 target_cpu=000
          cg.C.x-2835  [000]     0.827722: (+11)    sched_wakeup:         tmux: server:2003 [120] CPU:000
          cg.C.x-2835  [000]     0.827726: (+4)     sched_switch:         cg.C.x:2835 [120] R ==> tmux: server:2003 [120]
    tmux: server-2003  [000]     0.827749: (+23)    sched_switch:         tmux: server:2003 [120] S ==> cg.C.x:2835 [120]
          cg.C.x-2835  [000]     0.829796: (+2047)  sched_waking:         comm=tmux: server pid=2003 prio=120 target_cpu=000
          cg.C.x-2835  [000]     0.829805: (+9)     sched_wakeup:         tmux: server:2003 [120] CPU:000
          cg.C.x-2835  [000]     0.829808: (+3)     sched_switch:         cg.C.x:2835 [120] R ==> tmux: server:2003 [120]
    tmux: server-2003  [000]     0.829840: (+32)    sched_switch:         tmux: server:2003 [120] S ==> cg.C.x:2835 [120]
          cg.C.x-2835  [000]     0.851833: (+21993) sched_waking:         comm=kworker/0:1 pid=10 prio=120 target_cpu=000
          cg.C.x-2858  [046]     0.851834: (+1)     sched_waking:         comm=kworker/46:1 pid=729 prio=120 target_cpu=046
          cg.C.x-2890  [047]     0.851835: (+1)     sched_waking:         comm=kworker/47:0 pid=301 prio=120 target_cpu=047
          cg.C.x-2889  [045]     0.851836: (+1)     sched_waking:         comm=kworker/45:1 pid=546 prio=120 target_cpu=045
          cg.C.x-2835  [000]     0.851839: (+3)     sched_wakeup:         kworker/0:1:10 [120] CPU:000
          cg.C.x-2858  [046]     0.851840: (+1)     sched_wakeup:         kworker/46:1:729 [120] CPU:046
          cg.C.x-2890  [047]     0.851843: (+3)     sched_wakeup:         kworker/47:0:301 [120] CPU:047
          cg.C.x-2889  [045]     0.851843: (+0)     sched_wakeup:         kworker/45:1:546 [120] CPU:045
          cg.C.x-2835  [000]     0.851846: (+3)     sched_switch:         cg.C.x:2835 [120] R ==> kworker/0:1:10 [120]
          cg.C.x-2858  [046]     0.851846: (+0)     sched_switch:         cg.C.x:2858 [120] R ==> kworker/46:1:729 [120]
          cg.C.x-2890  [047]     0.851849: (+3)     sched_switch:         cg.C.x:2890 [120] R ==> kworker/47:0:301 [120]
          cg.C.x-2889  [045]     0.851849: (+0)     sched_switch:         cg.C.x:2889 [120] R ==> kworker/45:1:546 [120]
    kworker/46:1-729   [046]     0.851859: (+10)    sched_switch:         kworker/46:1:729 [120] I ==> cg.C.x:2858 [120]
     kworker/0:1-10    [000]     0.851859: (+0)     sched_switch:         kworker/0:1:10 [120] I ==> cg.C.x:2835 [120]
    kworker/45:1-546   [045]     0.851863: (+4)     sched_switch:         kworker/45:1:546 [120] I ==> cg.C.x:2889 [120]
    kworker/47:0-301   [047]     0.851864: (+1)     sched_switch:         kworker/47:0:301 [120] I ==> cg.C.x:2890 [120]
          cg.C.x-2851  [032]     0.883836: (+31972) sched_waking:         comm=kworker/u129:18 pid=438 prio=120 target_cpu=000
          cg.C.x-2888  [043]     0.883836: (+0)     sched_waking:         comm=kworker/43:1 pid=736 prio=120 target_cpu=043
          cg.C.x-2851  [032]     0.883840: (+4)     sched_migrate_task:   comm=kworker/u129:18 pid=438 prio=120 orig_cpu=0 dest_cpu=32
          cg.C.x-2851  [032]     0.883847: (+7)     sched_wakeup:         kworker/u129:18:438 [120] CPU:032
          cg.C.x-2888  [043]     0.883847: (+0)     sched_wakeup:         kworker/43:1:736 [120] CPU:043
          cg.C.x-2888  [043]     0.883854: (+7)     sched_switch:         cg.C.x:2888 [120] R ==> kworker/43:1:736 [120]
          cg.C.x-2851  [032]     0.883855: (+1)     sched_switch:         cg.C.x:2851 [120] R ==> kworker/u129:18:438 [120]
 kworker/u129:18-438   [032]     0.883859: (+4)     sched_waking:         comm=kworker/u129:23 pid=448 prio=120 target_cpu=032
 kworker/u129:18-438   [032]     0.883862: (+3)     sched_wakeup:         kworker/u129:23:448 [120] CPU:032
    kworker/43:1-736   [043]     0.883869: (+7)     sched_switch:         kworker/43:1:736 [120] I ==> cg.C.x:2888 [120]
 kworker/u129:18-438   [032]     0.884435: (+566)   sched_switch:         kworker/u129:18:438 [120] I ==> kworker/u129:23:448 [120]
 kworker/u129:23-448   [032]     0.884441: (+6)     sched_switch:         kworker/u129:23:448 [120] I ==> cg.C.x:2851 [120]
          cg.C.x-2897  [061]     0.886418: (+1977)  sched_waking:         comm=ntpd pid=1711 prio=0 target_cpu=061
          cg.C.x-2897  [061]     0.886429: (+11)    sched_wakeup:         ntpd:1711 [0] CPU:061
          cg.C.x-2897  [061]     0.886439: (+10)    sched_switch:         cg.C.x:2897 [120] R ==> ntpd:1711 [0]
            ntpd-1711  [061]     0.886491: (+52)    sched_switch:         ntpd:1711 [0] S ==> cg.C.x:2897 [120]
          cg.C.x-2855  [040]     0.915835: (+29344) sched_waking:         comm=kworker/40:1 pid=725 prio=120 target_cpu=040
          cg.C.x-2856  [042]     0.915835: (+0)     sched_waking:         comm=kworker/u128:2 pid=1916 prio=120 target_cpu=000
          cg.C.x-2887  [041]     0.915836: (+1)     sched_waking:         comm=kworker/41:1 pid=587 prio=120 target_cpu=041
          cg.C.x-2856  [042]     0.915840: (+4)     sched_migrate_task:   comm=kworker/u128:2 pid=1916 prio=120 orig_cpu=0 dest_cpu=42
          cg.C.x-2855  [040]     0.915844: (+4)     sched_wakeup:         kworker/40:1:725 [120] CPU:040
          cg.C.x-2887  [041]     0.915845: (+1)     sched_wakeup:         kworker/41:1:587 [120] CPU:041
          cg.C.x-2856  [042]     0.915845: (+0)     sched_wakeup:         kworker/u128:2:1916 [120] CPU:042
          cg.C.x-2856  [042]     0.915847: (+2)     sched_waking:         comm=kworker/42:1 pid=726 prio=120 target_cpu=042
          cg.C.x-2856  [042]     0.915849: (+2)     sched_wakeup:         kworker/42:1:726 [120] CPU:042
          cg.C.x-2855  [040]     0.915850: (+1)     sched_switch:         cg.C.x:2855 [120] R ==> kworker/40:1:725 [120]
          cg.C.x-2887  [041]     0.915852: (+2)     sched_switch:         cg.C.x:2887 [120] R ==> kworker/41:1:587 [120]
    kworker/40:1-725   [040]     0.915863: (+11)    sched_switch:         kworker/40:1:725 [120] I ==> cg.C.x:2855 [120]
    kworker/41:1-587   [041]     0.915866: (+3)     sched_switch:         kworker/41:1:587 [120] I ==> cg.C.x:2887 [120]
          cg.C.x-2856  [042]     0.919838: (+3972)  sched_switch:         cg.C.x:2856 [120] R ==> kworker/u128:2:1916 [120]
  kworker/u128:2-1916  [042]     0.919862: (+24)    sched_switch:         kworker/u128:2:1916 [120] I ==> kworker/42:1:726 [120]
    kworker/42:1-726   [042]     0.919871: (+9)     sched_switch:         kworker/42:1:726 [120] I ==> cg.C.x:2856 [120]
          cg.C.x-2835  [000]     0.923833: (+3962)  sched_waking:         comm=kworker/0:1 pid=10 prio=120 target_cpu=000
          cg.C.x-2835  [000]     0.923840: (+7)     sched_wakeup:         kworker/0:1:10 [120] CPU:000
          cg.C.x-2835  [000]     0.923846: (+6)     sched_switch:         cg.C.x:2835 [120] R ==> kworker/0:1:10 [120]
     kworker/0:1-10    [000]     0.923910: (+64)    sched_switch:         kworker/0:1:10 [120] I ==> cg.C.x:2835 [120]
          cg.C.x-2835  [000]     0.926908: (+2998)  sched_waking:         comm=kworker/u129:23 pid=448 prio=120 target_cpu=032
          cg.C.x-2835  [000]     0.926916: (+8)     sched_wakeup:         kworker/u129:23:448 [120] CPU:032
          cg.C.x-2851  [032]     0.926923: (+7)     sched_switch:         cg.C.x:2851 [120] R ==> kworker/u129:23:448 [120]
 kworker/u129:23-448   [032]     0.926928: (+5)     sched_waking:         comm=tmux: server pid=2003 prio=120 target_cpu=000
 kworker/u129:23-448   [032]     0.926935: (+7)     sched_wakeup:         tmux: server:2003 [120] CPU:000
          cg.C.x-2835  [000]     0.926937: (+2)     sched_switch:         cg.C.x:2835 [120] R ==> tmux: server:2003 [120]
 kworker/u129:23-448   [032]     0.926938: (+1)     sched_switch:         kworker/u129:23:448 [120] I ==> cg.C.x:2851 [120]
    tmux: server-2003  [000]     0.927016: (+78)    sched_waking:         comm=kworker/u129:23 pid=448 prio=120 target_cpu=032
    tmux: server-2003  [000]     0.927017: (+1)     sched_wakeup:         kworker/u129:23:448 [120] CPU:032
          cg.C.x-2851  [032]     0.927020: (+3)     sched_switch:         cg.C.x:2851 [120] R ==> kworker/u129:23:448 [120]
 kworker/u129:23-448   [032]     0.927022: (+2)     sched_waking:         comm=sshd pid=1918 prio=120 target_cpu=034
 kworker/u129:23-448   [032]     0.927027: (+5)     sched_wakeup:         sshd:1918 [120] CPU:034
    tmux: server-2003  [000]     0.927028: (+1)     sched_switch:         tmux: server:2003 [120] S ==> cg.C.x:2835 [120]
 kworker/u129:23-448   [032]     0.927029: (+1)     sched_switch:         kworker/u129:23:448 [120] I ==> cg.C.x:2851 [120]
          cg.C.x-2852  [034]     0.927031: (+2)     sched_switch:         cg.C.x:2852 [120] R ==> sshd:1918 [120]
            sshd-1918  [034]     0.927147: (+116)   sched_switch:         sshd:1918 [120] S ==> cg.C.x:2852 [120]
          cg.C.x-2835  [000]     0.937075: (+9928)  sched_waking:         comm=tmux: server pid=2003 prio=120 target_cpu=000
          cg.C.x-2835  [000]     0.937085: (+10)    sched_wakeup:         tmux: server:2003 [120] CPU:000
          cg.C.x-2835  [000]     0.937089: (+4)     sched_switch:         cg.C.x:2835 [120] R ==> tmux: server:2003 [120]
    tmux: server-2003  [000]     0.937127: (+38)    sched_switch:         tmux: server:2003 [120] S ==> cg.C.x:2835 [120]
          cg.C.x-2854  [038]     0.947835: (+10708) sched_waking:         comm=kworker/38:1 pid=724 prio=120 target_cpu=038
          cg.C.x-2885  [037]     0.947836: (+1)     sched_waking:         comm=kworker/37:0 pid=241 prio=120 target_cpu=037
          cg.C.x-2886  [039]     0.947837: (+1)     sched_waking:         comm=kworker/39:1 pid=586 prio=120 target_cpu=039
          cg.C.x-2854  [038]     0.947842: (+5)     sched_wakeup:         kworker/38:1:724 [120] CPU:038
          cg.C.x-2885  [037]     0.947845: (+3)     sched_wakeup:         kworker/37:0:241 [120] CPU:037
          cg.C.x-2886  [039]     0.947845: (+0)     sched_wakeup:         kworker/39:1:586 [120] CPU:039
          cg.C.x-2854  [038]     0.947847: (+2)     sched_switch:         cg.C.x:2854 [120] R ==> kworker/38:1:724 [120]
          cg.C.x-2886  [039]     0.947851: (+4)     sched_switch:         cg.C.x:2886 [120] R ==> kworker/39:1:586 [120]
          cg.C.x-2885  [037]     0.947851: (+0)     sched_switch:         cg.C.x:2885 [120] R ==> kworker/37:0:241 [120]
    kworker/38:1-724   [038]     0.947858: (+7)     sched_switch:         kworker/38:1:724 [120] I ==> cg.C.x:2854 [120]
    kworker/37:0-241   [037]     0.947864: (+6)     sched_switch:         kworker/37:0:241 [120] I ==> cg.C.x:2885 [120]
    kworker/39:1-586   [039]     0.947864: (+0)     sched_switch:         kworker/39:1:586 [120] I ==> cg.C.x:2886 [120]
          cg.C.x-2853  [036]     0.979834: (+31970) sched_waking:         comm=kworker/36:1 pid=715 prio=120 target_cpu=036
          cg.C.x-2867  [001]     0.979835: (+1)     sched_waking:         comm=kworker/1:0 pid=25 prio=120 target_cpu=001
          cg.C.x-2884  [035]     0.979835: (+0)     sched_waking:         comm=kworker/35:1 pid=723 prio=120 target_cpu=035
          cg.C.x-2853  [036]     0.979841: (+6)     sched_wakeup:         kworker/36:1:715 [120] CPU:036
          cg.C.x-2884  [035]     0.979841: (+0)     sched_wakeup:         kworker/35:1:723 [120] CPU:035
          cg.C.x-2867  [001]     0.979841: (+0)     sched_wakeup:         kworker/1:0:25 [120] CPU:001
          cg.C.x-2867  [001]     0.979847: (+6)     sched_switch:         cg.C.x:2867 [120] R ==> kworker/1:0:25 [120]
          cg.C.x-2853  [036]     0.979847: (+0)     sched_switch:         cg.C.x:2853 [120] R ==> kworker/36:1:715 [120]
          cg.C.x-2884  [035]     0.979849: (+2)     sched_switch:         cg.C.x:2884 [120] R ==> kworker/35:1:723 [120]
    kworker/36:1-715   [036]     0.979862: (+13)    sched_switch:         kworker/36:1:715 [120] I ==> cg.C.x:2853 [120]
    kworker/35:1-723   [035]     0.979862: (+0)     sched_switch:         kworker/35:1:723 [120] I ==> cg.C.x:2884 [120]
     kworker/1:0-25    [001]     0.979878: (+16)    sched_switch:         kworker/1:0:25 [120] I ==> cg.C.x:2867 [120]
          cg.C.x-2851  [032]     1.011835: (+31957) sched_waking:         comm=kworker/32:1 pid=488 prio=120 target_cpu=032
          cg.C.x-2852  [034]     1.011835: (+0)     sched_waking:         comm=kworker/34:1 pid=485 prio=120 target_cpu=034
          cg.C.x-2883  [033]     1.011836: (+1)     sched_waking:         comm=kworker/33:1 pid=484 prio=120 target_cpu=033
          cg.C.x-2852  [034]     1.011842: (+6)     sched_wakeup:         kworker/34:1:485 [120] CPU:034
          cg.C.x-2851  [032]     1.011842: (+0)     sched_wakeup:         kworker/32:1:488 [120] CPU:032
          cg.C.x-2883  [033]     1.011843: (+1)     sched_wakeup:         kworker/33:1:484 [120] CPU:033
          cg.C.x-2852  [034]     1.011848: (+5)     sched_switch:         cg.C.x:2852 [120] R ==> kworker/34:1:485 [120]
          cg.C.x-2883  [033]     1.011853: (+5)     sched_switch:         cg.C.x:2883 [120] R ==> kworker/33:1:484 [120]
    kworker/34:1-485   [034]     1.011862: (+9)     sched_switch:         kworker/34:1:485 [120] I ==> cg.C.x:2852 [120]
    kworker/33:1-484   [033]     1.011868: (+6)     sched_switch:         kworker/33:1:484 [120] I ==> cg.C.x:2883 [120]
          cg.C.x-2838  [006]     1.015837: (+3969)  bprint:               change_prot_numa: NUMAB SCAN vma[start:0x7fcad38db000, end:0x7fcae5ef9000, from:0x7fcae1e00000, to:0x7fcae5ef9000, size:66532 KB]
          cg.C.x-2851  [032]     1.015838: (+1)     sched_switch:         cg.C.x:2851 [120] R ==> kworker/32:1:488 [120]
    kworker/32:1-488   [032]     1.015876: (+38)    sched_switch:         kworker/32:1:488 [120] I ==> cg.C.x:2851 [120]
          cg.C.x-2838  [006]     1.015934: (+58)    bprint:               change_prot_numa: NUMAB SCAN vma[start:0x7fcae6000000, end:0x7fcae6928000, from:0x7fcae6000000, to:0x7fcae6928000, size:9376 KB]
          cg.C.x-2838  [006]     1.016004: (+70)    bprint:               change_prot_numa: NUMAB SCAN vma[start:0x7fcae6a00000, end:0x7fcaefd0f000, from:0x7fcae6a00000, to:0x7fcaefd0f000, size:150588 KB]
          cg.C.x-2838  [006]     1.016089: (+85)    bprint:               change_prot_numa: NUMAB SCAN vma[start:0x7fcaefe00000, end:0x7fcaf907d000, from:0x7fcaefe00000, to:0x7fcaf907d000, size:150004 KB]
          cg.C.x-2871  [009]     1.016119: (+30)    bprint:               do_huge_pmd_numa_page: NUMAB MEM ACCESS huge page process[nid:1, cpu:9, pid:2871], folio[virt:0x7fcaf4c00000, ker:0xffff940be1600000, pfn:0x1a61600, nid:1, npages:512]
          cg.C.x-2838  [006]     1.016122: (+3)     bprint:               change_prot_numa: NUMAB SCAN vma[start:0x7fcaf90db000, end:0x7fcaf9200000, from:0x7fcaf90db000, to:0x7fcaf9200000, size:1172 KB]
          cg.C.x-2854  [038]     1.016123: (+1)     bprint:               do_huge_pmd_numa_page: NUMAB MEM ACCESS huge page process[nid:0, cpu:38, pid:2854], folio[virt:0x7fcaf27776cc, ker:0xffff93f4a3e00000, pfn:0x323e00, nid:0, npages:512]
          cg.C.x-2887  [041]     1.016127: (+4)     bprint:               do_huge_pmd_numa_page: NUMAB MEM ACCESS huge page process[nid:1, cpu:41, pid:2887], folio[virt:0x7fcaf6e7580c, ker:0xffff940a73600000, pfn:0x18f3600, nid:1, npages:512]
          cg.C.x-2837  [004]     1.016131: (+4)     bprint:               do_huge_pmd_numa_page: NUMAB MEM ACCESS huge page process[nid:0, cpu:4, pid:2837], folio[virt:0x7fcaf02c8d6c, ker:0xffff93f4e1000000, pfn:0x361000, nid:0, npages:512]
          cg.C.x-2865  [060]     1.016134: (+3)     bprint:               do_huge_pmd_numa_page: NUMAB MEM ACCESS huge page process[nid:0, cpu:60, pid:2865], folio[virt:0x7fcaf3f110bc, ker:0xffff93f44dc00000, pfn:0x2cdc00, nid:0, npages:512]
          cg.C.x-2876  [019]     1.016138: (+4)     bprint:               do_huge_pmd_numa_page: NUMAB MEM ACCESS huge page process[nid:1, cpu:19, pid:2876], folio[virt:0x7fcaf56c3868, ker:0xffff940bbbe00000, pfn:0x1a3be00, nid:1, npages:512]
          cg.C.x-2852  [034]     1.016141: (+3)     bprint:               do_huge_pmd_numa_page: NUMAB MEM ACCESS huge page process[nid:0, cpu:34, pid:2852], folio[virt:0x7fcaf231fa8c, ker:0xffff93f510000000, pfn:0x390000, nid:0, npages:512]
          cg.C.x-2866  [062]     1.016144: (+3)     bprint:               do_huge_pmd_numa_page: NUMAB MEM ACCESS huge page process[nid:0, cpu:62, pid:2866], folio[virt:0x7fcaf414199c, ker:0xffff93f4e1800000, pfn:0x361800, nid:0, npages:512]
          cg.C.x-2850  [030]     1.016147: (+3)     bprint:               do_huge_pmd_numa_page: NUMAB MEM ACCESS huge page process[nid:0, cpu:30, pid:2850], folio[virt:0x7fcaf1ed152c, ker:0xffff93f47f800000, pfn:0x2ff800, nid:0, npages:512]
          cg.C.x-2836  [002]     1.016149: (+2)     bprint:               do_huge_pmd_numa_page: NUMAB MEM ACCESS huge page process[nid:0, cpu:2, pid:2836], folio[virt:0x7fcaf00a19a4, ker:0xffff93f4ba400000, pfn:0x33a400, nid:0, npages:512]
          cg.C.x-2869  [005]     1.016152: (+3)     bprint:               do_huge_pmd_numa_page: NUMAB MEM ACCESS huge page process[nid:1, cpu:5, pid:2869], folio[virt:0x7fcaf47b091c, ker:0xffff940c2a200000, pfn:0x1aaa200, nid:1, npages:512]
          cg.C.x-2897  [061]     1.016155: (+3)     bprint:               do_huge_pmd_numa_page: NUMAB MEM ACCESS huge page process[nid:1, cpu:61, pid:2897], folio[virt:0x7fcaf83f6f78, ker:0xffff940bf8a00000, pfn:0x1a78a00, nid:1, npages:512]
          cg.C.x-2843  [016]     1.016159: (+4)     bprint:               do_huge_pmd_numa_page: NUMAB MEM ACCESS huge page process[nid:0, cpu:16, pid:2843], folio[virt:0x7fcaf0fae5cc, ker:0xffff93f2d8c00000, pfn:0x158c00, nid:0, npages:512]
          cg.C.x-2853  [036]     1.016161: (+2)     bprint:               do_huge_pmd_numa_page: NUMAB MEM ACCESS huge page process[nid:0, cpu:36, pid:2853], folio[virt:0x7fcaf2545ecc, ker:0xffff93f48d800000, pfn:0x30d800, nid:0, npages:512]
          cg.C.x-2867  [001]     1.016164: (+3)     bprint:               do_huge_pmd_numa_page: NUMAB MEM ACCESS huge page process[nid:1, cpu:1, pid:2867], folio[virt:0x7fcaf43676e0, ker:0xffff940c2a000000, pfn:0x1aaa000, nid:1, npages:512]
          cg.C.x-2878  [023]     1.016167: (+3)     bprint:               do_huge_pmd_numa_page: NUMAB MEM ACCESS huge page process[nid:1, cpu:23, pid:2878], folio[virt:0x7fcaf5b11fec, ker:0xffff940a1b200000, pfn:0x189b200, nid:1, npages:512]
          cg.C.x-2894  [055]     1.016170: (+3)     bprint:               do_huge_pmd_numa_page: NUMAB MEM ACCESS huge page process[nid:1, cpu:55, pid:2894], folio[virt:0x7fcaf7d88a84, ker:0xffff940bb7200000, pfn:0x1a37200, nid:1, npages:512]
          cg.C.x-2881  [029]     1.016173: (+3)     bprint:               do_huge_pmd_numa_page: NUMAB MEM ACCESS huge page process[nid:1, cpu:29, pid:2881], folio[virt:0x7fcaf6186b74, ker:0xffff940c2b200000, pfn:0x1aab200, nid:1, npages:512]
          cg.C.x-2884  [035]     1.016177: (+4)     bprint:               do_huge_pmd_numa_page: NUMAB MEM ACCESS huge page process[nid:1, cpu:35, pid:2884], folio[virt:0x7fcaf67f2610, ker:0xffff940bb8a00000, pfn:0x1a38a00, nid:1, npages:512]
          cg.C.x-2838  [006]     1.016180: (+3)     bprint:               change_prot_numa: NUMAB SCAN vma[start:0x7fcaf958b000, end:0x7fcaf96b1000, from:0x7fcaf958b000, to:0x7fcaf96b1000, size:1176 KB]
          cg.C.x-2868  [003]     1.016181: (+1)     bprint:               do_huge_pmd_numa_page: NUMAB MEM ACCESS huge page process[nid:1, cpu:3, pid:2868], folio[virt:0x7fcaf458b6ac, ker:0xffff940bb8200000, pfn:0x1a38200, nid:1, npages:512]
          cg.C.x-2859  [048]     1.016183: (+2)     bprint:               do_huge_pmd_numa_page: NUMAB MEM ACCESS huge page process[nid:0, cpu:48, pid:2859], folio[virt:0x7fcaf322d634, ker:0xffff93f41ec00000, pfn:0x29ec00, nid:0, npages:512]
          cg.C.x-2870  [007]     1.016186: (+3)     bprint:               do_huge_pmd_numa_page: NUMAB MEM ACCESS huge page process[nid:1, cpu:7, pid:2870], folio[virt:0x7fcaf49dab8c, ker:0xffff940be4e00000, pfn:0x1a64e00, nid:1, npages:512]
          cg.C.x-2886  [039]     1.016189: (+3)     bprint:               do_huge_pmd_numa_page: NUMAB MEM ACCESS huge page process[nid:1, cpu:39, pid:2886], folio[virt:0x7fcaf6c4f12c, ker:0xffff940c2a600000, pfn:0x1aaa600, nid:1, npages:512]
          cg.C.x-2847  [024]     1.016192: (+3)     bprint:               do_huge_pmd_numa_page: NUMAB MEM ACCESS huge page process[nid:0, cpu:24, pid:2847], folio[virt:0x7fcaf18555cc, ker:0xffff93f4bac00000, pfn:0x33ac00, nid:0, npages:512]
          cg.C.x-2855  [040]     1.016195: (+3)     bprint:               do_huge_pmd_numa_page: NUMAB MEM ACCESS huge page process[nid:0, cpu:40, pid:2855], folio[virt:0x7fcaf298f1a8, ker:0xffff93f48c600000, pfn:0x30c600, nid:0, npages:512]
          cg.C.x-2888  [043]     1.016198: (+3)     bprint:               do_huge_pmd_numa_page: NUMAB MEM ACCESS huge page process[nid:1, cpu:43, pid:2888], folio[virt:0x7fcaf70a41cc, ker:0xffff940be3200000, pfn:0x1a63200, nid:1, npages:512]
          cg.C.x-2872  [011]     1.016201: (+3)     bprint:               do_huge_pmd_numa_page: NUMAB MEM ACCESS huge page process[nid:1, cpu:11, pid:2872], folio[virt:0x7fcaf4e27f44, ker:0xffff940bf8e00000, pfn:0x1a78e00, nid:1, npages:512]
          cg.C.x-2889  [045]     1.016204: (+3)     bprint:               do_huge_pmd_numa_page: NUMAB MEM ACCESS huge page process[nid:1, cpu:45, pid:2889], folio[virt:0x7fcaf72c666c, ker:0xffff940bb6e00000, pfn:0x1a36e00, nid:1, npages:512]
          cg.C.x-2857  [044]     1.016207: (+3)     bprint:               do_huge_pmd_numa_page: NUMAB MEM ACCESS huge page process[nid:0, cpu:44, pid:2857], folio[virt:0x7fcaf2de477c, ker:0xffff93f4a4c00000, pfn:0x324c00, nid:0, npages:512]
          cg.C.x-2849  [028]     1.016210: (+3)     bprint:               do_huge_pmd_numa_page: NUMAB MEM ACCESS huge page process[nid:0, cpu:28, pid:2849], folio[virt:0x7fcaf1ca6b0c, ker:0xffff93f41f800000, pfn:0x29f800, nid:0, npages:512]
          cg.C.x-2839  [008]     1.016212: (+2)     bprint:               do_huge_pmd_numa_page: NUMAB MEM ACCESS huge page process[nid:0, cpu:8, pid:2839], folio[virt:0x7fcaf07129cc, ker:0xffff93f2ecc00000, pfn:0x16cc00, nid:0, npages:512]
          cg.C.x-2885  [037]     1.016215: (+3)     bprint:               do_huge_pmd_numa_page: NUMAB MEM ACCESS huge page process[nid:1, cpu:37, pid:2885], folio[virt:0x7fcaf6a22814, ker:0xffff940bb7800000, pfn:0x1a37800, nid:1, npages:512]
          cg.C.x-2877  [021]     1.016218: (+3)     bprint:               do_huge_pmd_numa_page: NUMAB MEM ACCESS huge page process[nid:1, cpu:21, pid:2877], folio[virt:0x7fcaf58e96ac, ker:0xffff940be3400000, pfn:0x1a63400, nid:1, npages:512]
          cg.C.x-2893  [053]     1.016221: (+3)     bprint:               do_huge_pmd_numa_page: NUMAB MEM ACCESS huge page process[nid:1, cpu:53, pid:2893], folio[virt:0x7fcaf7b62bd8, ker:0xffff940be0200000, pfn:0x1a60200, nid:1, npages:512]
          cg.C.x-2880  [027]     1.016224: (+3)     bprint:               do_huge_pmd_numa_page: NUMAB MEM ACCESS huge page process[nid:1, cpu:27, pid:2880], folio[virt:0x7fcaf5f5ee0c, ker:0xffff940bdf000000, pfn:0x1a5f000, nid:1, npages:512]
          cg.C.x-2844  [018]     1.016227: (+3)     bprint:               do_huge_pmd_numa_page: NUMAB MEM ACCESS huge page process[nid:0, cpu:18, pid:2844], folio[virt:0x7fcaf11d1908, ker:0xffff93f4e0400000, pfn:0x360400, nid:0, npages:512]
          cg.C.x-2857  [044]     1.016229: (+2)     bprint:               __handle_mm_fault: NUMAB MEM ACCESS process[nid:0, cpu:44, pid:2857], folio[virt:0x7fcaf9650e20, phys:0x12318e000, pfn:0x12318e, nid:0, npages:1]
          cg.C.x-2864  [058]     1.016230: (+1)     bprint:               do_huge_pmd_numa_page: NUMAB MEM ACCESS huge page process[nid:0, cpu:58, pid:2864], folio[virt:0x7fcaf3ceef80, ker:0xffff93f4ba000000, pfn:0x33a000, nid:0, npages:512]
          cg.C.x-2849  [028]     1.016231: (+1)     bprint:               __handle_mm_fault: NUMAB MEM ACCESS process[nid:0, cpu:28, pid:2849], folio[virt:0x7fcaf963e8ac, phys:0x12052c000, pfn:0x12052c, nid:0, npages:1]
          cg.C.x-2839  [008]     1.016233: (+2)     bprint:               __handle_mm_fault: NUMAB MEM ACCESS process[nid:0, cpu:8, pid:2839], folio[virt:0x7fcaf9627a74, phys:0x13d0e5000, pfn:0x13d0e5, nid:0, npages:1]
          cg.C.x-2879  [025]     1.016233: (+0)     bprint:               do_huge_pmd_numa_page: NUMAB MEM ACCESS huge page process[nid:1, cpu:25, pid:2879], folio[virt:0x7fcaf5d3846c, ker:0xffff940bf8600000, pfn:0x1a78600, nid:1, npages:512]
          cg.C.x-2877  [021]     1.016234: (+1)     bprint:               __handle_mm_fault: NUMAB MEM ACCESS process[nid:1, cpu:21, pid:2877], folio[virt:0x7fcaf967ea3c, phys:0x186d6d7000, pfn:0x186d6d7, nid:1, npages:1]
          cg.C.x-2895  [057]     1.016236: (+2)     bprint:               do_huge_pmd_numa_page: NUMAB MEM ACCESS huge page process[nid:1, cpu:57, pid:2895], folio[virt:0x7fcaf7faf38c, ker:0xffff940c2e800000, pfn:0x1aae800, nid:1, npages:512]
          cg.C.x-2893  [053]     1.016238: (+2)     bprint:               __handle_mm_fault: NUMAB MEM ACCESS process[nid:1, cpu:53, pid:2893], folio[virt:0x7fcaf96a346c, phys:0x303f0ee000, pfn:0x303f0ee, nid:1, npages:1]
          cg.C.x-2880  [027]     1.016240: (+2)     bprint:               __handle_mm_fault: NUMAB MEM ACCESS process[nid:1, cpu:27, pid:2880], folio[virt:0x7fcaf9685844, phys:0x18649d9000, pfn:0x18649d9, nid:1, npages:1]
          cg.C.x-2892  [051]     1.016240: (+0)     bprint:               do_huge_pmd_numa_page: NUMAB MEM ACCESS huge page process[nid:1, cpu:51, pid:2892], folio[virt:0x7fcaf793996c, ker:0xffff940a73200000, pfn:0x18f3200, nid:1, npages:512]
          cg.C.x-2844  [018]     1.016242: (+2)     bprint:               __handle_mm_fault: NUMAB MEM ACCESS process[nid:0, cpu:18, pid:2844], folio[virt:0x7fcaf9633130, phys:0x139455000, pfn:0x139455, nid:0, npages:1]
          cg.C.x-2838  [006]     1.016243: (+1)     bprint:               change_prot_numa: NUMAB SCAN vma[start:0x7fcaf96f7000, end:0x7fcaf96f8000, from:0x7fcaf96f7000, to:0x7fcaf96f8000, size:4 KB]
          cg.C.x-2898  [063]     1.016243: (+0)     bprint:               do_huge_pmd_numa_page: NUMAB MEM ACCESS huge page process[nid:1, cpu:63, pid:2898], folio[virt:0x7fcaf86260fc, ker:0xffff940c2ba00000, pfn:0x1aaba00, nid:1, npages:512]
          cg.C.x-2864  [058]     1.016244: (+1)     bprint:               __handle_mm_fault: NUMAB MEM ACCESS process[nid:0, cpu:58, pid:2864], folio[virt:0x7fcaf9660e54, phys:0x153a4a000, pfn:0x153a4a, nid:0, npages:1]
          cg.C.x-2840  [010]     1.016246: (+2)     bprint:               do_huge_pmd_numa_page: NUMAB MEM ACCESS huge page process[nid:0, cpu:10, pid:2840], folio[virt:0x7fcaf09403cc, ker:0xffff93f4ca000000, pfn:0x34a000, nid:0, npages:512]
          cg.C.x-2881  [029]     1.016246: (+0)     bprint:               __handle_mm_fault: NUMAB MEM ACCESS process[nid:1, cpu:29, pid:2881], folio[virt:0x7fcaf9687d9c, phys:0x18673cf000, pfn:0x18673cf, nid:1, npages:1]
          cg.C.x-2889  [045]     1.016248: (+2)     bprint:               __handle_mm_fault: NUMAB MEM ACCESS process[nid:1, cpu:45, pid:2889], folio[virt:0x7fcaf969a238, phys:0x1857996000, pfn:0x1857996, nid:1, npages:1]
          cg.C.x-2858  [046]     1.016249: (+1)     bprint:               do_huge_pmd_numa_page: NUMAB MEM ACCESS huge page process[nid:0, cpu:46, pid:2858], folio[virt:0x7fcaf300a2ec, ker:0xffff93f4cbc00000, pfn:0x34bc00, nid:0, npages:512]
          cg.C.x-2879  [025]     1.016249: (+0)     bprint:               __handle_mm_fault: NUMAB MEM ACCESS process[nid:1, cpu:25, pid:2879], folio[virt:0x7fcaf96833c8, phys:0x186dbc8000, pfn:0x186dbc8, nid:1, npages:1]
          cg.C.x-2876  [019]     1.016251: (+2)     bprint:               __handle_mm_fault: NUMAB MEM ACCESS process[nid:1, cpu:19, pid:2876], folio[virt:0x7fcaf967c70c, phys:0x1858fc6000, pfn:0x1858fc6, nid:1, npages:1]
          cg.C.x-2845  [020]     1.016252: (+1)     bprint:               do_huge_pmd_numa_page: NUMAB MEM ACCESS huge page process[nid:0, cpu:20, pid:2845], folio[virt:0x7fcaf1405a4c, ker:0xffff93f4a5800000, pfn:0x325800, nid:0, npages:512]
          cg.C.x-2888  [043]     1.016253: (+1)     bprint:               __handle_mm_fault: NUMAB MEM ACCESS process[nid:1, cpu:43, pid:2888], folio[virt:0x7fcaf9697dac, phys:0x186c697000, pfn:0x186c697, nid:1, npages:1]
          cg.C.x-2848  [026]     1.016254: (+1)     bprint:               do_huge_pmd_numa_page: NUMAB MEM ACCESS huge page process[nid:0, cpu:26, pid:2848], folio[virt:0x7fcaf1a7bb6c, ker:0xffff93f47e200000, pfn:0x2fe200, nid:0, npages:512]
          cg.C.x-2872  [011]     1.016255: (+1)     bprint:               __handle_mm_fault: NUMAB MEM ACCESS process[nid:1, cpu:11, pid:2872], folio[virt:0x7fcaf9673390, phys:0x185ec1d000, pfn:0x185ec1d, nid:1, npages:1]
          cg.C.x-2896  [059]     1.016257: (+2)     bprint:               do_huge_pmd_numa_page: NUMAB MEM ACCESS huge page process[nid:1, cpu:59, pid:2896], folio[virt:0x7fcaf81d072c, ker:0xffff940bf9200000, pfn:0x1a79200, nid:1, npages:512]
          cg.C.x-2855  [040]     1.016257: (+0)     bprint:               __handle_mm_fault: NUMAB MEM ACCESS process[nid:0, cpu:40, pid:2855], folio[virt:0x7fcaf964c540, phys:0x13a643000, pfn:0x13a643, nid:0, npages:1]
          cg.C.x-2847  [024]     1.016259: (+2)     bprint:               __handle_mm_fault: NUMAB MEM ACCESS process[nid:0, cpu:24, pid:2847], folio[virt:0x7fcaf963a07c, phys:0x183fe99000, pfn:0x183fe99, nid:0, npages:1]
          cg.C.x-2863  [056]     1.016259: (+0)     bprint:               do_huge_pmd_numa_page: NUMAB MEM ACCESS huge page process[nid:0, cpu:56, pid:2863], folio[virt:0x7fcaf3aca184, ker:0xffff93f48d400000, pfn:0x30d400, nid:0, npages:512]
          cg.C.x-2884  [035]     1.016261: (+2)     bprint:               __handle_mm_fault: NUMAB MEM ACCESS process[nid:1, cpu:35, pid:2884], folio[virt:0x7fcaf968eafc, phys:0x186ddc6000, pfn:0x186ddc6, nid:1, npages:1]
          cg.C.x-2835  [000]     1.016262: (+1)     bprint:               do_huge_pmd_numa_page: NUMAB MEM ACCESS huge page process[nid:0, cpu:0, pid:2835], folio[virt:0x7fcaefe7b4c4, ker:0xffff93f4b8400000, pfn:0x338400, nid:0, npages:512]
          cg.C.x-2854  [038]     1.016263: (+1)     bprint:               __handle_mm_fault: NUMAB MEM ACCESS process[nid:0, cpu:38, pid:2854], folio[virt:0x7fcaf964a298, phys:0x1137cd000, pfn:0x1137cd, nid:0, npages:1]
          cg.C.x-2883  [033]     1.016264: (+1)     bprint:               do_huge_pmd_numa_page: NUMAB MEM ACCESS huge page process[nid:1, cpu:33, pid:2883], folio[virt:0x7fcaf65ce94c, ker:0xffff940bf9600000, pfn:0x1a79600, nid:1, npages:512]
          cg.C.x-2887  [041]     1.016266: (+2)     bprint:               __handle_mm_fault: NUMAB MEM ACCESS process[nid:1, cpu:41, pid:2887], folio[virt:0x7fcaf9695998, phys:0x185dd2d000, pfn:0x185dd2d, nid:1, npages:1]
          cg.C.x-2873  [013]     1.016267: (+1)     bprint:               do_huge_pmd_numa_page: NUMAB MEM ACCESS huge page process[nid:1, cpu:13, pid:2873], folio[virt:0x7fcaf504df44, ker:0xffff940b84e00000, pfn:0x1a04e00, nid:1, npages:512]
          cg.C.x-2895  [057]     1.016268: (+1)     bprint:               __handle_mm_fault: NUMAB MEM ACCESS process[nid:1, cpu:57, pid:2895], folio[virt:0x7fcaf96a7da8, phys:0x185ea58000, pfn:0x185ea58, nid:1, npages:1]
          cg.C.x-2882  [031]     1.016269: (+1)     bprint:               do_huge_pmd_numa_page: NUMAB MEM ACCESS huge page process[nid:1, cpu:31, pid:2882], folio[virt:0x7fcaf63ad790, ker:0xffff940b83a00000, pfn:0x1a03a00, nid:1, npages:512]
          cg.C.x-2867  [001]     1.016270: (+1)     bprint:               __handle_mm_fault: NUMAB MEM ACCESS process[nid:1, cpu:1, pid:2867], folio[virt:0x7fcaf9667d50, phys:0x1866bd7000, pfn:0x1866bd7, nid:1, npages:1]
          cg.C.x-2860  [050]     1.016271: (+1)     bprint:               do_huge_pmd_numa_page: NUMAB MEM ACCESS huge page process[nid:0, cpu:50, pid:2860], folio[virt:0x7fcaf344f680, ker:0xffff93f4a5000000, pfn:0x325000, nid:0, npages:512]
          cg.C.x-2885  [037]     1.016272: (+1)     bprint:               __handle_mm_fault: NUMAB MEM ACCESS process[nid:1, cpu:37, pid:2885], folio[virt:0x7fcaf9690f7c, phys:0x18574a3000, pfn:0x18574a3, nid:1, npages:1]
          cg.C.x-2871  [009]     1.016274: (+2)     bprint:               __handle_mm_fault: NUMAB MEM ACCESS process[nid:1, cpu:9, pid:2871], folio[virt:0x7fcaf9670f90, phys:0x185e441000, pfn:0x185e441, nid:1, npages:1]
          cg.C.x-2862  [054]     1.016274: (+0)     bprint:               do_huge_pmd_numa_page: NUMAB MEM ACCESS huge page process[nid:0, cpu:54, pid:2862], folio[virt:0x7fcaf389c3ac, ker:0xffff93f4cb000000, pfn:0x34b000, nid:0, npages:512]
          cg.C.x-2868  [003]     1.016276: (+2)     bprint:               __handle_mm_fault: NUMAB MEM ACCESS process[nid:1, cpu:3, pid:2868], folio[virt:0x7fcaf966a13c, phys:0x18679b8000, pfn:0x18679b8, nid:1, npages:1]
          cg.C.x-2875  [017]     1.016277: (+1)     bprint:               do_huge_pmd_numa_page: NUMAB MEM ACCESS huge page process[nid:1, cpu:17, pid:2875], folio[virt:0x7fcaf549ca84, ker:0xffff940be2200000, pfn:0x1a62200, nid:1, npages:512]
          cg.C.x-2869  [005]     1.016278: (+1)     bprint:               __handle_mm_fault: NUMAB MEM ACCESS process[nid:1, cpu:5, pid:2869], folio[virt:0x7fcaf966c660, phys:0x186c7d8000, pfn:0x186c7d8, nid:1, npages:1]
          cg.C.x-2851  [032]     1.016280: (+2)     bprint:               do_huge_pmd_numa_page: NUMAB MEM ACCESS huge page process[nid:0, cpu:32, pid:2851], folio[virt:0x7fcaf20f5214, ker:0xffff93f4baa00000, pfn:0x33aa00, nid:0, npages:512]
          cg.C.x-2894  [055]     1.016280: (+0)     bprint:               __handle_mm_fault: NUMAB MEM ACCESS process[nid:1, cpu:55, pid:2894], folio[virt:0x7fcaf96a5974, phys:0x18679a7000, pfn:0x18679a7, nid:1, npages:1]
          cg.C.x-2878  [023]     1.016282: (+2)     bprint:               __handle_mm_fault: NUMAB MEM ACCESS process[nid:1, cpu:23, pid:2878], folio[virt:0x7fcaf9680fc8, phys:0x18682dc000, pfn:0x18682dc, nid:1, npages:1]
          cg.C.x-2890  [047]     1.016282: (+0)     bprint:               do_huge_pmd_numa_page: NUMAB MEM ACCESS huge page process[nid:1, cpu:47, pid:2890], folio[virt:0x7fcaf74e90cc, ker:0xffff940b83600000, pfn:0x1a03600, nid:1, npages:512]
          cg.C.x-2874  [015]     1.016285: (+3)     bprint:               do_huge_pmd_numa_page: NUMAB MEM ACCESS huge page process[nid:1, cpu:15, pid:2874], folio[virt:0x7fcaf5273284, ker:0xffff940bf8200000, pfn:0x1a78200, nid:1, npages:512]
          cg.C.x-2870  [007]     1.016285: (+0)     bprint:               __handle_mm_fault: NUMAB MEM ACCESS process[nid:1, cpu:7, pid:2870], folio[virt:0x7fcaf966ea74, phys:0x186de20000, pfn:0x186de20, nid:1, npages:1]
          cg.C.x-2852  [034]     1.016287: (+2)     bprint:               __handle_mm_fault: NUMAB MEM ACCESS process[nid:0, cpu:34, pid:2852], folio[virt:0x7fcaf96457c4, phys:0x13a9dc000, pfn:0x13a9dc, nid:0, npages:1]
          cg.C.x-2891  [049]     1.016287: (+0)     bprint:               do_huge_pmd_numa_page: NUMAB MEM ACCESS huge page process[nid:1, cpu:49, pid:2891], folio[virt:0x7fcaf770fc60, ker:0xffff9409f7e00000, pfn:0x1877e00, nid:1, npages:512]
          cg.C.x-2836  [002]     1.016290: (+3)     bprint:               __handle_mm_fault: NUMAB MEM ACCESS process[nid:0, cpu:2, pid:2836], folio[virt:0x7fcaf9620dc0, phys:0x13b000000, pfn:0x13b000, nid:0, npages:1]
          cg.C.x-2841  [012]     1.016290: (+0)     bprint:               do_huge_pmd_numa_page: NUMAB MEM ACCESS huge page process[nid:0, cpu:12, pid:2841], folio[virt:0x7fcaf0b640c0, ker:0xffff93f2aae00000, pfn:0x12ae00, nid:0, npages:512]
          cg.C.x-2859  [048]     1.016292: (+2)     bprint:               __handle_mm_fault: NUMAB MEM ACCESS process[nid:0, cpu:48, pid:2859], folio[virt:0x7fcaf96557bc, phys:0x11259b000, pfn:0x11259b, nid:0, npages:1]
          cg.C.x-2856  [042]     1.016293: (+1)     bprint:               do_huge_pmd_numa_page: NUMAB MEM ACCESS huge page process[nid:0, cpu:42, pid:2856], folio[virt:0x7fcaf2bb87cc, ker:0xffff93f41f000000, pfn:0x29f000, nid:0, npages:512]
          cg.C.x-2846  [022]     1.016296: (+3)     bprint:               do_huge_pmd_numa_page: NUMAB MEM ACCESS huge page process[nid:0, cpu:22, pid:2846], folio[virt:0x7fcaf162871c, ker:0xffff93f48d000000, pfn:0x30d000, nid:0, npages:512]
          cg.C.x-2886  [039]     1.016296: (+0)     bprint:               __handle_mm_fault: NUMAB MEM ACCESS process[nid:1, cpu:39, pid:2886], folio[virt:0x7fcaf9693440, phys:0x186d9d5000, pfn:0x186d9d5, nid:1, npages:1]
          cg.C.x-2842  [014]     1.016298: (+2)     bprint:               do_huge_pmd_numa_page: NUMAB MEM ACCESS huge page process[nid:0, cpu:14, pid:2842], folio[virt:0x7fcaf0d8aeb0, ker:0xffff93f467000000, pfn:0x2e7000, nid:0, npages:512]
          cg.C.x-2850  [030]     1.016298: (+0)     bprint:               __handle_mm_fault: NUMAB MEM ACCESS process[nid:0, cpu:30, pid:2850], folio[virt:0x7fcaf9640e40, phys:0x17e08ca000, pfn:0x17e08ca, nid:0, npages:1]
          cg.C.x-2838  [006]     1.016300: (+2)     bprint:               change_prot_numa: NUMAB SCAN vma[start:0x7fcaf98ca000, end:0x7fcaf98cc000, from:0x7fcaf98ca000, to:0x7fcaf98cc000, size:8 KB]
          cg.C.x-2861  [052]     1.016300: (+0)     bprint:               do_huge_pmd_numa_page: NUMAB MEM ACCESS huge page process[nid:0, cpu:52, pid:2861], folio[virt:0x7fcaf3674ad0, ker:0xffff93f4ca800000, pfn:0x34a800, nid:0, npages:512]
          cg.C.x-2843  [016]     1.016300: (+0)     bprint:               __handle_mm_fault: NUMAB MEM ACCESS process[nid:0, cpu:16, pid:2843], folio[virt:0x7fcaf9630dc8, phys:0x13a82e000, pfn:0x13a82e, nid:0, npages:1]
          cg.C.x-2866  [062]     1.016302: (+2)     bprint:               __handle_mm_fault: NUMAB MEM ACCESS process[nid:0, cpu:62, pid:2866], folio[virt:0x7fcaf966587c, phys:0x153b86000, pfn:0x153b86, nid:0, npages:1]
          cg.C.x-2897  [061]     1.016302: (+0)     bprint:               do_huge_pmd_numa_page: NUMAB MEM ACCESS huge page process[nid:1, cpu:61, pid:2897], folio[virt:0x7fcaf8400000, ker:0xffff940b84600000, pfn:0x1a04600, nid:1, npages:512]
          cg.C.x-2892  [051]     1.016305: (+3)     bprint:               __handle_mm_fault: NUMAB MEM ACCESS process[nid:1, cpu:51, pid:2892], folio[virt:0x7fcaf96a0fa8, phys:0x185ebdf000, pfn:0x185ebdf, nid:1, npages:1]
