          cg.C.x-2535  [000]     0.006208: (+20)    sched_process_fork:   comm=cg.C.x pid=2535 child_comm=cg.C.x child_pid=2595
          cg.C.x-2535  [000]     0.006210: (+2)     sched_wakeup_new:     cg.C.x:2595 [120] CPU:000
          cg.C.x-2535  [000]     0.006213: (+3)     sched_migrate_task:   comm=cg.C.x pid=2595 prio=120 orig_cpu=0 dest_cpu=57
          cg.C.x-2535  [000]     0.006219: (+6)     sched_wake_idle_without_ipi: cpu=57
          <idle>-0     [057]     0.006226: (+7)     sched_switch:         swapper/57:0 [120] R ==> cg.C.x:2595 [120]
          cg.C.x-2535  [000]     0.006252: (+26)    sched_process_fork:   comm=cg.C.x pid=2535 child_comm=cg.C.x child_pid=2596
          cg.C.x-2535  [000]     0.006254: (+2)     sched_wakeup_new:     cg.C.x:2596 [120] CPU:000
          cg.C.x-2535  [000]     0.006257: (+3)     sched_migrate_task:   comm=cg.C.x pid=2596 prio=120 orig_cpu=0 dest_cpu=59
          cg.C.x-2535  [000]     0.006262: (+5)     sched_wake_idle_without_ipi: cpu=59
          <idle>-0     [059]     0.006269: (+7)     sched_switch:         swapper/59:0 [120] R ==> cg.C.x:2596 [120]
          cg.C.x-2535  [000]     0.006301: (+32)    sched_process_fork:   comm=cg.C.x pid=2535 child_comm=cg.C.x child_pid=2597
          cg.C.x-2535  [000]     0.006302: (+1)     sched_wakeup_new:     cg.C.x:2597 [120] CPU:000
          cg.C.x-2535  [000]     0.006306: (+4)     sched_migrate_task:   comm=cg.C.x pid=2597 prio=120 orig_cpu=0 dest_cpu=61
          cg.C.x-2535  [000]     0.006310: (+4)     sched_wake_idle_without_ipi: cpu=61
          <idle>-0     [061]     0.006317: (+7)     sched_switch:         swapper/61:0 [120] R ==> cg.C.x:2597 [120]
          cg.C.x-2535  [000]     0.006334: (+17)    sched_process_fork:   comm=cg.C.x pid=2535 child_comm=cg.C.x child_pid=2598
          cg.C.x-2535  [000]     0.006336: (+2)     sched_wakeup_new:     cg.C.x:2598 [120] CPU:000
          cg.C.x-2535  [000]     0.006339: (+3)     sched_migrate_task:   comm=cg.C.x pid=2598 prio=120 orig_cpu=0 dest_cpu=63
          cg.C.x-2535  [000]     0.006343: (+4)     sched_wake_idle_without_ipi: cpu=63
          <idle>-0     [063]     0.006351: (+8)     sched_switch:         swapper/63:0 [120] R ==> cg.C.x:2598 [120]
          cg.C.x-2590  [047]     0.009959: (+3608)  sched_waking:         comm=kworker/47:0 pid=301 prio=120 target_cpu=047
          cg.C.x-2593  [053]     0.009960: (+1)     sched_waking:         comm=kworker/53:1 pid=588 prio=120 target_cpu=053
          cg.C.x-2592  [051]     0.009960: (+0)     sched_waking:         comm=kworker/51:1 pid=737 prio=120 target_cpu=051
          cg.C.x-2598  [063]     0.009961: (+1)     sched_waking:         comm=kworker/63:1 pid=654 prio=120 target_cpu=063
          cg.C.x-2597  [061]     0.009961: (+0)     sched_waking:         comm=kworker/61:1 pid=558 prio=120 target_cpu=061
          cg.C.x-2595  [057]     0.009961: (+0)     sched_waking:         comm=kworker/57:2 pid=1818 prio=120 target_cpu=057
          cg.C.x-2590  [047]     0.009962: (+1)     sched_wakeup:         kworker/47:0:301 [120] CPU:047
          cg.C.x-2593  [053]     0.009962: (+0)     sched_wakeup:         kworker/53:1:588 [120] CPU:053
          cg.C.x-2592  [051]     0.009962: (+0)     sched_wakeup:         kworker/51:1:737 [120] CPU:051
          cg.C.x-2598  [063]     0.009963: (+1)     sched_wakeup:         kworker/63:1:654 [120] CPU:063
          cg.C.x-2597  [061]     0.009964: (+1)     sched_wakeup:         kworker/61:1:558 [120] CPU:061
          cg.C.x-2595  [057]     0.009964: (+0)     sched_wakeup:         kworker/57:2:1818 [120] CPU:057
          cg.C.x-2590  [047]     0.009966: (+2)     sched_switch:         cg.C.x:2590 [120] R ==> kworker/47:0:301 [120]
          cg.C.x-2592  [051]     0.009968: (+2)     sched_switch:         cg.C.x:2592 [120] R ==> kworker/51:1:737 [120]
          cg.C.x-2598  [063]     0.009968: (+0)     sched_switch:         cg.C.x:2598 [120] R ==> kworker/63:1:654 [120]
          cg.C.x-2593  [053]     0.009968: (+0)     sched_switch:         cg.C.x:2593 [120] R ==> kworker/53:1:588 [120]
          cg.C.x-2595  [057]     0.009969: (+1)     sched_switch:         cg.C.x:2595 [120] R ==> kworker/57:2:1818 [120]
          cg.C.x-2597  [061]     0.009970: (+1)     sched_switch:         cg.C.x:2597 [120] R ==> kworker/61:1:558 [120]
    kworker/47:0-301   [047]     0.009973: (+3)     sched_switch:         kworker/47:0:301 [120] I ==> cg.C.x:2590 [120]
    kworker/51:1-737   [051]     0.009973: (+0)     sched_switch:         kworker/51:1:737 [120] I ==> cg.C.x:2592 [120]
    kworker/63:1-654   [063]     0.009974: (+1)     sched_switch:         kworker/63:1:654 [120] I ==> cg.C.x:2598 [120]
    kworker/53:1-588   [053]     0.009976: (+2)     sched_switch:         kworker/53:1:588 [120] I ==> cg.C.x:2593 [120]
    kworker/57:2-1818  [057]     0.009976: (+0)     sched_switch:         kworker/57:2:1818 [120] I ==> cg.C.x:2595 [120]
    kworker/61:1-558   [061]     0.009977: (+1)     sched_switch:         kworker/61:1:558 [120] I ==> cg.C.x:2597 [120]
          cg.C.x-2556  [042]     0.011211: (+1234)  sched_waking:         comm=tmux: server pid=2003 prio=120 target_cpu=042
          cg.C.x-2556  [042]     0.011220: (+9)     sched_wakeup:         tmux: server:2003 [120] CPU:042
          cg.C.x-2579  [025]     0.013952: (+2732)  sched_waking:         comm=rcu_preempt pid=17 prio=120 target_cpu=025
          cg.C.x-2558  [046]     0.013956: (+4)     bprint:               change_prot_numa: NUMAB SCAN vma[start:0x7f4c35601000, end:0x7f4c35e01000, from:0x7f4c35601000, to:0x7f4c35e01000, size:8192 KB]
          cg.C.x-2556  [042]     0.013956: (+0)     sched_switch:         cg.C.x:2556 [120] R ==> tmux: server:2003 [120]
          cg.C.x-2579  [025]     0.013958: (+2)     sched_wakeup:         rcu_preempt:17 [120] CPU:025
          cg.C.x-2579  [025]     0.013960: (+2)     sched_switch:         cg.C.x:2579 [120] R ==> rcu_preempt:17 [120]
          cg.C.x-2558  [046]     0.013962: (+2)     bprint:               change_prot_numa: NUMAB SCAN vma[start:0x7f4c36001000, end:0x7f4c36801000, from:0x7f4c36001000, to:0x7f4c36801000, size:8192 KB]
     rcu_preempt-17    [025]     0.013966: (+4)     sched_switch:         rcu_preempt:17 [120] I ==> cg.C.x:2579 [120]
          cg.C.x-2558  [046]     0.013966: (+0)     bprint:               change_prot_numa: NUMAB SCAN vma[start:0x7f4c36a01000, end:0x7f4c37201000, from:0x7f4c36a01000, to:0x7f4c37201000, size:8192 KB]
    tmux: server-2003  [042]     0.013980: (+14)    sched_switch:         tmux: server:2003 [120] S ==> cg.C.x:2556 [120]
          cg.C.x-2558  [046]     0.014001: (+21)    bprint:               change_prot_numa: NUMAB SCAN vma[start:0x7f4c37401000, end:0x7f4c37c01000, from:0x7f4c37401000, to:0x7f4c37c01000, size:8192 KB]
          cg.C.x-2596  [059]     0.014002: (+1)     bprint:               __handle_mm_fault: NUMAB MEM ACCESS process[nid:1, cpu:59, pid:2596], folio[virt:0x7f4c372002b0, phys:0x1227ee000, pfn:0x1227ee, nid:0, npages:1]
          cg.C.x-2596  [059]     0.014004: (+2)     bprint:               __handle_mm_fault: NUMAB TRY MEM MIGR process[nid:1, cpu:59, pid:2596], folio[virt:0x7f4c372002b0, phys:0x1227ee000, nid:0], target_nid:1
          cg.C.x-2595  [057]     0.014019: (+15)    bprint:               __handle_mm_fault: NUMAB MEM ACCESS process[nid:1, cpu:57, pid:2595], folio[virt:0x7f4c37c002b0, phys:0x3780d2000, pfn:0x3780d2, nid:0, npages:1]
          cg.C.x-2558  [046]     0.014019: (+0)     bprint:               change_prot_numa: NUMAB SCAN vma[start:0x7f4c37e01000, end:0x7f4c38601000, from:0x7f4c37e01000, to:0x7f4c38601000, size:8192 KB]
          cg.C.x-2595  [057]     0.014021: (+2)     bprint:               __handle_mm_fault: NUMAB TRY MEM MIGR process[nid:1, cpu:57, pid:2595], folio[virt:0x7f4c37c002b0, phys:0x3780d2000, nid:0], target_nid:1
          cg.C.x-2596  [059]     0.014039: (+18)    bprint:               __handle_mm_fault: NUMAB COMPLETED MEM MIGR process[nid:1, cpu:59, pid:2596], old[phys:0x1227ee000, nid:0, npages:1], new[phys:0x1857659000, nid:1, npages:1]
          cg.C.x-2595  [057]     0.014055: (+16)    bprint:               __handle_mm_fault: NUMAB COMPLETED MEM MIGR process[nid:1, cpu:57, pid:2595], old[phys:0x3780d2000, nid:0, npages:1], new[phys:0x18675d1000, nid:1, npages:1]
          cg.C.x-2558  [046]     0.014067: (+12)    bprint:               change_prot_numa: NUMAB SCAN vma[start:0x7f4c38801000, end:0x7f4c39001000, from:0x7f4c38801000, to:0x7f4c39001000, size:8192 KB]
          cg.C.x-2594  [055]     0.014067: (+0)     bprint:               __handle_mm_fault: NUMAB MEM ACCESS process[nid:1, cpu:55, pid:2594], folio[virt:0x7f4c386002b0, phys:0x3780d1000, pfn:0x3780d1, nid:0, npages:1]
          cg.C.x-2594  [055]     0.014069: (+2)     bprint:               __handle_mm_fault: NUMAB TRY MEM MIGR process[nid:1, cpu:55, pid:2594], folio[virt:0x7f4c386002b0, phys:0x3780d1000, nid:0], target_nid:1
          cg.C.x-2558  [046]     0.014084: (+15)    bprint:               change_prot_numa: NUMAB SCAN vma[start:0x7f4c39201000, end:0x7f4c39a01000, from:0x7f4c39201000, to:0x7f4c39a01000, size:8192 KB]
          cg.C.x-2593  [053]     0.014085: (+1)     bprint:               __handle_mm_fault: NUMAB MEM ACCESS process[nid:1, cpu:53, pid:2593], folio[virt:0x7f4c390002b8, phys:0x37807f000, pfn:0x37807f, nid:0, npages:1]
          cg.C.x-2593  [053]     0.014086: (+1)     bprint:               __handle_mm_fault: NUMAB TRY MEM MIGR process[nid:1, cpu:53, pid:2593], folio[virt:0x7f4c390002b8, phys:0x37807f000, nid:0], target_nid:1
          cg.C.x-2594  [055]     0.014105: (+19)    bprint:               __handle_mm_fault: NUMAB COMPLETED MEM MIGR process[nid:1, cpu:55, pid:2594], old[phys:0x3780d1000, nid:0, npages:1], new[phys:0x186cba5000, nid:1, npages:1]
          cg.C.x-2593  [053]     0.014122: (+17)    bprint:               __handle_mm_fault: NUMAB COMPLETED MEM MIGR process[nid:1, cpu:53, pid:2593], old[phys:0x37807f000, nid:0, npages:1], new[phys:0x185eb98000, nid:1, npages:1]
          cg.C.x-2558  [046]     0.014135: (+13)    bprint:               change_prot_numa: NUMAB SCAN vma[start:0x7f4c39c01000, end:0x7f4c3a401000, from:0x7f4c39c01000, to:0x7f4c3a401000, size:8192 KB]
          cg.C.x-2592  [051]     0.014136: (+1)     bprint:               __handle_mm_fault: NUMAB MEM ACCESS process[nid:1, cpu:51, pid:2592], folio[virt:0x7f4c39a002b0, phys:0x116296000, pfn:0x116296, nid:0, npages:1]
          cg.C.x-2592  [051]     0.014138: (+2)     bprint:               __handle_mm_fault: NUMAB TRY MEM MIGR process[nid:1, cpu:51, pid:2592], folio[virt:0x7f4c39a002b0, phys:0x116296000, nid:0], target_nid:1
          cg.C.x-2558  [046]     0.014153: (+15)    bprint:               change_prot_numa: NUMAB SCAN vma[start:0x7f4c3a601000, end:0x7f4c3ae01000, from:0x7f4c3a601000, to:0x7f4c3ae01000, size:8192 KB]
          cg.C.x-2591  [049]     0.014153: (+0)     bprint:               __handle_mm_fault: NUMAB MEM ACCESS process[nid:1, cpu:49, pid:2591], folio[virt:0x7f4c3a4002b0, phys:0x12158a000, pfn:0x12158a, nid:0, npages:1]
          cg.C.x-2591  [049]     0.014155: (+2)     bprint:               __handle_mm_fault: NUMAB TRY MEM MIGR process[nid:1, cpu:49, pid:2591], folio[virt:0x7f4c3a4002b0, phys:0x12158a000, nid:0], target_nid:1
          cg.C.x-2592  [051]     0.014172: (+17)    bprint:               __handle_mm_fault: NUMAB COMPLETED MEM MIGR process[nid:1, cpu:51, pid:2592], old[phys:0x116296000, nid:0, npages:1], new[phys:0x186ea8a000, nid:1, npages:1]
          cg.C.x-2591  [049]     0.014189: (+17)    bprint:               __handle_mm_fault: NUMAB COMPLETED MEM MIGR process[nid:1, cpu:49, pid:2591], old[phys:0x12158a000, nid:0, npages:1], new[phys:0x185e3a3000, nid:1, npages:1]
          cg.C.x-2558  [046]     0.014210: (+21)    bprint:               change_prot_numa: NUMAB SCAN vma[start:0x7f4c3b001000, end:0x7f4c3b801000, from:0x7f4c3b001000, to:0x7f4c3b801000, size:8192 KB]
          cg.C.x-2590  [047]     0.014211: (+1)     bprint:               __handle_mm_fault: NUMAB MEM ACCESS process[nid:1, cpu:47, pid:2590], folio[virt:0x7f4c3ae002b0, phys:0x1137b6000, pfn:0x1137b6, nid:0, npages:1]
          cg.C.x-2590  [047]     0.014213: (+2)     bprint:               __handle_mm_fault: NUMAB TRY MEM MIGR process[nid:1, cpu:47, pid:2590], folio[virt:0x7f4c3ae002b0, phys:0x1137b6000, nid:0], target_nid:1
          cg.C.x-2589  [045]     0.014229: (+16)    bprint:               __handle_mm_fault: NUMAB MEM ACCESS process[nid:1, cpu:45, pid:2589], folio[virt:0x7f4c3b8002b0, phys:0x111035000, pfn:0x111035, nid:0, npages:1]
          cg.C.x-2558  [046]     0.014229: (+0)     bprint:               change_prot_numa: NUMAB SCAN vma[start:0x7f4c3ba01000, end:0x7f4c3c201000, from:0x7f4c3ba01000, to:0x7f4c3c201000, size:8192 KB]
          cg.C.x-2589  [045]     0.014230: (+1)     bprint:               __handle_mm_fault: NUMAB TRY MEM MIGR process[nid:1, cpu:45, pid:2589], folio[virt:0x7f4c3b8002b0, phys:0x111035000, nid:0], target_nid:1
          cg.C.x-2590  [047]     0.014244: (+14)    bprint:               __handle_mm_fault: NUMAB COMPLETED MEM MIGR process[nid:1, cpu:47, pid:2590], old[phys:0x1137b6000, nid:0, npages:1], new[phys:0x1855a87000, nid:1, npages:1]
          cg.C.x-2589  [045]     0.014268: (+24)    bprint:               __handle_mm_fault: NUMAB COMPLETED MEM MIGR process[nid:1, cpu:45, pid:2589], old[phys:0x111035000, nid:0, npages:1], new[phys:0x186d1e4000, nid:1, npages:1]
          cg.C.x-2558  [046]     0.014276: (+8)     bprint:               change_prot_numa: NUMAB SCAN vma[start:0x7f4c3c401000, end:0x7f4c3cc01000, from:0x7f4c3c401000, to:0x7f4c3cc01000, size:8192 KB]
          cg.C.x-2588  [043]     0.014277: (+1)     bprint:               __handle_mm_fault: NUMAB MEM ACCESS process[nid:1, cpu:43, pid:2588], folio[virt:0x7f4c3c2002a8, phys:0x1218ff000, pfn:0x1218ff, nid:0, npages:1]
          cg.C.x-2588  [043]     0.014278: (+1)     bprint:               __handle_mm_fault: NUMAB TRY MEM MIGR process[nid:1, cpu:43, pid:2588], folio[virt:0x7f4c3c2002a8, phys:0x1218ff000, nid:0], target_nid:1
          cg.C.x-2558  [046]     0.014293: (+15)    bprint:               change_prot_numa: NUMAB SCAN vma[start:0x7f4c3ce01000, end:0x7f4c3d601000, from:0x7f4c3ce01000, to:0x7f4c3d601000, size:8192 KB]
          cg.C.x-2587  [041]     0.014294: (+1)     bprint:               __handle_mm_fault: NUMAB MEM ACCESS process[nid:1, cpu:41, pid:2587], folio[virt:0x7f4c3cc002b0, phys:0x1123a2000, pfn:0x1123a2, nid:0, npages:1]
          cg.C.x-2587  [041]     0.014297: (+3)     bprint:               __handle_mm_fault: NUMAB TRY MEM MIGR process[nid:1, cpu:41, pid:2587], folio[virt:0x7f4c3cc002b0, phys:0x1123a2000, nid:0], target_nid:1
          cg.C.x-2588  [043]     0.014308: (+11)    bprint:               __handle_mm_fault: NUMAB COMPLETED MEM MIGR process[nid:1, cpu:43, pid:2588], old[phys:0x1218ff000, nid:0, npages:1], new[phys:0x189037a000, nid:1, npages:1]
          cg.C.x-2587  [041]     0.014337: (+29)    bprint:               __handle_mm_fault: NUMAB COMPLETED MEM MIGR process[nid:1, cpu:41, pid:2587], old[phys:0x1123a2000, nid:0, npages:1], new[phys:0x186ca01000, nid:1, npages:1]
          cg.C.x-2558  [046]     0.014345: (+8)     bprint:               change_prot_numa: NUMAB SCAN vma[start:0x7f4c3d801000, end:0x7f4c3e001000, from:0x7f4c3d801000, to:0x7f4c3e001000, size:8192 KB]
          cg.C.x-2586  [039]     0.014346: (+1)     bprint:               __handle_mm_fault: NUMAB MEM ACCESS process[nid:1, cpu:39, pid:2586], folio[virt:0x7f4c3d6002b0, phys:0x1217a2000, pfn:0x1217a2, nid:0, npages:1]
          cg.C.x-2586  [039]     0.014348: (+2)     bprint:               __handle_mm_fault: NUMAB TRY MEM MIGR process[nid:1, cpu:39, pid:2586], folio[virt:0x7f4c3d6002b0, phys:0x1217a2000, nid:0], target_nid:1
          cg.C.x-2558  [046]     0.014363: (+15)    bprint:               change_prot_numa: NUMAB SCAN vma[start:0x7f4c3e201000, end:0x7f4c3ea01000, from:0x7f4c3e201000, to:0x7f4c3ea01000, size:8192 KB]
          cg.C.x-2585  [037]     0.014364: (+1)     bprint:               __handle_mm_fault: NUMAB MEM ACCESS process[nid:1, cpu:37, pid:2585], folio[virt:0x7f4c3e0002b0, phys:0x110ae1000, pfn:0x110ae1, nid:0, npages:1]
          cg.C.x-2585  [037]     0.014366: (+2)     bprint:               __handle_mm_fault: NUMAB TRY MEM MIGR process[nid:1, cpu:37, pid:2585], folio[virt:0x7f4c3e0002b0, phys:0x110ae1000, nid:0], target_nid:1
          cg.C.x-2586  [039]     0.014377: (+11)    bprint:               __handle_mm_fault: NUMAB COMPLETED MEM MIGR process[nid:1, cpu:39, pid:2586], old[phys:0x1217a2000, nid:0, npages:1], new[phys:0x1857187000, nid:1, npages:1]
          cg.C.x-2585  [037]     0.014407: (+30)    bprint:               __handle_mm_fault: NUMAB COMPLETED MEM MIGR process[nid:1, cpu:37, pid:2585], old[phys:0x110ae1000, nid:0, npages:1], new[phys:0x185e59b000, nid:1, npages:1]
          cg.C.x-2558  [046]     0.014415: (+8)     bprint:               change_prot_numa: NUMAB SCAN vma[start:0x7f4c3ec01000, end:0x7f4c3f401000, from:0x7f4c3ec01000, to:0x7f4c3f401000, size:8192 KB]
          cg.C.x-2584  [035]     0.014415: (+0)     bprint:               __handle_mm_fault: NUMAB MEM ACCESS process[nid:1, cpu:35, pid:2584], folio[virt:0x7f4c3ea002b0, phys:0x121591000, pfn:0x121591, nid:0, npages:1]
          cg.C.x-2584  [035]     0.014417: (+2)     bprint:               __handle_mm_fault: NUMAB TRY MEM MIGR process[nid:1, cpu:35, pid:2584], folio[virt:0x7f4c3ea002b0, phys:0x121591000, nid:0], target_nid:1
          cg.C.x-2558  [046]     0.014432: (+15)    bprint:               change_prot_numa: NUMAB SCAN vma[start:0x7f4c3f601000, end:0x7f4c3fe01000, from:0x7f4c3f601000, to:0x7f4c3fe01000, size:8192 KB]
          cg.C.x-2583  [033]     0.014434: (+2)     bprint:               __handle_mm_fault: NUMAB MEM ACCESS process[nid:1, cpu:33, pid:2583], folio[virt:0x7f4c3f4002b0, phys:0x13a14c000, pfn:0x13a14c, nid:0, npages:1]
          cg.C.x-2583  [033]     0.014435: (+1)     bprint:               __handle_mm_fault: NUMAB TRY MEM MIGR process[nid:1, cpu:33, pid:2583], folio[virt:0x7f4c3f4002b0, phys:0x13a14c000, nid:0], target_nid:1
          cg.C.x-2584  [035]     0.014451: (+16)    bprint:               __handle_mm_fault: NUMAB COMPLETED MEM MIGR process[nid:1, cpu:35, pid:2584], old[phys:0x121591000, nid:0, npages:1], new[phys:0x186ca53000, nid:1, npages:1]
          cg.C.x-2583  [033]     0.014469: (+18)    bprint:               __handle_mm_fault: NUMAB COMPLETED MEM MIGR process[nid:1, cpu:33, pid:2583], old[phys:0x13a14c000, nid:0, npages:1], new[phys:0x186c9e1000, nid:1, npages:1]
          cg.C.x-2558  [046]     0.014489: (+20)    bprint:               change_prot_numa: NUMAB SCAN vma[start:0x7f4c40001000, end:0x7f4c40801000, from:0x7f4c40001000, to:0x7f4c40801000, size:8192 KB]
          cg.C.x-2582  [031]     0.014490: (+1)     bprint:               __handle_mm_fault: NUMAB MEM ACCESS process[nid:1, cpu:31, pid:2582], folio[virt:0x7f4c3fe002b0, phys:0x123179000, pfn:0x123179, nid:0, npages:1]
          cg.C.x-2582  [031]     0.014491: (+1)     bprint:               __handle_mm_fault: NUMAB TRY MEM MIGR process[nid:1, cpu:31, pid:2582], folio[virt:0x7f4c3fe002b0, phys:0x123179000, nid:0], target_nid:1
          cg.C.x-2558  [046]     0.014506: (+15)    bprint:               change_prot_numa: NUMAB SCAN vma[start:0x7f4c40a01000, end:0x7f4c41201000, from:0x7f4c40a01000, to:0x7f4c41201000, size:8192 KB]
          cg.C.x-2581  [029]     0.014507: (+1)     bprint:               __handle_mm_fault: NUMAB MEM ACCESS process[nid:1, cpu:29, pid:2581], folio[virt:0x7f4c408002b0, phys:0x15358a000, pfn:0x15358a, nid:0, npages:1]
          cg.C.x-2581  [029]     0.014508: (+1)     bprint:               __handle_mm_fault: NUMAB TRY MEM MIGR process[nid:1, cpu:29, pid:2581], folio[virt:0x7f4c408002b0, phys:0x15358a000, nid:0], target_nid:1
          cg.C.x-2582  [031]     0.014524: (+16)    bprint:               __handle_mm_fault: NUMAB COMPLETED MEM MIGR process[nid:1, cpu:31, pid:2582], old[phys:0x123179000, nid:0, npages:1], new[phys:0x18677ad000, nid:1, npages:1]
          cg.C.x-2581  [029]     0.014544: (+20)    bprint:               __handle_mm_fault: NUMAB COMPLETED MEM MIGR process[nid:1, cpu:29, pid:2581], old[phys:0x15358a000, nid:0, npages:1], new[phys:0x185ea9d000, nid:1, npages:1]
          cg.C.x-2558  [046]     0.014553: (+9)     bprint:               change_prot_numa: NUMAB SCAN vma[start:0x7f4c41401000, end:0x7f4c41c01000, from:0x7f4c41401000, to:0x7f4c41c01000, size:8192 KB]
          cg.C.x-2580  [027]     0.014553: (+0)     bprint:               __handle_mm_fault: NUMAB MEM ACCESS process[nid:1, cpu:27, pid:2580], folio[virt:0x7f4c412002b0, phys:0x1163b7000, pfn:0x1163b7, nid:0, npages:1]
          cg.C.x-2580  [027]     0.014555: (+2)     bprint:               __handle_mm_fault: NUMAB TRY MEM MIGR process[nid:1, cpu:27, pid:2580], folio[virt:0x7f4c412002b0, phys:0x1163b7000, nid:0], target_nid:1
          cg.C.x-2579  [025]     0.014570: (+15)    bprint:               __handle_mm_fault: NUMAB MEM ACCESS process[nid:1, cpu:25, pid:2579], folio[virt:0x7f4c41c002b0, phys:0x139675000, pfn:0x139675, nid:0, npages:1]
          cg.C.x-2558  [046]     0.014571: (+1)     bprint:               change_prot_numa: NUMAB SCAN vma[start:0x7f4c41e01000, end:0x7f4c42601000, from:0x7f4c41e01000, to:0x7f4c42601000, size:8192 KB]
          cg.C.x-2579  [025]     0.014572: (+1)     bprint:               __handle_mm_fault: NUMAB TRY MEM MIGR process[nid:1, cpu:25, pid:2579], folio[virt:0x7f4c41c002b0, phys:0x139675000, nid:0], target_nid:1
          cg.C.x-2580  [027]     0.014582: (+10)    bprint:               __handle_mm_fault: NUMAB COMPLETED MEM MIGR process[nid:1, cpu:27, pid:2580], old[phys:0x1163b7000, nid:0, npages:1], new[phys:0x185eae7000, nid:1, npages:1]
          cg.C.x-2579  [025]     0.014610: (+28)    bprint:               __handle_mm_fault: NUMAB COMPLETED MEM MIGR process[nid:1, cpu:25, pid:2579], old[phys:0x139675000, nid:0, npages:1], new[phys:0x185790e000, nid:1, npages:1]
          cg.C.x-2558  [046]     0.014616: (+6)     bprint:               change_prot_numa: NUMAB SCAN vma[start:0x7f4c42801000, end:0x7f4c43001000, from:0x7f4c42801000, to:0x7f4c43001000, size:8192 KB]
          cg.C.x-2578  [023]     0.014617: (+1)     bprint:               __handle_mm_fault: NUMAB MEM ACCESS process[nid:1, cpu:23, pid:2578], folio[virt:0x7f4c426002b0, phys:0x1144c4000, pfn:0x1144c4, nid:0, npages:1]
          cg.C.x-2578  [023]     0.014618: (+1)     bprint:               __handle_mm_fault: NUMAB TRY MEM MIGR process[nid:1, cpu:23, pid:2578], folio[virt:0x7f4c426002b0, phys:0x1144c4000, nid:0], target_nid:1
          cg.C.x-2558  [046]     0.014634: (+16)    bprint:               change_prot_numa: NUMAB SCAN vma[start:0x7f4c43201000, end:0x7f4c43a01000, from:0x7f4c43201000, to:0x7f4c43a01000, size:8192 KB]
          cg.C.x-2577  [021]     0.014634: (+0)     bprint:               __handle_mm_fault: NUMAB MEM ACCESS process[nid:1, cpu:21, pid:2577], folio[virt:0x7f4c430002b0, phys:0x1144c3000, pfn:0x1144c3, nid:0, npages:1]
          cg.C.x-2577  [021]     0.014636: (+2)     bprint:               __handle_mm_fault: NUMAB TRY MEM MIGR process[nid:1, cpu:21, pid:2577], folio[virt:0x7f4c430002b0, phys:0x1144c3000, nid:0], target_nid:1
          cg.C.x-2578  [023]     0.014645: (+9)     bprint:               __handle_mm_fault: NUMAB COMPLETED MEM MIGR process[nid:1, cpu:23, pid:2578], old[phys:0x1144c4000, nid:0, npages:1], new[phys:0x185dce0000, nid:1, npages:1]
          cg.C.x-2577  [021]     0.014672: (+27)    bprint:               __handle_mm_fault: NUMAB COMPLETED MEM MIGR process[nid:1, cpu:21, pid:2577], old[phys:0x1144c3000, nid:0, npages:1], new[phys:0x185e700000, nid:1, npages:1]
          cg.C.x-2558  [046]     0.014682: (+10)    bprint:               change_prot_numa: NUMAB SCAN vma[start:0x7f4c43c01000, end:0x7f4c44401000, from:0x7f4c43c01000, to:0x7f4c44401000, size:8192 KB]
          cg.C.x-2576  [019]     0.014682: (+0)     bprint:               __handle_mm_fault: NUMAB MEM ACCESS process[nid:1, cpu:19, pid:2576], folio[virt:0x7f4c43a002b0, phys:0x1144c2000, pfn:0x1144c2, nid:0, npages:1]
          cg.C.x-2576  [019]     0.014683: (+1)     bprint:               __handle_mm_fault: NUMAB TRY MEM MIGR process[nid:1, cpu:19, pid:2576], folio[virt:0x7f4c43a002b0, phys:0x1144c2000, nid:0], target_nid:1
          cg.C.x-2575  [017]     0.014699: (+16)    bprint:               __handle_mm_fault: NUMAB MEM ACCESS process[nid:1, cpu:17, pid:2575], folio[virt:0x7f4c444002b0, phys:0x113deb000, pfn:0x113deb, nid:0, npages:1]
          cg.C.x-2558  [046]     0.014699: (+0)     bprint:               change_prot_numa: NUMAB SCAN vma[start:0x7f4c44601000, end:0x7f4c44e01000, from:0x7f4c44601000, to:0x7f4c44e01000, size:8192 KB]
          cg.C.x-2575  [017]     0.014701: (+2)     bprint:               __handle_mm_fault: NUMAB TRY MEM MIGR process[nid:1, cpu:17, pid:2575], folio[virt:0x7f4c444002b0, phys:0x113deb000, nid:0], target_nid:1
          cg.C.x-2576  [019]     0.014710: (+9)     bprint:               __handle_mm_fault: NUMAB COMPLETED MEM MIGR process[nid:1, cpu:19, pid:2576], old[phys:0x1144c2000, nid:0, npages:1], new[phys:0x18682c4000, nid:1, npages:1]
          cg.C.x-2575  [017]     0.014736: (+26)    bprint:               __handle_mm_fault: NUMAB COMPLETED MEM MIGR process[nid:1, cpu:17, pid:2575], old[phys:0x113deb000, nid:0, npages:1], new[phys:0x1854c44000, nid:1, npages:1]
          cg.C.x-2574  [015]     0.014746: (+10)    bprint:               __handle_mm_fault: NUMAB MEM ACCESS process[nid:1, cpu:15, pid:2574], folio[virt:0x7f4c44e002b0, phys:0x13a414000, pfn:0x13a414, nid:0, npages:1]
          cg.C.x-2558  [046]     0.014746: (+0)     bprint:               change_prot_numa: NUMAB SCAN vma[start:0x7f4c45001000, end:0x7f4c45801000, from:0x7f4c45001000, to:0x7f4c45801000, size:8192 KB]
          cg.C.x-2574  [015]     0.014747: (+1)     bprint:               __handle_mm_fault: NUMAB TRY MEM MIGR process[nid:1, cpu:15, pid:2574], folio[virt:0x7f4c44e002b0, phys:0x13a414000, nid:0], target_nid:1
          cg.C.x-2573  [013]     0.014763: (+16)    bprint:               __handle_mm_fault: NUMAB MEM ACCESS process[nid:1, cpu:13, pid:2573], folio[virt:0x7f4c458002b0, phys:0x13b2d1000, pfn:0x13b2d1, nid:0, npages:1]
          cg.C.x-2558  [046]     0.014763: (+0)     bprint:               change_prot_numa: NUMAB SCAN vma[start:0x7f4c45a01000, end:0x7f4c46201000, from:0x7f4c45a01000, to:0x7f4c46201000, size:8192 KB]
          cg.C.x-2573  [013]     0.014764: (+1)     bprint:               __handle_mm_fault: NUMAB TRY MEM MIGR process[nid:1, cpu:13, pid:2573], folio[virt:0x7f4c458002b0, phys:0x13b2d1000, nid:0], target_nid:1
          cg.C.x-2574  [015]     0.014778: (+14)    bprint:               __handle_mm_fault: NUMAB COMPLETED MEM MIGR process[nid:1, cpu:15, pid:2574], old[phys:0x13a414000, nid:0, npages:1], new[phys:0x186ec46000, nid:1, npages:1]
          cg.C.x-2573  [013]     0.014797: (+19)    bprint:               __handle_mm_fault: NUMAB COMPLETED MEM MIGR process[nid:1, cpu:13, pid:2573], old[phys:0x13b2d1000, nid:0, npages:1], new[phys:0x186d766000, nid:1, npages:1]
          cg.C.x-2558  [046]     0.014809: (+12)    bprint:               change_prot_numa: NUMAB SCAN vma[start:0x7f4c46401000, end:0x7f4c46c01000, from:0x7f4c46401000, to:0x7f4c46c01000, size:8192 KB]
          cg.C.x-2572  [011]     0.014810: (+1)     bprint:               __handle_mm_fault: NUMAB MEM ACCESS process[nid:1, cpu:11, pid:2572], folio[virt:0x7f4c462002b0, phys:0x13b2d0000, pfn:0x13b2d0, nid:0, npages:1]
          cg.C.x-2572  [011]     0.014811: (+1)     bprint:               __handle_mm_fault: NUMAB TRY MEM MIGR process[nid:1, cpu:11, pid:2572], folio[virt:0x7f4c462002b0, phys:0x13b2d0000, nid:0], target_nid:1
          cg.C.x-2558  [046]     0.014827: (+16)    bprint:               change_prot_numa: NUMAB SCAN vma[start:0x7f4c46e01000, end:0x7f4c47601000, from:0x7f4c46e01000, to:0x7f4c47601000, size:8192 KB]
          cg.C.x-2571  [009]     0.014827: (+0)     bprint:               __handle_mm_fault: NUMAB MEM ACCESS process[nid:1, cpu:9, pid:2571], folio[virt:0x7f4c46c002b8, phys:0x110c92000, pfn:0x110c92, nid:0, npages:1]
          cg.C.x-2571  [009]     0.014828: (+1)     bprint:               __handle_mm_fault: NUMAB TRY MEM MIGR process[nid:1, cpu:9, pid:2571], folio[virt:0x7f4c46c002b8, phys:0x110c92000, nid:0], target_nid:1
          cg.C.x-2572  [011]     0.014841: (+13)    bprint:               __handle_mm_fault: NUMAB COMPLETED MEM MIGR process[nid:1, cpu:11, pid:2572], old[phys:0x13b2d0000, nid:0, npages:1], new[phys:0x185e67f000, nid:1, npages:1]
          cg.C.x-2571  [009]     0.014853: (+12)    bprint:               __handle_mm_fault: NUMAB COMPLETED MEM MIGR process[nid:1, cpu:9, pid:2571], old[phys:0x110c92000, nid:0, npages:1], new[phys:0x1854cd2000, nid:1, npages:1]
          cg.C.x-2558  [046]     0.014880: (+27)    bprint:               change_prot_numa: NUMAB SCAN vma[start:0x7f4c47801000, end:0x7f4c48001000, from:0x7f4c47801000, to:0x7f4c48001000, size:8192 KB]
          cg.C.x-2570  [007]     0.014880: (+0)     bprint:               __handle_mm_fault: NUMAB MEM ACCESS process[nid:1, cpu:7, pid:2570], folio[virt:0x7f4c476002b0, phys:0x13b2d6000, pfn:0x13b2d6, nid:0, npages:1]
          cg.C.x-2570  [007]     0.014882: (+2)     bprint:               __handle_mm_fault: NUMAB TRY MEM MIGR process[nid:1, cpu:7, pid:2570], folio[virt:0x7f4c476002b0, phys:0x13b2d6000, nid:0], target_nid:1
          cg.C.x-2558  [046]     0.014897: (+15)    bprint:               change_prot_numa: NUMAB SCAN vma[start:0x7f4c48201000, end:0x7f4c48a01000, from:0x7f4c48201000, to:0x7f4c48a01000, size:8192 KB]
          cg.C.x-2569  [005]     0.014897: (+0)     bprint:               __handle_mm_fault: NUMAB MEM ACCESS process[nid:1, cpu:5, pid:2569], folio[virt:0x7f4c480002b0, phys:0x17e08c3000, pfn:0x17e08c3, nid:0, npages:1]
          cg.C.x-2569  [005]     0.014898: (+1)     bprint:               __handle_mm_fault: NUMAB TRY MEM MIGR process[nid:1, cpu:5, pid:2569], folio[virt:0x7f4c480002b0, phys:0x17e08c3000, nid:0], target_nid:1
          cg.C.x-2570  [007]     0.014910: (+12)    bprint:               __handle_mm_fault: NUMAB COMPLETED MEM MIGR process[nid:1, cpu:7, pid:2570], old[phys:0x13b2d6000, nid:0, npages:1], new[phys:0x185e653000, nid:1, npages:1]
          cg.C.x-2569  [005]     0.014938: (+28)    bprint:               __handle_mm_fault: NUMAB COMPLETED MEM MIGR process[nid:1, cpu:5, pid:2569], old[phys:0x17e08c3000, nid:0, npages:1], new[phys:0x186cc6d000, nid:1, npages:1]
          cg.C.x-2558  [046]     0.014948: (+10)    bprint:               change_prot_numa: NUMAB SCAN vma[start:0x7f4c48c01000, end:0x7f4c49401000, from:0x7f4c48c01000, to:0x7f4c49401000, size:8192 KB]
          cg.C.x-2568  [003]     0.014949: (+1)     bprint:               __handle_mm_fault: NUMAB MEM ACCESS process[nid:1, cpu:3, pid:2568], folio[virt:0x7f4c48a002b0, phys:0x17e08ab000, pfn:0x17e08ab, nid:0, npages:1]
          cg.C.x-2568  [003]     0.014950: (+1)     bprint:               __handle_mm_fault: NUMAB TRY MEM MIGR process[nid:1, cpu:3, pid:2568], folio[virt:0x7f4c48a002b0, phys:0x17e08ab000, nid:0], target_nid:1
          cg.C.x-2558  [046]     0.014966: (+16)    bprint:               change_prot_numa: NUMAB SCAN vma[start:0x7f4c49601000, end:0x7f4c49e01000, from:0x7f4c49601000, to:0x7f4c49e01000, size:8192 KB]
          cg.C.x-2567  [001]     0.014966: (+0)     bprint:               __handle_mm_fault: NUMAB MEM ACCESS process[nid:1, cpu:1, pid:2567], folio[virt:0x7f4c494002b0, phys:0x150114000, pfn:0x150114, nid:0, npages:1]
          cg.C.x-2567  [001]     0.014967: (+1)     bprint:               __handle_mm_fault: NUMAB TRY MEM MIGR process[nid:1, cpu:1, pid:2567], folio[virt:0x7f4c494002b0, phys:0x150114000, nid:0], target_nid:1
          cg.C.x-2568  [003]     0.014980: (+13)    bprint:               __handle_mm_fault: NUMAB COMPLETED MEM MIGR process[nid:1, cpu:3, pid:2568], old[phys:0x17e08ab000, nid:0, npages:1], new[phys:0x186d6dc000, nid:1, npages:1]
          cg.C.x-2567  [001]     0.014992: (+12)    bprint:               __handle_mm_fault: NUMAB COMPLETED MEM MIGR process[nid:1, cpu:1, pid:2567], old[phys:0x150114000, nid:0, npages:1], new[phys:0x185735a000, nid:1, npages:1]
          cg.C.x-2558  [046]     0.015018: (+26)    bprint:               change_prot_numa: NUMAB SCAN vma[start:0x7f4c4a001000, end:0x7f4c4a801000, from:0x7f4c4a001000, to:0x7f4c4a801000, size:8192 KB]
          cg.C.x-2566  [062]     0.015019: (+1)     bprint:               __handle_mm_fault: NUMAB MEM ACCESS process[nid:0, cpu:62, pid:2566], folio[virt:0x7f4c49e002a8, phys:0x11050d000, pfn:0x11050d, nid:0, npages:1]
          cg.C.x-2558  [046]     0.015035: (+16)    bprint:               change_prot_numa: NUMAB SCAN vma[start:0x7f4c4aa01000, end:0x7f4c4b201000, from:0x7f4c4aa01000, to:0x7f4c4b201000, size:8192 KB]
          cg.C.x-2565  [060]     0.015035: (+0)     bprint:               __handle_mm_fault: NUMAB MEM ACCESS process[nid:0, cpu:60, pid:2565], folio[virt:0x7f4c4a8002b0, phys:0x13961b000, pfn:0x13961b, nid:0, npages:1]
          cg.C.x-2558  [046]     0.015051: (+16)    bprint:               change_prot_numa: NUMAB SCAN vma[start:0x7f4c4b401000, end:0x7f4c4bc01000, from:0x7f4c4b401000, to:0x7f4c4bc01000, size:8192 KB]
          cg.C.x-2564  [058]     0.015052: (+1)     bprint:               __handle_mm_fault: NUMAB MEM ACCESS process[nid:0, cpu:58, pid:2564], folio[virt:0x7f4c4b2002b0, phys:0x110512000, pfn:0x110512, nid:0, npages:1]
          cg.C.x-2558  [046]     0.015068: (+16)    bprint:               change_prot_numa: NUMAB SCAN vma[start:0x7f4c4be01000, end:0x7f4c4c601000, from:0x7f4c4be01000, to:0x7f4c4c601000, size:8192 KB]
          cg.C.x-2563  [056]     0.015070: (+2)     bprint:               __handle_mm_fault: NUMAB MEM ACCESS process[nid:0, cpu:56, pid:2563], folio[virt:0x7f4c4bbff700, phys:0x123466000, pfn:0x123466, nid:0, npages:1]
          cg.C.x-2563  [056]     0.015074: (+4)     bprint:               __handle_mm_fault: NUMAB MEM ACCESS process[nid:0, cpu:56, pid:2563], folio[virt:0x7f4c4bc002b0, phys:0x1230a9000, pfn:0x1230a9, nid:0, npages:1]
          cg.C.x-2558  [046]     0.015084: (+10)    bprint:               change_prot_numa: NUMAB SCAN vma[start:0x7f4c4c801000, end:0x7f4c4d001000, from:0x7f4c4c801000, to:0x7f4c4d001000, size:8192 KB]
          cg.C.x-2562  [054]     0.015086: (+2)     bprint:               __handle_mm_fault: NUMAB MEM ACCESS process[nid:0, cpu:54, pid:2562], folio[virt:0x7f4c4c6002b0, phys:0x10ff25000, pfn:0x10ff25, nid:0, npages:1]
          cg.C.x-2558  [046]     0.015100: (+14)    bprint:               change_prot_numa: NUMAB SCAN vma[start:0x7f4c4d201000, end:0x7f4c4da01000, from:0x7f4c4d201000, to:0x7f4c4da01000, size:8192 KB]
          cg.C.x-2561  [052]     0.015102: (+2)     bprint:               __handle_mm_fault: NUMAB MEM ACCESS process[nid:0, cpu:52, pid:2561], folio[virt:0x7f4c4d0002b0, phys:0x139792000, pfn:0x139792, nid:0, npages:1]
          cg.C.x-2558  [046]     0.015117: (+15)    bprint:               change_prot_numa: NUMAB SCAN vma[start:0x7f4c4dc01000, end:0x7f4c4e401000, from:0x7f4c4dc01000, to:0x7f4c4e401000, size:8192 KB]
          cg.C.x-2560  [050]     0.015117: (+0)     bprint:               __handle_mm_fault: NUMAB MEM ACCESS process[nid:0, cpu:50, pid:2560], folio[virt:0x7f4c4da002b0, phys:0x13946c000, pfn:0x13946c, nid:0, npages:1]
          cg.C.x-2558  [046]     0.015133: (+16)    bprint:               change_prot_numa: NUMAB SCAN vma[start:0x7f4c4e601000, end:0x7f4c4ee01000, from:0x7f4c4e601000, to:0x7f4c4ee01000, size:8192 KB]
          cg.C.x-2559  [048]     0.015133: (+0)     bprint:               __handle_mm_fault: NUMAB MEM ACCESS process[nid:0, cpu:48, pid:2559], folio[virt:0x7f4c4e4002b0, phys:0x139479000, pfn:0x139479, nid:0, npages:1]
          cg.C.x-2558  [046]     0.015149: (+16)    bprint:               change_prot_numa: NUMAB SCAN vma[start:0x7f4c4f001000, end:0x7f4c4f801000, from:0x7f4c4f001000, to:0x7f4c4f801000, size:8192 KB]
          cg.C.x-2558  [046]     0.015165: (+16)    bprint:               change_prot_numa: NUMAB SCAN vma[start:0x7f4c4fa01000, end:0x7f4c50201000, from:0x7f4c4fa01000, to:0x7f4c50201000, size:8192 KB]
          cg.C.x-2557  [044]     0.015166: (+1)     bprint:               __handle_mm_fault: NUMAB MEM ACCESS process[nid:0, cpu:44, pid:2557], folio[virt:0x7f4c4f8002b0, phys:0x13960c000, pfn:0x13960c, nid:0, npages:1]
          cg.C.x-2558  [046]     0.015181: (+15)    bprint:               change_prot_numa: NUMAB SCAN vma[start:0x7f4c50401000, end:0x7f4c50c01000, from:0x7f4c50401000, to:0x7f4c50c01000, size:8192 KB]
          cg.C.x-2556  [042]     0.015182: (+1)     bprint:               __handle_mm_fault: NUMAB MEM ACCESS process[nid:0, cpu:42, pid:2556], folio[virt:0x7f4c501ff698, phys:0x121b3b000, pfn:0x121b3b, nid:0, npages:1]
          cg.C.x-2556  [042]     0.015186: (+4)     bprint:               __handle_mm_fault: NUMAB MEM ACCESS process[nid:0, cpu:42, pid:2556], folio[virt:0x7f4c502002b0, phys:0x13972e000, pfn:0x13972e, nid:0, npages:1]
          cg.C.x-2558  [046]     0.015198: (+12)    bprint:               change_prot_numa: NUMAB SCAN vma[start:0x7f4c50e01000, end:0x7f4c51601000, from:0x7f4c50e01000, to:0x7f4c51601000, size:8192 KB]
          cg.C.x-2555  [040]     0.015199: (+1)     bprint:               __handle_mm_fault: NUMAB MEM ACCESS process[nid:0, cpu:40, pid:2555], folio[virt:0x7f4c50bff700, phys:0x1126f8000, pfn:0x1126f8, nid:0, npages:1]
          cg.C.x-2555  [040]     0.015203: (+4)     bprint:               __handle_mm_fault: NUMAB MEM ACCESS process[nid:0, cpu:40, pid:2555], folio[virt:0x7f4c50c002b0, phys:0x1390e6000, pfn:0x1390e6, nid:0, npages:1]
          cg.C.x-2558  [046]     0.015214: (+11)    bprint:               change_prot_numa: NUMAB SCAN vma[start:0x7f4c51801000, end:0x7f4c52001000, from:0x7f4c51801000, to:0x7f4c52001000, size:8192 KB]
          cg.C.x-2554  [038]     0.015215: (+1)     bprint:               __handle_mm_fault: NUMAB MEM ACCESS process[nid:0, cpu:38, pid:2554], folio[virt:0x7f4c516002b0, phys:0x1134d1000, pfn:0x1134d1, nid:0, npages:1]
          cg.C.x-2558  [046]     0.015230: (+15)    bprint:               change_prot_numa: NUMAB SCAN vma[start:0x7f4c52201000, end:0x7f4c52a01000, from:0x7f4c52201000, to:0x7f4c52a01000, size:8192 KB]
          cg.C.x-2553  [036]     0.015231: (+1)     bprint:               __handle_mm_fault: NUMAB MEM ACCESS process[nid:0, cpu:36, pid:2553], folio[virt:0x7f4c520002b0, phys:0x122487000, pfn:0x122487, nid:0, npages:1]
          cg.C.x-2558  [046]     0.015247: (+16)    bprint:               change_prot_numa: NUMAB SCAN vma[start:0x7f4c52c01000, end:0x7f4c53401000, from:0x7f4c52c01000, to:0x7f4c53401000, size:8192 KB]
          cg.C.x-2552  [034]     0.015247: (+0)     bprint:               __handle_mm_fault: NUMAB MEM ACCESS process[nid:0, cpu:34, pid:2552], folio[virt:0x7f4c52a002b0, phys:0x1218c7000, pfn:0x1218c7, nid:0, npages:1]
          cg.C.x-2551  [032]     0.015263: (+16)    bprint:               __handle_mm_fault: NUMAB MEM ACCESS process[nid:0, cpu:32, pid:2551], folio[virt:0x7f4c534002b0, phys:0x1107f5000, pfn:0x1107f5, nid:0, npages:1]
          cg.C.x-2558  [046]     0.015263: (+0)     bprint:               change_prot_numa: NUMAB SCAN vma[start:0x7f4c53601000, end:0x7f4c53e01000, from:0x7f4c53601000, to:0x7f4c53e01000, size:8192 KB]
          cg.C.x-2558  [046]     0.015279: (+16)    bprint:               change_prot_numa: NUMAB SCAN vma[start:0x7f4c54001000, end:0x7f4c54801000, from:0x7f4c54001000, to:0x7f4c54801000, size:8192 KB]
          cg.C.x-2550  [030]     0.015280: (+1)     bprint:               __handle_mm_fault: NUMAB MEM ACCESS process[nid:0, cpu:30, pid:2550], folio[virt:0x7f4c53e002b0, phys:0x1107f4000, pfn:0x1107f4, nid:0, npages:1]
          cg.C.x-2558  [046]     0.015296: (+16)    bprint:               change_prot_numa: NUMAB SCAN vma[start:0x7f4c54a01000, end:0x7f4c55201000, from:0x7f4c54a01000, to:0x7f4c55201000, size:8192 KB]
          cg.C.x-2549  [028]     0.015296: (+0)     bprint:               __handle_mm_fault: NUMAB MEM ACCESS process[nid:0, cpu:28, pid:2549], folio[virt:0x7f4c548002b0, phys:0x1233f6000, pfn:0x1233f6, nid:0, npages:1]
          cg.C.x-2558  [046]     0.015312: (+16)    bprint:               change_prot_numa: NUMAB SCAN vma[start:0x7f4c55401000, end:0x7f4c55c01000, from:0x7f4c55401000, to:0x7f4c55c01000, size:8192 KB]
          cg.C.x-2548  [026]     0.015312: (+0)     bprint:               __handle_mm_fault: NUMAB MEM ACCESS process[nid:0, cpu:26, pid:2548], folio[virt:0x7f4c552002b0, phys:0x1104b5000, pfn:0x1104b5, nid:0, npages:1]
          cg.C.x-2547  [024]     0.015328: (+16)    bprint:               __handle_mm_fault: NUMAB MEM ACCESS process[nid:0, cpu:24, pid:2547], folio[virt:0x7f4c55c002b0, phys:0x139744000, pfn:0x139744, nid:0, npages:1]
          cg.C.x-2558  [046]     0.015329: (+1)     bprint:               change_prot_numa: NUMAB SCAN vma[start:0x7f4c55e01000, end:0x7f4c56601000, from:0x7f4c55e01000, to:0x7f4c56601000, size:8192 KB]
          cg.C.x-2546  [022]     0.015345: (+16)    bprint:               __handle_mm_fault: NUMAB MEM ACCESS process[nid:0, cpu:22, pid:2546], folio[virt:0x7f4c565ff700, phys:0x114423000, pfn:0x114423, nid:0, npages:1]
          cg.C.x-2558  [046]     0.015348: (+3)     bprint:               change_prot_numa: NUMAB SCAN vma[start:0x7f4c56801000, end:0x7f4c57001000, from:0x7f4c56801000, to:0x7f4c57001000, size:8192 KB]
          cg.C.x-2546  [022]     0.015349: (+1)     bprint:               __handle_mm_fault: NUMAB MEM ACCESS process[nid:0, cpu:22, pid:2546], folio[virt:0x7f4c566002a8, phys:0x112f1a000, pfn:0x112f1a, nid:0, npages:1]
          cg.C.x-2558  [046]     0.015364: (+15)    bprint:               change_prot_numa: NUMAB SCAN vma[start:0x7f4c57201000, end:0x7f4c57a01000, from:0x7f4c57201000, to:0x7f4c57a01000, size:8192 KB]
          cg.C.x-2545  [020]     0.015364: (+0)     bprint:               __handle_mm_fault: NUMAB MEM ACCESS process[nid:0, cpu:20, pid:2545], folio[virt:0x7f4c570002b0, phys:0x11630c000, pfn:0x11630c, nid:0, npages:1]
          cg.C.x-2544  [018]     0.015380: (+16)    bprint:               __handle_mm_fault: NUMAB MEM ACCESS process[nid:0, cpu:18, pid:2544], folio[virt:0x7f4c57a002b0, phys:0x1231e2000, pfn:0x1231e2, nid:0, npages:1]
          cg.C.x-2558  [046]     0.015380: (+0)     bprint:               change_prot_numa: NUMAB SCAN vma[start:0x7f4c57c01000, end:0x7f4c58401000, from:0x7f4c57c01000, to:0x7f4c58401000, size:8192 KB]
          cg.C.x-2558  [046]     0.015396: (+16)    bprint:               change_prot_numa: NUMAB SCAN vma[start:0x7f4c58601000, end:0x7f4c58e01000, from:0x7f4c58601000, to:0x7f4c58e01000, size:8192 KB]
          cg.C.x-2543  [016]     0.015397: (+1)     bprint:               __handle_mm_fault: NUMAB MEM ACCESS process[nid:0, cpu:16, pid:2543], folio[virt:0x7f4c584002a8, phys:0x1110da000, pfn:0x1110da, nid:0, npages:1]
          cg.C.x-2542  [014]     0.015412: (+15)    bprint:               __handle_mm_fault: NUMAB MEM ACCESS process[nid:0, cpu:14, pid:2542], folio[virt:0x7f4c58e002b0, phys:0x13933b000, pfn:0x13933b, nid:0, npages:1]
          cg.C.x-2558  [046]     0.015413: (+1)     bprint:               change_prot_numa: NUMAB SCAN vma[start:0x7f4c59001000, end:0x7f4c59801000, from:0x7f4c59001000, to:0x7f4c59801000, size:8192 KB]
          cg.C.x-2558  [046]     0.015429: (+16)    bprint:               change_prot_numa: NUMAB SCAN vma[start:0x7f4c59a01000, end:0x7f4c5a201000, from:0x7f4c59a01000, to:0x7f4c5a201000, size:8192 KB]
          cg.C.x-2541  [012]     0.015430: (+1)     bprint:               __handle_mm_fault: NUMAB MEM ACCESS process[nid:0, cpu:12, pid:2541], folio[virt:0x7f4c597ff700, phys:0x139497000, pfn:0x139497, nid:0, npages:1]
          cg.C.x-2541  [012]     0.015433: (+3)     bprint:               __handle_mm_fault: NUMAB MEM ACCESS process[nid:0, cpu:12, pid:2541], folio[virt:0x7f4c598002b0, phys:0x112349000, pfn:0x112349, nid:0, npages:1]
          cg.C.x-2558  [046]     0.015446: (+13)    bprint:               change_prot_numa: NUMAB SCAN vma[start:0x7f4c5a401000, end:0x7f4c5ac01000, from:0x7f4c5a401000, to:0x7f4c5ac01000, size:8192 KB]
          cg.C.x-2540  [010]     0.015446: (+0)     bprint:               __handle_mm_fault: NUMAB MEM ACCESS process[nid:0, cpu:10, pid:2540], folio[virt:0x7f4c5a2002b0, phys:0x139485000, pfn:0x139485, nid:0, npages:1]
          cg.C.x-2558  [046]     0.015462: (+16)    bprint:               change_prot_numa: NUMAB SCAN vma[start:0x7f4c5ae01000, end:0x7f4c5b601000, from:0x7f4c5ae01000, to:0x7f4c5b601000, size:8192 KB]
          cg.C.x-2558  [046]     0.015478: (+16)    bprint:               change_prot_numa: NUMAB SCAN vma[start:0x7f4c5b801000, end:0x7f4c5c001000, from:0x7f4c5b801000, to:0x7f4c5c001000, size:8192 KB]
          cg.C.x-2558  [046]     0.015494: (+16)    bprint:               change_prot_numa: NUMAB SCAN vma[start:0x7f4c5c201000, end:0x7f4c5ca01000, from:0x7f4c5c201000, to:0x7f4c5ca01000, size:8192 KB]
          cg.C.x-2558  [046]     0.015511: (+17)    bprint:               change_prot_numa: NUMAB SCAN vma[start:0x7f4c5cb6c000, end:0x7f4c6f4f9000, from:0x7f4c5cb6c000, to:0x7f4c6f4f9000, size:304692 KB]
          cg.C.x-2558  [046]     0.015533: (+22)    bprint:               change_prot_numa: NUMAB SCAN vma[start:0x7f4c6f600000, end:0x7f4c70850000, from:0x7f4c6f600000, to:0x7f4c70850000, size:18752 KB]
          cg.C.x-2558  [046]     0.015548: (+15)    bprint:               change_prot_numa: NUMAB SCAN vma[start:0x7f4c708db000, end:0x7f4c82ef9000, from:0x7f4c708db000, to:0x7f4c7e600000, size:226452 KB]
          cg.C.x-2540  [010]     0.015548: (+0)     bprint:               do_huge_pmd_numa_page: NUMAB MEM ACCESS huge page process[nid:0, cpu:10, pid:2540], folio[virt:0x7f4c6f774b90, ker:0xffff93f510a00000, pfn:0x390a00, nid:0, npages:512]
          cg.C.x-2558  [046]     0.015565: (+17)    bprint:               __handle_mm_fault: NUMAB MEM ACCESS process[nid:0, cpu:46, pid:2558], folio[virt:0x7f4c4ee00fe8, phys:0x13960d000, pfn:0x13960d, nid:0, npages:1]
          cg.C.x-2579  [025]     0.021952: (+6387)  sched_waking:         comm=rcu_preempt pid=17 prio=120 target_cpu=025
          cg.C.x-2579  [025]     0.021956: (+4)     sched_wakeup:         rcu_preempt:17 [120] CPU:025
          cg.C.x-2535  [000]     0.024379: (+2423)  sched_migrate_task:   comm=rcu_preempt pid=17 prio=120 orig_cpu=25 dest_cpu=0
          cg.C.x-2535  [000]     0.024383: (+4)     sched_switch:         cg.C.x:2535 [120] S ==> rcu_preempt:17 [120]
     rcu_preempt-17    [000]     0.024399: (+16)    sched_switch:         rcu_preempt:17 [120] I ==> swapper/0:0 [120]
          cg.C.x-2552  [034]     0.025954: (+1555)  sched_waking:         comm=rcu_preempt pid=17 prio=120 target_cpu=000
          <idle>-0     [000]     0.025957: (+3)     sched_wakeup:         rcu_preempt:17 [120] CPU:000
          <idle>-0     [000]     0.025969: (+12)    sched_switch:         swapper/0:0 [120] R ==> rcu_preempt:17 [120]
     rcu_preempt-17    [000]     0.025974: (+5)     sched_switch:         rcu_preempt:17 [120] I ==> swapper/0:0 [120]
          cg.C.x-2536  [002]     0.026207: (+233)   sched_switch:         cg.C.x:2536 [120] S ==> swapper/2:0 [120]
          cg.C.x-2537  [004]     0.027876: (+1669)  sched_switch:         cg.C.x:2537 [120] S ==> swapper/4:0 [120]
          cg.C.x-2538  [006]     0.029711: (+1835)  sched_switch:         cg.C.x:2538 [120] S ==> swapper/6:0 [120]
          cg.C.x-2552  [034]     0.029949: (+238)   sched_wake_idle_without_ipi: cpu=2
          cg.C.x-2539  [008]     0.031500: (+1551)  sched_switch:         cg.C.x:2539 [120] S ==> swapper/8:0 [120]
          cg.C.x-2540  [010]     0.033196: (+1696)  sched_switch:         cg.C.x:2540 [120] S ==> swapper/10:0 [120]
          <idle>-0     [000]     0.033950: (+754)   sched_waking:         comm=rcu_preempt pid=17 prio=120 target_cpu=000
          cg.C.x-2568  [003]     0.033951: (+1)     sched_wake_idle_without_ipi: cpu=2
          <idle>-0     [000]     0.033952: (+1)     sched_wakeup:         rcu_preempt:17 [120] CPU:000
          <idle>-0     [000]     0.033956: (+4)     sched_switch:         swapper/0:0 [120] R ==> rcu_preempt:17 [120]
     rcu_preempt-17    [000]     0.033962: (+6)     sched_switch:         rcu_preempt:17 [120] I ==> swapper/0:0 [120]
          cg.C.x-2541  [012]     0.035390: (+1428)  sched_switch:         cg.C.x:2541 [120] S ==> swapper/12:0 [120]
          cg.C.x-2542  [014]     0.037103: (+1713)  sched_switch:         cg.C.x:2542 [120] S ==> swapper/14:0 [120]
          cg.C.x-2563  [056]     0.037950: (+847)   sched_wake_idle_without_ipi: cpu=2
          cg.C.x-2543  [016]     0.038380: (+430)   sched_switch:         cg.C.x:2543 [120] S ==> swapper/16:0 [120]
          cg.C.x-2544  [018]     0.040197: (+1817)  sched_switch:         cg.C.x:2544 [120] S ==> swapper/18:0 [120]
          cg.C.x-2552  [034]     0.041948: (+1751)  sched_wake_idle_without_ipi: cpu=2
          <idle>-0     [000]     0.041951: (+3)     sched_waking:         comm=rcu_preempt pid=17 prio=120 target_cpu=000
          <idle>-0     [000]     0.041952: (+1)     sched_wakeup:         rcu_preempt:17 [120] CPU:000
          <idle>-0     [000]     0.041955: (+3)     sched_switch:         swapper/0:0 [120] R ==> rcu_preempt:17 [120]
     rcu_preempt-17    [000]     0.041959: (+4)     sched_switch:         rcu_preempt:17 [120] I ==> swapper/0:0 [120]
