 kworker/u129:26-435   [056]     0.612873: (+9)     sched_wakeup:         sshd:1978 [120] CPU:034
 kworker/u129:26-435   [056]     0.612878: (+5)     sched_switch:         kworker/u129:26:435 [120] I ==> cg.C.x:2237 [120]
     kworker/0:0-8     [000]     0.612919: (+41)    sched_switch:         kworker/0:0:8 [120] I ==> cg.C.x:2241 [120]
          cg.C.x-2245  [034]     0.616852: (+3933)  sched_switch:         cg.C.x:2245 [120] R ==> sshd:1978 [120]
            sshd-1978  [034]     0.617017: (+165)   sched_switch:         sshd:1978 [120] S ==> cg.C.x:2245 [120]
          cg.C.x-2254  [043]     0.720081: (+103064) sched_waking:         comm=ntpd pid=1774 prio=0 target_cpu=043
          cg.C.x-2254  [043]     0.720093: (+12)    sched_wakeup:         ntpd:1774 [0] CPU:043
          cg.C.x-2254  [043]     0.720102: (+9)     sched_switch:         cg.C.x:2254 [120] R ==> ntpd:1774 [0]
            ntpd-1774  [043]     0.720227: (+125)   sched_switch:         ntpd:1774 [0] S ==> cg.C.x:2254 [120]
          cg.C.x-2287  [060]     0.722537: (+2310)  sched_waking:         comm=ntpd pid=1774 prio=0 target_cpu=043
          cg.C.x-2254  [043]     0.722549: (+12)    sched_wakeup:         ntpd:1774 [0] CPU:043
          cg.C.x-2254  [043]     0.722553: (+4)     sched_switch:         cg.C.x:2254 [120] R ==> ntpd:1774 [0]
            ntpd-1774  [043]     0.722604: (+51)    sched_switch:         ntpd:1774 [0] S ==> cg.C.x:2254 [120]
          cg.C.x-2237  [056]     0.731720: (+9116)  sched_waking:         comm=kworker/u129:26 pid=435 prio=120 target_cpu=056
          cg.C.x-2237  [056]     0.731731: (+11)    sched_wakeup:         kworker/u129:26:435 [120] CPU:056
          cg.C.x-2237  [056]     0.731739: (+8)     sched_switch:         cg.C.x:2237 [120] R ==> kworker/u129:26:435 [120]
 kworker/u129:26-435   [056]     0.731746: (+7)     sched_waking:         comm=sshd pid=1978 prio=120 target_cpu=034
 kworker/u129:26-435   [056]     0.731753: (+7)     sched_wakeup:         sshd:1978 [120] CPU:034
 kworker/u129:26-435   [056]     0.731758: (+5)     sched_switch:         kworker/u129:26:435 [120] I ==> cg.C.x:2237 [120]
          cg.C.x-2245  [034]     0.731759: (+1)     sched_switch:         cg.C.x:2245 [120] R ==> sshd:1978 [120]
          cg.C.x-2237  [056]     0.731764: (+5)     sched_waking:         comm=kworker/u129:26 pid=435 prio=120 target_cpu=056
          cg.C.x-2237  [056]     0.731766: (+2)     sched_wakeup:         kworker/u129:26:435 [120] CPU:056
          cg.C.x-2237  [056]     0.731767: (+1)     sched_switch:         cg.C.x:2237 [120] R ==> kworker/u129:26:435 [120]
 kworker/u129:26-435   [056]     0.731769: (+2)     sched_switch:         kworker/u129:26:435 [120] I ==> cg.C.x:2237 [120]
          cg.C.x-2237  [056]     0.731770: (+1)     sched_waking:         comm=kworker/u129:26 pid=435 prio=120 target_cpu=056
          cg.C.x-2237  [056]     0.731771: (+1)     sched_wakeup:         kworker/u129:26:435 [120] CPU:056
          cg.C.x-2237  [056]     0.731773: (+2)     sched_switch:         cg.C.x:2237 [120] R ==> kworker/u129:26:435 [120]
 kworker/u129:26-435   [056]     0.731775: (+2)     sched_switch:         kworker/u129:26:435 [120] I ==> cg.C.x:2237 [120]
          cg.C.x-2237  [056]     0.731823: (+48)    sched_waking:         comm=kworker/u129:26 pid=435 prio=120 target_cpu=056
          cg.C.x-2237  [056]     0.731825: (+2)     sched_wakeup:         kworker/u129:26:435 [120] CPU:056
          cg.C.x-2237  [056]     0.731826: (+1)     sched_switch:         cg.C.x:2237 [120] R ==> kworker/u129:26:435 [120]
 kworker/u129:26-435   [056]     0.731828: (+2)     sched_switch:         kworker/u129:26:435 [120] I ==> cg.C.x:2237 [120]
          cg.C.x-2237  [056]     0.731829: (+1)     sched_waking:         comm=kworker/u129:26 pid=435 prio=120 target_cpu=056
          cg.C.x-2237  [056]     0.731830: (+1)     sched_wakeup:         kworker/u129:26:435 [120] CPU:056
          cg.C.x-2237  [056]     0.731831: (+1)     sched_switch:         cg.C.x:2237 [120] R ==> kworker/u129:26:435 [120]
 kworker/u129:26-435   [056]     0.731833: (+2)     sched_switch:         kworker/u129:26:435 [120] I ==> cg.C.x:2237 [120]
            sshd-1978  [034]     0.731876: (+43)    sched_switch:         sshd:1978 [120] S ==> cg.C.x:2245 [120]
          cg.C.x-2246  [001]     0.732850: (+974)   sched_waking:         comm=kworker/1:2 pid=470 prio=120 target_cpu=001
          cg.C.x-2248  [005]     0.732850: (+0)     sched_waking:         comm=kworker/5:1 pid=741 prio=120 target_cpu=005
          cg.C.x-2246  [001]     0.732856: (+6)     sched_wakeup:         kworker/1:2:470 [120] CPU:001
          cg.C.x-2248  [005]     0.732856: (+0)     sched_wakeup:         kworker/5:1:741 [120] CPU:005
          cg.C.x-2246  [001]     0.736854: (+3998)  sched_switch:         cg.C.x:2246 [120] R ==> kworker/1:2:470 [120]
          cg.C.x-2248  [005]     0.736854: (+0)     sched_switch:         cg.C.x:2248 [120] R ==> kworker/5:1:741 [120]
     kworker/1:2-470   [001]     0.736871: (+17)    sched_switch:         kworker/1:2:470 [120] I ==> cg.C.x:2246 [120]
     kworker/5:1-741   [005]     0.736904: (+33)    sched_switch:         kworker/5:1:741 [120] I ==> cg.C.x:2248 [120]
          cg.C.x-2289  [030]     0.780852: (+43948) sched_waking:         comm=rcu_preempt pid=17 prio=120 target_cpu=040
          cg.C.x-2289  [030]     0.780866: (+14)    sched_wakeup:         rcu_preempt:17 [120] CPU:040
          cg.C.x-2239  [040]     0.780875: (+9)     sched_switch:         cg.C.x:2239 [120] R ==> rcu_preempt:17 [120]
     rcu_preempt-17    [040]     0.780888: (+13)    sched_switch:         rcu_preempt:17 [120] I ==> cg.C.x:2239 [120]
          cg.C.x-2239  [040]     0.788848: (+7960)  sched_waking:         comm=rcu_preempt pid=17 prio=120 target_cpu=040
          cg.C.x-2239  [040]     0.788862: (+14)    sched_wakeup:         rcu_preempt:17 [120] CPU:040
          cg.C.x-2239  [040]     0.792854: (+3992)  sched_switch:         cg.C.x:2239 [120] R ==> rcu_preempt:17 [120]
     rcu_preempt-17    [040]     0.792868: (+14)    sched_switch:         rcu_preempt:17 [120] I ==> cg.C.x:2239 [120]
          cg.C.x-2239  [040]     0.804849: (+11981) sched_waking:         comm=rcu_preempt pid=17 prio=120 target_cpu=040
          cg.C.x-2239  [040]     0.804859: (+10)    sched_wakeup:         rcu_preempt:17 [120] CPU:040
          cg.C.x-2239  [040]     0.804865: (+6)     sched_switch:         cg.C.x:2239 [120] R ==> rcu_preempt:17 [120]
     rcu_preempt-17    [040]     0.804875: (+10)    sched_switch:         rcu_preempt:17 [120] I ==> cg.C.x:2239 [120]
          cg.C.x-2239  [040]     0.816848: (+11973) sched_waking:         comm=rcu_preempt pid=17 prio=120 target_cpu=040
          cg.C.x-2241  [000]     0.816850: (+2)     sched_waking:         comm=kworker/0:0 pid=8 prio=120 target_cpu=000
          cg.C.x-2241  [000]     0.816856: (+6)     sched_wakeup:         kworker/0:0:8 [120] CPU:000
          cg.C.x-2239  [040]     0.816856: (+0)     sched_wakeup:         rcu_preempt:17 [120] CPU:040
          cg.C.x-2239  [040]     0.816862: (+6)     sched_switch:         cg.C.x:2239 [120] R ==> rcu_preempt:17 [120]
          cg.C.x-2241  [000]     0.816862: (+0)     sched_switch:         cg.C.x:2241 [120] R ==> kworker/0:0:8 [120]
     rcu_preempt-17    [040]     0.816872: (+10)    sched_switch:         rcu_preempt:17 [120] I ==> cg.C.x:2239 [120]
     kworker/0:0-8     [000]     0.816920: (+48)    sched_switch:         kworker/0:0:8 [120] I ==> cg.C.x:2241 [120]
          cg.C.x-2237  [056]     0.854369: (+37449) sched_waking:         comm=kworker/u129:26 pid=435 prio=120 target_cpu=056
          cg.C.x-2237  [056]     0.854381: (+12)    sched_wakeup:         kworker/u129:26:435 [120] CPU:056
          cg.C.x-2237  [056]     0.854387: (+6)     sched_switch:         cg.C.x:2237 [120] R ==> kworker/u129:26:435 [120]
 kworker/u129:26-435   [056]     0.854393: (+6)     sched_waking:         comm=sshd pid=1978 prio=120 target_cpu=034
 kworker/u129:26-435   [056]     0.854402: (+9)     sched_wakeup:         sshd:1978 [120] CPU:034
 kworker/u129:26-435   [056]     0.854405: (+3)     sched_switch:         kworker/u129:26:435 [120] I ==> cg.C.x:2237 [120]
          cg.C.x-2245  [034]     0.854406: (+1)     sched_switch:         cg.C.x:2245 [120] R ==> sshd:1978 [120]
          cg.C.x-2237  [056]     0.854407: (+1)     sched_waking:         comm=kworker/u129:26 pid=435 prio=120 target_cpu=056
          cg.C.x-2237  [056]     0.854409: (+2)     sched_wakeup:         kworker/u129:26:435 [120] CPU:056
          cg.C.x-2237  [056]     0.854411: (+2)     sched_switch:         cg.C.x:2237 [120] R ==> kworker/u129:26:435 [120]
 kworker/u129:26-435   [056]     0.854413: (+2)     sched_switch:         kworker/u129:26:435 [120] I ==> cg.C.x:2237 [120]
            sshd-1978  [034]     0.854502: (+89)    sched_switch:         sshd:1978 [120] S ==> cg.C.x:2245 [120]
          cg.C.x-2244  [003]     0.856851: (+2349)  sched_waking:         comm=kworker/3:1 pid=723 prio=120 target_cpu=003
          cg.C.x-2242  [063]     0.856851: (+0)     sched_waking:         comm=kworker/63:1 pid=743 prio=120 target_cpu=063
          cg.C.x-2242  [063]     0.856857: (+6)     sched_wakeup:         kworker/63:1:743 [120] CPU:063
          cg.C.x-2244  [003]     0.856858: (+1)     sched_wakeup:         kworker/3:1:723 [120] CPU:003
          cg.C.x-2242  [063]     0.856862: (+4)     sched_switch:         cg.C.x:2242 [120] R ==> kworker/63:1:743 [120]
    kworker/63:1-743   [063]     0.856876: (+14)    sched_switch:         kworker/63:1:743 [120] I ==> cg.C.x:2242 [120]
          cg.C.x-2251  [062]     0.860850: (+3974)  sched_waking:         comm=kworker/62:1 pid=491 prio=120 target_cpu=062
          cg.C.x-2244  [003]     0.860854: (+4)     sched_switch:         cg.C.x:2244 [120] R ==> kworker/3:1:723 [120]
          cg.C.x-2251  [062]     0.860860: (+6)     sched_wakeup:         kworker/62:1:491 [120] CPU:062
          cg.C.x-2251  [062]     0.860866: (+6)     sched_switch:         cg.C.x:2251 [120] R ==> kworker/62:1:491 [120]
     kworker/3:1-723   [003]     0.860880: (+14)    sched_switch:         kworker/3:1:723 [120] I ==> cg.C.x:2244 [120]
    kworker/62:1-491   [062]     0.860896: (+16)    sched_switch:         kworker/62:1:491 [120] I ==> cg.C.x:2251 [120]
          cg.C.x-2287  [060]     0.892850: (+31954) sched_waking:         comm=kworker/60:1 pid=489 prio=120 target_cpu=060
          cg.C.x-2270  [059]     0.892852: (+2)     sched_waking:         comm=kworker/59:1 pid=658 prio=120 target_cpu=059
          cg.C.x-2287  [060]     0.892861: (+9)     sched_wakeup:         kworker/60:1:489 [120] CPU:060
          cg.C.x-2270  [059]     0.892861: (+0)     sched_wakeup:         kworker/59:1:658 [120] CPU:059
          cg.C.x-2270  [059]     0.892868: (+7)     sched_switch:         cg.C.x:2270 [120] R ==> kworker/59:1:658 [120]
          cg.C.x-2287  [060]     0.892869: (+1)     sched_switch:         cg.C.x:2287 [120] R ==> kworker/60:1:489 [120]
    kworker/60:1-489   [060]     0.892899: (+30)    sched_switch:         kworker/60:1:489 [120] I ==> cg.C.x:2287 [120]
    kworker/59:1-658   [059]     0.892902: (+3)     sched_switch:         kworker/59:1:658 [120] I ==> cg.C.x:2270 [120]
          cg.C.x-2268  [057]     0.920852: (+27950) sched_waking:         comm=kworker/57:0 pid=361 prio=120 target_cpu=057
          cg.C.x-2268  [057]     0.920860: (+8)     sched_wakeup:         kworker/57:0:361 [120] CPU:057
          cg.C.x-2268  [057]     0.920867: (+7)     sched_switch:         cg.C.x:2268 [120] R ==> kworker/57:0:361 [120]
    kworker/57:0-361   [057]     0.920879: (+12)    sched_switch:         kworker/57:0:361 [120] I ==> cg.C.x:2268 [120]
          cg.C.x-2247  [058]     0.924850: (+3971)  sched_waking:         comm=kworker/58:2 pid=1222 prio=120 target_cpu=058
          cg.C.x-2247  [058]     0.924861: (+11)    sched_wakeup:         kworker/58:2:1222 [120] CPU:058
          cg.C.x-2247  [058]     0.924867: (+6)     sched_switch:         cg.C.x:2247 [120] R ==> kworker/58:2:1222 [120]
    kworker/58:2-1222  [058]     0.924881: (+14)    sched_switch:         kworker/58:2:1222 [120] I ==> cg.C.x:2247 [120]
          cg.C.x-2246  [001]     0.952849: (+27968) sched_waking:         comm=kworker/1:2 pid=470 prio=120 target_cpu=001
          cg.C.x-2266  [055]     0.952850: (+1)     sched_waking:         comm=kworker/55:1 pid=732 prio=120 target_cpu=055
          cg.C.x-2246  [001]     0.952855: (+5)     sched_wakeup:         kworker/1:2:470 [120] CPU:001
          cg.C.x-2266  [055]     0.952855: (+0)     sched_wakeup:         kworker/55:1:732 [120] CPU:055
          cg.C.x-2246  [001]     0.952860: (+5)     sched_switch:         cg.C.x:2246 [120] R ==> kworker/1:2:470 [120]
          cg.C.x-2266  [055]     0.952860: (+0)     sched_switch:         cg.C.x:2266 [120] R ==> kworker/55:1:732 [120]
    kworker/55:1-732   [055]     0.952871: (+11)    sched_switch:         kworker/55:1:732 [120] I ==> cg.C.x:2266 [120]
     kworker/1:2-470   [001]     0.952886: (+15)    sched_switch:         kworker/1:2:470 [120] I ==> cg.C.x:2246 [120]
          cg.C.x-2237  [056]     0.956849: (+3963)  sched_waking:         comm=kworker/56:1 pid=549 prio=120 target_cpu=056
          cg.C.x-2253  [054]     0.956849: (+0)     sched_waking:         comm=kworker/54:1 pid=487 prio=120 target_cpu=054
          cg.C.x-2237  [056]     0.956856: (+7)     sched_wakeup:         kworker/56:1:549 [120] CPU:056
          cg.C.x-2253  [054]     0.956857: (+1)     sched_wakeup:         kworker/54:1:487 [120] CPU:054
          cg.C.x-2237  [056]     0.956862: (+5)     sched_switch:         cg.C.x:2237 [120] R ==> kworker/56:1:549 [120]
          cg.C.x-2253  [054]     0.956864: (+2)     sched_switch:         cg.C.x:2253 [120] R ==> kworker/54:1:487 [120]
    kworker/56:1-549   [056]     0.956877: (+13)    sched_switch:         kworker/56:1:549 [120] I ==> cg.C.x:2237 [120]
    kworker/54:1-487   [054]     0.956877: (+0)     sched_switch:         kworker/54:1:487 [120] I ==> cg.C.x:2253 [120]
          cg.C.x-2237  [056]     0.976660: (+19783) sched_waking:         comm=kworker/u129:26 pid=435 prio=120 target_cpu=056
          cg.C.x-2237  [056]     0.976671: (+11)    sched_wakeup:         kworker/u129:26:435 [120] CPU:056
          cg.C.x-2237  [056]     0.976677: (+6)     sched_switch:         cg.C.x:2237 [120] R ==> kworker/u129:26:435 [120]
 kworker/u129:26-435   [056]     0.976683: (+6)     sched_waking:         comm=sshd pid=1978 prio=120 target_cpu=034
 kworker/u129:26-435   [056]     0.976687: (+4)     sched_migrate_task:   comm=sshd pid=1978 prio=120 orig_cpu=34 dest_cpu=56
 kworker/u129:26-435   [056]     0.976693: (+6)     sched_wakeup:         sshd:1978 [120] CPU:056
 kworker/u129:26-435   [056]     0.976697: (+4)     sched_switch:         kworker/u129:26:435 [120] I ==> sshd:1978 [120]
            sshd-1978  [056]     0.976817: (+120)   sched_switch:         sshd:1978 [120] S ==> cg.C.x:2237 [120]
          cg.C.x-2237  [056]     0.976819: (+2)     sched_waking:         comm=kworker/u129:26 pid=435 prio=120 target_cpu=056
          cg.C.x-2237  [056]     0.976821: (+2)     sched_wakeup:         kworker/u129:26:435 [120] CPU:056
          cg.C.x-2237  [056]     0.976824: (+3)     sched_switch:         cg.C.x:2237 [120] R ==> kworker/u129:26:435 [120]
 kworker/u129:26-435   [056]     0.976825: (+1)     sched_waking:         comm=sshd pid=1978 prio=120 target_cpu=056
 kworker/u129:26-435   [056]     0.976827: (+2)     sched_wakeup:         sshd:1978 [120] CPU:056
 kworker/u129:26-435   [056]     0.976830: (+3)     sched_switch:         kworker/u129:26:435 [120] I ==> sshd:1978 [120]
            sshd-1978  [056]     0.976876: (+46)    sched_switch:         sshd:1978 [120] S ==> cg.C.x:2237 [120]
          cg.C.x-2299  [046]     0.984849: (+7973)  sched_waking:         comm=kcompactd0 pid=474 prio=120 target_cpu=046
          cg.C.x-2262  [051]     0.984850: (+1)     sched_waking:         comm=kworker/51:1 pid=579 prio=120 target_cpu=051
          cg.C.x-2290  [053]     0.984850: (+0)     sched_waking:         comm=kworker/53:1 pid=735 prio=120 target_cpu=053
          cg.C.x-2262  [051]     0.984858: (+8)     sched_wakeup:         kworker/51:1:579 [120] CPU:051
          cg.C.x-2299  [046]     0.984859: (+1)     sched_wakeup:         kcompactd0:474 [120] CPU:046
          cg.C.x-2290  [053]     0.984859: (+0)     sched_wakeup:         kworker/53:1:735 [120] CPU:053
          cg.C.x-2290  [053]     0.984865: (+6)     sched_switch:         cg.C.x:2290 [120] R ==> kworker/53:1:735 [120]
          cg.C.x-2262  [051]     0.984865: (+0)     sched_switch:         cg.C.x:2262 [120] R ==> kworker/51:1:579 [120]
    kworker/53:1-735   [053]     0.984877: (+12)    sched_switch:         kworker/53:1:735 [120] I ==> cg.C.x:2290 [120]
    kworker/51:1-579   [051]     0.984877: (+0)     sched_switch:         kworker/51:1:579 [120] I ==> cg.C.x:2262 [120]
          cg.C.x-2244  [003]     0.988848: (+3971)  sched_waking:         comm=kcompactd1 pid=475 prio=120 target_cpu=003
          cg.C.x-2299  [046]     0.988854: (+6)     sched_switch:         cg.C.x:2299 [120] R ==> kcompactd0:474 [120]
          cg.C.x-2244  [003]     0.988856: (+2)     sched_wakeup:         kcompactd1:475 [120] CPU:003
      kcompactd0-474   [046]     0.988865: (+9)     sched_switch:         kcompactd0:474 [120] S ==> cg.C.x:2299 [120]
          cg.C.x-2244  [003]     0.992851: (+3986)  sched_switch:         cg.C.x:2244 [120] R ==> kcompactd1:475 [120]
      kcompactd1-475   [003]     0.992861: (+10)    sched_switch:         kcompactd1:475 [120] S ==> cg.C.x:2244 [120]
          cg.C.x-2299  [046]     1.016854: (+23993) bprint:               change_prot_numa: NUMAB SCAN vma[start:0x563848c61000, end:0x563848c62000, from:0x563848c61000, to:0x563848c62000, size:4 KB]
          cg.C.x-2299  [046]     1.016884: (+30)    bprint:               change_prot_numa: NUMAB SCAN vma[start:0x563848c62000, end:0x563848c63000, from:0x563848c62000, to:0x563848c63000, size:4 KB]
          cg.C.x-2299  [046]     1.016900: (+16)    bprint:               change_prot_numa: NUMAB SCAN vma[start:0x563849b51000, end:0x563849b72000, from:0x563849b51000, to:0x563849b72000, size:132 KB]
          cg.C.x-2299  [046]     1.016923: (+23)    bprint:               change_prot_numa: NUMAB SCAN vma[start:0x7f6ad2e01000, end:0x7f6ad3601000, from:0x7f6ad2e01000, to:0x7f6ad3601000, size:8192 KB]
          cg.C.x-2299  [046]     1.016945: (+22)    bprint:               change_prot_numa: NUMAB SCAN vma[start:0x7f6ad3801000, end:0x7f6ad4001000, from:0x7f6ad3801000, to:0x7f6ad4001000, size:8192 KB]
          cg.C.x-2299  [046]     1.016966: (+21)    bprint:               change_prot_numa: NUMAB SCAN vma[start:0x7f6ad4201000, end:0x7f6ad4a01000, from:0x7f6ad4201000, to:0x7f6ad4a01000, size:8192 KB]
          cg.C.x-2299  [046]     1.016985: (+19)    bprint:               change_prot_numa: NUMAB SCAN vma[start:0x7f6ad4c01000, end:0x7f6ad5401000, from:0x7f6ad4c01000, to:0x7f6ad5401000, size:8192 KB]
          cg.C.x-2299  [046]     1.017002: (+17)    bprint:               change_prot_numa: NUMAB SCAN vma[start:0x7f6ad5601000, end:0x7f6ad5e01000, from:0x7f6ad5601000, to:0x7f6ad5e01000, size:8192 KB]
          cg.C.x-2299  [046]     1.017022: (+20)    bprint:               change_prot_numa: NUMAB SCAN vma[start:0x7f6ad6001000, end:0x7f6ad6801000, from:0x7f6ad6001000, to:0x7f6ad6801000, size:8192 KB]
          cg.C.x-2299  [046]     1.017040: (+18)    bprint:               change_prot_numa: NUMAB SCAN vma[start:0x7f6ad6a01000, end:0x7f6ad7201000, from:0x7f6ad6a01000, to:0x7f6ad7201000, size:8192 KB]
          cg.C.x-2299  [046]     1.017060: (+20)    bprint:               change_prot_numa: NUMAB SCAN vma[start:0x7f6ad7401000, end:0x7f6ad7c01000, from:0x7f6ad7401000, to:0x7f6ad7c01000, size:8192 KB]
          cg.C.x-2299  [046]     1.017078: (+18)    bprint:               change_prot_numa: NUMAB SCAN vma[start:0x7f6ad7e01000, end:0x7f6ad8601000, from:0x7f6ad7e01000, to:0x7f6ad8601000, size:8192 KB]
          cg.C.x-2299  [046]     1.017099: (+21)    bprint:               change_prot_numa: NUMAB SCAN vma[start:0x7f6ad8801000, end:0x7f6ad9001000, from:0x7f6ad8801000, to:0x7f6ad9001000, size:8192 KB]
          cg.C.x-2299  [046]     1.017118: (+19)    bprint:               change_prot_numa: NUMAB SCAN vma[start:0x7f6ad9201000, end:0x7f6ad9a01000, from:0x7f6ad9201000, to:0x7f6ad9a01000, size:8192 KB]
          cg.C.x-2299  [046]     1.017137: (+19)    bprint:               change_prot_numa: NUMAB SCAN vma[start:0x7f6ad9c01000, end:0x7f6ada401000, from:0x7f6ad9c01000, to:0x7f6ada401000, size:8192 KB]
          cg.C.x-2299  [046]     1.017155: (+18)    bprint:               change_prot_numa: NUMAB SCAN vma[start:0x7f6ada601000, end:0x7f6adae01000, from:0x7f6ada601000, to:0x7f6adae01000, size:8192 KB]
          cg.C.x-2299  [046]     1.017173: (+18)    bprint:               change_prot_numa: NUMAB SCAN vma[start:0x7f6adb001000, end:0x7f6adb801000, from:0x7f6adb001000, to:0x7f6adb801000, size:8192 KB]
          cg.C.x-2299  [046]     1.017191: (+18)    bprint:               change_prot_numa: NUMAB SCAN vma[start:0x7f6adba01000, end:0x7f6adc201000, from:0x7f6adba01000, to:0x7f6adc201000, size:8192 KB]
          cg.C.x-2299  [046]     1.017210: (+19)    bprint:               change_prot_numa: NUMAB SCAN vma[start:0x7f6adc401000, end:0x7f6adcc01000, from:0x7f6adc401000, to:0x7f6adcc01000, size:8192 KB]
          cg.C.x-2299  [046]     1.017228: (+18)    bprint:               change_prot_numa: NUMAB SCAN vma[start:0x7f6adce01000, end:0x7f6add601000, from:0x7f6adce01000, to:0x7f6add601000, size:8192 KB]
          cg.C.x-2299  [046]     1.017248: (+20)    bprint:               change_prot_numa: NUMAB SCAN vma[start:0x7f6add801000, end:0x7f6ade001000, from:0x7f6add801000, to:0x7f6ade001000, size:8192 KB]
          cg.C.x-2299  [046]     1.017266: (+18)    bprint:               change_prot_numa: NUMAB SCAN vma[start:0x7f6ade201000, end:0x7f6adea01000, from:0x7f6ade201000, to:0x7f6adea01000, size:8192 KB]
          cg.C.x-2299  [046]     1.017284: (+18)    bprint:               change_prot_numa: NUMAB SCAN vma[start:0x7f6adec01000, end:0x7f6adf401000, from:0x7f6adec01000, to:0x7f6adf401000, size:8192 KB]
          cg.C.x-2299  [046]     1.017304: (+20)    bprint:               change_prot_numa: NUMAB SCAN vma[start:0x7f6adf601000, end:0x7f6adfe01000, from:0x7f6adf601000, to:0x7f6adfe01000, size:8192 KB]
          cg.C.x-2299  [046]     1.017323: (+19)    bprint:               change_prot_numa: NUMAB SCAN vma[start:0x7f6ae0001000, end:0x7f6ae0801000, from:0x7f6ae0001000, to:0x7f6ae0801000, size:8192 KB]
          cg.C.x-2299  [046]     1.017342: (+19)    bprint:               change_prot_numa: NUMAB SCAN vma[start:0x7f6ae0a01000, end:0x7f6ae1201000, from:0x7f6ae0a01000, to:0x7f6ae1201000, size:8192 KB]
          cg.C.x-2299  [046]     1.017361: (+19)    bprint:               change_prot_numa: NUMAB SCAN vma[start:0x7f6ae1401000, end:0x7f6ae1c01000, from:0x7f6ae1401000, to:0x7f6ae1c01000, size:8192 KB]
          cg.C.x-2299  [046]     1.017379: (+18)    bprint:               change_prot_numa: NUMAB SCAN vma[start:0x7f6ae1e01000, end:0x7f6ae2601000, from:0x7f6ae1e01000, to:0x7f6ae2601000, size:8192 KB]
          cg.C.x-2299  [046]     1.017398: (+19)    bprint:               change_prot_numa: NUMAB SCAN vma[start:0x7f6ae2801000, end:0x7f6ae3001000, from:0x7f6ae2801000, to:0x7f6ae3001000, size:8192 KB]
          cg.C.x-2299  [046]     1.017417: (+19)    bprint:               change_prot_numa: NUMAB SCAN vma[start:0x7f6ae3201000, end:0x7f6ae3a01000, from:0x7f6ae3201000, to:0x7f6ae3a01000, size:8192 KB]
          cg.C.x-2299  [046]     1.017436: (+19)    bprint:               change_prot_numa: NUMAB SCAN vma[start:0x7f6ae3c01000, end:0x7f6ae4401000, from:0x7f6ae3c01000, to:0x7f6ae4401000, size:8192 KB]
          cg.C.x-2299  [046]     1.017456: (+20)    bprint:               change_prot_numa: NUMAB SCAN vma[start:0x7f6ae4601000, end:0x7f6ae4e01000, from:0x7f6ae4601000, to:0x7f6ae4e01000, size:8192 KB]
          cg.C.x-2299  [046]     1.017476: (+20)    bprint:               change_prot_numa: NUMAB SCAN vma[start:0x7f6ae5001000, end:0x7f6ae5801000, from:0x7f6ae5001000, to:0x7f6ae5801000, size:8192 KB]
          cg.C.x-2299  [046]     1.017496: (+20)    bprint:               change_prot_numa: NUMAB SCAN vma[start:0x7f6ae5a01000, end:0x7f6ae6201000, from:0x7f6ae5a01000, to:0x7f6ae6201000, size:8192 KB]
          cg.C.x-2299  [046]     1.017516: (+20)    bprint:               change_prot_numa: NUMAB SCAN vma[start:0x7f6ae6401000, end:0x7f6ae6c01000, from:0x7f6ae6401000, to:0x7f6ae6c00000, size:8188 KB]
          cg.C.x-2299  [046]     1.017542: (+26)    bprint:               __handle_mm_fault: NUMAB MEM ACCESS process[nid:0, cpu:46, pid:2299], folio[virt:0x7f6ad4000fe8, phys:0x1510d5000, pfn:0x1510d5, nid:0, npages:1]
          cg.C.x-2242  [063]     1.018156: (+614)   bprint:               __handle_mm_fault: NUMAB MEM ACCESS process[nid:1, cpu:63, pid:2242], folio[virt:0x563848c61080, phys:0x1532a9000, pfn:0x1532a9, nid:0, npages:1]
          cg.C.x-2242  [063]     1.018160: (+4)     bprint:               __handle_mm_fault: NUMAB TRY MEM MIGR process[nid:1, cpu:63, pid:2242], folio[virt:0x563848c61080, phys:0x1532a9000, nid:0], target_nid:1
          cg.C.x-2242  [063]     1.018179: (+19)    bprint:               __handle_mm_fault: NUMAB COMPLETED MEM MIGR process[nid:1, cpu:63, pid:2242], old[phys:0x1532a9000, nid:0, npages:1], new[phys:0x186abf5000, nid:1, npages:1]
          cg.C.x-2242  [063]     1.018186: (+7)     bprint:               __handle_mm_fault: NUMAB MEM ACCESS process[nid:1, cpu:63, pid:2242], folio[virt:0x563849b5c0c4, phys:0x112b3e000, pfn:0x112b3e, nid:0, npages:1]
          cg.C.x-2242  [063]     1.018187: (+1)     bprint:               __handle_mm_fault: NUMAB TRY MEM MIGR process[nid:1, cpu:63, pid:2242], folio[virt:0x563849b5c0c4, phys:0x112b3e000, nid:0], target_nid:1
          cg.C.x-2242  [063]     1.018193: (+6)     bprint:               __handle_mm_fault: NUMAB COMPLETED MEM MIGR process[nid:1, cpu:63, pid:2242], old[phys:0x112b3e000, nid:0, npages:1], new[phys:0x186aab8000, nid:1, npages:1]
          cg.C.x-2300  [037]     1.018206: (+13)    bprint:               __handle_mm_fault: NUMAB MEM ACCESS process[nid:1, cpu:37, pid:2300], folio[virt:0x7f6ad35ff9b8, phys:0x185cca9000, pfn:0x185cca9, nid:1, npages:1]
          cg.C.x-2300  [037]     1.018213: (+7)     bprint:               __handle_mm_fault: NUMAB MEM ACCESS process[nid:1, cpu:37, pid:2300], folio[virt:0x7f6ad3600220, phys:0x1510d6000, pfn:0x1510d6, nid:0, npages:1]
          cg.C.x-2300  [037]     1.018215: (+2)     bprint:               __handle_mm_fault: NUMAB TRY MEM MIGR process[nid:1, cpu:37, pid:2300], folio[virt:0x7f6ad3600220, phys:0x1510d6000, nid:0], target_nid:1
          cg.C.x-2300  [037]     1.018229: (+14)    bprint:               __handle_mm_fault: NUMAB COMPLETED MEM MIGR process[nid:1, cpu:37, pid:2300], old[phys:0x1510d6000, nid:0, npages:1], new[phys:0x185bbdb000, nid:1, npages:1]
          cg.C.x-2270  [059]     1.018265: (+36)    bprint:               __handle_mm_fault: NUMAB MEM ACCESS process[nid:1, cpu:59, pid:2270], folio[virt:0x7f6ae61ff9b8, phys:0x185882d000, pfn:0x185882d, nid:1, npages:1]
          cg.C.x-2270  [059]     1.018272: (+7)     bprint:               __handle_mm_fault: NUMAB MEM ACCESS process[nid:1, cpu:59, pid:2270], folio[virt:0x7f6ae6200220, phys:0x152c5d000, pfn:0x152c5d, nid:0, npages:1]
          cg.C.x-2270  [059]     1.018273: (+1)     bprint:               __handle_mm_fault: NUMAB TRY MEM MIGR process[nid:1, cpu:59, pid:2270], folio[virt:0x7f6ae6200220, phys:0x152c5d000, nid:0], target_nid:1
          cg.C.x-2270  [059]     1.018284: (+11)    bprint:               __handle_mm_fault: NUMAB COMPLETED MEM MIGR process[nid:1, cpu:59, pid:2270], old[phys:0x152c5d000, nid:0, npages:1], new[phys:0x1866b96000, nid:1, npages:1]
          cg.C.x-2274  [038]     1.018310: (+26)    bprint:               __handle_mm_fault: NUMAB MEM ACCESS process[nid:0, cpu:38, pid:2274], folio[virt:0x7f6ae39ff9b8, phys:0x112e95000, pfn:0x112e95, nid:0, npages:1]
          cg.C.x-2274  [038]     1.018317: (+7)     bprint:               __handle_mm_fault: NUMAB MEM ACCESS process[nid:0, cpu:38, pid:2274], folio[virt:0x7f6ae3a00220, phys:0x152c22000, pfn:0x152c22, nid:0, npages:1]
          cg.C.x-2289  [030]     1.018422: (+105)   bprint:               __handle_mm_fault: NUMAB MEM ACCESS process[nid:0, cpu:30, pid:2289], folio[virt:0x7f6ada3ff9b8, phys:0x1e243c000, pfn:0x1e243c, nid:0, npages:1]
          cg.C.x-2289  [030]     1.018428: (+6)     bprint:               __handle_mm_fault: NUMAB MEM ACCESS process[nid:0, cpu:30, pid:2289], folio[virt:0x7f6ada400220, phys:0x18065a000, pfn:0x18065a, nid:0, npages:1]
          cg.C.x-2276  [035]     1.018490: (+62)    bprint:               __handle_mm_fault: NUMAB MEM ACCESS process[nid:1, cpu:35, pid:2276], folio[virt:0x7f6ae25ff9b8, phys:0x1864ada000, pfn:0x1864ada, nid:1, npages:1]
          cg.C.x-2276  [035]     1.018496: (+6)     bprint:               __handle_mm_fault: NUMAB MEM ACCESS process[nid:1, cpu:35, pid:2276], folio[virt:0x7f6ae2600220, phys:0x152c24000, pfn:0x152c24, nid:0, npages:1]
          cg.C.x-2276  [035]     1.018497: (+1)     bprint:               __handle_mm_fault: NUMAB TRY MEM MIGR process[nid:1, cpu:35, pid:2276], folio[virt:0x7f6ae2600220, phys:0x152c24000, nid:0], target_nid:1
          cg.C.x-2276  [035]     1.018507: (+10)    bprint:               __handle_mm_fault: NUMAB COMPLETED MEM MIGR process[nid:1, cpu:35, pid:2276], old[phys:0x152c24000, nid:0, npages:1], new[phys:0x1864aef000, nid:1, npages:1]
          cg.C.x-2269  [024]     1.018577: (+70)    bprint:               __handle_mm_fault: NUMAB MEM ACCESS process[nid:0, cpu:24, pid:2269], folio[virt:0x7f6ae6bff9b8, phys:0x153fbc000, pfn:0x153fbc, nid:0, npages:1]
          cg.C.x-2282  [015]     1.018590: (+13)    bprint:               __handle_mm_fault: NUMAB MEM ACCESS process[nid:1, cpu:15, pid:2282], folio[virt:0x7f6ade9ff9b8, phys:0x1864f7d000, pfn:0x1864f7d, nid:1, npages:1]
          cg.C.x-2282  [015]     1.018596: (+6)     bprint:               __handle_mm_fault: NUMAB MEM ACCESS process[nid:1, cpu:15, pid:2282], folio[virt:0x7f6adea00220, phys:0x18060a000, pfn:0x18060a, nid:0, npages:1]
          cg.C.x-2282  [015]     1.018597: (+1)     bprint:               __handle_mm_fault: NUMAB TRY MEM MIGR process[nid:1, cpu:15, pid:2282], folio[virt:0x7f6adea00220, phys:0x18060a000, nid:0], target_nid:1
          cg.C.x-2282  [015]     1.018608: (+11)    bprint:               __handle_mm_fault: NUMAB COMPLETED MEM MIGR process[nid:1, cpu:15, pid:2282], old[phys:0x18060a000, nid:0, npages:1], new[phys:0x186b48b000, nid:1, npages:1]
          cg.C.x-2295  [002]     1.018640: (+32)    bprint:               __handle_mm_fault: NUMAB MEM ACCESS process[nid:0, cpu:2, pid:2295], folio[virt:0x7f6ad67ff9b8, phys:0x18191b000, pfn:0x18191b, nid:0, npages:1]
          cg.C.x-2295  [002]     1.018647: (+7)     bprint:               __handle_mm_fault: NUMAB MEM ACCESS process[nid:0, cpu:2, pid:2295], folio[virt:0x7f6ad6800220, phys:0x1510d0000, pfn:0x1510d0, nid:0, npages:1]
          cg.C.x-2290  [053]     1.018648: (+1)     bprint:               __handle_mm_fault: NUMAB MEM ACCESS process[nid:1, cpu:53, pid:2290], folio[virt:0x7f6ad99ff9b8, phys:0x185b4f8000, pfn:0x185b4f8, nid:1, npages:1]
          cg.C.x-2296  [025]     1.018648: (+0)     bprint:               __handle_mm_fault: NUMAB MEM ACCESS process[nid:1, cpu:25, pid:2296], folio[virt:0x7f6ad5dff9b8, phys:0x1865c12000, pfn:0x1865c12, nid:1, npages:1]
          cg.C.x-2277  [020]     1.018650: (+2)     bprint:               __handle_mm_fault: NUMAB MEM ACCESS process[nid:0, cpu:20, pid:2277], folio[virt:0x7f6ae1bff9b8, phys:0x1532e1000, pfn:0x1532e1, nid:0, npages:1]
          cg.C.x-2290  [053]     1.018653: (+3)     bprint:               __handle_mm_fault: NUMAB MEM ACCESS process[nid:1, cpu:53, pid:2290], folio[virt:0x7f6ad9a00220, phys:0x18065b000, pfn:0x18065b, nid:0, npages:1]
          cg.C.x-2290  [053]     1.018654: (+1)     bprint:               __handle_mm_fault: NUMAB TRY MEM MIGR process[nid:1, cpu:53, pid:2290], folio[virt:0x7f6ad9a00220, phys:0x18065b000, nid:0], target_nid:1
          cg.C.x-2296  [025]     1.018654: (+0)     bprint:               __handle_mm_fault: NUMAB MEM ACCESS process[nid:1, cpu:25, pid:2296], folio[virt:0x7f6ad5e00220, phys:0x1510d1000, pfn:0x1510d1, nid:0, npages:1]
          cg.C.x-2296  [025]     1.018656: (+2)     bprint:               __handle_mm_fault: NUMAB TRY MEM MIGR process[nid:1, cpu:25, pid:2296], folio[virt:0x7f6ad5e00220, phys:0x1510d1000, nid:0], target_nid:1
          cg.C.x-2277  [020]     1.018657: (+1)     bprint:               __handle_mm_fault: NUMAB MEM ACCESS process[nid:0, cpu:20, pid:2277], folio[virt:0x7f6ae1c00220, phys:0x152c25000, pfn:0x152c25, nid:0, npages:1]
          cg.C.x-2290  [053]     1.018664: (+7)     bprint:               __handle_mm_fault: NUMAB COMPLETED MEM MIGR process[nid:1, cpu:53, pid:2290], old[phys:0x18065b000, nid:0, npages:1], new[phys:0x185b50c000, nid:1, npages:1]
          cg.C.x-2296  [025]     1.018665: (+1)     bprint:               __handle_mm_fault: NUMAB COMPLETED MEM MIGR process[nid:1, cpu:25, pid:2296], old[phys:0x1510d1000, nid:0, npages:1], new[phys:0x1864ef3000, nid:1, npages:1]
          cg.C.x-2284  [029]     1.018696: (+31)    bprint:               __handle_mm_fault: NUMAB MEM ACCESS process[nid:1, cpu:29, pid:2284], folio[virt:0x7f6add5ff9b8, phys:0x186a058000, pfn:0x186a058, nid:1, npages:1]
          cg.C.x-2284  [029]     1.018701: (+5)     bprint:               __handle_mm_fault: NUMAB MEM ACCESS process[nid:1, cpu:29, pid:2284], folio[virt:0x7f6add600220, phys:0x18060c000, pfn:0x18060c, nid:0, npages:1]
          cg.C.x-2291  [008]     1.018701: (+0)     bprint:               __handle_mm_fault: NUMAB MEM ACCESS process[nid:0, cpu:8, pid:2291], folio[virt:0x7f6ad8fff9b8, phys:0x113905000, pfn:0x113905, nid:0, npages:1]
          cg.C.x-2284  [029]     1.018702: (+1)     bprint:               __handle_mm_fault: NUMAB TRY MEM MIGR process[nid:1, cpu:29, pid:2284], folio[virt:0x7f6add600220, phys:0x18060c000, nid:0], target_nid:1
          cg.C.x-2291  [008]     1.018707: (+5)     bprint:               __handle_mm_fault: NUMAB MEM ACCESS process[nid:0, cpu:8, pid:2291], folio[virt:0x7f6ad9000220, phys:0x18065c000, pfn:0x18065c, nid:0, npages:1]
          cg.C.x-2284  [029]     1.018712: (+5)     bprint:               __handle_mm_fault: NUMAB COMPLETED MEM MIGR process[nid:1, cpu:29, pid:2284], old[phys:0x18060c000, nid:0, npages:1], new[phys:0x186a06c000, nid:1, npages:1]
          cg.C.x-2283  [022]     1.018723: (+11)    bprint:               __handle_mm_fault: NUMAB MEM ACCESS process[nid:0, cpu:22, pid:2283], folio[virt:0x7f6addfff9b8, phys:0x1200fa000, pfn:0x1200fa, nid:0, npages:1]
          cg.C.x-2283  [022]     1.018729: (+6)     bprint:               __handle_mm_fault: NUMAB MEM ACCESS process[nid:0, cpu:22, pid:2283], folio[virt:0x7f6ade000220, phys:0x18060b000, pfn:0x18060b, nid:0, npages:1]
          cg.C.x-2278  [023]     1.018739: (+10)    bprint:               __handle_mm_fault: NUMAB MEM ACCESS process[nid:1, cpu:23, pid:2278], folio[virt:0x7f6ae11ff9b8, phys:0x185b536000, pfn:0x185b536, nid:1, npages:1]
          cg.C.x-2278  [023]     1.018745: (+6)     bprint:               __handle_mm_fault: NUMAB MEM ACCESS process[nid:1, cpu:23, pid:2278], folio[virt:0x7f6ae1200220, phys:0x152c26000, pfn:0x152c26, nid:0, npages:1]
          cg.C.x-2278  [023]     1.018746: (+1)     bprint:               __handle_mm_fault: NUMAB TRY MEM MIGR process[nid:1, cpu:23, pid:2278], folio[virt:0x7f6ae1200220, phys:0x152c26000, nid:0], target_nid:1
          cg.C.x-2278  [023]     1.018755: (+9)     bprint:               __handle_mm_fault: NUMAB COMPLETED MEM MIGR process[nid:1, cpu:23, pid:2278], old[phys:0x152c26000, nid:0, npages:1], new[phys:0x185b54a000, nid:1, npages:1]
          cg.C.x-2272  [012]     1.018792: (+37)    bprint:               __handle_mm_fault: NUMAB MEM ACCESS process[nid:0, cpu:12, pid:2272], folio[virt:0x7f6ae4dff9b8, phys:0x17e09ae000, pfn:0x17e09ae, nid:0, npages:1]
          cg.C.x-2271  [013]     1.018792: (+0)     bprint:               __handle_mm_fault: NUMAB MEM ACCESS process[nid:1, cpu:13, pid:2271], folio[virt:0x7f6ae57ff9b8, phys:0x185b9d1000, pfn:0x185b9d1, nid:1, npages:1]
          cg.C.x-2272  [012]     1.018798: (+6)     bprint:               __handle_mm_fault: NUMAB MEM ACCESS process[nid:0, cpu:12, pid:2272], folio[virt:0x7f6ae4e00220, phys:0x152c5f000, pfn:0x152c5f, nid:0, npages:1]
          cg.C.x-2271  [013]     1.018798: (+0)     bprint:               __handle_mm_fault: NUMAB MEM ACCESS process[nid:1, cpu:13, pid:2271], folio[virt:0x7f6ae5800220, phys:0x152c5e000, pfn:0x152c5e, nid:0, npages:1]
          cg.C.x-2271  [013]     1.018799: (+1)     bprint:               __handle_mm_fault: NUMAB TRY MEM MIGR process[nid:1, cpu:13, pid:2271], folio[virt:0x7f6ae5800220, phys:0x152c5e000, nid:0], target_nid:1
          cg.C.x-2271  [013]     1.018808: (+9)     bprint:               __handle_mm_fault: NUMAB COMPLETED MEM MIGR process[nid:1, cpu:13, pid:2271], old[phys:0x152c5e000, nid:0, npages:1], new[phys:0x185ba84000, nid:1, npages:1]
          cg.C.x-2297  [036]     1.018823: (+15)    bprint:               __handle_mm_fault: NUMAB MEM ACCESS process[nid:0, cpu:36, pid:2297], folio[virt:0x7f6ad53ff9b8, phys:0x15308d000, pfn:0x15308d, nid:0, npages:1]
          cg.C.x-2280  [007]     1.018827: (+4)     bprint:               __handle_mm_fault: NUMAB MEM ACCESS process[nid:1, cpu:7, pid:2280], folio[virt:0x7f6adfdff9b8, phys:0x185b275000, pfn:0x185b275, nid:1, npages:1]
          cg.C.x-2292  [009]     1.018827: (+0)     bprint:               __handle_mm_fault: NUMAB MEM ACCESS process[nid:1, cpu:9, pid:2292], folio[virt:0x7f6ad85ff9b8, phys:0x185bff1000, pfn:0x185bff1, nid:1, npages:1]
          cg.C.x-2297  [036]     1.018828: (+1)     bprint:               __handle_mm_fault: NUMAB MEM ACCESS process[nid:0, cpu:36, pid:2297], folio[virt:0x7f6ad5400220, phys:0x1510d3000, pfn:0x1510d3, nid:0, npages:1]
          cg.C.x-2280  [007]     1.018832: (+4)     bprint:               __handle_mm_fault: NUMAB MEM ACCESS process[nid:1, cpu:7, pid:2280], folio[virt:0x7f6adfe00220, phys:0x180608000, pfn:0x180608, nid:0, npages:1]
          cg.C.x-2292  [009]     1.018833: (+1)     bprint:               __handle_mm_fault: NUMAB MEM ACCESS process[nid:1, cpu:9, pid:2292], folio[virt:0x7f6ad8600220, phys:0x18065d000, pfn:0x18065d, nid:0, npages:1]
          cg.C.x-2280  [007]     1.018833: (+0)     bprint:               __handle_mm_fault: NUMAB TRY MEM MIGR process[nid:1, cpu:7, pid:2280], folio[virt:0x7f6adfe00220, phys:0x180608000, nid:0], target_nid:1
          cg.C.x-2292  [009]     1.018834: (+1)     bprint:               __handle_mm_fault: NUMAB TRY MEM MIGR process[nid:1, cpu:9, pid:2292], folio[virt:0x7f6ad8600220, phys:0x18065d000, nid:0], target_nid:1
          cg.C.x-2280  [007]     1.018843: (+9)     bprint:               __handle_mm_fault: NUMAB COMPLETED MEM MIGR process[nid:1, cpu:7, pid:2280], old[phys:0x180608000, nid:0, npages:1], new[phys:0x185b28b000, nid:1, npages:1]
          cg.C.x-2292  [009]     1.018843: (+0)     bprint:               __handle_mm_fault: NUMAB COMPLETED MEM MIGR process[nid:1, cpu:9, pid:2292], old[phys:0x18065d000, nid:0, npages:1], new[phys:0x186a798000, nid:1, npages:1]
          cg.C.x-2279  [050]     1.018858: (+15)    bprint:               __handle_mm_fault: NUMAB MEM ACCESS process[nid:0, cpu:50, pid:2279], folio[virt:0x7f6ae07ff9b8, phys:0x180e3f000, pfn:0x180e3f, nid:0, npages:1]
          cg.C.x-2279  [050]     1.018864: (+6)     bprint:               __handle_mm_fault: NUMAB MEM ACCESS process[nid:0, cpu:50, pid:2279], folio[virt:0x7f6ae0800220, phys:0x152c27000, pfn:0x152c27, nid:0, npages:1]
          cg.C.x-2285  [026]     1.018927: (+63)    bprint:               __handle_mm_fault: NUMAB MEM ACCESS process[nid:0, cpu:26, pid:2285], folio[virt:0x7f6adcbff9b8, phys:0x110c9f000, pfn:0x110c9f, nid:0, npages:1]
          cg.C.x-2285  [026]     1.018933: (+6)     bprint:               __handle_mm_fault: NUMAB MEM ACCESS process[nid:0, cpu:26, pid:2285], folio[virt:0x7f6adcc00220, phys:0x18060e000, pfn:0x18060e, nid:0, npages:1]
          cg.C.x-2287  [060]     1.018968: (+35)    bprint:               __handle_mm_fault: NUMAB MEM ACCESS process[nid:0, cpu:60, pid:2287], folio[virt:0x7f6adb7ff9b8, phys:0x153dd3000, pfn:0x153dd3, nid:0, npages:1]
          cg.C.x-2287  [060]     1.018973: (+5)     bprint:               __handle_mm_fault: NUMAB MEM ACCESS process[nid:0, cpu:60, pid:2287], folio[virt:0x7f6adb800220, phys:0x180658000, pfn:0x180658, nid:0, npages:1]
          cg.C.x-2293  [032]     1.018988: (+15)    bprint:               __handle_mm_fault: NUMAB MEM ACCESS process[nid:0, cpu:32, pid:2293], folio[virt:0x7f6ad7bff9b8, phys:0x113bbe000, pfn:0x113bbe, nid:0, npages:1]
          cg.C.x-2293  [032]     1.018994: (+6)     bprint:               __handle_mm_fault: NUMAB MEM ACCESS process[nid:0, cpu:32, pid:2293], folio[virt:0x7f6ad7c00220, phys:0x18065e000, pfn:0x18065e, nid:0, npages:1]
          cg.C.x-2298  [033]     1.019007: (+13)    bprint:               __handle_mm_fault: NUMAB MEM ACCESS process[nid:1, cpu:33, pid:2298], folio[virt:0x7f6ad49ff9b8, phys:0x186a33f000, pfn:0x186a33f, nid:1, npages:1]
          cg.C.x-2298  [033]     1.019012: (+5)     bprint:               __handle_mm_fault: NUMAB MEM ACCESS process[nid:1, cpu:33, pid:2298], folio[virt:0x7f6ad4a00220, phys:0x1510d4000, pfn:0x1510d4, nid:0, npages:1]
          cg.C.x-2298  [033]     1.019014: (+2)     bprint:               __handle_mm_fault: NUMAB TRY MEM MIGR process[nid:1, cpu:33, pid:2298], folio[virt:0x7f6ad4a00220, phys:0x1510d4000, nid:0], target_nid:1
          cg.C.x-2288  [031]     1.019014: (+0)     bprint:               __handle_mm_fault: NUMAB MEM ACCESS process[nid:1, cpu:31, pid:2288], folio[virt:0x7f6adadff9b8, phys:0x18581d0000, pfn:0x18581d0, nid:1, npages:1]
          cg.C.x-2281  [042]     1.019015: (+1)     bprint:               __handle_mm_fault: NUMAB MEM ACCESS process[nid:0, cpu:42, pid:2281], folio[virt:0x7f6adf3ff9b8, phys:0x17e087d000, pfn:0x17e087d, nid:0, npages:1]
          cg.C.x-2288  [031]     1.019019: (+4)     bprint:               __handle_mm_fault: NUMAB MEM ACCESS process[nid:1, cpu:31, pid:2288], folio[virt:0x7f6adae00220, phys:0x180659000, pfn:0x180659, nid:0, npages:1]
          cg.C.x-2288  [031]     1.019020: (+1)     bprint:               __handle_mm_fault: NUMAB TRY MEM MIGR process[nid:1, cpu:31, pid:2288], folio[virt:0x7f6adae00220, phys:0x180659000, nid:0], target_nid:1
          cg.C.x-2281  [042]     1.019020: (+0)     bprint:               __handle_mm_fault: NUMAB MEM ACCESS process[nid:0, cpu:42, pid:2281], folio[virt:0x7f6adf400220, phys:0x180609000, pfn:0x180609, nid:0, npages:1]
          cg.C.x-2298  [033]     1.019023: (+3)     bprint:               __handle_mm_fault: NUMAB COMPLETED MEM MIGR process[nid:1, cpu:33, pid:2298], old[phys:0x1510d4000, nid:0, npages:1], new[phys:0x186a30d000, nid:1, npages:1]
          cg.C.x-2288  [031]     1.019028: (+5)     bprint:               __handle_mm_fault: NUMAB COMPLETED MEM MIGR process[nid:1, cpu:31, pid:2288], old[phys:0x180659000, nid:0, npages:1], new[phys:0x185c558000, nid:1, npages:1]
          cg.C.x-2273  [011]     1.019080: (+52)    bprint:               __handle_mm_fault: NUMAB MEM ACCESS process[nid:1, cpu:11, pid:2273], folio[virt:0x7f6ae43ff9b8, phys:0x18589b4000, pfn:0x18589b4, nid:1, npages:1]
          cg.C.x-2294  [017]     1.019085: (+5)     bprint:               __handle_mm_fault: NUMAB MEM ACCESS process[nid:1, cpu:17, pid:2294], folio[virt:0x7f6ad71ff9b8, phys:0x18573a6000, pfn:0x18573a6, nid:1, npages:1]
          cg.C.x-2273  [011]     1.019086: (+1)     bprint:               __handle_mm_fault: NUMAB MEM ACCESS process[nid:1, cpu:11, pid:2273], folio[virt:0x7f6ae4400220, phys:0x152c21000, pfn:0x152c21, nid:0, npages:1]
          cg.C.x-2273  [011]     1.019087: (+1)     bprint:               __handle_mm_fault: NUMAB TRY MEM MIGR process[nid:1, cpu:11, pid:2273], folio[virt:0x7f6ae4400220, phys:0x152c21000, nid:0], target_nid:1
          cg.C.x-2294  [017]     1.019091: (+4)     bprint:               __handle_mm_fault: NUMAB MEM ACCESS process[nid:1, cpu:17, pid:2294], folio[virt:0x7f6ad7200220, phys:0x18065f000, pfn:0x18065f, nid:0, npages:1]
          cg.C.x-2294  [017]     1.019092: (+1)     bprint:               __handle_mm_fault: NUMAB TRY MEM MIGR process[nid:1, cpu:17, pid:2294], folio[virt:0x7f6ad7200220, phys:0x18065f000, nid:0], target_nid:1
          cg.C.x-2273  [011]     1.019096: (+4)     bprint:               __handle_mm_fault: NUMAB COMPLETED MEM MIGR process[nid:1, cpu:11, pid:2273], old[phys:0x152c21000, nid:0, npages:1], new[phys:0x1858201000, nid:1, npages:1]
          cg.C.x-2294  [017]     1.019101: (+5)     bprint:               __handle_mm_fault: NUMAB COMPLETED MEM MIGR process[nid:1, cpu:17, pid:2294], old[phys:0x18065f000, nid:0, npages:1], new[phys:0x186b97d000, nid:1, npages:1]
          cg.C.x-2286  [019]     1.019165: (+64)    bprint:               __handle_mm_fault: NUMAB MEM ACCESS process[nid:1, cpu:19, pid:2286], folio[virt:0x7f6adc1ff9b8, phys:0x185bbff000, pfn:0x185bbff, nid:1, npages:1]
          cg.C.x-2286  [019]     1.019171: (+6)     bprint:               __handle_mm_fault: NUMAB MEM ACCESS process[nid:1, cpu:19, pid:2286], folio[virt:0x7f6adc200220, phys:0x18060f000, pfn:0x18060f, nid:0, npages:1]
          cg.C.x-2286  [019]     1.019172: (+1)     bprint:               __handle_mm_fault: NUMAB TRY MEM MIGR process[nid:1, cpu:19, pid:2286], folio[virt:0x7f6adc200220, phys:0x18060f000, nid:0], target_nid:1
          cg.C.x-2286  [019]     1.019181: (+9)     bprint:               __handle_mm_fault: NUMAB COMPLETED MEM MIGR process[nid:1, cpu:19, pid:2286], old[phys:0x18060f000, nid:0, npages:1], new[phys:0x185bba7000, nid:1, npages:1]
          cg.C.x-2275  [016]     1.019243: (+62)    bprint:               __handle_mm_fault: NUMAB MEM ACCESS process[nid:0, cpu:16, pid:2275], folio[virt:0x7f6ae2fff9b8, phys:0x1b0bcf000, pfn:0x1b0bcf, nid:0, npages:1]
          cg.C.x-2275  [016]     1.019248: (+5)     bprint:               __handle_mm_fault: NUMAB MEM ACCESS process[nid:0, cpu:16, pid:2275], folio[virt:0x7f6ae3000220, phys:0x152c23000, pfn:0x152c23, nid:0, npages:1]
          cg.C.x-2299  [046]     1.019345: (+97)    bprint:               __handle_mm_fault: NUMAB MEM ACCESS process[nid:0, cpu:46, pid:2299], folio[virt:0x7f6ad3fff9b8, phys:0x183ff0c000, pfn:0x183ff0c, nid:0, npages:1]
          cg.C.x-2294  [017]     1.019351: (+6)     bprint:               __handle_mm_fault: NUMAB MEM ACCESS process[nid:1, cpu:17, pid:2294], folio[virt:0x563848c6234c, phys:0x112b4f000, pfn:0x112b4f, nid:0, npages:1]
          cg.C.x-2294  [017]     1.019352: (+1)     bprint:               __handle_mm_fault: NUMAB TRY MEM MIGR process[nid:1, cpu:17, pid:2294], folio[virt:0x563848c6234c, phys:0x112b4f000, nid:0], target_nid:1
          cg.C.x-2298  [033]     1.019352: (+0)     bprint:               __handle_mm_fault: NUMAB MEM ACCESS process[nid:1, cpu:33, pid:2298], folio[virt:0x563848c6234c, phys:0x112b4f000, pfn:0x112b4f, nid:0, npages:1]
          cg.C.x-2298  [033]     1.019353: (+1)     bprint:               __handle_mm_fault: NUMAB TRY MEM MIGR process[nid:1, cpu:33, pid:2298], folio[virt:0x563848c6234c, phys:0x112b4f000, nid:0], target_nid:1
          cg.C.x-2284  [029]     1.019353: (+0)     bprint:               __handle_mm_fault: NUMAB MEM ACCESS process[nid:1, cpu:29, pid:2284], folio[virt:0x563848c6234c, phys:0x112b4f000, pfn:0x112b4f, nid:0, npages:1]
          cg.C.x-2298  [033]     1.019353: (+0)     bprint:               migrate_misplaced_folio: NUMAB pid:2298 ABORTING MEM MIGR because !isolated
          cg.C.x-2284  [029]     1.019355: (+2)     bprint:               __handle_mm_fault: NUMAB TRY MEM MIGR process[nid:1, cpu:29, pid:2284], folio[virt:0x563848c6234c, phys:0x112b4f000, nid:0], target_nid:1
          cg.C.x-2284  [029]     1.019356: (+1)     bprint:               migrate_misplaced_folio: NUMAB pid:2284 ABORTING MEM MIGR because !isolated
          cg.C.x-2280  [007]     1.019356: (+0)     bprint:               __handle_mm_fault: NUMAB MEM ACCESS process[nid:1, cpu:7, pid:2280], folio[virt:0x563848c6234c, phys:0x112b4f000, pfn:0x112b4f, nid:0, npages:1]
          cg.C.x-2280  [007]     1.019357: (+1)     bprint:               __handle_mm_fault: NUMAB TRY MEM MIGR process[nid:1, cpu:7, pid:2280], folio[virt:0x563848c6234c, phys:0x112b4f000, nid:0], target_nid:1
          cg.C.x-2280  [007]     1.019357: (+0)     bprint:               migrate_misplaced_folio: NUMAB pid:2280 ABORTING MEM MIGR because !isolated
          cg.C.x-2271  [013]     1.019357: (+0)     bprint:               __handle_mm_fault: NUMAB MEM ACCESS process[nid:1, cpu:13, pid:2271], folio[virt:0x563848c6234c, phys:0x112b4f000, pfn:0x112b4f, nid:0, npages:1]
          cg.C.x-2271  [013]     1.019359: (+2)     bprint:               __handle_mm_fault: NUMAB TRY MEM MIGR process[nid:1, cpu:13, pid:2271], folio[virt:0x563848c6234c, phys:0x112b4f000, nid:0], target_nid:1
          cg.C.x-2271  [013]     1.019359: (+0)     bprint:               migrate_misplaced_folio: NUMAB pid:2271 ABORTING MEM MIGR because !isolated
