          cg.C.x-2255  [049]     1.682847: (+23956) sched_waking:         comm=kworker/49:1 pid=744 prio=120 target_cpu=049
          cg.C.x-2291  [051]     1.682847: (+0)     sched_waking:         comm=kworker/51:2 pid=1578 prio=120 target_cpu=051
          cg.C.x-2255  [049]     1.682855: (+8)     sched_wakeup:         kworker/49:1:744 [120] CPU:049
          cg.C.x-2291  [051]     1.682856: (+1)     sched_wakeup:         kworker/51:2:1578 [120] CPU:051
          cg.C.x-2255  [049]     1.682865: (+9)     sched_switch:         cg.C.x:2255 [120] R ==> kworker/49:1:744 [120]
    kworker/49:1-744   [049]     1.682879: (+14)    sched_switch:         kworker/49:1:744 [120] I ==> cg.C.x:2255 [120]
          cg.C.x-2270  [050]     1.686846: (+3967)  sched_waking:         comm=kworker/50:0 pid=319 prio=120 target_cpu=050
          cg.C.x-2291  [051]     1.686851: (+5)     sched_switch:         cg.C.x:2291 [120] R ==> kworker/51:2:1578 [120]
          cg.C.x-2270  [050]     1.686853: (+2)     sched_wakeup:         kworker/50:0:319 [120] CPU:050
    kworker/51:2-1578  [051]     1.686865: (+12)    sched_switch:         kworker/51:2:1578 [120] I ==> cg.C.x:2291 [120]
          cg.C.x-2270  [050]     1.690853: (+3988)  sched_switch:         cg.C.x:2270 [120] R ==> kworker/50:0:319 [120]
    kworker/50:0-319   [050]     1.690866: (+13)    sched_switch:         kworker/50:0:319 [120] I ==> cg.C.x:2270 [120]
          cg.C.x-2251  [007]     1.702912: (+12046) sched_waking:         comm=kworker/u130:12 pid=430 prio=120 target_cpu=007
          cg.C.x-2251  [007]     1.702920: (+8)     sched_wakeup:         kworker/u130:12:430 [120] CPU:007
          cg.C.x-2251  [007]     1.702925: (+5)     sched_switch:         cg.C.x:2251 [120] R ==> kworker/u130:12:430 [120]
 kworker/u130:12-430   [007]     1.702933: (+8)     sched_waking:         comm=sshd pid=2001 prio=120 target_cpu=007
 kworker/u130:12-430   [007]     1.702936: (+3)     sched_wakeup:         sshd:2001 [120] CPU:007
 kworker/u130:12-430   [007]     1.702940: (+4)     sched_switch:         kworker/u130:12:430 [120] I ==> sshd:2001 [120]
            sshd-2001  [007]     1.703041: (+101)   sched_switch:         sshd:2001 [120] S ==> cg.C.x:2251 [120]
          cg.C.x-2251  [007]     1.703043: (+2)     sched_waking:         comm=kworker/u130:12 pid=430 prio=120 target_cpu=007
          cg.C.x-2251  [007]     1.703044: (+1)     sched_wakeup:         kworker/u130:12:430 [120] CPU:007
          cg.C.x-2251  [007]     1.703046: (+2)     sched_switch:         cg.C.x:2251 [120] R ==> kworker/u130:12:430 [120]
 kworker/u130:12-430   [007]     1.703048: (+2)     sched_waking:         comm=sshd pid=2001 prio=120 target_cpu=007
 kworker/u130:12-430   [007]     1.703050: (+2)     sched_wakeup:         sshd:2001 [120] CPU:007
 kworker/u130:12-430   [007]     1.703051: (+1)     sched_switch:         kworker/u130:12:430 [120] I ==> sshd:2001 [120]
            sshd-2001  [007]     1.703074: (+23)    sched_switch:         sshd:2001 [120] S ==> cg.C.x:2251 [120]
          cg.C.x-2311  [047]     1.718846: (+15772) sched_waking:         comm=kworker/47:1 pid=743 prio=120 target_cpu=047
          cg.C.x-2308  [048]     1.718846: (+0)     sched_waking:         comm=kworker/48:1 pid=547 prio=120 target_cpu=048
          cg.C.x-2308  [048]     1.718855: (+9)     sched_wakeup:         kworker/48:1:547 [120] CPU:048
          cg.C.x-2311  [047]     1.718856: (+1)     sched_wakeup:         kworker/47:1:743 [120] CPU:047
          cg.C.x-2308  [048]     1.718862: (+6)     sched_switch:         cg.C.x:2308 [120] R ==> kworker/48:1:547 [120]
          cg.C.x-2311  [047]     1.718863: (+1)     sched_switch:         cg.C.x:2311 [120] R ==> kworker/47:1:743 [120]
    kworker/47:1-743   [047]     1.718876: (+13)    sched_switch:         kworker/47:1:743 [120] I ==> cg.C.x:2311 [120]
    kworker/48:1-547   [048]     1.718877: (+1)     sched_switch:         kworker/48:1:547 [120] I ==> cg.C.x:2308 [120]
          cg.C.x-2302  [044]     1.746844: (+27967) sched_waking:         comm=kworker/44:1 pid=533 prio=120 target_cpu=044
          cg.C.x-2253  [045]     1.746845: (+1)     sched_waking:         comm=kworker/45:1 pid=742 prio=120 target_cpu=045
          cg.C.x-2302  [044]     1.746852: (+7)     sched_wakeup:         kworker/44:1:533 [120] CPU:044
          cg.C.x-2253  [045]     1.746854: (+2)     sched_wakeup:         kworker/45:1:742 [120] CPU:045
          cg.C.x-2268  [046]     1.750844: (+3990)  sched_waking:         comm=kworker/46:1 pid=740 prio=120 target_cpu=046
          cg.C.x-2302  [044]     1.750849: (+5)     sched_switch:         cg.C.x:2302 [120] R ==> kworker/44:1:533 [120]
          cg.C.x-2253  [045]     1.750850: (+1)     sched_switch:         cg.C.x:2253 [120] R ==> kworker/45:1:742 [120]
          cg.C.x-2268  [046]     1.750851: (+1)     sched_wakeup:         kworker/46:1:740 [120] CPU:046
          cg.C.x-2268  [046]     1.750858: (+7)     sched_switch:         cg.C.x:2268 [120] R ==> kworker/46:1:740 [120]
    kworker/45:1-742   [045]     1.750866: (+8)     sched_switch:         kworker/45:1:742 [120] I ==> cg.C.x:2253 [120]
    kworker/46:1-740   [046]     1.750869: (+3)     sched_switch:         kworker/46:1:740 [120] I ==> cg.C.x:2268 [120]
    kworker/44:1-533   [044]     1.750880: (+11)    sched_switch:         kworker/44:1:533 [120] I ==> cg.C.x:2302 [120]
          cg.C.x-2285  [043]     1.782844: (+31964) sched_waking:         comm=kworker/43:1 pid=741 prio=120 target_cpu=043
          cg.C.x-2313  [041]     1.782844: (+0)     sched_waking:         comm=kworker/41:1 pid=486 prio=120 target_cpu=041
          cg.C.x-2310  [042]     1.782845: (+1)     sched_waking:         comm=kworker/42:1 pid=737 prio=120 target_cpu=042
          cg.C.x-2313  [041]     1.782854: (+9)     sched_wakeup:         kworker/41:1:486 [120] CPU:041
          cg.C.x-2310  [042]     1.782854: (+0)     sched_wakeup:         kworker/42:1:737 [120] CPU:042
          cg.C.x-2285  [043]     1.782854: (+0)     sched_wakeup:         kworker/43:1:741 [120] CPU:043
          cg.C.x-2310  [042]     1.782861: (+7)     sched_switch:         cg.C.x:2310 [120] R ==> kworker/42:1:737 [120]
    kworker/42:1-737   [042]     1.782904: (+43)    sched_switch:         kworker/42:1:737 [120] I ==> cg.C.x:2310 [120]
          cg.C.x-2285  [043]     1.786849: (+3945)  sched_switch:         cg.C.x:2285 [120] R ==> kworker/43:1:741 [120]
          cg.C.x-2313  [041]     1.786850: (+1)     sched_switch:         cg.C.x:2313 [120] R ==> kworker/41:1:486 [120]
    kworker/41:1-486   [041]     1.786866: (+16)    sched_switch:         kworker/41:1:486 [120] I ==> cg.C.x:2313 [120]
    kworker/43:1-741   [043]     1.786866: (+0)     sched_switch:         kworker/43:1:741 [120] I ==> cg.C.x:2285 [120]
          cg.C.x-2284  [000]     1.798843: (+11977) sched_waking:         comm=kworker/0:1 pid=10 prio=120 target_cpu=000
          cg.C.x-2284  [000]     1.798849: (+6)     sched_wakeup:         kworker/0:1:10 [120] CPU:000
          cg.C.x-2284  [000]     1.798855: (+6)     sched_switch:         cg.C.x:2284 [120] R ==> kworker/0:1:10 [120]
     kworker/0:1-10    [000]     1.798900: (+45)    sched_switch:         kworker/0:1:10 [120] I ==> cg.C.x:2284 [120]
          cg.C.x-2283  [039]     1.814843: (+15943) sched_waking:         comm=kworker/39:1 pid=729 prio=120 target_cpu=039
          cg.C.x-2290  [040]     1.814844: (+1)     sched_waking:         comm=kworker/40:1 pid=502 prio=120 target_cpu=040
          cg.C.x-2290  [040]     1.814851: (+7)     sched_wakeup:         kworker/40:1:502 [120] CPU:040
          cg.C.x-2283  [039]     1.814854: (+3)     sched_wakeup:         kworker/39:1:729 [120] CPU:039
          cg.C.x-2290  [040]     1.818848: (+3994)  sched_switch:         cg.C.x:2290 [120] R ==> kworker/40:1:502 [120]
          cg.C.x-2283  [039]     1.818848: (+0)     sched_switch:         cg.C.x:2283 [120] R ==> kworker/39:1:729 [120]
    kworker/40:1-502   [040]     1.818861: (+13)    sched_switch:         kworker/40:1:502 [120] I ==> cg.C.x:2290 [120]
    kworker/39:1-729   [039]     1.818863: (+2)     sched_switch:         kworker/39:1:729 [120] I ==> cg.C.x:2283 [120]
          cg.C.x-2251  [007]     1.823931: (+5068)  sched_waking:         comm=kworker/u130:12 pid=430 prio=120 target_cpu=007
          cg.C.x-2251  [007]     1.823940: (+9)     sched_wakeup:         kworker/u130:12:430 [120] CPU:007
          cg.C.x-2251  [007]     1.823947: (+7)     sched_switch:         cg.C.x:2251 [120] R ==> kworker/u130:12:430 [120]
 kworker/u130:12-430   [007]     1.823955: (+8)     sched_waking:         comm=sshd pid=2001 prio=120 target_cpu=007
 kworker/u130:12-430   [007]     1.823958: (+3)     sched_wakeup:         sshd:2001 [120] CPU:007
 kworker/u130:12-430   [007]     1.823963: (+5)     sched_switch:         kworker/u130:12:430 [120] I ==> sshd:2001 [120]
            sshd-2001  [007]     1.824063: (+100)   sched_switch:         sshd:2001 [120] S ==> cg.C.x:2251 [120]
          cg.C.x-2251  [007]     1.824065: (+2)     sched_waking:         comm=kworker/u130:12 pid=430 prio=120 target_cpu=007
          cg.C.x-2251  [007]     1.824066: (+1)     sched_wakeup:         kworker/u130:12:430 [120] CPU:007
          cg.C.x-2251  [007]     1.824068: (+2)     sched_switch:         cg.C.x:2251 [120] R ==> kworker/u130:12:430 [120]
 kworker/u130:12-430   [007]     1.824069: (+1)     sched_waking:         comm=sshd pid=2001 prio=120 target_cpu=007
 kworker/u130:12-430   [007]     1.824070: (+1)     sched_wakeup:         sshd:2001 [120] CPU:007
 kworker/u130:12-430   [007]     1.824071: (+1)     sched_switch:         kworker/u130:12:430 [120] I ==> sshd:2001 [120]
            sshd-2001  [007]     1.824094: (+23)    sched_switch:         sshd:2001 [120] S ==> cg.C.x:2251 [120]
          cg.C.x-2306  [036]     1.842845: (+18751) sched_waking:         comm=kworker/36:1 pid=571 prio=120 target_cpu=036
          cg.C.x-2306  [036]     1.842853: (+8)     sched_wakeup:         kworker/36:1:571 [120] CPU:036
          cg.C.x-2306  [036]     1.842860: (+7)     sched_switch:         cg.C.x:2306 [120] R ==> kworker/36:1:571 [120]
    kworker/36:1-571   [036]     1.842872: (+12)    sched_switch:         kworker/36:1:571 [120] I ==> cg.C.x:2306 [120]
          cg.C.x-2300  [038]     1.846843: (+3971)  sched_waking:         comm=kworker/38:1 pid=509 prio=120 target_cpu=038
          cg.C.x-2273  [037]     1.846844: (+1)     sched_waking:         comm=kworker/37:1 pid=728 prio=120 target_cpu=037
          cg.C.x-2300  [038]     1.846850: (+6)     sched_wakeup:         kworker/38:1:509 [120] CPU:038
          cg.C.x-2273  [037]     1.846853: (+3)     sched_wakeup:         kworker/37:1:728 [120] CPU:037
          cg.C.x-2300  [038]     1.846857: (+4)     sched_switch:         cg.C.x:2300 [120] R ==> kworker/38:1:509 [120]
    kworker/38:1-509   [038]     1.846867: (+10)    sched_switch:         kworker/38:1:509 [120] I ==> cg.C.x:2300 [120]
          cg.C.x-2273  [037]     1.850850: (+3983)  sched_switch:         cg.C.x:2273 [120] R ==> kworker/37:1:728 [120]
    kworker/37:1-728   [037]     1.850867: (+17)    sched_switch:         kworker/37:1:728 [120] I ==> cg.C.x:2273 [120]
          cg.C.x-2309  [033]     1.874845: (+23978) sched_waking:         comm=kworker/33:1 pid=481 prio=120 target_cpu=033
          cg.C.x-2309  [033]     1.874854: (+9)     sched_wakeup:         kworker/33:1:481 [120] CPU:033
          cg.C.x-2271  [035]     1.878843: (+3989)  sched_waking:         comm=kworker/35:1 pid=485 prio=120 target_cpu=035
          cg.C.x-2258  [034]     1.878845: (+2)     sched_waking:         comm=kworker/u128:0 pid=11 prio=120 target_cpu=000
          cg.C.x-2258  [034]     1.878848: (+3)     sched_migrate_task:   comm=kworker/u128:0 pid=11 prio=120 orig_cpu=0 dest_cpu=34
          cg.C.x-2309  [033]     1.878850: (+2)     sched_switch:         cg.C.x:2309 [120] R ==> kworker/33:1:481 [120]
          cg.C.x-2271  [035]     1.878851: (+1)     sched_wakeup:         kworker/35:1:485 [120] CPU:035
          cg.C.x-2258  [034]     1.878854: (+3)     sched_wakeup:         kworker/u128:0:11 [120] CPU:034
          cg.C.x-2258  [034]     1.878856: (+2)     sched_waking:         comm=kworker/34:1 pid=726 prio=120 target_cpu=034
          cg.C.x-2258  [034]     1.878858: (+2)     sched_wakeup:         kworker/34:1:726 [120] CPU:034
          cg.C.x-2258  [034]     1.878864: (+6)     sched_switch:         cg.C.x:2258 [120] R ==> kworker/u128:0:11 [120]
    kworker/33:1-481   [033]     1.878866: (+2)     sched_switch:         kworker/33:1:481 [120] I ==> cg.C.x:2309 [120]
  kworker/u128:0-11    [034]     1.878884: (+18)    sched_switch:         kworker/u128:0:11 [120] I ==> kworker/34:1:726 [120]
    kworker/34:1-726   [034]     1.878891: (+7)     sched_switch:         kworker/34:1:726 [120] I ==> cg.C.x:2258 [120]
          cg.C.x-2271  [035]     1.882848: (+3957)  sched_switch:         cg.C.x:2271 [120] R ==> kworker/35:1:485 [120]
    kworker/35:1-485   [035]     1.882864: (+16)    sched_switch:         kworker/35:1:485 [120] I ==> cg.C.x:2271 [120]
          cg.C.x-2254  [032]     1.906842: (+23978) sched_waking:         comm=kworker/32:1 pid=482 prio=120 target_cpu=032
          cg.C.x-2301  [031]     1.906845: (+3)     sched_waking:         comm=kworker/31:1 pid=739 prio=120 target_cpu=031
          cg.C.x-2254  [032]     1.906850: (+5)     sched_wakeup:         kworker/32:1:482 [120] CPU:032
          cg.C.x-2301  [031]     1.906855: (+5)     sched_wakeup:         kworker/31:1:739 [120] CPU:031
          cg.C.x-2301  [031]     1.906862: (+7)     sched_switch:         cg.C.x:2301 [120] R ==> kworker/31:1:739 [120]
    kworker/31:1-739   [031]     1.906877: (+15)    sched_switch:         kworker/31:1:739 [120] I ==> cg.C.x:2301 [120]
          cg.C.x-2254  [032]     1.910846: (+3969)  sched_switch:         cg.C.x:2254 [120] R ==> kworker/32:1:482 [120]
    kworker/32:1-482   [032]     1.910859: (+13)    sched_switch:         kworker/32:1:482 [120] I ==> cg.C.x:2254 [120]
          cg.C.x-2296  [028]     1.942842: (+31983) sched_waking:         comm=kworker/28:1 pid=721 prio=120 target_cpu=028
          cg.C.x-2274  [030]     1.942842: (+0)     sched_waking:         comm=kworker/30:1 pid=736 prio=120 target_cpu=030
          cg.C.x-2299  [029]     1.942842: (+0)     sched_waking:         comm=kworker/29:1 pid=738 prio=120 target_cpu=029
          cg.C.x-2296  [028]     1.942849: (+7)     sched_wakeup:         kworker/28:1:721 [120] CPU:028
          cg.C.x-2274  [030]     1.942849: (+0)     sched_wakeup:         kworker/30:1:736 [120] CPU:030
          cg.C.x-2299  [029]     1.942850: (+1)     sched_wakeup:         kworker/29:1:738 [120] CPU:029
          cg.C.x-2296  [028]     1.942855: (+5)     sched_switch:         cg.C.x:2296 [120] R ==> kworker/28:1:721 [120]
    kworker/28:1-721   [028]     1.942868: (+13)    sched_switch:         kworker/28:1:721 [120] I ==> cg.C.x:2296 [120]
          cg.C.x-2251  [007]     1.944924: (+2056)  sched_waking:         comm=kworker/u130:12 pid=430 prio=120 target_cpu=007
          cg.C.x-2251  [007]     1.944929: (+5)     sched_wakeup:         kworker/u130:12:430 [120] CPU:007
          cg.C.x-2251  [007]     1.944935: (+6)     sched_switch:         cg.C.x:2251 [120] R ==> kworker/u130:12:430 [120]
 kworker/u130:12-430   [007]     1.944942: (+7)     sched_waking:         comm=sshd pid=2001 prio=120 target_cpu=007
 kworker/u130:12-430   [007]     1.944945: (+3)     sched_wakeup:         sshd:2001 [120] CPU:007
 kworker/u130:12-430   [007]     1.944949: (+4)     sched_switch:         kworker/u130:12:430 [120] I ==> sshd:2001 [120]
            sshd-2001  [007]     1.945048: (+99)    sched_switch:         sshd:2001 [120] S ==> cg.C.x:2251 [120]
          cg.C.x-2251  [007]     1.945049: (+1)     sched_waking:         comm=kworker/u130:12 pid=430 prio=120 target_cpu=007
          cg.C.x-2251  [007]     1.945050: (+1)     sched_wakeup:         kworker/u130:12:430 [120] CPU:007
          cg.C.x-2251  [007]     1.945052: (+2)     sched_switch:         cg.C.x:2251 [120] R ==> kworker/u130:12:430 [120]
 kworker/u130:12-430   [007]     1.945053: (+1)     sched_waking:         comm=sshd pid=2001 prio=120 target_cpu=007
 kworker/u130:12-430   [007]     1.945055: (+2)     sched_wakeup:         sshd:2001 [120] CPU:007
 kworker/u130:12-430   [007]     1.945056: (+1)     sched_switch:         kworker/u130:12:430 [120] I ==> sshd:2001 [120]
            sshd-2001  [007]     1.945080: (+24)    sched_switch:         sshd:2001 [120] S ==> cg.C.x:2251 [120]
          cg.C.x-2299  [029]     1.946843: (+1763)  sched_switch:         cg.C.x:2299 [120] R ==> kworker/29:1:738 [120]
          cg.C.x-2274  [030]     1.946844: (+1)     sched_switch:         cg.C.x:2274 [120] R ==> kworker/30:1:736 [120]
    kworker/29:1-738   [029]     1.946855: (+11)    sched_switch:         kworker/29:1:738 [120] I ==> cg.C.x:2299 [120]
    kworker/30:1-736   [030]     1.946858: (+3)     sched_switch:         kworker/30:1:736 [120] I ==> cg.C.x:2274 [120]
          cg.C.x-2295  [025]     1.970842: (+23984) sched_waking:         comm=kworker/25:1 pid=730 prio=120 target_cpu=025
          cg.C.x-2265  [027]     1.970843: (+1)     sched_waking:         comm=kworker/27:1 pid=735 prio=120 target_cpu=027
          cg.C.x-2294  [026]     1.970843: (+0)     sched_waking:         comm=kworker/26:1 pid=724 prio=120 target_cpu=026
          cg.C.x-2294  [026]     1.970852: (+9)     sched_wakeup:         kworker/26:1:724 [120] CPU:026
          cg.C.x-2295  [025]     1.970852: (+0)     sched_wakeup:         kworker/25:1:730 [120] CPU:025
          cg.C.x-2265  [027]     1.970852: (+0)     sched_wakeup:         kworker/27:1:735 [120] CPU:027
          cg.C.x-2294  [026]     1.970859: (+7)     sched_switch:         cg.C.x:2294 [120] R ==> kworker/26:1:724 [120]
          cg.C.x-2295  [025]     1.970859: (+0)     sched_switch:         cg.C.x:2295 [120] R ==> kworker/25:1:730 [120]
          cg.C.x-2265  [027]     1.970859: (+0)     sched_switch:         cg.C.x:2265 [120] R ==> kworker/27:1:735 [120]
    kworker/26:1-724   [026]     1.970873: (+14)    sched_switch:         kworker/26:1:724 [120] I ==> cg.C.x:2294 [120]
    kworker/25:1-730   [025]     1.970874: (+1)     sched_switch:         kworker/25:1:730 [120] I ==> cg.C.x:2295 [120]
    kworker/27:1-735   [027]     1.970886: (+12)    sched_switch:         kworker/27:1:735 [120] I ==> cg.C.x:2265 [120]
          cg.C.x-2284  [000]     2.006841: (+35955) sched_waking:         comm=kworker/0:1 pid=10 prio=120 target_cpu=000
          cg.C.x-2280  [024]     2.006841: (+0)     sched_waking:         comm=kworker/24:1 pid=719 prio=120 target_cpu=024
          cg.C.x-2277  [023]     2.006841: (+0)     sched_waking:         comm=kworker/23:1 pid=734 prio=120 target_cpu=023
          cg.C.x-2262  [006]     2.006842: (+1)     sched_waking:         comm=kworker/u129:31 pid=2000 prio=120 target_cpu=008
          cg.C.x-2262  [006]     2.006846: (+4)     sched_migrate_task:   comm=kworker/u129:31 pid=2000 prio=120 orig_cpu=8 dest_cpu=6
          cg.C.x-2284  [000]     2.006847: (+1)     sched_wakeup:         kworker/0:1:10 [120] CPU:000
          cg.C.x-2280  [024]     2.006848: (+1)     sched_wakeup:         kworker/24:1:719 [120] CPU:024
          cg.C.x-2277  [023]     2.006849: (+1)     sched_wakeup:         kworker/23:1:734 [120] CPU:023
          cg.C.x-2262  [006]     2.006850: (+1)     sched_wakeup:         kworker/u129:31:2000 [120] CPU:006
          cg.C.x-2284  [000]     2.006854: (+4)     sched_switch:         cg.C.x:2284 [120] R ==> kworker/0:1:10 [120]
          cg.C.x-2262  [006]     2.006854: (+0)     sched_switch:         cg.C.x:2262 [120] R ==> kworker/u129:31:2000 [120]
          cg.C.x-2277  [023]     2.006855: (+1)     sched_switch:         cg.C.x:2277 [120] R ==> kworker/23:1:734 [120]
    kworker/23:1-734   [023]     2.006867: (+12)    sched_switch:         kworker/23:1:734 [120] I ==> cg.C.x:2277 [120]
     kworker/0:1-10    [000]     2.006904: (+37)    sched_switch:         kworker/0:1:10 [120] I ==> cg.C.x:2284 [120]
 kworker/u129:31-2000  [006]     2.007023: (+119)   sched_switch:         kworker/u129:31:2000 [120] I ==> cg.C.x:2262 [120]
          cg.C.x-2280  [024]     2.010842: (+3819)  sched_switch:         cg.C.x:2280 [120] R ==> kworker/24:1:719 [120]
    kworker/24:1-719   [024]     2.010853: (+11)    sched_switch:         kworker/24:1:719 [120] I ==> cg.C.x:2280 [120]
          cg.C.x-2302  [044]     2.014869: (+4016)  bprint:               change_prot_numa: NUMAB SCAN vma[start:0x7f4d19201000, end:0x7f4d19a01000, from:0x7f4d19a00000, to:0x7f4d19a01000, size:4 KB]
          cg.C.x-2302  [044]     2.014918: (+49)    bprint:               change_prot_numa: NUMAB SCAN vma[start:0x7f4d19c01000, end:0x7f4d1a401000, from:0x7f4d19c01000, to:0x7f4d1a401000, size:8192 KB]
          cg.C.x-2302  [044]     2.014936: (+18)    bprint:               change_prot_numa: NUMAB SCAN vma[start:0x7f4d1a601000, end:0x7f4d1ae01000, from:0x7f4d1a601000, to:0x7f4d1ae01000, size:8192 KB]
          cg.C.x-2302  [044]     2.014954: (+18)    bprint:               change_prot_numa: NUMAB SCAN vma[start:0x7f4d1b001000, end:0x7f4d1b801000, from:0x7f4d1b001000, to:0x7f4d1b801000, size:8192 KB]
          cg.C.x-2302  [044]     2.014971: (+17)    bprint:               change_prot_numa: NUMAB SCAN vma[start:0x7f4d1ba01000, end:0x7f4d1c201000, from:0x7f4d1ba01000, to:0x7f4d1c201000, size:8192 KB]
          cg.C.x-2302  [044]     2.014988: (+17)    bprint:               change_prot_numa: NUMAB SCAN vma[start:0x7f4d1c401000, end:0x7f4d1cc01000, from:0x7f4d1c401000, to:0x7f4d1cc01000, size:8192 KB]
          cg.C.x-2302  [044]     2.015004: (+16)    bprint:               change_prot_numa: NUMAB SCAN vma[start:0x7f4d1ce01000, end:0x7f4d1d601000, from:0x7f4d1ce01000, to:0x7f4d1d601000, size:8192 KB]
          cg.C.x-2302  [044]     2.015022: (+18)    bprint:               change_prot_numa: NUMAB SCAN vma[start:0x7f4d1d801000, end:0x7f4d1e001000, from:0x7f4d1d801000, to:0x7f4d1e001000, size:8192 KB]
          cg.C.x-2302  [044]     2.015039: (+17)    bprint:               change_prot_numa: NUMAB SCAN vma[start:0x7f4d1e201000, end:0x7f4d1ea01000, from:0x7f4d1e201000, to:0x7f4d1ea01000, size:8192 KB]
          cg.C.x-2302  [044]     2.015056: (+17)    bprint:               change_prot_numa: NUMAB SCAN vma[start:0x7f4d1ec01000, end:0x7f4d1f401000, from:0x7f4d1ec01000, to:0x7f4d1f401000, size:8192 KB]
          cg.C.x-2302  [044]     2.015072: (+16)    bprint:               change_prot_numa: NUMAB SCAN vma[start:0x7f4d1f601000, end:0x7f4d1fe01000, from:0x7f4d1f601000, to:0x7f4d1fe01000, size:8192 KB]
          cg.C.x-2302  [044]     2.015089: (+17)    bprint:               change_prot_numa: NUMAB SCAN vma[start:0x7f4d20001000, end:0x7f4d20801000, from:0x7f4d20001000, to:0x7f4d20801000, size:8192 KB]
          cg.C.x-2302  [044]     2.015105: (+16)    bprint:               change_prot_numa: NUMAB SCAN vma[start:0x7f4d20a01000, end:0x7f4d21201000, from:0x7f4d20a01000, to:0x7f4d21201000, size:8192 KB]
          cg.C.x-2302  [044]     2.015123: (+18)    bprint:               change_prot_numa: NUMAB SCAN vma[start:0x7f4d21401000, end:0x7f4d21c01000, from:0x7f4d21401000, to:0x7f4d21c01000, size:8192 KB]
          cg.C.x-2302  [044]     2.015140: (+17)    bprint:               change_prot_numa: NUMAB SCAN vma[start:0x7f4d21e01000, end:0x7f4d22601000, from:0x7f4d21e01000, to:0x7f4d22601000, size:8192 KB]
          cg.C.x-2302  [044]     2.015157: (+17)    bprint:               change_prot_numa: NUMAB SCAN vma[start:0x7f4d22801000, end:0x7f4d23001000, from:0x7f4d22801000, to:0x7f4d23001000, size:8192 KB]
          cg.C.x-2302  [044]     2.015174: (+17)    bprint:               change_prot_numa: NUMAB SCAN vma[start:0x7f4d23201000, end:0x7f4d23a01000, from:0x7f4d23201000, to:0x7f4d23a01000, size:8192 KB]
          cg.C.x-2302  [044]     2.015191: (+17)    bprint:               change_prot_numa: NUMAB SCAN vma[start:0x7f4d23c01000, end:0x7f4d24401000, from:0x7f4d23c01000, to:0x7f4d24401000, size:8192 KB]
          cg.C.x-2302  [044]     2.015208: (+17)    bprint:               change_prot_numa: NUMAB SCAN vma[start:0x7f4d24601000, end:0x7f4d24e01000, from:0x7f4d24601000, to:0x7f4d24e01000, size:8192 KB]
          cg.C.x-2302  [044]     2.015225: (+17)    bprint:               change_prot_numa: NUMAB SCAN vma[start:0x7f4d25001000, end:0x7f4d25801000, from:0x7f4d25001000, to:0x7f4d25801000, size:8192 KB]
          cg.C.x-2302  [044]     2.015242: (+17)    bprint:               change_prot_numa: NUMAB SCAN vma[start:0x7f4d25a01000, end:0x7f4d26201000, from:0x7f4d25a01000, to:0x7f4d26201000, size:8192 KB]
          cg.C.x-2302  [044]     2.015259: (+17)    bprint:               change_prot_numa: NUMAB SCAN vma[start:0x7f4d26401000, end:0x7f4d26c01000, from:0x7f4d26401000, to:0x7f4d26c01000, size:8192 KB]
          cg.C.x-2302  [044]     2.015275: (+16)    bprint:               change_prot_numa: NUMAB SCAN vma[start:0x7f4d26e01000, end:0x7f4d27601000, from:0x7f4d26e01000, to:0x7f4d27601000, size:8192 KB]
          cg.C.x-2302  [044]     2.015292: (+17)    bprint:               change_prot_numa: NUMAB SCAN vma[start:0x7f4d27801000, end:0x7f4d28001000, from:0x7f4d27801000, to:0x7f4d28001000, size:8192 KB]
          cg.C.x-2302  [044]     2.015309: (+17)    bprint:               change_prot_numa: NUMAB SCAN vma[start:0x7f4d28201000, end:0x7f4d28a01000, from:0x7f4d28201000, to:0x7f4d28a01000, size:8192 KB]
          cg.C.x-2302  [044]     2.015326: (+17)    bprint:               change_prot_numa: NUMAB SCAN vma[start:0x7f4d28c01000, end:0x7f4d29401000, from:0x7f4d28c01000, to:0x7f4d29401000, size:8192 KB]
          cg.C.x-2302  [044]     2.015343: (+17)    bprint:               change_prot_numa: NUMAB SCAN vma[start:0x7f4d29601000, end:0x7f4d29e01000, from:0x7f4d29601000, to:0x7f4d29e01000, size:8192 KB]
          cg.C.x-2302  [044]     2.015360: (+17)    bprint:               change_prot_numa: NUMAB SCAN vma[start:0x7f4d2a001000, end:0x7f4d2a801000, from:0x7f4d2a001000, to:0x7f4d2a801000, size:8192 KB]
          cg.C.x-2302  [044]     2.015377: (+17)    bprint:               change_prot_numa: NUMAB SCAN vma[start:0x7f4d2aa01000, end:0x7f4d2b201000, from:0x7f4d2aa01000, to:0x7f4d2b201000, size:8192 KB]
          cg.C.x-2302  [044]     2.015394: (+17)    bprint:               change_prot_numa: NUMAB SCAN vma[start:0x7f4d2b401000, end:0x7f4d2bc01000, from:0x7f4d2b401000, to:0x7f4d2bc01000, size:8192 KB]
          cg.C.x-2302  [044]     2.015410: (+16)    bprint:               change_prot_numa: NUMAB SCAN vma[start:0x7f4d2be01000, end:0x7f4d2c601000, from:0x7f4d2be01000, to:0x7f4d2c601000, size:8192 KB]
          cg.C.x-2302  [044]     2.015427: (+17)    bprint:               change_prot_numa: NUMAB SCAN vma[start:0x7f4d2c801000, end:0x7f4d2d001000, from:0x7f4d2c801000, to:0x7f4d2d001000, size:8192 KB]
          cg.C.x-2302  [044]     2.015444: (+17)    bprint:               change_prot_numa: NUMAB SCAN vma[start:0x7f4d2d16c000, end:0x7f4d3faf9000, from:0x7f4d2d16c000, to:0x7f4d2da00000, size:8784 KB]
          cg.C.x-2302  [044]     2.015596: (+152)   bprint:               __handle_mm_fault: NUMAB MEM ACCESS process[nid:0, cpu:44, pid:2302], folio[virt:0x7f4d2d25a000, phys:0x184c144000, pfn:0x184c144, nid:1, npages:1]
          cg.C.x-2302  [044]     2.015598: (+2)     bprint:               __handle_mm_fault: NUMAB TRY MEM MIGR process[nid:0, cpu:44, pid:2302], folio[virt:0x7f4d2d25a000, phys:0x184c144000, nid:1], target_nid:0
          cg.C.x-2302  [044]     2.015612: (+14)    bprint:               migrate_misplaced_folio: NUMAB COMPLETED MEM MIGR process[nid:0, cpu:44, pid:2302], old[phys:0x184c144000, nid:1], new[phys:0x184c144000, nid:1] npages:1/1
          cg.C.x-2278  [012]     2.015620: (+8)     bprint:               __handle_mm_fault: NUMAB MEM ACCESS process[nid:0, cpu:12, pid:2278], folio[virt:0x7f4d1cbff970, phys:0x15289b000, pfn:0x15289b, nid:0, npages:1]
          cg.C.x-2268  [046]     2.015621: (+1)     bprint:               __handle_mm_fault: NUMAB MEM ACCESS process[nid:0, cpu:46, pid:2268], folio[virt:0x7f4d22fff970, phys:0x1546ea000, pfn:0x1546ea, nid:0, npages:1]
          cg.C.x-2272  [016]     2.015621: (+0)     bprint:               __handle_mm_fault: NUMAB MEM ACCESS process[nid:0, cpu:16, pid:2272], folio[virt:0x7f4d207ff970, phys:0x117abc000, pfn:0x117abc, nid:0, npages:1]
          cg.C.x-2266  [010]     2.015621: (+0)     bprint:               __handle_mm_fault: NUMAB MEM ACCESS process[nid:0, cpu:10, pid:2266], folio[virt:0x7f4d243ff970, phys:0x1b1e86000, pfn:0x1b1e86, nid:0, npages:1]
          cg.C.x-2274  [030]     2.015621: (+0)     bprint:               __handle_mm_fault: NUMAB MEM ACCESS process[nid:0, cpu:30, pid:2274], folio[virt:0x7f4d1f3ff970, phys:0x1559d4000, pfn:0x1559d4, nid:0, npages:1]
          cg.C.x-2256  [022]     2.015621: (+0)     bprint:               __handle_mm_fault: NUMAB MEM ACCESS process[nid:0, cpu:22, pid:2256], folio[virt:0x7f4d2a7ff970, phys:0x1e10c6000, pfn:0x1e10c6, nid:0, npages:1]
          cg.C.x-2254  [032]     2.015622: (+1)     bprint:               __handle_mm_fault: NUMAB MEM ACCESS process[nid:0, cpu:32, pid:2254], folio[virt:0x7f4d2bbff970, phys:0x1e089d000, pfn:0x1e089d, nid:0, npages:1]
          cg.C.x-2260  [004]     2.015622: (+0)     bprint:               __handle_mm_fault: NUMAB MEM ACCESS process[nid:0, cpu:4, pid:2260], folio[virt:0x7f4d27fff970, phys:0x1158ad000, pfn:0x1158ad, nid:0, npages:1]
          cg.C.x-2262  [006]     2.015622: (+0)     bprint:               __handle_mm_fault: NUMAB MEM ACCESS process[nid:0, cpu:6, pid:2262], folio[virt:0x7f4d26bff970, phys:0x12413e000, pfn:0x12413e, nid:0, npages:1]
          cg.C.x-2258  [034]     2.015622: (+0)     bprint:               __handle_mm_fault: NUMAB MEM ACCESS process[nid:0, cpu:34, pid:2258], folio[virt:0x7f4d293ff970, phys:0x1843cd000, pfn:0x1843cd, nid:0, npages:1]
          cg.C.x-2280  [024]     2.015622: (+0)     bprint:               __handle_mm_fault: NUMAB MEM ACCESS process[nid:0, cpu:24, pid:2280], folio[virt:0x7f4d1b7ff970, phys:0x116d4c000, pfn:0x116d4c, nid:0, npages:1]
          cg.C.x-2257  [058]     2.015622: (+0)     bprint:               __handle_mm_fault: NUMAB MEM ACCESS process[nid:0, cpu:58, pid:2257], folio[virt:0x7f4d29dff970, phys:0x155419000, pfn:0x155419, nid:0, npages:1]
          cg.C.x-2264  [008]     2.015623: (+1)     bprint:               __handle_mm_fault: NUMAB MEM ACCESS process[nid:0, cpu:8, pid:2264], folio[virt:0x7f4d257ff970, phys:0x183fe71000, pfn:0x183fe71, nid:0, npages:1]
          cg.C.x-2282  [060]     2.015623: (+0)     bprint:               __handle_mm_fault: NUMAB MEM ACCESS process[nid:0, cpu:60, pid:2282], folio[virt:0x7f4d1a3ff970, phys:0x15540f000, pfn:0x15540f, nid:0, npages:1]
          cg.C.x-2276  [052]     2.015623: (+0)     bprint:               __handle_mm_fault: NUMAB MEM ACCESS process[nid:0, cpu:52, pid:2276], folio[virt:0x7f4d1dfff970, phys:0x1174c1000, pfn:0x1174c1, nid:0, npages:1]
          cg.C.x-2271  [035]     2.015623: (+0)     bprint:               __handle_mm_fault: NUMAB MEM ACCESS process[nid:1, cpu:35, pid:2271], folio[virt:0x7f4d211ff970, phys:0x184d1f3000, pfn:0x184d1f3, nid:1, npages:1]
          cg.C.x-2263  [057]     2.015623: (+0)     bprint:               __handle_mm_fault: NUMAB MEM ACCESS process[nid:1, cpu:57, pid:2263], folio[virt:0x7f4d261ff970, phys:0x1854f2b000, pfn:0x1854f2b, nid:1, npages:1]
          cg.C.x-2270  [050]     2.015623: (+0)     bprint:               __handle_mm_fault: NUMAB MEM ACCESS process[nid:0, cpu:50, pid:2270], folio[virt:0x7f4d21bff970, phys:0x1e1159000, pfn:0x1e1159, nid:0, npages:1]
          cg.C.x-2269  [063]     2.015623: (+0)     bprint:               __handle_mm_fault: NUMAB MEM ACCESS process[nid:1, cpu:63, pid:2269], folio[virt:0x7f4d225ff970, phys:0x184cc24000, pfn:0x184cc24, nid:1, npages:1]
          cg.C.x-2277  [023]     2.015623: (+0)     bprint:               __handle_mm_fault: NUMAB MEM ACCESS process[nid:1, cpu:23, pid:2277], folio[virt:0x7f4d1d5ff970, phys:0x184d2db000, pfn:0x184d2db, nid:1, npages:1]
          cg.C.x-2259  [019]     2.015623: (+0)     bprint:               __handle_mm_fault: NUMAB MEM ACCESS process[nid:1, cpu:19, pid:2259], folio[virt:0x7f4d289ff970, phys:0x184d130000, pfn:0x184d130, nid:1, npages:1]
          cg.C.x-2265  [027]     2.015623: (+0)     bprint:               __handle_mm_fault: NUMAB MEM ACCESS process[nid:1, cpu:27, pid:2265], folio[virt:0x7f4d24dff970, phys:0x1861372000, pfn:0x1861372, nid:1, npages:1]
          cg.C.x-2279  [015]     2.015623: (+0)     bprint:               __handle_mm_fault: NUMAB MEM ACCESS process[nid:1, cpu:15, pid:2279], folio[virt:0x7f4d1c1ff970, phys:0x1862f27000, pfn:0x1862f27, nid:1, npages:1]
          cg.C.x-2255  [049]     2.015623: (+0)     bprint:               __handle_mm_fault: NUMAB MEM ACCESS process[nid:1, cpu:49, pid:2255], folio[virt:0x7f4d2b1ff970, phys:0x1851834000, pfn:0x1851834, nid:1, npages:1]
          cg.C.x-2261  [021]     2.015623: (+0)     bprint:               __handle_mm_fault: NUMAB MEM ACCESS process[nid:1, cpu:21, pid:2261], folio[virt:0x7f4d275ff970, phys:0x18620fc000, pfn:0x18620fc, nid:1, npages:1]
          cg.C.x-2253  [045]     2.015623: (+0)     bprint:               __handle_mm_fault: NUMAB MEM ACCESS process[nid:1, cpu:45, pid:2253], folio[virt:0x7f4d2c5ff970, phys:0x184d571000, pfn:0x184d571, nid:1, npages:1]
          cg.C.x-2267  [061]     2.015623: (+0)     bprint:               __handle_mm_fault: NUMAB MEM ACCESS process[nid:1, cpu:61, pid:2267], folio[virt:0x7f4d239ff970, phys:0x184d482000, pfn:0x184d482, nid:1, npages:1]
          cg.C.x-2273  [037]     2.015623: (+0)     bprint:               __handle_mm_fault: NUMAB MEM ACCESS process[nid:1, cpu:37, pid:2273], folio[virt:0x7f4d1fdff970, phys:0x18532c3000, pfn:0x18532c3, nid:1, npages:1]
          cg.C.x-2275  [001]     2.015623: (+0)     bprint:               __handle_mm_fault: NUMAB MEM ACCESS process[nid:1, cpu:1, pid:2275], folio[virt:0x7f4d1e9ff970, phys:0x184ece1000, pfn:0x184ece1, nid:1, npages:1]
          cg.C.x-2252  [011]     2.015623: (+0)     bprint:               __handle_mm_fault: NUMAB MEM ACCESS process[nid:1, cpu:11, pid:2252], folio[virt:0x7f4d2cfff970, phys:0x184da04000, pfn:0x184da04, nid:1, npages:1]
          cg.C.x-2281  [009]     2.015623: (+0)     bprint:               __handle_mm_fault: NUMAB MEM ACCESS process[nid:1, cpu:9, pid:2281], folio[virt:0x7f4d1adff970, phys:0x18516a5000, pfn:0x18516a5, nid:1, npages:1]
          cg.C.x-2283  [039]     2.015623: (+0)     bprint:               __handle_mm_fault: NUMAB MEM ACCESS process[nid:1, cpu:39, pid:2283], folio[virt:0x7f4d19a00220, phys:0x18650c1000, pfn:0x18650c1, nid:1, npages:1]
          cg.C.x-2278  [012]     2.015625: (+2)     bprint:               __handle_mm_fault: NUMAB MEM ACCESS process[nid:0, cpu:12, pid:2278], folio[virt:0x7f4d1cc00220, phys:0x18521d1000, pfn:0x18521d1, nid:1, npages:1]
          cg.C.x-2278  [012]     2.015626: (+1)     bprint:               __handle_mm_fault: NUMAB TRY MEM MIGR process[nid:0, cpu:12, pid:2278], folio[virt:0x7f4d1cc00220, phys:0x18521d1000, nid:1], target_nid:0
          cg.C.x-2268  [046]     2.015627: (+1)     bprint:               __handle_mm_fault: NUMAB MEM ACCESS process[nid:0, cpu:46, pid:2268], folio[virt:0x7f4d23000220, phys:0x184c1d8000, pfn:0x184c1d8, nid:1, npages:1]
          cg.C.x-2262  [006]     2.015627: (+0)     bprint:               __handle_mm_fault: NUMAB MEM ACCESS process[nid:0, cpu:6, pid:2262], folio[virt:0x7f4d26c00220, phys:0x1855970000, pfn:0x1855970, nid:1, npages:1]
          cg.C.x-2260  [004]     2.015627: (+0)     bprint:               __handle_mm_fault: NUMAB MEM ACCESS process[nid:0, cpu:4, pid:2260], folio[virt:0x7f4d28000220, phys:0x1854fe5000, pfn:0x1854fe5, nid:1, npages:1]
          cg.C.x-2272  [016]     2.015627: (+0)     bprint:               __handle_mm_fault: NUMAB MEM ACCESS process[nid:0, cpu:16, pid:2272], folio[virt:0x7f4d20800220, phys:0x184eeec000, pfn:0x184eeec, nid:1, npages:1]
          cg.C.x-2258  [034]     2.015627: (+0)     bprint:               __handle_mm_fault: NUMAB MEM ACCESS process[nid:0, cpu:34, pid:2258], folio[virt:0x7f4d29400220, phys:0x1851f19000, pfn:0x1851f19, nid:1, npages:1]
          cg.C.x-2266  [010]     2.015627: (+0)     bprint:               __handle_mm_fault: NUMAB MEM ACCESS process[nid:0, cpu:10, pid:2266], folio[virt:0x7f4d24400220, phys:0x1853220000, pfn:0x1853220, nid:1, npages:1]
          cg.C.x-2274  [030]     2.015627: (+0)     bprint:               __handle_mm_fault: NUMAB MEM ACCESS process[nid:0, cpu:30, pid:2274], folio[virt:0x7f4d1f400220, phys:0x184d8e1000, pfn:0x184d8e1, nid:1, npages:1]
          cg.C.x-2280  [024]     2.015627: (+0)     bprint:               __handle_mm_fault: NUMAB MEM ACCESS process[nid:0, cpu:24, pid:2280], folio[virt:0x7f4d1b800220, phys:0x18521da000, pfn:0x18521da, nid:1, npages:1]
          cg.C.x-2256  [022]     2.015627: (+0)     bprint:               __handle_mm_fault: NUMAB MEM ACCESS process[nid:0, cpu:22, pid:2256], folio[virt:0x7f4d2a800220, phys:0x1854fd7000, pfn:0x1854fd7, nid:1, npages:1]
          cg.C.x-2282  [060]     2.015627: (+0)     bprint:               __handle_mm_fault: NUMAB MEM ACCESS process[nid:0, cpu:60, pid:2282], folio[virt:0x7f4d1a400220, phys:0x1850b19000, pfn:0x1850b19, nid:1, npages:1]
          cg.C.x-2254  [032]     2.015627: (+0)     bprint:               __handle_mm_fault: NUMAB MEM ACCESS process[nid:0, cpu:32, pid:2254], folio[virt:0x7f4d2bc00220, phys:0x1852247000, pfn:0x1852247, nid:1, npages:1]
          cg.C.x-2268  [046]     2.015628: (+1)     bprint:               __handle_mm_fault: NUMAB TRY MEM MIGR process[nid:0, cpu:46, pid:2268], folio[virt:0x7f4d23000220, phys:0x184c1d8000, nid:1], target_nid:0
          cg.C.x-2272  [016]     2.015628: (+0)     bprint:               __handle_mm_fault: NUMAB TRY MEM MIGR process[nid:0, cpu:16, pid:2272], folio[virt:0x7f4d20800220, phys:0x184eeec000, nid:1], target_nid:0
          cg.C.x-2262  [006]     2.015628: (+0)     bprint:               __handle_mm_fault: NUMAB TRY MEM MIGR process[nid:0, cpu:6, pid:2262], folio[virt:0x7f4d26c00220, phys:0x1855970000, nid:1], target_nid:0
          cg.C.x-2260  [004]     2.015628: (+0)     bprint:               __handle_mm_fault: NUMAB TRY MEM MIGR process[nid:0, cpu:4, pid:2260], folio[virt:0x7f4d28000220, phys:0x1854fe5000, nid:1], target_nid:0
          cg.C.x-2258  [034]     2.015628: (+0)     bprint:               __handle_mm_fault: NUMAB TRY MEM MIGR process[nid:0, cpu:34, pid:2258], folio[virt:0x7f4d29400220, phys:0x1851f19000, nid:1], target_nid:0
          cg.C.x-2274  [030]     2.015628: (+0)     bprint:               __handle_mm_fault: NUMAB TRY MEM MIGR process[nid:0, cpu:30, pid:2274], folio[virt:0x7f4d1f400220, phys:0x184d8e1000, nid:1], target_nid:0
          cg.C.x-2266  [010]     2.015628: (+0)     bprint:               __handle_mm_fault: NUMAB TRY MEM MIGR process[nid:0, cpu:10, pid:2266], folio[virt:0x7f4d24400220, phys:0x1853220000, nid:1], target_nid:0
          cg.C.x-2264  [008]     2.015628: (+0)     bprint:               __handle_mm_fault: NUMAB MEM ACCESS process[nid:0, cpu:8, pid:2264], folio[virt:0x7f4d25800220, phys:0x184c1e8000, pfn:0x184c1e8, nid:1, npages:1]
          cg.C.x-2276  [052]     2.015628: (+0)     bprint:               __handle_mm_fault: NUMAB MEM ACCESS process[nid:0, cpu:52, pid:2276], folio[virt:0x7f4d1e000220, phys:0x1853cd7000, pfn:0x1853cd7, nid:1, npages:1]
          cg.C.x-2280  [024]     2.015628: (+0)     bprint:               __handle_mm_fault: NUMAB TRY MEM MIGR process[nid:0, cpu:24, pid:2280], folio[virt:0x7f4d1b800220, phys:0x18521da000, nid:1], target_nid:0
          cg.C.x-2257  [058]     2.015628: (+0)     bprint:               __handle_mm_fault: NUMAB MEM ACCESS process[nid:0, cpu:58, pid:2257], folio[virt:0x7f4d29e00220, phys:0x1851f20000, pfn:0x1851f20, nid:1, npages:1]
          cg.C.x-2256  [022]     2.015628: (+0)     bprint:               __handle_mm_fault: NUMAB TRY MEM MIGR process[nid:0, cpu:22, pid:2256], folio[virt:0x7f4d2a800220, phys:0x1854fd7000, nid:1], target_nid:0
          cg.C.x-2254  [032]     2.015628: (+0)     bprint:               __handle_mm_fault: NUMAB TRY MEM MIGR process[nid:0, cpu:32, pid:2254], folio[virt:0x7f4d2bc00220, phys:0x1852247000, nid:1], target_nid:0
          cg.C.x-2282  [060]     2.015628: (+0)     bprint:               __handle_mm_fault: NUMAB TRY MEM MIGR process[nid:0, cpu:60, pid:2282], folio[virt:0x7f4d1a400220, phys:0x1850b19000, nid:1], target_nid:0
          cg.C.x-2270  [050]     2.015628: (+0)     bprint:               __handle_mm_fault: NUMAB MEM ACCESS process[nid:0, cpu:50, pid:2270], folio[virt:0x7f4d21c00220, phys:0x1861350000, pfn:0x1861350, nid:1, npages:1]
          cg.C.x-2264  [008]     2.015629: (+1)     bprint:               __handle_mm_fault: NUMAB TRY MEM MIGR process[nid:0, cpu:8, pid:2264], folio[virt:0x7f4d25800220, phys:0x184c1e8000, nid:1], target_nid:0
          cg.C.x-2276  [052]     2.015629: (+0)     bprint:               __handle_mm_fault: NUMAB TRY MEM MIGR process[nid:0, cpu:52, pid:2276], folio[virt:0x7f4d1e000220, phys:0x1853cd7000, nid:1], target_nid:0
          cg.C.x-2257  [058]     2.015629: (+0)     bprint:               __handle_mm_fault: NUMAB TRY MEM MIGR process[nid:0, cpu:58, pid:2257], folio[virt:0x7f4d29e00220, phys:0x1851f20000, nid:1], target_nid:0
          cg.C.x-2267  [061]     2.015629: (+0)     bprint:               __handle_mm_fault: NUMAB MEM ACCESS process[nid:1, cpu:61, pid:2267], folio[virt:0x7f4d23a00220, phys:0x184c209000, pfn:0x184c209, nid:1, npages:1]
          cg.C.x-2261  [021]     2.015629: (+0)     bprint:               __handle_mm_fault: NUMAB MEM ACCESS process[nid:1, cpu:21, pid:2261], folio[virt:0x7f4d27600220, phys:0x1851f0a000, pfn:0x1851f0a, nid:1, npages:1]
          cg.C.x-2273  [037]     2.015629: (+0)     bprint:               __handle_mm_fault: NUMAB MEM ACCESS process[nid:1, cpu:37, pid:2273], folio[virt:0x7f4d1fe00220, phys:0x18600bb000, pfn:0x18600bb, nid:1, npages:1]
          cg.C.x-2259  [019]     2.015629: (+0)     bprint:               __handle_mm_fault: NUMAB MEM ACCESS process[nid:1, cpu:19, pid:2259], folio[virt:0x7f4d28a00220, phys:0x185168e000, pfn:0x185168e, nid:1, npages:1]
          cg.C.x-2270  [050]     2.015629: (+0)     bprint:               __handle_mm_fault: NUMAB TRY MEM MIGR process[nid:0, cpu:50, pid:2270], folio[virt:0x7f4d21c00220, phys:0x1861350000, nid:1], target_nid:0
          cg.C.x-2265  [027]     2.015630: (+1)     bprint:               __handle_mm_fault: NUMAB MEM ACCESS process[nid:1, cpu:27, pid:2265], folio[virt:0x7f4d24e00220, phys:0x186131f000, pfn:0x186131f, nid:1, npages:1]
          cg.C.x-2277  [023]     2.015630: (+0)     bprint:               __handle_mm_fault: NUMAB MEM ACCESS process[nid:1, cpu:23, pid:2277], folio[virt:0x7f4d1d600220, phys:0x1853ce2000, pfn:0x1853ce2, nid:1, npages:1]
          cg.C.x-2252  [011]     2.015630: (+0)     bprint:               __handle_mm_fault: NUMAB MEM ACCESS process[nid:1, cpu:11, pid:2252], folio[virt:0x7f4d2d000220, phys:0x1864033000, pfn:0x1864033, nid:1, npages:1]
          cg.C.x-2253  [045]     2.015630: (+0)     bprint:               __handle_mm_fault: NUMAB MEM ACCESS process[nid:1, cpu:45, pid:2253], folio[virt:0x7f4d2c600220, phys:0x1861112000, pfn:0x1861112, nid:1, npages:1]
          cg.C.x-2275  [001]     2.015630: (+0)     bprint:               __handle_mm_fault: NUMAB MEM ACCESS process[nid:1, cpu:1, pid:2275], folio[virt:0x7f4d1ea00220, phys:0x18613ea000, pfn:0x18613ea, nid:1, npages:1]
          cg.C.x-2263  [057]     2.015630: (+0)     bprint:               __handle_mm_fault: NUMAB MEM ACCESS process[nid:1, cpu:57, pid:2263], folio[virt:0x7f4d26200220, phys:0x18500c7000, pfn:0x18500c7, nid:1, npages:1]
          cg.C.x-2279  [015]     2.015630: (+0)     bprint:               __handle_mm_fault: NUMAB MEM ACCESS process[nid:1, cpu:15, pid:2279], folio[virt:0x7f4d1c200220, phys:0x18521d5000, pfn:0x18521d5, nid:1, npages:1]
          cg.C.x-2271  [035]     2.015630: (+0)     bprint:               __handle_mm_fault: NUMAB MEM ACCESS process[nid:1, cpu:35, pid:2271], folio[virt:0x7f4d21200220, phys:0x184ef05000, pfn:0x184ef05, nid:1, npages:1]
          cg.C.x-2269  [063]     2.015630: (+0)     bprint:               __handle_mm_fault: NUMAB MEM ACCESS process[nid:1, cpu:63, pid:2269], folio[virt:0x7f4d22600220, phys:0x185321d000, pfn:0x185321d, nid:1, npages:1]
          cg.C.x-2255  [049]     2.015630: (+0)     bprint:               __handle_mm_fault: NUMAB MEM ACCESS process[nid:1, cpu:49, pid:2255], folio[virt:0x7f4d2b200220, phys:0x1862b78000, pfn:0x1862b78, nid:1, npages:1]
          cg.C.x-2281  [009]     2.015630: (+0)     bprint:               __handle_mm_fault: NUMAB MEM ACCESS process[nid:1, cpu:9, pid:2281], folio[virt:0x7f4d1ae00220, phys:0x303f224000, pfn:0x303f224, nid:1, npages:1]
          cg.C.x-2278  [012]     2.015632: (+2)     bprint:               migrate_misplaced_folio: NUMAB COMPLETED MEM MIGR process[nid:0, cpu:12, pid:2278], old[phys:0x18521d1000, nid:1], new[phys:0x18521d1000, nid:1] npages:1/1
          cg.C.x-2268  [046]     2.015638: (+6)     bprint:               migrate_misplaced_folio: NUMAB COMPLETED MEM MIGR process[nid:0, cpu:46, pid:2268], old[phys:0x184c1d8000, nid:1], new[phys:0x184c1d8000, nid:1] npages:1/1
          cg.C.x-2280  [024]     2.015638: (+0)     bprint:               migrate_misplaced_folio: NUMAB COMPLETED MEM MIGR process[nid:0, cpu:24, pid:2280], old[phys:0x18521da000, nid:1], new[phys:0x18521da000, nid:1] npages:1/1
          cg.C.x-2260  [004]     2.015638: (+0)     bprint:               migrate_misplaced_folio: NUMAB COMPLETED MEM MIGR process[nid:0, cpu:4, pid:2260], old[phys:0x1854fe5000, nid:1], new[phys:0x1854fe5000, nid:1] npages:1/1
          cg.C.x-2272  [016]     2.015638: (+0)     bprint:               migrate_misplaced_folio: NUMAB COMPLETED MEM MIGR process[nid:0, cpu:16, pid:2272], old[phys:0x184eeec000, nid:1], new[phys:0x184eeec000, nid:1] npages:1/1
          cg.C.x-2274  [030]     2.015638: (+0)     bprint:               migrate_misplaced_folio: NUMAB COMPLETED MEM MIGR process[nid:0, cpu:30, pid:2274], old[phys:0x184d8e1000, nid:1], new[phys:0x184d8e1000, nid:1] npages:1/1
          cg.C.x-2254  [032]     2.015639: (+1)     bprint:               migrate_misplaced_folio: NUMAB COMPLETED MEM MIGR process[nid:0, cpu:32, pid:2254], old[phys:0x1852247000, nid:1], new[phys:0x1852247000, nid:1] npages:1/1
          cg.C.x-2262  [006]     2.015640: (+1)     bprint:               migrate_misplaced_folio: NUMAB COMPLETED MEM MIGR process[nid:0, cpu:6, pid:2262], old[phys:0x1855970000, nid:1], new[phys:0x1855970000, nid:1] npages:1/1
          cg.C.x-2282  [060]     2.015641: (+1)     bprint:               migrate_misplaced_folio: NUMAB COMPLETED MEM MIGR process[nid:0, cpu:60, pid:2282], old[phys:0x1850b19000, nid:1], new[phys:0x1850b19000, nid:1] npages:1/1
          cg.C.x-2258  [034]     2.015641: (+0)     bprint:               migrate_misplaced_folio: NUMAB COMPLETED MEM MIGR process[nid:0, cpu:34, pid:2258], old[phys:0x1851f19000, nid:1], new[phys:0x1851f19000, nid:1] npages:1/1
          cg.C.x-2266  [010]     2.015642: (+1)     bprint:               migrate_misplaced_folio: NUMAB COMPLETED MEM MIGR process[nid:0, cpu:10, pid:2266], old[phys:0x1853220000, nid:1], new[phys:0x1853220000, nid:1] npages:1/1
          cg.C.x-2256  [022]     2.015642: (+0)     bprint:               migrate_misplaced_folio: NUMAB COMPLETED MEM MIGR process[nid:0, cpu:22, pid:2256], old[phys:0x1854fd7000, nid:1], new[phys:0x1854fd7000, nid:1] npages:1/1
          cg.C.x-2276  [052]     2.015643: (+1)     bprint:               migrate_misplaced_folio: NUMAB COMPLETED MEM MIGR process[nid:0, cpu:52, pid:2276], old[phys:0x1853cd7000, nid:1], new[phys:0x1853cd7000, nid:1] npages:1/1
          cg.C.x-2257  [058]     2.015644: (+1)     bprint:               migrate_misplaced_folio: NUMAB COMPLETED MEM MIGR process[nid:0, cpu:58, pid:2257], old[phys:0x1851f20000, nid:1], new[phys:0x1851f20000, nid:1] npages:1/1
          cg.C.x-2264  [008]     2.015644: (+0)     bprint:               migrate_misplaced_folio: NUMAB COMPLETED MEM MIGR process[nid:0, cpu:8, pid:2264], old[phys:0x184c1e8000, nid:1], new[phys:0x184c1e8000, nid:1] npages:1/1
          cg.C.x-2270  [050]     2.015645: (+1)     bprint:               migrate_misplaced_folio: NUMAB COMPLETED MEM MIGR process[nid:0, cpu:50, pid:2270], old[phys:0x1861350000, nid:1], new[phys:0x1861350000, nid:1] npages:1/1
          cg.C.x-2255  [049]     2.015650: (+5)     bprint:               __handle_mm_fault: NUMAB MEM ACCESS process[nid:1, cpu:49, pid:2255], folio[virt:0x7f4d2d3b67a0, phys:0x18604be000, pfn:0x18604be, nid:1, npages:1]
          cg.C.x-2259  [019]     2.015651: (+1)     bprint:               __handle_mm_fault: NUMAB MEM ACCESS process[nid:1, cpu:19, pid:2259], folio[virt:0x7f4d2d3c9988, phys:0x18630f9000, pfn:0x18630f9, nid:1, npages:1]
          cg.C.x-2275  [001]     2.015657: (+6)     bprint:               __handle_mm_fault: NUMAB MEM ACCESS process[nid:1, cpu:1, pid:2275], folio[virt:0x7f4d2d3c4400, phys:0x1e0835000, pfn:0x1e0835, nid:0, npages:1]
          cg.C.x-2275  [001]     2.015659: (+2)     bprint:               __handle_mm_fault: NUMAB TRY MEM MIGR process[nid:1, cpu:1, pid:2275], folio[virt:0x7f4d2d3c4400, phys:0x1e0835000, nid:0], target_nid:1
