          cg.C.x-2256  [002]     0.907797: (+3)     sched_wakeup:         kcompactd0:469 [120] CPU:002
          cg.C.x-2265  [025]     0.907802: (+5)     sched_switch:         cg.C.x:2265 [120] R ==> kworker/25:1:715 [120]
    kworker/25:1-715   [025]     0.907815: (+13)    sched_switch:         kworker/25:1:715 [120] I ==> cg.C.x:2265 [120]
          cg.C.x-2256  [002]     0.911794: (+3979)  sched_switch:         cg.C.x:2256 [120] R ==> kcompactd0:469 [120]
          cg.C.x-2247  [005]     0.911796: (+2)     sched_switch:         cg.C.x:2247 [120] R ==> kcompactd1:470 [120]
      kcompactd1-470   [005]     0.911804: (+8)     sched_switch:         kcompactd1:470 [120] S ==> cg.C.x:2247 [120]
      kcompactd0-469   [002]     0.911807: (+3)     sched_switch:         kcompactd0:469 [120] S ==> cg.C.x:2256 [120]
          cg.C.x-2278  [022]     0.939805: (+27998) sched_waking:         comm=kworker/22:1 pid=489 prio=120 target_cpu=022
          cg.C.x-2261  [021]     0.939805: (+0)     sched_waking:         comm=kworker/21:1 pid=717 prio=120 target_cpu=021
          cg.C.x-2273  [023]     0.939806: (+1)     sched_waking:         comm=kworker/23:2 pid=1801 prio=120 target_cpu=023
          cg.C.x-2278  [022]     0.939814: (+8)     sched_wakeup:         kworker/22:1:489 [120] CPU:022
          cg.C.x-2261  [021]     0.939814: (+0)     sched_wakeup:         kworker/21:1:717 [120] CPU:021
          cg.C.x-2273  [023]     0.939814: (+0)     sched_wakeup:         kworker/23:2:1801 [120] CPU:023
          cg.C.x-2278  [022]     0.939821: (+7)     sched_switch:         cg.C.x:2278 [120] R ==> kworker/22:1:489 [120]
          cg.C.x-2273  [023]     0.939821: (+0)     sched_switch:         cg.C.x:2273 [120] R ==> kworker/23:2:1801 [120]
          cg.C.x-2261  [021]     0.939821: (+0)     sched_switch:         cg.C.x:2261 [120] R ==> kworker/21:1:717 [120]
    kworker/21:1-717   [021]     0.939834: (+13)    sched_switch:         kworker/21:1:717 [120] I ==> cg.C.x:2261 [120]
    kworker/22:1-489   [022]     0.939838: (+4)     sched_switch:         kworker/22:1:489 [120] I ==> cg.C.x:2278 [120]
    kworker/23:2-1801  [023]     0.939847: (+9)     sched_switch:         kworker/23:2:1801 [120] I ==> cg.C.x:2273 [120]
          cg.C.x-2266  [020]     0.967820: (+27973) sched_waking:         comm=kworker/20:1 pid=722 prio=120 target_cpu=020
          cg.C.x-2266  [020]     0.967831: (+11)    sched_wakeup:         kworker/20:1:722 [120] CPU:020
          cg.C.x-2266  [020]     0.967841: (+10)    sched_switch:         cg.C.x:2266 [120] R ==> kworker/20:1:722 [120]
    kworker/20:1-722   [020]     0.967858: (+17)    sched_switch:         kworker/20:1:722 [120] I ==> cg.C.x:2266 [120]
          cg.C.x-2221  [043]     0.971327: (+3469)  sched_waking:         comm=kworker/u130:12 pid=430 prio=120 target_cpu=043
          cg.C.x-2221  [043]     0.971334: (+7)     sched_wakeup:         kworker/u130:12:430 [120] CPU:043
          cg.C.x-2221  [043]     0.971340: (+6)     sched_switch:         cg.C.x:2221 [120] R ==> kworker/u130:12:430 [120]
 kworker/u130:12-430   [043]     0.971345: (+5)     sched_waking:         comm=sshd pid=1967 prio=120 target_cpu=043
 kworker/u130:12-430   [043]     0.971348: (+3)     sched_wakeup:         sshd:1967 [120] CPU:043
 kworker/u130:12-430   [043]     0.971351: (+3)     sched_switch:         kworker/u130:12:430 [120] I ==> sshd:1967 [120]
            sshd-1967  [043]     0.971437: (+86)    sched_switch:         sshd:1967 [120] S ==> cg.C.x:2221 [120]
          cg.C.x-2221  [043]     0.971439: (+2)     sched_waking:         comm=kworker/u130:12 pid=430 prio=120 target_cpu=043
          cg.C.x-2221  [043]     0.971440: (+1)     sched_wakeup:         kworker/u130:12:430 [120] CPU:043
          cg.C.x-2221  [043]     0.971442: (+2)     sched_switch:         cg.C.x:2221 [120] R ==> kworker/u130:12:430 [120]
 kworker/u130:12-430   [043]     0.971443: (+1)     sched_waking:         comm=sshd pid=1967 prio=120 target_cpu=043
 kworker/u130:12-430   [043]     0.971444: (+1)     sched_wakeup:         sshd:1967 [120] CPU:043
 kworker/u130:12-430   [043]     0.971446: (+2)     sched_switch:         kworker/u130:12:430 [120] I ==> sshd:1967 [120]
            sshd-1967  [043]     0.971469: (+23)    sched_switch:         sshd:1967 [120] S ==> cg.C.x:2221 [120]
          cg.C.x-2259  [019]     0.971819: (+350)   sched_waking:         comm=kworker/19:1 pid=716 prio=120 target_cpu=019
          cg.C.x-2259  [019]     0.971824: (+5)     sched_wakeup:         kworker/19:1:716 [120] CPU:019
          cg.C.x-2259  [019]     0.971828: (+4)     sched_switch:         cg.C.x:2259 [120] R ==> kworker/19:1:716 [120]
    kworker/19:1-716   [019]     0.971840: (+12)    sched_switch:         kworker/19:1:716 [120] I ==> cg.C.x:2259 [120]
          cg.C.x-2236  [016]     1.003836: (+31996) sched_waking:         comm=kworker/16:1 pid=696 prio=120 target_cpu=016
          cg.C.x-2238  [018]     1.003836: (+0)     sched_waking:         comm=kworker/18:1 pid=708 prio=120 target_cpu=018
          cg.C.x-2251  [017]     1.003838: (+2)     sched_waking:         comm=kworker/17:1 pid=480 prio=120 target_cpu=017
          cg.C.x-2251  [017]     1.003845: (+7)     sched_wakeup:         kworker/17:1:480 [120] CPU:017
          cg.C.x-2238  [018]     1.003845: (+0)     sched_wakeup:         kworker/18:1:708 [120] CPU:018
          cg.C.x-2236  [016]     1.003845: (+0)     sched_wakeup:         kworker/16:1:696 [120] CPU:016
          cg.C.x-2251  [017]     1.003851: (+6)     sched_switch:         cg.C.x:2251 [120] R ==> kworker/17:1:480 [120]
          cg.C.x-2238  [018]     1.003852: (+1)     sched_switch:         cg.C.x:2238 [120] R ==> kworker/18:1:708 [120]
          cg.C.x-2236  [016]     1.003852: (+0)     sched_switch:         cg.C.x:2236 [120] R ==> kworker/16:1:696 [120]
    kworker/17:1-480   [017]     1.003862: (+10)    sched_switch:         kworker/17:1:480 [120] I ==> cg.C.x:2251 [120]
    kworker/18:1-708   [018]     1.003864: (+2)     sched_switch:         kworker/18:1:708 [120] I ==> cg.C.x:2238 [120]
    kworker/16:1-696   [016]     1.003864: (+0)     sched_switch:         kworker/16:1:696 [120] I ==> cg.C.x:2236 [120]
          cg.C.x-2279  [007]     1.015847: (+11983) bprint:               change_prot_numa: NUMAB SCAN vma[start:0x55f5c1c6b000, end:0x55f5c1c6c000, from:0x55f5c1c6b000, to:0x55f5c1c6c000, size:4 KB]
          cg.C.x-2279  [007]     1.015874: (+27)    bprint:               change_prot_numa: NUMAB SCAN vma[start:0x55f5c1c6c000, end:0x55f5c1c6d000, from:0x55f5c1c6c000, to:0x55f5c1c6d000, size:4 KB]
          cg.C.x-2279  [007]     1.015891: (+17)    bprint:               change_prot_numa: NUMAB SCAN vma[start:0x55f5c22c1000, end:0x55f5c22e2000, from:0x55f5c22c1000, to:0x55f5c22e2000, size:132 KB]
          cg.C.x-2279  [007]     1.015917: (+26)    bprint:               change_prot_numa: NUMAB SCAN vma[start:0x7fd397a01000, end:0x7fd398201000, from:0x7fd397a01000, to:0x7fd398201000, size:8192 KB]
          cg.C.x-2279  [007]     1.015938: (+21)    bprint:               change_prot_numa: NUMAB SCAN vma[start:0x7fd398401000, end:0x7fd398c01000, from:0x7fd398401000, to:0x7fd398c01000, size:8192 KB]
          cg.C.x-2279  [007]     1.015957: (+19)    bprint:               change_prot_numa: NUMAB SCAN vma[start:0x7fd398e01000, end:0x7fd399601000, from:0x7fd398e01000, to:0x7fd399601000, size:8192 KB]
          cg.C.x-2279  [007]     1.015978: (+21)    bprint:               change_prot_numa: NUMAB SCAN vma[start:0x7fd399801000, end:0x7fd39a001000, from:0x7fd399801000, to:0x7fd39a001000, size:8192 KB]
          cg.C.x-2279  [007]     1.015997: (+19)    bprint:               change_prot_numa: NUMAB SCAN vma[start:0x7fd39a201000, end:0x7fd39aa01000, from:0x7fd39a201000, to:0x7fd39aa01000, size:8192 KB]
          cg.C.x-2279  [007]     1.016018: (+21)    bprint:               change_prot_numa: NUMAB SCAN vma[start:0x7fd39ac01000, end:0x7fd39b401000, from:0x7fd39ac01000, to:0x7fd39b401000, size:8192 KB]
          cg.C.x-2279  [007]     1.016037: (+19)    bprint:               change_prot_numa: NUMAB SCAN vma[start:0x7fd39b601000, end:0x7fd39be01000, from:0x7fd39b601000, to:0x7fd39be01000, size:8192 KB]
          cg.C.x-2279  [007]     1.016057: (+20)    bprint:               change_prot_numa: NUMAB SCAN vma[start:0x7fd39c001000, end:0x7fd39c801000, from:0x7fd39c001000, to:0x7fd39c801000, size:8192 KB]
          cg.C.x-2279  [007]     1.016076: (+19)    bprint:               change_prot_numa: NUMAB SCAN vma[start:0x7fd39ca01000, end:0x7fd39d201000, from:0x7fd39ca01000, to:0x7fd39d201000, size:8192 KB]
          cg.C.x-2279  [007]     1.016096: (+20)    bprint:               change_prot_numa: NUMAB SCAN vma[start:0x7fd39d401000, end:0x7fd39dc01000, from:0x7fd39d401000, to:0x7fd39dc01000, size:8192 KB]
          cg.C.x-2279  [007]     1.016114: (+18)    bprint:               change_prot_numa: NUMAB SCAN vma[start:0x7fd39de01000, end:0x7fd39e601000, from:0x7fd39de01000, to:0x7fd39e601000, size:8192 KB]
          cg.C.x-2279  [007]     1.016136: (+22)    bprint:               change_prot_numa: NUMAB SCAN vma[start:0x7fd39e801000, end:0x7fd39f001000, from:0x7fd39e801000, to:0x7fd39f001000, size:8192 KB]
          cg.C.x-2279  [007]     1.016156: (+20)    bprint:               change_prot_numa: NUMAB SCAN vma[start:0x7fd39f201000, end:0x7fd39fa01000, from:0x7fd39f201000, to:0x7fd39fa01000, size:8192 KB]
          cg.C.x-2279  [007]     1.016176: (+20)    bprint:               change_prot_numa: NUMAB SCAN vma[start:0x7fd39fc01000, end:0x7fd3a0401000, from:0x7fd39fc01000, to:0x7fd3a0401000, size:8192 KB]
          cg.C.x-2279  [007]     1.016196: (+20)    bprint:               change_prot_numa: NUMAB SCAN vma[start:0x7fd3a0601000, end:0x7fd3a0e01000, from:0x7fd3a0601000, to:0x7fd3a0e01000, size:8192 KB]
          cg.C.x-2279  [007]     1.016217: (+21)    bprint:               change_prot_numa: NUMAB SCAN vma[start:0x7fd3a1001000, end:0x7fd3a1801000, from:0x7fd3a1001000, to:0x7fd3a1801000, size:8192 KB]
          cg.C.x-2279  [007]     1.016237: (+20)    bprint:               change_prot_numa: NUMAB SCAN vma[start:0x7fd3a1a01000, end:0x7fd3a2201000, from:0x7fd3a1a01000, to:0x7fd3a2201000, size:8192 KB]
          cg.C.x-2279  [007]     1.016259: (+22)    bprint:               change_prot_numa: NUMAB SCAN vma[start:0x7fd3a2401000, end:0x7fd3a2c01000, from:0x7fd3a2401000, to:0x7fd3a2c01000, size:8192 KB]
          cg.C.x-2279  [007]     1.016278: (+19)    bprint:               change_prot_numa: NUMAB SCAN vma[start:0x7fd3a2e01000, end:0x7fd3a3601000, from:0x7fd3a2e01000, to:0x7fd3a3601000, size:8192 KB]
          cg.C.x-2279  [007]     1.016298: (+20)    bprint:               change_prot_numa: NUMAB SCAN vma[start:0x7fd3a3801000, end:0x7fd3a4001000, from:0x7fd3a3801000, to:0x7fd3a4001000, size:8192 KB]
          cg.C.x-2279  [007]     1.016317: (+19)    bprint:               change_prot_numa: NUMAB SCAN vma[start:0x7fd3a4201000, end:0x7fd3a4a01000, from:0x7fd3a4201000, to:0x7fd3a4a01000, size:8192 KB]
          cg.C.x-2279  [007]     1.016339: (+22)    bprint:               change_prot_numa: NUMAB SCAN vma[start:0x7fd3a4c01000, end:0x7fd3a5401000, from:0x7fd3a4c01000, to:0x7fd3a5401000, size:8192 KB]
          cg.C.x-2279  [007]     1.016357: (+18)    bprint:               change_prot_numa: NUMAB SCAN vma[start:0x7fd3a5601000, end:0x7fd3a5e01000, from:0x7fd3a5601000, to:0x7fd3a5e01000, size:8192 KB]
          cg.C.x-2279  [007]     1.016378: (+21)    bprint:               change_prot_numa: NUMAB SCAN vma[start:0x7fd3a6001000, end:0x7fd3a6801000, from:0x7fd3a6001000, to:0x7fd3a6801000, size:8192 KB]
          cg.C.x-2279  [007]     1.016397: (+19)    bprint:               change_prot_numa: NUMAB SCAN vma[start:0x7fd3a6a01000, end:0x7fd3a7201000, from:0x7fd3a6a01000, to:0x7fd3a7201000, size:8192 KB]
          cg.C.x-2279  [007]     1.016419: (+22)    bprint:               change_prot_numa: NUMAB SCAN vma[start:0x7fd3a7401000, end:0x7fd3a7c01000, from:0x7fd3a7401000, to:0x7fd3a7c01000, size:8192 KB]
          cg.C.x-2279  [007]     1.016440: (+21)    bprint:               change_prot_numa: NUMAB SCAN vma[start:0x7fd3a7e01000, end:0x7fd3a8601000, from:0x7fd3a7e01000, to:0x7fd3a8601000, size:8192 KB]
          cg.C.x-2279  [007]     1.016461: (+21)    bprint:               change_prot_numa: NUMAB SCAN vma[start:0x7fd3a8801000, end:0x7fd3a9001000, from:0x7fd3a8801000, to:0x7fd3a9001000, size:8192 KB]
          cg.C.x-2279  [007]     1.016481: (+20)    bprint:               change_prot_numa: NUMAB SCAN vma[start:0x7fd3a9201000, end:0x7fd3a9a01000, from:0x7fd3a9201000, to:0x7fd3a9a01000, size:8192 KB]
          cg.C.x-2279  [007]     1.016502: (+21)    bprint:               change_prot_numa: NUMAB SCAN vma[start:0x7fd3a9c01000, end:0x7fd3aa401000, from:0x7fd3a9c01000, to:0x7fd3aa401000, size:8192 KB]
          cg.C.x-2279  [007]     1.016523: (+21)    bprint:               change_prot_numa: NUMAB SCAN vma[start:0x7fd3aa601000, end:0x7fd3aae01000, from:0x7fd3aa601000, to:0x7fd3aae01000, size:8192 KB]
          cg.C.x-2279  [007]     1.016545: (+22)    bprint:               change_prot_numa: NUMAB SCAN vma[start:0x7fd3ab001000, end:0x7fd3ab801000, from:0x7fd3ab001000, to:0x7fd3ab800000, size:8188 KB]
          cg.C.x-2279  [007]     1.016569: (+24)    bprint:               __handle_mm_fault: NUMAB MEM ACCESS process[nid:1, cpu:7, pid:2279], folio[virt:0x7fd39b400fe8, phys:0x1858170000, pfn:0x1858170, nid:1, npages:1]
          cg.C.x-2233  [039]     1.016928: (+359)   bprint:               __handle_mm_fault: NUMAB MEM ACCESS process[nid:1, cpu:39, pid:2233], folio[virt:0x55f5c1c6b080, phys:0x185ac63000, pfn:0x185ac63, nid:1, npages:1]
          cg.C.x-2233  [039]     1.016935: (+7)     bprint:               __handle_mm_fault: NUMAB MEM ACCESS process[nid:1, cpu:39, pid:2233], folio[virt:0x55f5c22cc0c4, phys:0x1864d75000, pfn:0x1864d75, nid:1, npages:1]
          cg.C.x-2284  [028]     1.016971: (+36)    bprint:               __handle_mm_fault: NUMAB MEM ACCESS process[nid:0, cpu:28, pid:2284], folio[virt:0x7fd3981ff9b8, phys:0x112a29000, pfn:0x112a29, nid:0, npages:1]
          cg.C.x-2284  [028]     1.016982: (+11)    bprint:               __handle_mm_fault: NUMAB MEM ACCESS process[nid:0, cpu:28, pid:2284], folio[virt:0x7fd398200220, phys:0x1858176000, pfn:0x1858176, nid:1, npages:1]
          cg.C.x-2284  [028]     1.016984: (+2)     bprint:               __handle_mm_fault: NUMAB TRY MEM MIGR process[nid:0, cpu:28, pid:2284], folio[virt:0x7fd398200220, phys:0x1858176000, nid:1], target_nid:0
          cg.C.x-2284  [028]     1.017009: (+25)    bprint:               __handle_mm_fault: NUMAB COMPLETED MEM MIGR process[nid:0, cpu:28, pid:2284], old[phys:0x1858176000, nid:1, npages:1], new[phys:0x1858176000, nid:1, npages:1]
          cg.C.x-2260  [012]     1.017058: (+49)    bprint:               __handle_mm_fault: NUMAB MEM ACCESS process[nid:0, cpu:12, pid:2260], folio[virt:0x7fd3a71ff9b8, phys:0x1814f0000, pfn:0x1814f0, nid:0, npages:1]
          cg.C.x-2260  [012]     1.017066: (+8)     bprint:               __handle_mm_fault: NUMAB MEM ACCESS process[nid:0, cpu:12, pid:2260], folio[virt:0x7fd3a7200220, phys:0x1869b04000, pfn:0x1869b04, nid:1, npages:1]
          cg.C.x-2260  [012]     1.017067: (+1)     bprint:               __handle_mm_fault: NUMAB TRY MEM MIGR process[nid:0, cpu:12, pid:2260], folio[virt:0x7fd3a7200220, phys:0x1869b04000, nid:1], target_nid:0
          cg.C.x-2260  [012]     1.017079: (+12)    bprint:               __handle_mm_fault: NUMAB COMPLETED MEM MIGR process[nid:0, cpu:12, pid:2260], old[phys:0x1869b04000, nid:1, npages:1], new[phys:0x1869b04000, nid:1, npages:1]
          cg.C.x-2273  [023]     1.017187: (+108)   bprint:               __handle_mm_fault: NUMAB MEM ACCESS process[nid:1, cpu:23, pid:2273], folio[virt:0x7fd39efff9b8, phys:0x18567ef000, pfn:0x18567ef, nid:1, npages:1]
          cg.C.x-2273  [023]     1.017193: (+6)     bprint:               __handle_mm_fault: NUMAB MEM ACCESS process[nid:1, cpu:23, pid:2273], folio[virt:0x7fd39f000220, phys:0x18653aa000, pfn:0x18653aa, nid:1, npages:1]
          cg.C.x-2253  [011]     1.017222: (+29)    bprint:               __handle_mm_fault: NUMAB MEM ACCESS process[nid:1, cpu:11, pid:2253], folio[virt:0x7fd3ab7ff9b8, phys:0x18575c3000, pfn:0x18575c3, nid:1, npages:1]
          cg.C.x-2274  [014]     1.017244: (+22)    bprint:               __handle_mm_fault: NUMAB MEM ACCESS process[nid:0, cpu:14, pid:2274], folio[virt:0x7fd39e5ff9b8, phys:0x113e48000, pfn:0x113e48, nid:0, npages:1]
          cg.C.x-2274  [014]     1.017250: (+6)     bprint:               __handle_mm_fault: NUMAB MEM ACCESS process[nid:0, cpu:14, pid:2274], folio[virt:0x7fd39e600220, phys:0x18653ab000, pfn:0x18653ab, nid:1, npages:1]
          cg.C.x-2274  [014]     1.017251: (+1)     bprint:               __handle_mm_fault: NUMAB TRY MEM MIGR process[nid:0, cpu:14, pid:2274], folio[virt:0x7fd39e600220, phys:0x18653ab000, nid:1], target_nid:0
          cg.C.x-2274  [014]     1.017261: (+10)    bprint:               __handle_mm_fault: NUMAB COMPLETED MEM MIGR process[nid:0, cpu:14, pid:2274], old[phys:0x18653ab000, nid:1, npages:1], new[phys:0x18653ab000, nid:1, npages:1]
          cg.C.x-2261  [021]     1.017306: (+45)    bprint:               __handle_mm_fault: NUMAB MEM ACCESS process[nid:1, cpu:21, pid:2261], folio[virt:0x7fd3a67ff9b8, phys:0x18658fa000, pfn:0x18658fa, nid:1, npages:1]
          cg.C.x-2261  [021]     1.017311: (+5)     bprint:               __handle_mm_fault: NUMAB MEM ACCESS process[nid:1, cpu:21, pid:2261], folio[virt:0x7fd3a6800220, phys:0x1869b05000, pfn:0x1869b05, nid:1, npages:1]
          cg.C.x-2266  [020]     1.017314: (+3)     bprint:               __handle_mm_fault: NUMAB MEM ACCESS process[nid:0, cpu:20, pid:2266], folio[virt:0x7fd3a35ff9b8, phys:0x1e01b1000, pfn:0x1e01b1, nid:0, npages:1]
          cg.C.x-2266  [020]     1.017319: (+5)     bprint:               __handle_mm_fault: NUMAB MEM ACCESS process[nid:0, cpu:20, pid:2266], folio[virt:0x7fd3a3600220, phys:0x185bb1a000, pfn:0x185bb1a, nid:1, npages:1]
          cg.C.x-2266  [020]     1.017320: (+1)     bprint:               __handle_mm_fault: NUMAB TRY MEM MIGR process[nid:0, cpu:20, pid:2266], folio[virt:0x7fd3a3600220, phys:0x185bb1a000, nid:1], target_nid:0
          cg.C.x-2266  [020]     1.017334: (+14)    bprint:               __handle_mm_fault: NUMAB COMPLETED MEM MIGR process[nid:0, cpu:20, pid:2266], old[phys:0x185bb1a000, nid:1, npages:1], new[phys:0x185bb1a000, nid:1, npages:1]
          cg.C.x-2254  [000]     1.017376: (+42)    bprint:               __handle_mm_fault: NUMAB MEM ACCESS process[nid:0, cpu:0, pid:2254], folio[virt:0x7fd3aadff9b8, phys:0x183e6f000, pfn:0x183e6f, nid:0, npages:1]
          cg.C.x-2254  [000]     1.017382: (+6)     bprint:               __handle_mm_fault: NUMAB MEM ACCESS process[nid:0, cpu:0, pid:2254], folio[virt:0x7fd3aae00220, phys:0x185aa23000, pfn:0x185aa23, nid:1, npages:1]
          cg.C.x-2254  [000]     1.017383: (+1)     bprint:               __handle_mm_fault: NUMAB TRY MEM MIGR process[nid:0, cpu:0, pid:2254], folio[virt:0x7fd3aae00220, phys:0x185aa23000, nid:1], target_nid:0
          cg.C.x-2254  [000]     1.017393: (+10)    bprint:               __handle_mm_fault: NUMAB COMPLETED MEM MIGR process[nid:0, cpu:0, pid:2254], old[phys:0x185aa23000, nid:1, npages:1], new[phys:0x185aa23000, nid:1, npages:1]
          cg.C.x-2255  [045]     1.017444: (+51)    bprint:               __handle_mm_fault: NUMAB MEM ACCESS process[nid:1, cpu:45, pid:2255], folio[virt:0x7fd3aa3ff9b8, phys:0x1857445000, pfn:0x1857445, nid:1, npages:1]
          cg.C.x-2255  [045]     1.017449: (+5)     bprint:               __handle_mm_fault: NUMAB MEM ACCESS process[nid:1, cpu:45, pid:2255], folio[virt:0x7fd3aa400220, phys:0x185aa24000, pfn:0x185aa24, nid:1, npages:1]
          cg.C.x-2267  [031]     1.017468: (+19)    bprint:               __handle_mm_fault: NUMAB MEM ACCESS process[nid:1, cpu:31, pid:2267], folio[virt:0x7fd3a2bff9b8, phys:0x185a908000, pfn:0x185a908, nid:1, npages:1]
          cg.C.x-2267  [031]     1.017474: (+6)     bprint:               __handle_mm_fault: NUMAB MEM ACCESS process[nid:1, cpu:31, pid:2267], folio[virt:0x7fd3a2c00220, phys:0x185bb1b000, pfn:0x185bb1b, nid:1, npages:1]
          cg.C.x-2262  [050]     1.017474: (+0)     bprint:               __handle_mm_fault: NUMAB MEM ACCESS process[nid:0, cpu:50, pid:2262], folio[virt:0x7fd3a5dff9b8, phys:0x11408e000, pfn:0x11408e, nid:0, npages:1]
          cg.C.x-2262  [050]     1.017480: (+6)     bprint:               __handle_mm_fault: NUMAB MEM ACCESS process[nid:0, cpu:50, pid:2262], folio[virt:0x7fd3a5e00220, phys:0x1869b06000, pfn:0x1869b06, nid:1, npages:1]
          cg.C.x-2262  [050]     1.017482: (+2)     bprint:               __handle_mm_fault: NUMAB TRY MEM MIGR process[nid:0, cpu:50, pid:2262], folio[virt:0x7fd3a5e00220, phys:0x1869b06000, nid:1], target_nid:0
          cg.C.x-2262  [050]     1.017491: (+9)     bprint:               __handle_mm_fault: NUMAB COMPLETED MEM MIGR process[nid:0, cpu:50, pid:2262], old[phys:0x1869b06000, nid:1, npages:1], new[phys:0x1869b06000, nid:1, npages:1]
          cg.C.x-2264  [006]     1.017494: (+3)     bprint:               __handle_mm_fault: NUMAB MEM ACCESS process[nid:0, cpu:6, pid:2264], folio[virt:0x7fd3a49ff9b8, phys:0x1113f6000, pfn:0x1113f6, nid:0, npages:1]
          cg.C.x-2275  [029]     1.017494: (+0)     bprint:               __handle_mm_fault: NUMAB MEM ACCESS process[nid:1, cpu:29, pid:2275], folio[virt:0x7fd39dbff9b8, phys:0x185a7eb000, pfn:0x185a7eb, nid:1, npages:1]
          cg.C.x-2264  [006]     1.017499: (+5)     bprint:               __handle_mm_fault: NUMAB MEM ACCESS process[nid:0, cpu:6, pid:2264], folio[virt:0x7fd3a4a00220, phys:0x185bb18000, pfn:0x185bb18, nid:1, npages:1]
          cg.C.x-2275  [029]     1.017500: (+1)     bprint:               __handle_mm_fault: NUMAB MEM ACCESS process[nid:1, cpu:29, pid:2275], folio[virt:0x7fd39dc00220, phys:0x18653ac000, pfn:0x18653ac, nid:1, npages:1]
          cg.C.x-2264  [006]     1.017500: (+0)     bprint:               __handle_mm_fault: NUMAB TRY MEM MIGR process[nid:0, cpu:6, pid:2264], folio[virt:0x7fd3a4a00220, phys:0x185bb18000, nid:1], target_nid:0
          cg.C.x-2280  [004]     1.017503: (+3)     bprint:               __handle_mm_fault: NUMAB MEM ACCESS process[nid:0, cpu:4, pid:2280], folio[virt:0x7fd39a9ff9b8, phys:0x1b0119000, pfn:0x1b0119, nid:0, npages:1]
          cg.C.x-2280  [004]     1.017508: (+5)     bprint:               __handle_mm_fault: NUMAB MEM ACCESS process[nid:0, cpu:4, pid:2280], folio[virt:0x7fd39aa00220, phys:0x1858171000, pfn:0x1858171, nid:1, npages:1]
          cg.C.x-2264  [006]     1.017509: (+1)     bprint:               __handle_mm_fault: NUMAB COMPLETED MEM MIGR process[nid:0, cpu:6, pid:2264], old[phys:0x185bb18000, nid:1, npages:1], new[phys:0x185bb18000, nid:1, npages:1]
          cg.C.x-2280  [004]     1.017509: (+0)     bprint:               __handle_mm_fault: NUMAB TRY MEM MIGR process[nid:0, cpu:4, pid:2280], folio[virt:0x7fd39aa00220, phys:0x1858171000, nid:1], target_nid:0
          cg.C.x-2280  [004]     1.017518: (+9)     bprint:               __handle_mm_fault: NUMAB COMPLETED MEM MIGR process[nid:0, cpu:4, pid:2280], old[phys:0x1858171000, nid:1, npages:1], new[phys:0x1858171000, nid:1, npages:1]
          cg.C.x-2276  [026]     1.017591: (+73)    bprint:               __handle_mm_fault: NUMAB MEM ACCESS process[nid:0, cpu:26, pid:2276], folio[virt:0x7fd39d1ff9b8, phys:0x1800fa000, pfn:0x1800fa, nid:0, npages:1]
          cg.C.x-2276  [026]     1.017597: (+6)     bprint:               __handle_mm_fault: NUMAB MEM ACCESS process[nid:0, cpu:26, pid:2276], folio[virt:0x7fd39d200220, phys:0x18653ad000, pfn:0x18653ad, nid:1, npages:1]
          cg.C.x-2276  [026]     1.017598: (+1)     bprint:               __handle_mm_fault: NUMAB TRY MEM MIGR process[nid:0, cpu:26, pid:2276], folio[virt:0x7fd39d200220, phys:0x18653ad000, nid:1], target_nid:0
          cg.C.x-2263  [027]     1.017601: (+3)     bprint:               __handle_mm_fault: NUMAB MEM ACCESS process[nid:1, cpu:27, pid:2263], folio[virt:0x7fd3a53ff9b8, phys:0x1864e3e000, pfn:0x1864e3e, nid:1, npages:1]
          cg.C.x-2277  [041]     1.017601: (+0)     bprint:               __handle_mm_fault: NUMAB MEM ACCESS process[nid:1, cpu:41, pid:2277], folio[virt:0x7fd39c7ff9b8, phys:0x1863726000, pfn:0x1863726, nid:1, npages:1]
          cg.C.x-2263  [027]     1.017606: (+5)     bprint:               __handle_mm_fault: NUMAB MEM ACCESS process[nid:1, cpu:27, pid:2263], folio[virt:0x7fd3a5400220, phys:0x1869b07000, pfn:0x1869b07, nid:1, npages:1]
          cg.C.x-2277  [041]     1.017607: (+1)     bprint:               __handle_mm_fault: NUMAB MEM ACCESS process[nid:1, cpu:41, pid:2277], folio[virt:0x7fd39c800220, phys:0x18653ae000, pfn:0x18653ae, nid:1, npages:1]
          cg.C.x-2276  [026]     1.017608: (+1)     bprint:               __handle_mm_fault: NUMAB COMPLETED MEM MIGR process[nid:0, cpu:26, pid:2276], old[phys:0x18653ad000, nid:1, npages:1], new[phys:0x18653ad000, nid:1, npages:1]
          cg.C.x-2268  [008]     1.017608: (+0)     bprint:               __handle_mm_fault: NUMAB MEM ACCESS process[nid:0, cpu:8, pid:2268], folio[virt:0x7fd3a21ff9b8, phys:0x12336f000, pfn:0x12336f, nid:0, npages:1]
          cg.C.x-2268  [008]     1.017614: (+6)     bprint:               __handle_mm_fault: NUMAB MEM ACCESS process[nid:0, cpu:8, pid:2268], folio[virt:0x7fd3a2200220, phys:0x185bb1c000, pfn:0x185bb1c, nid:1, npages:1]
          cg.C.x-2268  [008]     1.017615: (+1)     bprint:               __handle_mm_fault: NUMAB TRY MEM MIGR process[nid:0, cpu:8, pid:2268], folio[virt:0x7fd3a2200220, phys:0x185bb1c000, nid:1], target_nid:0
          cg.C.x-2268  [008]     1.017624: (+9)     bprint:               __handle_mm_fault: NUMAB COMPLETED MEM MIGR process[nid:0, cpu:8, pid:2268], old[phys:0x185bb1c000, nid:1, npages:1], new[phys:0x185bb1c000, nid:1, npages:1]
          cg.C.x-2281  [049]     1.017627: (+3)     bprint:               __handle_mm_fault: NUMAB MEM ACCESS process[nid:1, cpu:49, pid:2281], folio[virt:0x7fd399fff9b8, phys:0x185afa0000, pfn:0x185afa0, nid:1, npages:1]
          cg.C.x-2281  [049]     1.017632: (+5)     bprint:               __handle_mm_fault: NUMAB MEM ACCESS process[nid:1, cpu:49, pid:2281], folio[virt:0x7fd39a000220, phys:0x1858173000, pfn:0x1858173, nid:1, npages:1]
          cg.C.x-2279  [007]     1.017694: (+62)    bprint:               __handle_mm_fault: NUMAB MEM ACCESS process[nid:1, cpu:7, pid:2279], folio[virt:0x7fd39b3ff9b8, phys:0x186a231000, pfn:0x186a231, nid:1, npages:1]
          cg.C.x-2282  [024]     1.017696: (+2)     bprint:               __handle_mm_fault: NUMAB MEM ACCESS process[nid:0, cpu:24, pid:2282], folio[virt:0x7fd3995ff9b8, phys:0x150062000, pfn:0x150062, nid:0, npages:1]
          cg.C.x-2282  [024]     1.017701: (+5)     bprint:               __handle_mm_fault: NUMAB MEM ACCESS process[nid:0, cpu:24, pid:2282], folio[virt:0x7fd399600220, phys:0x1858174000, pfn:0x1858174, nid:1, npages:1]
          cg.C.x-2282  [024]     1.017703: (+2)     bprint:               __handle_mm_fault: NUMAB TRY MEM MIGR process[nid:0, cpu:24, pid:2282], folio[virt:0x7fd399600220, phys:0x1858174000, nid:1], target_nid:0
          cg.C.x-2282  [024]     1.017711: (+8)     bprint:               __handle_mm_fault: NUMAB COMPLETED MEM MIGR process[nid:0, cpu:24, pid:2282], old[phys:0x1858174000, nid:1, npages:1], new[phys:0x1858174000, nid:1, npages:1]
          cg.C.x-2257  [015]     1.017714: (+3)     bprint:               __handle_mm_fault: NUMAB MEM ACCESS process[nid:1, cpu:15, pid:2257], folio[virt:0x7fd3a8fff9b8, phys:0x186772a000, pfn:0x186772a, nid:1, npages:1]
          cg.C.x-2265  [025]     1.017718: (+4)     bprint:               __handle_mm_fault: NUMAB MEM ACCESS process[nid:1, cpu:25, pid:2265], folio[virt:0x7fd3a3fff9b8, phys:0x18697f2000, pfn:0x18697f2, nid:1, npages:1]
          cg.C.x-2257  [015]     1.017719: (+1)     bprint:               __handle_mm_fault: NUMAB MEM ACCESS process[nid:1, cpu:15, pid:2257], folio[virt:0x7fd3a9000220, phys:0x1869b01000, pfn:0x1869b01, nid:1, npages:1]
          cg.C.x-2265  [025]     1.017723: (+4)     bprint:               __handle_mm_fault: NUMAB MEM ACCESS process[nid:1, cpu:25, pid:2265], folio[virt:0x7fd3a4000220, phys:0x185bb19000, pfn:0x185bb19, nid:1, npages:1]
          cg.C.x-2258  [030]     1.017755: (+32)    bprint:               __handle_mm_fault: NUMAB MEM ACCESS process[nid:0, cpu:30, pid:2258], folio[virt:0x7fd3a85ff9b8, phys:0x180f5f000, pfn:0x180f5f, nid:0, npages:1]
          cg.C.x-2258  [030]     1.017761: (+6)     bprint:               __handle_mm_fault: NUMAB MEM ACCESS process[nid:0, cpu:30, pid:2258], folio[virt:0x7fd3a8600220, phys:0x1869b02000, pfn:0x1869b02, nid:1, npages:1]
          cg.C.x-2258  [030]     1.017762: (+1)     bprint:               __handle_mm_fault: NUMAB TRY MEM MIGR process[nid:0, cpu:30, pid:2258], folio[virt:0x7fd3a8600220, phys:0x1869b02000, nid:1], target_nid:0
          cg.C.x-2278  [022]     1.017762: (+0)     bprint:               __handle_mm_fault: NUMAB MEM ACCESS process[nid:0, cpu:22, pid:2278], folio[virt:0x7fd39bdff9b8, phys:0x113df3000, pfn:0x113df3, nid:0, npages:1]
          cg.C.x-2271  [037]     1.017765: (+3)     bprint:               __handle_mm_fault: NUMAB MEM ACCESS process[nid:1, cpu:37, pid:2271], folio[virt:0x7fd3a03ff9b8, phys:0x185d4d0000, pfn:0x185d4d0, nid:1, npages:1]
          cg.C.x-2278  [022]     1.017768: (+3)     bprint:               __handle_mm_fault: NUMAB MEM ACCESS process[nid:0, cpu:22, pid:2278], folio[virt:0x7fd39be00220, phys:0x18653af000, pfn:0x18653af, nid:1, npages:1]
          cg.C.x-2278  [022]     1.017769: (+1)     bprint:               __handle_mm_fault: NUMAB TRY MEM MIGR process[nid:0, cpu:22, pid:2278], folio[virt:0x7fd39be00220, phys:0x18653af000, nid:1], target_nid:0
          cg.C.x-2271  [037]     1.017770: (+1)     bprint:               __handle_mm_fault: NUMAB MEM ACCESS process[nid:1, cpu:37, pid:2271], folio[virt:0x7fd3a0400220, phys:0x18653a9000, pfn:0x18653a9, nid:1, npages:1]
          cg.C.x-2258  [030]     1.017771: (+1)     bprint:               __handle_mm_fault: NUMAB COMPLETED MEM MIGR process[nid:0, cpu:30, pid:2258], old[phys:0x1869b02000, nid:1, npages:1], new[phys:0x1869b02000, nid:1, npages:1]
          cg.C.x-2278  [022]     1.017778: (+7)     bprint:               __handle_mm_fault: NUMAB COMPLETED MEM MIGR process[nid:0, cpu:22, pid:2278], old[phys:0x18653af000, nid:1, npages:1], new[phys:0x18653af000, nid:1, npages:1]
          cg.C.x-2283  [001]     1.017787: (+9)     bprint:               __handle_mm_fault: NUMAB MEM ACCESS process[nid:1, cpu:1, pid:2283], folio[virt:0x7fd398bff9b8, phys:0x185b13b000, pfn:0x185b13b, nid:1, npages:1]
          cg.C.x-2270  [048]     1.017790: (+3)     bprint:               __handle_mm_fault: NUMAB MEM ACCESS process[nid:0, cpu:48, pid:2270], folio[virt:0x7fd3a0dff9b8, phys:0x113877000, pfn:0x113877, nid:0, npages:1]
          cg.C.x-2283  [001]     1.017793: (+3)     bprint:               __handle_mm_fault: NUMAB MEM ACCESS process[nid:1, cpu:1, pid:2283], folio[virt:0x7fd398c00220, phys:0x1858175000, pfn:0x1858175, nid:1, npages:1]
          cg.C.x-2256  [002]     1.017794: (+1)     bprint:               __handle_mm_fault: NUMAB MEM ACCESS process[nid:0, cpu:2, pid:2256], folio[virt:0x7fd3a99ff9b8, phys:0x1518b1000, pfn:0x1518b1, nid:0, npages:1]
          cg.C.x-2270  [048]     1.017795: (+1)     bprint:               __handle_mm_fault: NUMAB MEM ACCESS process[nid:0, cpu:48, pid:2270], folio[virt:0x7fd3a0e00220, phys:0x18653a8000, pfn:0x18653a8, nid:1, npages:1]
          cg.C.x-2270  [048]     1.017796: (+1)     bprint:               __handle_mm_fault: NUMAB TRY MEM MIGR process[nid:0, cpu:48, pid:2270], folio[virt:0x7fd3a0e00220, phys:0x18653a8000, nid:1], target_nid:0
          cg.C.x-2256  [002]     1.017799: (+3)     bprint:               __handle_mm_fault: NUMAB MEM ACCESS process[nid:0, cpu:2, pid:2256], folio[virt:0x7fd3a9a00220, phys:0x185aa25000, pfn:0x185aa25, nid:1, npages:1]
          cg.C.x-2256  [002]     1.017800: (+1)     bprint:               __handle_mm_fault: NUMAB TRY MEM MIGR process[nid:0, cpu:2, pid:2256], folio[virt:0x7fd3a9a00220, phys:0x185aa25000, nid:1], target_nid:0
          cg.C.x-2270  [048]     1.017804: (+4)     bprint:               __handle_mm_fault: NUMAB COMPLETED MEM MIGR process[nid:0, cpu:48, pid:2270], old[phys:0x18653a8000, nid:1, npages:1], new[phys:0x18653a8000, nid:1, npages:1]
          cg.C.x-2269  [035]     1.017807: (+3)     bprint:               __handle_mm_fault: NUMAB MEM ACCESS process[nid:1, cpu:35, pid:2269], folio[virt:0x7fd3a17ff9b8, phys:0x185ac44000, pfn:0x185ac44, nid:1, npages:1]
          cg.C.x-2256  [002]     1.017809: (+2)     bprint:               __handle_mm_fault: NUMAB COMPLETED MEM MIGR process[nid:0, cpu:2, pid:2256], old[phys:0x185aa25000, nid:1, npages:1], new[phys:0x185aa25000, nid:1, npages:1]
          cg.C.x-2269  [035]     1.017812: (+3)     bprint:               __handle_mm_fault: NUMAB MEM ACCESS process[nid:1, cpu:35, pid:2269], folio[virt:0x7fd3a1800220, phys:0x185bb1e000, pfn:0x185bb1e, nid:1, npages:1]
          cg.C.x-2259  [019]     1.017949: (+137)   bprint:               __handle_mm_fault: NUMAB MEM ACCESS process[nid:1, cpu:19, pid:2259], folio[virt:0x7fd3a7bff9b8, phys:0x1855969000, pfn:0x1855969, nid:1, npages:1]
          cg.C.x-2259  [019]     1.017954: (+5)     bprint:               __handle_mm_fault: NUMAB MEM ACCESS process[nid:1, cpu:19, pid:2259], folio[virt:0x7fd3a7c00220, phys:0x1869b03000, pfn:0x1869b03, nid:1, npages:1]
          cg.C.x-2272  [042]     1.017956: (+2)     bprint:               __handle_mm_fault: NUMAB MEM ACCESS process[nid:0, cpu:42, pid:2272], folio[virt:0x7fd39f9ff9b8, phys:0x1206c2000, pfn:0x1206c2, nid:0, npages:1]
          cg.C.x-2272  [042]     1.017961: (+5)     bprint:               __handle_mm_fault: NUMAB MEM ACCESS process[nid:0, cpu:42, pid:2272], folio[virt:0x7fd39fa00220, phys:0x185bb1f000, pfn:0x185bb1f, nid:1, npages:1]
          cg.C.x-2272  [042]     1.017962: (+1)     bprint:               __handle_mm_fault: NUMAB TRY MEM MIGR process[nid:0, cpu:42, pid:2272], folio[virt:0x7fd39fa00220, phys:0x185bb1f000, nid:1], target_nid:0
          cg.C.x-2272  [042]     1.017970: (+8)     bprint:               __handle_mm_fault: NUMAB COMPLETED MEM MIGR process[nid:0, cpu:42, pid:2272], old[phys:0x185bb1f000, nid:1, npages:1], new[phys:0x185bb1f000, nid:1, npages:1]
          cg.C.x-2243  [063]     1.017977: (+7)     bprint:               __handle_mm_fault: NUMAB MEM ACCESS process[nid:1, cpu:63, pid:2243], folio[virt:0x55f5c1c6c34c, phys:0x185b982000, pfn:0x185b982, nid:1, npages:1]
          cg.C.x-2257  [015]     1.031851: (+13874) sched_waking:         comm=kworker/15:1 pid=701 prio=120 target_cpu=015
          cg.C.x-2274  [014]     1.031851: (+0)     sched_waking:         comm=kworker/14:2 pid=1018 prio=120 target_cpu=014
          cg.C.x-2222  [013]     1.031851: (+0)     sched_waking:         comm=kworker/13:1 pid=713 prio=120 target_cpu=013
          cg.C.x-2222  [013]     1.031857: (+6)     sched_wakeup:         kworker/13:1:713 [120] CPU:013
          cg.C.x-2274  [014]     1.031858: (+1)     sched_wakeup:         kworker/14:2:1018 [120] CPU:014
          cg.C.x-2257  [015]     1.031858: (+0)     sched_wakeup:         kworker/15:1:701 [120] CPU:015
          cg.C.x-2257  [015]     1.031863: (+5)     sched_switch:         cg.C.x:2257 [120] R ==> kworker/15:1:701 [120]
          cg.C.x-2222  [013]     1.031863: (+0)     sched_switch:         cg.C.x:2222 [120] R ==> kworker/13:1:713 [120]
          cg.C.x-2274  [014]     1.031864: (+1)     sched_switch:         cg.C.x:2274 [120] R ==> kworker/14:2:1018 [120]
    kworker/15:1-701   [015]     1.031874: (+10)    sched_switch:         kworker/15:1:701 [120] I ==> cg.C.x:2257 [120]
    kworker/13:1-713   [013]     1.031875: (+1)     sched_switch:         kworker/13:1:713 [120] I ==> cg.C.x:2222 [120]
    kworker/14:2-1018  [014]     1.031876: (+1)     sched_switch:         kworker/14:2:1018 [120] I ==> cg.C.x:2274 [120]
          cg.C.x-2253  [011]     1.067869: (+35993) sched_waking:         comm=kworker/11:1 pid=697 prio=120 target_cpu=011
          cg.C.x-2260  [012]     1.067870: (+1)     sched_waking:         comm=kworker/12:1 pid=705 prio=120 target_cpu=012
          cg.C.x-2253  [011]     1.067878: (+8)     sched_wakeup:         kworker/11:1:697 [120] CPU:011
          cg.C.x-2260  [012]     1.067881: (+3)     sched_wakeup:         kworker/12:1:705 [120] CPU:012
          cg.C.x-2253  [011]     1.067884: (+3)     sched_switch:         cg.C.x:2253 [120] R ==> kworker/11:1:697 [120]
          cg.C.x-2260  [012]     1.067889: (+5)     sched_switch:         cg.C.x:2260 [120] R ==> kworker/12:1:705 [120]
    kworker/11:1-697   [011]     1.067901: (+12)    sched_switch:         kworker/11:1:697 [120] I ==> cg.C.x:2253 [120]
    kworker/12:1-705   [012]     1.067906: (+5)     sched_switch:         kworker/12:1:705 [120] I ==> cg.C.x:2260 [120]
          cg.C.x-2247  [005]     1.092070: (+24164) bprint:               __handle_mm_fault: NUMAB MEM ACCESS process[nid:1, cpu:5, pid:2247], folio[virt:0x55f5c22cdba8, phys:0x1866b6f000, pfn:0x1866b6f, nid:1, npages:1]
          cg.C.x-2271  [037]     1.092073: (+3)     bprint:               __handle_mm_fault: NUMAB MEM ACCESS process[nid:1, cpu:37, pid:2271], folio[virt:0x55f5c22cefe8, phys:0x185aa20000, pfn:0x185aa20, nid:1, npages:1]
          cg.C.x-2273  [023]     1.092081: (+8)     bprint:               __handle_mm_fault: NUMAB MEM ACCESS process[nid:1, cpu:23, pid:2273], folio[virt:0x55f5c22cf198, phys:0x303f15a000, pfn:0x303f15a, nid:1, npages:1]
          cg.C.x-2229  [051]     1.092084: (+3)     bprint:               __handle_mm_fault: NUMAB MEM ACCESS process[nid:1, cpu:51, pid:2229], folio[virt:0x55f5c22c6234, phys:0x1858650000, pfn:0x1858650, nid:1, npages:1]
          cg.C.x-2221  [043]     1.092218: (+134)   bprint:               __handle_mm_fault: NUMAB MEM ACCESS process[nid:1, cpu:43, pid:2221], folio[virt:0x55f5c22c3890, phys:0x186346e000, pfn:0x186346e, nid:1, npages:1]
          cg.C.x-2221  [043]     1.092231: (+13)    bprint:               __handle_mm_fault: NUMAB MEM ACCESS process[nid:1, cpu:43, pid:2221], folio[virt:0x55f5c22c1d98, phys:0x1857fd7000, pfn:0x1857fd7, nid:1, npages:1]
          cg.C.x-2221  [043]     1.092234: (+3)     bprint:               __handle_mm_fault: NUMAB MEM ACCESS process[nid:1, cpu:43, pid:2221], folio[virt:0x55f5c22c25b8, phys:0x18586a3000, pfn:0x18586a3, nid:1, npages:1]
          cg.C.x-2221  [043]     1.092256: (+22)    sched_waking:         comm=kworker/u130:12 pid=430 prio=120 target_cpu=043
          cg.C.x-2221  [043]     1.092263: (+7)     sched_wakeup:         kworker/u130:12:430 [120] CPU:043
          cg.C.x-2221  [043]     1.092268: (+5)     sched_switch:         cg.C.x:2221 [120] R ==> kworker/u130:12:430 [120]
 kworker/u130:12-430   [043]     1.092274: (+6)     sched_waking:         comm=sshd pid=1967 prio=120 target_cpu=043
 kworker/u130:12-430   [043]     1.092277: (+3)     sched_wakeup:         sshd:1967 [120] CPU:043
 kworker/u130:12-430   [043]     1.092280: (+3)     sched_switch:         kworker/u130:12:430 [120] I ==> sshd:1967 [120]
            sshd-1967  [043]     1.092367: (+87)    sched_switch:         sshd:1967 [120] S ==> cg.C.x:2221 [120]
          cg.C.x-2221  [043]     1.092369: (+2)     sched_waking:         comm=kworker/u130:12 pid=430 prio=120 target_cpu=043
          cg.C.x-2221  [043]     1.092370: (+1)     sched_wakeup:         kworker/u130:12:430 [120] CPU:043
          cg.C.x-2221  [043]     1.092372: (+2)     sched_switch:         cg.C.x:2221 [120] R ==> kworker/u130:12:430 [120]
 kworker/u130:12-430   [043]     1.092373: (+1)     sched_waking:         comm=sshd pid=1967 prio=120 target_cpu=043
 kworker/u130:12-430   [043]     1.092374: (+1)     sched_wakeup:         sshd:1967 [120] CPU:043
 kworker/u130:12-430   [043]     1.092376: (+2)     sched_switch:         kworker/u130:12:430 [120] I ==> sshd:1967 [120]
            sshd-1967  [043]     1.092398: (+22)    sched_switch:         sshd:1967 [120] S ==> cg.C.x:2221 [120]
          cg.C.x-2268  [008]     1.095884: (+3486)  sched_waking:         comm=kworker/8:1 pid=709 prio=120 target_cpu=008
          cg.C.x-2268  [008]     1.095895: (+11)    sched_wakeup:         kworker/8:1:709 [120] CPU:008
          cg.C.x-2268  [008]     1.095902: (+7)     sched_switch:         cg.C.x:2268 [120] R ==> kworker/8:1:709 [120]
     kworker/8:1-709   [008]     1.095918: (+16)    sched_switch:         kworker/8:1:709 [120] I ==> cg.C.x:2268 [120]
          cg.C.x-2230  [010]     1.099885: (+3967)  sched_waking:         comm=kworker/10:1 pid=704 prio=120 target_cpu=010
          cg.C.x-2235  [009]     1.099885: (+0)     sched_waking:         comm=kworker/9:1 pid=479 prio=120 target_cpu=009
          cg.C.x-2235  [009]     1.099894: (+9)     sched_wakeup:         kworker/9:1:479 [120] CPU:009
          cg.C.x-2230  [010]     1.099895: (+1)     sched_wakeup:         kworker/10:1:704 [120] CPU:010
          cg.C.x-2235  [009]     1.099901: (+6)     sched_switch:         cg.C.x:2235 [120] R ==> kworker/9:1:479 [120]
          cg.C.x-2230  [010]     1.099902: (+1)     sched_switch:         cg.C.x:2230 [120] R ==> kworker/10:1:704 [120]
     kworker/9:1-479   [009]     1.099915: (+13)    sched_switch:         kworker/9:1:479 [120] I ==> cg.C.x:2235 [120]
    kworker/10:1-704   [010]     1.099916: (+1)     sched_switch:         kworker/10:1:704 [120] I ==> cg.C.x:2230 [120]
          cg.C.x-2239  [003]     1.111888: (+11972) sched_waking:         comm=kworker/3:2 pid=961 prio=120 target_cpu=003
          cg.C.x-2239  [003]     1.111894: (+6)     sched_wakeup:         kworker/3:2:961 [120] CPU:003
          cg.C.x-2239  [003]     1.111900: (+6)     sched_switch:         cg.C.x:2239 [120] R ==> kworker/3:2:961 [120]
     kworker/3:2-961   [003]     1.111954: (+54)    sched_switch:         kworker/3:2:961 [120] I ==> cg.C.x:2239 [120]
          cg.C.x-2264  [006]     1.127901: (+15947) sched_waking:         comm=kworker/6:1 pid=714 prio=120 target_cpu=006
          cg.C.x-2264  [006]     1.127912: (+11)    sched_wakeup:         kworker/6:1:714 [120] CPU:006
          cg.C.x-2264  [006]     1.127920: (+8)     sched_switch:         cg.C.x:2264 [120] R ==> kworker/6:1:714 [120]
     kworker/6:1-714   [006]     1.127936: (+16)    sched_switch:         kworker/6:1:714 [120] I ==> cg.C.x:2264 [120]
          cg.C.x-2279  [007]     1.131899: (+3963)  sched_waking:         comm=kworker/7:1 pid=700 prio=120 target_cpu=007
          cg.C.x-2247  [005]     1.131899: (+0)     sched_waking:         comm=kworker/5:1 pid=478 prio=120 target_cpu=005
          cg.C.x-2279  [007]     1.131905: (+6)     sched_wakeup:         kworker/7:1:700 [120] CPU:007
          cg.C.x-2247  [005]     1.131906: (+1)     sched_wakeup:         kworker/5:1:478 [120] CPU:005
          cg.C.x-2279  [007]     1.131912: (+6)     sched_switch:         cg.C.x:2279 [120] R ==> kworker/7:1:700 [120]
     kworker/7:1-700   [007]     1.131924: (+12)    sched_switch:         kworker/7:1:700 [120] I ==> cg.C.x:2279 [120]
          cg.C.x-2247  [005]     1.135904: (+3980)  sched_switch:         cg.C.x:2247 [120] R ==> kworker/5:1:478 [120]
     kworker/5:1-478   [005]     1.135915: (+11)    sched_switch:         kworker/5:1:478 [120] I ==> cg.C.x:2247 [120]
          cg.C.x-2280  [004]     1.159919: (+24004) sched_waking:         comm=kworker/4:2 pid=1029 prio=120 target_cpu=004
          cg.C.x-2280  [004]     1.159930: (+11)    sched_wakeup:         kworker/4:2:1029 [120] CPU:004
          cg.C.x-2280  [004]     1.159938: (+8)     sched_switch:         cg.C.x:2280 [120] R ==> kworker/4:2:1029 [120]
     kworker/4:2-1029  [004]     1.159952: (+14)    sched_switch:         kworker/4:2:1029 [120] I ==> cg.C.x:2280 [120]
          cg.C.x-2239  [003]     1.163918: (+3966)  sched_waking:         comm=kworker/3:2 pid=961 prio=120 target_cpu=003
          cg.C.x-2239  [003]     1.163924: (+6)     sched_wakeup:         kworker/3:2:961 [120] CPU:003
          cg.C.x-2239  [003]     1.163929: (+5)     sched_switch:         cg.C.x:2239 [120] R ==> kworker/3:2:961 [120]
     kworker/3:2-961   [003]     1.163939: (+10)    sched_switch:         kworker/3:2:961 [120] I ==> cg.C.x:2239 [120]
          cg.C.x-2247  [005]     1.191930: (+27991) sched_waking:         comm=kworker/5:1 pid=478 prio=120 target_cpu=005
          cg.C.x-2283  [001]     1.191930: (+0)     sched_waking:         comm=kworker/1:2 pid=465 prio=120 target_cpu=001
          cg.C.x-2254  [000]     1.191932: (+2)     sched_waking:         comm=kworker/u128:1 pid=1041 prio=120 target_cpu=000
          cg.C.x-2247  [005]     1.191936: (+4)     sched_wakeup:         kworker/5:1:478 [120] CPU:005
          cg.C.x-2283  [001]     1.191936: (+0)     sched_wakeup:         kworker/1:2:465 [120] CPU:001
          cg.C.x-2247  [005]     1.191941: (+5)     sched_switch:         cg.C.x:2247 [120] R ==> kworker/5:1:478 [120]
          cg.C.x-2254  [000]     1.191941: (+0)     sched_wakeup:         kworker/u128:1:1041 [120] CPU:000
          cg.C.x-2283  [001]     1.191942: (+1)     sched_switch:         cg.C.x:2283 [120] R ==> kworker/1:2:465 [120]
          cg.C.x-2254  [000]     1.191946: (+4)     sched_waking:         comm=kworker/0:5 pid=729 prio=120 target_cpu=000
          cg.C.x-2254  [000]     1.191948: (+2)     sched_wakeup:         kworker/0:5:729 [120] CPU:000
          cg.C.x-2254  [000]     1.191958: (+10)    sched_switch:         cg.C.x:2254 [120] R ==> kworker/u128:1:1041 [120]
     kworker/5:1-478   [005]     1.191972: (+14)    sched_switch:         kworker/5:1:478 [120] I ==> cg.C.x:2247 [120]
  kworker/u128:1-1041  [000]     1.191978: (+6)     sched_switch:         kworker/u128:1:1041 [120] I ==> kworker/0:5:729 [120]
     kworker/1:2-465   [001]     1.191978: (+0)     sched_switch:         kworker/1:2:465 [120] I ==> cg.C.x:2283 [120]
     kworker/0:5-729   [000]     1.192012: (+34)    sched_switch:         kworker/0:5:729 [120] I ==> cg.C.x:2254 [120]
          cg.C.x-2256  [002]     1.195931: (+3919)  sched_waking:         comm=kworker/2:1 pid=707 prio=120 target_cpu=002
          cg.C.x-2256  [002]     1.195939: (+8)     sched_wakeup:         kworker/2:1:707 [120] CPU:002
          cg.C.x-2256  [002]     1.195945: (+6)     sched_switch:         cg.C.x:2256 [120] R ==> kworker/2:1:707 [120]
     kworker/2:1-707   [002]     1.195959: (+14)    sched_switch:         kworker/2:1:707 [120] I ==> cg.C.x:2256 [120]
          cg.C.x-2221  [043]     1.212822: (+16863) sched_waking:         comm=kworker/u130:12 pid=430 prio=120 target_cpu=043
          cg.C.x-2221  [043]     1.212828: (+6)     sched_wakeup:         kworker/u130:12:430 [120] CPU:043
          cg.C.x-2221  [043]     1.212833: (+5)     sched_switch:         cg.C.x:2221 [120] R ==> kworker/u130:12:430 [120]
 kworker/u130:12-430   [043]     1.212839: (+6)     sched_waking:         comm=sshd pid=1967 prio=120 target_cpu=043
 kworker/u130:12-430   [043]     1.212841: (+2)     sched_wakeup:         sshd:1967 [120] CPU:043
 kworker/u130:12-430   [043]     1.212844: (+3)     sched_switch:         kworker/u130:12:430 [120] I ==> sshd:1967 [120]
            sshd-1967  [043]     1.212923: (+79)    sched_switch:         sshd:1967 [120] S ==> cg.C.x:2221 [120]
          cg.C.x-2221  [043]     1.212924: (+1)     sched_waking:         comm=kworker/u130:12 pid=430 prio=120 target_cpu=043
          cg.C.x-2221  [043]     1.212925: (+1)     sched_wakeup:         kworker/u130:12:430 [120] CPU:043
          cg.C.x-2221  [043]     1.212928: (+3)     sched_switch:         cg.C.x:2221 [120] R ==> kworker/u130:12:430 [120]
 kworker/u130:12-430   [043]     1.212929: (+1)     sched_waking:         comm=sshd pid=1967 prio=120 target_cpu=043
 kworker/u130:12-430   [043]     1.212931: (+2)     sched_wakeup:         sshd:1967 [120] CPU:043
 kworker/u130:12-430   [043]     1.212932: (+1)     sched_switch:         kworker/u130:12:430 [120] I ==> sshd:1967 [120]
            sshd-1967  [043]     1.212954: (+22)    sched_switch:         sshd:1967 [120] S ==> cg.C.x:2221 [120]
          cg.C.x-2251  [017]     1.223944: (+10990) sched_waking:         comm=kworker/17:1 pid=480 prio=120 target_cpu=017
          cg.C.x-2251  [017]     1.223950: (+6)     sched_wakeup:         kworker/17:1:480 [120] CPU:017
          cg.C.x-2251  [017]     1.223956: (+6)     sched_switch:         cg.C.x:2251 [120] R ==> kworker/17:1:480 [120]
    kworker/17:1-480   [017]     1.223984: (+28)    sched_switch:         kworker/17:1:480 [120] I ==> cg.C.x:2251 [120]
          cg.C.x-2254  [000]     1.259962: (+35978) sched_waking:         comm=kworker/0:5 pid=729 prio=120 target_cpu=000
          cg.C.x-2254  [000]     1.259970: (+8)     sched_wakeup:         kworker/0:5:729 [120] CPU:000
          cg.C.x-2254  [000]     1.259977: (+7)     sched_switch:         cg.C.x:2254 [120] R ==> kworker/0:5:729 [120]
     kworker/0:5-729   [000]     1.259993: (+16)    sched_switch:         kworker/0:5:729 [120] I ==> cg.C.x:2254 [120]
          cg.C.x-2230  [010]     1.260027: (+34)    sched_waking:         comm=ntpd pid=1765 prio=0 target_cpu=010
          cg.C.x-2230  [010]     1.260035: (+8)     sched_wakeup:         ntpd:1765 [0] CPU:010
          cg.C.x-2230  [010]     1.260043: (+8)     sched_switch:         cg.C.x:2230 [120] R ==> ntpd:1765 [0]
