 kworker/u129:26-435   [004]     7.010338: (+2)     sched_switch:         kworker/u129:26:435 [120] I ==> sshd:1978 [120]
            sshd-1978  [004]     7.010361: (+23)    sched_switch:         sshd:1978 [120] S ==> cg.C.x:3422 [120]
          cg.C.x-3426  [038]     7.038210: (+27849) sched_waking:         comm=kworker/38:1 pid=529 prio=120 target_cpu=038
          cg.C.x-3426  [038]     7.038217: (+7)     sched_wakeup:         kworker/38:1:529 [120] CPU:038
          cg.C.x-3426  [038]     7.038222: (+5)     sched_switch:         cg.C.x:3426 [120] R ==> kworker/38:1:529 [120]
    kworker/38:1-529   [038]     7.038249: (+27)    sched_switch:         kworker/38:1:529 [120] I ==> cg.C.x:3426 [120]
          cg.C.x-3484  [034]     7.070210: (+31961) sched_waking:         comm=kworker/u128:0 pid=11 prio=120 target_cpu=034
          cg.C.x-3484  [034]     7.070219: (+9)     sched_wakeup:         kworker/u128:0:11 [120] CPU:034
          cg.C.x-3484  [034]     7.070225: (+6)     sched_switch:         cg.C.x:3484 [120] R ==> kworker/u128:0:11 [120]
  kworker/u128:0-11    [034]     7.070243: (+18)    sched_switch:         kworker/u128:0:11 [120] I ==> cg.C.x:3484 [120]
          cg.C.x-3422  [004]     7.131267: (+61024) sched_waking:         comm=kworker/u129:26 pid=435 prio=120 target_cpu=004
          cg.C.x-3422  [004]     7.131275: (+8)     sched_wakeup:         kworker/u129:26:435 [120] CPU:004
          cg.C.x-3422  [004]     7.131280: (+5)     sched_switch:         cg.C.x:3422 [120] R ==> kworker/u129:26:435 [120]
 kworker/u129:26-435   [004]     7.131287: (+7)     sched_waking:         comm=sshd pid=1978 prio=120 target_cpu=004
 kworker/u129:26-435   [004]     7.131290: (+3)     sched_wakeup:         sshd:1978 [120] CPU:004
 kworker/u129:26-435   [004]     7.131294: (+4)     sched_switch:         kworker/u129:26:435 [120] I ==> sshd:1978 [120]
            sshd-1978  [004]     7.131387: (+93)    sched_switch:         sshd:1978 [120] S ==> cg.C.x:3422 [120]
          cg.C.x-3422  [004]     7.131389: (+2)     sched_waking:         comm=kworker/u129:26 pid=435 prio=120 target_cpu=004
          cg.C.x-3422  [004]     7.131390: (+1)     sched_wakeup:         kworker/u129:26:435 [120] CPU:004
          cg.C.x-3422  [004]     7.131392: (+2)     sched_switch:         cg.C.x:3422 [120] R ==> kworker/u129:26:435 [120]
 kworker/u129:26-435   [004]     7.131393: (+1)     sched_waking:         comm=sshd pid=1978 prio=120 target_cpu=004
 kworker/u129:26-435   [004]     7.131394: (+1)     sched_wakeup:         sshd:1978 [120] CPU:004
 kworker/u129:26-435   [004]     7.131396: (+2)     sched_switch:         kworker/u129:26:435 [120] I ==> sshd:1978 [120]
            sshd-1978  [004]     7.131419: (+23)    sched_switch:         sshd:1978 [120] S ==> cg.C.x:3422 [120]
          cg.C.x-3423  [000]     7.210209: (+78790) sched_waking:         comm=kworker/0:3 pid=746 prio=120 target_cpu=000
          cg.C.x-3423  [000]     7.210216: (+7)     sched_wakeup:         kworker/0:3:746 [120] CPU:000
          cg.C.x-3423  [000]     7.210221: (+5)     sched_switch:         cg.C.x:3423 [120] R ==> kworker/0:3:746 [120]
     kworker/0:3-746   [000]     7.210266: (+45)    sched_switch:         kworker/0:3:746 [120] I ==> cg.C.x:3423 [120]
          cg.C.x-3422  [004]     7.252274: (+42008) sched_waking:         comm=kworker/u129:26 pid=435 prio=120 target_cpu=004
          cg.C.x-3422  [004]     7.252283: (+9)     sched_wakeup:         kworker/u129:26:435 [120] CPU:004
          cg.C.x-3422  [004]     7.252289: (+6)     sched_switch:         cg.C.x:3422 [120] R ==> kworker/u129:26:435 [120]
 kworker/u129:26-435   [004]     7.252296: (+7)     sched_waking:         comm=sshd pid=1978 prio=120 target_cpu=004
 kworker/u129:26-435   [004]     7.252299: (+3)     sched_wakeup:         sshd:1978 [120] CPU:004
 kworker/u129:26-435   [004]     7.252303: (+4)     sched_switch:         kworker/u129:26:435 [120] I ==> sshd:1978 [120]
            sshd-1978  [004]     7.252398: (+95)    sched_switch:         sshd:1978 [120] S ==> cg.C.x:3422 [120]
          cg.C.x-3422  [004]     7.252401: (+3)     sched_waking:         comm=kworker/u129:26 pid=435 prio=120 target_cpu=004
          cg.C.x-3422  [004]     7.252401: (+0)     sched_wakeup:         kworker/u129:26:435 [120] CPU:004
          cg.C.x-3422  [004]     7.252403: (+2)     sched_switch:         cg.C.x:3422 [120] R ==> kworker/u129:26:435 [120]
 kworker/u129:26-435   [004]     7.252404: (+1)     sched_waking:         comm=sshd pid=1978 prio=120 target_cpu=004
 kworker/u129:26-435   [004]     7.252406: (+2)     sched_wakeup:         sshd:1978 [120] CPU:004
 kworker/u129:26-435   [004]     7.252407: (+1)     sched_switch:         kworker/u129:26:435 [120] I ==> sshd:1978 [120]
            sshd-1978  [004]     7.252430: (+23)    sched_switch:         sshd:1978 [120] S ==> cg.C.x:3422 [120]
          cg.C.x-3422  [004]     7.373204: (+120774) sched_waking:         comm=kworker/u129:26 pid=435 prio=120 target_cpu=004
          cg.C.x-3422  [004]     7.373213: (+9)     sched_wakeup:         kworker/u129:26:435 [120] CPU:004
          cg.C.x-3422  [004]     7.373219: (+6)     sched_switch:         cg.C.x:3422 [120] R ==> kworker/u129:26:435 [120]
 kworker/u129:26-435   [004]     7.373226: (+7)     sched_waking:         comm=sshd pid=1978 prio=120 target_cpu=004
 kworker/u129:26-435   [004]     7.373229: (+3)     sched_wakeup:         sshd:1978 [120] CPU:004
 kworker/u129:26-435   [004]     7.373233: (+4)     sched_switch:         kworker/u129:26:435 [120] I ==> sshd:1978 [120]
            sshd-1978  [004]     7.373329: (+96)    sched_switch:         sshd:1978 [120] S ==> cg.C.x:3422 [120]
          cg.C.x-3422  [004]     7.373330: (+1)     sched_waking:         comm=kworker/u129:26 pid=435 prio=120 target_cpu=004
          cg.C.x-3422  [004]     7.373331: (+1)     sched_wakeup:         kworker/u129:26:435 [120] CPU:004
          cg.C.x-3422  [004]     7.373333: (+2)     sched_switch:         cg.C.x:3422 [120] R ==> kworker/u129:26:435 [120]
 kworker/u129:26-435   [004]     7.373334: (+1)     sched_waking:         comm=sshd pid=1978 prio=120 target_cpu=004
 kworker/u129:26-435   [004]     7.373336: (+2)     sched_wakeup:         sshd:1978 [120] CPU:004
 kworker/u129:26-435   [004]     7.373337: (+1)     sched_switch:         kworker/u129:26:435 [120] I ==> sshd:1978 [120]
            sshd-1978  [004]     7.373360: (+23)    sched_switch:         sshd:1978 [120] S ==> cg.C.x:3422 [120]
          cg.C.x-3434  [014]     7.418208: (+44848) sched_waking:         comm=kcompactd0 pid=474 prio=120 target_cpu=014
          cg.C.x-3428  [005]     7.418208: (+0)     sched_waking:         comm=kcompactd1 pid=475 prio=120 target_cpu=005
          cg.C.x-3423  [000]     7.418209: (+1)     sched_waking:         comm=kworker/0:3 pid=746 prio=120 target_cpu=000
          cg.C.x-3428  [005]     7.418215: (+6)     sched_wakeup:         kcompactd1:475 [120] CPU:005
          cg.C.x-3434  [014]     7.418215: (+0)     sched_wakeup:         kcompactd0:474 [120] CPU:014
          cg.C.x-3423  [000]     7.418215: (+0)     sched_wakeup:         kworker/0:3:746 [120] CPU:000
          cg.C.x-3423  [000]     7.418221: (+6)     sched_switch:         cg.C.x:3423 [120] R ==> kworker/0:3:746 [120]
          cg.C.x-3434  [014]     7.418221: (+0)     sched_switch:         cg.C.x:3434 [120] R ==> kcompactd0:474 [120]
          cg.C.x-3428  [005]     7.418221: (+0)     sched_switch:         cg.C.x:3428 [120] R ==> kcompactd1:475 [120]
      kcompactd1-475   [005]     7.418229: (+8)     sched_switch:         kcompactd1:475 [120] S ==> cg.C.x:3428 [120]
      kcompactd0-474   [014]     7.418229: (+0)     sched_switch:         kcompactd0:474 [120] S ==> cg.C.x:3434 [120]
     kworker/0:3-746   [000]     7.418272: (+43)    sched_switch:         kworker/0:3:746 [120] I ==> cg.C.x:3423 [120]
          cg.C.x-3452  [002]     7.450210: (+31938) sched_waking:         comm=kworker/2:1 pid=708 prio=120 target_cpu=002
          cg.C.x-3452  [002]     7.450219: (+9)     sched_wakeup:         kworker/2:1:708 [120] CPU:002
          cg.C.x-3452  [002]     7.450225: (+6)     sched_switch:         cg.C.x:3452 [120] R ==> kworker/2:1:708 [120]
     kworker/2:1-708   [002]     7.450239: (+14)    sched_switch:         kworker/2:1:708 [120] I ==> cg.C.x:3452 [120]
          cg.C.x-3422  [004]     7.454209: (+3970)  sched_waking:         comm=kworker/4:0 pid=43 prio=120 target_cpu=004
          cg.C.x-3422  [004]     7.454218: (+9)     sched_wakeup:         kworker/4:0:43 [120] CPU:004
          cg.C.x-3422  [004]     7.454224: (+6)     sched_switch:         cg.C.x:3422 [120] R ==> kworker/4:0:43 [120]
     kworker/4:0-43    [004]     7.454236: (+12)    sched_switch:         kworker/4:0:43 [120] I ==> cg.C.x:3422 [120]
          cg.C.x-3423  [000]     7.486210: (+31974) sched_waking:         comm=kworker/0:3 pid=746 prio=120 target_cpu=000
          cg.C.x-3423  [000]     7.486216: (+6)     sched_wakeup:         kworker/0:3:746 [120] CPU:000
          cg.C.x-3423  [000]     7.486226: (+10)    sched_switch:         cg.C.x:3423 [120] R ==> kworker/0:3:746 [120]
     kworker/0:3-746   [000]     7.486411: (+185)   sched_switch:         kworker/0:3:746 [120] I ==> cg.C.x:3423 [120]
          cg.C.x-3422  [004]     7.494182: (+7771)  sched_waking:         comm=kworker/u129:26 pid=435 prio=120 target_cpu=004
          cg.C.x-3422  [004]     7.494189: (+7)     sched_wakeup:         kworker/u129:26:435 [120] CPU:004
          cg.C.x-3422  [004]     7.494195: (+6)     sched_switch:         cg.C.x:3422 [120] R ==> kworker/u129:26:435 [120]
 kworker/u129:26-435   [004]     7.494207: (+12)    sched_waking:         comm=sshd pid=1978 prio=120 target_cpu=004
 kworker/u129:26-435   [004]     7.494209: (+2)     sched_wakeup:         sshd:1978 [120] CPU:004
 kworker/u129:26-435   [004]     7.494213: (+4)     sched_switch:         kworker/u129:26:435 [120] I ==> sshd:1978 [120]
            sshd-1978  [004]     7.494304: (+91)    sched_switch:         sshd:1978 [120] S ==> cg.C.x:3422 [120]
          cg.C.x-3422  [004]     7.494306: (+2)     sched_waking:         comm=kworker/u129:26 pid=435 prio=120 target_cpu=004
          cg.C.x-3422  [004]     7.494307: (+1)     sched_wakeup:         kworker/u129:26:435 [120] CPU:004
          cg.C.x-3422  [004]     7.494308: (+1)     sched_switch:         cg.C.x:3422 [120] R ==> kworker/u129:26:435 [120]
 kworker/u129:26-435   [004]     7.494309: (+1)     sched_waking:         comm=sshd pid=1978 prio=120 target_cpu=004
 kworker/u129:26-435   [004]     7.494311: (+2)     sched_wakeup:         sshd:1978 [120] CPU:004
 kworker/u129:26-435   [004]     7.494312: (+1)     sched_switch:         kworker/u129:26:435 [120] I ==> sshd:1978 [120]
            sshd-1978  [004]     7.494334: (+22)    sched_switch:         sshd:1978 [120] S ==> cg.C.x:3422 [120]
          cg.C.x-3429  [043]     7.593438: (+99104) sched_waking:         comm=ntpd pid=1774 prio=0 target_cpu=043
          cg.C.x-3429  [043]     7.593445: (+7)     sched_wakeup:         ntpd:1774 [0] CPU:043
          cg.C.x-3429  [043]     7.593453: (+8)     sched_switch:         cg.C.x:3429 [120] R ==> ntpd:1774 [0]
            ntpd-1774  [043]     7.593489: (+36)    sched_switch:         ntpd:1774 [0] S ==> cg.C.x:3429 [120]
          cg.C.x-3422  [004]     7.615159: (+21670) sched_waking:         comm=kworker/u129:26 pid=435 prio=120 target_cpu=004
          cg.C.x-3422  [004]     7.615168: (+9)     sched_wakeup:         kworker/u129:26:435 [120] CPU:004
          cg.C.x-3422  [004]     7.615174: (+6)     sched_switch:         cg.C.x:3422 [120] R ==> kworker/u129:26:435 [120]
 kworker/u129:26-435   [004]     7.615180: (+6)     sched_waking:         comm=sshd pid=1978 prio=120 target_cpu=004
 kworker/u129:26-435   [004]     7.615183: (+3)     sched_wakeup:         sshd:1978 [120] CPU:004
 kworker/u129:26-435   [004]     7.615187: (+4)     sched_switch:         kworker/u129:26:435 [120] I ==> sshd:1978 [120]
            sshd-1978  [004]     7.615279: (+92)    sched_switch:         sshd:1978 [120] S ==> cg.C.x:3422 [120]
          cg.C.x-3422  [004]     7.615280: (+1)     sched_waking:         comm=kworker/u129:26 pid=435 prio=120 target_cpu=004
          cg.C.x-3422  [004]     7.615282: (+2)     sched_wakeup:         kworker/u129:26:435 [120] CPU:004
          cg.C.x-3422  [004]     7.615284: (+2)     sched_switch:         cg.C.x:3422 [120] R ==> kworker/u129:26:435 [120]
 kworker/u129:26-435   [004]     7.615285: (+1)     sched_waking:         comm=sshd pid=1978 prio=120 target_cpu=004
 kworker/u129:26-435   [004]     7.615286: (+1)     sched_wakeup:         sshd:1978 [120] CPU:004
 kworker/u129:26-435   [004]     7.615288: (+2)     sched_switch:         kworker/u129:26:435 [120] I ==> sshd:1978 [120]
            sshd-1978  [004]     7.615310: (+22)    sched_switch:         sshd:1978 [120] S ==> cg.C.x:3422 [120]
          cg.C.x-3423  [000]     7.626209: (+10899) sched_waking:         comm=kworker/0:3 pid=746 prio=120 target_cpu=000
          cg.C.x-3423  [000]     7.626216: (+7)     sched_wakeup:         kworker/0:3:746 [120] CPU:000
          cg.C.x-3423  [000]     7.626222: (+6)     sched_switch:         cg.C.x:3423 [120] R ==> kworker/0:3:746 [120]
     kworker/0:3-746   [000]     7.626274: (+52)    sched_switch:         kworker/0:3:746 [120] I ==> cg.C.x:3423 [120]
          cg.C.x-3427  [001]     7.674207: (+47933) sched_waking:         comm=kworker/1:2 pid=470 prio=120 target_cpu=001
          cg.C.x-3427  [001]     7.674215: (+8)     sched_wakeup:         kworker/1:2:470 [120] CPU:001
          cg.C.x-3427  [001]     7.674221: (+6)     sched_switch:         cg.C.x:3427 [120] R ==> kworker/1:2:470 [120]
     kworker/1:2-470   [001]     7.674233: (+12)    sched_switch:         kworker/1:2:470 [120] I ==> cg.C.x:3427 [120]
          cg.C.x-3423  [000]     7.678208: (+3975)  sched_waking:         comm=kworker/u128:0 pid=11 prio=120 target_cpu=034
          cg.C.x-3423  [000]     7.678212: (+4)     sched_migrate_task:   comm=kworker/u128:0 pid=11 prio=120 orig_cpu=34 dest_cpu=0
          cg.C.x-3423  [000]     7.678220: (+8)     sched_wakeup:         kworker/u128:0:11 [120] CPU:000
          cg.C.x-3423  [000]     7.678227: (+7)     sched_switch:         cg.C.x:3423 [120] R ==> kworker/u128:0:11 [120]
  kworker/u128:0-11    [000]     7.678236: (+9)     sched_switch:         kworker/u128:0:11 [120] I ==> cg.C.x:3423 [120]
          cg.C.x-3422  [004]     7.736099: (+57863) sched_waking:         comm=kworker/u129:26 pid=435 prio=120 target_cpu=004
          cg.C.x-3422  [004]     7.736107: (+8)     sched_wakeup:         kworker/u129:26:435 [120] CPU:004
          cg.C.x-3422  [004]     7.736114: (+7)     sched_switch:         cg.C.x:3422 [120] R ==> kworker/u129:26:435 [120]
 kworker/u129:26-435   [004]     7.736120: (+6)     sched_waking:         comm=sshd pid=1978 prio=120 target_cpu=004
 kworker/u129:26-435   [004]     7.736123: (+3)     sched_wakeup:         sshd:1978 [120] CPU:004
 kworker/u129:26-435   [004]     7.736127: (+4)     sched_switch:         kworker/u129:26:435 [120] I ==> sshd:1978 [120]
            sshd-1978  [004]     7.736220: (+93)    sched_switch:         sshd:1978 [120] S ==> cg.C.x:3422 [120]
          cg.C.x-3422  [004]     7.736222: (+2)     sched_waking:         comm=kworker/u129:26 pid=435 prio=120 target_cpu=004
          cg.C.x-3422  [004]     7.736223: (+1)     sched_wakeup:         kworker/u129:26:435 [120] CPU:004
          cg.C.x-3422  [004]     7.736225: (+2)     sched_switch:         cg.C.x:3422 [120] R ==> kworker/u129:26:435 [120]
 kworker/u129:26-435   [004]     7.736226: (+1)     sched_waking:         comm=sshd pid=1978 prio=120 target_cpu=004
 kworker/u129:26-435   [004]     7.736227: (+1)     sched_wakeup:         sshd:1978 [120] CPU:004
 kworker/u129:26-435   [004]     7.736229: (+2)     sched_switch:         kworker/u129:26:435 [120] I ==> sshd:1978 [120]
            sshd-1978  [004]     7.736251: (+22)    sched_switch:         sshd:1978 [120] S ==> cg.C.x:3422 [120]
          cg.C.x-3423  [000]     7.830208: (+93957) sched_waking:         comm=kworker/0:3 pid=746 prio=120 target_cpu=000
          cg.C.x-3423  [000]     7.830216: (+8)     sched_wakeup:         kworker/0:3:746 [120] CPU:000
          cg.C.x-3423  [000]     7.830223: (+7)     sched_switch:         cg.C.x:3423 [120] R ==> kworker/0:3:746 [120]
     kworker/0:3-746   [000]     7.830282: (+59)    sched_switch:         kworker/0:3:746 [120] I ==> cg.C.x:3423 [120]
          cg.C.x-3422  [004]     7.857096: (+26814) sched_waking:         comm=kworker/u129:26 pid=435 prio=120 target_cpu=004
          cg.C.x-3422  [004]     7.857105: (+9)     sched_wakeup:         kworker/u129:26:435 [120] CPU:004
          cg.C.x-3422  [004]     7.857111: (+6)     sched_switch:         cg.C.x:3422 [120] R ==> kworker/u129:26:435 [120]
 kworker/u129:26-435   [004]     7.857118: (+7)     sched_waking:         comm=sshd pid=1978 prio=120 target_cpu=004
 kworker/u129:26-435   [004]     7.857121: (+3)     sched_wakeup:         sshd:1978 [120] CPU:004
 kworker/u129:26-435   [004]     7.857125: (+4)     sched_switch:         kworker/u129:26:435 [120] I ==> sshd:1978 [120]
            sshd-1978  [004]     7.857220: (+95)    sched_switch:         sshd:1978 [120] S ==> cg.C.x:3422 [120]
          cg.C.x-3422  [004]     7.857221: (+1)     sched_waking:         comm=kworker/u129:26 pid=435 prio=120 target_cpu=004
          cg.C.x-3422  [004]     7.857222: (+1)     sched_wakeup:         kworker/u129:26:435 [120] CPU:004
          cg.C.x-3422  [004]     7.857225: (+3)     sched_switch:         cg.C.x:3422 [120] R ==> kworker/u129:26:435 [120]
 kworker/u129:26-435   [004]     7.857226: (+1)     sched_waking:         comm=sshd pid=1978 prio=120 target_cpu=004
 kworker/u129:26-435   [004]     7.857228: (+2)     sched_wakeup:         sshd:1978 [120] CPU:004
 kworker/u129:26-435   [004]     7.857229: (+1)     sched_switch:         kworker/u129:26:435 [120] I ==> sshd:1978 [120]
            sshd-1978  [004]     7.857252: (+23)    sched_switch:         sshd:1978 [120] S ==> cg.C.x:3422 [120]
          cg.C.x-3428  [005]     7.930207: (+72955) sched_waking:         comm=kcompactd1 pid=475 prio=120 target_cpu=005
          cg.C.x-3428  [005]     7.930213: (+6)     sched_wakeup:         kcompactd1:475 [120] CPU:005
          cg.C.x-3428  [005]     7.930215: (+2)     sched_waking:         comm=kworker/5:1 pid=741 prio=120 target_cpu=005
          cg.C.x-3428  [005]     7.930217: (+2)     sched_wakeup:         kworker/5:1:741 [120] CPU:005
          cg.C.x-3428  [005]     7.930222: (+5)     sched_switch:         cg.C.x:3428 [120] R ==> kworker/5:1:741 [120]
     kworker/5:1-741   [005]     7.930245: (+23)    sched_switch:         kworker/5:1:741 [120] I ==> kcompactd1:475 [120]
      kcompactd1-475   [005]     7.930250: (+5)     sched_switch:         kcompactd1:475 [120] S ==> cg.C.x:3428 [120]
          cg.C.x-3424  [060]     7.934206: (+3956)  sched_waking:         comm=kworker/60:1 pid=489 prio=120 target_cpu=060
          cg.C.x-3434  [014]     7.934207: (+1)     sched_waking:         comm=kcompactd0 pid=474 prio=120 target_cpu=014
          cg.C.x-3424  [060]     7.934213: (+6)     sched_wakeup:         kworker/60:1:489 [120] CPU:060
          cg.C.x-3434  [014]     7.934213: (+0)     sched_wakeup:         kcompactd0:474 [120] CPU:014
          cg.C.x-3424  [060]     7.934219: (+6)     sched_switch:         cg.C.x:3424 [120] R ==> kworker/60:1:489 [120]
          cg.C.x-3434  [014]     7.934219: (+0)     sched_switch:         cg.C.x:3434 [120] R ==> kcompactd0:474 [120]
      kcompactd0-474   [014]     7.934230: (+11)    sched_switch:         kcompactd0:474 [120] S ==> cg.C.x:3434 [120]
    kworker/60:1-489   [060]     7.934253: (+23)    sched_switch:         kworker/60:1:489 [120] I ==> cg.C.x:3424 [120]
          cg.C.x-3422  [004]     7.978083: (+43830) sched_waking:         comm=kworker/u129:26 pid=435 prio=120 target_cpu=004
          cg.C.x-3422  [004]     7.978092: (+9)     sched_wakeup:         kworker/u129:26:435 [120] CPU:004
          cg.C.x-3422  [004]     7.978098: (+6)     sched_switch:         cg.C.x:3422 [120] R ==> kworker/u129:26:435 [120]
 kworker/u129:26-435   [004]     7.978104: (+6)     sched_waking:         comm=sshd pid=1978 prio=120 target_cpu=004
 kworker/u129:26-435   [004]     7.978107: (+3)     sched_wakeup:         sshd:1978 [120] CPU:004
 kworker/u129:26-435   [004]     7.978111: (+4)     sched_switch:         kworker/u129:26:435 [120] I ==> sshd:1978 [120]
            sshd-1978  [004]     7.978228: (+117)   sched_switch:         sshd:1978 [120] S ==> cg.C.x:3422 [120]
          cg.C.x-3422  [004]     7.978229: (+1)     sched_waking:         comm=kworker/u129:26 pid=435 prio=120 target_cpu=004
          cg.C.x-3422  [004]     7.978231: (+2)     sched_wakeup:         kworker/u129:26:435 [120] CPU:004
          cg.C.x-3422  [004]     7.978233: (+2)     sched_switch:         cg.C.x:3422 [120] R ==> kworker/u129:26:435 [120]
 kworker/u129:26-435   [004]     7.978234: (+1)     sched_waking:         comm=sshd pid=1978 prio=120 target_cpu=004
 kworker/u129:26-435   [004]     7.978236: (+2)     sched_wakeup:         sshd:1978 [120] CPU:004
 kworker/u129:26-435   [004]     7.978237: (+1)     sched_switch:         kworker/u129:26:435 [120] I ==> sshd:1978 [120]
            sshd-1978  [004]     7.978260: (+23)    sched_switch:         sshd:1978 [120] S ==> cg.C.x:3422 [120]
          cg.C.x-3426  [038]     8.030207: (+51947) sched_waking:         comm=kworker/38:1 pid=529 prio=120 target_cpu=038
          cg.C.x-3426  [038]     8.030215: (+8)     sched_wakeup:         kworker/38:1:529 [120] CPU:038
          cg.C.x-3426  [038]     8.030221: (+6)     sched_switch:         cg.C.x:3426 [120] R ==> kworker/38:1:529 [120]
    kworker/38:1-529   [038]     8.030233: (+12)    sched_switch:         kworker/38:1:529 [120] I ==> cg.C.x:3426 [120]
          cg.C.x-3423  [000]     8.038206: (+7973)  sched_waking:         comm=kworker/0:3 pid=746 prio=120 target_cpu=000
          cg.C.x-3423  [000]     8.038213: (+7)     sched_wakeup:         kworker/0:3:746 [120] CPU:000
          cg.C.x-3423  [000]     8.038219: (+6)     sched_switch:         cg.C.x:3423 [120] R ==> kworker/0:3:746 [120]
     kworker/0:3-746   [000]     8.038267: (+48)    sched_switch:         kworker/0:3:746 [120] I ==> cg.C.x:3423 [120]
          cg.C.x-3426  [038]     8.062207: (+23940) sched_waking:         comm=kworker/38:1 pid=529 prio=120 target_cpu=038
          cg.C.x-3426  [038]     8.062214: (+7)     sched_wakeup:         kworker/38:1:529 [120] CPU:038
          cg.C.x-3426  [038]     8.062221: (+7)     sched_switch:         cg.C.x:3426 [120] R ==> kworker/38:1:529 [120]
    kworker/38:1-529   [038]     8.062247: (+26)    sched_switch:         kworker/38:1:529 [120] I ==> cg.C.x:3426 [120]
          cg.C.x-3484  [034]     8.094206: (+31959) sched_waking:         comm=kworker/u128:0 pid=11 prio=120 target_cpu=000
          cg.C.x-3484  [034]     8.094210: (+4)     sched_migrate_task:   comm=kworker/u128:0 pid=11 prio=120 orig_cpu=0 dest_cpu=34
          cg.C.x-3484  [034]     8.094218: (+8)     sched_wakeup:         kworker/u128:0:11 [120] CPU:034
          cg.C.x-3484  [034]     8.094220: (+2)     sched_waking:         comm=kworker/34:1 pid=504 prio=120 target_cpu=034
          cg.C.x-3484  [034]     8.094221: (+1)     sched_wakeup:         kworker/34:1:504 [120] CPU:034
          cg.C.x-3484  [034]     8.094226: (+5)     sched_switch:         cg.C.x:3484 [120] R ==> kworker/34:1:504 [120]
    kworker/34:1-504   [034]     8.094237: (+11)    sched_switch:         kworker/34:1:504 [120] I ==> kworker/u128:0:11 [120]
  kworker/u128:0-11    [034]     8.094251: (+14)    sched_switch:         kworker/u128:0:11 [120] I ==> cg.C.x:3484 [120]
          cg.C.x-3422  [004]     8.099066: (+4815)  sched_waking:         comm=kworker/u129:26 pid=435 prio=120 target_cpu=004
          cg.C.x-3422  [004]     8.099074: (+8)     sched_wakeup:         kworker/u129:26:435 [120] CPU:004
          cg.C.x-3422  [004]     8.099080: (+6)     sched_switch:         cg.C.x:3422 [120] R ==> kworker/u129:26:435 [120]
 kworker/u129:26-435   [004]     8.099086: (+6)     sched_waking:         comm=sshd pid=1978 prio=120 target_cpu=004
 kworker/u129:26-435   [004]     8.099088: (+2)     sched_wakeup:         sshd:1978 [120] CPU:004
 kworker/u129:26-435   [004]     8.099093: (+5)     sched_switch:         kworker/u129:26:435 [120] I ==> sshd:1978 [120]
            sshd-1978  [004]     8.099187: (+94)    sched_switch:         sshd:1978 [120] S ==> cg.C.x:3422 [120]
          cg.C.x-3422  [004]     8.099188: (+1)     sched_waking:         comm=kworker/u129:26 pid=435 prio=120 target_cpu=004
          cg.C.x-3422  [004]     8.099189: (+1)     sched_wakeup:         kworker/u129:26:435 [120] CPU:004
          cg.C.x-3422  [004]     8.099191: (+2)     sched_switch:         cg.C.x:3422 [120] R ==> kworker/u129:26:435 [120]
 kworker/u129:26-435   [004]     8.099192: (+1)     sched_waking:         comm=sshd pid=1978 prio=120 target_cpu=004
 kworker/u129:26-435   [004]     8.099193: (+1)     sched_wakeup:         sshd:1978 [120] CPU:004
 kworker/u129:26-435   [004]     8.099195: (+2)     sched_switch:         kworker/u129:26:435 [120] I ==> sshd:1978 [120]
            sshd-1978  [004]     8.099217: (+22)    sched_switch:         sshd:1978 [120] S ==> cg.C.x:3422 [120]
          cg.C.x-3422  [004]     8.219976: (+120759) sched_waking:         comm=kworker/u129:26 pid=435 prio=120 target_cpu=004
          cg.C.x-3422  [004]     8.219985: (+9)     sched_wakeup:         kworker/u129:26:435 [120] CPU:004
          cg.C.x-3422  [004]     8.219990: (+5)     sched_switch:         cg.C.x:3422 [120] R ==> kworker/u129:26:435 [120]
 kworker/u129:26-435   [004]     8.219997: (+7)     sched_waking:         comm=sshd pid=1978 prio=120 target_cpu=004
 kworker/u129:26-435   [004]     8.220000: (+3)     sched_wakeup:         sshd:1978 [120] CPU:004
 kworker/u129:26-435   [004]     8.220004: (+4)     sched_switch:         kworker/u129:26:435 [120] I ==> sshd:1978 [120]
            sshd-1978  [004]     8.220096: (+92)    sched_switch:         sshd:1978 [120] S ==> cg.C.x:3422 [120]
          cg.C.x-3422  [004]     8.220098: (+2)     sched_waking:         comm=kworker/u129:26 pid=435 prio=120 target_cpu=004
          cg.C.x-3422  [004]     8.220099: (+1)     sched_wakeup:         kworker/u129:26:435 [120] CPU:004
          cg.C.x-3422  [004]     8.220101: (+2)     sched_switch:         cg.C.x:3422 [120] R ==> kworker/u129:26:435 [120]
 kworker/u129:26-435   [004]     8.220102: (+1)     sched_waking:         comm=sshd pid=1978 prio=120 target_cpu=004
 kworker/u129:26-435   [004]     8.220103: (+1)     sched_wakeup:         sshd:1978 [120] CPU:004
 kworker/u129:26-435   [004]     8.220105: (+2)     sched_switch:         kworker/u129:26:435 [120] I ==> sshd:1978 [120]
            sshd-1978  [004]     8.220128: (+23)    sched_switch:         sshd:1978 [120] S ==> cg.C.x:3422 [120]
          cg.C.x-3423  [000]     8.246207: (+26079) sched_waking:         comm=kworker/0:3 pid=746 prio=120 target_cpu=000
          cg.C.x-3423  [000]     8.246215: (+8)     sched_wakeup:         kworker/0:3:746 [120] CPU:000
          cg.C.x-3423  [000]     8.246221: (+6)     sched_switch:         cg.C.x:3423 [120] R ==> kworker/0:3:746 [120]
     kworker/0:3-746   [000]     8.246275: (+54)    sched_switch:         kworker/0:3:746 [120] I ==> cg.C.x:3423 [120]
          cg.C.x-3422  [004]     8.340958: (+94683) sched_waking:         comm=kworker/u129:26 pid=435 prio=120 target_cpu=004
          cg.C.x-3422  [004]     8.340967: (+9)     sched_wakeup:         kworker/u129:26:435 [120] CPU:004
          cg.C.x-3422  [004]     8.340973: (+6)     sched_switch:         cg.C.x:3422 [120] R ==> kworker/u129:26:435 [120]
 kworker/u129:26-435   [004]     8.340979: (+6)     sched_waking:         comm=sshd pid=1978 prio=120 target_cpu=004
 kworker/u129:26-435   [004]     8.340982: (+3)     sched_wakeup:         sshd:1978 [120] CPU:004
 kworker/u129:26-435   [004]     8.340986: (+4)     sched_switch:         kworker/u129:26:435 [120] I ==> sshd:1978 [120]
            sshd-1978  [004]     8.341080: (+94)    sched_switch:         sshd:1978 [120] S ==> cg.C.x:3422 [120]
          cg.C.x-3422  [004]     8.341082: (+2)     sched_waking:         comm=kworker/u129:26 pid=435 prio=120 target_cpu=004
          cg.C.x-3422  [004]     8.341083: (+1)     sched_wakeup:         kworker/u129:26:435 [120] CPU:004
          cg.C.x-3422  [004]     8.341085: (+2)     sched_switch:         cg.C.x:3422 [120] R ==> kworker/u129:26:435 [120]
 kworker/u129:26-435   [004]     8.341086: (+1)     sched_waking:         comm=sshd pid=1978 prio=120 target_cpu=004
 kworker/u129:26-435   [004]     8.341088: (+2)     sched_wakeup:         sshd:1978 [120] CPU:004
 kworker/u129:26-435   [004]     8.341089: (+1)     sched_switch:         kworker/u129:26:435 [120] I ==> sshd:1978 [120]
            sshd-1978  [004]     8.341112: (+23)    sched_switch:         sshd:1978 [120] S ==> cg.C.x:3422 [120]
          cg.C.x-3428  [005]     8.446204: (+105092) sched_waking:         comm=kcompactd1 pid=475 prio=120 target_cpu=005
          cg.C.x-3434  [014]     8.446204: (+0)     sched_waking:         comm=kcompactd0 pid=474 prio=120 target_cpu=014
          cg.C.x-3428  [005]     8.446211: (+7)     sched_wakeup:         kcompactd1:475 [120] CPU:005
          cg.C.x-3434  [014]     8.446213: (+2)     sched_wakeup:         kcompactd0:474 [120] CPU:014
          cg.C.x-3434  [014]     8.446220: (+7)     sched_switch:         cg.C.x:3434 [120] R ==> kcompactd0:474 [120]
          cg.C.x-3428  [005]     8.446221: (+1)     sched_switch:         cg.C.x:3428 [120] R ==> kcompactd1:475 [120]
      kcompactd1-475   [005]     8.446228: (+7)     sched_switch:         kcompactd1:475 [120] S ==> cg.C.x:3428 [120]
      kcompactd0-474   [014]     8.446230: (+2)     sched_switch:         kcompactd0:474 [120] S ==> cg.C.x:3434 [120]
          cg.C.x-3423  [000]     8.454205: (+7975)  sched_waking:         comm=kworker/0:3 pid=746 prio=120 target_cpu=000
          cg.C.x-3423  [000]     8.454213: (+8)     sched_wakeup:         kworker/0:3:746 [120] CPU:000
          cg.C.x-3423  [000]     8.454219: (+6)     sched_switch:         cg.C.x:3423 [120] R ==> kworker/0:3:746 [120]
     kworker/0:3-746   [000]     8.454271: (+52)    sched_switch:         kworker/0:3:746 [120] I ==> cg.C.x:3423 [120]
          cg.C.x-3422  [004]     8.461934: (+7663)  sched_waking:         comm=kworker/u129:26 pid=435 prio=120 target_cpu=004
          cg.C.x-3422  [004]     8.461943: (+9)     sched_wakeup:         kworker/u129:26:435 [120] CPU:004
          cg.C.x-3422  [004]     8.461949: (+6)     sched_switch:         cg.C.x:3422 [120] R ==> kworker/u129:26:435 [120]
 kworker/u129:26-435   [004]     8.461956: (+7)     sched_waking:         comm=sshd pid=1978 prio=120 target_cpu=004
 kworker/u129:26-435   [004]     8.461958: (+2)     sched_wakeup:         sshd:1978 [120] CPU:004
 kworker/u129:26-435   [004]     8.461962: (+4)     sched_switch:         kworker/u129:26:435 [120] I ==> sshd:1978 [120]
            sshd-1978  [004]     8.462058: (+96)    sched_switch:         sshd:1978 [120] S ==> cg.C.x:3422 [120]
          cg.C.x-3422  [004]     8.462060: (+2)     sched_waking:         comm=kworker/u129:26 pid=435 prio=120 target_cpu=004
          cg.C.x-3422  [004]     8.462061: (+1)     sched_wakeup:         kworker/u129:26:435 [120] CPU:004
          cg.C.x-3422  [004]     8.462063: (+2)     sched_switch:         cg.C.x:3422 [120] R ==> kworker/u129:26:435 [120]
 kworker/u129:26-435   [004]     8.462064: (+1)     sched_waking:         comm=sshd pid=1978 prio=120 target_cpu=004
 kworker/u129:26-435   [004]     8.462065: (+1)     sched_wakeup:         sshd:1978 [120] CPU:004
 kworker/u129:26-435   [004]     8.462067: (+2)     sched_switch:         kworker/u129:26:435 [120] I ==> sshd:1978 [120]
            sshd-1978  [004]     8.462089: (+22)    sched_switch:         sshd:1978 [120] S ==> cg.C.x:3422 [120]
          cg.C.x-3452  [002]     8.478206: (+16117) sched_waking:         comm=kworker/2:1 pid=708 prio=120 target_cpu=002
          cg.C.x-3423  [000]     8.478208: (+2)     sched_waking:         comm=kworker/0:3 pid=746 prio=120 target_cpu=000
          cg.C.x-3452  [002]     8.478214: (+6)     sched_wakeup:         kworker/2:1:708 [120] CPU:002
          cg.C.x-3423  [000]     8.478214: (+0)     sched_wakeup:         kworker/0:3:746 [120] CPU:000
          cg.C.x-3423  [000]     8.478220: (+6)     sched_switch:         cg.C.x:3423 [120] R ==> kworker/0:3:746 [120]
          cg.C.x-3452  [002]     8.478220: (+0)     sched_switch:         cg.C.x:3452 [120] R ==> kworker/2:1:708 [120]
     kworker/2:1-708   [002]     8.478232: (+12)    sched_switch:         kworker/2:1:708 [120] I ==> cg.C.x:3452 [120]
     kworker/0:3-746   [000]     8.478303: (+71)    sched_switch:         kworker/0:3:746 [120] I ==> cg.C.x:3423 [120]
          cg.C.x-3422  [004]     8.582904: (+104601) sched_waking:         comm=kworker/u129:26 pid=435 prio=120 target_cpu=004
          cg.C.x-3422  [004]     8.582913: (+9)     sched_wakeup:         kworker/u129:26:435 [120] CPU:004
          cg.C.x-3422  [004]     8.582918: (+5)     sched_switch:         cg.C.x:3422 [120] R ==> kworker/u129:26:435 [120]
 kworker/u129:26-435   [004]     8.582924: (+6)     sched_waking:         comm=sshd pid=1978 prio=120 target_cpu=004
 kworker/u129:26-435   [004]     8.582927: (+3)     sched_wakeup:         sshd:1978 [120] CPU:004
 kworker/u129:26-435   [004]     8.582932: (+5)     sched_switch:         kworker/u129:26:435 [120] I ==> sshd:1978 [120]
            sshd-1978  [004]     8.583025: (+93)    sched_switch:         sshd:1978 [120] S ==> cg.C.x:3422 [120]
          cg.C.x-3422  [004]     8.583026: (+1)     sched_waking:         comm=kworker/u129:26 pid=435 prio=120 target_cpu=004
          cg.C.x-3422  [004]     8.583028: (+2)     sched_wakeup:         kworker/u129:26:435 [120] CPU:004
          cg.C.x-3422  [004]     8.583030: (+2)     sched_switch:         cg.C.x:3422 [120] R ==> kworker/u129:26:435 [120]
 kworker/u129:26-435   [004]     8.583031: (+1)     sched_waking:         comm=sshd pid=1978 prio=120 target_cpu=004
 kworker/u129:26-435   [004]     8.583032: (+1)     sched_wakeup:         sshd:1978 [120] CPU:004
 kworker/u129:26-435   [004]     8.583034: (+2)     sched_switch:         kworker/u129:26:435 [120] I ==> sshd:1978 [120]
            sshd-1978  [004]     8.583056: (+22)    sched_switch:         sshd:1978 [120] S ==> cg.C.x:3422 [120]
          cg.C.x-3429  [043]     8.593435: (+10379) sched_waking:         comm=ntpd pid=1774 prio=0 target_cpu=043
          cg.C.x-3429  [043]     8.593443: (+8)     sched_wakeup:         ntpd:1774 [0] CPU:043
          cg.C.x-3429  [043]     8.593451: (+8)     sched_switch:         cg.C.x:3429 [120] R ==> ntpd:1774 [0]
            ntpd-1774  [043]     8.593485: (+34)    sched_switch:         ntpd:1774 [0] S ==> cg.C.x:3429 [120]
          cg.C.x-3423  [000]     8.662206: (+68721) sched_waking:         comm=kworker/0:3 pid=746 prio=120 target_cpu=000
          cg.C.x-3423  [000]     8.662213: (+7)     sched_wakeup:         kworker/0:3:746 [120] CPU:000
          cg.C.x-3423  [000]     8.662219: (+6)     sched_switch:         cg.C.x:3423 [120] R ==> kworker/0:3:746 [120]
     kworker/0:3-746   [000]     8.662274: (+55)    sched_switch:         kworker/0:3:746 [120] I ==> cg.C.x:3423 [120]
          cg.C.x-3427  [001]     8.702205: (+39931) sched_waking:         comm=kworker/1:2 pid=470 prio=120 target_cpu=001
          cg.C.x-3427  [001]     8.702211: (+6)     sched_wakeup:         kworker/1:2:470 [120] CPU:001
          cg.C.x-3427  [001]     8.702217: (+6)     sched_switch:         cg.C.x:3427 [120] R ==> kworker/1:2:470 [120]
     kworker/1:2-470   [001]     8.702232: (+15)    sched_switch:         kworker/1:2:470 [120] I ==> cg.C.x:3427 [120]
          cg.C.x-3422  [004]     8.703881: (+1649)  sched_waking:         comm=kworker/u129:26 pid=435 prio=120 target_cpu=004
          cg.C.x-3422  [004]     8.703888: (+7)     sched_wakeup:         kworker/u129:26:435 [120] CPU:004
          cg.C.x-3422  [004]     8.703894: (+6)     sched_switch:         cg.C.x:3422 [120] R ==> kworker/u129:26:435 [120]
 kworker/u129:26-435   [004]     8.703900: (+6)     sched_waking:         comm=sshd pid=1978 prio=120 target_cpu=004
 kworker/u129:26-435   [004]     8.703903: (+3)     sched_wakeup:         sshd:1978 [120] CPU:004
 kworker/u129:26-435   [004]     8.703907: (+4)     sched_switch:         kworker/u129:26:435 [120] I ==> sshd:1978 [120]
            sshd-1978  [004]     8.704005: (+98)    sched_switch:         sshd:1978 [120] S ==> cg.C.x:3422 [120]
          cg.C.x-3422  [004]     8.704006: (+1)     sched_waking:         comm=kworker/u129:26 pid=435 prio=120 target_cpu=004
          cg.C.x-3422  [004]     8.704007: (+1)     sched_wakeup:         kworker/u129:26:435 [120] CPU:004
          cg.C.x-3422  [004]     8.704010: (+3)     sched_switch:         cg.C.x:3422 [120] R ==> kworker/u129:26:435 [120]
 kworker/u129:26-435   [004]     8.704011: (+1)     sched_waking:         comm=sshd pid=1978 prio=120 target_cpu=004
 kworker/u129:26-435   [004]     8.704012: (+1)     sched_wakeup:         sshd:1978 [120] CPU:004
 kworker/u129:26-435   [004]     8.704013: (+1)     sched_switch:         kworker/u129:26:435 [120] I ==> sshd:1978 [120]
            sshd-1978  [004]     8.704036: (+23)    sched_switch:         sshd:1978 [120] S ==> cg.C.x:3422 [120]
          cg.C.x-3437  [057]     8.720243: (+16207) sched_waking:         comm=haveged pid=1077 prio=120 target_cpu=057
          cg.C.x-3437  [057]     8.720252: (+9)     sched_wakeup:         haveged:1077 [120] CPU:057
          cg.C.x-3437  [057]     8.720259: (+7)     sched_switch:         cg.C.x:3437 [120] R ==> haveged:1077 [120]
         haveged-1077  [057]     8.720281: (+22)    sched_switch:         haveged:1077 [120] S ==> cg.C.x:3437 [120]
          cg.C.x-3437  [057]     8.734205: (+13924) sched_waking:         comm=kworker/57:0 pid=361 prio=120 target_cpu=057
          cg.C.x-3437  [057]     8.734211: (+6)     sched_wakeup:         kworker/57:0:361 [120] CPU:057
          cg.C.x-3437  [057]     8.734216: (+5)     sched_switch:         cg.C.x:3437 [120] R ==> kworker/57:0:361 [120]
    kworker/57:0-361   [057]     8.734240: (+24)    sched_switch:         kworker/57:0:361 [120] I ==> cg.C.x:3437 [120]
          cg.C.x-3434  [014]     8.798205: (+63965) sched_waking:         comm=kworker/14:1 pid=711 prio=120 target_cpu=014
          cg.C.x-3422  [004]     8.798205: (+0)     sched_waking:         comm=kworker/u129:26 pid=435 prio=120 target_cpu=004
          cg.C.x-3434  [014]     8.798213: (+8)     sched_wakeup:         kworker/14:1:711 [120] CPU:014
          cg.C.x-3422  [004]     8.798213: (+0)     sched_wakeup:         kworker/u129:26:435 [120] CPU:004
          cg.C.x-3434  [014]     8.798218: (+5)     sched_switch:         cg.C.x:3434 [120] R ==> kworker/14:1:711 [120]
          cg.C.x-3422  [004]     8.798219: (+1)     sched_switch:         cg.C.x:3422 [120] R ==> kworker/u129:26:435 [120]
    kworker/14:1-711   [014]     8.798243: (+24)    sched_switch:         kworker/14:1:711 [120] I ==> cg.C.x:3434 [120]
 kworker/u129:26-435   [004]     8.798744: (+501)   sched_switch:         kworker/u129:26:435 [120] I ==> cg.C.x:3422 [120]
          cg.C.x-3422  [004]     8.824772: (+26028) sched_waking:         comm=kworker/u129:26 pid=435 prio=120 target_cpu=004
          cg.C.x-3422  [004]     8.824779: (+7)     sched_wakeup:         kworker/u129:26:435 [120] CPU:004
          cg.C.x-3422  [004]     8.824785: (+6)     sched_switch:         cg.C.x:3422 [120] R ==> kworker/u129:26:435 [120]
 kworker/u129:26-435   [004]     8.824792: (+7)     sched_waking:         comm=sshd pid=1978 prio=120 target_cpu=004
 kworker/u129:26-435   [004]     8.824795: (+3)     sched_wakeup:         sshd:1978 [120] CPU:004
 kworker/u129:26-435   [004]     8.824800: (+5)     sched_switch:         kworker/u129:26:435 [120] I ==> sshd:1978 [120]
            sshd-1978  [004]     8.824898: (+98)    sched_switch:         sshd:1978 [120] S ==> cg.C.x:3422 [120]
          cg.C.x-3422  [004]     8.824900: (+2)     sched_waking:         comm=kworker/u129:26 pid=435 prio=120 target_cpu=004
          cg.C.x-3422  [004]     8.824901: (+1)     sched_wakeup:         kworker/u129:26:435 [120] CPU:004
          cg.C.x-3422  [004]     8.824903: (+2)     sched_switch:         cg.C.x:3422 [120] R ==> kworker/u129:26:435 [120]
 kworker/u129:26-435   [004]     8.824904: (+1)     sched_waking:         comm=sshd pid=1978 prio=120 target_cpu=004
 kworker/u129:26-435   [004]     8.824905: (+1)     sched_wakeup:         sshd:1978 [120] CPU:004
 kworker/u129:26-435   [004]     8.824906: (+1)     sched_switch:         kworker/u129:26:435 [120] I ==> cg.C.x:3422 [120]
          cg.C.x-3422  [004]     8.826206: (+1300)  sched_switch:         cg.C.x:3422 [120] R ==> sshd:1978 [120]
            sshd-1978  [004]     8.826278: (+72)    sched_switch:         sshd:1978 [120] S ==> cg.C.x:3422 [120]
          cg.C.x-3429  [043]     8.858203: (+31925) sched_waking:         comm=nslcd pid=1857 prio=120 target_cpu=043
          cg.C.x-3429  [043]     8.858216: (+13)    sched_wakeup:         nslcd:1857 [120] CPU:043
          cg.C.x-3429  [043]     8.858223: (+7)     sched_switch:         cg.C.x:3429 [120] R ==> nslcd:1857 [120]
           nslcd-1857  [043]     8.858265: (+42)    sched_switch:         nslcd:1857 [120] S ==> cg.C.x:3429 [120]
          cg.C.x-3423  [000]     8.870205: (+11940) sched_waking:         comm=kworker/0:3 pid=746 prio=120 target_cpu=000
          cg.C.x-3423  [000]     8.870213: (+8)     sched_wakeup:         kworker/0:3:746 [120] CPU:000
          cg.C.x-3423  [000]     8.870220: (+7)     sched_switch:         cg.C.x:3423 [120] R ==> kworker/0:3:746 [120]
     kworker/0:3-746   [000]     8.870276: (+56)    sched_switch:         kworker/0:3:746 [120] I ==> cg.C.x:3423 [120]
          cg.C.x-3422  [004]     8.945853: (+75577) sched_waking:         comm=kworker/u129:26 pid=435 prio=120 target_cpu=004
          cg.C.x-3422  [004]     8.945862: (+9)     sched_wakeup:         kworker/u129:26:435 [120] CPU:004
          cg.C.x-3422  [004]     8.945868: (+6)     sched_switch:         cg.C.x:3422 [120] R ==> kworker/u129:26:435 [120]
 kworker/u129:26-435   [004]     8.945875: (+7)     sched_waking:         comm=sshd pid=1978 prio=120 target_cpu=004
 kworker/u129:26-435   [004]     8.945877: (+2)     sched_wakeup:         sshd:1978 [120] CPU:004
 kworker/u129:26-435   [004]     8.945882: (+5)     sched_switch:         kworker/u129:26:435 [120] I ==> sshd:1978 [120]
            sshd-1978  [004]     8.945976: (+94)    sched_switch:         sshd:1978 [120] S ==> cg.C.x:3422 [120]
          cg.C.x-3422  [004]     8.945978: (+2)     sched_waking:         comm=kworker/u129:26 pid=435 prio=120 target_cpu=004
          cg.C.x-3422  [004]     8.945979: (+1)     sched_wakeup:         kworker/u129:26:435 [120] CPU:004
          cg.C.x-3422  [004]     8.945981: (+2)     sched_switch:         cg.C.x:3422 [120] R ==> kworker/u129:26:435 [120]
 kworker/u129:26-435   [004]     8.945982: (+1)     sched_waking:         comm=sshd pid=1978 prio=120 target_cpu=004
 kworker/u129:26-435   [004]     8.945983: (+1)     sched_wakeup:         sshd:1978 [120] CPU:004
 kworker/u129:26-435   [004]     8.945985: (+2)     sched_switch:         kworker/u129:26:435 [120] I ==> sshd:1978 [120]
            sshd-1978  [004]     8.946007: (+22)    sched_switch:         sshd:1978 [120] S ==> cg.C.x:3422 [120]
          cg.C.x-3428  [005]     8.954205: (+8198)  sched_waking:         comm=kcompactd1 pid=475 prio=120 target_cpu=005
          cg.C.x-3424  [060]     8.954207: (+2)     sched_waking:         comm=kworker/60:1 pid=489 prio=120 target_cpu=060
          cg.C.x-3428  [005]     8.954212: (+5)     sched_wakeup:         kcompactd1:475 [120] CPU:005
          cg.C.x-3424  [060]     8.954214: (+2)     sched_wakeup:         kworker/60:1:489 [120] CPU:060
          cg.C.x-3428  [005]     8.954217: (+3)     sched_switch:         cg.C.x:3428 [120] R ==> kcompactd1:475 [120]
          cg.C.x-3424  [060]     8.954221: (+4)     sched_switch:         cg.C.x:3424 [120] R ==> kworker/60:1:489 [120]
      kcompactd1-475   [005]     8.954225: (+4)     sched_switch:         kcompactd1:475 [120] S ==> cg.C.x:3428 [120]
    kworker/60:1-489   [060]     8.954251: (+26)    sched_switch:         kworker/60:1:489 [120] I ==> cg.C.x:3424 [120]
          cg.C.x-3434  [014]     8.958202: (+3951)  sched_waking:         comm=kcompactd0 pid=474 prio=120 target_cpu=014
          cg.C.x-3434  [014]     8.958211: (+9)     sched_wakeup:         kcompactd0:474 [120] CPU:014
          cg.C.x-3434  [014]     8.958216: (+5)     sched_switch:         cg.C.x:3434 [120] R ==> kcompactd0:474 [120]
      kcompactd0-474   [014]     8.958225: (+9)     sched_switch:         kcompactd0:474 [120] S ==> cg.C.x:3434 [120]
          cg.C.x-3435  [061]     8.990856: (+32631) sched_waking:         comm=automount pid=1888 prio=120 target_cpu=061
          cg.C.x-3435  [061]     8.990869: (+13)    sched_wakeup:         automount:1888 [120] CPU:061
          cg.C.x-3435  [061]     8.990875: (+6)     sched_switch:         cg.C.x:3435 [120] R ==> automount:1888 [120]
       automount-1888  [061]     8.990898: (+23)    sched_waking:         comm=automount pid=1889 prio=120 target_cpu=063
       automount-1888  [061]     8.990903: (+5)     sched_migrate_task:   comm=automount pid=1889 prio=120 orig_cpu=63 dest_cpu=61
       automount-1888  [061]     8.990909: (+6)     sched_wakeup:         automount:1889 [120] CPU:061
       automount-1888  [061]     8.990918: (+9)     sched_switch:         automount:1888 [120] S ==> cg.C.x:3435 [120]
          cg.C.x-3435  [061]     8.994207: (+3289)  sched_switch:         cg.C.x:3435 [120] R ==> automount:1889 [120]
       automount-1889  [061]     8.994272: (+65)    sched_process_fork:   comm=automount pid=1889 child_comm=automount child_pid=3487
       automount-1889  [061]     8.994306: (+34)    sched_wakeup_new:     automount:3487 [120] CPU:002
       automount-1889  [061]     8.994318: (+12)    sched_switch:         automount:1889 [120] S ==> cg.C.x:3435 [120]
          cg.C.x-3452  [002]     8.998211: (+3893)  sched_switch:         cg.C.x:3452 [120] R ==> automount:3487 [120]
       automount-3487  [002]     8.998234: (+23)    sched_waking:         comm=automount pid=1889 prio=120 target_cpu=061
          cg.C.x-3435  [061]     8.998251: (+17)    sched_wakeup:         automount:1889 [120] CPU:061
          cg.C.x-3435  [061]     8.998256: (+5)     sched_switch:         cg.C.x:3435 [120] R ==> automount:1889 [120]
       automount-1889  [061]     8.998272: (+16)    sched_switch:         automount:1889 [120] S ==> cg.C.x:3435 [120]
       automount-3487  [002]     8.998311: (+39)    sched_waking:         comm=automount pid=1888 prio=120 target_cpu=061
       automount-3487  [002]     8.998316: (+5)     sched_waking:         comm=automount pid=1889 prio=120 target_cpu=061
          cg.C.x-3435  [061]     8.998319: (+3)     sched_wakeup:         automount:1888 [120] CPU:061
          cg.C.x-3435  [061]     8.998323: (+4)     sched_wakeup:         automount:1889 [120] CPU:061
          cg.C.x-3435  [061]     8.998325: (+2)     sched_switch:         cg.C.x:3435 [120] R ==> automount:1888 [120]
       automount-1888  [061]     8.998338: (+13)    sched_switch:         automount:1888 [120] S ==> automount:1889 [120]
       automount-1889  [061]     8.998347: (+9)     sched_switch:         automount:1889 [120] S ==> cg.C.x:3435 [120]
       automount-3487  [002]     8.998354: (+7)     sched_process_exit:   comm=automount pid=3487 prio=120
       automount-3487  [002]     8.998385: (+31)    sched_switch:         automount:3487 [120] X ==> cg.C.x:3452 [120]
          cg.C.x-3452  [002]     9.002204: (+3819)  sched_waking:         comm=rcu_preempt pid=17 prio=120 target_cpu=017
          cg.C.x-3425  [017]     9.002214: (+10)    sched_wakeup:         rcu_preempt:17 [120] CPU:017
          cg.C.x-3425  [017]     9.002218: (+4)     sched_switch:         cg.C.x:3425 [120] R ==> rcu_preempt:17 [120]
     rcu_preempt-17    [017]     9.002229: (+11)    sched_switch:         rcu_preempt:17 [120] I ==> cg.C.x:3425 [120]
          cg.C.x-3427  [001]     9.010201: (+7972)  sched_waking:         comm=rpcbind pid=1078 prio=120 target_cpu=001
          cg.C.x-3425  [017]     9.010204: (+3)     sched_waking:         comm=rcu_preempt pid=17 prio=120 target_cpu=017
          cg.C.x-3425  [017]     9.010209: (+5)     sched_wakeup:         rcu_preempt:17 [120] CPU:017
          cg.C.x-3427  [001]     9.010213: (+4)     sched_wakeup:         rpcbind:1078 [120] CPU:001
          cg.C.x-3427  [001]     9.010218: (+5)     sched_switch:         cg.C.x:3427 [120] R ==> rpcbind:1078 [120]
         rpcbind-1078  [001]     9.010249: (+31)    sched_switch:         rpcbind:1078 [120] S ==> cg.C.x:3427 [120]
          cg.C.x-3425  [017]     9.014206: (+3957)  sched_switch:         cg.C.x:3425 [120] R ==> rcu_preempt:17 [120]
     rcu_preempt-17    [017]     9.014222: (+16)    sched_switch:         rcu_preempt:17 [120] I ==> cg.C.x:3425 [120]
          cg.C.x-3426  [038]     9.018205: (+3983)  sched_waking:         comm=kworker/38:1 pid=529 prio=120 target_cpu=038
          cg.C.x-3423  [000]     9.018205: (+0)     sched_waking:         comm=kworker/0:3 pid=746 prio=120 target_cpu=000
