          cg.C.x-3751  [027]     0.123138: (+5)     bprint:               __handle_mm_fault: NUMAB COMPLETED MEM MIGR process[nid:1, cpu:27, pid:3751], old[phys:0x1203b0000, nid:0, npages:1], new[phys:0x1857b25000, nid:1, npages:1]
          cg.C.x-3751  [027]     0.123150: (+12)    bprint:               __handle_mm_fault: NUMAB MEM ACCESS process[nid:1, cpu:27, pid:3751], folio[virt:0x7f70fbeb4000, phys:0x1110b1000, pfn:0x1110b1, nid:0, npages:1]
          cg.C.x-3751  [027]     0.123151: (+1)     bprint:               __handle_mm_fault: NUMAB TRY MEM MIGR process[nid:1, cpu:27, pid:3751], folio[virt:0x7f70fbeb4000, phys:0x1110b1000, nid:0], target_nid:1
          cg.C.x-3752  [046]     0.123151: (+0)     bprint:               __handle_mm_fault: NUMAB MEM ACCESS process[nid:0, cpu:46, pid:3752], folio[virt:0x7f70fbeb4000, phys:0x1110b1000, pfn:0x1110b1, nid:0, npages:1]
          cg.C.x-3752  [046]     0.123164: (+13)    sched_switch:         cg.C.x:3752 [120] D ==> swapper/46:0 [120]
          cg.C.x-3751  [027]     0.123179: (+15)    sched_waking:         comm=cg.C.x pid=3752 prio=120 target_cpu=046
          cg.C.x-3751  [027]     0.123180: (+1)     sched_wake_idle_without_ipi: cpu=46
          cg.C.x-3751  [027]     0.123182: (+2)     bprint:               __handle_mm_fault: NUMAB COMPLETED MEM MIGR process[nid:1, cpu:27, pid:3751], old[phys:0x1110b1000, nid:0, npages:1], new[phys:0x303f347000, nid:1, npages:1]
          <idle>-0     [046]     0.123185: (+3)     sched_wakeup:         cg.C.x:3752 [120] CPU:046
          <idle>-0     [046]     0.123186: (+1)     sched_switch:         swapper/46:0 [120] R ==> cg.C.x:3752 [120]
          cg.C.x-3751  [027]     0.123234: (+48)    bprint:               __handle_mm_fault: NUMAB MEM ACCESS process[nid:1, cpu:27, pid:3751], folio[virt:0x7f70fbeba000, phys:0x1869e50000, pfn:0x1869e50, nid:1, npages:1]
          cg.C.x-3751  [027]     0.123245: (+11)    bprint:               __handle_mm_fault: NUMAB MEM ACCESS process[nid:1, cpu:27, pid:3751], folio[virt:0x7f70fbebb000, phys:0x1869df3000, pfn:0x1869df3, nid:1, npages:1]
          cg.C.x-3752  [046]     0.123255: (+10)    bprint:               __handle_mm_fault: NUMAB MEM ACCESS process[nid:0, cpu:46, pid:3752], folio[virt:0x7f70fbebc000, phys:0x1864c40000, pfn:0x1864c40, nid:1, npages:1]
          cg.C.x-3752  [046]     0.123257: (+2)     bprint:               __handle_mm_fault: NUMAB TRY MEM MIGR process[nid:0, cpu:46, pid:3752], folio[virt:0x7f70fbebc000, phys:0x1864c40000, nid:1], target_nid:0
          cg.C.x-3751  [027]     0.123257: (+0)     bprint:               __handle_mm_fault: NUMAB MEM ACCESS process[nid:1, cpu:27, pid:3751], folio[virt:0x7f70fbebc000, phys:0x1864c40000, pfn:0x1864c40, nid:1, npages:1]
          cg.C.x-3751  [027]     0.123270: (+13)    bprint:               __handle_mm_fault: NUMAB MEM ACCESS process[nid:1, cpu:27, pid:3751], folio[virt:0x7f70fbebd000, phys:0x1865f7b000, pfn:0x1865f7b, nid:1, npages:1]
          cg.C.x-3751  [027]     0.123283: (+13)    bprint:               __handle_mm_fault: NUMAB MEM ACCESS process[nid:1, cpu:27, pid:3751], folio[virt:0x7f70fbebe000, phys:0x1863e98000, pfn:0x1863e98, nid:1, npages:1]
          cg.C.x-3752  [046]     0.123286: (+3)     sched_waking:         comm=cg.C.x pid=3724 prio=120 target_cpu=014
          cg.C.x-3724  [014]     0.123287: (+1)     sched_switch:         cg.C.x:3724 [120] D ==> swapper/14:0 [120]
          cg.C.x-3752  [046]     0.123288: (+1)     bprint:               __handle_mm_fault: NUMAB COMPLETED MEM MIGR process[nid:0, cpu:46, pid:3752], old[phys:0x1864c40000, nid:1, npages:1], new[phys:0x180f3f000, nid:0, npages:1]
          <idle>-0     [014]     0.123290: (+2)     sched_wakeup:         cg.C.x:3724 [120] CPU:014
          <idle>-0     [014]     0.123291: (+1)     sched_switch:         swapper/14:0 [120] R ==> cg.C.x:3724 [120]
          cg.C.x-3751  [027]     0.123295: (+4)     bprint:               __handle_mm_fault: NUMAB MEM ACCESS process[nid:1, cpu:27, pid:3751], folio[virt:0x7f70fbebf000, phys:0x185863f000, pfn:0x185863f, nid:1, npages:1]
          cg.C.x-3751  [027]     0.123305: (+10)    bprint:               __handle_mm_fault: NUMAB MEM ACCESS process[nid:1, cpu:27, pid:3751], folio[virt:0x7f710eb85000, phys:0x1866c3c000, pfn:0x1866c3c, nid:1, npages:1]
          cg.C.x-3751  [027]     0.123308: (+3)     bprint:               __handle_mm_fault: NUMAB MEM ACCESS process[nid:1, cpu:27, pid:3751], folio[virt:0x7f70fbec0000, phys:0x186aedc000, pfn:0x186aedc, nid:1, npages:1]
          cg.C.x-3751  [027]     0.123319: (+11)    bprint:               __handle_mm_fault: NUMAB MEM ACCESS process[nid:1, cpu:27, pid:3751], folio[virt:0x7f70fbec1000, phys:0x186aef3000, pfn:0x186aef3, nid:1, npages:1]
          cg.C.x-3751  [027]     0.123330: (+11)    bprint:               __handle_mm_fault: NUMAB MEM ACCESS process[nid:1, cpu:27, pid:3751], folio[virt:0x7f70fbec2000, phys:0x1864b94000, pfn:0x1864b94, nid:1, npages:1]
          cg.C.x-3734  [062]     0.123340: (+10)    bprint:               __handle_mm_fault: NUMAB MEM ACCESS process[nid:0, cpu:62, pid:3734], folio[virt:0x7f70fbec3000, phys:0x303f213000, pfn:0x303f213, nid:1, npages:1]
          cg.C.x-3734  [062]     0.123341: (+1)     bprint:               __handle_mm_fault: NUMAB TRY MEM MIGR process[nid:0, cpu:62, pid:3734], folio[virt:0x7f70fbec3000, phys:0x303f213000, nid:1], target_nid:0
          cg.C.x-3751  [027]     0.123341: (+0)     bprint:               __handle_mm_fault: NUMAB MEM ACCESS process[nid:1, cpu:27, pid:3751], folio[virt:0x7f70fbec3000, phys:0x303f213000, pfn:0x303f213, nid:1, npages:1]
          cg.C.x-3751  [027]     0.123353: (+12)    bprint:               __handle_mm_fault: NUMAB MEM ACCESS process[nid:1, cpu:27, pid:3751], folio[virt:0x7f70fbec4000, phys:0x1866a93000, pfn:0x1866a93, nid:1, npages:1]
          cg.C.x-3724  [014]     0.123355: (+2)     sched_switch:         cg.C.x:3724 [120] D ==> swapper/14:0 [120]
          cg.C.x-3752  [046]     0.123355: (+0)     sched_switch:         cg.C.x:3752 [120] D ==> swapper/46:0 [120]
          cg.C.x-3751  [027]     0.123366: (+11)    bprint:               __handle_mm_fault: NUMAB MEM ACCESS process[nid:1, cpu:27, pid:3751], folio[virt:0x7f70fbec5000, phys:0x186b53d000, pfn:0x186b53d, nid:1, npages:1]
          cg.C.x-3734  [062]     0.123371: (+5)     sched_waking:         comm=cg.C.x pid=3724 prio=120 target_cpu=014
          cg.C.x-3734  [062]     0.123371: (+0)     sched_wake_idle_without_ipi: cpu=14
          cg.C.x-3734  [062]     0.123372: (+1)     sched_waking:         comm=cg.C.x pid=3752 prio=120 target_cpu=046
          cg.C.x-3734  [062]     0.123373: (+1)     sched_wake_idle_without_ipi: cpu=46
          cg.C.x-3734  [062]     0.123374: (+1)     bprint:               __handle_mm_fault: NUMAB COMPLETED MEM MIGR process[nid:0, cpu:62, pid:3734], old[phys:0x303f213000, nid:1, npages:1], new[phys:0x1131f1000, nid:0, npages:1]
          <idle>-0     [014]     0.123375: (+1)     sched_wakeup:         cg.C.x:3724 [120] CPU:014
          <idle>-0     [046]     0.123376: (+1)     sched_wakeup:         cg.C.x:3752 [120] CPU:046
          <idle>-0     [014]     0.123376: (+0)     sched_switch:         swapper/14:0 [120] R ==> cg.C.x:3724 [120]
          <idle>-0     [046]     0.123377: (+1)     sched_switch:         swapper/46:0 [120] R ==> cg.C.x:3752 [120]
          cg.C.x-3751  [027]     0.123378: (+1)     bprint:               __handle_mm_fault: NUMAB MEM ACCESS process[nid:1, cpu:27, pid:3751], folio[virt:0x7f70fbec6000, phys:0x186a605000, pfn:0x186a605, nid:1, npages:1]
          cg.C.x-3751  [027]     0.123389: (+11)    bprint:               __handle_mm_fault: NUMAB MEM ACCESS process[nid:1, cpu:27, pid:3751], folio[virt:0x7f70fbec7000, phys:0x303a002000, pfn:0x303a002, nid:1, npages:1]
          cg.C.x-3751  [027]     0.123400: (+11)    bprint:               __handle_mm_fault: NUMAB MEM ACCESS process[nid:1, cpu:27, pid:3751], folio[virt:0x7f70fbec8000, phys:0x1867e3a000, pfn:0x1867e3a, nid:1, npages:1]
          cg.C.x-3751  [027]     0.123411: (+11)    bprint:               __handle_mm_fault: NUMAB MEM ACCESS process[nid:1, cpu:27, pid:3751], folio[virt:0x7f70fbec9000, phys:0x1855aff000, pfn:0x1855aff, nid:1, npages:1]
          cg.C.x-3751  [027]     0.123421: (+10)    bprint:               __handle_mm_fault: NUMAB MEM ACCESS process[nid:1, cpu:27, pid:3751], folio[virt:0x7f70fbeca000, phys:0x186a12f000, pfn:0x186a12f, nid:1, npages:1]
          cg.C.x-3751  [027]     0.123431: (+10)    bprint:               __handle_mm_fault: NUMAB MEM ACCESS process[nid:1, cpu:27, pid:3751], folio[virt:0x7f70fbecb000, phys:0x185bc99000, pfn:0x185bc99, nid:1, npages:1]
          cg.C.x-3734  [062]     0.123442: (+11)    bprint:               __handle_mm_fault: NUMAB MEM ACCESS process[nid:0, cpu:62, pid:3734], folio[virt:0x7f70fbecc000, phys:0x1865ce5000, pfn:0x1865ce5, nid:1, npages:1]
          cg.C.x-3734  [062]     0.123443: (+1)     bprint:               __handle_mm_fault: NUMAB TRY MEM MIGR process[nid:0, cpu:62, pid:3734], folio[virt:0x7f70fbecc000, phys:0x1865ce5000, nid:1], target_nid:0
          cg.C.x-3751  [027]     0.123444: (+1)     bprint:               __handle_mm_fault: NUMAB MEM ACCESS process[nid:1, cpu:27, pid:3751], folio[virt:0x7f70fbecc000, phys:0x1865ce5000, pfn:0x1865ce5, nid:1, npages:1]
          cg.C.x-3751  [027]     0.123455: (+11)    bprint:               __handle_mm_fault: NUMAB MEM ACCESS process[nid:1, cpu:27, pid:3751], folio[virt:0x7f70fbecd000, phys:0x1869f5e000, pfn:0x1869f5e, nid:1, npages:1]
          cg.C.x-3724  [014]     0.123457: (+2)     sched_switch:         cg.C.x:3724 [120] D ==> swapper/14:0 [120]
          cg.C.x-3752  [046]     0.123459: (+2)     sched_switch:         cg.C.x:3752 [120] D ==> swapper/46:0 [120]
          cg.C.x-3751  [027]     0.123468: (+9)     bprint:               __handle_mm_fault: NUMAB MEM ACCESS process[nid:1, cpu:27, pid:3751], folio[virt:0x7f70fbece000, phys:0x1863c5b000, pfn:0x1863c5b, nid:1, npages:1]
          cg.C.x-3734  [062]     0.123471: (+3)     sched_waking:         comm=cg.C.x pid=3724 prio=120 target_cpu=014
          cg.C.x-3734  [062]     0.123471: (+0)     sched_wake_idle_without_ipi: cpu=14
          cg.C.x-3734  [062]     0.123472: (+1)     sched_waking:         comm=cg.C.x pid=3752 prio=120 target_cpu=046
          cg.C.x-3734  [062]     0.123472: (+0)     sched_wake_idle_without_ipi: cpu=46
          <idle>-0     [014]     0.123474: (+2)     sched_wakeup:         cg.C.x:3724 [120] CPU:014
          cg.C.x-3734  [062]     0.123474: (+0)     bprint:               __handle_mm_fault: NUMAB COMPLETED MEM MIGR process[nid:0, cpu:62, pid:3734], old[phys:0x1865ce5000, nid:1, npages:1], new[phys:0x1221a5000, nid:0, npages:1]
          <idle>-0     [046]     0.123474: (+0)     sched_wakeup:         cg.C.x:3752 [120] CPU:046
          <idle>-0     [014]     0.123475: (+1)     sched_switch:         swapper/14:0 [120] R ==> cg.C.x:3724 [120]
          <idle>-0     [046]     0.123475: (+0)     sched_switch:         swapper/46:0 [120] R ==> cg.C.x:3752 [120]
          cg.C.x-3751  [027]     0.123479: (+4)     bprint:               __handle_mm_fault: NUMAB MEM ACCESS process[nid:1, cpu:27, pid:3751], folio[virt:0x7f70fbecf000, phys:0x1865a9d000, pfn:0x1865a9d, nid:1, npages:1]
          cg.C.x-3751  [027]     0.123490: (+11)    bprint:               __handle_mm_fault: NUMAB MEM ACCESS process[nid:1, cpu:27, pid:3751], folio[virt:0x7f70fbed0000, phys:0x1857198000, pfn:0x1857198, nid:1, npages:1]
          cg.C.x-3751  [027]     0.123500: (+10)    bprint:               __handle_mm_fault: NUMAB MEM ACCESS process[nid:1, cpu:27, pid:3751], folio[virt:0x7f70fbed1000, phys:0x1863cdd000, pfn:0x1863cdd, nid:1, npages:1]
          cg.C.x-3751  [027]     0.123511: (+11)    bprint:               __handle_mm_fault: NUMAB MEM ACCESS process[nid:1, cpu:27, pid:3751], folio[virt:0x7f70fbed2000, phys:0x185bc5b000, pfn:0x185bc5b, nid:1, npages:1]
          cg.C.x-3751  [027]     0.123522: (+11)    bprint:               __handle_mm_fault: NUMAB MEM ACCESS process[nid:1, cpu:27, pid:3751], folio[virt:0x7f70fbed3000, phys:0x186785c000, pfn:0x186785c, nid:1, npages:1]
          cg.C.x-3734  [062]     0.123532: (+10)    bprint:               __handle_mm_fault: NUMAB MEM ACCESS process[nid:0, cpu:62, pid:3734], folio[virt:0x7f70fbed4000, phys:0x185c61c000, pfn:0x185c61c, nid:1, npages:1]
          cg.C.x-3734  [062]     0.123533: (+1)     bprint:               __handle_mm_fault: NUMAB TRY MEM MIGR process[nid:0, cpu:62, pid:3734], folio[virt:0x7f70fbed4000, phys:0x185c61c000, nid:1], target_nid:0
          cg.C.x-3751  [027]     0.123534: (+1)     bprint:               __handle_mm_fault: NUMAB MEM ACCESS process[nid:1, cpu:27, pid:3751], folio[virt:0x7f70fbed4000, phys:0x185c61c000, pfn:0x185c61c, nid:1, npages:1]
          cg.C.x-3751  [027]     0.123546: (+12)    bprint:               __handle_mm_fault: NUMAB MEM ACCESS process[nid:1, cpu:27, pid:3751], folio[virt:0x7f70fbed5000, phys:0x1864de7000, pfn:0x1864de7, nid:1, npages:1]
          cg.C.x-3724  [014]     0.123547: (+1)     sched_switch:         cg.C.x:3724 [120] D ==> swapper/14:0 [120]
          cg.C.x-3752  [046]     0.123548: (+1)     sched_switch:         cg.C.x:3752 [120] D ==> swapper/46:0 [120]
          cg.C.x-3751  [027]     0.123559: (+11)    bprint:               __handle_mm_fault: NUMAB MEM ACCESS process[nid:1, cpu:27, pid:3751], folio[virt:0x7f70fbed6000, phys:0x185b103000, pfn:0x185b103, nid:1, npages:1]
          cg.C.x-3734  [062]     0.123564: (+5)     sched_waking:         comm=cg.C.x pid=3724 prio=120 target_cpu=014
          cg.C.x-3734  [062]     0.123565: (+1)     sched_wake_idle_without_ipi: cpu=14
          cg.C.x-3734  [062]     0.123565: (+0)     sched_waking:         comm=cg.C.x pid=3752 prio=120 target_cpu=046
          cg.C.x-3734  [062]     0.123566: (+1)     sched_wake_idle_without_ipi: cpu=46
          <idle>-0     [014]     0.123567: (+1)     sched_wakeup:         cg.C.x:3724 [120] CPU:014
          cg.C.x-3734  [062]     0.123567: (+0)     bprint:               __handle_mm_fault: NUMAB COMPLETED MEM MIGR process[nid:0, cpu:62, pid:3734], old[phys:0x185c61c000, nid:1, npages:1], new[phys:0x112a7f000, nid:0, npages:1]
          <idle>-0     [046]     0.123568: (+1)     sched_wakeup:         cg.C.x:3752 [120] CPU:046
          <idle>-0     [014]     0.123568: (+0)     sched_switch:         swapper/14:0 [120] R ==> cg.C.x:3724 [120]
          <idle>-0     [046]     0.123569: (+1)     sched_switch:         swapper/46:0 [120] R ==> cg.C.x:3752 [120]
          cg.C.x-3751  [027]     0.123570: (+1)     bprint:               __handle_mm_fault: NUMAB MEM ACCESS process[nid:1, cpu:27, pid:3751], folio[virt:0x7f70fbed7000, phys:0x1858090000, pfn:0x1858090, nid:1, npages:1]
          cg.C.x-3751  [027]     0.123581: (+11)    bprint:               __handle_mm_fault: NUMAB MEM ACCESS process[nid:1, cpu:27, pid:3751], folio[virt:0x7f70fbed8000, phys:0x186b4b1000, pfn:0x186b4b1, nid:1, npages:1]
          cg.C.x-3751  [027]     0.123591: (+10)    bprint:               __handle_mm_fault: NUMAB MEM ACCESS process[nid:1, cpu:27, pid:3751], folio[virt:0x7f70fbed9000, phys:0x185b49f000, pfn:0x185b49f, nid:1, npages:1]
          cg.C.x-3751  [027]     0.123602: (+11)    bprint:               __handle_mm_fault: NUMAB MEM ACCESS process[nid:1, cpu:27, pid:3751], folio[virt:0x7f70fbeda000, phys:0x186a128000, pfn:0x186a128, nid:1, npages:1]
          cg.C.x-3751  [027]     0.123613: (+11)    bprint:               __handle_mm_fault: NUMAB MEM ACCESS process[nid:1, cpu:27, pid:3751], folio[virt:0x7f70fbedb000, phys:0x186a25a000, pfn:0x186a25a, nid:1, npages:1]
          cg.C.x-3751  [027]     0.123624: (+11)    bprint:               __handle_mm_fault: NUMAB MEM ACCESS process[nid:1, cpu:27, pid:3751], folio[virt:0x7f70fbedc000, phys:0x18583ea000, pfn:0x18583ea, nid:1, npages:1]
          cg.C.x-3734  [062]     0.123634: (+10)    bprint:               __handle_mm_fault: NUMAB MEM ACCESS process[nid:0, cpu:62, pid:3734], folio[virt:0x7f70fbedd000, phys:0x18578c2000, pfn:0x18578c2, nid:1, npages:1]
          cg.C.x-3734  [062]     0.123635: (+1)     bprint:               __handle_mm_fault: NUMAB TRY MEM MIGR process[nid:0, cpu:62, pid:3734], folio[virt:0x7f70fbedd000, phys:0x18578c2000, nid:1], target_nid:0
          cg.C.x-3751  [027]     0.123635: (+0)     bprint:               __handle_mm_fault: NUMAB MEM ACCESS process[nid:1, cpu:27, pid:3751], folio[virt:0x7f70fbedd000, phys:0x18578c2000, pfn:0x18578c2, nid:1, npages:1]
          cg.C.x-3751  [027]     0.123647: (+12)    bprint:               __handle_mm_fault: NUMAB MEM ACCESS process[nid:1, cpu:27, pid:3751], folio[virt:0x7f70fbede000, phys:0x18675d4000, pfn:0x18675d4, nid:1, npages:1]
          cg.C.x-3724  [014]     0.123648: (+1)     sched_switch:         cg.C.x:3724 [120] D ==> swapper/14:0 [120]
          cg.C.x-3752  [046]     0.123652: (+4)     sched_switch:         cg.C.x:3752 [120] D ==> swapper/46:0 [120]
          cg.C.x-3734  [062]     0.123662: (+10)    sched_waking:         comm=cg.C.x pid=3724 prio=120 target_cpu=014
          cg.C.x-3734  [062]     0.123662: (+0)     sched_wake_idle_without_ipi: cpu=14
          cg.C.x-3734  [062]     0.123663: (+1)     sched_waking:         comm=cg.C.x pid=3752 prio=120 target_cpu=046
          cg.C.x-3734  [062]     0.123663: (+0)     sched_wake_idle_without_ipi: cpu=46
          <idle>-0     [014]     0.123664: (+1)     sched_wakeup:         cg.C.x:3724 [120] CPU:014
          cg.C.x-3734  [062]     0.123664: (+0)     bprint:               __handle_mm_fault: NUMAB COMPLETED MEM MIGR process[nid:0, cpu:62, pid:3734], old[phys:0x18578c2000, nid:1, npages:1], new[phys:0x123153000, nid:0, npages:1]
          <idle>-0     [046]     0.123665: (+1)     sched_wakeup:         cg.C.x:3752 [120] CPU:046
          <idle>-0     [014]     0.123665: (+0)     sched_switch:         swapper/14:0 [120] R ==> cg.C.x:3724 [120]
          <idle>-0     [046]     0.123666: (+1)     sched_switch:         swapper/46:0 [120] R ==> cg.C.x:3752 [120]
          cg.C.x-3734  [062]     0.125557: (+1891)  sched_waking:         comm=migration/62 pid=389 prio=0 target_cpu=062
          cg.C.x-3730  [060]     0.125558: (+1)     sched_waking:         comm=migration/60 pid=377 prio=0 target_cpu=060
          cg.C.x-3737  [061]     0.125558: (+0)     sched_waking:         comm=migration/61 pid=383 prio=0 target_cpu=061
          cg.C.x-3739  [063]     0.125558: (+0)     sched_waking:         comm=migration/63 pid=395 prio=0 target_cpu=063
          cg.C.x-3734  [062]     0.125559: (+1)     sched_wakeup:         migration/62:389 [0] CPU:062
          cg.C.x-3730  [060]     0.125560: (+1)     sched_wakeup:         migration/60:377 [0] CPU:060
          cg.C.x-3739  [063]     0.125560: (+0)     sched_wakeup:         migration/63:395 [0] CPU:063
          cg.C.x-3737  [061]     0.125560: (+0)     sched_wakeup:         migration/61:383 [0] CPU:061
          cg.C.x-3734  [062]     0.125563: (+3)     sched_switch:         cg.C.x:3734 [120] R ==> migration/62:389 [0]
          cg.C.x-3730  [060]     0.125564: (+1)     sched_switch:         cg.C.x:3730 [120] R ==> migration/60:377 [0]
          cg.C.x-3737  [061]     0.125565: (+1)     sched_switch:         cg.C.x:3737 [120] R ==> migration/61:383 [0]
          cg.C.x-3739  [063]     0.125565: (+0)     sched_switch:         cg.C.x:3739 [120] R ==> migration/63:395 [0]
    migration/62-389   [062]     0.125567: (+2)     sched_switch:         migration/62:389 [0] S ==> cg.C.x:3734 [120]
    migration/60-377   [060]     0.125568: (+1)     sched_switch:         migration/60:377 [0] S ==> cg.C.x:3730 [120]
    migration/63-395   [063]     0.125569: (+1)     sched_switch:         migration/63:395 [0] S ==> cg.C.x:3739 [120]
    migration/61-383   [061]     0.125569: (+0)     sched_switch:         migration/61:383 [0] S ==> cg.C.x:3737 [120]
          cg.C.x-3710  [011]     0.126301: (+732)   sched_wake_idle_without_ipi: cpu=43
          cg.C.x-3762  [008]     0.126316: (+15)    sched_switch:         cg.C.x:3762 [120] R ==> cg.C.x:3758 [120]
          cg.C.x-3710  [011]     0.127938: (+1622)  sched_switch:         cg.C.x:3710 [120] S ==> swapper/11:0 [120]
          cg.C.x-3771  [007]     0.127989: (+51)    sched_switch:         cg.C.x:3771 [120] S ==> swapper/7:0 [120]
          cg.C.x-3770  [030]     0.128721: (+732)   sched_switch:         cg.C.x:3770 [120] S ==> swapper/30:0 [120]
          cg.C.x-3769  [003]     0.129311: (+590)   sched_switch:         cg.C.x:3769 [120] S ==> swapper/3:0 [120]
          cg.C.x-3758  [008]     0.129327: (+16)    sched_waking:         comm=cg.C.x pid=3710 prio=120 target_cpu=011
          cg.C.x-3758  [008]     0.129329: (+2)     sched_wake_idle_without_ipi: cpu=11
          cg.C.x-3766  [024]     0.129329: (+0)     bprint:               __handle_mm_fault: NUMAB MEM ACCESS process[nid:0, cpu:24, pid:3766], folio[virt:0x7f710ec10c54, phys:0x151e77000, pfn:0x151e77, nid:0, npages:1]
          cg.C.x-3758  [008]     0.129329: (+0)     sched_waking:         comm=cg.C.x pid=3771 prio=120 target_cpu=007
          cg.C.x-3758  [008]     0.129330: (+1)     sched_wake_idle_without_ipi: cpu=7
          cg.C.x-3758  [008]     0.129330: (+0)     sched_waking:         comm=cg.C.x pid=3770 prio=120 target_cpu=030
          cg.C.x-3758  [008]     0.129331: (+1)     sched_wake_idle_without_ipi: cpu=30
          cg.C.x-3758  [008]     0.129331: (+0)     sched_waking:         comm=cg.C.x pid=3769 prio=120 target_cpu=003
          cg.C.x-3758  [008]     0.129333: (+2)     sched_wake_idle_without_ipi: cpu=3
          cg.C.x-3766  [024]     0.129334: (+1)     bprint:               __handle_mm_fault: NUMAB MEM ACCESS process[nid:0, cpu:24, pid:3766], folio[virt:0x7f710ec11000, phys:0x112dd0000, pfn:0x112dd0, nid:0, npages:1]
          <idle>-0     [007]     0.129336: (+2)     sched_wakeup:         cg.C.x:3771 [120] CPU:007
          <idle>-0     [030]     0.129336: (+0)     sched_wakeup:         cg.C.x:3770 [120] CPU:030
          <idle>-0     [007]     0.129337: (+1)     sched_switch:         swapper/7:0 [120] R ==> cg.C.x:3771 [120]
          <idle>-0     [030]     0.129338: (+1)     sched_switch:         swapper/30:0 [120] R ==> cg.C.x:3770 [120]
          <idle>-0     [003]     0.129338: (+0)     sched_wakeup:         cg.C.x:3769 [120] CPU:003
          <idle>-0     [003]     0.129340: (+2)     sched_switch:         swapper/3:0 [120] R ==> cg.C.x:3769 [120]
          cg.C.x-3771  [007]     0.129343: (+3)     bprint:               __handle_mm_fault: NUMAB MEM ACCESS process[nid:1, cpu:7, pid:3771], folio[virt:0x7f710ec1c374, phys:0x1865821000, pfn:0x1865821, nid:1, npages:1]
          cg.C.x-3770  [030]     0.129345: (+2)     bprint:               __handle_mm_fault: NUMAB MEM ACCESS process[nid:0, cpu:30, pid:3770], folio[virt:0x7f710ec19ed4, phys:0x18676eb000, pfn:0x18676eb, nid:1, npages:1]
          cg.C.x-3770  [030]     0.129346: (+1)     bprint:               __handle_mm_fault: NUMAB TRY MEM MIGR process[nid:0, cpu:30, pid:3770], folio[virt:0x7f710ec19ed4, phys:0x18676eb000, nid:1], target_nid:0
          cg.C.x-3769  [003]     0.129347: (+1)     bprint:               __handle_mm_fault: NUMAB MEM ACCESS process[nid:1, cpu:3, pid:3769], folio[virt:0x7f710ec18000, phys:0x185b4a5000, pfn:0x185b4a5, nid:1, npages:1]
          cg.C.x-3771  [007]     0.129348: (+1)     bprint:               __handle_mm_fault: NUMAB MEM ACCESS process[nid:1, cpu:7, pid:3771], folio[virt:0x7f710ec1d000, phys:0x1865832000, pfn:0x1865832, nid:1, npages:1]
          cg.C.x-3771  [007]     0.129352: (+4)     bprint:               __handle_mm_fault: NUMAB MEM ACCESS process[nid:1, cpu:7, pid:3771], folio[virt:0x7f710ec1e000, phys:0x1865833000, pfn:0x1865833, nid:1, npages:1]
          cg.C.x-3770  [030]     0.129354: (+2)     sched_waking:         comm=cg.C.x pid=3769 prio=120 target_cpu=003
          cg.C.x-3770  [030]     0.129357: (+3)     bprint:               __handle_mm_fault: NUMAB COMPLETED MEM MIGR process[nid:0, cpu:30, pid:3770], old[phys:0x18676eb000, nid:1, npages:1], new[phys:0x180669000, nid:0, npages:1]
          cg.C.x-3769  [003]     0.129357: (+0)     sched_switch:         cg.C.x:3769 [120] D ==> swapper/3:0 [120]
          <idle>-0     [003]     0.129360: (+3)     sched_wakeup:         cg.C.x:3769 [120] CPU:003
          <idle>-0     [003]     0.129361: (+1)     sched_switch:         swapper/3:0 [120] R ==> cg.C.x:3769 [120]
          cg.C.x-3770  [030]     0.129362: (+1)     bprint:               __handle_mm_fault: NUMAB MEM ACCESS process[nid:0, cpu:30, pid:3770], folio[virt:0x7f710ec1a000, phys:0x115543000, pfn:0x115543, nid:0, npages:1]
          <idle>-0     [011]     0.129391: (+29)    sched_wakeup:         cg.C.x:3710 [120] CPU:011
          <idle>-0     [011]     0.129393: (+2)     sched_switch:         swapper/11:0 [120] R ==> cg.C.x:3710 [120]
          cg.C.x-3771  [007]     0.130301: (+908)   sched_wake_idle_without_ipi: cpu=43
          cg.C.x-3758  [008]     0.130309: (+8)     sched_switch:         cg.C.x:3758 [120] R ==> cg.C.x:3762 [120]
          cg.C.x-3708  [004]     0.130318: (+9)     bprint:               __handle_mm_fault: NUMAB MEM ACCESS process[nid:0, cpu:4, pid:3708], folio[virt:0x7f710eb8c010, phys:0x1110b0000, pfn:0x1110b0, nid:0, npages:1]
          cg.C.x-3747  [051]     0.134312: (+3994)  sched_wake_idle_without_ipi: cpu=43
          cg.C.x-3762  [008]     0.134323: (+11)    sched_switch:         cg.C.x:3762 [120] R ==> cg.C.x:3758 [120]
          cg.C.x-3708  [004]     0.135073: (+750)   bprint:               __handle_mm_fault: NUMAB MEM ACCESS process[nid:0, cpu:4, pid:3708], folio[virt:0x7fff83409880, phys:0x180663000, pfn:0x180663, nid:0, npages:1]
          cg.C.x-3708  [004]     0.135091: (+18)    bprint:               __handle_mm_fault: NUMAB MEM ACCESS process[nid:0, cpu:4, pid:3708], folio[virt:0x7f710f2a4ab8, phys:0x12012f000, pfn:0x12012f, nid:0, npages:1]
          cg.C.x-3708  [004]     0.135107: (+16)    bprint:               __handle_mm_fault: NUMAB MEM ACCESS process[nid:0, cpu:4, pid:3708], folio[virt:0x7f710f265090, phys:0x122214000, pfn:0x122214, nid:0, npages:1]
          cg.C.x-3708  [004]     0.135166: (+59)    bprint:               __handle_mm_fault: NUMAB MEM ACCESS process[nid:0, cpu:4, pid:3708], folio[virt:0x7f710eaf9010, phys:0x111787000, pfn:0x111787, nid:0, npages:1]
          cg.C.x-3708  [004]     0.135826: (+660)   sched_switch:         cg.C.x:3708 [120] D ==> swapper/4:0 [120]
          cg.C.x-3710  [011]     0.136665: (+839)   sched_waking:         comm=cg.C.x pid=3708 prio=120 target_cpu=004
          cg.C.x-3710  [011]     0.136673: (+8)     sched_wake_idle_without_ipi: cpu=4
          <idle>-0     [004]     0.136707: (+34)    sched_wakeup:         cg.C.x:3708 [120] CPU:004
          <idle>-0     [004]     0.136717: (+10)    sched_switch:         swapper/4:0 [120] R ==> cg.C.x:3708 [120]
          cg.C.x-3710  [011]     0.138317: (+1600)  sched_wake_idle_without_ipi: cpu=43
          cg.C.x-3758  [008]     0.138333: (+16)    sched_switch:         cg.C.x:3758 [120] R ==> cg.C.x:3762 [120]
          cg.C.x-3725  [041]     0.142311: (+3978)  sched_wake_idle_without_ipi: cpu=43
          cg.C.x-3762  [008]     0.142317: (+6)     sched_switch:         cg.C.x:3762 [120] R ==> cg.C.x:3758 [120]
          cg.C.x-3743  [037]     0.142328: (+11)    bprint:               change_prot_numa: NUMAB SCAN vma[start:0x7f70bf601000, end:0x7f70bfe01000, from:0x7f70bf601000, to:0x7f70bfe01000, size:8192 KB]
          cg.C.x-3743  [037]     0.142419: (+91)    bprint:               change_prot_numa: NUMAB SCAN vma[start:0x7fff833eb000, end:0x7fff8340c000, from:0x7fff833eb000, to:0x7fff8340c000, size:132 KB]
          cg.C.x-3708  [004]     0.142440: (+21)    bprint:               __handle_mm_fault: NUMAB MEM ACCESS process[nid:0, cpu:4, pid:3708], folio[virt:0x7fff8340a2e4, phys:0x11879f000, pfn:0x11879f, nid:0, npages:1]
          cg.C.x-3743  [037]     0.142452: (+12)    bprint:               __handle_mm_fault: NUMAB MEM ACCESS process[nid:1, cpu:37, pid:3743], folio[virt:0x7f70bfdff394, phys:0x1857b04000, pfn:0x1857b04, nid:1, npages:1]
          cg.C.x-3717  [005]     0.146306: (+3854)  sched_wake_idle_without_ipi: cpu=43
          cg.C.x-3758  [008]     0.146313: (+7)     sched_switch:         cg.C.x:3758 [120] R ==> cg.C.x:3762 [120]
          cg.C.x-3710  [011]     0.150304: (+3991)  sched_wake_idle_without_ipi: cpu=43
          cg.C.x-3762  [008]     0.150313: (+9)     sched_switch:         cg.C.x:3762 [120] R ==> cg.C.x:3758 [120]
          cg.C.x-3758  [008]     0.154313: (+4000)  sched_switch:         cg.C.x:3758 [120] R ==> cg.C.x:3762 [120]
          cg.C.x-3710  [011]     0.155931: (+1618)  bprint:               __handle_mm_fault: NUMAB MEM ACCESS process[nid:1, cpu:11, pid:3710], folio[virt:0x7f710eb05000, phys:0x186aa5b000, pfn:0x186aa5b, nid:1, npages:1]
          cg.C.x-3710  [011]     0.157957: (+2026)  bprint:               __handle_mm_fault: NUMAB MEM ACCESS process[nid:1, cpu:11, pid:3710], folio[virt:0x7f710eb07000, phys:0x186a2b5000, pfn:0x186a2b5, nid:1, npages:1]
          cg.C.x-3762  [008]     0.158311: (+354)   sched_switch:         cg.C.x:3762 [120] R ==> cg.C.x:3758 [120]
          cg.C.x-3710  [011]     0.158953: (+642)   bprint:               __handle_mm_fault: NUMAB MEM ACCESS process[nid:1, cpu:11, pid:3710], folio[virt:0x7f710eb08000, phys:0x1865b0c000, pfn:0x1865b0c, nid:1, npages:1]
          cg.C.x-3710  [011]     0.159969: (+1016)  bprint:               __handle_mm_fault: NUMAB MEM ACCESS process[nid:1, cpu:11, pid:3710], folio[virt:0x7f710eb09000, phys:0x186a7ad000, pfn:0x186a7ad, nid:1, npages:1]
          cg.C.x-3715  [001]     0.162308: (+2339)  bprint:               change_prot_numa: NUMAB SCAN vma[start:0x7fff83571000, end:0x7fff83573000, from:0x7fff83571000, to:0x7fff83573000, size:8 KB]
          cg.C.x-3758  [008]     0.162312: (+4)     sched_switch:         cg.C.x:3758 [120] R ==> cg.C.x:3762 [120]
          cg.C.x-3762  [008]     0.166311: (+3999)  sched_switch:         cg.C.x:3762 [120] R ==> cg.C.x:3758 [120]
          cg.C.x-3758  [008]     0.170310: (+3999)  sched_switch:         cg.C.x:3758 [120] R ==> cg.C.x:3762 [120]
          cg.C.x-3710  [011]     0.170399: (+89)    bprint:               __handle_mm_fault: NUMAB MEM ACCESS process[nid:1, cpu:11, pid:3710], folio[virt:0x7f710eb13000, phys:0x18675c5000, pfn:0x18675c5, nid:1, npages:1]
          cg.C.x-3762  [008]     0.174310: (+3911)  sched_switch:         cg.C.x:3762 [120] R ==> cg.C.x:3758 [120]
          cg.C.x-3710  [011]     0.174408: (+98)    bprint:               __handle_mm_fault: NUMAB MEM ACCESS process[nid:1, cpu:11, pid:3710], folio[virt:0x7f710eb17000, phys:0x186a27d000, pfn:0x186a27d, nid:1, npages:1]
          cg.C.x-3710  [011]     0.175542: (+1134)  bprint:               __handle_mm_fault: NUMAB MEM ACCESS process[nid:1, cpu:11, pid:3710], folio[virt:0x7f710eb18000, phys:0x1867e66000, pfn:0x1867e66, nid:1, npages:1]
          cg.C.x-3710  [011]     0.176447: (+905)   bprint:               __handle_mm_fault: NUMAB MEM ACCESS process[nid:1, cpu:11, pid:3710], folio[virt:0x7f710eb19000, phys:0x1858800000, pfn:0x1858800, nid:1, npages:1]
          cg.C.x-3758  [008]     0.178312: (+1865)  sched_switch:         cg.C.x:3758 [120] R ==> cg.C.x:3762 [120]
          cg.C.x-3762  [008]     0.182310: (+3998)  sched_switch:         cg.C.x:3762 [120] R ==> cg.C.x:3758 [120]
          cg.C.x-3749  [049]     0.182336: (+26)    bprint:               change_prot_numa: NUMAB SCAN vma[start:0x7f70fb600000, end:0x7f70fbf28000, from:0x7f70fb600000, to:0x7f70fbf28000, size:9376 KB]
          cg.C.x-3749  [049]     0.182426: (+90)    bprint:               change_prot_numa: NUMAB SCAN vma[start:0x5651e0ad6000, end:0x5651e0ad7000, from:0x5651e0ad6000, to:0x5651e0ad7000, size:4 KB]
          cg.C.x-3710  [011]     0.186303: (+3877)  sched_wake_idle_without_ipi: cpu=43
          cg.C.x-3758  [008]     0.186315: (+12)    sched_switch:         cg.C.x:3758 [120] R ==> cg.C.x:3762 [120]
          cg.C.x-3762  [008]     0.190309: (+3994)  sched_switch:         cg.C.x:3762 [120] R ==> cg.C.x:3758 [120]
          cg.C.x-3758  [008]     0.194307: (+3998)  sched_switch:         cg.C.x:3758 [120] R ==> cg.C.x:3762 [120]
          cg.C.x-3762  [008]     0.198308: (+4001)  sched_switch:         cg.C.x:3762 [120] R ==> cg.C.x:3758 [120]
          cg.C.x-3758  [008]     0.202311: (+4003)  sched_switch:         cg.C.x:3758 [120] R ==> cg.C.x:3762 [120]
          cg.C.x-3753  [029]     0.202350: (+39)    bprint:               change_prot_numa: NUMAB SCAN vma[start:0x7f70fc000000, end:0x7f710530f000, from:0x7f70fc000000, to:0x7f710530f000, size:150588 KB]
          cg.C.x-3710  [011]     0.202444: (+94)    bprint:               __handle_mm_fault: NUMAB MEM ACCESS process[nid:1, cpu:11, pid:3710], folio[virt:0x7f71052812c8, phys:0x1864daf000, pfn:0x1864daf, nid:1, npages:1]
          cg.C.x-3717  [005]     0.202448: (+4)     bprint:               __handle_mm_fault: NUMAB MEM ACCESS process[nid:1, cpu:5, pid:3717], folio[virt:0x7f7105290ed4, phys:0x185739f000, pfn:0x185739f, nid:1, npages:1]
          cg.C.x-3710  [011]     0.202450: (+2)     bprint:               __handle_mm_fault: NUMAB MEM ACCESS process[nid:1, cpu:11, pid:3710], folio[virt:0x7f7105280a98, phys:0x1864dae000, pfn:0x1864dae, nid:1, npages:1]
          cg.C.x-3762  [008]     0.202454: (+4)     bprint:               __handle_mm_fault: NUMAB MEM ACCESS process[nid:0, cpu:8, pid:3762], folio[virt:0x7f71052f7bb4, phys:0x1200eb000, pfn:0x1200eb, nid:0, npages:1]
          cg.C.x-3767  [000]     0.202457: (+3)     sched_move_numa:      pid=3767 tgid=3708 ngid=3719 src_cpu=0 src_nid=0 dst_cpu=43 dst_nid=1
          cg.C.x-3771  [007]     0.202457: (+0)     bprint:               __handle_mm_fault: NUMAB MEM ACCESS process[nid:1, cpu:7, pid:3771], folio[virt:0x7f710530c7a8, phys:0x18649ea000, pfn:0x18649ea, nid:1, npages:1]
          cg.C.x-3767  [000]     0.202459: (+2)     sched_waking:         comm=migration/0 pid=18 prio=0 target_cpu=000
          cg.C.x-3715  [001]     0.202460: (+1)     bprint:               __handle_mm_fault: NUMAB MEM ACCESS process[nid:1, cpu:1, pid:3715], folio[virt:0x7f710528c27c, phys:0x1866b0f000, pfn:0x1866b0f, nid:1, npages:1]
          cg.C.x-3724  [014]     0.202463: (+3)     bprint:               __handle_mm_fault: NUMAB MEM ACCESS process[nid:0, cpu:14, pid:3724], folio[virt:0x7f71052a0c20, phys:0x1e2510000, pfn:0x1e2510, nid:0, npages:1]
          cg.C.x-3767  [000]     0.202464: (+1)     sched_wakeup:         migration/0:18 [0] CPU:000
          cg.C.x-3763  [015]     0.202465: (+1)     sched_swap_numa:      src_pid=3763 src_tgid=3708 src_ngid=3763 src_cpu=15 src_nid=1 dst_pid=3767 dst_tgid=3708 dst_ngid=3719 dst_cpu=0 dst_nid=0
          cg.C.x-3722  [012]     0.202466: (+1)     bprint:               __handle_mm_fault: NUMAB MEM ACCESS process[nid:0, cpu:12, pid:3722], folio[virt:0x7f710529cad8, phys:0x17e0861000, pfn:0x17e0861, nid:0, npages:1]
          cg.C.x-3763  [015]     0.202467: (+1)     sched_waking:         comm=migration/15 pid=107 prio=0 target_cpu=015
          cg.C.x-3756  [018]     0.202470: (+3)     bprint:               __handle_mm_fault: NUMAB MEM ACCESS process[nid:0, cpu:18, pid:3756], folio[virt:0x7f71052eb1bc, phys:0x1542a0000, pfn:0x1542a0, nid:0, npages:1]
          cg.C.x-3733  [055]     0.202471: (+1)     sched_swap_numa:      src_pid=3733 src_tgid=3708 src_ngid=3733 src_cpu=55 src_nid=1 dst_pid=3719 dst_tgid=3708 dst_ngid=3719 dst_cpu=6 dst_nid=0
          cg.C.x-3763  [015]     0.202471: (+0)     sched_wakeup:         migration/15:107 [0] CPU:015
          cg.C.x-3767  [000]     0.202471: (+0)     sched_switch:         cg.C.x:3767 [120] R ==> migration/0:18 [0]
          cg.C.x-3714  [019]     0.202473: (+2)     bprint:               __handle_mm_fault: NUMAB MEM ACCESS process[nid:1, cpu:19, pid:3714], folio[virt:0x7f710528a0ec, phys:0x2c434e0000, pfn:0x2c434e0, nid:1, npages:1]
          cg.C.x-3733  [055]     0.202473: (+0)     sched_waking:         comm=migration/6 pid=53 prio=0 target_cpu=006
          cg.C.x-3719  [006]     0.202474: (+1)     sched_swap_numa:      src_pid=3719 src_tgid=3708 src_ngid=3719 src_cpu=6 src_nid=0 dst_pid=3754 dst_tgid=3708 dst_ngid=3722 dst_cpu=45 dst_nid=1
          cg.C.x-3733  [055]     0.202475: (+1)     sched_waking:         comm=migration/55 pid=347 prio=0 target_cpu=055
          cg.C.x-3759  [021]     0.202476: (+1)     bprint:               __handle_mm_fault: NUMAB MEM ACCESS process[nid:1, cpu:21, pid:3759], folio[virt:0x7f71052f12d4, phys:0x186b321000, pfn:0x186b321, nid:1, npages:1]
          cg.C.x-3763  [015]     0.202476: (+0)     sched_switch:         cg.C.x:3763 [120] R ==> migration/15:107 [0]
          cg.C.x-3733  [055]     0.202478: (+2)     sched_wakeup:         migration/55:347 [0] CPU:055
          cg.C.x-3719  [006]     0.202479: (+1)     sched_wakeup:         migration/6:53 [0] CPU:006
          cg.C.x-3757  [023]     0.202480: (+1)     bprint:               __handle_mm_fault: NUMAB MEM ACCESS process[nid:1, cpu:23, pid:3757], folio[virt:0x7f71052ed424, phys:0x186a0ba000, pfn:0x186a0ba, nid:1, npages:1]
          cg.C.x-3719  [006]     0.202481: (+1)     sched_waking:         comm=migration/45 pid=287 prio=0 target_cpu=045
          cg.C.x-3733  [055]     0.202482: (+1)     sched_switch:         cg.C.x:3733 [120] R ==> migration/55:347 [0]
          cg.C.x-3712  [040]     0.202483: (+1)     bprint:               __handle_mm_fault: NUMAB MEM ACCESS process[nid:0, cpu:40, pid:3712], folio[virt:0x7f7105285864, phys:0x1533ec000, pfn:0x1533ec, nid:0, npages:1]
     migration/0-18    [000]     0.202483: (+0)     sched_migrate_task:   comm=cg.C.x pid=3767 prio=120 orig_cpu=0 dest_cpu=43
          cg.C.x-3719  [006]     0.202486: (+3)     sched_switch:         cg.C.x:3719 [120] R ==> migration/6:53 [0]
          cg.C.x-3742  [026]     0.202487: (+1)     bprint:               __handle_mm_fault: NUMAB MEM ACCESS process[nid:0, cpu:26, pid:3742], folio[virt:0x7f71052caf48, phys:0x1512b7000, pfn:0x1512b7, nid:0, npages:1]
          cg.C.x-3754  [045]     0.202487: (+0)     sched_wakeup:         migration/45:287 [0] CPU:045
          cg.C.x-3713  [039]     0.202490: (+3)     bprint:               __handle_mm_fault: NUMAB MEM ACCESS process[nid:1, cpu:39, pid:3713], folio[virt:0x7f7105287cbc, phys:0x186b405000, pfn:0x186b405, nid:1, npages:1]
          cg.C.x-3717  [005]     0.202492: (+2)     bprint:               __handle_mm_fault: NUMAB MEM ACCESS process[nid:1, cpu:5, pid:3717], folio[virt:0x7f7105291850, phys:0x1855b10000, pfn:0x1855b10, nid:1, npages:1]
     migration/0-18    [000]     0.202494: (+2)     sched_wake_idle_without_ipi: cpu=43
          cg.C.x-3723  [035]     0.202495: (+1)     bprint:               __handle_mm_fault: NUMAB MEM ACCESS process[nid:1, cpu:35, pid:3723], folio[virt:0x7f710529e858, phys:0x186a27e000, pfn:0x186a27e, nid:1, npages:1]
     migration/6-53    [006]     0.202497: (+2)     sched_migrate_task:   comm=cg.C.x pid=3733 prio=120 orig_cpu=55 dest_cpu=6
          cg.C.x-3721  [057]     0.202498: (+1)     bprint:               __handle_mm_fault: NUMAB MEM ACCESS process[nid:1, cpu:57, pid:3721], folio[virt:0x7f710529ad1c, phys:0x185c82b000, pfn:0x185c82b, nid:1, npages:1]
          cg.C.x-3708  [004]     0.202500: (+2)     bprint:               __handle_mm_fault: NUMAB MEM ACCESS process[nid:0, cpu:4, pid:3708], folio[virt:0x7f710527d17c, phys:0x180e32000, pfn:0x180e32, nid:0, npages:1]
          <idle>-0     [043]     0.202501: (+1)     sched_switch:         swapper/43:0 [120] R ==> cg.C.x:3767 [120]
     migration/6-53    [006]     0.202501: (+0)     sched_migrate_task:   comm=cg.C.x pid=3719 prio=120 orig_cpu=6 dest_cpu=55
    migration/15-107   [015]     0.202502: (+1)     sched_switch:         migration/15:107 [0] S ==> cg.C.x:3763 [120]
          cg.C.x-3763  [015]     0.202503: (+1)     sched_stick_numa:     src_pid=3763 src_tgid=3708 src_ngid=3763 src_cpu=15 src_nid=1 dst_pid=3767 dst_tgid=3708 dst_ngid=3719 dst_cpu=0 dst_nid=0
          cg.C.x-3718  [042]     0.202504: (+1)     bprint:               __handle_mm_fault: NUMAB MEM ACCESS process[nid:0, cpu:42, pid:3718], folio[virt:0x7f71052931b8, phys:0x21416b000, pfn:0x21416b, nid:0, npages:1]
          cg.C.x-3741  [033]     0.202507: (+3)     bprint:               __handle_mm_fault: NUMAB MEM ACCESS process[nid:1, cpu:33, pid:3741], folio[virt:0x7f71052c797c, phys:0x1855b24000, pfn:0x1855b24, nid:1, npages:1]
          cg.C.x-3715  [001]     0.202509: (+2)     bprint:               __handle_mm_fault: NUMAB MEM ACCESS process[nid:1, cpu:1, pid:3715], folio[virt:0x7f710528d95c, phys:0x1866c0f000, pfn:0x1866c0f, nid:1, npages:1]
    migration/55-347   [055]     0.202510: (+1)     sched_switch:         migration/55:347 [0] S ==> cg.C.x:3719 [120]
          cg.C.x-3751  [027]     0.202511: (+1)     bprint:               __handle_mm_fault: NUMAB MEM ACCESS process[nid:1, cpu:27, pid:3751], folio[virt:0x7f71052dfde4, phys:0x1864dbd000, pfn:0x1864dbd, nid:1, npages:1]
          cg.C.x-3727  [048]     0.202515: (+4)     bprint:               __handle_mm_fault: NUMAB MEM ACCESS process[nid:0, cpu:48, pid:3727], folio[virt:0x7f71052a7e24, phys:0x15349c000, pfn:0x15349c, nid:0, npages:1]
          cg.C.x-3710  [011]     0.202517: (+2)     bprint:               __handle_mm_fault: NUMAB MEM ACCESS process[nid:1, cpu:11, pid:3710], folio[virt:0x7f7105282790, phys:0x185846c000, pfn:0x185846c, nid:1, npages:1]
          cg.C.x-3749  [049]     0.202519: (+2)     sched_stick_numa:     src_pid=3749 src_tgid=3708 src_ngid=3722 src_cpu=49 src_nid=1 dst_pid=0 dst_tgid=0 dst_ngid=0 dst_cpu=-1 dst_nid=-1
          cg.C.x-3729  [047]     0.202519: (+0)     bprint:               __handle_mm_fault: NUMAB MEM ACCESS process[nid:1, cpu:47, pid:3729], folio[virt:0x7f71052aca20, phys:0x185b0dd000, pfn:0x185b0dd, nid:1, npages:1]
          cg.C.x-3754  [045]     0.202522: (+3)     bprint:               __handle_mm_fault: NUMAB MEM ACCESS process[nid:1, cpu:45, pid:3754], folio[virt:0x7f71052e5a40, phys:0x18579ac000, pfn:0x18579ac, nid:1, npages:1]
          cg.C.x-3771  [007]     0.202524: (+2)     bprint:               __handle_mm_fault: NUMAB MEM ACCESS process[nid:1, cpu:7, pid:3771], folio[virt:0x7f710530d8c8, phys:0x18649eb000, pfn:0x18649eb, nid:1, npages:1]
          cg.C.x-3750  [044]     0.202526: (+2)     bprint:               __handle_mm_fault: NUMAB MEM ACCESS process[nid:0, cpu:44, pid:3750], folio[virt:0x7f71052dc918, phys:0x3c5dfc000, pfn:0x3c5dfc, nid:0, npages:1]
          cg.C.x-3764  [022]     0.202529: (+3)     bprint:               __handle_mm_fault: NUMAB MEM ACCESS process[nid:0, cpu:22, pid:3764], folio[virt:0x7f71052fc768, phys:0x154265000, pfn:0x154265, nid:0, npages:1]
          cg.C.x-3754  [045]     0.202531: (+2)     sched_switch:         cg.C.x:3754 [120] R ==> migration/45:287 [0]
          cg.C.x-3724  [014]     0.202532: (+1)     bprint:               __handle_mm_fault: NUMAB MEM ACCESS process[nid:0, cpu:14, pid:3724], folio[virt:0x7f71052a25d8, phys:0x186b2b5000, pfn:0x186b2b5, nid:1, npages:1]
          cg.C.x-3719  [055]     0.202532: (+0)     sched_switch:         cg.C.x:3719 [120] D ==> swapper/55:0 [120]
     migration/0-18    [000]     0.202534: (+2)     sched_switch:         migration/0:18 [0] S ==> swapper/0:0 [120]
          cg.C.x-3724  [014]     0.202534: (+0)     bprint:               __handle_mm_fault: NUMAB TRY MEM MIGR process[nid:0, cpu:14, pid:3724], folio[virt:0x7f71052a25d8, phys:0x186b2b5000, nid:1], target_nid:0
          cg.C.x-3738  [056]     0.202535: (+1)     bprint:               __handle_mm_fault: NUMAB MEM ACCESS process[nid:0, cpu:56, pid:3738], folio[virt:0x7f71052c24f4, phys:0x185cce1000, pfn:0x185cce1, nid:1, npages:1]
          cg.C.x-3738  [056]     0.202537: (+2)     bprint:               __handle_mm_fault: NUMAB TRY MEM MIGR process[nid:0, cpu:56, pid:3738], folio[virt:0x7f71052c24f4, phys:0x185cce1000, nid:1], target_nid:0
     migration/6-53    [006]     0.202538: (+1)     sched_waking:         comm=cg.C.x pid=3719 prio=120 target_cpu=055
          cg.C.x-3725  [041]     0.202539: (+1)     bprint:               __handle_mm_fault: NUMAB MEM ACCESS process[nid:1, cpu:41, pid:3725], folio[virt:0x7f71052a38a0, phys:0x1865e05000, pfn:0x1865e05, nid:1, npages:1]
    migration/45-287   [045]     0.202540: (+1)     sched_switch:         migration/45:287 [0] S ==> cg.C.x:3754 [120]
     migration/6-53    [006]     0.202541: (+1)     sched_wake_idle_without_ipi: cpu=55
          cg.C.x-3739  [063]     0.202543: (+2)     bprint:               __handle_mm_fault: NUMAB MEM ACCESS process[nid:1, cpu:63, pid:3739], folio[virt:0x7f71052c3894, phys:0x1869f1a000, pfn:0x1869f1a, nid:1, npages:1]
     migration/6-53    [006]     0.202545: (+2)     sched_switch:         migration/6:53 [0] S ==> cg.C.x:3733 [120]
          <idle>-0     [055]     0.202546: (+1)     sched_wakeup:         cg.C.x:3719 [120] CPU:055
          cg.C.x-3747  [051]     0.202546: (+0)     bprint:               __handle_mm_fault: NUMAB MEM ACCESS process[nid:1, cpu:51, pid:3747], folio[virt:0x7f71052d5688, phys:0x1858667000, pfn:0x1858667, nid:1, npages:1]
          <idle>-0     [055]     0.202547: (+1)     sched_switch:         swapper/55:0 [120] R ==> cg.C.x:3719 [120]
          cg.C.x-3719  [055]     0.202549: (+2)     sched_stick_numa:     src_pid=3719 src_tgid=3708 src_ngid=3719 src_cpu=6 src_nid=0 dst_pid=3754 dst_tgid=3708 dst_ngid=3722 dst_cpu=45 dst_nid=1
          cg.C.x-3709  [054]     0.202549: (+0)     bprint:               __handle_mm_fault: NUMAB MEM ACCESS process[nid:0, cpu:54, pid:3709], folio[virt:0x7f710527ed9c, phys:0x153152000, pfn:0x153152, nid:0, npages:1]
          cg.C.x-3716  [038]     0.202553: (+4)     bprint:               __handle_mm_fault: NUMAB MEM ACCESS process[nid:0, cpu:38, pid:3716], folio[virt:0x7f710528fd5c, phys:0x15301f000, pfn:0x15301f, nid:0, npages:1]
          cg.C.x-3743  [037]     0.202555: (+2)     bprint:               __handle_mm_fault: NUMAB MEM ACCESS process[nid:1, cpu:37, pid:3743], folio[virt:0x7f71052ccf14, phys:0x185b713000, pfn:0x185b713, nid:1, npages:1]
          cg.C.x-3737  [061]     0.202557: (+2)     bprint:               __handle_mm_fault: NUMAB MEM ACCESS process[nid:1, cpu:61, pid:3737], folio[virt:0x7f71052bebbc, phys:0x185bb80000, pfn:0x185bb80, nid:1, npages:1]
          cg.C.x-3753  [029]     0.202560: (+3)     bprint:               __handle_mm_fault: NUMAB MEM ACCESS process[nid:1, cpu:29, pid:3753], folio[virt:0x7f71052e4bf0, phys:0x186a117000, pfn:0x186a117, nid:1, npages:1]
          cg.C.x-3735  [059]     0.202562: (+2)     bprint:               __handle_mm_fault: NUMAB MEM ACCESS process[nid:1, cpu:59, pid:3735], folio[virt:0x7f71052baf48, phys:0x1867888000, pfn:0x1867888, nid:1, npages:1]
          cg.C.x-3736  [002]     0.202565: (+3)     bprint:               __handle_mm_fault: NUMAB MEM ACCESS process[nid:0, cpu:2, pid:3736], folio[virt:0x7f71052bcb1c, phys:0x182c6d000, pfn:0x182c6d, nid:0, npages:1]
          cg.C.x-3714  [019]     0.202568: (+3)     bprint:               __handle_mm_fault: NUMAB MEM ACCESS process[nid:1, cpu:19, pid:3714], folio[virt:0x7f710528b938, phys:0x1864971000, pfn:0x1864971, nid:1, npages:1]
          cg.C.x-3730  [060]     0.202571: (+3)     bprint:               __handle_mm_fault: NUMAB MEM ACCESS process[nid:0, cpu:60, pid:3730], folio[virt:0x7f71052b03ec, phys:0x1869cd9000, pfn:0x1869cd9, nid:1, npages:1]
          cg.C.x-3730  [060]     0.202573: (+2)     bprint:               __handle_mm_fault: NUMAB TRY MEM MIGR process[nid:0, cpu:60, pid:3730], folio[virt:0x7f71052b03ec, phys:0x1869cd9000, nid:1], target_nid:0
          cg.C.x-3761  [025]     0.202574: (+1)     bprint:               __handle_mm_fault: NUMAB MEM ACCESS process[nid:1, cpu:25, pid:3761], folio[virt:0x7f71052f5a50, phys:0x185bbb3000, pfn:0x185bbb3, nid:1, npages:1]
          cg.C.x-3770  [030]     0.202578: (+4)     bprint:               __handle_mm_fault: NUMAB MEM ACCESS process[nid:0, cpu:30, pid:3770], folio[virt:0x7f7105309fb8, phys:0x3c5d16000, pfn:0x3c5d16, nid:0, npages:1]
          cg.C.x-3766  [024]     0.202580: (+2)     bprint:               __handle_mm_fault: NUMAB MEM ACCESS process[nid:0, cpu:24, pid:3766], folio[virt:0x7f71053018d4, phys:0x1203c1000, pfn:0x1203c1, nid:0, npages:1]
          cg.C.x-3732  [058]     0.202582: (+2)     bprint:               __handle_mm_fault: NUMAB MEM ACCESS process[nid:0, cpu:58, pid:3732], folio[virt:0x7f71052b39ec, phys:0x21412b000, pfn:0x21412b, nid:0, npages:1]
          cg.C.x-3728  [052]     0.202585: (+3)     bprint:               __handle_mm_fault: NUMAB MEM ACCESS process[nid:0, cpu:52, pid:3728], folio[virt:0x7f71052aab1c, phys:0x11547b000, pfn:0x11547b, nid:0, npages:1]
          cg.C.x-3756  [018]     0.202588: (+3)     bprint:               __handle_mm_fault: NUMAB MEM ACCESS process[nid:0, cpu:18, pid:3756], folio[virt:0x7f71052eaf18, phys:0x1806b7000, pfn:0x1806b7, nid:0, npages:1]
          cg.C.x-3757  [023]     0.202590: (+2)     bprint:               __handle_mm_fault: NUMAB MEM ACCESS process[nid:1, cpu:23, pid:3757], folio[virt:0x7f71052ec82c, phys:0x186ba5c000, pfn:0x186ba5c, nid:1, npages:1]
          cg.C.x-3713  [039]     0.202591: (+1)     bprint:               __handle_mm_fault: NUMAB MEM ACCESS process[nid:1, cpu:39, pid:3713], folio[virt:0x7f7105289828, phys:0x1866f5d000, pfn:0x1866f5d, nid:1, npages:1]
