    migration/34-221   [034]     3.549466: (+0)     sched_switch:         migration/34:221 [0] S ==> cg.C.x:2252 [120]
    migration/35-227   [035]     3.549466: (+0)     sched_switch:         migration/35:227 [0] S ==> cg.C.x:2269 [120]
    migration/37-239   [037]     3.549466: (+0)     sched_switch:         migration/37:239 [0] S ==> cg.C.x:2271 [120]
    migration/42-269   [042]     3.549466: (+0)     sched_switch:         migration/42:269 [0] S ==> cg.C.x:2272 [120]
    migration/36-233   [036]     3.549466: (+0)     sched_switch:         migration/36:233 [0] S ==> cg.C.x:2224 [120]
    migration/41-263   [041]     3.549467: (+1)     sched_switch:         migration/41:263 [0] S ==> cg.C.x:2277 [120]
          cg.C.x-2231  [059]     3.553446: (+3979)  sched_waking:         comm=migration/59 pid=371 prio=0 target_cpu=059
          cg.C.x-2241  [057]     3.553446: (+0)     sched_waking:         comm=migration/57 pid=359 prio=0 target_cpu=057
          cg.C.x-2221  [043]     3.553446: (+0)     sched_waking:         comm=migration/43 pid=275 prio=0 target_cpu=043
          cg.C.x-2242  [054]     3.553446: (+0)     sched_waking:         comm=migration/54 pid=341 prio=0 target_cpu=054
          cg.C.x-2255  [045]     3.553446: (+0)     sched_waking:         comm=migration/45 pid=287 prio=0 target_cpu=045
          cg.C.x-2223  [047]     3.553446: (+0)     sched_waking:         comm=migration/47 pid=299 prio=0 target_cpu=047
          cg.C.x-2240  [052]     3.553446: (+0)     sched_waking:         comm=migration/52 pid=329 prio=0 target_cpu=052
          cg.C.x-2229  [051]     3.553446: (+0)     sched_waking:         comm=migration/51 pid=323 prio=0 target_cpu=051
          cg.C.x-2245  [055]     3.553446: (+0)     sched_waking:         comm=migration/55 pid=347 prio=0 target_cpu=055
          cg.C.x-2246  [058]     3.553446: (+0)     sched_waking:         comm=migration/58 pid=365 prio=0 target_cpu=058
          cg.C.x-2281  [049]     3.553447: (+1)     sched_waking:         comm=migration/49 pid=311 prio=0 target_cpu=049
          cg.C.x-2244  [056]     3.553447: (+0)     sched_waking:         comm=migration/56 pid=353 prio=0 target_cpu=056
          cg.C.x-2225  [053]     3.553447: (+0)     sched_waking:         comm=migration/53 pid=335 prio=0 target_cpu=053
          cg.C.x-2232  [044]     3.553447: (+0)     sched_waking:         comm=migration/44 pid=281 prio=0 target_cpu=044
          cg.C.x-2270  [048]     3.553447: (+0)     sched_waking:         comm=migration/48 pid=305 prio=0 target_cpu=048
          cg.C.x-2262  [050]     3.553447: (+0)     sched_waking:         comm=migration/50 pid=317 prio=0 target_cpu=050
          cg.C.x-2234  [046]     3.553447: (+0)     sched_waking:         comm=migration/46 pid=293 prio=0 target_cpu=046
          cg.C.x-2246  [058]     3.553449: (+2)     sched_wakeup:         migration/58:365 [0] CPU:058
          cg.C.x-2242  [054]     3.553449: (+0)     sched_wakeup:         migration/54:341 [0] CPU:054
          cg.C.x-2240  [052]     3.553449: (+0)     sched_wakeup:         migration/52:329 [0] CPU:052
          cg.C.x-2221  [043]     3.553449: (+0)     sched_wakeup:         migration/43:275 [0] CPU:043
          cg.C.x-2244  [056]     3.553449: (+0)     sched_wakeup:         migration/56:353 [0] CPU:056
          cg.C.x-2232  [044]     3.553449: (+0)     sched_wakeup:         migration/44:281 [0] CPU:044
          cg.C.x-2262  [050]     3.553450: (+1)     sched_wakeup:         migration/50:317 [0] CPU:050
          cg.C.x-2231  [059]     3.553450: (+0)     sched_wakeup:         migration/59:371 [0] CPU:059
          cg.C.x-2270  [048]     3.553450: (+0)     sched_wakeup:         migration/48:305 [0] CPU:048
          cg.C.x-2255  [045]     3.553450: (+0)     sched_wakeup:         migration/45:287 [0] CPU:045
          cg.C.x-2234  [046]     3.553450: (+0)     sched_wakeup:         migration/46:293 [0] CPU:046
          cg.C.x-2241  [057]     3.553451: (+1)     sched_wakeup:         migration/57:359 [0] CPU:057
          cg.C.x-2281  [049]     3.553451: (+0)     sched_wakeup:         migration/49:311 [0] CPU:049
          cg.C.x-2229  [051]     3.553451: (+0)     sched_wakeup:         migration/51:323 [0] CPU:051
          cg.C.x-2245  [055]     3.553451: (+0)     sched_wakeup:         migration/55:347 [0] CPU:055
          cg.C.x-2225  [053]     3.553451: (+0)     sched_wakeup:         migration/53:335 [0] CPU:053
          cg.C.x-2223  [047]     3.553451: (+0)     sched_wakeup:         migration/47:299 [0] CPU:047
          cg.C.x-2246  [058]     3.553453: (+2)     sched_switch:         cg.C.x:2246 [120] R ==> migration/58:365 [0]
          cg.C.x-2244  [056]     3.553454: (+1)     sched_switch:         cg.C.x:2244 [120] R ==> migration/56:353 [0]
          cg.C.x-2240  [052]     3.553454: (+0)     sched_switch:         cg.C.x:2240 [120] R ==> migration/52:329 [0]
          cg.C.x-2221  [043]     3.553454: (+0)     sched_switch:         cg.C.x:2221 [120] R ==> migration/43:275 [0]
          cg.C.x-2242  [054]     3.553455: (+1)     sched_switch:         cg.C.x:2242 [120] R ==> migration/54:341 [0]
          cg.C.x-2241  [057]     3.553455: (+0)     sched_switch:         cg.C.x:2241 [120] R ==> migration/57:359 [0]
          cg.C.x-2232  [044]     3.553455: (+0)     sched_switch:         cg.C.x:2232 [120] R ==> migration/44:281 [0]
          cg.C.x-2231  [059]     3.553455: (+0)     sched_switch:         cg.C.x:2231 [120] R ==> migration/59:371 [0]
          cg.C.x-2255  [045]     3.553456: (+1)     sched_switch:         cg.C.x:2255 [120] R ==> migration/45:287 [0]
          cg.C.x-2245  [055]     3.553456: (+0)     sched_switch:         cg.C.x:2245 [120] R ==> migration/55:347 [0]
          cg.C.x-2223  [047]     3.553456: (+0)     sched_switch:         cg.C.x:2223 [120] R ==> migration/47:299 [0]
          cg.C.x-2281  [049]     3.553456: (+0)     sched_switch:         cg.C.x:2281 [120] R ==> migration/49:311 [0]
          cg.C.x-2225  [053]     3.553456: (+0)     sched_switch:         cg.C.x:2225 [120] R ==> migration/53:335 [0]
          cg.C.x-2234  [046]     3.553456: (+0)     sched_switch:         cg.C.x:2234 [120] R ==> migration/46:293 [0]
          cg.C.x-2270  [048]     3.553456: (+0)     sched_switch:         cg.C.x:2270 [120] R ==> migration/48:305 [0]
          cg.C.x-2262  [050]     3.553457: (+1)     sched_switch:         cg.C.x:2262 [120] R ==> migration/50:317 [0]
          cg.C.x-2229  [051]     3.553457: (+0)     sched_switch:         cg.C.x:2229 [120] R ==> migration/51:323 [0]
    migration/58-365   [058]     3.553459: (+2)     sched_switch:         migration/58:365 [0] S ==> cg.C.x:2246 [120]
    migration/43-275   [043]     3.553459: (+0)     sched_switch:         migration/43:275 [0] S ==> cg.C.x:2221 [120]
    migration/52-329   [052]     3.553459: (+0)     sched_switch:         migration/52:329 [0] S ==> cg.C.x:2240 [120]
    migration/57-359   [057]     3.553460: (+1)     sched_switch:         migration/57:359 [0] S ==> cg.C.x:2241 [120]
    migration/56-353   [056]     3.553460: (+0)     sched_switch:         migration/56:353 [0] S ==> cg.C.x:2244 [120]
    migration/54-341   [054]     3.553460: (+0)     sched_switch:         migration/54:341 [0] S ==> cg.C.x:2242 [120]
    migration/49-311   [049]     3.553461: (+1)     sched_switch:         migration/49:311 [0] S ==> cg.C.x:2281 [120]
    migration/44-281   [044]     3.553461: (+0)     sched_switch:         migration/44:281 [0] S ==> cg.C.x:2232 [120]
    migration/47-299   [047]     3.553461: (+0)     sched_switch:         migration/47:299 [0] S ==> cg.C.x:2223 [120]
    migration/45-287   [045]     3.553461: (+0)     sched_switch:         migration/45:287 [0] S ==> cg.C.x:2255 [120]
    migration/59-371   [059]     3.553461: (+0)     sched_switch:         migration/59:371 [0] S ==> cg.C.x:2231 [120]
    migration/53-335   [053]     3.553461: (+0)     sched_switch:         migration/53:335 [0] S ==> cg.C.x:2225 [120]
    migration/46-293   [046]     3.553462: (+1)     sched_switch:         migration/46:293 [0] S ==> cg.C.x:2234 [120]
    migration/55-347   [055]     3.553462: (+0)     sched_switch:         migration/55:347 [0] S ==> cg.C.x:2245 [120]
    migration/48-305   [048]     3.553462: (+0)     sched_switch:         migration/48:305 [0] S ==> cg.C.x:2270 [120]
    migration/50-317   [050]     3.553462: (+0)     sched_switch:         migration/50:317 [0] S ==> cg.C.x:2262 [120]
    migration/51-323   [051]     3.553462: (+0)     sched_switch:         migration/51:323 [0] S ==> cg.C.x:2229 [120]
          cg.C.x-2248  [060]     3.557448: (+3986)  sched_waking:         comm=migration/60 pid=377 prio=0 target_cpu=060
          cg.C.x-2237  [061]     3.557448: (+0)     sched_waking:         comm=migration/61 pid=383 prio=0 target_cpu=061
          cg.C.x-2243  [063]     3.557449: (+1)     sched_waking:         comm=migration/63 pid=395 prio=0 target_cpu=063
          cg.C.x-2250  [062]     3.557449: (+0)     sched_waking:         comm=migration/62 pid=389 prio=0 target_cpu=062
          cg.C.x-2250  [062]     3.557451: (+2)     sched_wakeup:         migration/62:389 [0] CPU:062
          cg.C.x-2248  [060]     3.557451: (+0)     sched_wakeup:         migration/60:377 [0] CPU:060
          cg.C.x-2237  [061]     3.557452: (+1)     sched_wakeup:         migration/61:383 [0] CPU:061
          cg.C.x-2243  [063]     3.557452: (+0)     sched_wakeup:         migration/63:395 [0] CPU:063
          cg.C.x-2248  [060]     3.557456: (+4)     sched_switch:         cg.C.x:2248 [120] R ==> migration/60:377 [0]
          cg.C.x-2250  [062]     3.557456: (+0)     sched_switch:         cg.C.x:2250 [120] R ==> migration/62:389 [0]
          cg.C.x-2237  [061]     3.557457: (+1)     sched_switch:         cg.C.x:2237 [120] R ==> migration/61:383 [0]
          cg.C.x-2243  [063]     3.557457: (+0)     sched_switch:         cg.C.x:2243 [120] R ==> migration/63:395 [0]
    migration/62-389   [062]     3.557461: (+4)     sched_switch:         migration/62:389 [0] S ==> cg.C.x:2250 [120]
    migration/60-377   [060]     3.557462: (+1)     sched_switch:         migration/60:377 [0] S ==> cg.C.x:2248 [120]
    migration/61-383   [061]     3.557463: (+1)     sched_switch:         migration/61:383 [0] S ==> cg.C.x:2237 [120]
    migration/63-395   [063]     3.557463: (+0)     sched_switch:         migration/63:395 [0] S ==> cg.C.x:2243 [120]
          cg.C.x-2225  [053]     3.561106: (+3643)  sched_waking:         comm=kworker/53:1 pid=593 prio=120 target_cpu=053
          cg.C.x-2242  [054]     3.561107: (+1)     sched_waking:         comm=kworker/54:1 pid=719 prio=120 target_cpu=054
          cg.C.x-2242  [054]     3.561111: (+4)     sched_wakeup:         kworker/54:1:719 [120] CPU:054
          cg.C.x-2225  [053]     3.561112: (+1)     sched_wakeup:         kworker/53:1:593 [120] CPU:053
          cg.C.x-2225  [053]     3.561115: (+3)     sched_switch:         cg.C.x:2225 [120] R ==> kworker/53:1:593 [120]
          cg.C.x-2242  [054]     3.561115: (+0)     sched_switch:         cg.C.x:2242 [120] R ==> kworker/54:1:719 [120]
    kworker/53:1-593   [053]     3.561126: (+11)    sched_switch:         kworker/53:1:593 [120] I ==> cg.C.x:2225 [120]
    kworker/54:1-719   [054]     3.561127: (+1)     sched_switch:         kworker/54:1:719 [120] I ==> cg.C.x:2242 [120]
          cg.C.x-2239  [003]     3.585119: (+23992) sched_waking:         comm=kworker/3:2 pid=961 prio=120 target_cpu=003
          cg.C.x-2239  [003]     3.585125: (+6)     sched_wakeup:         kworker/3:2:961 [120] CPU:003
          cg.C.x-2239  [003]     3.585130: (+5)     sched_switch:         cg.C.x:2239 [120] R ==> kworker/3:2:961 [120]
     kworker/3:2-961   [003]     3.585185: (+55)    sched_switch:         kworker/3:2:961 [120] I ==> cg.C.x:2239 [120]
          cg.C.x-2240  [052]     3.593121: (+7936)  sched_waking:         comm=kworker/52:1 pid=726 prio=120 target_cpu=052
          cg.C.x-2262  [050]     3.593121: (+0)     sched_waking:         comm=kworker/50:1 pid=702 prio=120 target_cpu=050
          cg.C.x-2229  [051]     3.593123: (+2)     sched_waking:         comm=kworker/51:1 pid=635 prio=120 target_cpu=051
          cg.C.x-2240  [052]     3.593129: (+6)     sched_wakeup:         kworker/52:1:726 [120] CPU:052
          cg.C.x-2229  [051]     3.593129: (+0)     sched_wakeup:         kworker/51:1:635 [120] CPU:051
          cg.C.x-2262  [050]     3.593129: (+0)     sched_wakeup:         kworker/50:1:702 [120] CPU:050
          cg.C.x-2262  [050]     3.593135: (+6)     sched_switch:         cg.C.x:2262 [120] R ==> kworker/50:1:702 [120]
          cg.C.x-2240  [052]     3.593135: (+0)     sched_switch:         cg.C.x:2240 [120] R ==> kworker/52:1:726 [120]
          cg.C.x-2229  [051]     3.593136: (+1)     sched_switch:         cg.C.x:2229 [120] R ==> kworker/51:1:635 [120]
    kworker/51:1-635   [051]     3.593147: (+11)    sched_switch:         kworker/51:1:635 [120] I ==> cg.C.x:2229 [120]
    kworker/52:1-726   [052]     3.593149: (+2)     sched_switch:         kworker/52:1:726 [120] I ==> cg.C.x:2240 [120]
    kworker/50:1-702   [050]     3.593151: (+2)     sched_switch:         kworker/50:1:702 [120] I ==> cg.C.x:2262 [120]
          cg.C.x-2239  [003]     3.599178: (+6027)  sched_waking:         comm=haveged pid=1079 prio=120 target_cpu=003
          cg.C.x-2239  [003]     3.599189: (+11)    sched_wakeup:         haveged:1079 [120] CPU:003
          cg.C.x-2239  [003]     3.599195: (+6)     sched_switch:         cg.C.x:2239 [120] R ==> haveged:1079 [120]
         haveged-1079  [003]     3.599226: (+31)    sched_switch:         haveged:1079 [120] S ==> cg.C.x:2239 [120]
          cg.C.x-2281  [049]     3.625138: (+25912) sched_waking:         comm=kworker/49:1 pid=498 prio=120 target_cpu=049
          cg.C.x-2281  [049]     3.625145: (+7)     sched_wakeup:         kworker/49:1:498 [120] CPU:049
          cg.C.x-2281  [049]     3.625151: (+6)     sched_switch:         cg.C.x:2281 [120] R ==> kworker/49:1:498 [120]
    kworker/49:1-498   [049]     3.625181: (+30)    sched_switch:         kworker/49:1:498 [120] I ==> cg.C.x:2281 [120]
          cg.C.x-2221  [043]     3.628024: (+2843)  sched_waking:         comm=kworker/u130:12 pid=430 prio=120 target_cpu=043
          cg.C.x-2221  [043]     3.628030: (+6)     sched_wakeup:         kworker/u130:12:430 [120] CPU:043
          cg.C.x-2221  [043]     3.628034: (+4)     sched_switch:         cg.C.x:2221 [120] R ==> kworker/u130:12:430 [120]
 kworker/u130:12-430   [043]     3.628038: (+4)     sched_waking:         comm=sshd pid=1967 prio=120 target_cpu=043
 kworker/u130:12-430   [043]     3.628041: (+3)     sched_wakeup:         sshd:1967 [120] CPU:043
 kworker/u130:12-430   [043]     3.628044: (+3)     sched_switch:         kworker/u130:12:430 [120] I ==> sshd:1967 [120]
            sshd-1967  [043]     3.628128: (+84)    sched_switch:         sshd:1967 [120] S ==> cg.C.x:2221 [120]
          cg.C.x-2221  [043]     3.628130: (+2)     sched_waking:         comm=kworker/u130:12 pid=430 prio=120 target_cpu=043
          cg.C.x-2221  [043]     3.628131: (+1)     sched_wakeup:         kworker/u130:12:430 [120] CPU:043
          cg.C.x-2221  [043]     3.628133: (+2)     sched_switch:         cg.C.x:2221 [120] R ==> kworker/u130:12:430 [120]
 kworker/u130:12-430   [043]     3.628134: (+1)     sched_waking:         comm=sshd pid=1967 prio=120 target_cpu=043
 kworker/u130:12-430   [043]     3.628135: (+1)     sched_wakeup:         sshd:1967 [120] CPU:043
 kworker/u130:12-430   [043]     3.628136: (+1)     sched_switch:         kworker/u130:12:430 [120] I ==> sshd:1967 [120]
            sshd-1967  [043]     3.628159: (+23)    sched_switch:         sshd:1967 [120] S ==> cg.C.x:2221 [120]
          cg.C.x-2223  [047]     3.629137: (+978)   sched_waking:         comm=kworker/47:1 pid=514 prio=120 target_cpu=047
          cg.C.x-2270  [048]     3.629140: (+3)     sched_waking:         comm=kworker/48:1 pid=699 prio=120 target_cpu=048
          cg.C.x-2223  [047]     3.629141: (+1)     sched_wakeup:         kworker/47:1:514 [120] CPU:047
          cg.C.x-2223  [047]     3.629144: (+3)     sched_switch:         cg.C.x:2223 [120] R ==> kworker/47:1:514 [120]
          cg.C.x-2270  [048]     3.629146: (+2)     sched_wakeup:         kworker/48:1:699 [120] CPU:048
          cg.C.x-2270  [048]     3.629151: (+5)     sched_switch:         cg.C.x:2270 [120] R ==> kworker/48:1:699 [120]
    kworker/47:1-514   [047]     3.629154: (+3)     sched_switch:         kworker/47:1:514 [120] I ==> cg.C.x:2223 [120]
    kworker/48:1-699   [048]     3.629168: (+14)    sched_switch:         kworker/48:1:699 [120] I ==> cg.C.x:2270 [120]
          cg.C.x-2283  [001]     3.657154: (+27986) sched_waking:         comm=kworker/1:2 pid=465 prio=120 target_cpu=001
          cg.C.x-2261  [021]     3.657155: (+1)     sched_waking:         comm=kworker/21:0H pid=146 prio=100 target_cpu=021
          cg.C.x-2283  [001]     3.657161: (+6)     sched_wakeup:         kworker/1:2:465 [120] CPU:001
          cg.C.x-2261  [021]     3.657161: (+0)     sched_wakeup:         kworker/21:0H:146 [100] CPU:021
          cg.C.x-2283  [001]     3.657166: (+5)     sched_switch:         cg.C.x:2283 [120] R ==> kworker/1:2:465 [120]
          cg.C.x-2261  [021]     3.657166: (+0)     sched_switch:         cg.C.x:2261 [120] R ==> kworker/21:0H:146 [100]
     kworker/1:2-465   [001]     3.657175: (+9)     sched_switch:         kworker/1:2:465 [120] I ==> cg.C.x:2283 [120]
   kworker/21:0H-146   [021]     3.657176: (+1)     sched_switch:         kworker/21:0H:146 [100] I ==> cg.C.x:2261 [120]
          cg.C.x-2234  [046]     3.661156: (+3980)  sched_waking:         comm=kworker/46:1 pid=703 prio=120 target_cpu=046
          cg.C.x-2234  [046]     3.661164: (+8)     sched_wakeup:         kworker/46:1:703 [120] CPU:046
          cg.C.x-2234  [046]     3.661171: (+7)     sched_switch:         cg.C.x:2234 [120] R ==> kworker/46:1:703 [120]
    kworker/46:1-703   [046]     3.661183: (+12)    sched_switch:         kworker/46:1:703 [120] I ==> cg.C.x:2234 [120]
          cg.C.x-2272  [042]     3.689170: (+27987) sched_waking:         comm=kworker/42:1 pid=591 prio=120 target_cpu=042
          cg.C.x-2221  [043]     3.689171: (+1)     sched_waking:         comm=kworker/43:2 pid=1591 prio=120 target_cpu=043
          cg.C.x-2221  [043]     3.689178: (+7)     sched_wakeup:         kworker/43:2:1591 [120] CPU:043
          cg.C.x-2272  [042]     3.689179: (+1)     sched_wakeup:         kworker/42:1:591 [120] CPU:042
          cg.C.x-2221  [043]     3.689185: (+6)     sched_switch:         cg.C.x:2221 [120] R ==> kworker/43:2:1591 [120]
          cg.C.x-2272  [042]     3.689186: (+1)     sched_switch:         cg.C.x:2272 [120] R ==> kworker/42:1:591 [120]
    kworker/42:1-591   [042]     3.689217: (+31)    sched_switch:         kworker/42:1:591 [120] I ==> cg.C.x:2272 [120]
    kworker/43:2-1591  [043]     3.689225: (+8)     sched_switch:         kworker/43:2:1591 [120] I ==> cg.C.x:2221 [120]
          cg.C.x-2232  [044]     3.693172: (+3947)  sched_waking:         comm=kworker/44:1 pid=590 prio=120 target_cpu=044
          cg.C.x-2232  [044]     3.693180: (+8)     sched_wakeup:         kworker/44:1:590 [120] CPU:044
          cg.C.x-2232  [044]     3.693187: (+7)     sched_switch:         cg.C.x:2232 [120] R ==> kworker/44:1:590 [120]
    kworker/44:1-590   [044]     3.693202: (+15)    sched_switch:         kworker/44:1:590 [120] I ==> cg.C.x:2232 [120]
          cg.C.x-2228  [040]     3.721186: (+27984) sched_waking:         comm=kworker/40:2 pid=692 prio=120 target_cpu=040
          cg.C.x-2233  [039]     3.721187: (+1)     sched_waking:         comm=kworker/39:2 pid=1550 prio=120 target_cpu=039
          cg.C.x-2228  [040]     3.721193: (+6)     sched_wakeup:         kworker/40:2:692 [120] CPU:040
          cg.C.x-2233  [039]     3.721194: (+1)     sched_wakeup:         kworker/39:2:1550 [120] CPU:039
          cg.C.x-2233  [039]     3.721199: (+5)     sched_switch:         cg.C.x:2233 [120] R ==> kworker/39:2:1550 [120]
          cg.C.x-2228  [040]     3.721201: (+2)     sched_switch:         cg.C.x:2228 [120] R ==> kworker/40:2:692 [120]
    kworker/39:2-1550  [039]     3.721213: (+12)    sched_switch:         kworker/39:2:1550 [120] I ==> cg.C.x:2233 [120]
    kworker/40:2-692   [040]     3.721215: (+2)     sched_switch:         kworker/40:2:692 [120] I ==> cg.C.x:2228 [120]
          cg.C.x-2225  [053]     3.729570: (+8355)  sched_waking:         comm=automount pid=1876 prio=120 target_cpu=053
          cg.C.x-2225  [053]     3.729585: (+15)    sched_wakeup:         automount:1876 [120] CPU:053
          cg.C.x-2225  [053]     3.729592: (+7)     sched_switch:         cg.C.x:2225 [120] R ==> automount:1876 [120]
       automount-1876  [053]     3.729615: (+23)    sched_waking:         comm=automount pid=1877 prio=120 target_cpu=053
       automount-1876  [053]     3.729619: (+4)     sched_wakeup:         automount:1877 [120] CPU:053
       automount-1876  [053]     3.729626: (+7)     sched_switch:         automount:1876 [120] S ==> automount:1877 [120]
       automount-1877  [053]     3.729682: (+56)    sched_process_fork:   comm=automount pid=1877 child_comm=automount child_pid=2285
       automount-1877  [053]     3.729714: (+32)    sched_wakeup_new:     automount:2285 [120] CPU:000
       automount-1877  [053]     3.729725: (+11)    sched_switch:         automount:1877 [120] S ==> cg.C.x:2225 [120]
          cg.C.x-2254  [000]     3.729731: (+6)     sched_switch:         cg.C.x:2254 [120] R ==> automount:2285 [120]
       automount-2285  [000]     3.729756: (+25)    sched_waking:         comm=automount pid=1877 prio=120 target_cpu=053
          cg.C.x-2225  [053]     3.729770: (+14)    sched_wakeup:         automount:1877 [120] CPU:053
          cg.C.x-2225  [053]     3.729773: (+3)     sched_switch:         cg.C.x:2225 [120] R ==> automount:1877 [120]
       automount-1877  [053]     3.729784: (+11)    sched_switch:         automount:1877 [120] S ==> cg.C.x:2225 [120]
       automount-2285  [000]     3.729821: (+37)    sched_waking:         comm=automount pid=1876 prio=120 target_cpu=053
       automount-2285  [000]     3.729825: (+4)     sched_waking:         comm=automount pid=1877 prio=120 target_cpu=053
          cg.C.x-2225  [053]     3.729829: (+4)     sched_wakeup:         automount:1876 [120] CPU:053
          cg.C.x-2225  [053]     3.729832: (+3)     sched_wakeup:         automount:1877 [120] CPU:053
          cg.C.x-2225  [053]     3.729834: (+2)     sched_switch:         cg.C.x:2225 [120] R ==> automount:1876 [120]
       automount-1876  [053]     3.729845: (+11)    sched_switch:         automount:1876 [120] S ==> automount:1877 [120]
       automount-1877  [053]     3.729852: (+7)     sched_switch:         automount:1877 [120] S ==> cg.C.x:2225 [120]
       automount-2285  [000]     3.729861: (+9)     sched_process_exit:   comm=automount pid=2285 prio=120
       automount-2285  [000]     3.729890: (+29)    sched_switch:         automount:2285 [120] X ==> cg.C.x:2254 [120]
          cg.C.x-2254  [000]     3.733194: (+3304)  sched_waking:         comm=rcu_preempt pid=17 prio=120 target_cpu=010
          cg.C.x-2254  [000]     3.733202: (+8)     sched_wakeup:         rcu_preempt:17 [120] CPU:010
          cg.C.x-2230  [010]     3.733205: (+3)     sched_switch:         cg.C.x:2230 [120] R ==> rcu_preempt:17 [120]
     rcu_preempt-17    [010]     3.733216: (+11)    sched_switch:         rcu_preempt:17 [120] I ==> cg.C.x:2230 [120]
          cg.C.x-2230  [010]     3.741192: (+7976)  sched_waking:         comm=rcu_preempt pid=17 prio=120 target_cpu=010
          cg.C.x-2230  [010]     3.741202: (+10)    sched_wakeup:         rcu_preempt:17 [120] CPU:010
          cg.C.x-2230  [010]     3.745200: (+3998)  sched_switch:         cg.C.x:2230 [120] R ==> rcu_preempt:17 [120]
     rcu_preempt-17    [010]     3.745219: (+19)    sched_switch:         rcu_preempt:17 [120] I ==> cg.C.x:2230 [120]
          cg.C.x-2221  [043]     3.747205: (+1986)  sched_waking:         comm=kworker/u130:12 pid=430 prio=120 target_cpu=043
          cg.C.x-2221  [043]     3.747212: (+7)     sched_wakeup:         kworker/u130:12:430 [120] CPU:043
          cg.C.x-2221  [043]     3.747217: (+5)     sched_switch:         cg.C.x:2221 [120] R ==> kworker/u130:12:430 [120]
 kworker/u130:12-430   [043]     3.747222: (+5)     sched_waking:         comm=sshd pid=1967 prio=120 target_cpu=043
 kworker/u130:12-430   [043]     3.747225: (+3)     sched_wakeup:         sshd:1967 [120] CPU:043
 kworker/u130:12-430   [043]     3.747228: (+3)     sched_switch:         kworker/u130:12:430 [120] I ==> sshd:1967 [120]
            sshd-1967  [043]     3.747312: (+84)    sched_switch:         sshd:1967 [120] S ==> cg.C.x:2221 [120]
          cg.C.x-2221  [043]     3.747313: (+1)     sched_waking:         comm=kworker/u130:12 pid=430 prio=120 target_cpu=043
          cg.C.x-2221  [043]     3.747315: (+2)     sched_wakeup:         kworker/u130:12:430 [120] CPU:043
          cg.C.x-2221  [043]     3.747317: (+2)     sched_switch:         cg.C.x:2221 [120] R ==> kworker/u130:12:430 [120]
 kworker/u130:12-430   [043]     3.747318: (+1)     sched_waking:         comm=sshd pid=1967 prio=120 target_cpu=043
 kworker/u130:12-430   [043]     3.747319: (+1)     sched_wakeup:         sshd:1967 [120] CPU:043
 kworker/u130:12-430   [043]     3.747321: (+2)     sched_switch:         kworker/u130:12:430 [120] I ==> sshd:1967 [120]
            sshd-1967  [043]     3.747344: (+23)    sched_switch:         sshd:1967 [120] S ==> cg.C.x:2221 [120]
          cg.C.x-2243  [063]     3.749196: (+1852)  sched_waking:         comm=rpcbind pid=1080 prio=120 target_cpu=063
          cg.C.x-2243  [063]     3.749208: (+12)    sched_wakeup:         rpcbind:1080 [120] CPU:063
          cg.C.x-2243  [063]     3.749213: (+5)     sched_switch:         cg.C.x:2243 [120] R ==> rpcbind:1080 [120]
         rpcbind-1080  [063]     3.749240: (+27)    sched_switch:         rpcbind:1080 [120] S ==> cg.C.x:2243 [120]
          cg.C.x-2230  [010]     3.753201: (+3961)  sched_waking:         comm=rcu_preempt pid=17 prio=120 target_cpu=010
          cg.C.x-2230  [010]     3.753208: (+7)     sched_wakeup:         rcu_preempt:17 [120] CPU:010
          cg.C.x-2230  [010]     3.753213: (+5)     sched_switch:         cg.C.x:2230 [120] R ==> rcu_preempt:17 [120]
     rcu_preempt-17    [010]     3.753225: (+12)    sched_switch:         rcu_preempt:17 [120] I ==> cg.C.x:2230 [120]
          cg.C.x-2227  [038]     3.757203: (+3978)  sched_waking:         comm=kworker/38:1 pid=543 prio=120 target_cpu=038
          cg.C.x-2227  [038]     3.757210: (+7)     sched_wakeup:         kworker/38:1:543 [120] CPU:038
          cg.C.x-2227  [038]     3.757217: (+7)     sched_switch:         cg.C.x:2227 [120] R ==> kworker/38:1:543 [120]
    kworker/38:1-543   [038]     3.757229: (+12)    sched_switch:         kworker/38:1:543 [120] I ==> cg.C.x:2227 [120]
          cg.C.x-2230  [010]     3.765207: (+7978)  sched_waking:         comm=rcu_preempt pid=17 prio=120 target_cpu=010
          cg.C.x-2230  [010]     3.765214: (+7)     sched_wakeup:         rcu_preempt:17 [120] CPU:010
          cg.C.x-2230  [010]     3.765220: (+6)     sched_switch:         cg.C.x:2230 [120] R ==> rcu_preempt:17 [120]
     rcu_preempt-17    [010]     3.765228: (+8)     sched_switch:         rcu_preempt:17 [120] I ==> cg.C.x:2230 [120]
          cg.C.x-2283  [001]     3.769207: (+3979)  sched_waking:         comm=rcu_preempt pid=17 prio=120 target_cpu=010
          cg.C.x-2230  [010]     3.769221: (+14)    sched_wakeup:         rcu_preempt:17 [120] CPU:010
          cg.C.x-2230  [010]     3.769227: (+6)     sched_switch:         cg.C.x:2230 [120] R ==> rcu_preempt:17 [120]
     rcu_preempt-17    [010]     3.769237: (+10)    sched_switch:         rcu_preempt:17 [120] I ==> cg.C.x:2230 [120]
          cg.C.x-2254  [000]     3.777228: (+7991)  sched_waking:         comm=kworker/0:5 pid=729 prio=120 target_cpu=000
          cg.C.x-2254  [000]     3.777236: (+8)     sched_wakeup:         kworker/0:5:729 [120] CPU:000
          cg.C.x-2254  [000]     3.777237: (+1)     sched_process_free:   comm=automount pid=2285 prio=120
          cg.C.x-2254  [000]     3.777253: (+16)    sched_switch:         cg.C.x:2254 [120] R ==> kworker/0:5:729 [120]
     kworker/0:5-729   [000]     3.777275: (+22)    sched_switch:         kworker/0:5:729 [120] I ==> cg.C.x:2254 [120]
          cg.C.x-2224  [036]     3.785219: (+7944)  sched_waking:         comm=kworker/36:2 pid=1889 prio=120 target_cpu=036
          cg.C.x-2252  [034]     3.785219: (+0)     sched_waking:         comm=kworker/34:1 pid=706 prio=120 target_cpu=034
          cg.C.x-2252  [034]     3.785227: (+8)     sched_wakeup:         kworker/34:1:706 [120] CPU:034
          cg.C.x-2224  [036]     3.785228: (+1)     sched_wakeup:         kworker/36:2:1889 [120] CPU:036
          cg.C.x-2252  [034]     3.785235: (+7)     sched_switch:         cg.C.x:2252 [120] R ==> kworker/34:1:706 [120]
          cg.C.x-2224  [036]     3.785235: (+0)     sched_switch:         cg.C.x:2224 [120] R ==> kworker/36:2:1889 [120]
    kworker/34:1-706   [034]     3.785249: (+14)    sched_switch:         kworker/34:1:706 [120] I ==> cg.C.x:2252 [120]
    kworker/36:2-1889  [036]     3.785251: (+2)     sched_switch:         kworker/36:2:1889 [120] I ==> cg.C.x:2224 [120]
          cg.C.x-2239  [003]     3.793219: (+7968)  sched_waking:         comm=kworker/3:2 pid=961 prio=120 target_cpu=003
          cg.C.x-2239  [003]     3.793224: (+5)     sched_wakeup:         kworker/3:2:961 [120] CPU:003
          cg.C.x-2239  [003]     3.793228: (+4)     sched_switch:         cg.C.x:2239 [120] R ==> kworker/3:2:961 [120]
     kworker/3:2-961   [003]     3.793275: (+47)    sched_switch:         kworker/3:2:961 [120] I ==> cg.C.x:2239 [120]
          cg.C.x-2226  [032]     3.817233: (+23958) sched_waking:         comm=kworker/32:1 pid=482 prio=120 target_cpu=032
          cg.C.x-2267  [031]     3.817233: (+0)     sched_waking:         comm=kworker/31:1 pid=710 prio=120 target_cpu=031
          cg.C.x-2267  [031]     3.817240: (+7)     sched_wakeup:         kworker/31:1:710 [120] CPU:031
          cg.C.x-2226  [032]     3.817243: (+3)     sched_wakeup:         kworker/32:1:482 [120] CPU:032
          cg.C.x-2267  [031]     3.817246: (+3)     sched_switch:         cg.C.x:2267 [120] R ==> kworker/31:1:710 [120]
          cg.C.x-2226  [032]     3.817251: (+5)     sched_switch:         cg.C.x:2226 [120] R ==> kworker/32:1:482 [120]
    kworker/31:1-710   [031]     3.817259: (+8)     sched_switch:         kworker/31:1:710 [120] I ==> cg.C.x:2267 [120]
    kworker/32:1-482   [032]     3.817291: (+32)    sched_switch:         kworker/32:1:482 [120] I ==> cg.C.x:2226 [120]
          cg.C.x-2258  [030]     3.853253: (+35962) sched_waking:         comm=kworker/30:1 pid=723 prio=120 target_cpu=030
          cg.C.x-2258  [030]     3.853268: (+15)    sched_wakeup:         kworker/30:1:723 [120] CPU:030
          cg.C.x-2258  [030]     3.853276: (+8)     sched_switch:         cg.C.x:2258 [120] R ==> kworker/30:1:723 [120]
    kworker/30:1-723   [030]     3.853292: (+16)    sched_switch:         kworker/30:1:723 [120] I ==> cg.C.x:2258 [120]
          cg.C.x-2221  [043]     3.867094: (+13802) sched_waking:         comm=kworker/u130:12 pid=430 prio=120 target_cpu=043
          cg.C.x-2221  [043]     3.867101: (+7)     sched_wakeup:         kworker/u130:12:430 [120] CPU:043
          cg.C.x-2221  [043]     3.867107: (+6)     sched_switch:         cg.C.x:2221 [120] R ==> kworker/u130:12:430 [120]
 kworker/u130:12-430   [043]     3.867113: (+6)     sched_waking:         comm=sshd pid=1967 prio=120 target_cpu=043
 kworker/u130:12-430   [043]     3.867116: (+3)     sched_wakeup:         sshd:1967 [120] CPU:043
 kworker/u130:12-430   [043]     3.867120: (+4)     sched_switch:         kworker/u130:12:430 [120] I ==> sshd:1967 [120]
            sshd-1967  [043]     3.867207: (+87)    sched_switch:         sshd:1967 [120] S ==> cg.C.x:2221 [120]
          cg.C.x-2221  [043]     3.867208: (+1)     sched_waking:         comm=kworker/u130:12 pid=430 prio=120 target_cpu=043
          cg.C.x-2221  [043]     3.867210: (+2)     sched_wakeup:         kworker/u130:12:430 [120] CPU:043
          cg.C.x-2221  [043]     3.867212: (+2)     sched_switch:         cg.C.x:2221 [120] R ==> kworker/u130:12:430 [120]
 kworker/u130:12-430   [043]     3.867213: (+1)     sched_waking:         comm=sshd pid=1967 prio=120 target_cpu=043
 kworker/u130:12-430   [043]     3.867215: (+2)     sched_wakeup:         sshd:1967 [120] CPU:043
 kworker/u130:12-430   [043]     3.867216: (+1)     sched_switch:         kworker/u130:12:430 [120] I ==> sshd:1967 [120]
            sshd-1967  [043]     3.867243: (+27)    sched_switch:         sshd:1967 [120] S ==> cg.C.x:2221 [120]
          cg.C.x-2276  [026]     3.881270: (+14027) sched_waking:         comm=kworker/26:2 pid=1577 prio=120 target_cpu=026
          cg.C.x-2276  [026]     3.881292: (+22)    sched_wakeup:         kworker/26:2:1577 [120] CPU:026
          cg.C.x-2276  [026]     3.881302: (+10)    sched_switch:         cg.C.x:2276 [120] R ==> kworker/26:2:1577 [120]
    kworker/26:2-1577  [026]     3.881336: (+34)    sched_switch:         kworker/26:2:1577 [120] I ==> cg.C.x:2276 [120]
          cg.C.x-2263  [027]     3.885266: (+3930)  sched_waking:         comm=kworker/27:1 pid=481 prio=120 target_cpu=027
          cg.C.x-2284  [028]     3.885270: (+4)     sched_waking:         comm=kworker/28:2 pid=1246 prio=120 target_cpu=028
          cg.C.x-2263  [027]     3.885272: (+2)     sched_wakeup:         kworker/27:1:481 [120] CPU:027
          cg.C.x-2284  [028]     3.885277: (+5)     sched_wakeup:         kworker/28:2:1246 [120] CPU:028
          cg.C.x-2263  [027]     3.885278: (+1)     sched_switch:         cg.C.x:2263 [120] R ==> kworker/27:1:481 [120]
          cg.C.x-2284  [028]     3.885283: (+5)     sched_switch:         cg.C.x:2284 [120] R ==> kworker/28:2:1246 [120]
    kworker/27:1-481   [027]     3.885291: (+8)     sched_switch:         kworker/27:1:481 [120] I ==> cg.C.x:2263 [120]
    kworker/28:2-1246  [028]     3.885298: (+7)     sched_switch:         kworker/28:2:1246 [120] I ==> cg.C.x:2284 [120]
          cg.C.x-2282  [024]     3.917282: (+31984) sched_waking:         comm=kworker/24:1 pid=727 prio=120 target_cpu=024
          cg.C.x-2282  [024]     3.917291: (+9)     sched_wakeup:         kworker/24:1:727 [120] CPU:024
          cg.C.x-2282  [024]     3.917297: (+6)     sched_switch:         cg.C.x:2282 [120] R ==> kworker/24:1:727 [120]
    kworker/24:1-727   [024]     3.917327: (+30)    sched_switch:         kworker/24:1:727 [120] I ==> cg.C.x:2282 [120]
          cg.C.x-2261  [021]     3.949298: (+31971) sched_waking:         comm=kworker/21:1 pid=717 prio=120 target_cpu=021
          cg.C.x-2278  [022]     3.949298: (+0)     sched_waking:         comm=kworker/22:1 pid=489 prio=120 target_cpu=022
          cg.C.x-2261  [021]     3.949305: (+7)     sched_wakeup:         kworker/21:1:717 [120] CPU:021
          cg.C.x-2278  [022]     3.949307: (+2)     sched_wakeup:         kworker/22:1:489 [120] CPU:022
          cg.C.x-2261  [021]     3.949312: (+5)     sched_switch:         cg.C.x:2261 [120] R ==> kworker/21:1:717 [120]
          cg.C.x-2278  [022]     3.949313: (+1)     sched_switch:         cg.C.x:2278 [120] R ==> kworker/22:1:489 [120]
    kworker/21:1-717   [021]     3.949325: (+12)    sched_switch:         kworker/21:1:717 [120] I ==> cg.C.x:2261 [120]
    kworker/22:1-489   [022]     3.949329: (+4)     sched_switch:         kworker/22:1:489 [120] I ==> cg.C.x:2278 [120]
          cg.C.x-2247  [005]     3.981312: (+31983) sched_waking:         comm=kcompactd1 pid=470 prio=120 target_cpu=005
          cg.C.x-2256  [002]     3.981312: (+0)     sched_waking:         comm=kcompactd0 pid=469 prio=120 target_cpu=002
          cg.C.x-2238  [018]     3.981313: (+1)     sched_waking:         comm=kworker/18:1 pid=708 prio=120 target_cpu=018
          cg.C.x-2266  [020]     3.981313: (+0)     sched_waking:         comm=kworker/20:1 pid=722 prio=120 target_cpu=020
          cg.C.x-2259  [019]     3.981313: (+0)     sched_waking:         comm=kworker/19:1 pid=716 prio=120 target_cpu=019
          cg.C.x-2247  [005]     3.981319: (+6)     sched_wakeup:         kcompactd1:470 [120] CPU:005
          cg.C.x-2256  [002]     3.981320: (+1)     sched_wakeup:         kcompactd0:469 [120] CPU:002
          cg.C.x-2238  [018]     3.981320: (+0)     sched_wakeup:         kworker/18:1:708 [120] CPU:018
          cg.C.x-2266  [020]     3.981320: (+0)     sched_wakeup:         kworker/20:1:722 [120] CPU:020
          cg.C.x-2259  [019]     3.981320: (+0)     sched_wakeup:         kworker/19:1:716 [120] CPU:019
          cg.C.x-2259  [019]     3.981324: (+4)     sched_switch:         cg.C.x:2259 [120] R ==> kworker/19:1:716 [120]
          cg.C.x-2247  [005]     3.981324: (+0)     sched_switch:         cg.C.x:2247 [120] R ==> kcompactd1:470 [120]
          cg.C.x-2266  [020]     3.981325: (+1)     sched_switch:         cg.C.x:2266 [120] R ==> kworker/20:1:722 [120]
          cg.C.x-2238  [018]     3.981325: (+0)     sched_switch:         cg.C.x:2238 [120] R ==> kworker/18:1:708 [120]
          cg.C.x-2256  [002]     3.981325: (+0)     sched_switch:         cg.C.x:2256 [120] R ==> kcompactd0:469 [120]
      kcompactd1-470   [005]     3.981332: (+7)     sched_switch:         kcompactd1:470 [120] S ==> cg.C.x:2247 [120]
    kworker/19:1-716   [019]     3.981335: (+3)     sched_switch:         kworker/19:1:716 [120] I ==> cg.C.x:2259 [120]
      kcompactd0-469   [002]     3.981336: (+1)     sched_switch:         kcompactd0:469 [120] S ==> cg.C.x:2256 [120]
    kworker/18:1-708   [018]     3.981339: (+3)     sched_switch:         kworker/18:1:708 [120] I ==> cg.C.x:2238 [120]
    kworker/20:1-722   [020]     3.981351: (+12)    sched_switch:         kworker/20:1:722 [120] I ==> cg.C.x:2266 [120]
          cg.C.x-2221  [043]     3.987526: (+6175)  sched_waking:         comm=kworker/u130:12 pid=430 prio=120 target_cpu=043
          cg.C.x-2221  [043]     3.987533: (+7)     sched_wakeup:         kworker/u130:12:430 [120] CPU:043
          cg.C.x-2221  [043]     3.987538: (+5)     sched_switch:         cg.C.x:2221 [120] R ==> kworker/u130:12:430 [120]
 kworker/u130:12-430   [043]     3.987544: (+6)     sched_waking:         comm=sshd pid=1967 prio=120 target_cpu=043
 kworker/u130:12-430   [043]     3.987547: (+3)     sched_wakeup:         sshd:1967 [120] CPU:043
 kworker/u130:12-430   [043]     3.987550: (+3)     sched_switch:         kworker/u130:12:430 [120] I ==> sshd:1967 [120]
            sshd-1967  [043]     3.987634: (+84)    sched_switch:         sshd:1967 [120] S ==> cg.C.x:2221 [120]
          cg.C.x-2221  [043]     3.987636: (+2)     sched_waking:         comm=kworker/u130:12 pid=430 prio=120 target_cpu=043
          cg.C.x-2221  [043]     3.987637: (+1)     sched_wakeup:         kworker/u130:12:430 [120] CPU:043
          cg.C.x-2221  [043]     3.987639: (+2)     sched_switch:         cg.C.x:2221 [120] R ==> kworker/u130:12:430 [120]
 kworker/u130:12-430   [043]     3.987640: (+1)     sched_waking:         comm=sshd pid=1967 prio=120 target_cpu=043
 kworker/u130:12-430   [043]     3.987642: (+2)     sched_wakeup:         sshd:1967 [120] CPU:043
 kworker/u130:12-430   [043]     3.987644: (+2)     sched_switch:         kworker/u130:12:430 [120] I ==> sshd:1967 [120]
            sshd-1967  [043]     3.987670: (+26)    sched_switch:         sshd:1967 [120] S ==> cg.C.x:2221 [120]
          cg.C.x-2239  [003]     4.001324: (+13654) sched_waking:         comm=kworker/3:2 pid=961 prio=120 target_cpu=003
          cg.C.x-2239  [003]     4.001330: (+6)     sched_wakeup:         kworker/3:2:961 [120] CPU:003
          cg.C.x-2239  [003]     4.001335: (+5)     sched_switch:         cg.C.x:2239 [120] R ==> kworker/3:2:961 [120]
     kworker/3:2-961   [003]     4.001376: (+41)    sched_switch:         kworker/3:2:961 [120] I ==> cg.C.x:2239 [120]
          cg.C.x-2251  [017]     4.009330: (+7954)  sched_waking:         comm=kworker/17:1 pid=480 prio=120 target_cpu=017
          cg.C.x-2251  [017]     4.009337: (+7)     sched_wakeup:         kworker/17:1:480 [120] CPU:017
          cg.C.x-2251  [017]     4.009342: (+5)     sched_switch:         cg.C.x:2251 [120] R ==> kworker/17:1:480 [120]
    kworker/17:1-480   [017]     4.009354: (+12)    sched_switch:         kworker/17:1:480 [120] I ==> cg.C.x:2251 [120]
          cg.C.x-2236  [016]     4.013331: (+3977)  sched_waking:         comm=kworker/16:1 pid=696 prio=120 target_cpu=016
          cg.C.x-2236  [016]     4.013340: (+9)     sched_wakeup:         kworker/16:1:696 [120] CPU:016
          cg.C.x-2236  [016]     4.013345: (+5)     sched_switch:         cg.C.x:2236 [120] R ==> kworker/16:1:696 [120]
    kworker/16:1-696   [016]     4.013364: (+19)    sched_switch:         kworker/16:1:696 [120] I ==> cg.C.x:2236 [120]
          cg.C.x-2275  [029]     4.017332: (+3968)  bprint:               change_prot_numa: NUMAB SCAN vma[start:0x7fd3bee91000, end:0x7fd3d16f9000, from:0x7fd3cf800000, to:0x7fd3d16f9000, size:31716 KB]
          cg.C.x-2275  [029]     4.017365: (+33)    bprint:               change_prot_numa: NUMAB SCAN vma[start:0x7fd3d1800000, end:0x7fd3d2a50000, from:0x7fd3d1800000, to:0x7fd3d2a50000, size:18752 KB]
          cg.C.x-2275  [029]     4.017408: (+43)    bprint:               change_prot_numa: NUMAB SCAN vma[start:0x7fd3d2adb000, end:0x7fd3e50f9000, from:0x7fd3d2adb000, to:0x7fd3dfa00000, size:212116 KB]
          cg.C.x-2270  [048]     4.020648: (+3240)  bprint:               __handle_mm_fault: NUMAB MEM ACCESS process[nid:0, cpu:48, pid:2270], folio[virt:0x7fd3d2bbb548, phys:0x152813000, pfn:0x152813, nid:0, npages:1]
          cg.C.x-2238  [018]     4.020654: (+6)     bprint:               __handle_mm_fault: NUMAB MEM ACCESS process[nid:0, cpu:18, pid:2238], folio[virt:0x7fd3d2b28d50, phys:0x152d31000, pfn:0x152d31, nid:0, npages:1]
          cg.C.x-2263  [027]     4.020658: (+4)     bprint:               __handle_mm_fault: NUMAB MEM ACCESS process[nid:1, cpu:27, pid:2263], folio[virt:0x7fd3d2b9b490, phys:0x1113d6000, pfn:0x1113d6, nid:0, npages:1]
          cg.C.x-2263  [027]     4.020660: (+2)     bprint:               __handle_mm_fault: NUMAB TRY MEM MIGR process[nid:1, cpu:27, pid:2263], folio[virt:0x7fd3d2b9b490, phys:0x1113d6000, nid:0], target_nid:1
          cg.C.x-2231  [059]     4.020661: (+1)     bprint:               __handle_mm_fault: NUMAB MEM ACCESS process[nid:1, cpu:59, pid:2231], folio[virt:0x7fd3d2b08c90, phys:0x186a762000, pfn:0x186a762, nid:1, npages:1]
          cg.C.x-2259  [019]     4.020664: (+3)     bprint:               __handle_mm_fault: NUMAB MEM ACCESS process[nid:1, cpu:19, pid:2259], folio[virt:0x7fd3d2b88f90, phys:0x1858675000, pfn:0x1858675, nid:1, npages:1]
          cg.C.x-2249  [033]     4.020667: (+3)     bprint:               __handle_mm_fault: NUMAB MEM ACCESS process[nid:1, cpu:33, pid:2249], folio[virt:0x7fd3d2b5b310, phys:0x150277000, pfn:0x150277, nid:0, npages:1]
          cg.C.x-2249  [033]     4.020668: (+1)     bprint:               __handle_mm_fault: NUMAB TRY MEM MIGR process[nid:1, cpu:33, pid:2249], folio[virt:0x7fd3d2b5b310, phys:0x150277000, nid:0], target_nid:1
          cg.C.x-2223  [047]     4.020669: (+1)     bprint:               __handle_mm_fault: NUMAB MEM ACCESS process[nid:1, cpu:47, pid:2223], folio[virt:0x7fd3d2ae4290, phys:0x185b228000, pfn:0x185b228, nid:1, npages:1]
          cg.C.x-2267  [031]     4.020672: (+3)     bprint:               __handle_mm_fault: NUMAB MEM ACCESS process[nid:1, cpu:31, pid:2267], folio[virt:0x7fd3d2bad990, phys:0x1b03fd000, pfn:0x1b03fd, nid:0, npages:1]
          cg.C.x-2267  [031]     4.020674: (+2)     bprint:               __handle_mm_fault: NUMAB TRY MEM MIGR process[nid:1, cpu:31, pid:2267], folio[virt:0x7fd3d2bad990, phys:0x1b03fd000, nid:0], target_nid:1
          cg.C.x-2243  [063]     4.020674: (+0)     bprint:               __handle_mm_fault: NUMAB MEM ACCESS process[nid:1, cpu:63, pid:2243], folio[virt:0x7fd3d2b3fb90, phys:0x18566d1000, pfn:0x18566d1, nid:1, npages:1]
          cg.C.x-2283  [001]     4.020677: (+3)     bprint:               __handle_mm_fault: NUMAB MEM ACCESS process[nid:1, cpu:1, pid:2283], folio[virt:0x7fd3d2bf6d20, phys:0x185b0b9000, pfn:0x185b0b9, nid:1, npages:1]
          cg.C.x-2284  [028]     4.020679: (+2)     bprint:               __handle_mm_fault: NUMAB MEM ACCESS process[nid:0, cpu:28, pid:2284], folio[virt:0x7fd3d2bfb658, phys:0x15014d000, pfn:0x15014d, nid:0, npages:1]
          cg.C.x-2248  [060]     4.020682: (+3)     bprint:               __handle_mm_fault: NUMAB MEM ACCESS process[nid:0, cpu:60, pid:2248], folio[virt:0x7fd3d2b569d0, phys:0x15027b000, pfn:0x15027b, nid:0, npages:1]
          cg.C.x-2251  [017]     4.020685: (+3)     bprint:               __handle_mm_fault: NUMAB MEM ACCESS process[nid:1, cpu:17, pid:2251], folio[virt:0x7fd3d2b64590, phys:0x151505000, pfn:0x151505, nid:0, npages:1]
          cg.C.x-2251  [017]     4.020686: (+1)     bprint:               __handle_mm_fault: NUMAB TRY MEM MIGR process[nid:1, cpu:17, pid:2251], folio[virt:0x7fd3d2b64590, phys:0x151505000, nid:0], target_nid:1
          cg.C.x-2269  [035]     4.020687: (+1)     bprint:               __handle_mm_fault: NUMAB MEM ACCESS process[nid:1, cpu:35, pid:2269], folio[virt:0x7fd3d2bb6c10, phys:0x185ac69000, pfn:0x185ac69, nid:1, npages:1]
          cg.C.x-2264  [006]     4.020690: (+3)     bprint:               __handle_mm_fault: NUMAB MEM ACCESS process[nid:0, cpu:6, pid:2264], folio[virt:0x7fd3d2b9fdd0, phys:0x113983000, pfn:0x113983, nid:0, npages:1]
          cg.C.x-2234  [046]     4.020692: (+2)     bprint:               __handle_mm_fault: NUMAB MEM ACCESS process[nid:0, cpu:46, pid:2234], folio[virt:0x7fd3d2b16850, phys:0x15107d000, pfn:0x15107d, nid:0, npages:1]
          cg.C.x-2262  [050]     4.020695: (+3)     bprint:               __handle_mm_fault: NUMAB MEM ACCESS process[nid:0, cpu:50, pid:2262], folio[virt:0x7fd3d2b96b50, phys:0x1113e8000, pfn:0x1113e8, nid:0, npages:1]
          cg.C.x-2258  [030]     4.020697: (+2)     bprint:               __handle_mm_fault: NUMAB MEM ACCESS process[nid:0, cpu:30, pid:2258], folio[virt:0x7fd3d2b84650, phys:0x18581dd000, pfn:0x18581dd, nid:1, npages:1]
          cg.C.x-2258  [030]     4.020699: (+2)     bprint:               __handle_mm_fault: NUMAB TRY MEM MIGR process[nid:0, cpu:30, pid:2258], folio[virt:0x7fd3d2b84650, phys:0x18581dd000, nid:1], target_nid:0
          cg.C.x-2253  [011]     4.020700: (+1)     bprint:               __handle_mm_fault: NUMAB MEM ACCESS process[nid:1, cpu:11, pid:2253], folio[virt:0x7fd3d2b6d810, phys:0x1855843000, pfn:0x1855843, nid:1, npages:1]
          cg.C.x-2221  [043]     4.020702: (+2)     bprint:               __handle_mm_fault: NUMAB MEM ACCESS process[nid:1, cpu:43, pid:2221], folio[virt:0x7fd3d2adb010, phys:0x1865ade000, pfn:0x1865ade, nid:1, npages:1]
          cg.C.x-2280  [004]     4.020705: (+3)     bprint:               __handle_mm_fault: NUMAB MEM ACCESS process[nid:0, cpu:4, pid:2280], folio[virt:0x7fd3d2be9178, phys:0x120ce9000, pfn:0x120ce9, nid:0, npages:1]
          cg.C.x-2257  [015]     4.020707: (+2)     bprint:               __handle_mm_fault: NUMAB MEM ACCESS process[nid:1, cpu:15, pid:2257], folio[virt:0x7fd3d2b7fd10, phys:0x185ae4a000, pfn:0x185ae4a, nid:1, npages:1]
          cg.C.x-2236  [016]     4.020710: (+3)     bprint:               __handle_mm_fault: NUMAB MEM ACCESS process[nid:0, cpu:16, pid:2236], folio[virt:0x7fd3d2b1fad0, phys:0x122f38000, pfn:0x122f38, nid:0, npages:1]
          cg.C.x-2225  [053]     4.020713: (+3)     bprint:               __handle_mm_fault: NUMAB MEM ACCESS process[nid:1, cpu:53, pid:2225], folio[virt:0x7fd3d2aed510, phys:0x152a02000, pfn:0x152a02, nid:0, npages:1]
          cg.C.x-2225  [053]     4.020714: (+1)     bprint:               __handle_mm_fault: NUMAB TRY MEM MIGR process[nid:1, cpu:53, pid:2225], folio[virt:0x7fd3d2aed510, phys:0x152a02000, nid:0], target_nid:1
          cg.C.x-2229  [051]     4.020715: (+1)     bprint:               __handle_mm_fault: NUMAB MEM ACCESS process[nid:1, cpu:51, pid:2229], folio[virt:0x7fd3d2affa10, phys:0x186a174000, pfn:0x186a174, nid:1, npages:1]
          cg.C.x-2255  [045]     4.020717: (+2)     bprint:               __handle_mm_fault: NUMAB MEM ACCESS process[nid:1, cpu:45, pid:2255], folio[virt:0x7fd3d2b76a90, phys:0x152bc6000, pfn:0x152bc6, nid:0, npages:1]
          cg.C.x-2255  [045]     4.020719: (+2)     bprint:               __handle_mm_fault: NUMAB TRY MEM MIGR process[nid:1, cpu:45, pid:2255], folio[virt:0x7fd3d2b76a90, phys:0x152bc6000, nid:0], target_nid:1
          cg.C.x-2245  [055]     4.020720: (+1)     bprint:               __handle_mm_fault: NUMAB MEM ACCESS process[nid:1, cpu:55, pid:2245], folio[virt:0x7fd3d2b48e10, phys:0x113ef2000, pfn:0x113ef2, nid:0, npages:1]
          cg.C.x-2245  [055]     4.020721: (+1)     bprint:               __handle_mm_fault: NUMAB TRY MEM MIGR process[nid:1, cpu:55, pid:2245], folio[virt:0x7fd3d2b48e10, phys:0x113ef2000, nid:0], target_nid:1
          cg.C.x-2230  [010]     4.020723: (+2)     bprint:               __handle_mm_fault: NUMAB MEM ACCESS process[nid:0, cpu:10, pid:2230], folio[virt:0x7fd3d2b04350, phys:0x12198e000, pfn:0x12198e, nid:0, npages:1]
          cg.C.x-2265  [025]     4.020726: (+3)     bprint:               __handle_mm_fault: NUMAB MEM ACCESS process[nid:1, cpu:25, pid:2265], folio[virt:0x7fd3d2ba4710, phys:0x185a52d000, pfn:0x185a52d, nid:1, npages:1]
