  kworker/u129:1-2612  [004]     2.298239: (+7)     sched_waking:         comm=sshd pid=1978 prio=120 target_cpu=004
  kworker/u129:1-2612  [004]     2.298242: (+3)     sched_wakeup:         sshd:1978 [120] CPU:004
  kworker/u129:1-2612  [004]     2.298246: (+4)     sched_switch:         kworker/u129:1:2612 [120] I ==> sshd:1978 [120]
            sshd-1978  [004]     2.298337: (+91)    sched_switch:         sshd:1978 [120] S ==> cg.C.x:3422 [120]
          cg.C.x-3422  [004]     2.298338: (+1)     sched_waking:         comm=kworker/u129:1 pid=2612 prio=120 target_cpu=004
          cg.C.x-3422  [004]     2.298340: (+2)     sched_wakeup:         kworker/u129:1:2612 [120] CPU:004
          cg.C.x-3422  [004]     2.298342: (+2)     sched_switch:         cg.C.x:3422 [120] R ==> kworker/u129:1:2612 [120]
  kworker/u129:1-2612  [004]     2.298343: (+1)     sched_waking:         comm=sshd pid=1978 prio=120 target_cpu=004
  kworker/u129:1-2612  [004]     2.298345: (+2)     sched_wakeup:         sshd:1978 [120] CPU:004
  kworker/u129:1-2612  [004]     2.298346: (+1)     sched_switch:         kworker/u129:1:2612 [120] I ==> sshd:1978 [120]
            sshd-1978  [004]     2.298369: (+23)    sched_switch:         sshd:1978 [120] S ==> cg.C.x:3422 [120]
          cg.C.x-3434  [014]     2.302221: (+3852)  sched_waking:         comm=kcompactd0 pid=474 prio=120 target_cpu=014
          cg.C.x-3428  [005]     2.302222: (+1)     sched_waking:         comm=kcompactd1 pid=475 prio=120 target_cpu=005
          cg.C.x-3479  [015]     2.302223: (+1)     sched_waking:         comm=kworker/15:1 pid=740 prio=120 target_cpu=015
          cg.C.x-3479  [015]     2.302228: (+5)     sched_wakeup:         kworker/15:1:740 [120] CPU:015
          cg.C.x-3434  [014]     2.302229: (+1)     sched_wakeup:         kcompactd0:474 [120] CPU:014
          cg.C.x-3428  [005]     2.302229: (+0)     sched_wakeup:         kcompactd1:475 [120] CPU:005
          cg.C.x-3428  [005]     2.302233: (+4)     sched_switch:         cg.C.x:3428 [120] R ==> kcompactd1:475 [120]
          cg.C.x-3479  [015]     2.302233: (+0)     sched_switch:         cg.C.x:3479 [120] R ==> kworker/15:1:740 [120]
          cg.C.x-3434  [014]     2.302234: (+1)     sched_switch:         cg.C.x:3434 [120] R ==> kcompactd0:474 [120]
      kcompactd1-475   [005]     2.302242: (+8)     sched_switch:         kcompactd1:475 [120] S ==> cg.C.x:3428 [120]
      kcompactd0-474   [014]     2.302244: (+2)     sched_switch:         kcompactd0:474 [120] S ==> cg.C.x:3434 [120]
    kworker/15:1-740   [015]     2.302244: (+0)     sched_switch:         kworker/15:1:740 [120] I ==> cg.C.x:3479 [120]
          cg.C.x-3485  [013]     2.330223: (+27979) sched_waking:         comm=kworker/13:1 pid=720 prio=120 target_cpu=013
          cg.C.x-3474  [012]     2.330223: (+0)     sched_waking:         comm=kworker/12:1 pid=709 prio=120 target_cpu=012
          cg.C.x-3434  [014]     2.330223: (+0)     sched_waking:         comm=kworker/14:1 pid=711 prio=120 target_cpu=014
          cg.C.x-3485  [013]     2.330229: (+6)     sched_wakeup:         kworker/13:1:720 [120] CPU:013
          cg.C.x-3474  [012]     2.330229: (+0)     sched_wakeup:         kworker/12:1:709 [120] CPU:012
          cg.C.x-3434  [014]     2.330230: (+1)     sched_wakeup:         kworker/14:1:711 [120] CPU:014
          cg.C.x-3485  [013]     2.330234: (+4)     sched_switch:         cg.C.x:3485 [120] R ==> kworker/13:1:720 [120]
          cg.C.x-3474  [012]     2.330234: (+0)     sched_switch:         cg.C.x:3474 [120] R ==> kworker/12:1:709 [120]
          cg.C.x-3434  [014]     2.330235: (+1)     sched_switch:         cg.C.x:3434 [120] R ==> kworker/14:1:711 [120]
    kworker/14:1-711   [014]     2.330244: (+9)     sched_switch:         kworker/14:1:711 [120] I ==> cg.C.x:3434 [120]
    kworker/12:1-709   [012]     2.330244: (+0)     sched_switch:         kworker/12:1:709 [120] I ==> cg.C.x:3474 [120]
    kworker/13:1-720   [013]     2.330245: (+1)     sched_switch:         kworker/13:1:720 [120] I ==> cg.C.x:3485 [120]
          cg.C.x-3481  [009]     2.362223: (+31978) sched_waking:         comm=kworker/9:1 pid=726 prio=120 target_cpu=009
          cg.C.x-3481  [009]     2.362229: (+6)     sched_wakeup:         kworker/9:1:726 [120] CPU:009
          cg.C.x-3481  [009]     2.362234: (+5)     sched_switch:         cg.C.x:3481 [120] R ==> kworker/9:1:726 [120]
     kworker/9:1-726   [009]     2.362246: (+12)    sched_switch:         kworker/9:1:726 [120] I ==> cg.C.x:3481 [120]
          cg.C.x-3475  [011]     2.366223: (+3977)  sched_waking:         comm=kworker/11:1 pid=725 prio=120 target_cpu=011
          cg.C.x-3475  [011]     2.366229: (+6)     sched_wakeup:         kworker/11:1:725 [120] CPU:011
          cg.C.x-3475  [011]     2.366235: (+6)     sched_switch:         cg.C.x:3475 [120] R ==> kworker/11:1:725 [120]
    kworker/11:1-725   [011]     2.366247: (+12)    sched_switch:         kworker/11:1:725 [120] I ==> cg.C.x:3475 [120]
          cg.C.x-3473  [007]     2.394222: (+27975) sched_waking:         comm=kworker/7:1 pid=729 prio=120 target_cpu=007
          cg.C.x-3478  [008]     2.394223: (+1)     sched_waking:         comm=kworker/8:0 pid=67 prio=120 target_cpu=008
          cg.C.x-3473  [007]     2.394228: (+5)     sched_wakeup:         kworker/7:1:729 [120] CPU:007
          cg.C.x-3478  [008]     2.394232: (+4)     sched_wakeup:         kworker/8:0:67 [120] CPU:008
          cg.C.x-3473  [007]     2.394234: (+2)     sched_switch:         cg.C.x:3473 [120] R ==> kworker/7:1:729 [120]
          cg.C.x-3478  [008]     2.394239: (+5)     sched_switch:         cg.C.x:3478 [120] R ==> kworker/8:0:67 [120]
     kworker/7:1-729   [007]     2.394247: (+8)     sched_switch:         kworker/7:1:729 [120] I ==> cg.C.x:3473 [120]
     kworker/8:0-67    [008]     2.394252: (+5)     sched_switch:         kworker/8:0:67 [120] I ==> cg.C.x:3478 [120]
          cg.C.x-3422  [004]     2.418053: (+23801) sched_waking:         comm=kworker/u129:1 pid=2612 prio=120 target_cpu=004
          cg.C.x-3422  [004]     2.418062: (+9)     sched_wakeup:         kworker/u129:1:2612 [120] CPU:004
          cg.C.x-3422  [004]     2.418069: (+7)     sched_switch:         cg.C.x:3422 [120] R ==> kworker/u129:1:2612 [120]
  kworker/u129:1-2612  [004]     2.418075: (+6)     sched_waking:         comm=sshd pid=1978 prio=120 target_cpu=004
  kworker/u129:1-2612  [004]     2.418078: (+3)     sched_wakeup:         sshd:1978 [120] CPU:004
  kworker/u129:1-2612  [004]     2.418082: (+4)     sched_switch:         kworker/u129:1:2612 [120] I ==> sshd:1978 [120]
            sshd-1978  [004]     2.418174: (+92)    sched_switch:         sshd:1978 [120] S ==> cg.C.x:3422 [120]
          cg.C.x-3422  [004]     2.418176: (+2)     sched_waking:         comm=kworker/u129:1 pid=2612 prio=120 target_cpu=004
          cg.C.x-3422  [004]     2.418177: (+1)     sched_wakeup:         kworker/u129:1:2612 [120] CPU:004
          cg.C.x-3422  [004]     2.418179: (+2)     sched_switch:         cg.C.x:3422 [120] R ==> kworker/u129:1:2612 [120]
  kworker/u129:1-2612  [004]     2.418180: (+1)     sched_waking:         comm=sshd pid=1978 prio=120 target_cpu=004
  kworker/u129:1-2612  [004]     2.418181: (+1)     sched_wakeup:         sshd:1978 [120] CPU:004
  kworker/u129:1-2612  [004]     2.418182: (+1)     sched_switch:         kworker/u129:1:2612 [120] I ==> sshd:1978 [120]
            sshd-1978  [004]     2.418205: (+23)    sched_switch:         sshd:1978 [120] S ==> cg.C.x:3422 [120]
          cg.C.x-3422  [004]     2.426225: (+8020)  sched_waking:         comm=kworker/4:0 pid=43 prio=120 target_cpu=004
          cg.C.x-3422  [004]     2.426232: (+7)     sched_wakeup:         kworker/4:0:43 [120] CPU:004
          cg.C.x-3422  [004]     2.426239: (+7)     sched_switch:         cg.C.x:3422 [120] R ==> kworker/4:0:43 [120]
     kworker/4:0-43    [004]     2.426252: (+13)    sched_switch:         kworker/4:0:43 [120] I ==> cg.C.x:3422 [120]
          cg.C.x-3428  [005]     2.430223: (+3971)  sched_waking:         comm=kworker/5:1 pid=741 prio=120 target_cpu=005
          cg.C.x-3428  [005]     2.430227: (+4)     sched_wakeup:         kworker/5:1:741 [120] CPU:005
          cg.C.x-3428  [005]     2.430232: (+5)     sched_switch:         cg.C.x:3428 [120] R ==> kworker/5:1:741 [120]
     kworker/5:1-741   [005]     2.430242: (+10)    sched_switch:         kworker/5:1:741 [120] I ==> cg.C.x:3428 [120]
          cg.C.x-3427  [001]     2.462222: (+31980) sched_waking:         comm=kworker/1:2 pid=470 prio=120 target_cpu=001
          cg.C.x-3452  [002]     2.462222: (+0)     sched_waking:         comm=kworker/2:1 pid=708 prio=120 target_cpu=002
          cg.C.x-3483  [003]     2.462222: (+0)     sched_waking:         comm=kworker/3:1 pid=723 prio=120 target_cpu=003
          cg.C.x-3483  [003]     2.462228: (+6)     sched_wakeup:         kworker/3:1:723 [120] CPU:003
          cg.C.x-3427  [001]     2.462229: (+1)     sched_wakeup:         kworker/1:2:470 [120] CPU:001
          cg.C.x-3452  [002]     2.462230: (+1)     sched_wakeup:         kworker/2:1:708 [120] CPU:002
          cg.C.x-3483  [003]     2.462233: (+3)     sched_switch:         cg.C.x:3483 [120] R ==> kworker/3:1:723 [120]
          cg.C.x-3427  [001]     2.462233: (+0)     sched_switch:         cg.C.x:3427 [120] R ==> kworker/1:2:470 [120]
          cg.C.x-3452  [002]     2.462235: (+2)     sched_switch:         cg.C.x:3452 [120] R ==> kworker/2:1:708 [120]
     kworker/3:1-723   [003]     2.462245: (+10)    sched_switch:         kworker/3:1:723 [120] I ==> cg.C.x:3483 [120]
     kworker/1:2-470   [001]     2.462246: (+1)     sched_switch:         kworker/1:2:470 [120] I ==> cg.C.x:3427 [120]
     kworker/2:1-708   [002]     2.462248: (+2)     sched_switch:         kworker/2:1:708 [120] I ==> cg.C.x:3452 [120]
          cg.C.x-3423  [000]     2.474223: (+11975) sched_waking:         comm=kworker/0:3 pid=746 prio=120 target_cpu=000
          cg.C.x-3423  [000]     2.474231: (+8)     sched_wakeup:         kworker/0:3:746 [120] CPU:000
          cg.C.x-3423  [000]     2.474238: (+7)     sched_switch:         cg.C.x:3423 [120] R ==> kworker/0:3:746 [120]
     kworker/0:3-746   [000]     2.474292: (+54)    sched_switch:         kworker/0:3:746 [120] I ==> cg.C.x:3423 [120]
          cg.C.x-3423  [000]     2.494224: (+19932) sched_waking:         comm=kworker/0:3 pid=746 prio=120 target_cpu=000
          cg.C.x-3423  [000]     2.494230: (+6)     sched_wakeup:         kworker/0:3:746 [120] CPU:000
          cg.C.x-3423  [000]     2.494237: (+7)     sched_switch:         cg.C.x:3423 [120] R ==> kworker/0:3:746 [120]
     kworker/0:3-746   [000]     2.494295: (+58)    sched_switch:         kworker/0:3:746 [120] I ==> cg.C.x:3423 [120]
          cg.C.x-3422  [004]     2.537879: (+43584) sched_waking:         comm=kworker/u129:1 pid=2612 prio=120 target_cpu=004
          cg.C.x-3422  [004]     2.537887: (+8)     sched_wakeup:         kworker/u129:1:2612 [120] CPU:004
          cg.C.x-3422  [004]     2.537893: (+6)     sched_switch:         cg.C.x:3422 [120] R ==> kworker/u129:1:2612 [120]
  kworker/u129:1-2612  [004]     2.537900: (+7)     sched_waking:         comm=sshd pid=1978 prio=120 target_cpu=004
  kworker/u129:1-2612  [004]     2.537903: (+3)     sched_wakeup:         sshd:1978 [120] CPU:004
  kworker/u129:1-2612  [004]     2.537906: (+3)     sched_switch:         kworker/u129:1:2612 [120] I ==> sshd:1978 [120]
            sshd-1978  [004]     2.537999: (+93)    sched_switch:         sshd:1978 [120] S ==> cg.C.x:3422 [120]
          cg.C.x-3422  [004]     2.538000: (+1)     sched_waking:         comm=kworker/u129:1 pid=2612 prio=120 target_cpu=004
          cg.C.x-3422  [004]     2.538001: (+1)     sched_wakeup:         kworker/u129:1:2612 [120] CPU:004
          cg.C.x-3422  [004]     2.538003: (+2)     sched_switch:         cg.C.x:3422 [120] R ==> kworker/u129:1:2612 [120]
  kworker/u129:1-2612  [004]     2.538004: (+1)     sched_waking:         comm=sshd pid=1978 prio=120 target_cpu=004
  kworker/u129:1-2612  [004]     2.538006: (+2)     sched_wakeup:         sshd:1978 [120] CPU:004
  kworker/u129:1-2612  [004]     2.538007: (+1)     sched_switch:         kworker/u129:1:2612 [120] I ==> sshd:1978 [120]
            sshd-1978  [004]     2.538029: (+22)    sched_switch:         sshd:1978 [120] S ==> cg.C.x:3422 [120]
          cg.C.x-3427  [001]     2.554222: (+16193) sched_waking:         comm=kworker/1:2 pid=470 prio=120 target_cpu=001
          cg.C.x-3427  [001]     2.554228: (+6)     sched_wakeup:         kworker/1:2:470 [120] CPU:001
          cg.C.x-3427  [001]     2.554233: (+5)     sched_switch:         cg.C.x:3427 [120] R ==> kworker/1:2:470 [120]
     kworker/1:2-470   [001]     2.554245: (+12)    sched_switch:         kworker/1:2:470 [120] I ==> cg.C.x:3427 [120]
          cg.C.x-3429  [043]     2.593453: (+39208) sched_waking:         comm=ntpd pid=1774 prio=0 target_cpu=043
          cg.C.x-3429  [043]     2.593461: (+8)     sched_wakeup:         ntpd:1774 [0] CPU:043
          cg.C.x-3429  [043]     2.593468: (+7)     sched_switch:         cg.C.x:3429 [120] R ==> ntpd:1774 [0]
            ntpd-1774  [043]     2.593506: (+38)    sched_switch:         ntpd:1774 [0] S ==> cg.C.x:3429 [120]
          cg.C.x-3422  [004]     2.657779: (+64273) sched_waking:         comm=kworker/u129:1 pid=2612 prio=120 target_cpu=004
          cg.C.x-3422  [004]     2.657788: (+9)     sched_wakeup:         kworker/u129:1:2612 [120] CPU:004
          cg.C.x-3422  [004]     2.657794: (+6)     sched_switch:         cg.C.x:3422 [120] R ==> kworker/u129:1:2612 [120]
  kworker/u129:1-2612  [004]     2.657801: (+7)     sched_waking:         comm=sshd pid=1978 prio=120 target_cpu=004
  kworker/u129:1-2612  [004]     2.657803: (+2)     sched_wakeup:         sshd:1978 [120] CPU:004
  kworker/u129:1-2612  [004]     2.657807: (+4)     sched_switch:         kworker/u129:1:2612 [120] I ==> sshd:1978 [120]
            sshd-1978  [004]     2.657899: (+92)    sched_switch:         sshd:1978 [120] S ==> cg.C.x:3422 [120]
          cg.C.x-3422  [004]     2.657901: (+2)     sched_waking:         comm=kworker/u129:1 pid=2612 prio=120 target_cpu=004
          cg.C.x-3422  [004]     2.657902: (+1)     sched_wakeup:         kworker/u129:1:2612 [120] CPU:004
          cg.C.x-3422  [004]     2.657904: (+2)     sched_switch:         cg.C.x:3422 [120] R ==> kworker/u129:1:2612 [120]
  kworker/u129:1-2612  [004]     2.657905: (+1)     sched_waking:         comm=sshd pid=1978 prio=120 target_cpu=004
  kworker/u129:1-2612  [004]     2.657906: (+1)     sched_wakeup:         sshd:1978 [120] CPU:004
  kworker/u129:1-2612  [004]     2.657908: (+2)     sched_switch:         kworker/u129:1:2612 [120] I ==> sshd:1978 [120]
            sshd-1978  [004]     2.657930: (+22)    sched_switch:         sshd:1978 [120] S ==> cg.C.x:3422 [120]
          cg.C.x-3423  [000]     2.682222: (+24292) sched_waking:         comm=kworker/0:3 pid=746 prio=120 target_cpu=000
          cg.C.x-3423  [000]     2.682230: (+8)     sched_wakeup:         kworker/0:3:746 [120] CPU:000
          cg.C.x-3423  [000]     2.682236: (+6)     sched_switch:         cg.C.x:3423 [120] R ==> kworker/0:3:746 [120]
     kworker/0:3-746   [000]     2.682291: (+55)    sched_switch:         kworker/0:3:746 [120] I ==> cg.C.x:3423 [120]
          cg.C.x-3437  [057]     2.712264: (+29973) sched_waking:         comm=haveged pid=1077 prio=120 target_cpu=057
          cg.C.x-3437  [057]     2.712278: (+14)    sched_wakeup:         haveged:1077 [120] CPU:057
          cg.C.x-3437  [057]     2.714229: (+1951)  sched_switch:         cg.C.x:3437 [120] R ==> haveged:1077 [120]
         haveged-1077  [057]     2.714258: (+29)    sched_switch:         haveged:1077 [120] S ==> cg.C.x:3437 [120]
          cg.C.x-3433  [063]     2.718223: (+3965)  sched_waking:         comm=kworker/63:1 pid=743 prio=120 target_cpu=063
          cg.C.x-3433  [063]     2.718228: (+5)     sched_wakeup:         kworker/63:1:743 [120] CPU:063
          cg.C.x-3433  [063]     2.718233: (+5)     sched_switch:         cg.C.x:3433 [120] R ==> kworker/63:1:743 [120]
    kworker/63:1-743   [063]     2.718242: (+9)     sched_switch:         kworker/63:1:743 [120] I ==> cg.C.x:3433 [120]
          cg.C.x-3448  [062]     2.750222: (+31980) sched_waking:         comm=kworker/62:1 pid=491 prio=120 target_cpu=062
          cg.C.x-3422  [004]     2.750222: (+0)     sched_waking:         comm=kworker/u129:1 pid=2612 prio=120 target_cpu=004
          cg.C.x-3448  [062]     2.750229: (+7)     sched_wakeup:         kworker/62:1:491 [120] CPU:062
          cg.C.x-3422  [004]     2.750230: (+1)     sched_wakeup:         kworker/u129:1:2612 [120] CPU:004
          cg.C.x-3448  [062]     2.750235: (+5)     sched_switch:         cg.C.x:3448 [120] R ==> kworker/62:1:491 [120]
          cg.C.x-3422  [004]     2.750235: (+0)     sched_switch:         cg.C.x:3422 [120] R ==> kworker/u129:1:2612 [120]
    kworker/62:1-491   [062]     2.750246: (+11)    sched_switch:         kworker/62:1:491 [120] I ==> cg.C.x:3448 [120]
  kworker/u129:1-2612  [004]     2.750773: (+527)   sched_switch:         kworker/u129:1:2612 [120] I ==> cg.C.x:3422 [120]
          cg.C.x-3423  [000]     2.765475: (+14702) sched_waking:         comm=migration/0 pid=18 prio=0 target_cpu=000
          cg.C.x-3423  [000]     2.765480: (+5)     sched_wakeup:         migration/0:18 [0] CPU:000
          cg.C.x-3423  [000]     2.765490: (+10)    sched_switch:         cg.C.x:3423 [120] R ==> migration/0:18 [0]
     migration/0-18    [000]     2.765499: (+9)     sched_switch:         migration/0:18 [0] S ==> cg.C.x:3423 [120]
          cg.C.x-3422  [004]     2.777564: (+12065) sched_waking:         comm=kworker/u129:1 pid=2612 prio=120 target_cpu=004
          cg.C.x-3422  [004]     2.777572: (+8)     sched_wakeup:         kworker/u129:1:2612 [120] CPU:004
          cg.C.x-3422  [004]     2.777578: (+6)     sched_switch:         cg.C.x:3422 [120] R ==> kworker/u129:1:2612 [120]
  kworker/u129:1-2612  [004]     2.777585: (+7)     sched_waking:         comm=sshd pid=1978 prio=120 target_cpu=004
  kworker/u129:1-2612  [004]     2.777588: (+3)     sched_wakeup:         sshd:1978 [120] CPU:004
  kworker/u129:1-2612  [004]     2.777592: (+4)     sched_switch:         kworker/u129:1:2612 [120] I ==> sshd:1978 [120]
            sshd-1978  [004]     2.777689: (+97)    sched_switch:         sshd:1978 [120] S ==> cg.C.x:3422 [120]
          cg.C.x-3422  [004]     2.777691: (+2)     sched_waking:         comm=kworker/u129:1 pid=2612 prio=120 target_cpu=004
          cg.C.x-3422  [004]     2.777692: (+1)     sched_wakeup:         kworker/u129:1:2612 [120] CPU:004
          cg.C.x-3422  [004]     2.777694: (+2)     sched_switch:         cg.C.x:3422 [120] R ==> kworker/u129:1:2612 [120]
  kworker/u129:1-2612  [004]     2.777695: (+1)     sched_waking:         comm=sshd pid=1978 prio=120 target_cpu=004
  kworker/u129:1-2612  [004]     2.777696: (+1)     sched_wakeup:         sshd:1978 [120] CPU:004
  kworker/u129:1-2612  [004]     2.777697: (+1)     sched_switch:         kworker/u129:1:2612 [120] I ==> sshd:1978 [120]
            sshd-1978  [004]     2.777720: (+23)    sched_switch:         sshd:1978 [120] S ==> cg.C.x:3422 [120]
          cg.C.x-3446  [058]     2.778221: (+501)   sched_waking:         comm=kworker/58:2 pid=1222 prio=120 target_cpu=058
          cg.C.x-3439  [059]     2.778222: (+1)     sched_waking:         comm=kworker/59:2 pid=951 prio=120 target_cpu=059
          cg.C.x-3446  [058]     2.778226: (+4)     sched_wakeup:         kworker/58:2:1222 [120] CPU:058
          cg.C.x-3439  [059]     2.778229: (+3)     sched_wakeup:         kworker/59:2:951 [120] CPU:059
          cg.C.x-3446  [058]     2.778229: (+0)     sched_switch:         cg.C.x:3446 [120] R ==> kworker/58:2:1222 [120]
          cg.C.x-3439  [059]     2.778234: (+5)     sched_switch:         cg.C.x:3439 [120] R ==> kworker/59:2:951 [120]
    kworker/58:2-1222  [058]     2.778239: (+5)     sched_switch:         kworker/58:2:1222 [120] I ==> cg.C.x:3446 [120]
    kworker/59:2-951   [059]     2.778245: (+6)     sched_switch:         kworker/59:2:951 [120] I ==> cg.C.x:3439 [120]
          cg.C.x-3475  [011]     2.797475: (+19230) sched_waking:         comm=migration/11 pid=83 prio=0 target_cpu=011
          cg.C.x-3434  [014]     2.797475: (+0)     sched_waking:         comm=migration/14 pid=101 prio=0 target_cpu=014
          cg.C.x-3483  [003]     2.797475: (+0)     sched_waking:         comm=migration/3 pid=35 prio=0 target_cpu=003
          cg.C.x-3479  [015]     2.797475: (+0)     sched_waking:         comm=migration/15 pid=107 prio=0 target_cpu=015
          cg.C.x-3481  [009]     2.797475: (+0)     sched_waking:         comm=migration/9 pid=71 prio=0 target_cpu=009
          cg.C.x-3485  [013]     2.797475: (+0)     sched_waking:         comm=migration/13 pid=95 prio=0 target_cpu=013
          cg.C.x-3422  [004]     2.797475: (+0)     sched_waking:         comm=migration/4 pid=41 prio=0 target_cpu=004
          cg.C.x-3472  [010]     2.797475: (+0)     sched_waking:         comm=migration/10 pid=77 prio=0 target_cpu=010
          cg.C.x-3425  [017]     2.797475: (+0)     sched_waking:         comm=migration/17 pid=119 prio=0 target_cpu=017
          cg.C.x-3478  [008]     2.797475: (+0)     sched_waking:         comm=migration/8 pid=65 prio=0 target_cpu=008
          cg.C.x-3428  [005]     2.797475: (+0)     sched_waking:         comm=migration/5 pid=47 prio=0 target_cpu=005
          cg.C.x-3427  [001]     2.797475: (+0)     sched_waking:         comm=migration/1 pid=23 prio=0 target_cpu=001
          cg.C.x-3474  [012]     2.797475: (+0)     sched_waking:         comm=migration/12 pid=89 prio=0 target_cpu=012
          cg.C.x-3443  [019]     2.797475: (+0)     sched_waking:         comm=migration/19 pid=131 prio=0 target_cpu=019
          cg.C.x-3460  [018]     2.797475: (+0)     sched_waking:         comm=migration/18 pid=125 prio=0 target_cpu=018
          cg.C.x-3476  [006]     2.797475: (+0)     sched_waking:         comm=migration/6 pid=53 prio=0 target_cpu=006
          cg.C.x-3473  [007]     2.797475: (+0)     sched_waking:         comm=migration/7 pid=59 prio=0 target_cpu=007
          cg.C.x-3452  [002]     2.797475: (+0)     sched_waking:         comm=migration/2 pid=29 prio=0 target_cpu=002
          cg.C.x-3462  [016]     2.797475: (+0)     sched_waking:         comm=migration/16 pid=113 prio=0 target_cpu=016
          cg.C.x-3425  [017]     2.797479: (+4)     sched_wakeup:         migration/17:119 [0] CPU:017
          cg.C.x-3485  [013]     2.797479: (+0)     sched_wakeup:         migration/13:95 [0] CPU:013
          cg.C.x-3475  [011]     2.797479: (+0)     sched_wakeup:         migration/11:83 [0] CPU:011
          cg.C.x-3478  [008]     2.797479: (+0)     sched_wakeup:         migration/8:65 [0] CPU:008
          cg.C.x-3434  [014]     2.797479: (+0)     sched_wakeup:         migration/14:101 [0] CPU:014
          cg.C.x-3474  [012]     2.797479: (+0)     sched_wakeup:         migration/12:89 [0] CPU:012
          cg.C.x-3452  [002]     2.797479: (+0)     sched_wakeup:         migration/2:29 [0] CPU:002
          cg.C.x-3422  [004]     2.797479: (+0)     sched_wakeup:         migration/4:41 [0] CPU:004
          cg.C.x-3460  [018]     2.797479: (+0)     sched_wakeup:         migration/18:125 [0] CPU:018
          cg.C.x-3462  [016]     2.797479: (+0)     sched_wakeup:         migration/16:113 [0] CPU:016
          cg.C.x-3472  [010]     2.797479: (+0)     sched_wakeup:         migration/10:77 [0] CPU:010
          cg.C.x-3476  [006]     2.797479: (+0)     sched_wakeup:         migration/6:53 [0] CPU:006
          cg.C.x-3481  [009]     2.797480: (+1)     sched_wakeup:         migration/9:71 [0] CPU:009
          cg.C.x-3473  [007]     2.797480: (+0)     sched_wakeup:         migration/7:59 [0] CPU:007
          cg.C.x-3483  [003]     2.797480: (+0)     sched_wakeup:         migration/3:35 [0] CPU:003
          cg.C.x-3443  [019]     2.797480: (+0)     sched_wakeup:         migration/19:131 [0] CPU:019
          cg.C.x-3428  [005]     2.797480: (+0)     sched_wakeup:         migration/5:47 [0] CPU:005
          cg.C.x-3427  [001]     2.797480: (+0)     sched_wakeup:         migration/1:23 [0] CPU:001
          cg.C.x-3479  [015]     2.797480: (+0)     sched_wakeup:         migration/15:107 [0] CPU:015
          cg.C.x-3483  [003]     2.797486: (+6)     sched_switch:         cg.C.x:3483 [120] R ==> migration/3:35 [0]
          cg.C.x-3425  [017]     2.797486: (+0)     sched_switch:         cg.C.x:3425 [120] R ==> migration/17:119 [0]
          cg.C.x-3481  [009]     2.797486: (+0)     sched_switch:         cg.C.x:3481 [120] R ==> migration/9:71 [0]
          cg.C.x-3428  [005]     2.797486: (+0)     sched_switch:         cg.C.x:3428 [120] R ==> migration/5:47 [0]
          cg.C.x-3473  [007]     2.797486: (+0)     sched_switch:         cg.C.x:3473 [120] R ==> migration/7:59 [0]
          cg.C.x-3443  [019]     2.797486: (+0)     sched_switch:         cg.C.x:3443 [120] R ==> migration/19:131 [0]
          cg.C.x-3479  [015]     2.797486: (+0)     sched_switch:         cg.C.x:3479 [120] R ==> migration/15:107 [0]
          cg.C.x-3485  [013]     2.797486: (+0)     sched_switch:         cg.C.x:3485 [120] R ==> migration/13:95 [0]
          cg.C.x-3475  [011]     2.797486: (+0)     sched_switch:         cg.C.x:3475 [120] R ==> migration/11:83 [0]
          cg.C.x-3427  [001]     2.797487: (+1)     sched_switch:         cg.C.x:3427 [120] R ==> migration/1:23 [0]
          cg.C.x-3422  [004]     2.797487: (+0)     sched_switch:         cg.C.x:3422 [120] R ==> migration/4:41 [0]
          cg.C.x-3478  [008]     2.797487: (+0)     sched_switch:         cg.C.x:3478 [120] R ==> migration/8:65 [0]
          cg.C.x-3452  [002]     2.797487: (+0)     sched_switch:         cg.C.x:3452 [120] R ==> migration/2:29 [0]
          cg.C.x-3434  [014]     2.797487: (+0)     sched_switch:         cg.C.x:3434 [120] R ==> migration/14:101 [0]
          cg.C.x-3462  [016]     2.797487: (+0)     sched_switch:         cg.C.x:3462 [120] R ==> migration/16:113 [0]
          cg.C.x-3460  [018]     2.797487: (+0)     sched_switch:         cg.C.x:3460 [120] R ==> migration/18:125 [0]
          cg.C.x-3472  [010]     2.797487: (+0)     sched_switch:         cg.C.x:3472 [120] R ==> migration/10:77 [0]
          cg.C.x-3476  [006]     2.797487: (+0)     sched_switch:         cg.C.x:3476 [120] R ==> migration/6:53 [0]
          cg.C.x-3474  [012]     2.797487: (+0)     sched_switch:         cg.C.x:3474 [120] R ==> migration/12:89 [0]
     migration/9-71    [009]     2.797493: (+6)     sched_switch:         migration/9:71 [0] S ==> cg.C.x:3481 [120]
    migration/15-107   [015]     2.797493: (+0)     sched_switch:         migration/15:107 [0] S ==> cg.C.x:3479 [120]
    migration/19-131   [019]     2.797493: (+0)     sched_switch:         migration/19:131 [0] S ==> cg.C.x:3443 [120]
     migration/5-47    [005]     2.797493: (+0)     sched_switch:         migration/5:47 [0] S ==> cg.C.x:3428 [120]
    migration/11-83    [011]     2.797494: (+1)     sched_switch:         migration/11:83 [0] S ==> cg.C.x:3475 [120]
     migration/3-35    [003]     2.797494: (+0)     sched_switch:         migration/3:35 [0] S ==> cg.C.x:3483 [120]
    migration/17-119   [017]     2.797494: (+0)     sched_switch:         migration/17:119 [0] S ==> cg.C.x:3425 [120]
     migration/7-59    [007]     2.797494: (+0)     sched_switch:         migration/7:59 [0] S ==> cg.C.x:3473 [120]
     migration/1-23    [001]     2.797494: (+0)     sched_switch:         migration/1:23 [0] S ==> cg.C.x:3427 [120]
    migration/13-95    [013]     2.797494: (+0)     sched_switch:         migration/13:95 [0] S ==> cg.C.x:3485 [120]
     migration/6-53    [006]     2.797495: (+1)     sched_switch:         migration/6:53 [0] S ==> cg.C.x:3476 [120]
    migration/18-125   [018]     2.797495: (+0)     sched_switch:         migration/18:125 [0] S ==> cg.C.x:3460 [120]
     migration/8-65    [008]     2.797495: (+0)     sched_switch:         migration/8:65 [0] S ==> cg.C.x:3478 [120]
     migration/2-29    [002]     2.797495: (+0)     sched_switch:         migration/2:29 [0] S ==> cg.C.x:3452 [120]
    migration/12-89    [012]     2.797495: (+0)     sched_switch:         migration/12:89 [0] S ==> cg.C.x:3474 [120]
    migration/10-77    [010]     2.797495: (+0)     sched_switch:         migration/10:77 [0] S ==> cg.C.x:3472 [120]
    migration/16-113   [016]     2.797495: (+0)     sched_switch:         migration/16:113 [0] S ==> cg.C.x:3462 [120]
    migration/14-101   [014]     2.797495: (+0)     sched_switch:         migration/14:101 [0] S ==> cg.C.x:3434 [120]
     migration/4-41    [004]     2.797495: (+0)     sched_switch:         migration/4:41 [0] S ==> cg.C.x:3422 [120]
          cg.C.x-3456  [030]     2.801472: (+3977)  sched_waking:         comm=migration/30 pid=197 prio=0 target_cpu=030
          cg.C.x-3480  [028]     2.801473: (+1)     sched_waking:         comm=migration/28 pid=185 prio=0 target_cpu=028
          cg.C.x-3470  [026]     2.801473: (+0)     sched_waking:         comm=migration/26 pid=173 prio=0 target_cpu=026
          cg.C.x-3458  [020]     2.801473: (+0)     sched_waking:         comm=migration/20 pid=137 prio=0 target_cpu=020
          cg.C.x-3463  [023]     2.801473: (+0)     sched_waking:         comm=migration/23 pid=155 prio=0 target_cpu=023
          cg.C.x-3464  [022]     2.801473: (+0)     sched_waking:         comm=migration/22 pid=149 prio=0 target_cpu=022
          cg.C.x-3468  [024]     2.801473: (+0)     sched_waking:         comm=migration/24 pid=161 prio=0 target_cpu=024
          cg.C.x-3465  [021]     2.801473: (+0)     sched_waking:         comm=migration/21 pid=143 prio=0 target_cpu=021
          cg.C.x-3467  [027]     2.801473: (+0)     sched_waking:         comm=migration/27 pid=179 prio=0 target_cpu=027
          cg.C.x-3471  [025]     2.801473: (+0)     sched_waking:         comm=migration/25 pid=167 prio=0 target_cpu=025
          cg.C.x-3469  [031]     2.801473: (+0)     sched_waking:         comm=migration/31 pid=203 prio=0 target_cpu=031
          cg.C.x-3461  [029]     2.801473: (+0)     sched_waking:         comm=migration/29 pid=191 prio=0 target_cpu=029
          cg.C.x-3480  [028]     2.801475: (+2)     sched_wakeup:         migration/28:185 [0] CPU:028
          cg.C.x-3458  [020]     2.801475: (+0)     sched_wakeup:         migration/20:137 [0] CPU:020
          cg.C.x-3470  [026]     2.801475: (+0)     sched_wakeup:         migration/26:173 [0] CPU:026
          cg.C.x-3463  [023]     2.801476: (+1)     sched_wakeup:         migration/23:155 [0] CPU:023
          cg.C.x-3456  [030]     2.801476: (+0)     sched_wakeup:         migration/30:197 [0] CPU:030
          cg.C.x-3471  [025]     2.801476: (+0)     sched_wakeup:         migration/25:167 [0] CPU:025
          cg.C.x-3467  [027]     2.801476: (+0)     sched_wakeup:         migration/27:179 [0] CPU:027
          cg.C.x-3465  [021]     2.801476: (+0)     sched_wakeup:         migration/21:143 [0] CPU:021
          cg.C.x-3468  [024]     2.801476: (+0)     sched_wakeup:         migration/24:161 [0] CPU:024
          cg.C.x-3469  [031]     2.801476: (+0)     sched_wakeup:         migration/31:203 [0] CPU:031
          cg.C.x-3461  [029]     2.801476: (+0)     sched_wakeup:         migration/29:191 [0] CPU:029
          cg.C.x-3464  [022]     2.801476: (+0)     sched_wakeup:         migration/22:149 [0] CPU:022
          cg.C.x-3480  [028]     2.801480: (+4)     sched_switch:         cg.C.x:3480 [120] R ==> migration/28:185 [0]
          cg.C.x-3470  [026]     2.801480: (+0)     sched_switch:         cg.C.x:3470 [120] R ==> migration/26:173 [0]
          cg.C.x-3458  [020]     2.801480: (+0)     sched_switch:         cg.C.x:3458 [120] R ==> migration/20:137 [0]
          cg.C.x-3456  [030]     2.801481: (+1)     sched_switch:         cg.C.x:3456 [120] R ==> migration/30:197 [0]
          cg.C.x-3461  [029]     2.801481: (+0)     sched_switch:         cg.C.x:3461 [120] R ==> migration/29:191 [0]
          cg.C.x-3464  [022]     2.801481: (+0)     sched_switch:         cg.C.x:3464 [120] R ==> migration/22:149 [0]
          cg.C.x-3468  [024]     2.801481: (+0)     sched_switch:         cg.C.x:3468 [120] R ==> migration/24:161 [0]
          cg.C.x-3465  [021]     2.801482: (+1)     sched_switch:         cg.C.x:3465 [120] R ==> migration/21:143 [0]
          cg.C.x-3463  [023]     2.801482: (+0)     sched_switch:         cg.C.x:3463 [120] R ==> migration/23:155 [0]
          cg.C.x-3469  [031]     2.801482: (+0)     sched_switch:         cg.C.x:3469 [120] R ==> migration/31:203 [0]
          cg.C.x-3471  [025]     2.801482: (+0)     sched_switch:         cg.C.x:3471 [120] R ==> migration/25:167 [0]
          cg.C.x-3467  [027]     2.801482: (+0)     sched_switch:         cg.C.x:3467 [120] R ==> migration/27:179 [0]
    migration/28-185   [028]     2.801485: (+3)     sched_switch:         migration/28:185 [0] S ==> cg.C.x:3480 [120]
    migration/26-173   [026]     2.801485: (+0)     sched_switch:         migration/26:173 [0] S ==> cg.C.x:3470 [120]
    migration/30-197   [030]     2.801486: (+1)     sched_switch:         migration/30:197 [0] S ==> cg.C.x:3456 [120]
    migration/20-137   [020]     2.801486: (+0)     sched_switch:         migration/20:137 [0] S ==> cg.C.x:3458 [120]
    migration/22-149   [022]     2.801487: (+1)     sched_switch:         migration/22:149 [0] S ==> cg.C.x:3464 [120]
    migration/24-161   [024]     2.801487: (+0)     sched_switch:         migration/24:161 [0] S ==> cg.C.x:3468 [120]
    migration/25-167   [025]     2.801487: (+0)     sched_switch:         migration/25:167 [0] S ==> cg.C.x:3471 [120]
    migration/29-191   [029]     2.801487: (+0)     sched_switch:         migration/29:191 [0] S ==> cg.C.x:3461 [120]
    migration/27-179   [027]     2.801487: (+0)     sched_switch:         migration/27:179 [0] S ==> cg.C.x:3467 [120]
    migration/31-203   [031]     2.801487: (+0)     sched_switch:         migration/31:203 [0] S ==> cg.C.x:3469 [120]
    migration/23-155   [023]     2.801487: (+0)     sched_switch:         migration/23:155 [0] S ==> cg.C.x:3463 [120]
    migration/21-143   [021]     2.801488: (+1)     sched_switch:         migration/21:143 [0] S ==> cg.C.x:3465 [120]
          cg.C.x-3434  [014]     2.810221: (+8733)  sched_waking:         comm=kcompactd0 pid=474 prio=120 target_cpu=014
          cg.C.x-3428  [005]     2.810221: (+0)     sched_waking:         comm=kcompactd1 pid=475 prio=120 target_cpu=005
          cg.C.x-3434  [014]     2.810228: (+7)     sched_wakeup:         kcompactd0:474 [120] CPU:014
          cg.C.x-3428  [005]     2.810228: (+0)     sched_wakeup:         kcompactd1:475 [120] CPU:005
          cg.C.x-3434  [014]     2.810229: (+1)     sched_waking:         comm=kworker/14:1 pid=711 prio=120 target_cpu=014
          cg.C.x-3434  [014]     2.810232: (+3)     sched_wakeup:         kworker/14:1:711 [120] CPU:014
          cg.C.x-3428  [005]     2.810233: (+1)     sched_switch:         cg.C.x:3428 [120] R ==> kcompactd1:475 [120]
          cg.C.x-3434  [014]     2.810237: (+4)     sched_switch:         cg.C.x:3434 [120] R ==> kworker/14:1:711 [120]
      kcompactd1-475   [005]     2.810241: (+4)     sched_switch:         kcompactd1:475 [120] S ==> cg.C.x:3428 [120]
    kworker/14:1-711   [014]     2.810274: (+33)    sched_switch:         kworker/14:1:711 [120] I ==> kcompactd0:474 [120]
      kcompactd0-474   [014]     2.810280: (+6)     sched_switch:         kcompactd0:474 [120] S ==> cg.C.x:3434 [120]
          cg.C.x-3482  [032]     2.829475: (+19195) sched_waking:         comm=migration/32 pid=209 prio=0 target_cpu=032
          cg.C.x-3482  [032]     2.829481: (+6)     sched_wakeup:         migration/32:209 [0] CPU:032
          cg.C.x-3482  [032]     2.829490: (+9)     sched_switch:         cg.C.x:3482 [120] R ==> migration/32:209 [0]
    migration/32-209   [032]     2.829500: (+10)    sched_switch:         migration/32:209 [0] S ==> cg.C.x:3482 [120]
          cg.C.x-3459  [037]     2.833474: (+3974)  sched_waking:         comm=migration/37 pid=239 prio=0 target_cpu=037
          cg.C.x-3426  [038]     2.833474: (+0)     sched_waking:         comm=migration/38 pid=245 prio=0 target_cpu=038
          cg.C.x-3429  [043]     2.833474: (+0)     sched_waking:         comm=migration/43 pid=275 prio=0 target_cpu=043
          cg.C.x-3457  [033]     2.833474: (+0)     sched_waking:         comm=migration/33 pid=215 prio=0 target_cpu=033
          cg.C.x-3484  [034]     2.833474: (+0)     sched_waking:         comm=migration/34 pid=221 prio=0 target_cpu=034
          cg.C.x-3450  [040]     2.833474: (+0)     sched_waking:         comm=migration/40 pid=257 prio=0 target_cpu=040
          cg.C.x-3451  [039]     2.833474: (+0)     sched_waking:         comm=migration/39 pid=251 prio=0 target_cpu=039
          cg.C.x-3449  [035]     2.833474: (+0)     sched_waking:         comm=migration/35 pid=227 prio=0 target_cpu=035
          cg.C.x-3454  [036]     2.833474: (+0)     sched_waking:         comm=migration/36 pid=233 prio=0 target_cpu=036
          cg.C.x-3432  [042]     2.833474: (+0)     sched_waking:         comm=migration/42 pid=269 prio=0 target_cpu=042
          cg.C.x-3453  [041]     2.833474: (+0)     sched_waking:         comm=migration/41 pid=263 prio=0 target_cpu=041
          cg.C.x-3432  [042]     2.833479: (+5)     sched_wakeup:         migration/42:269 [0] CPU:042
          cg.C.x-3450  [040]     2.833479: (+0)     sched_wakeup:         migration/40:257 [0] CPU:040
          cg.C.x-3454  [036]     2.833479: (+0)     sched_wakeup:         migration/36:233 [0] CPU:036
          cg.C.x-3484  [034]     2.833479: (+0)     sched_wakeup:         migration/34:221 [0] CPU:034
          cg.C.x-3426  [038]     2.833479: (+0)     sched_wakeup:         migration/38:245 [0] CPU:038
          cg.C.x-3449  [035]     2.833479: (+0)     sched_wakeup:         migration/35:227 [0] CPU:035
          cg.C.x-3453  [041]     2.833479: (+0)     sched_wakeup:         migration/41:263 [0] CPU:041
          cg.C.x-3457  [033]     2.833479: (+0)     sched_wakeup:         migration/33:215 [0] CPU:033
          cg.C.x-3451  [039]     2.833479: (+0)     sched_wakeup:         migration/39:251 [0] CPU:039
          cg.C.x-3429  [043]     2.833479: (+0)     sched_wakeup:         migration/43:275 [0] CPU:043
          cg.C.x-3459  [037]     2.833479: (+0)     sched_wakeup:         migration/37:239 [0] CPU:037
          cg.C.x-3484  [034]     2.833487: (+8)     sched_switch:         cg.C.x:3484 [120] R ==> migration/34:221 [0]
          cg.C.x-3454  [036]     2.833487: (+0)     sched_switch:         cg.C.x:3454 [120] R ==> migration/36:233 [0]
          cg.C.x-3429  [043]     2.833487: (+0)     sched_switch:         cg.C.x:3429 [120] R ==> migration/43:275 [0]
          cg.C.x-3450  [040]     2.833487: (+0)     sched_switch:         cg.C.x:3450 [120] R ==> migration/40:257 [0]
          cg.C.x-3432  [042]     2.833487: (+0)     sched_switch:         cg.C.x:3432 [120] R ==> migration/42:269 [0]
          cg.C.x-3453  [041]     2.833487: (+0)     sched_switch:         cg.C.x:3453 [120] R ==> migration/41:263 [0]
          cg.C.x-3426  [038]     2.833487: (+0)     sched_switch:         cg.C.x:3426 [120] R ==> migration/38:245 [0]
          cg.C.x-3451  [039]     2.833487: (+0)     sched_switch:         cg.C.x:3451 [120] R ==> migration/39:251 [0]
          cg.C.x-3457  [033]     2.833488: (+1)     sched_switch:         cg.C.x:3457 [120] R ==> migration/33:215 [0]
          cg.C.x-3449  [035]     2.833488: (+0)     sched_switch:         cg.C.x:3449 [120] R ==> migration/35:227 [0]
          cg.C.x-3459  [037]     2.833488: (+0)     sched_switch:         cg.C.x:3459 [120] R ==> migration/37:239 [0]
    migration/37-239   [037]     2.833494: (+6)     sched_switch:         migration/37:239 [0] S ==> cg.C.x:3459 [120]
    migration/33-215   [033]     2.833494: (+0)     sched_switch:         migration/33:215 [0] S ==> cg.C.x:3457 [120]
    migration/42-269   [042]     2.833494: (+0)     sched_switch:         migration/42:269 [0] S ==> cg.C.x:3432 [120]
    migration/34-221   [034]     2.833495: (+1)     sched_switch:         migration/34:221 [0] S ==> cg.C.x:3484 [120]
    migration/40-257   [040]     2.833495: (+0)     sched_switch:         migration/40:257 [0] S ==> cg.C.x:3450 [120]
    migration/38-245   [038]     2.833495: (+0)     sched_switch:         migration/38:245 [0] S ==> cg.C.x:3426 [120]
    migration/35-227   [035]     2.833495: (+0)     sched_switch:         migration/35:227 [0] S ==> cg.C.x:3449 [120]
    migration/36-233   [036]     2.833495: (+0)     sched_switch:         migration/36:233 [0] S ==> cg.C.x:3454 [120]
    migration/43-275   [043]     2.833495: (+0)     sched_switch:         migration/43:275 [0] S ==> cg.C.x:3429 [120]
    migration/41-263   [041]     2.833495: (+0)     sched_switch:         migration/41:263 [0] S ==> cg.C.x:3453 [120]
    migration/39-251   [039]     2.833495: (+0)     sched_switch:         migration/39:251 [0] S ==> cg.C.x:3451 [120]
          cg.C.x-3431  [047]     2.837488: (+3993)  sched_waking:         comm=migration/47 pid=299 prio=0 target_cpu=047
          cg.C.x-3477  [051]     2.837489: (+1)     sched_waking:         comm=migration/51 pid=323 prio=0 target_cpu=051
          cg.C.x-3441  [055]     2.837489: (+0)     sched_waking:         comm=migration/55 pid=347 prio=0 target_cpu=055
          cg.C.x-3437  [057]     2.837489: (+0)     sched_waking:         comm=migration/57 pid=359 prio=0 target_cpu=057
          cg.C.x-3455  [049]     2.837489: (+0)     sched_waking:         comm=migration/49 pid=311 prio=0 target_cpu=049
          cg.C.x-3439  [059]     2.837489: (+0)     sched_waking:         comm=migration/59 pid=371 prio=0 target_cpu=059
          cg.C.x-3447  [053]     2.837489: (+0)     sched_waking:         comm=migration/53 pid=335 prio=0 target_cpu=053
          cg.C.x-3445  [045]     2.837490: (+1)     sched_waking:         comm=migration/45 pid=287 prio=0 target_cpu=045
          cg.C.x-3441  [055]     2.837491: (+1)     sched_wakeup:         migration/55:347 [0] CPU:055
          cg.C.x-3447  [053]     2.837491: (+0)     sched_wakeup:         migration/53:335 [0] CPU:053
          cg.C.x-3439  [059]     2.837492: (+1)     sched_wakeup:         migration/59:371 [0] CPU:059
          cg.C.x-3437  [057]     2.837492: (+0)     sched_wakeup:         migration/57:359 [0] CPU:057
          cg.C.x-3455  [049]     2.837492: (+0)     sched_wakeup:         migration/49:311 [0] CPU:049
          cg.C.x-3477  [051]     2.837492: (+0)     sched_wakeup:         migration/51:323 [0] CPU:051
          cg.C.x-3445  [045]     2.837492: (+0)     sched_wakeup:         migration/45:287 [0] CPU:045
          cg.C.x-3431  [047]     2.837492: (+0)     sched_wakeup:         migration/47:299 [0] CPU:047
          cg.C.x-3430  [044]     2.837495: (+3)     sched_waking:         comm=migration/44 pid=281 prio=0 target_cpu=044
          cg.C.x-3436  [048]     2.837496: (+1)     sched_waking:         comm=migration/48 pid=305 prio=0 target_cpu=048
          cg.C.x-3440  [056]     2.837496: (+0)     sched_waking:         comm=migration/56 pid=353 prio=0 target_cpu=056
          cg.C.x-3442  [050]     2.837496: (+0)     sched_waking:         comm=migration/50 pid=317 prio=0 target_cpu=050
          cg.C.x-3446  [058]     2.837496: (+0)     sched_waking:         comm=migration/58 pid=365 prio=0 target_cpu=058
          cg.C.x-3466  [046]     2.837496: (+0)     sched_waking:         comm=migration/46 pid=293 prio=0 target_cpu=046
          cg.C.x-3444  [052]     2.837496: (+0)     sched_waking:         comm=migration/52 pid=329 prio=0 target_cpu=052
          cg.C.x-3438  [054]     2.837496: (+0)     sched_waking:         comm=migration/54 pid=341 prio=0 target_cpu=054
          cg.C.x-3439  [059]     2.837497: (+1)     sched_switch:         cg.C.x:3439 [120] R ==> migration/59:371 [0]
          cg.C.x-3441  [055]     2.837497: (+0)     sched_switch:         cg.C.x:3441 [120] R ==> migration/55:347 [0]
          cg.C.x-3447  [053]     2.837497: (+0)     sched_switch:         cg.C.x:3447 [120] R ==> migration/53:335 [0]
          cg.C.x-3437  [057]     2.837497: (+0)     sched_switch:         cg.C.x:3437 [120] R ==> migration/57:359 [0]
          cg.C.x-3445  [045]     2.837497: (+0)     sched_switch:         cg.C.x:3445 [120] R ==> migration/45:287 [0]
          cg.C.x-3477  [051]     2.837497: (+0)     sched_switch:         cg.C.x:3477 [120] R ==> migration/51:323 [0]
          cg.C.x-3431  [047]     2.837497: (+0)     sched_switch:         cg.C.x:3431 [120] R ==> migration/47:299 [0]
          cg.C.x-3430  [044]     2.837498: (+1)     sched_wakeup:         migration/44:281 [0] CPU:044
          cg.C.x-3436  [048]     2.837498: (+0)     sched_wakeup:         migration/48:305 [0] CPU:048
          cg.C.x-3442  [050]     2.837498: (+0)     sched_wakeup:         migration/50:317 [0] CPU:050
          cg.C.x-3438  [054]     2.837498: (+0)     sched_wakeup:         migration/54:341 [0] CPU:054
          cg.C.x-3466  [046]     2.837498: (+0)     sched_wakeup:         migration/46:293 [0] CPU:046
          cg.C.x-3455  [049]     2.837498: (+0)     sched_switch:         cg.C.x:3455 [120] R ==> migration/49:311 [0]
          cg.C.x-3446  [058]     2.837498: (+0)     sched_wakeup:         migration/58:365 [0] CPU:058
          cg.C.x-3444  [052]     2.837499: (+1)     sched_wakeup:         migration/52:329 [0] CPU:052
          cg.C.x-3440  [056]     2.837499: (+0)     sched_wakeup:         migration/56:353 [0] CPU:056
    migration/57-359   [057]     2.837501: (+2)     sched_switch:         migration/57:359 [0] S ==> cg.C.x:3437 [120]
    migration/53-335   [053]     2.837501: (+0)     sched_switch:         migration/53:335 [0] S ==> cg.C.x:3447 [120]
    migration/55-347   [055]     2.837501: (+0)     sched_switch:         migration/55:347 [0] S ==> cg.C.x:3441 [120]
    migration/45-287   [045]     2.837501: (+0)     sched_switch:         migration/45:287 [0] S ==> cg.C.x:3445 [120]
    migration/59-371   [059]     2.837501: (+0)     sched_switch:         migration/59:371 [0] S ==> cg.C.x:3439 [120]
          cg.C.x-3436  [048]     2.837502: (+1)     sched_switch:         cg.C.x:3436 [120] R ==> migration/48:305 [0]
    migration/47-299   [047]     2.837502: (+0)     sched_switch:         migration/47:299 [0] S ==> cg.C.x:3431 [120]
    migration/51-323   [051]     2.837502: (+0)     sched_switch:         migration/51:323 [0] S ==> cg.C.x:3477 [120]
          cg.C.x-3430  [044]     2.837502: (+0)     sched_switch:         cg.C.x:3430 [120] R ==> migration/44:281 [0]
          cg.C.x-3438  [054]     2.837503: (+1)     sched_switch:         cg.C.x:3438 [120] R ==> migration/54:341 [0]
          cg.C.x-3446  [058]     2.837503: (+0)     sched_switch:         cg.C.x:3446 [120] R ==> migration/58:365 [0]
          cg.C.x-3442  [050]     2.837503: (+0)     sched_switch:         cg.C.x:3442 [120] R ==> migration/50:317 [0]
          cg.C.x-3444  [052]     2.837503: (+0)     sched_switch:         cg.C.x:3444 [120] R ==> migration/52:329 [0]
    migration/49-311   [049]     2.837503: (+0)     sched_switch:         migration/49:311 [0] S ==> cg.C.x:3455 [120]
          cg.C.x-3466  [046]     2.837503: (+0)     sched_switch:         cg.C.x:3466 [120] R ==> migration/46:293 [0]
          cg.C.x-3440  [056]     2.837504: (+1)     sched_switch:         cg.C.x:3440 [120] R ==> migration/56:353 [0]
    migration/44-281   [044]     2.837506: (+2)     sched_switch:         migration/44:281 [0] S ==> cg.C.x:3430 [120]
    migration/48-305   [048]     2.837506: (+0)     sched_switch:         migration/48:305 [0] S ==> cg.C.x:3436 [120]
    migration/58-365   [058]     2.837507: (+1)     sched_switch:         migration/58:365 [0] S ==> cg.C.x:3446 [120]
    migration/52-329   [052]     2.837507: (+0)     sched_switch:         migration/52:329 [0] S ==> cg.C.x:3444 [120]
    migration/56-353   [056]     2.837507: (+0)     sched_switch:         migration/56:353 [0] S ==> cg.C.x:3440 [120]
    migration/50-317   [050]     2.837507: (+0)     sched_switch:         migration/50:317 [0] S ==> cg.C.x:3442 [120]
    migration/46-293   [046]     2.837507: (+0)     sched_switch:         migration/46:293 [0] S ==> cg.C.x:3466 [120]
    migration/54-341   [054]     2.837507: (+0)     sched_switch:         migration/54:341 [0] S ==> cg.C.x:3438 [120]
          cg.C.x-3424  [060]     2.841472: (+3965)  sched_waking:         comm=migration/60 pid=377 prio=0 target_cpu=060
          cg.C.x-3435  [061]     2.841472: (+0)     sched_waking:         comm=migration/61 pid=383 prio=0 target_cpu=061
          cg.C.x-3433  [063]     2.841473: (+1)     sched_waking:         comm=migration/63 pid=395 prio=0 target_cpu=063
          cg.C.x-3448  [062]     2.841473: (+0)     sched_waking:         comm=migration/62 pid=389 prio=0 target_cpu=062
          cg.C.x-3424  [060]     2.841475: (+2)     sched_wakeup:         migration/60:377 [0] CPU:060
          cg.C.x-3435  [061]     2.841475: (+0)     sched_wakeup:         migration/61:383 [0] CPU:061
          cg.C.x-3433  [063]     2.841475: (+0)     sched_wakeup:         migration/63:395 [0] CPU:063
          cg.C.x-3448  [062]     2.841475: (+0)     sched_wakeup:         migration/62:389 [0] CPU:062
          cg.C.x-3424  [060]     2.841480: (+5)     sched_switch:         cg.C.x:3424 [120] R ==> migration/60:377 [0]
          cg.C.x-3448  [062]     2.841480: (+0)     sched_switch:         cg.C.x:3448 [120] R ==> migration/62:389 [0]
