     kworker/0:3-746   [000]     0.727174: (+2)     sched_wakeup:         kworker/38:1:529 [120] CPU:038
    kworker/26:1-550   [026]     0.727174: (+0)     sched_switch:         kworker/26:1:550 [120] I ==> cg.C.x:2928 [120]
          cg.C.x-2916  [030]     0.727175: (+1)     sched_switch:         cg.C.x:2916 [120] R ==> kworker/30:1:718 [120]
     kworker/0:3-746   [000]     0.727176: (+1)     sched_waking:         comm=kworker/43:0 pid=277 prio=120 target_cpu=043
          cg.C.x-2925  [029]     0.727177: (+1)     sched_switch:         cg.C.x:2925 [120] R ==> kworker/29:0:193 [120]
     kworker/5:1-741   [005]     0.727177: (+0)     sched_switch:         kworker/5:1:741 [120] I ==> cg.C.x:2893 [120]
    kworker/25:1-721   [025]     0.727179: (+2)     sched_switch:         kworker/25:1:721 [120] I ==> cg.C.x:2927 [120]
     kworker/0:3-746   [000]     0.727179: (+0)     sched_waking:         comm=kworker/52:1 pid=544 prio=120 target_cpu=052
    kworker/28:1-717   [028]     0.727179: (+0)     sched_switch:         kworker/28:1:717 [120] I ==> cg.C.x:2904 [120]
          cg.C.x-2906  [038]     0.727180: (+1)     sched_switch:         cg.C.x:2906 [120] R ==> kworker/38:1:529 [120]
     kworker/0:3-746   [000]     0.727182: (+2)     sched_wakeup:         kworker/52:1:544 [120] CPU:052
          cg.C.x-2894  [043]     0.727183: (+1)     sched_wakeup:         kworker/43:0:277 [120] CPU:043
     kworker/0:3-746   [000]     0.727183: (+0)     sched_waking:         comm=kworker/54:1 pid=487 prio=120 target_cpu=054
    kworker/30:1-718   [030]     0.727184: (+1)     sched_switch:         kworker/30:1:718 [120] I ==> cg.C.x:2916 [120]
     kworker/0:3-746   [000]     0.727186: (+2)     sched_wakeup:         kworker/54:1:487 [120] CPU:054
          cg.C.x-2894  [043]     0.727187: (+1)     sched_switch:         cg.C.x:2894 [120] R ==> kworker/43:0:277 [120]
          cg.C.x-2910  [052]     0.727188: (+1)     sched_switch:         cg.C.x:2910 [120] R ==> kworker/52:1:544 [120]
     kworker/0:3-746   [000]     0.727188: (+0)     sched_waking:         comm=kworker/57:0 pid=361 prio=120 target_cpu=057
    kworker/29:0-193   [029]     0.727189: (+1)     sched_switch:         kworker/29:0:193 [120] I ==> cg.C.x:2925 [120]
    kworker/38:1-529   [038]     0.727191: (+2)     sched_switch:         kworker/38:1:529 [120] I ==> cg.C.x:2906 [120]
     kworker/0:3-746   [000]     0.727192: (+1)     sched_waking:         comm=kworker/61:1 pid=739 prio=120 target_cpu=061
          cg.C.x-2914  [054]     0.727192: (+0)     sched_switch:         cg.C.x:2914 [120] R ==> kworker/54:1:487 [120]
          cg.C.x-2909  [057]     0.727194: (+2)     sched_wakeup:         kworker/57:0:361 [120] CPU:057
    kworker/43:0-277   [043]     0.727198: (+4)     sched_switch:         kworker/43:0:277 [120] I ==> cg.C.x:2894 [120]
    kworker/52:1-544   [052]     0.727198: (+0)     sched_switch:         kworker/52:1:544 [120] I ==> cg.C.x:2910 [120]
          cg.C.x-2897  [061]     0.727198: (+0)     sched_wakeup:         kworker/61:1:739 [120] CPU:061
     kworker/0:3-746   [000]     0.727199: (+1)     sched_switch:         kworker/0:3:746 [120] I ==> cg.C.x:2918 [120]
    kworker/54:1-487   [054]     0.727201: (+2)     sched_switch:         kworker/54:1:487 [120] I ==> cg.C.x:2914 [120]
          cg.C.x-2897  [061]     0.727203: (+2)     sched_switch:         cg.C.x:2897 [120] R ==> kworker/61:1:739 [120]
    kworker/61:1-739   [061]     0.727213: (+10)    sched_switch:         kworker/61:1:739 [120] I ==> cg.C.x:2897 [120]
          cg.C.x-2891  [001]     0.731093: (+3880)  sched_switch:         cg.C.x:2891 [120] R ==> kworker/1:2:470 [120]
          cg.C.x-2909  [057]     0.731093: (+0)     sched_switch:         cg.C.x:2909 [120] R ==> kworker/57:0:361 [120]
    kworker/57:0-361   [057]     0.731104: (+11)    sched_switch:         kworker/57:0:361 [120] I ==> cg.C.x:2909 [120]
     kworker/1:2-470   [001]     0.731106: (+2)     sched_switch:         kworker/1:2:470 [120] I ==> cg.C.x:2891 [120]
          cg.C.x-2888  [050]     0.732695: (+1589)  sched_waking:         comm=kworker/u129:0 pid=2339 prio=120 target_cpu=056
          cg.C.x-2888  [050]     0.732701: (+6)     sched_wakeup:         kworker/u129:0:2339 [120] CPU:056
          cg.C.x-2908  [056]     0.732705: (+4)     sched_switch:         cg.C.x:2908 [120] R ==> kworker/u129:0:2339 [120]
  kworker/u129:0-2339  [056]     0.732711: (+6)     sched_waking:         comm=sshd pid=1978 prio=120 target_cpu=056
  kworker/u129:0-2339  [056]     0.732716: (+5)     sched_wakeup:         sshd:1978 [120] CPU:056
  kworker/u129:0-2339  [056]     0.732720: (+4)     sched_switch:         kworker/u129:0:2339 [120] I ==> sshd:1978 [120]
          cg.C.x-2888  [050]     0.732752: (+32)    sched_waking:         comm=kworker/u129:0 pid=2339 prio=120 target_cpu=056
          cg.C.x-2888  [050]     0.732753: (+1)     sched_migrate_task:   comm=kworker/u129:0 pid=2339 prio=120 orig_cpu=56 dest_cpu=50
          cg.C.x-2888  [050]     0.732756: (+3)     sched_wakeup:         kworker/u129:0:2339 [120] CPU:050
          cg.C.x-2888  [050]     0.732760: (+4)     sched_switch:         cg.C.x:2888 [120] R ==> kworker/u129:0:2339 [120]
  kworker/u129:0-2339  [050]     0.732766: (+6)     sched_switch:         kworker/u129:0:2339 [120] I ==> cg.C.x:2888 [120]
          cg.C.x-2888  [050]     0.732767: (+1)     sched_waking:         comm=kworker/u129:0 pid=2339 prio=120 target_cpu=050
          cg.C.x-2888  [050]     0.732769: (+2)     sched_wakeup:         kworker/u129:0:2339 [120] CPU:050
          cg.C.x-2888  [050]     0.732771: (+2)     sched_switch:         cg.C.x:2888 [120] R ==> kworker/u129:0:2339 [120]
  kworker/u129:0-2339  [050]     0.732773: (+2)     sched_switch:         kworker/u129:0:2339 [120] I ==> cg.C.x:2888 [120]
            sshd-1978  [056]     0.732835: (+62)    sched_switch:         sshd:1978 [120] S ==> cg.C.x:2908 [120]
          cg.C.x-2894  [043]     0.842323: (+109488) sched_waking:         comm=ntpd pid=1774 prio=0 target_cpu=043
          cg.C.x-2894  [043]     0.842332: (+9)     sched_wakeup:         ntpd:1774 [0] CPU:043
          cg.C.x-2894  [043]     0.842341: (+9)     sched_switch:         cg.C.x:2894 [120] R ==> ntpd:1774 [0]
            ntpd-1774  [043]     0.842388: (+47)    sched_switch:         ntpd:1774 [0] S ==> cg.C.x:2894 [120]
          cg.C.x-2918  [000]     0.851092: (+8704)  sched_waking:         comm=kworker/0:3 pid=746 prio=120 target_cpu=000
          cg.C.x-2918  [000]     0.851099: (+7)     sched_wakeup:         kworker/0:3:746 [120] CPU:000
          cg.C.x-2918  [000]     0.851105: (+6)     sched_switch:         cg.C.x:2918 [120] R ==> kworker/0:3:746 [120]
     kworker/0:3-746   [000]     0.851162: (+57)    sched_switch:         kworker/0:3:746 [120] I ==> cg.C.x:2918 [120]
          cg.C.x-2888  [050]     0.853935: (+2773)  sched_waking:         comm=kworker/u129:0 pid=2339 prio=120 target_cpu=050
          cg.C.x-2888  [050]     0.853941: (+6)     sched_wakeup:         kworker/u129:0:2339 [120] CPU:050
          cg.C.x-2888  [050]     0.853947: (+6)     sched_switch:         cg.C.x:2888 [120] R ==> kworker/u129:0:2339 [120]
  kworker/u129:0-2339  [050]     0.853953: (+6)     sched_waking:         comm=sshd pid=1978 prio=120 target_cpu=056
  kworker/u129:0-2339  [050]     0.853956: (+3)     sched_migrate_task:   comm=sshd pid=1978 prio=120 orig_cpu=56 dest_cpu=50
  kworker/u129:0-2339  [050]     0.853961: (+5)     sched_wakeup:         sshd:1978 [120] CPU:050
  kworker/u129:0-2339  [050]     0.853965: (+4)     sched_switch:         kworker/u129:0:2339 [120] I ==> sshd:1978 [120]
            sshd-1978  [050]     0.854088: (+123)   sched_switch:         sshd:1978 [120] S ==> cg.C.x:2888 [120]
          cg.C.x-2888  [050]     0.854090: (+2)     sched_waking:         comm=kworker/u129:0 pid=2339 prio=120 target_cpu=050
          cg.C.x-2888  [050]     0.854091: (+1)     sched_wakeup:         kworker/u129:0:2339 [120] CPU:050
          cg.C.x-2888  [050]     0.854094: (+3)     sched_switch:         cg.C.x:2888 [120] R ==> kworker/u129:0:2339 [120]
  kworker/u129:0-2339  [050]     0.854095: (+1)     sched_waking:         comm=sshd pid=1978 prio=120 target_cpu=050
  kworker/u129:0-2339  [050]     0.854097: (+2)     sched_wakeup:         sshd:1978 [120] CPU:050
  kworker/u129:0-2339  [050]     0.854098: (+1)     sched_switch:         kworker/u129:0:2339 [120] I ==> sshd:1978 [120]
            sshd-1978  [050]     0.854123: (+25)    sched_switch:         sshd:1978 [120] S ==> cg.C.x:2888 [120]
          cg.C.x-2893  [005]     0.947094: (+92971) sched_waking:         comm=kworker/5:1 pid=741 prio=120 target_cpu=005
          cg.C.x-2893  [005]     0.947101: (+7)     sched_wakeup:         kworker/5:1:741 [120] CPU:005
          cg.C.x-2914  [054]     0.951092: (+3991)  sched_waking:         comm=kworker/54:1 pid=487 prio=120 target_cpu=054
          cg.C.x-2893  [005]     0.951095: (+3)     sched_switch:         cg.C.x:2893 [120] R ==> kworker/5:1:741 [120]
          cg.C.x-2914  [054]     0.951102: (+7)     sched_wakeup:         kworker/54:1:487 [120] CPU:054
     kworker/5:1-741   [005]     0.951125: (+23)    sched_switch:         kworker/5:1:741 [120] I ==> cg.C.x:2893 [120]
          cg.C.x-2914  [054]     0.955098: (+3973)  sched_switch:         cg.C.x:2914 [120] R ==> kworker/54:1:487 [120]
    kworker/54:1-487   [054]     0.955136: (+38)    sched_switch:         kworker/54:1:487 [120] I ==> cg.C.x:2914 [120]
          cg.C.x-2888  [050]     0.974979: (+19843) sched_waking:         comm=kworker/u129:0 pid=2339 prio=120 target_cpu=050
          cg.C.x-2888  [050]     0.974989: (+10)    sched_wakeup:         kworker/u129:0:2339 [120] CPU:050
          cg.C.x-2888  [050]     0.974997: (+8)     sched_switch:         cg.C.x:2888 [120] R ==> kworker/u129:0:2339 [120]
  kworker/u129:0-2339  [050]     0.975004: (+7)     sched_waking:         comm=sshd pid=1978 prio=120 target_cpu=050
  kworker/u129:0-2339  [050]     0.975007: (+3)     sched_wakeup:         sshd:1978 [120] CPU:050
  kworker/u129:0-2339  [050]     0.975011: (+4)     sched_switch:         kworker/u129:0:2339 [120] I ==> sshd:1978 [120]
            sshd-1978  [050]     0.975136: (+125)   sched_switch:         sshd:1978 [120] S ==> cg.C.x:2888 [120]
          cg.C.x-2888  [050]     0.975138: (+2)     sched_waking:         comm=kworker/u129:0 pid=2339 prio=120 target_cpu=050
          cg.C.x-2888  [050]     0.975139: (+1)     sched_wakeup:         kworker/u129:0:2339 [120] CPU:050
          cg.C.x-2888  [050]     0.975141: (+2)     sched_switch:         cg.C.x:2888 [120] R ==> kworker/u129:0:2339 [120]
  kworker/u129:0-2339  [050]     0.975143: (+2)     sched_waking:         comm=sshd pid=1978 prio=120 target_cpu=050
  kworker/u129:0-2339  [050]     0.975144: (+1)     sched_wakeup:         sshd:1978 [120] CPU:050
  kworker/u129:0-2339  [050]     0.975146: (+2)     sched_switch:         kworker/u129:0:2339 [120] I ==> sshd:1978 [120]
            sshd-1978  [050]     0.975169: (+23)    sched_switch:         sshd:1978 [120] S ==> cg.C.x:2888 [120]
          cg.C.x-2893  [005]     0.983090: (+7921)  sched_waking:         comm=kcompactd1 pid=475 prio=120 target_cpu=005
          cg.C.x-2889  [002]     0.983091: (+1)     sched_waking:         comm=kcompactd0 pid=474 prio=120 target_cpu=002
          cg.C.x-2930  [062]     0.983091: (+0)     sched_waking:         comm=kworker/62:1 pid=491 prio=120 target_cpu=062
          cg.C.x-2895  [063]     0.983091: (+0)     sched_waking:         comm=kworker/63:1 pid=743 prio=120 target_cpu=063
          cg.C.x-2893  [005]     0.983097: (+6)     sched_wakeup:         kcompactd1:475 [120] CPU:005
          cg.C.x-2895  [063]     0.983097: (+0)     sched_wakeup:         kworker/63:1:743 [120] CPU:063
          cg.C.x-2930  [062]     0.983099: (+2)     sched_wakeup:         kworker/62:1:491 [120] CPU:062
          cg.C.x-2889  [002]     0.983099: (+0)     sched_wakeup:         kcompactd0:474 [120] CPU:002
          cg.C.x-2893  [005]     0.983102: (+3)     sched_switch:         cg.C.x:2893 [120] R ==> kcompactd1:475 [120]
          cg.C.x-2895  [063]     0.983103: (+1)     sched_switch:         cg.C.x:2895 [120] R ==> kworker/63:1:743 [120]
          cg.C.x-2930  [062]     0.983105: (+2)     sched_switch:         cg.C.x:2930 [120] R ==> kworker/62:1:491 [120]
          cg.C.x-2889  [002]     0.983106: (+1)     sched_switch:         cg.C.x:2889 [120] R ==> kcompactd0:474 [120]
      kcompactd1-475   [005]     0.983111: (+5)     sched_switch:         kcompactd1:475 [120] S ==> cg.C.x:2893 [120]
    kworker/63:1-743   [063]     0.983116: (+5)     sched_switch:         kworker/63:1:743 [120] I ==> cg.C.x:2895 [120]
      kcompactd0-474   [002]     0.983116: (+0)     sched_switch:         kcompactd0:474 [120] S ==> cg.C.x:2889 [120]
    kworker/62:1-491   [062]     0.983119: (+3)     sched_switch:         kworker/62:1:491 [120] I ==> cg.C.x:2930 [120]
          cg.C.x-2950  [060]     1.015092: (+31973) sched_waking:         comm=kworker/60:1 pid=489 prio=120 target_cpu=060
          cg.C.x-2899  [059]     1.015092: (+0)     sched_waking:         comm=kworker/59:2 pid=951 prio=120 target_cpu=059
          cg.C.x-2945  [003]     1.015096: (+4)     bprint:               change_prot_numa: NUMAB SCAN vma[start:0x55dc94dc3000, end:0x55dc94dc4000, from:0x55dc94dc3000, to:0x55dc94dc4000, size:4 KB]
          cg.C.x-2899  [059]     1.015101: (+5)     sched_wakeup:         kworker/59:2:951 [120] CPU:059
          cg.C.x-2950  [060]     1.015102: (+1)     sched_wakeup:         kworker/60:1:489 [120] CPU:060
          cg.C.x-2899  [059]     1.015108: (+6)     sched_switch:         cg.C.x:2899 [120] R ==> kworker/59:2:951 [120]
          cg.C.x-2950  [060]     1.015112: (+4)     sched_switch:         cg.C.x:2950 [120] R ==> kworker/60:1:489 [120]
    kworker/59:2-951   [059]     1.015123: (+11)    sched_switch:         kworker/59:2:951 [120] I ==> cg.C.x:2899 [120]
    kworker/60:1-489   [060]     1.015126: (+3)     sched_switch:         kworker/60:1:489 [120] I ==> cg.C.x:2950 [120]
          cg.C.x-2945  [003]     1.015135: (+9)     bprint:               change_prot_numa: NUMAB SCAN vma[start:0x55dc94dc4000, end:0x55dc94dc5000, from:0x55dc94dc4000, to:0x55dc94dc5000, size:4 KB]
          cg.C.x-2945  [003]     1.015153: (+18)    bprint:               change_prot_numa: NUMAB SCAN vma[start:0x55dc95445000, end:0x55dc95466000, from:0x55dc95445000, to:0x55dc95466000, size:132 KB]
          cg.C.x-2945  [003]     1.015178: (+25)    bprint:               change_prot_numa: NUMAB SCAN vma[start:0x7f0bf0e01000, end:0x7f0bf1601000, from:0x7f0bf0e01000, to:0x7f0bf1601000, size:8192 KB]
          cg.C.x-2945  [003]     1.015200: (+22)    bprint:               change_prot_numa: NUMAB SCAN vma[start:0x7f0bf1801000, end:0x7f0bf2001000, from:0x7f0bf1801000, to:0x7f0bf2001000, size:8192 KB]
          cg.C.x-2945  [003]     1.015222: (+22)    bprint:               change_prot_numa: NUMAB SCAN vma[start:0x7f0bf2201000, end:0x7f0bf2a01000, from:0x7f0bf2201000, to:0x7f0bf2a01000, size:8192 KB]
          cg.C.x-2945  [003]     1.015242: (+20)    bprint:               change_prot_numa: NUMAB SCAN vma[start:0x7f0bf2c01000, end:0x7f0bf3401000, from:0x7f0bf2c01000, to:0x7f0bf3401000, size:8192 KB]
          cg.C.x-2945  [003]     1.015264: (+22)    bprint:               change_prot_numa: NUMAB SCAN vma[start:0x7f0bf3601000, end:0x7f0bf3e01000, from:0x7f0bf3601000, to:0x7f0bf3e01000, size:8192 KB]
          cg.C.x-2945  [003]     1.015285: (+21)    bprint:               change_prot_numa: NUMAB SCAN vma[start:0x7f0bf4001000, end:0x7f0bf4801000, from:0x7f0bf4001000, to:0x7f0bf4801000, size:8192 KB]
          cg.C.x-2945  [003]     1.015308: (+23)    bprint:               change_prot_numa: NUMAB SCAN vma[start:0x7f0bf4a01000, end:0x7f0bf5201000, from:0x7f0bf4a01000, to:0x7f0bf5201000, size:8192 KB]
          cg.C.x-2945  [003]     1.015327: (+19)    bprint:               change_prot_numa: NUMAB SCAN vma[start:0x7f0bf5401000, end:0x7f0bf5c01000, from:0x7f0bf5401000, to:0x7f0bf5c01000, size:8192 KB]
          cg.C.x-2945  [003]     1.015349: (+22)    bprint:               change_prot_numa: NUMAB SCAN vma[start:0x7f0bf5e01000, end:0x7f0bf6601000, from:0x7f0bf5e01000, to:0x7f0bf6601000, size:8192 KB]
          cg.C.x-2945  [003]     1.015370: (+21)    bprint:               change_prot_numa: NUMAB SCAN vma[start:0x7f0bf6801000, end:0x7f0bf7001000, from:0x7f0bf6801000, to:0x7f0bf7001000, size:8192 KB]
          cg.C.x-2945  [003]     1.015391: (+21)    bprint:               change_prot_numa: NUMAB SCAN vma[start:0x7f0bf7201000, end:0x7f0bf7a01000, from:0x7f0bf7201000, to:0x7f0bf7a01000, size:8192 KB]
          cg.C.x-2945  [003]     1.015411: (+20)    bprint:               change_prot_numa: NUMAB SCAN vma[start:0x7f0bf7c01000, end:0x7f0bf8401000, from:0x7f0bf7c01000, to:0x7f0bf8401000, size:8192 KB]
          cg.C.x-2945  [003]     1.015433: (+22)    bprint:               change_prot_numa: NUMAB SCAN vma[start:0x7f0bf8601000, end:0x7f0bf8e01000, from:0x7f0bf8601000, to:0x7f0bf8e01000, size:8192 KB]
          cg.C.x-2945  [003]     1.015454: (+21)    bprint:               change_prot_numa: NUMAB SCAN vma[start:0x7f0bf9001000, end:0x7f0bf9801000, from:0x7f0bf9001000, to:0x7f0bf9801000, size:8192 KB]
          cg.C.x-2945  [003]     1.015475: (+21)    bprint:               change_prot_numa: NUMAB SCAN vma[start:0x7f0bf9a01000, end:0x7f0bfa201000, from:0x7f0bf9a01000, to:0x7f0bfa201000, size:8192 KB]
          cg.C.x-2945  [003]     1.015496: (+21)    bprint:               change_prot_numa: NUMAB SCAN vma[start:0x7f0bfa401000, end:0x7f0bfac01000, from:0x7f0bfa401000, to:0x7f0bfac01000, size:8192 KB]
          cg.C.x-2945  [003]     1.015516: (+20)    bprint:               change_prot_numa: NUMAB SCAN vma[start:0x7f0bfae01000, end:0x7f0bfb601000, from:0x7f0bfae01000, to:0x7f0bfb601000, size:8192 KB]
          cg.C.x-2945  [003]     1.015536: (+20)    bprint:               change_prot_numa: NUMAB SCAN vma[start:0x7f0bfb801000, end:0x7f0bfc001000, from:0x7f0bfb801000, to:0x7f0bfc001000, size:8192 KB]
          cg.C.x-2945  [003]     1.015557: (+21)    bprint:               change_prot_numa: NUMAB SCAN vma[start:0x7f0bfc201000, end:0x7f0bfca01000, from:0x7f0bfc201000, to:0x7f0bfca01000, size:8192 KB]
          cg.C.x-2945  [003]     1.015579: (+22)    bprint:               change_prot_numa: NUMAB SCAN vma[start:0x7f0bfcc01000, end:0x7f0bfd401000, from:0x7f0bfcc01000, to:0x7f0bfd401000, size:8192 KB]
          cg.C.x-2945  [003]     1.015600: (+21)    bprint:               change_prot_numa: NUMAB SCAN vma[start:0x7f0bfd601000, end:0x7f0bfde01000, from:0x7f0bfd601000, to:0x7f0bfde01000, size:8192 KB]
          cg.C.x-2945  [003]     1.015620: (+20)    bprint:               change_prot_numa: NUMAB SCAN vma[start:0x7f0bfe001000, end:0x7f0bfe801000, from:0x7f0bfe001000, to:0x7f0bfe801000, size:8192 KB]
          cg.C.x-2945  [003]     1.015640: (+20)    bprint:               change_prot_numa: NUMAB SCAN vma[start:0x7f0bfea01000, end:0x7f0bff201000, from:0x7f0bfea01000, to:0x7f0bff201000, size:8192 KB]
          cg.C.x-2945  [003]     1.015660: (+20)    bprint:               change_prot_numa: NUMAB SCAN vma[start:0x7f0bff401000, end:0x7f0bffc01000, from:0x7f0bff401000, to:0x7f0bffc01000, size:8192 KB]
          cg.C.x-2945  [003]     1.015682: (+22)    bprint:               change_prot_numa: NUMAB SCAN vma[start:0x7f0bffe01000, end:0x7f0c00601000, from:0x7f0bffe01000, to:0x7f0c00601000, size:8192 KB]
          cg.C.x-2945  [003]     1.015703: (+21)    bprint:               change_prot_numa: NUMAB SCAN vma[start:0x7f0c00801000, end:0x7f0c01001000, from:0x7f0c00801000, to:0x7f0c01001000, size:8192 KB]
          cg.C.x-2945  [003]     1.015724: (+21)    bprint:               change_prot_numa: NUMAB SCAN vma[start:0x7f0c01201000, end:0x7f0c01a01000, from:0x7f0c01201000, to:0x7f0c01a01000, size:8192 KB]
          cg.C.x-2945  [003]     1.015745: (+21)    bprint:               change_prot_numa: NUMAB SCAN vma[start:0x7f0c01c01000, end:0x7f0c02401000, from:0x7f0c01c01000, to:0x7f0c02401000, size:8192 KB]
          cg.C.x-2945  [003]     1.015767: (+22)    bprint:               change_prot_numa: NUMAB SCAN vma[start:0x7f0c02601000, end:0x7f0c02e01000, from:0x7f0c02601000, to:0x7f0c02e01000, size:8192 KB]
          cg.C.x-2945  [003]     1.015787: (+20)    bprint:               change_prot_numa: NUMAB SCAN vma[start:0x7f0c03001000, end:0x7f0c03801000, from:0x7f0c03001000, to:0x7f0c03801000, size:8192 KB]
          cg.C.x-2945  [003]     1.015809: (+22)    bprint:               change_prot_numa: NUMAB SCAN vma[start:0x7f0c03a01000, end:0x7f0c04201000, from:0x7f0c03a01000, to:0x7f0c04201000, size:8192 KB]
          cg.C.x-2945  [003]     1.015830: (+21)    bprint:               change_prot_numa: NUMAB SCAN vma[start:0x7f0c04401000, end:0x7f0c04c01000, from:0x7f0c04401000, to:0x7f0c04c00000, size:8188 KB]
          cg.C.x-2945  [003]     1.015857: (+27)    bprint:               __handle_mm_fault: NUMAB MEM ACCESS process[nid:1, cpu:3, pid:2945], folio[virt:0x7f0bf5200fe8, phys:0x182c5a000, pfn:0x182c5a, nid:0, npages:1]
          cg.C.x-2945  [003]     1.015859: (+2)     bprint:               __handle_mm_fault: NUMAB TRY MEM MIGR process[nid:1, cpu:3, pid:2945], folio[virt:0x7f0bf5200fe8, phys:0x182c5a000, nid:0], target_nid:1
          cg.C.x-2945  [003]     1.015880: (+21)    bprint:               __handle_mm_fault: NUMAB COMPLETED MEM MIGR process[nid:1, cpu:3, pid:2945], old[phys:0x182c5a000, nid:0, npages:1], new[phys:0x1863cca000, nid:1, npages:1]
          cg.C.x-2951  [013]     1.015912: (+32)    bprint:               __handle_mm_fault: NUMAB MEM ACCESS process[nid:1, cpu:13, pid:2951], folio[virt:0x7f0bf15ff9b8, phys:0x1863d92000, pfn:0x1863d92, nid:1, npages:1]
          cg.C.x-2951  [013]     1.015920: (+8)     bprint:               __handle_mm_fault: NUMAB MEM ACCESS process[nid:1, cpu:13, pid:2951], folio[virt:0x55dc94dc3080, phys:0x1200e9000, pfn:0x1200e9, nid:0, npages:1]
          cg.C.x-2951  [013]     1.015922: (+2)     bprint:               __handle_mm_fault: NUMAB TRY MEM MIGR process[nid:1, cpu:13, pid:2951], folio[virt:0x55dc94dc3080, phys:0x1200e9000, nid:0], target_nid:1
          cg.C.x-2951  [013]     1.015935: (+13)    bprint:               __handle_mm_fault: NUMAB COMPLETED MEM MIGR process[nid:1, cpu:13, pid:2951], old[phys:0x1200e9000, nid:0, npages:1], new[phys:0x1866a04000, nid:1, npages:1]
          cg.C.x-2951  [013]     1.015939: (+4)     bprint:               __handle_mm_fault: NUMAB MEM ACCESS process[nid:1, cpu:13, pid:2951], folio[virt:0x7f0bf1600220, phys:0x1530e1000, pfn:0x1530e1, nid:0, npages:1]
          cg.C.x-2951  [013]     1.015939: (+0)     bprint:               __handle_mm_fault: NUMAB TRY MEM MIGR process[nid:1, cpu:13, pid:2951], folio[virt:0x7f0bf1600220, phys:0x1530e1000, nid:0], target_nid:1
          cg.C.x-2951  [013]     1.015945: (+6)     bprint:               __handle_mm_fault: NUMAB COMPLETED MEM MIGR process[nid:1, cpu:13, pid:2951], old[phys:0x1530e1000, nid:0, npages:1], new[phys:0x1865be4000, nid:1, npages:1]
          cg.C.x-2951  [013]     1.015949: (+4)     bprint:               __handle_mm_fault: NUMAB MEM ACCESS process[nid:1, cpu:13, pid:2951], folio[virt:0x55dc954500c4, phys:0x151e63000, pfn:0x151e63, nid:0, npages:1]
          cg.C.x-2951  [013]     1.015950: (+1)     bprint:               __handle_mm_fault: NUMAB TRY MEM MIGR process[nid:1, cpu:13, pid:2951], folio[virt:0x55dc954500c4, phys:0x151e63000, nid:0], target_nid:1
          cg.C.x-2951  [013]     1.015955: (+5)     bprint:               __handle_mm_fault: NUMAB COMPLETED MEM MIGR process[nid:1, cpu:13, pid:2951], old[phys:0x151e63000, nid:0, npages:1], new[phys:0x185ba28000, nid:1, npages:1]
          cg.C.x-2927  [025]     1.016180: (+225)   bprint:               __handle_mm_fault: NUMAB MEM ACCESS process[nid:1, cpu:25, pid:2927], folio[virt:0x7f0c005ff9b8, phys:0x18558c7000, pfn:0x18558c7, nid:1, npages:1]
          cg.C.x-2927  [025]     1.016186: (+6)     bprint:               __handle_mm_fault: NUMAB MEM ACCESS process[nid:1, cpu:25, pid:2927], folio[virt:0x7f0c00600220, phys:0x1e2469000, pfn:0x1e2469, nid:0, npages:1]
          cg.C.x-2927  [025]     1.016187: (+1)     bprint:               __handle_mm_fault: NUMAB TRY MEM MIGR process[nid:1, cpu:25, pid:2927], folio[virt:0x7f0c00600220, phys:0x1e2469000, nid:0], target_nid:1
          cg.C.x-2927  [025]     1.016198: (+11)    bprint:               __handle_mm_fault: NUMAB COMPLETED MEM MIGR process[nid:1, cpu:25, pid:2927], old[phys:0x1e2469000, nid:0, npages:1], new[phys:0x186a409000, nid:1, npages:1]
          cg.C.x-2941  [011]     1.016274: (+76)    bprint:               __handle_mm_fault: NUMAB MEM ACCESS process[nid:1, cpu:11, pid:2941], folio[virt:0x7f0bf79ff9b8, phys:0x1863dba000, pfn:0x1863dba, nid:1, npages:1]
          cg.C.x-2941  [011]     1.016280: (+6)     bprint:               __handle_mm_fault: NUMAB MEM ACCESS process[nid:1, cpu:11, pid:2941], folio[virt:0x7f0bf7a00220, phys:0x182c56000, pfn:0x182c56, nid:0, npages:1]
          cg.C.x-2941  [011]     1.016281: (+1)     bprint:               __handle_mm_fault: NUMAB TRY MEM MIGR process[nid:1, cpu:11, pid:2941], folio[virt:0x7f0bf7a00220, phys:0x182c56000, nid:0], target_nid:1
          cg.C.x-2940  [024]     1.016282: (+1)     bprint:               __handle_mm_fault: NUMAB MEM ACCESS process[nid:0, cpu:24, pid:2940], folio[virt:0x7f0bf83ff9b8, phys:0x111096000, pfn:0x111096, nid:0, npages:1]
          cg.C.x-2940  [024]     1.016291: (+9)     bprint:               __handle_mm_fault: NUMAB MEM ACCESS process[nid:0, cpu:24, pid:2940], folio[virt:0x7f0bf8400220, phys:0x182c55000, pfn:0x182c55, nid:0, npages:1]
          cg.C.x-2941  [011]     1.016292: (+1)     bprint:               __handle_mm_fault: NUMAB COMPLETED MEM MIGR process[nid:1, cpu:11, pid:2941], old[phys:0x182c56000, nid:0, npages:1], new[phys:0x185bb0c000, nid:1, npages:1]
          cg.C.x-2928  [026]     1.016293: (+1)     bprint:               __handle_mm_fault: NUMAB MEM ACCESS process[nid:0, cpu:26, pid:2928], folio[virt:0x7f0bffbff9b8, phys:0x11100d000, pfn:0x11100d, nid:0, npages:1]
          cg.C.x-2928  [026]     1.016301: (+8)     bprint:               __handle_mm_fault: NUMAB MEM ACCESS process[nid:0, cpu:26, pid:2928], folio[virt:0x7f0bffc00220, phys:0x1e246a000, pfn:0x1e246a, nid:0, npages:1]
          cg.C.x-2920  [018]     1.016489: (+188)   bprint:               __handle_mm_fault: NUMAB MEM ACCESS process[nid:0, cpu:18, pid:2920], folio[virt:0x7f0c04bff9b8, phys:0x180364000, pfn:0x180364, nid:0, npages:1]
          cg.C.x-2933  [021]     1.016508: (+19)    bprint:               __handle_mm_fault: NUMAB MEM ACCESS process[nid:1, cpu:21, pid:2933], folio[virt:0x7f0bfc9ff9b8, phys:0x1867874000, pfn:0x1867874, nid:1, npages:1]
          cg.C.x-2933  [021]     1.016514: (+6)     bprint:               __handle_mm_fault: NUMAB MEM ACCESS process[nid:1, cpu:21, pid:2933], folio[virt:0x7f0bfca00220, phys:0x11573d000, pfn:0x11573d, nid:0, npages:1]
          cg.C.x-2933  [021]     1.016515: (+1)     bprint:               __handle_mm_fault: NUMAB TRY MEM MIGR process[nid:1, cpu:21, pid:2933], folio[virt:0x7f0bfca00220, phys:0x11573d000, nid:0], target_nid:1
          cg.C.x-2933  [021]     1.016526: (+11)    bprint:               __handle_mm_fault: NUMAB COMPLETED MEM MIGR process[nid:1, cpu:21, pid:2933], old[phys:0x11573d000, nid:0, npages:1], new[phys:0x186b317000, nid:1, npages:1]
          cg.C.x-2946  [032]     1.016530: (+4)     bprint:               __handle_mm_fault: NUMAB MEM ACCESS process[nid:0, cpu:32, pid:2946], folio[virt:0x7f0bf47ff9b8, phys:0x1806a5000, pfn:0x1806a5, nid:0, npages:1]
          cg.C.x-2946  [032]     1.016536: (+6)     bprint:               __handle_mm_fault: NUMAB MEM ACCESS process[nid:0, cpu:32, pid:2946], folio[virt:0x7f0bf4800220, phys:0x182c5b000, pfn:0x182c5b, nid:0, npages:1]
          cg.C.x-2948  [034]     1.016566: (+30)    bprint:               __handle_mm_fault: NUMAB MEM ACCESS process[nid:0, cpu:34, pid:2948], folio[virt:0x7f0bf33ff9b8, phys:0x123048000, pfn:0x123048, nid:0, npages:1]
          cg.C.x-2948  [034]     1.016572: (+6)     bprint:               __handle_mm_fault: NUMAB MEM ACCESS process[nid:0, cpu:34, pid:2948], folio[virt:0x7f0bf3400220, phys:0x182c5e000, pfn:0x182c5e, nid:0, npages:1]
          cg.C.x-2942  [008]     1.016585: (+13)    bprint:               __handle_mm_fault: NUMAB MEM ACCESS process[nid:0, cpu:8, pid:2942], folio[virt:0x7f0bf6fff9b8, phys:0x15341a000, pfn:0x15341a, nid:0, npages:1]
          cg.C.x-2942  [008]     1.016591: (+6)     bprint:               __handle_mm_fault: NUMAB MEM ACCESS process[nid:0, cpu:8, pid:2942], folio[virt:0x7f0bf7000220, phys:0x182c57000, pfn:0x182c57, nid:0, npages:1]
          cg.C.x-2929  [023]     1.016597: (+6)     bprint:               __handle_mm_fault: NUMAB MEM ACCESS process[nid:1, cpu:23, pid:2929], folio[virt:0x7f0bff1ff9b8, phys:0x1865d0a000, pfn:0x1865d0a, nid:1, npages:1]
          cg.C.x-2947  [007]     1.016598: (+1)     bprint:               __handle_mm_fault: NUMAB MEM ACCESS process[nid:1, cpu:7, pid:2947], folio[virt:0x7f0bf3dff9b8, phys:0x1855b1e000, pfn:0x1855b1e, nid:1, npages:1]
          cg.C.x-2929  [023]     1.016602: (+4)     bprint:               __handle_mm_fault: NUMAB MEM ACCESS process[nid:1, cpu:23, pid:2929], folio[virt:0x7f0bff200220, phys:0x1e246b000, pfn:0x1e246b, nid:0, npages:1]
          cg.C.x-2929  [023]     1.016603: (+1)     bprint:               __handle_mm_fault: NUMAB TRY MEM MIGR process[nid:1, cpu:23, pid:2929], folio[virt:0x7f0bff200220, phys:0x1e246b000, nid:0], target_nid:1
          cg.C.x-2947  [007]     1.016604: (+1)     bprint:               __handle_mm_fault: NUMAB MEM ACCESS process[nid:1, cpu:7, pid:2947], folio[virt:0x7f0bf3e00220, phys:0x182c5c000, pfn:0x182c5c, nid:0, npages:1]
          cg.C.x-2947  [007]     1.016605: (+1)     bprint:               __handle_mm_fault: NUMAB TRY MEM MIGR process[nid:1, cpu:7, pid:2947], folio[virt:0x7f0bf3e00220, phys:0x182c5c000, nid:0], target_nid:1
          cg.C.x-2929  [023]     1.016613: (+8)     bprint:               __handle_mm_fault: NUMAB COMPLETED MEM MIGR process[nid:1, cpu:23, pid:2929], old[phys:0x1e246b000, nid:0, npages:1], new[phys:0x186aee4000, nid:1, npages:1]
          cg.C.x-2947  [007]     1.016615: (+2)     bprint:               __handle_mm_fault: NUMAB COMPLETED MEM MIGR process[nid:1, cpu:7, pid:2947], old[phys:0x182c5c000, nid:0, npages:1], new[phys:0x1864d6a000, nid:1, npages:1]
          cg.C.x-2923  [037]     1.016617: (+2)     bprint:               __handle_mm_fault: NUMAB MEM ACCESS process[nid:1, cpu:37, pid:2923], folio[virt:0x7f0c02dff9b8, phys:0x185b5ba000, pfn:0x185b5ba, nid:1, npages:1]
          cg.C.x-2922  [022]     1.016621: (+4)     bprint:               __handle_mm_fault: NUMAB MEM ACCESS process[nid:0, cpu:22, pid:2922], folio[virt:0x7f0c037ff9b8, phys:0x1116d8000, pfn:0x1116d8, nid:0, npages:1]
          cg.C.x-2923  [037]     1.016623: (+2)     bprint:               __handle_mm_fault: NUMAB MEM ACCESS process[nid:1, cpu:37, pid:2923], folio[virt:0x7f0c02e00220, phys:0x1e2464000, pfn:0x1e2464, nid:0, npages:1]
          cg.C.x-2923  [037]     1.016624: (+1)     bprint:               __handle_mm_fault: NUMAB TRY MEM MIGR process[nid:1, cpu:37, pid:2923], folio[virt:0x7f0c02e00220, phys:0x1e2464000, nid:0], target_nid:1
          cg.C.x-2921  [033]     1.016625: (+1)     bprint:               __handle_mm_fault: NUMAB MEM ACCESS process[nid:1, cpu:33, pid:2921], folio[virt:0x7f0c041ff9b8, phys:0x186abb4000, pfn:0x186abb4, nid:1, npages:1]
          cg.C.x-2922  [022]     1.016627: (+2)     bprint:               __handle_mm_fault: NUMAB MEM ACCESS process[nid:0, cpu:22, pid:2922], folio[virt:0x7f0c03800220, phys:0x1e2463000, pfn:0x1e2463, nid:0, npages:1]
          cg.C.x-2934  [042]     1.016628: (+1)     bprint:               __handle_mm_fault: NUMAB MEM ACCESS process[nid:0, cpu:42, pid:2934], folio[virt:0x7f0bfbfff9b8, phys:0x1116bf000, pfn:0x1116bf, nid:0, npages:1]
          cg.C.x-2921  [033]     1.016631: (+3)     bprint:               __handle_mm_fault: NUMAB MEM ACCESS process[nid:1, cpu:33, pid:2921], folio[virt:0x7f0c04200220, phys:0x1e2462000, pfn:0x1e2462, nid:0, npages:1]
          cg.C.x-2921  [033]     1.016632: (+1)     bprint:               __handle_mm_fault: NUMAB TRY MEM MIGR process[nid:1, cpu:33, pid:2921], folio[virt:0x7f0c04200220, phys:0x1e2462000, nid:0], target_nid:1
          cg.C.x-2923  [037]     1.016633: (+1)     bprint:               __handle_mm_fault: NUMAB COMPLETED MEM MIGR process[nid:1, cpu:37, pid:2923], old[phys:0x1e2464000, nid:0, npages:1], new[phys:0x185cf02000, nid:1, npages:1]
          cg.C.x-2934  [042]     1.016634: (+1)     bprint:               __handle_mm_fault: NUMAB MEM ACCESS process[nid:0, cpu:42, pid:2934], folio[virt:0x7f0bfc000220, phys:0x11573e000, pfn:0x11573e, nid:0, npages:1]
          cg.C.x-2921  [033]     1.016642: (+8)     bprint:               __handle_mm_fault: NUMAB COMPLETED MEM MIGR process[nid:1, cpu:33, pid:2921], old[phys:0x1e2462000, nid:0, npages:1], new[phys:0x18648f8000, nid:1, npages:1]
          cg.C.x-2935  [027]     1.016642: (+0)     bprint:               __handle_mm_fault: NUMAB MEM ACCESS process[nid:1, cpu:27, pid:2935], folio[virt:0x7f0bfb5ff9b8, phys:0x186a334000, pfn:0x186a334, nid:1, npages:1]
          cg.C.x-2943  [017]     1.016648: (+6)     bprint:               __handle_mm_fault: NUMAB MEM ACCESS process[nid:1, cpu:17, pid:2943], folio[virt:0x7f0bf65ff9b8, phys:0x185bdf4000, pfn:0x185bdf4, nid:1, npages:1]
          cg.C.x-2935  [027]     1.016648: (+0)     bprint:               __handle_mm_fault: NUMAB MEM ACCESS process[nid:1, cpu:27, pid:2935], folio[virt:0x7f0bfb600220, phys:0x11573f000, pfn:0x11573f, nid:0, npages:1]
          cg.C.x-2935  [027]     1.016650: (+2)     bprint:               __handle_mm_fault: NUMAB TRY MEM MIGR process[nid:1, cpu:27, pid:2935], folio[virt:0x7f0bfb600220, phys:0x11573f000, nid:0], target_nid:1
          cg.C.x-2943  [017]     1.016654: (+4)     bprint:               __handle_mm_fault: NUMAB MEM ACCESS process[nid:1, cpu:17, pid:2943], folio[virt:0x7f0bf6600220, phys:0x182c58000, pfn:0x182c58, nid:0, npages:1]
          cg.C.x-2943  [017]     1.016655: (+1)     bprint:               __handle_mm_fault: NUMAB TRY MEM MIGR process[nid:1, cpu:17, pid:2943], folio[virt:0x7f0bf6600220, phys:0x182c58000, nid:0], target_nid:1
          cg.C.x-2935  [027]     1.016659: (+4)     bprint:               __handle_mm_fault: NUMAB COMPLETED MEM MIGR process[nid:1, cpu:27, pid:2935], old[phys:0x11573f000, nid:0, npages:1], new[phys:0x186a070000, nid:1, npages:1]
          cg.C.x-2943  [017]     1.016665: (+6)     bprint:               __handle_mm_fault: NUMAB COMPLETED MEM MIGR process[nid:1, cpu:17, pid:2943], old[phys:0x182c58000, nid:0, npages:1], new[phys:0x1864a8f000, nid:1, npages:1]
          cg.C.x-2931  [031]     1.016672: (+7)     bprint:               __handle_mm_fault: NUMAB MEM ACCESS process[nid:1, cpu:31, pid:2931], folio[virt:0x7f0bfddff9b8, phys:0x18588d1000, pfn:0x18588d1, nid:1, npages:1]
          cg.C.x-2930  [062]     1.016677: (+5)     bprint:               __handle_mm_fault: NUMAB MEM ACCESS process[nid:0, cpu:62, pid:2930], folio[virt:0x7f0bfe7ff9b8, phys:0x1802d1000, pfn:0x1802d1, nid:0, npages:1]
          cg.C.x-2931  [031]     1.016678: (+1)     bprint:               __handle_mm_fault: NUMAB MEM ACCESS process[nid:1, cpu:31, pid:2931], folio[virt:0x7f0bfde00220, phys:0x11573b000, pfn:0x11573b, nid:0, npages:1]
          cg.C.x-2931  [031]     1.016679: (+1)     bprint:               __handle_mm_fault: NUMAB TRY MEM MIGR process[nid:1, cpu:31, pid:2931], folio[virt:0x7f0bfde00220, phys:0x11573b000, nid:0], target_nid:1
          cg.C.x-2930  [062]     1.016682: (+3)     bprint:               __handle_mm_fault: NUMAB MEM ACCESS process[nid:0, cpu:62, pid:2930], folio[virt:0x7f0bfe800220, phys:0x1e246c000, pfn:0x1e246c, nid:0, npages:1]
          cg.C.x-2931  [031]     1.016688: (+6)     bprint:               __handle_mm_fault: NUMAB COMPLETED MEM MIGR process[nid:1, cpu:31, pid:2931], old[phys:0x11573b000, nid:0, npages:1], new[phys:0x186772c000, nid:1, npages:1]
          cg.C.x-2936  [014]     1.016712: (+24)    bprint:               __handle_mm_fault: NUMAB MEM ACCESS process[nid:0, cpu:14, pid:2936], folio[virt:0x7f0bfabff9b8, phys:0x1222a2000, pfn:0x1222a2, nid:0, npages:1]
          cg.C.x-2936  [014]     1.016717: (+5)     bprint:               __handle_mm_fault: NUMAB MEM ACCESS process[nid:0, cpu:14, pid:2936], folio[virt:0x7f0bfac00220, phys:0x182c51000, pfn:0x182c51, nid:0, npages:1]
          cg.C.x-2937  [015]     1.016730: (+13)    bprint:               __handle_mm_fault: NUMAB MEM ACCESS process[nid:1, cpu:15, pid:2937], folio[virt:0x7f0bfa1ff9b8, phys:0x18668eb000, pfn:0x18668eb, nid:1, npages:1]
          cg.C.x-2937  [015]     1.016735: (+5)     bprint:               __handle_mm_fault: NUMAB MEM ACCESS process[nid:1, cpu:15, pid:2937], folio[virt:0x7f0bfa200220, phys:0x182c52000, pfn:0x182c52, nid:0, npages:1]
          cg.C.x-2937  [015]     1.016737: (+2)     bprint:               __handle_mm_fault: NUMAB TRY MEM MIGR process[nid:1, cpu:15, pid:2937], folio[virt:0x7f0bfa200220, phys:0x182c52000, nid:0], target_nid:1
          cg.C.x-2937  [015]     1.016746: (+9)     bprint:               __handle_mm_fault: NUMAB COMPLETED MEM MIGR process[nid:1, cpu:15, pid:2937], old[phys:0x182c52000, nid:0, npages:1], new[phys:0x1866d78000, nid:1, npages:1]
          cg.C.x-2944  [012]     1.016777: (+31)    bprint:               __handle_mm_fault: NUMAB MEM ACCESS process[nid:0, cpu:12, pid:2944], folio[virt:0x7f0bf5bff9b8, phys:0x112923000, pfn:0x112923, nid:0, npages:1]
          cg.C.x-2944  [012]     1.016783: (+6)     bprint:               __handle_mm_fault: NUMAB MEM ACCESS process[nid:0, cpu:12, pid:2944], folio[virt:0x7f0bf5c00220, phys:0x182c59000, pfn:0x182c59, nid:0, npages:1]
          cg.C.x-2949  [019]     1.016786: (+3)     bprint:               __handle_mm_fault: NUMAB MEM ACCESS process[nid:1, cpu:19, pid:2949], folio[virt:0x7f0bf29ff9b8, phys:0x1867dc4000, pfn:0x1867dc4, nid:1, npages:1]
          cg.C.x-2924  [004]     1.016790: (+4)     bprint:               __handle_mm_fault: NUMAB MEM ACCESS process[nid:0, cpu:4, pid:2924], folio[virt:0x7f0c023ff9b8, phys:0x15008d000, pfn:0x15008d, nid:0, npages:1]
          cg.C.x-2949  [019]     1.016792: (+2)     bprint:               __handle_mm_fault: NUMAB MEM ACCESS process[nid:1, cpu:19, pid:2949], folio[virt:0x7f0bf2a00220, phys:0x182c5f000, pfn:0x182c5f, nid:0, npages:1]
          cg.C.x-2949  [019]     1.016793: (+1)     bprint:               __handle_mm_fault: NUMAB TRY MEM MIGR process[nid:1, cpu:19, pid:2949], folio[virt:0x7f0bf2a00220, phys:0x182c5f000, nid:0], target_nid:1
          cg.C.x-2924  [004]     1.016796: (+3)     bprint:               __handle_mm_fault: NUMAB MEM ACCESS process[nid:0, cpu:4, pid:2924], folio[virt:0x7f0c02400220, phys:0x1e2466000, pfn:0x1e2466, nid:0, npages:1]
          cg.C.x-2949  [019]     1.016803: (+7)     bprint:               __handle_mm_fault: NUMAB COMPLETED MEM MIGR process[nid:1, cpu:19, pid:2949], old[phys:0x182c5f000, nid:0, npages:1], new[phys:0x186b2fe000, nid:1, npages:1]
          cg.C.x-2938  [016]     1.016812: (+9)     bprint:               __handle_mm_fault: NUMAB MEM ACCESS process[nid:0, cpu:16, pid:2938], folio[virt:0x7f0bf97ff9b8, phys:0x1e005a000, pfn:0x1e005a, nid:0, npages:1]
          cg.C.x-2938  [016]     1.016817: (+5)     bprint:               __handle_mm_fault: NUMAB MEM ACCESS process[nid:0, cpu:16, pid:2938], folio[virt:0x7f0bf9800220, phys:0x182c53000, pfn:0x182c53, nid:0, npages:1]
          cg.C.x-2950  [060]     1.016880: (+63)    bprint:               __handle_mm_fault: NUMAB MEM ACCESS process[nid:0, cpu:60, pid:2950], folio[virt:0x7f0bf1fff9b8, phys:0x153c2c000, pfn:0x153c2c, nid:0, npages:1]
          cg.C.x-2950  [060]     1.016885: (+5)     bprint:               __handle_mm_fault: NUMAB MEM ACCESS process[nid:0, cpu:60, pid:2950], folio[virt:0x7f0bf2000220, phys:0x1530e0000, pfn:0x1530e0, nid:0, npages:1]
          cg.C.x-2932  [006]     1.016901: (+16)    bprint:               __handle_mm_fault: NUMAB MEM ACCESS process[nid:0, cpu:6, pid:2932], folio[virt:0x7f0bfd3ff9b8, phys:0x1b03c5000, pfn:0x1b03c5, nid:0, npages:1]
          cg.C.x-2932  [006]     1.016907: (+6)     bprint:               __handle_mm_fault: NUMAB MEM ACCESS process[nid:0, cpu:6, pid:2932], folio[virt:0x7f0bfd400220, phys:0x11573c000, pfn:0x11573c, nid:0, npages:1]
          cg.C.x-2925  [029]     1.016954: (+47)    bprint:               __handle_mm_fault: NUMAB MEM ACCESS process[nid:1, cpu:29, pid:2925], folio[virt:0x7f0c019ff9b8, phys:0x186a0d3000, pfn:0x186a0d3, nid:1, npages:1]
          cg.C.x-2925  [029]     1.016959: (+5)     bprint:               __handle_mm_fault: NUMAB MEM ACCESS process[nid:1, cpu:29, pid:2925], folio[virt:0x7f0c01a00220, phys:0x1e2467000, pfn:0x1e2467, nid:0, npages:1]
          cg.C.x-2925  [029]     1.016960: (+1)     bprint:               __handle_mm_fault: NUMAB TRY MEM MIGR process[nid:1, cpu:29, pid:2925], folio[virt:0x7f0c01a00220, phys:0x1e2467000, nid:0], target_nid:1
          cg.C.x-2926  [020]     1.016968: (+8)     bprint:               __handle_mm_fault: NUMAB MEM ACCESS process[nid:0, cpu:20, pid:2926], folio[virt:0x7f0c00fff9b8, phys:0x112b5d000, pfn:0x112b5d, nid:0, npages:1]
          cg.C.x-2925  [029]     1.016969: (+1)     bprint:               __handle_mm_fault: NUMAB COMPLETED MEM MIGR process[nid:1, cpu:29, pid:2925], old[phys:0x1e2467000, nid:0, npages:1], new[phys:0x186a0c4000, nid:1, npages:1]
          cg.C.x-2926  [020]     1.016974: (+5)     bprint:               __handle_mm_fault: NUMAB MEM ACCESS process[nid:0, cpu:20, pid:2926], folio[virt:0x7f0c01000220, phys:0x1e2468000, pfn:0x1e2468, nid:0, npages:1]
          cg.C.x-2939  [009]     1.017034: (+60)    bprint:               __handle_mm_fault: NUMAB MEM ACCESS process[nid:1, cpu:9, pid:2939], folio[virt:0x7f0bf8dff9b8, phys:0x1858a5e000, pfn:0x1858a5e, nid:1, npages:1]
          cg.C.x-2939  [009]     1.017040: (+6)     bprint:               __handle_mm_fault: NUMAB MEM ACCESS process[nid:1, cpu:9, pid:2939], folio[virt:0x7f0bf8e00220, phys:0x182c54000, pfn:0x182c54, nid:0, npages:1]
          cg.C.x-2939  [009]     1.017041: (+1)     bprint:               __handle_mm_fault: NUMAB TRY MEM MIGR process[nid:1, cpu:9, pid:2939], folio[virt:0x7f0bf8e00220, phys:0x182c54000, nid:0], target_nid:1
          cg.C.x-2939  [009]     1.017050: (+9)     bprint:               __handle_mm_fault: NUMAB COMPLETED MEM MIGR process[nid:1, cpu:9, pid:2939], old[phys:0x182c54000, nid:0, npages:1], new[phys:0x185cc85000, nid:1, npages:1]
          cg.C.x-2945  [003]     1.017142: (+92)    bprint:               __handle_mm_fault: NUMAB MEM ACCESS process[nid:1, cpu:3, pid:2945], folio[virt:0x7f0bf51ff9b8, phys:0x185cbd4000, pfn:0x185cbd4, nid:1, npages:1]
          cg.C.x-2894  [043]     1.017149: (+7)     bprint:               __handle_mm_fault: NUMAB MEM ACCESS process[nid:1, cpu:43, pid:2894], folio[virt:0x55dc94dc434c, phys:0x1807d7000, pfn:0x1807d7, nid:0, npages:1]
          cg.C.x-2894  [043]     1.017151: (+2)     bprint:               __handle_mm_fault: NUMAB TRY MEM MIGR process[nid:1, cpu:43, pid:2894], folio[virt:0x55dc94dc434c, phys:0x1807d7000, nid:0], target_nid:1
          cg.C.x-2941  [011]     1.017151: (+0)     bprint:               __handle_mm_fault: NUMAB MEM ACCESS process[nid:1, cpu:11, pid:2941], folio[virt:0x55dc94dc434c, phys:0x1807d7000, pfn:0x1807d7, nid:0, npages:1]
          cg.C.x-2941  [011]     1.017152: (+1)     bprint:               __handle_mm_fault: NUMAB TRY MEM MIGR process[nid:1, cpu:11, pid:2941], folio[virt:0x55dc94dc434c, phys:0x1807d7000, nid:0], target_nid:1
          cg.C.x-2925  [029]     1.017153: (+1)     bprint:               __handle_mm_fault: NUMAB MEM ACCESS process[nid:1, cpu:29, pid:2925], folio[virt:0x55dc94dc434c, phys:0x1807d7000, pfn:0x1807d7, nid:0, npages:1]
          cg.C.x-2941  [011]     1.017153: (+0)     bprint:               migrate_misplaced_folio: NUMAB pid:2941 ABORTING MEM MIGR because !isolated
          cg.C.x-2925  [029]     1.017154: (+1)     bprint:               __handle_mm_fault: NUMAB TRY MEM MIGR process[nid:1, cpu:29, pid:2925], folio[virt:0x55dc94dc434c, phys:0x1807d7000, nid:0], target_nid:1
          cg.C.x-2925  [029]     1.017155: (+1)     bprint:               migrate_misplaced_folio: NUMAB pid:2925 ABORTING MEM MIGR because !isolated
          cg.C.x-2897  [061]     1.017155: (+0)     bprint:               __handle_mm_fault: NUMAB MEM ACCESS process[nid:1, cpu:61, pid:2897], folio[virt:0x55dc94dc434c, phys:0x1807d7000, pfn:0x1807d7, nid:0, npages:1]
          cg.C.x-2897  [061]     1.017157: (+2)     bprint:               __handle_mm_fault: NUMAB TRY MEM MIGR process[nid:1, cpu:61, pid:2897], folio[virt:0x55dc94dc434c, phys:0x1807d7000, nid:0], target_nid:1
          cg.C.x-2897  [061]     1.017158: (+1)     bprint:               migrate_misplaced_folio: NUMAB pid:2897 ABORTING MEM MIGR because !isolated
          cg.C.x-2902  [046]     1.017159: (+1)     bprint:               __handle_mm_fault: NUMAB MEM ACCESS process[nid:0, cpu:46, pid:2902], folio[virt:0x55dc94dc434c, phys:0x1807d7000, pfn:0x1807d7, nid:0, npages:1]
          cg.C.x-2894  [043]     1.017210: (+51)    sched_waking:         comm=cg.C.x pid=2909 prio=120 target_cpu=057
          cg.C.x-2894  [043]     1.017212: (+2)     sched_waking:         comm=cg.C.x pid=2919 prio=120 target_cpu=041
          cg.C.x-2894  [043]     1.017213: (+1)     sched_waking:         comm=cg.C.x pid=2892 prio=120 target_cpu=040
          cg.C.x-2945  [003]     1.017213: (+0)     sched_switch:         cg.C.x:2945 [120] D ==> swapper/3:0 [120]
          cg.C.x-2909  [057]     1.017213: (+0)     sched_switch:         cg.C.x:2909 [120] D ==> swapper/57:0 [120]
          cg.C.x-2927  [025]     1.017213: (+0)     sched_switch:         cg.C.x:2927 [120] D ==> swapper/25:0 [120]
          cg.C.x-2915  [035]     1.017214: (+1)     sched_switch:         cg.C.x:2915 [120] D ==> swapper/35:0 [120]
          cg.C.x-2919  [041]     1.017214: (+0)     sched_switch:         cg.C.x:2919 [120] D ==> swapper/41:0 [120]
          cg.C.x-2913  [049]     1.017214: (+0)     sched_switch:         cg.C.x:2913 [120] D ==> swapper/49:0 [120]
          cg.C.x-2925  [029]     1.017214: (+0)     sched_switch:         cg.C.x:2925 [120] D ==> swapper/29:0 [120]
          cg.C.x-2930  [062]     1.017214: (+0)     sched_switch:         cg.C.x:2930 [120] D ==> swapper/62:0 [120]
          cg.C.x-2894  [043]     1.017214: (+0)     sched_waking:         comm=cg.C.x pid=2945 prio=120 target_cpu=003
          cg.C.x-2892  [040]     1.017215: (+1)     sched_switch:         cg.C.x:2892 [120] D ==> swapper/40:0 [120]
          cg.C.x-2894  [043]     1.017215: (+0)     sched_waking:         comm=cg.C.x pid=2915 prio=120 target_cpu=035
          cg.C.x-2890  [036]     1.017216: (+1)     sched_switch:         cg.C.x:2890 [120] D ==> swapper/36:0 [120]
          cg.C.x-2894  [043]     1.017216: (+0)     sched_waking:         comm=cg.C.x pid=2890 prio=120 target_cpu=036
          cg.C.x-2937  [015]     1.017216: (+0)     sched_switch:         cg.C.x:2937 [120] D ==> swapper/15:0 [120]
          cg.C.x-2894  [043]     1.017217: (+1)     sched_waking:         comm=cg.C.x pid=2927 prio=120 target_cpu=025
          cg.C.x-2950  [060]     1.017218: (+1)     sched_switch:         cg.C.x:2950 [120] D ==> swapper/60:0 [120]
          cg.C.x-2932  [006]     1.017218: (+0)     sched_switch:         cg.C.x:2932 [120] D ==> swapper/6:0 [120]
          cg.C.x-2936  [014]     1.017218: (+0)     sched_switch:         cg.C.x:2936 [120] D ==> swapper/14:0 [120]
          cg.C.x-2906  [038]     1.017218: (+0)     sched_switch:         cg.C.x:2906 [120] D ==> swapper/38:0 [120]
          cg.C.x-2926  [020]     1.017218: (+0)     sched_switch:         cg.C.x:2926 [120] D ==> swapper/20:0 [120]
          cg.C.x-2940  [024]     1.017219: (+1)     sched_switch:         cg.C.x:2940 [120] D ==> swapper/24:0 [120]
          cg.C.x-2898  [010]     1.017219: (+0)     sched_switch:         cg.C.x:2898 [120] D ==> swapper/10:0 [120]
          cg.C.x-2910  [052]     1.017219: (+0)     sched_switch:         cg.C.x:2910 [120] D ==> swapper/52:0 [120]
          cg.C.x-2891  [001]     1.017219: (+0)     sched_switch:         cg.C.x:2891 [120] D ==> swapper/1:0 [120]
          cg.C.x-2951  [013]     1.017219: (+0)     sched_switch:         cg.C.x:2951 [120] D ==> swapper/13:0 [120]
          cg.C.x-2911  [045]     1.017219: (+0)     sched_switch:         cg.C.x:2911 [120] D ==> swapper/45:0 [120]
          cg.C.x-2894  [043]     1.017219: (+0)     sched_wake_idle_without_ipi: cpu=25
          cg.C.x-2895  [063]     1.017219: (+0)     sched_switch:         cg.C.x:2895 [120] D ==> swapper/63:0 [120]
          cg.C.x-2905  [051]     1.017220: (+1)     sched_switch:         cg.C.x:2905 [120] D ==> swapper/51:0 [120]
          cg.C.x-2894  [043]     1.017220: (+0)     sched_waking:         comm=cg.C.x pid=2925 prio=120 target_cpu=029
          <idle>-0     [041]     1.017220: (+0)     sched_wakeup:         cg.C.x:2919 [120] CPU:041
          <idle>-0     [057]     1.017220: (+0)     sched_wakeup:         cg.C.x:2909 [120] CPU:057
          <idle>-0     [003]     1.017220: (+0)     sched_wakeup:         cg.C.x:2945 [120] CPU:003
