          cg.C.x-3195  [036]     0.128063: (+591)   bprint:               __handle_mm_fault: NUMAB MEM ACCESS process[nid:0, cpu:36, pid:3195], folio[virt:0x7fd26e4002a4, phys:0x151b82000, pfn:0x151b82, nid:0, npages:1]
          cg.C.x-3190  [035]     0.128643: (+580)   bprint:               __handle_mm_fault: NUMAB MEM ACCESS process[nid:1, cpu:35, pid:3190], folio[virt:0x7fd2716002a4, phys:0x121323000, pfn:0x121323, nid:0, npages:1]
          cg.C.x-3190  [035]     0.128644: (+1)     bprint:               __handle_mm_fault: NUMAB TRY MEM MIGR process[nid:1, cpu:35, pid:3190], folio[virt:0x7fd2716002a4, phys:0x121323000, nid:0], target_nid:1
          cg.C.x-3190  [035]     0.128653: (+9)     bprint:               __handle_mm_fault: NUMAB COMPLETED MEM MIGR process[nid:1, cpu:35, pid:3190], old[phys:0x121323000, nid:0, npages:1], new[phys:0x1867505000, nid:1, npages:1]
          cg.C.x-3192  [023]     0.128876: (+223)   bprint:               __handle_mm_fault: NUMAB MEM ACCESS process[nid:1, cpu:23, pid:3192], folio[virt:0x7fd2702002a4, phys:0x153005000, pfn:0x153005, nid:0, npages:1]
          cg.C.x-3192  [023]     0.128877: (+1)     bprint:               __handle_mm_fault: NUMAB TRY MEM MIGR process[nid:1, cpu:23, pid:3192], folio[virt:0x7fd2702002a4, phys:0x153005000, nid:0], target_nid:1
          cg.C.x-3192  [023]     0.128887: (+10)    bprint:               __handle_mm_fault: NUMAB COMPLETED MEM MIGR process[nid:1, cpu:23, pid:3192], old[phys:0x153005000, nid:0, npages:1], new[phys:0x185bc08000, nid:1, npages:1]
          cg.C.x-3186  [033]     0.128998: (+111)   bprint:               __handle_mm_fault: NUMAB MEM ACCESS process[nid:1, cpu:33, pid:3186], folio[virt:0x7fd273e002a4, phys:0x151b84000, pfn:0x151b84, nid:0, npages:1]
          cg.C.x-3186  [033]     0.128999: (+1)     bprint:               __handle_mm_fault: NUMAB TRY MEM MIGR process[nid:1, cpu:33, pid:3186], folio[virt:0x7fd273e002a4, phys:0x151b84000, nid:0], target_nid:1
          cg.C.x-3186  [033]     0.129008: (+9)     bprint:               __handle_mm_fault: NUMAB COMPLETED MEM MIGR process[nid:1, cpu:33, pid:3186], old[phys:0x151b84000, nid:0, npages:1], new[phys:0x1857bb0000, nid:1, npages:1]
          cg.C.x-3191  [028]     0.129159: (+151)   bprint:               __handle_mm_fault: NUMAB MEM ACCESS process[nid:0, cpu:28, pid:3191], folio[virt:0x7fd270c002a4, phys:0x153004000, pfn:0x153004, nid:0, npages:1]
          cg.C.x-3188  [037]     0.129256: (+97)    bprint:               __handle_mm_fault: NUMAB MEM ACCESS process[nid:1, cpu:37, pid:3188], folio[virt:0x7fd272a002a4, phys:0x123f59000, pfn:0x123f59, nid:0, npages:1]
          cg.C.x-3188  [037]     0.129257: (+1)     bprint:               __handle_mm_fault: NUMAB TRY MEM MIGR process[nid:1, cpu:37, pid:3188], folio[virt:0x7fd272a002a4, phys:0x123f59000, nid:0], target_nid:1
          cg.C.x-3188  [037]     0.129266: (+9)     bprint:               __handle_mm_fault: NUMAB COMPLETED MEM MIGR process[nid:1, cpu:37, pid:3188], old[phys:0x123f59000, nid:0, npages:1], new[phys:0x1863f82000, nid:1, npages:1]
          cg.C.x-3189  [026]     0.129518: (+252)   bprint:               __handle_mm_fault: NUMAB MEM ACCESS process[nid:0, cpu:26, pid:3189], folio[virt:0x7fd2720002a4, phys:0x121322000, pfn:0x121322, nid:0, npages:1]
          cg.C.x-3184  [045]     0.129808: (+290)   bprint:               __handle_mm_fault: NUMAB MEM ACCESS process[nid:1, cpu:45, pid:3184], folio[virt:0x7fd2752002a4, phys:0x153003000, pfn:0x153003, nid:0, npages:1]
          cg.C.x-3184  [045]     0.129809: (+1)     bprint:               __handle_mm_fault: NUMAB TRY MEM MIGR process[nid:1, cpu:45, pid:3184], folio[virt:0x7fd2752002a4, phys:0x153003000, nid:0], target_nid:1
          cg.C.x-3184  [045]     0.129818: (+9)     bprint:               __handle_mm_fault: NUMAB COMPLETED MEM MIGR process[nid:1, cpu:45, pid:3184], old[phys:0x153003000, nid:0, npages:1], new[phys:0x1864d3b000, nid:1, npages:1]
          cg.C.x-3187  [002]     0.129823: (+5)     bprint:               __handle_mm_fault: NUMAB MEM ACCESS process[nid:0, cpu:2, pid:3187], folio[virt:0x7fd2734002a4, phys:0x123f58000, pfn:0x123f58, nid:0, npages:1]
          cg.C.x-3185  [062]     0.130109: (+286)   bprint:               __handle_mm_fault: NUMAB MEM ACCESS process[nid:0, cpu:62, pid:3185], folio[virt:0x7fd2748002a4, phys:0x153006000, pfn:0x153006, nid:0, npages:1]
          cg.C.x-3202  [025]     0.130284: (+175)   bprint:               __handle_mm_fault: NUMAB MEM ACCESS process[nid:1, cpu:25, pid:3202], folio[virt:0x55a919493340, phys:0x1512bd000, pfn:0x1512bd, nid:0, npages:1]
          cg.C.x-3202  [025]     0.130287: (+3)     bprint:               __handle_mm_fault: NUMAB TRY MEM MIGR process[nid:1, cpu:25, pid:3202], folio[virt:0x55a919493340, phys:0x1512bd000, nid:0], target_nid:1
          cg.C.x-3212  [011]     0.130291: (+4)     bprint:               __handle_mm_fault: NUMAB MEM ACCESS process[nid:1, cpu:11, pid:3212], folio[virt:0x55a919493340, phys:0x1512bd000, pfn:0x1512bd, nid:0, npages:1]
          cg.C.x-3212  [011]     0.130293: (+2)     bprint:               __handle_mm_fault: NUMAB TRY MEM MIGR process[nid:1, cpu:11, pid:3212], folio[virt:0x55a919493340, phys:0x1512bd000, nid:0], target_nid:1
          cg.C.x-3212  [011]     0.130293: (+0)     bprint:               migrate_misplaced_folio: NUMAB pid:3212 ABORTING MEM MIGR because !isolated
          cg.C.x-3170  [047]     0.130294: (+1)     bprint:               __handle_mm_fault: NUMAB MEM ACCESS process[nid:1, cpu:47, pid:3170], folio[virt:0x55a919493340, phys:0x1512bd000, pfn:0x1512bd, nid:0, npages:1]
          cg.C.x-3170  [047]     0.130296: (+2)     bprint:               __handle_mm_fault: NUMAB TRY MEM MIGR process[nid:1, cpu:47, pid:3170], folio[virt:0x55a919493340, phys:0x1512bd000, nid:0], target_nid:1
          cg.C.x-3195  [036]     0.130296: (+0)     bprint:               __handle_mm_fault: NUMAB MEM ACCESS process[nid:0, cpu:36, pid:3195], folio[virt:0x55a919493340, phys:0x1512bd000, pfn:0x1512bd, nid:0, npages:1]
          cg.C.x-3170  [047]     0.130297: (+1)     bprint:               migrate_misplaced_folio: NUMAB pid:3170 ABORTING MEM MIGR because !isolated
          cg.C.x-3179  [030]     0.130343: (+46)    sched_switch:         cg.C.x:3179 [120] D ==> swapper/30:0 [120]
          cg.C.x-3202  [025]     0.130344: (+1)     sched_waking:         comm=cg.C.x pid=3182 prio=120 target_cpu=041
          cg.C.x-3174  [055]     0.130344: (+0)     sched_switch:         cg.C.x:3174 [120] D ==> swapper/55:0 [120]
          cg.C.x-3192  [023]     0.130344: (+0)     sched_switch:         cg.C.x:3192 [120] D ==> swapper/23:0 [120]
          cg.C.x-3189  [026]     0.130344: (+0)     sched_switch:         cg.C.x:3189 [120] D ==> swapper/26:0 [120]
          cg.C.x-3153  [016]     0.130345: (+1)     sched_switch:         cg.C.x:3153 [120] D ==> swapper/16:0 [120]
          cg.C.x-3214  [007]     0.130345: (+0)     sched_switch:         cg.C.x:3214 [120] D ==> swapper/7:0 [120]
          cg.C.x-3180  [039]     0.130345: (+0)     sched_switch:         cg.C.x:3180 [120] D ==> swapper/39:0 [120]
          cg.C.x-3159  [020]     0.130345: (+0)     sched_switch:         cg.C.x:3159 [120] D ==> swapper/20:0 [120]
          cg.C.x-3194  [029]     0.130345: (+0)     sched_switch:         cg.C.x:3194 [120] D ==> swapper/29:0 [120]
          cg.C.x-3198  [021]     0.130345: (+0)     sched_switch:         cg.C.x:3198 [120] D ==> swapper/21:0 [120]
          cg.C.x-3178  [053]     0.130345: (+0)     sched_switch:         cg.C.x:3178 [120] D ==> swapper/53:0 [120]
          cg.C.x-3154  [061]     0.130345: (+0)     sched_switch:         cg.C.x:3154 [120] D ==> swapper/61:0 [120]
          cg.C.x-3160  [003]     0.130345: (+0)     sched_switch:         cg.C.x:3160 [120] D ==> swapper/3:0 [120]
          cg.C.x-3200  [027]     0.130345: (+0)     sched_switch:         cg.C.x:3200 [120] D ==> swapper/27:0 [120]
          cg.C.x-3157  [059]     0.130345: (+0)     sched_switch:         cg.C.x:3157 [120] D ==> swapper/59:0 [120]
          cg.C.x-3190  [035]     0.130345: (+0)     sched_switch:         cg.C.x:3190 [120] D ==> swapper/35:0 [120]
          cg.C.x-3211  [040]     0.130345: (+0)     sched_switch:         cg.C.x:3211 [120] D ==> swapper/40:0 [120]
          cg.C.x-3181  [008]     0.130345: (+0)     sched_switch:         cg.C.x:3181 [120] D ==> swapper/8:0 [120]
          cg.C.x-3161  [014]     0.130346: (+1)     sched_switch:         cg.C.x:3161 [120] D ==> swapper/14:0 [120]
          cg.C.x-3207  [052]     0.130346: (+0)     sched_switch:         cg.C.x:3207 [120] D ==> swapper/52:0 [120]
          cg.C.x-3202  [025]     0.130346: (+0)     sched_waking:         comm=cg.C.x pid=3203 prio=120 target_cpu=012
          cg.C.x-3177  [034]     0.130346: (+0)     sched_switch:         cg.C.x:3177 [120] D ==> swapper/34:0 [120]
          cg.C.x-3202  [025]     0.130347: (+1)     sched_waking:         comm=cg.C.x pid=3192 prio=120 target_cpu=023
          cg.C.x-3188  [037]     0.130348: (+1)     sched_switch:         cg.C.x:3188 [120] D ==> swapper/37:0 [120]
          cg.C.x-3162  [005]     0.130348: (+0)     sched_switch:         cg.C.x:3162 [120] D ==> swapper/5:0 [120]
          cg.C.x-3182  [041]     0.130348: (+0)     sched_switch:         cg.C.x:3182 [120] D ==> swapper/41:0 [120]
          cg.C.x-3202  [025]     0.130349: (+1)     sched_wake_idle_without_ipi: cpu=23
          cg.C.x-3202  [025]     0.130349: (+0)     sched_waking:         comm=cg.C.x pid=3214 prio=120 target_cpu=007
          cg.C.x-3155  [000]     0.130350: (+1)     sched_switch:         cg.C.x:3155 [120] D ==> swapper/0:0 [120]
          cg.C.x-3202  [025]     0.130350: (+0)     sched_wake_idle_without_ipi: cpu=7
          cg.C.x-3202  [025]     0.130351: (+1)     sched_waking:         comm=cg.C.x pid=3198 prio=120 target_cpu=021
          cg.C.x-3203  [012]     0.130352: (+1)     sched_switch:         cg.C.x:3203 [120] D ==> swapper/12:0 [120]
          cg.C.x-3202  [025]     0.130352: (+0)     sched_wake_idle_without_ipi: cpu=21
          cg.C.x-3202  [025]     0.130353: (+1)     sched_waking:         comm=cg.C.x pid=3160 prio=120 target_cpu=003
          cg.C.x-3202  [025]     0.130354: (+1)     sched_wake_idle_without_ipi: cpu=3
          cg.C.x-3202  [025]     0.130354: (+0)     sched_waking:         comm=cg.C.x pid=3180 prio=120 target_cpu=039
          <idle>-0     [007]     0.130355: (+1)     sched_wakeup:         cg.C.x:3214 [120] CPU:007
          cg.C.x-3193  [048]     0.130355: (+0)     sched_switch:         cg.C.x:3193 [120] D ==> swapper/48:0 [120]
          cg.C.x-3202  [025]     0.130355: (+0)     sched_wake_idle_without_ipi: cpu=39
          cg.C.x-3202  [025]     0.130356: (+1)     sched_waking:         comm=cg.C.x pid=3157 prio=120 target_cpu=059
          cg.C.x-3205  [024]     0.130356: (+0)     sched_switch:         cg.C.x:3205 [120] D ==> swapper/24:0 [120]
          cg.C.x-3152  [056]     0.130356: (+0)     sched_switch:         cg.C.x:3152 [120] D ==> swapper/56:0 [120]
          cg.C.x-3185  [062]     0.130356: (+0)     sched_switch:         cg.C.x:3185 [120] D ==> swapper/62:0 [120]
          cg.C.x-3201  [042]     0.130356: (+0)     sched_switch:         cg.C.x:3201 [120] D ==> swapper/42:0 [120]
          cg.C.x-3165  [010]     0.130356: (+0)     sched_switch:         cg.C.x:3165 [120] D ==> swapper/10:0 [120]
          <idle>-0     [041]     0.130356: (+0)     sched_wakeup:         cg.C.x:3182 [120] CPU:041
          <idle>-0     [023]     0.130356: (+0)     sched_wakeup:         cg.C.x:3192 [120] CPU:023
          cg.C.x-3208  [019]     0.130357: (+1)     sched_switch:         cg.C.x:3208 [120] D ==> swapper/19:0 [120]
          cg.C.x-3172  [051]     0.130357: (+0)     sched_switch:         cg.C.x:3172 [120] D ==> swapper/51:0 [120]
          cg.C.x-3202  [025]     0.130357: (+0)     sched_wake_idle_without_ipi: cpu=59
          <idle>-0     [007]     0.130357: (+0)     sched_switch:         swapper/7:0 [120] R ==> cg.C.x:3214 [120]
          <idle>-0     [021]     0.130357: (+0)     sched_wakeup:         cg.C.x:3198 [120] CPU:021
          cg.C.x-3202  [025]     0.130357: (+0)     sched_waking:         comm=cg.C.x pid=3174 prio=120 target_cpu=055
          <idle>-0     [023]     0.130358: (+1)     sched_switch:         swapper/23:0 [120] R ==> cg.C.x:3192 [120]
          cg.C.x-3212  [011]     0.130358: (+0)     sched_switch:         cg.C.x:3212 [120] D ==> swapper/11:0 [120]
          cg.C.x-3202  [025]     0.130358: (+0)     sched_wake_idle_without_ipi: cpu=55
          <idle>-0     [021]     0.130358: (+0)     sched_switch:         swapper/21:0 [120] R ==> cg.C.x:3198 [120]
          <idle>-0     [003]     0.130359: (+1)     sched_wakeup:         cg.C.x:3160 [120] CPU:003
          cg.C.x-3202  [025]     0.130359: (+0)     sched_waking:         comm=cg.C.x pid=3194 prio=120 target_cpu=029
          <idle>-0     [041]     0.130359: (+0)     sched_switch:         swapper/41:0 [120] R ==> cg.C.x:3182 [120]
          <idle>-0     [012]     0.130359: (+0)     sched_wakeup:         cg.C.x:3203 [120] CPU:012
          cg.C.x-3202  [025]     0.130360: (+1)     sched_wake_idle_without_ipi: cpu=29
          <idle>-0     [003]     0.130360: (+0)     sched_switch:         swapper/3:0 [120] R ==> cg.C.x:3160 [120]
          cg.C.x-3202  [025]     0.130361: (+1)     sched_waking:         comm=cg.C.x pid=3154 prio=120 target_cpu=061
          <idle>-0     [039]     0.130361: (+0)     sched_wakeup:         cg.C.x:3180 [120] CPU:039
          <idle>-0     [059]     0.130361: (+0)     sched_wakeup:         cg.C.x:3157 [120] CPU:059
          cg.C.x-3202  [025]     0.130362: (+1)     sched_wake_idle_without_ipi: cpu=61
          cg.C.x-3202  [025]     0.130362: (+0)     sched_waking:         comm=cg.C.x pid=3162 prio=120 target_cpu=005
          <idle>-0     [012]     0.130362: (+0)     sched_switch:         swapper/12:0 [120] R ==> cg.C.x:3203 [120]
          <idle>-0     [039]     0.130363: (+1)     sched_switch:         swapper/39:0 [120] R ==> cg.C.x:3180 [120]
          <idle>-0     [059]     0.130363: (+0)     sched_switch:         swapper/59:0 [120] R ==> cg.C.x:3157 [120]
          cg.C.x-3202  [025]     0.130363: (+0)     sched_wake_idle_without_ipi: cpu=5
          cg.C.x-3202  [025]     0.130364: (+1)     sched_waking:         comm=cg.C.x pid=3190 prio=120 target_cpu=035
          <idle>-0     [055]     0.130364: (+0)     sched_wakeup:         cg.C.x:3174 [120] CPU:055
          <idle>-0     [029]     0.130365: (+1)     sched_wakeup:         cg.C.x:3194 [120] CPU:029
          cg.C.x-3202  [025]     0.130365: (+0)     sched_wake_idle_without_ipi: cpu=35
          cg.C.x-3202  [025]     0.130365: (+0)     sched_waking:         comm=cg.C.x pid=3178 prio=120 target_cpu=053
          <idle>-0     [055]     0.130366: (+1)     sched_switch:         swapper/55:0 [120] R ==> cg.C.x:3174 [120]
          <idle>-0     [061]     0.130366: (+0)     sched_wakeup:         cg.C.x:3154 [120] CPU:061
          <idle>-0     [029]     0.130367: (+1)     sched_switch:         swapper/29:0 [120] R ==> cg.C.x:3194 [120]
          cg.C.x-3202  [025]     0.130367: (+0)     sched_wake_idle_without_ipi: cpu=53
          cg.C.x-3202  [025]     0.130367: (+0)     sched_waking:         comm=cg.C.x pid=3188 prio=120 target_cpu=037
          <idle>-0     [005]     0.130368: (+1)     sched_wakeup:         cg.C.x:3162 [120] CPU:005
          cg.C.x-3151  [050]     0.130368: (+0)     sched_switch:         cg.C.x:3151 [120] D ==> swapper/50:0 [120]
          <idle>-0     [061]     0.130368: (+0)     sched_switch:         swapper/61:0 [120] R ==> cg.C.x:3154 [120]
          cg.C.x-3199  [006]     0.130368: (+0)     sched_switch:         cg.C.x:3199 [120] D ==> swapper/6:0 [120]
          cg.C.x-3202  [025]     0.130369: (+1)     sched_wake_idle_without_ipi: cpu=37
          <idle>-0     [035]     0.130369: (+0)     sched_wakeup:         cg.C.x:3190 [120] CPU:035
          <idle>-0     [005]     0.130369: (+0)     sched_switch:         swapper/5:0 [120] R ==> cg.C.x:3162 [120]
          cg.C.x-3202  [025]     0.130369: (+0)     sched_waking:         comm=cg.C.x pid=3208 prio=120 target_cpu=019
          cg.C.x-3202  [025]     0.130370: (+1)     sched_wake_idle_without_ipi: cpu=19
          <idle>-0     [035]     0.130370: (+0)     sched_switch:         swapper/35:0 [120] R ==> cg.C.x:3190 [120]
          cg.C.x-3202  [025]     0.130371: (+1)     sched_waking:         comm=cg.C.x pid=3200 prio=120 target_cpu=027
          cg.C.x-3202  [025]     0.130372: (+1)     sched_wake_idle_without_ipi: cpu=27
          <idle>-0     [053]     0.130372: (+0)     sched_wakeup:         cg.C.x:3178 [120] CPU:053
          cg.C.x-3202  [025]     0.130372: (+0)     sched_waking:         comm=cg.C.x pid=3172 prio=120 target_cpu=051
          <idle>-0     [037]     0.130372: (+0)     sched_wakeup:         cg.C.x:3188 [120] CPU:037
          cg.C.x-3202  [025]     0.130373: (+1)     sched_wake_idle_without_ipi: cpu=51
          <idle>-0     [037]     0.130374: (+1)     sched_switch:         swapper/37:0 [120] R ==> cg.C.x:3188 [120]
          <idle>-0     [019]     0.130374: (+0)     sched_wakeup:         cg.C.x:3208 [120] CPU:019
          <idle>-0     [053]     0.130374: (+0)     sched_switch:         swapper/53:0 [120] R ==> cg.C.x:3178 [120]
          cg.C.x-3202  [025]     0.130374: (+0)     sched_waking:         comm=cg.C.x pid=3212 prio=120 target_cpu=011
          cg.C.x-3202  [025]     0.130375: (+1)     sched_wake_idle_without_ipi: cpu=11
          <idle>-0     [019]     0.130375: (+0)     sched_switch:         swapper/19:0 [120] R ==> cg.C.x:3208 [120]
          cg.C.x-3202  [025]     0.130376: (+1)     sched_waking:         comm=cg.C.x pid=3201 prio=120 target_cpu=042
          cg.C.x-3202  [025]     0.130377: (+1)     sched_wake_idle_without_ipi: cpu=42
          <idle>-0     [051]     0.130378: (+1)     sched_wakeup:         cg.C.x:3172 [120] CPU:051
          cg.C.x-3202  [025]     0.130378: (+0)     sched_waking:         comm=cg.C.x pid=3199 prio=120 target_cpu=006
          <idle>-0     [027]     0.130378: (+0)     sched_wakeup:         cg.C.x:3200 [120] CPU:027
          <idle>-0     [051]     0.130379: (+1)     sched_switch:         swapper/51:0 [120] R ==> cg.C.x:3172 [120]
          cg.C.x-3202  [025]     0.130380: (+1)     sched_wake_idle_without_ipi: cpu=6
          <idle>-0     [027]     0.130380: (+0)     sched_switch:         swapper/27:0 [120] R ==> cg.C.x:3200 [120]
          cg.C.x-3202  [025]     0.130380: (+0)     sched_waking:         comm=cg.C.x pid=3151 prio=120 target_cpu=050
          <idle>-0     [011]     0.130381: (+1)     sched_wakeup:         cg.C.x:3212 [120] CPU:011
          cg.C.x-3202  [025]     0.130382: (+1)     sched_wake_idle_without_ipi: cpu=50
          <idle>-0     [011]     0.130383: (+1)     sched_switch:         swapper/11:0 [120] R ==> cg.C.x:3212 [120]
          cg.C.x-3202  [025]     0.130383: (+0)     sched_waking:         comm=cg.C.x pid=3193 prio=120 target_cpu=048
          <idle>-0     [042]     0.130384: (+1)     sched_wakeup:         cg.C.x:3201 [120] CPU:042
          cg.C.x-3202  [025]     0.130384: (+0)     sched_wake_idle_without_ipi: cpu=48
          <idle>-0     [042]     0.130385: (+1)     sched_switch:         swapper/42:0 [120] R ==> cg.C.x:3201 [120]
          cg.C.x-3202  [025]     0.130385: (+0)     sched_waking:         comm=cg.C.x pid=3152 prio=120 target_cpu=056
          cg.C.x-3202  [025]     0.130386: (+1)     sched_wake_idle_without_ipi: cpu=56
          cg.C.x-3202  [025]     0.130387: (+1)     sched_waking:         comm=cg.C.x pid=3205 prio=120 target_cpu=024
          <idle>-0     [006]     0.130388: (+1)     sched_wakeup:         cg.C.x:3199 [120] CPU:006
          cg.C.x-3202  [025]     0.130389: (+1)     sched_wake_idle_without_ipi: cpu=24
          cg.C.x-3202  [025]     0.130389: (+0)     sched_waking:         comm=cg.C.x pid=3165 prio=120 target_cpu=010
          <idle>-0     [048]     0.130390: (+1)     sched_wakeup:         cg.C.x:3193 [120] CPU:048
          <idle>-0     [006]     0.130390: (+0)     sched_switch:         swapper/6:0 [120] R ==> cg.C.x:3199 [120]
          <idle>-0     [050]     0.130391: (+1)     sched_wakeup:         cg.C.x:3151 [120] CPU:050
          cg.C.x-3202  [025]     0.130391: (+0)     sched_wake_idle_without_ipi: cpu=10
          <idle>-0     [048]     0.130391: (+0)     sched_switch:         swapper/48:0 [120] R ==> cg.C.x:3193 [120]
          cg.C.x-3202  [025]     0.130392: (+1)     sched_waking:         comm=cg.C.x pid=3179 prio=120 target_cpu=030
          <idle>-0     [056]     0.130392: (+0)     sched_wakeup:         cg.C.x:3152 [120] CPU:056
          <idle>-0     [050]     0.130393: (+1)     sched_switch:         swapper/50:0 [120] R ==> cg.C.x:3151 [120]
          cg.C.x-3202  [025]     0.130393: (+0)     sched_wake_idle_without_ipi: cpu=30
          <idle>-0     [056]     0.130394: (+1)     sched_switch:         swapper/56:0 [120] R ==> cg.C.x:3152 [120]
          <idle>-0     [024]     0.130394: (+0)     sched_wakeup:         cg.C.x:3205 [120] CPU:024
          cg.C.x-3202  [025]     0.130394: (+0)     sched_waking:         comm=cg.C.x pid=3185 prio=120 target_cpu=062
          <idle>-0     [024]     0.130395: (+1)     sched_switch:         swapper/24:0 [120] R ==> cg.C.x:3205 [120]
          cg.C.x-3202  [025]     0.130396: (+1)     sched_wake_idle_without_ipi: cpu=62
          cg.C.x-3202  [025]     0.130397: (+1)     sched_waking:         comm=cg.C.x pid=3189 prio=120 target_cpu=026
          <idle>-0     [010]     0.130397: (+0)     sched_wakeup:         cg.C.x:3165 [120] CPU:010
          <idle>-0     [010]     0.130399: (+2)     sched_switch:         swapper/10:0 [120] R ==> cg.C.x:3165 [120]
          cg.C.x-3202  [025]     0.130399: (+0)     sched_wake_idle_without_ipi: cpu=26
          cg.C.x-3202  [025]     0.130399: (+0)     sched_waking:         comm=cg.C.x pid=3177 prio=120 target_cpu=034
          <idle>-0     [030]     0.130399: (+0)     sched_wakeup:         cg.C.x:3179 [120] CPU:030
          <idle>-0     [062]     0.130401: (+2)     sched_wakeup:         cg.C.x:3185 [120] CPU:062
          <idle>-0     [030]     0.130401: (+0)     sched_switch:         swapper/30:0 [120] R ==> cg.C.x:3179 [120]
          cg.C.x-3202  [025]     0.130401: (+0)     sched_wake_idle_without_ipi: cpu=34
          <idle>-0     [062]     0.130402: (+1)     sched_switch:         swapper/62:0 [120] R ==> cg.C.x:3185 [120]
          cg.C.x-3202  [025]     0.130402: (+0)     sched_waking:         comm=cg.C.x pid=3159 prio=120 target_cpu=020
          cg.C.x-3202  [025]     0.130404: (+2)     sched_wake_idle_without_ipi: cpu=20
          cg.C.x-3202  [025]     0.130404: (+0)     sched_waking:         comm=cg.C.x pid=3161 prio=120 target_cpu=014
          <idle>-0     [026]     0.130405: (+1)     sched_wakeup:         cg.C.x:3189 [120] CPU:026
          cg.C.x-3202  [025]     0.130406: (+1)     sched_wake_idle_without_ipi: cpu=14
          <idle>-0     [026]     0.130407: (+1)     sched_switch:         swapper/26:0 [120] R ==> cg.C.x:3189 [120]
          cg.C.x-3202  [025]     0.130407: (+0)     sched_waking:         comm=cg.C.x pid=3153 prio=120 target_cpu=016
          cg.C.x-3202  [025]     0.130409: (+2)     sched_wake_idle_without_ipi: cpu=16
          <idle>-0     [020]     0.130409: (+0)     sched_wakeup:         cg.C.x:3159 [120] CPU:020
          <idle>-0     [034]     0.130410: (+1)     sched_wakeup:         cg.C.x:3177 [120] CPU:034
          cg.C.x-3202  [025]     0.130410: (+0)     sched_waking:         comm=cg.C.x pid=3211 prio=120 target_cpu=040
          <idle>-0     [020]     0.130410: (+0)     sched_switch:         swapper/20:0 [120] R ==> cg.C.x:3159 [120]
          <idle>-0     [034]     0.130412: (+2)     sched_switch:         swapper/34:0 [120] R ==> cg.C.x:3177 [120]
          cg.C.x-3202  [025]     0.130412: (+0)     sched_wake_idle_without_ipi: cpu=40
          cg.C.x-3202  [025]     0.130413: (+1)     sched_waking:         comm=cg.C.x pid=3181 prio=120 target_cpu=008
          cg.C.x-3202  [025]     0.130415: (+2)     sched_wake_idle_without_ipi: cpu=8
          cg.C.x-3202  [025]     0.130416: (+1)     sched_waking:         comm=cg.C.x pid=3207 prio=120 target_cpu=052
          <idle>-0     [014]     0.130416: (+0)     sched_wakeup:         cg.C.x:3161 [120] CPU:014
          <idle>-0     [014]     0.130418: (+2)     sched_switch:         swapper/14:0 [120] R ==> cg.C.x:3161 [120]
          cg.C.x-3202  [025]     0.130418: (+0)     sched_wake_idle_without_ipi: cpu=52
          <idle>-0     [040]     0.130418: (+0)     sched_wakeup:         cg.C.x:3211 [120] CPU:040
          <idle>-0     [016]     0.130418: (+0)     sched_wakeup:         cg.C.x:3153 [120] CPU:016
          cg.C.x-3202  [025]     0.130419: (+1)     sched_waking:         comm=cg.C.x pid=3155 prio=120 target_cpu=000
          <idle>-0     [016]     0.130420: (+1)     sched_switch:         swapper/16:0 [120] R ==> cg.C.x:3153 [120]
          <idle>-0     [040]     0.130420: (+0)     sched_switch:         swapper/40:0 [120] R ==> cg.C.x:3211 [120]
          <idle>-0     [008]     0.130421: (+1)     sched_wakeup:         cg.C.x:3181 [120] CPU:008
          cg.C.x-3202  [025]     0.130421: (+0)     sched_wake_idle_without_ipi: cpu=0
          <idle>-0     [008]     0.130422: (+1)     sched_switch:         swapper/8:0 [120] R ==> cg.C.x:3181 [120]
          <idle>-0     [052]     0.130424: (+2)     sched_wakeup:         cg.C.x:3207 [120] CPU:052
          <idle>-0     [052]     0.130425: (+1)     sched_switch:         swapper/52:0 [120] R ==> cg.C.x:3207 [120]
          cg.C.x-3202  [025]     0.130425: (+0)     bprint:               __handle_mm_fault: NUMAB COMPLETED MEM MIGR process[nid:1, cpu:25, pid:3202], old[phys:0x1512bd000, nid:0, npages:1], new[phys:0x1864b1f000, nid:1, npages:1]
          <idle>-0     [000]     0.130431: (+6)     sched_wakeup:         cg.C.x:3155 [120] CPU:000
          <idle>-0     [000]     0.130433: (+2)     sched_switch:         swapper/0:0 [120] R ==> cg.C.x:3155 [120]
          cg.C.x-3158  [057]     0.172957: (+42524) sched_waking:         comm=haveged pid=1077 prio=120 target_cpu=057
          cg.C.x-3158  [057]     0.172977: (+20)    sched_wakeup:         haveged:1077 [120] CPU:057
          cg.C.x-3158  [057]     0.172984: (+7)     sched_switch:         cg.C.x:3158 [120] R ==> haveged:1077 [120]
         haveged-1077  [057]     0.173011: (+27)    sched_switch:         haveged:1077 [120] S ==> cg.C.x:3158 [120]
          cg.C.x-3214  [007]     0.214794: (+41783) bprint:               change_prot_numa: NUMAB SCAN vma[start:0x7fd275401000, end:0x7fd275c01000, from:0x7fd275c00000, to:0x7fd275c01000, size:4 KB]
          cg.C.x-3214  [007]     0.214831: (+37)    bprint:               change_prot_numa: NUMAB SCAN vma[start:0x7fd275e01000, end:0x7fd276601000, from:0x7fd275e01000, to:0x7fd276601000, size:8192 KB]
          cg.C.x-3214  [007]     0.214851: (+20)    bprint:               change_prot_numa: NUMAB SCAN vma[start:0x7fd276801000, end:0x7fd277001000, from:0x7fd276801000, to:0x7fd277001000, size:8192 KB]
          cg.C.x-3182  [041]     0.214855: (+4)     bprint:               __handle_mm_fault: NUMAB MEM ACCESS process[nid:1, cpu:41, pid:3182], folio[virt:0x7fd2765ff394, phys:0x186a23f000, pfn:0x186a23f, nid:1, npages:1]
          cg.C.x-3214  [007]     0.214870: (+15)    bprint:               change_prot_numa: NUMAB SCAN vma[start:0x7fd277201000, end:0x7fd277a01000, from:0x7fd277201000, to:0x7fd277a01000, size:8192 KB]
          cg.C.x-3181  [008]     0.214875: (+5)     bprint:               __handle_mm_fault: NUMAB MEM ACCESS process[nid:0, cpu:8, pid:3181], folio[virt:0x7fd276fff394, phys:0x154280000, pfn:0x154280, nid:0, npages:1]
          cg.C.x-3214  [007]     0.214888: (+13)    bprint:               change_prot_numa: NUMAB SCAN vma[start:0x7fd277c01000, end:0x7fd278401000, from:0x7fd277c01000, to:0x7fd278401000, size:8192 KB]
          cg.C.x-3180  [039]     0.214888: (+0)     bprint:               __handle_mm_fault: NUMAB MEM ACCESS process[nid:1, cpu:39, pid:3180], folio[virt:0x7fd2779ff394, phys:0x1858149000, pfn:0x1858149, nid:1, npages:1]
          cg.C.x-3214  [007]     0.214908: (+20)    bprint:               change_prot_numa: NUMAB SCAN vma[start:0x7fd278601000, end:0x7fd278e01000, from:0x7fd278601000, to:0x7fd278e01000, size:8192 KB]
          cg.C.x-3179  [030]     0.214910: (+2)     bprint:               __handle_mm_fault: NUMAB MEM ACCESS process[nid:0, cpu:30, pid:3179], folio[virt:0x7fd2783ff394, phys:0x1b0af8000, pfn:0x1b0af8, nid:0, npages:1]
          cg.C.x-3214  [007]     0.214927: (+17)    bprint:               change_prot_numa: NUMAB SCAN vma[start:0x7fd279001000, end:0x7fd279801000, from:0x7fd279001000, to:0x7fd279801000, size:8192 KB]
          cg.C.x-3178  [053]     0.214928: (+1)     bprint:               __handle_mm_fault: NUMAB MEM ACCESS process[nid:1, cpu:53, pid:3178], folio[virt:0x7fd278dff394, phys:0x185803c000, pfn:0x185803c, nid:1, npages:1]
          cg.C.x-3214  [007]     0.214945: (+17)    bprint:               change_prot_numa: NUMAB SCAN vma[start:0x7fd279a01000, end:0x7fd27a201000, from:0x7fd279a01000, to:0x7fd27a201000, size:8192 KB]
          cg.C.x-3177  [034]     0.214949: (+4)     bprint:               __handle_mm_fault: NUMAB MEM ACCESS process[nid:0, cpu:34, pid:3177], folio[virt:0x7fd2797ff688, phys:0x1b089f000, pfn:0x1b089f, nid:0, npages:1]
          cg.C.x-3214  [007]     0.214964: (+15)    bprint:               change_prot_numa: NUMAB SCAN vma[start:0x7fd27a401000, end:0x7fd27ac01000, from:0x7fd27a401000, to:0x7fd27ac01000, size:8192 KB]
          cg.C.x-3176  [049]     0.214965: (+1)     bprint:               __handle_mm_fault: NUMAB MEM ACCESS process[nid:1, cpu:49, pid:3176], folio[virt:0x7fd27a1ff394, phys:0x186b0b1000, pfn:0x186b0b1, nid:1, npages:1]
          cg.C.x-3214  [007]     0.214983: (+18)    bprint:               change_prot_numa: NUMAB SCAN vma[start:0x7fd27ae01000, end:0x7fd27b601000, from:0x7fd27ae01000, to:0x7fd27b601000, size:8192 KB]
          cg.C.x-3175  [004]     0.214985: (+2)     bprint:               __handle_mm_fault: NUMAB MEM ACCESS process[nid:0, cpu:4, pid:3175], folio[virt:0x7fd27abff394, phys:0x151e85000, pfn:0x151e85, nid:0, npages:1]
          cg.C.x-3214  [007]     0.215001: (+16)    bprint:               change_prot_numa: NUMAB SCAN vma[start:0x7fd27b801000, end:0x7fd27c001000, from:0x7fd27b801000, to:0x7fd27c001000, size:8192 KB]
          cg.C.x-3174  [055]     0.215002: (+1)     bprint:               __handle_mm_fault: NUMAB MEM ACCESS process[nid:1, cpu:55, pid:3174], folio[virt:0x7fd27b5ff388, phys:0x186b257000, pfn:0x186b257, nid:1, npages:1]
          cg.C.x-3214  [007]     0.215020: (+18)    bprint:               change_prot_numa: NUMAB SCAN vma[start:0x7fd27c201000, end:0x7fd27ca01000, from:0x7fd27c201000, to:0x7fd27ca01000, size:8192 KB]
          cg.C.x-3173  [038]     0.215022: (+2)     bprint:               __handle_mm_fault: NUMAB MEM ACCESS process[nid:0, cpu:38, pid:3173], folio[virt:0x7fd27bfff394, phys:0x115752000, pfn:0x115752, nid:0, npages:1]
          cg.C.x-3214  [007]     0.215039: (+17)    bprint:               change_prot_numa: NUMAB SCAN vma[start:0x7fd27cc01000, end:0x7fd27d401000, from:0x7fd27cc01000, to:0x7fd27d401000, size:8192 KB]
          cg.C.x-3172  [051]     0.215040: (+1)     bprint:               __handle_mm_fault: NUMAB MEM ACCESS process[nid:1, cpu:51, pid:3172], folio[virt:0x7fd27c9ff394, phys:0x185c70f000, pfn:0x185c70f, nid:1, npages:1]
          cg.C.x-3214  [007]     0.215058: (+18)    bprint:               change_prot_numa: NUMAB SCAN vma[start:0x7fd27d601000, end:0x7fd27de01000, from:0x7fd27d601000, to:0x7fd27de01000, size:8192 KB]
          cg.C.x-3171  [058]     0.215059: (+1)     bprint:               __handle_mm_fault: NUMAB MEM ACCESS process[nid:0, cpu:58, pid:3171], folio[virt:0x7fd27d3ff394, phys:0x112f41000, pfn:0x112f41, nid:0, npages:1]
          cg.C.x-3214  [007]     0.215076: (+17)    bprint:               change_prot_numa: NUMAB SCAN vma[start:0x7fd27e001000, end:0x7fd27e801000, from:0x7fd27e001000, to:0x7fd27e801000, size:8192 KB]
          cg.C.x-3170  [047]     0.215077: (+1)     bprint:               __handle_mm_fault: NUMAB MEM ACCESS process[nid:1, cpu:47, pid:3170], folio[virt:0x7fd27ddff394, phys:0x185cd29000, pfn:0x185cd29, nid:1, npages:1]
          cg.C.x-3214  [007]     0.215095: (+18)    bprint:               change_prot_numa: NUMAB SCAN vma[start:0x7fd27ea01000, end:0x7fd27f201000, from:0x7fd27ea01000, to:0x7fd27f201000, size:8192 KB]
          cg.C.x-3169  [060]     0.215097: (+2)     bprint:               __handle_mm_fault: NUMAB MEM ACCESS process[nid:0, cpu:60, pid:3169], folio[virt:0x7fd27e7ff394, phys:0x154282000, pfn:0x154282, nid:0, npages:1]
          cg.C.x-3214  [007]     0.215113: (+16)    bprint:               change_prot_numa: NUMAB SCAN vma[start:0x7fd27f401000, end:0x7fd27fc01000, from:0x7fd27f401000, to:0x7fd27fc01000, size:8192 KB]
          cg.C.x-3168  [063]     0.215114: (+1)     bprint:               __handle_mm_fault: NUMAB MEM ACCESS process[nid:1, cpu:63, pid:3168], folio[virt:0x7fd27f1ff394, phys:0x186ba78000, pfn:0x186ba78, nid:1, npages:1]
          cg.C.x-3214  [007]     0.215132: (+18)    bprint:               change_prot_numa: NUMAB SCAN vma[start:0x7fd27fe01000, end:0x7fd280601000, from:0x7fd27fe01000, to:0x7fd280601000, size:8192 KB]
          cg.C.x-3167  [022]     0.215133: (+1)     bprint:               __handle_mm_fault: NUMAB MEM ACCESS process[nid:0, cpu:22, pid:3167], folio[virt:0x7fd27fbff388, phys:0x1542bb000, pfn:0x1542bb, nid:0, npages:1]
          cg.C.x-3214  [007]     0.215151: (+18)    bprint:               change_prot_numa: NUMAB SCAN vma[start:0x7fd280801000, end:0x7fd281001000, from:0x7fd280801000, to:0x7fd281001000, size:8192 KB]
          cg.C.x-3166  [013]     0.215152: (+1)     bprint:               __handle_mm_fault: NUMAB MEM ACCESS process[nid:1, cpu:13, pid:3166], folio[virt:0x7fd2805ff394, phys:0x1869c87000, pfn:0x1869c87, nid:1, npages:1]
          cg.C.x-3214  [007]     0.215170: (+18)    bprint:               change_prot_numa: NUMAB SCAN vma[start:0x7fd281201000, end:0x7fd281a01000, from:0x7fd281201000, to:0x7fd281a01000, size:8192 KB]
          cg.C.x-3165  [010]     0.215171: (+1)     bprint:               __handle_mm_fault: NUMAB MEM ACCESS process[nid:0, cpu:10, pid:3165], folio[virt:0x7fd280fff394, phys:0x1158fb000, pfn:0x1158fb, nid:0, npages:1]
          cg.C.x-3214  [007]     0.215188: (+17)    bprint:               change_prot_numa: NUMAB SCAN vma[start:0x7fd281c01000, end:0x7fd282401000, from:0x7fd281c01000, to:0x7fd282401000, size:8192 KB]
          cg.C.x-3164  [043]     0.215190: (+2)     bprint:               __handle_mm_fault: NUMAB MEM ACCESS process[nid:1, cpu:43, pid:3164], folio[virt:0x7fd2819ff394, phys:0x1865a88000, pfn:0x1865a88, nid:1, npages:1]
          cg.C.x-3214  [007]     0.215207: (+17)    bprint:               change_prot_numa: NUMAB SCAN vma[start:0x7fd282601000, end:0x7fd282e01000, from:0x7fd282601000, to:0x7fd282e01000, size:8192 KB]
          cg.C.x-3163  [044]     0.215209: (+2)     bprint:               __handle_mm_fault: NUMAB MEM ACCESS process[nid:0, cpu:44, pid:3163], folio[virt:0x7fd2823ff394, phys:0x110e69000, pfn:0x110e69, nid:0, npages:1]
          cg.C.x-3214  [007]     0.215225: (+16)    bprint:               change_prot_numa: NUMAB SCAN vma[start:0x7fd283001000, end:0x7fd283801000, from:0x7fd283001000, to:0x7fd283801000, size:8192 KB]
          cg.C.x-3162  [005]     0.215226: (+1)     bprint:               __handle_mm_fault: NUMAB MEM ACCESS process[nid:1, cpu:5, pid:3162], folio[virt:0x7fd282dff394, phys:0x185be2b000, pfn:0x185be2b, nid:1, npages:1]
          cg.C.x-3214  [007]     0.215244: (+18)    bprint:               change_prot_numa: NUMAB SCAN vma[start:0x7fd283a01000, end:0x7fd284201000, from:0x7fd283a01000, to:0x7fd284201000, size:8192 KB]
          cg.C.x-3161  [014]     0.215246: (+2)     bprint:               __handle_mm_fault: NUMAB MEM ACCESS process[nid:0, cpu:14, pid:3161], folio[virt:0x7fd2837ff394, phys:0x1186a7000, pfn:0x1186a7, nid:0, npages:1]
          cg.C.x-3214  [007]     0.215263: (+17)    bprint:               change_prot_numa: NUMAB SCAN vma[start:0x7fd284401000, end:0x7fd284c01000, from:0x7fd284401000, to:0x7fd284c01000, size:8192 KB]
          cg.C.x-3160  [003]     0.215264: (+1)     bprint:               __handle_mm_fault: NUMAB MEM ACCESS process[nid:1, cpu:3, pid:3160], folio[virt:0x7fd2841ff394, phys:0x185ba83000, pfn:0x185ba83, nid:1, npages:1]
          cg.C.x-3214  [007]     0.215281: (+17)    bprint:               change_prot_numa: NUMAB SCAN vma[start:0x7fd284e01000, end:0x7fd285601000, from:0x7fd284e01000, to:0x7fd285601000, size:8192 KB]
          cg.C.x-3159  [020]     0.215283: (+2)     bprint:               __handle_mm_fault: NUMAB MEM ACCESS process[nid:0, cpu:20, pid:3159], folio[virt:0x7fd284bff688, phys:0x153e72000, pfn:0x153e72, nid:0, npages:1]
          cg.C.x-3214  [007]     0.215300: (+17)    bprint:               change_prot_numa: NUMAB SCAN vma[start:0x7fd285801000, end:0x7fd286001000, from:0x7fd285801000, to:0x7fd286001000, size:8192 KB]
          cg.C.x-3158  [057]     0.215302: (+2)     bprint:               __handle_mm_fault: NUMAB MEM ACCESS process[nid:1, cpu:57, pid:3158], folio[virt:0x7fd2855ff394, phys:0x1869c5a000, pfn:0x1869c5a, nid:1, npages:1]
          cg.C.x-3214  [007]     0.215318: (+16)    bprint:               change_prot_numa: NUMAB SCAN vma[start:0x7fd286201000, end:0x7fd286a01000, from:0x7fd286201000, to:0x7fd286a01000, size:8192 KB]
          cg.C.x-3157  [059]     0.215319: (+1)     bprint:               __handle_mm_fault: NUMAB MEM ACCESS process[nid:1, cpu:59, pid:3157], folio[virt:0x7fd285fff388, phys:0x1864ef1000, pfn:0x1864ef1, nid:1, npages:1]
          cg.C.x-3214  [007]     0.215336: (+17)    bprint:               change_prot_numa: NUMAB SCAN vma[start:0x7fd286c01000, end:0x7fd287401000, from:0x7fd286c01000, to:0x7fd287401000, size:8192 KB]
          cg.C.x-3156  [001]     0.215338: (+2)     bprint:               __handle_mm_fault: NUMAB MEM ACCESS process[nid:1, cpu:1, pid:3156], folio[virt:0x7fd2869ff394, phys:0x1858849000, pfn:0x1858849, nid:1, npages:1]
          cg.C.x-3214  [007]     0.215354: (+16)    bprint:               change_prot_numa: NUMAB SCAN vma[start:0x7fd287601000, end:0x7fd287e01000, from:0x7fd287601000, to:0x7fd287e01000, size:8192 KB]
          cg.C.x-3155  [000]     0.215357: (+3)     bprint:               __handle_mm_fault: NUMAB MEM ACCESS process[nid:0, cpu:0, pid:3155], folio[virt:0x7fd2873ff394, phys:0x153c22000, pfn:0x153c22, nid:0, npages:1]
          cg.C.x-3214  [007]     0.215373: (+16)    bprint:               change_prot_numa: NUMAB SCAN vma[start:0x7fd288001000, end:0x7fd288801000, from:0x7fd288001000, to:0x7fd288801000, size:8192 KB]
          cg.C.x-3154  [061]     0.215375: (+2)     bprint:               __handle_mm_fault: NUMAB MEM ACCESS process[nid:1, cpu:61, pid:3154], folio[virt:0x7fd287dff688, phys:0x185c714000, pfn:0x185c714, nid:1, npages:1]
          cg.C.x-3214  [007]     0.215392: (+17)    bprint:               change_prot_numa: NUMAB SCAN vma[start:0x7fd288a01000, end:0x7fd289201000, from:0x7fd288a01000, to:0x7fd289201000, size:8192 KB]
          cg.C.x-3153  [016]     0.215395: (+3)     bprint:               __handle_mm_fault: NUMAB MEM ACCESS process[nid:0, cpu:16, pid:3153], folio[virt:0x7fd2887ff394, phys:0x1187e5000, pfn:0x1187e5, nid:0, npages:1]
          cg.C.x-3214  [007]     0.215410: (+15)    bprint:               change_prot_numa: NUMAB SCAN vma[start:0x7fd28936c000, end:0x7fd29bcf9000, from:0x7fd28936c000, to:0x7fd289c00000, size:8784 KB]
          cg.C.x-3152  [056]     0.215413: (+3)     bprint:               __handle_mm_fault: NUMAB MEM ACCESS process[nid:0, cpu:56, pid:3152], folio[virt:0x7fd2891ff394, phys:0x1200e6000, pfn:0x1200e6, nid:0, npages:1]
          cg.C.x-3155  [000]     0.242790: (+27377) sched_waking:         comm=kworker/0:3 pid=746 prio=120 target_cpu=000
          cg.C.x-3155  [000]     0.242799: (+9)     sched_wakeup:         kworker/0:3:746 [120] CPU:000
          cg.C.x-3155  [000]     0.242806: (+7)     sched_switch:         cg.C.x:3155 [120] R ==> kworker/0:3:746 [120]
     kworker/0:3-746   [000]     0.242869: (+63)    sched_switch:         kworker/0:3:746 [120] I ==> cg.C.x:3155 [120]
          cg.C.x-3155  [000]     0.242879: (+10)    bprint:               __handle_mm_fault: NUMAB MEM ACCESS process[nid:0, cpu:0, pid:3155], folio[virt:0x7fd287400fe8, phys:0x1501a9000, pfn:0x1501a9, nid:0, npages:1]
          cg.C.x-3162  [005]     0.246789: (+3910)  sched_waking:         comm=kcompactd1 pid=475 prio=120 target_cpu=005
          cg.C.x-3162  [005]     0.246800: (+11)    sched_wakeup:         kcompactd1:475 [120] CPU:005
          cg.C.x-3162  [005]     0.246807: (+7)     sched_switch:         cg.C.x:3162 [120] R ==> kcompactd1:475 [120]
      kcompactd1-475   [005]     0.246816: (+9)     sched_switch:         kcompactd1:475 [120] S ==> cg.C.x:3162 [120]
          cg.C.x-3162  [005]     0.246824: (+8)     bprint:               __handle_mm_fault: NUMAB MEM ACCESS process[nid:1, cpu:5, pid:3162], folio[virt:0x7fd282e00fe8, phys:0x115884000, pfn:0x115884, nid:0, npages:1]
          cg.C.x-3162  [005]     0.246826: (+2)     bprint:               __handle_mm_fault: NUMAB TRY MEM MIGR process[nid:1, cpu:5, pid:3162], folio[virt:0x7fd282e00fe8, phys:0x115884000, nid:0], target_nid:1
          cg.C.x-3162  [005]     0.246844: (+18)    bprint:               __handle_mm_fault: NUMAB COMPLETED MEM MIGR process[nid:1, cpu:5, pid:3162], old[phys:0x115884000, nid:0, npages:1], new[phys:0x1865ad8000, nid:1, npages:1]
          cg.C.x-3187  [002]     0.250788: (+3944)  sched_waking:         comm=kcompactd0 pid=474 prio=120 target_cpu=002
          cg.C.x-3187  [002]     0.250803: (+15)    sched_wakeup:         kcompactd0:474 [120] CPU:002
          cg.C.x-3187  [002]     0.250809: (+6)     sched_switch:         cg.C.x:3187 [120] R ==> kcompactd0:474 [120]
      kcompactd0-474   [002]     0.250819: (+10)    sched_switch:         kcompactd0:474 [120] S ==> cg.C.x:3187 [120]
          cg.C.x-3175  [004]     0.302795: (+51976) bprint:               __handle_mm_fault: NUMAB MEM ACCESS process[nid:0, cpu:4, pid:3175], folio[virt:0x7fd27ac00fe8, phys:0x1231d2000, pfn:0x1231d2, nid:0, npages:1]
          cg.C.x-3169  [060]     0.302795: (+0)     bprint:               __handle_mm_fault: NUMAB MEM ACCESS process[nid:0, cpu:60, pid:3169], folio[virt:0x7fd27e800fe8, phys:0x11584d000, pfn:0x11584d, nid:0, npages:1]
          cg.C.x-3171  [058]     0.302795: (+0)     bprint:               __handle_mm_fault: NUMAB MEM ACCESS process[nid:0, cpu:58, pid:3171], folio[virt:0x7fd27d400fe8, phys:0x11290d000, pfn:0x11290d, nid:0, npages:1]
          cg.C.x-3179  [030]     0.302795: (+0)     bprint:               __handle_mm_fault: NUMAB MEM ACCESS process[nid:0, cpu:30, pid:3179], folio[virt:0x7fd278400fe8, phys:0x123357000, pfn:0x123357, nid:0, npages:1]
          cg.C.x-3173  [038]     0.302795: (+0)     bprint:               __handle_mm_fault: NUMAB MEM ACCESS process[nid:0, cpu:38, pid:3173], folio[virt:0x7fd27c000fe8, phys:0x180e4b000, pfn:0x180e4b, nid:0, npages:1]
          cg.C.x-3159  [020]     0.302795: (+0)     bprint:               __handle_mm_fault: NUMAB MEM ACCESS process[nid:0, cpu:20, pid:3159], folio[virt:0x7fd284c00fe8, phys:0x151a1d000, pfn:0x151a1d, nid:0, npages:1]
          cg.C.x-3178  [053]     0.302795: (+0)     bprint:               __handle_mm_fault: NUMAB MEM ACCESS process[nid:1, cpu:53, pid:3178], folio[virt:0x7fd278e00fe8, phys:0x150463000, pfn:0x150463, nid:0, npages:1]
          cg.C.x-3161  [014]     0.302795: (+0)     bprint:               __handle_mm_fault: NUMAB MEM ACCESS process[nid:0, cpu:14, pid:3161], folio[virt:0x7fd283800fe8, phys:0x182259000, pfn:0x182259, nid:0, npages:1]
          cg.C.x-3174  [055]     0.302795: (+0)     bprint:               __handle_mm_fault: NUMAB MEM ACCESS process[nid:1, cpu:55, pid:3174], folio[virt:0x7fd27b600fe8, phys:0x112bfd000, pfn:0x112bfd, nid:0, npages:1]
          cg.C.x-3176  [049]     0.302795: (+0)     bprint:               __handle_mm_fault: NUMAB MEM ACCESS process[nid:1, cpu:49, pid:3176], folio[virt:0x7fd27a200fe8, phys:0x112cd0000, pfn:0x112cd0, nid:0, npages:1]
          cg.C.x-3160  [003]     0.302795: (+0)     bprint:               __handle_mm_fault: NUMAB MEM ACCESS process[nid:1, cpu:3, pid:3160], folio[virt:0x7fd284200fe8, phys:0x182258000, pfn:0x182258, nid:0, npages:1]
          cg.C.x-3181  [008]     0.302796: (+1)     bprint:               __handle_mm_fault: NUMAB MEM ACCESS process[nid:0, cpu:8, pid:3181], folio[virt:0x7fd277000fe8, phys:0x18188a000, pfn:0x18188a, nid:0, npages:1]
          cg.C.x-3177  [034]     0.302797: (+1)     bprint:               __handle_mm_fault: NUMAB MEM ACCESS process[nid:0, cpu:34, pid:3177], folio[virt:0x7fd279800fe8, phys:0x12327a000, pfn:0x12327a, nid:0, npages:1]
          cg.C.x-3167  [022]     0.302797: (+0)     bprint:               __handle_mm_fault: NUMAB MEM ACCESS process[nid:0, cpu:22, pid:3167], folio[virt:0x7fd27fc00fe8, phys:0x123205000, pfn:0x123205, nid:0, npages:1]
          cg.C.x-3164  [043]     0.302797: (+0)     bprint:               __handle_mm_fault: NUMAB MEM ACCESS process[nid:1, cpu:43, pid:3164], folio[virt:0x7fd281a00fe8, phys:0x150454000, pfn:0x150454, nid:0, npages:1]
          cg.C.x-3152  [056]     0.302797: (+0)     bprint:               __handle_mm_fault: NUMAB MEM ACCESS process[nid:0, cpu:56, pid:3152], folio[virt:0x7fd289200fe8, phys:0x11298e000, pfn:0x11298e, nid:0, npages:1]
          cg.C.x-3183  [018]     0.302797: (+0)     bprint:               __handle_mm_fault: NUMAB MEM ACCESS process[nid:0, cpu:18, pid:3183], folio[virt:0x7fd275c00fe8, phys:0x1818eb000, pfn:0x1818eb, nid:0, npages:1]
          cg.C.x-3156  [001]     0.302798: (+1)     bprint:               __handle_mm_fault: NUMAB MEM ACCESS process[nid:1, cpu:1, pid:3156], folio[virt:0x7fd286a00fe8, phys:0x123f3e000, pfn:0x123f3e, nid:0, npages:1]
          cg.C.x-3166  [013]     0.302798: (+0)     bprint:               __handle_mm_fault: NUMAB MEM ACCESS process[nid:1, cpu:13, pid:3166], folio[virt:0x7fd280600fe8, phys:0x1b0767000, pfn:0x1b0767, nid:0, npages:1]
          cg.C.x-3180  [039]     0.302798: (+0)     bprint:               __handle_mm_fault: NUMAB MEM ACCESS process[nid:1, cpu:39, pid:3180], folio[virt:0x7fd277a00fe8, phys:0x15312f000, pfn:0x15312f, nid:0, npages:1]
          cg.C.x-3160  [003]     0.302798: (+0)     bprint:               __handle_mm_fault: NUMAB TRY MEM MIGR process[nid:1, cpu:3, pid:3160], folio[virt:0x7fd284200fe8, phys:0x182258000, nid:0], target_nid:1
          cg.C.x-3174  [055]     0.302798: (+0)     bprint:               __handle_mm_fault: NUMAB TRY MEM MIGR process[nid:1, cpu:55, pid:3174], folio[virt:0x7fd27b600fe8, phys:0x112bfd000, nid:0], target_nid:1
          cg.C.x-3176  [049]     0.302798: (+0)     bprint:               __handle_mm_fault: NUMAB TRY MEM MIGR process[nid:1, cpu:49, pid:3176], folio[virt:0x7fd27a200fe8, phys:0x112cd0000, nid:0], target_nid:1
          cg.C.x-3178  [053]     0.302798: (+0)     bprint:               __handle_mm_fault: NUMAB TRY MEM MIGR process[nid:1, cpu:53, pid:3178], folio[virt:0x7fd278e00fe8, phys:0x150463000, nid:0], target_nid:1
          cg.C.x-3168  [063]     0.302798: (+0)     bprint:               __handle_mm_fault: NUMAB MEM ACCESS process[nid:1, cpu:63, pid:3168], folio[virt:0x7fd27f200fe8, phys:0x1230eb000, pfn:0x1230eb, nid:0, npages:1]
          cg.C.x-3170  [047]     0.302798: (+0)     bprint:               __handle_mm_fault: NUMAB MEM ACCESS process[nid:1, cpu:47, pid:3170], folio[virt:0x7fd27de00fe8, phys:0x1818f4000, pfn:0x1818f4, nid:0, npages:1]
          cg.C.x-3172  [051]     0.302799: (+1)     bprint:               __handle_mm_fault: NUMAB MEM ACCESS process[nid:1, cpu:51, pid:3172], folio[virt:0x7fd27ca00fe8, phys:0x153092000, pfn:0x153092, nid:0, npages:1]
          cg.C.x-3157  [059]     0.302799: (+0)     bprint:               __handle_mm_fault: NUMAB MEM ACCESS process[nid:1, cpu:59, pid:3157], folio[virt:0x7fd286000fe8, phys:0x123f3f000, pfn:0x123f3f, nid:0, npages:1]
          cg.C.x-3164  [043]     0.302799: (+0)     bprint:               __handle_mm_fault: NUMAB TRY MEM MIGR process[nid:1, cpu:43, pid:3164], folio[virt:0x7fd281a00fe8, phys:0x150454000, nid:0], target_nid:1
          cg.C.x-3156  [001]     0.302799: (+0)     bprint:               __handle_mm_fault: NUMAB TRY MEM MIGR process[nid:1, cpu:1, pid:3156], folio[virt:0x7fd286a00fe8, phys:0x123f3e000, nid:0], target_nid:1
          cg.C.x-3158  [057]     0.302800: (+1)     bprint:               __handle_mm_fault: NUMAB MEM ACCESS process[nid:1, cpu:57, pid:3158], folio[virt:0x7fd285600fe8, phys:0x151a1c000, pfn:0x151a1c, nid:0, npages:1]
          cg.C.x-3166  [013]     0.302800: (+0)     bprint:               __handle_mm_fault: NUMAB TRY MEM MIGR process[nid:1, cpu:13, pid:3166], folio[virt:0x7fd280600fe8, phys:0x1b0767000, nid:0], target_nid:1
          cg.C.x-3154  [061]     0.302800: (+0)     bprint:               __handle_mm_fault: NUMAB MEM ACCESS process[nid:1, cpu:61, pid:3154], folio[virt:0x7fd287e00fe8, phys:0x1501a8000, pfn:0x1501a8, nid:0, npages:1]
          cg.C.x-3180  [039]     0.302800: (+0)     bprint:               __handle_mm_fault: NUMAB TRY MEM MIGR process[nid:1, cpu:39, pid:3180], folio[virt:0x7fd277a00fe8, phys:0x15312f000, nid:0], target_nid:1
