            sshd-1978  [052]     1.152449: (+22)    sched_switch:         sshd:1978 [120] S ==> cg.C.x:2534 [120]
          cg.C.x-2594  [050]     1.170059: (+17610) sched_waking:         comm=kcompactd0 pid=474 prio=120 target_cpu=050
          cg.C.x-2580  [008]     1.170059: (+0)     sched_waking:         comm=kworker/8:0 pid=67 prio=120 target_cpu=008
          cg.C.x-2550  [040]     1.170059: (+0)     sched_waking:         comm=kworker/40:1 pid=638 prio=120 target_cpu=040
          cg.C.x-2536  [002]     1.170059: (+0)     sched_waking:         comm=kworker/2:1 pid=708 prio=120 target_cpu=002
          cg.C.x-2570  [016]     1.170059: (+0)     sched_waking:         comm=kworker/16:1 pid=710 prio=120 target_cpu=016
          cg.C.x-2560  [048]     1.170059: (+0)     sched_waking:         comm=kworker/48:1 pid=551 prio=120 target_cpu=048
          cg.C.x-2554  [044]     1.170059: (+0)     sched_waking:         comm=kworker/44:1 pid=490 prio=120 target_cpu=044
          cg.C.x-2590  [062]     1.170059: (+0)     sched_waking:         comm=kworker/62:1 pid=491 prio=120 target_cpu=062
          cg.C.x-2572  [012]     1.170059: (+0)     sched_waking:         comm=kworker/12:1 pid=709 prio=120 target_cpu=012
          cg.C.x-2568  [028]     1.170059: (+0)     sched_waking:         comm=kworker/28:1 pid=717 prio=120 target_cpu=028
          cg.C.x-2548  [042]     1.170059: (+0)     sched_waking:         comm=kworker/42:1 pid=722 prio=120 target_cpu=042
          cg.C.x-2582  [020]     1.170060: (+1)     sched_waking:         comm=kworker/20:1 pid=495 prio=120 target_cpu=020
          cg.C.x-2588  [054]     1.170060: (+0)     sched_waking:         comm=kworker/54:1 pid=487 prio=120 target_cpu=054
          cg.C.x-2586  [004]     1.170060: (+0)     sched_waking:         comm=kworker/4:0 pid=43 prio=120 target_cpu=004
          cg.C.x-2585  [007]     1.170060: (+0)     sched_waking:         comm=kworker/7:1 pid=729 prio=120 target_cpu=007
          cg.C.x-2537  [003]     1.170060: (+0)     sched_waking:         comm=kcompactd1 pid=475 prio=120 target_cpu=003
          cg.C.x-2589  [013]     1.170060: (+0)     sched_waking:         comm=kworker/13:1 pid=720 prio=120 target_cpu=013
          cg.C.x-2563  [037]     1.170060: (+0)     sched_waking:         comm=kworker/37:1 pid=742 prio=120 target_cpu=037
          cg.C.x-2577  [027]     1.170060: (+0)     sched_waking:         comm=kworker/27:1 pid=738 prio=120 target_cpu=027
          cg.C.x-2554  [044]     1.170065: (+5)     sched_wakeup:         kworker/44:1:490 [120] CPU:044
          cg.C.x-2572  [012]     1.170065: (+0)     sched_wakeup:         kworker/12:1:709 [120] CPU:012
          cg.C.x-2563  [037]     1.170065: (+0)     sched_wakeup:         kworker/37:1:742 [120] CPU:037
          cg.C.x-2568  [028]     1.170065: (+0)     sched_wakeup:         kworker/28:1:717 [120] CPU:028
          cg.C.x-2550  [040]     1.170065: (+0)     sched_wakeup:         kworker/40:1:638 [120] CPU:040
          cg.C.x-2580  [008]     1.170065: (+0)     sched_wakeup:         kworker/8:0:67 [120] CPU:008
          cg.C.x-2537  [003]     1.170065: (+0)     sched_wakeup:         kcompactd1:475 [120] CPU:003
          cg.C.x-2560  [048]     1.170065: (+0)     sched_wakeup:         kworker/48:1:551 [120] CPU:048
          cg.C.x-2585  [007]     1.170065: (+0)     sched_wakeup:         kworker/7:1:729 [120] CPU:007
          cg.C.x-2570  [016]     1.170065: (+0)     sched_wakeup:         kworker/16:1:710 [120] CPU:016
          cg.C.x-2594  [050]     1.170066: (+1)     sched_wakeup:         kcompactd0:474 [120] CPU:050
          cg.C.x-2582  [020]     1.170066: (+0)     sched_wakeup:         kworker/20:1:495 [120] CPU:020
          cg.C.x-2590  [062]     1.170066: (+0)     sched_wakeup:         kworker/62:1:491 [120] CPU:062
          cg.C.x-2577  [027]     1.170066: (+0)     sched_wakeup:         kworker/27:1:738 [120] CPU:027
          cg.C.x-2548  [042]     1.170066: (+0)     sched_wakeup:         kworker/42:1:722 [120] CPU:042
          cg.C.x-2589  [013]     1.170066: (+0)     sched_wakeup:         kworker/13:1:720 [120] CPU:013
          cg.C.x-2536  [002]     1.170067: (+1)     sched_wakeup:         kworker/2:1:708 [120] CPU:002
          cg.C.x-2586  [004]     1.170067: (+0)     sched_wakeup:         kworker/4:0:43 [120] CPU:004
          cg.C.x-2588  [054]     1.170067: (+0)     sched_wakeup:         kworker/54:1:487 [120] CPU:054
          cg.C.x-2537  [003]     1.170068: (+1)     sched_waking:         comm=kworker/3:1 pid=723 prio=120 target_cpu=003
          cg.C.x-2585  [007]     1.170071: (+3)     sched_switch:         cg.C.x:2585 [120] R ==> kworker/7:1:729 [120]
          cg.C.x-2572  [012]     1.170071: (+0)     sched_switch:         cg.C.x:2572 [120] R ==> kworker/12:1:709 [120]
          cg.C.x-2580  [008]     1.170071: (+0)     sched_switch:         cg.C.x:2580 [120] R ==> kworker/8:0:67 [120]
          cg.C.x-2550  [040]     1.170071: (+0)     sched_switch:         cg.C.x:2550 [120] R ==> kworker/40:1:638 [120]
          cg.C.x-2570  [016]     1.170071: (+0)     sched_switch:         cg.C.x:2570 [120] R ==> kworker/16:1:710 [120]
          cg.C.x-2536  [002]     1.170071: (+0)     sched_switch:         cg.C.x:2536 [120] R ==> kworker/2:1:708 [120]
          cg.C.x-2537  [003]     1.170071: (+0)     sched_wakeup:         kworker/3:1:723 [120] CPU:003
          cg.C.x-2589  [013]     1.170071: (+0)     sched_switch:         cg.C.x:2589 [120] R ==> kworker/13:1:720 [120]
          cg.C.x-2548  [042]     1.170071: (+0)     sched_switch:         cg.C.x:2548 [120] R ==> kworker/42:1:722 [120]
          cg.C.x-2577  [027]     1.170072: (+1)     sched_switch:         cg.C.x:2577 [120] R ==> kworker/27:1:738 [120]
          cg.C.x-2582  [020]     1.170072: (+0)     sched_switch:         cg.C.x:2582 [120] R ==> kworker/20:1:495 [120]
          cg.C.x-2586  [004]     1.170072: (+0)     sched_switch:         cg.C.x:2586 [120] R ==> kworker/4:0:43 [120]
          cg.C.x-2588  [054]     1.170072: (+0)     sched_switch:         cg.C.x:2588 [120] R ==> kworker/54:1:487 [120]
          cg.C.x-2568  [028]     1.170072: (+0)     sched_switch:         cg.C.x:2568 [120] R ==> kworker/28:1:717 [120]
          cg.C.x-2554  [044]     1.170072: (+0)     sched_switch:         cg.C.x:2554 [120] R ==> kworker/44:1:490 [120]
          cg.C.x-2590  [062]     1.170073: (+1)     sched_switch:         cg.C.x:2590 [120] R ==> kworker/62:1:491 [120]
          cg.C.x-2563  [037]     1.170073: (+0)     sched_switch:         cg.C.x:2563 [120] R ==> kworker/37:1:742 [120]
    kworker/16:1-710   [016]     1.170079: (+6)     sched_switch:         kworker/16:1:710 [120] I ==> cg.C.x:2570 [120]
    kworker/28:1-717   [028]     1.170079: (+0)     sched_switch:         kworker/28:1:717 [120] I ==> cg.C.x:2568 [120]
    kworker/20:1-495   [020]     1.170080: (+1)     sched_switch:         kworker/20:1:495 [120] I ==> cg.C.x:2582 [120]
    kworker/12:1-709   [012]     1.170080: (+0)     sched_switch:         kworker/12:1:709 [120] I ==> cg.C.x:2572 [120]
    kworker/62:1-491   [062]     1.170080: (+0)     sched_switch:         kworker/62:1:491 [120] I ==> cg.C.x:2590 [120]
     kworker/8:0-67    [008]     1.170080: (+0)     sched_switch:         kworker/8:0:67 [120] I ==> cg.C.x:2580 [120]
    kworker/40:1-638   [040]     1.170080: (+0)     sched_switch:         kworker/40:1:638 [120] I ==> cg.C.x:2550 [120]
    kworker/27:1-738   [027]     1.170080: (+0)     sched_switch:         kworker/27:1:738 [120] I ==> cg.C.x:2577 [120]
     kworker/7:1-729   [007]     1.170080: (+0)     sched_switch:         kworker/7:1:729 [120] I ==> cg.C.x:2585 [120]
     kworker/2:1-708   [002]     1.170080: (+0)     sched_switch:         kworker/2:1:708 [120] I ==> cg.C.x:2536 [120]
    kworker/13:1-720   [013]     1.170080: (+0)     sched_switch:         kworker/13:1:720 [120] I ==> cg.C.x:2589 [120]
    kworker/44:1-490   [044]     1.170080: (+0)     sched_switch:         kworker/44:1:490 [120] I ==> cg.C.x:2554 [120]
    kworker/42:1-722   [042]     1.170080: (+0)     sched_switch:         kworker/42:1:722 [120] I ==> cg.C.x:2548 [120]
    kworker/37:1-742   [037]     1.170081: (+1)     sched_switch:         kworker/37:1:742 [120] I ==> cg.C.x:2563 [120]
    kworker/54:1-487   [054]     1.170081: (+0)     sched_switch:         kworker/54:1:487 [120] I ==> cg.C.x:2588 [120]
     kworker/4:0-43    [004]     1.170083: (+2)     sched_switch:         kworker/4:0:43 [120] I ==> cg.C.x:2586 [120]
          cg.C.x-2594  [050]     1.174060: (+3977)  sched_switch:         cg.C.x:2594 [120] R ==> kcompactd0:474 [120]
          cg.C.x-2560  [048]     1.174060: (+0)     sched_switch:         cg.C.x:2560 [120] R ==> kworker/48:1:551 [120]
          cg.C.x-2537  [003]     1.174064: (+4)     sched_switch:         cg.C.x:2537 [120] R ==> kcompactd1:475 [120]
    kworker/48:1-551   [048]     1.174069: (+5)     sched_switch:         kworker/48:1:551 [120] I ==> cg.C.x:2560 [120]
      kcompactd0-474   [050]     1.174071: (+2)     sched_switch:         kcompactd0:474 [120] S ==> cg.C.x:2594 [120]
      kcompactd1-475   [003]     1.174073: (+2)     sched_switch:         kcompactd1:475 [120] S ==> kworker/3:1:723 [120]
     kworker/3:1-723   [003]     1.174086: (+13)    sched_switch:         kworker/3:1:723 [120] I ==> cg.C.x:2537 [120]
          cg.C.x-2539  [001]     1.202061: (+27975) sched_waking:         comm=kworker/1:2 pid=470 prio=120 target_cpu=001
          cg.C.x-2539  [001]     1.202069: (+8)     sched_wakeup:         kworker/1:2:470 [120] CPU:001
          cg.C.x-2536  [002]     1.206059: (+3990)  sched_waking:         comm=kworker/2:1 pid=708 prio=120 target_cpu=002
          cg.C.x-2564  [000]     1.206061: (+2)     sched_waking:         comm=kworker/u128:0 pid=11 prio=120 target_cpu=000
          cg.C.x-2539  [001]     1.206065: (+4)     sched_switch:         cg.C.x:2539 [120] R ==> kworker/1:2:470 [120]
          cg.C.x-2564  [000]     1.206067: (+2)     sched_wakeup:         kworker/u128:0:11 [120] CPU:000
          cg.C.x-2536  [002]     1.206067: (+0)     sched_wakeup:         kworker/2:1:708 [120] CPU:002
          cg.C.x-2564  [000]     1.206072: (+5)     sched_waking:         comm=kworker/0:0 pid=8 prio=120 target_cpu=000
          cg.C.x-2536  [002]     1.206073: (+1)     sched_switch:         cg.C.x:2536 [120] R ==> kworker/2:1:708 [120]
          cg.C.x-2564  [000]     1.206074: (+1)     sched_wakeup:         kworker/0:0:8 [120] CPU:000
          cg.C.x-2564  [000]     1.206081: (+7)     sched_switch:         cg.C.x:2564 [120] R ==> kworker/0:0:8 [120]
     kworker/1:2-470   [001]     1.206084: (+3)     sched_switch:         kworker/1:2:470 [120] I ==> cg.C.x:2539 [120]
     kworker/2:1-708   [002]     1.206086: (+2)     sched_switch:         kworker/2:1:708 [120] I ==> cg.C.x:2536 [120]
     kworker/0:0-8     [000]     1.206113: (+27)    sched_switch:         kworker/0:0:8 [120] I ==> kworker/u128:0:11 [120]
  kworker/u128:0-11    [000]     1.206130: (+17)    sched_switch:         kworker/u128:0:11 [120] I ==> cg.C.x:2564 [120]
          cg.C.x-2564  [000]     1.222062: (+15932) sched_waking:         comm=kworker/0:0 pid=8 prio=120 target_cpu=000
          cg.C.x-2564  [000]     1.222068: (+6)     sched_wakeup:         kworker/0:0:8 [120] CPU:000
          cg.C.x-2564  [000]     1.222075: (+7)     sched_switch:         cg.C.x:2564 [120] R ==> kworker/0:0:8 [120]
     kworker/0:0-8     [000]     1.222138: (+63)    sched_switch:         kworker/0:0:8 [120] I ==> cg.C.x:2564 [120]
          cg.C.x-2534  [052]     1.275244: (+53106) sched_waking:         comm=kworker/u129:32 pid=2338 prio=120 target_cpu=052
          cg.C.x-2534  [052]     1.275252: (+8)     sched_wakeup:         kworker/u129:32:2338 [120] CPU:052
          cg.C.x-2534  [052]     1.275258: (+6)     sched_switch:         cg.C.x:2534 [120] R ==> kworker/u129:32:2338 [120]
 kworker/u129:32-2338  [052]     1.275266: (+8)     sched_waking:         comm=sshd pid=1978 prio=120 target_cpu=052
 kworker/u129:32-2338  [052]     1.275269: (+3)     sched_wakeup:         sshd:1978 [120] CPU:052
 kworker/u129:32-2338  [052]     1.275273: (+4)     sched_switch:         kworker/u129:32:2338 [120] I ==> sshd:1978 [120]
            sshd-1978  [052]     1.275372: (+99)    sched_switch:         sshd:1978 [120] S ==> cg.C.x:2534 [120]
          cg.C.x-2534  [052]     1.275374: (+2)     sched_waking:         comm=kworker/u129:32 pid=2338 prio=120 target_cpu=052
          cg.C.x-2534  [052]     1.275374: (+0)     sched_wakeup:         kworker/u129:32:2338 [120] CPU:052
          cg.C.x-2534  [052]     1.275376: (+2)     sched_switch:         cg.C.x:2534 [120] R ==> kworker/u129:32:2338 [120]
 kworker/u129:32-2338  [052]     1.275377: (+1)     sched_waking:         comm=sshd pid=1978 prio=120 target_cpu=052
 kworker/u129:32-2338  [052]     1.275379: (+2)     sched_wakeup:         sshd:1978 [120] CPU:052
 kworker/u129:32-2338  [052]     1.275380: (+1)     sched_switch:         kworker/u129:32:2338 [120] I ==> sshd:1978 [120]
            sshd-1978  [052]     1.275402: (+22)    sched_switch:         sshd:1978 [120] S ==> cg.C.x:2534 [120]
          cg.C.x-2561  [043]     1.321291: (+45889) sched_waking:         comm=ntpd pid=1774 prio=0 target_cpu=043
          cg.C.x-2561  [043]     1.321302: (+11)    sched_wakeup:         ntpd:1774 [0] CPU:043
          cg.C.x-2561  [043]     1.321311: (+9)     sched_switch:         cg.C.x:2561 [120] R ==> ntpd:1774 [0]
            ntpd-1774  [043]     1.321353: (+42)    sched_switch:         ntpd:1774 [0] S ==> cg.C.x:2561 [120]
          cg.C.x-2538  [030]     1.366061: (+44708) sched_waking:         comm=kworker/30:1 pid=718 prio=120 target_cpu=030
          cg.C.x-2538  [030]     1.366071: (+10)    sched_wakeup:         kworker/30:1:718 [120] CPU:030
          cg.C.x-2538  [030]     1.366078: (+7)     sched_switch:         cg.C.x:2538 [120] R ==> kworker/30:1:718 [120]
    kworker/30:1-718   [030]     1.366118: (+40)    sched_switch:         kworker/30:1:718 [120] I ==> cg.C.x:2538 [120]
          cg.C.x-2534  [052]     1.398096: (+31978) sched_waking:         comm=kworker/u129:32 pid=2338 prio=120 target_cpu=052
          cg.C.x-2534  [052]     1.398105: (+9)     sched_wakeup:         kworker/u129:32:2338 [120] CPU:052
          cg.C.x-2534  [052]     1.398110: (+5)     sched_switch:         cg.C.x:2534 [120] R ==> kworker/u129:32:2338 [120]
 kworker/u129:32-2338  [052]     1.398118: (+8)     sched_waking:         comm=sshd pid=1978 prio=120 target_cpu=052
 kworker/u129:32-2338  [052]     1.398121: (+3)     sched_wakeup:         sshd:1978 [120] CPU:052
 kworker/u129:32-2338  [052]     1.398126: (+5)     sched_switch:         kworker/u129:32:2338 [120] I ==> sshd:1978 [120]
            sshd-1978  [052]     1.398227: (+101)   sched_switch:         sshd:1978 [120] S ==> cg.C.x:2534 [120]
          cg.C.x-2534  [052]     1.398229: (+2)     sched_waking:         comm=kworker/u129:32 pid=2338 prio=120 target_cpu=052
          cg.C.x-2534  [052]     1.398230: (+1)     sched_wakeup:         kworker/u129:32:2338 [120] CPU:052
          cg.C.x-2534  [052]     1.398232: (+2)     sched_switch:         cg.C.x:2534 [120] R ==> kworker/u129:32:2338 [120]
 kworker/u129:32-2338  [052]     1.398233: (+1)     sched_waking:         comm=sshd pid=1978 prio=120 target_cpu=052
 kworker/u129:32-2338  [052]     1.398235: (+2)     sched_wakeup:         sshd:1978 [120] CPU:052
 kworker/u129:32-2338  [052]     1.398236: (+1)     sched_switch:         kworker/u129:32:2338 [120] I ==> sshd:1978 [120]
            sshd-1978  [052]     1.398262: (+26)    sched_switch:         sshd:1978 [120] S ==> cg.C.x:2534 [120]
          cg.C.x-2583  [011]     1.426061: (+27799) sched_waking:         comm=kworker/11:1 pid=725 prio=120 target_cpu=011
          cg.C.x-2583  [011]     1.426068: (+7)     sched_wakeup:         kworker/11:1:725 [120] CPU:011
          cg.C.x-2583  [011]     1.426074: (+6)     sched_switch:         cg.C.x:2583 [120] R ==> kworker/11:1:725 [120]
    kworker/11:1-725   [011]     1.426082: (+8)     sched_switch:         kworker/11:1:725 [120] I ==> cg.C.x:2583 [120]
          cg.C.x-2583  [011]     1.430060: (+3978)  sched_waking:         comm=rcu_preempt pid=17 prio=120 target_cpu=032
          cg.C.x-2566  [006]     1.430060: (+0)     sched_waking:         comm=kworker/6:1 pid=744 prio=120 target_cpu=006
          cg.C.x-2564  [000]     1.430060: (+0)     sched_waking:         comm=kworker/0:0 pid=8 prio=120 target_cpu=000
          cg.C.x-2583  [011]     1.430064: (+4)     sched_migrate_task:   comm=rcu_preempt pid=17 prio=120 orig_cpu=32 dest_cpu=11
          cg.C.x-2566  [006]     1.430067: (+3)     sched_wakeup:         kworker/6:1:744 [120] CPU:006
          cg.C.x-2564  [000]     1.430067: (+0)     sched_wakeup:         kworker/0:0:8 [120] CPU:000
          cg.C.x-2583  [011]     1.430070: (+3)     sched_wakeup:         rcu_preempt:17 [120] CPU:011
          cg.C.x-2564  [000]     1.430074: (+4)     sched_switch:         cg.C.x:2564 [120] R ==> kworker/0:0:8 [120]
          cg.C.x-2566  [006]     1.430075: (+1)     sched_switch:         cg.C.x:2566 [120] R ==> kworker/6:1:744 [120]
          cg.C.x-2583  [011]     1.430075: (+0)     sched_switch:         cg.C.x:2583 [120] R ==> rcu_preempt:17 [120]
     kworker/6:1-744   [006]     1.430085: (+10)    sched_switch:         kworker/6:1:744 [120] I ==> cg.C.x:2566 [120]
     rcu_preempt-17    [011]     1.430086: (+1)     sched_switch:         rcu_preempt:17 [120] I ==> cg.C.x:2583 [120]
     kworker/0:0-8     [000]     1.430130: (+44)    sched_switch:         kworker/0:0:8 [120] I ==> cg.C.x:2564 [120]
          cg.C.x-2583  [011]     1.438058: (+7928)  sched_waking:         comm=rcu_preempt pid=17 prio=120 target_cpu=011
          cg.C.x-2583  [011]     1.438064: (+6)     sched_wakeup:         rcu_preempt:17 [120] CPU:011
          cg.C.x-2583  [011]     1.438072: (+8)     sched_switch:         cg.C.x:2583 [120] R ==> rcu_preempt:17 [120]
     rcu_preempt-17    [011]     1.438089: (+17)    sched_switch:         rcu_preempt:17 [120] I ==> cg.C.x:2583 [120]
          cg.C.x-2583  [011]     1.450059: (+11970) sched_waking:         comm=rcu_preempt pid=17 prio=120 target_cpu=011
          cg.C.x-2583  [011]     1.450064: (+5)     sched_wakeup:         rcu_preempt:17 [120] CPU:011
          cg.C.x-2583  [011]     1.450068: (+4)     sched_switch:         cg.C.x:2583 [120] R ==> rcu_preempt:17 [120]
     rcu_preempt-17    [011]     1.450075: (+7)     sched_switch:         rcu_preempt:17 [120] I ==> cg.C.x:2583 [120]
          cg.C.x-2583  [011]     1.458057: (+7982)  sched_waking:         comm=rcu_preempt pid=17 prio=120 target_cpu=011
          cg.C.x-2590  [062]     1.458060: (+3)     sched_waking:         comm=kworker/62:1 pid=491 prio=120 target_cpu=062
          cg.C.x-2583  [011]     1.458063: (+3)     sched_wakeup:         rcu_preempt:17 [120] CPU:011
          cg.C.x-2583  [011]     1.458068: (+5)     sched_switch:         cg.C.x:2583 [120] R ==> rcu_preempt:17 [120]
          cg.C.x-2590  [062]     1.458068: (+0)     sched_wakeup:         kworker/62:1:491 [120] CPU:062
          cg.C.x-2590  [062]     1.458076: (+8)     sched_switch:         cg.C.x:2590 [120] R ==> kworker/62:1:491 [120]
     rcu_preempt-17    [011]     1.458078: (+2)     sched_switch:         rcu_preempt:17 [120] I ==> cg.C.x:2583 [120]
    kworker/62:1-491   [062]     1.458090: (+12)    sched_switch:         kworker/62:1:491 [120] I ==> cg.C.x:2590 [120]
          cg.C.x-2583  [011]     1.462058: (+3968)  sched_waking:         comm=kworker/11:1 pid=725 prio=120 target_cpu=011
          cg.C.x-2540  [063]     1.462059: (+1)     sched_waking:         comm=kworker/63:1 pid=743 prio=120 target_cpu=063
          cg.C.x-2583  [011]     1.462063: (+4)     sched_wakeup:         kworker/11:1:725 [120] CPU:011
          cg.C.x-2540  [063]     1.462066: (+3)     sched_wakeup:         kworker/63:1:743 [120] CPU:063
          cg.C.x-2583  [011]     1.462067: (+1)     sched_switch:         cg.C.x:2583 [120] R ==> kworker/11:1:725 [120]
          cg.C.x-2540  [063]     1.462072: (+5)     sched_switch:         cg.C.x:2540 [120] R ==> kworker/63:1:743 [120]
    kworker/11:1-725   [011]     1.462075: (+3)     sched_switch:         kworker/11:1:725 [120] I ==> cg.C.x:2583 [120]
    kworker/63:1-743   [063]     1.462084: (+9)     sched_switch:         kworker/63:1:743 [120] I ==> cg.C.x:2540 [120]
          cg.C.x-2562  [060]     1.494059: (+31975) sched_waking:         comm=kworker/60:1 pid=489 prio=120 target_cpu=060
          cg.C.x-2541  [061]     1.494059: (+0)     sched_waking:         comm=kworker/61:1 pid=739 prio=120 target_cpu=061
          cg.C.x-2551  [059]     1.494060: (+1)     sched_waking:         comm=kworker/59:2 pid=951 prio=120 target_cpu=059
          cg.C.x-2562  [060]     1.494067: (+7)     sched_wakeup:         kworker/60:1:489 [120] CPU:060
          cg.C.x-2551  [059]     1.494067: (+0)     sched_wakeup:         kworker/59:2:951 [120] CPU:059
          cg.C.x-2541  [061]     1.494068: (+1)     sched_wakeup:         kworker/61:1:739 [120] CPU:061
          cg.C.x-2551  [059]     1.494073: (+5)     sched_switch:         cg.C.x:2551 [120] R ==> kworker/59:2:951 [120]
          cg.C.x-2541  [061]     1.494073: (+0)     sched_switch:         cg.C.x:2541 [120] R ==> kworker/61:1:739 [120]
          cg.C.x-2562  [060]     1.494074: (+1)     sched_switch:         cg.C.x:2562 [120] R ==> kworker/60:1:489 [120]
    kworker/60:1-489   [060]     1.494088: (+14)    sched_switch:         kworker/60:1:489 [120] I ==> cg.C.x:2562 [120]
    kworker/59:2-951   [059]     1.494089: (+1)     sched_switch:         kworker/59:2:951 [120] I ==> cg.C.x:2551 [120]
    kworker/61:1-739   [061]     1.494100: (+11)    sched_switch:         kworker/61:1:739 [120] I ==> cg.C.x:2541 [120]
          cg.C.x-2534  [052]     1.520751: (+26651) sched_waking:         comm=kworker/u129:32 pid=2338 prio=120 target_cpu=052
          cg.C.x-2534  [052]     1.520760: (+9)     sched_wakeup:         kworker/u129:32:2338 [120] CPU:052
          cg.C.x-2534  [052]     1.520766: (+6)     sched_switch:         cg.C.x:2534 [120] R ==> kworker/u129:32:2338 [120]
 kworker/u129:32-2338  [052]     1.520774: (+8)     sched_waking:         comm=sshd pid=1978 prio=120 target_cpu=052
 kworker/u129:32-2338  [052]     1.520776: (+2)     sched_wakeup:         sshd:1978 [120] CPU:052
 kworker/u129:32-2338  [052]     1.520781: (+5)     sched_switch:         kworker/u129:32:2338 [120] I ==> sshd:1978 [120]
            sshd-1978  [052]     1.520877: (+96)    sched_switch:         sshd:1978 [120] S ==> cg.C.x:2534 [120]
          cg.C.x-2534  [052]     1.520879: (+2)     sched_waking:         comm=kworker/u129:32 pid=2338 prio=120 target_cpu=052
          cg.C.x-2534  [052]     1.520880: (+1)     sched_wakeup:         kworker/u129:32:2338 [120] CPU:052
          cg.C.x-2534  [052]     1.520882: (+2)     sched_switch:         cg.C.x:2534 [120] R ==> kworker/u129:32:2338 [120]
 kworker/u129:32-2338  [052]     1.520883: (+1)     sched_waking:         comm=sshd pid=1978 prio=120 target_cpu=052
 kworker/u129:32-2338  [052]     1.520884: (+1)     sched_wakeup:         sshd:1978 [120] CPU:052
 kworker/u129:32-2338  [052]     1.520886: (+2)     sched_switch:         kworker/u129:32:2338 [120] I ==> sshd:1978 [120]
            sshd-1978  [052]     1.520910: (+24)    sched_switch:         sshd:1978 [120] S ==> cg.C.x:2534 [120]
          cg.C.x-2555  [057]     1.522059: (+1149)  sched_waking:         comm=kworker/57:0 pid=361 prio=120 target_cpu=057
          cg.C.x-2555  [057]     1.522067: (+8)     sched_wakeup:         kworker/57:0:361 [120] CPU:057
          cg.C.x-2555  [057]     1.522074: (+7)     sched_switch:         cg.C.x:2555 [120] R ==> kworker/57:0:361 [120]
    kworker/57:0-361   [057]     1.522091: (+17)    sched_switch:         kworker/57:0:361 [120] I ==> cg.C.x:2555 [120]
          cg.C.x-2556  [058]     1.526059: (+3968)  sched_waking:         comm=kworker/58:2 pid=1222 prio=120 target_cpu=058
          cg.C.x-2556  [058]     1.526068: (+9)     sched_wakeup:         kworker/58:2:1222 [120] CPU:058
          cg.C.x-2556  [058]     1.526076: (+8)     sched_switch:         cg.C.x:2556 [120] R ==> kworker/58:2:1222 [120]
    kworker/58:2-1222  [058]     1.526118: (+42)    sched_switch:         kworker/58:2:1222 [120] I ==> cg.C.x:2556 [120]
          cg.C.x-2549  [055]     1.554062: (+27944) sched_waking:         comm=kworker/55:1 pid=732 prio=120 target_cpu=055
          cg.C.x-2549  [055]     1.554070: (+8)     sched_wakeup:         kworker/55:1:732 [120] CPU:055
          cg.C.x-2549  [055]     1.554077: (+7)     sched_switch:         cg.C.x:2549 [120] R ==> kworker/55:1:732 [120]
    kworker/55:1-732   [055]     1.554093: (+16)    sched_switch:         kworker/55:1:732 [120] I ==> cg.C.x:2549 [120]
          cg.C.x-2588  [054]     1.558059: (+3966)  sched_waking:         comm=kworker/54:1 pid=487 prio=120 target_cpu=054
          cg.C.x-2564  [000]     1.558059: (+0)     sched_waking:         comm=kworker/0:0 pid=8 prio=120 target_cpu=000
          cg.C.x-2558  [056]     1.558059: (+0)     sched_waking:         comm=kworker/56:1 pid=549 prio=120 target_cpu=056
          cg.C.x-2558  [056]     1.558065: (+6)     sched_wakeup:         kworker/56:1:549 [120] CPU:056
          cg.C.x-2564  [000]     1.558065: (+0)     sched_wakeup:         kworker/0:0:8 [120] CPU:000
          cg.C.x-2588  [054]     1.558065: (+0)     sched_wakeup:         kworker/54:1:487 [120] CPU:054
          cg.C.x-2588  [054]     1.558070: (+5)     sched_switch:         cg.C.x:2588 [120] R ==> kworker/54:1:487 [120]
          cg.C.x-2558  [056]     1.558070: (+0)     sched_switch:         cg.C.x:2558 [120] R ==> kworker/56:1:549 [120]
          cg.C.x-2564  [000]     1.558070: (+0)     sched_switch:         cg.C.x:2564 [120] R ==> kworker/0:0:8 [120]
    kworker/56:1-549   [056]     1.558082: (+12)    sched_switch:         kworker/56:1:549 [120] I ==> cg.C.x:2558 [120]
    kworker/54:1-487   [054]     1.558082: (+0)     sched_switch:         kworker/54:1:487 [120] I ==> cg.C.x:2588 [120]
     kworker/0:0-8     [000]     1.558102: (+20)    sched_switch:         kworker/0:0:8 [120] I ==> cg.C.x:2564 [120]
          cg.C.x-2534  [052]     1.586060: (+27958) sched_waking:         comm=kworker/52:1 pid=544 prio=120 target_cpu=052
          cg.C.x-2553  [053]     1.586060: (+0)     sched_waking:         comm=kworker/53:1 pid=735 prio=120 target_cpu=053
          cg.C.x-2543  [051]     1.586060: (+0)     sched_waking:         comm=kworker/51:1 pid=579 prio=120 target_cpu=051
          cg.C.x-2553  [053]     1.586067: (+7)     sched_wakeup:         kworker/53:1:735 [120] CPU:053
          cg.C.x-2543  [051]     1.586068: (+1)     sched_wakeup:         kworker/51:1:579 [120] CPU:051
          cg.C.x-2534  [052]     1.586068: (+0)     sched_wakeup:         kworker/52:1:544 [120] CPU:052
          cg.C.x-2534  [052]     1.586075: (+7)     sched_switch:         cg.C.x:2534 [120] R ==> kworker/52:1:544 [120]
          cg.C.x-2543  [051]     1.586075: (+0)     sched_switch:         cg.C.x:2543 [120] R ==> kworker/51:1:579 [120]
          cg.C.x-2553  [053]     1.586076: (+1)     sched_switch:         cg.C.x:2553 [120] R ==> kworker/53:1:735 [120]
    kworker/53:1-735   [053]     1.586086: (+10)    sched_switch:         kworker/53:1:735 [120] I ==> cg.C.x:2553 [120]
    kworker/51:1-579   [051]     1.586089: (+3)     sched_switch:         kworker/51:1:579 [120] I ==> cg.C.x:2543 [120]
    kworker/52:1-544   [052]     1.586168: (+79)    sched_switch:         kworker/52:1:544 [120] I ==> cg.C.x:2534 [120]
          cg.C.x-2594  [050]     1.618061: (+31893) sched_waking:         comm=kworker/50:0 pid=319 prio=120 target_cpu=050
          cg.C.x-2594  [050]     1.618069: (+8)     sched_wakeup:         kworker/50:0:319 [120] CPU:050
          cg.C.x-2594  [050]     1.618076: (+7)     sched_switch:         cg.C.x:2594 [120] R ==> kworker/50:0:319 [120]
    kworker/50:0-319   [050]     1.618094: (+18)    sched_switch:         kworker/50:0:319 [120] I ==> cg.C.x:2594 [120]
          cg.C.x-2547  [049]     1.622059: (+3965)  sched_waking:         comm=kworker/49:1 pid=500 prio=120 target_cpu=049
          cg.C.x-2547  [049]     1.622066: (+7)     sched_wakeup:         kworker/49:1:500 [120] CPU:049
          cg.C.x-2547  [049]     1.622073: (+7)     sched_switch:         cg.C.x:2547 [120] R ==> kworker/49:1:500 [120]
    kworker/49:1-500   [049]     1.622084: (+11)    sched_switch:         kworker/49:1:500 [120] I ==> cg.C.x:2547 [120]
          cg.C.x-2564  [000]     1.634059: (+11975) sched_waking:         comm=kworker/0:0 pid=8 prio=120 target_cpu=000
          cg.C.x-2564  [000]     1.634066: (+7)     sched_wakeup:         kworker/0:0:8 [120] CPU:000
          cg.C.x-2564  [000]     1.634072: (+6)     sched_switch:         cg.C.x:2564 [120] R ==> kworker/0:0:8 [120]
     kworker/0:0-8     [000]     1.634129: (+57)    sched_switch:         kworker/0:0:8 [120] I ==> cg.C.x:2564 [120]
          cg.C.x-2534  [052]     1.643360: (+9231)  sched_waking:         comm=kworker/u129:32 pid=2338 prio=120 target_cpu=052
          cg.C.x-2534  [052]     1.643367: (+7)     sched_wakeup:         kworker/u129:32:2338 [120] CPU:052
          cg.C.x-2534  [052]     1.643373: (+6)     sched_switch:         cg.C.x:2534 [120] R ==> kworker/u129:32:2338 [120]
 kworker/u129:32-2338  [052]     1.643380: (+7)     sched_waking:         comm=sshd pid=1978 prio=120 target_cpu=052
 kworker/u129:32-2338  [052]     1.643382: (+2)     sched_wakeup:         sshd:1978 [120] CPU:052
 kworker/u129:32-2338  [052]     1.643387: (+5)     sched_switch:         kworker/u129:32:2338 [120] I ==> sshd:1978 [120]
            sshd-1978  [052]     1.643485: (+98)    sched_switch:         sshd:1978 [120] S ==> cg.C.x:2534 [120]
          cg.C.x-2534  [052]     1.643487: (+2)     sched_waking:         comm=kworker/u129:32 pid=2338 prio=120 target_cpu=052
          cg.C.x-2534  [052]     1.643488: (+1)     sched_wakeup:         kworker/u129:32:2338 [120] CPU:052
          cg.C.x-2534  [052]     1.643490: (+2)     sched_switch:         cg.C.x:2534 [120] R ==> kworker/u129:32:2338 [120]
 kworker/u129:32-2338  [052]     1.643491: (+1)     sched_waking:         comm=sshd pid=1978 prio=120 target_cpu=052
 kworker/u129:32-2338  [052]     1.643492: (+1)     sched_wakeup:         sshd:1978 [120] CPU:052
 kworker/u129:32-2338  [052]     1.643493: (+1)     sched_switch:         kworker/u129:32:2338 [120] I ==> sshd:1978 [120]
            sshd-1978  [052]     1.643516: (+23)    sched_switch:         sshd:1978 [120] S ==> cg.C.x:2534 [120]
          cg.C.x-2560  [048]     1.654058: (+10542) sched_waking:         comm=kworker/48:1 pid=551 prio=120 target_cpu=048
          cg.C.x-2552  [046]     1.654058: (+0)     sched_waking:         comm=kworker/46:1 pid=728 prio=120 target_cpu=046
          cg.C.x-2545  [047]     1.654060: (+2)     sched_waking:         comm=kworker/47:1 pid=575 prio=120 target_cpu=047
          cg.C.x-2552  [046]     1.654066: (+6)     sched_wakeup:         kworker/46:1:728 [120] CPU:046
          cg.C.x-2560  [048]     1.654067: (+1)     sched_wakeup:         kworker/48:1:551 [120] CPU:048
          cg.C.x-2545  [047]     1.654069: (+2)     sched_wakeup:         kworker/47:1:575 [120] CPU:047
          cg.C.x-2552  [046]     1.654074: (+5)     sched_switch:         cg.C.x:2552 [120] R ==> kworker/46:1:728 [120]
          cg.C.x-2560  [048]     1.654074: (+0)     sched_switch:         cg.C.x:2560 [120] R ==> kworker/48:1:551 [120]
          cg.C.x-2545  [047]     1.654078: (+4)     sched_switch:         cg.C.x:2545 [120] R ==> kworker/47:1:575 [120]
    kworker/48:1-551   [048]     1.654086: (+8)     sched_switch:         kworker/48:1:551 [120] I ==> cg.C.x:2560 [120]
    kworker/46:1-728   [046]     1.654087: (+1)     sched_switch:         kworker/46:1:728 [120] I ==> cg.C.x:2552 [120]
    kworker/47:1-575   [047]     1.654096: (+9)     sched_switch:         kworker/47:1:575 [120] I ==> cg.C.x:2545 [120]
          cg.C.x-2594  [050]     1.682058: (+27962) sched_waking:         comm=kcompactd0 pid=474 prio=120 target_cpu=050
          cg.C.x-2539  [001]     1.682058: (+0)     sched_waking:         comm=kworker/1:2 pid=470 prio=120 target_cpu=001
          cg.C.x-2539  [001]     1.682066: (+8)     sched_wakeup:         kworker/1:2:470 [120] CPU:001
          cg.C.x-2594  [050]     1.682067: (+1)     sched_wakeup:         kcompactd0:474 [120] CPU:050
          cg.C.x-2594  [050]     1.682073: (+6)     sched_switch:         cg.C.x:2594 [120] R ==> kcompactd0:474 [120]
          cg.C.x-2539  [001]     1.682075: (+2)     sched_switch:         cg.C.x:2539 [120] R ==> kworker/1:2:470 [120]
      kcompactd0-474   [050]     1.682083: (+8)     sched_switch:         kcompactd0:474 [120] S ==> cg.C.x:2594 [120]
     kworker/1:2-470   [001]     1.682083: (+0)     sched_switch:         kworker/1:2:470 [120] I ==> cg.C.x:2539 [120]
          cg.C.x-2537  [003]     1.686057: (+3974)  sched_waking:         comm=kcompactd1 pid=475 prio=120 target_cpu=003
          cg.C.x-2554  [044]     1.686058: (+1)     sched_waking:         comm=kworker/44:1 pid=490 prio=120 target_cpu=044
          cg.C.x-2561  [043]     1.686058: (+0)     sched_waking:         comm=kworker/43:0 pid=277 prio=120 target_cpu=043
          cg.C.x-2557  [045]     1.686058: (+0)     sched_waking:         comm=kworker/45:1 pid=576 prio=120 target_cpu=045
          cg.C.x-2571  [031]     1.686058: (+0)     sched_waking:         comm=kworker/31:1 pid=734 prio=120 target_cpu=031
          cg.C.x-2572  [012]     1.686059: (+1)     sched_waking:         comm=kworker/u128:0 pid=11 prio=120 target_cpu=000
          cg.C.x-2572  [012]     1.686064: (+5)     sched_migrate_task:   comm=kworker/u128:0 pid=11 prio=120 orig_cpu=0 dest_cpu=12
          cg.C.x-2554  [044]     1.686064: (+0)     sched_wakeup:         kworker/44:1:490 [120] CPU:044
          cg.C.x-2561  [043]     1.686064: (+0)     sched_wakeup:         kworker/43:0:277 [120] CPU:043
          cg.C.x-2557  [045]     1.686064: (+0)     sched_wakeup:         kworker/45:1:576 [120] CPU:045
          cg.C.x-2571  [031]     1.686064: (+0)     sched_wakeup:         kworker/31:1:734 [120] CPU:031
          cg.C.x-2537  [003]     1.686065: (+1)     sched_wakeup:         kcompactd1:475 [120] CPU:003
          cg.C.x-2572  [012]     1.686068: (+3)     sched_wakeup:         kworker/u128:0:11 [120] CPU:012
          cg.C.x-2571  [031]     1.686070: (+2)     sched_switch:         cg.C.x:2571 [120] R ==> kworker/31:1:734 [120]
          cg.C.x-2561  [043]     1.686070: (+0)     sched_switch:         cg.C.x:2561 [120] R ==> kworker/43:0:277 [120]
          cg.C.x-2557  [045]     1.686070: (+0)     sched_switch:         cg.C.x:2557 [120] R ==> kworker/45:1:576 [120]
          cg.C.x-2537  [003]     1.686070: (+0)     sched_switch:         cg.C.x:2537 [120] R ==> kcompactd1:475 [120]
          cg.C.x-2572  [012]     1.686072: (+2)     sched_switch:         cg.C.x:2572 [120] R ==> kworker/u128:0:11 [120]
      kcompactd1-475   [003]     1.686078: (+6)     sched_switch:         kcompactd1:475 [120] S ==> cg.C.x:2537 [120]
    kworker/31:1-734   [031]     1.686080: (+2)     sched_switch:         kworker/31:1:734 [120] I ==> cg.C.x:2571 [120]
    kworker/43:0-277   [043]     1.686082: (+2)     sched_switch:         kworker/43:0:277 [120] I ==> cg.C.x:2561 [120]
    kworker/45:1-576   [045]     1.686085: (+3)     sched_switch:         kworker/45:1:576 [120] I ==> cg.C.x:2557 [120]
  kworker/u128:0-11    [012]     1.686089: (+4)     sched_switch:         kworker/u128:0:11 [120] I ==> cg.C.x:2572 [120]
          cg.C.x-2554  [044]     1.690061: (+3972)  sched_switch:         cg.C.x:2554 [120] R ==> kworker/44:1:490 [120]
    kworker/44:1-490   [044]     1.690074: (+13)    sched_switch:         kworker/44:1:490 [120] I ==> cg.C.x:2554 [120]
          cg.C.x-2548  [042]     1.714059: (+23985) sched_waking:         comm=kworker/42:1 pid=722 prio=120 target_cpu=042
          cg.C.x-2548  [042]     1.714065: (+6)     sched_wakeup:         kworker/42:1:722 [120] CPU:042
          cg.C.x-2565  [041]     1.718060: (+3995)  sched_waking:         comm=kworker/41:1 pid=727 prio=120 target_cpu=041
          cg.C.x-2548  [042]     1.718066: (+6)     sched_switch:         cg.C.x:2548 [120] R ==> kworker/42:1:722 [120]
          cg.C.x-2565  [041]     1.718067: (+1)     sched_wakeup:         kworker/41:1:727 [120] CPU:041
          cg.C.x-2565  [041]     1.718073: (+6)     sched_switch:         cg.C.x:2565 [120] R ==> kworker/41:1:727 [120]
    kworker/42:1-722   [042]     1.718085: (+12)    sched_switch:         kworker/42:1:722 [120] I ==> cg.C.x:2548 [120]
    kworker/41:1-727   [041]     1.718088: (+3)     sched_switch:         kworker/41:1:727 [120] I ==> cg.C.x:2565 [120]
          cg.C.x-2544  [038]     1.746061: (+27973) sched_waking:         comm=kworker/38:1 pid=529 prio=120 target_cpu=038
          cg.C.x-2544  [038]     1.746070: (+9)     sched_wakeup:         kworker/38:1:529 [120] CPU:038
          cg.C.x-2550  [040]     1.750059: (+3989)  sched_waking:         comm=kworker/40:1 pid=638 prio=120 target_cpu=040
          cg.C.x-2559  [039]     1.750060: (+1)     sched_waking:         comm=kworker/39:1 pid=730 prio=120 target_cpu=039
          cg.C.x-2550  [040]     1.750066: (+6)     sched_wakeup:         kworker/40:1:638 [120] CPU:040
          cg.C.x-2544  [038]     1.750066: (+0)     sched_switch:         cg.C.x:2544 [120] R ==> kworker/38:1:529 [120]
          cg.C.x-2559  [039]     1.750068: (+2)     sched_wakeup:         kworker/39:1:730 [120] CPU:039
          cg.C.x-2559  [039]     1.750074: (+6)     sched_switch:         cg.C.x:2559 [120] R ==> kworker/39:1:730 [120]
    kworker/38:1-529   [038]     1.750080: (+6)     sched_switch:         kworker/38:1:529 [120] I ==> cg.C.x:2544 [120]
    kworker/39:1-730   [039]     1.750091: (+11)    sched_switch:         kworker/39:1:730 [120] I ==> cg.C.x:2559 [120]
          cg.C.x-2550  [040]     1.754062: (+3971)  sched_switch:         cg.C.x:2550 [120] R ==> kworker/40:1:638 [120]
    kworker/40:1-638   [040]     1.754078: (+16)    sched_switch:         kworker/40:1:638 [120] I ==> cg.C.x:2550 [120]
          cg.C.x-2534  [052]     1.766063: (+11985) sched_waking:         comm=kworker/u129:32 pid=2338 prio=120 target_cpu=052
          cg.C.x-2534  [052]     1.766072: (+9)     sched_wakeup:         kworker/u129:32:2338 [120] CPU:052
          cg.C.x-2534  [052]     1.766077: (+5)     sched_switch:         cg.C.x:2534 [120] R ==> kworker/u129:32:2338 [120]
 kworker/u129:32-2338  [052]     1.766084: (+7)     sched_waking:         comm=sshd pid=1978 prio=120 target_cpu=052
 kworker/u129:32-2338  [052]     1.766087: (+3)     sched_wakeup:         sshd:1978 [120] CPU:052
 kworker/u129:32-2338  [052]     1.766091: (+4)     sched_switch:         kworker/u129:32:2338 [120] I ==> sshd:1978 [120]
            sshd-1978  [052]     1.766185: (+94)    sched_switch:         sshd:1978 [120] S ==> cg.C.x:2534 [120]
          cg.C.x-2534  [052]     1.766186: (+1)     sched_waking:         comm=kworker/u129:32 pid=2338 prio=120 target_cpu=052
          cg.C.x-2534  [052]     1.766187: (+1)     sched_wakeup:         kworker/u129:32:2338 [120] CPU:052
          cg.C.x-2534  [052]     1.766189: (+2)     sched_switch:         cg.C.x:2534 [120] R ==> kworker/u129:32:2338 [120]
 kworker/u129:32-2338  [052]     1.766190: (+1)     sched_waking:         comm=sshd pid=1978 prio=120 target_cpu=052
 kworker/u129:32-2338  [052]     1.766191: (+1)     sched_wakeup:         sshd:1978 [120] CPU:052
 kworker/u129:32-2338  [052]     1.766193: (+2)     sched_switch:         kworker/u129:32:2338 [120] I ==> sshd:1978 [120]
            sshd-1978  [052]     1.766215: (+22)    sched_switch:         sshd:1978 [120] S ==> cg.C.x:2534 [120]
          cg.C.x-2569  [035]     1.778060: (+11845) sched_waking:         comm=kworker/35:1 pid=485 prio=120 target_cpu=035
          cg.C.x-2569  [035]     1.778068: (+8)     sched_wakeup:         kworker/35:1:485 [120] CPU:035
          cg.C.x-2569  [035]     1.778074: (+6)     sched_switch:         cg.C.x:2569 [120] R ==> kworker/35:1:485 [120]
    kworker/35:1-485   [035]     1.778087: (+13)    sched_switch:         kworker/35:1:485 [120] I ==> cg.C.x:2569 [120]
          cg.C.x-2597  [036]     1.782057: (+3970)  sched_waking:         comm=kworker/36:1 pid=486 prio=120 target_cpu=036
          cg.C.x-2563  [037]     1.782057: (+0)     sched_waking:         comm=kworker/37:1 pid=742 prio=120 target_cpu=037
          cg.C.x-2563  [037]     1.782063: (+6)     sched_wakeup:         kworker/37:1:742 [120] CPU:037
          cg.C.x-2597  [036]     1.782066: (+3)     sched_wakeup:         kworker/36:1:486 [120] CPU:036
          cg.C.x-2563  [037]     1.782069: (+3)     sched_switch:         cg.C.x:2563 [120] R ==> kworker/37:1:742 [120]
          cg.C.x-2597  [036]     1.782073: (+4)     sched_switch:         cg.C.x:2597 [120] R ==> kworker/36:1:486 [120]
    kworker/37:1-742   [037]     1.782081: (+8)     sched_switch:         kworker/37:1:742 [120] I ==> cg.C.x:2563 [120]
    kworker/36:1-486   [036]     1.782087: (+6)     sched_switch:         kworker/36:1:486 [120] I ==> cg.C.x:2597 [120]
          cg.C.x-2542  [034]     1.810060: (+27973) sched_waking:         comm=kworker/34:0 pid=223 prio=120 target_cpu=034
          cg.C.x-2542  [034]     1.810068: (+8)     sched_wakeup:         kworker/34:0:223 [120] CPU:034
          cg.C.x-2567  [033]     1.814059: (+3991)  sched_waking:         comm=kworker/33:1 pid=482 prio=120 target_cpu=033
          cg.C.x-2542  [034]     1.814065: (+6)     sched_switch:         cg.C.x:2542 [120] R ==> kworker/34:0:223 [120]
          cg.C.x-2567  [033]     1.814068: (+3)     sched_wakeup:         kworker/33:1:482 [120] CPU:033
          cg.C.x-2567  [033]     1.814074: (+6)     sched_switch:         cg.C.x:2567 [120] R ==> kworker/33:1:482 [120]
    kworker/34:0-223   [034]     1.814084: (+10)    sched_switch:         kworker/34:0:223 [120] I ==> cg.C.x:2542 [120]
    kworker/33:1-482   [033]     1.814087: (+3)     sched_switch:         kworker/33:1:482 [120] I ==> cg.C.x:2567 [120]
          cg.C.x-2564  [000]     1.842058: (+27971) sched_waking:         comm=kworker/0:0 pid=8 prio=120 target_cpu=000
          cg.C.x-2592  [032]     1.842058: (+0)     sched_waking:         comm=kworker/32:1 pid=484 prio=120 target_cpu=032
          cg.C.x-2592  [032]     1.842064: (+6)     sched_wakeup:         kworker/32:1:484 [120] CPU:032
          cg.C.x-2564  [000]     1.842064: (+0)     sched_wakeup:         kworker/0:0:8 [120] CPU:000
          cg.C.x-2592  [032]     1.842071: (+7)     sched_switch:         cg.C.x:2592 [120] R ==> kworker/32:1:484 [120]
          cg.C.x-2564  [000]     1.842071: (+0)     sched_switch:         cg.C.x:2564 [120] R ==> kworker/0:0:8 [120]
    kworker/32:1-484   [032]     1.842083: (+12)    sched_switch:         kworker/32:1:484 [120] I ==> cg.C.x:2592 [120]
     kworker/0:0-8     [000]     1.842130: (+47)    sched_switch:         kworker/0:0:8 [120] I ==> cg.C.x:2564 [120]
          cg.C.x-2571  [031]     1.846058: (+3928)  sched_waking:         comm=kworker/31:1 pid=734 prio=120 target_cpu=031
          cg.C.x-2538  [030]     1.846058: (+0)     sched_waking:         comm=kworker/30:1 pid=718 prio=120 target_cpu=030
          cg.C.x-2571  [031]     1.846063: (+5)     sched_wakeup:         kworker/31:1:734 [120] CPU:031
          cg.C.x-2538  [030]     1.846064: (+1)     sched_wakeup:         kworker/30:1:718 [120] CPU:030
          cg.C.x-2571  [031]     1.846068: (+4)     sched_switch:         cg.C.x:2571 [120] R ==> kworker/31:1:734 [120]
          cg.C.x-2538  [030]     1.846068: (+0)     sched_switch:         cg.C.x:2538 [120] R ==> kworker/30:1:718 [120]
    kworker/30:1-718   [030]     1.846078: (+10)    sched_switch:         kworker/30:1:718 [120] I ==> cg.C.x:2538 [120]
    kworker/31:1-734   [031]     1.846080: (+2)     sched_switch:         kworker/31:1:734 [120] I ==> cg.C.x:2571 [120]
          cg.C.x-2568  [028]     1.874058: (+27978) sched_waking:         comm=kworker/28:1 pid=717 prio=120 target_cpu=028
          cg.C.x-2577  [027]     1.874058: (+0)     sched_waking:         comm=kworker/27:1 pid=738 prio=120 target_cpu=027
          cg.C.x-2579  [029]     1.874058: (+0)     sched_waking:         comm=kworker/29:0 pid=193 prio=120 target_cpu=029
          cg.C.x-2579  [029]     1.874065: (+7)     sched_wakeup:         kworker/29:0:193 [120] CPU:029
          cg.C.x-2568  [028]     1.874065: (+0)     sched_wakeup:         kworker/28:1:717 [120] CPU:028
          cg.C.x-2577  [027]     1.874065: (+0)     sched_wakeup:         kworker/27:1:738 [120] CPU:027
          cg.C.x-2577  [027]     1.874070: (+5)     sched_switch:         cg.C.x:2577 [120] R ==> kworker/27:1:738 [120]
          cg.C.x-2579  [029]     1.874070: (+0)     sched_switch:         cg.C.x:2579 [120] R ==> kworker/29:0:193 [120]
          cg.C.x-2568  [028]     1.874071: (+1)     sched_switch:         cg.C.x:2568 [120] R ==> kworker/28:1:717 [120]
    kworker/27:1-738   [027]     1.874081: (+10)    sched_switch:         kworker/27:1:738 [120] I ==> cg.C.x:2577 [120]
    kworker/28:1-717   [028]     1.874081: (+0)     sched_switch:         kworker/28:1:717 [120] I ==> cg.C.x:2568 [120]
    kworker/29:0-193   [029]     1.874082: (+1)     sched_switch:         kworker/29:0:193 [120] I ==> cg.C.x:2579 [120]
          cg.C.x-2534  [052]     1.888644: (+14562) sched_waking:         comm=kworker/u129:32 pid=2338 prio=120 target_cpu=052
          cg.C.x-2534  [052]     1.888652: (+8)     sched_wakeup:         kworker/u129:32:2338 [120] CPU:052
          cg.C.x-2534  [052]     1.888659: (+7)     sched_switch:         cg.C.x:2534 [120] R ==> kworker/u129:32:2338 [120]
 kworker/u129:32-2338  [052]     1.888666: (+7)     sched_waking:         comm=sshd pid=1978 prio=120 target_cpu=052
 kworker/u129:32-2338  [052]     1.888669: (+3)     sched_wakeup:         sshd:1978 [120] CPU:052
 kworker/u129:32-2338  [052]     1.888674: (+5)     sched_switch:         kworker/u129:32:2338 [120] I ==> sshd:1978 [120]
            sshd-1978  [052]     1.888768: (+94)    sched_switch:         sshd:1978 [120] S ==> cg.C.x:2534 [120]
          cg.C.x-2534  [052]     1.888769: (+1)     sched_waking:         comm=kworker/u129:32 pid=2338 prio=120 target_cpu=052
          cg.C.x-2534  [052]     1.888770: (+1)     sched_wakeup:         kworker/u129:32:2338 [120] CPU:052
          cg.C.x-2534  [052]     1.888772: (+2)     sched_switch:         cg.C.x:2534 [120] R ==> kworker/u129:32:2338 [120]
 kworker/u129:32-2338  [052]     1.888773: (+1)     sched_waking:         comm=sshd pid=1978 prio=120 target_cpu=052
 kworker/u129:32-2338  [052]     1.888775: (+2)     sched_wakeup:         sshd:1978 [120] CPU:052
 kworker/u129:32-2338  [052]     1.888776: (+1)     sched_switch:         kworker/u129:32:2338 [120] I ==> sshd:1978 [120]
            sshd-1978  [052]     1.888798: (+22)    sched_switch:         sshd:1978 [120] S ==> cg.C.x:2534 [120]
          cg.C.x-2578  [026]     1.906059: (+17261) sched_waking:         comm=kworker/26:1 pid=550 prio=120 target_cpu=026
          cg.C.x-2581  [025]     1.906060: (+1)     sched_waking:         comm=kworker/25:1 pid=721 prio=120 target_cpu=025
          cg.C.x-2581  [025]     1.906068: (+8)     sched_wakeup:         kworker/25:1:721 [120] CPU:025
          cg.C.x-2578  [026]     1.906069: (+1)     sched_wakeup:         kworker/26:1:550 [120] CPU:026
          cg.C.x-2581  [025]     1.906074: (+5)     sched_switch:         cg.C.x:2581 [120] R ==> kworker/25:1:721 [120]
          cg.C.x-2578  [026]     1.906076: (+2)     sched_switch:         cg.C.x:2578 [120] R ==> kworker/26:1:550 [120]
    kworker/25:1-721   [025]     1.906087: (+11)    sched_switch:         kworker/25:1:721 [120] I ==> cg.C.x:2581 [120]
    kworker/26:1-550   [026]     1.906090: (+3)     sched_switch:         kworker/26:1:550 [120] I ==> cg.C.x:2578 [120]
          cg.C.x-2564  [000]     1.921034: (+14944) sched_waking:         comm=kworker/16:1H pid=1144 prio=100 target_cpu=016
          cg.C.x-2564  [000]     1.921045: (+11)    sched_wakeup:         kworker/16:1H:1144 [100] CPU:016
          cg.C.x-2570  [016]     1.921054: (+9)     sched_switch:         cg.C.x:2570 [120] R ==> kworker/16:1H:1144 [100]
   kworker/16:1H-1144  [016]     1.921103: (+49)    sched_switch:         kworker/16:1H:1144 [100] I ==> cg.C.x:2570 [120]
          cg.C.x-2570  [016]     1.922057: (+954)   sched_waking:         comm=rcu_preempt pid=17 prio=120 target_cpu=011
          cg.C.x-2583  [011]     1.922074: (+17)    sched_wakeup:         rcu_preempt:17 [120] CPU:011
          cg.C.x-2583  [011]     1.922081: (+7)     sched_switch:         cg.C.x:2583 [120] R ==> rcu_preempt:17 [120]
     rcu_preempt-17    [011]     1.922090: (+9)     sched_switch:         rcu_preempt:17 [120] I ==> cg.C.x:2583 [120]
          cg.C.x-2583  [011]     1.930057: (+7967)  sched_waking:         comm=rcu_preempt pid=17 prio=120 target_cpu=011
          cg.C.x-2583  [011]     1.930063: (+6)     sched_wakeup:         rcu_preempt:17 [120] CPU:011
          cg.C.x-2583  [011]     1.930068: (+5)     sched_switch:         cg.C.x:2583 [120] R ==> rcu_preempt:17 [120]
     rcu_preempt-17    [011]     1.930084: (+16)    sched_switch:         rcu_preempt:17 [120] I ==> cg.C.x:2583 [120]
          cg.C.x-2583  [011]     1.938057: (+7973)  sched_waking:         comm=rcu_preempt pid=17 prio=120 target_cpu=011
          cg.C.x-2593  [015]     1.938058: (+1)     sched_waking:         comm=kworker/15:1 pid=740 prio=120 target_cpu=015
