          <idle>-0     [050]     1.015134: (+0)     sched_wakeup:         cg.C.x:2270 [120] CPU:050
          cg.C.x-2288  [002]     1.015134: (+0)     sched_waking:         comm=cg.C.x pid=2257 prio=120 target_cpu=058
          cg.C.x-2288  [002]     1.015135: (+1)     sched_wake_idle_without_ipi: cpu=58
          <idle>-0     [050]     1.015135: (+0)     sched_switch:         swapper/50:0 [120] R ==> cg.C.x:2270 [120]
          cg.C.x-2288  [002]     1.015136: (+1)     sched_waking:         comm=cg.C.x pid=2286 prio=120 target_cpu=062
          <idle>-0     [035]     1.015136: (+0)     sched_wakeup:         cg.C.x:2271 [120] CPU:035
          cg.C.x-2288  [002]     1.015136: (+0)     sched_wake_idle_without_ipi: cpu=62
          <idle>-0     [054]     1.015136: (+0)     sched_wakeup:         cg.C.x:2292 [120] CPU:054
          cg.C.x-2288  [002]     1.015137: (+1)     sched_waking:         comm=cg.C.x pid=2300 prio=120 target_cpu=038
          cg.C.x-2288  [002]     1.015137: (+0)     sched_wake_idle_without_ipi: cpu=38
          <idle>-0     [035]     1.015137: (+0)     sched_switch:         swapper/35:0 [120] R ==> cg.C.x:2271 [120]
          cg.C.x-2288  [002]     1.015138: (+1)     sched_waking:         comm=cg.C.x pid=2296 prio=120 target_cpu=060
          <idle>-0     [054]     1.015138: (+0)     sched_switch:         swapper/54:0 [120] R ==> cg.C.x:2292 [120]
          cg.C.x-2288  [002]     1.015138: (+0)     sched_wake_idle_without_ipi: cpu=60
          cg.C.x-2311  [047]     1.015139: (+1)     bprint:               __handle_mm_fault: NUMAB MEM ACCESS process[nid:1, cpu:47, pid:2311], folio[virt:0x7f4d08200fe8, phys:0x184ef33000, pfn:0x184ef33, nid:1, npages:1]
          cg.C.x-2288  [002]     1.015139: (+0)     sched_waking:         comm=cg.C.x pid=2297 prio=120 target_cpu=059
          <idle>-0     [051]     1.015139: (+0)     sched_wakeup:         cg.C.x:2291 [120] CPU:051
          <idle>-0     [058]     1.015139: (+0)     sched_wakeup:         cg.C.x:2257 [120] CPU:058
          <idle>-0     [062]     1.015140: (+1)     sched_wakeup:         cg.C.x:2286 [120] CPU:062
          cg.C.x-2288  [002]     1.015140: (+0)     sched_wake_idle_without_ipi: cpu=59
          cg.C.x-2288  [002]     1.015140: (+0)     sched_waking:         comm=cg.C.x pid=2312 prio=120 target_cpu=056
          <idle>-0     [058]     1.015140: (+0)     sched_switch:         swapper/58:0 [120] R ==> cg.C.x:2257 [120]
          <idle>-0     [051]     1.015140: (+0)     sched_switch:         swapper/51:0 [120] R ==> cg.C.x:2291 [120]
          cg.C.x-2288  [002]     1.015141: (+1)     sched_wake_idle_without_ipi: cpu=56
          <idle>-0     [062]     1.015141: (+0)     sched_switch:         swapper/62:0 [120] R ==> cg.C.x:2286 [120]
          cg.C.x-2288  [002]     1.015142: (+1)     sched_waking:         comm=cg.C.x pid=2293 prio=120 target_cpu=053
          <idle>-0     [060]     1.015142: (+0)     sched_wakeup:         cg.C.x:2296 [120] CPU:060
          <idle>-0     [038]     1.015142: (+0)     sched_wakeup:         cg.C.x:2300 [120] CPU:038
          cg.C.x-2288  [002]     1.015143: (+1)     sched_wake_idle_without_ipi: cpu=53
          cg.C.x-2288  [002]     1.015143: (+0)     sched_waking:         comm=cg.C.x pid=2267 prio=120 target_cpu=061
          <idle>-0     [060]     1.015143: (+0)     sched_switch:         swapper/60:0 [120] R ==> cg.C.x:2296 [120]
          <idle>-0     [038]     1.015143: (+0)     sched_switch:         swapper/38:0 [120] R ==> cg.C.x:2300 [120]
          cg.C.x-2288  [002]     1.015144: (+1)     sched_wake_idle_without_ipi: cpu=61
          <idle>-0     [059]     1.015144: (+0)     sched_wakeup:         cg.C.x:2297 [120] CPU:059
          <idle>-0     [056]     1.015144: (+0)     sched_wakeup:         cg.C.x:2312 [120] CPU:056
          cg.C.x-2288  [002]     1.015145: (+1)     sched_waking:         comm=cg.C.x pid=2269 prio=120 target_cpu=063
          <idle>-0     [056]     1.015146: (+1)     sched_switch:         swapper/56:0 [120] R ==> cg.C.x:2312 [120]
          cg.C.x-2288  [002]     1.015146: (+0)     sched_wake_idle_without_ipi: cpu=63
          <idle>-0     [059]     1.015146: (+0)     sched_switch:         swapper/59:0 [120] R ==> cg.C.x:2297 [120]
          <idle>-0     [053]     1.015147: (+1)     sched_wakeup:         cg.C.x:2293 [120] CPU:053
          cg.C.x-2288  [002]     1.015147: (+0)     sched_waking:         comm=cg.C.x pid=2301 prio=120 target_cpu=031
          <idle>-0     [053]     1.015148: (+1)     sched_switch:         swapper/53:0 [120] R ==> cg.C.x:2293 [120]
          cg.C.x-2288  [002]     1.015148: (+0)     sched_wake_idle_without_ipi: cpu=31
          <idle>-0     [061]     1.015149: (+1)     sched_wakeup:         cg.C.x:2267 [120] CPU:061
          <idle>-0     [061]     1.015150: (+1)     sched_switch:         swapper/61:0 [120] R ==> cg.C.x:2267 [120]
          cg.C.x-2305  [005]     1.015151: (+1)     bprint:               change_prot_numa: NUMAB SCAN vma[start:0x7f4d08401000, end:0x7f4d08c01000, from:0x7f4d08401000, to:0x7f4d08c01000, size:8192 KB]
          cg.C.x-2312  [056]     1.015151: (+0)     bprint:               __handle_mm_fault: NUMAB MEM ACCESS process[nid:0, cpu:56, pid:2312], folio[virt:0x7f4d07800fe8, phys:0x184f502000, pfn:0x184f502, nid:1, npages:1]
          <idle>-0     [063]     1.015151: (+0)     sched_wakeup:         cg.C.x:2269 [120] CPU:063
          cg.C.x-2288  [002]     1.015151: (+0)     bprint:               migrate_misplaced_folio: NUMAB COMPLETED MEM MIGR process[nid:0, cpu:2, pid:2288], old[phys:0x1854db5000, nid:1], new[phys:0x1854db5000, nid:1] npages:1/1
          cg.C.x-2312  [056]     1.015152: (+1)     bprint:               __handle_mm_fault: NUMAB TRY MEM MIGR process[nid:0, cpu:56, pid:2312], folio[virt:0x7f4d07800fe8, phys:0x184f502000, nid:1], target_nid:0
          <idle>-0     [031]     1.015153: (+1)     sched_wakeup:         cg.C.x:2301 [120] CPU:031
          cg.C.x-2314  [018]     1.015154: (+1)     bprint:               migrate_misplaced_folio: NUMAB COMPLETED MEM MIGR process[nid:0, cpu:18, pid:2314], old[phys:0x303a136000, nid:1], new[phys:0x303a136000, nid:1] npages:1/1
          <idle>-0     [063]     1.015154: (+0)     sched_switch:         swapper/63:0 [120] R ==> cg.C.x:2269 [120]
          <idle>-0     [031]     1.015155: (+1)     sched_switch:         swapper/31:0 [120] R ==> cg.C.x:2301 [120]
          cg.C.x-2273  [037]     1.015162: (+7)     bprint:               __handle_mm_fault: NUMAB MEM ACCESS process[nid:1, cpu:37, pid:2273], folio[virt:0x5599c72ce34c, phys:0x1851f4a000, pfn:0x1851f4a, nid:1, npages:1]
          cg.C.x-2311  [047]     1.015163: (+1)     bprint:               __handle_mm_fault: NUMAB MEM ACCESS process[nid:1, cpu:47, pid:2311], folio[virt:0x7f4d081ff970, phys:0x1862854000, pfn:0x1862854, nid:1, npages:1]
          cg.C.x-2314  [018]     1.015164: (+1)     bprint:               __handle_mm_fault: NUMAB MEM ACCESS process[nid:0, cpu:18, pid:2314], folio[virt:0x7f4d063ff970, phys:0x116f32000, pfn:0x116f32, nid:0, npages:1]
          cg.C.x-2312  [056]     1.015179: (+15)    bprint:               migrate_misplaced_folio: NUMAB COMPLETED MEM MIGR process[nid:0, cpu:56, pid:2312], old[phys:0x184f502000, nid:1], new[phys:0x184f502000, nid:1] npages:1/1
          cg.C.x-2312  [056]     1.015186: (+7)     bprint:               __handle_mm_fault: NUMAB MEM ACCESS process[nid:0, cpu:56, pid:2312], folio[virt:0x7f4d077ff970, phys:0x15585d000, pfn:0x15585d, nid:0, npages:1]
          cg.C.x-2310  [042]     1.015192: (+6)     bprint:               __handle_mm_fault: NUMAB MEM ACCESS process[nid:0, cpu:42, pid:2310], folio[virt:0x7f4d08bff9ac, phys:0x210b42000, pfn:0x210b42, nid:0, npages:1]
          cg.C.x-2310  [042]     1.015204: (+12)    bprint:               __handle_mm_fault: NUMAB MEM ACCESS process[nid:0, cpu:42, pid:2310], folio[virt:0x7f4d08c00220, phys:0x184d545000, pfn:0x184d545, nid:1, npages:1]
          cg.C.x-2305  [005]     1.015204: (+0)     bprint:               change_prot_numa: NUMAB SCAN vma[start:0x7f4d08e01000, end:0x7f4d09601000, from:0x7f4d08e01000, to:0x7f4d09601000, size:8192 KB]
          cg.C.x-2310  [042]     1.015205: (+1)     bprint:               __handle_mm_fault: NUMAB TRY MEM MIGR process[nid:0, cpu:42, pid:2310], folio[virt:0x7f4d08c00220, phys:0x184d545000, nid:1], target_nid:0
          cg.C.x-2305  [005]     1.015220: (+15)    bprint:               change_prot_numa: NUMAB SCAN vma[start:0x7f4d09801000, end:0x7f4d0a001000, from:0x7f4d09801000, to:0x7f4d0a001000, size:8192 KB]
          cg.C.x-2310  [042]     1.015235: (+15)    bprint:               migrate_misplaced_folio: NUMAB COMPLETED MEM MIGR process[nid:0, cpu:42, pid:2310], old[phys:0x184d545000, nid:1], new[phys:0x184d545000, nid:1] npages:1/1
          cg.C.x-2305  [005]     1.015248: (+13)    bprint:               change_prot_numa: NUMAB SCAN vma[start:0x7f4d0a201000, end:0x7f4d0aa01000, from:0x7f4d0a201000, to:0x7f4d0aa01000, size:8192 KB]
          cg.C.x-2305  [005]     1.015264: (+16)    bprint:               change_prot_numa: NUMAB SCAN vma[start:0x7f4d0ac01000, end:0x7f4d0b401000, from:0x7f4d0ac01000, to:0x7f4d0b401000, size:8192 KB]
          cg.C.x-2305  [005]     1.015280: (+16)    bprint:               change_prot_numa: NUMAB SCAN vma[start:0x7f4d0b601000, end:0x7f4d0be01000, from:0x7f4d0b601000, to:0x7f4d0be01000, size:8192 KB]
          cg.C.x-2305  [005]     1.015296: (+16)    bprint:               change_prot_numa: NUMAB SCAN vma[start:0x7f4d0c001000, end:0x7f4d0c801000, from:0x7f4d0c001000, to:0x7f4d0c801000, size:8192 KB]
          cg.C.x-2305  [005]     1.015313: (+17)    bprint:               change_prot_numa: NUMAB SCAN vma[start:0x7f4d0ca01000, end:0x7f4d0d201000, from:0x7f4d0ca01000, to:0x7f4d0d201000, size:8192 KB]
          cg.C.x-2305  [005]     1.015329: (+16)    bprint:               change_prot_numa: NUMAB SCAN vma[start:0x7f4d0d401000, end:0x7f4d0dc01000, from:0x7f4d0d401000, to:0x7f4d0dc01000, size:8192 KB]
          cg.C.x-2305  [005]     1.015346: (+17)    bprint:               change_prot_numa: NUMAB SCAN vma[start:0x7f4d0de01000, end:0x7f4d0e601000, from:0x7f4d0de01000, to:0x7f4d0e601000, size:8192 KB]
          cg.C.x-2305  [005]     1.015363: (+17)    bprint:               change_prot_numa: NUMAB SCAN vma[start:0x7f4d0e801000, end:0x7f4d0f001000, from:0x7f4d0e801000, to:0x7f4d0f001000, size:8192 KB]
          cg.C.x-2305  [005]     1.015380: (+17)    bprint:               change_prot_numa: NUMAB SCAN vma[start:0x7f4d0f201000, end:0x7f4d0fa01000, from:0x7f4d0f201000, to:0x7f4d0fa01000, size:8192 KB]
          cg.C.x-2305  [005]     1.015396: (+16)    bprint:               change_prot_numa: NUMAB SCAN vma[start:0x7f4d0fc01000, end:0x7f4d10401000, from:0x7f4d0fc01000, to:0x7f4d10401000, size:8192 KB]
          cg.C.x-2305  [005]     1.015413: (+17)    bprint:               change_prot_numa: NUMAB SCAN vma[start:0x7f4d10601000, end:0x7f4d10e01000, from:0x7f4d10601000, to:0x7f4d10e01000, size:8192 KB]
          cg.C.x-2305  [005]     1.015429: (+16)    bprint:               change_prot_numa: NUMAB SCAN vma[start:0x7f4d11001000, end:0x7f4d11801000, from:0x7f4d11001000, to:0x7f4d11801000, size:8192 KB]
          cg.C.x-2305  [005]     1.015446: (+17)    bprint:               change_prot_numa: NUMAB SCAN vma[start:0x7f4d11a01000, end:0x7f4d12201000, from:0x7f4d11a01000, to:0x7f4d12201000, size:8192 KB]
          cg.C.x-2305  [005]     1.015463: (+17)    bprint:               change_prot_numa: NUMAB SCAN vma[start:0x7f4d12401000, end:0x7f4d12c01000, from:0x7f4d12401000, to:0x7f4d12c01000, size:8192 KB]
          cg.C.x-2305  [005]     1.015480: (+17)    bprint:               change_prot_numa: NUMAB SCAN vma[start:0x7f4d12e01000, end:0x7f4d13601000, from:0x7f4d12e01000, to:0x7f4d13601000, size:8192 KB]
          cg.C.x-2305  [005]     1.015497: (+17)    bprint:               change_prot_numa: NUMAB SCAN vma[start:0x7f4d13801000, end:0x7f4d14001000, from:0x7f4d13801000, to:0x7f4d14001000, size:8192 KB]
          cg.C.x-2305  [005]     1.015513: (+16)    bprint:               change_prot_numa: NUMAB SCAN vma[start:0x7f4d14201000, end:0x7f4d14a01000, from:0x7f4d14201000, to:0x7f4d14a01000, size:8192 KB]
          cg.C.x-2305  [005]     1.015530: (+17)    bprint:               change_prot_numa: NUMAB SCAN vma[start:0x7f4d14c01000, end:0x7f4d15401000, from:0x7f4d14c01000, to:0x7f4d15401000, size:8192 KB]
          cg.C.x-2305  [005]     1.015546: (+16)    bprint:               change_prot_numa: NUMAB SCAN vma[start:0x7f4d15601000, end:0x7f4d15e01000, from:0x7f4d15601000, to:0x7f4d15e01000, size:8192 KB]
          cg.C.x-2305  [005]     1.015563: (+17)    bprint:               change_prot_numa: NUMAB SCAN vma[start:0x7f4d16001000, end:0x7f4d16801000, from:0x7f4d16001000, to:0x7f4d16801000, size:8192 KB]
          cg.C.x-2305  [005]     1.015579: (+16)    bprint:               change_prot_numa: NUMAB SCAN vma[start:0x7f4d16a01000, end:0x7f4d17201000, from:0x7f4d16a01000, to:0x7f4d17201000, size:8192 KB]
          cg.C.x-2305  [005]     1.015597: (+18)    bprint:               change_prot_numa: NUMAB SCAN vma[start:0x7f4d17401000, end:0x7f4d17c01000, from:0x7f4d17401000, to:0x7f4d17c01000, size:8192 KB]
          cg.C.x-2305  [005]     1.015613: (+16)    bprint:               change_prot_numa: NUMAB SCAN vma[start:0x7f4d17e01000, end:0x7f4d18601000, from:0x7f4d17e01000, to:0x7f4d18601000, size:8192 KB]
          cg.C.x-2305  [005]     1.015630: (+17)    bprint:               change_prot_numa: NUMAB SCAN vma[start:0x7f4d18801000, end:0x7f4d19001000, from:0x7f4d18801000, to:0x7f4d19001000, size:8192 KB]
          cg.C.x-2305  [005]     1.015647: (+17)    bprint:               change_prot_numa: NUMAB SCAN vma[start:0x7f4d19201000, end:0x7f4d19a01000, from:0x7f4d19201000, to:0x7f4d19a00000, size:8188 KB]
          cg.C.x-2305  [005]     1.015664: (+17)    bprint:               __handle_mm_fault: NUMAB MEM ACCESS process[nid:1, cpu:5, pid:2305], folio[virt:0x7f4d0be00fe8, phys:0x1856894000, pfn:0x1856894, nid:1, npages:1]
          cg.C.x-2305  [005]     1.015668: (+4)     bprint:               __handle_mm_fault: NUMAB MEM ACCESS process[nid:1, cpu:5, pid:2305], folio[virt:0x7f4d0bdff970, phys:0x185119f000, pfn:0x185119f, nid:1, npages:1]
          cg.C.x-2308  [048]     1.015679: (+11)    bprint:               __handle_mm_fault: NUMAB MEM ACCESS process[nid:0, cpu:48, pid:2308], folio[virt:0x7f4d09fff970, phys:0x12402d000, pfn:0x12402d, nid:0, npages:1]
          cg.C.x-2303  [003]     1.015679: (+0)     bprint:               __handle_mm_fault: NUMAB MEM ACCESS process[nid:1, cpu:3, pid:2303], folio[virt:0x7f4d0d1ff970, phys:0x1853d15000, pfn:0x1853d15, nid:1, npages:1]
          cg.C.x-2295  [025]     1.015680: (+1)     bprint:               __handle_mm_fault: NUMAB MEM ACCESS process[nid:1, cpu:25, pid:2295], folio[virt:0x7f4d121ff970, phys:0x184d7eb000, pfn:0x184d7eb, nid:1, npages:1]
          cg.C.x-2300  [038]     1.015680: (+0)     bprint:               __handle_mm_fault: NUMAB MEM ACCESS process[nid:0, cpu:38, pid:2300], folio[virt:0x7f4d0efff970, phys:0x1528aa000, pfn:0x1528aa, nid:0, npages:1]
          cg.C.x-2283  [039]     1.015680: (+0)     bprint:               __handle_mm_fault: NUMAB MEM ACCESS process[nid:1, cpu:39, pid:2283], folio[virt:0x7f4d199ff970, phys:0x1862d10000, pfn:0x1862d10, nid:1, npages:1]
          cg.C.x-2301  [031]     1.015680: (+0)     bprint:               __handle_mm_fault: NUMAB MEM ACCESS process[nid:1, cpu:31, pid:2301], folio[virt:0x7f4d0e5ff970, phys:0x18500c0000, pfn:0x18500c0, nid:1, npages:1]
          cg.C.x-2293  [053]     1.015680: (+0)     bprint:               __handle_mm_fault: NUMAB MEM ACCESS process[nid:1, cpu:53, pid:2293], folio[virt:0x7f4d135ff970, phys:0x1853eda000, pfn:0x1853eda, nid:1, npages:1]
          cg.C.x-2288  [002]     1.015680: (+0)     bprint:               __handle_mm_fault: NUMAB MEM ACCESS process[nid:0, cpu:2, pid:2288], folio[virt:0x7f4d167ff970, phys:0x124e05000, pfn:0x124e05, nid:0, npages:1]
          cg.C.x-2285  [043]     1.015680: (+0)     bprint:               __handle_mm_fault: NUMAB MEM ACCESS process[nid:1, cpu:43, pid:2285], folio[virt:0x7f4d185ff970, phys:0x1851839000, pfn:0x1851839, nid:1, npages:1]
          cg.C.x-2286  [062]     1.015680: (+0)     bprint:               __handle_mm_fault: NUMAB MEM ACCESS process[nid:0, cpu:62, pid:2286], folio[virt:0x7f4d17bff970, phys:0x1158ec000, pfn:0x1158ec, nid:0, npages:1]
          cg.C.x-2297  [059]     1.015680: (+0)     bprint:               __handle_mm_fault: NUMAB MEM ACCESS process[nid:1, cpu:59, pid:2297], folio[virt:0x7f4d10dff970, phys:0x184d088000, pfn:0x184d088, nid:1, npages:1]
          cg.C.x-2307  [055]     1.015680: (+0)     bprint:               __handle_mm_fault: NUMAB MEM ACCESS process[nid:1, cpu:55, pid:2307], folio[virt:0x7f4d0a9ff970, phys:0x184ef5d000, pfn:0x184ef5d, nid:1, npages:1]
          cg.C.x-2291  [051]     1.015680: (+0)     bprint:               __handle_mm_fault: NUMAB MEM ACCESS process[nid:1, cpu:51, pid:2291], folio[virt:0x7f4d149ff970, phys:0x1851f5d000, pfn:0x1851f5d, nid:1, npages:1]
          cg.C.x-2284  [000]     1.015680: (+0)     bprint:               __handle_mm_fault: NUMAB MEM ACCESS process[nid:0, cpu:0, pid:2284], folio[virt:0x7f4d18fff970, phys:0x18231a000, pfn:0x18231a, nid:0, npages:1]
          cg.C.x-2309  [033]     1.015680: (+0)     bprint:               __handle_mm_fault: NUMAB MEM ACCESS process[nid:1, cpu:33, pid:2309], folio[virt:0x7f4d095ff970, phys:0x1862d75000, pfn:0x1862d75, nid:1, npages:1]
          cg.C.x-2299  [029]     1.015680: (+0)     bprint:               __handle_mm_fault: NUMAB MEM ACCESS process[nid:1, cpu:29, pid:2299], folio[virt:0x7f4d0f9ff970, phys:0x1851477000, pfn:0x1851477, nid:1, npages:1]
          cg.C.x-2290  [040]     1.015681: (+1)     bprint:               __handle_mm_fault: NUMAB MEM ACCESS process[nid:0, cpu:40, pid:2290], folio[virt:0x7f4d153ff970, phys:0x184405000, pfn:0x184405, nid:0, npages:1]
          cg.C.x-2287  [013]     1.015681: (+0)     bprint:               __handle_mm_fault: NUMAB MEM ACCESS process[nid:1, cpu:13, pid:2287], folio[virt:0x7f4d171ff970, phys:0x184ec97000, pfn:0x184ec97, nid:1, npages:1]
          cg.C.x-2289  [017]     1.015681: (+0)     bprint:               __handle_mm_fault: NUMAB MEM ACCESS process[nid:1, cpu:17, pid:2289], folio[virt:0x7f4d15dff970, phys:0x185225d000, pfn:0x185225d, nid:1, npages:1]
          cg.C.x-2296  [060]     1.015681: (+0)     bprint:               __handle_mm_fault: NUMAB MEM ACCESS process[nid:0, cpu:60, pid:2296], folio[virt:0x7f4d117ff970, phys:0x184282000, pfn:0x184282, nid:0, npages:1]
          cg.C.x-2298  [020]     1.015681: (+0)     bprint:               __handle_mm_fault: NUMAB MEM ACCESS process[nid:0, cpu:20, pid:2298], folio[virt:0x7f4d103ff970, phys:0x155873000, pfn:0x155873, nid:0, npages:1]
          cg.C.x-2302  [044]     1.015681: (+0)     bprint:               __handle_mm_fault: NUMAB MEM ACCESS process[nid:0, cpu:44, pid:2302], folio[virt:0x7f4d0dbff970, phys:0x1842cf000, pfn:0x1842cf, nid:0, npages:1]
          cg.C.x-2304  [014]     1.015681: (+0)     bprint:               __handle_mm_fault: NUMAB MEM ACCESS process[nid:0, cpu:14, pid:2304], folio[virt:0x7f4d0c7ff970, phys:0x183ff10000, pfn:0x183ff10, nid:0, npages:1]
          cg.C.x-2294  [026]     1.015681: (+0)     bprint:               __handle_mm_fault: NUMAB MEM ACCESS process[nid:0, cpu:26, pid:2294], folio[virt:0x7f4d12bff970, phys:0x124213000, pfn:0x124213, nid:0, npages:1]
          cg.C.x-2292  [054]     1.015681: (+0)     bprint:               __handle_mm_fault: NUMAB MEM ACCESS process[nid:0, cpu:54, pid:2292], folio[virt:0x7f4d13fff970, phys:0x182323000, pfn:0x182323, nid:0, npages:1]
          cg.C.x-2306  [036]     1.015682: (+1)     bprint:               __handle_mm_fault: NUMAB MEM ACCESS process[nid:0, cpu:36, pid:2306], folio[virt:0x7f4d0b3ff970, phys:0x184bf9000, pfn:0x184bf9, nid:0, npages:1]
          cg.C.x-2308  [048]     1.015690: (+8)     bprint:               __handle_mm_fault: NUMAB MEM ACCESS process[nid:0, cpu:48, pid:2308], folio[virt:0x7f4d0a000220, phys:0x184d1cd000, pfn:0x184d1cd, nid:1, npages:1]
          cg.C.x-2303  [003]     1.015690: (+0)     bprint:               __handle_mm_fault: NUMAB MEM ACCESS process[nid:1, cpu:3, pid:2303], folio[virt:0x7f4d0d200220, phys:0x1853038000, pfn:0x1853038, nid:1, npages:1]
          cg.C.x-2285  [043]     1.015691: (+1)     bprint:               __handle_mm_fault: NUMAB MEM ACCESS process[nid:1, cpu:43, pid:2285], folio[virt:0x7f4d18600220, phys:0x18636be000, pfn:0x18636be, nid:1, npages:1]
          cg.C.x-2295  [025]     1.015691: (+0)     bprint:               __handle_mm_fault: NUMAB MEM ACCESS process[nid:1, cpu:25, pid:2295], folio[virt:0x7f4d12200220, phys:0x1850acf000, pfn:0x1850acf, nid:1, npages:1]
          cg.C.x-2308  [048]     1.015691: (+0)     bprint:               __handle_mm_fault: NUMAB TRY MEM MIGR process[nid:0, cpu:48, pid:2308], folio[virt:0x7f4d0a000220, phys:0x184d1cd000, nid:1], target_nid:0
          cg.C.x-2293  [053]     1.015691: (+0)     bprint:               __handle_mm_fault: NUMAB MEM ACCESS process[nid:1, cpu:53, pid:2293], folio[virt:0x7f4d13600220, phys:0x18603a1000, pfn:0x18603a1, nid:1, npages:1]
          cg.C.x-2300  [038]     1.015693: (+2)     bprint:               __handle_mm_fault: NUMAB MEM ACCESS process[nid:0, cpu:38, pid:2300], folio[virt:0x7f4d0f000220, phys:0x1853069000, pfn:0x1853069, nid:1, npages:1]
          cg.C.x-2284  [000]     1.015693: (+0)     bprint:               __handle_mm_fault: NUMAB MEM ACCESS process[nid:0, cpu:0, pid:2284], folio[virt:0x7f4d19000220, phys:0x1860193000, pfn:0x1860193, nid:1, npages:1]
          cg.C.x-2299  [029]     1.015693: (+0)     bprint:               __handle_mm_fault: NUMAB MEM ACCESS process[nid:1, cpu:29, pid:2299], folio[virt:0x7f4d0fa00220, phys:0x1852b7c000, pfn:0x1852b7c, nid:1, npages:1]
          cg.C.x-2301  [031]     1.015693: (+0)     bprint:               __handle_mm_fault: NUMAB MEM ACCESS process[nid:1, cpu:31, pid:2301], folio[virt:0x7f4d0e600220, phys:0x184d1c6000, pfn:0x184d1c6, nid:1, npages:1]
          cg.C.x-2289  [017]     1.015693: (+0)     bprint:               __handle_mm_fault: NUMAB MEM ACCESS process[nid:1, cpu:17, pid:2289], folio[virt:0x7f4d15e00220, phys:0x1860039000, pfn:0x1860039, nid:1, npages:1]
          cg.C.x-2309  [033]     1.015693: (+0)     bprint:               __handle_mm_fault: NUMAB MEM ACCESS process[nid:1, cpu:33, pid:2309], folio[virt:0x7f4d09600220, phys:0x186135e000, pfn:0x186135e, nid:1, npages:1]
          cg.C.x-2284  [000]     1.015694: (+1)     bprint:               __handle_mm_fault: NUMAB TRY MEM MIGR process[nid:0, cpu:0, pid:2284], folio[virt:0x7f4d19000220, phys:0x1860193000, nid:1], target_nid:0
          cg.C.x-2300  [038]     1.015694: (+0)     bprint:               __handle_mm_fault: NUMAB TRY MEM MIGR process[nid:0, cpu:38, pid:2300], folio[virt:0x7f4d0f000220, phys:0x1853069000, nid:1], target_nid:0
          cg.C.x-2286  [062]     1.015694: (+0)     bprint:               __handle_mm_fault: NUMAB MEM ACCESS process[nid:0, cpu:62, pid:2286], folio[virt:0x7f4d17c00220, phys:0x18546c5000, pfn:0x18546c5, nid:1, npages:1]
          cg.C.x-2294  [026]     1.015694: (+0)     bprint:               __handle_mm_fault: NUMAB MEM ACCESS process[nid:0, cpu:26, pid:2294], folio[virt:0x7f4d12c00220, phys:0x1850ade000, pfn:0x1850ade, nid:1, npages:1]
          cg.C.x-2288  [002]     1.015694: (+0)     bprint:               __handle_mm_fault: NUMAB MEM ACCESS process[nid:0, cpu:2, pid:2288], folio[virt:0x7f4d16800220, phys:0x184db64000, pfn:0x184db64, nid:1, npages:1]
          cg.C.x-2291  [051]     1.015694: (+0)     bprint:               __handle_mm_fault: NUMAB MEM ACCESS process[nid:1, cpu:51, pid:2291], folio[virt:0x7f4d14a00220, phys:0x18650c7000, pfn:0x18650c7, nid:1, npages:1]
          cg.C.x-2307  [055]     1.015694: (+0)     bprint:               __handle_mm_fault: NUMAB MEM ACCESS process[nid:1, cpu:55, pid:2307], folio[virt:0x7f4d0aa00220, phys:0x184d1c0000, pfn:0x184d1c0, nid:1, npages:1]
          cg.C.x-2288  [002]     1.015695: (+1)     bprint:               __handle_mm_fault: NUMAB TRY MEM MIGR process[nid:0, cpu:2, pid:2288], folio[virt:0x7f4d16800220, phys:0x184db64000, nid:1], target_nid:0
          cg.C.x-2286  [062]     1.015695: (+0)     bprint:               __handle_mm_fault: NUMAB TRY MEM MIGR process[nid:0, cpu:62, pid:2286], folio[virt:0x7f4d17c00220, phys:0x18546c5000, nid:1], target_nid:0
          cg.C.x-2294  [026]     1.015695: (+0)     bprint:               __handle_mm_fault: NUMAB TRY MEM MIGR process[nid:0, cpu:26, pid:2294], folio[virt:0x7f4d12c00220, phys:0x1850ade000, nid:1], target_nid:0
          cg.C.x-2290  [040]     1.015696: (+1)     bprint:               __handle_mm_fault: NUMAB MEM ACCESS process[nid:0, cpu:40, pid:2290], folio[virt:0x7f4d15400220, phys:0x18559cb000, pfn:0x18559cb, nid:1, npages:1]
          cg.C.x-2306  [036]     1.015696: (+0)     bprint:               __handle_mm_fault: NUMAB MEM ACCESS process[nid:0, cpu:36, pid:2306], folio[virt:0x7f4d0b400220, phys:0x1864045000, pfn:0x1864045, nid:1, npages:1]
          cg.C.x-2287  [013]     1.015696: (+0)     bprint:               __handle_mm_fault: NUMAB MEM ACCESS process[nid:1, cpu:13, pid:2287], folio[virt:0x7f4d17200220, phys:0x184da1b000, pfn:0x184da1b, nid:1, npages:1]
          cg.C.x-2297  [059]     1.015696: (+0)     bprint:               __handle_mm_fault: NUMAB MEM ACCESS process[nid:1, cpu:59, pid:2297], folio[virt:0x7f4d10e00220, phys:0x1863121000, pfn:0x1863121, nid:1, npages:1]
          cg.C.x-2296  [060]     1.015697: (+1)     bprint:               __handle_mm_fault: NUMAB MEM ACCESS process[nid:0, cpu:60, pid:2296], folio[virt:0x7f4d11800220, phys:0x184da06000, pfn:0x184da06, nid:1, npages:1]
          cg.C.x-2290  [040]     1.015697: (+0)     bprint:               __handle_mm_fault: NUMAB TRY MEM MIGR process[nid:0, cpu:40, pid:2290], folio[virt:0x7f4d15400220, phys:0x18559cb000, nid:1], target_nid:0
          cg.C.x-2306  [036]     1.015697: (+0)     bprint:               __handle_mm_fault: NUMAB TRY MEM MIGR process[nid:0, cpu:36, pid:2306], folio[virt:0x7f4d0b400220, phys:0x1864045000, nid:1], target_nid:0
          cg.C.x-2298  [020]     1.015697: (+0)     bprint:               __handle_mm_fault: NUMAB MEM ACCESS process[nid:0, cpu:20, pid:2298], folio[virt:0x7f4d10400220, phys:0x1863124000, pfn:0x1863124, nid:1, npages:1]
          cg.C.x-2308  [048]     1.015697: (+0)     bprint:               migrate_misplaced_folio: NUMAB COMPLETED MEM MIGR process[nid:0, cpu:48, pid:2308], old[phys:0x184d1cd000, nid:1], new[phys:0x184d1cd000, nid:1] npages:1/1
          cg.C.x-2304  [014]     1.015697: (+0)     bprint:               __handle_mm_fault: NUMAB MEM ACCESS process[nid:0, cpu:14, pid:2304], folio[virt:0x7f4d0c800220, phys:0x18501b7000, pfn:0x18501b7, nid:1, npages:1]
          cg.C.x-2302  [044]     1.015697: (+0)     bprint:               __handle_mm_fault: NUMAB MEM ACCESS process[nid:0, cpu:44, pid:2302], folio[virt:0x7f4d0dc00220, phys:0x184c109000, pfn:0x184c109, nid:1, npages:1]
          cg.C.x-2292  [054]     1.015698: (+1)     bprint:               __handle_mm_fault: NUMAB MEM ACCESS process[nid:0, cpu:54, pid:2292], folio[virt:0x7f4d14000220, phys:0x18546c0000, pfn:0x18546c0, nid:1, npages:1]
          cg.C.x-2298  [020]     1.015698: (+0)     bprint:               __handle_mm_fault: NUMAB TRY MEM MIGR process[nid:0, cpu:20, pid:2298], folio[virt:0x7f4d10400220, phys:0x1863124000, nid:1], target_nid:0
          cg.C.x-2296  [060]     1.015698: (+0)     bprint:               __handle_mm_fault: NUMAB TRY MEM MIGR process[nid:0, cpu:60, pid:2296], folio[virt:0x7f4d11800220, phys:0x184da06000, nid:1], target_nid:0
          cg.C.x-2302  [044]     1.015699: (+1)     bprint:               __handle_mm_fault: NUMAB TRY MEM MIGR process[nid:0, cpu:44, pid:2302], folio[virt:0x7f4d0dc00220, phys:0x184c109000, nid:1], target_nid:0
          cg.C.x-2304  [014]     1.015699: (+0)     bprint:               __handle_mm_fault: NUMAB TRY MEM MIGR process[nid:0, cpu:14, pid:2304], folio[virt:0x7f4d0c800220, phys:0x18501b7000, nid:1], target_nid:0
          cg.C.x-2292  [054]     1.015699: (+0)     bprint:               __handle_mm_fault: NUMAB TRY MEM MIGR process[nid:0, cpu:54, pid:2292], folio[virt:0x7f4d14000220, phys:0x18546c0000, nid:1], target_nid:0
          cg.C.x-2288  [002]     1.015700: (+1)     bprint:               migrate_misplaced_folio: NUMAB COMPLETED MEM MIGR process[nid:0, cpu:2, pid:2288], old[phys:0x184db64000, nid:1], new[phys:0x184db64000, nid:1] npages:1/1
          cg.C.x-2300  [038]     1.015702: (+2)     bprint:               migrate_misplaced_folio: NUMAB COMPLETED MEM MIGR process[nid:0, cpu:38, pid:2300], old[phys:0x1853069000, nid:1], new[phys:0x1853069000, nid:1] npages:1/1
          cg.C.x-2284  [000]     1.015702: (+0)     bprint:               migrate_misplaced_folio: NUMAB COMPLETED MEM MIGR process[nid:0, cpu:0, pid:2284], old[phys:0x1860193000, nid:1], new[phys:0x1860193000, nid:1] npages:1/1
          cg.C.x-2294  [026]     1.015703: (+1)     bprint:               migrate_misplaced_folio: NUMAB COMPLETED MEM MIGR process[nid:0, cpu:26, pid:2294], old[phys:0x1850ade000, nid:1], new[phys:0x1850ade000, nid:1] npages:1/1
          cg.C.x-2286  [062]     1.015704: (+1)     bprint:               migrate_misplaced_folio: NUMAB COMPLETED MEM MIGR process[nid:0, cpu:62, pid:2286], old[phys:0x18546c5000, nid:1], new[phys:0x18546c5000, nid:1] npages:1/1
          cg.C.x-2290  [040]     1.015705: (+1)     bprint:               migrate_misplaced_folio: NUMAB COMPLETED MEM MIGR process[nid:0, cpu:40, pid:2290], old[phys:0x18559cb000, nid:1], new[phys:0x18559cb000, nid:1] npages:1/1
          cg.C.x-2306  [036]     1.015705: (+0)     bprint:               migrate_misplaced_folio: NUMAB COMPLETED MEM MIGR process[nid:0, cpu:36, pid:2306], old[phys:0x1864045000, nid:1], new[phys:0x1864045000, nid:1] npages:1/1
          cg.C.x-2296  [060]     1.015707: (+2)     bprint:               migrate_misplaced_folio: NUMAB COMPLETED MEM MIGR process[nid:0, cpu:60, pid:2296], old[phys:0x184da06000, nid:1], new[phys:0x184da06000, nid:1] npages:1/1
          cg.C.x-2298  [020]     1.015707: (+0)     bprint:               migrate_misplaced_folio: NUMAB COMPLETED MEM MIGR process[nid:0, cpu:20, pid:2298], old[phys:0x1863124000, nid:1], new[phys:0x1863124000, nid:1] npages:1/1
          cg.C.x-2302  [044]     1.015707: (+0)     bprint:               migrate_misplaced_folio: NUMAB COMPLETED MEM MIGR process[nid:0, cpu:44, pid:2302], old[phys:0x184c109000, nid:1], new[phys:0x184c109000, nid:1] npages:1/1
          cg.C.x-2304  [014]     1.015707: (+0)     bprint:               migrate_misplaced_folio: NUMAB COMPLETED MEM MIGR process[nid:0, cpu:14, pid:2304], old[phys:0x18501b7000, nid:1], new[phys:0x18501b7000, nid:1] npages:1/1
          cg.C.x-2292  [054]     1.015708: (+1)     bprint:               migrate_misplaced_folio: NUMAB COMPLETED MEM MIGR process[nid:0, cpu:54, pid:2292], old[phys:0x18546c0000, nid:1], new[phys:0x18546c0000, nid:1] npages:1/1
          cg.C.x-2303  [003]     1.042853: (+27145) sched_waking:         comm=kcompactd1 pid=474 prio=120 target_cpu=003
          cg.C.x-2259  [019]     1.042854: (+1)     sched_waking:         comm=kworker/19:0 pid=133 prio=120 target_cpu=019
          cg.C.x-2261  [021]     1.042854: (+0)     sched_waking:         comm=kworker/21:2 pid=1321 prio=120 target_cpu=021
          cg.C.x-2261  [021]     1.042863: (+9)     sched_wakeup:         kworker/21:2:1321 [120] CPU:021
          cg.C.x-2259  [019]     1.042863: (+0)     sched_wakeup:         kworker/19:0:133 [120] CPU:019
          cg.C.x-2303  [003]     1.042863: (+0)     sched_wakeup:         kcompactd1:474 [120] CPU:003
          cg.C.x-2303  [003]     1.042871: (+8)     sched_switch:         cg.C.x:2303 [120] R ==> kcompactd1:474 [120]
          cg.C.x-2261  [021]     1.042871: (+0)     sched_switch:         cg.C.x:2261 [120] R ==> kworker/21:2:1321 [120]
          cg.C.x-2259  [019]     1.042871: (+0)     sched_switch:         cg.C.x:2259 [120] R ==> kworker/19:0:133 [120]
      kcompactd1-474   [003]     1.042882: (+11)    sched_switch:         kcompactd1:474 [120] S ==> cg.C.x:2303 [120]
    kworker/19:0-133   [019]     1.042884: (+2)     sched_switch:         kworker/19:0:133 [120] I ==> cg.C.x:2259 [120]
    kworker/21:2-1321  [021]     1.042884: (+0)     sched_switch:         kworker/21:2:1321 [120] I ==> cg.C.x:2261 [120]
          cg.C.x-2258  [034]     1.046853: (+3969)  sched_waking:         comm=kcompactd0 pid=473 prio=120 target_cpu=034
          cg.C.x-2258  [034]     1.046861: (+8)     sched_wakeup:         kcompactd0:473 [120] CPU:034
          cg.C.x-2258  [034]     1.046868: (+7)     sched_switch:         cg.C.x:2258 [120] R ==> kcompactd0:473 [120]
      kcompactd0-473   [034]     1.046878: (+10)    sched_switch:         kcompactd0:473 [120] S ==> cg.C.x:2258 [120]
          cg.C.x-2314  [018]     1.074853: (+27975) sched_waking:         comm=kworker/18:1 pid=725 prio=120 target_cpu=018
          cg.C.x-2289  [017]     1.074855: (+2)     sched_waking:         comm=kworker/17:2 pid=1808 prio=120 target_cpu=017
          cg.C.x-2314  [018]     1.074861: (+6)     sched_wakeup:         kworker/18:1:725 [120] CPU:018
          cg.C.x-2289  [017]     1.074866: (+5)     sched_wakeup:         kworker/17:2:1808 [120] CPU:017
          cg.C.x-2314  [018]     1.074869: (+3)     sched_switch:         cg.C.x:2314 [120] R ==> kworker/18:1:725 [120]
    kworker/18:1-725   [018]     1.074883: (+14)    sched_switch:         kworker/18:1:725 [120] I ==> cg.C.x:2314 [120]
          cg.C.x-2289  [017]     1.078861: (+3978)  sched_switch:         cg.C.x:2289 [120] R ==> kworker/17:2:1808 [120]
    kworker/17:2-1808  [017]     1.078878: (+17)    sched_switch:         kworker/17:2:1808 [120] I ==> cg.C.x:2289 [120]
          cg.C.x-2293  [053]     1.094778: (+15900) bprint:               __handle_mm_fault: NUMAB MEM ACCESS process[nid:1, cpu:53, pid:2293], folio[virt:0x5599c7a7e928, phys:0x184d470000, pfn:0x184d470, nid:1, npages:1]
          cg.C.x-2274  [030]     1.094784: (+6)     bprint:               __handle_mm_fault: NUMAB MEM ACCESS process[nid:0, cpu:30, pid:2274], folio[virt:0x5599c7a7d920, phys:0x303f2ab000, pfn:0x303f2ab, nid:1, npages:1]
          cg.C.x-2274  [030]     1.094787: (+3)     bprint:               __handle_mm_fault: NUMAB TRY MEM MIGR process[nid:0, cpu:30, pid:2274], folio[virt:0x5599c7a7d920, phys:0x303f2ab000, nid:1], target_nid:0
          cg.C.x-2268  [046]     1.094788: (+1)     bprint:               __handle_mm_fault: NUMAB MEM ACCESS process[nid:0, cpu:46, pid:2268], folio[virt:0x5599c7a7d410, phys:0x303f2ab000, pfn:0x303f2ab, nid:1, npages:1]
          cg.C.x-2268  [046]     1.094790: (+2)     bprint:               __handle_mm_fault: NUMAB TRY MEM MIGR process[nid:0, cpu:46, pid:2268], folio[virt:0x5599c7a7d410, phys:0x303f2ab000, nid:1], target_nid:0
          cg.C.x-2268  [046]     1.094791: (+1)     bprint:               migrate_misplaced_folio: NUMAB pid:2268 ABORTING MEM MIGR because !isolated
          cg.C.x-2306  [036]     1.094792: (+1)     bprint:               __handle_mm_fault: NUMAB MEM ACCESS process[nid:0, cpu:36, pid:2306], folio[virt:0x5599c7a7f420, phys:0x186004d000, pfn:0x186004d, nid:1, npages:1]
          cg.C.x-2306  [036]     1.094793: (+1)     bprint:               __handle_mm_fault: NUMAB TRY MEM MIGR process[nid:0, cpu:36, pid:2306], folio[virt:0x5599c7a7f420, phys:0x186004d000, nid:1], target_nid:0
          cg.C.x-2260  [004]     1.094794: (+1)     bprint:               __handle_mm_fault: NUMAB MEM ACCESS process[nid:0, cpu:4, pid:2260], folio[virt:0x5599c7a76234, phys:0x1850934000, pfn:0x1850934, nid:1, npages:1]
          cg.C.x-2260  [004]     1.094795: (+1)     bprint:               __handle_mm_fault: NUMAB TRY MEM MIGR process[nid:0, cpu:4, pid:2260], folio[virt:0x5599c7a76234, phys:0x1850934000, nid:1], target_nid:0
          cg.C.x-2267  [061]     1.094797: (+2)     bprint:               __handle_mm_fault: NUMAB MEM ACCESS process[nid:1, cpu:61, pid:2267], folio[virt:0x5599c7a7d338, phys:0x303f2ab000, pfn:0x303f2ab, nid:1, npages:1]
          cg.C.x-2262  [006]     1.094800: (+3)     bprint:               __handle_mm_fault: NUMAB MEM ACCESS process[nid:0, cpu:6, pid:2262], folio[virt:0x5599c7a76234, phys:0x1850934000, pfn:0x1850934, nid:1, npages:1]
          cg.C.x-2262  [006]     1.094801: (+1)     bprint:               __handle_mm_fault: NUMAB TRY MEM MIGR process[nid:0, cpu:6, pid:2262], folio[virt:0x5599c7a76234, phys:0x1850934000, nid:1], target_nid:0
          cg.C.x-2262  [006]     1.094802: (+1)     bprint:               migrate_misplaced_folio: NUMAB pid:2262 ABORTING MEM MIGR because !isolated
          cg.C.x-2309  [033]     1.094803: (+1)     bprint:               __handle_mm_fault: NUMAB MEM ACCESS process[nid:1, cpu:33, pid:2309], folio[virt:0x5599c7a7f6a8, phys:0x186004d000, pfn:0x186004d, nid:1, npages:1]
          cg.C.x-2259  [019]     1.094806: (+3)     bprint:               __handle_mm_fault: NUMAB MEM ACCESS process[nid:1, cpu:19, pid:2259], folio[virt:0x5599c7a76234, phys:0x1850934000, pfn:0x1850934, nid:1, npages:1]
          cg.C.x-2268  [046]     1.094836: (+30)    sched_switch:         cg.C.x:2268 [120] D ==> swapper/46:0 [120]
          cg.C.x-2294  [026]     1.094836: (+0)     sched_switch:         cg.C.x:2294 [120] D ==> swapper/26:0 [120]
          cg.C.x-2282  [028]     1.094836: (+0)     sched_switch:         cg.C.x:2282 [120] D ==> swapper/28:0 [120]
          cg.C.x-2264  [008]     1.094836: (+0)     sched_switch:         cg.C.x:2264 [120] D ==> swapper/8:0 [120]
          cg.C.x-2276  [052]     1.094836: (+0)     sched_switch:         cg.C.x:2276 [120] D ==> swapper/52:0 [120]
          cg.C.x-2262  [006]     1.094837: (+1)     sched_switch:         cg.C.x:2262 [120] D ==> swapper/6:0 [120]
          cg.C.x-2267  [061]     1.094838: (+1)     sched_switch:         cg.C.x:2267 [120] D ==> swapper/61:0 [120]
          cg.C.x-2272  [016]     1.094848: (+10)    sched_switch:         cg.C.x:2272 [120] D ==> swapper/16:0 [120]
          cg.C.x-2259  [019]     1.094854: (+6)     sched_switch:         cg.C.x:2259 [120] D ==> swapper/19:0 [120]
          cg.C.x-2279  [015]     1.094854: (+0)     sched_switch:         cg.C.x:2279 [120] D ==> swapper/15:0 [120]
          cg.C.x-2277  [023]     1.094854: (+0)     sched_switch:         cg.C.x:2277 [120] D ==> swapper/23:0 [120]
          cg.C.x-2261  [021]     1.094855: (+1)     sched_switch:         cg.C.x:2261 [120] D ==> swapper/21:0 [120]
          cg.C.x-2256  [022]     1.094855: (+0)     sched_switch:         cg.C.x:2256 [120] D ==> swapper/22:0 [120]
          cg.C.x-2299  [029]     1.094856: (+1)     sched_switch:         cg.C.x:2299 [120] D ==> swapper/29:0 [120]
          cg.C.x-2281  [009]     1.094857: (+1)     sched_switch:         cg.C.x:2281 [120] D ==> swapper/9:0 [120]
          cg.C.x-2305  [005]     1.094857: (+0)     sched_switch:         cg.C.x:2305 [120] D ==> swapper/5:0 [120]
          cg.C.x-2301  [031]     1.094860: (+3)     sched_switch:         cg.C.x:2301 [120] D ==> swapper/31:0 [120]
          cg.C.x-2298  [020]     1.094860: (+0)     sched_switch:         cg.C.x:2298 [120] D ==> swapper/20:0 [120]
          cg.C.x-2285  [043]     1.094863: (+3)     sched_switch:         cg.C.x:2285 [120] D ==> swapper/43:0 [120]
          cg.C.x-2311  [047]     1.094863: (+0)     sched_switch:         cg.C.x:2311 [120] D ==> swapper/47:0 [120]
          cg.C.x-2257  [058]     1.094865: (+2)     sched_switch:         cg.C.x:2257 [120] D ==> swapper/58:0 [120]
          cg.C.x-2291  [051]     1.094866: (+1)     sched_switch:         cg.C.x:2291 [120] D ==> swapper/51:0 [120]
          cg.C.x-2313  [041]     1.094866: (+0)     sched_switch:         cg.C.x:2313 [120] D ==> swapper/41:0 [120]
          cg.C.x-2295  [025]     1.094867: (+1)     sched_switch:         cg.C.x:2295 [120] D ==> swapper/25:0 [120]
          cg.C.x-2293  [053]     1.094867: (+0)     sched_switch:         cg.C.x:2293 [120] D ==> swapper/53:0 [120]
          cg.C.x-2263  [057]     1.094867: (+0)     sched_switch:         cg.C.x:2263 [120] D ==> swapper/57:0 [120]
          cg.C.x-2292  [054]     1.094868: (+1)     sched_switch:         cg.C.x:2292 [120] D ==> swapper/54:0 [120]
          cg.C.x-2265  [027]     1.094869: (+1)     sched_switch:         cg.C.x:2265 [120] D ==> swapper/27:0 [120]
          cg.C.x-2280  [024]     1.094870: (+1)     sched_switch:         cg.C.x:2280 [120] D ==> swapper/24:0 [120]
          cg.C.x-2297  [059]     1.094871: (+1)     sched_switch:         cg.C.x:2297 [120] D ==> swapper/59:0 [120]
          cg.C.x-2273  [037]     1.094871: (+0)     sched_switch:         cg.C.x:2273 [120] D ==> swapper/37:0 [120]
          cg.C.x-2288  [002]     1.094871: (+0)     sched_switch:         cg.C.x:2288 [120] D ==> swapper/2:0 [120]
          cg.C.x-2307  [055]     1.094872: (+1)     sched_switch:         cg.C.x:2307 [120] D ==> swapper/55:0 [120]
          cg.C.x-2252  [011]     1.094872: (+0)     sched_switch:         cg.C.x:2252 [120] D ==> swapper/11:0 [120]
          cg.C.x-2275  [001]     1.094873: (+1)     sched_switch:         cg.C.x:2275 [120] D ==> swapper/1:0 [120]
          cg.C.x-2289  [017]     1.094874: (+1)     sched_switch:         cg.C.x:2289 [120] D ==> swapper/17:0 [120]
          cg.C.x-2255  [049]     1.094874: (+0)     sched_switch:         cg.C.x:2255 [120] D ==> swapper/49:0 [120]
          cg.C.x-2284  [000]     1.094875: (+1)     sched_switch:         cg.C.x:2284 [120] D ==> swapper/0:0 [120]
          cg.C.x-2253  [045]     1.094877: (+2)     sched_switch:         cg.C.x:2253 [120] D ==> swapper/45:0 [120]
          cg.C.x-2300  [038]     1.094878: (+1)     sched_switch:         cg.C.x:2300 [120] D ==> swapper/38:0 [120]
          cg.C.x-2287  [013]     1.094879: (+1)     sched_switch:         cg.C.x:2287 [120] D ==> swapper/13:0 [120]
          cg.C.x-2312  [056]     1.094880: (+1)     sched_switch:         cg.C.x:2312 [120] D ==> swapper/56:0 [120]
          cg.C.x-2309  [033]     1.094880: (+0)     sched_switch:         cg.C.x:2309 [120] D ==> swapper/33:0 [120]
          cg.C.x-2304  [014]     1.094881: (+1)     sched_switch:         cg.C.x:2304 [120] D ==> swapper/14:0 [120]
          cg.C.x-2303  [003]     1.094883: (+2)     sched_switch:         cg.C.x:2303 [120] D ==> swapper/3:0 [120]
          cg.C.x-2258  [034]     1.094883: (+0)     sched_switch:         cg.C.x:2258 [120] D ==> swapper/34:0 [120]
          cg.C.x-2286  [062]     1.094884: (+1)     sched_switch:         cg.C.x:2286 [120] D ==> swapper/62:0 [120]
          cg.C.x-2308  [048]     1.094885: (+1)     sched_switch:         cg.C.x:2308 [120] D ==> swapper/48:0 [120]
          cg.C.x-2269  [063]     1.094885: (+0)     sched_switch:         cg.C.x:2269 [120] D ==> swapper/63:0 [120]
          cg.C.x-2283  [039]     1.094886: (+1)     sched_switch:         cg.C.x:2283 [120] D ==> swapper/39:0 [120]
          cg.C.x-2251  [007]     1.094887: (+1)     sched_switch:         cg.C.x:2251 [120] D ==> swapper/7:0 [120]
          cg.C.x-2290  [040]     1.094888: (+1)     sched_switch:         cg.C.x:2290 [120] D ==> swapper/40:0 [120]
          cg.C.x-2266  [010]     1.094889: (+1)     sched_switch:         cg.C.x:2266 [120] D ==> swapper/10:0 [120]
          cg.C.x-2254  [032]     1.094889: (+0)     sched_switch:         cg.C.x:2254 [120] D ==> swapper/32:0 [120]
          cg.C.x-2271  [035]     1.094890: (+1)     sched_switch:         cg.C.x:2271 [120] D ==> swapper/35:0 [120]
          cg.C.x-2296  [060]     1.094891: (+1)     sched_switch:         cg.C.x:2296 [120] D ==> swapper/60:0 [120]
          cg.C.x-2314  [018]     1.094891: (+0)     sched_switch:         cg.C.x:2314 [120] D ==> swapper/18:0 [120]
          cg.C.x-2270  [050]     1.094891: (+0)     sched_switch:         cg.C.x:2270 [120] D ==> swapper/50:0 [120]
          cg.C.x-2274  [030]     1.094891: (+0)     sched_waking:         comm=cg.C.x pid=2276 prio=120 target_cpu=052
          cg.C.x-2278  [012]     1.094891: (+0)     sched_switch:         cg.C.x:2278 [120] D ==> swapper/12:0 [120]
          cg.C.x-2310  [042]     1.094892: (+1)     sched_switch:         cg.C.x:2310 [120] D ==> swapper/42:0 [120]
          cg.C.x-2260  [004]     1.094892: (+0)     sched_waking:         comm=cg.C.x pid=2294 prio=120 target_cpu=026
          cg.C.x-2306  [036]     1.094892: (+0)     sched_waking:         comm=cg.C.x pid=2251 prio=120 target_cpu=007
          cg.C.x-2302  [044]     1.094893: (+1)     sched_switch:         cg.C.x:2302 [120] D ==> swapper/44:0 [120]
          cg.C.x-2274  [030]     1.094894: (+1)     sched_wake_idle_without_ipi: cpu=52
          cg.C.x-2260  [004]     1.094894: (+0)     sched_wake_idle_without_ipi: cpu=26
          cg.C.x-2274  [030]     1.094895: (+1)     sched_waking:         comm=cg.C.x pid=2282 prio=120 target_cpu=028
          cg.C.x-2306  [036]     1.094895: (+0)     sched_wake_idle_without_ipi: cpu=7
          cg.C.x-2260  [004]     1.094895: (+0)     sched_waking:         comm=cg.C.x pid=2267 prio=120 target_cpu=061
          cg.C.x-2274  [030]     1.094895: (+0)     sched_wake_idle_without_ipi: cpu=28
          cg.C.x-2274  [030]     1.094896: (+1)     sched_waking:         comm=cg.C.x pid=2264 prio=120 target_cpu=008
          cg.C.x-2274  [030]     1.094896: (+0)     sched_wake_idle_without_ipi: cpu=8
          cg.C.x-2260  [004]     1.094896: (+0)     sched_wake_idle_without_ipi: cpu=61
          cg.C.x-2274  [030]     1.094897: (+1)     sched_waking:         comm=cg.C.x pid=2268 prio=120 target_cpu=046
          cg.C.x-2260  [004]     1.094897: (+0)     sched_waking:         comm=cg.C.x pid=2262 prio=120 target_cpu=006
          cg.C.x-2306  [036]     1.094897: (+0)     bprint:               migrate_misplaced_folio: NUMAB COMPLETED MEM MIGR process[nid:0, cpu:36, pid:2306], old[phys:0x186004d000, nid:1], new[phys:0x186004d000, nid:1] npages:1/1
          cg.C.x-2274  [030]     1.094897: (+0)     sched_wake_idle_without_ipi: cpu=46
          cg.C.x-2260  [004]     1.094898: (+1)     sched_waking:         comm=cg.C.x pid=2272 prio=120 target_cpu=016
          <idle>-0     [026]     1.094899: (+1)     sched_wakeup:         cg.C.x:2294 [120] CPU:026
          <idle>-0     [052]     1.094899: (+0)     sched_wakeup:         cg.C.x:2276 [120] CPU:052
          cg.C.x-2260  [004]     1.094899: (+0)     sched_wake_idle_without_ipi: cpu=16
          cg.C.x-2274  [030]     1.094899: (+0)     bprint:               migrate_misplaced_folio: NUMAB COMPLETED MEM MIGR process[nid:0, cpu:30, pid:2274], old[phys:0x303f2ab000, nid:1], new[phys:0x303f2ab000, nid:1] npages:1/1
          cg.C.x-2260  [004]     1.094900: (+1)     sched_waking:         comm=cg.C.x pid=2279 prio=120 target_cpu=015
          <idle>-0     [026]     1.094900: (+0)     sched_switch:         swapper/26:0 [120] R ==> cg.C.x:2294 [120]
          <idle>-0     [028]     1.094900: (+0)     sched_wakeup:         cg.C.x:2282 [120] CPU:028
          <idle>-0     [052]     1.094900: (+0)     sched_switch:         swapper/52:0 [120] R ==> cg.C.x:2276 [120]
          <idle>-0     [007]     1.094900: (+0)     sched_wakeup:         cg.C.x:2251 [120] CPU:007
          cg.C.x-2260  [004]     1.094901: (+1)     sched_wake_idle_without_ipi: cpu=15
          <idle>-0     [008]     1.094901: (+0)     sched_wakeup:         cg.C.x:2264 [120] CPU:008
          <idle>-0     [006]     1.094901: (+0)     sched_wakeup:         cg.C.x:2262 [120] CPU:006
          <idle>-0     [046]     1.094901: (+0)     sched_wakeup:         cg.C.x:2268 [120] CPU:046
          <idle>-0     [028]     1.094901: (+0)     sched_switch:         swapper/28:0 [120] R ==> cg.C.x:2282 [120]
          cg.C.x-2260  [004]     1.094901: (+0)     sched_waking:         comm=cg.C.x pid=2277 prio=120 target_cpu=023
          <idle>-0     [008]     1.094902: (+1)     sched_switch:         swapper/8:0 [120] R ==> cg.C.x:2264 [120]
          cg.C.x-2260  [004]     1.094902: (+0)     sched_wake_idle_without_ipi: cpu=23
          <idle>-0     [061]     1.094902: (+0)     sched_wakeup:         cg.C.x:2267 [120] CPU:061
          <idle>-0     [007]     1.094902: (+0)     sched_switch:         swapper/7:0 [120] R ==> cg.C.x:2251 [120]
          <idle>-0     [046]     1.094902: (+0)     sched_switch:         swapper/46:0 [120] R ==> cg.C.x:2268 [120]
          cg.C.x-2260  [004]     1.094902: (+0)     sched_waking:         comm=cg.C.x pid=2259 prio=120 target_cpu=019
          <idle>-0     [016]     1.094902: (+0)     sched_wakeup:         cg.C.x:2272 [120] CPU:016
          cg.C.x-2260  [004]     1.094903: (+1)     sched_wake_idle_without_ipi: cpu=19
          <idle>-0     [061]     1.094903: (+0)     sched_switch:         swapper/61:0 [120] R ==> cg.C.x:2267 [120]
          <idle>-0     [016]     1.094904: (+1)     sched_switch:         swapper/16:0 [120] R ==> cg.C.x:2272 [120]
          cg.C.x-2260  [004]     1.094904: (+0)     sched_waking:         comm=cg.C.x pid=2256 prio=120 target_cpu=022
          cg.C.x-2260  [004]     1.094904: (+0)     sched_wake_idle_without_ipi: cpu=22
          cg.C.x-2260  [004]     1.094905: (+1)     sched_waking:         comm=cg.C.x pid=2261 prio=120 target_cpu=021
          cg.C.x-2260  [004]     1.094906: (+1)     sched_wake_idle_without_ipi: cpu=21
          <idle>-0     [015]     1.094906: (+0)     sched_wakeup:         cg.C.x:2279 [120] CPU:015
