          cg.C.x-3708  [004]     0.202593: (+2)     bprint:               __handle_mm_fault: NUMAB MEM ACCESS process[nid:0, cpu:4, pid:3708], folio[virt:0x7f710527ce68, phys:0x151ec8000, pfn:0x151ec8, nid:0, npages:1]
          cg.C.x-3717  [005]     0.202594: (+1)     bprint:               __handle_mm_fault: NUMAB MEM ACCESS process[nid:1, cpu:5, pid:3717], folio[virt:0x7f71052929e8, phys:0x21416a000, pfn:0x21416a, nid:0, npages:1]
          cg.C.x-3717  [005]     0.202596: (+2)     bprint:               __handle_mm_fault: NUMAB TRY MEM MIGR process[nid:1, cpu:5, pid:3717], folio[virt:0x7f71052929e8, phys:0x21416a000, nid:0], target_nid:1
          cg.C.x-3767  [043]     0.202596: (+0)     bprint:               __handle_mm_fault: NUMAB MEM ACCESS process[nid:1, cpu:43, pid:3767], folio[virt:0x7f71053035a4, phys:0x1e005b000, pfn:0x1e005b, nid:0, npages:1]
          cg.C.x-3767  [043]     0.202598: (+2)     bprint:               __handle_mm_fault: NUMAB TRY MEM MIGR process[nid:1, cpu:43, pid:3767], folio[virt:0x7f71053035a4, phys:0x1e005b000, nid:0], target_nid:1
          cg.C.x-3751  [027]     0.202598: (+0)     bprint:               __handle_mm_fault: NUMAB MEM ACCESS process[nid:1, cpu:27, pid:3751], folio[virt:0x7f71052debf0, phys:0x18668d3000, pfn:0x18668d3, nid:1, npages:1]
          cg.C.x-3763  [015]     0.202600: (+2)     bprint:               __handle_mm_fault: NUMAB MEM ACCESS process[nid:1, cpu:15, pid:3763], folio[virt:0x7f71052fa544, phys:0x185b555000, pfn:0x185b555, nid:1, npages:1]
          cg.C.x-3742  [026]     0.202601: (+1)     bprint:               __handle_mm_fault: NUMAB MEM ACCESS process[nid:0, cpu:26, pid:3742], folio[virt:0x7f71052c9e2c, phys:0x17e08c2000, pfn:0x17e08c2, nid:0, npages:1]
          cg.C.x-3712  [040]     0.202603: (+2)     bprint:               __handle_mm_fault: NUMAB MEM ACCESS process[nid:0, cpu:40, pid:3712], folio[virt:0x7f7105286754, phys:0x152f28000, pfn:0x152f28, nid:0, npages:1]
          cg.C.x-3771  [007]     0.202604: (+1)     bprint:               __handle_mm_fault: NUMAB MEM ACCESS process[nid:1, cpu:7, pid:3771], folio[virt:0x7f7105212e4c, phys:0x186b3f2000, pfn:0x186b3f2, nid:1, npages:1]
          cg.C.x-3749  [049]     0.202612: (+8)     bprint:               __handle_mm_fault: NUMAB MEM ACCESS process[nid:1, cpu:49, pid:3749], folio[virt:0x7f71052dadf0, phys:0x186a16e000, pfn:0x186a16e, nid:1, npages:1]
          cg.C.x-3764  [022]     0.202613: (+1)     bprint:               __handle_mm_fault: NUMAB MEM ACCESS process[nid:0, cpu:22, pid:3764], folio[virt:0x7f71052fe694, phys:0x185c45a000, pfn:0x185c45a, nid:1, npages:1]
          cg.C.x-3764  [022]     0.202614: (+1)     bprint:               __handle_mm_fault: NUMAB TRY MEM MIGR process[nid:0, cpu:22, pid:3764], folio[virt:0x7f71052fe694, phys:0x185c45a000, nid:1], target_nid:0
          cg.C.x-3718  [042]     0.202615: (+1)     bprint:               __handle_mm_fault: NUMAB MEM ACCESS process[nid:0, cpu:42, pid:3718], folio[virt:0x7f710529504c, phys:0x181901000, pfn:0x181901, nid:0, npages:1]
          cg.C.x-3709  [054]     0.202617: (+2)     bprint:               __handle_mm_fault: NUMAB MEM ACCESS process[nid:0, cpu:54, pid:3709], folio[virt:0x7f710527f794, phys:0x153153000, pfn:0x153153, nid:0, npages:1]
          cg.C.x-3733  [006]     0.202619: (+2)     bprint:               __handle_mm_fault: NUMAB MEM ACCESS process[nid:0, cpu:6, pid:3733], folio[virt:0x7f71052b56c0, phys:0x1865f9c000, pfn:0x1865f9c, nid:1, npages:1]
          cg.C.x-3733  [006]     0.202620: (+1)     bprint:               __handle_mm_fault: NUMAB TRY MEM MIGR process[nid:0, cpu:6, pid:3733], folio[virt:0x7f71052b56c0, phys:0x1865f9c000, nid:1], target_nid:0
          cg.C.x-3719  [055]     0.202621: (+1)     bprint:               __handle_mm_fault: NUMAB MEM ACCESS process[nid:1, cpu:55, pid:3719], folio[virt:0x7f7105296230, phys:0x180661000, pfn:0x180661, nid:0, npages:1]
          cg.C.x-3719  [055]     0.202622: (+1)     bprint:               __handle_mm_fault: NUMAB TRY MEM MIGR process[nid:1, cpu:55, pid:3719], folio[virt:0x7f7105296230, phys:0x180661000, nid:0], target_nid:1
          cg.C.x-3727  [048]     0.202622: (+0)     bprint:               __handle_mm_fault: NUMAB MEM ACCESS process[nid:0, cpu:48, pid:3727], folio[virt:0x7f71052a950c, phys:0x1110ae000, pfn:0x1110ae, nid:0, npages:1]
          cg.C.x-3716  [038]     0.202624: (+2)     bprint:               __handle_mm_fault: NUMAB MEM ACCESS process[nid:0, cpu:38, pid:3716], folio[virt:0x7f710528eb58, phys:0x115750000, pfn:0x115750, nid:0, npages:1]
          cg.C.x-3726  [016]     0.202626: (+2)     bprint:               __handle_mm_fault: NUMAB MEM ACCESS process[nid:0, cpu:16, pid:3726], folio[virt:0x7f71052a5504, phys:0x2141e6000, pfn:0x2141e6, nid:0, npages:1]
          cg.C.x-3735  [059]     0.202629: (+3)     bprint:               __handle_mm_fault: NUMAB MEM ACCESS process[nid:1, cpu:59, pid:3735], folio[virt:0x7f71052b9f68, phys:0x186a7b5000, pfn:0x186a7b5, nid:1, npages:1]
          cg.C.x-3753  [029]     0.202631: (+2)     bprint:               __handle_mm_fault: NUMAB MEM ACCESS process[nid:1, cpu:29, pid:3753], folio[virt:0x7f71052e3868, phys:0x1866c9d000, pfn:0x1866c9d, nid:1, npages:1]
          cg.C.x-3771  [007]     0.202636: (+5)     bprint:               __handle_mm_fault: NUMAB MEM ACCESS process[nid:1, cpu:7, pid:3771], folio[virt:0x7f71052131c4, phys:0x185846b000, pfn:0x185846b, nid:1, npages:1]
          cg.C.x-3756  [018]     0.202638: (+2)     bprint:               __handle_mm_fault: NUMAB MEM ACCESS process[nid:0, cpu:18, pid:3756], folio[virt:0x7f71052e9f98, phys:0x1b0637000, pfn:0x1b0637, nid:0, npages:1]
          cg.C.x-3754  [045]     0.202643: (+5)     bprint:               __handle_mm_fault: NUMAB MEM ACCESS process[nid:1, cpu:45, pid:3754], folio[virt:0x7f71052e7138, phys:0x1864b8f000, pfn:0x1864b8f, nid:1, npages:1]
          cg.C.x-3713  [039]     0.202645: (+2)     bprint:               __handle_mm_fault: NUMAB MEM ACCESS process[nid:1, cpu:39, pid:3713], folio[virt:0x7f7105288a4c, phys:0x185b23f000, pfn:0x185b23f, nid:1, npages:1]
          cg.C.x-3757  [023]     0.202649: (+4)     bprint:               __handle_mm_fault: NUMAB MEM ACCESS process[nid:1, cpu:23, pid:3757], folio[virt:0x7f71052ee5c8, phys:0x186ad1d000, pfn:0x186ad1d, nid:1, npages:1]
          cg.C.x-3766  [024]     0.202652: (+3)     bprint:               __handle_mm_fault: NUMAB MEM ACCESS process[nid:0, cpu:24, pid:3766], folio[virt:0x7f7105300f28, phys:0x12314c000, pfn:0x12314c, nid:0, npages:1]
          cg.C.x-3771  [007]     0.202656: (+4)     bprint:               __handle_mm_fault: NUMAB MEM ACCESS process[nid:1, cpu:7, pid:3771], folio[virt:0x7f710530e138, phys:0x18649f2000, pfn:0x18649f2, nid:1, npages:1]
          cg.C.x-3718  [042]     0.202658: (+2)     bprint:               __handle_mm_fault: NUMAB MEM ACCESS process[nid:0, cpu:42, pid:3718], folio[virt:0x7f7105294c6c, phys:0x21416c000, pfn:0x21416c, nid:0, npages:1]
          cg.C.x-3738  [056]     0.202660: (+2)     bprint:               __handle_mm_fault: NUMAB COMPLETED MEM MIGR process[nid:0, cpu:56, pid:3738], old[phys:0x185cce1000, nid:1, npages:1], new[phys:0x3c5cb9000, nid:0, npages:1]
          cg.C.x-3724  [014]     0.202660: (+0)     bprint:               __handle_mm_fault: NUMAB COMPLETED MEM MIGR process[nid:0, cpu:14, pid:3724], old[phys:0x186b2b5000, nid:1, npages:1], new[phys:0x1501b5000, nid:0, npages:1]
          cg.C.x-3749  [049]     0.202661: (+1)     bprint:               __handle_mm_fault: NUMAB MEM ACCESS process[nid:1, cpu:49, pid:3749], folio[virt:0x7f71052d9e9c, phys:0x186a16d000, pfn:0x186a16d, nid:1, npages:1]
          cg.C.x-3730  [060]     0.202665: (+4)     bprint:               __handle_mm_fault: NUMAB COMPLETED MEM MIGR process[nid:0, cpu:60, pid:3730], old[phys:0x1869cd9000, nid:1, npages:1], new[phys:0x151981000, nid:0, npages:1]
          cg.C.x-3770  [030]     0.202666: (+1)     bprint:               __handle_mm_fault: NUMAB MEM ACCESS process[nid:0, cpu:30, pid:3770], folio[virt:0x7f710530abbc, phys:0x3c5d17000, pfn:0x3c5d17, nid:0, npages:1]
          cg.C.x-3717  [005]     0.202668: (+2)     bprint:               __handle_mm_fault: NUMAB COMPLETED MEM MIGR process[nid:1, cpu:5, pid:3717], old[phys:0x21416a000, nid:0, npages:1], new[phys:0x1855b11000, nid:1, npages:1]
          cg.C.x-3767  [043]     0.202668: (+0)     bprint:               __handle_mm_fault: NUMAB COMPLETED MEM MIGR process[nid:1, cpu:43, pid:3767], old[phys:0x1e005b000, nid:0, npages:1], new[phys:0x186a7a8000, nid:1, npages:1]
          cg.C.x-3764  [022]     0.202670: (+2)     bprint:               __handle_mm_fault: NUMAB COMPLETED MEM MIGR process[nid:0, cpu:22, pid:3764], old[phys:0x185c45a000, nid:1, npages:1], new[phys:0x1221f9000, nid:0, npages:1]
          cg.C.x-3733  [006]     0.202670: (+0)     bprint:               __handle_mm_fault: NUMAB COMPLETED MEM MIGR process[nid:0, cpu:6, pid:3733], old[phys:0x1865f9c000, nid:1, npages:1], new[phys:0x11548b000, nid:0, npages:1]
          cg.C.x-3719  [055]     0.202670: (+0)     bprint:               __handle_mm_fault: NUMAB COMPLETED MEM MIGR process[nid:1, cpu:55, pid:3719], old[phys:0x180661000, nid:0, npages:1], new[phys:0x186b164000, nid:1, npages:1]
          cg.C.x-3729  [047]     0.202670: (+0)     bprint:               __handle_mm_fault: NUMAB MEM ACCESS process[nid:1, cpu:47, pid:3729], folio[virt:0x7f71052ae1c0, phys:0x151ed4000, pfn:0x151ed4, nid:0, npages:1]
          cg.C.x-3729  [047]     0.202672: (+2)     bprint:               __handle_mm_fault: NUMAB TRY MEM MIGR process[nid:1, cpu:47, pid:3729], folio[virt:0x7f71052ae1c0, phys:0x151ed4000, nid:0], target_nid:1
          cg.C.x-3740  [036]     0.202678: (+6)     bprint:               __handle_mm_fault: NUMAB MEM ACCESS process[nid:0, cpu:36, pid:3740], folio[virt:0x7f71052c5c94, phys:0x180112000, pfn:0x180112, nid:0, npages:1]
          cg.C.x-3738  [056]     0.202681: (+3)     bprint:               __handle_mm_fault: NUMAB MEM ACCESS process[nid:0, cpu:56, pid:3738], folio[virt:0x7f71052c0b28, phys:0x3c5cb7000, pfn:0x3c5cb7, nid:0, npages:1]
          cg.C.x-3729  [047]     0.202683: (+2)     bprint:               __handle_mm_fault: NUMAB COMPLETED MEM MIGR process[nid:1, cpu:47, pid:3729], old[phys:0x151ed4000, nid:0, npages:1], new[phys:0x186b4b3000, nid:1, npages:1]
          cg.C.x-3733  [006]     0.202688: (+5)     bprint:               __handle_mm_fault: NUMAB MEM ACCESS process[nid:0, cpu:6, pid:3733], folio[virt:0x7f71052b711c, phys:0x180666000, pfn:0x180666, nid:0, npages:1]
          cg.C.x-3771  [007]     0.202696: (+8)     bprint:               __handle_mm_fault: NUMAB MEM ACCESS process[nid:1, cpu:7, pid:3771], folio[virt:0x7f710522960c, phys:0x1866c91000, pfn:0x1866c91, nid:1, npages:1]
          cg.C.x-3771  [007]     0.202707: (+11)    bprint:               __handle_mm_fault: NUMAB MEM ACCESS process[nid:1, cpu:7, pid:3771], folio[virt:0x7f710524eac8, phys:0x1857aef000, pfn:0x1857aef, nid:1, npages:1]
          cg.C.x-3771  [007]     0.202710: (+3)     bprint:               __handle_mm_fault: NUMAB MEM ACCESS process[nid:1, cpu:7, pid:3771], folio[virt:0x7f710524f000, phys:0x186498f000, pfn:0x186498f, nid:1, npages:1]
          cg.C.x-3732  [058]     0.202716: (+6)     bprint:               __handle_mm_fault: NUMAB MEM ACCESS process[nid:0, cpu:58, pid:3732], folio[virt:0x7f71052b2f64, phys:0x21412a000, pfn:0x21412a, nid:0, npages:1]
          cg.C.x-3719  [055]     0.202720: (+4)     bprint:               __handle_mm_fault: NUMAB MEM ACCESS process[nid:1, cpu:55, pid:3719], folio[virt:0x7f7105297734, phys:0x115a5f000, pfn:0x115a5f, nid:0, npages:1]
          cg.C.x-3719  [055]     0.202721: (+1)     bprint:               __handle_mm_fault: NUMAB TRY MEM MIGR process[nid:1, cpu:55, pid:3719], folio[virt:0x7f7105297734, phys:0x115a5f000, nid:0], target_nid:1
          cg.C.x-3719  [055]     0.202726: (+5)     bprint:               __handle_mm_fault: NUMAB COMPLETED MEM MIGR process[nid:1, cpu:55, pid:3719], old[phys:0x115a5f000, nid:0, npages:1], new[phys:0x1858216000, nid:1, npages:1]
          cg.C.x-3721  [057]     0.202738: (+12)    bprint:               __handle_mm_fault: NUMAB MEM ACCESS process[nid:1, cpu:57, pid:3721], folio[virt:0x7f7105299e18, phys:0x185badf000, pfn:0x185badf, nid:1, npages:1]
          cg.C.x-3771  [007]     0.202758: (+20)    bprint:               __handle_mm_fault: NUMAB MEM ACCESS process[nid:1, cpu:7, pid:3771], folio[virt:0x7f710522520c, phys:0x186a175000, pfn:0x186a175, nid:1, npages:1]
          cg.C.x-3771  [007]     0.202775: (+17)    bprint:               __handle_mm_fault: NUMAB MEM ACCESS process[nid:1, cpu:7, pid:3771], folio[virt:0x7f71052656c8, phys:0x186787a000, pfn:0x186787a, nid:1, npages:1]
          cg.C.x-3763  [015]     0.202797: (+22)    bprint:               __handle_mm_fault: NUMAB MEM ACCESS process[nid:1, cpu:15, pid:3763], folio[virt:0x7f71052f9ef8, phys:0x1863ffa000, pfn:0x1863ffa, nid:1, npages:1]
          cg.C.x-3771  [007]     0.202815: (+18)    bprint:               __handle_mm_fault: NUMAB MEM ACCESS process[nid:1, cpu:7, pid:3771], folio[virt:0x7f7105274688, phys:0x185bb8f000, pfn:0x185bb8f, nid:1, npages:1]
          cg.C.x-3771  [007]     0.202872: (+57)    bprint:               __handle_mm_fault: NUMAB MEM ACCESS process[nid:1, cpu:7, pid:3771], folio[virt:0x7f71052073cc, phys:0x1855b2f000, pfn:0x1855b2f, nid:1, npages:1]
          cg.C.x-3771  [007]     0.202910: (+38)    bprint:               __handle_mm_fault: NUMAB MEM ACCESS process[nid:1, cpu:7, pid:3771], folio[virt:0x7f71052105cc, phys:0x1857bb8000, pfn:0x1857bb8, nid:1, npages:1]
          cg.C.x-3771  [007]     0.202923: (+13)    bprint:               __handle_mm_fault: NUMAB MEM ACCESS process[nid:1, cpu:7, pid:3771], folio[virt:0x7f71052626c8, phys:0x1866ab9000, pfn:0x1866ab9, nid:1, npages:1]
          cg.C.x-3712  [040]     0.202985: (+62)    sched_migrate_task:   comm=cg.C.x pid=3758 prio=120 orig_cpu=8 dest_cpu=40
          cg.C.x-3712  [040]     0.202993: (+8)     sched_switch:         cg.C.x:3712 [120] D ==> cg.C.x:3758 [120]
          cg.C.x-3771  [007]     0.202995: (+2)     bprint:               __handle_mm_fault: NUMAB MEM ACCESS process[nid:1, cpu:7, pid:3771], folio[virt:0x7f7105227e8c, phys:0x18580ef000, pfn:0x18580ef, nid:1, npages:1]
          cg.C.x-3771  [007]     0.202998: (+3)     bprint:               __handle_mm_fault: NUMAB MEM ACCESS process[nid:1, cpu:7, pid:3771], folio[virt:0x7f71052280c4, phys:0x18676c2000, pfn:0x18676c2, nid:1, npages:1]
          cg.C.x-3758  [040]     0.203005: (+7)     bprint:               __handle_mm_fault: NUMAB MEM ACCESS process[nid:0, cpu:40, pid:3758], folio[virt:0x7f71052f0094, phys:0x186b320000, pfn:0x186b320, nid:1, npages:1]
          cg.C.x-3758  [040]     0.203007: (+2)     bprint:               __handle_mm_fault: NUMAB TRY MEM MIGR process[nid:0, cpu:40, pid:3758], folio[virt:0x7f71052f0094, phys:0x186b320000, nid:1], target_nid:0
          cg.C.x-3758  [040]     0.203016: (+9)     bprint:               __handle_mm_fault: NUMAB COMPLETED MEM MIGR process[nid:0, cpu:40, pid:3758], old[phys:0x186b320000, nid:1, npages:1], new[phys:0x1211b6000, nid:0, npages:1]
          cg.C.x-3758  [040]     0.203044: (+28)    bprint:               __handle_mm_fault: NUMAB MEM ACCESS process[nid:0, cpu:40, pid:3758], folio[virt:0x7f71052efcec, phys:0x1203c3000, pfn:0x1203c3, nid:0, npages:1]
          cg.C.x-3771  [007]     0.203079: (+35)    bprint:               __handle_mm_fault: NUMAB MEM ACCESS process[nid:1, cpu:7, pid:3771], folio[virt:0x7f710522f4cc, phys:0x1855b59000, pfn:0x1855b59, nid:1, npages:1]
          cg.C.x-3721  [057]     0.203103: (+24)    sched_switch:         cg.C.x:3721 [120] D ==> swapper/57:0 [120]
          cg.C.x-3771  [007]     0.203193: (+90)    bprint:               __handle_mm_fault: NUMAB MEM ACCESS process[nid:1, cpu:7, pid:3771], folio[virt:0x7f710526c848, phys:0x186b9a9000, pfn:0x186b9a9, nid:1, npages:1]
          cg.C.x-3761  [025]     0.203202: (+9)     sched_switch:         cg.C.x:3761 [120] D ==> swapper/25:0 [120]
          cg.C.x-3735  [059]     0.203207: (+5)     sched_switch:         cg.C.x:3735 [120] D ==> swapper/59:0 [120]
          cg.C.x-3749  [049]     0.203208: (+1)     sched_switch:         cg.C.x:3749 [120] D ==> swapper/49:0 [120]
          cg.C.x-3732  [058]     0.203213: (+5)     sched_switch:         cg.C.x:3732 [120] D ==> swapper/58:0 [120]
          cg.C.x-3771  [007]     0.203223: (+10)    bprint:               __handle_mm_fault: NUMAB MEM ACCESS process[nid:1, cpu:7, pid:3771], folio[virt:0x7f710520000c, phys:0x18649ef000, pfn:0x18649ef, nid:1, npages:1]
          cg.C.x-3771  [007]     0.203252: (+29)    bprint:               __handle_mm_fault: NUMAB MEM ACCESS process[nid:1, cpu:7, pid:3771], folio[virt:0x7f710522dc0c, phys:0x186489f000, pfn:0x186489f, nid:1, npages:1]
          cg.C.x-3771  [007]     0.203255: (+3)     bprint:               __handle_mm_fault: NUMAB MEM ACCESS process[nid:1, cpu:7, pid:3771], folio[virt:0x7f710522e084, phys:0x1855b66000, pfn:0x1855b66, nid:1, npages:1]
          cg.C.x-3771  [007]     0.203312: (+57)    bprint:               __handle_mm_fault: NUMAB MEM ACCESS process[nid:1, cpu:7, pid:3771], folio[virt:0x7f710520f6cc, phys:0x1869e93000, pfn:0x1869e93, nid:1, npages:1]
          cg.C.x-3771  [007]     0.203334: (+22)    bprint:               __handle_mm_fault: NUMAB MEM ACCESS process[nid:1, cpu:7, pid:3771], folio[virt:0x7f7105257d48, phys:0x1855a5d000, pfn:0x1855a5d, nid:1, npages:1]
          cg.C.x-3771  [007]     0.203337: (+3)     bprint:               __handle_mm_fault: NUMAB MEM ACCESS process[nid:1, cpu:7, pid:3771], folio[virt:0x7f7105258240, phys:0x18649b5000, pfn:0x18649b5, nid:1, npages:1]
          cg.C.x-3771  [007]     0.203368: (+31)    bprint:               __handle_mm_fault: NUMAB MEM ACCESS process[nid:1, cpu:7, pid:3771], folio[virt:0x7f71052115cc, phys:0x1858965000, pfn:0x1858965, nid:1, npages:1]
          cg.C.x-3753  [029]     0.203380: (+12)    sched_switch:         cg.C.x:3753 [120] D ==> swapper/29:0 [120]
          cg.C.x-3771  [007]     0.203404: (+24)    bprint:               __handle_mm_fault: NUMAB MEM ACCESS process[nid:1, cpu:7, pid:3771], folio[virt:0x7f710523b00c, phys:0x18589c8000, pfn:0x18589c8, nid:1, npages:1]
          cg.C.x-3720  [050]     0.203490: (+86)    sched_waking:         comm=cg.C.x pid=3721 prio=120 target_cpu=057
          cg.C.x-3720  [050]     0.203494: (+4)     sched_wake_idle_without_ipi: cpu=57
          cg.C.x-3771  [007]     0.203498: (+4)     bprint:               __handle_mm_fault: NUMAB MEM ACCESS process[nid:1, cpu:7, pid:3771], folio[virt:0x7f7105273688, phys:0x1867870000, pfn:0x1867870, nid:1, npages:1]
          <idle>-0     [057]     0.203502: (+4)     sched_wakeup:         cg.C.x:3721 [120] CPU:057
          <idle>-0     [057]     0.203504: (+2)     sched_switch:         swapper/57:0 [120] R ==> cg.C.x:3721 [120]
          cg.C.x-3742  [026]     0.203513: (+9)     sched_switch:         cg.C.x:3742 [120] D ==> swapper/26:0 [120]
          cg.C.x-3766  [024]     0.203513: (+0)     sched_switch:         cg.C.x:3766 [120] D ==> swapper/24:0 [120]
          cg.C.x-3748  [032]     0.203514: (+1)     sched_waking:         comm=cg.C.x pid=3749 prio=120 target_cpu=049
          cg.C.x-3763  [015]     0.203515: (+1)     sched_switch:         cg.C.x:3763 [120] D ==> swapper/15:0 [120]
          cg.C.x-3748  [032]     0.203518: (+3)     sched_wake_idle_without_ipi: cpu=49
          cg.C.x-3738  [056]     0.203518: (+0)     sched_switch:         cg.C.x:3738 [120] D ==> swapper/56:0 [120]
          cg.C.x-3770  [030]     0.203519: (+1)     sched_switch:         cg.C.x:3770 [120] D ==> swapper/30:0 [120]
          cg.C.x-3756  [018]     0.203521: (+2)     sched_switch:         cg.C.x:3756 [120] D ==> swapper/18:0 [120]
          cg.C.x-3740  [036]     0.203521: (+0)     sched_switch:         cg.C.x:3740 [120] D ==> swapper/36:0 [120]
          <idle>-0     [049]     0.203540: (+19)    sched_wakeup:         cg.C.x:3749 [120] CPU:049
          <idle>-0     [049]     0.203546: (+6)     sched_switch:         swapper/49:0 [120] R ==> cg.C.x:3749 [120]
          cg.C.x-3748  [032]     0.203554: (+8)     sched_switch:         cg.C.x:3748 [120] D ==> swapper/32:0 [120]
          cg.C.x-3771  [007]     0.203556: (+2)     bprint:               __handle_mm_fault: NUMAB MEM ACCESS process[nid:1, cpu:7, pid:3771], folio[virt:0x7f710521a44c, phys:0x185b15a000, pfn:0x185b15a, nid:1, npages:1]
          cg.C.x-3734  [062]     0.203582: (+26)    sched_waking:         comm=cg.C.x pid=3735 prio=120 target_cpu=059
          cg.C.x-3769  [003]     0.203583: (+1)     sched_waking:         comm=cg.C.x pid=3770 prio=120 target_cpu=030
          cg.C.x-3734  [062]     0.203585: (+2)     sched_wake_idle_without_ipi: cpu=59
          cg.C.x-3769  [003]     0.203587: (+2)     sched_wake_idle_without_ipi: cpu=30
          <idle>-0     [030]     0.203594: (+7)     sched_wakeup:         cg.C.x:3770 [120] CPU:030
          <idle>-0     [030]     0.203595: (+1)     sched_switch:         swapper/30:0 [120] R ==> cg.C.x:3770 [120]
          <idle>-0     [059]     0.203597: (+2)     sched_wakeup:         cg.C.x:3735 [120] CPU:059
          cg.C.x-3711  [017]     0.203598: (+1)     sched_waking:         comm=cg.C.x pid=3712 prio=120 target_cpu=040
          <idle>-0     [059]     0.203600: (+2)     sched_switch:         swapper/59:0 [120] R ==> cg.C.x:3735 [120]
          cg.C.x-3768  [034]     0.203602: (+2)     sched_switch:         cg.C.x:3768 [120] D ==> swapper/34:0 [120]
          cg.C.x-3771  [007]     0.203612: (+10)    bprint:               __handle_mm_fault: NUMAB MEM ACCESS process[nid:1, cpu:7, pid:3771], folio[virt:0x7f7105221e4c, phys:0x1864d49000, pfn:0x1864d49, nid:1, npages:1]
          cg.C.x-3711  [017]     0.203615: (+3)     sched_migrate_task:   comm=cg.C.x pid=3712 prio=120 orig_cpu=40 dest_cpu=25
          cg.C.x-3746  [028]     0.203617: (+2)     bprint:               __handle_mm_fault: NUMAB MEM ACCESS process[nid:0, cpu:28, pid:3746], folio[virt:0x7f71052d4c00, phys:0x118664000, pfn:0x118664, nid:0, npages:1]
          cg.C.x-3711  [017]     0.203618: (+1)     sched_wake_idle_without_ipi: cpu=25
          cg.C.x-3771  [007]     0.203619: (+1)     bprint:               __handle_mm_fault: NUMAB MEM ACCESS process[nid:1, cpu:7, pid:3771], folio[virt:0x7f7105222304, phys:0x186af9e000, pfn:0x186af9e, nid:1, npages:1]
          cg.C.x-3734  [062]     0.203621: (+2)     bprint:               __handle_mm_fault: NUMAB MEM ACCESS process[nid:0, cpu:62, pid:3734], folio[virt:0x7f71052b85e0, phys:0x1512d4000, pfn:0x1512d4, nid:0, npages:1]
          <idle>-0     [025]     0.203624: (+3)     sched_wakeup:         cg.C.x:3712 [120] CPU:025
          <idle>-0     [025]     0.203626: (+2)     sched_switch:         swapper/25:0 [120] R ==> cg.C.x:3712 [120]
          cg.C.x-3746  [028]     0.203629: (+3)     sched_switch:         cg.C.x:3746 [120] D ==> swapper/28:0 [120]
          cg.C.x-3769  [003]     0.203636: (+7)     bprint:               __handle_mm_fault: NUMAB MEM ACCESS process[nid:1, cpu:3, pid:3769], folio[virt:0x7f7105307eec, phys:0x185c618000, pfn:0x185c618, nid:1, npages:1]
          cg.C.x-3760  [010]     0.203643: (+7)     sched_waking:         comm=cg.C.x pid=3761 prio=120 target_cpu=025
          cg.C.x-3760  [010]     0.203650: (+7)     sched_migrate_task:   comm=cg.C.x pid=3761 prio=120 orig_cpu=25 dest_cpu=29
          cg.C.x-3760  [010]     0.203652: (+2)     sched_wake_idle_without_ipi: cpu=29
          cg.C.x-3711  [017]     0.203662: (+10)    bprint:               __handle_mm_fault: NUMAB MEM ACCESS process[nid:1, cpu:17, pid:3711], folio[virt:0x7f710528454c, phys:0x1864996000, pfn:0x1864996, nid:1, npages:1]
          <idle>-0     [029]     0.203666: (+4)     sched_wakeup:         cg.C.x:3761 [120] CPU:029
          <idle>-0     [029]     0.203670: (+4)     sched_switch:         swapper/29:0 [120] R ==> cg.C.x:3761 [120]
          cg.C.x-3711  [017]     0.203687: (+17)    bprint:               __handle_mm_fault: NUMAB MEM ACCESS process[nid:1, cpu:17, pid:3711], folio[virt:0x7f7105283be0, phys:0x186a27a000, pfn:0x186a27a, nid:1, npages:1]
          cg.C.x-3760  [010]     0.203689: (+2)     sched_switch:         cg.C.x:3760 [120] D ==> swapper/10:0 [120]
          cg.C.x-3762  [008]     0.203705: (+16)    sched_waking:         comm=cg.C.x pid=3763 prio=120 target_cpu=015
          cg.C.x-3762  [008]     0.203707: (+2)     sched_wake_idle_without_ipi: cpu=15
          <idle>-0     [015]     0.203716: (+9)     sched_wakeup:         cg.C.x:3763 [120] CPU:015
          <idle>-0     [015]     0.203718: (+2)     sched_switch:         swapper/15:0 [120] R ==> cg.C.x:3763 [120]
          cg.C.x-3771  [007]     0.203720: (+2)     bprint:               __handle_mm_fault: NUMAB MEM ACCESS process[nid:1, cpu:7, pid:3771], folio[virt:0x7f7105252308, phys:0x1866929000, pfn:0x1866929, nid:1, npages:1]
          cg.C.x-3762  [008]     0.203730: (+10)    bprint:               __handle_mm_fault: NUMAB MEM ACCESS process[nid:0, cpu:8, pid:3762], folio[virt:0x7f71052f8b7c, phys:0x214033000, pfn:0x214033, nid:0, npages:1]
          cg.C.x-3745  [013]     0.203736: (+6)     sched_waking:         comm=cg.C.x pid=3746 prio=120 target_cpu=028
          cg.C.x-3745  [013]     0.203739: (+3)     sched_wake_idle_without_ipi: cpu=28
          <idle>-0     [028]     0.203747: (+8)     sched_wakeup:         cg.C.x:3746 [120] CPU:028
          <idle>-0     [028]     0.203748: (+1)     sched_switch:         swapper/28:0 [120] R ==> cg.C.x:3746 [120]
          cg.C.x-3744  [020]     0.203751: (+3)     bprint:               __handle_mm_fault: NUMAB MEM ACCESS process[nid:0, cpu:20, pid:3744], folio[virt:0x7f71052d0100, phys:0x18588a8000, pfn:0x18588a8, nid:1, npages:1]
          cg.C.x-3744  [020]     0.203752: (+1)     bprint:               __handle_mm_fault: NUMAB TRY MEM MIGR process[nid:0, cpu:20, pid:3744], folio[virt:0x7f71052d0100, phys:0x18588a8000, nid:1], target_nid:0
          cg.C.x-3746  [028]     0.203760: (+8)     bprint:               __handle_mm_fault: NUMAB MEM ACCESS process[nid:0, cpu:28, pid:3746], folio[virt:0x7f71052d37f8, phys:0x1e2523000, pfn:0x1e2523, nid:0, npages:1]
          cg.C.x-3744  [020]     0.203762: (+2)     bprint:               __handle_mm_fault: NUMAB COMPLETED MEM MIGR process[nid:0, cpu:20, pid:3744], old[phys:0x18588a8000, nid:1, npages:1], new[phys:0x112c20000, nid:0, npages:1]
          cg.C.x-3752  [046]     0.203768: (+6)     sched_waking:         comm=cg.C.x pid=3753 prio=120 target_cpu=029
          cg.C.x-3745  [013]     0.203771: (+3)     bprint:               __handle_mm_fault: NUMAB MEM ACCESS process[nid:1, cpu:13, pid:3745], folio[virt:0x7f71052d23b4, phys:0x153f81000, pfn:0x153f81, nid:0, npages:1]
          cg.C.x-3745  [013]     0.203772: (+1)     bprint:               __handle_mm_fault: NUMAB TRY MEM MIGR process[nid:1, cpu:13, pid:3745], folio[virt:0x7f71052d23b4, phys:0x153f81000, nid:0], target_nid:1
          cg.C.x-3744  [020]     0.203775: (+3)     sched_switch:         cg.C.x:3744 [120] D ==> swapper/20:0 [120]
          cg.C.x-3745  [013]     0.203783: (+8)     bprint:               __handle_mm_fault: NUMAB COMPLETED MEM MIGR process[nid:1, cpu:13, pid:3745], old[phys:0x153f81000, nid:0, npages:1], new[phys:0x1866da7000, nid:1, npages:1]
          cg.C.x-3761  [029]     0.203786: (+3)     sched_wakeup:         cg.C.x:3753 [120] CPU:029
          cg.C.x-3752  [046]     0.203804: (+18)    bprint:               __handle_mm_fault: NUMAB MEM ACCESS process[nid:0, cpu:46, pid:3752], folio[virt:0x7f71052e2118, phys:0x1b0126000, pfn:0x1b0126, nid:0, npages:1]
          cg.C.x-3752  [046]     0.203835: (+31)    sched_switch:         cg.C.x:3752 [120] D ==> swapper/46:0 [120]
          cg.C.x-3771  [007]     0.203856: (+21)    bprint:               __handle_mm_fault: NUMAB MEM ACCESS process[nid:1, cpu:7, pid:3771], folio[virt:0x7f7105269c88, phys:0x18649a4000, pfn:0x18649a4, nid:1, npages:1]
          cg.C.x-3771  [007]     0.203859: (+3)     bprint:               __handle_mm_fault: NUMAB MEM ACCESS process[nid:1, cpu:7, pid:3771], folio[virt:0x7f710526a040, phys:0x185be17000, pfn:0x185be17, nid:1, npages:1]
          cg.C.x-3771  [007]     0.203885: (+26)    bprint:               __handle_mm_fault: NUMAB MEM ACCESS process[nid:1, cpu:7, pid:3771], folio[virt:0x7f7105267d08, phys:0x186b648000, pfn:0x186b648, nid:1, npages:1]
          cg.C.x-3771  [007]     0.203888: (+3)     bprint:               __handle_mm_fault: NUMAB MEM ACCESS process[nid:1, cpu:7, pid:3771], folio[virt:0x7f7105268100, phys:0x18571c1000, pfn:0x18571c1, nid:1, npages:1]
          cg.C.x-3765  [009]     0.203902: (+14)    sched_waking:         comm=cg.C.x pid=3766 prio=120 target_cpu=024
          cg.C.x-3765  [009]     0.203904: (+2)     sched_wake_idle_without_ipi: cpu=24
          cg.C.x-3771  [007]     0.203906: (+2)     bprint:               __handle_mm_fault: NUMAB MEM ACCESS process[nid:1, cpu:7, pid:3771], folio[virt:0x7f710525bc48, phys:0x186a13c000, pfn:0x186a13c, nid:1, npages:1]
          cg.C.x-3771  [007]     0.203909: (+3)     bprint:               __handle_mm_fault: NUMAB MEM ACCESS process[nid:1, cpu:7, pid:3771], folio[virt:0x7f710525c180, phys:0x1863f39000, pfn:0x1863f39, nid:1, npages:1]
          <idle>-0     [024]     0.203910: (+1)     sched_wakeup:         cg.C.x:3766 [120] CPU:024
          <idle>-0     [024]     0.203911: (+1)     sched_switch:         swapper/24:0 [120] R ==> cg.C.x:3766 [120]
          cg.C.x-3741  [033]     0.203935: (+24)    sched_waking:         comm=cg.C.x pid=3742 prio=120 target_cpu=026
          cg.C.x-3771  [007]     0.203937: (+2)     bprint:               __handle_mm_fault: NUMAB MEM ACCESS process[nid:1, cpu:7, pid:3771], folio[virt:0x7f710523de8c, phys:0x18588d0000, pfn:0x18588d0, nid:1, npages:1]
          cg.C.x-3741  [033]     0.203938: (+1)     sched_wake_idle_without_ipi: cpu=26
          cg.C.x-3771  [007]     0.203940: (+2)     bprint:               __handle_mm_fault: NUMAB MEM ACCESS process[nid:1, cpu:7, pid:3771], folio[virt:0x7f710523e304, phys:0x18678bb000, pfn:0x18678bb, nid:1, npages:1]
          <idle>-0     [026]     0.203944: (+4)     sched_wakeup:         cg.C.x:3742 [120] CPU:026
          <idle>-0     [026]     0.203945: (+1)     sched_switch:         swapper/26:0 [120] R ==> cg.C.x:3742 [120]
          cg.C.x-3743  [037]     0.203957: (+12)    sched_waking:         comm=cg.C.x pid=3744 prio=120 target_cpu=020
          cg.C.x-3743  [037]     0.203960: (+3)     sched_wake_idle_without_ipi: cpu=20
          <idle>-0     [020]     0.203966: (+6)     sched_wakeup:         cg.C.x:3744 [120] CPU:020
          <idle>-0     [020]     0.203968: (+2)     sched_switch:         swapper/20:0 [120] R ==> cg.C.x:3744 [120]
          cg.C.x-3743  [037]     0.203985: (+17)    bprint:               __handle_mm_fault: NUMAB MEM ACCESS process[nid:1, cpu:37, pid:3743], folio[virt:0x7f71052ce25c, phys:0x1512e0000, pfn:0x1512e0, nid:0, npages:1]
          cg.C.x-3743  [037]     0.203986: (+1)     bprint:               __handle_mm_fault: NUMAB TRY MEM MIGR process[nid:1, cpu:37, pid:3743], folio[virt:0x7f71052ce25c, phys:0x1512e0000, nid:0], target_nid:1
          cg.C.x-3747  [051]     0.203993: (+7)     sched_waking:         comm=cg.C.x pid=3748 prio=120 target_cpu=032
          cg.C.x-3743  [037]     0.203994: (+1)     bprint:               __handle_mm_fault: NUMAB COMPLETED MEM MIGR process[nid:1, cpu:37, pid:3743], old[phys:0x1512e0000, nid:0, npages:1], new[phys:0x185b0da000, nid:1, npages:1]
          cg.C.x-3747  [051]     0.203995: (+1)     sched_wake_idle_without_ipi: cpu=32
          <idle>-0     [032]     0.204001: (+6)     sched_wakeup:         cg.C.x:3748 [120] CPU:032
          <idle>-0     [032]     0.204002: (+1)     sched_switch:         swapper/32:0 [120] R ==> cg.C.x:3748 [120]
          cg.C.x-3737  [061]     0.204003: (+1)     sched_waking:         comm=cg.C.x pid=3738 prio=120 target_cpu=056
          cg.C.x-3737  [061]     0.204005: (+2)     sched_wake_idle_without_ipi: cpu=56
          <idle>-0     [056]     0.204011: (+6)     sched_wakeup:         cg.C.x:3738 [120] CPU:056
          <idle>-0     [056]     0.204012: (+1)     sched_switch:         swapper/56:0 [120] R ==> cg.C.x:3738 [120]
          cg.C.x-3748  [032]     0.204013: (+1)     bprint:               __handle_mm_fault: NUMAB MEM ACCESS process[nid:0, cpu:32, pid:3748], folio[virt:0x7f71052d7f00, phys:0x15374c000, pfn:0x15374c, nid:0, npages:1]
          cg.C.x-3747  [051]     0.204018: (+5)     bprint:               __handle_mm_fault: NUMAB MEM ACCESS process[nid:1, cpu:51, pid:3747], folio[virt:0x7f71052d6e08, phys:0x18649d6000, pfn:0x18649d6, nid:1, npages:1]
          cg.C.x-3751  [027]     0.204036: (+18)    sched_waking:         comm=cg.C.x pid=3752 prio=120 target_cpu=046
          cg.C.x-3751  [027]     0.204039: (+3)     sched_wake_idle_without_ipi: cpu=46
          <idle>-0     [046]     0.204045: (+6)     sched_wakeup:         cg.C.x:3752 [120] CPU:046
          <idle>-0     [046]     0.204047: (+2)     sched_switch:         swapper/46:0 [120] R ==> cg.C.x:3752 [120]
          cg.C.x-3771  [007]     0.204048: (+1)     bprint:               __handle_mm_fault: NUMAB MEM ACCESS process[nid:1, cpu:7, pid:3771], folio[virt:0x7f710523008c, phys:0x185725e000, pfn:0x185725e, nid:1, npages:1]
          cg.C.x-3752  [046]     0.204057: (+9)     bprint:               __handle_mm_fault: NUMAB MEM ACCESS process[nid:0, cpu:46, pid:3752], folio[virt:0x7f71052e1e2c, phys:0x3c5c7f000, pfn:0x3c5c7f, nid:0, npages:1]
          cg.C.x-3751  [027]     0.204064: (+7)     bprint:               __handle_mm_fault: NUMAB MEM ACCESS process[nid:1, cpu:27, pid:3751], folio[virt:0x7f71052e0a3c, phys:0x1510c5000, pfn:0x1510c5, nid:0, npages:1]
          cg.C.x-3751  [027]     0.204066: (+2)     bprint:               __handle_mm_fault: NUMAB TRY MEM MIGR process[nid:1, cpu:27, pid:3751], folio[virt:0x7f71052e0a3c, phys:0x1510c5000, nid:0], target_nid:1
          cg.C.x-3767  [043]     0.204070: (+4)     sched_waking:         comm=cg.C.x pid=3768 prio=120 target_cpu=034
          cg.C.x-3767  [043]     0.204072: (+2)     sched_wake_idle_without_ipi: cpu=34
          cg.C.x-3751  [027]     0.204073: (+1)     bprint:               __handle_mm_fault: NUMAB COMPLETED MEM MIGR process[nid:1, cpu:27, pid:3751], old[phys:0x1510c5000, nid:0, npages:1], new[phys:0x1865b61000, nid:1, npages:1]
          cg.C.x-3771  [007]     0.204074: (+1)     bprint:               __handle_mm_fault: NUMAB MEM ACCESS process[nid:1, cpu:7, pid:3771], folio[virt:0x7f710521e9cc, phys:0x186aa1a000, pfn:0x186aa1a, nid:1, npages:1]
          <idle>-0     [034]     0.204079: (+5)     sched_wakeup:         cg.C.x:3768 [120] CPU:034
          <idle>-0     [034]     0.204080: (+1)     sched_switch:         swapper/34:0 [120] R ==> cg.C.x:3768 [120]
          cg.C.x-3768  [034]     0.204093: (+13)    bprint:               __handle_mm_fault: NUMAB MEM ACCESS process[nid:0, cpu:34, pid:3768], folio[virt:0x7f7105305d78, phys:0x1804fc000, pfn:0x1804fc, nid:0, npages:1]
          cg.C.x-3731  [053]     0.204134: (+41)    sched_waking:         comm=cg.C.x pid=3732 prio=120 target_cpu=058
          cg.C.x-3731  [053]     0.204137: (+3)     sched_wake_idle_without_ipi: cpu=58
          <idle>-0     [058]     0.204142: (+5)     sched_wakeup:         cg.C.x:3732 [120] CPU:058
          <idle>-0     [058]     0.204144: (+2)     sched_switch:         swapper/58:0 [120] R ==> cg.C.x:3732 [120]
          cg.C.x-3771  [007]     0.204205: (+61)    bprint:               __handle_mm_fault: NUMAB MEM ACCESS process[nid:1, cpu:7, pid:3771], folio[virt:0x7f710525ad08, phys:0x185c601000, pfn:0x185c601, nid:1, npages:1]
          cg.C.x-3771  [007]     0.204223: (+18)    bprint:               __handle_mm_fault: NUMAB MEM ACCESS process[nid:1, cpu:7, pid:3771], folio[virt:0x7f7105226c0c, phys:0x18669b4000, pfn:0x18669b4, nid:1, npages:1]
          cg.C.x-3771  [007]     0.204246: (+23)    bprint:               __handle_mm_fault: NUMAB MEM ACCESS process[nid:1, cpu:7, pid:3771], folio[virt:0x7f710522a68c, phys:0x185b4ec000, pfn:0x185b4ec, nid:1, npages:1]
          cg.C.x-3771  [007]     0.204265: (+19)    bprint:               __handle_mm_fault: NUMAB MEM ACCESS process[nid:1, cpu:7, pid:3771], folio[virt:0x7f71052413cc, phys:0x1867860000, pfn:0x1867860, nid:1, npages:1]
          cg.C.x-3771  [007]     0.204276: (+11)    bprint:               __handle_mm_fault: NUMAB MEM ACCESS process[nid:1, cpu:7, pid:3771], folio[virt:0x7f7105266488, phys:0x186b107000, pfn:0x186b107, nid:1, npages:1]
          cg.C.x-3771  [007]     0.204303: (+27)    bprint:               __handle_mm_fault: NUMAB MEM ACCESS process[nid:1, cpu:7, pid:3771], folio[virt:0x7f71052313cc, phys:0x185c77b000, pfn:0x185c77b, nid:1, npages:1]
          cg.C.x-3755  [031]     0.204307: (+4)     sched_waking:         comm=cg.C.x pid=3756 prio=120 target_cpu=018
          cg.C.x-3759  [021]     0.204309: (+2)     sched_waking:         comm=cg.C.x pid=3760 prio=120 target_cpu=010
          cg.C.x-3755  [031]     0.204310: (+1)     sched_wake_idle_without_ipi: cpu=18
          cg.C.x-3759  [021]     0.204311: (+1)     sched_wake_idle_without_ipi: cpu=10
          <idle>-0     [018]     0.204317: (+6)     sched_wakeup:         cg.C.x:3756 [120] CPU:018
          <idle>-0     [010]     0.204318: (+1)     sched_wakeup:         cg.C.x:3760 [120] CPU:010
          <idle>-0     [018]     0.204319: (+1)     sched_switch:         swapper/18:0 [120] R ==> cg.C.x:3756 [120]
          <idle>-0     [010]     0.204320: (+1)     sched_switch:         swapper/10:0 [120] R ==> cg.C.x:3760 [120]
          cg.C.x-3760  [010]     0.204332: (+12)    bprint:               __handle_mm_fault: NUMAB MEM ACCESS process[nid:0, cpu:10, pid:3760], folio[virt:0x7f71052f3784, phys:0x1187ea000, pfn:0x1187ea, nid:0, npages:1]
          cg.C.x-3755  [031]     0.204341: (+9)     bprint:               __handle_mm_fault: NUMAB MEM ACCESS process[nid:1, cpu:31, pid:3755], folio[virt:0x7f71052e824c, phys:0x185882b000, pfn:0x185882b, nid:1, npages:1]
          cg.C.x-3739  [063]     0.204393: (+52)    sched_waking:         comm=cg.C.x pid=3740 prio=120 target_cpu=036
          cg.C.x-3739  [063]     0.204395: (+2)     sched_wake_idle_without_ipi: cpu=36
          <idle>-0     [036]     0.204402: (+7)     sched_wakeup:         cg.C.x:3740 [120] CPU:036
          <idle>-0     [036]     0.204404: (+2)     sched_switch:         swapper/36:0 [120] R ==> cg.C.x:3740 [120]
          cg.C.x-3771  [007]     0.204444: (+40)    bprint:               __handle_mm_fault: NUMAB MEM ACCESS process[nid:1, cpu:7, pid:3771], folio[virt:0x7f7105251148, phys:0x186a344000, pfn:0x186a344, nid:1, npages:1]
          cg.C.x-3771  [007]     0.204548: (+104)   bprint:               __handle_mm_fault: NUMAB MEM ACCESS process[nid:1, cpu:7, pid:3771], folio[virt:0x7f710522b50c, phys:0x1858b19000, pfn:0x1858b19, nid:1, npages:1]
          cg.C.x-3771  [007]     0.204847: (+299)   bprint:               __handle_mm_fault: NUMAB MEM ACCESS process[nid:1, cpu:7, pid:3771], folio[virt:0x7f710520ee8c, phys:0x1855982000, pfn:0x1855982, nid:1, npages:1]
          cg.C.x-3771  [007]     0.204857: (+10)    bprint:               __handle_mm_fault: NUMAB MEM ACCESS process[nid:1, cpu:7, pid:3771], folio[virt:0x7f7105220d4c, phys:0x1864d16000, pfn:0x1864d16, nid:1, npages:1]
          cg.C.x-3771  [007]     0.204902: (+45)    bprint:               __handle_mm_fault: NUMAB MEM ACCESS process[nid:1, cpu:7, pid:3771], folio[virt:0x7f710520980c, phys:0x1858461000, pfn:0x1858461, nid:1, npages:1]
          cg.C.x-3771  [007]     0.205127: (+225)   bprint:               __handle_mm_fault: NUMAB MEM ACCESS process[nid:1, cpu:7, pid:3771], folio[virt:0x7f7105232e8c, phys:0x1864f14000, pfn:0x1864f14, nid:1, npages:1]
          cg.C.x-3771  [007]     0.205130: (+3)     bprint:               __handle_mm_fault: NUMAB MEM ACCESS process[nid:1, cpu:7, pid:3771], folio[virt:0x7f7105233204, phys:0x185b3e7000, pfn:0x185b3e7, nid:1, npages:1]
          cg.C.x-3771  [007]     0.205300: (+170)   bprint:               __handle_mm_fault: NUMAB MEM ACCESS process[nid:1, cpu:7, pid:3771], folio[virt:0x7f710523fccc, phys:0x185c55c000, pfn:0x185c55c, nid:1, npages:1]
          cg.C.x-3771  [007]     0.205303: (+3)     bprint:               __handle_mm_fault: NUMAB MEM ACCESS process[nid:1, cpu:7, pid:3771], folio[virt:0x7f71052400c4, phys:0x186bb1f000, pfn:0x186bb1f, nid:1, npages:1]
          cg.C.x-3771  [007]     0.205312: (+9)     bprint:               __handle_mm_fault: NUMAB MEM ACCESS process[nid:1, cpu:7, pid:3771], folio[virt:0x7f710526dc88, phys:0x185cd37000, pfn:0x185cd37, nid:1, npages:1]
          cg.C.x-3771  [007]     0.205316: (+4)     bprint:               __handle_mm_fault: NUMAB MEM ACCESS process[nid:1, cpu:7, pid:3771], folio[virt:0x7f710526e200, phys:0x18559b7000, pfn:0x18559b7, nid:1, npages:1]
          cg.C.x-3771  [007]     0.205355: (+39)    bprint:               __handle_mm_fault: NUMAB MEM ACCESS process[nid:1, cpu:7, pid:3771], folio[virt:0x7f710520454c, phys:0x2c434fe000, pfn:0x2c434fe, nid:1, npages:1]
          cg.C.x-3771  [007]     0.205389: (+34)    bprint:               __handle_mm_fault: NUMAB MEM ACCESS process[nid:1, cpu:7, pid:3771], folio[virt:0x7f7105201f8c, phys:0x1868031000, pfn:0x1868031, nid:1, npages:1]
          cg.C.x-3771  [007]     0.205391: (+2)     bprint:               __handle_mm_fault: NUMAB MEM ACCESS process[nid:1, cpu:7, pid:3771], folio[virt:0x7f71052023c4, phys:0x1855974000, pfn:0x1855974, nid:1, npages:1]
          cg.C.x-3771  [007]     0.205408: (+17)    bprint:               __handle_mm_fault: NUMAB MEM ACCESS process[nid:1, cpu:7, pid:3771], folio[virt:0x7f710524230c, phys:0x1865bbf000, pfn:0x1865bbf, nid:1, npages:1]
          cg.C.x-3771  [007]     0.205494: (+86)    bprint:               __handle_mm_fault: NUMAB MEM ACCESS process[nid:1, cpu:7, pid:3771], folio[virt:0x7f710524994c, phys:0x185c9be000, pfn:0x185c9be, nid:1, npages:1]
          cg.C.x-3771  [007]     0.205498: (+4)     bprint:               __handle_mm_fault: NUMAB MEM ACCESS process[nid:1, cpu:7, pid:3771], folio[virt:0x7f710524a084, phys:0x186b0f3000, pfn:0x186b0f3, nid:1, npages:1]
          cg.C.x-3771  [007]     0.205608: (+110)   bprint:               __handle_mm_fault: NUMAB MEM ACCESS process[nid:1, cpu:7, pid:3771], folio[virt:0x7f710522c20c, phys:0x1864bee000, pfn:0x1864bee, nid:1, npages:1]
          cg.C.x-3771  [007]     0.205773: (+165)   bprint:               __handle_mm_fault: NUMAB MEM ACCESS process[nid:1, cpu:7, pid:3771], folio[virt:0x7f7105235ccc, phys:0x1857280000, pfn:0x1857280, nid:1, npages:1]
          cg.C.x-3771  [007]     0.205776: (+3)     bprint:               __handle_mm_fault: NUMAB MEM ACCESS process[nid:1, cpu:7, pid:3771], folio[virt:0x7f7105236044, phys:0x186afb9000, pfn:0x186afb9, nid:1, npages:1]
          cg.C.x-3771  [007]     0.205900: (+124)   bprint:               __handle_mm_fault: NUMAB MEM ACCESS process[nid:1, cpu:7, pid:3771], folio[virt:0x7f710520db0c, phys:0x186b343000, pfn:0x186b343, nid:1, npages:1]
          cg.C.x-3771  [007]     0.206000: (+100)   bprint:               __handle_mm_fault: NUMAB MEM ACCESS process[nid:1, cpu:7, pid:3771], folio[virt:0x7f710521f184, phys:0x186aa07000, pfn:0x186aa07, nid:1, npages:1]
          cg.C.x-3771  [007]     0.206164: (+164)   bprint:               __handle_mm_fault: NUMAB MEM ACCESS process[nid:1, cpu:7, pid:3771], folio[virt:0x7f7105276e08, phys:0x1855aa5000, pfn:0x1855aa5, nid:1, npages:1]
          cg.C.x-3771  [007]     0.206190: (+26)    bprint:               __handle_mm_fault: NUMAB MEM ACCESS process[nid:1, cpu:7, pid:3771], folio[virt:0x7f710521dd8c, phys:0x1864839000, pfn:0x1864839, nid:1, npages:1]
          cg.C.x-3771  [007]     0.206337: (+147)   bprint:               __handle_mm_fault: NUMAB MEM ACCESS process[nid:1, cpu:7, pid:3771], folio[virt:0x7f710525e748, phys:0x185ba93000, pfn:0x185ba93, nid:1, npages:1]
          cg.C.x-3771  [007]     0.206569: (+232)   bprint:               __handle_mm_fault: NUMAB MEM ACCESS process[nid:1, cpu:7, pid:3771], folio[virt:0x7f7105261a48, phys:0x186b08e000, pfn:0x186b08e, nid:1, npages:1]
          cg.C.x-3771  [007]     0.206581: (+12)    bprint:               __handle_mm_fault: NUMAB MEM ACCESS process[nid:1, cpu:7, pid:3771], folio[virt:0x7f710521bbcc, phys:0x186ad2f000, pfn:0x186ad2f, nid:1, npages:1]
          cg.C.x-3771  [007]     0.206584: (+3)     bprint:               __handle_mm_fault: NUMAB MEM ACCESS process[nid:1, cpu:7, pid:3771], folio[virt:0x7f710521c044, phys:0x1864836000, pfn:0x1864836, nid:1, npages:1]
          cg.C.x-3771  [007]     0.206713: (+129)   bprint:               __handle_mm_fault: NUMAB MEM ACCESS process[nid:1, cpu:7, pid:3771], folio[virt:0x7f7105256c08, phys:0x303f225000, pfn:0x303f225, nid:1, npages:1]
          cg.C.x-3771  [007]     0.206838: (+125)   bprint:               __handle_mm_fault: NUMAB MEM ACCESS process[nid:1, cpu:7, pid:3771], folio[virt:0x7f710523884c, phys:0x1866c21000, pfn:0x1866c21, nid:1, npages:1]
          cg.C.x-3771  [007]     0.206854: (+16)    bprint:               __handle_mm_fault: NUMAB MEM ACCESS process[nid:1, cpu:7, pid:3771], folio[virt:0x7f71052342cc, phys:0x186787f000, pfn:0x186787f, nid:1, npages:1]
          cg.C.x-3771  [007]     0.206866: (+12)    bprint:               __handle_mm_fault: NUMAB MEM ACCESS process[nid:1, cpu:7, pid:3771], folio[virt:0x7f710520864c, phys:0x1864d64000, pfn:0x1864d64, nid:1, npages:1]
          cg.C.x-3771  [007]     0.206991: (+125)   bprint:               __handle_mm_fault: NUMAB MEM ACCESS process[nid:1, cpu:7, pid:3771], folio[virt:0x7f7105217a8c, phys:0x185ce7b000, pfn:0x185ce7b, nid:1, npages:1]
          cg.C.x-3771  [007]     0.207315: (+324)   bprint:               __handle_mm_fault: NUMAB MEM ACCESS process[nid:1, cpu:7, pid:3771], folio[virt:0x7f710520514c, phys:0x2c434f9000, pfn:0x2c434f9, nid:1, npages:1]
          cg.C.x-3771  [007]     0.207323: (+8)     bprint:               __handle_mm_fault: NUMAB MEM ACCESS process[nid:1, cpu:7, pid:3771], folio[virt:0x7f7105255b88, phys:0x185cd24000, pfn:0x185cd24, nid:1, npages:1]
          cg.C.x-3771  [007]     0.207409: (+86)    bprint:               __handle_mm_fault: NUMAB MEM ACCESS process[nid:1, cpu:7, pid:3771], folio[virt:0x7f710525f1c0, phys:0x186a1ba000, pfn:0x186a1ba, nid:1, npages:1]
          cg.C.x-3771  [007]     0.207586: (+177)   bprint:               __handle_mm_fault: NUMAB MEM ACCESS process[nid:1, cpu:7, pid:3771], folio[virt:0x7f7105254b08, phys:0x1866cc9000, pfn:0x1866cc9, nid:1, npages:1]
          cg.C.x-3771  [007]     0.207619: (+33)    bprint:               __handle_mm_fault: NUMAB MEM ACCESS process[nid:1, cpu:7, pid:3771], folio[virt:0x7f710520390c, phys:0x303f229000, pfn:0x303f229, nid:1, npages:1]
          cg.C.x-3771  [007]     0.207635: (+16)    bprint:               __handle_mm_fault: NUMAB MEM ACCESS process[nid:1, cpu:7, pid:3771], folio[virt:0x7f710520628c, phys:0x18580b8000, pfn:0x18580b8, nid:1, npages:1]
          cg.C.x-3771  [007]     0.207676: (+41)    bprint:               __handle_mm_fault: NUMAB MEM ACCESS process[nid:1, cpu:7, pid:3771], folio[virt:0x7f7105253388, phys:0x2c435aa000, pfn:0x2c435aa, nid:1, npages:1]
          cg.C.x-3771  [007]     0.207700: (+24)    bprint:               __handle_mm_fault: NUMAB MEM ACCESS process[nid:1, cpu:7, pid:3771], folio[virt:0x7f7105275188, phys:0x1864b98000, pfn:0x1864b98, nid:1, npages:1]
          cg.C.x-3771  [007]     0.207911: (+211)   bprint:               __handle_mm_fault: NUMAB MEM ACCESS process[nid:1, cpu:7, pid:3771], folio[virt:0x7f71052641c8, phys:0x1855989000, pfn:0x1855989, nid:1, npages:1]
          cg.C.x-3771  [007]     0.208017: (+106)   bprint:               __handle_mm_fault: NUMAB MEM ACCESS process[nid:1, cpu:7, pid:3771], folio[virt:0x7f71052593c0, phys:0x185c5f6000, pfn:0x185c5f6, nid:1, npages:1]
          cg.C.x-3771  [007]     0.208144: (+127)   bprint:               __handle_mm_fault: NUMAB MEM ACCESS process[nid:1, cpu:7, pid:3771], folio[virt:0x7f710523ca4c, phys:0x1866aa5000, pfn:0x1866aa5, nid:1, npages:1]
          cg.C.x-3771  [007]     0.208162: (+18)    bprint:               __handle_mm_fault: NUMAB MEM ACCESS process[nid:1, cpu:7, pid:3771], folio[virt:0x7f710520a04c, phys:0x1855ace000, pfn:0x1855ace, nid:1, npages:1]
          cg.C.x-3771  [007]     0.208352: (+190)   bprint:               __handle_mm_fault: NUMAB MEM ACCESS process[nid:1, cpu:7, pid:3771], folio[virt:0x7f7105263dc8, phys:0x1855954000, pfn:0x1855954, nid:1, npages:1]
          cg.C.x-3771  [007]     0.208378: (+26)    bprint:               __handle_mm_fault: NUMAB MEM ACCESS process[nid:1, cpu:7, pid:3771], folio[virt:0x7f71052186cc, phys:0x186af8c000, pfn:0x186af8c, nid:1, npages:1]
          cg.C.x-3771  [007]     0.208703: (+325)   bprint:               __handle_mm_fault: NUMAB MEM ACCESS process[nid:1, cpu:7, pid:3771], folio[virt:0x7f710523700c, phys:0x186a418000, pfn:0x186a418, nid:1, npages:1]
          cg.C.x-3771  [007]     0.209069: (+366)   bprint:               __handle_mm_fault: NUMAB MEM ACCESS process[nid:1, cpu:7, pid:3771], folio[virt:0x7f710520c50c, phys:0x1858a1a000, pfn:0x1858a1a, nid:1, npages:1]
          cg.C.x-3771  [007]     0.209548: (+479)   bprint:               __handle_mm_fault: NUMAB MEM ACCESS process[nid:1, cpu:7, pid:3771], folio[virt:0x7f710524488c, phys:0x1863e7f000, pfn:0x1863e7f, nid:1, npages:1]
