          cg.C.x-3722  [012]     0.122807: (+2)     bprint:               __handle_mm_fault: NUMAB MEM ACCESS process[nid:0, cpu:12, pid:3722], folio[virt:0x7f70fbf01000, phys:0x153c11000, pfn:0x153c11, nid:0, npages:1]
          cg.C.x-3729  [047]     0.122808: (+1)     bprint:               __handle_mm_fault: NUMAB MEM ACCESS process[nid:1, cpu:47, pid:3729], folio[virt:0x7f70fbe5b000, phys:0x152d83000, pfn:0x152d83, nid:0, npages:1]
          cg.C.x-3729  [047]     0.122809: (+1)     bprint:               __handle_mm_fault: NUMAB TRY MEM MIGR process[nid:1, cpu:47, pid:3729], folio[virt:0x7f70fbe5b000, phys:0x152d83000, nid:0], target_nid:1
          cg.C.x-3748  [032]     0.122810: (+1)     bprint:               __handle_mm_fault: NUMAB MEM ACCESS process[nid:0, cpu:32, pid:3748], folio[virt:0x7f70fbf1b000, phys:0x186aaa1000, pfn:0x186aaa1, nid:1, npages:1]
          cg.C.x-3748  [032]     0.122811: (+1)     bprint:               __handle_mm_fault: NUMAB TRY MEM MIGR process[nid:0, cpu:32, pid:3748], folio[virt:0x7f70fbf1b000, phys:0x186aaa1000, nid:1], target_nid:0
          cg.C.x-3752  [046]     0.122812: (+1)     bprint:               __handle_mm_fault: NUMAB MEM ACCESS process[nid:0, cpu:46, pid:3752], folio[virt:0x7f710eb83000, phys:0x112cf7000, pfn:0x112cf7, nid:0, npages:1]
          cg.C.x-3729  [047]     0.122813: (+1)     sched_waking:         comm=cg.C.x pid=3747 prio=120 target_cpu=051
          cg.C.x-3750  [044]     0.122813: (+0)     bprint:               __handle_mm_fault: NUMAB MEM ACCESS process[nid:0, cpu:44, pid:3750], folio[virt:0x7f70fbe3d000, phys:0x1858678000, pfn:0x1858678, nid:1, npages:1]
          cg.C.x-3750  [044]     0.122814: (+1)     bprint:               __handle_mm_fault: NUMAB TRY MEM MIGR process[nid:0, cpu:44, pid:3750], folio[virt:0x7f70fbe3d000, phys:0x1858678000, nid:1], target_nid:0
          cg.C.x-3727  [045]     0.122817: (+3)     sched_waking:         comm=cg.C.x pid=3738 prio=120 target_cpu=056
          cg.C.x-3726  [016]     0.122817: (+0)     bprint:               __handle_mm_fault: NUMAB MEM ACCESS process[nid:0, cpu:16, pid:3726], folio[virt:0x7f70fbe1e000, phys:0x1518ad000, pfn:0x1518ad, nid:0, npages:1]
          cg.C.x-3752  [046]     0.122818: (+1)     bprint:               __handle_mm_fault: NUMAB MEM ACCESS process[nid:0, cpu:46, pid:3752], folio[virt:0x7f70fbea0000, phys:0x1b05a6000, pfn:0x1b05a6, nid:0, npages:1]
          cg.C.x-3727  [045]     0.122818: (+0)     sched_wake_idle_without_ipi: cpu=56
          cg.C.x-3722  [012]     0.122819: (+1)     bprint:               __handle_mm_fault: NUMAB MEM ACCESS process[nid:0, cpu:12, pid:3722], folio[virt:0x7f70fbf02000, phys:0x112a7a000, pfn:0x112a7a, nid:0, npages:1]
          cg.C.x-3748  [032]     0.122822: (+3)     bprint:               __handle_mm_fault: NUMAB COMPLETED MEM MIGR process[nid:0, cpu:32, pid:3748], old[phys:0x186aaa1000, nid:1, npages:1], new[phys:0x118703000, nid:0, npages:1]
          cg.C.x-3727  [045]     0.122822: (+0)     bprint:               __handle_mm_fault: NUMAB COMPLETED MEM MIGR process[nid:1, cpu:45, pid:3727], old[phys:0x113bf1000, nid:0, npages:1], new[phys:0x186774b000, nid:1, npages:1]
          cg.C.x-3750  [044]     0.122823: (+1)     bprint:               __handle_mm_fault: NUMAB COMPLETED MEM MIGR process[nid:0, cpu:44, pid:3750], old[phys:0x1858678000, nid:1, npages:1], new[phys:0x3c5df7000, nid:0, npages:1]
          <idle>-0     [056]     0.122824: (+1)     sched_wakeup:         cg.C.x:3738 [120] CPU:056
          <idle>-0     [056]     0.122825: (+1)     sched_switch:         swapper/56:0 [120] R ==> cg.C.x:3738 [120]
          cg.C.x-3726  [016]     0.122827: (+2)     bprint:               __handle_mm_fault: NUMAB MEM ACCESS process[nid:0, cpu:16, pid:3726], folio[virt:0x7f70fbe1f000, phys:0x1200ca000, pfn:0x1200ca, nid:0, npages:1]
          cg.C.x-3747  [051]     0.122827: (+0)     sched_switch:         cg.C.x:3747 [120] D ==> swapper/51:0 [120]
          cg.C.x-3752  [046]     0.122829: (+2)     bprint:               __handle_mm_fault: NUMAB MEM ACCESS process[nid:0, cpu:46, pid:3752], folio[virt:0x7f70fbea1000, phys:0x1804a0000, pfn:0x1804a0, nid:0, npages:1]
          cg.C.x-3729  [047]     0.122830: (+1)     sched_wake_idle_without_ipi: cpu=51
          cg.C.x-3722  [012]     0.122830: (+0)     bprint:               __handle_mm_fault: NUMAB MEM ACCESS process[nid:0, cpu:12, pid:3722], folio[virt:0x7f70fbf03000, phys:0x1867d56000, pfn:0x1867d56, nid:1, npages:1]
          cg.C.x-3722  [012]     0.122831: (+1)     bprint:               __handle_mm_fault: NUMAB TRY MEM MIGR process[nid:0, cpu:12, pid:3722], folio[virt:0x7f70fbf03000, phys:0x1867d56000, nid:1], target_nid:0
          cg.C.x-3749  [049]     0.122832: (+1)     bprint:               __handle_mm_fault: NUMAB MEM ACCESS process[nid:1, cpu:49, pid:3749], folio[virt:0x7f70fbf03000, phys:0x1867d56000, pfn:0x1867d56, nid:1, npages:1]
          <idle>-0     [051]     0.122833: (+1)     sched_wakeup:         cg.C.x:3747 [120] CPU:051
          cg.C.x-3729  [047]     0.122833: (+0)     bprint:               __handle_mm_fault: NUMAB COMPLETED MEM MIGR process[nid:1, cpu:47, pid:3729], old[phys:0x152d83000, nid:0, npages:1], new[phys:0x186b29a000, nid:1, npages:1]
          cg.C.x-3748  [032]     0.122834: (+1)     bprint:               __handle_mm_fault: NUMAB MEM ACCESS process[nid:0, cpu:32, pid:3748], folio[virt:0x7f70fbf1c000, phys:0x1858a8a000, pfn:0x1858a8a, nid:1, npages:1]
          <idle>-0     [051]     0.122835: (+1)     sched_switch:         swapper/51:0 [120] R ==> cg.C.x:3747 [120]
          cg.C.x-3748  [032]     0.122835: (+0)     bprint:               __handle_mm_fault: NUMAB TRY MEM MIGR process[nid:0, cpu:32, pid:3748], folio[virt:0x7f70fbf1c000, phys:0x1858a8a000, nid:1], target_nid:0
          cg.C.x-3750  [044]     0.122836: (+1)     bprint:               __handle_mm_fault: NUMAB MEM ACCESS process[nid:0, cpu:44, pid:3750], folio[virt:0x7f70fbe3e000, phys:0x185c7d8000, pfn:0x185c7d8, nid:1, npages:1]
          cg.C.x-3750  [044]     0.122836: (+0)     bprint:               __handle_mm_fault: NUMAB TRY MEM MIGR process[nid:0, cpu:44, pid:3750], folio[virt:0x7f70fbe3e000, phys:0x185c7d8000, nid:1], target_nid:0
          cg.C.x-3727  [045]     0.122838: (+2)     sched_swap_numa:      src_pid=3727 src_tgid=3708 src_ngid=3727 src_cpu=45 src_nid=1 dst_pid=3754 dst_tgid=3708 dst_ngid=3722 dst_cpu=48 dst_nid=0
          cg.C.x-3748  [032]     0.122839: (+1)     bprint:               __handle_mm_fault: NUMAB COMPLETED MEM MIGR process[nid:0, cpu:32, pid:3748], old[phys:0x1858a8a000, nid:1, npages:1], new[phys:0x15187b000, nid:0, npages:1]
          cg.C.x-3727  [045]     0.122839: (+0)     sched_waking:         comm=migration/45 pid=287 prio=0 target_cpu=045
          cg.C.x-3727  [045]     0.122840: (+1)     sched_wakeup:         migration/45:287 [0] CPU:045
          cg.C.x-3752  [046]     0.122840: (+0)     bprint:               __handle_mm_fault: NUMAB MEM ACCESS process[nid:0, cpu:46, pid:3752], folio[virt:0x7f70fbea2000, phys:0x1156ae000, pfn:0x1156ae, nid:0, npages:1]
          cg.C.x-3727  [045]     0.122840: (+0)     sched_waking:         comm=migration/48 pid=305 prio=0 target_cpu=048
          cg.C.x-3750  [044]     0.122841: (+1)     bprint:               __handle_mm_fault: NUMAB COMPLETED MEM MIGR process[nid:0, cpu:44, pid:3750], old[phys:0x185c7d8000, nid:1, npages:1], new[phys:0x3c5df8000, nid:0, npages:1]
          cg.C.x-3729  [047]     0.122842: (+1)     bprint:               __handle_mm_fault: NUMAB MEM ACCESS process[nid:1, cpu:47, pid:3729], folio[virt:0x7f70fbe5c000, phys:0x11142b000, pfn:0x11142b, nid:0, npages:1]
          cg.C.x-3727  [045]     0.122843: (+1)     sched_switch:         cg.C.x:3727 [120] R ==> migration/45:287 [0]
          cg.C.x-3729  [047]     0.122843: (+0)     bprint:               __handle_mm_fault: NUMAB TRY MEM MIGR process[nid:1, cpu:47, pid:3729], folio[virt:0x7f70fbe5c000, phys:0x11142b000, nid:0], target_nid:1
          cg.C.x-3749  [049]     0.122844: (+1)     bprint:               __handle_mm_fault: NUMAB MEM ACCESS process[nid:1, cpu:49, pid:3749], folio[virt:0x7f70fbf04000, phys:0x1863e07000, pfn:0x1863e07, nid:1, npages:1]
          cg.C.x-3754  [048]     0.122844: (+0)     sched_wakeup:         migration/48:305 [0] CPU:048
          cg.C.x-3729  [047]     0.122847: (+3)     sched_waking:         comm=cg.C.x pid=3747 prio=120 target_cpu=051
          cg.C.x-3754  [048]     0.122849: (+2)     sched_switch:         cg.C.x:3754 [120] R ==> migration/48:305 [0]
          cg.C.x-3748  [032]     0.122849: (+0)     bprint:               __handle_mm_fault: NUMAB MEM ACCESS process[nid:0, cpu:32, pid:3748], folio[virt:0x7f70fbf1d000, phys:0x186a23b000, pfn:0x186a23b, nid:1, npages:1]
          cg.C.x-3748  [032]     0.122850: (+1)     bprint:               __handle_mm_fault: NUMAB TRY MEM MIGR process[nid:0, cpu:32, pid:3748], folio[virt:0x7f70fbf1d000, phys:0x186a23b000, nid:1], target_nid:0
          cg.C.x-3752  [046]     0.122852: (+2)     bprint:               __handle_mm_fault: NUMAB MEM ACCESS process[nid:0, cpu:46, pid:3752], folio[virt:0x7f70fbea3000, phys:0x1532e1000, pfn:0x1532e1, nid:0, npages:1]
          cg.C.x-3750  [044]     0.122853: (+1)     bprint:               __handle_mm_fault: NUMAB MEM ACCESS process[nid:0, cpu:44, pid:3750], folio[virt:0x7f70fbe3f000, phys:0x186a316000, pfn:0x186a316, nid:1, npages:1]
          cg.C.x-3750  [044]     0.122853: (+0)     bprint:               __handle_mm_fault: NUMAB TRY MEM MIGR process[nid:0, cpu:44, pid:3750], folio[virt:0x7f70fbe3f000, phys:0x186a316000, nid:1], target_nid:0
          cg.C.x-3749  [049]     0.122855: (+2)     bprint:               __handle_mm_fault: NUMAB MEM ACCESS process[nid:1, cpu:49, pid:3749], folio[virt:0x7f70fbf05000, phys:0x18572e3000, pfn:0x18572e3, nid:1, npages:1]
          cg.C.x-3747  [051]     0.122856: (+1)     sched_switch:         cg.C.x:3747 [120] D ==> swapper/51:0 [120]
          cg.C.x-3748  [032]     0.122858: (+2)     bprint:               __handle_mm_fault: NUMAB COMPLETED MEM MIGR process[nid:0, cpu:32, pid:3748], old[phys:0x186a23b000, nid:1, npages:1], new[phys:0x111782000, nid:0, npages:1]
    migration/48-305   [048]     0.122858: (+0)     sched_migrate_task:   comm=cg.C.x pid=3727 prio=120 orig_cpu=45 dest_cpu=48
          cg.C.x-3750  [044]     0.122859: (+1)     bprint:               __handle_mm_fault: NUMAB COMPLETED MEM MIGR process[nid:0, cpu:44, pid:3750], old[phys:0x186a316000, nid:1, npages:1], new[phys:0x3c5df9000, nid:0, npages:1]
          cg.C.x-3729  [047]     0.122860: (+1)     bprint:               __handle_mm_fault: NUMAB COMPLETED MEM MIGR process[nid:1, cpu:47, pid:3729], old[phys:0x11142b000, nid:0, npages:1], new[phys:0x18674a0000, nid:1, npages:1]
          <idle>-0     [051]     0.122860: (+0)     sched_wakeup:         cg.C.x:3747 [120] CPU:051
          <idle>-0     [051]     0.122861: (+1)     sched_switch:         swapper/51:0 [120] R ==> cg.C.x:3747 [120]
    migration/48-305   [048]     0.122863: (+2)     sched_migrate_task:   comm=cg.C.x pid=3754 prio=120 orig_cpu=48 dest_cpu=45
          cg.C.x-3752  [046]     0.122865: (+2)     bprint:               __handle_mm_fault: NUMAB MEM ACCESS process[nid:0, cpu:46, pid:3752], folio[virt:0x7f70fbea4000, phys:0x1187a2000, pfn:0x1187a2, nid:0, npages:1]
          cg.C.x-3749  [049]     0.122866: (+1)     bprint:               __handle_mm_fault: NUMAB MEM ACCESS process[nid:1, cpu:49, pid:3749], folio[virt:0x7f70fbf06000, phys:0x303f387000, pfn:0x303f387, nid:1, npages:1]
          cg.C.x-3748  [032]     0.122869: (+3)     bprint:               __handle_mm_fault: NUMAB MEM ACCESS process[nid:0, cpu:32, pid:3748], folio[virt:0x7f70fbf1e000, phys:0x18570cc000, pfn:0x18570cc, nid:1, npages:1]
          cg.C.x-3748  [032]     0.122870: (+1)     bprint:               __handle_mm_fault: NUMAB TRY MEM MIGR process[nid:0, cpu:32, pid:3748], folio[virt:0x7f70fbf1e000, phys:0x18570cc000, nid:1], target_nid:0
          cg.C.x-3729  [047]     0.122870: (+0)     bprint:               __handle_mm_fault: NUMAB MEM ACCESS process[nid:1, cpu:47, pid:3729], folio[virt:0x7f70fbe5d000, phys:0x3c5d12000, pfn:0x3c5d12, nid:0, npages:1]
    migration/45-287   [045]     0.122871: (+1)     sched_switch:         migration/45:287 [0] S ==> cg.C.x:3754 [120]
    migration/48-305   [048]     0.122871: (+0)     sched_switch:         migration/48:305 [0] S ==> cg.C.x:3727 [120]
          cg.C.x-3729  [047]     0.122871: (+0)     bprint:               __handle_mm_fault: NUMAB TRY MEM MIGR process[nid:1, cpu:47, pid:3729], folio[virt:0x7f70fbe5d000, phys:0x3c5d12000, nid:0], target_nid:1
          cg.C.x-3750  [044]     0.122871: (+0)     bprint:               __handle_mm_fault: NUMAB MEM ACCESS process[nid:0, cpu:44, pid:3750], folio[virt:0x7f70fbe40000, phys:0x1866c44000, pfn:0x1866c44, nid:1, npages:1]
          cg.C.x-3750  [044]     0.122872: (+1)     bprint:               __handle_mm_fault: NUMAB TRY MEM MIGR process[nid:0, cpu:44, pid:3750], folio[virt:0x7f70fbe40000, phys:0x1866c44000, nid:1], target_nid:0
          cg.C.x-3747  [051]     0.122873: (+1)     bprint:               __handle_mm_fault: NUMAB MEM ACCESS process[nid:1, cpu:51, pid:3747], folio[virt:0x7f70fbe5d000, phys:0x3c5d12000, pfn:0x3c5d12, nid:0, npages:1]
          cg.C.x-3747  [051]     0.122874: (+1)     bprint:               __handle_mm_fault: NUMAB TRY MEM MIGR process[nid:1, cpu:51, pid:3747], folio[virt:0x7f70fbe5d000, phys:0x3c5d12000, nid:0], target_nid:1
          cg.C.x-3747  [051]     0.122875: (+1)     bprint:               migrate_misplaced_folio: NUMAB pid:3747 ABORTING MEM MIGR because !isolated
          cg.C.x-3722  [012]     0.122876: (+1)     bprint:               __handle_mm_fault: NUMAB COMPLETED MEM MIGR process[nid:0, cpu:12, pid:3722], old[phys:0x1867d56000, nid:1, npages:1], new[phys:0x153094000, nid:0, npages:1]
          cg.C.x-3749  [049]     0.122878: (+2)     bprint:               __handle_mm_fault: NUMAB MEM ACCESS process[nid:1, cpu:49, pid:3749], folio[virt:0x7f70fbf07000, phys:0x1864cad000, pfn:0x1864cad, nid:1, npages:1]
          cg.C.x-3752  [046]     0.122880: (+2)     bprint:               __handle_mm_fault: NUMAB MEM ACCESS process[nid:0, cpu:46, pid:3752], folio[virt:0x7f70fbea5000, phys:0x11160a000, pfn:0x11160a, nid:0, npages:1]
          cg.C.x-3748  [032]     0.122883: (+3)     bprint:               __handle_mm_fault: NUMAB COMPLETED MEM MIGR process[nid:0, cpu:32, pid:3748], old[phys:0x18570cc000, nid:1, npages:1], new[phys:0x152c37000, nid:0, npages:1]
          cg.C.x-3750  [044]     0.122884: (+1)     bprint:               __handle_mm_fault: NUMAB COMPLETED MEM MIGR process[nid:0, cpu:44, pid:3750], old[phys:0x1866c44000, nid:1, npages:1], new[phys:0x3c5dfa000, nid:0, npages:1]
          cg.C.x-3729  [047]     0.122884: (+0)     bprint:               __handle_mm_fault: NUMAB COMPLETED MEM MIGR process[nid:1, cpu:47, pid:3729], old[phys:0x3c5d12000, nid:0, npages:1], new[phys:0x185b361000, nid:1, npages:1]
          cg.C.x-3749  [049]     0.122888: (+4)     bprint:               __handle_mm_fault: NUMAB MEM ACCESS process[nid:1, cpu:49, pid:3749], folio[virt:0x7f70fbf08000, phys:0x185c9ad000, pfn:0x185c9ad, nid:1, npages:1]
          cg.C.x-3752  [046]     0.122892: (+4)     bprint:               __handle_mm_fault: NUMAB MEM ACCESS process[nid:0, cpu:46, pid:3752], folio[virt:0x7f70fbea6000, phys:0x1b08cb000, pfn:0x1b08cb, nid:0, npages:1]
          cg.C.x-3747  [051]     0.122893: (+1)     bprint:               __handle_mm_fault: NUMAB MEM ACCESS process[nid:1, cpu:51, pid:3747], folio[virt:0x7f70fbe5e000, phys:0x3c5d08000, pfn:0x3c5d08, nid:0, npages:1]
          cg.C.x-3747  [051]     0.122894: (+1)     bprint:               __handle_mm_fault: NUMAB TRY MEM MIGR process[nid:1, cpu:51, pid:3747], folio[virt:0x7f70fbe5e000, phys:0x3c5d08000, nid:0], target_nid:1
          cg.C.x-3748  [032]     0.122894: (+0)     bprint:               __handle_mm_fault: NUMAB MEM ACCESS process[nid:0, cpu:32, pid:3748], folio[virt:0x7f70fbf1f000, phys:0x185b9d3000, pfn:0x185b9d3, nid:1, npages:1]
          cg.C.x-3748  [032]     0.122896: (+2)     bprint:               __handle_mm_fault: NUMAB TRY MEM MIGR process[nid:0, cpu:32, pid:3748], folio[virt:0x7f70fbf1f000, phys:0x185b9d3000, nid:1], target_nid:0
          cg.C.x-3729  [047]     0.122896: (+0)     bprint:               __handle_mm_fault: NUMAB MEM ACCESS process[nid:1, cpu:47, pid:3729], folio[virt:0x7f70fbe5e000, phys:0x3c5d08000, pfn:0x3c5d08, nid:0, npages:1]
          cg.C.x-3729  [047]     0.122897: (+1)     bprint:               __handle_mm_fault: NUMAB TRY MEM MIGR process[nid:1, cpu:47, pid:3729], folio[virt:0x7f70fbe5e000, phys:0x3c5d08000, nid:0], target_nid:1
          cg.C.x-3729  [047]     0.122897: (+0)     bprint:               migrate_misplaced_folio: NUMAB pid:3729 ABORTING MEM MIGR because !isolated
          cg.C.x-3750  [044]     0.122898: (+1)     bprint:               __handle_mm_fault: NUMAB MEM ACCESS process[nid:0, cpu:44, pid:3750], folio[virt:0x7f70fbe41000, phys:0x1866ac3000, pfn:0x1866ac3, nid:1, npages:1]
          cg.C.x-3750  [044]     0.122899: (+1)     bprint:               __handle_mm_fault: NUMAB TRY MEM MIGR process[nid:0, cpu:44, pid:3750], folio[virt:0x7f70fbe41000, phys:0x1866ac3000, nid:1], target_nid:0
          cg.C.x-3749  [049]     0.122900: (+1)     bprint:               __handle_mm_fault: NUMAB MEM ACCESS process[nid:1, cpu:49, pid:3749], folio[virt:0x7f70fbf09000, phys:0x18674ac000, pfn:0x18674ac, nid:1, npages:1]
          cg.C.x-3736  [002]     0.122903: (+3)     bprint:               __handle_mm_fault: NUMAB MEM ACCESS process[nid:0, cpu:2, pid:3736], folio[virt:0x7f70fbe41000, phys:0x1866ac3000, pfn:0x1866ac3, nid:1, npages:1]
          cg.C.x-3762  [008]     0.122904: (+1)     sched_waking:         comm=cg.C.x pid=3745 prio=120 target_cpu=013
          cg.C.x-3736  [002]     0.122904: (+0)     bprint:               __handle_mm_fault: NUMAB TRY MEM MIGR process[nid:0, cpu:2, pid:3736], folio[virt:0x7f70fbe41000, phys:0x1866ac3000, nid:1], target_nid:0
          cg.C.x-3736  [002]     0.122905: (+1)     bprint:               migrate_misplaced_folio: NUMAB pid:3736 ABORTING MEM MIGR because !isolated
          cg.C.x-3752  [046]     0.122905: (+0)     bprint:               __handle_mm_fault: NUMAB MEM ACCESS process[nid:0, cpu:46, pid:3752], folio[virt:0x7f70fbea7000, phys:0x152cb0000, pfn:0x152cb0, nid:0, npages:1]
          cg.C.x-3762  [008]     0.122906: (+1)     sched_wake_idle_without_ipi: cpu=13
          cg.C.x-3762  [008]     0.122906: (+0)     sched_waking:         comm=cg.C.x pid=3744 prio=120 target_cpu=020
          cg.C.x-3747  [051]     0.122907: (+1)     bprint:               __handle_mm_fault: NUMAB COMPLETED MEM MIGR process[nid:1, cpu:51, pid:3747], old[phys:0x3c5d08000, nid:0, npages:1], new[phys:0x186a2b0000, nid:1, npages:1]
          cg.C.x-3762  [008]     0.122907: (+0)     sched_wake_idle_without_ipi: cpu=20
          cg.C.x-3762  [008]     0.122908: (+1)     sched_waking:         comm=cg.C.x pid=3733 prio=120 target_cpu=055
          cg.C.x-3748  [032]     0.122909: (+1)     bprint:               __handle_mm_fault: NUMAB COMPLETED MEM MIGR process[nid:0, cpu:32, pid:3748], old[phys:0x185b9d3000, nid:1, npages:1], new[phys:0x1222f8000, nid:0, npages:1]
          cg.C.x-3750  [044]     0.122909: (+0)     sched_waking:         comm=cg.C.x pid=3740 prio=120 target_cpu=036
          cg.C.x-3749  [049]     0.122909: (+0)     bprint:               __handle_mm_fault: NUMAB MEM ACCESS process[nid:1, cpu:49, pid:3749], folio[virt:0x7f70fbf0a000, phys:0x186a2b1000, pfn:0x186a2b1, nid:1, npages:1]
          cg.C.x-3762  [008]     0.122909: (+0)     sched_wake_idle_without_ipi: cpu=55
          cg.C.x-3762  [008]     0.122910: (+1)     sched_waking:         comm=cg.C.x pid=3743 prio=120 target_cpu=037
          cg.C.x-3762  [008]     0.122911: (+1)     sched_wake_idle_without_ipi: cpu=37
          cg.C.x-3729  [047]     0.122912: (+1)     bprint:               __handle_mm_fault: NUMAB MEM ACCESS process[nid:1, cpu:47, pid:3729], folio[virt:0x7f70fbe5f000, phys:0x121262000, pfn:0x121262, nid:0, npages:1]
          cg.C.x-3762  [008]     0.122912: (+0)     sched_waking:         comm=cg.C.x pid=3731 prio=120 target_cpu=053
          cg.C.x-3729  [047]     0.122912: (+0)     bprint:               __handle_mm_fault: NUMAB TRY MEM MIGR process[nid:1, cpu:47, pid:3729], folio[virt:0x7f70fbe5f000, phys:0x121262000, nid:0], target_nid:1
          <idle>-0     [013]     0.122913: (+1)     sched_wakeup:         cg.C.x:3745 [120] CPU:013
          <idle>-0     [020]     0.122913: (+0)     sched_wakeup:         cg.C.x:3744 [120] CPU:020
          cg.C.x-3762  [008]     0.122913: (+0)     sched_wake_idle_without_ipi: cpu=53
          cg.C.x-3762  [008]     0.122914: (+1)     sched_waking:         comm=cg.C.x pid=3735 prio=120 target_cpu=059
          cg.C.x-3751  [027]     0.122914: (+0)     bprint:               __handle_mm_fault: NUMAB MEM ACCESS process[nid:1, cpu:27, pid:3751], folio[virt:0x7f70fbea8000, phys:0x1532da000, pfn:0x1532da, nid:0, npages:1]
          <idle>-0     [013]     0.122914: (+0)     sched_switch:         swapper/13:0 [120] R ==> cg.C.x:3745 [120]
          <idle>-0     [020]     0.122915: (+1)     sched_switch:         swapper/20:0 [120] R ==> cg.C.x:3744 [120]
          <idle>-0     [055]     0.122915: (+0)     sched_wakeup:         cg.C.x:3733 [120] CPU:055
          cg.C.x-3762  [008]     0.122915: (+0)     sched_wake_idle_without_ipi: cpu=59
          cg.C.x-3751  [027]     0.122916: (+1)     bprint:               __handle_mm_fault: NUMAB TRY MEM MIGR process[nid:1, cpu:27, pid:3751], folio[virt:0x7f70fbea8000, phys:0x1532da000, nid:0], target_nid:1
          cg.C.x-3762  [008]     0.122916: (+0)     sched_waking:         comm=cg.C.x pid=3742 prio=120 target_cpu=026
          <idle>-0     [037]     0.122916: (+0)     sched_wakeup:         cg.C.x:3743 [120] CPU:037
          <idle>-0     [055]     0.122916: (+0)     sched_switch:         swapper/55:0 [120] R ==> cg.C.x:3733 [120]
          cg.C.x-3762  [008]     0.122917: (+1)     sched_wake_idle_without_ipi: cpu=26
          cg.C.x-3762  [008]     0.122917: (+0)     sched_waking:         comm=cg.C.x pid=3737 prio=120 target_cpu=061
          cg.C.x-3752  [046]     0.122918: (+1)     bprint:               __handle_mm_fault: NUMAB MEM ACCESS process[nid:0, cpu:46, pid:3752], folio[virt:0x7f70fbea8000, phys:0x1532da000, pfn:0x1532da, nid:0, npages:1]
          cg.C.x-3748  [032]     0.122918: (+0)     bprint:               __handle_mm_fault: NUMAB MEM ACCESS process[nid:0, cpu:32, pid:3748], folio[virt:0x7f710eb8b000, phys:0x1864c76000, pfn:0x1864c76, nid:1, npages:1]
          <idle>-0     [053]     0.122918: (+0)     sched_wakeup:         cg.C.x:3731 [120] CPU:053
          <idle>-0     [037]     0.122918: (+0)     sched_switch:         swapper/37:0 [120] R ==> cg.C.x:3743 [120]
          cg.C.x-3748  [032]     0.122918: (+0)     bprint:               __handle_mm_fault: NUMAB TRY MEM MIGR process[nid:0, cpu:32, pid:3748], folio[virt:0x7f710eb8b000, phys:0x1864c76000, nid:1], target_nid:0
          cg.C.x-3762  [008]     0.122919: (+1)     sched_wake_idle_without_ipi: cpu=61
          cg.C.x-3762  [008]     0.122919: (+0)     sched_waking:         comm=cg.C.x pid=3739 prio=120 target_cpu=063
          <idle>-0     [053]     0.122919: (+0)     sched_switch:         swapper/53:0 [120] R ==> cg.C.x:3731 [120]
          cg.C.x-3729  [047]     0.122919: (+0)     bprint:               __handle_mm_fault: NUMAB COMPLETED MEM MIGR process[nid:1, cpu:47, pid:3729], old[phys:0x121262000, nid:0, npages:1], new[phys:0x18583eb000, nid:1, npages:1]
          cg.C.x-3749  [049]     0.122919: (+0)     bprint:               __handle_mm_fault: NUMAB MEM ACCESS process[nid:1, cpu:49, pid:3749], folio[virt:0x7f70fbf0b000, phys:0x1864b8d000, pfn:0x1864b8d, nid:1, npages:1]
          cg.C.x-3762  [008]     0.122920: (+1)     sched_wake_idle_without_ipi: cpu=63
          cg.C.x-3762  [008]     0.122921: (+1)     sched_waking:         comm=cg.C.x pid=3732 prio=120 target_cpu=058
          <idle>-0     [026]     0.122921: (+0)     sched_wakeup:         cg.C.x:3742 [120] CPU:026
          cg.C.x-3762  [008]     0.122921: (+0)     sched_wake_idle_without_ipi: cpu=58
          <idle>-0     [059]     0.122922: (+1)     sched_wakeup:         cg.C.x:3735 [120] CPU:059
          cg.C.x-3762  [008]     0.122922: (+0)     sched_waking:         comm=cg.C.x pid=3730 prio=120 target_cpu=060
          cg.C.x-3748  [032]     0.122922: (+0)     bprint:               __handle_mm_fault: NUMAB COMPLETED MEM MIGR process[nid:0, cpu:32, pid:3748], old[phys:0x1864c76000, nid:1, npages:1], new[phys:0x1222f9000, nid:0, npages:1]
          cg.C.x-3762  [008]     0.122922: (+0)     sched_wake_idle_without_ipi: cpu=60
          <idle>-0     [026]     0.122923: (+1)     sched_switch:         swapper/26:0 [120] R ==> cg.C.x:3742 [120]
          cg.C.x-3740  [036]     0.122923: (+0)     sched_switch:         cg.C.x:3740 [120] D ==> swapper/36:0 [120]
          <idle>-0     [059]     0.122923: (+0)     sched_switch:         swapper/59:0 [120] R ==> cg.C.x:3735 [120]
          <idle>-0     [061]     0.122924: (+1)     sched_wakeup:         cg.C.x:3737 [120] CPU:061
          <idle>-0     [063]     0.122925: (+1)     sched_wakeup:         cg.C.x:3739 [120] CPU:063
          cg.C.x-3750  [044]     0.122925: (+0)     sched_wake_idle_without_ipi: cpu=36
          <idle>-0     [061]     0.122926: (+1)     sched_switch:         swapper/61:0 [120] R ==> cg.C.x:3737 [120]
          cg.C.x-3748  [032]     0.122926: (+0)     bprint:               __handle_mm_fault: NUMAB MEM ACCESS process[nid:0, cpu:32, pid:3748], folio[virt:0x7f70fbf20000, phys:0x1864c77000, pfn:0x1864c77, nid:1, npages:1]
          <idle>-0     [063]     0.122926: (+0)     sched_switch:         swapper/63:0 [120] R ==> cg.C.x:3739 [120]
          <idle>-0     [058]     0.122927: (+1)     sched_wakeup:         cg.C.x:3732 [120] CPU:058
          cg.C.x-3748  [032]     0.122927: (+0)     bprint:               __handle_mm_fault: NUMAB TRY MEM MIGR process[nid:0, cpu:32, pid:3748], folio[virt:0x7f70fbf20000, phys:0x1864c77000, nid:1], target_nid:0
          <idle>-0     [060]     0.122927: (+0)     sched_wakeup:         cg.C.x:3730 [120] CPU:060
          cg.C.x-3747  [051]     0.122927: (+0)     bprint:               __handle_mm_fault: NUMAB MEM ACCESS process[nid:1, cpu:51, pid:3747], folio[virt:0x7f70fbe60000, phys:0x115882000, pfn:0x115882, nid:0, npages:1]
          <idle>-0     [058]     0.122928: (+1)     sched_switch:         swapper/58:0 [120] R ==> cg.C.x:3732 [120]
          cg.C.x-3747  [051]     0.122929: (+1)     bprint:               __handle_mm_fault: NUMAB TRY MEM MIGR process[nid:1, cpu:51, pid:3747], folio[virt:0x7f70fbe60000, phys:0x115882000, nid:0], target_nid:1
          <idle>-0     [036]     0.122929: (+0)     sched_wakeup:         cg.C.x:3740 [120] CPU:036
          cg.C.x-3750  [044]     0.122929: (+0)     bprint:               __handle_mm_fault: NUMAB COMPLETED MEM MIGR process[nid:0, cpu:44, pid:3750], old[phys:0x1866ac3000, nid:1, npages:1], new[phys:0x3c5dfb000, nid:0, npages:1]
          <idle>-0     [060]     0.122929: (+0)     sched_switch:         swapper/60:0 [120] R ==> cg.C.x:3730 [120]
          cg.C.x-3729  [047]     0.122929: (+0)     bprint:               __handle_mm_fault: NUMAB MEM ACCESS process[nid:1, cpu:47, pid:3729], folio[virt:0x7f70fbe60000, phys:0x115882000, pfn:0x115882, nid:0, npages:1]
          cg.C.x-3729  [047]     0.122931: (+2)     bprint:               __handle_mm_fault: NUMAB TRY MEM MIGR process[nid:1, cpu:47, pid:3729], folio[virt:0x7f70fbe60000, phys:0x115882000, nid:0], target_nid:1
          <idle>-0     [036]     0.122931: (+0)     sched_switch:         swapper/36:0 [120] R ==> cg.C.x:3740 [120]
          cg.C.x-3749  [049]     0.122931: (+0)     bprint:               __handle_mm_fault: NUMAB MEM ACCESS process[nid:1, cpu:49, pid:3749], folio[virt:0x7f70fbf0c000, phys:0x18559cd000, pfn:0x18559cd, nid:1, npages:1]
          cg.C.x-3729  [047]     0.122931: (+0)     bprint:               migrate_misplaced_folio: NUMAB pid:3729 ABORTING MEM MIGR because !isolated
          cg.C.x-3752  [046]     0.122934: (+3)     bprint:               __handle_mm_fault: NUMAB MEM ACCESS process[nid:0, cpu:46, pid:3752], folio[virt:0x7f70fbea9000, phys:0x1231d6000, pfn:0x1231d6, nid:0, npages:1]
          cg.C.x-3747  [051]     0.122943: (+9)     bprint:               __handle_mm_fault: NUMAB COMPLETED MEM MIGR process[nid:1, cpu:51, pid:3747], old[phys:0x115882000, nid:0, npages:1], new[phys:0x1865b5f000, nid:1, npages:1]
          cg.C.x-3748  [032]     0.122943: (+0)     bprint:               __handle_mm_fault: NUMAB COMPLETED MEM MIGR process[nid:0, cpu:32, pid:3748], old[phys:0x1864c77000, nid:1, npages:1], new[phys:0x1b036d000, nid:0, npages:1]
          cg.C.x-3749  [049]     0.122943: (+0)     bprint:               __handle_mm_fault: NUMAB MEM ACCESS process[nid:1, cpu:49, pid:3749], folio[virt:0x7f70fbf0d000, phys:0x186b265000, pfn:0x186b265, nid:1, npages:1]
          cg.C.x-3752  [046]     0.122948: (+5)     bprint:               __handle_mm_fault: NUMAB MEM ACCESS process[nid:0, cpu:46, pid:3752], folio[virt:0x7f70fbeaa000, phys:0x2f30fe000, pfn:0x2f30fe, nid:0, npages:1]
          cg.C.x-3751  [027]     0.122950: (+2)     bprint:               __handle_mm_fault: NUMAB COMPLETED MEM MIGR process[nid:1, cpu:27, pid:3751], old[phys:0x1532da000, nid:0, npages:1], new[phys:0x1864c52000, nid:1, npages:1]
          cg.C.x-3729  [047]     0.122950: (+0)     bprint:               __handle_mm_fault: NUMAB MEM ACCESS process[nid:1, cpu:47, pid:3729], folio[virt:0x7f70fbe61000, phys:0x3c5ce6000, pfn:0x3c5ce6, nid:0, npages:1]
          cg.C.x-3729  [047]     0.122951: (+1)     bprint:               __handle_mm_fault: NUMAB TRY MEM MIGR process[nid:1, cpu:47, pid:3729], folio[virt:0x7f70fbe61000, phys:0x3c5ce6000, nid:0], target_nid:1
          cg.C.x-3747  [051]     0.122952: (+1)     bprint:               __handle_mm_fault: NUMAB MEM ACCESS process[nid:1, cpu:51, pid:3747], folio[virt:0x7f70fbe61000, phys:0x3c5ce6000, pfn:0x3c5ce6, nid:0, npages:1]
          cg.C.x-3747  [051]     0.122953: (+1)     bprint:               __handle_mm_fault: NUMAB TRY MEM MIGR process[nid:1, cpu:51, pid:3747], folio[virt:0x7f70fbe61000, phys:0x3c5ce6000, nid:0], target_nid:1
          cg.C.x-3749  [049]     0.122953: (+0)     bprint:               __handle_mm_fault: NUMAB MEM ACCESS process[nid:1, cpu:49, pid:3749], folio[virt:0x7f70fbf0e000, phys:0x18583e1000, pfn:0x18583e1, nid:1, npages:1]
          cg.C.x-3747  [051]     0.122953: (+0)     bprint:               migrate_misplaced_folio: NUMAB pid:3747 ABORTING MEM MIGR because !isolated
          cg.C.x-3748  [032]     0.122956: (+3)     bprint:               __handle_mm_fault: NUMAB MEM ACCESS process[nid:0, cpu:32, pid:3748], folio[virt:0x7f70fbf21000, phys:0x186b952000, pfn:0x186b952, nid:1, npages:1]
          cg.C.x-3748  [032]     0.122957: (+1)     bprint:               __handle_mm_fault: NUMAB TRY MEM MIGR process[nid:0, cpu:32, pid:3748], folio[virt:0x7f70fbf21000, phys:0x186b952000, nid:1], target_nid:0
          cg.C.x-3729  [047]     0.122959: (+2)     bprint:               __handle_mm_fault: NUMAB COMPLETED MEM MIGR process[nid:1, cpu:47, pid:3729], old[phys:0x3c5ce6000, nid:0, npages:1], new[phys:0x303f095000, nid:1, npages:1]
          cg.C.x-3752  [046]     0.122960: (+1)     bprint:               __handle_mm_fault: NUMAB MEM ACCESS process[nid:0, cpu:46, pid:3752], folio[virt:0x7f70fbeab000, phys:0x12200a000, pfn:0x12200a, nid:0, npages:1]
          cg.C.x-3748  [032]     0.122962: (+2)     bprint:               __handle_mm_fault: NUMAB COMPLETED MEM MIGR process[nid:0, cpu:32, pid:3748], old[phys:0x186b952000, nid:1, npages:1], new[phys:0x1222fa000, nid:0, npages:1]
          cg.C.x-3749  [049]     0.122963: (+1)     bprint:               __handle_mm_fault: NUMAB MEM ACCESS process[nid:1, cpu:49, pid:3749], folio[virt:0x7f70fbf0f000, phys:0x1857079000, pfn:0x1857079, nid:1, npages:1]
          cg.C.x-3747  [051]     0.122967: (+4)     bprint:               __handle_mm_fault: NUMAB MEM ACCESS process[nid:1, cpu:51, pid:3747], folio[virt:0x7f70fbe62000, phys:0x3c5ce7000, pfn:0x3c5ce7, nid:0, npages:1]
          cg.C.x-3747  [051]     0.122968: (+1)     bprint:               __handle_mm_fault: NUMAB TRY MEM MIGR process[nid:1, cpu:51, pid:3747], folio[virt:0x7f70fbe62000, phys:0x3c5ce7000, nid:0], target_nid:1
          cg.C.x-3729  [047]     0.122968: (+0)     bprint:               __handle_mm_fault: NUMAB MEM ACCESS process[nid:1, cpu:47, pid:3729], folio[virt:0x7f70fbe62000, phys:0x3c5ce7000, pfn:0x3c5ce7, nid:0, npages:1]
          cg.C.x-3729  [047]     0.122969: (+1)     bprint:               __handle_mm_fault: NUMAB TRY MEM MIGR process[nid:1, cpu:47, pid:3729], folio[virt:0x7f70fbe62000, phys:0x3c5ce7000, nid:0], target_nid:1
          cg.C.x-3729  [047]     0.122969: (+0)     bprint:               migrate_misplaced_folio: NUMAB pid:3729 ABORTING MEM MIGR because !isolated
          cg.C.x-3752  [046]     0.122972: (+3)     bprint:               __handle_mm_fault: NUMAB MEM ACCESS process[nid:0, cpu:46, pid:3752], folio[virt:0x7f70fbeac000, phys:0x1203b9000, pfn:0x1203b9, nid:0, npages:1]
          cg.C.x-3748  [032]     0.122973: (+1)     bprint:               __handle_mm_fault: NUMAB MEM ACCESS process[nid:0, cpu:32, pid:3748], folio[virt:0x7f70fbf22000, phys:0x1857105000, pfn:0x1857105, nid:1, npages:1]
          cg.C.x-3748  [032]     0.122974: (+1)     bprint:               __handle_mm_fault: NUMAB TRY MEM MIGR process[nid:0, cpu:32, pid:3748], folio[virt:0x7f70fbf22000, phys:0x1857105000, nid:1], target_nid:0
          cg.C.x-3749  [049]     0.122975: (+1)     bprint:               __handle_mm_fault: NUMAB MEM ACCESS process[nid:1, cpu:49, pid:3749], folio[virt:0x7f70fbf10000, phys:0x186ba0e000, pfn:0x186ba0e, nid:1, npages:1]
          cg.C.x-3748  [032]     0.122980: (+5)     bprint:               __handle_mm_fault: NUMAB COMPLETED MEM MIGR process[nid:0, cpu:32, pid:3748], old[phys:0x1857105000, nid:1, npages:1], new[phys:0x112d1a000, nid:0, npages:1]
          cg.C.x-3752  [046]     0.122983: (+3)     bprint:               __handle_mm_fault: NUMAB MEM ACCESS process[nid:0, cpu:46, pid:3752], folio[virt:0x7f70fbead000, phys:0x1803bf000, pfn:0x1803bf, nid:0, npages:1]
          cg.C.x-3749  [049]     0.122985: (+2)     bprint:               __handle_mm_fault: NUMAB MEM ACCESS process[nid:1, cpu:49, pid:3749], folio[virt:0x7f70fbf11000, phys:0x186a60b000, pfn:0x186a60b, nid:1, npages:1]
          cg.C.x-3729  [047]     0.122988: (+3)     sched_switch:         cg.C.x:3729 [120] D ==> swapper/47:0 [120]
          cg.C.x-3748  [032]     0.122992: (+4)     bprint:               __handle_mm_fault: NUMAB MEM ACCESS process[nid:0, cpu:32, pid:3748], folio[virt:0x7f70fbf23000, phys:0x1857184000, pfn:0x1857184, nid:1, npages:1]
          cg.C.x-3748  [032]     0.122993: (+1)     bprint:               __handle_mm_fault: NUMAB TRY MEM MIGR process[nid:0, cpu:32, pid:3748], folio[virt:0x7f70fbf23000, phys:0x1857184000, nid:1], target_nid:0
          cg.C.x-3748  [032]     0.122996: (+3)     bprint:               __handle_mm_fault: NUMAB COMPLETED MEM MIGR process[nid:0, cpu:32, pid:3748], old[phys:0x1857184000, nid:1, npages:1], new[phys:0x18194f000, nid:0, npages:1]
          cg.C.x-3752  [046]     0.122997: (+1)     bprint:               __handle_mm_fault: NUMAB MEM ACCESS process[nid:0, cpu:46, pid:3752], folio[virt:0x7f70fbeae000, phys:0x18026c000, pfn:0x18026c, nid:0, npages:1]
          cg.C.x-3747  [051]     0.123000: (+3)     sched_waking:         comm=cg.C.x pid=3729 prio=120 target_cpu=047
          cg.C.x-3747  [051]     0.123002: (+2)     sched_wake_idle_without_ipi: cpu=47
          cg.C.x-3747  [051]     0.123003: (+1)     bprint:               __handle_mm_fault: NUMAB COMPLETED MEM MIGR process[nid:1, cpu:51, pid:3747], old[phys:0x3c5ce7000, nid:0, npages:1], new[phys:0x186750a000, nid:1, npages:1]
          <idle>-0     [047]     0.123006: (+3)     sched_wakeup:         cg.C.x:3729 [120] CPU:047
          cg.C.x-3748  [032]     0.123006: (+0)     bprint:               __handle_mm_fault: NUMAB MEM ACCESS process[nid:0, cpu:32, pid:3748], folio[virt:0x7f70fbf24000, phys:0x186a367000, pfn:0x186a367, nid:1, npages:1]
          cg.C.x-3748  [032]     0.123007: (+1)     bprint:               __handle_mm_fault: NUMAB TRY MEM MIGR process[nid:0, cpu:32, pid:3748], folio[virt:0x7f70fbf24000, phys:0x186a367000, nid:1], target_nid:0
          <idle>-0     [047]     0.123007: (+0)     sched_switch:         swapper/47:0 [120] R ==> cg.C.x:3729 [120]
          cg.C.x-3752  [046]     0.123008: (+1)     bprint:               __handle_mm_fault: NUMAB MEM ACCESS process[nid:0, cpu:46, pid:3752], folio[virt:0x7f70fbeaf000, phys:0x180f53000, pfn:0x180f53, nid:0, npages:1]
          cg.C.x-3748  [032]     0.123011: (+3)     bprint:               __handle_mm_fault: NUMAB COMPLETED MEM MIGR process[nid:0, cpu:32, pid:3748], old[phys:0x186a367000, nid:1, npages:1], new[phys:0x150213000, nid:0, npages:1]
          cg.C.x-3747  [051]     0.123013: (+2)     bprint:               __handle_mm_fault: NUMAB MEM ACCESS process[nid:1, cpu:51, pid:3747], folio[virt:0x7f70fbe63000, phys:0x1804a1000, pfn:0x1804a1, nid:0, npages:1]
          cg.C.x-3747  [051]     0.123014: (+1)     bprint:               __handle_mm_fault: NUMAB TRY MEM MIGR process[nid:1, cpu:51, pid:3747], folio[virt:0x7f70fbe63000, phys:0x1804a1000, nid:0], target_nid:1
          cg.C.x-3747  [051]     0.123018: (+4)     sched_waking:         comm=cg.C.x pid=3729 prio=120 target_cpu=047
          cg.C.x-3752  [046]     0.123018: (+0)     bprint:               __handle_mm_fault: NUMAB MEM ACCESS process[nid:0, cpu:46, pid:3752], folio[virt:0x7f710eb84000, phys:0x1857071000, pfn:0x1857071, nid:1, npages:1]
          cg.C.x-3752  [046]     0.123019: (+1)     bprint:               __handle_mm_fault: NUMAB TRY MEM MIGR process[nid:0, cpu:46, pid:3752], folio[virt:0x7f710eb84000, phys:0x1857071000, nid:1], target_nid:0
          cg.C.x-3729  [047]     0.123020: (+1)     sched_switch:         cg.C.x:3729 [120] D ==> swapper/47:0 [120]
          cg.C.x-3747  [051]     0.123020: (+0)     bprint:               __handle_mm_fault: NUMAB COMPLETED MEM MIGR process[nid:1, cpu:51, pid:3747], old[phys:0x1804a1000, nid:0, npages:1], new[phys:0x1866a75000, nid:1, npages:1]
          cg.C.x-3751  [027]     0.123020: (+0)     bprint:               __handle_mm_fault: NUMAB MEM ACCESS process[nid:1, cpu:27, pid:3751], folio[virt:0x7f710eb84000, phys:0x1857071000, pfn:0x1857071, nid:1, npages:1]
          cg.C.x-3748  [032]     0.123020: (+0)     bprint:               __handle_mm_fault: NUMAB MEM ACCESS process[nid:0, cpu:32, pid:3748], folio[virt:0x7f70fbf25000, phys:0x185c46c000, pfn:0x185c46c, nid:1, npages:1]
          cg.C.x-3748  [032]     0.123021: (+1)     bprint:               __handle_mm_fault: NUMAB TRY MEM MIGR process[nid:0, cpu:32, pid:3748], folio[virt:0x7f70fbf25000, phys:0x185c46c000, nid:1], target_nid:0
          <idle>-0     [047]     0.123022: (+1)     sched_wakeup:         cg.C.x:3729 [120] CPU:047
          <idle>-0     [047]     0.123023: (+1)     sched_switch:         swapper/47:0 [120] R ==> cg.C.x:3729 [120]
          cg.C.x-3748  [032]     0.123025: (+2)     bprint:               __handle_mm_fault: NUMAB COMPLETED MEM MIGR process[nid:0, cpu:32, pid:3748], old[phys:0x185c46c000, nid:1, npages:1], new[phys:0x15417d000, nid:0, npages:1]
          cg.C.x-3747  [051]     0.123030: (+5)     bprint:               __handle_mm_fault: NUMAB MEM ACCESS process[nid:1, cpu:51, pid:3747], folio[virt:0x7f70fbe64000, phys:0x112da8000, pfn:0x112da8, nid:0, npages:1]
          cg.C.x-3747  [051]     0.123030: (+0)     bprint:               __handle_mm_fault: NUMAB TRY MEM MIGR process[nid:1, cpu:51, pid:3747], folio[virt:0x7f70fbe64000, phys:0x112da8000, nid:0], target_nid:1
          cg.C.x-3747  [051]     0.123034: (+4)     bprint:               __handle_mm_fault: NUMAB COMPLETED MEM MIGR process[nid:1, cpu:51, pid:3747], old[phys:0x112da8000, nid:0, npages:1], new[phys:0x1864f1c000, nid:1, npages:1]
          cg.C.x-3748  [032]     0.123036: (+2)     bprint:               __handle_mm_fault: NUMAB MEM ACCESS process[nid:0, cpu:32, pid:3748], folio[virt:0x7f70fbf26000, phys:0x1864935000, pfn:0x1864935, nid:1, npages:1]
          cg.C.x-3748  [032]     0.123036: (+0)     bprint:               __handle_mm_fault: NUMAB TRY MEM MIGR process[nid:0, cpu:32, pid:3748], folio[virt:0x7f70fbf26000, phys:0x1864935000, nid:1], target_nid:0
          cg.C.x-3751  [027]     0.123038: (+2)     sched_switch:         cg.C.x:3751 [120] D ==> swapper/27:0 [120]
          cg.C.x-3748  [032]     0.123041: (+3)     bprint:               __handle_mm_fault: NUMAB COMPLETED MEM MIGR process[nid:0, cpu:32, pid:3748], old[phys:0x1864935000, nid:1, npages:1], new[phys:0x15417e000, nid:0, npages:1]
          cg.C.x-3729  [047]     0.123044: (+3)     bprint:               __handle_mm_fault: NUMAB MEM ACCESS process[nid:1, cpu:47, pid:3729], folio[virt:0x7f70fbe65000, phys:0x3c5ce3000, pfn:0x3c5ce3, nid:0, npages:1]
          cg.C.x-3729  [047]     0.123044: (+0)     bprint:               __handle_mm_fault: NUMAB TRY MEM MIGR process[nid:1, cpu:47, pid:3729], folio[virt:0x7f70fbe65000, phys:0x3c5ce3000, nid:0], target_nid:1
          cg.C.x-3747  [051]     0.123045: (+1)     bprint:               __handle_mm_fault: NUMAB MEM ACCESS process[nid:1, cpu:51, pid:3747], folio[virt:0x7f70fbe65000, phys:0x3c5ce3000, pfn:0x3c5ce3, nid:0, npages:1]
          cg.C.x-3747  [051]     0.123046: (+1)     bprint:               __handle_mm_fault: NUMAB TRY MEM MIGR process[nid:1, cpu:51, pid:3747], folio[virt:0x7f70fbe65000, phys:0x3c5ce3000, nid:0], target_nid:1
          cg.C.x-3747  [051]     0.123047: (+1)     bprint:               migrate_misplaced_folio: NUMAB pid:3747 ABORTING MEM MIGR because !isolated
          cg.C.x-3729  [047]     0.123049: (+2)     bprint:               __handle_mm_fault: NUMAB COMPLETED MEM MIGR process[nid:1, cpu:47, pid:3729], old[phys:0x3c5ce3000, nid:0, npages:1], new[phys:0x1867dfd000, nid:1, npages:1]
          cg.C.x-3752  [046]     0.123050: (+1)     sched_waking:         comm=cg.C.x pid=3751 prio=120 target_cpu=027
          cg.C.x-3748  [032]     0.123051: (+1)     bprint:               __handle_mm_fault: NUMAB MEM ACCESS process[nid:0, cpu:32, pid:3748], folio[virt:0x7f70fbf27000, phys:0x1858456000, pfn:0x1858456, nid:1, npages:1]
          cg.C.x-3748  [032]     0.123052: (+1)     bprint:               __handle_mm_fault: NUMAB TRY MEM MIGR process[nid:0, cpu:32, pid:3748], folio[virt:0x7f70fbf27000, phys:0x1858456000, nid:1], target_nid:0
          cg.C.x-3752  [046]     0.123052: (+0)     sched_wake_idle_without_ipi: cpu=27
          cg.C.x-3752  [046]     0.123054: (+2)     bprint:               __handle_mm_fault: NUMAB COMPLETED MEM MIGR process[nid:0, cpu:46, pid:3752], old[phys:0x1857071000, nid:1, npages:1], new[phys:0x17e0940000, nid:0, npages:1]
          cg.C.x-3748  [032]     0.123056: (+2)     bprint:               __handle_mm_fault: NUMAB COMPLETED MEM MIGR process[nid:0, cpu:32, pid:3748], old[phys:0x1858456000, nid:1, npages:1], new[phys:0x15417f000, nid:0, npages:1]
          cg.C.x-3747  [051]     0.123057: (+1)     bprint:               __handle_mm_fault: NUMAB MEM ACCESS process[nid:1, cpu:51, pid:3747], folio[virt:0x7f70fbe66000, phys:0x3c5ce4000, pfn:0x3c5ce4, nid:0, npages:1]
          cg.C.x-3747  [051]     0.123057: (+0)     bprint:               __handle_mm_fault: NUMAB TRY MEM MIGR process[nid:1, cpu:51, pid:3747], folio[virt:0x7f70fbe66000, phys:0x3c5ce4000, nid:0], target_nid:1
          <idle>-0     [027]     0.123057: (+0)     sched_wakeup:         cg.C.x:3751 [120] CPU:027
          cg.C.x-3729  [047]     0.123058: (+1)     bprint:               __handle_mm_fault: NUMAB MEM ACCESS process[nid:1, cpu:47, pid:3729], folio[virt:0x7f70fbe66000, phys:0x3c5ce4000, pfn:0x3c5ce4, nid:0, npages:1]
          cg.C.x-3729  [047]     0.123059: (+1)     bprint:               __handle_mm_fault: NUMAB TRY MEM MIGR process[nid:1, cpu:47, pid:3729], folio[virt:0x7f70fbe66000, phys:0x3c5ce4000, nid:0], target_nid:1
          cg.C.x-3729  [047]     0.123059: (+0)     bprint:               migrate_misplaced_folio: NUMAB pid:3729 ABORTING MEM MIGR because !isolated
          cg.C.x-3752  [046]     0.123059: (+0)     bprint:               __handle_mm_fault: NUMAB MEM ACCESS process[nid:0, cpu:46, pid:3752], folio[virt:0x7f70fbeb0000, phys:0x15034e000, pfn:0x15034e, nid:0, npages:1]
          <idle>-0     [027]     0.123059: (+0)     sched_switch:         swapper/27:0 [120] R ==> cg.C.x:3751 [120]
          cg.C.x-3752  [046]     0.123071: (+12)    bprint:               __handle_mm_fault: NUMAB MEM ACCESS process[nid:0, cpu:46, pid:3752], folio[virt:0x7f70fbeb1000, phys:0x2f30a7000, pfn:0x2f30a7, nid:0, npages:1]
          cg.C.x-3729  [047]     0.123072: (+1)     sched_switch:         cg.C.x:3729 [120] D ==> swapper/47:0 [120]
          cg.C.x-3751  [027]     0.123086: (+14)    bprint:               __handle_mm_fault: NUMAB MEM ACCESS process[nid:1, cpu:27, pid:3751], folio[virt:0x7f70fbeb2000, phys:0x11540b000, pfn:0x11540b, nid:0, npages:1]
          cg.C.x-3751  [027]     0.123087: (+1)     bprint:               __handle_mm_fault: NUMAB TRY MEM MIGR process[nid:1, cpu:27, pid:3751], folio[virt:0x7f70fbeb2000, phys:0x11540b000, nid:0], target_nid:1
          cg.C.x-3752  [046]     0.123087: (+0)     bprint:               __handle_mm_fault: NUMAB MEM ACCESS process[nid:0, cpu:46, pid:3752], folio[virt:0x7f70fbeb2000, phys:0x11540b000, pfn:0x11540b, nid:0, npages:1]
          cg.C.x-3747  [051]     0.123089: (+2)     sched_waking:         comm=cg.C.x pid=3729 prio=120 target_cpu=047
          cg.C.x-3747  [051]     0.123090: (+1)     sched_wake_idle_without_ipi: cpu=47
          cg.C.x-3747  [051]     0.123091: (+1)     bprint:               __handle_mm_fault: NUMAB COMPLETED MEM MIGR process[nid:1, cpu:51, pid:3747], old[phys:0x3c5ce4000, nid:0, npages:1], new[phys:0x1858840000, nid:1, npages:1]
          <idle>-0     [047]     0.123092: (+1)     sched_wakeup:         cg.C.x:3729 [120] CPU:047
          <idle>-0     [047]     0.123093: (+1)     sched_switch:         swapper/47:0 [120] R ==> cg.C.x:3729 [120]
          cg.C.x-3747  [051]     0.123101: (+8)     bprint:               __handle_mm_fault: NUMAB MEM ACCESS process[nid:1, cpu:51, pid:3747], folio[virt:0x7f70fbe67000, phys:0x151190000, pfn:0x151190, nid:0, npages:1]
          cg.C.x-3747  [051]     0.123101: (+0)     bprint:               __handle_mm_fault: NUMAB TRY MEM MIGR process[nid:1, cpu:51, pid:3747], folio[virt:0x7f70fbe67000, phys:0x151190000, nid:0], target_nid:1
          cg.C.x-3729  [047]     0.123104: (+3)     bprint:               __handle_mm_fault: NUMAB MEM ACCESS process[nid:1, cpu:47, pid:3729], folio[virt:0x7f70fbe67000, phys:0x151190000, pfn:0x151190, nid:0, npages:1]
          cg.C.x-3729  [047]     0.123104: (+0)     bprint:               __handle_mm_fault: NUMAB TRY MEM MIGR process[nid:1, cpu:47, pid:3729], folio[virt:0x7f70fbe67000, phys:0x151190000, nid:0], target_nid:1
          cg.C.x-3729  [047]     0.123105: (+1)     bprint:               migrate_misplaced_folio: NUMAB pid:3729 ABORTING MEM MIGR because !isolated
          cg.C.x-3747  [051]     0.123107: (+2)     bprint:               __handle_mm_fault: NUMAB COMPLETED MEM MIGR process[nid:1, cpu:51, pid:3747], old[phys:0x151190000, nid:0, npages:1], new[phys:0x1865ae9000, nid:1, npages:1]
          cg.C.x-3752  [046]     0.123108: (+1)     sched_switch:         cg.C.x:3752 [120] D ==> swapper/46:0 [120]
          cg.C.x-3729  [047]     0.123114: (+6)     bprint:               __handle_mm_fault: NUMAB MEM ACCESS process[nid:1, cpu:47, pid:3729], folio[virt:0x7f70fbe68000, phys:0x1b0326000, pfn:0x1b0326, nid:0, npages:1]
          cg.C.x-3729  [047]     0.123115: (+1)     bprint:               __handle_mm_fault: NUMAB TRY MEM MIGR process[nid:1, cpu:47, pid:3729], folio[virt:0x7f70fbe68000, phys:0x1b0326000, nid:0], target_nid:1
          cg.C.x-3751  [027]     0.123117: (+2)     sched_waking:         comm=cg.C.x pid=3752 prio=120 target_cpu=046
          cg.C.x-3729  [047]     0.123119: (+2)     bprint:               __handle_mm_fault: NUMAB COMPLETED MEM MIGR process[nid:1, cpu:47, pid:3729], old[phys:0x1b0326000, nid:0, npages:1], new[phys:0x185c7db000, nid:1, npages:1]
          cg.C.x-3751  [027]     0.123119: (+0)     sched_wake_idle_without_ipi: cpu=46
          cg.C.x-3751  [027]     0.123121: (+2)     bprint:               __handle_mm_fault: NUMAB COMPLETED MEM MIGR process[nid:1, cpu:27, pid:3751], old[phys:0x11540b000, nid:0, npages:1], new[phys:0x186496d000, nid:1, npages:1]
          <idle>-0     [046]     0.123125: (+4)     sched_wakeup:         cg.C.x:3752 [120] CPU:046
          <idle>-0     [046]     0.123126: (+1)     sched_switch:         swapper/46:0 [120] R ==> cg.C.x:3752 [120]
          cg.C.x-3751  [027]     0.123132: (+6)     bprint:               __handle_mm_fault: NUMAB MEM ACCESS process[nid:1, cpu:27, pid:3751], folio[virt:0x7f70fbeb3000, phys:0x1203b0000, pfn:0x1203b0, nid:0, npages:1]
          cg.C.x-3751  [027]     0.123133: (+1)     bprint:               __handle_mm_fault: NUMAB TRY MEM MIGR process[nid:1, cpu:27, pid:3751], folio[virt:0x7f70fbeb3000, phys:0x1203b0000, nid:0], target_nid:1
