          cg.C.x-3423  [000]     6.174212: (+10530) sched_waking:         comm=kworker/0:3 pid=746 prio=120 target_cpu=000
          cg.C.x-3423  [000]     6.174219: (+7)     sched_wakeup:         kworker/0:3:746 [120] CPU:000
          cg.C.x-3423  [000]     6.174225: (+6)     sched_switch:         cg.C.x:3423 [120] R ==> kworker/0:3:746 [120]
     kworker/0:3-746   [000]     6.174277: (+52)    sched_switch:         kworker/0:3:746 [120] I ==> cg.C.x:3423 [120]
          cg.C.x-3422  [004]     6.284408: (+110131) sched_waking:         comm=kworker/u129:26 pid=435 prio=120 target_cpu=004
          cg.C.x-3422  [004]     6.284417: (+9)     sched_wakeup:         kworker/u129:26:435 [120] CPU:004
          cg.C.x-3422  [004]     6.284423: (+6)     sched_switch:         cg.C.x:3422 [120] R ==> kworker/u129:26:435 [120]
 kworker/u129:26-435   [004]     6.284430: (+7)     sched_waking:         comm=sshd pid=1978 prio=120 target_cpu=004
 kworker/u129:26-435   [004]     6.284432: (+2)     sched_wakeup:         sshd:1978 [120] CPU:004
 kworker/u129:26-435   [004]     6.284437: (+5)     sched_switch:         kworker/u129:26:435 [120] I ==> sshd:1978 [120]
            sshd-1978  [004]     6.284532: (+95)    sched_switch:         sshd:1978 [120] S ==> cg.C.x:3422 [120]
          cg.C.x-3422  [004]     6.284534: (+2)     sched_waking:         comm=kworker/u129:26 pid=435 prio=120 target_cpu=004
          cg.C.x-3422  [004]     6.284535: (+1)     sched_wakeup:         kworker/u129:26:435 [120] CPU:004
          cg.C.x-3422  [004]     6.284537: (+2)     sched_switch:         cg.C.x:3422 [120] R ==> kworker/u129:26:435 [120]
 kworker/u129:26-435   [004]     6.284538: (+1)     sched_waking:         comm=sshd pid=1978 prio=120 target_cpu=004
 kworker/u129:26-435   [004]     6.284539: (+1)     sched_wakeup:         sshd:1978 [120] CPU:004
 kworker/u129:26-435   [004]     6.284541: (+2)     sched_switch:         kworker/u129:26:435 [120] I ==> sshd:1978 [120]
            sshd-1978  [004]     6.284563: (+22)    sched_switch:         sshd:1978 [120] S ==> cg.C.x:3422 [120]
          cg.C.x-3423  [000]     6.378212: (+93649) sched_waking:         comm=kworker/0:3 pid=746 prio=120 target_cpu=000
          cg.C.x-3423  [000]     6.378221: (+9)     sched_wakeup:         kworker/0:3:746 [120] CPU:000
          cg.C.x-3423  [000]     6.378226: (+5)     sched_switch:         cg.C.x:3423 [120] R ==> kworker/0:3:746 [120]
     kworker/0:3-746   [000]     6.378279: (+53)    sched_switch:         kworker/0:3:746 [120] I ==> cg.C.x:3423 [120]
          cg.C.x-3428  [005]     6.394210: (+15931) sched_waking:         comm=kcompactd1 pid=475 prio=120 target_cpu=005
          cg.C.x-3434  [014]     6.394211: (+1)     sched_waking:         comm=kcompactd0 pid=474 prio=120 target_cpu=014
          cg.C.x-3428  [005]     6.394217: (+6)     sched_wakeup:         kcompactd1:475 [120] CPU:005
          cg.C.x-3434  [014]     6.394220: (+3)     sched_wakeup:         kcompactd0:474 [120] CPU:014
          cg.C.x-3428  [005]     6.394222: (+2)     sched_switch:         cg.C.x:3428 [120] R ==> kcompactd1:475 [120]
          cg.C.x-3434  [014]     6.394227: (+5)     sched_switch:         cg.C.x:3434 [120] R ==> kcompactd0:474 [120]
      kcompactd1-475   [005]     6.394230: (+3)     sched_switch:         kcompactd1:475 [120] S ==> cg.C.x:3428 [120]
      kcompactd0-474   [014]     6.394237: (+7)     sched_switch:         kcompactd0:474 [120] S ==> cg.C.x:3434 [120]
          cg.C.x-3422  [004]     6.405367: (+11130) sched_waking:         comm=kworker/u129:26 pid=435 prio=120 target_cpu=004
          cg.C.x-3422  [004]     6.405376: (+9)     sched_wakeup:         kworker/u129:26:435 [120] CPU:004
          cg.C.x-3422  [004]     6.405381: (+5)     sched_switch:         cg.C.x:3422 [120] R ==> kworker/u129:26:435 [120]
 kworker/u129:26-435   [004]     6.405388: (+7)     sched_waking:         comm=sshd pid=1978 prio=120 target_cpu=004
 kworker/u129:26-435   [004]     6.405390: (+2)     sched_wakeup:         sshd:1978 [120] CPU:004
 kworker/u129:26-435   [004]     6.405394: (+4)     sched_switch:         kworker/u129:26:435 [120] I ==> sshd:1978 [120]
            sshd-1978  [004]     6.405487: (+93)    sched_switch:         sshd:1978 [120] S ==> cg.C.x:3422 [120]
          cg.C.x-3422  [004]     6.405488: (+1)     sched_waking:         comm=kworker/u129:26 pid=435 prio=120 target_cpu=004
          cg.C.x-3422  [004]     6.405490: (+2)     sched_wakeup:         kworker/u129:26:435 [120] CPU:004
          cg.C.x-3422  [004]     6.405492: (+2)     sched_switch:         cg.C.x:3422 [120] R ==> kworker/u129:26:435 [120]
 kworker/u129:26-435   [004]     6.405493: (+1)     sched_waking:         comm=sshd pid=1978 prio=120 target_cpu=004
 kworker/u129:26-435   [004]     6.405494: (+1)     sched_wakeup:         sshd:1978 [120] CPU:004
 kworker/u129:26-435   [004]     6.405496: (+2)     sched_switch:         kworker/u129:26:435 [120] I ==> sshd:1978 [120]
            sshd-1978  [004]     6.405518: (+22)    sched_switch:         sshd:1978 [120] S ==> cg.C.x:3422 [120]
          cg.C.x-3483  [003]     6.458211: (+52693) sched_waking:         comm=kworker/3:1 pid=723 prio=120 target_cpu=003
          cg.C.x-3452  [002]     6.458213: (+2)     sched_waking:         comm=kworker/2:1 pid=708 prio=120 target_cpu=002
          cg.C.x-3483  [003]     6.458217: (+4)     sched_wakeup:         kworker/3:1:723 [120] CPU:003
          cg.C.x-3452  [002]     6.458221: (+4)     sched_wakeup:         kworker/2:1:708 [120] CPU:002
          cg.C.x-3483  [003]     6.458223: (+2)     sched_switch:         cg.C.x:3483 [120] R ==> kworker/3:1:723 [120]
          cg.C.x-3452  [002]     6.458228: (+5)     sched_switch:         cg.C.x:3452 [120] R ==> kworker/2:1:708 [120]
     kworker/3:1-723   [003]     6.458234: (+6)     sched_switch:         kworker/3:1:723 [120] I ==> cg.C.x:3483 [120]
     kworker/2:1-708   [002]     6.458240: (+6)     sched_switch:         kworker/2:1:708 [120] I ==> cg.C.x:3452 [120]
          cg.C.x-3423  [000]     6.490213: (+31973) sched_waking:         comm=kworker/0:3 pid=746 prio=120 target_cpu=000
          cg.C.x-3423  [000]     6.490221: (+8)     sched_wakeup:         kworker/0:3:746 [120] CPU:000
          cg.C.x-3423  [000]     6.490228: (+7)     sched_switch:         cg.C.x:3423 [120] R ==> kworker/0:3:746 [120]
     kworker/0:3-746   [000]     6.490253: (+25)    sched_waking:         comm=kworker/4:0 pid=43 prio=120 target_cpu=004
     kworker/0:3-746   [000]     6.490256: (+3)     sched_wakeup:         kworker/4:0:43 [120] CPU:004
          cg.C.x-3422  [004]     6.490261: (+5)     sched_switch:         cg.C.x:3422 [120] R ==> kworker/4:0:43 [120]
     kworker/4:0-43    [004]     6.490272: (+11)    sched_switch:         kworker/4:0:43 [120] I ==> cg.C.x:3422 [120]
     kworker/0:3-746   [000]     6.490284: (+12)    sched_waking:         comm=kworker/34:1 pid=504 prio=120 target_cpu=034
     kworker/0:3-746   [000]     6.490288: (+4)     sched_wakeup:         kworker/34:1:504 [120] CPU:034
          cg.C.x-3484  [034]     6.490292: (+4)     sched_switch:         cg.C.x:3484 [120] R ==> kworker/34:1:504 [120]
    kworker/34:1-504   [034]     6.490302: (+10)    sched_switch:         kworker/34:1:504 [120] I ==> cg.C.x:3484 [120]
     kworker/0:3-746   [000]     6.490318: (+16)    sched_switch:         kworker/0:3:746 [120] I ==> cg.C.x:3423 [120]
          cg.C.x-3422  [004]     6.526312: (+35994) sched_waking:         comm=kworker/u129:26 pid=435 prio=120 target_cpu=004
          cg.C.x-3422  [004]     6.526320: (+8)     sched_wakeup:         kworker/u129:26:435 [120] CPU:004
          cg.C.x-3422  [004]     6.526325: (+5)     sched_switch:         cg.C.x:3422 [120] R ==> kworker/u129:26:435 [120]
 kworker/u129:26-435   [004]     6.526332: (+7)     sched_waking:         comm=sshd pid=1978 prio=120 target_cpu=004
 kworker/u129:26-435   [004]     6.526335: (+3)     sched_wakeup:         sshd:1978 [120] CPU:004
 kworker/u129:26-435   [004]     6.526339: (+4)     sched_switch:         kworker/u129:26:435 [120] I ==> sshd:1978 [120]
            sshd-1978  [004]     6.526434: (+95)    sched_switch:         sshd:1978 [120] S ==> cg.C.x:3422 [120]
          cg.C.x-3422  [004]     6.526436: (+2)     sched_waking:         comm=kworker/u129:26 pid=435 prio=120 target_cpu=004
          cg.C.x-3422  [004]     6.526437: (+1)     sched_wakeup:         kworker/u129:26:435 [120] CPU:004
          cg.C.x-3422  [004]     6.526438: (+1)     sched_switch:         cg.C.x:3422 [120] R ==> kworker/u129:26:435 [120]
 kworker/u129:26-435   [004]     6.526440: (+2)     sched_waking:         comm=sshd pid=1978 prio=120 target_cpu=004
 kworker/u129:26-435   [004]     6.526441: (+1)     sched_wakeup:         sshd:1978 [120] CPU:004
 kworker/u129:26-435   [004]     6.526442: (+1)     sched_switch:         kworker/u129:26:435 [120] I ==> sshd:1978 [120]
            sshd-1978  [004]     6.526465: (+23)    sched_switch:         sshd:1978 [120] S ==> cg.C.x:3422 [120]
          cg.C.x-3423  [000]     6.586212: (+59747) sched_waking:         comm=kworker/0:3 pid=746 prio=120 target_cpu=000
          cg.C.x-3423  [000]     6.586218: (+6)     sched_wakeup:         kworker/0:3:746 [120] CPU:000
          cg.C.x-3423  [000]     6.586232: (+14)    sched_switch:         cg.C.x:3423 [120] R ==> kworker/0:3:746 [120]
     kworker/0:3-746   [000]     6.586281: (+49)    sched_switch:         kworker/0:3:746 [120] I ==> cg.C.x:3423 [120]
          cg.C.x-3429  [043]     6.593441: (+7160)  sched_waking:         comm=ntpd pid=1774 prio=0 target_cpu=043
          cg.C.x-3429  [043]     6.593449: (+8)     sched_wakeup:         ntpd:1774 [0] CPU:043
          cg.C.x-3429  [043]     6.593456: (+7)     sched_switch:         cg.C.x:3429 [120] R ==> ntpd:1774 [0]
            ntpd-1774  [043]     6.593499: (+43)    sched_switch:         ntpd:1774 [0] S ==> cg.C.x:3429 [120]
          cg.C.x-3422  [004]     6.647244: (+53745) sched_waking:         comm=kworker/u129:26 pid=435 prio=120 target_cpu=004
          cg.C.x-3422  [004]     6.647252: (+8)     sched_wakeup:         kworker/u129:26:435 [120] CPU:004
          cg.C.x-3422  [004]     6.647257: (+5)     sched_switch:         cg.C.x:3422 [120] R ==> kworker/u129:26:435 [120]
 kworker/u129:26-435   [004]     6.647263: (+6)     sched_waking:         comm=sshd pid=1978 prio=120 target_cpu=004
 kworker/u129:26-435   [004]     6.647266: (+3)     sched_wakeup:         sshd:1978 [120] CPU:004
 kworker/u129:26-435   [004]     6.647270: (+4)     sched_switch:         kworker/u129:26:435 [120] I ==> sshd:1978 [120]
            sshd-1978  [004]     6.647363: (+93)    sched_switch:         sshd:1978 [120] S ==> cg.C.x:3422 [120]
          cg.C.x-3422  [004]     6.647365: (+2)     sched_waking:         comm=kworker/u129:26 pid=435 prio=120 target_cpu=004
          cg.C.x-3422  [004]     6.647366: (+1)     sched_wakeup:         kworker/u129:26:435 [120] CPU:004
          cg.C.x-3422  [004]     6.647368: (+2)     sched_switch:         cg.C.x:3422 [120] R ==> kworker/u129:26:435 [120]
 kworker/u129:26-435   [004]     6.647369: (+1)     sched_waking:         comm=sshd pid=1978 prio=120 target_cpu=004
 kworker/u129:26-435   [004]     6.647370: (+1)     sched_wakeup:         sshd:1978 [120] CPU:004
 kworker/u129:26-435   [004]     6.647371: (+1)     sched_switch:         kworker/u129:26:435 [120] I ==> sshd:1978 [120]
            sshd-1978  [004]     6.647394: (+23)    sched_switch:         sshd:1978 [120] S ==> cg.C.x:3422 [120]
          cg.C.x-3427  [001]     6.650210: (+2816)  sched_waking:         comm=kworker/1:2 pid=470 prio=120 target_cpu=001
          cg.C.x-3427  [001]     6.650217: (+7)     sched_wakeup:         kworker/1:2:470 [120] CPU:001
          cg.C.x-3427  [001]     6.650222: (+5)     sched_switch:         cg.C.x:3427 [120] R ==> kworker/1:2:470 [120]
     kworker/1:2-470   [001]     6.650235: (+13)    sched_switch:         kworker/1:2:470 [120] I ==> cg.C.x:3427 [120]
          cg.C.x-3437  [057]     6.718210: (+67975) sched_waking:         comm=haveged pid=1077 prio=120 target_cpu=057
          cg.C.x-3437  [057]     6.718220: (+10)    sched_wakeup:         haveged:1077 [120] CPU:057
          cg.C.x-3437  [057]     6.718227: (+7)     sched_switch:         cg.C.x:3437 [120] R ==> haveged:1077 [120]
         haveged-1077  [057]     6.718256: (+29)    sched_switch:         haveged:1077 [120] S ==> cg.C.x:3437 [120]
          cg.C.x-3423  [000]     6.765464: (+47208) sched_waking:         comm=migration/0 pid=18 prio=0 target_cpu=000
          cg.C.x-3423  [000]     6.765469: (+5)     sched_wakeup:         migration/0:18 [0] CPU:000
          cg.C.x-3423  [000]     6.765478: (+9)     sched_switch:         cg.C.x:3423 [120] R ==> migration/0:18 [0]
     migration/0-18    [000]     6.765488: (+10)    sched_switch:         migration/0:18 [0] S ==> cg.C.x:3423 [120]
          cg.C.x-3422  [004]     6.768190: (+2702)  sched_waking:         comm=kworker/u129:26 pid=435 prio=120 target_cpu=004
          cg.C.x-3422  [004]     6.768197: (+7)     sched_wakeup:         kworker/u129:26:435 [120] CPU:004
          cg.C.x-3422  [004]     6.768202: (+5)     sched_switch:         cg.C.x:3422 [120] R ==> kworker/u129:26:435 [120]
 kworker/u129:26-435   [004]     6.768208: (+6)     sched_waking:         comm=sshd pid=1978 prio=120 target_cpu=004
 kworker/u129:26-435   [004]     6.768211: (+3)     sched_wakeup:         sshd:1978 [120] CPU:004
 kworker/u129:26-435   [004]     6.768215: (+4)     sched_switch:         kworker/u129:26:435 [120] I ==> sshd:1978 [120]
            sshd-1978  [004]     6.768312: (+97)    sched_switch:         sshd:1978 [120] S ==> cg.C.x:3422 [120]
          cg.C.x-3422  [004]     6.768314: (+2)     sched_waking:         comm=kworker/u129:26 pid=435 prio=120 target_cpu=004
          cg.C.x-3422  [004]     6.768315: (+1)     sched_wakeup:         kworker/u129:26:435 [120] CPU:004
          cg.C.x-3422  [004]     6.768317: (+2)     sched_switch:         cg.C.x:3422 [120] R ==> kworker/u129:26:435 [120]
 kworker/u129:26-435   [004]     6.768317: (+0)     sched_waking:         comm=sshd pid=1978 prio=120 target_cpu=004
 kworker/u129:26-435   [004]     6.768319: (+2)     sched_wakeup:         sshd:1978 [120] CPU:004
 kworker/u129:26-435   [004]     6.768320: (+1)     sched_switch:         kworker/u129:26:435 [120] I ==> sshd:1978 [120]
            sshd-1978  [004]     6.768343: (+23)    sched_switch:         sshd:1978 [120] S ==> cg.C.x:3422 [120]
          cg.C.x-3422  [004]     6.778213: (+9870)  sched_waking:         comm=kworker/u129:26 pid=435 prio=120 target_cpu=004
          cg.C.x-3422  [004]     6.778222: (+9)     sched_wakeup:         kworker/u129:26:435 [120] CPU:004
          cg.C.x-3422  [004]     6.778228: (+6)     sched_switch:         cg.C.x:3422 [120] R ==> kworker/u129:26:435 [120]
 kworker/u129:26-435   [004]     6.778772: (+544)   sched_switch:         kworker/u129:26:435 [120] I ==> cg.C.x:3422 [120]
          cg.C.x-3423  [000]     6.794210: (+15438) sched_waking:         comm=kworker/0:3 pid=746 prio=120 target_cpu=000
          cg.C.x-3423  [000]     6.794218: (+8)     sched_wakeup:         kworker/0:3:746 [120] CPU:000
          cg.C.x-3423  [000]     6.794223: (+5)     sched_switch:         cg.C.x:3423 [120] R ==> kworker/0:3:746 [120]
     kworker/0:3-746   [000]     6.794277: (+54)    sched_switch:         kworker/0:3:746 [120] I ==> cg.C.x:3423 [120]
          cg.C.x-3485  [013]     6.797462: (+3185)  sched_waking:         comm=migration/13 pid=95 prio=0 target_cpu=013
          cg.C.x-3428  [005]     6.797462: (+0)     sched_waking:         comm=migration/5 pid=47 prio=0 target_cpu=005
          cg.C.x-3479  [015]     6.797462: (+0)     sched_waking:         comm=migration/15 pid=107 prio=0 target_cpu=015
          cg.C.x-3427  [001]     6.797462: (+0)     sched_waking:         comm=migration/1 pid=23 prio=0 target_cpu=001
          cg.C.x-3475  [011]     6.797462: (+0)     sched_waking:         comm=migration/11 pid=83 prio=0 target_cpu=011
          cg.C.x-3481  [009]     6.797462: (+0)     sched_waking:         comm=migration/9 pid=71 prio=0 target_cpu=009
          cg.C.x-3483  [003]     6.797462: (+0)     sched_waking:         comm=migration/3 pid=35 prio=0 target_cpu=003
          cg.C.x-3473  [007]     6.797462: (+0)     sched_waking:         comm=migration/7 pid=59 prio=0 target_cpu=007
          cg.C.x-3422  [004]     6.797462: (+0)     sched_waking:         comm=migration/4 pid=41 prio=0 target_cpu=004
          cg.C.x-3443  [019]     6.797462: (+0)     sched_waking:         comm=migration/19 pid=131 prio=0 target_cpu=019
          cg.C.x-3425  [017]     6.797462: (+0)     sched_waking:         comm=migration/17 pid=119 prio=0 target_cpu=017
          cg.C.x-3478  [008]     6.797463: (+1)     sched_waking:         comm=migration/8 pid=65 prio=0 target_cpu=008
          cg.C.x-3452  [002]     6.797463: (+0)     sched_waking:         comm=migration/2 pid=29 prio=0 target_cpu=002
          cg.C.x-3434  [014]     6.797463: (+0)     sched_waking:         comm=migration/14 pid=101 prio=0 target_cpu=014
          cg.C.x-3460  [018]     6.797463: (+0)     sched_waking:         comm=migration/18 pid=125 prio=0 target_cpu=018
          cg.C.x-3476  [006]     6.797463: (+0)     sched_waking:         comm=migration/6 pid=53 prio=0 target_cpu=006
          cg.C.x-3472  [010]     6.797463: (+0)     sched_waking:         comm=migration/10 pid=77 prio=0 target_cpu=010
          cg.C.x-3474  [012]     6.797463: (+0)     sched_waking:         comm=migration/12 pid=89 prio=0 target_cpu=012
          cg.C.x-3462  [016]     6.797463: (+0)     sched_waking:         comm=migration/16 pid=113 prio=0 target_cpu=016
          cg.C.x-3434  [014]     6.797466: (+3)     sched_wakeup:         migration/14:101 [0] CPU:014
          cg.C.x-3452  [002]     6.797467: (+1)     sched_wakeup:         migration/2:29 [0] CPU:002
          cg.C.x-3485  [013]     6.797467: (+0)     sched_wakeup:         migration/13:95 [0] CPU:013
          cg.C.x-3425  [017]     6.797467: (+0)     sched_wakeup:         migration/17:119 [0] CPU:017
          cg.C.x-3475  [011]     6.797467: (+0)     sched_wakeup:         migration/11:83 [0] CPU:011
          cg.C.x-3428  [005]     6.797467: (+0)     sched_wakeup:         migration/5:47 [0] CPU:005
          cg.C.x-3427  [001]     6.797467: (+0)     sched_wakeup:         migration/1:23 [0] CPU:001
          cg.C.x-3473  [007]     6.797467: (+0)     sched_wakeup:         migration/7:59 [0] CPU:007
          cg.C.x-3476  [006]     6.797467: (+0)     sched_wakeup:         migration/6:53 [0] CPU:006
          cg.C.x-3479  [015]     6.797467: (+0)     sched_wakeup:         migration/15:107 [0] CPU:015
          cg.C.x-3422  [004]     6.797467: (+0)     sched_wakeup:         migration/4:41 [0] CPU:004
          cg.C.x-3478  [008]     6.797468: (+1)     sched_wakeup:         migration/8:65 [0] CPU:008
          cg.C.x-3472  [010]     6.797468: (+0)     sched_wakeup:         migration/10:77 [0] CPU:010
          cg.C.x-3460  [018]     6.797468: (+0)     sched_wakeup:         migration/18:125 [0] CPU:018
          cg.C.x-3483  [003]     6.797468: (+0)     sched_wakeup:         migration/3:35 [0] CPU:003
          cg.C.x-3481  [009]     6.797468: (+0)     sched_wakeup:         migration/9:71 [0] CPU:009
          cg.C.x-3462  [016]     6.797468: (+0)     sched_wakeup:         migration/16:113 [0] CPU:016
          cg.C.x-3443  [019]     6.797468: (+0)     sched_wakeup:         migration/19:131 [0] CPU:019
          cg.C.x-3474  [012]     6.797468: (+0)     sched_wakeup:         migration/12:89 [0] CPU:012
          cg.C.x-3434  [014]     6.797473: (+5)     sched_switch:         cg.C.x:3434 [120] R ==> migration/14:101 [0]
          cg.C.x-3452  [002]     6.797473: (+0)     sched_switch:         cg.C.x:3452 [120] R ==> migration/2:29 [0]
          cg.C.x-3427  [001]     6.797473: (+0)     sched_switch:         cg.C.x:3427 [120] R ==> migration/1:23 [0]
          cg.C.x-3462  [016]     6.797473: (+0)     sched_switch:         cg.C.x:3462 [120] R ==> migration/16:113 [0]
          cg.C.x-3460  [018]     6.797473: (+0)     sched_switch:         cg.C.x:3460 [120] R ==> migration/18:125 [0]
          cg.C.x-3483  [003]     6.797473: (+0)     sched_switch:         cg.C.x:3483 [120] R ==> migration/3:35 [0]
          cg.C.x-3472  [010]     6.797473: (+0)     sched_switch:         cg.C.x:3472 [120] R ==> migration/10:77 [0]
          cg.C.x-3476  [006]     6.797473: (+0)     sched_switch:         cg.C.x:3476 [120] R ==> migration/6:53 [0]
          cg.C.x-3478  [008]     6.797473: (+0)     sched_switch:         cg.C.x:3478 [120] R ==> migration/8:65 [0]
          cg.C.x-3479  [015]     6.797473: (+0)     sched_switch:         cg.C.x:3479 [120] R ==> migration/15:107 [0]
          cg.C.x-3425  [017]     6.797474: (+1)     sched_switch:         cg.C.x:3425 [120] R ==> migration/17:119 [0]
          cg.C.x-3474  [012]     6.797474: (+0)     sched_switch:         cg.C.x:3474 [120] R ==> migration/12:89 [0]
          cg.C.x-3485  [013]     6.797474: (+0)     sched_switch:         cg.C.x:3485 [120] R ==> migration/13:95 [0]
          cg.C.x-3428  [005]     6.797474: (+0)     sched_switch:         cg.C.x:3428 [120] R ==> migration/5:47 [0]
          cg.C.x-3473  [007]     6.797474: (+0)     sched_switch:         cg.C.x:3473 [120] R ==> migration/7:59 [0]
          cg.C.x-3475  [011]     6.797474: (+0)     sched_switch:         cg.C.x:3475 [120] R ==> migration/11:83 [0]
          cg.C.x-3422  [004]     6.797474: (+0)     sched_switch:         cg.C.x:3422 [120] R ==> migration/4:41 [0]
          cg.C.x-3481  [009]     6.797474: (+0)     sched_switch:         cg.C.x:3481 [120] R ==> migration/9:71 [0]
          cg.C.x-3443  [019]     6.797475: (+1)     sched_switch:         cg.C.x:3443 [120] R ==> migration/19:131 [0]
    migration/17-119   [017]     6.797480: (+5)     sched_switch:         migration/17:119 [0] S ==> cg.C.x:3425 [120]
     migration/1-23    [001]     6.797480: (+0)     sched_switch:         migration/1:23 [0] S ==> cg.C.x:3427 [120]
     migration/3-35    [003]     6.797480: (+0)     sched_switch:         migration/3:35 [0] S ==> cg.C.x:3483 [120]
    migration/15-107   [015]     6.797480: (+0)     sched_switch:         migration/15:107 [0] S ==> cg.C.x:3479 [120]
    migration/11-83    [011]     6.797480: (+0)     sched_switch:         migration/11:83 [0] S ==> cg.C.x:3475 [120]
     migration/9-71    [009]     6.797480: (+0)     sched_switch:         migration/9:71 [0] S ==> cg.C.x:3481 [120]
    migration/18-125   [018]     6.797480: (+0)     sched_switch:         migration/18:125 [0] S ==> cg.C.x:3460 [120]
    migration/12-89    [012]     6.797481: (+1)     sched_switch:         migration/12:89 [0] S ==> cg.C.x:3474 [120]
    migration/14-101   [014]     6.797481: (+0)     sched_switch:         migration/14:101 [0] S ==> cg.C.x:3434 [120]
     migration/6-53    [006]     6.797481: (+0)     sched_switch:         migration/6:53 [0] S ==> cg.C.x:3476 [120]
    migration/10-77    [010]     6.797481: (+0)     sched_switch:         migration/10:77 [0] S ==> cg.C.x:3472 [120]
     migration/2-29    [002]     6.797481: (+0)     sched_switch:         migration/2:29 [0] S ==> cg.C.x:3452 [120]
    migration/16-113   [016]     6.797481: (+0)     sched_switch:         migration/16:113 [0] S ==> cg.C.x:3462 [120]
    migration/13-95    [013]     6.797481: (+0)     sched_switch:         migration/13:95 [0] S ==> cg.C.x:3485 [120]
     migration/8-65    [008]     6.797481: (+0)     sched_switch:         migration/8:65 [0] S ==> cg.C.x:3478 [120]
     migration/4-41    [004]     6.797481: (+0)     sched_switch:         migration/4:41 [0] S ==> cg.C.x:3422 [120]
     migration/7-59    [007]     6.797481: (+0)     sched_switch:         migration/7:59 [0] S ==> cg.C.x:3473 [120]
     migration/5-47    [005]     6.797481: (+0)     sched_switch:         migration/5:47 [0] S ==> cg.C.x:3428 [120]
    migration/19-131   [019]     6.797481: (+0)     sched_switch:         migration/19:131 [0] S ==> cg.C.x:3443 [120]
          cg.C.x-3469  [031]     6.801461: (+3980)  sched_waking:         comm=migration/31 pid=203 prio=0 target_cpu=031
          cg.C.x-3480  [028]     6.801461: (+0)     sched_waking:         comm=migration/28 pid=185 prio=0 target_cpu=028
          cg.C.x-3470  [026]     6.801461: (+0)     sched_waking:         comm=migration/26 pid=173 prio=0 target_cpu=026
          cg.C.x-3456  [030]     6.801461: (+0)     sched_waking:         comm=migration/30 pid=197 prio=0 target_cpu=030
          cg.C.x-3465  [021]     6.801461: (+0)     sched_waking:         comm=migration/21 pid=143 prio=0 target_cpu=021
          cg.C.x-3463  [023]     6.801461: (+0)     sched_waking:         comm=migration/23 pid=155 prio=0 target_cpu=023
          cg.C.x-3464  [022]     6.801461: (+0)     sched_waking:         comm=migration/22 pid=149 prio=0 target_cpu=022
          cg.C.x-3461  [029]     6.801461: (+0)     sched_waking:         comm=migration/29 pid=191 prio=0 target_cpu=029
          cg.C.x-3468  [024]     6.801461: (+0)     sched_waking:         comm=migration/24 pid=161 prio=0 target_cpu=024
          cg.C.x-3458  [020]     6.801462: (+1)     sched_waking:         comm=migration/20 pid=137 prio=0 target_cpu=020
          cg.C.x-3467  [027]     6.801462: (+0)     sched_waking:         comm=migration/27 pid=179 prio=0 target_cpu=027
          cg.C.x-3471  [025]     6.801462: (+0)     sched_waking:         comm=migration/25 pid=167 prio=0 target_cpu=025
          cg.C.x-3471  [025]     6.801464: (+2)     sched_wakeup:         migration/25:167 [0] CPU:025
          cg.C.x-3463  [023]     6.801464: (+0)     sched_wakeup:         migration/23:155 [0] CPU:023
          cg.C.x-3469  [031]     6.801464: (+0)     sched_wakeup:         migration/31:203 [0] CPU:031
          cg.C.x-3461  [029]     6.801464: (+0)     sched_wakeup:         migration/29:191 [0] CPU:029
          cg.C.x-3465  [021]     6.801464: (+0)     sched_wakeup:         migration/21:143 [0] CPU:021
          cg.C.x-3456  [030]     6.801464: (+0)     sched_wakeup:         migration/30:197 [0] CPU:030
          cg.C.x-3480  [028]     6.801464: (+0)     sched_wakeup:         migration/28:185 [0] CPU:028
          cg.C.x-3458  [020]     6.801464: (+0)     sched_wakeup:         migration/20:137 [0] CPU:020
          cg.C.x-3470  [026]     6.801464: (+0)     sched_wakeup:         migration/26:173 [0] CPU:026
          cg.C.x-3467  [027]     6.801464: (+0)     sched_wakeup:         migration/27:179 [0] CPU:027
          cg.C.x-3468  [024]     6.801465: (+1)     sched_wakeup:         migration/24:161 [0] CPU:024
          cg.C.x-3464  [022]     6.801465: (+0)     sched_wakeup:         migration/22:149 [0] CPU:022
          cg.C.x-3456  [030]     6.801469: (+4)     sched_switch:         cg.C.x:3456 [120] R ==> migration/30:197 [0]
          cg.C.x-3471  [025]     6.801469: (+0)     sched_switch:         cg.C.x:3471 [120] R ==> migration/25:167 [0]
          cg.C.x-3469  [031]     6.801469: (+0)     sched_switch:         cg.C.x:3469 [120] R ==> migration/31:203 [0]
          cg.C.x-3465  [021]     6.801469: (+0)     sched_switch:         cg.C.x:3465 [120] R ==> migration/21:143 [0]
          cg.C.x-3480  [028]     6.801470: (+1)     sched_switch:         cg.C.x:3480 [120] R ==> migration/28:185 [0]
          cg.C.x-3458  [020]     6.801470: (+0)     sched_switch:         cg.C.x:3458 [120] R ==> migration/20:137 [0]
          cg.C.x-3468  [024]     6.801470: (+0)     sched_switch:         cg.C.x:3468 [120] R ==> migration/24:161 [0]
          cg.C.x-3467  [027]     6.801470: (+0)     sched_switch:         cg.C.x:3467 [120] R ==> migration/27:179 [0]
          cg.C.x-3463  [023]     6.801470: (+0)     sched_switch:         cg.C.x:3463 [120] R ==> migration/23:155 [0]
          cg.C.x-3470  [026]     6.801470: (+0)     sched_switch:         cg.C.x:3470 [120] R ==> migration/26:173 [0]
          cg.C.x-3464  [022]     6.801470: (+0)     sched_switch:         cg.C.x:3464 [120] R ==> migration/22:149 [0]
          cg.C.x-3461  [029]     6.801470: (+0)     sched_switch:         cg.C.x:3461 [120] R ==> migration/29:191 [0]
    migration/30-197   [030]     6.801475: (+5)     sched_switch:         migration/30:197 [0] S ==> cg.C.x:3456 [120]
    migration/26-173   [026]     6.801475: (+0)     sched_switch:         migration/26:173 [0] S ==> cg.C.x:3470 [120]
    migration/20-137   [020]     6.801475: (+0)     sched_switch:         migration/20:137 [0] S ==> cg.C.x:3458 [120]
    migration/21-143   [021]     6.801475: (+0)     sched_switch:         migration/21:143 [0] S ==> cg.C.x:3465 [120]
    migration/31-203   [031]     6.801475: (+0)     sched_switch:         migration/31:203 [0] S ==> cg.C.x:3469 [120]
    migration/25-167   [025]     6.801475: (+0)     sched_switch:         migration/25:167 [0] S ==> cg.C.x:3471 [120]
    migration/28-185   [028]     6.801475: (+0)     sched_switch:         migration/28:185 [0] S ==> cg.C.x:3480 [120]
    migration/23-155   [023]     6.801476: (+1)     sched_switch:         migration/23:155 [0] S ==> cg.C.x:3463 [120]
    migration/24-161   [024]     6.801476: (+0)     sched_switch:         migration/24:161 [0] S ==> cg.C.x:3468 [120]
    migration/22-149   [022]     6.801476: (+0)     sched_switch:         migration/22:149 [0] S ==> cg.C.x:3464 [120]
    migration/29-191   [029]     6.801476: (+0)     sched_switch:         migration/29:191 [0] S ==> cg.C.x:3461 [120]
    migration/27-179   [027]     6.801476: (+0)     sched_switch:         migration/27:179 [0] S ==> cg.C.x:3467 [120]
          cg.C.x-3434  [014]     6.810211: (+8735)  sched_waking:         comm=kworker/14:1 pid=711 prio=120 target_cpu=014
          cg.C.x-3434  [014]     6.810220: (+9)     sched_wakeup:         kworker/14:1:711 [120] CPU:014
          cg.C.x-3434  [014]     6.810227: (+7)     sched_switch:         cg.C.x:3434 [120] R ==> kworker/14:1:711 [120]
    kworker/14:1-711   [014]     6.810273: (+46)    sched_switch:         kworker/14:1:711 [120] I ==> cg.C.x:3434 [120]
          cg.C.x-3482  [032]     6.829463: (+19190) sched_waking:         comm=migration/32 pid=209 prio=0 target_cpu=032
          cg.C.x-3482  [032]     6.829470: (+7)     sched_wakeup:         migration/32:209 [0] CPU:032
          cg.C.x-3482  [032]     6.829481: (+11)    sched_switch:         cg.C.x:3482 [120] R ==> migration/32:209 [0]
    migration/32-209   [032]     6.829491: (+10)    sched_switch:         migration/32:209 [0] S ==> cg.C.x:3482 [120]
          cg.C.x-3426  [038]     6.833463: (+3972)  sched_waking:         comm=migration/38 pid=245 prio=0 target_cpu=038
          cg.C.x-3450  [040]     6.833464: (+1)     sched_waking:         comm=migration/40 pid=257 prio=0 target_cpu=040
          cg.C.x-3454  [036]     6.833464: (+0)     sched_waking:         comm=migration/36 pid=233 prio=0 target_cpu=036
          cg.C.x-3432  [042]     6.833464: (+0)     sched_waking:         comm=migration/42 pid=269 prio=0 target_cpu=042
          cg.C.x-3484  [034]     6.833464: (+0)     sched_waking:         comm=migration/34 pid=221 prio=0 target_cpu=034
          cg.C.x-3449  [035]     6.833465: (+1)     sched_waking:         comm=migration/35 pid=227 prio=0 target_cpu=035
          cg.C.x-3457  [033]     6.833465: (+0)     sched_waking:         comm=migration/33 pid=215 prio=0 target_cpu=033
          cg.C.x-3429  [043]     6.833465: (+0)     sched_waking:         comm=migration/43 pid=275 prio=0 target_cpu=043
          cg.C.x-3451  [039]     6.833466: (+1)     sched_waking:         comm=migration/39 pid=251 prio=0 target_cpu=039
          cg.C.x-3459  [037]     6.833466: (+0)     sched_waking:         comm=migration/37 pid=239 prio=0 target_cpu=037
          cg.C.x-3453  [041]     6.833466: (+0)     sched_waking:         comm=migration/41 pid=263 prio=0 target_cpu=041
          cg.C.x-3432  [042]     6.833469: (+3)     sched_wakeup:         migration/42:269 [0] CPU:042
          cg.C.x-3426  [038]     6.833470: (+1)     sched_wakeup:         migration/38:245 [0] CPU:038
          cg.C.x-3454  [036]     6.833470: (+0)     sched_wakeup:         migration/36:233 [0] CPU:036
          cg.C.x-3450  [040]     6.833470: (+0)     sched_wakeup:         migration/40:257 [0] CPU:040
          cg.C.x-3484  [034]     6.833470: (+0)     sched_wakeup:         migration/34:221 [0] CPU:034
          cg.C.x-3449  [035]     6.833470: (+0)     sched_wakeup:         migration/35:227 [0] CPU:035
          cg.C.x-3453  [041]     6.833471: (+1)     sched_wakeup:         migration/41:263 [0] CPU:041
          cg.C.x-3429  [043]     6.833471: (+0)     sched_wakeup:         migration/43:275 [0] CPU:043
          cg.C.x-3451  [039]     6.833471: (+0)     sched_wakeup:         migration/39:251 [0] CPU:039
          cg.C.x-3457  [033]     6.833471: (+0)     sched_wakeup:         migration/33:215 [0] CPU:033
          cg.C.x-3459  [037]     6.833471: (+0)     sched_wakeup:         migration/37:239 [0] CPU:037
          cg.C.x-3454  [036]     6.833478: (+7)     sched_switch:         cg.C.x:3454 [120] R ==> migration/36:233 [0]
          cg.C.x-3484  [034]     6.833478: (+0)     sched_switch:         cg.C.x:3484 [120] R ==> migration/34:221 [0]
          cg.C.x-3432  [042]     6.833478: (+0)     sched_switch:         cg.C.x:3432 [120] R ==> migration/42:269 [0]
          cg.C.x-3426  [038]     6.833478: (+0)     sched_switch:         cg.C.x:3426 [120] R ==> migration/38:245 [0]
          cg.C.x-3450  [040]     6.833478: (+0)     sched_switch:         cg.C.x:3450 [120] R ==> migration/40:257 [0]
          cg.C.x-3429  [043]     6.833479: (+1)     sched_switch:         cg.C.x:3429 [120] R ==> migration/43:275 [0]
          cg.C.x-3451  [039]     6.833479: (+0)     sched_switch:         cg.C.x:3451 [120] R ==> migration/39:251 [0]
          cg.C.x-3449  [035]     6.833479: (+0)     sched_switch:         cg.C.x:3449 [120] R ==> migration/35:227 [0]
          cg.C.x-3459  [037]     6.833479: (+0)     sched_switch:         cg.C.x:3459 [120] R ==> migration/37:239 [0]
          cg.C.x-3453  [041]     6.833479: (+0)     sched_switch:         cg.C.x:3453 [120] R ==> migration/41:263 [0]
          cg.C.x-3457  [033]     6.833479: (+0)     sched_switch:         cg.C.x:3457 [120] R ==> migration/33:215 [0]
    migration/42-269   [042]     6.833486: (+7)     sched_switch:         migration/42:269 [0] S ==> cg.C.x:3432 [120]
    migration/40-257   [040]     6.833486: (+0)     sched_switch:         migration/40:257 [0] S ==> cg.C.x:3450 [120]
    migration/36-233   [036]     6.833486: (+0)     sched_switch:         migration/36:233 [0] S ==> cg.C.x:3454 [120]
    migration/34-221   [034]     6.833486: (+0)     sched_switch:         migration/34:221 [0] S ==> cg.C.x:3484 [120]
    migration/38-245   [038]     6.833486: (+0)     sched_switch:         migration/38:245 [0] S ==> cg.C.x:3426 [120]
    migration/43-275   [043]     6.833487: (+1)     sched_switch:         migration/43:275 [0] S ==> cg.C.x:3429 [120]
    migration/37-239   [037]     6.833487: (+0)     sched_switch:         migration/37:239 [0] S ==> cg.C.x:3459 [120]
    migration/39-251   [039]     6.833487: (+0)     sched_switch:         migration/39:251 [0] S ==> cg.C.x:3451 [120]
    migration/41-263   [041]     6.833487: (+0)     sched_switch:         migration/41:263 [0] S ==> cg.C.x:3453 [120]
    migration/33-215   [033]     6.833487: (+0)     sched_switch:         migration/33:215 [0] S ==> cg.C.x:3457 [120]
    migration/35-227   [035]     6.833488: (+1)     sched_switch:         migration/35:227 [0] S ==> cg.C.x:3449 [120]
          cg.C.x-3436  [048]     6.837461: (+3973)  sched_waking:         comm=migration/48 pid=305 prio=0 target_cpu=048
          cg.C.x-3466  [046]     6.837461: (+0)     sched_waking:         comm=migration/46 pid=293 prio=0 target_cpu=046
          cg.C.x-3430  [044]     6.837461: (+0)     sched_waking:         comm=migration/44 pid=281 prio=0 target_cpu=044
          cg.C.x-3438  [054]     6.837461: (+0)     sched_waking:         comm=migration/54 pid=341 prio=0 target_cpu=054
          cg.C.x-3442  [050]     6.837461: (+0)     sched_waking:         comm=migration/50 pid=317 prio=0 target_cpu=050
          cg.C.x-3444  [052]     6.837461: (+0)     sched_waking:         comm=migration/52 pid=329 prio=0 target_cpu=052
          cg.C.x-3477  [051]     6.837461: (+0)     sched_waking:         comm=migration/51 pid=323 prio=0 target_cpu=051
          cg.C.x-3440  [056]     6.837461: (+0)     sched_waking:         comm=migration/56 pid=353 prio=0 target_cpu=056
          cg.C.x-3447  [053]     6.837462: (+1)     sched_waking:         comm=migration/53 pid=335 prio=0 target_cpu=053
          cg.C.x-3446  [058]     6.837462: (+0)     sched_waking:         comm=migration/58 pid=365 prio=0 target_cpu=058
          cg.C.x-3441  [055]     6.837462: (+0)     sched_waking:         comm=migration/55 pid=347 prio=0 target_cpu=055
          cg.C.x-3455  [049]     6.837462: (+0)     sched_waking:         comm=migration/49 pid=311 prio=0 target_cpu=049
          cg.C.x-3445  [045]     6.837462: (+0)     sched_waking:         comm=migration/45 pid=287 prio=0 target_cpu=045
          cg.C.x-3437  [057]     6.837462: (+0)     sched_waking:         comm=migration/57 pid=359 prio=0 target_cpu=057
          cg.C.x-3431  [047]     6.837462: (+0)     sched_waking:         comm=migration/47 pid=299 prio=0 target_cpu=047
          cg.C.x-3439  [059]     6.837462: (+0)     sched_waking:         comm=migration/59 pid=371 prio=0 target_cpu=059
          cg.C.x-3436  [048]     6.837464: (+2)     sched_wakeup:         migration/48:305 [0] CPU:048
          cg.C.x-3466  [046]     6.837464: (+0)     sched_wakeup:         migration/46:293 [0] CPU:046
          cg.C.x-3446  [058]     6.837464: (+0)     sched_wakeup:         migration/58:365 [0] CPU:058
          cg.C.x-3442  [050]     6.837464: (+0)     sched_wakeup:         migration/50:317 [0] CPU:050
          cg.C.x-3444  [052]     6.837464: (+0)     sched_wakeup:         migration/52:329 [0] CPU:052
          cg.C.x-3477  [051]     6.837464: (+0)     sched_wakeup:         migration/51:323 [0] CPU:051
          cg.C.x-3441  [055]     6.837464: (+0)     sched_wakeup:         migration/55:347 [0] CPU:055
          cg.C.x-3447  [053]     6.837464: (+0)     sched_wakeup:         migration/53:335 [0] CPU:053
          cg.C.x-3431  [047]     6.837464: (+0)     sched_wakeup:         migration/47:299 [0] CPU:047
          cg.C.x-3430  [044]     6.837465: (+1)     sched_wakeup:         migration/44:281 [0] CPU:044
          cg.C.x-3440  [056]     6.837465: (+0)     sched_wakeup:         migration/56:353 [0] CPU:056
          cg.C.x-3438  [054]     6.837465: (+0)     sched_wakeup:         migration/54:341 [0] CPU:054
          cg.C.x-3439  [059]     6.837465: (+0)     sched_wakeup:         migration/59:371 [0] CPU:059
          cg.C.x-3437  [057]     6.837465: (+0)     sched_wakeup:         migration/57:359 [0] CPU:057
          cg.C.x-3445  [045]     6.837465: (+0)     sched_wakeup:         migration/45:287 [0] CPU:045
          cg.C.x-3455  [049]     6.837465: (+0)     sched_wakeup:         migration/49:311 [0] CPU:049
          cg.C.x-3440  [056]     6.837469: (+4)     sched_switch:         cg.C.x:3440 [120] R ==> migration/56:353 [0]
          cg.C.x-3466  [046]     6.837469: (+0)     sched_switch:         cg.C.x:3466 [120] R ==> migration/46:293 [0]
          cg.C.x-3430  [044]     6.837469: (+0)     sched_switch:         cg.C.x:3430 [120] R ==> migration/44:281 [0]
          cg.C.x-3444  [052]     6.837469: (+0)     sched_switch:         cg.C.x:3444 [120] R ==> migration/52:329 [0]
          cg.C.x-3442  [050]     6.837469: (+0)     sched_switch:         cg.C.x:3442 [120] R ==> migration/50:317 [0]
          cg.C.x-3436  [048]     6.837469: (+0)     sched_switch:         cg.C.x:3436 [120] R ==> migration/48:305 [0]
          cg.C.x-3446  [058]     6.837469: (+0)     sched_switch:         cg.C.x:3446 [120] R ==> migration/58:365 [0]
          cg.C.x-3447  [053]     6.837470: (+1)     sched_switch:         cg.C.x:3447 [120] R ==> migration/53:335 [0]
          cg.C.x-3441  [055]     6.837470: (+0)     sched_switch:         cg.C.x:3441 [120] R ==> migration/55:347 [0]
          cg.C.x-3438  [054]     6.837470: (+0)     sched_switch:         cg.C.x:3438 [120] R ==> migration/54:341 [0]
          cg.C.x-3445  [045]     6.837470: (+0)     sched_switch:         cg.C.x:3445 [120] R ==> migration/45:287 [0]
          cg.C.x-3439  [059]     6.837470: (+0)     sched_switch:         cg.C.x:3439 [120] R ==> migration/59:371 [0]
          cg.C.x-3477  [051]     6.837470: (+0)     sched_switch:         cg.C.x:3477 [120] R ==> migration/51:323 [0]
          cg.C.x-3437  [057]     6.837470: (+0)     sched_switch:         cg.C.x:3437 [120] R ==> migration/57:359 [0]
          cg.C.x-3431  [047]     6.837471: (+1)     sched_switch:         cg.C.x:3431 [120] R ==> migration/47:299 [0]
          cg.C.x-3455  [049]     6.837471: (+0)     sched_switch:         cg.C.x:3455 [120] R ==> migration/49:311 [0]
    migration/56-353   [056]     6.837473: (+2)     sched_switch:         migration/56:353 [0] S ==> cg.C.x:3440 [120]
    migration/52-329   [052]     6.837473: (+0)     sched_switch:         migration/52:329 [0] S ==> cg.C.x:3444 [120]
    migration/46-293   [046]     6.837473: (+0)     sched_switch:         migration/46:293 [0] S ==> cg.C.x:3466 [120]
    migration/44-281   [044]     6.837474: (+1)     sched_switch:         migration/44:281 [0] S ==> cg.C.x:3430 [120]
    migration/58-365   [058]     6.837474: (+0)     sched_switch:         migration/58:365 [0] S ==> cg.C.x:3446 [120]
    migration/50-317   [050]     6.837474: (+0)     sched_switch:         migration/50:317 [0] S ==> cg.C.x:3442 [120]
    migration/48-305   [048]     6.837474: (+0)     sched_switch:         migration/48:305 [0] S ==> cg.C.x:3436 [120]
    migration/54-341   [054]     6.837475: (+1)     sched_switch:         migration/54:341 [0] S ==> cg.C.x:3438 [120]
    migration/59-371   [059]     6.837475: (+0)     sched_switch:         migration/59:371 [0] S ==> cg.C.x:3439 [120]
    migration/53-335   [053]     6.837475: (+0)     sched_switch:         migration/53:335 [0] S ==> cg.C.x:3447 [120]
    migration/57-359   [057]     6.837475: (+0)     sched_switch:         migration/57:359 [0] S ==> cg.C.x:3437 [120]
    migration/55-347   [055]     6.837475: (+0)     sched_switch:         migration/55:347 [0] S ==> cg.C.x:3441 [120]
    migration/45-287   [045]     6.837475: (+0)     sched_switch:         migration/45:287 [0] S ==> cg.C.x:3445 [120]
    migration/47-299   [047]     6.837476: (+1)     sched_switch:         migration/47:299 [0] S ==> cg.C.x:3431 [120]
    migration/49-311   [049]     6.837476: (+0)     sched_switch:         migration/49:311 [0] S ==> cg.C.x:3455 [120]
    migration/51-323   [051]     6.837476: (+0)     sched_switch:         migration/51:323 [0] S ==> cg.C.x:3477 [120]
          cg.C.x-3435  [061]     6.841461: (+3985)  sched_waking:         comm=migration/61 pid=383 prio=0 target_cpu=061
          cg.C.x-3424  [060]     6.841461: (+0)     sched_waking:         comm=migration/60 pid=377 prio=0 target_cpu=060
          cg.C.x-3433  [063]     6.841462: (+1)     sched_waking:         comm=migration/63 pid=395 prio=0 target_cpu=063
          cg.C.x-3448  [062]     6.841462: (+0)     sched_waking:         comm=migration/62 pid=389 prio=0 target_cpu=062
          cg.C.x-3433  [063]     6.841464: (+2)     sched_wakeup:         migration/63:395 [0] CPU:063
          cg.C.x-3424  [060]     6.841464: (+0)     sched_wakeup:         migration/60:377 [0] CPU:060
          cg.C.x-3448  [062]     6.841464: (+0)     sched_wakeup:         migration/62:389 [0] CPU:062
          cg.C.x-3435  [061]     6.841464: (+0)     sched_wakeup:         migration/61:383 [0] CPU:061
          cg.C.x-3433  [063]     6.841469: (+5)     sched_switch:         cg.C.x:3433 [120] R ==> migration/63:395 [0]
          cg.C.x-3424  [060]     6.841470: (+1)     sched_switch:         cg.C.x:3424 [120] R ==> migration/60:377 [0]
          cg.C.x-3435  [061]     6.841470: (+0)     sched_switch:         cg.C.x:3435 [120] R ==> migration/61:383 [0]
          cg.C.x-3448  [062]     6.841470: (+0)     sched_switch:         cg.C.x:3448 [120] R ==> migration/62:389 [0]
    migration/62-389   [062]     6.841475: (+5)     sched_switch:         migration/62:389 [0] S ==> cg.C.x:3448 [120]
    migration/60-377   [060]     6.841475: (+0)     sched_switch:         migration/60:377 [0] S ==> cg.C.x:3424 [120]
    migration/61-383   [061]     6.841475: (+0)     sched_switch:         migration/61:383 [0] S ==> cg.C.x:3435 [120]
    migration/63-395   [063]     6.841475: (+0)     sched_switch:         migration/63:395 [0] S ==> cg.C.x:3433 [120]
          cg.C.x-3422  [004]     6.889227: (+47752) sched_waking:         comm=kworker/u129:26 pid=435 prio=120 target_cpu=004
          cg.C.x-3422  [004]     6.889236: (+9)     sched_wakeup:         kworker/u129:26:435 [120] CPU:004
          cg.C.x-3422  [004]     6.889242: (+6)     sched_switch:         cg.C.x:3422 [120] R ==> kworker/u129:26:435 [120]
 kworker/u129:26-435   [004]     6.889249: (+7)     sched_waking:         comm=sshd pid=1978 prio=120 target_cpu=004
 kworker/u129:26-435   [004]     6.889251: (+2)     sched_wakeup:         sshd:1978 [120] CPU:004
 kworker/u129:26-435   [004]     6.889255: (+4)     sched_switch:         kworker/u129:26:435 [120] I ==> sshd:1978 [120]
            sshd-1978  [004]     6.889356: (+101)   sched_switch:         sshd:1978 [120] S ==> cg.C.x:3422 [120]
          cg.C.x-3422  [004]     6.889357: (+1)     sched_waking:         comm=kworker/u129:26 pid=435 prio=120 target_cpu=004
          cg.C.x-3422  [004]     6.889358: (+1)     sched_wakeup:         kworker/u129:26:435 [120] CPU:004
          cg.C.x-3422  [004]     6.889360: (+2)     sched_switch:         cg.C.x:3422 [120] R ==> kworker/u129:26:435 [120]
 kworker/u129:26-435   [004]     6.889361: (+1)     sched_waking:         comm=sshd pid=1978 prio=120 target_cpu=004
 kworker/u129:26-435   [004]     6.889362: (+1)     sched_wakeup:         sshd:1978 [120] CPU:004
 kworker/u129:26-435   [004]     6.889364: (+2)     sched_switch:         kworker/u129:26:435 [120] I ==> sshd:1978 [120]
            sshd-1978  [004]     6.889386: (+22)    sched_switch:         sshd:1978 [120] S ==> cg.C.x:3422 [120]
          cg.C.x-3434  [014]     6.910208: (+20822) sched_waking:         comm=kcompactd0 pid=474 prio=120 target_cpu=014
          cg.C.x-3428  [005]     6.910209: (+1)     sched_waking:         comm=kcompactd1 pid=475 prio=120 target_cpu=005
          cg.C.x-3428  [005]     6.910216: (+7)     sched_wakeup:         kcompactd1:475 [120] CPU:005
          cg.C.x-3434  [014]     6.910217: (+1)     sched_wakeup:         kcompactd0:474 [120] CPU:014
          cg.C.x-3428  [005]     6.910222: (+5)     sched_switch:         cg.C.x:3428 [120] R ==> kcompactd1:475 [120]
          cg.C.x-3434  [014]     6.910223: (+1)     sched_switch:         cg.C.x:3434 [120] R ==> kcompactd0:474 [120]
      kcompactd1-475   [005]     6.910231: (+8)     sched_switch:         kcompactd1:475 [120] S ==> cg.C.x:3428 [120]
      kcompactd0-474   [014]     6.910233: (+2)     sched_switch:         kcompactd0:474 [120] S ==> cg.C.x:3434 [120]
          cg.C.x-3424  [060]     6.974210: (+63977) sched_waking:         comm=kworker/60:1 pid=489 prio=120 target_cpu=060
          cg.C.x-3424  [060]     6.974217: (+7)     sched_wakeup:         kworker/60:1:489 [120] CPU:060
          cg.C.x-3424  [060]     6.974224: (+7)     sched_switch:         cg.C.x:3424 [120] R ==> kworker/60:1:489 [120]
    kworker/60:1-489   [060]     6.974261: (+37)    sched_switch:         kworker/60:1:489 [120] I ==> cg.C.x:3424 [120]
          cg.C.x-3423  [000]     7.002212: (+27951) sched_waking:         comm=kworker/0:3 pid=746 prio=120 target_cpu=000
          cg.C.x-3423  [000]     7.002220: (+8)     sched_wakeup:         kworker/0:3:746 [120] CPU:000
          cg.C.x-3423  [000]     7.002227: (+7)     sched_switch:         cg.C.x:3423 [120] R ==> kworker/0:3:746 [120]
     kworker/0:3-746   [000]     7.002302: (+75)    sched_switch:         kworker/0:3:746 [120] I ==> cg.C.x:3423 [120]
          cg.C.x-3422  [004]     7.010211: (+7909)  sched_waking:         comm=kworker/u129:26 pid=435 prio=120 target_cpu=004
          cg.C.x-3422  [004]     7.010219: (+8)     sched_wakeup:         kworker/u129:26:435 [120] CPU:004
          cg.C.x-3422  [004]     7.010223: (+4)     sched_switch:         cg.C.x:3422 [120] R ==> kworker/u129:26:435 [120]
 kworker/u129:26-435   [004]     7.010229: (+6)     sched_waking:         comm=sshd pid=1978 prio=120 target_cpu=004
 kworker/u129:26-435   [004]     7.010232: (+3)     sched_wakeup:         sshd:1978 [120] CPU:004
 kworker/u129:26-435   [004]     7.010236: (+4)     sched_switch:         kworker/u129:26:435 [120] I ==> sshd:1978 [120]
            sshd-1978  [004]     7.010330: (+94)    sched_switch:         sshd:1978 [120] S ==> cg.C.x:3422 [120]
          cg.C.x-3422  [004]     7.010331: (+1)     sched_waking:         comm=kworker/u129:26 pid=435 prio=120 target_cpu=004
          cg.C.x-3422  [004]     7.010332: (+1)     sched_wakeup:         kworker/u129:26:435 [120] CPU:004
          cg.C.x-3422  [004]     7.010334: (+2)     sched_switch:         cg.C.x:3422 [120] R ==> kworker/u129:26:435 [120]
 kworker/u129:26-435   [004]     7.010335: (+1)     sched_waking:         comm=sshd pid=1978 prio=120 target_cpu=004
 kworker/u129:26-435   [004]     7.010336: (+1)     sched_wakeup:         sshd:1978 [120] CPU:004
