          cg.C.x-3168  [063]     0.302800: (+0)     bprint:               __handle_mm_fault: NUMAB TRY MEM MIGR process[nid:1, cpu:63, pid:3168], folio[virt:0x7fd27f200fe8, phys:0x1230eb000, nid:0], target_nid:1
          cg.C.x-3170  [047]     0.302800: (+0)     bprint:               __handle_mm_fault: NUMAB TRY MEM MIGR process[nid:1, cpu:47, pid:3170], folio[virt:0x7fd27de00fe8, phys:0x1818f4000, nid:0], target_nid:1
          cg.C.x-3172  [051]     0.302801: (+1)     bprint:               __handle_mm_fault: NUMAB TRY MEM MIGR process[nid:1, cpu:51, pid:3172], folio[virt:0x7fd27ca00fe8, phys:0x153092000, nid:0], target_nid:1
          cg.C.x-3157  [059]     0.302801: (+0)     bprint:               __handle_mm_fault: NUMAB TRY MEM MIGR process[nid:1, cpu:59, pid:3157], folio[virt:0x7fd286000fe8, phys:0x123f3f000, nid:0], target_nid:1
          cg.C.x-3158  [057]     0.302801: (+0)     bprint:               __handle_mm_fault: NUMAB TRY MEM MIGR process[nid:1, cpu:57, pid:3158], folio[virt:0x7fd285600fe8, phys:0x151a1c000, nid:0], target_nid:1
          cg.C.x-3154  [061]     0.302801: (+0)     bprint:               __handle_mm_fault: NUMAB TRY MEM MIGR process[nid:1, cpu:61, pid:3154], folio[virt:0x7fd287e00fe8, phys:0x1501a8000, nid:0], target_nid:1
          cg.C.x-3182  [041]     0.302809: (+8)     bprint:               __handle_mm_fault: NUMAB MEM ACCESS process[nid:1, cpu:41, pid:3182], folio[virt:0x7fd276600fe8, phys:0x12239f000, pfn:0x12239f, nid:0, npages:1]
          cg.C.x-3182  [041]     0.302810: (+1)     bprint:               __handle_mm_fault: NUMAB TRY MEM MIGR process[nid:1, cpu:41, pid:3182], folio[virt:0x7fd276600fe8, phys:0x12239f000, nid:0], target_nid:1
          cg.C.x-3164  [043]     0.302816: (+6)     bprint:               __handle_mm_fault: NUMAB COMPLETED MEM MIGR process[nid:1, cpu:43, pid:3164], old[phys:0x150454000, nid:0, npages:1], new[phys:0x1865adc000, nid:1, npages:1]
          cg.C.x-3174  [055]     0.302816: (+0)     bprint:               __handle_mm_fault: NUMAB COMPLETED MEM MIGR process[nid:1, cpu:55, pid:3174], old[phys:0x112bfd000, nid:0, npages:1], new[phys:0x1866c8b000, nid:1, npages:1]
          cg.C.x-3180  [039]     0.302816: (+0)     bprint:               __handle_mm_fault: NUMAB COMPLETED MEM MIGR process[nid:1, cpu:39, pid:3180], old[phys:0x15312f000, nid:0, npages:1], new[phys:0x18583dc000, nid:1, npages:1]
          cg.C.x-3160  [003]     0.302816: (+0)     bprint:               __handle_mm_fault: NUMAB COMPLETED MEM MIGR process[nid:1, cpu:3, pid:3160], old[phys:0x182258000, nid:0, npages:1], new[phys:0x185be49000, nid:1, npages:1]
          cg.C.x-3166  [013]     0.302816: (+0)     bprint:               __handle_mm_fault: NUMAB COMPLETED MEM MIGR process[nid:1, cpu:13, pid:3166], old[phys:0x1b0767000, nid:0, npages:1], new[phys:0x2c434ea000, nid:1, npages:1]
          cg.C.x-3178  [053]     0.302816: (+0)     bprint:               __handle_mm_fault: NUMAB COMPLETED MEM MIGR process[nid:1, cpu:53, pid:3178], old[phys:0x150463000, nid:0, npages:1], new[phys:0x1864cec000, nid:1, npages:1]
          cg.C.x-3170  [047]     0.302816: (+0)     bprint:               __handle_mm_fault: NUMAB COMPLETED MEM MIGR process[nid:1, cpu:47, pid:3170], old[phys:0x1818f4000, nid:0, npages:1], new[phys:0x185cd2d000, nid:1, npages:1]
          cg.C.x-3168  [063]     0.302816: (+0)     bprint:               __handle_mm_fault: NUMAB COMPLETED MEM MIGR process[nid:1, cpu:63, pid:3168], old[phys:0x1230eb000, nid:0, npages:1], new[phys:0x186ba83000, nid:1, npages:1]
          cg.C.x-3156  [001]     0.302816: (+0)     bprint:               __handle_mm_fault: NUMAB COMPLETED MEM MIGR process[nid:1, cpu:1, pid:3156], old[phys:0x123f3e000, nid:0, npages:1], new[phys:0x1867536000, nid:1, npages:1]
          cg.C.x-3176  [049]     0.302817: (+1)     bprint:               __handle_mm_fault: NUMAB COMPLETED MEM MIGR process[nid:1, cpu:49, pid:3176], old[phys:0x112cd0000, nid:0, npages:1], new[phys:0x185b70f000, nid:1, npages:1]
          cg.C.x-3157  [059]     0.302819: (+2)     bprint:               __handle_mm_fault: NUMAB COMPLETED MEM MIGR process[nid:1, cpu:59, pid:3157], old[phys:0x123f3f000, nid:0, npages:1], new[phys:0x186aaad000, nid:1, npages:1]
          cg.C.x-3172  [051]     0.302820: (+1)     bprint:               __handle_mm_fault: NUMAB COMPLETED MEM MIGR process[nid:1, cpu:51, pid:3172], old[phys:0x153092000, nid:0, npages:1], new[phys:0x1858812000, nid:1, npages:1]
          cg.C.x-3158  [057]     0.302820: (+0)     bprint:               __handle_mm_fault: NUMAB COMPLETED MEM MIGR process[nid:1, cpu:57, pid:3158], old[phys:0x151a1c000, nid:0, npages:1], new[phys:0x1864f81000, nid:1, npages:1]
          cg.C.x-3154  [061]     0.302821: (+1)     bprint:               __handle_mm_fault: NUMAB COMPLETED MEM MIGR process[nid:1, cpu:61, pid:3154], old[phys:0x1501a8000, nid:0, npages:1], new[phys:0x186580e000, nid:1, npages:1]
          cg.C.x-3182  [041]     0.302822: (+1)     bprint:               __handle_mm_fault: NUMAB COMPLETED MEM MIGR process[nid:1, cpu:41, pid:3182], old[phys:0x12239f000, nid:0, npages:1], new[phys:0x1867864000, nid:1, npages:1]
          cg.C.x-3166  [013]     0.310787: (+7965)  sched_waking:         comm=kworker/13:1 pid=720 prio=120 target_cpu=013
          cg.C.x-3166  [013]     0.310796: (+9)     sched_wakeup:         kworker/13:1:720 [120] CPU:013
          cg.C.x-3166  [013]     0.310801: (+5)     sched_switch:         cg.C.x:3166 [120] R ==> kworker/13:1:720 [120]
    kworker/13:1-720   [013]     0.310814: (+13)    sched_switch:         kworker/13:1:720 [120] I ==> cg.C.x:3166 [120]
          cg.C.x-3213  [046]     0.314790: (+3976)  bprint:               change_prot_numa: NUMAB SCAN vma[start:0x7fd28936c000, end:0x7fd29bcf9000, from:0x7fd289c00000, to:0x7fd299c00000, size:262144 KB]
          cg.C.x-3213  [046]     0.314795: (+5)     bprint:               change_prot_numa: NUMAB SCAN vma[start:0x7fd28936c000, end:0x7fd29bcf9000, from:0x7fd299c00000, to:0x7fd29bcf9000, size:33764 KB]
          cg.C.x-3213  [046]     0.314798: (+3)     bprint:               change_prot_numa: NUMAB SCAN vma[start:0x7fd29be00000, end:0x7fd29d050000, from:0x7fd29be00000, to:0x7fd29d050000, size:18752 KB]
          cg.C.x-3213  [046]     0.314839: (+41)    bprint:               change_prot_numa: NUMAB SCAN vma[start:0x7fd29d0db000, end:0x7fd2af6f9000, from:0x7fd29d0db000, to:0x7fd2ac000000, size:244884 KB]
          cg.C.x-3201  [042]     0.314844: (+5)     bprint:               migrate_misplaced_folio: NUMAB pid:3201 ABORTING MEM MIGR because !isolated
          cg.C.x-3161  [014]     0.314845: (+1)     bprint:               migrate_misplaced_folio: NUMAB pid:3161 ABORTING MEM MIGR because !isolated
          cg.C.x-3203  [012]     0.314851: (+6)     bprint:               migrate_misplaced_folio: NUMAB pid:3203 ABORTING MEM MIGR because !isolated
          cg.C.x-3160  [003]     0.315596: (+745)   sched_switch:         cg.C.x:3160 [120] D ==> swapper/3:0 [120]
          cg.C.x-3154  [061]     0.315688: (+92)    sched_switch:         cg.C.x:3154 [120] D ==> swapper/61:0 [120]
          cg.C.x-3195  [036]     0.316065: (+377)   sched_switch:         cg.C.x:3195 [120] D ==> swapper/36:0 [120]
          cg.C.x-3207  [052]     0.316177: (+112)   sched_switch:         cg.C.x:3207 [120] D ==> swapper/52:0 [120]
          cg.C.x-3155  [000]     0.316487: (+310)   sched_switch:         cg.C.x:3155 [120] D ==> swapper/0:0 [120]
          cg.C.x-3199  [006]     0.316493: (+6)     sched_switch:         cg.C.x:3199 [120] D ==> swapper/6:0 [120]
          cg.C.x-3159  [020]     0.316493: (+0)     sched_waking:         comm=cg.C.x pid=3160 prio=120 target_cpu=003
          cg.C.x-3210  [017]     0.316495: (+2)     sched_switch:         cg.C.x:3210 [120] D ==> swapper/17:0 [120]
          cg.C.x-3206  [009]     0.316495: (+0)     sched_switch:         cg.C.x:3206 [120] D ==> swapper/9:0 [120]
          cg.C.x-3214  [007]     0.316496: (+1)     sched_switch:         cg.C.x:3214 [120] D ==> swapper/7:0 [120]
          cg.C.x-3159  [020]     0.316498: (+2)     sched_wake_idle_without_ipi: cpu=3
          cg.C.x-3161  [014]     0.316498: (+0)     sched_switch:         cg.C.x:3161 [120] D ==> swapper/14:0 [120]
          cg.C.x-3212  [011]     0.316499: (+1)     sched_switch:         cg.C.x:3212 [120] D ==> swapper/11:0 [120]
          cg.C.x-3203  [012]     0.316500: (+1)     sched_switch:         cg.C.x:3203 [120] D ==> swapper/12:0 [120]
          cg.C.x-3162  [005]     0.316501: (+1)     sched_switch:         cg.C.x:3162 [120] D ==> swapper/5:0 [120]
          cg.C.x-3205  [024]     0.316504: (+3)     sched_switch:         cg.C.x:3205 [120] D ==> swapper/24:0 [120]
          cg.C.x-3209  [032]     0.316506: (+2)     sched_switch:         cg.C.x:3209 [120] D ==> swapper/32:0 [120]
          cg.C.x-3156  [001]     0.316509: (+3)     sched_switch:         cg.C.x:3156 [120] D ==> swapper/1:0 [120]
          cg.C.x-3204  [015]     0.316510: (+1)     sched_switch:         cg.C.x:3204 [120] D ==> swapper/15:0 [120]
          <idle>-0     [003]     0.316511: (+1)     sched_wakeup:         cg.C.x:3160 [120] CPU:003
          cg.C.x-3163  [044]     0.316512: (+1)     sched_switch:         cg.C.x:3163 [120] D ==> swapper/44:0 [120]
          cg.C.x-3208  [019]     0.316512: (+0)     sched_switch:         cg.C.x:3208 [120] D ==> swapper/19:0 [120]
          cg.C.x-3190  [035]     0.316512: (+0)     sched_switch:         cg.C.x:3190 [120] D ==> swapper/35:0 [120]
          cg.C.x-3213  [046]     0.316513: (+1)     sched_switch:         cg.C.x:3213 [120] D ==> swapper/46:0 [120]
          cg.C.x-3192  [023]     0.316513: (+0)     sched_switch:         cg.C.x:3192 [120] D ==> swapper/23:0 [120]
          cg.C.x-3189  [026]     0.316513: (+0)     sched_switch:         cg.C.x:3189 [120] D ==> swapper/26:0 [120]
          <idle>-0     [003]     0.316513: (+0)     sched_switch:         swapper/3:0 [120] R ==> cg.C.x:3160 [120]
          cg.C.x-3202  [025]     0.316513: (+0)     sched_switch:         cg.C.x:3202 [120] D ==> swapper/25:0 [120]
          cg.C.x-3196  [031]     0.316516: (+3)     sched_switch:         cg.C.x:3196 [120] D ==> swapper/31:0 [120]
          cg.C.x-3176  [049]     0.316518: (+2)     sched_switch:         cg.C.x:3176 [120] D ==> swapper/49:0 [120]
          cg.C.x-3152  [056]     0.316520: (+2)     sched_switch:         cg.C.x:3152 [120] D ==> swapper/56:0 [120]
          cg.C.x-3211  [040]     0.316521: (+1)     sched_switch:         cg.C.x:3211 [120] D ==> swapper/40:0 [120]
          cg.C.x-3193  [048]     0.316522: (+1)     sched_switch:         cg.C.x:3193 [120] D ==> swapper/48:0 [120]
          cg.C.x-3151  [050]     0.316522: (+0)     sched_switch:         cg.C.x:3151 [120] D ==> swapper/50:0 [120]
          cg.C.x-3197  [054]     0.316523: (+1)     sched_switch:         cg.C.x:3197 [120] D ==> swapper/54:0 [120]
          cg.C.x-3153  [016]     0.316528: (+5)     sched_waking:         comm=cg.C.x pid=3154 prio=120 target_cpu=061
          cg.C.x-3157  [059]     0.316530: (+2)     sched_switch:         cg.C.x:3157 [120] D ==> swapper/59:0 [120]
          cg.C.x-3153  [016]     0.316532: (+2)     sched_wake_idle_without_ipi: cpu=61
          cg.C.x-3194  [029]     0.316536: (+4)     sched_waking:         comm=cg.C.x pid=3195 prio=120 target_cpu=036
          cg.C.x-3165  [010]     0.316537: (+1)     sched_waking:         comm=cg.C.x pid=3207 prio=120 target_cpu=052
          cg.C.x-3165  [010]     0.316540: (+3)     sched_wake_idle_without_ipi: cpu=52
          cg.C.x-3194  [029]     0.316541: (+1)     sched_wake_idle_without_ipi: cpu=36
          cg.C.x-3165  [010]     0.316541: (+0)     sched_waking:         comm=cg.C.x pid=3155 prio=120 target_cpu=000
          cg.C.x-3165  [010]     0.316543: (+2)     sched_wake_idle_without_ipi: cpu=0
          cg.C.x-3165  [010]     0.316544: (+1)     sched_waking:         comm=cg.C.x pid=3206 prio=120 target_cpu=009
          <idle>-0     [061]     0.316545: (+1)     sched_wakeup:         cg.C.x:3154 [120] CPU:061
          cg.C.x-3165  [010]     0.316546: (+1)     sched_wake_idle_without_ipi: cpu=9
          cg.C.x-3165  [010]     0.316547: (+1)     sched_waking:         comm=cg.C.x pid=3210 prio=120 target_cpu=017
          <idle>-0     [052]     0.316548: (+1)     sched_wakeup:         cg.C.x:3207 [120] CPU:052
          <idle>-0     [000]     0.316549: (+1)     sched_wakeup:         cg.C.x:3155 [120] CPU:000
          cg.C.x-3165  [010]     0.316549: (+0)     sched_wake_idle_without_ipi: cpu=17
          <idle>-0     [061]     0.316549: (+0)     sched_switch:         swapper/61:0 [120] R ==> cg.C.x:3154 [120]
          cg.C.x-3165  [010]     0.316550: (+1)     sched_waking:         comm=cg.C.x pid=3214 prio=120 target_cpu=007
          <idle>-0     [052]     0.316551: (+1)     sched_switch:         swapper/52:0 [120] R ==> cg.C.x:3207 [120]
          <idle>-0     [036]     0.316551: (+0)     sched_wakeup:         cg.C.x:3195 [120] CPU:036
          <idle>-0     [000]     0.316552: (+1)     sched_switch:         swapper/0:0 [120] R ==> cg.C.x:3155 [120]
          cg.C.x-3165  [010]     0.316552: (+0)     sched_wake_idle_without_ipi: cpu=7
          cg.C.x-3165  [010]     0.316553: (+1)     sched_waking:         comm=cg.C.x pid=3199 prio=120 target_cpu=006
          <idle>-0     [009]     0.316553: (+0)     sched_wakeup:         cg.C.x:3206 [120] CPU:009
          cg.C.x-3165  [010]     0.316554: (+1)     sched_wake_idle_without_ipi: cpu=6
          <idle>-0     [036]     0.316554: (+0)     sched_switch:         swapper/36:0 [120] R ==> cg.C.x:3195 [120]
          cg.C.x-3165  [010]     0.316555: (+1)     sched_waking:         comm=cg.C.x pid=3212 prio=120 target_cpu=011
          <idle>-0     [009]     0.316556: (+1)     sched_switch:         swapper/9:0 [120] R ==> cg.C.x:3206 [120]
          cg.C.x-3181  [008]     0.316556: (+0)     sched_switch:         cg.C.x:3181 [120] D ==> swapper/8:0 [120]
          cg.C.x-3165  [010]     0.316557: (+1)     sched_wake_idle_without_ipi: cpu=11
          cg.C.x-3165  [010]     0.316558: (+1)     sched_waking:         comm=cg.C.x pid=3161 prio=120 target_cpu=014
          <idle>-0     [017]     0.316558: (+0)     sched_wakeup:         cg.C.x:3210 [120] CPU:017
          cg.C.x-3165  [010]     0.316559: (+1)     sched_wake_idle_without_ipi: cpu=14
          <idle>-0     [017]     0.316560: (+1)     sched_switch:         swapper/17:0 [120] R ==> cg.C.x:3210 [120]
          cg.C.x-3165  [010]     0.316560: (+0)     sched_waking:         comm=cg.C.x pid=3162 prio=120 target_cpu=005
          <idle>-0     [006]     0.316560: (+0)     sched_wakeup:         cg.C.x:3199 [120] CPU:006
          <idle>-0     [006]     0.316562: (+2)     sched_switch:         swapper/6:0 [120] R ==> cg.C.x:3199 [120]
          cg.C.x-3165  [010]     0.316562: (+0)     sched_wake_idle_without_ipi: cpu=5
          cg.C.x-3165  [010]     0.316563: (+1)     sched_waking:         comm=cg.C.x pid=3203 prio=120 target_cpu=012
          <idle>-0     [014]     0.316564: (+1)     sched_wakeup:         cg.C.x:3161 [120] CPU:014
          cg.C.x-3165  [010]     0.316564: (+0)     sched_wake_idle_without_ipi: cpu=12
          cg.C.x-3165  [010]     0.316565: (+1)     sched_waking:         comm=cg.C.x pid=3204 prio=120 target_cpu=015
          <idle>-0     [014]     0.316565: (+0)     sched_switch:         swapper/14:0 [120] R ==> cg.C.x:3161 [120]
          cg.C.x-3165  [010]     0.316567: (+2)     sched_wake_idle_without_ipi: cpu=15
          cg.C.x-3165  [010]     0.316568: (+1)     sched_waking:         comm=cg.C.x pid=3205 prio=120 target_cpu=024
          cg.C.x-3173  [038]     0.316568: (+0)     sched_switch:         cg.C.x:3173 [120] D ==> swapper/38:0 [120]
          <idle>-0     [007]     0.316568: (+0)     sched_wakeup:         cg.C.x:3214 [120] CPU:007
          cg.C.x-3165  [010]     0.316569: (+1)     sched_wake_idle_without_ipi: cpu=24
          <idle>-0     [012]     0.316570: (+1)     sched_wakeup:         cg.C.x:3203 [120] CPU:012
          cg.C.x-3165  [010]     0.316570: (+0)     sched_waking:         comm=cg.C.x pid=3208 prio=120 target_cpu=019
          <idle>-0     [005]     0.316570: (+0)     sched_wakeup:         cg.C.x:3162 [120] CPU:005
          <idle>-0     [011]     0.316570: (+0)     sched_wakeup:         cg.C.x:3212 [120] CPU:011
          <idle>-0     [007]     0.316570: (+0)     sched_switch:         swapper/7:0 [120] R ==> cg.C.x:3214 [120]
          cg.C.x-3165  [010]     0.316571: (+1)     sched_wake_idle_without_ipi: cpu=19
          <idle>-0     [012]     0.316572: (+1)     sched_switch:         swapper/12:0 [120] R ==> cg.C.x:3203 [120]
          cg.C.x-3165  [010]     0.316572: (+0)     sched_waking:         comm=cg.C.x pid=3156 prio=120 target_cpu=001
          <idle>-0     [005]     0.316573: (+1)     sched_switch:         swapper/5:0 [120] R ==> cg.C.x:3162 [120]
          <idle>-0     [011]     0.316573: (+0)     sched_switch:         swapper/11:0 [120] R ==> cg.C.x:3212 [120]
          <idle>-0     [024]     0.316573: (+0)     sched_wakeup:         cg.C.x:3205 [120] CPU:024
          cg.C.x-3165  [010]     0.316574: (+1)     sched_wake_idle_without_ipi: cpu=1
          <idle>-0     [024]     0.316574: (+0)     sched_switch:         swapper/24:0 [120] R ==> cg.C.x:3205 [120]
          cg.C.x-3165  [010]     0.316575: (+1)     sched_waking:         comm=cg.C.x pid=3209 prio=120 target_cpu=032
          <idle>-0     [015]     0.316576: (+1)     sched_wakeup:         cg.C.x:3204 [120] CPU:015
          cg.C.x-3165  [010]     0.316576: (+0)     sched_wake_idle_without_ipi: cpu=32
          cg.C.x-3165  [010]     0.316577: (+1)     sched_waking:         comm=cg.C.x pid=3196 prio=120 target_cpu=031
          <idle>-0     [015]     0.316579: (+2)     sched_switch:         swapper/15:0 [120] R ==> cg.C.x:3204 [120]
          cg.C.x-3180  [039]     0.316579: (+0)     sched_waking:         comm=cg.C.x pid=3181 prio=120 target_cpu=008
          cg.C.x-3165  [010]     0.316579: (+0)     sched_wake_idle_without_ipi: cpu=31
          <idle>-0     [019]     0.316580: (+1)     sched_wakeup:         cg.C.x:3208 [120] CPU:019
          cg.C.x-3186  [033]     0.316580: (+0)     sched_switch:         cg.C.x:3186 [120] D ==> swapper/33:0 [120]
          cg.C.x-3165  [010]     0.316580: (+0)     sched_waking:         comm=cg.C.x pid=3192 prio=120 target_cpu=023
          <idle>-0     [032]     0.316581: (+1)     sched_wakeup:         cg.C.x:3209 [120] CPU:032
          cg.C.x-3180  [039]     0.316582: (+1)     sched_wake_idle_without_ipi: cpu=8
          <idle>-0     [001]     0.316582: (+0)     sched_wakeup:         cg.C.x:3156 [120] CPU:001
          cg.C.x-3165  [010]     0.316582: (+0)     sched_wake_idle_without_ipi: cpu=23
          <idle>-0     [032]     0.316583: (+1)     sched_switch:         swapper/32:0 [120] R ==> cg.C.x:3209 [120]
          <idle>-0     [019]     0.316583: (+0)     sched_switch:         swapper/19:0 [120] R ==> cg.C.x:3208 [120]
          cg.C.x-3165  [010]     0.316583: (+0)     sched_waking:         comm=cg.C.x pid=3202 prio=120 target_cpu=025
          <idle>-0     [001]     0.316584: (+1)     sched_switch:         swapper/1:0 [120] R ==> cg.C.x:3156 [120]
          cg.C.x-3165  [010]     0.316585: (+1)     sched_wake_idle_without_ipi: cpu=25
          cg.C.x-3165  [010]     0.316586: (+1)     sched_waking:         comm=cg.C.x pid=3190 prio=120 target_cpu=035
          <idle>-0     [031]     0.316587: (+1)     sched_wakeup:         cg.C.x:3196 [120] CPU:031
          cg.C.x-3165  [010]     0.316588: (+1)     sched_wake_idle_without_ipi: cpu=35
          cg.C.x-3165  [010]     0.316588: (+0)     sched_waking:         comm=cg.C.x pid=3163 prio=120 target_cpu=044
          <idle>-0     [008]     0.316588: (+0)     sched_wakeup:         cg.C.x:3181 [120] CPU:008
          cg.C.x-3165  [010]     0.316589: (+1)     sched_wake_idle_without_ipi: cpu=44
          cg.C.x-3165  [010]     0.316590: (+1)     sched_waking:         comm=cg.C.x pid=3189 prio=120 target_cpu=026
          <idle>-0     [008]     0.316590: (+0)     sched_switch:         swapper/8:0 [120] R ==> cg.C.x:3181 [120]
          <idle>-0     [023]     0.316590: (+0)     sched_wakeup:         cg.C.x:3192 [120] CPU:023
          cg.C.x-3165  [010]     0.316591: (+1)     sched_wake_idle_without_ipi: cpu=26
          <idle>-0     [031]     0.316591: (+0)     sched_switch:         swapper/31:0 [120] R ==> cg.C.x:3196 [120]
          cg.C.x-3165  [010]     0.316591: (+0)     sched_waking:         comm=cg.C.x pid=3213 prio=120 target_cpu=046
          <idle>-0     [025]     0.316592: (+1)     sched_wakeup:         cg.C.x:3202 [120] CPU:025
          cg.C.x-3165  [010]     0.316592: (+0)     sched_wake_idle_without_ipi: cpu=46
          <idle>-0     [023]     0.316592: (+0)     sched_switch:         swapper/23:0 [120] R ==> cg.C.x:3192 [120]
          cg.C.x-3165  [010]     0.316593: (+1)     sched_waking:         comm=cg.C.x pid=3176 prio=120 target_cpu=049
          <idle>-0     [035]     0.316594: (+1)     sched_wakeup:         cg.C.x:3190 [120] CPU:035
          <idle>-0     [025]     0.316594: (+0)     sched_switch:         swapper/25:0 [120] R ==> cg.C.x:3202 [120]
          <idle>-0     [044]     0.316595: (+1)     sched_wakeup:         cg.C.x:3163 [120] CPU:044
          cg.C.x-3165  [010]     0.316595: (+0)     sched_wake_idle_without_ipi: cpu=49
          cg.C.x-3165  [010]     0.316596: (+1)     sched_waking:         comm=cg.C.x pid=3152 prio=120 target_cpu=056
          <idle>-0     [026]     0.316596: (+0)     sched_wakeup:         cg.C.x:3189 [120] CPU:026
          <idle>-0     [035]     0.316596: (+0)     sched_switch:         swapper/35:0 [120] R ==> cg.C.x:3190 [120]
          <idle>-0     [046]     0.316596: (+0)     sched_wakeup:         cg.C.x:3213 [120] CPU:046
          cg.C.x-3167  [022]     0.316596: (+0)     sched_switch:         cg.C.x:3167 [120] D ==> swapper/22:0 [120]
          <idle>-0     [044]     0.316597: (+1)     sched_switch:         swapper/44:0 [120] R ==> cg.C.x:3163 [120]
          cg.C.x-3165  [010]     0.316597: (+0)     sched_wake_idle_without_ipi: cpu=56
          cg.C.x-3179  [030]     0.316597: (+0)     sched_switch:         cg.C.x:3179 [120] D ==> swapper/30:0 [120]
          cg.C.x-3165  [010]     0.316597: (+0)     sched_waking:         comm=cg.C.x pid=3211 prio=120 target_cpu=040
          cg.C.x-3183  [018]     0.316598: (+1)     sched_switch:         cg.C.x:3183 [120] D ==> swapper/18:0 [120]
          <idle>-0     [046]     0.316598: (+0)     sched_switch:         swapper/46:0 [120] R ==> cg.C.x:3213 [120]
          <idle>-0     [026]     0.316598: (+0)     sched_switch:         swapper/26:0 [120] R ==> cg.C.x:3189 [120]
          cg.C.x-3165  [010]     0.316598: (+0)     sched_wake_idle_without_ipi: cpu=40
          cg.C.x-3165  [010]     0.316599: (+1)     sched_waking:         comm=cg.C.x pid=3193 prio=120 target_cpu=048
          cg.C.x-3165  [010]     0.316600: (+1)     sched_wake_idle_without_ipi: cpu=48
          cg.C.x-3165  [010]     0.316601: (+1)     sched_waking:         comm=cg.C.x pid=3197 prio=120 target_cpu=054
          <idle>-0     [056]     0.316602: (+1)     sched_wakeup:         cg.C.x:3152 [120] CPU:056
          cg.C.x-3165  [010]     0.316602: (+0)     sched_wake_idle_without_ipi: cpu=54
          <idle>-0     [049]     0.316602: (+0)     sched_wakeup:         cg.C.x:3176 [120] CPU:049
          cg.C.x-3165  [010]     0.316602: (+0)     sched_waking:         comm=cg.C.x pid=3151 prio=120 target_cpu=050
          <idle>-0     [056]     0.316603: (+1)     sched_switch:         swapper/56:0 [120] R ==> cg.C.x:3152 [120]
          cg.C.x-3165  [010]     0.316604: (+1)     sched_wake_idle_without_ipi: cpu=50
          <idle>-0     [040]     0.316604: (+0)     sched_wakeup:         cg.C.x:3211 [120] CPU:040
          cg.C.x-3163  [044]     0.316604: (+0)     bprint:               __handle_mm_fault: NUMAB MEM ACCESS process[nid:0, cpu:44, pid:3163], folio[virt:0x7fd282400fe8, phys:0x12037b000, pfn:0x12037b, nid:0, npages:1]
          <idle>-0     [049]     0.316605: (+1)     sched_switch:         swapper/49:0 [120] R ==> cg.C.x:3176 [120]
          cg.C.x-3165  [010]     0.316605: (+0)     sched_waking:         comm=cg.C.x pid=3157 prio=120 target_cpu=059
          <idle>-0     [040]     0.316606: (+1)     sched_switch:         swapper/40:0 [120] R ==> cg.C.x:3211 [120]
          <idle>-0     [048]     0.316606: (+0)     sched_wakeup:         cg.C.x:3193 [120] CPU:048
          cg.C.x-3165  [010]     0.316607: (+1)     sched_wake_idle_without_ipi: cpu=59
          <idle>-0     [054]     0.316608: (+1)     sched_wakeup:         cg.C.x:3197 [120] CPU:054
          <idle>-0     [048]     0.316608: (+0)     sched_switch:         swapper/48:0 [120] R ==> cg.C.x:3193 [120]
          <idle>-0     [050]     0.316609: (+1)     sched_wakeup:         cg.C.x:3151 [120] CPU:050
          <idle>-0     [054]     0.316609: (+0)     sched_switch:         swapper/54:0 [120] R ==> cg.C.x:3197 [120]
          <idle>-0     [050]     0.316611: (+2)     sched_switch:         swapper/50:0 [120] R ==> cg.C.x:3151 [120]
          <idle>-0     [059]     0.316615: (+4)     sched_wakeup:         cg.C.x:3157 [120] CPU:059
          <idle>-0     [059]     0.316617: (+2)     sched_switch:         swapper/59:0 [120] R ==> cg.C.x:3157 [120]
          cg.C.x-3202  [025]     0.316650: (+33)    sched_switch:         cg.C.x:3202 [120] D ==> swapper/25:0 [120]
          cg.C.x-3188  [037]     0.316668: (+18)    sched_switch:         cg.C.x:3188 [120] D ==> swapper/37:0 [120]
          cg.C.x-3192  [023]     0.316690: (+22)    sched_switch:         cg.C.x:3192 [120] D ==> swapper/23:0 [120]
          cg.C.x-3182  [041]     0.316725: (+35)    sched_waking:         comm=cg.C.x pid=3183 prio=120 target_cpu=018
          cg.C.x-3182  [041]     0.316727: (+2)     sched_wake_idle_without_ipi: cpu=18
          <idle>-0     [018]     0.316734: (+7)     sched_wakeup:         cg.C.x:3183 [120] CPU:018
          <idle>-0     [018]     0.316735: (+1)     sched_switch:         swapper/18:0 [120] R ==> cg.C.x:3183 [120]
          cg.C.x-3199  [006]     0.316744: (+9)     sched_switch:         cg.C.x:3199 [120] D ==> swapper/6:0 [120]
          cg.C.x-3170  [047]     0.316768: (+24)    sched_switch:         cg.C.x:3170 [120] D ==> swapper/47:0 [120]
          cg.C.x-3172  [051]     0.316779: (+11)    sched_waking:         comm=cg.C.x pid=3173 prio=120 target_cpu=038
          cg.C.x-3172  [051]     0.316782: (+3)     sched_wake_idle_without_ipi: cpu=38
          <idle>-0     [038]     0.316788: (+6)     sched_wakeup:         cg.C.x:3173 [120] CPU:038
          <idle>-0     [038]     0.316789: (+1)     sched_switch:         swapper/38:0 [120] R ==> cg.C.x:3173 [120]
          cg.C.x-3201  [042]     0.316859: (+70)    sched_waking:         comm=cg.C.x pid=3202 prio=120 target_cpu=025
          cg.C.x-3201  [042]     0.316862: (+3)     sched_wake_idle_without_ipi: cpu=25
          <idle>-0     [025]     0.316867: (+5)     sched_wakeup:         cg.C.x:3202 [120] CPU:025
          <idle>-0     [025]     0.316868: (+1)     sched_switch:         swapper/25:0 [120] R ==> cg.C.x:3202 [120]
          cg.C.x-3185  [062]     0.316960: (+92)    sched_waking:         comm=cg.C.x pid=3186 prio=120 target_cpu=033
          cg.C.x-3185  [062]     0.316963: (+3)     sched_wake_idle_without_ipi: cpu=33
          <idle>-0     [033]     0.316969: (+6)     sched_wakeup:         cg.C.x:3186 [120] CPU:033
          <idle>-0     [033]     0.316971: (+2)     sched_switch:         swapper/33:0 [120] R ==> cg.C.x:3186 [120]
          cg.C.x-3185  [062]     0.317012: (+41)    sched_switch:         cg.C.x:3185 [120] D ==> swapper/62:0 [120]
          cg.C.x-3187  [002]     0.317070: (+58)    sched_waking:         comm=cg.C.x pid=3188 prio=120 target_cpu=037
          cg.C.x-3169  [060]     0.317073: (+3)     sched_waking:         comm=cg.C.x pid=3170 prio=120 target_cpu=047
          cg.C.x-3187  [002]     0.317074: (+1)     sched_wake_idle_without_ipi: cpu=37
          cg.C.x-3169  [060]     0.317078: (+4)     sched_wake_idle_without_ipi: cpu=47
          <idle>-0     [037]     0.317079: (+1)     sched_wakeup:         cg.C.x:3188 [120] CPU:037
          <idle>-0     [037]     0.317081: (+2)     sched_switch:         swapper/37:0 [120] R ==> cg.C.x:3188 [120]
          <idle>-0     [047]     0.317083: (+2)     sched_wakeup:         cg.C.x:3170 [120] CPU:047
          <idle>-0     [047]     0.317085: (+2)     sched_switch:         swapper/47:0 [120] R ==> cg.C.x:3170 [120]
          cg.C.x-3166  [013]     0.317101: (+16)    sched_waking:         comm=cg.C.x pid=3167 prio=120 target_cpu=022
          cg.C.x-3166  [013]     0.317105: (+4)     sched_wake_idle_without_ipi: cpu=22
          <idle>-0     [022]     0.317111: (+6)     sched_wakeup:         cg.C.x:3167 [120] CPU:022
          <idle>-0     [022]     0.317113: (+2)     sched_switch:         swapper/22:0 [120] R ==> cg.C.x:3167 [120]
          cg.C.x-3198  [021]     0.317137: (+24)    sched_waking:         comm=cg.C.x pid=3199 prio=120 target_cpu=006
          cg.C.x-3198  [021]     0.317140: (+3)     sched_wake_idle_without_ipi: cpu=6
          <idle>-0     [006]     0.317145: (+5)     sched_wakeup:         cg.C.x:3199 [120] CPU:006
          <idle>-0     [006]     0.317146: (+1)     sched_switch:         swapper/6:0 [120] R ==> cg.C.x:3199 [120]
          cg.C.x-3191  [028]     0.317161: (+15)    sched_waking:         comm=cg.C.x pid=3192 prio=120 target_cpu=023
          cg.C.x-3191  [028]     0.317163: (+2)     sched_wake_idle_without_ipi: cpu=23
          <idle>-0     [023]     0.317168: (+5)     sched_wakeup:         cg.C.x:3192 [120] CPU:023
          <idle>-0     [023]     0.317169: (+1)     sched_switch:         swapper/23:0 [120] R ==> cg.C.x:3192 [120]
          cg.C.x-3184  [045]     0.317218: (+49)    sched_waking:         comm=cg.C.x pid=3185 prio=120 target_cpu=062
          cg.C.x-3184  [045]     0.317220: (+2)     sched_wake_idle_without_ipi: cpu=62
          <idle>-0     [062]     0.317225: (+5)     sched_wakeup:         cg.C.x:3185 [120] CPU:062
          <idle>-0     [062]     0.317227: (+2)     sched_switch:         swapper/62:0 [120] R ==> cg.C.x:3185 [120]
          cg.C.x-3166  [013]     0.317229: (+2)     sched_switch:         cg.C.x:3166 [120] D ==> swapper/13:0 [120]
          cg.C.x-3178  [053]     0.317275: (+46)    sched_waking:         comm=cg.C.x pid=3179 prio=120 target_cpu=030
          cg.C.x-3178  [053]     0.317277: (+2)     sched_wake_idle_without_ipi: cpu=30
          <idle>-0     [030]     0.317284: (+7)     sched_wakeup:         cg.C.x:3179 [120] CPU:030
          <idle>-0     [030]     0.317286: (+2)     sched_switch:         swapper/30:0 [120] R ==> cg.C.x:3179 [120]
          cg.C.x-3165  [010]     0.317571: (+285)   sched_waking:         comm=cg.C.x pid=3166 prio=120 target_cpu=013
          cg.C.x-3165  [010]     0.317573: (+2)     sched_wake_idle_without_ipi: cpu=13
          <idle>-0     [013]     0.317579: (+6)     sched_wakeup:         cg.C.x:3166 [120] CPU:013
          <idle>-0     [013]     0.317581: (+2)     sched_switch:         swapper/13:0 [120] R ==> cg.C.x:3166 [120]
          cg.C.x-3165  [010]     0.402796: (+85215) bprint:               __handle_mm_fault: NUMAB MEM ACCESS process[nid:0, cpu:10, pid:3165], folio[virt:0x7fd281000fe8, phys:0x17e09cc000, pfn:0x17e09cc, nid:0, npages:1]
          cg.C.x-3175  [004]     0.410793: (+7997)  sched_waking:         comm=kworker/u128:1 pid=1048 prio=120 target_cpu=004
          cg.C.x-3175  [004]     0.410808: (+15)    sched_wakeup:         kworker/u128:1:1048 [120] CPU:004
          cg.C.x-3175  [004]     0.410815: (+7)     sched_switch:         cg.C.x:3175 [120] R ==> kworker/u128:1:1048 [120]
  kworker/u128:1-1048  [004]     0.410837: (+22)    sched_switch:         kworker/u128:1:1048 [120] I ==> cg.C.x:3175 [120]
          cg.C.x-3209  [032]     0.414790: (+3953)  bprint:               change_prot_numa: NUMAB SCAN vma[start:0x7fd29d0db000, end:0x7fd2af6f9000, from:0x7fd2ac000000, to:0x7fd2af6f9000, size:56292 KB]
          cg.C.x-3209  [032]     0.414868: (+78)    bprint:               change_prot_numa: NUMAB SCAN vma[start:0x7fd2af800000, end:0x7fd2b0128000, from:0x7fd2af800000, to:0x7fd2b0128000, size:9376 KB]
          cg.C.x-3207  [052]     0.414932: (+64)    bprint:               __handle_mm_fault: NUMAB MEM ACCESS process[nid:0, cpu:52, pid:3207], folio[virt:0x7fd2b0015000, phys:0x1e25a1000, pfn:0x1e25a1, nid:0, npages:1]
          cg.C.x-3156  [001]     0.414937: (+5)     bprint:               __handle_mm_fault: NUMAB MEM ACCESS process[nid:1, cpu:1, pid:3156], folio[virt:0x7fd2b002e000, phys:0x18559bc000, pfn:0x18559bc, nid:1, npages:1]
          cg.C.x-3151  [050]     0.414944: (+7)     bprint:               __handle_mm_fault: NUMAB MEM ACCESS process[nid:0, cpu:50, pid:3151], folio[virt:0x7fd2b0079000, phys:0x2c43493000, pfn:0x2c43493, nid:1, npages:1]
          cg.C.x-3209  [032]     0.414944: (+0)     bprint:               change_prot_numa: NUMAB SCAN vma[start:0x7fd2b0200000, end:0x7fd2b950f000, from:0x7fd2b0200000, to:0x7fd2b950f000, size:150588 KB]
          cg.C.x-3151  [050]     0.414948: (+4)     bprint:               __handle_mm_fault: NUMAB TRY MEM MIGR process[nid:0, cpu:50, pid:3151], folio[virt:0x7fd2b0079000, phys:0x2c43493000, nid:1], target_nid:0
          cg.C.x-3155  [000]     0.414949: (+1)     bprint:               __handle_mm_fault: NUMAB MEM ACCESS process[nid:0, cpu:0, pid:3155], folio[virt:0x7fd2b0004f4c, phys:0x1e00f3000, pfn:0x1e00f3, nid:0, npages:1]
          cg.C.x-3158  [057]     0.414954: (+5)     bprint:               __handle_mm_fault: NUMAB MEM ACCESS process[nid:1, cpu:57, pid:3158], folio[virt:0x7fd2b000d930, phys:0x1e2487000, pfn:0x1e2487, nid:0, npages:1]
          cg.C.x-3158  [057]     0.414955: (+1)     bprint:               __handle_mm_fault: NUMAB TRY MEM MIGR process[nid:1, cpu:57, pid:3158], folio[virt:0x7fd2b000d930, phys:0x1e2487000, nid:0], target_nid:1
          cg.C.x-3207  [052]     0.414956: (+1)     bprint:               __handle_mm_fault: NUMAB MEM ACCESS process[nid:0, cpu:52, pid:3207], folio[virt:0x7fd2b0014fe8, phys:0x151bca000, pfn:0x151bca, nid:0, npages:1]
          cg.C.x-3154  [061]     0.414959: (+3)     bprint:               __handle_mm_fault: NUMAB MEM ACCESS process[nid:1, cpu:61, pid:3154], folio[virt:0x7fd2b0007eac, phys:0x122193000, pfn:0x122193, nid:0, npages:1]
          cg.C.x-3154  [061]     0.414961: (+2)     bprint:               __handle_mm_fault: NUMAB TRY MEM MIGR process[nid:1, cpu:61, pid:3154], folio[virt:0x7fd2b0007eac, phys:0x122193000, nid:0], target_nid:1
          cg.C.x-3152  [056]     0.414962: (+1)     bprint:               __handle_mm_fault: NUMAB MEM ACCESS process[nid:0, cpu:56, pid:3152], folio[virt:0x7fd2b0053a94, phys:0x11861f000, pfn:0x11861f, nid:0, npages:1]
          cg.C.x-3214  [007]     0.414966: (+4)     bprint:               __handle_mm_fault: NUMAB MEM ACCESS process[nid:1, cpu:7, pid:3214], folio[virt:0x7fd2b009ccf4, phys:0x123072000, pfn:0x123072, nid:0, npages:1]
          cg.C.x-3214  [007]     0.414968: (+2)     bprint:               __handle_mm_fault: NUMAB TRY MEM MIGR process[nid:1, cpu:7, pid:3214], folio[virt:0x7fd2b009ccf4, phys:0x123072000, nid:0], target_nid:1
          cg.C.x-3153  [016]     0.414969: (+1)     bprint:               __handle_mm_fault: NUMAB MEM ACCESS process[nid:0, cpu:16, pid:3153], folio[virt:0x7fd2b0017d60, phys:0x115593000, pfn:0x115593, nid:0, npages:1]
          cg.C.x-3210  [017]     0.414972: (+3)     bprint:               __handle_mm_fault: NUMAB MEM ACCESS process[nid:1, cpu:17, pid:3210], folio[virt:0x7fd2b00717e8, phys:0x186aa9f000, pfn:0x186aa9f, nid:1, npages:1]
          cg.C.x-3208  [019]     0.414975: (+3)     bprint:               __handle_mm_fault: NUMAB MEM ACCESS process[nid:1, cpu:19, pid:3208], folio[virt:0x7fd2b00324d8, phys:0x185808e000, pfn:0x185808e, nid:1, npages:1]
          cg.C.x-3155  [000]     0.414979: (+4)     bprint:               __handle_mm_fault: NUMAB MEM ACCESS process[nid:0, cpu:0, pid:3155], folio[virt:0x7fd2b0005000, phys:0x1156bd000, pfn:0x1156bd, nid:0, npages:1]
          cg.C.x-3151  [050]     0.415007: (+28)    bprint:               __handle_mm_fault: NUMAB COMPLETED MEM MIGR process[nid:0, cpu:50, pid:3151], old[phys:0x2c43493000, nid:1, npages:1], new[phys:0x1e2535000, nid:0, npages:1]
          cg.C.x-3158  [057]     0.415016: (+9)     bprint:               __handle_mm_fault: NUMAB COMPLETED MEM MIGR process[nid:1, cpu:57, pid:3158], old[phys:0x1e2487000, nid:0, npages:1], new[phys:0x1864f80000, nid:1, npages:1]
          cg.C.x-3154  [061]     0.415016: (+0)     bprint:               __handle_mm_fault: NUMAB COMPLETED MEM MIGR process[nid:1, cpu:61, pid:3154], old[phys:0x122193000, nid:0, npages:1], new[phys:0x1857bec000, nid:1, npages:1]
          cg.C.x-3214  [007]     0.415016: (+0)     bprint:               __handle_mm_fault: NUMAB COMPLETED MEM MIGR process[nid:1, cpu:7, pid:3214], old[phys:0x123072000, nid:0, npages:1], new[phys:0x1855b1e000, nid:1, npages:1]
          cg.C.x-3153  [016]     0.415017: (+1)     bprint:               __handle_mm_fault: NUMAB MEM ACCESS process[nid:0, cpu:16, pid:3153], folio[virt:0x7fd2b0018000, phys:0x112e62000, pfn:0x112e62, nid:0, npages:1]
          cg.C.x-3167  [022]     0.415059: (+42)    bprint:               __handle_mm_fault: NUMAB MEM ACCESS process[nid:0, cpu:22, pid:3167], folio[virt:0x7fd2b94a2e10, phys:0x186ba80000, pfn:0x186ba80, nid:1, npages:1]
          cg.C.x-3167  [022]     0.415061: (+2)     bprint:               __handle_mm_fault: NUMAB TRY MEM MIGR process[nid:0, cpu:22, pid:3167], folio[virt:0x7fd2b94a2e10, phys:0x186ba80000, nid:1], target_nid:0
          cg.C.x-3179  [030]     0.415062: (+1)     bprint:               __handle_mm_fault: NUMAB MEM ACCESS process[nid:0, cpu:30, pid:3179], folio[virt:0x7fd2b94bdc94, phys:0x1b04ed000, pfn:0x1b04ed, nid:0, npages:1]
          cg.C.x-3164  [043]     0.415065: (+3)     bprint:               __handle_mm_fault: NUMAB MEM ACCESS process[nid:1, cpu:43, pid:3164], folio[virt:0x7fd2b949bbfc, phys:0x1865a89000, pfn:0x1865a89, nid:1, npages:1]
          cg.C.x-3169  [060]     0.415070: (+5)     bprint:               __handle_mm_fault: NUMAB MEM ACCESS process[nid:0, cpu:60, pid:3169], folio[virt:0x7fd2b94a6c54, phys:0x11125b000, pfn:0x11125b, nid:0, npages:1]
          cg.C.x-3183  [018]     0.415073: (+3)     bprint:               __handle_mm_fault: NUMAB MEM ACCESS process[nid:0, cpu:18, pid:3183], folio[virt:0x7fd2b94c5860, phys:0x180e5a000, pfn:0x180e5a, nid:0, npages:1]
          cg.C.x-3187  [002]     0.415075: (+2)     bprint:               __handle_mm_fault: NUMAB MEM ACCESS process[nid:0, cpu:2, pid:3187], folio[virt:0x7fd2b94cf680, phys:0x15033b000, pfn:0x15033b, nid:0, npages:1]
          cg.C.x-3209  [032]     0.415076: (+1)     bprint:               change_prot_numa: NUMAB SCAN vma[start:0x7fd2b9600000, end:0x7fd2c287d000, from:0x7fd2b9600000, to:0x7fd2bc400000, size:47104 KB]
          cg.C.x-3172  [051]     0.415078: (+2)     bprint:               __handle_mm_fault: NUMAB MEM ACCESS process[nid:1, cpu:51, pid:3172], folio[virt:0x7fd2b94ae040, phys:0x115759000, pfn:0x115759, nid:0, npages:1]
          cg.C.x-3172  [051]     0.415080: (+2)     bprint:               __handle_mm_fault: NUMAB TRY MEM MIGR process[nid:1, cpu:51, pid:3172], folio[virt:0x7fd2b94ae040, phys:0x115759000, nid:0], target_nid:1
          cg.C.x-3152  [056]     0.415081: (+1)     bprint:               __handle_mm_fault: NUMAB MEM ACCESS process[nid:0, cpu:56, pid:3152], folio[virt:0x7fd2b948039c, phys:0x180744000, pfn:0x180744, nid:0, npages:1]
          cg.C.x-3159  [020]     0.415083: (+2)     bprint:               __handle_mm_fault: NUMAB MEM ACCESS process[nid:0, cpu:20, pid:3159], folio[virt:0x7fd2b948fdb0, phys:0x153e85000, pfn:0x153e85, nid:0, npages:1]
          cg.C.x-3173  [038]     0.415085: (+2)     bprint:               __handle_mm_fault: NUMAB MEM ACCESS process[nid:0, cpu:38, pid:3173], folio[virt:0x7fd2b94afbd8, phys:0x11575a000, pfn:0x11575a, nid:0, npages:1]
          cg.C.x-3158  [057]     0.415087: (+2)     bprint:               __handle_mm_fault: NUMAB MEM ACCESS process[nid:1, cpu:57, pid:3158], folio[virt:0x7fd2b948d124, phys:0x18580e6000, pfn:0x18580e6, nid:1, npages:1]
          cg.C.x-3200  [027]     0.415090: (+3)     bprint:               __handle_mm_fault: NUMAB MEM ACCESS process[nid:1, cpu:27, pid:3200], folio[virt:0x7fd2b94ec4c0, phys:0x18669a9000, pfn:0x18669a9, nid:1, npages:1]
          cg.C.x-3151  [050]     0.415093: (+3)     bprint:               __handle_mm_fault: NUMAB MEM ACCESS process[nid:0, cpu:50, pid:3151], folio[virt:0x7fd2b947d6c8, phys:0x1e2534000, pfn:0x1e2534, nid:0, npages:1]
          cg.C.x-3193  [048]     0.415095: (+2)     bprint:               __handle_mm_fault: NUMAB MEM ACCESS process[nid:0, cpu:48, pid:3193], folio[virt:0x7fd2b94de418, phys:0x186a115000, pfn:0x186a115, nid:1, npages:1]
          cg.C.x-3193  [048]     0.415096: (+1)     bprint:               __handle_mm_fault: NUMAB TRY MEM MIGR process[nid:0, cpu:48, pid:3193], folio[virt:0x7fd2b94de418, phys:0x186a115000, nid:1], target_nid:0
          cg.C.x-3160  [003]     0.415098: (+2)     bprint:               __handle_mm_fault: NUMAB MEM ACCESS process[nid:1, cpu:3, pid:3160], folio[virt:0x7fd2b94928f4, phys:0x1186b0000, pfn:0x1186b0, nid:0, npages:1]
          cg.C.x-3160  [003]     0.415100: (+2)     bprint:               __handle_mm_fault: NUMAB TRY MEM MIGR process[nid:1, cpu:3, pid:3160], folio[virt:0x7fd2b94928f4, phys:0x1186b0000, nid:0], target_nid:1
          cg.C.x-3153  [016]     0.415100: (+0)     bprint:               __handle_mm_fault: NUMAB MEM ACCESS process[nid:0, cpu:16, pid:3153], folio[virt:0x7fd2b948204c, phys:0x185cb35000, pfn:0x185cb35, nid:1, npages:1]
          cg.C.x-3153  [016]     0.415101: (+1)     bprint:               __handle_mm_fault: NUMAB TRY MEM MIGR process[nid:0, cpu:16, pid:3153], folio[virt:0x7fd2b948204c, phys:0x185cb35000, nid:1], target_nid:0
          cg.C.x-3178  [053]     0.415104: (+3)     bprint:               __handle_mm_fault: NUMAB MEM ACCESS process[nid:1, cpu:53, pid:3178], folio[virt:0x7fd2b94b9dc4, phys:0x18570fd000, pfn:0x18570fd, nid:1, npages:1]
          cg.C.x-3199  [006]     0.415107: (+3)     bprint:               __handle_mm_fault: NUMAB MEM ACCESS process[nid:0, cpu:6, pid:3199], folio[virt:0x7fd2b94eae68, phys:0x1116b9000, pfn:0x1116b9, nid:0, npages:1]
          cg.C.x-3171  [058]     0.415109: (+2)     bprint:               __handle_mm_fault: NUMAB MEM ACCESS process[nid:0, cpu:58, pid:3171], folio[virt:0x7fd2b94aa73c, phys:0x11177f000, pfn:0x11177f, nid:0, npages:1]
          cg.C.x-3152  [056]     0.415111: (+2)     bprint:               __handle_mm_fault: NUMAB MEM ACCESS process[nid:0, cpu:56, pid:3152], folio[virt:0x7fd2b0054000, phys:0x118660000, pfn:0x118660, nid:0, npages:1]
          cg.C.x-3194  [029]     0.415113: (+2)     bprint:               __handle_mm_fault: NUMAB MEM ACCESS process[nid:1, cpu:29, pid:3194], folio[virt:0x7fd2b94decd8, phys:0x186a115000, pfn:0x186a115, nid:1, npages:1]
          cg.C.x-3185  [062]     0.415115: (+2)     bprint:               __handle_mm_fault: NUMAB MEM ACCESS process[nid:0, cpu:62, pid:3185], folio[virt:0x7fd2b94cafb0, phys:0x15421a000, pfn:0x15421a, nid:0, npages:1]
          cg.C.x-3214  [007]     0.415118: (+3)     bprint:               __handle_mm_fault: NUMAB MEM ACCESS process[nid:1, cpu:7, pid:3214], folio[virt:0x7fd2b950c388, phys:0x1855a9d000, pfn:0x1855a9d, nid:1, npages:1]
          cg.C.x-3174  [055]     0.415120: (+2)     bprint:               __handle_mm_fault: NUMAB MEM ACCESS process[nid:1, cpu:55, pid:3174], folio[virt:0x7fd2b94b2b38, phys:0x151b0e000, pfn:0x151b0e, nid:0, npages:1]
          cg.C.x-3174  [055]     0.415122: (+2)     bprint:               __handle_mm_fault: NUMAB TRY MEM MIGR process[nid:1, cpu:55, pid:3174], folio[virt:0x7fd2b94b2b38, phys:0x151b0e000, nid:0], target_nid:1
          cg.C.x-3177  [034]     0.415125: (+3)     bprint:               __handle_mm_fault: NUMAB MEM ACCESS process[nid:0, cpu:34, pid:3177], folio[virt:0x7fd2b94b7a2c, phys:0x1501a6000, pfn:0x1501a6, nid:0, npages:1]
          cg.C.x-3196  [031]     0.415128: (+3)     bprint:               __handle_mm_fault: NUMAB MEM ACCESS process[nid:1, cpu:31, pid:3196], folio[virt:0x7fd2b94e3e10, phys:0x186a25b000, pfn:0x186a25b, nid:1, npages:1]
          cg.C.x-3192  [023]     0.415131: (+3)     bprint:               __handle_mm_fault: NUMAB MEM ACCESS process[nid:1, cpu:23, pid:3192], folio[virt:0x7fd2b94d9e4c, phys:0x185b4e1000, pfn:0x185b4e1, nid:1, npages:1]
          cg.C.x-3157  [059]     0.415133: (+2)     bprint:               __handle_mm_fault: NUMAB MEM ACCESS process[nid:1, cpu:59, pid:3157], folio[virt:0x7fd2b948b580, phys:0x185c4c5000, pfn:0x185c4c5, nid:1, npages:1]
          cg.C.x-3170  [047]     0.415136: (+3)     bprint:               __handle_mm_fault: NUMAB MEM ACCESS process[nid:1, cpu:47, pid:3170], folio[virt:0x7fd2b94a828c, phys:0x185cd28000, pfn:0x185cd28, nid:1, npages:1]
          cg.C.x-3179  [030]     0.415139: (+3)     bprint:               __handle_mm_fault: NUMAB MEM ACCESS process[nid:0, cpu:30, pid:3179], folio[virt:0x7fd2b94bcda8, phys:0x1b04ec000, pfn:0x1b04ec, nid:0, npages:1]
          cg.C.x-3201  [042]     0.415141: (+2)     bprint:               __handle_mm_fault: NUMAB MEM ACCESS process[nid:0, cpu:42, pid:3201], folio[virt:0x7fd2b94efc70, phys:0x12206e000, pfn:0x12206e, nid:0, npages:1]
          cg.C.x-3165  [010]     0.415143: (+2)     bprint:               __handle_mm_fault: NUMAB MEM ACCESS process[nid:0, cpu:10, pid:3165], folio[virt:0x7fd2b949c558, phys:0x112cba000, pfn:0x112cba, nid:0, npages:1]
          cg.C.x-3156  [001]     0.415145: (+2)     bprint:               __handle_mm_fault: NUMAB MEM ACCESS process[nid:1, cpu:1, pid:3156], folio[virt:0x7fd2b9487a20, phys:0x1865b5a000, pfn:0x1865b5a, nid:1, npages:1]
          cg.C.x-3186  [033]     0.415147: (+2)     bprint:               __handle_mm_fault: NUMAB MEM ACCESS process[nid:1, cpu:33, pid:3186], folio[virt:0x7fd2b94cd0dc, phys:0x1864952000, pfn:0x1864952, nid:1, npages:1]
          cg.C.x-3183  [018]     0.415149: (+2)     bprint:               __handle_mm_fault: NUMAB MEM ACCESS process[nid:0, cpu:18, pid:3183], folio[virt:0x7fd2b94c7000, phys:0x18571e4000, pfn:0x18571e4, nid:1, npages:1]
          cg.C.x-3183  [018]     0.415150: (+1)     bprint:               __handle_mm_fault: NUMAB TRY MEM MIGR process[nid:0, cpu:18, pid:3183], folio[virt:0x7fd2b94c7000, phys:0x18571e4000, nid:1], target_nid:0
          cg.C.x-3164  [043]     0.415151: (+1)     bprint:               __handle_mm_fault: NUMAB MEM ACCESS process[nid:1, cpu:43, pid:3164], folio[virt:0x7fd2b949a61c, phys:0x1865a98000, pfn:0x1865a98, nid:1, npages:1]
          cg.C.x-3206  [009]     0.415154: (+3)     bprint:               __handle_mm_fault: NUMAB MEM ACCESS process[nid:1, cpu:9, pid:3206], folio[virt:0x7fd2b94fae14, phys:0x186b05e000, pfn:0x186b05e, nid:1, npages:1]
          cg.C.x-3187  [002]     0.415158: (+4)     bprint:               __handle_mm_fault: NUMAB MEM ACCESS process[nid:0, cpu:2, pid:3187], folio[virt:0x7fd2b94cea04, phys:0x11870f000, pfn:0x11870f, nid:0, npages:1]
          cg.C.x-3169  [060]     0.415160: (+2)     bprint:               __handle_mm_fault: NUMAB MEM ACCESS process[nid:0, cpu:60, pid:3169], folio[virt:0x7fd2b94a7534, phys:0x18572e3000, pfn:0x18572e3, nid:1, npages:1]
          cg.C.x-3169  [060]     0.415161: (+1)     bprint:               __handle_mm_fault: NUMAB TRY MEM MIGR process[nid:0, cpu:60, pid:3169], folio[virt:0x7fd2b94a7534, phys:0x18572e3000, nid:1], target_nid:0
          cg.C.x-3158  [057]     0.415164: (+3)     bprint:               __handle_mm_fault: NUMAB MEM ACCESS process[nid:1, cpu:57, pid:3158], folio[virt:0x7fd2b948c184, phys:0x18559d8000, pfn:0x18559d8, nid:1, npages:1]
          cg.C.x-3159  [020]     0.415168: (+4)     bprint:               __handle_mm_fault: NUMAB MEM ACCESS process[nid:0, cpu:20, pid:3159], folio[virt:0x7fd2b948ea74, phys:0x153e84000, pfn:0x153e84, nid:0, npages:1]
          cg.C.x-3199  [006]     0.415169: (+1)     bprint:               __handle_mm_fault: NUMAB MEM ACCESS process[nid:0, cpu:6, pid:3199], folio[virt:0x7fd2b94eb1c0, phys:0x152cb7000, pfn:0x152cb7, nid:0, npages:1]
          cg.C.x-3178  [053]     0.415171: (+2)     bprint:               __handle_mm_fault: NUMAB MEM ACCESS process[nid:1, cpu:53, pid:3178], folio[virt:0x7fd2b94bb034, phys:0x1864ca7000, pfn:0x1864ca7, nid:1, npages:1]
          cg.C.x-3200  [027]     0.415173: (+2)     bprint:               __handle_mm_fault: NUMAB MEM ACCESS process[nid:1, cpu:27, pid:3200], folio[virt:0x7fd2b94ee640, phys:0x1500bc000, pfn:0x1500bc, nid:0, npages:1]
          cg.C.x-3200  [027]     0.415174: (+1)     bprint:               __handle_mm_fault: NUMAB TRY MEM MIGR process[nid:1, cpu:27, pid:3200], folio[virt:0x7fd2b94ee640, phys:0x1500bc000, nid:0], target_nid:1
          cg.C.x-3151  [050]     0.415175: (+1)     bprint:               __handle_mm_fault: NUMAB MEM ACCESS process[nid:0, cpu:50, pid:3151], folio[virt:0x7fd2b947c3c4, phys:0x1e2533000, pfn:0x1e2533, nid:0, npages:1]
          cg.C.x-3185  [062]     0.415180: (+5)     bprint:               __handle_mm_fault: NUMAB MEM ACCESS process[nid:0, cpu:62, pid:3185], folio[virt:0x7fd2b94c9e58, phys:0x1e2477000, pfn:0x1e2477, nid:0, npages:1]
