          cg.C.x-2760  [040]     1.898825: (+2)     sched_switch:         cg.C.x:2760 [120] R ==> rcu_preempt:17 [120]
    kworker/28:1-729   [028]     1.898830: (+5)     sched_switch:         kworker/28:1:729 [120] I ==> cg.C.x:2788 [120]
     rcu_preempt-17    [040]     1.898835: (+5)     sched_switch:         rcu_preempt:17 [120] I ==> cg.C.x:2760 [120]
          cg.C.x-2760  [040]     1.910815: (+11980) sched_waking:         comm=rcu_preempt pid=17 prio=120 target_cpu=040
          cg.C.x-2760  [040]     1.910824: (+9)     sched_wakeup:         rcu_preempt:17 [120] CPU:040
          cg.C.x-2760  [040]     1.910830: (+6)     sched_switch:         cg.C.x:2760 [120] R ==> rcu_preempt:17 [120]
     rcu_preempt-17    [040]     1.910844: (+14)    sched_switch:         rcu_preempt:17 [120] I ==> cg.C.x:2760 [120]
          cg.C.x-2760  [040]     1.922815: (+11971) sched_waking:         comm=rcu_preempt pid=17 prio=120 target_cpu=040
          cg.C.x-2760  [040]     1.922823: (+8)     sched_wakeup:         rcu_preempt:17 [120] CPU:040
          cg.C.x-2760  [040]     1.922829: (+6)     sched_switch:         cg.C.x:2760 [120] R ==> rcu_preempt:17 [120]
     rcu_preempt-17    [040]     1.922840: (+11)    sched_switch:         rcu_preempt:17 [120] I ==> cg.C.x:2760 [120]
          cg.C.x-2784  [002]     1.926819: (+3979)  sched_waking:         comm=kworker/2:1 pid=722 prio=120 target_cpu=002
          cg.C.x-2762  [000]     1.926821: (+2)     sched_waking:         comm=kworker/0:2 pid=466 prio=120 target_cpu=000
          cg.C.x-2784  [002]     1.926827: (+6)     sched_wakeup:         kworker/2:1:722 [120] CPU:002
          cg.C.x-2762  [000]     1.926827: (+0)     sched_wakeup:         kworker/0:2:466 [120] CPU:000
          cg.C.x-2762  [000]     1.926833: (+6)     sched_switch:         cg.C.x:2762 [120] R ==> kworker/0:2:466 [120]
          cg.C.x-2784  [002]     1.926833: (+0)     sched_switch:         cg.C.x:2784 [120] R ==> kworker/2:1:722 [120]
     kworker/2:1-722   [002]     1.926848: (+15)    sched_switch:         kworker/2:1:722 [120] I ==> cg.C.x:2784 [120]
     kworker/0:2-466   [000]     1.926889: (+41)    sched_switch:         kworker/0:2:466 [120] I ==> cg.C.x:2762 [120]
          cg.C.x-2795  [001]     1.930818: (+3929)  sched_waking:         comm=kworker/1:2 pid=468 prio=120 target_cpu=001
          cg.C.x-2795  [001]     1.930825: (+7)     sched_wakeup:         kworker/1:2:468 [120] CPU:001
          cg.C.x-2795  [001]     1.930832: (+7)     sched_switch:         cg.C.x:2795 [120] R ==> kworker/1:2:468 [120]
     kworker/1:2-468   [001]     1.930843: (+11)    sched_switch:         kworker/1:2:468 [120] I ==> cg.C.x:2795 [120]
          cg.C.x-2760  [040]     1.934815: (+3972)  sched_waking:         comm=rcu_preempt pid=17 prio=120 target_cpu=040
          cg.C.x-2760  [040]     1.934823: (+8)     sched_wakeup:         rcu_preempt:17 [120] CPU:040
          cg.C.x-2760  [040]     1.934828: (+5)     sched_switch:         cg.C.x:2760 [120] R ==> rcu_preempt:17 [120]
     rcu_preempt-17    [040]     1.934837: (+9)     sched_switch:         rcu_preempt:17 [120] I ==> cg.C.x:2760 [120]
          cg.C.x-2814  [062]     1.938817: (+3980)  sched_waking:         comm=rcu_preempt pid=17 prio=120 target_cpu=040
          cg.C.x-2814  [062]     1.938823: (+6)     sched_migrate_task:   comm=rcu_preempt pid=17 prio=120 orig_cpu=40 dest_cpu=62
          cg.C.x-2814  [062]     1.938831: (+8)     sched_wakeup:         rcu_preempt:17 [120] CPU:062
          cg.C.x-2814  [062]     1.938837: (+6)     sched_switch:         cg.C.x:2814 [120] R ==> rcu_preempt:17 [120]
     rcu_preempt-17    [062]     1.938848: (+11)    sched_switch:         rcu_preempt:17 [120] I ==> cg.C.x:2814 [120]
          cg.C.x-2760  [040]     1.946818: (+7970)  sched_waking:         comm=kworker/40:1 pid=736 prio=120 target_cpu=040
          cg.C.x-2760  [040]     1.946824: (+6)     sched_wakeup:         kworker/40:1:736 [120] CPU:040
          cg.C.x-2760  [040]     1.946829: (+5)     sched_switch:         cg.C.x:2760 [120] R ==> kworker/40:1:736 [120]
    kworker/40:1-736   [040]     1.946840: (+11)    sched_switch:         kworker/40:1:736 [120] I ==> cg.C.x:2760 [120]
          cg.C.x-2784  [002]     1.958816: (+11976) sched_waking:         comm=kcompactd0 pid=472 prio=120 target_cpu=002
          cg.C.x-2784  [002]     1.958825: (+9)     sched_wakeup:         kcompactd0:472 [120] CPU:002
          cg.C.x-2784  [002]     1.958831: (+6)     sched_switch:         cg.C.x:2784 [120] R ==> kcompactd0:472 [120]
      kcompactd0-472   [002]     1.958842: (+11)    sched_switch:         kcompactd0:472 [120] S ==> cg.C.x:2784 [120]
          cg.C.x-2757  [059]     1.961154: (+2312)  sched_waking:         comm=kworker/u130:0 pid=400 prio=120 target_cpu=059
          cg.C.x-2757  [059]     1.961160: (+6)     sched_wakeup:         kworker/u130:0:400 [120] CPU:059
          cg.C.x-2757  [059]     1.961167: (+7)     sched_switch:         cg.C.x:2757 [120] R ==> kworker/u130:0:400 [120]
  kworker/u130:0-400   [059]     1.961172: (+5)     sched_waking:         comm=sshd pid=1967 prio=120 target_cpu=059
  kworker/u130:0-400   [059]     1.961174: (+2)     sched_wakeup:         sshd:1967 [120] CPU:059
  kworker/u130:0-400   [059]     1.961177: (+3)     sched_switch:         kworker/u130:0:400 [120] I ==> sshd:1967 [120]
            sshd-1967  [059]     1.961250: (+73)    sched_switch:         sshd:1967 [120] S ==> cg.C.x:2757 [120]
          cg.C.x-2757  [059]     1.961251: (+1)     sched_waking:         comm=kworker/u130:0 pid=400 prio=120 target_cpu=059
          cg.C.x-2757  [059]     1.961252: (+1)     sched_wakeup:         kworker/u130:0:400 [120] CPU:059
          cg.C.x-2757  [059]     1.961254: (+2)     sched_switch:         cg.C.x:2757 [120] R ==> kworker/u130:0:400 [120]
  kworker/u130:0-400   [059]     1.961255: (+1)     sched_waking:         comm=sshd pid=1967 prio=120 target_cpu=059
  kworker/u130:0-400   [059]     1.961256: (+1)     sched_wakeup:         sshd:1967 [120] CPU:059
  kworker/u130:0-400   [059]     1.961258: (+2)     sched_switch:         kworker/u130:0:400 [120] I ==> sshd:1967 [120]
            sshd-1967  [059]     1.961281: (+23)    sched_switch:         sshd:1967 [120] S ==> cg.C.x:2757 [120]
          cg.C.x-2785  [025]     1.962813: (+1532)  sched_waking:         comm=kcompactd1 pid=473 prio=120 target_cpu=025
          cg.C.x-2785  [025]     1.962818: (+5)     sched_wakeup:         kcompactd1:473 [120] CPU:025
          cg.C.x-2785  [025]     1.962823: (+5)     sched_switch:         cg.C.x:2785 [120] R ==> kcompactd1:473 [120]
      kcompactd1-473   [025]     1.962830: (+7)     sched_switch:         kcompactd1:473 [120] S ==> cg.C.x:2785 [120]
          cg.C.x-2762  [000]     1.974817: (+11987) sched_waking:         comm=kworker/0:2 pid=466 prio=120 target_cpu=000
          cg.C.x-2762  [000]     1.974824: (+7)     sched_wakeup:         kworker/0:2:466 [120] CPU:000
          cg.C.x-2762  [000]     1.974830: (+6)     sched_switch:         cg.C.x:2762 [120] R ==> kworker/0:2:466 [120]
     kworker/0:2-466   [000]     1.974886: (+56)    sched_switch:         kworker/0:2:466 [120] I ==> cg.C.x:2762 [120]
          cg.C.x-2784  [002]     1.994818: (+19932) sched_waking:         comm=kworker/2:1 pid=722 prio=120 target_cpu=002
          cg.C.x-2784  [002]     1.994825: (+7)     sched_wakeup:         kworker/2:1:722 [120] CPU:002
          cg.C.x-2784  [002]     1.994832: (+7)     sched_switch:         cg.C.x:2784 [120] R ==> kworker/2:1:722 [120]
     kworker/2:1-722   [002]     1.994869: (+37)    sched_switch:         kworker/2:1:722 [120] I ==> cg.C.x:2784 [120]
          cg.C.x-2819  [009]     2.014818: (+19949) bprint:               change_prot_numa: NUMAB - scanning VMA[start:0x7f5ef5401000, end:0x7f5ef5c01000, size:8192] with addr:0x7f5ef5c00000, end:0x7f5ef5c01000. PAGE_OFFSET:18446637483358683136
          cg.C.x-2819  [009]     2.014861: (+43)    bprint:               change_prot_numa: NUMAB - scanning VMA[start:0x7f5ef5e01000, end:0x7f5ef6601000, size:8192] with addr:0x7f5ef5e01000, end:0x7f5ef6601000. PAGE_OFFSET:18446637483358683136
          cg.C.x-2819  [009]     2.014882: (+21)    bprint:               change_prot_numa: NUMAB - scanning VMA[start:0x7f5ef6801000, end:0x7f5ef7001000, size:8192] with addr:0x7f5ef6801000, end:0x7f5ef7001000. PAGE_OFFSET:18446637483358683136
          cg.C.x-2819  [009]     2.014901: (+19)    bprint:               change_prot_numa: NUMAB - scanning VMA[start:0x7f5ef7201000, end:0x7f5ef7a01000, size:8192] with addr:0x7f5ef7201000, end:0x7f5ef7a01000. PAGE_OFFSET:18446637483358683136
          cg.C.x-2819  [009]     2.014921: (+20)    bprint:               change_prot_numa: NUMAB - scanning VMA[start:0x7f5ef7c01000, end:0x7f5ef8401000, size:8192] with addr:0x7f5ef7c01000, end:0x7f5ef8401000. PAGE_OFFSET:18446637483358683136
          cg.C.x-2819  [009]     2.014941: (+20)    bprint:               change_prot_numa: NUMAB - scanning VMA[start:0x7f5ef8601000, end:0x7f5ef8e01000, size:8192] with addr:0x7f5ef8601000, end:0x7f5ef8e01000. PAGE_OFFSET:18446637483358683136
          cg.C.x-2819  [009]     2.014960: (+19)    bprint:               change_prot_numa: NUMAB - scanning VMA[start:0x7f5ef9001000, end:0x7f5ef9801000, size:8192] with addr:0x7f5ef9001000, end:0x7f5ef9801000. PAGE_OFFSET:18446637483358683136
          cg.C.x-2819  [009]     2.014980: (+20)    bprint:               change_prot_numa: NUMAB - scanning VMA[start:0x7f5ef9a01000, end:0x7f5efa201000, size:8192] with addr:0x7f5ef9a01000, end:0x7f5efa201000. PAGE_OFFSET:18446637483358683136
          cg.C.x-2819  [009]     2.015001: (+21)    bprint:               change_prot_numa: NUMAB - scanning VMA[start:0x7f5efa401000, end:0x7f5efac01000, size:8192] with addr:0x7f5efa401000, end:0x7f5efac01000. PAGE_OFFSET:18446637483358683136
          cg.C.x-2819  [009]     2.015019: (+18)    bprint:               change_prot_numa: NUMAB - scanning VMA[start:0x7f5efae01000, end:0x7f5efb601000, size:8192] with addr:0x7f5efae01000, end:0x7f5efb601000. PAGE_OFFSET:18446637483358683136
          cg.C.x-2819  [009]     2.015040: (+21)    bprint:               change_prot_numa: NUMAB - scanning VMA[start:0x7f5efb801000, end:0x7f5efc001000, size:8192] with addr:0x7f5efb801000, end:0x7f5efc001000. PAGE_OFFSET:18446637483358683136
          cg.C.x-2819  [009]     2.015060: (+20)    bprint:               change_prot_numa: NUMAB - scanning VMA[start:0x7f5efc201000, end:0x7f5efca01000, size:8192] with addr:0x7f5efc201000, end:0x7f5efca01000. PAGE_OFFSET:18446637483358683136
          cg.C.x-2819  [009]     2.015080: (+20)    bprint:               change_prot_numa: NUMAB - scanning VMA[start:0x7f5efcc01000, end:0x7f5efd401000, size:8192] with addr:0x7f5efcc01000, end:0x7f5efd401000. PAGE_OFFSET:18446637483358683136
          cg.C.x-2819  [009]     2.015099: (+19)    bprint:               change_prot_numa: NUMAB - scanning VMA[start:0x7f5efd601000, end:0x7f5efde01000, size:8192] with addr:0x7f5efd601000, end:0x7f5efde01000. PAGE_OFFSET:18446637483358683136
          cg.C.x-2819  [009]     2.015120: (+21)    bprint:               change_prot_numa: NUMAB - scanning VMA[start:0x7f5efe001000, end:0x7f5efe801000, size:8192] with addr:0x7f5efe001000, end:0x7f5efe801000. PAGE_OFFSET:18446637483358683136
          cg.C.x-2819  [009]     2.015139: (+19)    bprint:               change_prot_numa: NUMAB - scanning VMA[start:0x7f5efea01000, end:0x7f5eff201000, size:8192] with addr:0x7f5efea01000, end:0x7f5eff201000. PAGE_OFFSET:18446637483358683136
          cg.C.x-2819  [009]     2.015158: (+19)    bprint:               change_prot_numa: NUMAB - scanning VMA[start:0x7f5eff401000, end:0x7f5effc01000, size:8192] with addr:0x7f5eff401000, end:0x7f5effc01000. PAGE_OFFSET:18446637483358683136
          cg.C.x-2819  [009]     2.015178: (+20)    bprint:               change_prot_numa: NUMAB - scanning VMA[start:0x7f5effe01000, end:0x7f5f00601000, size:8192] with addr:0x7f5effe01000, end:0x7f5f00601000. PAGE_OFFSET:18446637483358683136
          cg.C.x-2819  [009]     2.015198: (+20)    bprint:               change_prot_numa: NUMAB - scanning VMA[start:0x7f5f00801000, end:0x7f5f01001000, size:8192] with addr:0x7f5f00801000, end:0x7f5f01001000. PAGE_OFFSET:18446637483358683136
          cg.C.x-2819  [009]     2.015217: (+19)    bprint:               change_prot_numa: NUMAB - scanning VMA[start:0x7f5f01201000, end:0x7f5f01a01000, size:8192] with addr:0x7f5f01201000, end:0x7f5f01a01000. PAGE_OFFSET:18446637483358683136
          cg.C.x-2819  [009]     2.015237: (+20)    bprint:               change_prot_numa: NUMAB - scanning VMA[start:0x7f5f01c01000, end:0x7f5f02401000, size:8192] with addr:0x7f5f01c01000, end:0x7f5f02401000. PAGE_OFFSET:18446637483358683136
          cg.C.x-2819  [009]     2.015256: (+19)    bprint:               change_prot_numa: NUMAB - scanning VMA[start:0x7f5f02601000, end:0x7f5f02e01000, size:8192] with addr:0x7f5f02601000, end:0x7f5f02e01000. PAGE_OFFSET:18446637483358683136
          cg.C.x-2819  [009]     2.015276: (+20)    bprint:               change_prot_numa: NUMAB - scanning VMA[start:0x7f5f03001000, end:0x7f5f03801000, size:8192] with addr:0x7f5f03001000, end:0x7f5f03801000. PAGE_OFFSET:18446637483358683136
          cg.C.x-2819  [009]     2.015295: (+19)    bprint:               change_prot_numa: NUMAB - scanning VMA[start:0x7f5f03a01000, end:0x7f5f04201000, size:8192] with addr:0x7f5f03a01000, end:0x7f5f04201000. PAGE_OFFSET:18446637483358683136
          cg.C.x-2819  [009]     2.015315: (+20)    bprint:               change_prot_numa: NUMAB - scanning VMA[start:0x7f5f04401000, end:0x7f5f04c01000, size:8192] with addr:0x7f5f04401000, end:0x7f5f04c01000. PAGE_OFFSET:18446637483358683136
          cg.C.x-2819  [009]     2.015335: (+20)    bprint:               change_prot_numa: NUMAB - scanning VMA[start:0x7f5f04e01000, end:0x7f5f05601000, size:8192] with addr:0x7f5f04e01000, end:0x7f5f05601000. PAGE_OFFSET:18446637483358683136
          cg.C.x-2819  [009]     2.015355: (+20)    bprint:               change_prot_numa: NUMAB - scanning VMA[start:0x7f5f05801000, end:0x7f5f06001000, size:8192] with addr:0x7f5f05801000, end:0x7f5f06001000. PAGE_OFFSET:18446637483358683136
          cg.C.x-2819  [009]     2.015374: (+19)    bprint:               change_prot_numa: NUMAB - scanning VMA[start:0x7f5f06201000, end:0x7f5f06a01000, size:8192] with addr:0x7f5f06201000, end:0x7f5f06a01000. PAGE_OFFSET:18446637483358683136
          cg.C.x-2819  [009]     2.015394: (+20)    bprint:               change_prot_numa: NUMAB - scanning VMA[start:0x7f5f06c01000, end:0x7f5f07401000, size:8192] with addr:0x7f5f06c01000, end:0x7f5f07401000. PAGE_OFFSET:18446637483358683136
          cg.C.x-2819  [009]     2.015413: (+19)    bprint:               change_prot_numa: NUMAB - scanning VMA[start:0x7f5f07601000, end:0x7f5f07e01000, size:8192] with addr:0x7f5f07601000, end:0x7f5f07e01000. PAGE_OFFSET:18446637483358683136
          cg.C.x-2819  [009]     2.015433: (+20)    bprint:               change_prot_numa: NUMAB - scanning VMA[start:0x7f5f08001000, end:0x7f5f08801000, size:8192] with addr:0x7f5f08001000, end:0x7f5f08801000. PAGE_OFFSET:18446637483358683136
          cg.C.x-2819  [009]     2.015452: (+19)    bprint:               change_prot_numa: NUMAB - scanning VMA[start:0x7f5f08a01000, end:0x7f5f09201000, size:8192] with addr:0x7f5f08a01000, end:0x7f5f09201000. PAGE_OFFSET:18446637483358683136
          cg.C.x-2819  [009]     2.015471: (+19)    bprint:               change_prot_numa: NUMAB - scanning VMA[start:0x7f5f09291000, end:0x7f5f1baf9000, size:303520] with addr:0x7f5f09291000, end:0x7f5f09c00000. PAGE_OFFSET:18446637483358683136
          cg.C.x-2758  [029]     2.015540: (+69)    bprint:               __handle_mm_fault: NUMAB MEM ACCESS process[nid:1, cpu:29, pid:2758], folio[virt:0x7f5f093be000, phys:0x185838d000, pfn:0x185838d, nid:1, npages:1]
          cg.C.x-2767  [037]     2.015564: (+24)    bprint:               __handle_mm_fault: NUMAB MEM ACCESS process[nid:1, cpu:37, pid:2767], folio[virt:0x7f5f093e6e78, phys:0x185f143000, pfn:0x185f143, nid:1, npages:1]
          cg.C.x-2765  [035]     2.015566: (+2)     bprint:               __handle_mm_fault: NUMAB MEM ACCESS process[nid:1, cpu:35, pid:2765], folio[virt:0x7f5f093ddb70, phys:0x186d111000, pfn:0x186d111, nid:1, npages:1]
          cg.C.x-2761  [033]     2.015569: (+3)     bprint:               __handle_mm_fault: NUMAB MEM ACCESS process[nid:1, cpu:33, pid:2761], folio[virt:0x7f5f093cb910, phys:0x186eb86000, pfn:0x186eb86, nid:1, npages:1]
          cg.C.x-2769  [039]     2.015572: (+3)     bprint:               __handle_mm_fault: NUMAB MEM ACCESS process[nid:1, cpu:39, pid:2769], folio[virt:0x7f5f093f05f8, phys:0x186e32e000, pfn:0x186e32e, nid:1, npages:1]
          cg.C.x-2771  [011]     2.015575: (+3)     bprint:               __handle_mm_fault: NUMAB MEM ACCESS process[nid:1, cpu:11, pid:2771], folio[virt:0x7f5f093f9740, phys:0x303f32c000, pfn:0x303f32c, nid:1, npages:1]
          cg.C.x-2763  [012]     2.015580: (+5)     bprint:               __handle_mm_fault: NUMAB MEM ACCESS process[nid:0, cpu:12, pid:2763], folio[virt:0x7f5f093d4eb0, phys:0x111d96000, pfn:0x111d96, nid:0, npages:1]
          cg.C.x-2759  [031]     2.015584: (+4)     bprint:               __handle_mm_fault: NUMAB MEM ACCESS process[nid:1, cpu:31, pid:2759], folio[virt:0x7f5f093c2ac0, phys:0x185ea5a000, pfn:0x185ea5a, nid:1, npages:1]
          cg.C.x-2772  [056]     2.015588: (+4)     bprint:               __handle_mm_fault: NUMAB MEM ACCESS process[nid:0, cpu:56, pid:2772], folio[virt:0x7f5f093fe2c8, phys:0x112c92000, pfn:0x112c92, nid:0, npages:1]
          cg.C.x-2770  [050]     2.015592: (+4)     bprint:               __handle_mm_fault: NUMAB MEM ACCESS process[nid:0, cpu:50, pid:2770], folio[virt:0x7f5f093f4c98, phys:0x112f39000, pfn:0x112f39, nid:0, npages:1]
          cg.C.x-2766  [020]     2.015595: (+3)     bprint:               __handle_mm_fault: NUMAB MEM ACCESS process[nid:0, cpu:20, pid:2766], folio[virt:0x7f5f093e2638, phys:0x1b02dc000, pfn:0x1b02dc, nid:0, npages:1]
          cg.C.x-2764  [022]     2.015599: (+4)     bprint:               __handle_mm_fault: NUMAB MEM ACCESS process[nid:0, cpu:22, pid:2764], folio[virt:0x7f5f093d93c8, phys:0x15017d000, pfn:0x15017d, nid:0, npages:1]
          cg.C.x-2762  [000]     2.015602: (+3)     bprint:               __handle_mm_fault: NUMAB MEM ACCESS process[nid:0, cpu:0, pid:2762], folio[virt:0x7f5f093d0448, phys:0x151f86000, pfn:0x151f86, nid:0, npages:1]
          cg.C.x-2757  [059]     2.015605: (+3)     bprint:               __handle_mm_fault: NUMAB MEM ACCESS process[nid:1, cpu:59, pid:2757], folio[virt:0x7f5f093b9720, phys:0x18576b7000, pfn:0x18576b7, nid:1, npages:1]
          cg.C.x-2768  [016]     2.015610: (+5)     bprint:               __handle_mm_fault: NUMAB MEM ACCESS process[nid:0, cpu:16, pid:2768], folio[virt:0x7f5f093eb540, phys:0x1b017f000, pfn:0x1b017f, nid:0, npages:1]
          cg.C.x-2760  [040]     2.015613: (+3)     bprint:               __handle_mm_fault: NUMAB MEM ACCESS process[nid:0, cpu:40, pid:2760], folio[virt:0x7f5f093c7148, phys:0x152ac1000, pfn:0x152ac1, nid:0, npages:1]
          cg.C.x-2763  [012]     2.015641: (+28)    bprint:               __handle_mm_fault: NUMAB MEM ACCESS process[nid:0, cpu:12, pid:2763], folio[virt:0x7f5f093d5000, phys:0x111d97000, pfn:0x111d97, nid:0, npages:1]
          cg.C.x-2767  [037]     2.015685: (+44)    bprint:               __handle_mm_fault: NUMAB MEM ACCESS process[nid:1, cpu:37, pid:2767], folio[virt:0x7f5f093e7000, phys:0x186e535000, pfn:0x186e535, nid:1, npages:1]
          cg.C.x-2770  [050]     2.015768: (+83)    bprint:               __handle_mm_fault: NUMAB MEM ACCESS process[nid:0, cpu:50, pid:2770], folio[virt:0x7f5f093f5000, phys:0x111dbf000, pfn:0x111dbf, nid:0, npages:1]
          cg.C.x-2765  [035]     2.015836: (+68)    bprint:               __handle_mm_fault: NUMAB MEM ACCESS process[nid:1, cpu:35, pid:2765], folio[virt:0x7f5f093de000, phys:0x186d0b0000, pfn:0x186d0b0, nid:1, npages:1]
          cg.C.x-2759  [031]     2.015930: (+94)    bprint:               __handle_mm_fault: NUMAB MEM ACCESS process[nid:1, cpu:31, pid:2759], folio[virt:0x7f5f093c3000, phys:0x185ea59000, pfn:0x185ea59, nid:1, npages:1]
          cg.C.x-2757  [059]     2.016030: (+100)   bprint:               __handle_mm_fault: NUMAB MEM ACCESS process[nid:1, cpu:59, pid:2757], folio[virt:0x7f5f093ba000, phys:0x186c1f8000, pfn:0x186c1f8, nid:1, npages:1]
          cg.C.x-2769  [039]     2.016035: (+5)     bprint:               __handle_mm_fault: NUMAB MEM ACCESS process[nid:1, cpu:39, pid:2769], folio[virt:0x7f5f093f1000, phys:0x186e32f000, pfn:0x186e32f, nid:1, npages:1]
          cg.C.x-2771  [011]     2.016049: (+14)    bprint:               __handle_mm_fault: NUMAB MEM ACCESS process[nid:1, cpu:11, pid:2771], folio[virt:0x7f5f093fa000, phys:0x303f32d000, pfn:0x303f32d, nid:1, npages:1]
          cg.C.x-2761  [033]     2.016077: (+28)    bprint:               __handle_mm_fault: NUMAB MEM ACCESS process[nid:1, cpu:33, pid:2761], folio[virt:0x7f5f093cc000, phys:0x182020000, pfn:0x182020, nid:0, npages:1]
          cg.C.x-2761  [033]     2.016079: (+2)     bprint:               __handle_mm_fault: NUMAB TRY MEM MIGR process[nid:1, cpu:33, pid:2761], folio[virt:0x7f5f093cc000, phys:0x182020000, nid:0], target_nid:1
          cg.C.x-2761  [033]     2.016097: (+18)    bprint:               migrate_misplaced_folio: NUMAB pid:2761 COMPLETED MEM MIGR of 1 pages
          cg.C.x-2762  [000]     2.016155: (+58)    bprint:               __handle_mm_fault: NUMAB MEM ACCESS process[nid:0, cpu:0, pid:2762], folio[virt:0x7f5f093d1000, phys:0x1147c1000, pfn:0x1147c1, nid:0, npages:1]
          cg.C.x-2766  [020]     2.016243: (+88)    bprint:               __handle_mm_fault: NUMAB MEM ACCESS process[nid:0, cpu:20, pid:2766], folio[virt:0x7f5f093e3000, phys:0x26e3cf4000, pfn:0x26e3cf4, nid:1, npages:1]
          cg.C.x-2766  [020]     2.016245: (+2)     bprint:               __handle_mm_fault: NUMAB TRY MEM MIGR process[nid:0, cpu:20, pid:2766], folio[virt:0x7f5f093e3000, phys:0x26e3cf4000, nid:1], target_nid:0
          cg.C.x-2766  [020]     2.016266: (+21)    bprint:               migrate_misplaced_folio: NUMAB pid:2766 COMPLETED MEM MIGR of 1 pages
          cg.C.x-2764  [022]     2.016280: (+14)    bprint:               __handle_mm_fault: NUMAB MEM ACCESS process[nid:0, cpu:22, pid:2764], folio[virt:0x7f5f093da000, phys:0x186c6a9000, pfn:0x186c6a9, nid:1, npages:1]
          cg.C.x-2764  [022]     2.016282: (+2)     bprint:               __handle_mm_fault: NUMAB TRY MEM MIGR process[nid:0, cpu:22, pid:2764], folio[virt:0x7f5f093da000, phys:0x186c6a9000, nid:1], target_nid:0
          cg.C.x-2764  [022]     2.016294: (+12)    bprint:               migrate_misplaced_folio: NUMAB pid:2764 COMPLETED MEM MIGR of 1 pages
          cg.C.x-2758  [029]     2.016306: (+12)    bprint:               __handle_mm_fault: NUMAB MEM ACCESS process[nid:1, cpu:29, pid:2758], folio[virt:0x7f5f093bf000, phys:0x185ea4b000, pfn:0x185ea4b, nid:1, npages:1]
          cg.C.x-2763  [012]     2.016370: (+64)    bprint:               __handle_mm_fault: NUMAB MEM ACCESS process[nid:0, cpu:12, pid:2763], folio[virt:0x7f5f093d6000, phys:0x111dc2000, pfn:0x111dc2, nid:0, npages:1]
          cg.C.x-2763  [012]     2.016409: (+39)    bprint:               __handle_mm_fault: NUMAB MEM ACCESS process[nid:0, cpu:12, pid:2763], folio[virt:0x7f5f05fff9b8, phys:0x1143cc000, pfn:0x1143cc, nid:0, npages:1]
          cg.C.x-2763  [012]     2.016414: (+5)     bprint:               __handle_mm_fault: NUMAB MEM ACCESS process[nid:0, cpu:12, pid:2763], folio[virt:0x7f5f06000220, phys:0x186c765000, pfn:0x186c765, nid:1, npages:1]
          cg.C.x-2763  [012]     2.016414: (+0)     bprint:               __handle_mm_fault: NUMAB TRY MEM MIGR process[nid:0, cpu:12, pid:2763], folio[virt:0x7f5f06000220, phys:0x186c765000, nid:1], target_nid:0
          cg.C.x-2763  [012]     2.016423: (+9)     bprint:               migrate_misplaced_folio: NUMAB pid:2763 COMPLETED MEM MIGR of 1 pages
          cg.C.x-2758  [029]     2.016428: (+5)     bprint:               __handle_mm_fault: NUMAB MEM ACCESS process[nid:1, cpu:29, pid:2758], folio[virt:0x7f5f091ff9b8, phys:0x303a121000, pfn:0x303a121, nid:1, npages:1]
          cg.C.x-2769  [039]     2.016428: (+0)     bprint:               __handle_mm_fault: NUMAB MEM ACCESS process[nid:1, cpu:39, pid:2769], folio[virt:0x7f5f023ff9b8, phys:0x185862e000, pfn:0x185862e, nid:1, npages:1]
          cg.C.x-2758  [029]     2.016432: (+4)     bprint:               __handle_mm_fault: NUMAB MEM ACCESS process[nid:1, cpu:29, pid:2758], folio[virt:0x7f5f09200220, phys:0x186d5e9000, pfn:0x186d5e9, nid:1, npages:1]
          cg.C.x-2769  [039]     2.016433: (+1)     bprint:               __handle_mm_fault: NUMAB MEM ACCESS process[nid:1, cpu:39, pid:2769], folio[virt:0x7f5f02400220, phys:0x1865125000, pfn:0x1865125, nid:1, npages:1]
          cg.C.x-2768  [016]     2.016448: (+15)    bprint:               __handle_mm_fault: NUMAB MEM ACCESS process[nid:0, cpu:16, pid:2768], folio[virt:0x7f5f093ec000, phys:0x26e3c94000, pfn:0x26e3c94, nid:1, npages:1]
          cg.C.x-2768  [016]     2.016449: (+1)     bprint:               __handle_mm_fault: NUMAB TRY MEM MIGR process[nid:0, cpu:16, pid:2768], folio[virt:0x7f5f093ec000, phys:0x26e3c94000, nid:1], target_nid:0
          cg.C.x-2768  [016]     2.016459: (+10)    bprint:               migrate_misplaced_folio: NUMAB pid:2768 COMPLETED MEM MIGR of 1 pages
          cg.C.x-2762  [000]     2.016498: (+39)    bprint:               __handle_mm_fault: NUMAB MEM ACCESS process[nid:0, cpu:0, pid:2762], folio[virt:0x7f5f069ff9b8, phys:0x1124f4000, pfn:0x1124f4, nid:0, npages:1]
          cg.C.x-2762  [000]     2.016503: (+5)     bprint:               __handle_mm_fault: NUMAB MEM ACCESS process[nid:0, cpu:0, pid:2762], folio[virt:0x7f5f06a00220, phys:0x186c708000, pfn:0x186c708, nid:1, npages:1]
          cg.C.x-2762  [000]     2.016504: (+1)     bprint:               __handle_mm_fault: NUMAB TRY MEM MIGR process[nid:0, cpu:0, pid:2762], folio[virt:0x7f5f06a00220, phys:0x186c708000, nid:1], target_nid:0
          cg.C.x-2762  [000]     2.016513: (+9)     bprint:               migrate_misplaced_folio: NUMAB pid:2762 COMPLETED MEM MIGR of 1 pages
          cg.C.x-2772  [056]     2.016577: (+64)    bprint:               __handle_mm_fault: NUMAB MEM ACCESS process[nid:0, cpu:56, pid:2772], folio[virt:0x7f5f093ff000, phys:0x185f630000, pfn:0x185f630, nid:1, npages:1]
          cg.C.x-2772  [056]     2.016578: (+1)     bprint:               __handle_mm_fault: NUMAB TRY MEM MIGR process[nid:0, cpu:56, pid:2772], folio[virt:0x7f5f093ff000, phys:0x185f630000, nid:1], target_nid:0
          cg.C.x-2772  [056]     2.016586: (+8)     bprint:               migrate_misplaced_folio: NUMAB pid:2772 COMPLETED MEM MIGR of 1 pages
          cg.C.x-2783  [023]     2.016634: (+48)    bprint:               __handle_mm_fault: NUMAB MEM ACCESS process[nid:1, cpu:23, pid:2783], folio[virt:0x7f5ef97ff9b8, phys:0x186c6b6000, pfn:0x186c6b6, nid:1, npages:1]
          cg.C.x-2783  [023]     2.016640: (+6)     bprint:               __handle_mm_fault: NUMAB MEM ACCESS process[nid:1, cpu:23, pid:2783], folio[virt:0x7f5ef9800220, phys:0x186662f000, pfn:0x186662f, nid:1, npages:1]
          cg.C.x-2770  [050]     2.016703: (+63)    bprint:               __handle_mm_fault: NUMAB MEM ACCESS process[nid:0, cpu:50, pid:2770], folio[virt:0x7f5f093f6000, phys:0x185ebe1000, pfn:0x185ebe1, nid:1, npages:1]
          cg.C.x-2770  [050]     2.016705: (+2)     bprint:               __handle_mm_fault: NUMAB TRY MEM MIGR process[nid:0, cpu:50, pid:2770], folio[virt:0x7f5f093f6000, phys:0x185ebe1000, nid:1], target_nid:0
          cg.C.x-2784  [002]     2.016710: (+5)     bprint:               __handle_mm_fault: NUMAB MEM ACCESS process[nid:0, cpu:2, pid:2784], folio[virt:0x7f5ef8dff9b8, phys:0x122399000, pfn:0x122399, nid:0, npages:1]
          cg.C.x-2770  [050]     2.016714: (+4)     bprint:               migrate_misplaced_folio: NUMAB pid:2770 COMPLETED MEM MIGR of 1 pages
          cg.C.x-2784  [002]     2.016715: (+1)     bprint:               __handle_mm_fault: NUMAB MEM ACCESS process[nid:0, cpu:2, pid:2784], folio[virt:0x7f5ef8e00220, phys:0x1865218000, pfn:0x1865218, nid:1, npages:1]
          cg.C.x-2784  [002]     2.016716: (+1)     bprint:               __handle_mm_fault: NUMAB TRY MEM MIGR process[nid:0, cpu:2, pid:2784], folio[virt:0x7f5ef8e00220, phys:0x1865218000, nid:1], target_nid:0
          cg.C.x-2784  [002]     2.016724: (+8)     bprint:               migrate_misplaced_folio: NUMAB pid:2784 COMPLETED MEM MIGR of 1 pages
          cg.C.x-2789  [027]     2.016734: (+10)    bprint:               __handle_mm_fault: NUMAB MEM ACCESS process[nid:1, cpu:27, pid:2789], folio[virt:0x7f5ef5c00220, phys:0x185f1dc000, pfn:0x185f1dc, nid:1, npages:1]
          cg.C.x-2760  [040]     2.016735: (+1)     bprint:               __handle_mm_fault: NUMAB MEM ACCESS process[nid:0, cpu:40, pid:2760], folio[virt:0x7f5f093c8000, phys:0x186cf26000, pfn:0x186cf26, nid:1, npages:1]
          cg.C.x-2760  [040]     2.016737: (+2)     bprint:               __handle_mm_fault: NUMAB TRY MEM MIGR process[nid:0, cpu:40, pid:2760], folio[virt:0x7f5f093c8000, phys:0x186cf26000, nid:1], target_nid:0
          cg.C.x-2760  [040]     2.016745: (+8)     bprint:               migrate_misplaced_folio: NUMAB pid:2760 COMPLETED MEM MIGR of 1 pages
          cg.C.x-2776  [036]     2.016792: (+47)    bprint:               __handle_mm_fault: NUMAB MEM ACCESS process[nid:0, cpu:36, pid:2776], folio[virt:0x7f5efddff9b8, phys:0x1b013e000, pfn:0x1b013e, nid:0, npages:1]
          cg.C.x-2776  [036]     2.016798: (+6)     bprint:               __handle_mm_fault: NUMAB MEM ACCESS process[nid:0, cpu:36, pid:2776], folio[virt:0x7f5efde00220, phys:0x186452f000, pfn:0x186452f, nid:1, npages:1]
          cg.C.x-2776  [036]     2.016799: (+1)     bprint:               __handle_mm_fault: NUMAB TRY MEM MIGR process[nid:0, cpu:36, pid:2776], folio[virt:0x7f5efde00220, phys:0x186452f000, nid:1], target_nid:0
          cg.C.x-2776  [036]     2.016807: (+8)     bprint:               migrate_misplaced_folio: NUMAB pid:2776 COMPLETED MEM MIGR of 1 pages
          cg.C.x-2759  [031]     2.016822: (+15)    bprint:               __handle_mm_fault: NUMAB MEM ACCESS process[nid:1, cpu:31, pid:2759], folio[virt:0x7f5f087ff9b8, phys:0x185ea4d000, pfn:0x185ea4d, nid:1, npages:1]
          cg.C.x-2759  [031]     2.016826: (+4)     bprint:               __handle_mm_fault: NUMAB MEM ACCESS process[nid:1, cpu:31, pid:2759], folio[virt:0x7f5f08800220, phys:0x185d981000, pfn:0x185d981, nid:1, npages:1]
          cg.C.x-2770  [050]     2.016833: (+7)     bprint:               __handle_mm_fault: NUMAB MEM ACCESS process[nid:0, cpu:50, pid:2770], folio[virt:0x7f5f019ff9b8, phys:0x122189000, pfn:0x122189, nid:0, npages:1]
          cg.C.x-2770  [050]     2.016837: (+4)     bprint:               __handle_mm_fault: NUMAB MEM ACCESS process[nid:0, cpu:50, pid:2770], folio[virt:0x7f5f01a00220, phys:0x18668e4000, pfn:0x18668e4, nid:1, npages:1]
          cg.C.x-2770  [050]     2.016838: (+1)     bprint:               __handle_mm_fault: NUMAB TRY MEM MIGR process[nid:0, cpu:50, pid:2770], folio[virt:0x7f5f01a00220, phys:0x18668e4000, nid:1], target_nid:0
          cg.C.x-2771  [011]     2.016839: (+1)     bprint:               __handle_mm_fault: NUMAB MEM ACCESS process[nid:1, cpu:11, pid:2771], folio[virt:0x7f5f00fff9b8, phys:0x186d571000, pfn:0x186d571, nid:1, npages:1]
          cg.C.x-2771  [011]     2.016843: (+4)     bprint:               __handle_mm_fault: NUMAB MEM ACCESS process[nid:1, cpu:11, pid:2771], folio[virt:0x7f5f01000220, phys:0x185829c000, pfn:0x185829c, nid:1, npages:1]
          cg.C.x-2770  [050]     2.016843: (+0)     bprint:               migrate_misplaced_folio: NUMAB pid:2770 COMPLETED MEM MIGR of 1 pages
          cg.C.x-2767  [037]     2.016846: (+3)     bprint:               __handle_mm_fault: NUMAB MEM ACCESS process[nid:1, cpu:37, pid:2767], folio[virt:0x7f5f093e8000, phys:0x1523b1000, pfn:0x1523b1, nid:0, npages:1]
          cg.C.x-2767  [037]     2.016848: (+2)     bprint:               __handle_mm_fault: NUMAB TRY MEM MIGR process[nid:1, cpu:37, pid:2767], folio[virt:0x7f5f093e8000, phys:0x1523b1000, nid:0], target_nid:1
          cg.C.x-2767  [037]     2.016859: (+11)    bprint:               migrate_misplaced_folio: NUMAB pid:2767 COMPLETED MEM MIGR of 1 pages
          cg.C.x-2785  [025]     2.016860: (+1)     bprint:               __handle_mm_fault: NUMAB MEM ACCESS process[nid:1, cpu:25, pid:2785], folio[virt:0x7f5ef83ff9b8, phys:0x186e6cf000, pfn:0x186e6cf, nid:1, npages:1]
          cg.C.x-2785  [025]     2.016865: (+5)     bprint:               __handle_mm_fault: NUMAB MEM ACCESS process[nid:1, cpu:25, pid:2785], folio[virt:0x7f5ef8400220, phys:0x185873e000, pfn:0x185873e, nid:1, npages:1]
          cg.C.x-2777  [049]     2.016894: (+29)    bprint:               __handle_mm_fault: NUMAB MEM ACCESS process[nid:1, cpu:49, pid:2777], folio[virt:0x7f5efd3ff9b8, phys:0x1866615000, pfn:0x1866615, nid:1, npages:1]
          cg.C.x-2777  [049]     2.016898: (+4)     bprint:               __handle_mm_fault: NUMAB MEM ACCESS process[nid:1, cpu:49, pid:2777], folio[virt:0x7f5efd400220, phys:0x18661f7000, pfn:0x18661f7, nid:1, npages:1]
          cg.C.x-2765  [035]     2.016905: (+7)     bprint:               __handle_mm_fault: NUMAB MEM ACCESS process[nid:1, cpu:35, pid:2765], folio[virt:0x7f5f093df000, phys:0x1823b7000, pfn:0x1823b7, nid:0, npages:1]
          cg.C.x-2765  [035]     2.016906: (+1)     bprint:               __handle_mm_fault: NUMAB TRY MEM MIGR process[nid:1, cpu:35, pid:2765], folio[virt:0x7f5f093df000, phys:0x1823b7000, nid:0], target_nid:1
          cg.C.x-2772  [056]     2.016909: (+3)     bprint:               __handle_mm_fault: NUMAB MEM ACCESS process[nid:0, cpu:56, pid:2772], folio[virt:0x7f5f005ff9b8, phys:0x1502fd000, pfn:0x1502fd, nid:0, npages:1]
          cg.C.x-2772  [056]     2.016915: (+6)     bprint:               __handle_mm_fault: NUMAB MEM ACCESS process[nid:0, cpu:56, pid:2772], folio[virt:0x7f5f00600220, phys:0x186c1fa000, pfn:0x186c1fa, nid:1, npages:1]
          cg.C.x-2765  [035]     2.016915: (+0)     bprint:               migrate_misplaced_folio: NUMAB pid:2765 COMPLETED MEM MIGR of 1 pages
          cg.C.x-2772  [056]     2.016915: (+0)     bprint:               __handle_mm_fault: NUMAB TRY MEM MIGR process[nid:0, cpu:56, pid:2772], folio[virt:0x7f5f00600220, phys:0x186c1fa000, nid:1], target_nid:0
          cg.C.x-2772  [056]     2.016922: (+7)     bprint:               migrate_misplaced_folio: NUMAB pid:2772 COMPLETED MEM MIGR of 1 pages
          cg.C.x-2786  [042]     2.016949: (+27)    bprint:               __handle_mm_fault: NUMAB MEM ACCESS process[nid:0, cpu:42, pid:2786], folio[virt:0x7f5ef79ff9b8, phys:0x1225ac000, pfn:0x1225ac, nid:0, npages:1]
          cg.C.x-2786  [042]     2.016955: (+6)     bprint:               __handle_mm_fault: NUMAB MEM ACCESS process[nid:0, cpu:42, pid:2786], folio[virt:0x7f5ef7a00220, phys:0x186c271000, pfn:0x186c271, nid:1, npages:1]
          cg.C.x-2786  [042]     2.016956: (+1)     bprint:               __handle_mm_fault: NUMAB TRY MEM MIGR process[nid:0, cpu:42, pid:2786], folio[virt:0x7f5ef7a00220, phys:0x186c271000, nid:1], target_nid:0
          cg.C.x-2786  [042]     2.016964: (+8)     bprint:               migrate_misplaced_folio: NUMAB pid:2786 COMPLETED MEM MIGR of 1 pages
          cg.C.x-2787  [041]     2.016972: (+8)     bprint:               __handle_mm_fault: NUMAB MEM ACCESS process[nid:1, cpu:41, pid:2787], folio[virt:0x7f5ef6fff9b8, phys:0x186e4f6000, pfn:0x186e4f6, nid:1, npages:1]
          cg.C.x-2787  [041]     2.016976: (+4)     bprint:               __handle_mm_fault: NUMAB MEM ACCESS process[nid:1, cpu:41, pid:2787], folio[virt:0x7f5ef7000220, phys:0x186628d000, pfn:0x186628d, nid:1, npages:1]
          cg.C.x-2764  [022]     2.016977: (+1)     bprint:               __handle_mm_fault: NUMAB MEM ACCESS process[nid:0, cpu:22, pid:2764], folio[virt:0x7f5f055ff9b8, phys:0x111df0000, pfn:0x111df0, nid:0, npages:1]
          cg.C.x-2773  [013]     2.016978: (+1)     bprint:               __handle_mm_fault: NUMAB MEM ACCESS process[nid:1, cpu:13, pid:2773], folio[virt:0x7f5effbff9b8, phys:0x188029b000, pfn:0x188029b, nid:1, npages:1]
          cg.C.x-2764  [022]     2.016982: (+4)     bprint:               __handle_mm_fault: NUMAB MEM ACCESS process[nid:0, cpu:22, pid:2764], folio[virt:0x7f5f05600220, phys:0x1856cdf000, pfn:0x1856cdf, nid:1, npages:1]
          cg.C.x-2764  [022]     2.016982: (+0)     bprint:               __handle_mm_fault: NUMAB TRY MEM MIGR process[nid:0, cpu:22, pid:2764], folio[virt:0x7f5f05600220, phys:0x1856cdf000, nid:1], target_nid:0
          cg.C.x-2773  [013]     2.016984: (+2)     bprint:               __handle_mm_fault: NUMAB MEM ACCESS process[nid:1, cpu:13, pid:2773], folio[virt:0x7f5effc00220, phys:0x18653b8000, pfn:0x18653b8, nid:1, npages:1]
          cg.C.x-2764  [022]     2.016988: (+4)     bprint:               migrate_misplaced_folio: NUMAB pid:2764 COMPLETED MEM MIGR of 1 pages
          cg.C.x-2778  [030]     2.017019: (+31)    bprint:               __handle_mm_fault: NUMAB MEM ACCESS process[nid:0, cpu:30, pid:2778], folio[virt:0x7f5efc9ff9b8, phys:0x151fba000, pfn:0x151fba, nid:0, npages:1]
          cg.C.x-2774  [026]     2.017023: (+4)     bprint:               __handle_mm_fault: NUMAB MEM ACCESS process[nid:0, cpu:26, pid:2774], folio[virt:0x7f5eff1ff9b8, phys:0x120356000, pfn:0x120356, nid:0, npages:1]
          cg.C.x-2778  [030]     2.017024: (+1)     bprint:               __handle_mm_fault: NUMAB MEM ACCESS process[nid:0, cpu:30, pid:2778], folio[virt:0x7f5efca00220, phys:0x18644d3000, pfn:0x18644d3, nid:1, npages:1]
          cg.C.x-2778  [030]     2.017025: (+1)     bprint:               __handle_mm_fault: NUMAB TRY MEM MIGR process[nid:0, cpu:30, pid:2778], folio[virt:0x7f5efca00220, phys:0x18644d3000, nid:1], target_nid:0
          cg.C.x-2788  [028]     2.017027: (+2)     bprint:               __handle_mm_fault: NUMAB MEM ACCESS process[nid:0, cpu:28, pid:2788], folio[virt:0x7f5ef65ff9b8, phys:0x15185d000, pfn:0x15185d, nid:0, npages:1]
          cg.C.x-2774  [026]     2.017028: (+1)     bprint:               __handle_mm_fault: NUMAB MEM ACCESS process[nid:0, cpu:26, pid:2774], folio[virt:0x7f5eff200220, phys:0x18574ea000, pfn:0x18574ea, nid:1, npages:1]
          cg.C.x-2774  [026]     2.017029: (+1)     bprint:               __handle_mm_fault: NUMAB TRY MEM MIGR process[nid:0, cpu:26, pid:2774], folio[virt:0x7f5eff200220, phys:0x18574ea000, nid:1], target_nid:0
          cg.C.x-2788  [028]     2.017032: (+3)     bprint:               __handle_mm_fault: NUMAB MEM ACCESS process[nid:0, cpu:28, pid:2788], folio[virt:0x7f5ef6600220, phys:0x186e706000, pfn:0x186e706, nid:1, npages:1]
          cg.C.x-2778  [030]     2.017033: (+1)     bprint:               migrate_misplaced_folio: NUMAB pid:2778 COMPLETED MEM MIGR of 1 pages
          cg.C.x-2788  [028]     2.017033: (+0)     bprint:               __handle_mm_fault: NUMAB TRY MEM MIGR process[nid:0, cpu:28, pid:2788], folio[virt:0x7f5ef6600220, phys:0x186e706000, nid:1], target_nid:0
          cg.C.x-2774  [026]     2.017037: (+4)     bprint:               migrate_misplaced_folio: NUMAB pid:2774 COMPLETED MEM MIGR of 1 pages
          cg.C.x-2788  [028]     2.017041: (+4)     bprint:               migrate_misplaced_folio: NUMAB pid:2788 COMPLETED MEM MIGR of 1 pages
          cg.C.x-2765  [035]     2.017056: (+15)    bprint:               __handle_mm_fault: NUMAB MEM ACCESS process[nid:1, cpu:35, pid:2765], folio[virt:0x7f5f04bff9b8, phys:0x186d896000, pfn:0x186d896, nid:1, npages:1]
          cg.C.x-2765  [035]     2.017060: (+4)     bprint:               __handle_mm_fault: NUMAB MEM ACCESS process[nid:1, cpu:35, pid:2765], folio[virt:0x7f5f04c00220, phys:0x186d061000, pfn:0x186d061, nid:1, npages:1]
          cg.C.x-2779  [051]     2.017065: (+5)     bprint:               __handle_mm_fault: NUMAB MEM ACCESS process[nid:1, cpu:51, pid:2779], folio[virt:0x7f5efbfff9b8, phys:0x18802f0000, pfn:0x18802f0, nid:1, npages:1]
          cg.C.x-2779  [051]     2.017071: (+6)     bprint:               __handle_mm_fault: NUMAB MEM ACCESS process[nid:1, cpu:51, pid:2779], folio[virt:0x7f5efc000220, phys:0x186d5e7000, pfn:0x186d5e7, nid:1, npages:1]
          cg.C.x-2760  [040]     2.017071: (+0)     bprint:               __handle_mm_fault: NUMAB MEM ACCESS process[nid:0, cpu:40, pid:2760], folio[virt:0x7f5f07dff9b8, phys:0x1523fc000, pfn:0x1523fc, nid:0, npages:1]
          cg.C.x-2760  [040]     2.017076: (+5)     bprint:               __handle_mm_fault: NUMAB MEM ACCESS process[nid:0, cpu:40, pid:2760], folio[virt:0x7f5f07e00220, phys:0x186da1b000, pfn:0x186da1b, nid:1, npages:1]
          cg.C.x-2760  [040]     2.017076: (+0)     bprint:               __handle_mm_fault: NUMAB TRY MEM MIGR process[nid:0, cpu:40, pid:2760], folio[virt:0x7f5f07e00220, phys:0x186da1b000, nid:1], target_nid:0
          cg.C.x-2760  [040]     2.017082: (+6)     bprint:               migrate_misplaced_folio: NUMAB pid:2760 COMPLETED MEM MIGR of 1 pages
          cg.C.x-2766  [020]     2.017111: (+29)    bprint:               __handle_mm_fault: NUMAB MEM ACCESS process[nid:0, cpu:20, pid:2766], folio[virt:0x7f5f041ff9b8, phys:0x15038e000, pfn:0x15038e, nid:0, npages:1]
          cg.C.x-2766  [020]     2.017115: (+4)     bprint:               __handle_mm_fault: NUMAB MEM ACCESS process[nid:0, cpu:20, pid:2766], folio[virt:0x7f5f04200220, phys:0x1864520000, pfn:0x1864520, nid:1, npages:1]
          cg.C.x-2766  [020]     2.017116: (+1)     bprint:               __handle_mm_fault: NUMAB TRY MEM MIGR process[nid:0, cpu:20, pid:2766], folio[virt:0x7f5f04200220, phys:0x1864520000, nid:1], target_nid:0
          cg.C.x-2766  [020]     2.017122: (+6)     bprint:               migrate_misplaced_folio: NUMAB pid:2766 COMPLETED MEM MIGR of 1 pages
          cg.C.x-2780  [038]     2.017128: (+6)     bprint:               __handle_mm_fault: NUMAB MEM ACCESS process[nid:0, cpu:38, pid:2780], folio[virt:0x7f5efb5ff9b8, phys:0x1146e6000, pfn:0x1146e6, nid:0, npages:1]
          cg.C.x-2761  [033]     2.017130: (+2)     bprint:               __handle_mm_fault: NUMAB MEM ACCESS process[nid:1, cpu:33, pid:2761], folio[virt:0x7f5f073ff9b8, phys:0x185740e000, pfn:0x185740e, nid:1, npages:1]
          cg.C.x-2780  [038]     2.017132: (+2)     bprint:               __handle_mm_fault: NUMAB MEM ACCESS process[nid:0, cpu:38, pid:2780], folio[virt:0x7f5efb600220, phys:0x185774e000, pfn:0x185774e, nid:1, npages:1]
          cg.C.x-2780  [038]     2.017133: (+1)     bprint:               __handle_mm_fault: NUMAB TRY MEM MIGR process[nid:0, cpu:38, pid:2780], folio[virt:0x7f5efb600220, phys:0x185774e000, nid:1], target_nid:0
          cg.C.x-2761  [033]     2.017134: (+1)     bprint:               __handle_mm_fault: NUMAB MEM ACCESS process[nid:1, cpu:33, pid:2761], folio[virt:0x7f5f07400220, phys:0x186e3eb000, pfn:0x186e3eb, nid:1, npages:1]
          cg.C.x-2767  [037]     2.017136: (+2)     bprint:               __handle_mm_fault: NUMAB MEM ACCESS process[nid:1, cpu:37, pid:2767], folio[virt:0x7f5f037ff9b8, phys:0x186d5fe000, pfn:0x186d5fe, nid:1, npages:1]
          cg.C.x-2767  [037]     2.017139: (+3)     bprint:               __handle_mm_fault: NUMAB MEM ACCESS process[nid:1, cpu:37, pid:2767], folio[virt:0x7f5f03800220, phys:0x188008e000, pfn:0x188008e, nid:1, npages:1]
          cg.C.x-2780  [038]     2.017141: (+2)     bprint:               migrate_misplaced_folio: NUMAB pid:2780 COMPLETED MEM MIGR of 1 pages
          cg.C.x-2775  [047]     2.017165: (+24)    bprint:               __handle_mm_fault: NUMAB MEM ACCESS process[nid:1, cpu:47, pid:2775], folio[virt:0x7f5efe7ff9b8, phys:0x1856113000, pfn:0x1856113, nid:1, npages:1]
          cg.C.x-2775  [047]     2.017170: (+5)     bprint:               __handle_mm_fault: NUMAB MEM ACCESS process[nid:1, cpu:47, pid:2775], folio[virt:0x7f5efe800220, phys:0x18646f7000, pfn:0x18646f7, nid:1, npages:1]
          cg.C.x-2781  [021]     2.017226: (+56)    bprint:               __handle_mm_fault: NUMAB MEM ACCESS process[nid:1, cpu:21, pid:2781], folio[virt:0x7f5efabff9b8, phys:0x185803f000, pfn:0x185803f, nid:1, npages:1]
          cg.C.x-2781  [021]     2.017230: (+4)     bprint:               __handle_mm_fault: NUMAB MEM ACCESS process[nid:1, cpu:21, pid:2781], folio[virt:0x7f5efac00220, phys:0x1858609000, pfn:0x1858609, nid:1, npages:1]
          cg.C.x-2768  [016]     2.017296: (+66)    bprint:               __handle_mm_fault: NUMAB MEM ACCESS process[nid:0, cpu:16, pid:2768], folio[virt:0x7f5f02dff9b8, phys:0x111929000, pfn:0x111929, nid:0, npages:1]
          cg.C.x-2768  [016]     2.017300: (+4)     bprint:               __handle_mm_fault: NUMAB MEM ACCESS process[nid:0, cpu:16, pid:2768], folio[virt:0x7f5f02e00220, phys:0x1858a10000, pfn:0x1858a10, nid:1, npages:1]
          cg.C.x-2768  [016]     2.017301: (+1)     bprint:               __handle_mm_fault: NUMAB TRY MEM MIGR process[nid:0, cpu:16, pid:2768], folio[virt:0x7f5f02e00220, phys:0x1858a10000, nid:1], target_nid:0
          cg.C.x-2768  [016]     2.017306: (+5)     bprint:               migrate_misplaced_folio: NUMAB pid:2768 COMPLETED MEM MIGR of 1 pages
          cg.C.x-2782  [014]     2.017363: (+57)    bprint:               __handle_mm_fault: NUMAB MEM ACCESS process[nid:0, cpu:14, pid:2782], folio[virt:0x7f5efa1ff9b8, phys:0x122583000, pfn:0x122583, nid:0, npages:1]
          cg.C.x-2782  [014]     2.017368: (+5)     bprint:               __handle_mm_fault: NUMAB MEM ACCESS process[nid:0, cpu:14, pid:2782], folio[virt:0x7f5efa200220, phys:0x185f418000, pfn:0x185f418, nid:1, npages:1]
          cg.C.x-2782  [014]     2.017369: (+1)     bprint:               __handle_mm_fault: NUMAB TRY MEM MIGR process[nid:0, cpu:14, pid:2782], folio[virt:0x7f5efa200220, phys:0x185f418000, nid:1], target_nid:0
          cg.C.x-2782  [014]     2.017377: (+8)     bprint:               migrate_misplaced_folio: NUMAB pid:2782 COMPLETED MEM MIGR of 1 pages
          cg.C.x-2763  [012]     2.017537: (+160)   bprint:               __handle_mm_fault: NUMAB MEM ACCESS process[nid:0, cpu:12, pid:2763], folio[virt:0x7f5f093d2000, phys:0x11438c000, pfn:0x11438c, nid:0, npages:1]
          cg.C.x-2760  [040]     2.017539: (+2)     bprint:               __handle_mm_fault: NUMAB MEM ACCESS process[nid:0, cpu:40, pid:2760], folio[virt:0x7f5f093c4000, phys:0x1b036c000, pfn:0x1b036c, nid:0, npages:1]
          cg.C.x-2772  [056]     2.017542: (+3)     bprint:               __handle_mm_fault: NUMAB MEM ACCESS process[nid:0, cpu:56, pid:2772], folio[virt:0x7f5f093fb000, phys:0x122698000, pfn:0x122698, nid:0, npages:1]
          cg.C.x-2767  [037]     2.017543: (+1)     bprint:               __handle_mm_fault: NUMAB MEM ACCESS process[nid:1, cpu:37, pid:2767], folio[virt:0x7f5f093e4000, phys:0x1866b62000, pfn:0x1866b62, nid:1, npages:1]
          cg.C.x-2769  [039]     2.017545: (+2)     bprint:               __handle_mm_fault: NUMAB MEM ACCESS process[nid:1, cpu:39, pid:2769], folio[virt:0x7f5f093ed000, phys:0x26e3c95000, pfn:0x26e3c95, nid:1, npages:1]
          cg.C.x-2764  [022]     2.017546: (+1)     bprint:               __handle_mm_fault: NUMAB MEM ACCESS process[nid:0, cpu:22, pid:2764], folio[virt:0x7f5f093d7000, phys:0x111def000, pfn:0x111def, nid:0, npages:1]
          cg.C.x-2768  [016]     2.017548: (+2)     bprint:               __handle_mm_fault: NUMAB MEM ACCESS process[nid:0, cpu:16, pid:2768], folio[virt:0x7f5f093e9000, phys:0x1b0336000, pfn:0x1b0336, nid:0, npages:1]
          cg.C.x-2766  [020]     2.017549: (+1)     bprint:               __handle_mm_fault: NUMAB MEM ACCESS process[nid:0, cpu:20, pid:2766], folio[virt:0x7f5f093e0000, phys:0x1223cd000, pfn:0x1223cd, nid:0, npages:1]
          cg.C.x-2759  [031]     2.017551: (+2)     bprint:               __handle_mm_fault: NUMAB MEM ACCESS process[nid:1, cpu:31, pid:2759], folio[virt:0x7f5f093c0000, phys:0x185ea44000, pfn:0x185ea44, nid:1, npages:1]
          cg.C.x-2771  [011]     2.017552: (+1)     bprint:               __handle_mm_fault: NUMAB MEM ACCESS process[nid:1, cpu:11, pid:2771], folio[virt:0x7f5f093f7000, phys:0x185ebe2000, pfn:0x185ebe2, nid:1, npages:1]
          cg.C.x-2770  [050]     2.017554: (+2)     bprint:               __handle_mm_fault: NUMAB MEM ACCESS process[nid:0, cpu:50, pid:2770], folio[virt:0x7f5f093f2000, phys:0x111d0a000, pfn:0x111d0a, nid:0, npages:1]
          cg.C.x-2762  [000]     2.017555: (+1)     bprint:               __handle_mm_fault: NUMAB MEM ACCESS process[nid:0, cpu:0, pid:2762], folio[virt:0x7f5f093cd000, phys:0x1119fd000, pfn:0x1119fd, nid:0, npages:1]
          cg.C.x-2765  [035]     2.017557: (+2)     bprint:               __handle_mm_fault: NUMAB MEM ACCESS process[nid:1, cpu:35, pid:2765], folio[virt:0x7f5f093db000, phys:0x185f4ea000, pfn:0x185f4ea, nid:1, npages:1]
          cg.C.x-2761  [033]     2.017558: (+1)     bprint:               __handle_mm_fault: NUMAB MEM ACCESS process[nid:1, cpu:33, pid:2761], folio[virt:0x7f5f093c9000, phys:0x186cb94000, pfn:0x186cb94, nid:1, npages:1]
          cg.C.x-2757  [059]     2.017560: (+2)     bprint:               __handle_mm_fault: NUMAB MEM ACCESS process[nid:1, cpu:59, pid:2757], folio[virt:0x7f5f093b6010, phys:0x186d8f0000, pfn:0x186d8f0, nid:1, npages:1]
