          cg.C.x-2308  [042]     2.019234: (+1)     bprint:               __handle_mm_fault: NUMAB MEM ACCESS process[nid:0, cpu:42, pid:2308], folio[virt:0x7f1c75551490, phys:0x185c81a000, pfn:0x185c81a, nid:1, npages:1]
          cg.C.x-2308  [042]     2.019235: (+1)     bprint:               __handle_mm_fault: NUMAB TRY MEM MIGR process[nid:0, cpu:42, pid:2308], folio[virt:0x7f1c75551490, phys:0x185c81a000, nid:1], target_nid:0
          cg.C.x-2327  [034]     2.019236: (+1)     bprint:               __handle_mm_fault: NUMAB MEM ACCESS process[nid:0, cpu:34, pid:2327], folio[virt:0x7f1c755a83e8, phys:0x15125f000, pfn:0x15125f, nid:0, npages:1]
          cg.C.x-2266  [002]     2.019237: (+1)     bprint:               __handle_mm_fault: NUMAB MEM ACCESS process[nid:0, cpu:2, pid:2266], folio[virt:0x7f1c75491010, phys:0x150c70000, pfn:0x150c70, nid:0, npages:1]
          cg.C.x-2324  [018]     2.019238: (+1)     bprint:               __handle_mm_fault: NUMAB MEM ACCESS process[nid:0, cpu:18, pid:2324], folio[virt:0x7f1c7559a840, phys:0x186ad31000, pfn:0x186ad31, nid:1, npages:1]
          cg.C.x-2324  [018]     2.019239: (+1)     bprint:               __handle_mm_fault: NUMAB TRY MEM MIGR process[nid:0, cpu:18, pid:2324], folio[virt:0x7f1c7559a840, phys:0x186ad31000, nid:1], target_nid:0
          cg.C.x-2272  [059]     2.019239: (+0)     bprint:               __handle_mm_fault: NUMAB MEM ACCESS process[nid:1, cpu:59, pid:2272], folio[virt:0x7f1c754ad000, phys:0x186b649000, pfn:0x186b649, nid:1, npages:1]
          cg.C.x-2322  [030]     2.019241: (+2)     bprint:               __handle_mm_fault: NUMAB MEM ACCESS process[nid:0, cpu:30, pid:2322], folio[virt:0x7f1c755915d0, phys:0x186ac39000, pfn:0x186ac39, nid:1, npages:1]
          cg.C.x-2322  [030]     2.019242: (+1)     bprint:               __handle_mm_fault: NUMAB TRY MEM MIGR process[nid:0, cpu:30, pid:2322], folio[virt:0x7f1c755915d0, phys:0x186ac39000, nid:1], target_nid:0
          cg.C.x-2274  [062]     2.019242: (+0)     bprint:               __handle_mm_fault: NUMAB MEM ACCESS process[nid:0, cpu:62, pid:2274], folio[virt:0x7f1c754b6000, phys:0x13bfd8000, pfn:0x13bfd8, nid:0, npages:1]
          cg.C.x-2329  [056]     2.019243: (+1)     bprint:               __handle_mm_fault: NUMAB MEM ACCESS process[nid:0, cpu:56, pid:2329], folio[virt:0x7f1c755b2000, phys:0x1223e3000, pfn:0x1223e3, nid:0, npages:1]
          cg.C.x-2298  [024]     2.019245: (+2)     bprint:               __handle_mm_fault: NUMAB MEM ACCESS process[nid:0, cpu:24, pid:2298], folio[virt:0x7f1c75523810, phys:0x18556e5000, pfn:0x18556e5, nid:1, npages:1]
          cg.C.x-2298  [024]     2.019246: (+1)     bprint:               __handle_mm_fault: NUMAB TRY MEM MIGR process[nid:0, cpu:24, pid:2298], folio[virt:0x7f1c75523810, phys:0x18556e5000, nid:1], target_nid:0
          cg.C.x-2312  [012]     2.019246: (+0)     bprint:               __handle_mm_fault: NUMAB MEM ACCESS process[nid:0, cpu:12, pid:2312], folio[virt:0x7f1c75564000, phys:0x13bddf000, pfn:0x13bddf, nid:0, npages:1]
          cg.C.x-2321  [023]     2.019247: (+1)     bprint:               __handle_mm_fault: NUMAB MEM ACCESS process[nid:1, cpu:23, pid:2321], folio[virt:0x7f1c7558d000, phys:0x186ac3f000, pfn:0x186ac3f, nid:1, npages:1]
          cg.C.x-2283  [011]     2.019248: (+1)     bprint:               __handle_mm_fault: NUMAB MEM ACCESS process[nid:1, cpu:11, pid:2283], folio[virt:0x7f1c754df000, phys:0x185ad66000, pfn:0x185ad66, nid:1, npages:1]
          cg.C.x-2273  [031]     2.019249: (+1)     bprint:               __handle_mm_fault: NUMAB MEM ACCESS process[nid:1, cpu:31, pid:2273], folio[virt:0x7f1c754b2000, phys:0x1865b87000, pfn:0x1865b87, nid:1, npages:1]
          cg.C.x-2291  [053]     2.019250: (+1)     bprint:               __handle_mm_fault: NUMAB MEM ACCESS process[nid:1, cpu:53, pid:2291], folio[virt:0x7f1c75504000, phys:0x185c250000, pfn:0x185c250, nid:1, npages:1]
          cg.C.x-2326  [041]     2.019251: (+1)     bprint:               __handle_mm_fault: NUMAB MEM ACCESS process[nid:1, cpu:41, pid:2326], folio[virt:0x7f1c755a5000, phys:0x185d091000, pfn:0x185d091, nid:1, npages:1]
          cg.C.x-2309  [033]     2.019252: (+1)     bprint:               __handle_mm_fault: NUMAB MEM ACCESS process[nid:1, cpu:33, pid:2309], folio[virt:0x7f1c75556000, phys:0x1855a40000, pfn:0x1855a40, nid:1, npages:1]
          cg.C.x-2319  [007]     2.019253: (+1)     bprint:               __handle_mm_fault: NUMAB MEM ACCESS process[nid:1, cpu:7, pid:2319], folio[virt:0x7f1c75584000, phys:0x186b6ab000, pfn:0x186b6ab, nid:1, npages:1]
          cg.C.x-2281  [009]     2.019255: (+2)     bprint:               __handle_mm_fault: NUMAB MEM ACCESS process[nid:1, cpu:9, pid:2281], folio[virt:0x7f1c754d6000, phys:0x1864e26000, pfn:0x1864e26, nid:1, npages:1]
          cg.C.x-2293  [055]     2.019256: (+1)     bprint:               __handle_mm_fault: NUMAB MEM ACCESS process[nid:1, cpu:55, pid:2293], folio[virt:0x7f1c7550d000, phys:0x185cb4e000, pfn:0x185cb4e, nid:1, npages:1]
          cg.C.x-2279  [039]     2.019257: (+1)     bprint:               __handle_mm_fault: NUMAB MEM ACCESS process[nid:1, cpu:39, pid:2279], folio[virt:0x7f1c754cd000, phys:0x1864e1b000, pfn:0x1864e1b, nid:1, npages:1]
          cg.C.x-2267  [050]     2.019258: (+1)     bprint:               __handle_mm_fault: NUMAB MEM ACCESS process[nid:0, cpu:50, pid:2267], folio[virt:0x7f1c75496000, phys:0x111219000, pfn:0x111219, nid:0, npages:1]
          cg.C.x-2297  [061]     2.019259: (+1)     bprint:               __handle_mm_fault: NUMAB MEM ACCESS process[nid:1, cpu:61, pid:2297], folio[virt:0x7f1c7551f000, phys:0x18699fe000, pfn:0x18699fe, nid:1, npages:1]
          cg.C.x-2301  [027]     2.019260: (+1)     bprint:               __handle_mm_fault: NUMAB MEM ACCESS process[nid:1, cpu:27, pid:2301], folio[virt:0x7f1c75532000, phys:0x185b208000, pfn:0x185b208, nid:1, npages:1]
          cg.C.x-2323  [005]     2.019262: (+2)     bprint:               __handle_mm_fault: NUMAB MEM ACCESS process[nid:1, cpu:5, pid:2323], folio[virt:0x7f1c75597000, phys:0x1869412000, pfn:0x1869412, nid:1, npages:1]
          cg.C.x-2307  [049]     2.019263: (+1)     bprint:               __handle_mm_fault: NUMAB MEM ACCESS process[nid:1, cpu:49, pid:2307], folio[virt:0x7f1c7554d000, phys:0x185cb40000, pfn:0x185cb40, nid:1, npages:1]
          cg.C.x-2290  [028]     2.019266: (+3)     bprint:               __handle_mm_fault: NUMAB MEM ACCESS process[nid:0, cpu:28, pid:2290], folio[virt:0x7f1c75500000, phys:0x1233b7000, pfn:0x1233b7, nid:0, npages:1]
          cg.C.x-2316  [060]     2.019268: (+2)     bprint:               __handle_mm_fault: NUMAB MEM ACCESS process[nid:0, cpu:60, pid:2316], folio[virt:0x7f1c75576000, phys:0x13b65d000, pfn:0x13b65d, nid:0, npages:1]
          cg.C.x-2295  [057]     2.019269: (+1)     bprint:               __handle_mm_fault: NUMAB MEM ACCESS process[nid:1, cpu:57, pid:2295], folio[virt:0x7f1c75516000, phys:0x1869987000, pfn:0x1869987, nid:1, npages:1]
          cg.C.x-2288  [052]     2.019270: (+1)     bprint:               __handle_mm_fault: NUMAB MEM ACCESS process[nid:0, cpu:52, pid:2288], folio[virt:0x7f1c754f7000, phys:0x13b835000, pfn:0x13b835, nid:0, npages:1]
          cg.C.x-2278  [010]     2.019272: (+2)     bprint:               __handle_mm_fault: NUMAB MEM ACCESS process[nid:0, cpu:10, pid:2278], folio[virt:0x7f1c754c9000, phys:0x1215b5000, pfn:0x1215b5, nid:0, npages:1]
          cg.C.x-2276  [014]     2.019273: (+1)     bprint:               __handle_mm_fault: NUMAB MEM ACCESS process[nid:0, cpu:14, pid:2276], folio[virt:0x7f1c754c0000, phys:0x113e50000, pfn:0x113e50, nid:0, npages:1]
          cg.C.x-2269  [017]     2.019275: (+2)     bprint:               __handle_mm_fault: NUMAB MEM ACCESS process[nid:1, cpu:17, pid:2269], folio[virt:0x7f1c7549f000, phys:0x1866f50000, pfn:0x1866f50, nid:1, npages:1]
          cg.C.x-2305  [025]     2.019277: (+2)     bprint:               __handle_mm_fault: NUMAB MEM ACCESS process[nid:1, cpu:25, pid:2305], folio[virt:0x7f1c75544000, phys:0x18575a6000, pfn:0x18575a6, nid:1, npages:1]
          cg.C.x-2300  [008]     2.019279: (+2)     bprint:               __handle_mm_fault: NUMAB MEM ACCESS process[nid:0, cpu:8, pid:2300], folio[virt:0x7f1c7552e000, phys:0x150a5a000, pfn:0x150a5a, nid:0, npages:1]
          cg.C.x-2318  [006]     2.019280: (+1)     bprint:               __handle_mm_fault: NUMAB MEM ACCESS process[nid:0, cpu:6, pid:2318], folio[virt:0x7f1c75580000, phys:0x113d61000, pfn:0x113d61, nid:0, npages:1]
          cg.C.x-2314  [058]     2.019281: (+1)     bprint:               __handle_mm_fault: NUMAB MEM ACCESS process[nid:0, cpu:58, pid:2314], folio[virt:0x7f1c7556e000, phys:0x123fd3000, pfn:0x123fd3, nid:0, npages:1]
          cg.C.x-2268  [038]     2.019284: (+3)     bprint:               __handle_mm_fault: NUMAB MEM ACCESS process[nid:0, cpu:38, pid:2268], folio[virt:0x7f1c7549b000, phys:0x113c6f000, pfn:0x113c6f, nid:0, npages:1]
          cg.C.x-2286  [048]     2.019285: (+1)     bprint:               __handle_mm_fault: NUMAB MEM ACCESS process[nid:0, cpu:48, pid:2286], folio[virt:0x7f1c754ee000, phys:0x113cb8000, pfn:0x113cb8, nid:0, npages:1]
          cg.C.x-2296  [036]     2.019287: (+2)     bprint:               __handle_mm_fault: NUMAB COMPLETED MEM MIGR process[nid:0, cpu:36, pid:2296], old[phys:0x18699c5000, nid:1, npages:1], new[phys:0x18699c5000, nid:1, npages:1]
          cg.C.x-2304  [020]     2.019288: (+1)     bprint:               __handle_mm_fault: NUMAB MEM ACCESS process[nid:0, cpu:20, pid:2304], folio[virt:0x7f1c75540000, phys:0x1144fc000, pfn:0x1144fc, nid:0, npages:1]
          cg.C.x-2327  [034]     2.019289: (+1)     bprint:               __handle_mm_fault: NUMAB MEM ACCESS process[nid:0, cpu:34, pid:2327], folio[virt:0x7f1c755a9000, phys:0x15123d000, pfn:0x15123d, nid:0, npages:1]
          cg.C.x-2266  [002]     2.019291: (+2)     bprint:               __handle_mm_fault: NUMAB MEM ACCESS process[nid:0, cpu:2, pid:2266], folio[virt:0x7f1c75492000, phys:0x13be7f000, pfn:0x13be7f, nid:0, npages:1]
          cg.C.x-2272  [059]     2.019292: (+1)     bprint:               __handle_mm_fault: NUMAB MEM ACCESS process[nid:1, cpu:59, pid:2272], folio[virt:0x7f1c754ae000, phys:0x1858589000, pfn:0x1858589, nid:1, npages:1]
          cg.C.x-2274  [062]     2.019294: (+2)     bprint:               __handle_mm_fault: NUMAB MEM ACCESS process[nid:0, cpu:62, pid:2274], folio[virt:0x7f1c754b7000, phys:0x13bfd9000, pfn:0x13bfd9, nid:0, npages:1]
          cg.C.x-2329  [056]     2.019295: (+1)     bprint:               __handle_mm_fault: NUMAB MEM ACCESS process[nid:0, cpu:56, pid:2329], folio[virt:0x7f1c755b3000, phys:0x150048000, pfn:0x150048, nid:0, npages:1]
          cg.C.x-2312  [012]     2.019298: (+3)     bprint:               __handle_mm_fault: NUMAB MEM ACCESS process[nid:0, cpu:12, pid:2312], folio[virt:0x7f1c75565000, phys:0x13bdde000, pfn:0x13bdde, nid:0, npages:1]
          cg.C.x-2321  [023]     2.019299: (+1)     bprint:               __handle_mm_fault: NUMAB MEM ACCESS process[nid:1, cpu:23, pid:2321], folio[virt:0x7f1c7558e000, phys:0x18573a5000, pfn:0x18573a5, nid:1, npages:1]
          cg.C.x-2283  [011]     2.019300: (+1)     bprint:               __handle_mm_fault: NUMAB MEM ACCESS process[nid:1, cpu:11, pid:2283], folio[virt:0x7f1c754e0000, phys:0x185805b000, pfn:0x185805b, nid:1, npages:1]
          cg.C.x-2273  [031]     2.019301: (+1)     bprint:               __handle_mm_fault: NUMAB MEM ACCESS process[nid:1, cpu:31, pid:2273], folio[virt:0x7f1c754b3000, phys:0x1866fce000, pfn:0x1866fce, nid:1, npages:1]
          cg.C.x-2291  [053]     2.019302: (+1)     bprint:               __handle_mm_fault: NUMAB MEM ACCESS process[nid:1, cpu:53, pid:2291], folio[virt:0x7f1c75505000, phys:0x185baa8000, pfn:0x185baa8, nid:1, npages:1]
          cg.C.x-2326  [041]     2.019303: (+1)     bprint:               __handle_mm_fault: NUMAB MEM ACCESS process[nid:1, cpu:41, pid:2326], folio[virt:0x7f1c755a6000, phys:0x185d092000, pfn:0x185d092, nid:1, npages:1]
          cg.C.x-2309  [033]     2.019304: (+1)     bprint:               __handle_mm_fault: NUMAB MEM ACCESS process[nid:1, cpu:33, pid:2309], folio[virt:0x7f1c75557000, phys:0x303f04e000, pfn:0x303f04e, nid:1, npages:1]
          cg.C.x-2319  [007]     2.019306: (+2)     bprint:               __handle_mm_fault: NUMAB MEM ACCESS process[nid:1, cpu:7, pid:2319], folio[virt:0x7f1c75585000, phys:0x186b6a6000, pfn:0x186b6a6, nid:1, npages:1]
          cg.C.x-2294  [000]     2.019306: (+0)     bprint:               __handle_mm_fault: NUMAB COMPLETED MEM MIGR process[nid:0, cpu:0, pid:2294], old[phys:0x185c5d8000, nid:1, npages:1], new[phys:0x185c5d8000, nid:1, npages:1]
          cg.C.x-2281  [009]     2.019307: (+1)     bprint:               __handle_mm_fault: NUMAB MEM ACCESS process[nid:1, cpu:9, pid:2281], folio[virt:0x7f1c754d7000, phys:0x185adc6000, pfn:0x185adc6, nid:1, npages:1]
          cg.C.x-2293  [055]     2.019308: (+1)     bprint:               __handle_mm_fault: NUMAB MEM ACCESS process[nid:1, cpu:55, pid:2293], folio[virt:0x7f1c7550e000, phys:0x186bca8000, pfn:0x186bca8, nid:1, npages:1]
          cg.C.x-2279  [039]     2.019309: (+1)     bprint:               __handle_mm_fault: NUMAB MEM ACCESS process[nid:1, cpu:39, pid:2279], folio[virt:0x7f1c754ce000, phys:0x1864e1c000, pfn:0x1864e1c, nid:1, npages:1]
          cg.C.x-2297  [061]     2.019311: (+2)     bprint:               __handle_mm_fault: NUMAB MEM ACCESS process[nid:1, cpu:61, pid:2297], folio[virt:0x7f1c75520000, phys:0x18556e2000, pfn:0x18556e2, nid:1, npages:1]
          cg.C.x-2284  [026]     2.019311: (+0)     bprint:               __handle_mm_fault: NUMAB COMPLETED MEM MIGR process[nid:0, cpu:26, pid:2284], old[phys:0x185a4c9000, nid:1, npages:1], new[phys:0x185a4c9000, nid:1, npages:1]
          cg.C.x-2323  [005]     2.019312: (+1)     bprint:               __handle_mm_fault: NUMAB MEM ACCESS process[nid:1, cpu:5, pid:2323], folio[virt:0x7f1c75598000, phys:0x186a471000, pfn:0x186a471, nid:1, npages:1]
          cg.C.x-2307  [049]     2.019313: (+1)     bprint:               __handle_mm_fault: NUMAB MEM ACCESS process[nid:1, cpu:49, pid:2307], folio[virt:0x7f1c7554e000, phys:0x185cb41000, pfn:0x185cb41, nid:1, npages:1]
          cg.C.x-2282  [054]     2.019315: (+2)     bprint:               __handle_mm_fault: NUMAB COMPLETED MEM MIGR process[nid:0, cpu:54, pid:2282], old[phys:0x1869c69000, nid:1, npages:1], new[phys:0x1869c69000, nid:1, npages:1]
          cg.C.x-2290  [028]     2.019315: (+0)     bprint:               __handle_mm_fault: NUMAB MEM ACCESS process[nid:0, cpu:28, pid:2290], folio[virt:0x7f1c75501000, phys:0x151dd0000, pfn:0x151dd0, nid:0, npages:1]
          cg.C.x-2316  [060]     2.019316: (+1)     bprint:               __handle_mm_fault: NUMAB MEM ACCESS process[nid:0, cpu:60, pid:2316], folio[virt:0x7f1c75577000, phys:0x1685fe000, pfn:0x1685fe, nid:0, npages:1]
          cg.C.x-2295  [057]     2.019318: (+2)     bprint:               __handle_mm_fault: NUMAB MEM ACCESS process[nid:1, cpu:57, pid:2295], folio[virt:0x7f1c75517000, phys:0x1869989000, pfn:0x1869989, nid:1, npages:1]
          cg.C.x-2320  [022]     2.019318: (+0)     bprint:               __handle_mm_fault: NUMAB COMPLETED MEM MIGR process[nid:0, cpu:22, pid:2320], old[phys:0x1865084000, nid:1, npages:1], new[phys:0x1865084000, nid:1, npages:1]
          cg.C.x-2288  [052]     2.019319: (+1)     bprint:               __handle_mm_fault: NUMAB MEM ACCESS process[nid:0, cpu:52, pid:2288], folio[virt:0x7f1c754f8000, phys:0x13b84e000, pfn:0x13b84e, nid:0, npages:1]
          cg.C.x-2278  [010]     2.019321: (+2)     bprint:               __handle_mm_fault: NUMAB MEM ACCESS process[nid:0, cpu:10, pid:2278], folio[virt:0x7f1c754ca000, phys:0x1215f0000, pfn:0x1215f0, nid:0, npages:1]
          cg.C.x-2310  [046]     2.019321: (+0)     bprint:               __handle_mm_fault: NUMAB COMPLETED MEM MIGR process[nid:0, cpu:46, pid:2310], old[phys:0x185a724000, nid:1, npages:1], new[phys:0x185a724000, nid:1, npages:1]
          cg.C.x-2276  [014]     2.019322: (+1)     bprint:               __handle_mm_fault: NUMAB MEM ACCESS process[nid:0, cpu:14, pid:2276], folio[virt:0x7f1c754c1000, phys:0x113e51000, pfn:0x113e51, nid:0, npages:1]
          cg.C.x-2269  [017]     2.019324: (+2)     bprint:               __handle_mm_fault: NUMAB MEM ACCESS process[nid:1, cpu:17, pid:2269], folio[virt:0x7f1c754a0000, phys:0x1866f51000, pfn:0x1866f51, nid:1, npages:1]
          cg.C.x-2270  [004]     2.019324: (+0)     bprint:               __handle_mm_fault: NUMAB COMPLETED MEM MIGR process[nid:0, cpu:4, pid:2270], old[phys:0x186a44e000, nid:1, npages:1], new[phys:0x186a44e000, nid:1, npages:1]
          cg.C.x-2305  [025]     2.019325: (+1)     bprint:               __handle_mm_fault: NUMAB MEM ACCESS process[nid:1, cpu:25, pid:2305], folio[virt:0x7f1c75545000, phys:0x1857593000, pfn:0x1857593, nid:1, npages:1]
          cg.C.x-2318  [006]     2.019327: (+2)     bprint:               __handle_mm_fault: NUMAB MEM ACCESS process[nid:0, cpu:6, pid:2318], folio[virt:0x7f1c75581000, phys:0x113d3a000, pfn:0x113d3a, nid:0, npages:1]
          cg.C.x-2317  [043]     2.019328: (+1)     bprint:               __handle_mm_fault: NUMAB COMPLETED MEM MIGR process[nid:1, cpu:43, pid:2317], old[phys:0x113d71000, nid:0, npages:1], new[phys:0x113d71000, nid:0, npages:1]
          cg.C.x-2292  [040]     2.019329: (+1)     bprint:               __handle_mm_fault: NUMAB COMPLETED MEM MIGR process[nid:0, cpu:40, pid:2292], old[phys:0x185ba88000, nid:1, npages:1], new[phys:0x185ba88000, nid:1, npages:1]
          cg.C.x-2314  [058]     2.019329: (+0)     bprint:               __handle_mm_fault: NUMAB MEM ACCESS process[nid:0, cpu:58, pid:2314], folio[virt:0x7f1c7556f000, phys:0x110bce000, pfn:0x110bce, nid:0, npages:1]
          cg.C.x-2280  [044]     2.019330: (+1)     bprint:               __handle_mm_fault: NUMAB COMPLETED MEM MIGR process[nid:0, cpu:44, pid:2280], old[phys:0x185b6cb000, nid:1, npages:1], new[phys:0x185b6cb000, nid:1, npages:1]
          cg.C.x-2268  [038]     2.019330: (+0)     bprint:               __handle_mm_fault: NUMAB MEM ACCESS process[nid:0, cpu:38, pid:2268], folio[virt:0x7f1c7549c000, phys:0x113c70000, pfn:0x113c70, nid:0, npages:1]
          cg.C.x-2306  [016]     2.019332: (+2)     bprint:               __handle_mm_fault: NUMAB COMPLETED MEM MIGR process[nid:0, cpu:16, pid:2306], old[phys:0x185c2cd000, nid:1, npages:1], new[phys:0x185c2cd000, nid:1, npages:1]
          cg.C.x-2308  [042]     2.019333: (+1)     bprint:               __handle_mm_fault: NUMAB COMPLETED MEM MIGR process[nid:0, cpu:42, pid:2308], old[phys:0x185c81a000, nid:1, npages:1], new[phys:0x185c81a000, nid:1, npages:1]
          cg.C.x-2327  [034]     2.019333: (+0)     bprint:               __handle_mm_fault: NUMAB MEM ACCESS process[nid:0, cpu:34, pid:2327], folio[virt:0x7f1c755aa000, phys:0x1511f7000, pfn:0x1511f7, nid:0, npages:1]
          cg.C.x-2324  [018]     2.019334: (+1)     bprint:               __handle_mm_fault: NUMAB COMPLETED MEM MIGR process[nid:0, cpu:18, pid:2324], old[phys:0x186ad31000, nid:1, npages:1], new[phys:0x186ad31000, nid:1, npages:1]
          cg.C.x-2266  [002]     2.019335: (+1)     bprint:               __handle_mm_fault: NUMAB MEM ACCESS process[nid:0, cpu:2, pid:2266], folio[virt:0x7f1c75493000, phys:0x139e33000, pfn:0x139e33, nid:0, npages:1]
          cg.C.x-2272  [059]     2.019336: (+1)     bprint:               __handle_mm_fault: NUMAB MEM ACCESS process[nid:1, cpu:59, pid:2272], folio[virt:0x7f1c754af000, phys:0x1858578000, pfn:0x1858578, nid:1, npages:1]
          cg.C.x-2322  [030]     2.019337: (+1)     bprint:               __handle_mm_fault: NUMAB COMPLETED MEM MIGR process[nid:0, cpu:30, pid:2322], old[phys:0x186ac39000, nid:1, npages:1], new[phys:0x186ac39000, nid:1, npages:1]
          cg.C.x-2274  [062]     2.019338: (+1)     bprint:               __handle_mm_fault: NUMAB MEM ACCESS process[nid:0, cpu:62, pid:2274], folio[virt:0x7f1c754b8000, phys:0x111892000, pfn:0x111892, nid:0, npages:1]
          cg.C.x-2329  [056]     2.019339: (+1)     bprint:               __handle_mm_fault: NUMAB MEM ACCESS process[nid:0, cpu:56, pid:2329], folio[virt:0x7f1c755b4000, phys:0x150049000, pfn:0x150049, nid:0, npages:1]
          cg.C.x-2298  [024]     2.019340: (+1)     bprint:               __handle_mm_fault: NUMAB COMPLETED MEM MIGR process[nid:0, cpu:24, pid:2298], old[phys:0x18556e5000, nid:1, npages:1], new[phys:0x18556e5000, nid:1, npages:1]
          cg.C.x-2312  [012]     2.019340: (+0)     bprint:               __handle_mm_fault: NUMAB MEM ACCESS process[nid:0, cpu:12, pid:2312], folio[virt:0x7f1c75566000, phys:0x13bde0000, pfn:0x13bde0, nid:0, npages:1]
          cg.C.x-2321  [023]     2.019342: (+2)     bprint:               __handle_mm_fault: NUMAB MEM ACCESS process[nid:1, cpu:23, pid:2321], folio[virt:0x7f1c7558f000, phys:0x185aef2000, pfn:0x185aef2, nid:1, npages:1]
          cg.C.x-2283  [011]     2.019343: (+1)     bprint:               __handle_mm_fault: NUMAB MEM ACCESS process[nid:1, cpu:11, pid:2283], folio[virt:0x7f1c754e1000, phys:0x18560a0000, pfn:0x18560a0, nid:1, npages:1]
          cg.C.x-2273  [031]     2.019343: (+0)     bprint:               __handle_mm_fault: NUMAB MEM ACCESS process[nid:1, cpu:31, pid:2273], folio[virt:0x7f1c754b4000, phys:0x185b38d000, pfn:0x185b38d, nid:1, npages:1]
          cg.C.x-2291  [053]     2.019344: (+1)     bprint:               __handle_mm_fault: NUMAB MEM ACCESS process[nid:1, cpu:53, pid:2291], folio[virt:0x7f1c75506000, phys:0x186a188000, pfn:0x186a188, nid:1, npages:1]
          cg.C.x-2309  [033]     2.019345: (+1)     bprint:               __handle_mm_fault: NUMAB MEM ACCESS process[nid:1, cpu:33, pid:2309], folio[virt:0x7f1c75558000, phys:0x186526a000, pfn:0x186526a, nid:1, npages:1]
          cg.C.x-2319  [007]     2.019347: (+2)     bprint:               __handle_mm_fault: NUMAB MEM ACCESS process[nid:1, cpu:7, pid:2319], folio[virt:0x7f1c75586000, phys:0x303a027000, pfn:0x303a027, nid:1, npages:1]
          cg.C.x-2281  [009]     2.019348: (+1)     bprint:               __handle_mm_fault: NUMAB MEM ACCESS process[nid:1, cpu:9, pid:2281], folio[virt:0x7f1c754d8000, phys:0x185aff1000, pfn:0x185aff1, nid:1, npages:1]
          cg.C.x-2293  [055]     2.019348: (+0)     bprint:               __handle_mm_fault: NUMAB MEM ACCESS process[nid:1, cpu:55, pid:2293], folio[virt:0x7f1c7550f000, phys:0x186bca9000, pfn:0x186bca9, nid:1, npages:1]
          cg.C.x-2279  [039]     2.019350: (+2)     bprint:               __handle_mm_fault: NUMAB MEM ACCESS process[nid:1, cpu:39, pid:2279], folio[virt:0x7f1c754cf000, phys:0x185b6c4000, pfn:0x185b6c4, nid:1, npages:1]
          cg.C.x-2297  [061]     2.019351: (+1)     bprint:               __handle_mm_fault: NUMAB MEM ACCESS process[nid:1, cpu:61, pid:2297], folio[virt:0x7f1c75521000, phys:0x1866331000, pfn:0x1866331, nid:1, npages:1]
          cg.C.x-2323  [005]     2.019352: (+1)     bprint:               __handle_mm_fault: NUMAB MEM ACCESS process[nid:1, cpu:5, pid:2323], folio[virt:0x7f1c75599000, phys:0x186a481000, pfn:0x186a481, nid:1, npages:1]
          cg.C.x-2307  [049]     2.019353: (+1)     bprint:               __handle_mm_fault: NUMAB MEM ACCESS process[nid:1, cpu:49, pid:2307], folio[virt:0x7f1c7554f000, phys:0x186b746000, pfn:0x186b746, nid:1, npages:1]
          cg.C.x-2295  [057]     2.019355: (+2)     bprint:               __handle_mm_fault: NUMAB MEM ACCESS process[nid:1, cpu:57, pid:2295], folio[virt:0x7f1c75518000, phys:0x18699ad000, pfn:0x18699ad, nid:1, npages:1]
          cg.C.x-2269  [017]     2.019357: (+2)     bprint:               __handle_mm_fault: NUMAB MEM ACCESS process[nid:1, cpu:17, pid:2269], folio[virt:0x7f1c754a1000, phys:0x186a44a000, pfn:0x186a44a, nid:1, npages:1]
          cg.C.x-2305  [025]     2.019358: (+1)     bprint:               __handle_mm_fault: NUMAB MEM ACCESS process[nid:1, cpu:25, pid:2305], folio[virt:0x7f1c75546000, phys:0x1864c4d000, pfn:0x1864c4d, nid:1, npages:1]
          cg.C.x-2318  [006]     2.019360: (+2)     bprint:               __handle_mm_fault: NUMAB MEM ACCESS process[nid:0, cpu:6, pid:2318], folio[virt:0x7f1c75582000, phys:0x113d55000, pfn:0x113d55, nid:0, npages:1]
          cg.C.x-2296  [036]     2.019362: (+2)     bprint:               __handle_mm_fault: NUMAB MEM ACCESS process[nid:0, cpu:36, pid:2296], folio[virt:0x7f1c7551b000, phys:0x12157d000, pfn:0x12157d, nid:0, npages:1]
          cg.C.x-2266  [002]     2.019364: (+2)     bprint:               __handle_mm_fault: NUMAB MEM ACCESS process[nid:0, cpu:2, pid:2266], folio[virt:0x7f1c75494000, phys:0x1508de000, pfn:0x1508de, nid:0, npages:1]
          cg.C.x-2272  [059]     2.019365: (+1)     bprint:               __handle_mm_fault: NUMAB MEM ACCESS process[nid:1, cpu:59, pid:2272], folio[virt:0x7f1c754b0000, phys:0x1858560000, pfn:0x1858560, nid:1, npages:1]
          cg.C.x-2321  [023]     2.019367: (+2)     bprint:               __handle_mm_fault: NUMAB MEM ACCESS process[nid:1, cpu:23, pid:2321], folio[virt:0x7f1c75590000, phys:0x1869097000, pfn:0x1869097, nid:1, npages:1]
          cg.C.x-2283  [011]     2.019368: (+1)     bprint:               __handle_mm_fault: NUMAB MEM ACCESS process[nid:1, cpu:11, pid:2283], folio[virt:0x7f1c754e2000, phys:0x1866ff8000, pfn:0x1866ff8, nid:1, npages:1]
          cg.C.x-2291  [053]     2.019370: (+2)     bprint:               __handle_mm_fault: NUMAB MEM ACCESS process[nid:1, cpu:53, pid:2291], folio[virt:0x7f1c75507000, phys:0x303f01e000, pfn:0x303f01e, nid:1, npages:1]
          cg.C.x-2309  [033]     2.019371: (+1)     bprint:               __handle_mm_fault: NUMAB MEM ACCESS process[nid:1, cpu:33, pid:2309], folio[virt:0x7f1c75559000, phys:0x185a719000, pfn:0x185a719, nid:1, npages:1]
          cg.C.x-2294  [000]     2.019372: (+1)     bprint:               __handle_mm_fault: NUMAB MEM ACCESS process[nid:0, cpu:0, pid:2294], folio[virt:0x7f1c75512000, phys:0x113d12000, pfn:0x113d12, nid:0, npages:1]
          cg.C.x-2319  [007]     2.019373: (+1)     bprint:               __handle_mm_fault: NUMAB MEM ACCESS process[nid:1, cpu:7, pid:2319], folio[virt:0x7f1c75587000, phys:0x185b393000, pfn:0x185b393, nid:1, npages:1]
          cg.C.x-2281  [009]     2.019374: (+1)     bprint:               __handle_mm_fault: NUMAB MEM ACCESS process[nid:1, cpu:9, pid:2281], folio[virt:0x7f1c754d9000, phys:0x1869c67000, pfn:0x1869c67, nid:1, npages:1]
          cg.C.x-2293  [055]     2.019375: (+1)     bprint:               __handle_mm_fault: NUMAB MEM ACCESS process[nid:1, cpu:55, pid:2293], folio[virt:0x7f1c75510000, phys:0x1866090000, pfn:0x1866090, nid:1, npages:1]
          cg.C.x-2279  [039]     2.019377: (+2)     bprint:               __handle_mm_fault: NUMAB MEM ACCESS process[nid:1, cpu:39, pid:2279], folio[virt:0x7f1c754d0000, phys:0x1864e22000, pfn:0x1864e22, nid:1, npages:1]
          cg.C.x-2284  [026]     2.019378: (+1)     bprint:               __handle_mm_fault: NUMAB MEM ACCESS process[nid:0, cpu:26, pid:2284], folio[virt:0x7f1c754e4000, phys:0x111a42000, pfn:0x111a42, nid:0, npages:1]
          cg.C.x-2297  [061]     2.019380: (+2)     bprint:               __handle_mm_fault: NUMAB MEM ACCESS process[nid:1, cpu:61, pid:2297], folio[virt:0x7f1c75522000, phys:0x185832f000, pfn:0x185832f, nid:1, npages:1]
          cg.C.x-2307  [049]     2.019380: (+0)     bprint:               __handle_mm_fault: NUMAB MEM ACCESS process[nid:1, cpu:49, pid:2307], folio[virt:0x7f1c75550000, phys:0x186b747000, pfn:0x186b747, nid:1, npages:1]
          cg.C.x-2295  [057]     2.019381: (+1)     bprint:               __handle_mm_fault: NUMAB MEM ACCESS process[nid:1, cpu:57, pid:2295], folio[virt:0x7f1c75519000, phys:0x18638ae000, pfn:0x18638ae, nid:1, npages:1]
          cg.C.x-2282  [054]     2.019383: (+2)     bprint:               __handle_mm_fault: NUMAB MEM ACCESS process[nid:0, cpu:54, pid:2282], folio[virt:0x7f1c754db000, phys:0x1217dd000, pfn:0x1217dd, nid:0, npages:1]
          cg.C.x-2320  [022]     2.019385: (+2)     bprint:               __handle_mm_fault: NUMAB MEM ACCESS process[nid:0, cpu:22, pid:2320], folio[virt:0x7f1c75589000, phys:0x13b9f2000, pfn:0x13b9f2, nid:0, npages:1]
          cg.C.x-2270  [004]     2.019386: (+1)     bprint:               __handle_mm_fault: NUMAB MEM ACCESS process[nid:0, cpu:4, pid:2270], folio[virt:0x7f1c754a4000, phys:0x16864a000, pfn:0x16864a, nid:0, npages:1]
          cg.C.x-2310  [046]     2.019387: (+1)     bprint:               __handle_mm_fault: NUMAB MEM ACCESS process[nid:0, cpu:46, pid:2310], folio[virt:0x7f1c7555b000, phys:0x114670000, pfn:0x114670, nid:0, npages:1]
          cg.C.x-2269  [017]     2.019388: (+1)     bprint:               __handle_mm_fault: NUMAB MEM ACCESS process[nid:1, cpu:17, pid:2269], folio[virt:0x7f1c754a2000, phys:0x186a44b000, pfn:0x186a44b, nid:1, npages:1]
          cg.C.x-2305  [025]     2.019389: (+1)     bprint:               __handle_mm_fault: NUMAB MEM ACCESS process[nid:1, cpu:25, pid:2305], folio[virt:0x7f1c75547000, phys:0x1855c3c000, pfn:0x1855c3c, nid:1, npages:1]
          cg.C.x-2292  [040]     2.019390: (+1)     bprint:               __handle_mm_fault: NUMAB MEM ACCESS process[nid:0, cpu:40, pid:2292], folio[virt:0x7f1c75509000, phys:0x13be17000, pfn:0x13be17, nid:0, npages:1]
          cg.C.x-2280  [044]     2.019391: (+1)     bprint:               __handle_mm_fault: NUMAB MEM ACCESS process[nid:0, cpu:44, pid:2280], folio[virt:0x7f1c754d2000, phys:0x151c88000, pfn:0x151c88, nid:0, npages:1]
          cg.C.x-2306  [016]     2.019392: (+1)     bprint:               __handle_mm_fault: NUMAB MEM ACCESS process[nid:0, cpu:16, pid:2306], folio[virt:0x7f1c75549000, phys:0x13b922000, pfn:0x13b922, nid:0, npages:1]
          cg.C.x-2296  [036]     2.019394: (+2)     bprint:               __handle_mm_fault: NUMAB MEM ACCESS process[nid:0, cpu:36, pid:2296], folio[virt:0x7f1c7551c000, phys:0x12156c000, pfn:0x12156c, nid:0, npages:1]
          cg.C.x-2308  [042]     2.019395: (+1)     bprint:               __handle_mm_fault: NUMAB MEM ACCESS process[nid:0, cpu:42, pid:2308], folio[virt:0x7f1c75552000, phys:0x139e39000, pfn:0x139e39, nid:0, npages:1]
          cg.C.x-2324  [018]     2.019396: (+1)     bprint:               __handle_mm_fault: NUMAB MEM ACCESS process[nid:0, cpu:18, pid:2324], folio[virt:0x7f1c7559b000, phys:0x123ab0000, pfn:0x123ab0, nid:0, npages:1]
          cg.C.x-2322  [030]     2.019397: (+1)     bprint:               __handle_mm_fault: NUMAB MEM ACCESS process[nid:0, cpu:30, pid:2322], folio[virt:0x7f1c75592000, phys:0x1238b7000, pfn:0x1238b7, nid:0, npages:1]
          cg.C.x-2298  [024]     2.019398: (+1)     bprint:               __handle_mm_fault: NUMAB MEM ACCESS process[nid:0, cpu:24, pid:2298], folio[virt:0x7f1c75524000, phys:0x15102b000, pfn:0x15102b, nid:0, npages:1]
          cg.C.x-2294  [000]     2.019399: (+1)     bprint:               __handle_mm_fault: NUMAB MEM ACCESS process[nid:0, cpu:0, pid:2294], folio[virt:0x7f1c75513000, phys:0x13be4d000, pfn:0x13be4d, nid:0, npages:1]
          cg.C.x-2284  [026]     2.019400: (+1)     bprint:               __handle_mm_fault: NUMAB MEM ACCESS process[nid:0, cpu:26, pid:2284], folio[virt:0x7f1c754e5000, phys:0x111a43000, pfn:0x111a43, nid:0, npages:1]
          cg.C.x-2282  [054]     2.019401: (+1)     bprint:               __handle_mm_fault: NUMAB MEM ACCESS process[nid:0, cpu:54, pid:2282], folio[virt:0x7f1c754dc000, phys:0x1217d6000, pfn:0x1217d6, nid:0, npages:1]
          cg.C.x-2320  [022]     2.019402: (+1)     bprint:               __handle_mm_fault: NUMAB MEM ACCESS process[nid:0, cpu:22, pid:2320], folio[virt:0x7f1c7558a000, phys:0x13b9f3000, pfn:0x13b9f3, nid:0, npages:1]
          cg.C.x-2270  [004]     2.019403: (+1)     bprint:               __handle_mm_fault: NUMAB MEM ACCESS process[nid:0, cpu:4, pid:2270], folio[virt:0x7f1c754a5000, phys:0x1147d0000, pfn:0x1147d0, nid:0, npages:1]
          cg.C.x-2310  [046]     2.019404: (+1)     bprint:               __handle_mm_fault: NUMAB MEM ACCESS process[nid:0, cpu:46, pid:2310], folio[virt:0x7f1c7555c000, phys:0x11473e000, pfn:0x11473e, nid:0, npages:1]
          cg.C.x-2292  [040]     2.019405: (+1)     bprint:               __handle_mm_fault: NUMAB MEM ACCESS process[nid:0, cpu:40, pid:2292], folio[virt:0x7f1c7550a000, phys:0x13be33000, pfn:0x13be33, nid:0, npages:1]
          cg.C.x-2280  [044]     2.019406: (+1)     bprint:               __handle_mm_fault: NUMAB MEM ACCESS process[nid:0, cpu:44, pid:2280], folio[virt:0x7f1c754d3000, phys:0x151c6e000, pfn:0x151c6e, nid:0, npages:1]
          cg.C.x-2306  [016]     2.019406: (+0)     bprint:               __handle_mm_fault: NUMAB MEM ACCESS process[nid:0, cpu:16, pid:2306], folio[virt:0x7f1c7554a000, phys:0x13b923000, pfn:0x13b923, nid:0, npages:1]
          cg.C.x-2296  [036]     2.019407: (+1)     bprint:               __handle_mm_fault: NUMAB MEM ACCESS process[nid:0, cpu:36, pid:2296], folio[virt:0x7f1c7551d000, phys:0x12156d000, pfn:0x12156d, nid:0, npages:1]
          cg.C.x-2308  [042]     2.019408: (+1)     bprint:               __handle_mm_fault: NUMAB MEM ACCESS process[nid:0, cpu:42, pid:2308], folio[virt:0x7f1c75553000, phys:0x139e3a000, pfn:0x139e3a, nid:0, npages:1]
          cg.C.x-2324  [018]     2.019409: (+1)     bprint:               __handle_mm_fault: NUMAB MEM ACCESS process[nid:0, cpu:18, pid:2324], folio[virt:0x7f1c7559c000, phys:0x13bbe1000, pfn:0x13bbe1, nid:0, npages:1]
          cg.C.x-2322  [030]     2.019410: (+1)     bprint:               __handle_mm_fault: NUMAB MEM ACCESS process[nid:0, cpu:30, pid:2322], folio[virt:0x7f1c75593000, phys:0x1238ad000, pfn:0x1238ad, nid:0, npages:1]
          cg.C.x-2298  [024]     2.019411: (+1)     bprint:               __handle_mm_fault: NUMAB MEM ACCESS process[nid:0, cpu:24, pid:2298], folio[virt:0x7f1c75525000, phys:0x111a9e000, pfn:0x111a9e, nid:0, npages:1]
          cg.C.x-2294  [000]     2.019412: (+1)     bprint:               __handle_mm_fault: NUMAB MEM ACCESS process[nid:0, cpu:0, pid:2294], folio[virt:0x7f1c75514000, phys:0x111a49000, pfn:0x111a49, nid:0, npages:1]
          cg.C.x-2284  [026]     2.019413: (+1)     bprint:               __handle_mm_fault: NUMAB MEM ACCESS process[nid:0, cpu:26, pid:2284], folio[virt:0x7f1c754e6000, phys:0x113038000, pfn:0x113038, nid:0, npages:1]
          cg.C.x-2282  [054]     2.019414: (+1)     bprint:               __handle_mm_fault: NUMAB MEM ACCESS process[nid:0, cpu:54, pid:2282], folio[virt:0x7f1c754dd000, phys:0x1217d3000, pfn:0x1217d3, nid:0, npages:1]
          cg.C.x-2320  [022]     2.019415: (+1)     bprint:               __handle_mm_fault: NUMAB MEM ACCESS process[nid:0, cpu:22, pid:2320], folio[virt:0x7f1c7558b000, phys:0x13b9f4000, pfn:0x13b9f4, nid:0, npages:1]
          cg.C.x-2270  [004]     2.019416: (+1)     bprint:               __handle_mm_fault: NUMAB MEM ACCESS process[nid:0, cpu:4, pid:2270], folio[virt:0x7f1c754a6000, phys:0x121d00000, pfn:0x121d00, nid:0, npages:1]
          cg.C.x-2310  [046]     2.019417: (+1)     bprint:               __handle_mm_fault: NUMAB MEM ACCESS process[nid:0, cpu:46, pid:2310], folio[virt:0x7f1c7555d000, phys:0x11473d000, pfn:0x11473d, nid:0, npages:1]
          cg.C.x-2292  [040]     2.019418: (+1)     bprint:               __handle_mm_fault: NUMAB MEM ACCESS process[nid:0, cpu:40, pid:2292], folio[virt:0x7f1c7550b000, phys:0x13be45000, pfn:0x13be45, nid:0, npages:1]
          cg.C.x-2280  [044]     2.019419: (+1)     bprint:               __handle_mm_fault: NUMAB MEM ACCESS process[nid:0, cpu:44, pid:2280], folio[virt:0x7f1c754d4000, phys:0x151c8a000, pfn:0x151c8a, nid:0, npages:1]
          cg.C.x-2306  [016]     2.019419: (+0)     bprint:               __handle_mm_fault: NUMAB MEM ACCESS process[nid:0, cpu:16, pid:2306], folio[virt:0x7f1c7554b000, phys:0x13b924000, pfn:0x13b924, nid:0, npages:1]
          cg.C.x-2308  [042]     2.019420: (+1)     bprint:               __handle_mm_fault: NUMAB MEM ACCESS process[nid:0, cpu:42, pid:2308], folio[virt:0x7f1c75554000, phys:0x139e3b000, pfn:0x139e3b, nid:0, npages:1]
          cg.C.x-2324  [018]     2.019421: (+1)     bprint:               __handle_mm_fault: NUMAB MEM ACCESS process[nid:0, cpu:18, pid:2324], folio[virt:0x7f1c7559d000, phys:0x123ab3000, pfn:0x123ab3, nid:0, npages:1]
          cg.C.x-2322  [030]     2.019422: (+1)     bprint:               __handle_mm_fault: NUMAB MEM ACCESS process[nid:0, cpu:30, pid:2322], folio[virt:0x7f1c75594000, phys:0x1238a9000, pfn:0x1238a9, nid:0, npages:1]
          cg.C.x-2298  [024]     2.019423: (+1)     bprint:               __handle_mm_fault: NUMAB MEM ACCESS process[nid:0, cpu:24, pid:2298], folio[virt:0x7f1c75526000, phys:0x111a9f000, pfn:0x111a9f, nid:0, npages:1]
          cg.C.x-2294  [000]     2.053524: (+34101) sched_waking:         comm=kworker/0:1 pid=10 prio=120 target_cpu=000
          cg.C.x-2294  [000]     2.053532: (+8)     sched_wakeup:         kworker/0:1:10 [120] CPU:000
          cg.C.x-2294  [000]     2.053539: (+7)     sched_switch:         cg.C.x:2294 [120] R ==> kworker/0:1:10 [120]
     kworker/0:1-10    [000]     2.053599: (+60)    sched_switch:         kworker/0:1:10 [120] I ==> cg.C.x:2294 [120]
          cg.C.x-2295  [057]     2.059230: (+5631)  sched_waking:         comm=ntpd pid=1808 prio=0 target_cpu=057
          cg.C.x-2295  [057]     2.059242: (+12)    sched_wakeup:         ntpd:1808 [0] CPU:057
          cg.C.x-2295  [057]     2.059251: (+9)     sched_switch:         cg.C.x:2295 [120] R ==> ntpd:1808 [0]
            ntpd-1808  [057]     2.059313: (+62)    sched_switch:         ntpd:1808 [0] S ==> cg.C.x:2295 [120]
          cg.C.x-2299  [063]     2.077523: (+18210) sched_waking:         comm=kworker/63:1 pid=597 prio=120 target_cpu=063
          cg.C.x-2299  [063]     2.077533: (+10)    sched_wakeup:         kworker/63:1:597 [120] CPU:063
          cg.C.x-2299  [063]     2.081527: (+3994)  sched_switch:         cg.C.x:2299 [120] R ==> kworker/63:1:597 [120]
    kworker/63:1-597   [063]     2.081544: (+17)    sched_switch:         kworker/63:1:597 [120] I ==> cg.C.x:2299 [120]
          cg.C.x-2266  [002]     2.094513: (+12969) sched_waking:         comm=kworker/u129:22 pid=448 prio=120 target_cpu=006
          cg.C.x-2266  [002]     2.094521: (+8)     sched_wakeup:         kworker/u129:22:448 [120] CPU:006
          cg.C.x-2318  [006]     2.094528: (+7)     sched_switch:         cg.C.x:2318 [120] R ==> kworker/u129:22:448 [120]
 kworker/u129:22-448   [006]     2.094535: (+7)     sched_waking:         comm=sshd pid=2006 prio=120 target_cpu=002
 kworker/u129:22-448   [006]     2.094543: (+8)     sched_wakeup:         sshd:2006 [120] CPU:002
          cg.C.x-2266  [002]     2.094546: (+3)     sched_switch:         cg.C.x:2266 [120] R ==> sshd:2006 [120]
 kworker/u129:22-448   [006]     2.094547: (+1)     sched_switch:         kworker/u129:22:448 [120] I ==> cg.C.x:2318 [120]
            sshd-2006  [002]     2.094680: (+133)   sched_switch:         sshd:2006 [120] S ==> cg.C.x:2266 [120]
          cg.C.x-2316  [060]     2.109518: (+14838) sched_waking:         comm=kworker/60:1 pid=639 prio=120 target_cpu=060
          cg.C.x-2297  [061]     2.109520: (+2)     sched_waking:         comm=kworker/61:1 pid=596 prio=120 target_cpu=061
          cg.C.x-2316  [060]     2.109527: (+7)     sched_wakeup:         kworker/60:1:639 [120] CPU:060
          cg.C.x-2297  [061]     2.109528: (+1)     sched_wakeup:         kworker/61:1:596 [120] CPU:061
          cg.C.x-2274  [062]     2.113517: (+3989)  sched_waking:         comm=kworker/62:1 pid=593 prio=120 target_cpu=062
          cg.C.x-2316  [060]     2.113522: (+5)     sched_switch:         cg.C.x:2316 [120] R ==> kworker/60:1:639 [120]
          cg.C.x-2274  [062]     2.113523: (+1)     sched_wakeup:         kworker/62:1:593 [120] CPU:062
          cg.C.x-2297  [061]     2.113525: (+2)     sched_switch:         cg.C.x:2297 [120] R ==> kworker/61:1:596 [120]
          cg.C.x-2274  [062]     2.113527: (+2)     sched_switch:         cg.C.x:2274 [120] R ==> kworker/62:1:593 [120]
    kworker/60:1-639   [060]     2.113535: (+8)     sched_switch:         kworker/60:1:639 [120] I ==> cg.C.x:2316 [120]
    kworker/62:1-593   [062]     2.113536: (+1)     sched_switch:         kworker/62:1:593 [120] I ==> cg.C.x:2274 [120]
    kworker/61:1-596   [061]     2.113540: (+4)     sched_switch:         kworker/61:1:596 [120] I ==> cg.C.x:2297 [120]
          cg.C.x-2281  [009]     2.145514: (+31974) sched_waking:         comm=kworker/u130:19 pid=438 prio=120 target_cpu=041
          cg.C.x-2295  [057]     2.145514: (+0)     sched_waking:         comm=kworker/57:2 pid=1834 prio=120 target_cpu=057
          cg.C.x-2272  [059]     2.145514: (+0)     sched_waking:         comm=kworker/59:2 pid=1568 prio=120 target_cpu=059
          cg.C.x-2314  [058]     2.145514: (+0)     sched_waking:         comm=kworker/58:1 pid=592 prio=120 target_cpu=058
          cg.C.x-2281  [009]     2.145519: (+5)     sched_migrate_task:   comm=kworker/u130:19 pid=438 prio=120 orig_cpu=41 dest_cpu=9
          cg.C.x-2272  [059]     2.145522: (+3)     sched_wakeup:         kworker/59:2:1568 [120] CPU:059
          cg.C.x-2314  [058]     2.145522: (+0)     sched_wakeup:         kworker/58:1:592 [120] CPU:058
          cg.C.x-2295  [057]     2.145522: (+0)     sched_wakeup:         kworker/57:2:1834 [120] CPU:057
          cg.C.x-2281  [009]     2.145523: (+1)     sched_wakeup:         kworker/u130:19:438 [120] CPU:009
          cg.C.x-2295  [057]     2.145530: (+7)     sched_switch:         cg.C.x:2295 [120] R ==> kworker/57:2:1834 [120]
          cg.C.x-2272  [059]     2.145530: (+0)     sched_switch:         cg.C.x:2272 [120] R ==> kworker/59:2:1568 [120]
    kworker/57:2-1834  [057]     2.145543: (+13)    sched_switch:         kworker/57:2:1834 [120] I ==> cg.C.x:2295 [120]
    kworker/59:2-1568  [059]     2.145543: (+0)     sched_switch:         kworker/59:2:1568 [120] I ==> cg.C.x:2272 [120]
          cg.C.x-2314  [058]     2.149519: (+3976)  sched_switch:         cg.C.x:2314 [120] R ==> kworker/58:1:592 [120]
          cg.C.x-2281  [009]     2.149519: (+0)     sched_switch:         cg.C.x:2281 [120] R ==> kworker/u130:19:438 [120]
    kworker/58:1-592   [058]     2.149534: (+15)    sched_switch:         kworker/58:1:592 [120] I ==> cg.C.x:2314 [120]
 kworker/u130:19-438   [009]     2.149555: (+21)    sched_switch:         kworker/u130:19:438 [120] I ==> cg.C.x:2281 [120]
          cg.C.x-2319  [007]     2.173512: (+23957) sched_waking:         comm=kworker/7:2 pid=1595 prio=120 target_cpu=007
          cg.C.x-2293  [055]     2.173512: (+0)     sched_waking:         comm=kworker/55:1 pid=744 prio=120 target_cpu=055
          cg.C.x-2293  [055]     2.173520: (+8)     sched_wakeup:         kworker/55:1:744 [120] CPU:055
          cg.C.x-2319  [007]     2.173520: (+0)     sched_wakeup:         kworker/7:2:1595 [120] CPU:007
          cg.C.x-2319  [007]     2.173527: (+7)     sched_switch:         cg.C.x:2319 [120] R ==> kworker/7:2:1595 [120]
          cg.C.x-2293  [055]     2.173528: (+1)     sched_switch:         cg.C.x:2293 [120] R ==> kworker/55:1:744 [120]
    kworker/55:1-744   [055]     2.173545: (+17)    sched_switch:         kworker/55:1:744 [120] I ==> cg.C.x:2293 [120]
     kworker/7:2-1595  [007]     2.173557: (+12)    sched_switch:         kworker/7:2:1595 [120] I ==> cg.C.x:2319 [120]
          cg.C.x-2329  [056]     2.177511: (+3954)  sched_waking:         comm=kworker/56:1 pid=747 prio=120 target_cpu=056
          cg.C.x-2329  [056]     2.177519: (+8)     sched_wakeup:         kworker/56:1:747 [120] CPU:056
          cg.C.x-2329  [056]     2.177526: (+7)     sched_switch:         cg.C.x:2329 [120] R ==> kworker/56:1:747 [120]
    kworker/56:1-747   [056]     2.177553: (+27)    sched_switch:         kworker/56:1:747 [120] I ==> cg.C.x:2329 [120]
          cg.C.x-2288  [052]     2.209506: (+31953) sched_waking:         comm=kworker/52:1 pid=740 prio=120 target_cpu=052
          cg.C.x-2282  [054]     2.209506: (+0)     sched_waking:         comm=kworker/54:0 pid=343 prio=120 target_cpu=054
          cg.C.x-2291  [053]     2.209507: (+1)     sched_waking:         comm=kworker/53:1 pid=594 prio=120 target_cpu=053
          cg.C.x-2282  [054]     2.209515: (+8)     sched_wakeup:         kworker/54:0:343 [120] CPU:054
          cg.C.x-2291  [053]     2.209515: (+0)     sched_wakeup:         kworker/53:1:594 [120] CPU:053
          cg.C.x-2288  [052]     2.209515: (+0)     sched_wakeup:         kworker/52:1:740 [120] CPU:052
          cg.C.x-2282  [054]     2.209522: (+7)     sched_switch:         cg.C.x:2282 [120] R ==> kworker/54:0:343 [120]
          cg.C.x-2291  [053]     2.209523: (+1)     sched_switch:         cg.C.x:2291 [120] R ==> kworker/53:1:594 [120]
    kworker/54:0-343   [054]     2.209535: (+12)    sched_switch:         kworker/54:0:343 [120] I ==> cg.C.x:2282 [120]
    kworker/53:1-594   [053]     2.209536: (+1)     sched_switch:         kworker/53:1:594 [120] I ==> cg.C.x:2291 [120]
          cg.C.x-2288  [052]     2.213512: (+3976)  sched_switch:         cg.C.x:2288 [120] R ==> kworker/52:1:740 [120]
    kworker/52:1-740   [052]     2.213524: (+12)    sched_switch:         kworker/52:1:740 [120] I ==> cg.C.x:2288 [120]
          cg.C.x-2266  [002]     2.216486: (+2962)  sched_waking:         comm=kworker/u129:22 pid=448 prio=120 target_cpu=006
          cg.C.x-2266  [002]     2.216492: (+6)     sched_wakeup:         kworker/u129:22:448 [120] CPU:006
          cg.C.x-2318  [006]     2.216497: (+5)     sched_switch:         cg.C.x:2318 [120] R ==> kworker/u129:22:448 [120]
 kworker/u129:22-448   [006]     2.216503: (+6)     sched_waking:         comm=sshd pid=2006 prio=120 target_cpu=002
 kworker/u129:22-448   [006]     2.216505: (+2)     sched_migrate_task:   comm=sshd pid=2006 prio=120 orig_cpu=2 dest_cpu=6
 kworker/u129:22-448   [006]     2.216510: (+5)     sched_wakeup:         sshd:2006 [120] CPU:006
 kworker/u129:22-448   [006]     2.216513: (+3)     sched_switch:         kworker/u129:22:448 [120] I ==> sshd:2006 [120]
            sshd-2006  [006]     2.216611: (+98)    sched_switch:         sshd:2006 [120] S ==> cg.C.x:2318 [120]
          cg.C.x-2289  [051]     2.237505: (+20894) sched_waking:         comm=kworker/51:0 pid=325 prio=120 target_cpu=051
          cg.C.x-2307  [049]     2.237505: (+0)     sched_waking:         comm=kworker/49:1 pid=741 prio=120 target_cpu=049
          cg.C.x-2307  [049]     2.237515: (+10)    sched_wakeup:         kworker/49:1:741 [120] CPU:049
          cg.C.x-2289  [051]     2.237516: (+1)     sched_wakeup:         kworker/51:0:325 [120] CPU:051
          cg.C.x-2267  [050]     2.241504: (+3988)  sched_waking:         comm=kworker/50:1 pid=739 prio=120 target_cpu=050
          cg.C.x-2307  [049]     2.241508: (+4)     sched_switch:         cg.C.x:2307 [120] R ==> kworker/49:1:741 [120]
          cg.C.x-2289  [051]     2.241508: (+0)     sched_switch:         cg.C.x:2289 [120] R ==> kworker/51:0:325 [120]
          cg.C.x-2267  [050]     2.241512: (+4)     sched_wakeup:         kworker/50:1:739 [120] CPU:050
          cg.C.x-2267  [050]     2.241518: (+6)     sched_switch:         cg.C.x:2267 [120] R ==> kworker/50:1:739 [120]
    kworker/51:0-325   [051]     2.241524: (+6)     sched_switch:         kworker/51:0:325 [120] I ==> cg.C.x:2289 [120]
    kworker/49:1-741   [049]     2.241524: (+0)     sched_switch:         kworker/49:1:741 [120] I ==> cg.C.x:2307 [120]
    kworker/50:1-739   [050]     2.241532: (+8)     sched_switch:         kworker/50:1:739 [120] I ==> cg.C.x:2267 [120]
          cg.C.x-2294  [000]     2.261501: (+19969) sched_waking:         comm=kworker/0:1 pid=10 prio=120 target_cpu=000
          cg.C.x-2294  [000]     2.261507: (+6)     sched_wakeup:         kworker/0:1:10 [120] CPU:000
          cg.C.x-2294  [000]     2.261513: (+6)     sched_switch:         cg.C.x:2294 [120] R ==> kworker/0:1:10 [120]
     kworker/0:1-10    [000]     2.261566: (+53)    sched_switch:         kworker/0:1:10 [120] I ==> cg.C.x:2294 [120]
          cg.C.x-2288  [052]     2.265499: (+3933)  sched_waking:         comm=rcu_preempt pid=17 prio=120 target_cpu=050
          cg.C.x-2288  [052]     2.265508: (+9)     sched_wakeup:         rcu_preempt:17 [120] CPU:050
          cg.C.x-2267  [050]     2.265513: (+5)     sched_switch:         cg.C.x:2267 [120] R ==> rcu_preempt:17 [120]
     rcu_preempt-17    [050]     2.265522: (+9)     sched_switch:         rcu_preempt:17 [120] I ==> cg.C.x:2267 [120]
          cg.C.x-2286  [048]     2.269499: (+3977)  sched_waking:         comm=kworker/48:1 pid=738 prio=120 target_cpu=048
          cg.C.x-2311  [047]     2.269499: (+0)     sched_waking:         comm=kworker/47:1 pid=571 prio=120 target_cpu=047
          cg.C.x-2286  [048]     2.269506: (+7)     sched_wakeup:         kworker/48:1:738 [120] CPU:048
          cg.C.x-2311  [047]     2.269508: (+2)     sched_wakeup:         kworker/47:1:571 [120] CPU:047
          cg.C.x-2311  [047]     2.269515: (+7)     sched_switch:         cg.C.x:2311 [120] R ==> kworker/47:1:571 [120]
    kworker/47:1-571   [047]     2.269529: (+14)    sched_switch:         kworker/47:1:571 [120] I ==> cg.C.x:2311 [120]
          cg.C.x-2267  [050]     2.273497: (+3968)  sched_waking:         comm=rcu_preempt pid=17 prio=120 target_cpu=050
          cg.C.x-2267  [050]     2.273502: (+5)     sched_wakeup:         rcu_preempt:17 [120] CPU:050
          cg.C.x-2286  [048]     2.273505: (+3)     sched_switch:         cg.C.x:2286 [120] R ==> kworker/48:1:738 [120]
