    kworker/48:1-738   [048]     2.273519: (+14)    sched_switch:         kworker/48:1:738 [120] I ==> cg.C.x:2286 [120]
          cg.C.x-2267  [050]     2.277500: (+3981)  sched_switch:         cg.C.x:2267 [120] R ==> rcu_preempt:17 [120]
     rcu_preempt-17    [050]     2.277513: (+13)    sched_switch:         rcu_preempt:17 [120] I ==> cg.C.x:2267 [120]
          cg.C.x-2267  [050]     2.289495: (+11982) sched_waking:         comm=rcu_preempt pid=17 prio=120 target_cpu=050
          cg.C.x-2267  [050]     2.289501: (+6)     sched_wakeup:         rcu_preempt:17 [120] CPU:050
          cg.C.x-2267  [050]     2.289506: (+5)     sched_switch:         cg.C.x:2267 [120] R ==> rcu_preempt:17 [120]
     rcu_preempt-17    [050]     2.289514: (+8)     sched_switch:         rcu_preempt:17 [120] I ==> cg.C.x:2267 [120]
          cg.C.x-2267  [050]     2.297493: (+7979)  sched_waking:         comm=rcu_preempt pid=17 prio=120 target_cpu=050
          cg.C.x-2267  [050]     2.297499: (+6)     sched_wakeup:         rcu_preempt:17 [120] CPU:050
          cg.C.x-2267  [050]     2.297503: (+4)     sched_switch:         cg.C.x:2267 [120] R ==> rcu_preempt:17 [120]
     rcu_preempt-17    [050]     2.297510: (+7)     sched_switch:         rcu_preempt:17 [120] I ==> cg.C.x:2267 [120]
          cg.C.x-2280  [044]     2.301494: (+3984)  sched_waking:         comm=kworker/44:1 pid=736 prio=120 target_cpu=044
          cg.C.x-2310  [046]     2.301495: (+1)     sched_waking:         comm=kworker/46:1 pid=737 prio=120 target_cpu=046
          cg.C.x-2296  [036]     2.301495: (+0)     sched_waking:         comm=rcu_preempt pid=17 prio=120 target_cpu=050
          cg.C.x-2285  [045]     2.301497: (+2)     sched_waking:         comm=kworker/45:1 pid=517 prio=120 target_cpu=045
          cg.C.x-2310  [046]     2.301502: (+5)     sched_wakeup:         kworker/46:1:737 [120] CPU:046
          cg.C.x-2296  [036]     2.301502: (+0)     sched_wakeup:         rcu_preempt:17 [120] CPU:050
          cg.C.x-2280  [044]     2.301502: (+0)     sched_wakeup:         kworker/44:1:736 [120] CPU:044
          cg.C.x-2285  [045]     2.301503: (+1)     sched_wakeup:         kworker/45:1:517 [120] CPU:045
          cg.C.x-2267  [050]     2.301506: (+3)     sched_switch:         cg.C.x:2267 [120] R ==> rcu_preempt:17 [120]
          cg.C.x-2310  [046]     2.301506: (+0)     sched_switch:         cg.C.x:2310 [120] R ==> kworker/46:1:737 [120]
          cg.C.x-2280  [044]     2.301506: (+0)     sched_switch:         cg.C.x:2280 [120] R ==> kworker/44:1:736 [120]
          cg.C.x-2285  [045]     2.301508: (+2)     sched_switch:         cg.C.x:2285 [120] R ==> kworker/45:1:517 [120]
     rcu_preempt-17    [050]     2.301515: (+7)     sched_switch:         rcu_preempt:17 [120] I ==> cg.C.x:2267 [120]
    kworker/46:1-737   [046]     2.301518: (+3)     sched_switch:         kworker/46:1:737 [120] I ==> cg.C.x:2310 [120]
    kworker/44:1-736   [044]     2.301518: (+0)     sched_switch:         kworker/44:1:736 [120] I ==> cg.C.x:2280 [120]
    kworker/45:1-517   [045]     2.301521: (+3)     sched_switch:         kworker/45:1:517 [120] I ==> cg.C.x:2285 [120]
          cg.C.x-2308  [042]     2.333494: (+31973) sched_waking:         comm=kworker/42:1 pid=735 prio=120 target_cpu=042
          cg.C.x-2326  [041]     2.333494: (+0)     sched_waking:         comm=kworker/41:1 pid=501 prio=120 target_cpu=041
          cg.C.x-2308  [042]     2.333500: (+6)     sched_wakeup:         kworker/42:1:735 [120] CPU:042
          cg.C.x-2326  [041]     2.333502: (+2)     sched_wakeup:         kworker/41:1:501 [120] CPU:041
          cg.C.x-2308  [042]     2.333506: (+4)     sched_switch:         cg.C.x:2308 [120] R ==> kworker/42:1:735 [120]
          cg.C.x-2326  [041]     2.333509: (+3)     sched_switch:         cg.C.x:2326 [120] R ==> kworker/41:1:501 [120]
    kworker/42:1-735   [042]     2.333517: (+8)     sched_switch:         kworker/42:1:735 [120] I ==> cg.C.x:2308 [120]
    kworker/41:1-501   [041]     2.333521: (+4)     sched_switch:         kworker/41:1:501 [120] I ==> cg.C.x:2326 [120]
          cg.C.x-2317  [043]     2.337492: (+3971)  sched_waking:         comm=kworker/43:1 pid=575 prio=120 target_cpu=043
          cg.C.x-2317  [043]     2.337502: (+10)    sched_wakeup:         kworker/43:1:575 [120] CPU:043
          cg.C.x-2317  [043]     2.337509: (+7)     sched_switch:         cg.C.x:2317 [120] R ==> kworker/43:1:575 [120]
    kworker/43:1-575   [043]     2.337523: (+14)    sched_switch:         kworker/43:1:575 [120] I ==> cg.C.x:2317 [120]
          cg.C.x-2266  [002]     2.338461: (+938)   sched_waking:         comm=kworker/u129:22 pid=448 prio=120 target_cpu=006
          cg.C.x-2266  [002]     2.338463: (+2)     sched_migrate_task:   comm=kworker/u129:22 pid=448 prio=120 orig_cpu=6 dest_cpu=2
          cg.C.x-2266  [002]     2.338469: (+6)     sched_wakeup:         kworker/u129:22:448 [120] CPU:002
          cg.C.x-2266  [002]     2.338474: (+5)     sched_switch:         cg.C.x:2266 [120] R ==> kworker/u129:22:448 [120]
 kworker/u129:22-448   [002]     2.338480: (+6)     sched_waking:         comm=sshd pid=2006 prio=120 target_cpu=006
 kworker/u129:22-448   [002]     2.338482: (+2)     sched_migrate_task:   comm=sshd pid=2006 prio=120 orig_cpu=6 dest_cpu=2
 kworker/u129:22-448   [002]     2.338486: (+4)     sched_wakeup:         sshd:2006 [120] CPU:002
 kworker/u129:22-448   [002]     2.338489: (+3)     sched_switch:         kworker/u129:22:448 [120] I ==> sshd:2006 [120]
            sshd-2006  [002]     2.338580: (+91)    sched_switch:         sshd:2006 [120] S ==> cg.C.x:2266 [120]
          cg.C.x-2266  [002]     2.338582: (+2)     sched_waking:         comm=kworker/u129:22 pid=448 prio=120 target_cpu=002
          cg.C.x-2266  [002]     2.338583: (+1)     sched_wakeup:         kworker/u129:22:448 [120] CPU:002
          cg.C.x-2266  [002]     2.338585: (+2)     sched_switch:         cg.C.x:2266 [120] R ==> kworker/u129:22:448 [120]
 kworker/u129:22-448   [002]     2.338586: (+1)     sched_waking:         comm=sshd pid=2006 prio=120 target_cpu=002
 kworker/u129:22-448   [002]     2.338588: (+2)     sched_wakeup:         sshd:2006 [120] CPU:002
 kworker/u129:22-448   [002]     2.338589: (+1)     sched_switch:         kworker/u129:22:448 [120] I ==> sshd:2006 [120]
            sshd-2006  [002]     2.338612: (+23)    sched_switch:         sshd:2006 [120] S ==> cg.C.x:2266 [120]
          cg.C.x-2292  [040]     2.365488: (+26876) sched_waking:         comm=kworker/40:1 pid=729 prio=120 target_cpu=040
          cg.C.x-2279  [039]     2.365489: (+1)     sched_waking:         comm=kworker/39:1 pid=560 prio=120 target_cpu=039
          cg.C.x-2292  [040]     2.365496: (+7)     sched_wakeup:         kworker/40:1:729 [120] CPU:040
          cg.C.x-2279  [039]     2.365500: (+4)     sched_wakeup:         kworker/39:1:560 [120] CPU:039
          cg.C.x-2292  [040]     2.365505: (+5)     sched_switch:         cg.C.x:2292 [120] R ==> kworker/40:1:729 [120]
          cg.C.x-2279  [039]     2.365508: (+3)     sched_switch:         cg.C.x:2279 [120] R ==> kworker/39:1:560 [120]
    kworker/39:1-560   [039]     2.365526: (+18)    sched_switch:         kworker/39:1:560 [120] I ==> cg.C.x:2279 [120]
    kworker/40:1-729   [040]     2.365548: (+22)    sched_switch:         kworker/40:1:729 [120] I ==> cg.C.x:2292 [120]
          cg.C.x-2294  [000]     2.397483: (+31935) sched_waking:         comm=kworker/0:1 pid=10 prio=120 target_cpu=000
          cg.C.x-2296  [036]     2.397485: (+2)     sched_waking:         comm=kworker/36:2 pid=1090 prio=120 target_cpu=036
          cg.C.x-2277  [037]     2.397487: (+2)     sched_waking:         comm=kworker/37:1 pid=595 prio=120 target_cpu=037
          cg.C.x-2294  [000]     2.397489: (+2)     sched_wakeup:         kworker/0:1:10 [120] CPU:000
          cg.C.x-2296  [036]     2.397489: (+0)     sched_wakeup:         kworker/36:2:1090 [120] CPU:036
          cg.C.x-2277  [037]     2.397494: (+5)     sched_wakeup:         kworker/37:1:595 [120] CPU:037
          cg.C.x-2294  [000]     2.397495: (+1)     sched_switch:         cg.C.x:2294 [120] R ==> kworker/0:1:10 [120]
          cg.C.x-2277  [037]     2.397502: (+7)     sched_switch:         cg.C.x:2277 [120] R ==> kworker/37:1:595 [120]
     kworker/0:1-10    [000]     2.397509: (+7)     sched_switch:         kworker/0:1:10 [120] I ==> cg.C.x:2294 [120]
    kworker/37:1-595   [037]     2.397517: (+8)     sched_switch:         kworker/37:1:595 [120] I ==> cg.C.x:2277 [120]
          cg.C.x-2268  [038]     2.401484: (+3967)  sched_waking:         comm=kworker/38:0 pid=247 prio=120 target_cpu=038
          cg.C.x-2296  [036]     2.401488: (+4)     sched_switch:         cg.C.x:2296 [120] R ==> kworker/36:2:1090 [120]
          cg.C.x-2268  [038]     2.401491: (+3)     sched_wakeup:         kworker/38:0:247 [120] CPU:038
    kworker/36:2-1090  [036]     2.401501: (+10)    sched_switch:         kworker/36:2:1090 [120] I ==> cg.C.x:2296 [120]
          cg.C.x-2268  [038]     2.405490: (+3989)  sched_switch:         cg.C.x:2268 [120] R ==> kworker/38:0:247 [120]
    kworker/38:0-247   [038]     2.405501: (+11)    sched_switch:         kworker/38:0:247 [120] I ==> cg.C.x:2268 [120]
          cg.C.x-2309  [033]     2.429483: (+23982) sched_waking:         comm=kworker/33:1 pid=482 prio=120 target_cpu=033
          cg.C.x-2309  [033]     2.429494: (+11)    sched_wakeup:         kworker/33:1:482 [120] CPU:033
          cg.C.x-2309  [033]     2.429502: (+8)     sched_switch:         cg.C.x:2309 [120] R ==> kworker/33:1:482 [120]
    kworker/33:1-482   [033]     2.429516: (+14)    sched_switch:         kworker/33:1:482 [120] I ==> cg.C.x:2309 [120]
          cg.C.x-2327  [034]     2.433480: (+3964)  sched_waking:         comm=kworker/34:0 pid=223 prio=120 target_cpu=034
          cg.C.x-2315  [035]     2.433480: (+0)     sched_waking:         comm=kworker/35:2 pid=1033 prio=120 target_cpu=035
          cg.C.x-2315  [035]     2.433488: (+8)     sched_wakeup:         kworker/35:2:1033 [120] CPU:035
          cg.C.x-2327  [034]     2.433488: (+0)     sched_wakeup:         kworker/34:0:223 [120] CPU:034
          cg.C.x-2315  [035]     2.433496: (+8)     sched_switch:         cg.C.x:2315 [120] R ==> kworker/35:2:1033 [120]
    kworker/35:2-1033  [035]     2.433512: (+16)    sched_switch:         kworker/35:2:1033 [120] I ==> cg.C.x:2315 [120]
          cg.C.x-2327  [034]     2.437484: (+3972)  sched_switch:         cg.C.x:2327 [120] R ==> kworker/34:0:223 [120]
    kworker/34:0-223   [034]     2.437495: (+11)    sched_switch:         kworker/34:0:223 [120] I ==> cg.C.x:2327 [120]
          cg.C.x-2266  [002]     2.460416: (+22921) sched_waking:         comm=kworker/u129:22 pid=448 prio=120 target_cpu=002
          cg.C.x-2266  [002]     2.460424: (+8)     sched_wakeup:         kworker/u129:22:448 [120] CPU:002
          cg.C.x-2266  [002]     2.460430: (+6)     sched_switch:         cg.C.x:2266 [120] R ==> kworker/u129:22:448 [120]
 kworker/u129:22-448   [002]     2.460435: (+5)     sched_waking:         comm=sshd pid=2006 prio=120 target_cpu=002
 kworker/u129:22-448   [002]     2.460438: (+3)     sched_wakeup:         sshd:2006 [120] CPU:002
 kworker/u129:22-448   [002]     2.460442: (+4)     sched_switch:         kworker/u129:22:448 [120] I ==> sshd:2006 [120]
            sshd-2006  [002]     2.460534: (+92)    sched_switch:         sshd:2006 [120] S ==> cg.C.x:2266 [120]
          cg.C.x-2266  [002]     2.460535: (+1)     sched_waking:         comm=kworker/u129:22 pid=448 prio=120 target_cpu=002
          cg.C.x-2266  [002]     2.460536: (+1)     sched_wakeup:         kworker/u129:22:448 [120] CPU:002
          cg.C.x-2266  [002]     2.460539: (+3)     sched_switch:         cg.C.x:2266 [120] R ==> kworker/u129:22:448 [120]
 kworker/u129:22-448   [002]     2.460540: (+1)     sched_waking:         comm=sshd pid=2006 prio=120 target_cpu=002
 kworker/u129:22-448   [002]     2.460542: (+2)     sched_wakeup:         sshd:2006 [120] CPU:002
 kworker/u129:22-448   [002]     2.460543: (+1)     sched_switch:         kworker/u129:22:448 [120] I ==> sshd:2006 [120]
            sshd-2006  [002]     2.460566: (+23)    sched_switch:         sshd:2006 [120] S ==> cg.C.x:2266 [120]
          cg.C.x-2302  [032]     2.461474: (+908)   sched_waking:         comm=kworker/32:1 pid=486 prio=120 target_cpu=032
          cg.C.x-2273  [031]     2.461476: (+2)     sched_waking:         comm=kcompactd1 pid=475 prio=120 target_cpu=031
          cg.C.x-2302  [032]     2.461480: (+4)     sched_wakeup:         kworker/32:1:486 [120] CPU:032
          cg.C.x-2302  [032]     2.461483: (+3)     sched_switch:         cg.C.x:2302 [120] R ==> kworker/32:1:486 [120]
          cg.C.x-2273  [031]     2.461485: (+2)     sched_wakeup:         kcompactd1:475 [120] CPU:031
          cg.C.x-2273  [031]     2.461488: (+3)     sched_waking:         comm=kworker/u128:1 pid=1050 prio=120 target_cpu=027
          cg.C.x-2273  [031]     2.461491: (+3)     sched_migrate_task:   comm=kworker/u128:1 pid=1050 prio=120 orig_cpu=27 dest_cpu=31
    kworker/32:1-486   [032]     2.461493: (+2)     sched_switch:         kworker/32:1:486 [120] I ==> cg.C.x:2302 [120]
          cg.C.x-2273  [031]     2.461495: (+2)     sched_wakeup:         kworker/u128:1:1050 [120] CPU:031
          cg.C.x-2273  [031]     2.461497: (+2)     sched_waking:         comm=kworker/31:1 pid=485 prio=120 target_cpu=031
          cg.C.x-2273  [031]     2.461499: (+2)     sched_wakeup:         kworker/31:1:485 [120] CPU:031
          cg.C.x-2273  [031]     2.461505: (+6)     sched_switch:         cg.C.x:2273 [120] R ==> kworker/u128:1:1050 [120]
  kworker/u128:1-1050  [031]     2.461526: (+21)    sched_switch:         kworker/u128:1:1050 [120] I ==> kcompactd1:475 [120]
      kcompactd1-475   [031]     2.461531: (+5)     sched_switch:         kcompactd1:475 [120] S ==> kworker/31:1:485 [120]
    kworker/31:1-485   [031]     2.461539: (+8)     sched_switch:         kworker/31:1:485 [120] I ==> cg.C.x:2273 [120]
          cg.C.x-2294  [000]     2.465474: (+3935)  sched_waking:         comm=kworker/0:1 pid=10 prio=120 target_cpu=000
          cg.C.x-2270  [004]     2.465474: (+0)     sched_waking:         comm=kcompactd0 pid=474 prio=120 target_cpu=004
          cg.C.x-2294  [000]     2.465477: (+3)     sched_wakeup:         kworker/0:1:10 [120] CPU:000
          cg.C.x-2270  [004]     2.465479: (+2)     sched_wakeup:         kcompactd0:474 [120] CPU:004
          cg.C.x-2294  [000]     2.465481: (+2)     sched_switch:         cg.C.x:2294 [120] R ==> kworker/0:1:10 [120]
          cg.C.x-2270  [004]     2.465485: (+4)     sched_switch:         cg.C.x:2270 [120] R ==> kcompactd0:474 [120]
      kcompactd0-474   [004]     2.465494: (+9)     sched_switch:         kcompactd0:474 [120] S ==> cg.C.x:2270 [120]
     kworker/0:1-10    [000]     2.465535: (+41)    sched_switch:         kworker/0:1:10 [120] I ==> cg.C.x:2294 [120]
          cg.C.x-2322  [030]     2.493472: (+27937) sched_waking:         comm=kworker/30:1 pid=732 prio=120 target_cpu=030
          cg.C.x-2290  [028]     2.493472: (+0)     sched_waking:         comm=kworker/28:1 pid=730 prio=120 target_cpu=028
          cg.C.x-2303  [029]     2.493477: (+5)     sched_waking:         comm=kworker/29:1 pid=487 prio=120 target_cpu=029
          cg.C.x-2290  [028]     2.493479: (+2)     sched_wakeup:         kworker/28:1:730 [120] CPU:028
          cg.C.x-2322  [030]     2.493480: (+1)     sched_wakeup:         kworker/30:1:732 [120] CPU:030
          cg.C.x-2303  [029]     2.493485: (+5)     sched_wakeup:         kworker/29:1:487 [120] CPU:029
          cg.C.x-2322  [030]     2.493487: (+2)     sched_switch:         cg.C.x:2322 [120] R ==> kworker/30:1:732 [120]
          cg.C.x-2303  [029]     2.493498: (+11)    sched_switch:         cg.C.x:2303 [120] R ==> kworker/29:1:487 [120]
    kworker/30:1-732   [030]     2.493499: (+1)     sched_switch:         kworker/30:1:732 [120] I ==> cg.C.x:2322 [120]
    kworker/29:1-487   [029]     2.493556: (+57)    sched_switch:         kworker/29:1:487 [120] I ==> cg.C.x:2303 [120]
          cg.C.x-2290  [028]     2.497477: (+3921)  sched_switch:         cg.C.x:2290 [120] R ==> kworker/28:1:730 [120]
    kworker/28:1-730   [028]     2.497490: (+13)    sched_switch:         kworker/28:1:730 [120] I ==> cg.C.x:2290 [120]
          cg.C.x-2301  [027]     2.525470: (+27980) sched_waking:         comm=kworker/27:1 pid=598 prio=120 target_cpu=027
          cg.C.x-2305  [025]     2.525470: (+0)     sched_waking:         comm=kworker/25:1 pid=742 prio=120 target_cpu=025
          cg.C.x-2305  [025]     2.525478: (+8)     sched_wakeup:         kworker/25:1:742 [120] CPU:025
          cg.C.x-2301  [027]     2.525479: (+1)     sched_wakeup:         kworker/27:1:598 [120] CPU:027
          cg.C.x-2305  [025]     2.525487: (+8)     sched_switch:         cg.C.x:2305 [120] R ==> kworker/25:1:742 [120]
          cg.C.x-2301  [027]     2.525487: (+0)     sched_switch:         cg.C.x:2301 [120] R ==> kworker/27:1:598 [120]
    kworker/25:1-742   [025]     2.525503: (+16)    sched_switch:         kworker/25:1:742 [120] I ==> cg.C.x:2305 [120]
    kworker/27:1-598   [027]     2.525520: (+17)    sched_switch:         kworker/27:1:598 [120] I ==> cg.C.x:2301 [120]
          cg.C.x-2284  [026]     2.529470: (+3950)  sched_waking:         comm=kworker/26:1 pid=728 prio=120 target_cpu=026
          cg.C.x-2284  [026]     2.529478: (+8)     sched_wakeup:         kworker/26:1:728 [120] CPU:026
          cg.C.x-2284  [026]     2.533475: (+3997)  sched_switch:         cg.C.x:2284 [120] R ==> kworker/26:1:728 [120]
    kworker/26:1-728   [026]     2.533491: (+16)    sched_switch:         kworker/26:1:728 [120] I ==> cg.C.x:2284 [120]
          cg.C.x-2298  [024]     2.557466: (+23975) sched_waking:         comm=kworker/24:1 pid=734 prio=120 target_cpu=024
          cg.C.x-2321  [023]     2.557467: (+1)     sched_waking:         comm=kworker/23:2 pid=1043 prio=120 target_cpu=023
          cg.C.x-2298  [024]     2.557474: (+7)     sched_wakeup:         kworker/24:1:734 [120] CPU:024
          cg.C.x-2321  [023]     2.557477: (+3)     sched_wakeup:         kworker/23:2:1043 [120] CPU:023
          cg.C.x-2298  [024]     2.561469: (+3992)  sched_switch:         cg.C.x:2298 [120] R ==> kworker/24:1:734 [120]
          cg.C.x-2321  [023]     2.561472: (+3)     sched_switch:         cg.C.x:2321 [120] R ==> kworker/23:2:1043 [120]
    kworker/24:1-734   [024]     2.561485: (+13)    sched_switch:         kworker/24:1:734 [120] I ==> cg.C.x:2298 [120]
    kworker/23:2-1043  [023]     2.561487: (+2)     sched_switch:         kworker/23:2:1043 [120] I ==> cg.C.x:2321 [120]
          cg.C.x-2266  [002]     2.582324: (+20837) sched_waking:         comm=kworker/u129:22 pid=448 prio=120 target_cpu=002
          cg.C.x-2266  [002]     2.582331: (+7)     sched_wakeup:         kworker/u129:22:448 [120] CPU:002
          cg.C.x-2266  [002]     2.582337: (+6)     sched_switch:         cg.C.x:2266 [120] R ==> kworker/u129:22:448 [120]
 kworker/u129:22-448   [002]     2.582343: (+6)     sched_waking:         comm=sshd pid=2006 prio=120 target_cpu=002
 kworker/u129:22-448   [002]     2.582346: (+3)     sched_wakeup:         sshd:2006 [120] CPU:002
 kworker/u129:22-448   [002]     2.582350: (+4)     sched_switch:         kworker/u129:22:448 [120] I ==> sshd:2006 [120]
            sshd-2006  [002]     2.582440: (+90)    sched_switch:         sshd:2006 [120] S ==> cg.C.x:2266 [120]
          cg.C.x-2266  [002]     2.582442: (+2)     sched_waking:         comm=kworker/u129:22 pid=448 prio=120 target_cpu=002
          cg.C.x-2266  [002]     2.582443: (+1)     sched_wakeup:         kworker/u129:22:448 [120] CPU:002
          cg.C.x-2266  [002]     2.582445: (+2)     sched_switch:         cg.C.x:2266 [120] R ==> kworker/u129:22:448 [120]
 kworker/u129:22-448   [002]     2.582446: (+1)     sched_waking:         comm=sshd pid=2006 prio=120 target_cpu=002
 kworker/u129:22-448   [002]     2.582447: (+1)     sched_wakeup:         sshd:2006 [120] CPU:002
 kworker/u129:22-448   [002]     2.582449: (+2)     sched_switch:         kworker/u129:22:448 [120] I ==> sshd:2006 [120]
            sshd-2006  [002]     2.582471: (+22)    sched_switch:         sshd:2006 [120] S ==> cg.C.x:2266 [120]
          cg.C.x-2328  [021]     2.589464: (+6993)  sched_waking:         comm=kworker/21:1 pid=743 prio=120 target_cpu=021
          cg.C.x-2328  [021]     2.589474: (+10)    sched_wakeup:         kworker/21:1:743 [120] CPU:021
          cg.C.x-2320  [022]     2.593461: (+3987)  sched_waking:         comm=kworker/22:1 pid=714 prio=120 target_cpu=022
          cg.C.x-2304  [020]     2.593461: (+0)     sched_waking:         comm=kworker/20:1 pid=727 prio=120 target_cpu=020
          cg.C.x-2328  [021]     2.593468: (+7)     sched_switch:         cg.C.x:2328 [120] R ==> kworker/21:1:743 [120]
          cg.C.x-2304  [020]     2.593469: (+1)     sched_wakeup:         kworker/20:1:727 [120] CPU:020
          cg.C.x-2320  [022]     2.593469: (+0)     sched_wakeup:         kworker/22:1:714 [120] CPU:022
          cg.C.x-2304  [020]     2.593476: (+7)     sched_switch:         cg.C.x:2304 [120] R ==> kworker/20:1:727 [120]
    kworker/21:1-743   [021]     2.593485: (+9)     sched_switch:         kworker/21:1:743 [120] I ==> cg.C.x:2328 [120]
    kworker/20:1-727   [020]     2.593489: (+4)     sched_switch:         kworker/20:1:727 [120] I ==> cg.C.x:2304 [120]
          cg.C.x-2320  [022]     2.597465: (+3976)  sched_switch:         cg.C.x:2320 [120] R ==> kworker/22:1:714 [120]
    kworker/22:1-714   [022]     2.597481: (+16)    sched_switch:         kworker/22:1:714 [120] I ==> cg.C.x:2320 [120]
          cg.C.x-2313  [019]     2.625459: (+27978) sched_waking:         comm=kworker/19:1 pid=483 prio=120 target_cpu=019
          cg.C.x-2269  [017]     2.625459: (+0)     sched_waking:         comm=kworker/17:1 pid=546 prio=120 target_cpu=017
          cg.C.x-2269  [017]     2.625469: (+10)    sched_wakeup:         kworker/17:1:546 [120] CPU:017
          cg.C.x-2313  [019]     2.625470: (+1)     sched_wakeup:         kworker/19:1:483 [120] CPU:019
          cg.C.x-2269  [017]     2.625476: (+6)     sched_switch:         cg.C.x:2269 [120] R ==> kworker/17:1:546 [120]
          cg.C.x-2313  [019]     2.625476: (+0)     sched_switch:         cg.C.x:2313 [120] R ==> kworker/19:1:483 [120]
    kworker/17:1-546   [017]     2.625491: (+15)    sched_switch:         kworker/17:1:546 [120] I ==> cg.C.x:2269 [120]
    kworker/19:1-483   [019]     2.625491: (+0)     sched_switch:         kworker/19:1:483 [120] I ==> cg.C.x:2313 [120]
          cg.C.x-2287  [015]     2.657455: (+31964) sched_waking:         comm=kworker/15:1 pid=725 prio=120 target_cpu=015
          cg.C.x-2287  [015]     2.657464: (+9)     sched_wakeup:         kworker/15:1:725 [120] CPU:015
          cg.C.x-2287  [015]     2.657471: (+7)     sched_switch:         cg.C.x:2287 [120] R ==> kworker/15:1:725 [120]
    kworker/15:1-725   [015]     2.657486: (+15)    sched_switch:         kworker/15:1:725 [120] I ==> cg.C.x:2287 [120]
          cg.C.x-2294  [000]     2.669452: (+11966) sched_waking:         comm=kworker/0:1 pid=10 prio=120 target_cpu=000
          cg.C.x-2294  [000]     2.669458: (+6)     sched_wakeup:         kworker/0:1:10 [120] CPU:000
          cg.C.x-2294  [000]     2.669464: (+6)     sched_switch:         cg.C.x:2294 [120] R ==> kworker/0:1:10 [120]
     kworker/0:1-10    [000]     2.669516: (+52)    sched_switch:         kworker/0:1:10 [120] I ==> cg.C.x:2294 [120]
          cg.C.x-2276  [014]     2.685450: (+15934) sched_waking:         comm=kworker/14:1 pid=484 prio=120 target_cpu=014
          cg.C.x-2312  [012]     2.685451: (+1)     sched_waking:         comm=kworker/12:1 pid=716 prio=120 target_cpu=012
          cg.C.x-2325  [013]     2.685452: (+1)     sched_waking:         comm=kworker/13:1 pid=713 prio=120 target_cpu=013
          cg.C.x-2276  [014]     2.685458: (+6)     sched_wakeup:         kworker/14:1:484 [120] CPU:014
          cg.C.x-2312  [012]     2.685459: (+1)     sched_wakeup:         kworker/12:1:716 [120] CPU:012
          cg.C.x-2325  [013]     2.685461: (+2)     sched_wakeup:         kworker/13:1:713 [120] CPU:013
          cg.C.x-2312  [012]     2.685465: (+4)     sched_switch:         cg.C.x:2312 [120] R ==> kworker/12:1:716 [120]
          cg.C.x-2276  [014]     2.685465: (+0)     sched_switch:         cg.C.x:2276 [120] R ==> kworker/14:1:484 [120]
          cg.C.x-2325  [013]     2.685468: (+3)     sched_switch:         cg.C.x:2325 [120] R ==> kworker/13:1:713 [120]
    kworker/14:1-484   [014]     2.685477: (+9)     sched_switch:         kworker/14:1:484 [120] I ==> cg.C.x:2276 [120]
    kworker/12:1-716   [012]     2.685480: (+3)     sched_switch:         kworker/12:1:716 [120] I ==> cg.C.x:2312 [120]
    kworker/13:1-713   [013]     2.685482: (+2)     sched_switch:         kworker/13:1:713 [120] I ==> cg.C.x:2325 [120]
          cg.C.x-2266  [002]     2.706082: (+20600) sched_waking:         comm=kworker/u129:22 pid=448 prio=120 target_cpu=002
          cg.C.x-2266  [002]     2.706089: (+7)     sched_wakeup:         kworker/u129:22:448 [120] CPU:002
          cg.C.x-2266  [002]     2.706094: (+5)     sched_switch:         cg.C.x:2266 [120] R ==> kworker/u129:22:448 [120]
 kworker/u129:22-448   [002]     2.706100: (+6)     sched_waking:         comm=sshd pid=2006 prio=120 target_cpu=002
 kworker/u129:22-448   [002]     2.706102: (+2)     sched_wakeup:         sshd:2006 [120] CPU:002
 kworker/u129:22-448   [002]     2.706106: (+4)     sched_switch:         kworker/u129:22:448 [120] I ==> sshd:2006 [120]
            sshd-2006  [002]     2.706196: (+90)    sched_switch:         sshd:2006 [120] S ==> cg.C.x:2266 [120]
          cg.C.x-2266  [002]     2.706205: (+9)     sched_waking:         comm=kworker/u129:22 pid=448 prio=120 target_cpu=002
          cg.C.x-2266  [002]     2.706206: (+1)     sched_wakeup:         kworker/u129:22:448 [120] CPU:002
          cg.C.x-2266  [002]     2.706209: (+3)     sched_switch:         cg.C.x:2266 [120] R ==> kworker/u129:22:448 [120]
 kworker/u129:22-448   [002]     2.706210: (+1)     sched_waking:         comm=sshd pid=2006 prio=120 target_cpu=002
 kworker/u129:22-448   [002]     2.706211: (+1)     sched_wakeup:         sshd:2006 [120] CPU:002
 kworker/u129:22-448   [002]     2.706213: (+2)     sched_switch:         kworker/u129:22:448 [120] I ==> sshd:2006 [120]
            sshd-2006  [002]     2.706235: (+22)    sched_switch:         sshd:2006 [120] S ==> cg.C.x:2266 [120]
          cg.C.x-2281  [009]     2.717449: (+11214) sched_waking:         comm=kworker/9:1 pid=722 prio=120 target_cpu=009
          cg.C.x-2281  [009]     2.717459: (+10)    sched_wakeup:         kworker/9:1:722 [120] CPU:009
          cg.C.x-2281  [009]     2.717466: (+7)     sched_switch:         cg.C.x:2281 [120] R ==> kworker/9:1:722 [120]
     kworker/9:1-722   [009]     2.717481: (+15)    sched_switch:         kworker/9:1:722 [120] I ==> cg.C.x:2281 [120]
          cg.C.x-2278  [010]     2.721446: (+3965)  sched_waking:         comm=kworker/10:1 pid=717 prio=120 target_cpu=010
          cg.C.x-2278  [010]     2.721455: (+9)     sched_wakeup:         kworker/10:1:717 [120] CPU:010
          cg.C.x-2278  [010]     2.721462: (+7)     sched_switch:         cg.C.x:2278 [120] R ==> kworker/10:1:717 [120]
    kworker/10:1-717   [010]     2.721475: (+13)    sched_switch:         kworker/10:1:717 [120] I ==> cg.C.x:2278 [120]
          cg.C.x-2300  [008]     2.749443: (+27968) sched_waking:         comm=kworker/8:1 pid=719 prio=120 target_cpu=008
          cg.C.x-2319  [007]     2.749444: (+1)     sched_waking:         comm=kworker/7:2 pid=1595 prio=120 target_cpu=007
          cg.C.x-2300  [008]     2.749450: (+6)     sched_wakeup:         kworker/8:1:719 [120] CPU:008
          cg.C.x-2319  [007]     2.749451: (+1)     sched_wakeup:         kworker/7:2:1595 [120] CPU:007
          cg.C.x-2319  [007]     2.749458: (+7)     sched_switch:         cg.C.x:2319 [120] R ==> kworker/7:2:1595 [120]
          cg.C.x-2300  [008]     2.749459: (+1)     sched_switch:         cg.C.x:2300 [120] R ==> kworker/8:1:719 [120]
     kworker/7:2-1595  [007]     2.749473: (+14)    sched_switch:         kworker/7:2:1595 [120] I ==> cg.C.x:2319 [120]
     kworker/8:1-719   [008]     2.749474: (+1)     sched_switch:         kworker/8:1:719 [120] I ==> cg.C.x:2300 [120]
          cg.C.x-2270  [004]     2.781439: (+31965) sched_waking:         comm=kworker/4:1 pid=715 prio=120 target_cpu=004
          cg.C.x-2323  [005]     2.781443: (+4)     sched_waking:         comm=kworker/5:3 pid=1997 prio=120 target_cpu=005
          cg.C.x-2270  [004]     2.781445: (+2)     sched_wakeup:         kworker/4:1:715 [120] CPU:004
          cg.C.x-2270  [004]     2.781450: (+5)     sched_switch:         cg.C.x:2270 [120] R ==> kworker/4:1:715 [120]
          cg.C.x-2323  [005]     2.781453: (+3)     sched_wakeup:         kworker/5:3:1997 [120] CPU:005
          cg.C.x-2323  [005]     2.781460: (+7)     sched_switch:         cg.C.x:2323 [120] R ==> kworker/5:3:1997 [120]
     kworker/4:1-715   [004]     2.781462: (+2)     sched_switch:         kworker/4:1:715 [120] I ==> cg.C.x:2270 [120]
     kworker/5:3-1997  [005]     2.781476: (+14)    sched_switch:         kworker/5:3:1997 [120] I ==> cg.C.x:2323 [120]
          cg.C.x-2266  [002]     2.813436: (+31960) sched_waking:         comm=kworker/2:1 pid=507 prio=120 target_cpu=002
          cg.C.x-2275  [003]     2.813437: (+1)     sched_waking:         comm=kworker/3:0 pid=37 prio=120 target_cpu=003
          cg.C.x-2266  [002]     2.813443: (+6)     sched_wakeup:         kworker/2:1:507 [120] CPU:002
          cg.C.x-2275  [003]     2.813446: (+3)     sched_wakeup:         kworker/3:0:37 [120] CPU:003
          cg.C.x-2266  [002]     2.813450: (+4)     sched_switch:         cg.C.x:2266 [120] R ==> kworker/2:1:507 [120]
          cg.C.x-2275  [003]     2.813454: (+4)     sched_switch:         cg.C.x:2275 [120] R ==> kworker/3:0:37 [120]
     kworker/2:1-507   [002]     2.813462: (+8)     sched_switch:         kworker/2:1:507 [120] I ==> cg.C.x:2266 [120]
     kworker/3:0-37    [003]     2.813469: (+7)     sched_switch:         kworker/3:0:37 [120] I ==> cg.C.x:2275 [120]
          cg.C.x-2266  [002]     2.830769: (+17300) sched_waking:         comm=kworker/u129:22 pid=448 prio=120 target_cpu=002
          cg.C.x-2266  [002]     2.830774: (+5)     sched_wakeup:         kworker/u129:22:448 [120] CPU:002
          cg.C.x-2266  [002]     2.830780: (+6)     sched_switch:         cg.C.x:2266 [120] R ==> kworker/u129:22:448 [120]
 kworker/u129:22-448   [002]     2.830785: (+5)     sched_waking:         comm=sshd pid=2006 prio=120 target_cpu=002
 kworker/u129:22-448   [002]     2.830788: (+3)     sched_wakeup:         sshd:2006 [120] CPU:002
 kworker/u129:22-448   [002]     2.830790: (+2)     sched_switch:         kworker/u129:22:448 [120] I ==> sshd:2006 [120]
            sshd-2006  [002]     2.830875: (+85)    sched_switch:         sshd:2006 [120] S ==> cg.C.x:2266 [120]
          cg.C.x-2266  [002]     2.830877: (+2)     sched_waking:         comm=kworker/u129:22 pid=448 prio=120 target_cpu=002
          cg.C.x-2266  [002]     2.830878: (+1)     sched_wakeup:         kworker/u129:22:448 [120] CPU:002
          cg.C.x-2266  [002]     2.830881: (+3)     sched_switch:         cg.C.x:2266 [120] R ==> kworker/u129:22:448 [120]
 kworker/u129:22-448   [002]     2.830882: (+1)     sched_waking:         comm=sshd pid=2006 prio=120 target_cpu=002
 kworker/u129:22-448   [002]     2.830883: (+1)     sched_wakeup:         sshd:2006 [120] CPU:002
 kworker/u129:22-448   [002]     2.830884: (+1)     sched_switch:         kworker/u129:22:448 [120] I ==> sshd:2006 [120]
            sshd-2006  [002]     2.830907: (+23)    sched_switch:         sshd:2006 [120] S ==> cg.C.x:2266 [120]
          cg.C.x-2294  [000]     2.849433: (+18526) sched_waking:         comm=kworker/0:1 pid=10 prio=120 target_cpu=000
          cg.C.x-2294  [000]     2.849437: (+4)     sched_wakeup:         kworker/0:1:10 [120] CPU:000
          cg.C.x-2294  [000]     2.849444: (+7)     sched_switch:         cg.C.x:2294 [120] R ==> kworker/0:1:10 [120]
     kworker/0:1-10    [000]     2.849465: (+21)    sched_waking:         comm=kworker/1:2 pid=470 prio=120 target_cpu=001
     kworker/0:1-10    [000]     2.849469: (+4)     sched_waking:         comm=kworker/6:1 pid=718 prio=120 target_cpu=006
     kworker/0:1-10    [000]     2.849471: (+2)     sched_wakeup:         kworker/6:1:718 [120] CPU:006
     kworker/0:1-10    [000]     2.849474: (+3)     sched_waking:         comm=kworker/11:1 pid=733 prio=120 target_cpu=011
     kworker/0:1-10    [000]     2.849477: (+3)     sched_waking:         comm=kworker/16:2 pid=1804 prio=120 target_cpu=016
          cg.C.x-2318  [006]     2.849477: (+0)     sched_switch:         cg.C.x:2318 [120] R ==> kworker/6:1:718 [120]
          cg.C.x-2271  [001]     2.849479: (+2)     sched_wakeup:         kworker/1:2:470 [120] CPU:001
     kworker/0:1-10    [000]     2.849480: (+1)     sched_wakeup:         kworker/16:2:1804 [120] CPU:016
     kworker/0:1-10    [000]     2.849481: (+1)     sched_waking:         comm=kworker/18:1 pid=731 prio=120 target_cpu=018
          cg.C.x-2283  [011]     2.849482: (+1)     sched_wakeup:         kworker/11:1:733 [120] CPU:011
     kworker/0:1-10    [000]     2.849484: (+2)     sched_wakeup:         kworker/18:1:731 [120] CPU:018
          cg.C.x-2306  [016]     2.849485: (+1)     sched_switch:         cg.C.x:2306 [120] R ==> kworker/16:2:1804 [120]
          cg.C.x-2271  [001]     2.849487: (+2)     sched_switch:         cg.C.x:2271 [120] R ==> kworker/1:2:470 [120]
          cg.C.x-2283  [011]     2.849488: (+1)     sched_switch:         cg.C.x:2283 [120] R ==> kworker/11:1:733 [120]
     kworker/6:1-718   [006]     2.849488: (+0)     sched_switch:         kworker/6:1:718 [120] I ==> cg.C.x:2318 [120]
          cg.C.x-2324  [018]     2.849488: (+0)     sched_switch:         cg.C.x:2324 [120] R ==> kworker/18:1:731 [120]
    kworker/16:2-1804  [016]     2.849494: (+6)     sched_switch:         kworker/16:2:1804 [120] I ==> cg.C.x:2306 [120]
     kworker/0:1-10    [000]     2.849495: (+1)     sched_switch:         kworker/0:1:10 [120] I ==> cg.C.x:2294 [120]
    kworker/18:1-731   [018]     2.849497: (+2)     sched_switch:         kworker/18:1:731 [120] I ==> cg.C.x:2324 [120]
     kworker/1:2-470   [001]     2.849503: (+6)     sched_switch:         kworker/1:2:470 [120] I ==> cg.C.x:2271 [120]
    kworker/11:1-733   [011]     2.849503: (+0)     sched_switch:         kworker/11:1:733 [120] I ==> cg.C.x:2283 [120]
          cg.C.x-2294  [000]     2.877427: (+27924) sched_waking:         comm=kworker/0:1 pid=10 prio=120 target_cpu=000
          cg.C.x-2294  [000]     2.877432: (+5)     sched_wakeup:         kworker/0:1:10 [120] CPU:000
          cg.C.x-2294  [000]     2.877438: (+6)     sched_switch:         cg.C.x:2294 [120] R ==> kworker/0:1:10 [120]
     kworker/0:1-10    [000]     2.877491: (+53)    sched_switch:         kworker/0:1:10 [120] I ==> cg.C.x:2294 [120]
          cg.C.x-2279  [039]     2.909425: (+31934) sched_waking:         comm=kworker/39:1 pid=560 prio=120 target_cpu=039
          cg.C.x-2319  [007]     2.909425: (+0)     sched_waking:         comm=kworker/7:2 pid=1595 prio=120 target_cpu=007
          cg.C.x-2287  [015]     2.909425: (+0)     sched_waking:         comm=kworker/15:1 pid=725 prio=120 target_cpu=015
          cg.C.x-2279  [039]     2.909431: (+6)     sched_wakeup:         kworker/39:1:560 [120] CPU:039
          cg.C.x-2319  [007]     2.909431: (+0)     sched_wakeup:         kworker/7:2:1595 [120] CPU:007
          cg.C.x-2287  [015]     2.909431: (+0)     sched_wakeup:         kworker/15:1:725 [120] CPU:015
          cg.C.x-2319  [007]     2.909437: (+6)     sched_switch:         cg.C.x:2319 [120] R ==> kworker/7:2:1595 [120]
          cg.C.x-2279  [039]     2.909437: (+0)     sched_switch:         cg.C.x:2279 [120] R ==> kworker/39:1:560 [120]
          cg.C.x-2287  [015]     2.909437: (+0)     sched_switch:         cg.C.x:2287 [120] R ==> kworker/15:1:725 [120]
     kworker/7:2-1595  [007]     2.909469: (+32)    sched_switch:         kworker/7:2:1595 [120] I ==> cg.C.x:2319 [120]
    kworker/15:1-725   [015]     2.909469: (+0)     sched_switch:         kworker/15:1:725 [120] I ==> cg.C.x:2287 [120]
    kworker/39:1-560   [039]     2.909469: (+0)     sched_switch:         kworker/39:1:560 [120] I ==> cg.C.x:2279 [120]
          cg.C.x-2266  [002]     2.955607: (+46138) sched_waking:         comm=kworker/u129:22 pid=448 prio=120 target_cpu=002
          cg.C.x-2266  [002]     2.955613: (+6)     sched_wakeup:         kworker/u129:22:448 [120] CPU:002
          cg.C.x-2266  [002]     2.955624: (+11)    sched_switch:         cg.C.x:2266 [120] R ==> kworker/u129:22:448 [120]
 kworker/u129:22-448   [002]     2.955630: (+6)     sched_waking:         comm=sshd pid=2006 prio=120 target_cpu=002
 kworker/u129:22-448   [002]     2.955633: (+3)     sched_wakeup:         sshd:2006 [120] CPU:002
 kworker/u129:22-448   [002]     2.955636: (+3)     sched_switch:         kworker/u129:22:448 [120] I ==> sshd:2006 [120]
            sshd-2006  [002]     2.955718: (+82)    sched_switch:         sshd:2006 [120] S ==> cg.C.x:2266 [120]
          cg.C.x-2266  [002]     2.955719: (+1)     sched_waking:         comm=kworker/u129:22 pid=448 prio=120 target_cpu=002
          cg.C.x-2266  [002]     2.955720: (+1)     sched_wakeup:         kworker/u129:22:448 [120] CPU:002
          cg.C.x-2266  [002]     2.955723: (+3)     sched_switch:         cg.C.x:2266 [120] R ==> kworker/u129:22:448 [120]
 kworker/u129:22-448   [002]     2.955724: (+1)     sched_waking:         comm=sshd pid=2006 prio=120 target_cpu=002
 kworker/u129:22-448   [002]     2.955725: (+1)     sched_wakeup:         sshd:2006 [120] CPU:002
 kworker/u129:22-448   [002]     2.955727: (+2)     sched_switch:         kworker/u129:22:448 [120] I ==> sshd:2006 [120]
            sshd-2006  [002]     2.955749: (+22)    sched_switch:         sshd:2006 [120] S ==> cg.C.x:2266 [120]
          cg.C.x-2273  [031]     2.977416: (+21667) sched_waking:         comm=kcompactd1 pid=475 prio=120 target_cpu=031
          cg.C.x-2270  [004]     2.977416: (+0)     sched_waking:         comm=kcompactd0 pid=474 prio=120 target_cpu=004
          cg.C.x-2270  [004]     2.977423: (+7)     sched_wakeup:         kcompactd0:474 [120] CPU:004
          cg.C.x-2273  [031]     2.977424: (+1)     sched_wakeup:         kcompactd1:475 [120] CPU:031
          cg.C.x-2270  [004]     2.977428: (+4)     sched_switch:         cg.C.x:2270 [120] R ==> kcompactd0:474 [120]
          cg.C.x-2273  [031]     2.977430: (+2)     sched_switch:         cg.C.x:2273 [120] R ==> kcompactd1:475 [120]
      kcompactd0-474   [004]     2.977438: (+8)     sched_switch:         kcompactd0:474 [120] S ==> cg.C.x:2270 [120]
      kcompactd1-475   [031]     2.977440: (+2)     sched_switch:         kcompactd1:475 [120] S ==> cg.C.x:2273 [120]
          cg.C.x-2325  [013]     3.021416: (+43976) bprint:               change_prot_numa: NUMAB SCAN vma[start:0x7f1c75491000, end:0x7f1c87cf9000, from:0x7f1c75e00000, to:0x7f1c85e00000, size:262144 KB]
          cg.C.x-2295  [057]     3.059113: (+37697) sched_waking:         comm=ntpd pid=1808 prio=0 target_cpu=057
          cg.C.x-2295  [057]     3.059126: (+13)    sched_wakeup:         ntpd:1808 [0] CPU:057
          cg.C.x-2295  [057]     3.059137: (+11)    sched_switch:         cg.C.x:2295 [120] R ==> ntpd:1808 [0]
            ntpd-1808  [057]     3.059198: (+61)    sched_switch:         ntpd:1808 [0] S ==> cg.C.x:2295 [120]
          cg.C.x-2294  [000]     3.069405: (+10207) sched_waking:         comm=kworker/0:1 pid=10 prio=120 target_cpu=000
          cg.C.x-2299  [063]     3.069408: (+3)     sched_waking:         comm=kworker/63:1 pid=597 prio=120 target_cpu=063
          cg.C.x-2294  [000]     3.069412: (+4)     sched_wakeup:         kworker/0:1:10 [120] CPU:000
          cg.C.x-2299  [063]     3.069416: (+4)     sched_wakeup:         kworker/63:1:597 [120] CPU:063
          cg.C.x-2294  [000]     3.069420: (+4)     sched_switch:         cg.C.x:2294 [120] R ==> kworker/0:1:10 [120]
          cg.C.x-2299  [063]     3.069423: (+3)     sched_switch:         cg.C.x:2299 [120] R ==> kworker/63:1:597 [120]
    kworker/63:1-597   [063]     3.069440: (+17)    sched_switch:         kworker/63:1:597 [120] I ==> cg.C.x:2299 [120]
     kworker/0:1-10    [000]     3.069446: (+6)     sched_switch:         kworker/0:1:10 [120] I ==> cg.C.x:2294 [120]
          cg.C.x-2266  [002]     3.081789: (+12343) sched_waking:         comm=kworker/u129:22 pid=448 prio=120 target_cpu=002
          cg.C.x-2266  [002]     3.081796: (+7)     sched_wakeup:         kworker/u129:22:448 [120] CPU:002
          cg.C.x-2266  [002]     3.081800: (+4)     sched_switch:         cg.C.x:2266 [120] R ==> kworker/u129:22:448 [120]
 kworker/u129:22-448   [002]     3.081806: (+6)     sched_waking:         comm=sshd pid=2006 prio=120 target_cpu=002
 kworker/u129:22-448   [002]     3.081808: (+2)     sched_wakeup:         sshd:2006 [120] CPU:002
 kworker/u129:22-448   [002]     3.081811: (+3)     sched_switch:         kworker/u129:22:448 [120] I ==> sshd:2006 [120]
            sshd-2006  [002]     3.081898: (+87)    sched_switch:         sshd:2006 [120] S ==> cg.C.x:2266 [120]
          cg.C.x-2266  [002]     3.081899: (+1)     sched_waking:         comm=kworker/u129:22 pid=448 prio=120 target_cpu=002
          cg.C.x-2266  [002]     3.081900: (+1)     sched_wakeup:         kworker/u129:22:448 [120] CPU:002
          cg.C.x-2266  [002]     3.081903: (+3)     sched_switch:         cg.C.x:2266 [120] R ==> kworker/u129:22:448 [120]
 kworker/u129:22-448   [002]     3.081904: (+1)     sched_waking:         comm=sshd pid=2006 prio=120 target_cpu=002
 kworker/u129:22-448   [002]     3.081905: (+1)     sched_wakeup:         sshd:2006 [120] CPU:002
 kworker/u129:22-448   [002]     3.081906: (+1)     sched_switch:         kworker/u129:22:448 [120] I ==> sshd:2006 [120]
            sshd-2006  [002]     3.081930: (+24)    sched_switch:         sshd:2006 [120] S ==> cg.C.x:2266 [120]
          cg.C.x-2294  [000]     3.085404: (+3474)  sched_waking:         comm=kworker/0:1 pid=10 prio=120 target_cpu=000
          cg.C.x-2294  [000]     3.085409: (+5)     sched_wakeup:         kworker/0:1:10 [120] CPU:000
          cg.C.x-2294  [000]     3.085413: (+4)     sched_switch:         cg.C.x:2294 [120] R ==> kworker/0:1:10 [120]
     kworker/0:1-10    [000]     3.085472: (+59)    sched_switch:         kworker/0:1:10 [120] I ==> cg.C.x:2294 [120]
          cg.C.x-2274  [062]     3.101403: (+15931) sched_waking:         comm=kworker/62:1 pid=593 prio=120 target_cpu=062
          cg.C.x-2297  [061]     3.101404: (+1)     sched_waking:         comm=kworker/61:1 pid=596 prio=120 target_cpu=061
          cg.C.x-2274  [062]     3.101411: (+7)     sched_wakeup:         kworker/62:1:593 [120] CPU:062
          cg.C.x-2297  [061]     3.101413: (+2)     sched_wakeup:         kworker/61:1:596 [120] CPU:061
          cg.C.x-2274  [062]     3.101418: (+5)     sched_switch:         cg.C.x:2274 [120] R ==> kworker/62:1:593 [120]
          cg.C.x-2297  [061]     3.101420: (+2)     sched_switch:         cg.C.x:2297 [120] R ==> kworker/61:1:596 [120]
    kworker/62:1-593   [062]     3.101430: (+10)    sched_switch:         kworker/62:1:593 [120] I ==> cg.C.x:2274 [120]
    kworker/61:1-596   [061]     3.101435: (+5)     sched_switch:         kworker/61:1:596 [120] I ==> cg.C.x:2297 [120]
          cg.C.x-2315  [035]     3.105405: (+3970)  sched_waking:         comm=kworker/35:2 pid=1033 prio=120 target_cpu=035
          cg.C.x-2315  [035]     3.105415: (+10)    sched_wakeup:         kworker/35:2:1033 [120] CPU:035
          cg.C.x-2315  [035]     3.105424: (+9)     sched_switch:         cg.C.x:2315 [120] R ==> kworker/35:2:1033 [120]
    kworker/35:2-1033  [035]     3.105460: (+36)    sched_switch:         kworker/35:2:1033 [120] I ==> cg.C.x:2315 [120]
          cg.C.x-2294  [000]     3.119179: (+13719) sched_waking:         comm=migration/0 pid=18 prio=0 target_cpu=000
          cg.C.x-2294  [000]     3.119182: (+3)     sched_wakeup:         migration/0:18 [0] CPU:000
          cg.C.x-2294  [000]     3.119188: (+6)     sched_switch:         cg.C.x:2294 [120] R ==> migration/0:18 [0]
     migration/0-18    [000]     3.119194: (+6)     sched_switch:         migration/0:18 [0] S ==> cg.C.x:2294 [120]
          cg.C.x-2314  [058]     3.133400: (+14206) sched_waking:         comm=kworker/58:1 pid=592 prio=120 target_cpu=058
          cg.C.x-2314  [058]     3.133408: (+8)     sched_wakeup:         kworker/58:1:592 [120] CPU:058
          cg.C.x-2314  [058]     3.133414: (+6)     sched_switch:         cg.C.x:2314 [120] R ==> kworker/58:1:592 [120]
    kworker/58:1-592   [058]     3.133426: (+12)    sched_switch:         kworker/58:1:592 [120] I ==> cg.C.x:2314 [120]
          cg.C.x-2316  [060]     3.137399: (+3973)  sched_waking:         comm=kworker/60:1 pid=639 prio=120 target_cpu=060
          cg.C.x-2272  [059]     3.137399: (+0)     sched_waking:         comm=kworker/59:2 pid=1568 prio=120 target_cpu=059
          cg.C.x-2316  [060]     3.137406: (+7)     sched_wakeup:         kworker/60:1:639 [120] CPU:060
          cg.C.x-2272  [059]     3.137407: (+1)     sched_wakeup:         kworker/59:2:1568 [120] CPU:059
          cg.C.x-2316  [060]     3.137412: (+5)     sched_switch:         cg.C.x:2316 [120] R ==> kworker/60:1:639 [120]
          cg.C.x-2272  [059]     3.137415: (+3)     sched_switch:         cg.C.x:2272 [120] R ==> kworker/59:2:1568 [120]
    kworker/59:2-1568  [059]     3.137429: (+14)    sched_switch:         kworker/59:2:1568 [120] I ==> cg.C.x:2272 [120]
    kworker/60:1-639   [060]     3.137429: (+0)     sched_switch:         kworker/60:1:639 [120] I ==> cg.C.x:2316 [120]
          cg.C.x-2266  [002]     3.151174: (+13745) sched_waking:         comm=migration/2 pid=29 prio=0 target_cpu=002
          cg.C.x-2270  [004]     3.151174: (+0)     sched_waking:         comm=migration/4 pid=41 prio=0 target_cpu=004
          cg.C.x-2318  [006]     3.151174: (+0)     sched_waking:         comm=migration/6 pid=53 prio=0 target_cpu=006
          cg.C.x-2278  [010]     3.151174: (+0)     sched_waking:         comm=migration/10 pid=77 prio=0 target_cpu=010
          cg.C.x-2312  [012]     3.151174: (+0)     sched_waking:         comm=migration/12 pid=89 prio=0 target_cpu=012
          cg.C.x-2300  [008]     3.151174: (+0)     sched_waking:         comm=migration/8 pid=65 prio=0 target_cpu=008
          cg.C.x-2324  [018]     3.151174: (+0)     sched_waking:         comm=migration/18 pid=125 prio=0 target_cpu=018
          cg.C.x-2276  [014]     3.151174: (+0)     sched_waking:         comm=migration/14 pid=101 prio=0 target_cpu=014
          cg.C.x-2306  [016]     3.151175: (+1)     sched_waking:         comm=migration/16 pid=113 prio=0 target_cpu=016
          cg.C.x-2323  [005]     3.151175: (+0)     sched_waking:         comm=migration/5 pid=47 prio=0 target_cpu=005
          cg.C.x-2271  [001]     3.151175: (+0)     sched_waking:         comm=migration/1 pid=23 prio=0 target_cpu=001
          cg.C.x-2283  [011]     3.151175: (+0)     sched_waking:         comm=migration/11 pid=83 prio=0 target_cpu=011
          cg.C.x-2275  [003]     3.151175: (+0)     sched_waking:         comm=migration/3 pid=35 prio=0 target_cpu=003
          cg.C.x-2319  [007]     3.151175: (+0)     sched_waking:         comm=migration/7 pid=59 prio=0 target_cpu=007
          cg.C.x-2281  [009]     3.151176: (+1)     sched_waking:         comm=migration/9 pid=71 prio=0 target_cpu=009
          cg.C.x-2269  [017]     3.151176: (+0)     sched_waking:         comm=migration/17 pid=119 prio=0 target_cpu=017
          cg.C.x-2325  [013]     3.151176: (+0)     sched_waking:         comm=migration/13 pid=95 prio=0 target_cpu=013
          cg.C.x-2287  [015]     3.151176: (+0)     sched_waking:         comm=migration/15 pid=107 prio=0 target_cpu=015
          cg.C.x-2313  [019]     3.151176: (+0)     sched_waking:         comm=migration/19 pid=131 prio=0 target_cpu=019
          cg.C.x-2276  [014]     3.151179: (+3)     sched_wakeup:         migration/14:101 [0] CPU:014
          cg.C.x-2318  [006]     3.151179: (+0)     sched_wakeup:         migration/6:53 [0] CPU:006
          cg.C.x-2278  [010]     3.151179: (+0)     sched_wakeup:         migration/10:77 [0] CPU:010
          cg.C.x-2270  [004]     3.151179: (+0)     sched_wakeup:         migration/4:41 [0] CPU:004
          cg.C.x-2324  [018]     3.151179: (+0)     sched_wakeup:         migration/18:125 [0] CPU:018
          cg.C.x-2266  [002]     3.151179: (+0)     sched_wakeup:         migration/2:29 [0] CPU:002
          cg.C.x-2312  [012]     3.151179: (+0)     sched_wakeup:         migration/12:89 [0] CPU:012
          cg.C.x-2300  [008]     3.151179: (+0)     sched_wakeup:         migration/8:65 [0] CPU:008
          cg.C.x-2306  [016]     3.151179: (+0)     sched_wakeup:         migration/16:113 [0] CPU:016
          cg.C.x-2283  [011]     3.151180: (+1)     sched_wakeup:         migration/11:83 [0] CPU:011
          cg.C.x-2287  [015]     3.151180: (+0)     sched_wakeup:         migration/15:107 [0] CPU:015
          cg.C.x-2281  [009]     3.151180: (+0)     sched_wakeup:         migration/9:71 [0] CPU:009
          cg.C.x-2313  [019]     3.151180: (+0)     sched_wakeup:         migration/19:131 [0] CPU:019
