          cg.C.x-3749  [049]     0.022996: (+27)    bprint:               __handle_mm_fault: NUMAB COMPLETED MEM MIGR process[nid:1, cpu:49, pid:3749], old[phys:0x1223dc000, nid:0, npages:1], new[phys:0x2c434df000, nid:1, npages:1]
          cg.C.x-3711  [017]     0.023009: (+13)    bprint:               change_prot_numa: NUMAB SCAN vma[start:0x7f70bce01000, end:0x7f70bd601000, from:0x7f70bce01000, to:0x7f70bd601000, size:8192 KB]
          cg.C.x-3748  [032]     0.023010: (+1)     bprint:               __handle_mm_fault: NUMAB MEM ACCESS process[nid:0, cpu:32, pid:3748], folio[virt:0x7f70bcc002b8, phys:0x152c3a000, pfn:0x152c3a, nid:0, npages:1]
          cg.C.x-3747  [051]     0.023025: (+15)    bprint:               __handle_mm_fault: NUMAB MEM ACCESS process[nid:1, cpu:51, pid:3747], folio[virt:0x7f70bd6002b0, phys:0x182373000, pfn:0x182373, nid:0, npages:1]
          cg.C.x-3711  [017]     0.023026: (+1)     bprint:               change_prot_numa: NUMAB SCAN vma[start:0x7f70bd801000, end:0x7f70be001000, from:0x7f70bd801000, to:0x7f70be001000, size:8192 KB]
          cg.C.x-3747  [051]     0.023026: (+0)     bprint:               __handle_mm_fault: NUMAB TRY MEM MIGR process[nid:1, cpu:51, pid:3747], folio[virt:0x7f70bd6002b0, phys:0x182373000, nid:0], target_nid:1
          cg.C.x-3711  [017]     0.023043: (+17)    bprint:               change_prot_numa: NUMAB SCAN vma[start:0x7f70be201000, end:0x7f70bea01000, from:0x7f70be201000, to:0x7f70bea01000, size:8192 KB]
          cg.C.x-3746  [028]     0.023044: (+1)     bprint:               __handle_mm_fault: NUMAB MEM ACCESS process[nid:0, cpu:28, pid:3746], folio[virt:0x7f70be0002b0, phys:0x18236c000, pfn:0x18236c, nid:0, npages:1]
          cg.C.x-3747  [051]     0.023057: (+13)    bprint:               __handle_mm_fault: NUMAB COMPLETED MEM MIGR process[nid:1, cpu:51, pid:3747], old[phys:0x182373000, nid:0, npages:1], new[phys:0x1864f16000, nid:1, npages:1]
          cg.C.x-3745  [013]     0.023073: (+16)    bprint:               __handle_mm_fault: NUMAB MEM ACCESS process[nid:1, cpu:13, pid:3745], folio[virt:0x7f70bea002b0, phys:0x18236b000, pfn:0x18236b, nid:0, npages:1]
          cg.C.x-3711  [017]     0.023073: (+0)     bprint:               change_prot_numa: NUMAB SCAN vma[start:0x7f70bec01000, end:0x7f70bf401000, from:0x7f70bec01000, to:0x7f70bf401000, size:8192 KB]
          cg.C.x-3745  [013]     0.023074: (+1)     bprint:               __handle_mm_fault: NUMAB TRY MEM MIGR process[nid:1, cpu:13, pid:3745], folio[virt:0x7f70bea002b0, phys:0x18236b000, nid:0], target_nid:1
          cg.C.x-3711  [017]     0.023091: (+17)    bprint:               change_prot_numa: NUMAB SCAN vma[start:0x7f70bf601000, end:0x7f70bfe01000, from:0x7f70bf601000, to:0x7f70bfe01000, size:8192 KB]
          cg.C.x-3744  [020]     0.023092: (+1)     bprint:               __handle_mm_fault: NUMAB MEM ACCESS process[nid:0, cpu:20, pid:3744], folio[virt:0x7f70bf4002b8, phys:0x1b04ec000, pfn:0x1b04ec, nid:0, npages:1]
          cg.C.x-3745  [013]     0.023107: (+15)    bprint:               __handle_mm_fault: NUMAB COMPLETED MEM MIGR process[nid:1, cpu:13, pid:3745], old[phys:0x18236b000, nid:0, npages:1], new[phys:0x185cbcf000, nid:1, npages:1]
          cg.C.x-3711  [017]     0.023130: (+23)    bprint:               change_prot_numa: NUMAB SCAN vma[start:0x7f70c0001000, end:0x7f70c0801000, from:0x7f70c0001000, to:0x7f70c0801000, size:8192 KB]
          cg.C.x-3743  [037]     0.023131: (+1)     bprint:               __handle_mm_fault: NUMAB MEM ACCESS process[nid:1, cpu:37, pid:3743], folio[virt:0x7f70bfe002b0, phys:0x122306000, pfn:0x122306, nid:0, npages:1]
          cg.C.x-3743  [037]     0.023132: (+1)     bprint:               __handle_mm_fault: NUMAB TRY MEM MIGR process[nid:1, cpu:37, pid:3743], folio[virt:0x7f70bfe002b0, phys:0x122306000, nid:0], target_nid:1
          cg.C.x-3711  [017]     0.023147: (+15)    bprint:               change_prot_numa: NUMAB SCAN vma[start:0x7f70c0a01000, end:0x7f70c1201000, from:0x7f70c0a01000, to:0x7f70c1201000, size:8192 KB]
          cg.C.x-3742  [026]     0.023149: (+2)     bprint:               __handle_mm_fault: NUMAB MEM ACCESS process[nid:0, cpu:26, pid:3742], folio[virt:0x7f70c08002b0, phys:0x11864c000, pfn:0x11864c, nid:0, npages:1]
          cg.C.x-3743  [037]     0.023162: (+13)    bprint:               __handle_mm_fault: NUMAB COMPLETED MEM MIGR process[nid:1, cpu:37, pid:3743], old[phys:0x122306000, nid:0, npages:1], new[phys:0x185c19a000, nid:1, npages:1]
          cg.C.x-3711  [017]     0.023178: (+16)    bprint:               change_prot_numa: NUMAB SCAN vma[start:0x7f70c1401000, end:0x7f70c1c01000, from:0x7f70c1401000, to:0x7f70c1c01000, size:8192 KB]
          cg.C.x-3741  [033]     0.023178: (+0)     bprint:               __handle_mm_fault: NUMAB MEM ACCESS process[nid:1, cpu:33, pid:3741], folio[virt:0x7f70c12002b0, phys:0x111383000, pfn:0x111383, nid:0, npages:1]
          cg.C.x-3741  [033]     0.023179: (+1)     bprint:               __handle_mm_fault: NUMAB TRY MEM MIGR process[nid:1, cpu:33, pid:3741], folio[virt:0x7f70c12002b0, phys:0x111383000, nid:0], target_nid:1
          cg.C.x-3711  [017]     0.023194: (+15)    bprint:               change_prot_numa: NUMAB SCAN vma[start:0x7f70c1e01000, end:0x7f70c2601000, from:0x7f70c1e01000, to:0x7f70c2601000, size:8192 KB]
          cg.C.x-3740  [036]     0.023195: (+1)     bprint:               __handle_mm_fault: NUMAB MEM ACCESS process[nid:0, cpu:36, pid:3740], folio[virt:0x7f70c1c002b8, phys:0x12214a000, pfn:0x12214a, nid:0, npages:1]
          cg.C.x-3741  [033]     0.023212: (+17)    bprint:               __handle_mm_fault: NUMAB COMPLETED MEM MIGR process[nid:1, cpu:33, pid:3741], old[phys:0x111383000, nid:0, npages:1], new[phys:0x1855b00000, nid:1, npages:1]
          cg.C.x-3711  [017]     0.023228: (+16)    bprint:               change_prot_numa: NUMAB SCAN vma[start:0x7f70c2801000, end:0x7f70c3001000, from:0x7f70c2801000, to:0x7f70c3000000, size:8188 KB]
          cg.C.x-3739  [063]     0.023228: (+0)     bprint:               __handle_mm_fault: NUMAB MEM ACCESS process[nid:1, cpu:63, pid:3739], folio[virt:0x7f70c26002b0, phys:0x121227000, pfn:0x121227, nid:0, npages:1]
          cg.C.x-3739  [063]     0.023229: (+1)     bprint:               __handle_mm_fault: NUMAB TRY MEM MIGR process[nid:1, cpu:63, pid:3739], folio[virt:0x7f70c26002b0, phys:0x121227000, nid:0], target_nid:1
          cg.C.x-3711  [017]     0.023232: (+3)     bprint:               change_prot_numa: NUMAB SCAN vma[start:0x7f70c2801000, end:0x7f70c3001000, from:0x7f70c3000000, to:0x7f70c3001000, size:4 KB]
          cg.C.x-3739  [063]     0.023235: (+3)     bprint:               __handle_mm_fault: NUMAB COMPLETED MEM MIGR process[nid:1, cpu:63, pid:3739], old[phys:0x121227000, nid:0, npages:1], new[phys:0x1866c4b000, nid:1, npages:1]
          cg.C.x-3711  [017]     0.023246: (+11)    bprint:               change_prot_numa: NUMAB SCAN vma[start:0x7f70c3201000, end:0x7f70c3a01000, from:0x7f70c3201000, to:0x7f70c3a00000, size:8188 KB]
          cg.C.x-3738  [002]     0.023246: (+0)     bprint:               __handle_mm_fault: NUMAB MEM ACCESS process[nid:0, cpu:2, pid:3738], folio[virt:0x7f70c30002b0, phys:0x1b074b000, pfn:0x1b074b, nid:0, npages:1]
          cg.C.x-3711  [017]     0.023250: (+4)     bprint:               change_prot_numa: NUMAB SCAN vma[start:0x7f70c3201000, end:0x7f70c3a01000, from:0x7f70c3a00000, to:0x7f70c3a01000, size:4 KB]
          cg.C.x-3737  [061]     0.023264: (+14)    bprint:               __handle_mm_fault: NUMAB MEM ACCESS process[nid:1, cpu:61, pid:3737], folio[virt:0x7f70c3a002b0, phys:0x1e00c5000, pfn:0x1e00c5, nid:0, npages:1]
          cg.C.x-3711  [017]     0.023264: (+0)     bprint:               change_prot_numa: NUMAB SCAN vma[start:0x7f70c3c01000, end:0x7f70c4401000, from:0x7f70c3c01000, to:0x7f70c4400000, size:8188 KB]
          cg.C.x-3737  [061]     0.023265: (+1)     bprint:               __handle_mm_fault: NUMAB TRY MEM MIGR process[nid:1, cpu:61, pid:3737], folio[virt:0x7f70c3a002b0, phys:0x1e00c5000, nid:0], target_nid:1
          cg.C.x-3736  [000]     0.023282: (+17)    bprint:               __handle_mm_fault: NUMAB MEM ACCESS process[nid:0, cpu:0, pid:3736], folio[virt:0x7f70c43ff698, phys:0x12318c000, pfn:0x12318c, nid:0, npages:1]
          cg.C.x-3737  [061]     0.023291: (+9)     bprint:               __handle_mm_fault: NUMAB COMPLETED MEM MIGR process[nid:1, cpu:61, pid:3737], old[phys:0x1e00c5000, nid:0, npages:1], new[phys:0x186b61c000, nid:1, npages:1]
          cg.C.x-3717  [005]     0.024069: (+778)   bprint:               __handle_mm_fault: NUMAB MEM ACCESS process[nid:1, cpu:5, pid:3717], folio[virt:0x5651e0ad6080, phys:0x113821000, pfn:0x113821, nid:0, npages:1]
          cg.C.x-3717  [005]     0.024070: (+1)     bprint:               __handle_mm_fault: NUMAB TRY MEM MIGR process[nid:1, cpu:5, pid:3717], folio[virt:0x5651e0ad6080, phys:0x113821000, nid:0], target_nid:1
          cg.C.x-3717  [005]     0.024077: (+7)     bprint:               __handle_mm_fault: NUMAB COMPLETED MEM MIGR process[nid:1, cpu:5, pid:3717], old[phys:0x113821000, nid:0, npages:1], new[phys:0x185739b000, nid:1, npages:1]
          cg.C.x-3708  [004]     0.024277: (+200)   sched_switch:         cg.C.x:3708 [120] S ==> swapper/4:0 [120]
          cg.C.x-3709  [054]     0.026042: (+1765)  sched_switch:         cg.C.x:3709 [120] S ==> swapper/54:0 [120]
          cg.C.x-3771  [007]     0.026308: (+266)   sched_wake_idle_without_ipi: cpu=54
          cg.C.x-3714  [019]     0.026312: (+4)     sched_waking:         comm=rcu_preempt pid=17 prio=120 target_cpu=019
          cg.C.x-3714  [019]     0.026318: (+6)     sched_wakeup:         rcu_preempt:17 [120] CPU:019
          cg.C.x-3710  [056]     0.027893: (+1575)  sched_migrate_task:   comm=rcu_preempt pid=17 prio=120 orig_cpu=19 dest_cpu=56
          cg.C.x-3710  [056]     0.027897: (+4)     sched_switch:         cg.C.x:3710 [120] S ==> rcu_preempt:17 [120]
     rcu_preempt-17    [056]     0.027911: (+14)    sched_switch:         rcu_preempt:17 [120] I ==> swapper/56:0 [120]
          cg.C.x-3722  [012]     0.030302: (+2391)  sched_wake_idle_without_ipi: cpu=54
          cg.C.x-3711  [017]     0.030434: (+132)   sched_switch:         cg.C.x:3711 [120] S ==> swapper/17:0 [120]
          cg.C.x-3712  [040]     0.031363: (+929)   sched_switch:         cg.C.x:3712 [120] S ==> swapper/40:0 [120]
          cg.C.x-3713  [039]     0.033083: (+1720)  sched_switch:         cg.C.x:3713 [120] S ==> swapper/39:0 [120]
          <idle>-0     [056]     0.034301: (+1218)  sched_waking:         comm=rcu_preempt pid=17 prio=120 target_cpu=056
          cg.C.x-3771  [007]     0.034301: (+0)     sched_wake_idle_without_ipi: cpu=17
          <idle>-0     [056]     0.034303: (+2)     sched_wakeup:         rcu_preempt:17 [120] CPU:056
          cg.C.x-3759  [021]     0.034305: (+2)     bprint:               change_prot_numa: NUMAB SCAN vma[start:0x7f70c3c01000, end:0x7f70c4401000, from:0x7f70c4400000, to:0x7f70c4401000, size:4 KB]
          cg.C.x-3753  [029]     0.034305: (+0)     sched_waking:         comm=kworker/29:0 pid=193 prio=120 target_cpu=029
          <idle>-0     [056]     0.034306: (+1)     sched_switch:         swapper/56:0 [120] R ==> rcu_preempt:17 [120]
          cg.C.x-3736  [000]     0.034306: (+0)     sched_waking:         comm=kworker/0:3 pid=746 prio=120 target_cpu=000
          cg.C.x-3753  [029]     0.034307: (+1)     sched_wakeup:         kworker/29:0:193 [120] CPU:029
          cg.C.x-3734  [062]     0.034309: (+2)     sched_waking:         comm=kworker/u128:1 pid=1048 prio=120 target_cpu=062
          cg.C.x-3736  [000]     0.034310: (+1)     sched_wakeup:         kworker/0:3:746 [120] CPU:000
          cg.C.x-3753  [029]     0.034310: (+0)     sched_switch:         cg.C.x:3753 [120] R ==> kworker/29:0:193 [120]
          cg.C.x-3736  [000]     0.034312: (+2)     sched_switch:         cg.C.x:3736 [120] R ==> kworker/0:3:746 [120]
          cg.C.x-3734  [062]     0.034313: (+1)     sched_migrate_task:   comm=kworker/u128:1 pid=1048 prio=120 orig_cpu=62 dest_cpu=4
    kworker/29:0-193   [029]     0.034315: (+2)     sched_switch:         kworker/29:0:193 [120] I ==> cg.C.x:3753 [120]
          <idle>-0     [004]     0.034317: (+2)     sched_wakeup:         kworker/u128:1:1048 [120] CPU:004
          <idle>-0     [004]     0.034318: (+1)     sched_waking:         comm=ksoftirqd/4 pid=42 prio=120 target_cpu=004
          <idle>-0     [004]     0.034320: (+2)     sched_wakeup:         ksoftirqd/4:42 [120] CPU:004
          <idle>-0     [004]     0.034322: (+2)     sched_switch:         swapper/4:0 [120] R ==> ksoftirqd/4:42 [120]
     rcu_preempt-17    [056]     0.034327: (+5)     sched_switch:         rcu_preempt:17 [120] I ==> swapper/56:0 [120]
     ksoftirqd/4-42    [004]     0.034346: (+19)    sched_switch:         ksoftirqd/4:42 [120] S ==> kworker/u128:1:1048 [120]
          cg.C.x-3759  [021]     0.034354: (+8)     bprint:               change_prot_numa: NUMAB SCAN vma[start:0x7f70c4601000, end:0x7f70c4e01000, from:0x7f70c4601000, to:0x7f70c4e01000, size:8192 KB]
  kworker/u128:1-1048  [004]     0.034368: (+14)    sched_switch:         kworker/u128:1:1048 [120] I ==> swapper/4:0 [120]
     kworker/0:3-746   [000]     0.034368: (+0)     sched_switch:         kworker/0:3:746 [120] I ==> cg.C.x:3736 [120]
          cg.C.x-3736  [000]     0.034373: (+5)     bprint:               __handle_mm_fault: NUMAB MEM ACCESS process[nid:0, cpu:0, pid:3736], folio[virt:0x7f70c4400fe8, phys:0x1187e6000, pfn:0x1187e6, nid:0, npages:1]
          cg.C.x-3759  [021]     0.034380: (+7)     bprint:               change_prot_numa: NUMAB SCAN vma[start:0x7f70c5001000, end:0x7f70c5801000, from:0x7f70c5001000, to:0x7f70c5801000, size:8192 KB]
          cg.C.x-3735  [059]     0.034380: (+0)     bprint:               __handle_mm_fault: NUMAB MEM ACCESS process[nid:1, cpu:59, pid:3735], folio[virt:0x7f70c4e002b0, phys:0x153418000, pfn:0x153418, nid:0, npages:1]
          cg.C.x-3735  [059]     0.034381: (+1)     bprint:               __handle_mm_fault: NUMAB TRY MEM MIGR process[nid:1, cpu:59, pid:3735], folio[virt:0x7f70c4e002b0, phys:0x153418000, nid:0], target_nid:1
          cg.C.x-3759  [021]     0.034407: (+26)    bprint:               change_prot_numa: NUMAB SCAN vma[start:0x7f70c5a01000, end:0x7f70c6201000, from:0x7f70c5a01000, to:0x7f70c6201000, size:8192 KB]
          cg.C.x-3734  [062]     0.034408: (+1)     bprint:               __handle_mm_fault: NUMAB MEM ACCESS process[nid:0, cpu:62, pid:3734], folio[virt:0x7f70c58002b0, phys:0x11543e000, pfn:0x11543e, nid:0, npages:1]
          cg.C.x-3735  [059]     0.034409: (+1)     bprint:               __handle_mm_fault: NUMAB COMPLETED MEM MIGR process[nid:1, cpu:59, pid:3735], old[phys:0x153418000, nid:0, npages:1], new[phys:0x185b435000, nid:1, npages:1]
          cg.C.x-3733  [055]     0.034453: (+44)    bprint:               __handle_mm_fault: NUMAB MEM ACCESS process[nid:1, cpu:55, pid:3733], folio[virt:0x7f70c62002b0, phys:0x151204000, pfn:0x151204, nid:0, npages:1]
          cg.C.x-3759  [021]     0.034454: (+1)     bprint:               change_prot_numa: NUMAB SCAN vma[start:0x7f70c6401000, end:0x7f70c6c01000, from:0x7f70c6401000, to:0x7f70c6c01000, size:8192 KB]
          cg.C.x-3733  [055]     0.034454: (+0)     bprint:               __handle_mm_fault: NUMAB TRY MEM MIGR process[nid:1, cpu:55, pid:3733], folio[virt:0x7f70c62002b0, phys:0x151204000, nid:0], target_nid:1
          cg.C.x-3732  [058]     0.034480: (+26)    bprint:               __handle_mm_fault: NUMAB MEM ACCESS process[nid:0, cpu:58, pid:3732], folio[virt:0x7f70c6bff698, phys:0x1806bf000, pfn:0x1806bf, nid:0, npages:1]
          cg.C.x-3733  [055]     0.034481: (+1)     bprint:               __handle_mm_fault: NUMAB COMPLETED MEM MIGR process[nid:1, cpu:55, pid:3733], old[phys:0x151204000, nid:0, npages:1], new[phys:0x186b60e000, nid:1, npages:1]
          cg.C.x-3759  [021]     0.034502: (+21)    bprint:               change_prot_numa: NUMAB SCAN vma[start:0x7f70c6e01000, end:0x7f70c7601000, from:0x7f70c6e01000, to:0x7f70c7601000, size:8192 KB]
          cg.C.x-3732  [058]     0.034503: (+1)     bprint:               __handle_mm_fault: NUMAB MEM ACCESS process[nid:0, cpu:58, pid:3732], folio[virt:0x7f70c6c002b0, phys:0x15305d000, pfn:0x15305d, nid:0, npages:1]
          cg.C.x-3731  [053]     0.034527: (+24)    bprint:               __handle_mm_fault: NUMAB MEM ACCESS process[nid:1, cpu:53, pid:3731], folio[virt:0x7f70c76002b0, phys:0x17e096f000, pfn:0x17e096f, nid:0, npages:1]
          cg.C.x-3731  [053]     0.034528: (+1)     bprint:               __handle_mm_fault: NUMAB TRY MEM MIGR process[nid:1, cpu:53, pid:3731], folio[virt:0x7f70c76002b0, phys:0x17e096f000, nid:0], target_nid:1
          cg.C.x-3759  [021]     0.034529: (+1)     bprint:               change_prot_numa: NUMAB SCAN vma[start:0x7f70c7801000, end:0x7f70c8001000, from:0x7f70c7801000, to:0x7f70c8001000, size:8192 KB]
          cg.C.x-3730  [060]     0.034554: (+25)    bprint:               __handle_mm_fault: NUMAB MEM ACCESS process[nid:0, cpu:60, pid:3730], folio[virt:0x7f70c7fff698, phys:0x11863f000, pfn:0x11863f, nid:0, npages:1]
          cg.C.x-3731  [053]     0.034555: (+1)     bprint:               __handle_mm_fault: NUMAB COMPLETED MEM MIGR process[nid:1, cpu:53, pid:3731], old[phys:0x17e096f000, nid:0, npages:1], new[phys:0x186a0e0000, nid:1, npages:1]
          cg.C.x-3759  [021]     0.034577: (+22)    bprint:               change_prot_numa: NUMAB SCAN vma[start:0x7f70c8201000, end:0x7f70c8a01000, from:0x7f70c8201000, to:0x7f70c8a01000, size:8192 KB]
          cg.C.x-3730  [060]     0.034577: (+0)     bprint:               __handle_mm_fault: NUMAB MEM ACCESS process[nid:0, cpu:60, pid:3730], folio[virt:0x7f70c80002b0, phys:0x151cb7000, pfn:0x151cb7, nid:0, npages:1]
          cg.C.x-3729  [047]     0.034601: (+24)    bprint:               __handle_mm_fault: NUMAB MEM ACCESS process[nid:1, cpu:47, pid:3729], folio[virt:0x7f70c8a002b0, phys:0x150013000, pfn:0x150013, nid:0, npages:1]
          cg.C.x-3729  [047]     0.034602: (+1)     bprint:               __handle_mm_fault: NUMAB TRY MEM MIGR process[nid:1, cpu:47, pid:3729], folio[virt:0x7f70c8a002b0, phys:0x150013000, nid:0], target_nid:1
          cg.C.x-3759  [021]     0.034603: (+1)     bprint:               change_prot_numa: NUMAB SCAN vma[start:0x7f70c8c01000, end:0x7f70c9401000, from:0x7f70c8c01000, to:0x7f70c9401000, size:8192 KB]
          cg.C.x-3729  [047]     0.034628: (+25)    bprint:               __handle_mm_fault: NUMAB COMPLETED MEM MIGR process[nid:1, cpu:47, pid:3729], old[phys:0x150013000, nid:0, npages:1], new[phys:0x186adba000, nid:1, npages:1]
          cg.C.x-3759  [021]     0.034648: (+20)    bprint:               change_prot_numa: NUMAB SCAN vma[start:0x7f70c9601000, end:0x7f70c9e01000, from:0x7f70c9601000, to:0x7f70c9e01000, size:8192 KB]
          cg.C.x-3728  [052]     0.034648: (+0)     bprint:               __handle_mm_fault: NUMAB MEM ACCESS process[nid:0, cpu:52, pid:3728], folio[virt:0x7f70c94002b0, phys:0x18046b000, pfn:0x18046b, nid:0, npages:1]
          cg.C.x-3727  [045]     0.034672: (+24)    bprint:               __handle_mm_fault: NUMAB MEM ACCESS process[nid:1, cpu:45, pid:3727], folio[virt:0x7f70c9e002b0, phys:0x1501fc000, pfn:0x1501fc, nid:0, npages:1]
          cg.C.x-3727  [045]     0.034673: (+1)     bprint:               __handle_mm_fault: NUMAB TRY MEM MIGR process[nid:1, cpu:45, pid:3727], folio[virt:0x7f70c9e002b0, phys:0x1501fc000, nid:0], target_nid:1
          cg.C.x-3759  [021]     0.034674: (+1)     bprint:               change_prot_numa: NUMAB SCAN vma[start:0x7f70ca001000, end:0x7f70ca801000, from:0x7f70ca001000, to:0x7f70ca801000, size:8192 KB]
          cg.C.x-3726  [016]     0.034697: (+23)    bprint:               __handle_mm_fault: NUMAB MEM ACCESS process[nid:0, cpu:16, pid:3726], folio[virt:0x7f70ca7ff700, phys:0x152c0f000, pfn:0x152c0f, nid:0, npages:1]
          cg.C.x-3727  [045]     0.034698: (+1)     bprint:               __handle_mm_fault: NUMAB COMPLETED MEM MIGR process[nid:1, cpu:45, pid:3727], old[phys:0x1501fc000, nid:0, npages:1], new[phys:0x186b300000, nid:1, npages:1]
          cg.C.x-3726  [016]     0.034710: (+12)    bprint:               __handle_mm_fault: NUMAB MEM ACCESS process[nid:0, cpu:16, pid:3726], folio[virt:0x7f70ca8002b0, phys:0x1117f5000, pfn:0x1117f5, nid:0, npages:1]
          cg.C.x-3759  [021]     0.034718: (+8)     bprint:               change_prot_numa: NUMAB SCAN vma[start:0x7f70caa01000, end:0x7f70cb201000, from:0x7f70caa01000, to:0x7f70cb201000, size:8192 KB]
          cg.C.x-3725  [041]     0.034741: (+23)    bprint:               __handle_mm_fault: NUMAB MEM ACCESS process[nid:1, cpu:41, pid:3725], folio[virt:0x7f70cb2002b8, phys:0x153c3a000, pfn:0x153c3a, nid:0, npages:1]
          cg.C.x-3725  [041]     0.034742: (+1)     bprint:               __handle_mm_fault: NUMAB TRY MEM MIGR process[nid:1, cpu:41, pid:3725], folio[virt:0x7f70cb2002b8, phys:0x153c3a000, nid:0], target_nid:1
          cg.C.x-3759  [021]     0.034744: (+2)     bprint:               change_prot_numa: NUMAB SCAN vma[start:0x7f70cb401000, end:0x7f70cbc01000, from:0x7f70cb401000, to:0x7f70cbc01000, size:8192 KB]
          cg.C.x-3725  [041]     0.034768: (+24)    bprint:               __handle_mm_fault: NUMAB COMPLETED MEM MIGR process[nid:1, cpu:41, pid:3725], old[phys:0x153c3a000, nid:0, npages:1], new[phys:0x185c9d0000, nid:1, npages:1]
          cg.C.x-3724  [014]     0.034781: (+13)    bprint:               __handle_mm_fault: NUMAB MEM ACCESS process[nid:0, cpu:14, pid:3724], folio[virt:0x7f70cbc002b8, phys:0x152c3b000, pfn:0x152c3b, nid:0, npages:1]
          cg.C.x-3759  [021]     0.034788: (+7)     bprint:               change_prot_numa: NUMAB SCAN vma[start:0x7f70cbe01000, end:0x7f70cc601000, from:0x7f70cbe01000, to:0x7f70cc601000, size:8192 KB]
          cg.C.x-3759  [021]     0.034814: (+26)    bprint:               change_prot_numa: NUMAB SCAN vma[start:0x7f70cc801000, end:0x7f70cd001000, from:0x7f70cc801000, to:0x7f70cd001000, size:8192 KB]
          cg.C.x-3759  [021]     0.034841: (+27)    bprint:               change_prot_numa: NUMAB SCAN vma[start:0x7f70cd201000, end:0x7f70cda01000, from:0x7f70cd201000, to:0x7f70cda01000, size:8192 KB]
          cg.C.x-3759  [021]     0.034867: (+26)    bprint:               change_prot_numa: NUMAB SCAN vma[start:0x7f70cdc01000, end:0x7f70ce401000, from:0x7f70cdc01000, to:0x7f70ce401000, size:8192 KB]
          cg.C.x-3759  [021]     0.034894: (+27)    bprint:               change_prot_numa: NUMAB SCAN vma[start:0x7f70ce601000, end:0x7f70cee01000, from:0x7f70ce601000, to:0x7f70cee01000, size:8192 KB]
          cg.C.x-3759  [021]     0.034920: (+26)    bprint:               change_prot_numa: NUMAB SCAN vma[start:0x7f70cf001000, end:0x7f70cf801000, from:0x7f70cf001000, to:0x7f70cf801000, size:8192 KB]
          cg.C.x-3759  [021]     0.034947: (+27)    bprint:               change_prot_numa: NUMAB SCAN vma[start:0x7f70cfa01000, end:0x7f70d0201000, from:0x7f70cfa01000, to:0x7f70d0201000, size:8192 KB]
          cg.C.x-3759  [021]     0.034973: (+26)    bprint:               change_prot_numa: NUMAB SCAN vma[start:0x7f70d0401000, end:0x7f70d0c01000, from:0x7f70d0401000, to:0x7f70d0c01000, size:8192 KB]
          cg.C.x-3759  [021]     0.034999: (+26)    bprint:               change_prot_numa: NUMAB SCAN vma[start:0x7f70d0e01000, end:0x7f70d1601000, from:0x7f70d0e01000, to:0x7f70d1601000, size:8192 KB]
          cg.C.x-3759  [021]     0.035025: (+26)    bprint:               change_prot_numa: NUMAB SCAN vma[start:0x7f70d1801000, end:0x7f70d2001000, from:0x7f70d1801000, to:0x7f70d2001000, size:8192 KB]
          cg.C.x-3759  [021]     0.035052: (+27)    bprint:               change_prot_numa: NUMAB SCAN vma[start:0x7f70d2201000, end:0x7f70d2a01000, from:0x7f70d2201000, to:0x7f70d2a01000, size:8192 KB]
          cg.C.x-3759  [021]     0.035079: (+27)    bprint:               change_prot_numa: NUMAB SCAN vma[start:0x7f70d2c01000, end:0x7f70d3401000, from:0x7f70d2c01000, to:0x7f70d3401000, size:8192 KB]
          cg.C.x-3759  [021]     0.035105: (+26)    bprint:               change_prot_numa: NUMAB SCAN vma[start:0x7f70d3601000, end:0x7f70d3e01000, from:0x7f70d3601000, to:0x7f70d3e01000, size:8192 KB]
          cg.C.x-3759  [021]     0.035131: (+26)    bprint:               change_prot_numa: NUMAB SCAN vma[start:0x7f70d4001000, end:0x7f70d4801000, from:0x7f70d4001000, to:0x7f70d4801000, size:8192 KB]
          cg.C.x-3759  [021]     0.035158: (+27)    bprint:               change_prot_numa: NUMAB SCAN vma[start:0x7f70d4a01000, end:0x7f70d5201000, from:0x7f70d4a01000, to:0x7f70d5201000, size:8192 KB]
          cg.C.x-3759  [021]     0.035184: (+26)    bprint:               change_prot_numa: NUMAB SCAN vma[start:0x7f70d5291000, end:0x7f70e7af9000, from:0x7f70d5291000, to:0x7f70d7c00000, size:42428 KB]
          cg.C.x-3714  [019]     0.035391: (+207)   sched_switch:         cg.C.x:3714 [120] S ==> swapper/19:0 [120]
          cg.C.x-3715  [001]     0.037291: (+1900)  sched_switch:         cg.C.x:3715 [120] S ==> swapper/1:0 [120]
          cg.C.x-3771  [007]     0.038301: (+1010)  sched_wake_idle_without_ipi: cpu=1
          cg.C.x-3716  [038]     0.038470: (+169)   sched_switch:         cg.C.x:3716 [120] S ==> swapper/38:0 [120]
          cg.C.x-3717  [005]     0.040201: (+1731)  sched_switch:         cg.C.x:3717 [120] S ==> swapper/5:0 [120]
          cg.C.x-3718  [042]     0.042021: (+1820)  sched_switch:         cg.C.x:3718 [120] S ==> swapper/42:0 [120]
          <idle>-0     [056]     0.042300: (+279)   sched_waking:         comm=rcu_preempt pid=17 prio=120 target_cpu=056
          cg.C.x-3762  [008]     0.042301: (+1)     sched_wake_idle_without_ipi: cpu=1
          <idle>-0     [056]     0.042302: (+1)     sched_wakeup:         rcu_preempt:17 [120] CPU:056
          <idle>-0     [056]     0.042306: (+4)     sched_switch:         swapper/56:0 [120] R ==> rcu_preempt:17 [120]
     rcu_preempt-17    [056]     0.042310: (+4)     sched_switch:         rcu_preempt:17 [120] I ==> swapper/56:0 [120]
          cg.C.x-3719  [043]     0.043623: (+1313)  sched_switch:         cg.C.x:3719 [120] S ==> swapper/43:0 [120]
          cg.C.x-3720  [050]     0.045467: (+1844)  sched_switch:         cg.C.x:3720 [120] S ==> swapper/50:0 [120]
          cg.C.x-3760  [010]     0.046301: (+834)   sched_wake_idle_without_ipi: cpu=1
          cg.C.x-3762  [008]     0.046303: (+2)     bprint:               change_prot_numa: NUMAB SCAN vma[start:0x7f70d5291000, end:0x7f70e7af9000, from:0x7f70d7c00000, to:0x7f70e7af9000, size:261092 KB]
          cg.C.x-3762  [008]     0.046306: (+3)     bprint:               change_prot_numa: NUMAB SCAN vma[start:0x7f70e7c00000, end:0x7f70e8e50000, from:0x7f70e7c00000, to:0x7f70e8e50000, size:18752 KB]
          cg.C.x-3721  [057]     0.046306: (+0)     bprint:               __handle_mm_fault: NUMAB MEM ACCESS process[nid:1, cpu:57, pid:3721], folio[virt:0x7f70cda00fe8, phys:0x123197000, pfn:0x123197, nid:0, npages:1]
          cg.C.x-3721  [057]     0.046307: (+1)     bprint:               __handle_mm_fault: NUMAB TRY MEM MIGR process[nid:1, cpu:57, pid:3721], folio[virt:0x7f70cda00fe8, phys:0x123197000, nid:0], target_nid:1
          cg.C.x-3723  [035]     0.046311: (+4)     bprint:               __handle_mm_fault: NUMAB MEM ACCESS process[nid:1, cpu:35, pid:3723], folio[virt:0x7f70cc600fe8, phys:0x180179000, pfn:0x180179, nid:0, npages:1]
          cg.C.x-3723  [035]     0.046312: (+1)     bprint:               __handle_mm_fault: NUMAB TRY MEM MIGR process[nid:1, cpu:35, pid:3723], folio[virt:0x7f70cc600fe8, phys:0x180179000, nid:0], target_nid:1
          cg.C.x-3762  [008]     0.046330: (+18)    bprint:               change_prot_numa: NUMAB SCAN vma[start:0x7f70e8edb000, end:0x7f70fb4f9000, from:0x7f70e8edb000, to:0x7f70f7e00000, size:244884 KB]
          cg.C.x-3721  [057]     0.046333: (+3)     bprint:               __handle_mm_fault: NUMAB COMPLETED MEM MIGR process[nid:1, cpu:57, pid:3721], old[phys:0x123197000, nid:0, npages:1], new[phys:0x185b135000, nid:1, npages:1]
          cg.C.x-3723  [035]     0.046346: (+13)    bprint:               __handle_mm_fault: NUMAB COMPLETED MEM MIGR process[nid:1, cpu:35, pid:3723], old[phys:0x180179000, nid:0, npages:1], new[phys:0x185c580000, nid:1, npages:1]
          cg.C.x-3721  [057]     0.048182: (+1836)  sched_switch:         cg.C.x:3721 [120] S ==> swapper/57:0 [120]
          cg.C.x-3736  [000]     0.049558: (+1376)  sched_waking:         comm=migration/0 pid=18 prio=0 target_cpu=000
          cg.C.x-3736  [000]     0.049559: (+1)     sched_wakeup:         migration/0:18 [0] CPU:000
          cg.C.x-3736  [000]     0.049562: (+3)     sched_switch:         cg.C.x:3736 [120] R ==> migration/0:18 [0]
     migration/0-18    [000]     0.049567: (+5)     sched_switch:         migration/0:18 [0] S ==> cg.C.x:3736 [120]
          cg.C.x-3722  [012]     0.050044: (+477)   sched_switch:         cg.C.x:3722 [120] S ==> swapper/12:0 [120]
          cg.C.x-3760  [010]     0.050300: (+256)   sched_wake_idle_without_ipi: cpu=1
          cg.C.x-3723  [035]     0.050770: (+470)   sched_switch:         cg.C.x:3723 [120] S ==> swapper/35:0 [120]
          cg.C.x-3724  [014]     0.052587: (+1817)  sched_switch:         cg.C.x:3724 [120] S ==> swapper/14:0 [120]
          cg.C.x-3749  [049]     0.054301: (+1714)  sched_wake_idle_without_ipi: cpu=1
          cg.C.x-3763  [015]     0.054306: (+5)     sched_wake_idle_without_ipi: cpu=1
          cg.C.x-3725  [041]     0.054366: (+60)    sched_switch:         cg.C.x:3725 [120] S ==> swapper/41:0 [120]
          cg.C.x-3726  [016]     0.056058: (+1692)  sched_switch:         cg.C.x:3726 [120] S ==> swapper/16:0 [120]
          cg.C.x-3727  [045]     0.057695: (+1637)  sched_switch:         cg.C.x:3727 [120] S ==> swapper/45:0 [120]
          cg.C.x-3743  [037]     0.058300: (+605)   sched_wake_idle_without_ipi: cpu=1
          cg.C.x-3753  [029]     0.058304: (+4)     sched_waking:         comm=kworker/29:0 pid=193 prio=120 target_cpu=029
          cg.C.x-3771  [007]     0.058304: (+0)     bprint:               change_prot_numa: NUMAB SCAN vma[start:0x7f70e8edb000, end:0x7f70fb4f9000, from:0x7f70f7e00000, to:0x7f70fb4f9000, size:56292 KB]
          cg.C.x-3753  [029]     0.058305: (+1)     sched_wakeup:         kworker/29:0:193 [120] CPU:029
          cg.C.x-3771  [007]     0.058306: (+1)     bprint:               change_prot_numa: NUMAB SCAN vma[start:0x7f70fb600000, end:0x7f70fbf28000, from:0x7f70fb600000, to:0x7f70fbf28000, size:9376 KB]
          cg.C.x-3753  [029]     0.058307: (+1)     sched_switch:         cg.C.x:3753 [120] R ==> kworker/29:0:193 [120]
    kworker/29:0-193   [029]     0.058311: (+4)     sched_switch:         kworker/29:0:193 [120] I ==> cg.C.x:3753 [120]
          cg.C.x-3771  [007]     0.058325: (+14)    bprint:               change_prot_numa: NUMAB SCAN vma[start:0x7f70fc000000, end:0x7f710530f000, from:0x7f70fc000000, to:0x7f710530f000, size:150588 KB]
          cg.C.x-3771  [007]     0.058341: (+16)    bprint:               change_prot_numa: NUMAB SCAN vma[start:0x7f7105400000, end:0x7f710e67d000, from:0x7f7105400000, to:0x7f710b800000, size:102400 KB]
          cg.C.x-3728  [052]     0.060066: (+1725)  sched_switch:         cg.C.x:3728 [120] S ==> swapper/52:0 [120]
          cg.C.x-3729  [047]     0.061933: (+1867)  sched_switch:         cg.C.x:3729 [120] S ==> swapper/47:0 [120]
          cg.C.x-3750  [044]     0.062301: (+368)   sched_wake_idle_without_ipi: cpu=1
          cg.C.x-3730  [060]     0.063173: (+872)   sched_switch:         cg.C.x:3730 [120] S ==> swapper/60:0 [120]
          cg.C.x-3731  [053]     0.064827: (+1654)  sched_switch:         cg.C.x:3731 [120] S ==> swapper/53:0 [120]
          cg.C.x-3771  [007]     0.066301: (+1474)  sched_wake_idle_without_ipi: cpu=1
          cg.C.x-3732  [058]     0.066696: (+395)   sched_switch:         cg.C.x:3732 [120] S ==> swapper/58:0 [120]
          cg.C.x-3733  [055]     0.068403: (+1707)  sched_switch:         cg.C.x:3733 [120] S ==> swapper/55:0 [120]
          cg.C.x-3734  [062]     0.070186: (+1783)  sched_switch:         cg.C.x:3734 [120] S ==> swapper/62:0 [120]
          cg.C.x-3735  [059]     0.072437: (+2251)  sched_switch:         cg.C.x:3735 [120] S ==> swapper/59:0 [120]
          cg.C.x-3740  [036]     0.073409: (+972)   sched_switch:         cg.C.x:3740 [120] S ==> swapper/36:0 [120]
          cg.C.x-3771  [007]     0.074303: (+894)   bprint:               change_prot_numa: NUMAB SCAN vma[start:0x7f7105400000, end:0x7f710e67d000, from:0x7f710b800000, to:0x7f710e67d000, size:47604 KB]
          cg.C.x-3771  [007]     0.074305: (+2)     bprint:               change_prot_numa: NUMAB SCAN vma[start:0x7f710e6db000, end:0x7f710e800000, from:0x7f710e6db000, to:0x7f710e800000, size:1172 KB]
          cg.C.x-3771  [007]     0.074318: (+13)    bprint:               change_prot_numa: NUMAB SCAN vma[start:0x7f710eaf9000, end:0x7f710ec1f000, from:0x7f710eaf9000, to:0x7f710ec1f000, size:1176 KB]
          cg.C.x-3771  [007]     0.074338: (+20)    bprint:               change_prot_numa: NUMAB SCAN vma[start:0x7f710edf1000, end:0x7f710edf3000, from:0x7f710edf1000, to:0x7f710edf3000, size:8 KB]
          cg.C.x-3750  [044]     0.074339: (+1)     bprint:               __handle_mm_fault: NUMAB MEM ACCESS process[nid:0, cpu:44, pid:3750], folio[virt:0x7f710eb59fd4, phys:0x185b223000, pfn:0x185b223, nid:1, npages:1]
          cg.C.x-3750  [044]     0.074340: (+1)     bprint:               __handle_mm_fault: NUMAB TRY MEM MIGR process[nid:0, cpu:44, pid:3750], folio[virt:0x7f710eb59fd4, phys:0x185b223000, nid:1], target_nid:0
          cg.C.x-3771  [007]     0.074350: (+10)    bprint:               change_prot_numa: NUMAB SCAN vma[start:0x7f710edf3000, end:0x7f710ee00000, from:0x7f710edf3000, to:0x7f710ee00000, size:52 KB]
          cg.C.x-3750  [044]     0.074365: (+15)    bprint:               __handle_mm_fault: NUMAB COMPLETED MEM MIGR process[nid:0, cpu:44, pid:3750], old[phys:0x185b223000, nid:1, npages:1], new[phys:0x3c5de8000, nid:0, npages:1]
          cg.C.x-3771  [007]     0.074377: (+12)    bprint:               change_prot_numa: NUMAB SCAN vma[start:0x7f710f0c8000, end:0x7f710f0ca000, from:0x7f710f0c8000, to:0x7f710f0ca000, size:8 KB]
          cg.C.x-3771  [007]     0.074389: (+12)    bprint:               change_prot_numa: NUMAB SCAN vma[start:0x7f710f0d3000, end:0x7f710f0d6000, from:0x7f710f0d3000, to:0x7f710f0d6000, size:12 KB]
          cg.C.x-3771  [007]     0.074402: (+13)    bprint:               change_prot_numa: NUMAB SCAN vma[start:0x7f710f11c000, end:0x7f710f11d000, from:0x7f710f11c000, to:0x7f710f11d000, size:4 KB]
          cg.C.x-3771  [007]     0.074415: (+13)    bprint:               change_prot_numa: NUMAB SCAN vma[start:0x7f710f11d000, end:0x7f710f11f000, from:0x7f710f11d000, to:0x7f710f11f000, size:8 KB]
          cg.C.x-3771  [007]     0.074428: (+13)    bprint:               change_prot_numa: NUMAB SCAN vma[start:0x7f710f13e000, end:0x7f710f13f000, from:0x7f710f13e000, to:0x7f710f13f000, size:4 KB]
          cg.C.x-3771  [007]     0.074440: (+12)    bprint:               change_prot_numa: NUMAB SCAN vma[start:0x7f710f186000, end:0x7f710f187000, from:0x7f710f186000, to:0x7f710f187000, size:4 KB]
          cg.C.x-3771  [007]     0.074453: (+13)    bprint:               change_prot_numa: NUMAB SCAN vma[start:0x7f710f265000, end:0x7f710f266000, from:0x7f710f265000, to:0x7f710f266000, size:4 KB]
          cg.C.x-3771  [007]     0.074466: (+13)    bprint:               change_prot_numa: NUMAB SCAN vma[start:0x7f710f270000, end:0x7f710f272000, from:0x7f710f270000, to:0x7f710f272000, size:8 KB]
          cg.C.x-3771  [007]     0.074479: (+13)    bprint:               change_prot_numa: NUMAB SCAN vma[start:0x7f710f2a4000, end:0x7f710f2a6000, from:0x7f710f2a4000, to:0x7f710f2a6000, size:8 KB]
          cg.C.x-3771  [007]     0.074491: (+12)    bprint:               change_prot_numa: NUMAB SCAN vma[start:0x7fff833eb000, end:0x7fff8340c000, from:0x7fff833eb000, to:0x7fff8340c000, size:132 KB]
          cg.C.x-3771  [007]     0.074506: (+15)    bprint:               change_prot_numa: NUMAB SCAN vma[start:0x7fff83571000, end:0x7fff83573000, from:0x7fff83571000, to:0x7fff83573000, size:8 KB]
          cg.C.x-3736  [000]     0.074509: (+3)     bprint:               __handle_mm_fault: NUMAB MEM ACCESS process[nid:0, cpu:0, pid:3736], folio[virt:0x7f710f1863f0, phys:0x1b05e7000, pfn:0x1b05e7, nid:0, npages:1]
          cg.C.x-3736  [000]     0.074520: (+11)    sched_switch:         cg.C.x:3736 [120] S ==> swapper/0:0 [120]
          cg.C.x-3748  [032]     0.075494: (+974)   bprint:               __handle_mm_fault: NUMAB MEM ACCESS process[nid:0, cpu:32, pid:3748], folio[virt:0x7f710eb56000, phys:0x2c435ae000, pfn:0x2c435ae, nid:1, npages:1]
          cg.C.x-3748  [032]     0.075495: (+1)     bprint:               __handle_mm_fault: NUMAB TRY MEM MIGR process[nid:0, cpu:32, pid:3748], folio[virt:0x7f710eb56000, phys:0x2c435ae000, nid:1], target_nid:0
          cg.C.x-3748  [032]     0.075503: (+8)     bprint:               __handle_mm_fault: NUMAB COMPLETED MEM MIGR process[nid:0, cpu:32, pid:3748], old[phys:0x2c435ae000, nid:1, npages:1], new[phys:0x151e42000, nid:0, npages:1]
          cg.C.x-3737  [061]     0.075620: (+117)   sched_switch:         cg.C.x:3737 [120] S ==> swapper/61:0 [120]
          cg.C.x-3741  [033]     0.075882: (+262)   sched_switch:         cg.C.x:3741 [120] S ==> swapper/33:0 [120]
          cg.C.x-3738  [002]     0.077198: (+1316)  sched_switch:         cg.C.x:3738 [120] S ==> swapper/2:0 [120]
          cg.C.x-3765  [009]     0.078301: (+1103)  sched_wake_idle_without_ipi: cpu=0
          cg.C.x-3739  [063]     0.078991: (+690)   sched_switch:         cg.C.x:3739 [120] S ==> swapper/63:0 [120]
          cg.C.x-3743  [037]     0.079752: (+761)   sched_switch:         cg.C.x:3743 [120] S ==> swapper/37:0 [120]
          cg.C.x-3762  [008]     0.081557: (+1805)  sched_waking:         comm=migration/8 pid=65 prio=0 target_cpu=008
          cg.C.x-3760  [010]     0.081557: (+0)     sched_waking:         comm=migration/10 pid=77 prio=0 target_cpu=010
          cg.C.x-3758  [006]     0.081557: (+0)     sched_waking:         comm=migration/6 pid=53 prio=0 target_cpu=006
          cg.C.x-3756  [018]     0.081557: (+0)     sched_waking:         comm=migration/18 pid=125 prio=0 target_cpu=018
          cg.C.x-3771  [007]     0.081558: (+1)     sched_waking:         comm=migration/7 pid=59 prio=0 target_cpu=007
          cg.C.x-3769  [003]     0.081558: (+0)     sched_waking:         comm=migration/3 pid=35 prio=0 target_cpu=003
          cg.C.x-3765  [009]     0.081558: (+0)     sched_waking:         comm=migration/9 pid=71 prio=0 target_cpu=009
          cg.C.x-3763  [015]     0.081558: (+0)     sched_waking:         comm=migration/15 pid=107 prio=0 target_cpu=015
          cg.C.x-3767  [011]     0.081558: (+0)     sched_waking:         comm=migration/11 pid=83 prio=0 target_cpu=011
          <idle>-0     [002]     0.081558: (+0)     sched_waking:         comm=migration/2 pid=29 prio=0 target_cpu=002
          cg.C.x-3745  [013]     0.081558: (+0)     sched_waking:         comm=migration/13 pid=95 prio=0 target_cpu=013
          <idle>-0     [012]     0.081558: (+0)     sched_waking:         comm=migration/12 pid=89 prio=0 target_cpu=012
          <idle>-0     [016]     0.081558: (+0)     sched_waking:         comm=migration/16 pid=113 prio=0 target_cpu=016
          <idle>-0     [017]     0.081558: (+0)     sched_waking:         comm=migration/17 pid=119 prio=0 target_cpu=017
          <idle>-0     [014]     0.081559: (+1)     sched_waking:         comm=migration/14 pid=101 prio=0 target_cpu=014
          cg.C.x-3762  [008]     0.081559: (+0)     sched_wakeup:         migration/8:65 [0] CPU:008
          <idle>-0     [019]     0.081559: (+0)     sched_waking:         comm=migration/19 pid=131 prio=0 target_cpu=019
          cg.C.x-3758  [006]     0.081559: (+0)     sched_wakeup:         migration/6:53 [0] CPU:006
          cg.C.x-3756  [018]     0.081559: (+0)     sched_wakeup:         migration/18:125 [0] CPU:018
          cg.C.x-3760  [010]     0.081559: (+0)     sched_wakeup:         migration/10:77 [0] CPU:010
          cg.C.x-3765  [009]     0.081559: (+0)     sched_wakeup:         migration/9:71 [0] CPU:009
          cg.C.x-3769  [003]     0.081559: (+0)     sched_wakeup:         migration/3:35 [0] CPU:003
          <idle>-0     [002]     0.081560: (+1)     sched_wakeup:         migration/2:29 [0] CPU:002
          cg.C.x-3771  [007]     0.081560: (+0)     sched_wakeup:         migration/7:59 [0] CPU:007
          <idle>-0     [012]     0.081560: (+0)     sched_wakeup:         migration/12:89 [0] CPU:012
          cg.C.x-3767  [011]     0.081560: (+0)     sched_wakeup:         migration/11:83 [0] CPU:011
          <idle>-0     [019]     0.081560: (+0)     sched_wakeup:         migration/19:131 [0] CPU:019
          <idle>-0     [017]     0.081560: (+0)     sched_wakeup:         migration/17:119 [0] CPU:017
          cg.C.x-3763  [015]     0.081560: (+0)     sched_wakeup:         migration/15:107 [0] CPU:015
          <idle>-0     [016]     0.081561: (+1)     sched_wakeup:         migration/16:113 [0] CPU:016
          <idle>-0     [014]     0.081561: (+0)     sched_wakeup:         migration/14:101 [0] CPU:014
          cg.C.x-3758  [006]     0.081561: (+0)     sched_switch:         cg.C.x:3758 [120] R ==> migration/6:53 [0]
          cg.C.x-3762  [008]     0.081561: (+0)     sched_switch:         cg.C.x:3762 [120] R ==> migration/8:65 [0]
          cg.C.x-3756  [018]     0.081561: (+0)     sched_switch:         cg.C.x:3756 [120] R ==> migration/18:125 [0]
          cg.C.x-3760  [010]     0.081561: (+0)     sched_switch:         cg.C.x:3760 [120] R ==> migration/10:77 [0]
          cg.C.x-3745  [013]     0.081562: (+1)     sched_wakeup:         migration/13:95 [0] CPU:013
          cg.C.x-3769  [003]     0.081562: (+0)     sched_switch:         cg.C.x:3769 [120] R ==> migration/3:35 [0]
          cg.C.x-3771  [007]     0.081562: (+0)     sched_switch:         cg.C.x:3771 [120] R ==> migration/7:59 [0]
          <idle>-0     [002]     0.081562: (+0)     sched_switch:         swapper/2:0 [120] R ==> migration/2:29 [0]
          cg.C.x-3767  [011]     0.081563: (+1)     sched_switch:         cg.C.x:3767 [120] R ==> migration/11:83 [0]
          cg.C.x-3765  [009]     0.081563: (+0)     sched_switch:         cg.C.x:3765 [120] R ==> migration/9:71 [0]
          <idle>-0     [012]     0.081563: (+0)     sched_switch:         swapper/12:0 [120] R ==> migration/12:89 [0]
          <idle>-0     [017]     0.081563: (+0)     sched_switch:         swapper/17:0 [120] R ==> migration/17:119 [0]
          cg.C.x-3763  [015]     0.081564: (+1)     sched_switch:         cg.C.x:3763 [120] R ==> migration/15:107 [0]
          <idle>-0     [019]     0.081564: (+0)     sched_switch:         swapper/19:0 [120] R ==> migration/19:131 [0]
          <idle>-0     [014]     0.081564: (+0)     sched_switch:         swapper/14:0 [120] R ==> migration/14:101 [0]
          cg.C.x-3745  [013]     0.081564: (+0)     sched_switch:         cg.C.x:3745 [120] R ==> migration/13:95 [0]
          <idle>-0     [016]     0.081564: (+0)     sched_switch:         swapper/16:0 [120] R ==> migration/16:113 [0]
     migration/8-65    [008]     0.081565: (+1)     sched_switch:         migration/8:65 [0] S ==> cg.C.x:3762 [120]
    migration/18-125   [018]     0.081565: (+0)     sched_switch:         migration/18:125 [0] S ==> cg.C.x:3756 [120]
     migration/6-53    [006]     0.081565: (+0)     sched_switch:         migration/6:53 [0] S ==> cg.C.x:3758 [120]
    migration/10-77    [010]     0.081565: (+0)     sched_switch:         migration/10:77 [0] S ==> cg.C.x:3760 [120]
    migration/11-83    [011]     0.081566: (+1)     sched_switch:         migration/11:83 [0] S ==> cg.C.x:3767 [120]
     migration/7-59    [007]     0.081566: (+0)     sched_switch:         migration/7:59 [0] S ==> cg.C.x:3771 [120]
     migration/9-71    [009]     0.081566: (+0)     sched_switch:         migration/9:71 [0] S ==> cg.C.x:3765 [120]
     migration/3-35    [003]     0.081566: (+0)     sched_switch:         migration/3:35 [0] S ==> cg.C.x:3769 [120]
    migration/15-107   [015]     0.081567: (+1)     sched_switch:         migration/15:107 [0] S ==> cg.C.x:3763 [120]
    migration/13-95    [013]     0.081568: (+1)     sched_switch:         migration/13:95 [0] S ==> cg.C.x:3745 [120]
    migration/14-101   [014]     0.081583: (+15)    sched_switch:         migration/14:101 [0] S ==> swapper/14:0 [120]
    migration/19-131   [019]     0.081583: (+0)     sched_switch:         migration/19:131 [0] S ==> swapper/19:0 [120]
    migration/17-119   [017]     0.081583: (+0)     sched_switch:         migration/17:119 [0] S ==> swapper/17:0 [120]
     migration/2-29    [002]     0.081584: (+1)     sched_switch:         migration/2:29 [0] S ==> swapper/2:0 [120]
    migration/12-89    [012]     0.081584: (+0)     sched_switch:         migration/12:89 [0] S ==> swapper/12:0 [120]
    migration/16-113   [016]     0.081588: (+4)     sched_switch:         migration/16:113 [0] S ==> swapper/16:0 [120]
          <idle>-0     [005]     0.081602: (+14)    sched_waking:         comm=migration/5 pid=47 prio=0 target_cpu=005
          <idle>-0     [001]     0.081602: (+0)     sched_waking:         comm=migration/1 pid=23 prio=0 target_cpu=001
          <idle>-0     [004]     0.081602: (+0)     sched_waking:         comm=migration/4 pid=41 prio=0 target_cpu=004
          <idle>-0     [001]     0.081604: (+2)     sched_wakeup:         migration/1:23 [0] CPU:001
          <idle>-0     [004]     0.081604: (+0)     sched_wakeup:         migration/4:41 [0] CPU:004
          <idle>-0     [005]     0.081605: (+1)     sched_wakeup:         migration/5:47 [0] CPU:005
          <idle>-0     [005]     0.081628: (+23)    sched_switch:         swapper/5:0 [120] R ==> migration/5:47 [0]
          <idle>-0     [001]     0.081628: (+0)     sched_switch:         swapper/1:0 [120] R ==> migration/1:23 [0]
          <idle>-0     [004]     0.081629: (+1)     sched_switch:         swapper/4:0 [120] R ==> migration/4:41 [0]
     migration/5-47    [005]     0.081631: (+2)     sched_switch:         migration/5:47 [0] S ==> swapper/5:0 [120]
     migration/1-23    [001]     0.081631: (+0)     sched_switch:         migration/1:23 [0] S ==> swapper/1:0 [120]
     migration/4-41    [004]     0.081633: (+2)     sched_switch:         migration/4:41 [0] S ==> swapper/4:0 [120]
          cg.C.x-3742  [026]     0.081785: (+152)   sched_switch:         cg.C.x:3742 [120] S ==> swapper/26:0 [120]
          <idle>-0     [057]     0.082051: (+266)   sched_waking:         comm=haveged pid=1077 prio=120 target_cpu=057
          <idle>-0     [057]     0.082057: (+6)     sched_wakeup:         haveged:1077 [120] CPU:057
          <idle>-0     [057]     0.082059: (+2)     sched_switch:         swapper/57:0 [120] R ==> haveged:1077 [120]
         haveged-1077  [057]     0.082073: (+14)    sched_switch:         haveged:1077 [120] S ==> swapper/57:0 [120]
          cg.C.x-3765  [009]     0.082301: (+228)   sched_wake_idle_without_ipi: cpu=0
          cg.C.x-3753  [029]     0.082303: (+2)     sched_waking:         comm=kworker/29:0 pid=193 prio=120 target_cpu=029
          cg.C.x-3753  [029]     0.082305: (+2)     sched_wakeup:         kworker/29:0:193 [120] CPU:029
          cg.C.x-3753  [029]     0.082306: (+1)     sched_switch:         cg.C.x:3753 [120] R ==> kworker/29:0:193 [120]
    kworker/29:0-193   [029]     0.082309: (+3)     sched_switch:         kworker/29:0:193 [120] I ==> cg.C.x:3753 [120]
          cg.C.x-3744  [020]     0.083770: (+1461)  sched_switch:         cg.C.x:3744 [120] S ==> swapper/20:0 [120]
          cg.C.x-3747  [051]     0.084653: (+883)   sched_switch:         cg.C.x:3747 [120] S ==> swapper/51:0 [120]
          cg.C.x-3745  [013]     0.084876: (+223)   sched_switch:         cg.C.x:3745 [120] S ==> swapper/13:0 [120]
          cg.C.x-3770  [030]     0.085557: (+681)   sched_waking:         comm=migration/30 pid=197 prio=0 target_cpu=030
          cg.C.x-3764  [022]     0.085557: (+0)     sched_waking:         comm=migration/22 pid=149 prio=0 target_cpu=022
          cg.C.x-3766  [024]     0.085557: (+0)     sched_waking:         comm=migration/24 pid=161 prio=0 target_cpu=024
          cg.C.x-3759  [021]     0.085557: (+0)     sched_waking:         comm=migration/21 pid=143 prio=0 target_cpu=021
          cg.C.x-3746  [028]     0.085557: (+0)     sched_waking:         comm=migration/28 pid=185 prio=0 target_cpu=028
          cg.C.x-3757  [023]     0.085557: (+0)     sched_waking:         comm=migration/23 pid=155 prio=0 target_cpu=023
          cg.C.x-3755  [031]     0.085558: (+1)     sched_waking:         comm=migration/31 pid=203 prio=0 target_cpu=031
          cg.C.x-3751  [027]     0.085558: (+0)     sched_waking:         comm=migration/27 pid=179 prio=0 target_cpu=027
          cg.C.x-3761  [025]     0.085558: (+0)     sched_waking:         comm=migration/25 pid=167 prio=0 target_cpu=025
          cg.C.x-3753  [029]     0.085558: (+0)     sched_waking:         comm=migration/29 pid=191 prio=0 target_cpu=029
          cg.C.x-3770  [030]     0.085558: (+0)     sched_wakeup:         migration/30:197 [0] CPU:030
          cg.C.x-3766  [024]     0.085559: (+1)     sched_wakeup:         migration/24:161 [0] CPU:024
