          cg.C.x-2537  [003]     1.938058: (+0)     sched_waking:         comm=kworker/3:1 pid=723 prio=120 target_cpu=003
          cg.C.x-2594  [050]     1.938058: (+0)     sched_waking:         comm=kworker/50:0 pid=319 prio=120 target_cpu=050
          cg.C.x-2553  [053]     1.938058: (+0)     sched_waking:         comm=kworker/53:1 pid=735 prio=120 target_cpu=053
          cg.C.x-2537  [003]     1.938062: (+4)     sched_wakeup:         kworker/3:1:723 [120] CPU:003
          cg.C.x-2553  [053]     1.938062: (+0)     sched_wakeup:         kworker/53:1:735 [120] CPU:053
          cg.C.x-2593  [015]     1.938062: (+0)     sched_wakeup:         kworker/15:1:740 [120] CPU:015
          cg.C.x-2583  [011]     1.938063: (+1)     sched_wakeup:         rcu_preempt:17 [120] CPU:011
          cg.C.x-2594  [050]     1.938064: (+1)     sched_wakeup:         kworker/50:0:319 [120] CPU:050
          cg.C.x-2537  [003]     1.938067: (+3)     sched_switch:         cg.C.x:2537 [120] R ==> kworker/3:1:723 [120]
          cg.C.x-2583  [011]     1.938068: (+1)     sched_switch:         cg.C.x:2583 [120] R ==> rcu_preempt:17 [120]
          cg.C.x-2593  [015]     1.938068: (+0)     sched_switch:         cg.C.x:2593 [120] R ==> kworker/15:1:740 [120]
          cg.C.x-2553  [053]     1.938068: (+0)     sched_switch:         cg.C.x:2553 [120] R ==> kworker/53:1:735 [120]
          cg.C.x-2594  [050]     1.938070: (+2)     sched_switch:         cg.C.x:2594 [120] R ==> kworker/50:0:319 [120]
     kworker/3:1-723   [003]     1.938077: (+7)     sched_switch:         kworker/3:1:723 [120] I ==> cg.C.x:2537 [120]
    kworker/15:1-740   [015]     1.938077: (+0)     sched_switch:         kworker/15:1:740 [120] I ==> cg.C.x:2593 [120]
    kworker/53:1-735   [053]     1.938078: (+1)     sched_switch:         kworker/53:1:735 [120] I ==> cg.C.x:2553 [120]
    kworker/50:0-319   [050]     1.938079: (+1)     sched_switch:         kworker/50:0:319 [120] I ==> cg.C.x:2594 [120]
     rcu_preempt-17    [011]     1.938080: (+1)     sched_switch:         rcu_preempt:17 [120] I ==> cg.C.x:2583 [120]
          cg.C.x-2543  [051]     1.942056: (+3976)  sched_waking:         comm=kworker/51:1 pid=579 prio=120 target_cpu=051
          cg.C.x-2559  [039]     1.942056: (+0)     sched_waking:         comm=kworker/39:1 pid=730 prio=120 target_cpu=039
          cg.C.x-2545  [047]     1.942056: (+0)     sched_waking:         comm=kworker/47:1 pid=575 prio=120 target_cpu=047
          cg.C.x-2565  [041]     1.942056: (+0)     sched_waking:         comm=kworker/41:1 pid=727 prio=120 target_cpu=041
          cg.C.x-2564  [000]     1.942057: (+1)     sched_waking:         comm=kworker/0:0 pid=8 prio=120 target_cpu=000
          cg.C.x-2552  [046]     1.942057: (+0)     sched_waking:         comm=kworker/46:1 pid=728 prio=120 target_cpu=046
          cg.C.x-2546  [022]     1.942057: (+0)     sched_waking:         comm=kworker/22:1 pid=716 prio=120 target_cpu=022
          cg.C.x-2562  [060]     1.942057: (+0)     sched_waking:         comm=kworker/60:1 pid=489 prio=120 target_cpu=060
          cg.C.x-2576  [024]     1.942057: (+0)     sched_waking:         comm=kworker/24:1 pid=714 prio=120 target_cpu=024
          cg.C.x-2539  [001]     1.942057: (+0)     sched_waking:         comm=kworker/1:2 pid=470 prio=120 target_cpu=001
          cg.C.x-2591  [005]     1.942057: (+0)     sched_waking:         comm=kworker/5:1 pid=741 prio=120 target_cpu=005
          cg.C.x-2573  [023]     1.942057: (+0)     sched_waking:         comm=kworker/23:1 pid=724 prio=120 target_cpu=023
          cg.C.x-2554  [044]     1.942058: (+1)     sched_waking:         comm=kworker/u129:32 pid=2338 prio=120 target_cpu=052
          cg.C.x-2543  [051]     1.942059: (+1)     sched_wakeup:         kworker/51:1:579 [120] CPU:051
          cg.C.x-2545  [047]     1.942060: (+1)     sched_wakeup:         kworker/47:1:575 [120] CPU:047
          cg.C.x-2565  [041]     1.942060: (+0)     sched_wakeup:         kworker/41:1:727 [120] CPU:041
          cg.C.x-2559  [039]     1.942060: (+0)     sched_wakeup:         kworker/39:1:730 [120] CPU:039
          cg.C.x-2562  [060]     1.942061: (+1)     sched_wakeup:         kworker/60:1:489 [120] CPU:060
          cg.C.x-2591  [005]     1.942061: (+0)     sched_wakeup:         kworker/5:1:741 [120] CPU:005
          cg.C.x-2552  [046]     1.942061: (+0)     sched_wakeup:         kworker/46:1:728 [120] CPU:046
          cg.C.x-2539  [001]     1.942061: (+0)     sched_wakeup:         kworker/1:2:470 [120] CPU:001
          cg.C.x-2573  [023]     1.942061: (+0)     sched_wakeup:         kworker/23:1:724 [120] CPU:023
          cg.C.x-2564  [000]     1.942061: (+0)     sched_wakeup:         kworker/0:0:8 [120] CPU:000
          cg.C.x-2546  [022]     1.942061: (+0)     sched_wakeup:         kworker/22:1:716 [120] CPU:022
          cg.C.x-2554  [044]     1.942061: (+0)     sched_migrate_task:   comm=kworker/u129:32 pid=2338 prio=120 orig_cpu=52 dest_cpu=44
          cg.C.x-2576  [024]     1.942062: (+1)     sched_wakeup:         kworker/24:1:714 [120] CPU:024
          cg.C.x-2565  [041]     1.942063: (+1)     sched_switch:         cg.C.x:2565 [120] R ==> kworker/41:1:727 [120]
          cg.C.x-2559  [039]     1.942063: (+0)     sched_switch:         cg.C.x:2559 [120] R ==> kworker/39:1:730 [120]
          cg.C.x-2543  [051]     1.942063: (+0)     sched_switch:         cg.C.x:2543 [120] R ==> kworker/51:1:579 [120]
          cg.C.x-2545  [047]     1.942064: (+1)     sched_switch:         cg.C.x:2545 [120] R ==> kworker/47:1:575 [120]
          cg.C.x-2591  [005]     1.942065: (+1)     sched_switch:         cg.C.x:2591 [120] R ==> kworker/5:1:741 [120]
          cg.C.x-2564  [000]     1.942065: (+0)     sched_switch:         cg.C.x:2564 [120] R ==> kworker/0:0:8 [120]
          cg.C.x-2539  [001]     1.942065: (+0)     sched_switch:         cg.C.x:2539 [120] R ==> kworker/1:2:470 [120]
          cg.C.x-2576  [024]     1.942066: (+1)     sched_switch:         cg.C.x:2576 [120] R ==> kworker/24:1:714 [120]
          cg.C.x-2562  [060]     1.942066: (+0)     sched_switch:         cg.C.x:2562 [120] R ==> kworker/60:1:489 [120]
          cg.C.x-2554  [044]     1.942066: (+0)     sched_wakeup:         kworker/u129:32:2338 [120] CPU:044
          cg.C.x-2573  [023]     1.942067: (+1)     sched_switch:         cg.C.x:2573 [120] R ==> kworker/23:1:724 [120]
          cg.C.x-2554  [044]     1.942069: (+2)     sched_switch:         cg.C.x:2554 [120] R ==> kworker/u129:32:2338 [120]
    kworker/41:1-727   [041]     1.942070: (+1)     sched_switch:         kworker/41:1:727 [120] I ==> cg.C.x:2565 [120]
    kworker/51:1-579   [051]     1.942070: (+0)     sched_switch:         kworker/51:1:579 [120] I ==> cg.C.x:2543 [120]
    kworker/39:1-730   [039]     1.942070: (+0)     sched_switch:         kworker/39:1:730 [120] I ==> cg.C.x:2559 [120]
    kworker/47:1-575   [047]     1.942070: (+0)     sched_switch:         kworker/47:1:575 [120] I ==> cg.C.x:2545 [120]
     kworker/5:1-741   [005]     1.942070: (+0)     sched_switch:         kworker/5:1:741 [120] I ==> cg.C.x:2591 [120]
 kworker/u129:32-2338  [044]     1.942072: (+2)     sched_waking:         comm=kworker/u129:0 pid=2339 prio=120 target_cpu=016
    kworker/60:1-489   [060]     1.942073: (+1)     sched_switch:         kworker/60:1:489 [120] I ==> cg.C.x:2562 [120]
 kworker/u129:32-2338  [044]     1.942073: (+0)     sched_migrate_task:   comm=kworker/u129:0 pid=2339 prio=120 orig_cpu=16 dest_cpu=44
     kworker/0:0-8     [000]     1.942073: (+0)     sched_switch:         kworker/0:0:8 [120] I ==> cg.C.x:2564 [120]
    kworker/24:1-714   [024]     1.942076: (+3)     sched_switch:         kworker/24:1:714 [120] I ==> cg.C.x:2576 [120]
 kworker/u129:32-2338  [044]     1.942076: (+0)     sched_wakeup:         kworker/u129:0:2339 [120] CPU:044
     kworker/1:2-470   [001]     1.942079: (+3)     sched_switch:         kworker/1:2:470 [120] I ==> cg.C.x:2539 [120]
    kworker/23:1-724   [023]     1.942079: (+0)     sched_switch:         kworker/23:1:724 [120] I ==> cg.C.x:2573 [120]
 kworker/u129:32-2338  [044]     1.942320: (+241)   sched_switch:         kworker/u129:32:2338 [120] I ==> kworker/u129:0:2339 [120]
  kworker/u129:0-2339  [044]     1.942326: (+6)     sched_switch:         kworker/u129:0:2339 [120] I ==> cg.C.x:2554 [120]
          cg.C.x-2583  [011]     1.946054: (+3728)  sched_waking:         comm=rcu_preempt pid=17 prio=120 target_cpu=011
          cg.C.x-2583  [011]     1.946059: (+5)     sched_wakeup:         rcu_preempt:17 [120] CPU:011
          cg.C.x-2552  [046]     1.946059: (+0)     sched_switch:         cg.C.x:2552 [120] R ==> kworker/46:1:728 [120]
          cg.C.x-2546  [022]     1.946059: (+0)     sched_switch:         cg.C.x:2546 [120] R ==> kworker/22:1:716 [120]
          cg.C.x-2583  [011]     1.946061: (+2)     sched_switch:         cg.C.x:2583 [120] R ==> rcu_preempt:17 [120]
    kworker/46:1-728   [046]     1.946067: (+6)     sched_switch:         kworker/46:1:728 [120] I ==> cg.C.x:2552 [120]
     rcu_preempt-17    [011]     1.946069: (+2)     sched_switch:         rcu_preempt:17 [120] I ==> cg.C.x:2583 [120]
    kworker/22:1-716   [022]     1.946074: (+5)     sched_switch:         kworker/22:1:716 [120] I ==> cg.C.x:2546 [120]
          cg.C.x-2583  [011]     1.958056: (+11982) sched_waking:         comm=rcu_preempt pid=17 prio=120 target_cpu=011
          cg.C.x-2583  [011]     1.958062: (+6)     sched_wakeup:         rcu_preempt:17 [120] CPU:011
          cg.C.x-2583  [011]     1.958068: (+6)     sched_switch:         cg.C.x:2583 [120] R ==> rcu_preempt:17 [120]
     rcu_preempt-17    [011]     1.958074: (+6)     sched_switch:         rcu_preempt:17 [120] I ==> cg.C.x:2583 [120]
          cg.C.x-2567  [033]     1.962057: (+3983)  sched_waking:         comm=rcu_preempt pid=17 prio=120 target_cpu=011
          cg.C.x-2567  [033]     1.962063: (+6)     sched_migrate_task:   comm=rcu_preempt pid=17 prio=120 orig_cpu=11 dest_cpu=33
          cg.C.x-2567  [033]     1.962070: (+7)     sched_wakeup:         rcu_preempt:17 [120] CPU:033
          cg.C.x-2567  [033]     1.962077: (+7)     sched_switch:         cg.C.x:2567 [120] R ==> rcu_preempt:17 [120]
     rcu_preempt-17    [033]     1.962085: (+8)     sched_switch:         rcu_preempt:17 [120] I ==> cg.C.x:2567 [120]
          cg.C.x-2575  [021]     1.970059: (+7974)  sched_waking:         comm=kworker/21:2 pid=1587 prio=120 target_cpu=021
          cg.C.x-2575  [021]     1.970067: (+8)     sched_wakeup:         kworker/21:2:1587 [120] CPU:021
          cg.C.x-2575  [021]     1.970075: (+8)     sched_switch:         cg.C.x:2575 [120] R ==> kworker/21:2:1587 [120]
    kworker/21:2-1587  [021]     1.970088: (+13)    sched_switch:         kworker/21:2:1587 [120] I ==> cg.C.x:2575 [120]
          cg.C.x-2596  [019]     1.974058: (+3970)  sched_waking:         comm=kworker/19:1 pid=719 prio=120 target_cpu=019
          cg.C.x-2582  [020]     1.974058: (+0)     sched_waking:         comm=kworker/20:1 pid=495 prio=120 target_cpu=020
          cg.C.x-2596  [019]     1.974067: (+9)     sched_wakeup:         kworker/19:1:719 [120] CPU:019
          cg.C.x-2582  [020]     1.974067: (+0)     sched_wakeup:         kworker/20:1:495 [120] CPU:020
          cg.C.x-2596  [019]     1.974073: (+6)     sched_switch:         cg.C.x:2596 [120] R ==> kworker/19:1:719 [120]
          cg.C.x-2582  [020]     1.974075: (+2)     sched_switch:         cg.C.x:2582 [120] R ==> kworker/20:1:495 [120]
    kworker/19:1-719   [019]     1.974086: (+11)    sched_switch:         kworker/19:1:719 [120] I ==> cg.C.x:2596 [120]
    kworker/20:1-495   [020]     1.974093: (+7)     sched_switch:         kworker/20:1:495 [120] I ==> cg.C.x:2582 [120]
          cg.C.x-2595  [017]     2.002059: (+27966) sched_waking:         comm=kworker/17:1 pid=731 prio=120 target_cpu=017
          cg.C.x-2535  [018]     2.002059: (+0)     sched_waking:         comm=kworker/18:1 pid=713 prio=120 target_cpu=018
          cg.C.x-2595  [017]     2.002067: (+8)     sched_wakeup:         kworker/17:1:731 [120] CPU:017
          cg.C.x-2535  [018]     2.002070: (+3)     sched_wakeup:         kworker/18:1:713 [120] CPU:018
          cg.C.x-2595  [017]     2.002074: (+4)     sched_switch:         cg.C.x:2595 [120] R ==> kworker/17:1:731 [120]
          cg.C.x-2535  [018]     2.002077: (+3)     sched_switch:         cg.C.x:2535 [120] R ==> kworker/18:1:713 [120]
    kworker/17:1-731   [017]     2.002087: (+10)    sched_switch:         kworker/17:1:731 [120] I ==> cg.C.x:2595 [120]
    kworker/18:1-713   [018]     2.002091: (+4)     sched_switch:         kworker/18:1:713 [120] I ==> cg.C.x:2535 [120]
          cg.C.x-2534  [052]     2.011226: (+9135)  sched_waking:         comm=kworker/u129:0 pid=2339 prio=120 target_cpu=044
          cg.C.x-2534  [052]     2.011237: (+11)    sched_wakeup:         kworker/u129:0:2339 [120] CPU:044
          cg.C.x-2554  [044]     2.011243: (+6)     sched_switch:         cg.C.x:2554 [120] R ==> kworker/u129:0:2339 [120]
  kworker/u129:0-2339  [044]     2.011252: (+9)     sched_waking:         comm=sshd pid=1978 prio=120 target_cpu=052
  kworker/u129:0-2339  [044]     2.011259: (+7)     sched_wakeup:         sshd:1978 [120] CPU:052
          cg.C.x-2534  [052]     2.011263: (+4)     sched_switch:         cg.C.x:2534 [120] R ==> sshd:1978 [120]
  kworker/u129:0-2339  [044]     2.011264: (+1)     sched_switch:         kworker/u129:0:2339 [120] I ==> cg.C.x:2554 [120]
            sshd-1978  [052]     2.011402: (+138)   sched_switch:         sshd:1978 [120] S ==> cg.C.x:2534 [120]
          cg.C.x-2592  [032]     2.026060: (+14658) bprint:               change_prot_numa: NUMAB SCAN vma[start:0x7fa6b2e01000, end:0x7fa6b3601000, from:0x7fa6b3600000, to:0x7fa6b3601000, size:4 KB]
          cg.C.x-2592  [032]     2.026108: (+48)    bprint:               change_prot_numa: NUMAB SCAN vma[start:0x7fa6b3801000, end:0x7fa6b4001000, from:0x7fa6b3801000, to:0x7fa6b4001000, size:8192 KB]
          cg.C.x-2592  [032]     2.026130: (+22)    bprint:               change_prot_numa: NUMAB SCAN vma[start:0x7fa6b4201000, end:0x7fa6b4a01000, from:0x7fa6b4201000, to:0x7fa6b4a01000, size:8192 KB]
          cg.C.x-2592  [032]     2.026150: (+20)    bprint:               change_prot_numa: NUMAB SCAN vma[start:0x7fa6b4c01000, end:0x7fa6b5401000, from:0x7fa6b4c01000, to:0x7fa6b5401000, size:8192 KB]
          cg.C.x-2592  [032]     2.026171: (+21)    bprint:               change_prot_numa: NUMAB SCAN vma[start:0x7fa6b5601000, end:0x7fa6b5e01000, from:0x7fa6b5601000, to:0x7fa6b5e01000, size:8192 KB]
          cg.C.x-2592  [032]     2.026190: (+19)    bprint:               change_prot_numa: NUMAB SCAN vma[start:0x7fa6b6001000, end:0x7fa6b6801000, from:0x7fa6b6001000, to:0x7fa6b6801000, size:8192 KB]
          cg.C.x-2592  [032]     2.026210: (+20)    bprint:               change_prot_numa: NUMAB SCAN vma[start:0x7fa6b6a01000, end:0x7fa6b7201000, from:0x7fa6b6a01000, to:0x7fa6b7201000, size:8192 KB]
          cg.C.x-2592  [032]     2.026229: (+19)    bprint:               change_prot_numa: NUMAB SCAN vma[start:0x7fa6b7401000, end:0x7fa6b7c01000, from:0x7fa6b7401000, to:0x7fa6b7c01000, size:8192 KB]
          cg.C.x-2592  [032]     2.026249: (+20)    bprint:               change_prot_numa: NUMAB SCAN vma[start:0x7fa6b7e01000, end:0x7fa6b8601000, from:0x7fa6b7e01000, to:0x7fa6b8601000, size:8192 KB]
          cg.C.x-2592  [032]     2.026268: (+19)    bprint:               change_prot_numa: NUMAB SCAN vma[start:0x7fa6b8801000, end:0x7fa6b9001000, from:0x7fa6b8801000, to:0x7fa6b9001000, size:8192 KB]
          cg.C.x-2592  [032]     2.026289: (+21)    bprint:               change_prot_numa: NUMAB SCAN vma[start:0x7fa6b9201000, end:0x7fa6b9a01000, from:0x7fa6b9201000, to:0x7fa6b9a01000, size:8192 KB]
          cg.C.x-2592  [032]     2.026309: (+20)    bprint:               change_prot_numa: NUMAB SCAN vma[start:0x7fa6b9c01000, end:0x7fa6ba401000, from:0x7fa6b9c01000, to:0x7fa6ba401000, size:8192 KB]
          cg.C.x-2592  [032]     2.026331: (+22)    bprint:               change_prot_numa: NUMAB SCAN vma[start:0x7fa6ba601000, end:0x7fa6bae01000, from:0x7fa6ba601000, to:0x7fa6bae01000, size:8192 KB]
          cg.C.x-2592  [032]     2.026351: (+20)    bprint:               change_prot_numa: NUMAB SCAN vma[start:0x7fa6bb001000, end:0x7fa6bb801000, from:0x7fa6bb001000, to:0x7fa6bb801000, size:8192 KB]
          cg.C.x-2592  [032]     2.026371: (+20)    bprint:               change_prot_numa: NUMAB SCAN vma[start:0x7fa6bba01000, end:0x7fa6bc201000, from:0x7fa6bba01000, to:0x7fa6bc201000, size:8192 KB]
          cg.C.x-2592  [032]     2.026389: (+18)    bprint:               change_prot_numa: NUMAB SCAN vma[start:0x7fa6bc401000, end:0x7fa6bcc01000, from:0x7fa6bc401000, to:0x7fa6bcc01000, size:8192 KB]
          cg.C.x-2592  [032]     2.026410: (+21)    bprint:               change_prot_numa: NUMAB SCAN vma[start:0x7fa6bce01000, end:0x7fa6bd601000, from:0x7fa6bce01000, to:0x7fa6bd601000, size:8192 KB]
          cg.C.x-2592  [032]     2.026428: (+18)    bprint:               change_prot_numa: NUMAB SCAN vma[start:0x7fa6bd801000, end:0x7fa6be001000, from:0x7fa6bd801000, to:0x7fa6be001000, size:8192 KB]
          cg.C.x-2592  [032]     2.026449: (+21)    bprint:               change_prot_numa: NUMAB SCAN vma[start:0x7fa6be201000, end:0x7fa6bea01000, from:0x7fa6be201000, to:0x7fa6bea01000, size:8192 KB]
          cg.C.x-2592  [032]     2.026467: (+18)    bprint:               change_prot_numa: NUMAB SCAN vma[start:0x7fa6bec01000, end:0x7fa6bf401000, from:0x7fa6bec01000, to:0x7fa6bf401000, size:8192 KB]
          cg.C.x-2592  [032]     2.026487: (+20)    bprint:               change_prot_numa: NUMAB SCAN vma[start:0x7fa6bf601000, end:0x7fa6bfe01000, from:0x7fa6bf601000, to:0x7fa6bfe01000, size:8192 KB]
          cg.C.x-2592  [032]     2.026507: (+20)    bprint:               change_prot_numa: NUMAB SCAN vma[start:0x7fa6c0001000, end:0x7fa6c0801000, from:0x7fa6c0001000, to:0x7fa6c0801000, size:8192 KB]
          cg.C.x-2592  [032]     2.026528: (+21)    bprint:               change_prot_numa: NUMAB SCAN vma[start:0x7fa6c0a01000, end:0x7fa6c1201000, from:0x7fa6c0a01000, to:0x7fa6c1201000, size:8192 KB]
          cg.C.x-2592  [032]     2.026546: (+18)    bprint:               change_prot_numa: NUMAB SCAN vma[start:0x7fa6c1401000, end:0x7fa6c1c01000, from:0x7fa6c1401000, to:0x7fa6c1c01000, size:8192 KB]
          cg.C.x-2592  [032]     2.026566: (+20)    bprint:               change_prot_numa: NUMAB SCAN vma[start:0x7fa6c1e01000, end:0x7fa6c2601000, from:0x7fa6c1e01000, to:0x7fa6c2601000, size:8192 KB]
          cg.C.x-2592  [032]     2.026586: (+20)    bprint:               change_prot_numa: NUMAB SCAN vma[start:0x7fa6c2801000, end:0x7fa6c3001000, from:0x7fa6c2801000, to:0x7fa6c3001000, size:8192 KB]
          cg.C.x-2592  [032]     2.026605: (+19)    bprint:               change_prot_numa: NUMAB SCAN vma[start:0x7fa6c3201000, end:0x7fa6c3a01000, from:0x7fa6c3201000, to:0x7fa6c3a01000, size:8192 KB]
          cg.C.x-2592  [032]     2.026625: (+20)    bprint:               change_prot_numa: NUMAB SCAN vma[start:0x7fa6c3c01000, end:0x7fa6c4401000, from:0x7fa6c3c01000, to:0x7fa6c4401000, size:8192 KB]
          cg.C.x-2592  [032]     2.026645: (+20)    bprint:               change_prot_numa: NUMAB SCAN vma[start:0x7fa6c4601000, end:0x7fa6c4e01000, from:0x7fa6c4601000, to:0x7fa6c4e01000, size:8192 KB]
          cg.C.x-2592  [032]     2.026663: (+18)    bprint:               change_prot_numa: NUMAB SCAN vma[start:0x7fa6c5001000, end:0x7fa6c5801000, from:0x7fa6c5001000, to:0x7fa6c5801000, size:8192 KB]
          cg.C.x-2592  [032]     2.026682: (+19)    bprint:               change_prot_numa: NUMAB SCAN vma[start:0x7fa6c5a01000, end:0x7fa6c6201000, from:0x7fa6c5a01000, to:0x7fa6c6201000, size:8192 KB]
          cg.C.x-2592  [032]     2.026700: (+18)    bprint:               change_prot_numa: NUMAB SCAN vma[start:0x7fa6c6401000, end:0x7fa6c6c01000, from:0x7fa6c6401000, to:0x7fa6c6c01000, size:8192 KB]
          cg.C.x-2592  [032]     2.026718: (+18)    bprint:               change_prot_numa: NUMAB SCAN vma[start:0x7fa6c6d6c000, end:0x7fa6d96f9000, from:0x7fa6c6d6c000, to:0x7fa6c7600000, size:8784 KB]
          cg.C.x-2537  [003]     2.026824: (+106)   bprint:               __handle_mm_fault: NUMAB MEM ACCESS process[nid:1, cpu:3, pid:2537], folio[virt:0x7fa6c6ea0000, phys:0x1867654000, pfn:0x1867654, nid:1, npages:1]
          cg.C.x-2575  [021]     2.026829: (+5)     bprint:               __handle_mm_fault: NUMAB MEM ACCESS process[nid:1, cpu:21, pid:2575], folio[virt:0x7fa6c6f4e000, phys:0x186b318000, pfn:0x186b318, nid:1, npages:1]
          cg.C.x-2549  [055]     2.026833: (+4)     bprint:               __handle_mm_fault: NUMAB MEM ACCESS process[nid:1, cpu:55, pid:2549], folio[virt:0x7fa6c6ed7000, phys:0x185b2ed000, pfn:0x185b2ed, nid:1, npages:1]
          cg.C.x-2568  [028]     2.026836: (+3)     bprint:               __handle_mm_fault: NUMAB MEM ACCESS process[nid:0, cpu:28, pid:2568], folio[virt:0x7fa6c6f2e000, phys:0x12235e000, pfn:0x12235e, nid:0, npages:1]
          cg.C.x-2594  [050]     2.026839: (+3)     bprint:               __handle_mm_fault: NUMAB MEM ACCESS process[nid:0, cpu:50, pid:2594], folio[virt:0x7fa6c6fa5000, phys:0x180113000, pfn:0x180113, nid:0, npages:1]
          cg.C.x-2587  [009]     2.026842: (+3)     bprint:               __handle_mm_fault: NUMAB MEM ACCESS process[nid:1, cpu:9, pid:2587], folio[virt:0x7fa6c6f85000, phys:0x185883c000, pfn:0x185883c, nid:1, npages:1]
          cg.C.x-2542  [034]     2.026848: (+6)     bprint:               __handle_mm_fault: NUMAB MEM ACCESS process[nid:0, cpu:34, pid:2542], folio[virt:0x7fa6c6eb7000, phys:0x153220000, pfn:0x153220, nid:0, npages:1]
          cg.C.x-2561  [043]     2.026852: (+4)     bprint:               __handle_mm_fault: NUMAB MEM ACCESS process[nid:1, cpu:43, pid:2561], folio[virt:0x7fa6c6f0e000, phys:0x186bb63000, pfn:0x186bb63, nid:1, npages:1]
          cg.C.x-2554  [044]     2.026859: (+7)     bprint:               __handle_mm_fault: NUMAB MEM ACCESS process[nid:0, cpu:44, pid:2554], folio[virt:0x7fa6c6eee000, phys:0x112aed000, pfn:0x112aed, nid:0, npages:1]
          cg.C.x-2580  [008]     2.026879: (+20)    bprint:               __handle_mm_fault: NUMAB MEM ACCESS process[nid:0, cpu:8, pid:2580], folio[virt:0x7fa6c6f65000, phys:0x17e094c000, pfn:0x17e094c, nid:0, npages:1]
          cg.C.x-2535  [018]     2.026889: (+10)    bprint:               __handle_mm_fault: NUMAB MEM ACCESS process[nid:0, cpu:18, pid:2535], folio[virt:0x7fa6c6e97000, phys:0x15347b000, pfn:0x15347b, nid:0, npages:1]
          cg.C.x-2564  [000]     2.026893: (+4)     bprint:               __handle_mm_fault: NUMAB MEM ACCESS process[nid:0, cpu:0, pid:2564], folio[virt:0x7fa6c6f1c000, phys:0x181887000, pfn:0x181887, nid:0, npages:1]
          cg.C.x-2564  [000]     2.026913: (+20)    bprint:               __handle_mm_fault: NUMAB MEM ACCESS process[nid:0, cpu:0, pid:2564], folio[virt:0x7fa6c7029f00, phys:0x1869f35000, pfn:0x1869f35, nid:1, npages:1]
          cg.C.x-2564  [000]     2.026915: (+2)     bprint:               __handle_mm_fault: NUMAB TRY MEM MIGR process[nid:0, cpu:0, pid:2564], folio[virt:0x7fa6c7029f00, phys:0x1869f35000, nid:1], target_nid:0
          cg.C.x-2594  [050]     2.026915: (+0)     bprint:               __handle_mm_fault: NUMAB MEM ACCESS process[nid:0, cpu:50, pid:2594], folio[virt:0x7fa6c70680e0, phys:0x185b0e4000, pfn:0x185b0e4, nid:1, npages:1]
          cg.C.x-2575  [021]     2.026917: (+2)     bprint:               __handle_mm_fault: NUMAB MEM ACCESS process[nid:1, cpu:21, pid:2575], folio[virt:0x7fa6c6ff1828, phys:0x186b058000, pfn:0x186b058, nid:1, npages:1]
          cg.C.x-2594  [050]     2.026918: (+1)     bprint:               __handle_mm_fault: NUMAB TRY MEM MIGR process[nid:0, cpu:50, pid:2594], folio[virt:0x7fa6c70680e0, phys:0x185b0e4000, nid:1], target_nid:0
          cg.C.x-2535  [018]     2.026918: (+0)     bprint:               __handle_mm_fault: NUMAB MEM ACCESS process[nid:0, cpu:18, pid:2535], folio[virt:0x7fa6c70bee68, phys:0x185be0f000, pfn:0x185be0f, nid:1, npages:1]
          cg.C.x-2535  [018]     2.026919: (+1)     bprint:               __handle_mm_fault: NUMAB TRY MEM MIGR process[nid:0, cpu:18, pid:2535], folio[virt:0x7fa6c70bee68, phys:0x185be0f000, nid:1], target_nid:0
          cg.C.x-2588  [054]     2.026921: (+2)     bprint:               __handle_mm_fault: NUMAB MEM ACCESS process[nid:0, cpu:54, pid:2588], folio[virt:0x7fa6c6f89aa0, phys:0x121210000, pfn:0x121210, nid:0, npages:1]
          cg.C.x-2586  [004]     2.026921: (+0)     bprint:               __handle_mm_fault: NUMAB MEM ACCESS process[nid:0, cpu:4, pid:2586], folio[virt:0x7fa6c7068c98, phys:0x185b0e4000, pfn:0x185b0e4, nid:1, npages:1]
          cg.C.x-2586  [004]     2.026922: (+1)     bprint:               __handle_mm_fault: NUMAB TRY MEM MIGR process[nid:0, cpu:4, pid:2586], folio[virt:0x7fa6c7068c98, phys:0x185b0e4000, nid:1], target_nid:0
          cg.C.x-2574  [014]     2.026923: (+1)     bprint:               __handle_mm_fault: NUMAB MEM ACCESS process[nid:0, cpu:14, pid:2574], folio[virt:0x7fa6c6fc0300, phys:0x112c36000, pfn:0x112c36, nid:0, npages:1]
          cg.C.x-2586  [004]     2.026923: (+0)     bprint:               migrate_misplaced_folio: NUMAB pid:2586 ABORTING MEM MIGR because !isolated
          cg.C.x-2568  [028]     2.026923: (+0)     bprint:               __handle_mm_fault: NUMAB MEM ACCESS process[nid:0, cpu:28, pid:2568], folio[virt:0x7fa6c7002c50, phys:0x111352000, pfn:0x111352, nid:0, npages:1]
          cg.C.x-2538  [030]     2.026926: (+3)     bprint:               __handle_mm_fault: NUMAB MEM ACCESS process[nid:0, cpu:30, pid:2538], folio[virt:0x7fa6c6fd1078, phys:0x1864955000, pfn:0x1864955, nid:1, npages:1]
          cg.C.x-2562  [060]     2.026927: (+1)     bprint:               __handle_mm_fault: NUMAB MEM ACCESS process[nid:0, cpu:60, pid:2562], folio[virt:0x7fa6c70a0548, phys:0x1857b21000, pfn:0x1857b21, nid:1, npages:1]
          cg.C.x-2538  [030]     2.026928: (+1)     bprint:               __handle_mm_fault: NUMAB TRY MEM MIGR process[nid:0, cpu:30, pid:2538], folio[virt:0x7fa6c6fd1078, phys:0x1864955000, nid:1], target_nid:0
          cg.C.x-2562  [060]     2.026928: (+0)     bprint:               __handle_mm_fault: NUMAB TRY MEM MIGR process[nid:0, cpu:60, pid:2562], folio[virt:0x7fa6c70a0548, phys:0x1857b21000, nid:1], target_nid:0
          cg.C.x-2590  [062]     2.026929: (+1)     bprint:               __handle_mm_fault: NUMAB MEM ACCESS process[nid:0, cpu:62, pid:2590], folio[virt:0x7fa6c6ff41e8, phys:0x186b066000, pfn:0x186b066, nid:1, npages:1]
          cg.C.x-2542  [034]     2.026929: (+0)     bprint:               __handle_mm_fault: NUMAB MEM ACCESS process[nid:0, cpu:34, pid:2542], folio[virt:0x7fa6c70a1520, phys:0x2c435b1000, pfn:0x2c435b1, nid:1, npages:1]
          cg.C.x-2590  [062]     2.026930: (+1)     bprint:               __handle_mm_fault: NUMAB TRY MEM MIGR process[nid:0, cpu:62, pid:2590], folio[virt:0x7fa6c6ff41e8, phys:0x186b066000, nid:1], target_nid:0
          cg.C.x-2542  [034]     2.026930: (+0)     bprint:               __handle_mm_fault: NUMAB TRY MEM MIGR process[nid:0, cpu:34, pid:2542], folio[virt:0x7fa6c70a1520, phys:0x2c435b1000, nid:1], target_nid:0
          cg.C.x-2576  [024]     2.026931: (+1)     bprint:               __handle_mm_fault: NUMAB MEM ACCESS process[nid:0, cpu:24, pid:2576], folio[virt:0x7fa6c6fca3f0, phys:0x1819d1000, pfn:0x1819d1, nid:0, npages:1]
          cg.C.x-2554  [044]     2.026931: (+0)     bprint:               __handle_mm_fault: NUMAB MEM ACCESS process[nid:0, cpu:44, pid:2554], folio[virt:0x7fa6c7069768, phys:0x185b0e5000, pfn:0x185b0e5, nid:1, npages:1]
          cg.C.x-2554  [044]     2.026932: (+1)     bprint:               __handle_mm_fault: NUMAB TRY MEM MIGR process[nid:0, cpu:44, pid:2554], folio[virt:0x7fa6c7069768, phys:0x185b0e5000, nid:1], target_nid:0
          cg.C.x-2595  [017]     2.026934: (+2)     bprint:               __handle_mm_fault: NUMAB MEM ACCESS process[nid:1, cpu:17, pid:2595], folio[virt:0x7fa6c70a4d88, phys:0x1855968000, pfn:0x1855968, nid:1, npages:1]
          cg.C.x-2578  [026]     2.026934: (+0)     bprint:               __handle_mm_fault: NUMAB MEM ACCESS process[nid:0, cpu:26, pid:2578], folio[virt:0x7fa6c6ffac30, phys:0x1858975000, pfn:0x1858975, nid:1, npages:1]
          cg.C.x-2578  [026]     2.026935: (+1)     bprint:               __handle_mm_fault: NUMAB TRY MEM MIGR process[nid:0, cpu:26, pid:2578], folio[virt:0x7fa6c6ffac30, phys:0x1858975000, nid:1], target_nid:0
          cg.C.x-2550  [040]     2.026936: (+1)     bprint:               __handle_mm_fault: NUMAB MEM ACCESS process[nid:0, cpu:40, pid:2550], folio[virt:0x7fa6c7068150, phys:0x185b0e4000, pfn:0x185b0e4, nid:1, npages:1]
          cg.C.x-2572  [012]     2.026937: (+1)     bprint:               __handle_mm_fault: NUMAB MEM ACCESS process[nid:0, cpu:12, pid:2572], folio[virt:0x7fa6c6ff28e0, phys:0x186b059000, pfn:0x186b059, nid:1, npages:1]
          cg.C.x-2550  [040]     2.026937: (+0)     bprint:               __handle_mm_fault: NUMAB TRY MEM MIGR process[nid:0, cpu:40, pid:2550], folio[virt:0x7fa6c7068150, phys:0x185b0e4000, nid:1], target_nid:0
          cg.C.x-2550  [040]     2.026938: (+1)     bprint:               migrate_misplaced_folio: NUMAB pid:2550 ABORTING MEM MIGR because !isolated
          cg.C.x-2572  [012]     2.026939: (+1)     bprint:               __handle_mm_fault: NUMAB TRY MEM MIGR process[nid:0, cpu:12, pid:2572], folio[virt:0x7fa6c6ff28e0, phys:0x186b059000, nid:1], target_nid:0
          cg.C.x-2551  [059]     2.026939: (+0)     bprint:               __handle_mm_fault: NUMAB MEM ACCESS process[nid:1, cpu:59, pid:2551], folio[virt:0x7fa6c7037070, phys:0x123c6d000, pfn:0x123c6d, nid:0, npages:1]
          cg.C.x-2596  [019]     2.026940: (+1)     bprint:               __handle_mm_fault: NUMAB MEM ACCESS process[nid:1, cpu:19, pid:2596], folio[virt:0x7fa6c6ff2388, phys:0x186b059000, pfn:0x186b059, nid:1, npages:1]
          cg.C.x-2551  [059]     2.026941: (+1)     bprint:               __handle_mm_fault: NUMAB TRY MEM MIGR process[nid:1, cpu:59, pid:2551], folio[virt:0x7fa6c7037070, phys:0x123c6d000, nid:0], target_nid:1
          cg.C.x-2547  [049]     2.026941: (+0)     bprint:               __handle_mm_fault: NUMAB MEM ACCESS process[nid:1, cpu:49, pid:2547], folio[virt:0x7fa6c70a0f00, phys:0x1857b21000, pfn:0x1857b21, nid:1, npages:1]
          cg.C.x-2543  [051]     2.026942: (+1)     bprint:               __handle_mm_fault: NUMAB MEM ACCESS process[nid:1, cpu:51, pid:2543], folio[virt:0x7fa6c6fc4890, phys:0x18669d3000, pfn:0x18669d3, nid:1, npages:1]
          cg.C.x-2553  [053]     2.026943: (+1)     bprint:               __handle_mm_fault: NUMAB MEM ACCESS process[nid:1, cpu:53, pid:2553], folio[virt:0x7fa6c7044ab0, phys:0x2c434e7000, pfn:0x2c434e7, nid:1, npages:1]
          cg.C.x-2555  [057]     2.026945: (+2)     bprint:               __handle_mm_fault: NUMAB MEM ACCESS process[nid:1, cpu:57, pid:2555], folio[virt:0x7fa6c6ffeff0, phys:0x1855b73000, pfn:0x1855b73, nid:1, npages:1]
          cg.C.x-2597  [036]     2.026945: (+0)     bprint:               __handle_mm_fault: NUMAB MEM ACCESS process[nid:0, cpu:36, pid:2597], folio[virt:0x7fa6c700b908, phys:0x151e3a000, pfn:0x151e3a, nid:0, npages:1]
          cg.C.x-2593  [015]     2.026947: (+2)     bprint:               __handle_mm_fault: NUMAB MEM ACCESS process[nid:1, cpu:15, pid:2593], folio[virt:0x7fa6c6fa08a8, phys:0x186bb59000, pfn:0x186bb59, nid:1, npages:1]
          cg.C.x-2536  [002]     2.026948: (+1)     bprint:               __handle_mm_fault: NUMAB MEM ACCESS process[nid:0, cpu:2, pid:2536], folio[virt:0x7fa6c706ae10, phys:0x185b0e6000, pfn:0x185b0e6, nid:1, npages:1]
          cg.C.x-2536  [002]     2.026949: (+1)     bprint:               __handle_mm_fault: NUMAB TRY MEM MIGR process[nid:0, cpu:2, pid:2536], folio[virt:0x7fa6c706ae10, phys:0x185b0e6000, nid:1], target_nid:0
          cg.C.x-2580  [008]     2.026949: (+0)     bprint:               __handle_mm_fault: NUMAB MEM ACCESS process[nid:0, cpu:8, pid:2580], folio[virt:0x7fa6c709f060, phys:0x18572e8000, pfn:0x18572e8, nid:1, npages:1]
          cg.C.x-2580  [008]     2.026950: (+1)     bprint:               __handle_mm_fault: NUMAB TRY MEM MIGR process[nid:0, cpu:8, pid:2580], folio[virt:0x7fa6c709f060, phys:0x18572e8000, nid:1], target_nid:0
          cg.C.x-2565  [041]     2.026951: (+1)     bprint:               __handle_mm_fault: NUMAB MEM ACCESS process[nid:1, cpu:41, pid:2565], folio[virt:0x7fa6c6ff4388, phys:0x186b066000, pfn:0x186b066, nid:1, npages:1]
          cg.C.x-2546  [022]     2.026951: (+0)     bprint:               __handle_mm_fault: NUMAB MEM ACCESS process[nid:0, cpu:22, pid:2546], folio[virt:0x7fa6c7068320, phys:0x185b0e4000, pfn:0x185b0e4, nid:1, npages:1]
          cg.C.x-2546  [022]     2.026953: (+2)     bprint:               __handle_mm_fault: NUMAB TRY MEM MIGR process[nid:0, cpu:22, pid:2546], folio[virt:0x7fa6c7068320, phys:0x185b0e4000, nid:1], target_nid:0
          cg.C.x-2541  [061]     2.026953: (+0)     bprint:               __handle_mm_fault: NUMAB MEM ACCESS process[nid:1, cpu:61, pid:2541], folio[virt:0x7fa6c6fd3920, phys:0x186aaa7000, pfn:0x186aaa7, nid:1, npages:1]
          cg.C.x-2546  [022]     2.026953: (+0)     bprint:               migrate_misplaced_folio: NUMAB pid:2546 ABORTING MEM MIGR because !isolated
          cg.C.x-2560  [048]     2.026954: (+1)     bprint:               __handle_mm_fault: NUMAB MEM ACCESS process[nid:0, cpu:48, pid:2560], folio[virt:0x7fa6c7029060, phys:0x1869f35000, pfn:0x1869f35, nid:1, npages:1]
          cg.C.x-2574  [014]     2.026955: (+1)     bprint:               __handle_mm_fault: NUMAB MEM ACCESS process[nid:0, cpu:14, pid:2574], folio[virt:0x7fa6c6fc2aa0, phys:0x15343d000, pfn:0x15343d, nid:0, npages:1]
          cg.C.x-2560  [048]     2.026956: (+1)     bprint:               __handle_mm_fault: NUMAB TRY MEM MIGR process[nid:0, cpu:48, pid:2560], folio[virt:0x7fa6c7029060, phys:0x1869f35000, nid:1], target_nid:0
          cg.C.x-2560  [048]     2.026956: (+0)     bprint:               migrate_misplaced_folio: NUMAB pid:2560 ABORTING MEM MIGR because !isolated
          cg.C.x-2558  [056]     2.026956: (+0)     bprint:               __handle_mm_fault: NUMAB MEM ACCESS process[nid:0, cpu:56, pid:2558], folio[virt:0x7fa6c7068e30, phys:0x185b0e4000, pfn:0x185b0e4, nid:1, npages:1]
          cg.C.x-2558  [056]     2.026958: (+2)     bprint:               __handle_mm_fault: NUMAB TRY MEM MIGR process[nid:0, cpu:56, pid:2558], folio[virt:0x7fa6c7068e30, phys:0x185b0e4000, nid:1], target_nid:0
          cg.C.x-2558  [056]     2.026959: (+1)     bprint:               migrate_misplaced_folio: NUMAB pid:2558 ABORTING MEM MIGR because !isolated
          cg.C.x-2577  [027]     2.026959: (+0)     bprint:               __handle_mm_fault: NUMAB MEM ACCESS process[nid:1, cpu:27, pid:2577], folio[virt:0x7fa6c70689d8, phys:0x185b0e4000, pfn:0x185b0e4, nid:1, npages:1]
          cg.C.x-2576  [024]     2.026959: (+0)     bprint:               __handle_mm_fault: NUMAB MEM ACCESS process[nid:0, cpu:24, pid:2576], folio[virt:0x7fa6c6fd5280, phys:0x1864bc4000, pfn:0x1864bc4, nid:1, npages:1]
          cg.C.x-2576  [024]     2.026960: (+1)     bprint:               __handle_mm_fault: NUMAB TRY MEM MIGR process[nid:0, cpu:24, pid:2576], folio[virt:0x7fa6c6fd5280, phys:0x1864bc4000, nid:1], target_nid:0
          cg.C.x-2584  [010]     2.026962: (+2)     bprint:               __handle_mm_fault: NUMAB MEM ACCESS process[nid:0, cpu:10, pid:2584], folio[virt:0x7fa6c70315b0, phys:0x1864fff000, pfn:0x1864fff, nid:1, npages:1]
          cg.C.x-2596  [019]     2.026964: (+2)     bprint:               __handle_mm_fault: NUMAB MEM ACCESS process[nid:1, cpu:19, pid:2596], folio[virt:0x7fa6c6ff3c50, phys:0x186b00d000, pfn:0x186b00d, nid:1, npages:1]
          cg.C.x-2584  [010]     2.026964: (+0)     bprint:               __handle_mm_fault: NUMAB TRY MEM MIGR process[nid:0, cpu:10, pid:2584], folio[virt:0x7fa6c70315b0, phys:0x1864fff000, nid:1], target_nid:0
          cg.C.x-2570  [016]     2.026964: (+0)     bprint:               __handle_mm_fault: NUMAB MEM ACCESS process[nid:0, cpu:16, pid:2570], folio[virt:0x7fa6c709f3b0, phys:0x18572e8000, pfn:0x18572e8, nid:1, npages:1]
          cg.C.x-2543  [051]     2.026965: (+1)     bprint:               __handle_mm_fault: NUMAB MEM ACCESS process[nid:1, cpu:51, pid:2543], folio[virt:0x7fa6c6fc5650, phys:0x2c43481000, pfn:0x2c43481, nid:1, npages:1]
          cg.C.x-2570  [016]     2.026966: (+1)     bprint:               __handle_mm_fault: NUMAB TRY MEM MIGR process[nid:0, cpu:16, pid:2570], folio[virt:0x7fa6c709f3b0, phys:0x18572e8000, nid:1], target_nid:0
          cg.C.x-2570  [016]     2.026966: (+0)     bprint:               migrate_misplaced_folio: NUMAB pid:2570 ABORTING MEM MIGR because !isolated
          cg.C.x-2571  [031]     2.026967: (+1)     bprint:               __handle_mm_fault: NUMAB MEM ACCESS process[nid:1, cpu:31, pid:2571], folio[virt:0x7fa6c702a3f8, phys:0x1869f36000, pfn:0x1869f36, nid:1, npages:1]
          cg.C.x-2557  [045]     2.026967: (+0)     bprint:               __handle_mm_fault: NUMAB MEM ACCESS process[nid:1, cpu:45, pid:2557], folio[virt:0x7fa6c6fc7948, phys:0x185b22c000, pfn:0x185b22c, nid:1, npages:1]
          cg.C.x-2555  [057]     2.026970: (+3)     bprint:               __handle_mm_fault: NUMAB MEM ACCESS process[nid:1, cpu:57, pid:2555], folio[virt:0x7fa6c6fff170, phys:0x1857b25000, pfn:0x1857b25, nid:1, npages:1]
          cg.C.x-2566  [006]     2.026972: (+2)     bprint:               __handle_mm_fault: NUMAB MEM ACCESS process[nid:0, cpu:6, pid:2566], folio[virt:0x7fa6c7003d18, phys:0x185c851000, pfn:0x185c851, nid:1, npages:1]
          cg.C.x-2581  [025]     2.026973: (+1)     bprint:               __handle_mm_fault: NUMAB MEM ACCESS process[nid:1, cpu:25, pid:2581], folio[virt:0x7fa6c6fc1170, phys:0x112b6d000, pfn:0x112b6d, nid:0, npages:1]
          cg.C.x-2566  [006]     2.026973: (+0)     bprint:               __handle_mm_fault: NUMAB TRY MEM MIGR process[nid:0, cpu:6, pid:2566], folio[virt:0x7fa6c7003d18, phys:0x185c851000, nid:1], target_nid:0
          cg.C.x-2544  [038]     2.026974: (+1)     bprint:               __handle_mm_fault: NUMAB MEM ACCESS process[nid:0, cpu:38, pid:2544], folio[virt:0x7fa6c7076148, phys:0x18678a0000, pfn:0x18678a0, nid:1, npages:1]
          cg.C.x-2581  [025]     2.026975: (+1)     bprint:               __handle_mm_fault: NUMAB TRY MEM MIGR process[nid:1, cpu:25, pid:2581], folio[virt:0x7fa6c6fc1170, phys:0x112b6d000, nid:0], target_nid:1
          cg.C.x-2593  [015]     2.026975: (+0)     bprint:               __handle_mm_fault: NUMAB MEM ACCESS process[nid:1, cpu:15, pid:2593], folio[virt:0x7fa6c6fb6160, phys:0x151297000, pfn:0x151297, nid:0, npages:1]
          cg.C.x-2544  [038]     2.026975: (+0)     bprint:               __handle_mm_fault: NUMAB TRY MEM MIGR process[nid:0, cpu:38, pid:2544], folio[virt:0x7fa6c7076148, phys:0x18678a0000, nid:1], target_nid:0
          cg.C.x-2593  [015]     2.026976: (+1)     bprint:               __handle_mm_fault: NUMAB TRY MEM MIGR process[nid:1, cpu:15, pid:2593], folio[virt:0x7fa6c6fb6160, phys:0x151297000, nid:0], target_nid:1
          cg.C.x-2556  [058]     2.026976: (+0)     bprint:               __handle_mm_fault: NUMAB MEM ACCESS process[nid:0, cpu:58, pid:2556], folio[virt:0x7fa6c7028b80, phys:0x1869f34000, pfn:0x1869f34, nid:1, npages:1]
          cg.C.x-2565  [041]     2.026976: (+0)     bprint:               __handle_mm_fault: NUMAB MEM ACCESS process[nid:1, cpu:41, pid:2565], folio[virt:0x7fa6c6ff5280, phys:0x186b062000, pfn:0x186b062, nid:1, npages:1]
          cg.C.x-2556  [058]     2.026978: (+2)     bprint:               __handle_mm_fault: NUMAB TRY MEM MIGR process[nid:0, cpu:58, pid:2556], folio[virt:0x7fa6c7028b80, phys:0x1869f34000, nid:1], target_nid:0
          cg.C.x-2588  [054]     2.026978: (+0)     bprint:               __handle_mm_fault: NUMAB MEM ACCESS process[nid:0, cpu:54, pid:2588], folio[virt:0x7fa6c6fc30b8, phys:0x1864854000, pfn:0x1864854, nid:1, npages:1]
          cg.C.x-2588  [054]     2.026979: (+1)     bprint:               __handle_mm_fault: NUMAB TRY MEM MIGR process[nid:0, cpu:54, pid:2588], folio[virt:0x7fa6c6fc30b8, phys:0x1864854000, nid:1], target_nid:0
          cg.C.x-2569  [035]     2.026979: (+0)     bprint:               __handle_mm_fault: NUMAB MEM ACCESS process[nid:1, cpu:35, pid:2569], folio[virt:0x7fa6c7074ef0, phys:0x186789f000, pfn:0x186789f, nid:1, npages:1]
          cg.C.x-2574  [014]     2.026979: (+0)     bprint:               __handle_mm_fault: NUMAB MEM ACCESS process[nid:0, cpu:14, pid:2574], folio[virt:0x7fa6c6fc3e70, phys:0x1864854000, pfn:0x1864854, nid:1, npages:1]
          cg.C.x-2574  [014]     2.026980: (+1)     bprint:               __handle_mm_fault: NUMAB TRY MEM MIGR process[nid:0, cpu:14, pid:2574], folio[virt:0x7fa6c6fc3e70, phys:0x1864854000, nid:1], target_nid:0
          cg.C.x-2541  [061]     2.026980: (+0)     bprint:               __handle_mm_fault: NUMAB MEM ACCESS process[nid:1, cpu:61, pid:2541], folio[virt:0x7fa6c6fd6218, phys:0x186aa4e000, pfn:0x186aa4e, nid:1, npages:1]
          cg.C.x-2537  [003]     2.026981: (+1)     bprint:               __handle_mm_fault: NUMAB MEM ACCESS process[nid:1, cpu:3, pid:2537], folio[virt:0x7fa6c709fd28, phys:0x18572e8000, pfn:0x18572e8, nid:1, npages:1]
          cg.C.x-2574  [014]     2.026981: (+0)     bprint:               migrate_misplaced_folio: NUMAB pid:2574 ABORTING MEM MIGR because !isolated
          cg.C.x-2592  [032]     2.026985: (+4)     bprint:               __handle_mm_fault: NUMAB MEM ACCESS process[nid:0, cpu:32, pid:2592], folio[virt:0x7fa6c706a548, phys:0x185b0e6000, pfn:0x185b0e6, nid:1, npages:1]
          cg.C.x-2596  [019]     2.026986: (+1)     bprint:               __handle_mm_fault: NUMAB MEM ACCESS process[nid:1, cpu:19, pid:2596], folio[virt:0x7fa6c6ffd408, phys:0x185c927000, pfn:0x185c927, nid:1, npages:1]
          cg.C.x-2592  [032]     2.026987: (+1)     bprint:               __handle_mm_fault: NUMAB TRY MEM MIGR process[nid:0, cpu:32, pid:2592], folio[virt:0x7fa6c706a548, phys:0x185b0e6000, nid:1], target_nid:0
          cg.C.x-2592  [032]     2.026987: (+0)     bprint:               migrate_misplaced_folio: NUMAB pid:2592 ABORTING MEM MIGR because !isolated
          cg.C.x-2540  [063]     2.026988: (+1)     bprint:               __handle_mm_fault: NUMAB MEM ACCESS process[nid:1, cpu:63, pid:2540], folio[virt:0x7fa6c7078230, phys:0x112ac9000, pfn:0x112ac9, nid:0, npages:1]
          cg.C.x-2543  [051]     2.026988: (+0)     bprint:               __handle_mm_fault: NUMAB MEM ACCESS process[nid:1, cpu:51, pid:2543], folio[virt:0x7fa6c6fc6090, phys:0x1867e20000, pfn:0x1867e20, nid:1, npages:1]
          cg.C.x-2557  [045]     2.026989: (+1)     bprint:               __handle_mm_fault: NUMAB MEM ACCESS process[nid:1, cpu:45, pid:2557], folio[virt:0x7fa6c6fc9ee0, phys:0x1819d0000, pfn:0x1819d0, nid:0, npages:1]
          cg.C.x-2540  [063]     2.026989: (+0)     bprint:               __handle_mm_fault: NUMAB TRY MEM MIGR process[nid:1, cpu:63, pid:2540], folio[virt:0x7fa6c7078230, phys:0x112ac9000, nid:0], target_nid:1
          cg.C.x-2557  [045]     2.026990: (+1)     bprint:               __handle_mm_fault: NUMAB TRY MEM MIGR process[nid:1, cpu:45, pid:2557], folio[virt:0x7fa6c6fc9ee0, phys:0x1819d0000, nid:0], target_nid:1
          cg.C.x-2591  [005]     2.026991: (+1)     bprint:               __handle_mm_fault: NUMAB MEM ACCESS process[nid:1, cpu:5, pid:2591], folio[virt:0x7fa6c7070758, phys:0x11136c000, pfn:0x11136c, nid:0, npages:1]
          cg.C.x-2565  [041]     2.026993: (+2)     bprint:               __handle_mm_fault: NUMAB MEM ACCESS process[nid:1, cpu:41, pid:2565], folio[virt:0x7fa6c6ff6518, phys:0x186b010000, pfn:0x186b010, nid:1, npages:1]
          cg.C.x-2591  [005]     2.026993: (+0)     bprint:               __handle_mm_fault: NUMAB TRY MEM MIGR process[nid:1, cpu:5, pid:2591], folio[virt:0x7fa6c7070758, phys:0x11136c000, nid:0], target_nid:1
          cg.C.x-2590  [062]     2.026993: (+0)     sched_waking:         comm=cg.C.x pid=2575 prio=120 target_cpu=021
          cg.C.x-2582  [020]     2.026994: (+1)     bprint:               __handle_mm_fault: NUMAB MEM ACCESS process[nid:0, cpu:20, pid:2582], folio[virt:0x7fa6c70280a0, phys:0x1869f34000, pfn:0x1869f34, nid:1, npages:1]
          cg.C.x-2582  [020]     2.026996: (+2)     bprint:               __handle_mm_fault: NUMAB TRY MEM MIGR process[nid:0, cpu:20, pid:2582], folio[virt:0x7fa6c70280a0, phys:0x1869f34000, nid:1], target_nid:0
          cg.C.x-2582  [020]     2.026996: (+0)     bprint:               migrate_misplaced_folio: NUMAB pid:2582 ABORTING MEM MIGR because !isolated
          cg.C.x-2549  [055]     2.026997: (+1)     bprint:               __handle_mm_fault: NUMAB MEM ACCESS process[nid:1, cpu:55, pid:2549], folio[virt:0x7fa6c700afb8, phys:0x1b0458000, pfn:0x1b0458, nid:0, npages:1]
          cg.C.x-2549  [055]     2.026999: (+2)     bprint:               __handle_mm_fault: NUMAB TRY MEM MIGR process[nid:1, cpu:55, pid:2549], folio[virt:0x7fa6c700afb8, phys:0x1b0458000, nid:0], target_nid:1
          cg.C.x-2575  [021]     2.027000: (+1)     sched_switch:         cg.C.x:2575 [120] D ==> swapper/21:0 [120]
          cg.C.x-2538  [030]     2.027000: (+0)     bprint:               __handle_mm_fault: NUMAB COMPLETED MEM MIGR process[nid:0, cpu:30, pid:2538], old[phys:0x1864955000, nid:1, npages:1], new[phys:0x118625000, nid:0, npages:1]
          cg.C.x-2578  [026]     2.027000: (+0)     bprint:               __handle_mm_fault: NUMAB COMPLETED MEM MIGR process[nid:0, cpu:26, pid:2578], old[phys:0x1858975000, nid:1, npages:1], new[phys:0x121084000, nid:0, npages:1]
          cg.C.x-2579  [029]     2.027000: (+0)     bprint:               __handle_mm_fault: NUMAB MEM ACCESS process[nid:1, cpu:29, pid:2579], folio[virt:0x7fa6c7014748, phys:0x151b4d000, pfn:0x151b4d, nid:0, npages:1]
          cg.C.x-2543  [051]     2.027001: (+1)     bprint:               __handle_mm_fault: NUMAB MEM ACCESS process[nid:1, cpu:51, pid:2543], folio[virt:0x7fa6c6fc80a8, phys:0x1864f77000, pfn:0x1864f77, nid:1, npages:1]
          cg.C.x-2579  [029]     2.027001: (+0)     bprint:               __handle_mm_fault: NUMAB TRY MEM MIGR process[nid:1, cpu:29, pid:2579], folio[virt:0x7fa6c7014748, phys:0x151b4d000, nid:0], target_nid:1
          cg.C.x-2572  [012]     2.027002: (+1)     bprint:               __handle_mm_fault: NUMAB COMPLETED MEM MIGR process[nid:0, cpu:12, pid:2572], old[phys:0x186b059000, nid:1, npages:1], new[phys:0x17e09d6000, nid:0, npages:1]
          cg.C.x-2545  [047]     2.027003: (+1)     bprint:               __handle_mm_fault: NUMAB MEM ACCESS process[nid:1, cpu:47, pid:2545], folio[virt:0x7fa6c70367f8, phys:0x1865b5f000, pfn:0x1865b5f, nid:1, npages:1]
          cg.C.x-2565  [041]     2.027004: (+1)     bprint:               __handle_mm_fault: NUMAB MEM ACCESS process[nid:1, cpu:41, pid:2565], folio[virt:0x7fa6c6ff8610, phys:0x153472000, pfn:0x153472, nid:0, npages:1]
          cg.C.x-2587  [009]     2.027004: (+0)     bprint:               __handle_mm_fault: NUMAB MEM ACCESS process[nid:1, cpu:9, pid:2587], folio[virt:0x7fa6c7028108, phys:0x1869f34000, pfn:0x1869f34, nid:1, npages:1]
          cg.C.x-2565  [041]     2.027005: (+1)     bprint:               __handle_mm_fault: NUMAB TRY MEM MIGR process[nid:1, cpu:41, pid:2565], folio[virt:0x7fa6c6ff8610, phys:0x153472000, nid:0], target_nid:1
          <idle>-0     [021]     2.027007: (+2)     sched_wakeup:         cg.C.x:2575 [120] CPU:021
          cg.C.x-2590  [062]     2.027007: (+0)     bprint:               __handle_mm_fault: NUMAB COMPLETED MEM MIGR process[nid:0, cpu:62, pid:2590], old[phys:0x186b066000, nid:1, npages:1], new[phys:0x152c18000, nid:0, npages:1]
          cg.C.x-2541  [061]     2.027008: (+1)     bprint:               __handle_mm_fault: NUMAB MEM ACCESS process[nid:1, cpu:61, pid:2541], folio[virt:0x7fa6c6ff7370, phys:0x111103000, pfn:0x111103, nid:0, npages:1]
          cg.C.x-2541  [061]     2.027008: (+0)     bprint:               __handle_mm_fault: NUMAB TRY MEM MIGR process[nid:1, cpu:61, pid:2541], folio[virt:0x7fa6c6ff7370, phys:0x111103000, nid:0], target_nid:1
          <idle>-0     [021]     2.027009: (+1)     sched_switch:         swapper/21:0 [120] R ==> cg.C.x:2575 [120]
          cg.C.x-2573  [023]     2.027009: (+0)     bprint:               __handle_mm_fault: NUMAB MEM ACCESS process[nid:1, cpu:23, pid:2573], folio[virt:0x7fa6c6ff8930, phys:0x153472000, pfn:0x153472, nid:0, npages:1]
          cg.C.x-2539  [001]     2.027010: (+1)     bprint:               __handle_mm_fault: NUMAB MEM ACCESS process[nid:1, cpu:1, pid:2539], folio[virt:0x7fa6c70bd238, phys:0x185be2c000, pfn:0x185be2c, nid:1, npages:1]
          cg.C.x-2573  [023]     2.027011: (+1)     bprint:               __handle_mm_fault: NUMAB TRY MEM MIGR process[nid:1, cpu:23, pid:2573], folio[virt:0x7fa6c6ff8930, phys:0x153472000, nid:0], target_nid:1
          cg.C.x-2576  [024]     2.027011: (+0)     bprint:               __handle_mm_fault: NUMAB COMPLETED MEM MIGR process[nid:0, cpu:24, pid:2576], old[phys:0x1864bc4000, nid:1, npages:1], new[phys:0x1113b4000, nid:0, npages:1]
          cg.C.x-2573  [023]     2.027012: (+1)     bprint:               migrate_misplaced_folio: NUMAB pid:2573 ABORTING MEM MIGR because !isolated
