          cg.C.x-2950  [060]     2.018595: (+0)     bprint:               __handle_mm_fault: NUMAB MEM ACCESS process[nid:0, cpu:60, pid:2950], folio[virt:0x7f0c183ad000, phys:0x11588c000, pfn:0x11588c, nid:0, npages:1]
          cg.C.x-2928  [026]     2.018597: (+2)     bprint:               __handle_mm_fault: NUMAB MEM ACCESS process[nid:0, cpu:26, pid:2928], folio[virt:0x7f0c18348210, phys:0x1857948000, pfn:0x1857948, nid:1, npages:1]
          cg.C.x-2928  [026]     2.018597: (+0)     bprint:               __handle_mm_fault: NUMAB TRY MEM MIGR process[nid:0, cpu:26, pid:2928], folio[virt:0x7f0c18348210, phys:0x1857948000, nid:1], target_nid:0
          cg.C.x-2910  [052]     2.018598: (+1)     bprint:               __handle_mm_fault: NUMAB MEM ACCESS process[nid:0, cpu:52, pid:2910], folio[virt:0x7f0c182f6000, phys:0x1818bb000, pfn:0x1818bb, nid:0, npages:1]
          cg.C.x-2932  [006]     2.018599: (+1)     bprint:               __handle_mm_fault: NUMAB MEM ACCESS process[nid:0, cpu:6, pid:2932], folio[virt:0x7f0c1835a710, phys:0x185c563000, pfn:0x185c563, nid:1, npages:1]
          cg.C.x-2932  [006]     2.018599: (+0)     bprint:               __handle_mm_fault: NUMAB TRY MEM MIGR process[nid:0, cpu:6, pid:2932], folio[virt:0x7f0c1835a710, phys:0x185c563000, nid:1], target_nid:0
          cg.C.x-2901  [047]     2.018600: (+1)     bprint:               __handle_mm_fault: NUMAB MEM ACCESS process[nid:1, cpu:47, pid:2901], folio[virt:0x7f0c182cd000, phys:0x185cd26000, pfn:0x185cd26, nid:1, npages:1]
          cg.C.x-2926  [020]     2.018601: (+1)     bprint:               __handle_mm_fault: NUMAB MEM ACCESS process[nid:0, cpu:20, pid:2926], folio[virt:0x7f0c1833f000, phys:0x181878000, pfn:0x181878, nid:0, npages:1]
          cg.C.x-2920  [018]     2.018602: (+1)     bprint:               __handle_mm_fault: NUMAB MEM ACCESS process[nid:0, cpu:18, pid:2920], folio[virt:0x7f0c18323810, phys:0x18559ea000, pfn:0x18559ea, nid:1, npages:1]
          cg.C.x-2920  [018]     2.018603: (+1)     bprint:               __handle_mm_fault: NUMAB TRY MEM MIGR process[nid:0, cpu:18, pid:2920], folio[virt:0x7f0c18323810, phys:0x18559ea000, nid:1], target_nid:0
          cg.C.x-2893  [005]     2.018604: (+1)     bprint:               __handle_mm_fault: NUMAB MEM ACCESS process[nid:1, cpu:5, pid:2893], folio[virt:0x7f0c182a8000, phys:0x1867835000, pfn:0x1867835, nid:1, npages:1]
          cg.C.x-2912  [058]     2.018605: (+1)     bprint:               __handle_mm_fault: NUMAB MEM ACCESS process[nid:0, cpu:58, pid:2912], folio[virt:0x7f0c182ff000, phys:0x1e245a000, pfn:0x1e245a, nid:0, npages:1]
          cg.C.x-2942  [008]     2.018606: (+1)     bprint:               __handle_mm_fault: NUMAB MEM ACCESS process[nid:0, cpu:8, pid:2942], folio[virt:0x7f0c18388360, phys:0x18581d9000, pfn:0x18581d9, nid:1, npages:1]
          cg.C.x-2942  [008]     2.018606: (+0)     bprint:               __handle_mm_fault: NUMAB TRY MEM MIGR process[nid:0, cpu:8, pid:2942], folio[virt:0x7f0c18388360, phys:0x18581d9000, nid:1], target_nid:0
          cg.C.x-2946  [032]     2.018607: (+1)     bprint:               __handle_mm_fault: NUMAB MEM ACCESS process[nid:0, cpu:32, pid:2946], folio[virt:0x7f0c1839a840, phys:0x186a31b000, pfn:0x186a31b, nid:1, npages:1]
          cg.C.x-2946  [032]     2.018608: (+1)     bprint:               __handle_mm_fault: NUMAB TRY MEM MIGR process[nid:0, cpu:32, pid:2946], folio[virt:0x7f0c1839a840, phys:0x186a31b000, nid:1], target_nid:0
          cg.C.x-2892  [040]     2.018608: (+0)     bprint:               __handle_mm_fault: NUMAB MEM ACCESS process[nid:0, cpu:40, pid:2892], folio[virt:0x7f0c182a3510, phys:0x2c434de000, pfn:0x2c434de, nid:1, npages:1]
          cg.C.x-2892  [040]     2.018609: (+1)     bprint:               __handle_mm_fault: NUMAB TRY MEM MIGR process[nid:0, cpu:40, pid:2892], folio[virt:0x7f0c182a3510, phys:0x2c434de000, nid:1], target_nid:0
          cg.C.x-2922  [022]     2.018609: (+0)     bprint:               __handle_mm_fault: NUMAB MEM ACCESS process[nid:0, cpu:22, pid:2922], folio[virt:0x7f0c1832d000, phys:0x182251000, pfn:0x182251, nid:0, npages:1]
          cg.C.x-2914  [054]     2.018611: (+2)     bprint:               __handle_mm_fault: NUMAB MEM ACCESS process[nid:0, cpu:54, pid:2914], folio[virt:0x7f0c18308090, phys:0x186b0a9000, pfn:0x186b0a9, nid:1, npages:1]
          cg.C.x-2914  [054]     2.018612: (+1)     bprint:               __handle_mm_fault: NUMAB TRY MEM MIGR process[nid:0, cpu:54, pid:2914], folio[virt:0x7f0c18308090, phys:0x186b0a9000, nid:1], target_nid:0
          cg.C.x-2939  [009]     2.018612: (+0)     bprint:               __handle_mm_fault: NUMAB MEM ACCESS process[nid:1, cpu:9, pid:2939], folio[virt:0x7f0c1837b000, phys:0x185bb71000, pfn:0x185bb71, nid:1, npages:1]
          cg.C.x-2890  [036]     2.018613: (+1)     bprint:               __handle_mm_fault: NUMAB MEM ACCESS process[nid:0, cpu:36, pid:2890], folio[virt:0x7f0c1829b000, phys:0x154281000, pfn:0x154281, nid:0, npages:1]
          cg.C.x-2924  [004]     2.018615: (+2)     bprint:               __handle_mm_fault: NUMAB MEM ACCESS process[nid:0, cpu:4, pid:2924], folio[virt:0x7f0c18337000, phys:0x115422000, pfn:0x115422, nid:0, npages:1]
          cg.C.x-2927  [025]     2.018616: (+1)     bprint:               __handle_mm_fault: NUMAB MEM ACCESS process[nid:1, cpu:25, pid:2927], folio[virt:0x7f0c18344000, phys:0x1858189000, pfn:0x1858189, nid:1, npages:1]
          cg.C.x-2905  [051]     2.018617: (+1)     bprint:               __handle_mm_fault: NUMAB MEM ACCESS process[nid:1, cpu:51, pid:2905], folio[virt:0x7f0c182df000, phys:0x18674af000, pfn:0x18674af, nid:1, npages:1]
          cg.C.x-2907  [053]     2.018618: (+1)     bprint:               __handle_mm_fault: NUMAB MEM ACCESS process[nid:1, cpu:53, pid:2907], folio[virt:0x7f0c182e8000, phys:0x18587a5000, pfn:0x18587a5, nid:1, npages:1]
          cg.C.x-2941  [011]     2.018619: (+1)     bprint:               __handle_mm_fault: NUMAB MEM ACCESS process[nid:1, cpu:11, pid:2941], folio[virt:0x7f0c18384000, phys:0x1868271000, pfn:0x1868271, nid:1, npages:1]
          cg.C.x-2919  [041]     2.018620: (+1)     bprint:               __handle_mm_fault: NUMAB MEM ACCESS process[nid:1, cpu:41, pid:2919], folio[virt:0x7f0c1831f000, phys:0x185c52f000, pfn:0x185c52f, nid:1, npages:1]
          cg.C.x-2895  [063]     2.018621: (+1)     bprint:               __handle_mm_fault: NUMAB MEM ACCESS process[nid:1, cpu:63, pid:2895], folio[virt:0x7f0c182b3000, phys:0x186ba6d000, pfn:0x186ba6d, nid:1, npages:1]
          cg.C.x-2931  [031]     2.018623: (+2)     bprint:               __handle_mm_fault: NUMAB MEM ACCESS process[nid:1, cpu:31, pid:2931], folio[virt:0x7f0c18356000, phys:0x1858649000, pfn:0x1858649, nid:1, npages:1]
          cg.C.x-2900  [048]     2.018624: (+1)     bprint:               __handle_mm_fault: NUMAB MEM ACCESS process[nid:0, cpu:48, pid:2900], folio[virt:0x7f0c182c9000, phys:0x154355000, pfn:0x154355, nid:0, npages:1]
          cg.C.x-2915  [035]     2.018625: (+1)     bprint:               __handle_mm_fault: NUMAB MEM ACCESS process[nid:1, cpu:35, pid:2915], folio[virt:0x7f0c1830d000, phys:0x18649e3000, pfn:0x18649e3, nid:1, npages:1]
          cg.C.x-2891  [001]     2.018626: (+1)     bprint:               __handle_mm_fault: NUMAB MEM ACCESS process[nid:1, cpu:1, pid:2891], folio[virt:0x7f0c1829f000, phys:0x18583f4000, pfn:0x18583f4, nid:1, npages:1]
          cg.C.x-2943  [017]     2.018627: (+1)     bprint:               __handle_mm_fault: NUMAB MEM ACCESS process[nid:1, cpu:17, pid:2943], folio[virt:0x7f0c1838d000, phys:0x186adb7000, pfn:0x186adb7, nid:1, npages:1]
          cg.C.x-2947  [007]     2.018628: (+1)     bprint:               __handle_mm_fault: NUMAB MEM ACCESS process[nid:1, cpu:7, pid:2947], folio[virt:0x7f0c183a0000, phys:0x1863c78000, pfn:0x1863c78, nid:1, npages:1]
          cg.C.x-2917  [039]     2.018629: (+1)     bprint:               __handle_mm_fault: NUMAB MEM ACCESS process[nid:1, cpu:39, pid:2917], folio[virt:0x7f0c18316000, phys:0x186b638000, pfn:0x186b638, nid:1, npages:1]
          cg.C.x-2945  [003]     2.018631: (+2)     bprint:               __handle_mm_fault: NUMAB MEM ACCESS process[nid:1, cpu:3, pid:2945], folio[virt:0x7f0c18396000, phys:0x1866c22000, pfn:0x1866c22, nid:1, npages:1]
          cg.C.x-2938  [016]     2.018632: (+1)     bprint:               __handle_mm_fault: NUMAB MEM ACCESS process[nid:0, cpu:16, pid:2938], folio[virt:0x7f0c18377000, phys:0x1b066f000, pfn:0x1b066f, nid:0, npages:1]
          cg.C.x-2903  [055]     2.018634: (+2)     bprint:               __handle_mm_fault: NUMAB MEM ACCESS process[nid:1, cpu:55, pid:2903], folio[virt:0x7f0c182d6000, phys:0x185cdd1000, pfn:0x185cdd1, nid:1, npages:1]
          cg.C.x-2888  [050]     2.018636: (+2)     bprint:               __handle_mm_fault: NUMAB MEM ACCESS process[nid:0, cpu:50, pid:2888], folio[virt:0x7f0c18292000, phys:0x1530f3000, pfn:0x1530f3, nid:0, npages:1]
          cg.C.x-2936  [014]     2.018639: (+3)     bprint:               __handle_mm_fault: NUMAB MEM ACCESS process[nid:0, cpu:14, pid:2936], folio[virt:0x7f0c1836e000, phys:0x1231c7000, pfn:0x1231c7, nid:0, npages:1]
          cg.C.x-2896  [044]     2.018641: (+2)     bprint:               __handle_mm_fault: NUMAB MEM ACCESS process[nid:0, cpu:44, pid:2896], folio[virt:0x7f0c182b7000, phys:0x11125b000, pfn:0x11125b, nid:0, npages:1]
          cg.C.x-2898  [010]     2.018644: (+3)     bprint:               __handle_mm_fault: NUMAB MEM ACCESS process[nid:0, cpu:10, pid:2898], folio[virt:0x7f0c182c0000, phys:0x1542a4000, pfn:0x1542a4, nid:0, npages:1]
          cg.C.x-2929  [023]     2.018645: (+1)     bprint:               __handle_mm_fault: NUMAB MEM ACCESS process[nid:1, cpu:23, pid:2929], folio[virt:0x7f0c1834d000, phys:0x1858823000, pfn:0x1858823, nid:1, npages:1]
          cg.C.x-2913  [049]     2.018646: (+1)     bprint:               __handle_mm_fault: NUMAB MEM ACCESS process[nid:1, cpu:49, pid:2913], folio[virt:0x7f0c18305000, phys:0x186b0a6000, pfn:0x186b0a6, nid:1, npages:1]
          cg.C.x-2934  [042]     2.018647: (+1)     bprint:               __handle_mm_fault: NUMAB MEM ACCESS process[nid:0, cpu:42, pid:2934], folio[virt:0x7f0c18365000, phys:0x180013000, pfn:0x180013, nid:0, npages:1]
          cg.C.x-2950  [060]     2.018649: (+2)     bprint:               __handle_mm_fault: NUMAB MEM ACCESS process[nid:0, cpu:60, pid:2950], folio[virt:0x7f0c183ae000, phys:0x11588d000, pfn:0x11588d, nid:0, npages:1]
          cg.C.x-2910  [052]     2.018651: (+2)     bprint:               __handle_mm_fault: NUMAB MEM ACCESS process[nid:0, cpu:52, pid:2910], folio[virt:0x7f0c182f7000, phys:0x15055c000, pfn:0x15055c, nid:0, npages:1]
          cg.C.x-2901  [047]     2.018653: (+2)     bprint:               __handle_mm_fault: NUMAB MEM ACCESS process[nid:1, cpu:47, pid:2901], folio[virt:0x7f0c182ce000, phys:0x186a93d000, pfn:0x186a93d, nid:1, npages:1]
          cg.C.x-2926  [020]     2.018654: (+1)     bprint:               __handle_mm_fault: NUMAB MEM ACCESS process[nid:0, cpu:20, pid:2926], folio[virt:0x7f0c18340000, phys:0x153e7c000, pfn:0x153e7c, nid:0, npages:1]
          cg.C.x-2893  [005]     2.018656: (+2)     bprint:               __handle_mm_fault: NUMAB MEM ACCESS process[nid:1, cpu:5, pid:2893], folio[virt:0x7f0c182a9000, phys:0x1867840000, pfn:0x1867840, nid:1, npages:1]
          cg.C.x-2912  [058]     2.018659: (+3)     bprint:               __handle_mm_fault: NUMAB MEM ACCESS process[nid:0, cpu:58, pid:2912], folio[virt:0x7f0c18300000, phys:0x12228c000, pfn:0x12228c, nid:0, npages:1]
          cg.C.x-2922  [022]     2.018660: (+1)     bprint:               __handle_mm_fault: NUMAB MEM ACCESS process[nid:0, cpu:22, pid:2922], folio[virt:0x7f0c1832e000, phys:0x11569c000, pfn:0x11569c, nid:0, npages:1]
          cg.C.x-2939  [009]     2.018662: (+2)     bprint:               __handle_mm_fault: NUMAB MEM ACCESS process[nid:1, cpu:9, pid:2939], folio[virt:0x7f0c1837c000, phys:0x185cb35000, pfn:0x185cb35, nid:1, npages:1]
          cg.C.x-2890  [036]     2.018664: (+2)     bprint:               __handle_mm_fault: NUMAB MEM ACCESS process[nid:0, cpu:36, pid:2890], folio[virt:0x7f0c1829c000, phys:0x154282000, pfn:0x154282, nid:0, npages:1]
          cg.C.x-2927  [025]     2.018665: (+1)     bprint:               __handle_mm_fault: NUMAB MEM ACCESS process[nid:1, cpu:25, pid:2927], folio[virt:0x7f0c18345000, phys:0x185bc0d000, pfn:0x185bc0d, nid:1, npages:1]
          cg.C.x-2905  [051]     2.018666: (+1)     bprint:               __handle_mm_fault: NUMAB MEM ACCESS process[nid:1, cpu:51, pid:2905], folio[virt:0x7f0c182e0000, phys:0x1858a0a000, pfn:0x1858a0a, nid:1, npages:1]
          cg.C.x-2907  [053]     2.018667: (+1)     bprint:               __handle_mm_fault: NUMAB MEM ACCESS process[nid:1, cpu:53, pid:2907], folio[virt:0x7f0c182e9000, phys:0x1865f9a000, pfn:0x1865f9a, nid:1, npages:1]
          cg.C.x-2941  [011]     2.018668: (+1)     bprint:               __handle_mm_fault: NUMAB MEM ACCESS process[nid:1, cpu:11, pid:2941], folio[virt:0x7f0c18385000, phys:0x1868272000, pfn:0x1868272, nid:1, npages:1]
          cg.C.x-2919  [041]     2.018669: (+1)     bprint:               __handle_mm_fault: NUMAB MEM ACCESS process[nid:1, cpu:41, pid:2919], folio[virt:0x7f0c18320000, phys:0x1857324000, pfn:0x1857324, nid:1, npages:1]
          cg.C.x-2895  [063]     2.018670: (+1)     bprint:               __handle_mm_fault: NUMAB MEM ACCESS process[nid:1, cpu:63, pid:2895], folio[virt:0x7f0c182b4000, phys:0x186ba6e000, pfn:0x186ba6e, nid:1, npages:1]
          cg.C.x-2931  [031]     2.018672: (+2)     bprint:               __handle_mm_fault: NUMAB MEM ACCESS process[nid:1, cpu:31, pid:2931], folio[virt:0x7f0c18357000, phys:0x1855a2e000, pfn:0x1855a2e, nid:1, npages:1]
          cg.C.x-2900  [048]     2.018673: (+1)     bprint:               __handle_mm_fault: NUMAB MEM ACCESS process[nid:0, cpu:48, pid:2900], folio[virt:0x7f0c182ca000, phys:0x154356000, pfn:0x154356, nid:0, npages:1]
          cg.C.x-2891  [001]     2.018674: (+1)     bprint:               __handle_mm_fault: NUMAB MEM ACCESS process[nid:1, cpu:1, pid:2891], folio[virt:0x7f0c182a0000, phys:0x1866c03000, pfn:0x1866c03, nid:1, npages:1]
          cg.C.x-2943  [017]     2.018675: (+1)     bprint:               __handle_mm_fault: NUMAB MEM ACCESS process[nid:1, cpu:17, pid:2943], folio[virt:0x7f0c1838e000, phys:0x1864d08000, pfn:0x1864d08, nid:1, npages:1]
          cg.C.x-2915  [035]     2.018676: (+1)     bprint:               __handle_mm_fault: NUMAB MEM ACCESS process[nid:1, cpu:35, pid:2915], folio[virt:0x7f0c1830e000, phys:0x186491a000, pfn:0x186491a, nid:1, npages:1]
          cg.C.x-2947  [007]     2.018677: (+1)     bprint:               __handle_mm_fault: NUMAB MEM ACCESS process[nid:1, cpu:7, pid:2947], folio[virt:0x7f0c183a1000, phys:0x1863c79000, pfn:0x1863c79, nid:1, npages:1]
          cg.C.x-2917  [039]     2.018678: (+1)     bprint:               __handle_mm_fault: NUMAB MEM ACCESS process[nid:1, cpu:39, pid:2917], folio[virt:0x7f0c18317000, phys:0x186b639000, pfn:0x186b639, nid:1, npages:1]
          cg.C.x-2945  [003]     2.018679: (+1)     bprint:               __handle_mm_fault: NUMAB MEM ACCESS process[nid:1, cpu:3, pid:2945], folio[virt:0x7f0c18397000, phys:0x18583e9000, pfn:0x18583e9, nid:1, npages:1]
          cg.C.x-2938  [016]     2.018681: (+2)     bprint:               __handle_mm_fault: NUMAB MEM ACCESS process[nid:0, cpu:16, pid:2938], folio[virt:0x7f0c18378000, phys:0x1542b2000, pfn:0x1542b2, nid:0, npages:1]
          cg.C.x-2903  [055]     2.018683: (+2)     bprint:               __handle_mm_fault: NUMAB MEM ACCESS process[nid:1, cpu:55, pid:2903], folio[virt:0x7f0c182d7000, phys:0x18679be000, pfn:0x18679be, nid:1, npages:1]
          cg.C.x-2888  [050]     2.018685: (+2)     bprint:               __handle_mm_fault: NUMAB MEM ACCESS process[nid:0, cpu:50, pid:2888], folio[virt:0x7f0c18293000, phys:0x1530f4000, pfn:0x1530f4, nid:0, npages:1]
          cg.C.x-2936  [014]     2.018687: (+2)     bprint:               __handle_mm_fault: NUMAB MEM ACCESS process[nid:0, cpu:14, pid:2936], folio[virt:0x7f0c1836f000, phys:0x151981000, pfn:0x151981, nid:0, npages:1]
          cg.C.x-2896  [044]     2.018689: (+2)     bprint:               __handle_mm_fault: NUMAB MEM ACCESS process[nid:0, cpu:44, pid:2896], folio[virt:0x7f0c182b8000, phys:0x110f5d000, pfn:0x110f5d, nid:0, npages:1]
          cg.C.x-2898  [010]     2.018690: (+1)     bprint:               __handle_mm_fault: NUMAB MEM ACCESS process[nid:0, cpu:10, pid:2898], folio[virt:0x7f0c182c1000, phys:0x1542a6000, pfn:0x1542a6, nid:0, npages:1]
          cg.C.x-2929  [023]     2.018691: (+1)     bprint:               __handle_mm_fault: NUMAB MEM ACCESS process[nid:1, cpu:23, pid:2929], folio[virt:0x7f0c1834e000, phys:0x1858816000, pfn:0x1858816, nid:1, npages:1]
          cg.C.x-2913  [049]     2.018692: (+1)     bprint:               __handle_mm_fault: NUMAB MEM ACCESS process[nid:1, cpu:49, pid:2913], folio[virt:0x7f0c18306000, phys:0x186b0a7000, pfn:0x186b0a7, nid:1, npages:1]
          cg.C.x-2934  [042]     2.018694: (+2)     bprint:               __handle_mm_fault: NUMAB MEM ACCESS process[nid:0, cpu:42, pid:2934], folio[virt:0x7f0c18366000, phys:0x122328000, pfn:0x122328, nid:0, npages:1]
          cg.C.x-2950  [060]     2.018696: (+2)     bprint:               __handle_mm_fault: NUMAB MEM ACCESS process[nid:0, cpu:60, pid:2950], folio[virt:0x7f0c183af000, phys:0x11588e000, pfn:0x11588e, nid:0, npages:1]
          cg.C.x-2910  [052]     2.018697: (+1)     bprint:               __handle_mm_fault: NUMAB MEM ACCESS process[nid:0, cpu:52, pid:2910], folio[virt:0x7f0c182f8000, phys:0x12123d000, pfn:0x12123d, nid:0, npages:1]
          cg.C.x-2901  [047]     2.018698: (+1)     bprint:               __handle_mm_fault: NUMAB MEM ACCESS process[nid:1, cpu:47, pid:2901], folio[virt:0x7f0c182cf000, phys:0x186ae03000, pfn:0x186ae03, nid:1, npages:1]
          cg.C.x-2926  [020]     2.018700: (+2)     bprint:               __handle_mm_fault: NUMAB MEM ACCESS process[nid:0, cpu:20, pid:2926], folio[virt:0x7f0c18341000, phys:0x120151000, pfn:0x120151, nid:0, npages:1]
          cg.C.x-2893  [005]     2.018702: (+2)     bprint:               __handle_mm_fault: NUMAB MEM ACCESS process[nid:1, cpu:5, pid:2893], folio[virt:0x7f0c182aa000, phys:0x1867841000, pfn:0x1867841, nid:1, npages:1]
          cg.C.x-2912  [058]     2.018703: (+1)     bprint:               __handle_mm_fault: NUMAB MEM ACCESS process[nid:0, cpu:58, pid:2912], folio[virt:0x7f0c18301000, phys:0x1531df000, pfn:0x1531df, nid:0, npages:1]
          cg.C.x-2922  [022]     2.018705: (+2)     bprint:               __handle_mm_fault: NUMAB MEM ACCESS process[nid:0, cpu:22, pid:2922], folio[virt:0x7f0c1832f000, phys:0x123f90000, pfn:0x123f90, nid:0, npages:1]
          cg.C.x-2939  [009]     2.018706: (+1)     bprint:               __handle_mm_fault: NUMAB MEM ACCESS process[nid:1, cpu:9, pid:2939], folio[virt:0x7f0c1837d000, phys:0x185cc93000, pfn:0x185cc93, nid:1, npages:1]
          cg.C.x-2890  [036]     2.018707: (+1)     bprint:               __handle_mm_fault: NUMAB MEM ACCESS process[nid:0, cpu:36, pid:2890], folio[virt:0x7f0c1829d000, phys:0x154283000, pfn:0x154283, nid:0, npages:1]
          cg.C.x-2927  [025]     2.018708: (+1)     bprint:               __handle_mm_fault: NUMAB MEM ACCESS process[nid:1, cpu:25, pid:2927], folio[virt:0x7f0c18346000, phys:0x1867732000, pfn:0x1867732, nid:1, npages:1]
          cg.C.x-2905  [051]     2.018709: (+1)     bprint:               __handle_mm_fault: NUMAB MEM ACCESS process[nid:1, cpu:51, pid:2905], folio[virt:0x7f0c182e1000, phys:0x1867538000, pfn:0x1867538, nid:1, npages:1]
          cg.C.x-2907  [053]     2.018710: (+1)     bprint:               __handle_mm_fault: NUMAB MEM ACCESS process[nid:1, cpu:53, pid:2907], folio[virt:0x7f0c182ea000, phys:0x1865f9b000, pfn:0x1865f9b, nid:1, npages:1]
          cg.C.x-2941  [011]     2.018711: (+1)     bprint:               __handle_mm_fault: NUMAB MEM ACCESS process[nid:1, cpu:11, pid:2941], folio[virt:0x7f0c18386000, phys:0x1868273000, pfn:0x1868273, nid:1, npages:1]
          cg.C.x-2919  [041]     2.018713: (+2)     bprint:               __handle_mm_fault: NUMAB MEM ACCESS process[nid:1, cpu:41, pid:2919], folio[virt:0x7f0c18321000, phys:0x185be4e000, pfn:0x185be4e, nid:1, npages:1]
          cg.C.x-2931  [031]     2.018714: (+1)     bprint:               __handle_mm_fault: NUMAB MEM ACCESS process[nid:1, cpu:31, pid:2931], folio[virt:0x7f0c18358000, phys:0x1855a2f000, pfn:0x1855a2f, nid:1, npages:1]
          cg.C.x-2891  [001]     2.018715: (+1)     bprint:               __handle_mm_fault: NUMAB MEM ACCESS process[nid:1, cpu:1, pid:2891], folio[virt:0x7f0c182a1000, phys:0x186a329000, pfn:0x186a329, nid:1, npages:1]
          cg.C.x-2943  [017]     2.018716: (+1)     bprint:               __handle_mm_fault: NUMAB MEM ACCESS process[nid:1, cpu:17, pid:2943], folio[virt:0x7f0c1838f000, phys:0x1864d07000, pfn:0x1864d07, nid:1, npages:1]
          cg.C.x-2915  [035]     2.018716: (+0)     bprint:               __handle_mm_fault: NUMAB MEM ACCESS process[nid:1, cpu:35, pid:2915], folio[virt:0x7f0c1830f000, phys:0x186491c000, pfn:0x186491c, nid:1, npages:1]
          cg.C.x-2908  [056]     2.018718: (+2)     bprint:               __handle_mm_fault: NUMAB COMPLETED MEM MIGR process[nid:0, cpu:56, pid:2908], old[phys:0x185bcb7000, nid:1, npages:1], new[phys:0x110f96000, nid:0, npages:1]
          cg.C.x-2917  [039]     2.018718: (+0)     bprint:               __handle_mm_fault: NUMAB MEM ACCESS process[nid:1, cpu:39, pid:2917], folio[virt:0x7f0c18318000, phys:0x186b63a000, pfn:0x186b63a, nid:1, npages:1]
          cg.C.x-2945  [003]     2.018720: (+2)     bprint:               __handle_mm_fault: NUMAB MEM ACCESS process[nid:1, cpu:3, pid:2945], folio[virt:0x7f0c18398000, phys:0x186bb2a000, pfn:0x186bb2a, nid:1, npages:1]
          cg.C.x-2940  [024]     2.018720: (+0)     bprint:               __handle_mm_fault: NUMAB COMPLETED MEM MIGR process[nid:0, cpu:24, pid:2940], old[phys:0x185873d000, nid:1, npages:1], new[phys:0x15313c000, nid:0, npages:1]
          cg.C.x-2916  [030]     2.018722: (+2)     bprint:               __handle_mm_fault: NUMAB COMPLETED MEM MIGR process[nid:0, cpu:30, pid:2916], old[phys:0x18649d6000, nid:1, npages:1], new[phys:0x1b04f1000, nid:0, npages:1]
          cg.C.x-2930  [062]     2.018722: (+0)     bprint:               __handle_mm_fault: NUMAB COMPLETED MEM MIGR process[nid:0, cpu:62, pid:2930], old[phys:0x185800d000, nid:1, npages:1], new[phys:0x154328000, nid:0, npages:1]
          cg.C.x-2904  [028]     2.018722: (+0)     bprint:               __handle_mm_fault: NUMAB COMPLETED MEM MIGR process[nid:0, cpu:28, pid:2904], old[phys:0x1865982000, nid:1, npages:1], new[phys:0x180697000, nid:0, npages:1]
          cg.C.x-2903  [055]     2.018722: (+0)     bprint:               __handle_mm_fault: NUMAB MEM ACCESS process[nid:1, cpu:55, pid:2903], folio[virt:0x7f0c182d8000, phys:0x1867560000, pfn:0x1867560, nid:1, npages:1]
          cg.C.x-2902  [046]     2.018723: (+1)     bprint:               __handle_mm_fault: NUMAB COMPLETED MEM MIGR process[nid:0, cpu:46, pid:2902], old[phys:0x186ac6f000, nid:1, npages:1], new[phys:0x113a2e000, nid:0, npages:1]
          cg.C.x-2944  [012]     2.018724: (+1)     bprint:               __handle_mm_fault: NUMAB COMPLETED MEM MIGR process[nid:0, cpu:12, pid:2944], old[phys:0x1864990000, nid:1, npages:1], new[phys:0x115573000, nid:0, npages:1]
          cg.C.x-2888  [050]     2.018724: (+0)     bprint:               __handle_mm_fault: NUMAB MEM ACCESS process[nid:0, cpu:50, pid:2888], folio[virt:0x7f0c18294000, phys:0x1530f5000, pfn:0x1530f5, nid:0, npages:1]
          cg.C.x-2906  [038]     2.018725: (+1)     bprint:               __handle_mm_fault: NUMAB COMPLETED MEM MIGR process[nid:0, cpu:38, pid:2906], old[phys:0x18571fd000, nid:1, npages:1], new[phys:0x182e4c000, nid:0, npages:1]
          cg.C.x-2918  [000]     2.018726: (+1)     bprint:               __handle_mm_fault: NUMAB COMPLETED MEM MIGR process[nid:0, cpu:0, pid:2918], old[phys:0x186b63c000, nid:1, npages:1], new[phys:0x151a87000, nid:0, npages:1]
          cg.C.x-2929  [023]     2.018726: (+0)     bprint:               __handle_mm_fault: NUMAB MEM ACCESS process[nid:1, cpu:23, pid:2929], folio[virt:0x7f0c1834f000, phys:0x1858817000, pfn:0x1858817, nid:1, npages:1]
          cg.C.x-2932  [006]     2.018727: (+1)     bprint:               __handle_mm_fault: NUMAB COMPLETED MEM MIGR process[nid:0, cpu:6, pid:2932], old[phys:0x185c563000, nid:1, npages:1], new[phys:0x15300b000, nid:0, npages:1]
          cg.C.x-2913  [049]     2.018727: (+0)     bprint:               __handle_mm_fault: NUMAB MEM ACCESS process[nid:1, cpu:49, pid:2913], folio[virt:0x7f0c18307000, phys:0x186b0a8000, pfn:0x186b0a8, nid:1, npages:1]
          cg.C.x-2928  [026]     2.018729: (+2)     bprint:               __handle_mm_fault: NUMAB COMPLETED MEM MIGR process[nid:0, cpu:26, pid:2928], old[phys:0x1857948000, nid:1, npages:1], new[phys:0x152ca1000, nid:0, npages:1]
          cg.C.x-2920  [018]     2.018729: (+0)     bprint:               __handle_mm_fault: NUMAB COMPLETED MEM MIGR process[nid:0, cpu:18, pid:2920], old[phys:0x18559ea000, nid:1, npages:1], new[phys:0x17e0929000, nid:0, npages:1]
          cg.C.x-2942  [008]     2.018729: (+0)     bprint:               __handle_mm_fault: NUMAB COMPLETED MEM MIGR process[nid:0, cpu:8, pid:2942], old[phys:0x18581d9000, nid:1, npages:1], new[phys:0x153440000, nid:0, npages:1]
          cg.C.x-2901  [047]     2.018729: (+0)     bprint:               __handle_mm_fault: NUMAB MEM ACCESS process[nid:1, cpu:47, pid:2901], folio[virt:0x7f0c182d0000, phys:0x186ae02000, pfn:0x186ae02, nid:1, npages:1]
          cg.C.x-2946  [032]     2.018731: (+2)     bprint:               __handle_mm_fault: NUMAB COMPLETED MEM MIGR process[nid:0, cpu:32, pid:2946], old[phys:0x186a31b000, nid:1, npages:1], new[phys:0x118613000, nid:0, npages:1]
          cg.C.x-2892  [040]     2.018732: (+1)     bprint:               __handle_mm_fault: NUMAB COMPLETED MEM MIGR process[nid:0, cpu:40, pid:2892], old[phys:0x2c434de000, nid:1, npages:1], new[phys:0x123214000, nid:0, npages:1]
          cg.C.x-2893  [005]     2.018732: (+0)     bprint:               __handle_mm_fault: NUMAB MEM ACCESS process[nid:1, cpu:5, pid:2893], folio[virt:0x7f0c182ab000, phys:0x1867808000, pfn:0x1867808, nid:1, npages:1]
          cg.C.x-2914  [054]     2.018734: (+2)     bprint:               __handle_mm_fault: NUMAB COMPLETED MEM MIGR process[nid:0, cpu:54, pid:2914], old[phys:0x186b0a9000, nid:1, npages:1], new[phys:0x1222d5000, nid:0, npages:1]
          cg.C.x-2939  [009]     2.018734: (+0)     bprint:               __handle_mm_fault: NUMAB MEM ACCESS process[nid:1, cpu:9, pid:2939], folio[virt:0x7f0c1837e000, phys:0x1867559000, pfn:0x1867559, nid:1, npages:1]
          cg.C.x-2927  [025]     2.018735: (+1)     bprint:               __handle_mm_fault: NUMAB MEM ACCESS process[nid:1, cpu:25, pid:2927], folio[virt:0x7f0c18347000, phys:0x18675d0000, pfn:0x18675d0, nid:1, npages:1]
          cg.C.x-2905  [051]     2.018736: (+1)     bprint:               __handle_mm_fault: NUMAB MEM ACCESS process[nid:1, cpu:51, pid:2905], folio[virt:0x7f0c182e2000, phys:0x1863cd4000, pfn:0x1863cd4, nid:1, npages:1]
          cg.C.x-2907  [053]     2.018737: (+1)     bprint:               __handle_mm_fault: NUMAB MEM ACCESS process[nid:1, cpu:53, pid:2907], folio[virt:0x7f0c182eb000, phys:0x185bcb6000, pfn:0x185bcb6, nid:1, npages:1]
          cg.C.x-2941  [011]     2.018738: (+1)     bprint:               __handle_mm_fault: NUMAB MEM ACCESS process[nid:1, cpu:11, pid:2941], folio[virt:0x7f0c18387000, phys:0x18581d8000, pfn:0x18581d8, nid:1, npages:1]
          cg.C.x-2919  [041]     2.018739: (+1)     bprint:               __handle_mm_fault: NUMAB MEM ACCESS process[nid:1, cpu:41, pid:2919], folio[virt:0x7f0c18322000, phys:0x1867861000, pfn:0x1867861, nid:1, npages:1]
          cg.C.x-2931  [031]     2.018740: (+1)     bprint:               __handle_mm_fault: NUMAB MEM ACCESS process[nid:1, cpu:31, pid:2931], folio[virt:0x7f0c18359000, phys:0x185c562000, pfn:0x185c562, nid:1, npages:1]
          cg.C.x-2891  [001]     2.018741: (+1)     bprint:               __handle_mm_fault: NUMAB MEM ACCESS process[nid:1, cpu:1, pid:2891], folio[virt:0x7f0c182a2000, phys:0x1863e7a000, pfn:0x1863e7a, nid:1, npages:1]
          cg.C.x-2943  [017]     2.018743: (+2)     bprint:               __handle_mm_fault: NUMAB MEM ACCESS process[nid:1, cpu:17, pid:2943], folio[virt:0x7f0c18390000, phys:0x1864d03000, pfn:0x1864d03, nid:1, npages:1]
          cg.C.x-2915  [035]     2.018744: (+1)     bprint:               __handle_mm_fault: NUMAB MEM ACCESS process[nid:1, cpu:35, pid:2915], folio[virt:0x7f0c18310000, phys:0x18649ae000, pfn:0x18649ae, nid:1, npages:1]
          cg.C.x-2917  [039]     2.018745: (+1)     bprint:               __handle_mm_fault: NUMAB MEM ACCESS process[nid:1, cpu:39, pid:2917], folio[virt:0x7f0c18319000, phys:0x186b63b000, pfn:0x186b63b, nid:1, npages:1]
          cg.C.x-2945  [003]     2.018747: (+2)     bprint:               __handle_mm_fault: NUMAB MEM ACCESS process[nid:1, cpu:3, pid:2945], folio[virt:0x7f0c18399000, phys:0x186a327000, pfn:0x186a327, nid:1, npages:1]
          cg.C.x-2903  [055]     2.018750: (+3)     bprint:               __handle_mm_fault: NUMAB MEM ACCESS process[nid:1, cpu:55, pid:2903], folio[virt:0x7f0c182d9000, phys:0x1864f7e000, pfn:0x1864f7e, nid:1, npages:1]
          cg.C.x-2929  [023]     2.018753: (+3)     bprint:               __handle_mm_fault: NUMAB MEM ACCESS process[nid:1, cpu:23, pid:2929], folio[virt:0x7f0c18350000, phys:0x185800c000, pfn:0x185800c, nid:1, npages:1]
          cg.C.x-2908  [056]     2.018762: (+9)     bprint:               __handle_mm_fault: NUMAB MEM ACCESS process[nid:0, cpu:56, pid:2908], folio[virt:0x7f0c182ed000, phys:0x112bf9000, pfn:0x112bf9, nid:0, npages:1]
          cg.C.x-2940  [024]     2.018763: (+1)     bprint:               __handle_mm_fault: NUMAB MEM ACCESS process[nid:0, cpu:24, pid:2940], folio[virt:0x7f0c18380000, phys:0x1818a2000, pfn:0x1818a2, nid:0, npages:1]
          cg.C.x-2904  [028]     2.018765: (+2)     bprint:               __handle_mm_fault: NUMAB MEM ACCESS process[nid:0, cpu:28, pid:2904], folio[virt:0x7f0c182db000, phys:0x15311e000, pfn:0x15311e, nid:0, npages:1]
          cg.C.x-2930  [062]     2.018766: (+1)     bprint:               __handle_mm_fault: NUMAB MEM ACCESS process[nid:0, cpu:62, pid:2930], folio[virt:0x7f0c18352000, phys:0x11311c000, pfn:0x11311c, nid:0, npages:1]
          cg.C.x-2916  [030]     2.018767: (+1)     bprint:               __handle_mm_fault: NUMAB MEM ACCESS process[nid:0, cpu:30, pid:2916], folio[virt:0x7f0c18312000, phys:0x1b04e9000, pfn:0x1b04e9, nid:0, npages:1]
          cg.C.x-2944  [012]     2.018768: (+1)     bprint:               __handle_mm_fault: NUMAB MEM ACCESS process[nid:0, cpu:12, pid:2944], folio[virt:0x7f0c18392000, phys:0x112dd8000, pfn:0x112dd8, nid:0, npages:1]
          cg.C.x-2902  [046]     2.018769: (+1)     bprint:               __handle_mm_fault: NUMAB MEM ACCESS process[nid:0, cpu:46, pid:2902], folio[virt:0x7f0c182d2000, phys:0x112974000, pfn:0x112974, nid:0, npages:1]
          cg.C.x-2906  [038]     2.018770: (+1)     bprint:               __handle_mm_fault: NUMAB MEM ACCESS process[nid:0, cpu:38, pid:2906], folio[virt:0x7f0c182e4000, phys:0x17e08c7000, pfn:0x17e08c7, nid:0, npages:1]
          cg.C.x-2918  [000]     2.018772: (+2)     bprint:               __handle_mm_fault: NUMAB MEM ACCESS process[nid:0, cpu:0, pid:2918], folio[virt:0x7f0c1831b000, phys:0x11165a000, pfn:0x11165a, nid:0, npages:1]
          cg.C.x-2932  [006]     2.018773: (+1)     bprint:               __handle_mm_fault: NUMAB MEM ACCESS process[nid:0, cpu:6, pid:2932], folio[virt:0x7f0c1835b000, phys:0x112960000, pfn:0x112960, nid:0, npages:1]
          cg.C.x-2920  [018]     2.018774: (+1)     bprint:               __handle_mm_fault: NUMAB MEM ACCESS process[nid:0, cpu:18, pid:2920], folio[virt:0x7f0c18324000, phys:0x1233d4000, pfn:0x1233d4, nid:0, npages:1]
          cg.C.x-2946  [032]     2.018775: (+1)     bprint:               __handle_mm_fault: NUMAB MEM ACCESS process[nid:0, cpu:32, pid:2946], folio[virt:0x7f0c1839b000, phys:0x118666000, pfn:0x118666, nid:0, npages:1]
          cg.C.x-2928  [026]     2.018776: (+1)     bprint:               __handle_mm_fault: NUMAB MEM ACCESS process[nid:0, cpu:26, pid:2928], folio[virt:0x7f0c18349000, phys:0x1501bf000, pfn:0x1501bf, nid:0, npages:1]
          cg.C.x-2942  [008]     2.018777: (+1)     bprint:               __handle_mm_fault: NUMAB MEM ACCESS process[nid:0, cpu:8, pid:2942], folio[virt:0x7f0c18389000, phys:0x1501af000, pfn:0x1501af, nid:0, npages:1]
          cg.C.x-2892  [040]     2.018779: (+2)     bprint:               __handle_mm_fault: NUMAB MEM ACCESS process[nid:0, cpu:40, pid:2892], folio[virt:0x7f0c182a4000, phys:0x1801b2000, pfn:0x1801b2, nid:0, npages:1]
          cg.C.x-2914  [054]     2.018780: (+1)     bprint:               __handle_mm_fault: NUMAB MEM ACCESS process[nid:0, cpu:54, pid:2914], folio[virt:0x7f0c18309000, phys:0x123065000, pfn:0x123065, nid:0, npages:1]
          cg.C.x-2908  [056]     2.018781: (+1)     bprint:               __handle_mm_fault: NUMAB MEM ACCESS process[nid:0, cpu:56, pid:2908], folio[virt:0x7f0c182ee000, phys:0x110f8e000, pfn:0x110f8e, nid:0, npages:1]
          cg.C.x-2940  [024]     2.018782: (+1)     bprint:               __handle_mm_fault: NUMAB MEM ACCESS process[nid:0, cpu:24, pid:2940], folio[virt:0x7f0c18381000, phys:0x151c5a000, pfn:0x151c5a, nid:0, npages:1]
          cg.C.x-2904  [028]     2.018783: (+1)     bprint:               __handle_mm_fault: NUMAB MEM ACCESS process[nid:0, cpu:28, pid:2904], folio[virt:0x7f0c182dc000, phys:0x15311f000, pfn:0x15311f, nid:0, npages:1]
          cg.C.x-2930  [062]     2.018784: (+1)     bprint:               __handle_mm_fault: NUMAB MEM ACCESS process[nid:0, cpu:62, pid:2930], folio[virt:0x7f0c18353000, phys:0x150560000, pfn:0x150560, nid:0, npages:1]
          cg.C.x-2916  [030]     2.018785: (+1)     bprint:               __handle_mm_fault: NUMAB MEM ACCESS process[nid:0, cpu:30, pid:2916], folio[virt:0x7f0c18313000, phys:0x1b04ea000, pfn:0x1b04ea, nid:0, npages:1]
          cg.C.x-2944  [012]     2.018786: (+1)     bprint:               __handle_mm_fault: NUMAB MEM ACCESS process[nid:0, cpu:12, pid:2944], folio[virt:0x7f0c18393000, phys:0x151275000, pfn:0x151275, nid:0, npages:1]
          cg.C.x-2902  [046]     2.018787: (+1)     bprint:               __handle_mm_fault: NUMAB MEM ACCESS process[nid:0, cpu:46, pid:2902], folio[virt:0x7f0c182d3000, phys:0x123155000, pfn:0x123155, nid:0, npages:1]
          cg.C.x-2906  [038]     2.018787: (+0)     bprint:               __handle_mm_fault: NUMAB MEM ACCESS process[nid:0, cpu:38, pid:2906], folio[virt:0x7f0c182e5000, phys:0x110f53000, pfn:0x110f53, nid:0, npages:1]
          cg.C.x-2918  [000]     2.018788: (+1)     bprint:               __handle_mm_fault: NUMAB MEM ACCESS process[nid:0, cpu:0, pid:2918], folio[virt:0x7f0c1831c000, phys:0x11165b000, pfn:0x11165b, nid:0, npages:1]
          cg.C.x-2932  [006]     2.018789: (+1)     bprint:               __handle_mm_fault: NUMAB MEM ACCESS process[nid:0, cpu:6, pid:2932], folio[virt:0x7f0c1835c000, phys:0x112961000, pfn:0x112961, nid:0, npages:1]
          cg.C.x-2920  [018]     2.018790: (+1)     bprint:               __handle_mm_fault: NUMAB MEM ACCESS process[nid:0, cpu:18, pid:2920], folio[virt:0x7f0c18325000, phys:0x1116de000, pfn:0x1116de, nid:0, npages:1]
          cg.C.x-2946  [032]     2.018791: (+1)     bprint:               __handle_mm_fault: NUMAB MEM ACCESS process[nid:0, cpu:32, pid:2946], folio[virt:0x7f0c1839c000, phys:0x118667000, pfn:0x118667, nid:0, npages:1]
          cg.C.x-2928  [026]     2.018792: (+1)     bprint:               __handle_mm_fault: NUMAB MEM ACCESS process[nid:0, cpu:26, pid:2928], folio[virt:0x7f0c1834a000, phys:0x1530aa000, pfn:0x1530aa, nid:0, npages:1]
          cg.C.x-2942  [008]     2.018793: (+1)     bprint:               __handle_mm_fault: NUMAB MEM ACCESS process[nid:0, cpu:8, pid:2942], folio[virt:0x7f0c1838a000, phys:0x150345000, pfn:0x150345, nid:0, npages:1]
          cg.C.x-2892  [040]     2.018794: (+1)     bprint:               __handle_mm_fault: NUMAB MEM ACCESS process[nid:0, cpu:40, pid:2892], folio[virt:0x7f0c182a5000, phys:0x153093000, pfn:0x153093, nid:0, npages:1]
          cg.C.x-2914  [054]     2.018795: (+1)     bprint:               __handle_mm_fault: NUMAB MEM ACCESS process[nid:0, cpu:54, pid:2914], folio[virt:0x7f0c1830a000, phys:0x123066000, pfn:0x123066, nid:0, npages:1]
          cg.C.x-2940  [024]     2.018796: (+1)     bprint:               __handle_mm_fault: NUMAB MEM ACCESS process[nid:0, cpu:24, pid:2940], folio[virt:0x7f0c18382000, phys:0x1501a8000, pfn:0x1501a8, nid:0, npages:1]
          cg.C.x-2904  [028]     2.018797: (+1)     bprint:               __handle_mm_fault: NUMAB MEM ACCESS process[nid:0, cpu:28, pid:2904], folio[virt:0x7f0c182dd000, phys:0x180690000, pfn:0x180690, nid:0, npages:1]
          cg.C.x-2930  [062]     2.018798: (+1)     bprint:               __handle_mm_fault: NUMAB MEM ACCESS process[nid:0, cpu:62, pid:2930], folio[virt:0x7f0c18354000, phys:0x152c68000, pfn:0x152c68, nid:0, npages:1]
          cg.C.x-2916  [030]     2.018799: (+1)     bprint:               __handle_mm_fault: NUMAB MEM ACCESS process[nid:0, cpu:30, pid:2916], folio[virt:0x7f0c18314000, phys:0x1b04eb000, pfn:0x1b04eb, nid:0, npages:1]
          cg.C.x-2944  [012]     2.018800: (+1)     bprint:               __handle_mm_fault: NUMAB MEM ACCESS process[nid:0, cpu:12, pid:2944], folio[virt:0x7f0c18394000, phys:0x112ca9000, pfn:0x112ca9, nid:0, npages:1]
          cg.C.x-2902  [046]     2.018801: (+1)     bprint:               __handle_mm_fault: NUMAB MEM ACCESS process[nid:0, cpu:46, pid:2902], folio[virt:0x7f0c182d4000, phys:0x180e5c000, pfn:0x180e5c, nid:0, npages:1]
          cg.C.x-2906  [038]     2.018802: (+1)     bprint:               __handle_mm_fault: NUMAB MEM ACCESS process[nid:0, cpu:38, pid:2906], folio[virt:0x7f0c182e6000, phys:0x110fad000, pfn:0x110fad, nid:0, npages:1]
          cg.C.x-2918  [000]     2.018803: (+1)     bprint:               __handle_mm_fault: NUMAB MEM ACCESS process[nid:0, cpu:0, pid:2918], folio[virt:0x7f0c1831d000, phys:0x181a24000, pfn:0x181a24, nid:0, npages:1]
          cg.C.x-2932  [006]     2.018804: (+1)     bprint:               __handle_mm_fault: NUMAB MEM ACCESS process[nid:0, cpu:6, pid:2932], folio[virt:0x7f0c1835d000, phys:0x112962000, pfn:0x112962, nid:0, npages:1]
          cg.C.x-2920  [018]     2.018804: (+0)     bprint:               __handle_mm_fault: NUMAB MEM ACCESS process[nid:0, cpu:18, pid:2920], folio[virt:0x7f0c18326000, phys:0x1231e0000, pfn:0x1231e0, nid:0, npages:1]
          cg.C.x-2946  [032]     2.018806: (+2)     bprint:               __handle_mm_fault: NUMAB MEM ACCESS process[nid:0, cpu:32, pid:2946], folio[virt:0x7f0c1839d000, phys:0x118668000, pfn:0x118668, nid:0, npages:1]
          cg.C.x-2928  [026]     2.018806: (+0)     bprint:               __handle_mm_fault: NUMAB MEM ACCESS process[nid:0, cpu:26, pid:2928], folio[virt:0x7f0c1834b000, phys:0x1530ab000, pfn:0x1530ab, nid:0, npages:1]
          cg.C.x-2942  [008]     2.018807: (+1)     bprint:               __handle_mm_fault: NUMAB MEM ACCESS process[nid:0, cpu:8, pid:2942], folio[virt:0x7f0c1838b000, phys:0x1231ca000, pfn:0x1231ca, nid:0, npages:1]
          cg.C.x-2892  [040]     2.018809: (+2)     bprint:               __handle_mm_fault: NUMAB MEM ACCESS process[nid:0, cpu:40, pid:2892], folio[virt:0x7f0c182a6000, phys:0x153d88000, pfn:0x153d88, nid:0, npages:1]
          cg.C.x-2914  [054]     2.018809: (+0)     bprint:               __handle_mm_fault: NUMAB MEM ACCESS process[nid:0, cpu:54, pid:2914], folio[virt:0x7f0c1830b000, phys:0x123067000, pfn:0x123067, nid:0, npages:1]
          cg.C.x-2912  [058]     2.035089: (+16280) sched_waking:         comm=kworker/58:2 pid=1222 prio=120 target_cpu=058
          cg.C.x-2912  [058]     2.035100: (+11)    sched_wakeup:         kworker/58:2:1222 [120] CPU:058
          cg.C.x-2912  [058]     2.035110: (+10)    sched_switch:         cg.C.x:2912 [120] R ==> kworker/58:2:1222 [120]
    kworker/58:2-1222  [058]     2.035125: (+15)    sched_switch:         kworker/58:2:1222 [120] I ==> cg.C.x:2912 [120]
          cg.C.x-2909  [057]     2.039087: (+3962)  sched_waking:         comm=kworker/57:0 pid=361 prio=120 target_cpu=057
          cg.C.x-2899  [059]     2.039087: (+0)     sched_waking:         comm=kworker/59:2 pid=951 prio=120 target_cpu=059
          cg.C.x-2899  [059]     2.039093: (+6)     sched_wakeup:         kworker/59:2:951 [120] CPU:059
          cg.C.x-2909  [057]     2.039093: (+0)     sched_wakeup:         kworker/57:0:361 [120] CPU:057
          cg.C.x-2899  [059]     2.039099: (+6)     sched_switch:         cg.C.x:2899 [120] R ==> kworker/59:2:951 [120]
          cg.C.x-2909  [057]     2.039102: (+3)     sched_switch:         cg.C.x:2909 [120] R ==> kworker/57:0:361 [120]
    kworker/59:2-951   [059]     2.039111: (+9)     sched_switch:         kworker/59:2:951 [120] I ==> cg.C.x:2899 [120]
    kworker/57:0-361   [057]     2.039111: (+0)     sched_switch:         kworker/57:0:361 [120] I ==> cg.C.x:2909 [120]
          cg.C.x-2888  [050]     2.060458: (+21347) sched_waking:         comm=kworker/u129:26 pid=435 prio=120 target_cpu=042
          cg.C.x-2888  [050]     2.060469: (+11)    sched_wakeup:         kworker/u129:26:435 [120] CPU:042
          cg.C.x-2934  [042]     2.060480: (+11)    sched_switch:         cg.C.x:2934 [120] R ==> kworker/u129:26:435 [120]
 kworker/u129:26-435   [042]     2.060490: (+10)    sched_waking:         comm=sshd pid=1978 prio=120 target_cpu=050
 kworker/u129:26-435   [042]     2.060496: (+6)     sched_wakeup:         sshd:1978 [120] CPU:050
          cg.C.x-2888  [050]     2.060500: (+4)     sched_switch:         cg.C.x:2888 [120] R ==> sshd:1978 [120]
 kworker/u129:26-435   [042]     2.060500: (+0)     sched_switch:         kworker/u129:26:435 [120] I ==> cg.C.x:2934 [120]
            sshd-1978  [050]     2.060644: (+144)   sched_switch:         sshd:1978 [120] S ==> cg.C.x:2888 [120]
          cg.C.x-2908  [056]     2.067088: (+6444)  sched_waking:         comm=kworker/56:1 pid=549 prio=120 target_cpu=056
          cg.C.x-2903  [055]     2.067088: (+0)     sched_waking:         comm=kworker/55:1 pid=732 prio=120 target_cpu=055
          cg.C.x-2908  [056]     2.067095: (+7)     sched_wakeup:         kworker/56:1:549 [120] CPU:056
          cg.C.x-2903  [055]     2.067095: (+0)     sched_wakeup:         kworker/55:1:732 [120] CPU:055
          cg.C.x-2908  [056]     2.067102: (+7)     sched_switch:         cg.C.x:2908 [120] R ==> kworker/56:1:549 [120]
          cg.C.x-2903  [055]     2.067102: (+0)     sched_switch:         cg.C.x:2903 [120] R ==> kworker/55:1:732 [120]
    kworker/56:1-549   [056]     2.067116: (+14)    sched_switch:         kworker/56:1:549 [120] I ==> cg.C.x:2908 [120]
    kworker/55:1-732   [055]     2.067117: (+1)     sched_switch:         kworker/55:1:732 [120] I ==> cg.C.x:2903 [120]
          cg.C.x-2918  [000]     2.091088: (+23971) sched_waking:         comm=kworker/0:3 pid=746 prio=120 target_cpu=000
          cg.C.x-2918  [000]     2.091098: (+10)    sched_wakeup:         kworker/0:3:746 [120] CPU:000
          cg.C.x-2918  [000]     2.091109: (+11)    sched_switch:         cg.C.x:2918 [120] R ==> kworker/0:3:746 [120]
     kworker/0:3-746   [000]     2.091178: (+69)    sched_switch:         kworker/0:3:746 [120] I ==> cg.C.x:2918 [120]
          cg.C.x-2914  [054]     2.099088: (+7910)  sched_waking:         comm=kworker/54:1 pid=487 prio=120 target_cpu=054
          cg.C.x-2910  [052]     2.099088: (+0)     sched_waking:         comm=kworker/52:1 pid=544 prio=120 target_cpu=052
          cg.C.x-2907  [053]     2.099088: (+0)     sched_waking:         comm=kworker/53:1 pid=735 prio=120 target_cpu=053
          cg.C.x-2907  [053]     2.099095: (+7)     sched_wakeup:         kworker/53:1:735 [120] CPU:053
          cg.C.x-2914  [054]     2.099096: (+1)     sched_wakeup:         kworker/54:1:487 [120] CPU:054
          cg.C.x-2910  [052]     2.099096: (+0)     sched_wakeup:         kworker/52:1:544 [120] CPU:052
          cg.C.x-2910  [052]     2.099102: (+6)     sched_switch:         cg.C.x:2910 [120] R ==> kworker/52:1:544 [120]
          cg.C.x-2914  [054]     2.099102: (+0)     sched_switch:         cg.C.x:2914 [120] R ==> kworker/54:1:487 [120]
          cg.C.x-2907  [053]     2.099102: (+0)     sched_switch:         cg.C.x:2907 [120] R ==> kworker/53:1:735 [120]
    kworker/53:1-735   [053]     2.099116: (+14)    sched_switch:         kworker/53:1:735 [120] I ==> cg.C.x:2907 [120]
    kworker/52:1-544   [052]     2.099116: (+0)     sched_switch:         kworker/52:1:544 [120] I ==> cg.C.x:2910 [120]
    kworker/54:1-487   [054]     2.099117: (+1)     sched_switch:         kworker/54:1:487 [120] I ==> cg.C.x:2914 [120]
          cg.C.x-2913  [049]     2.135087: (+35970) sched_waking:         comm=kworker/49:1 pid=500 prio=120 target_cpu=049
          cg.C.x-2888  [050]     2.135087: (+0)     sched_waking:         comm=kworker/50:0 pid=319 prio=120 target_cpu=050
          cg.C.x-2905  [051]     2.135087: (+0)     sched_waking:         comm=kworker/51:1 pid=579 prio=120 target_cpu=051
          cg.C.x-2888  [050]     2.135095: (+8)     sched_wakeup:         kworker/50:0:319 [120] CPU:050
          cg.C.x-2905  [051]     2.135096: (+1)     sched_wakeup:         kworker/51:1:579 [120] CPU:051
          cg.C.x-2913  [049]     2.135096: (+0)     sched_wakeup:         kworker/49:1:500 [120] CPU:049
          cg.C.x-2905  [051]     2.135103: (+7)     sched_switch:         cg.C.x:2905 [120] R ==> kworker/51:1:579 [120]
          cg.C.x-2913  [049]     2.135105: (+2)     sched_switch:         cg.C.x:2913 [120] R ==> kworker/49:1:500 [120]
    kworker/49:1-500   [049]     2.135116: (+11)    sched_switch:         kworker/49:1:500 [120] I ==> cg.C.x:2913 [120]
    kworker/51:1-579   [051]     2.135116: (+0)     sched_switch:         kworker/51:1:579 [120] I ==> cg.C.x:2905 [120]
          cg.C.x-2888  [050]     2.139092: (+3976)  sched_switch:         cg.C.x:2888 [120] R ==> kworker/50:0:319 [120]
          cg.C.x-2920  [018]     2.139105: (+13)    sched_migrate_task:   comm=cg.C.x pid=2888 prio=120 orig_cpu=50 dest_cpu=18
    kworker/50:0-319   [050]     2.139128: (+23)    sched_switch:         kworker/50:0:319 [120] I ==> swapper/50:0 [120]
          cg.C.x-2920  [018]     2.143091: (+3963)  sched_switch:         cg.C.x:2920 [120] R ==> cg.C.x:2888 [120]
          <idle>-0     [050]     2.143103: (+12)    sched_migrate_task:   comm=cg.C.x pid=2920 prio=120 orig_cpu=18 dest_cpu=50
          <idle>-0     [050]     2.143113: (+10)    sched_switch:         swapper/50:0 [120] R ==> cg.C.x:2920 [120]
          cg.C.x-2900  [048]     2.163088: (+19975) sched_waking:         comm=kworker/48:1 pid=551 prio=120 target_cpu=048
          cg.C.x-2901  [047]     2.163088: (+0)     sched_waking:         comm=kworker/47:1 pid=575 prio=120 target_cpu=047
          cg.C.x-2901  [047]     2.163096: (+8)     sched_wakeup:         kworker/47:1:575 [120] CPU:047
          cg.C.x-2900  [048]     2.163098: (+2)     sched_wakeup:         kworker/48:1:551 [120] CPU:048
          cg.C.x-2901  [047]     2.163102: (+4)     sched_switch:         cg.C.x:2901 [120] R ==> kworker/47:1:575 [120]
          cg.C.x-2900  [048]     2.163106: (+4)     sched_switch:         cg.C.x:2900 [120] R ==> kworker/48:1:551 [120]
    kworker/47:1-575   [047]     2.163115: (+9)     sched_switch:         kworker/47:1:575 [120] I ==> cg.C.x:2901 [120]
    kworker/48:1-551   [048]     2.163123: (+8)     sched_switch:         kworker/48:1:551 [120] I ==> cg.C.x:2900 [120]
          cg.C.x-2888  [018]     2.182201: (+19078) sched_waking:         comm=kworker/u129:26 pid=435 prio=120 target_cpu=042
          cg.C.x-2888  [018]     2.182213: (+12)    sched_wakeup:         kworker/u129:26:435 [120] CPU:042
          cg.C.x-2934  [042]     2.182219: (+6)     sched_switch:         cg.C.x:2934 [120] R ==> kworker/u129:26:435 [120]
 kworker/u129:26-435   [042]     2.182228: (+9)     sched_waking:         comm=sshd pid=1978 prio=120 target_cpu=050
 kworker/u129:26-435   [042]     2.182230: (+2)     sched_migrate_task:   comm=sshd pid=1978 prio=120 orig_cpu=50 dest_cpu=42
 kworker/u129:26-435   [042]     2.182236: (+6)     sched_wakeup:         sshd:1978 [120] CPU:042
 kworker/u129:26-435   [042]     2.182240: (+4)     sched_switch:         kworker/u129:26:435 [120] I ==> sshd:1978 [120]
            sshd-1978  [042]     2.182364: (+124)   sched_switch:         sshd:1978 [120] S ==> cg.C.x:2934 [120]
          cg.C.x-2902  [046]     2.195088: (+12724) sched_waking:         comm=kworker/46:1 pid=728 prio=120 target_cpu=046
          cg.C.x-2896  [044]     2.195088: (+0)     sched_waking:         comm=kworker/44:1 pid=490 prio=120 target_cpu=044
          cg.C.x-2911  [045]     2.195089: (+1)     sched_waking:         comm=kworker/45:1 pid=576 prio=120 target_cpu=045
          cg.C.x-2911  [045]     2.195096: (+7)     sched_wakeup:         kworker/45:1:576 [120] CPU:045
          cg.C.x-2896  [044]     2.195098: (+2)     sched_wakeup:         kworker/44:1:490 [120] CPU:044
          cg.C.x-2902  [046]     2.195098: (+0)     sched_wakeup:         kworker/46:1:728 [120] CPU:046
