          cg.C.x-2238  [018]     2.019960: (+1)     bprint:               __handle_mm_fault: NUMAB MEM ACCESS process[nid:0, cpu:18, pid:2238], folio[virt:0x7fd3beee0000, phys:0x180168000, pfn:0x180168, nid:0, npages:1]
          cg.C.x-2262  [050]     2.019961: (+1)     bprint:               __handle_mm_fault: NUMAB MEM ACCESS process[nid:0, cpu:50, pid:2262], folio[virt:0x7fd3bef4e000, phys:0x120469000, pfn:0x120469, nid:0, npages:1]
          cg.C.x-2266  [020]     2.019962: (+1)     bprint:               __handle_mm_fault: NUMAB MEM ACCESS process[nid:0, cpu:20, pid:2266], folio[virt:0x7fd3bef61000, phys:0x11287a000, pfn:0x11287a, nid:0, npages:1]
          cg.C.x-2269  [035]     2.019964: (+2)     bprint:               __handle_mm_fault: NUMAB MEM ACCESS process[nid:1, cpu:35, pid:2269], folio[virt:0x7fd3bef6e000, phys:0x185ac5d000, pfn:0x185ac5d, nid:1, npages:1]
          cg.C.x-2272  [042]     2.019966: (+2)     bprint:               __handle_mm_fault: NUMAB MEM ACCESS process[nid:0, cpu:42, pid:2272], folio[virt:0x7fd3bef7c000, phys:0x1511e1000, pfn:0x1511e1, nid:0, npages:1]
          cg.C.x-2267  [031]     2.019966: (+0)     bprint:               __handle_mm_fault: NUMAB COMPLETED MEM MIGR process[nid:1, cpu:31, pid:2267], old[phys:0x121ad6000, nid:0, npages:1], new[phys:0x121ad6000, nid:0, npages:1]
          cg.C.x-2257  [015]     2.019968: (+2)     bprint:               __handle_mm_fault: NUMAB MEM ACCESS process[nid:1, cpu:15, pid:2257], folio[virt:0x7fd3bef38000, phys:0x1858d85000, pfn:0x1858d85, nid:1, npages:1]
          cg.C.x-2241  [057]     2.019969: (+1)     bprint:               __handle_mm_fault: NUMAB MEM ACCESS process[nid:1, cpu:57, pid:2241], folio[virt:0x7fd3beeef000, phys:0x186c183000, pfn:0x186c183, nid:1, npages:1]
          cg.C.x-2243  [063]     2.019969: (+0)     bprint:               __handle_mm_fault: NUMAB MEM ACCESS process[nid:1, cpu:63, pid:2243], folio[virt:0x7fd3beef8000, phys:0x18566a7000, pfn:0x18566a7, nid:1, npages:1]
          cg.C.x-2252  [034]     2.019971: (+2)     bprint:               __handle_mm_fault: NUMAB MEM ACCESS process[nid:0, cpu:34, pid:2252], folio[virt:0x7fd3bef21000, phys:0x183d9b000, pfn:0x183d9b, nid:0, npages:1]
          cg.C.x-2221  [043]     2.019972: (+1)     bprint:               __handle_mm_fault: NUMAB MEM ACCESS process[nid:1, cpu:43, pid:2221], folio[virt:0x7fd3bee94000, phys:0x1869713000, pfn:0x1869713, nid:1, npages:1]
          cg.C.x-2244  [056]     2.019973: (+1)     bprint:               __handle_mm_fault: NUMAB MEM ACCESS process[nid:0, cpu:56, pid:2244], folio[virt:0x7fd3beefd000, phys:0x113f0c000, pfn:0x113f0c, nid:0, npages:1]
          cg.C.x-2264  [006]     2.019974: (+1)     bprint:               __handle_mm_fault: NUMAB MEM ACCESS process[nid:0, cpu:6, pid:2264], folio[virt:0x7fd3bef58000, phys:0x113989000, pfn:0x113989, nid:0, npages:1]
          cg.C.x-2248  [060]     2.019975: (+1)     bprint:               __handle_mm_fault: NUMAB MEM ACCESS process[nid:0, cpu:60, pid:2248], folio[virt:0x7fd3bef0f000, phys:0x15028c000, pfn:0x15028c, nid:0, npages:1]
          cg.C.x-2284  [028]     2.019977: (+2)     bprint:               __handle_mm_fault: NUMAB MEM ACCESS process[nid:0, cpu:28, pid:2284], folio[virt:0x7fd3befb4000, phys:0x1232fa000, pfn:0x1232fa, nid:0, npages:1]
          cg.C.x-2283  [001]     2.019978: (+1)     bprint:               __handle_mm_fault: NUMAB MEM ACCESS process[nid:1, cpu:1, pid:2283], folio[virt:0x7fd3befaf000, phys:0x185b0fe000, pfn:0x185b0fe, nid:1, npages:1]
          cg.C.x-2271  [037]     2.019979: (+1)     bprint:               __handle_mm_fault: NUMAB MEM ACCESS process[nid:1, cpu:37, pid:2271], folio[virt:0x7fd3bef78000, phys:0x18659a6000, pfn:0x18659a6, nid:1, npages:1]
          cg.C.x-2238  [018]     2.019980: (+1)     bprint:               __handle_mm_fault: NUMAB MEM ACCESS process[nid:0, cpu:18, pid:2238], folio[virt:0x7fd3beee1000, phys:0x151405000, pfn:0x151405, nid:0, npages:1]
          cg.C.x-2266  [020]     2.019981: (+1)     bprint:               __handle_mm_fault: NUMAB MEM ACCESS process[nid:0, cpu:20, pid:2266], folio[virt:0x7fd3bef62000, phys:0x1510f2000, pfn:0x1510f2, nid:0, npages:1]
          cg.C.x-2269  [035]     2.019983: (+2)     bprint:               __handle_mm_fault: NUMAB MEM ACCESS process[nid:1, cpu:35, pid:2269], folio[virt:0x7fd3bef6f000, phys:0x185ac2e000, pfn:0x185ac2e, nid:1, npages:1]
          cg.C.x-2272  [042]     2.019984: (+1)     bprint:               __handle_mm_fault: NUMAB MEM ACCESS process[nid:0, cpu:42, pid:2272], folio[virt:0x7fd3bef7d000, phys:0x18128d000, pfn:0x18128d, nid:0, npages:1]
          cg.C.x-2241  [057]     2.019985: (+1)     bprint:               __handle_mm_fault: NUMAB MEM ACCESS process[nid:1, cpu:57, pid:2241], folio[virt:0x7fd3beef0000, phys:0x186c184000, pfn:0x186c184, nid:1, npages:1]
          cg.C.x-2243  [063]     2.019986: (+1)     bprint:               __handle_mm_fault: NUMAB MEM ACCESS process[nid:1, cpu:63, pid:2243], folio[virt:0x7fd3beef9000, phys:0x1856694000, pfn:0x1856694, nid:1, npages:1]
          cg.C.x-2252  [034]     2.019987: (+1)     bprint:               __handle_mm_fault: NUMAB MEM ACCESS process[nid:0, cpu:34, pid:2252], folio[virt:0x7fd3bef22000, phys:0x183f21000, pfn:0x183f21, nid:0, npages:1]
          cg.C.x-2264  [006]     2.019988: (+1)     bprint:               __handle_mm_fault: NUMAB MEM ACCESS process[nid:0, cpu:6, pid:2264], folio[virt:0x7fd3bef59000, phys:0x11398a000, pfn:0x11398a, nid:0, npages:1]
          cg.C.x-2284  [028]     2.019989: (+1)     bprint:               __handle_mm_fault: NUMAB MEM ACCESS process[nid:0, cpu:28, pid:2284], folio[virt:0x7fd3befb5000, phys:0x17e09e4000, pfn:0x17e09e4, nid:0, npages:1]
          cg.C.x-2283  [001]     2.019991: (+2)     bprint:               __handle_mm_fault: NUMAB MEM ACCESS process[nid:1, cpu:1, pid:2283], folio[virt:0x7fd3befb0000, phys:0x185b0fd000, pfn:0x185b0fd, nid:1, npages:1]
          cg.C.x-2271  [037]     2.019992: (+1)     bprint:               __handle_mm_fault: NUMAB MEM ACCESS process[nid:1, cpu:37, pid:2271], folio[virt:0x7fd3bef79000, phys:0x186a1c8000, pfn:0x186a1c8, nid:1, npages:1]
          cg.C.x-2269  [035]     2.019993: (+1)     bprint:               __handle_mm_fault: NUMAB MEM ACCESS process[nid:1, cpu:35, pid:2269], folio[virt:0x7fd3bef70000, phys:0x185ac66000, pfn:0x185ac66, nid:1, npages:1]
          cg.C.x-2272  [042]     2.019994: (+1)     bprint:               __handle_mm_fault: NUMAB MEM ACCESS process[nid:0, cpu:42, pid:2272], folio[virt:0x7fd3bef7e000, phys:0x120d54000, pfn:0x120d54, nid:0, npages:1]
          cg.C.x-2236  [016]     2.028344: (+8350)  sched_waking:         comm=kworker/16:1 pid=696 prio=120 target_cpu=016
          cg.C.x-2274  [014]     2.028344: (+0)     sched_waking:         comm=kworker/14:2 pid=1018 prio=120 target_cpu=014
          cg.C.x-2228  [040]     2.028344: (+0)     sched_waking:         comm=kworker/u129:19 pid=448 prio=120 target_cpu=040
          cg.C.x-2257  [015]     2.028345: (+1)     sched_waking:         comm=kworker/15:1 pid=701 prio=120 target_cpu=015
          cg.C.x-2257  [015]     2.028353: (+8)     sched_wakeup:         kworker/15:1:701 [120] CPU:015
          cg.C.x-2228  [040]     2.028353: (+0)     sched_wakeup:         kworker/u129:19:448 [120] CPU:040
          cg.C.x-2236  [016]     2.028353: (+0)     sched_wakeup:         kworker/16:1:696 [120] CPU:016
          cg.C.x-2274  [014]     2.028353: (+0)     sched_wakeup:         kworker/14:2:1018 [120] CPU:014
          cg.C.x-2257  [015]     2.028359: (+6)     sched_switch:         cg.C.x:2257 [120] R ==> kworker/15:1:701 [120]
          cg.C.x-2228  [040]     2.028361: (+2)     sched_switch:         cg.C.x:2228 [120] R ==> kworker/u129:19:448 [120]
          cg.C.x-2274  [014]     2.028362: (+1)     sched_switch:         cg.C.x:2274 [120] R ==> kworker/14:2:1018 [120]
    kworker/15:1-701   [015]     2.028372: (+10)    sched_switch:         kworker/15:1:701 [120] I ==> cg.C.x:2257 [120]
    kworker/14:2-1018  [014]     2.028376: (+4)     sched_switch:         kworker/14:2:1018 [120] I ==> cg.C.x:2274 [120]
 kworker/u129:19-448   [040]     2.028852: (+476)   sched_switch:         kworker/u129:19:448 [120] I ==> cg.C.x:2228 [120]
          cg.C.x-2236  [016]     2.032350: (+3498)  sched_switch:         cg.C.x:2236 [120] R ==> kworker/16:1:696 [120]
    kworker/16:1-696   [016]     2.032363: (+13)    sched_switch:         kworker/16:1:696 [120] I ==> cg.C.x:2236 [120]
          cg.C.x-2253  [011]     2.056358: (+23995) sched_waking:         comm=kworker/11:1 pid=697 prio=120 target_cpu=011
          cg.C.x-2222  [013]     2.056359: (+1)     sched_waking:         comm=kworker/13:1 pid=713 prio=120 target_cpu=013
          cg.C.x-2222  [013]     2.056365: (+6)     sched_wakeup:         kworker/13:1:713 [120] CPU:013
          cg.C.x-2253  [011]     2.056365: (+0)     sched_wakeup:         kworker/11:1:697 [120] CPU:011
          cg.C.x-2253  [011]     2.056371: (+6)     sched_switch:         cg.C.x:2253 [120] R ==> kworker/11:1:697 [120]
    kworker/11:1-697   [011]     2.056381: (+10)    sched_switch:         kworker/11:1:697 [120] I ==> cg.C.x:2253 [120]
          cg.C.x-2221  [043]     2.057145: (+764)   sched_waking:         comm=kworker/u130:12 pid=430 prio=120 target_cpu=043
          cg.C.x-2221  [043]     2.057149: (+4)     sched_wakeup:         kworker/u130:12:430 [120] CPU:043
          cg.C.x-2221  [043]     2.057151: (+2)     sched_switch:         cg.C.x:2221 [120] R ==> kworker/u130:12:430 [120]
 kworker/u130:12-430   [043]     2.057156: (+5)     sched_waking:         comm=sshd pid=1967 prio=120 target_cpu=043
 kworker/u130:12-430   [043]     2.057158: (+2)     sched_wakeup:         sshd:1967 [120] CPU:043
 kworker/u130:12-430   [043]     2.057161: (+3)     sched_switch:         kworker/u130:12:430 [120] I ==> sshd:1967 [120]
            sshd-1967  [043]     2.057247: (+86)    sched_switch:         sshd:1967 [120] S ==> cg.C.x:2221 [120]
          cg.C.x-2221  [043]     2.057248: (+1)     sched_waking:         comm=kworker/u130:12 pid=430 prio=120 target_cpu=043
          cg.C.x-2221  [043]     2.057249: (+1)     sched_wakeup:         kworker/u130:12:430 [120] CPU:043
          cg.C.x-2221  [043]     2.057251: (+2)     sched_switch:         cg.C.x:2221 [120] R ==> kworker/u130:12:430 [120]
 kworker/u130:12-430   [043]     2.057252: (+1)     sched_waking:         comm=sshd pid=1967 prio=120 target_cpu=043
 kworker/u130:12-430   [043]     2.057253: (+1)     sched_wakeup:         sshd:1967 [120] CPU:043
 kworker/u130:12-430   [043]     2.057255: (+2)     sched_switch:         kworker/u130:12:430 [120] I ==> sshd:1967 [120]
            sshd-1967  [043]     2.057278: (+23)    sched_switch:         sshd:1967 [120] S ==> cg.C.x:2221 [120]
          cg.C.x-2260  [012]     2.060361: (+3083)  sched_waking:         comm=kworker/12:1 pid=705 prio=120 target_cpu=012
          cg.C.x-2222  [013]     2.060362: (+1)     sched_switch:         cg.C.x:2222 [120] R ==> kworker/13:1:713 [120]
          cg.C.x-2260  [012]     2.060369: (+7)     sched_wakeup:         kworker/12:1:705 [120] CPU:012
    kworker/13:1-713   [013]     2.060373: (+4)     sched_switch:         kworker/13:1:713 [120] I ==> cg.C.x:2222 [120]
          cg.C.x-2260  [012]     2.060376: (+3)     sched_switch:         cg.C.x:2260 [120] R ==> kworker/12:1:705 [120]
    kworker/12:1-705   [012]     2.060390: (+14)    sched_switch:         kworker/12:1:705 [120] I ==> cg.C.x:2260 [120]
          cg.C.x-2235  [009]     2.092377: (+31987) sched_waking:         comm=kworker/9:1 pid=479 prio=120 target_cpu=009
          cg.C.x-2230  [010]     2.092377: (+0)     sched_waking:         comm=kworker/10:1 pid=704 prio=120 target_cpu=010
          cg.C.x-2235  [009]     2.092385: (+8)     sched_wakeup:         kworker/9:1:479 [120] CPU:009
          cg.C.x-2230  [010]     2.092386: (+1)     sched_wakeup:         kworker/10:1:704 [120] CPU:010
          cg.C.x-2235  [009]     2.096383: (+3997)  sched_switch:         cg.C.x:2235 [120] R ==> kworker/9:1:479 [120]
          cg.C.x-2230  [010]     2.096384: (+1)     sched_switch:         cg.C.x:2230 [120] R ==> kworker/10:1:704 [120]
     kworker/9:1-479   [009]     2.096398: (+14)    sched_switch:         kworker/9:1:479 [120] I ==> cg.C.x:2235 [120]
    kworker/10:1-704   [010]     2.096400: (+2)     sched_switch:         kworker/10:1:704 [120] I ==> cg.C.x:2230 [120]
          cg.C.x-2279  [007]     2.120390: (+23990) sched_waking:         comm=kworker/7:1 pid=700 prio=120 target_cpu=007
          cg.C.x-2264  [006]     2.120391: (+1)     sched_waking:         comm=kworker/6:1 pid=714 prio=120 target_cpu=006
          cg.C.x-2279  [007]     2.120399: (+8)     sched_wakeup:         kworker/7:1:700 [120] CPU:007
          cg.C.x-2264  [006]     2.120401: (+2)     sched_wakeup:         kworker/6:1:714 [120] CPU:006
          cg.C.x-2279  [007]     2.120406: (+5)     sched_switch:         cg.C.x:2279 [120] R ==> kworker/7:1:700 [120]
          cg.C.x-2264  [006]     2.120409: (+3)     sched_switch:         cg.C.x:2264 [120] R ==> kworker/6:1:714 [120]
     kworker/7:1-700   [007]     2.120419: (+10)    sched_switch:         kworker/7:1:700 [120] I ==> cg.C.x:2279 [120]
     kworker/6:1-714   [006]     2.120423: (+4)     sched_switch:         kworker/6:1:714 [120] I ==> cg.C.x:2264 [120]
          cg.C.x-2268  [008]     2.124394: (+3971)  sched_waking:         comm=kworker/8:1 pid=709 prio=120 target_cpu=008
          cg.C.x-2268  [008]     2.124402: (+8)     sched_wakeup:         kworker/8:1:709 [120] CPU:008
          cg.C.x-2268  [008]     2.124409: (+7)     sched_switch:         cg.C.x:2268 [120] R ==> kworker/8:1:709 [120]
     kworker/8:1-709   [008]     2.124425: (+16)    sched_switch:         kworker/8:1:709 [120] I ==> cg.C.x:2268 [120]
          cg.C.x-2239  [003]     2.148404: (+23979) sched_waking:         comm=kworker/3:2 pid=961 prio=120 target_cpu=003
          cg.C.x-2239  [003]     2.148411: (+7)     sched_wakeup:         kworker/3:2:961 [120] CPU:003
          cg.C.x-2239  [003]     2.148417: (+6)     sched_switch:         cg.C.x:2239 [120] R ==> kworker/3:2:961 [120]
     kworker/3:2-961   [003]     2.148472: (+55)    sched_switch:         kworker/3:2:961 [120] I ==> cg.C.x:2239 [120]
          cg.C.x-2239  [003]     2.156410: (+7938)  sched_waking:         comm=kworker/3:2 pid=961 prio=120 target_cpu=003
          cg.C.x-2247  [005]     2.156410: (+0)     sched_waking:         comm=kworker/5:1 pid=478 prio=120 target_cpu=005
          cg.C.x-2280  [004]     2.156410: (+0)     sched_waking:         comm=kworker/4:2 pid=1029 prio=120 target_cpu=004
          cg.C.x-2247  [005]     2.156416: (+6)     sched_wakeup:         kworker/5:1:478 [120] CPU:005
          cg.C.x-2239  [003]     2.156416: (+0)     sched_wakeup:         kworker/3:2:961 [120] CPU:003
          cg.C.x-2280  [004]     2.156418: (+2)     sched_wakeup:         kworker/4:2:1029 [120] CPU:004
          cg.C.x-2239  [003]     2.156421: (+3)     sched_switch:         cg.C.x:2239 [120] R ==> kworker/3:2:961 [120]
          cg.C.x-2247  [005]     2.156421: (+0)     sched_switch:         cg.C.x:2247 [120] R ==> kworker/5:1:478 [120]
          cg.C.x-2280  [004]     2.156424: (+3)     sched_switch:         cg.C.x:2280 [120] R ==> kworker/4:2:1029 [120]
     kworker/5:1-478   [005]     2.156430: (+6)     sched_switch:         kworker/5:1:478 [120] I ==> cg.C.x:2247 [120]
     kworker/3:2-961   [003]     2.156431: (+1)     sched_switch:         kworker/3:2:961 [120] I ==> cg.C.x:2239 [120]
     kworker/4:2-1029  [004]     2.156435: (+4)     sched_switch:         kworker/4:2:1029 [120] I ==> cg.C.x:2280 [120]
          cg.C.x-2221  [043]     2.177618: (+21183) sched_waking:         comm=kworker/u130:12 pid=430 prio=120 target_cpu=043
          cg.C.x-2221  [043]     2.177625: (+7)     sched_wakeup:         kworker/u130:12:430 [120] CPU:043
          cg.C.x-2221  [043]     2.177630: (+5)     sched_switch:         cg.C.x:2221 [120] R ==> kworker/u130:12:430 [120]
 kworker/u130:12-430   [043]     2.177636: (+6)     sched_waking:         comm=sshd pid=1967 prio=120 target_cpu=043
 kworker/u130:12-430   [043]     2.177639: (+3)     sched_wakeup:         sshd:1967 [120] CPU:043
 kworker/u130:12-430   [043]     2.177642: (+3)     sched_switch:         kworker/u130:12:430 [120] I ==> sshd:1967 [120]
            sshd-1967  [043]     2.177721: (+79)    sched_switch:         sshd:1967 [120] S ==> cg.C.x:2221 [120]
          cg.C.x-2221  [043]     2.177723: (+2)     sched_waking:         comm=kworker/u130:12 pid=430 prio=120 target_cpu=043
          cg.C.x-2221  [043]     2.177724: (+1)     sched_wakeup:         kworker/u130:12:430 [120] CPU:043
          cg.C.x-2221  [043]     2.177726: (+2)     sched_switch:         cg.C.x:2221 [120] R ==> kworker/u130:12:430 [120]
 kworker/u130:12-430   [043]     2.177727: (+1)     sched_waking:         comm=sshd pid=1967 prio=120 target_cpu=043
 kworker/u130:12-430   [043]     2.177728: (+1)     sched_wakeup:         sshd:1967 [120] CPU:043
 kworker/u130:12-430   [043]     2.177729: (+1)     sched_switch:         kworker/u130:12:430 [120] I ==> sshd:1967 [120]
            sshd-1967  [043]     2.177752: (+23)    sched_switch:         sshd:1967 [120] S ==> cg.C.x:2221 [120]
          cg.C.x-2283  [001]     2.188423: (+10671) sched_waking:         comm=kworker/1:2 pid=465 prio=120 target_cpu=001
          cg.C.x-2256  [002]     2.188426: (+3)     sched_waking:         comm=kworker/2:1 pid=707 prio=120 target_cpu=002
          cg.C.x-2283  [001]     2.188432: (+6)     sched_wakeup:         kworker/1:2:465 [120] CPU:001
          cg.C.x-2256  [002]     2.188433: (+1)     sched_wakeup:         kworker/2:1:707 [120] CPU:002
          cg.C.x-2283  [001]     2.188438: (+5)     sched_switch:         cg.C.x:2283 [120] R ==> kworker/1:2:465 [120]
          cg.C.x-2256  [002]     2.188440: (+2)     sched_switch:         cg.C.x:2256 [120] R ==> kworker/2:1:707 [120]
     kworker/1:2-465   [001]     2.188451: (+11)    sched_switch:         kworker/1:2:465 [120] I ==> cg.C.x:2283 [120]
     kworker/2:1-707   [002]     2.188454: (+3)     sched_switch:         kworker/2:1:707 [120] I ==> cg.C.x:2256 [120]
          cg.C.x-2254  [000]     2.220443: (+31989) sched_waking:         comm=kworker/u128:1 pid=1041 prio=120 target_cpu=000
          cg.C.x-2254  [000]     2.220453: (+10)    sched_wakeup:         kworker/u128:1:1041 [120] CPU:000
          cg.C.x-2254  [000]     2.220458: (+5)     sched_waking:         comm=kworker/0:5 pid=729 prio=120 target_cpu=000
          cg.C.x-2254  [000]     2.220460: (+2)     sched_wakeup:         kworker/0:5:729 [120] CPU:000
          cg.C.x-2254  [000]     2.220468: (+8)     sched_switch:         cg.C.x:2254 [120] R ==> kworker/0:5:729 [120]
     kworker/0:5-729   [000]     2.220605: (+137)   sched_waking:         comm=kworker/34:1 pid=706 prio=120 target_cpu=034
     kworker/0:5-729   [000]     2.220610: (+5)     sched_wakeup:         kworker/34:1:706 [120] CPU:034
          cg.C.x-2252  [034]     2.220616: (+6)     sched_switch:         cg.C.x:2252 [120] R ==> kworker/34:1:706 [120]
     kworker/0:5-729   [000]     2.220622: (+6)     sched_switch:         kworker/0:5:729 [120] I ==> kworker/u128:1:1041 [120]
    kworker/34:1-706   [034]     2.220626: (+4)     sched_switch:         kworker/34:1:706 [120] I ==> cg.C.x:2252 [120]
  kworker/u128:1-1041  [000]     2.220641: (+15)    sched_switch:         kworker/u128:1:1041 [120] I ==> cg.C.x:2254 [120]
          cg.C.x-2230  [010]     2.260523: (+39882) sched_waking:         comm=ntpd pid=1765 prio=0 target_cpu=010
          cg.C.x-2230  [010]     2.260535: (+12)    sched_wakeup:         ntpd:1765 [0] CPU:010
          cg.C.x-2230  [010]     2.260543: (+8)     sched_switch:         cg.C.x:2230 [120] R ==> ntpd:1765 [0]
            ntpd-1765  [010]     2.260597: (+54)    sched_switch:         ntpd:1765 [0] S ==> cg.C.x:2230 [120]
          cg.C.x-2279  [007]     2.284471: (+23874) sched_waking:         comm=kworker/7:1 pid=700 prio=120 target_cpu=007
          cg.C.x-2254  [000]     2.284471: (+0)     sched_waking:         comm=kworker/0:5 pid=729 prio=120 target_cpu=000
          cg.C.x-2254  [000]     2.284477: (+6)     sched_wakeup:         kworker/0:5:729 [120] CPU:000
          cg.C.x-2279  [007]     2.284477: (+0)     sched_wakeup:         kworker/7:1:700 [120] CPU:007
          cg.C.x-2279  [007]     2.284483: (+6)     sched_switch:         cg.C.x:2279 [120] R ==> kworker/7:1:700 [120]
          cg.C.x-2254  [000]     2.284484: (+1)     sched_switch:         cg.C.x:2254 [120] R ==> kworker/0:5:729 [120]
     kworker/0:5-729   [000]     2.284500: (+16)    sched_switch:         kworker/0:5:729 [120] I ==> cg.C.x:2254 [120]
     kworker/7:1-700   [007]     2.284517: (+17)    sched_switch:         kworker/7:1:700 [120] I ==> cg.C.x:2279 [120]
          cg.C.x-2221  [043]     2.297959: (+13442) sched_waking:         comm=kworker/u130:12 pid=430 prio=120 target_cpu=043
          cg.C.x-2221  [043]     2.297965: (+6)     sched_wakeup:         kworker/u130:12:430 [120] CPU:043
          cg.C.x-2221  [043]     2.297970: (+5)     sched_switch:         cg.C.x:2221 [120] R ==> kworker/u130:12:430 [120]
 kworker/u130:12-430   [043]     2.297975: (+5)     sched_waking:         comm=sshd pid=1967 prio=120 target_cpu=043
 kworker/u130:12-430   [043]     2.297977: (+2)     sched_wakeup:         sshd:1967 [120] CPU:043
 kworker/u130:12-430   [043]     2.297981: (+4)     sched_switch:         kworker/u130:12:430 [120] I ==> sshd:1967 [120]
            sshd-1967  [043]     2.298062: (+81)    sched_switch:         sshd:1967 [120] S ==> cg.C.x:2221 [120]
          cg.C.x-2221  [043]     2.298063: (+1)     sched_waking:         comm=kworker/u130:12 pid=430 prio=120 target_cpu=043
          cg.C.x-2221  [043]     2.298064: (+1)     sched_wakeup:         kworker/u130:12:430 [120] CPU:043
          cg.C.x-2221  [043]     2.298067: (+3)     sched_switch:         cg.C.x:2221 [120] R ==> kworker/u130:12:430 [120]
 kworker/u130:12-430   [043]     2.298068: (+1)     sched_waking:         comm=sshd pid=1967 prio=120 target_cpu=043
 kworker/u130:12-430   [043]     2.298069: (+1)     sched_wakeup:         sshd:1967 [120] CPU:043
 kworker/u130:12-430   [043]     2.298070: (+1)     sched_switch:         kworker/u130:12:430 [120] I ==> sshd:1967 [120]
            sshd-1967  [043]     2.298093: (+23)    sched_switch:         sshd:1967 [120] S ==> cg.C.x:2221 [120]
          cg.C.x-2239  [003]     2.352504: (+54411) sched_waking:         comm=kworker/3:2 pid=961 prio=120 target_cpu=003
          cg.C.x-2239  [003]     2.352509: (+5)     sched_wakeup:         kworker/3:2:961 [120] CPU:003
          cg.C.x-2239  [003]     2.352514: (+5)     sched_switch:         cg.C.x:2239 [120] R ==> kworker/3:2:961 [120]
     kworker/3:2-961   [003]     2.352558: (+44)    sched_switch:         kworker/3:2:961 [120] I ==> cg.C.x:2239 [120]
          cg.C.x-2221  [043]     2.418255: (+65697) sched_waking:         comm=kworker/u130:12 pid=430 prio=120 target_cpu=043
          cg.C.x-2221  [043]     2.418262: (+7)     sched_wakeup:         kworker/u130:12:430 [120] CPU:043
          cg.C.x-2221  [043]     2.418267: (+5)     sched_switch:         cg.C.x:2221 [120] R ==> kworker/u130:12:430 [120]
 kworker/u130:12-430   [043]     2.418272: (+5)     sched_waking:         comm=sshd pid=1967 prio=120 target_cpu=043
 kworker/u130:12-430   [043]     2.418274: (+2)     sched_wakeup:         sshd:1967 [120] CPU:043
 kworker/u130:12-430   [043]     2.418277: (+3)     sched_switch:         kworker/u130:12:430 [120] I ==> sshd:1967 [120]
            sshd-1967  [043]     2.418359: (+82)    sched_switch:         sshd:1967 [120] S ==> cg.C.x:2221 [120]
          cg.C.x-2221  [043]     2.418360: (+1)     sched_waking:         comm=kworker/u130:12 pid=430 prio=120 target_cpu=043
          cg.C.x-2221  [043]     2.418362: (+2)     sched_wakeup:         kworker/u130:12:430 [120] CPU:043
          cg.C.x-2221  [043]     2.418364: (+2)     sched_switch:         cg.C.x:2221 [120] R ==> kworker/u130:12:430 [120]
 kworker/u130:12-430   [043]     2.418365: (+1)     sched_waking:         comm=sshd pid=1967 prio=120 target_cpu=043
 kworker/u130:12-430   [043]     2.418367: (+2)     sched_wakeup:         sshd:1967 [120] CPU:043
 kworker/u130:12-430   [043]     2.418368: (+1)     sched_switch:         kworker/u130:12:430 [120] I ==> sshd:1967 [120]
            sshd-1967  [043]     2.418391: (+23)    sched_switch:         sshd:1967 [120] S ==> cg.C.x:2221 [120]
          cg.C.x-2256  [002]     2.440548: (+22157) sched_waking:         comm=kcompactd0 pid=469 prio=120 target_cpu=002
          cg.C.x-2256  [002]     2.440559: (+11)    sched_wakeup:         kcompactd0:469 [120] CPU:002
          cg.C.x-2256  [002]     2.440566: (+7)     sched_switch:         cg.C.x:2256 [120] R ==> kcompactd0:469 [120]
      kcompactd0-469   [002]     2.440578: (+12)    sched_switch:         kcompactd0:469 [120] S ==> cg.C.x:2256 [120]
          cg.C.x-2247  [005]     2.444550: (+3972)  sched_waking:         comm=kcompactd1 pid=470 prio=120 target_cpu=005
          cg.C.x-2243  [063]     2.444550: (+0)     sched_waking:         comm=kworker/63:1 pid=484 prio=120 target_cpu=063
          cg.C.x-2243  [063]     2.444556: (+6)     sched_wakeup:         kworker/63:1:484 [120] CPU:063
          cg.C.x-2247  [005]     2.444556: (+0)     sched_wakeup:         kcompactd1:470 [120] CPU:005
          cg.C.x-2247  [005]     2.444561: (+5)     sched_switch:         cg.C.x:2247 [120] R ==> kcompactd1:470 [120]
          cg.C.x-2243  [063]     2.444561: (+0)     sched_switch:         cg.C.x:2243 [120] R ==> kworker/63:1:484 [120]
      kcompactd1-470   [005]     2.444568: (+7)     sched_switch:         kcompactd1:470 [120] S ==> cg.C.x:2247 [120]
    kworker/63:1-484   [063]     2.444572: (+4)     sched_switch:         kworker/63:1:484 [120] I ==> cg.C.x:2243 [120]
          cg.C.x-2237  [061]     2.472565: (+27993) sched_waking:         comm=kworker/61:1 pid=544 prio=120 target_cpu=061
          cg.C.x-2250  [062]     2.472565: (+0)     sched_waking:         comm=kworker/62:1 pid=718 prio=120 target_cpu=062
          cg.C.x-2248  [060]     2.472565: (+0)     sched_waking:         comm=kworker/60:1 pid=721 prio=120 target_cpu=060
          cg.C.x-2237  [061]     2.472572: (+7)     sched_wakeup:         kworker/61:1:544 [120] CPU:061
          cg.C.x-2248  [060]     2.472574: (+2)     sched_wakeup:         kworker/60:1:721 [120] CPU:060
          cg.C.x-2250  [062]     2.472574: (+0)     sched_wakeup:         kworker/62:1:718 [120] CPU:062
          cg.C.x-2237  [061]     2.472578: (+4)     sched_switch:         cg.C.x:2237 [120] R ==> kworker/61:1:544 [120]
          cg.C.x-2248  [060]     2.472581: (+3)     sched_switch:         cg.C.x:2248 [120] R ==> kworker/60:1:721 [120]
          cg.C.x-2250  [062]     2.472581: (+0)     sched_switch:         cg.C.x:2250 [120] R ==> kworker/62:1:718 [120]
    kworker/61:1-544   [061]     2.472590: (+9)     sched_switch:         kworker/61:1:544 [120] I ==> cg.C.x:2237 [120]
    kworker/60:1-721   [060]     2.472596: (+6)     sched_switch:         kworker/60:1:721 [120] I ==> cg.C.x:2248 [120]
    kworker/62:1-718   [062]     2.472596: (+0)     sched_switch:         kworker/62:1:718 [120] I ==> cg.C.x:2250 [120]
          cg.C.x-2231  [059]     2.504581: (+31985) sched_waking:         comm=kworker/59:1 pid=536 prio=120 target_cpu=059
          cg.C.x-2231  [059]     2.504589: (+8)     sched_wakeup:         kworker/59:1:536 [120] CPU:059
          cg.C.x-2246  [058]     2.508583: (+3994)  sched_waking:         comm=kworker/58:1 pid=720 prio=120 target_cpu=058
          cg.C.x-2241  [057]     2.508585: (+2)     sched_waking:         comm=kworker/57:1 pid=592 prio=120 target_cpu=057
          cg.C.x-2231  [059]     2.508589: (+4)     sched_switch:         cg.C.x:2231 [120] R ==> kworker/59:1:536 [120]
          cg.C.x-2241  [057]     2.508591: (+2)     sched_wakeup:         kworker/57:1:592 [120] CPU:057
          cg.C.x-2246  [058]     2.508592: (+1)     sched_wakeup:         kworker/58:1:720 [120] CPU:058
    kworker/59:1-536   [059]     2.508622: (+30)    sched_switch:         kworker/59:1:536 [120] I ==> cg.C.x:2231 [120]
          cg.C.x-2246  [058]     2.512589: (+3967)  sched_switch:         cg.C.x:2246 [120] R ==> kworker/58:1:720 [120]
          cg.C.x-2241  [057]     2.512589: (+0)     sched_switch:         cg.C.x:2241 [120] R ==> kworker/57:1:592 [120]
    kworker/57:1-592   [057]     2.512602: (+13)    sched_switch:         kworker/57:1:592 [120] I ==> cg.C.x:2241 [120]
    kworker/58:1-720   [058]     2.512605: (+3)     sched_switch:         kworker/58:1:720 [120] I ==> cg.C.x:2246 [120]
          cg.C.x-2245  [055]     2.536597: (+23992) sched_waking:         comm=kworker/55:1 pid=586 prio=120 target_cpu=055
          cg.C.x-2244  [056]     2.536597: (+0)     sched_waking:         comm=kworker/56:1 pid=728 prio=120 target_cpu=056
          cg.C.x-2245  [055]     2.536605: (+8)     sched_wakeup:         kworker/55:1:586 [120] CPU:055
          cg.C.x-2244  [056]     2.536607: (+2)     sched_wakeup:         kworker/56:1:728 [120] CPU:056
          cg.C.x-2245  [055]     2.536612: (+5)     sched_switch:         cg.C.x:2245 [120] R ==> kworker/55:1:586 [120]
    kworker/55:1-586   [055]     2.536624: (+12)    sched_switch:         kworker/55:1:586 [120] I ==> cg.C.x:2245 [120]
          cg.C.x-2221  [043]     2.538879: (+2255)  sched_waking:         comm=kworker/u130:12 pid=430 prio=120 target_cpu=043
          cg.C.x-2221  [043]     2.538884: (+5)     sched_wakeup:         kworker/u130:12:430 [120] CPU:043
          cg.C.x-2221  [043]     2.538888: (+4)     sched_switch:         cg.C.x:2221 [120] R ==> kworker/u130:12:430 [120]
 kworker/u130:12-430   [043]     2.538893: (+5)     sched_waking:         comm=sshd pid=1967 prio=120 target_cpu=043
 kworker/u130:12-430   [043]     2.538896: (+3)     sched_wakeup:         sshd:1967 [120] CPU:043
 kworker/u130:12-430   [043]     2.538899: (+3)     sched_switch:         kworker/u130:12:430 [120] I ==> sshd:1967 [120]
            sshd-1967  [043]     2.538981: (+82)    sched_switch:         sshd:1967 [120] S ==> cg.C.x:2221 [120]
          cg.C.x-2221  [043]     2.538982: (+1)     sched_waking:         comm=kworker/u130:12 pid=430 prio=120 target_cpu=043
          cg.C.x-2221  [043]     2.538983: (+1)     sched_wakeup:         kworker/u130:12:430 [120] CPU:043
          cg.C.x-2221  [043]     2.538985: (+2)     sched_switch:         cg.C.x:2221 [120] R ==> kworker/u130:12:430 [120]
 kworker/u130:12-430   [043]     2.538986: (+1)     sched_waking:         comm=sshd pid=1967 prio=120 target_cpu=043
 kworker/u130:12-430   [043]     2.538987: (+1)     sched_wakeup:         sshd:1967 [120] CPU:043
 kworker/u130:12-430   [043]     2.538989: (+2)     sched_switch:         kworker/u130:12:430 [120] I ==> sshd:1967 [120]
            sshd-1967  [043]     2.539012: (+23)    sched_switch:         sshd:1967 [120] S ==> cg.C.x:2221 [120]
          cg.C.x-2244  [056]     2.540603: (+1591)  sched_switch:         cg.C.x:2244 [120] R ==> kworker/56:1:728 [120]
    kworker/56:1-728   [056]     2.540617: (+14)    sched_switch:         kworker/56:1:728 [120] I ==> cg.C.x:2244 [120]
          cg.C.x-2239  [003]     2.556605: (+15988) sched_waking:         comm=kworker/3:2 pid=961 prio=120 target_cpu=003
          cg.C.x-2239  [003]     2.556612: (+7)     sched_wakeup:         kworker/3:2:961 [120] CPU:003
          cg.C.x-2239  [003]     2.556617: (+5)     sched_switch:         cg.C.x:2239 [120] R ==> kworker/3:2:961 [120]
     kworker/3:2-961   [003]     2.556662: (+45)    sched_switch:         kworker/3:2:961 [120] I ==> cg.C.x:2239 [120]
          cg.C.x-2240  [052]     2.568612: (+11950) sched_waking:         comm=kworker/52:1 pid=726 prio=120 target_cpu=052
          cg.C.x-2242  [054]     2.568612: (+0)     sched_waking:         comm=kworker/54:1 pid=719 prio=120 target_cpu=054
          cg.C.x-2225  [053]     2.568613: (+1)     sched_waking:         comm=kworker/53:1 pid=593 prio=120 target_cpu=053
          cg.C.x-2242  [054]     2.568622: (+9)     sched_wakeup:         kworker/54:1:719 [120] CPU:054
          cg.C.x-2240  [052]     2.568622: (+0)     sched_wakeup:         kworker/52:1:726 [120] CPU:052
          cg.C.x-2225  [053]     2.568622: (+0)     sched_wakeup:         kworker/53:1:593 [120] CPU:053
          cg.C.x-2240  [052]     2.572619: (+3997)  sched_switch:         cg.C.x:2240 [120] R ==> kworker/52:1:726 [120]
          cg.C.x-2242  [054]     2.572619: (+0)     sched_switch:         cg.C.x:2242 [120] R ==> kworker/54:1:719 [120]
          cg.C.x-2225  [053]     2.572619: (+0)     sched_switch:         cg.C.x:2225 [120] R ==> kworker/53:1:593 [120]
    kworker/53:1-593   [053]     2.572634: (+15)    sched_switch:         kworker/53:1:593 [120] I ==> cg.C.x:2225 [120]
    kworker/52:1-726   [052]     2.572636: (+2)     sched_switch:         kworker/52:1:726 [120] I ==> cg.C.x:2240 [120]
    kworker/54:1-719   [054]     2.572636: (+0)     sched_switch:         kworker/54:1:719 [120] I ==> cg.C.x:2242 [120]
          cg.C.x-2262  [050]     2.600628: (+27992) sched_waking:         comm=kworker/50:1 pid=702 prio=120 target_cpu=050
          cg.C.x-2229  [051]     2.600629: (+1)     sched_waking:         comm=kworker/51:1 pid=635 prio=120 target_cpu=051
          cg.C.x-2281  [049]     2.600629: (+0)     sched_waking:         comm=kworker/49:1 pid=498 prio=120 target_cpu=049
          cg.C.x-2262  [050]     2.600636: (+7)     sched_wakeup:         kworker/50:1:702 [120] CPU:050
          cg.C.x-2229  [051]     2.600636: (+0)     sched_wakeup:         kworker/51:1:635 [120] CPU:051
          cg.C.x-2281  [049]     2.600636: (+0)     sched_wakeup:         kworker/49:1:498 [120] CPU:049
          cg.C.x-2281  [049]     2.600643: (+7)     sched_switch:         cg.C.x:2281 [120] R ==> kworker/49:1:498 [120]
          cg.C.x-2262  [050]     2.600643: (+0)     sched_switch:         cg.C.x:2262 [120] R ==> kworker/50:1:702 [120]
    kworker/49:1-498   [049]     2.600656: (+13)    sched_switch:         kworker/49:1:498 [120] I ==> cg.C.x:2281 [120]
    kworker/50:1-702   [050]     2.600658: (+2)     sched_switch:         kworker/50:1:702 [120] I ==> cg.C.x:2262 [120]
          cg.C.x-2229  [051]     2.604636: (+3978)  sched_switch:         cg.C.x:2229 [120] R ==> kworker/51:1:635 [120]
    kworker/51:1-635   [051]     2.604649: (+13)    sched_switch:         kworker/51:1:635 [120] I ==> cg.C.x:2229 [120]
          cg.C.x-2243  [063]     2.632645: (+27996) sched_waking:         comm=kworker/u130:12 pid=430 prio=120 target_cpu=043
          cg.C.x-2270  [048]     2.632646: (+1)     sched_waking:         comm=kworker/48:1 pid=699 prio=120 target_cpu=048
          cg.C.x-2243  [063]     2.632650: (+4)     sched_migrate_task:   comm=kworker/u130:12 pid=430 prio=120 orig_cpu=43 dest_cpu=63
          cg.C.x-2270  [048]     2.632656: (+6)     sched_wakeup:         kworker/48:1:699 [120] CPU:048
          cg.C.x-2243  [063]     2.632656: (+0)     sched_wakeup:         kworker/u130:12:430 [120] CPU:063
          cg.C.x-2243  [063]     2.632662: (+6)     sched_switch:         cg.C.x:2243 [120] R ==> kworker/u130:12:430 [120]
          cg.C.x-2270  [048]     2.632663: (+1)     sched_switch:         cg.C.x:2270 [120] R ==> kworker/48:1:699 [120]
    kworker/48:1-699   [048]     2.632678: (+15)    sched_switch:         kworker/48:1:699 [120] I ==> cg.C.x:2270 [120]
 kworker/u130:12-430   [063]     2.632689: (+11)    sched_switch:         kworker/u130:12:430 [120] I ==> cg.C.x:2243 [120]
          cg.C.x-2261  [021]     2.636646: (+3957)  sched_waking:         comm=kworker/u130:12 pid=430 prio=120 target_cpu=063
          cg.C.x-2223  [047]     2.636647: (+1)     sched_waking:         comm=kworker/47:1 pid=514 prio=120 target_cpu=047
          cg.C.x-2261  [021]     2.636651: (+4)     sched_migrate_task:   comm=kworker/u130:12 pid=430 prio=120 orig_cpu=63 dest_cpu=21
          cg.C.x-2223  [047]     2.636653: (+2)     sched_wakeup:         kworker/47:1:514 [120] CPU:047
          cg.C.x-2261  [021]     2.636656: (+3)     sched_wakeup:         kworker/u130:12:430 [120] CPU:021
          cg.C.x-2223  [047]     2.636659: (+3)     sched_switch:         cg.C.x:2223 [120] R ==> kworker/47:1:514 [120]
          cg.C.x-2261  [021]     2.636660: (+1)     sched_switch:         cg.C.x:2261 [120] R ==> kworker/u130:12:430 [120]
    kworker/47:1-514   [047]     2.636672: (+12)    sched_switch:         kworker/47:1:514 [120] I ==> cg.C.x:2223 [120]
 kworker/u130:12-430   [021]     2.636752: (+80)    sched_switch:         kworker/u130:12:430 [120] I ==> cg.C.x:2261 [120]
          cg.C.x-2221  [043]     2.661657: (+24905) sched_waking:         comm=kworker/u130:12 pid=430 prio=120 target_cpu=021
          cg.C.x-2221  [043]     2.661660: (+3)     sched_migrate_task:   comm=kworker/u130:12 pid=430 prio=120 orig_cpu=21 dest_cpu=43
          cg.C.x-2221  [043]     2.661666: (+6)     sched_wakeup:         kworker/u130:12:430 [120] CPU:043
          cg.C.x-2221  [043]     2.661671: (+5)     sched_switch:         cg.C.x:2221 [120] R ==> kworker/u130:12:430 [120]
 kworker/u130:12-430   [043]     2.661676: (+5)     sched_waking:         comm=sshd pid=1967 prio=120 target_cpu=043
 kworker/u130:12-430   [043]     2.661680: (+4)     sched_wakeup:         sshd:1967 [120] CPU:043
 kworker/u130:12-430   [043]     2.661683: (+3)     sched_switch:         kworker/u130:12:430 [120] I ==> sshd:1967 [120]
            sshd-1967  [043]     2.661765: (+82)    sched_switch:         sshd:1967 [120] S ==> cg.C.x:2221 [120]
          cg.C.x-2221  [043]     2.661767: (+2)     sched_waking:         comm=kworker/u130:12 pid=430 prio=120 target_cpu=043
          cg.C.x-2221  [043]     2.661768: (+1)     sched_wakeup:         kworker/u130:12:430 [120] CPU:043
          cg.C.x-2221  [043]     2.661770: (+2)     sched_switch:         cg.C.x:2221 [120] R ==> kworker/u130:12:430 [120]
 kworker/u130:12-430   [043]     2.661771: (+1)     sched_waking:         comm=sshd pid=1967 prio=120 target_cpu=043
 kworker/u130:12-430   [043]     2.661772: (+1)     sched_wakeup:         sshd:1967 [120] CPU:043
 kworker/u130:12-430   [043]     2.661774: (+2)     sched_switch:         kworker/u130:12:430 [120] I ==> sshd:1967 [120]
            sshd-1967  [043]     2.661797: (+23)    sched_switch:         sshd:1967 [120] S ==> cg.C.x:2221 [120]
          cg.C.x-2234  [046]     2.664661: (+2864)  sched_waking:         comm=kworker/46:1 pid=703 prio=120 target_cpu=046
          cg.C.x-2255  [045]     2.664661: (+0)     sched_waking:         comm=kworker/45:1 pid=485 prio=120 target_cpu=045
          cg.C.x-2232  [044]     2.664661: (+0)     sched_waking:         comm=kworker/44:1 pid=590 prio=120 target_cpu=044
          cg.C.x-2255  [045]     2.664668: (+7)     sched_wakeup:         kworker/45:1:485 [120] CPU:045
          cg.C.x-2232  [044]     2.664668: (+0)     sched_wakeup:         kworker/44:1:590 [120] CPU:044
          cg.C.x-2234  [046]     2.664669: (+1)     sched_wakeup:         kworker/46:1:703 [120] CPU:046
          cg.C.x-2255  [045]     2.664674: (+5)     sched_switch:         cg.C.x:2255 [120] R ==> kworker/45:1:485 [120]
          cg.C.x-2232  [044]     2.664675: (+1)     sched_switch:         cg.C.x:2232 [120] R ==> kworker/44:1:590 [120]
          cg.C.x-2234  [046]     2.664675: (+0)     sched_switch:         cg.C.x:2234 [120] R ==> kworker/46:1:703 [120]
    kworker/45:1-485   [045]     2.664684: (+9)     sched_switch:         kworker/45:1:485 [120] I ==> cg.C.x:2255 [120]
    kworker/46:1-703   [046]     2.664688: (+4)     sched_switch:         kworker/46:1:703 [120] I ==> cg.C.x:2234 [120]
    kworker/44:1-590   [044]     2.664689: (+1)     sched_switch:         kworker/44:1:590 [120] I ==> cg.C.x:2232 [120]
          cg.C.x-2221  [043]     2.696677: (+31988) sched_waking:         comm=kworker/43:2 pid=1591 prio=120 target_cpu=043
          cg.C.x-2272  [042]     2.696677: (+0)     sched_waking:         comm=kworker/42:1 pid=591 prio=120 target_cpu=042
          cg.C.x-2277  [041]     2.696677: (+0)     sched_waking:         comm=kworker/41:1 pid=535 prio=120 target_cpu=041
          cg.C.x-2221  [043]     2.696682: (+5)     sched_wakeup:         kworker/43:2:1591 [120] CPU:043
          cg.C.x-2277  [041]     2.696682: (+0)     sched_wakeup:         kworker/41:1:535 [120] CPU:041
          cg.C.x-2272  [042]     2.696685: (+3)     sched_wakeup:         kworker/42:1:591 [120] CPU:042
          cg.C.x-2277  [041]     2.696690: (+5)     sched_switch:         cg.C.x:2277 [120] R ==> kworker/41:1:535 [120]
          cg.C.x-2272  [042]     2.696692: (+2)     sched_switch:         cg.C.x:2272 [120] R ==> kworker/42:1:591 [120]
    kworker/41:1-535   [041]     2.696702: (+10)    sched_switch:         kworker/41:1:535 [120] I ==> cg.C.x:2277 [120]
    kworker/42:1-591   [042]     2.696706: (+4)     sched_switch:         kworker/42:1:591 [120] I ==> cg.C.x:2272 [120]
          cg.C.x-2221  [043]     2.700681: (+3975)  sched_switch:         cg.C.x:2221 [120] R ==> kworker/43:2:1591 [120]
    kworker/43:2-1591  [043]     2.700694: (+13)    sched_switch:         kworker/43:2:1591 [120] I ==> cg.C.x:2221 [120]
          cg.C.x-2228  [040]     2.728692: (+27998) sched_waking:         comm=kworker/40:2 pid=692 prio=120 target_cpu=040
          cg.C.x-2228  [040]     2.728702: (+10)    sched_wakeup:         kworker/40:2:692 [120] CPU:040
          cg.C.x-2233  [039]     2.732694: (+3992)  sched_waking:         comm=kworker/39:2 pid=1550 prio=120 target_cpu=039
          cg.C.x-2228  [040]     2.732698: (+4)     sched_switch:         cg.C.x:2228 [120] R ==> kworker/40:2:692 [120]
          cg.C.x-2233  [039]     2.732702: (+4)     sched_wakeup:         kworker/39:2:1550 [120] CPU:039
    kworker/40:2-692   [040]     2.732716: (+14)    sched_switch:         kworker/40:2:692 [120] I ==> cg.C.x:2228 [120]
          cg.C.x-2233  [039]     2.736699: (+3983)  sched_switch:         cg.C.x:2233 [120] R ==> kworker/39:2:1550 [120]
    kworker/39:2-1550  [039]     2.736714: (+15)    sched_switch:         kworker/39:2:1550 [120] I ==> cg.C.x:2233 [120]
          cg.C.x-2224  [036]     2.760710: (+23996) sched_waking:         comm=kworker/36:2 pid=1889 prio=120 target_cpu=036
          cg.C.x-2227  [038]     2.760710: (+0)     sched_waking:         comm=kworker/38:1 pid=543 prio=120 target_cpu=038
          cg.C.x-2224  [036]     2.760719: (+9)     sched_wakeup:         kworker/36:2:1889 [120] CPU:036
          cg.C.x-2227  [038]     2.760719: (+0)     sched_wakeup:         kworker/38:1:543 [120] CPU:038
          cg.C.x-2227  [038]     2.760727: (+8)     sched_switch:         cg.C.x:2227 [120] R ==> kworker/38:1:543 [120]
    kworker/38:1-543   [038]     2.760743: (+16)    sched_switch:         kworker/38:1:543 [120] I ==> cg.C.x:2227 [120]
          cg.C.x-2239  [003]     2.764710: (+3967)  sched_waking:         comm=kworker/3:2 pid=961 prio=120 target_cpu=003
          cg.C.x-2271  [037]     2.764711: (+1)     sched_waking:         comm=kworker/37:1 pid=594 prio=120 target_cpu=037
          cg.C.x-2224  [036]     2.764715: (+4)     sched_switch:         cg.C.x:2224 [120] R ==> kworker/36:2:1889 [120]
          cg.C.x-2271  [037]     2.764716: (+1)     sched_wakeup:         kworker/37:1:594 [120] CPU:037
          cg.C.x-2239  [003]     2.764716: (+0)     sched_wakeup:         kworker/3:2:961 [120] CPU:003
          cg.C.x-2239  [003]     2.764720: (+4)     sched_switch:         cg.C.x:2239 [120] R ==> kworker/3:2:961 [120]
          cg.C.x-2271  [037]     2.764721: (+1)     sched_switch:         cg.C.x:2271 [120] R ==> kworker/37:1:594 [120]
    kworker/37:1-594   [037]     2.764731: (+10)    sched_switch:         kworker/37:1:594 [120] I ==> cg.C.x:2271 [120]
    kworker/36:2-1889  [036]     2.764732: (+1)     sched_switch:         kworker/36:2:1889 [120] I ==> cg.C.x:2224 [120]
     kworker/3:2-961   [003]     2.764764: (+32)    sched_switch:         kworker/3:2:961 [120] I ==> cg.C.x:2239 [120]
          cg.C.x-2221  [043]     2.784192: (+19428) sched_waking:         comm=kworker/u130:12 pid=430 prio=120 target_cpu=043
          cg.C.x-2221  [043]     2.784199: (+7)     sched_wakeup:         kworker/u130:12:430 [120] CPU:043
          cg.C.x-2221  [043]     2.784205: (+6)     sched_switch:         cg.C.x:2221 [120] R ==> kworker/u130:12:430 [120]
 kworker/u130:12-430   [043]     2.784210: (+5)     sched_waking:         comm=sshd pid=1967 prio=120 target_cpu=043
 kworker/u130:12-430   [043]     2.784213: (+3)     sched_wakeup:         sshd:1967 [120] CPU:043
 kworker/u130:12-430   [043]     2.784216: (+3)     sched_switch:         kworker/u130:12:430 [120] I ==> sshd:1967 [120]
            sshd-1967  [043]     2.784296: (+80)    sched_switch:         sshd:1967 [120] S ==> cg.C.x:2221 [120]
          cg.C.x-2221  [043]     2.784298: (+2)     sched_waking:         comm=kworker/u130:12 pid=430 prio=120 target_cpu=043
          cg.C.x-2221  [043]     2.784299: (+1)     sched_wakeup:         kworker/u130:12:430 [120] CPU:043
          cg.C.x-2221  [043]     2.784301: (+2)     sched_switch:         cg.C.x:2221 [120] R ==> kworker/u130:12:430 [120]
 kworker/u130:12-430   [043]     2.784302: (+1)     sched_waking:         comm=sshd pid=1967 prio=120 target_cpu=043
 kworker/u130:12-430   [043]     2.784303: (+1)     sched_wakeup:         sshd:1967 [120] CPU:043
 kworker/u130:12-430   [043]     2.784304: (+1)     sched_switch:         kworker/u130:12:430 [120] I ==> sshd:1967 [120]
            sshd-1967  [043]     2.784327: (+23)    sched_switch:         sshd:1967 [120] S ==> cg.C.x:2221 [120]
          cg.C.x-2249  [033]     2.796727: (+12400) sched_waking:         comm=kworker/33:1 pid=477 prio=120 target_cpu=033
          cg.C.x-2249  [033]     2.796735: (+8)     sched_wakeup:         kworker/33:1:477 [120] CPU:033
          cg.C.x-2249  [033]     2.796741: (+6)     sched_switch:         cg.C.x:2249 [120] R ==> kworker/33:1:477 [120]
    kworker/33:1-477   [033]     2.796753: (+12)    sched_switch:         kworker/33:1:477 [120] I ==> cg.C.x:2249 [120]
          cg.C.x-2226  [032]     2.828742: (+31989) sched_waking:         comm=kworker/32:1 pid=482 prio=120 target_cpu=032
          cg.C.x-2267  [031]     2.828745: (+3)     sched_waking:         comm=kworker/31:1 pid=710 prio=120 target_cpu=031
          cg.C.x-2226  [032]     2.828752: (+7)     sched_wakeup:         kworker/32:1:482 [120] CPU:032
          cg.C.x-2267  [031]     2.828754: (+2)     sched_wakeup:         kworker/31:1:710 [120] CPU:031
          cg.C.x-2226  [032]     2.828759: (+5)     sched_switch:         cg.C.x:2226 [120] R ==> kworker/32:1:482 [120]
          cg.C.x-2267  [031]     2.828762: (+3)     sched_switch:         cg.C.x:2267 [120] R ==> kworker/31:1:710 [120]
    kworker/31:1-710   [031]     2.828774: (+12)    sched_switch:         kworker/31:1:710 [120] I ==> cg.C.x:2267 [120]
    kworker/32:1-482   [032]     2.828811: (+37)    sched_switch:         kworker/32:1:482 [120] I ==> cg.C.x:2226 [120]
          cg.C.x-2261  [021]     2.844750: (+15939) sched_waking:         comm=kworker/u130:12 pid=430 prio=120 target_cpu=043
          cg.C.x-2261  [021]     2.844754: (+4)     sched_migrate_task:   comm=kworker/u130:12 pid=430 prio=120 orig_cpu=43 dest_cpu=21
          cg.C.x-2261  [021]     2.844760: (+6)     sched_wakeup:         kworker/u130:12:430 [120] CPU:021
          cg.C.x-2261  [021]     2.844765: (+5)     sched_switch:         cg.C.x:2261 [120] R ==> kworker/u130:12:430 [120]
 kworker/u130:12-430   [021]     2.844771: (+6)     sched_switch:         kworker/u130:12:430 [120] I ==> cg.C.x:2261 [120]
          cg.C.x-2284  [028]     2.856757: (+11986) sched_waking:         comm=kworker/28:2 pid=1246 prio=120 target_cpu=028
          cg.C.x-2275  [029]     2.856759: (+2)     sched_waking:         comm=kworker/29:1 pid=711 prio=120 target_cpu=029
          cg.C.x-2284  [028]     2.856766: (+7)     sched_wakeup:         kworker/28:2:1246 [120] CPU:028
          cg.C.x-2275  [029]     2.856767: (+1)     sched_wakeup:         kworker/29:1:711 [120] CPU:029
          cg.C.x-2275  [029]     2.856774: (+7)     sched_switch:         cg.C.x:2275 [120] R ==> kworker/29:1:711 [120]
          cg.C.x-2284  [028]     2.856774: (+0)     sched_switch:         cg.C.x:2284 [120] R ==> kworker/28:2:1246 [120]
    kworker/29:1-711   [029]     2.856786: (+12)    sched_switch:         kworker/29:1:711 [120] I ==> cg.C.x:2275 [120]
    kworker/28:2-1246  [028]     2.856788: (+2)     sched_switch:         kworker/28:2:1246 [120] I ==> cg.C.x:2284 [120]
          cg.C.x-2258  [030]     2.860759: (+3971)  sched_waking:         comm=kworker/30:1 pid=723 prio=120 target_cpu=030
          cg.C.x-2258  [030]     2.860768: (+9)     sched_wakeup:         kworker/30:1:723 [120] CPU:030
          cg.C.x-2258  [030]     2.860775: (+7)     sched_switch:         cg.C.x:2258 [120] R ==> kworker/30:1:723 [120]
    kworker/30:1-723   [030]     2.860789: (+14)    sched_switch:         kworker/30:1:723 [120] I ==> cg.C.x:2258 [120]
          cg.C.x-2276  [026]     2.888772: (+27983) sched_waking:         comm=kworker/26:2 pid=1577 prio=120 target_cpu=026
          cg.C.x-2263  [027]     2.888774: (+2)     sched_waking:         comm=kworker/27:1 pid=481 prio=120 target_cpu=027
          cg.C.x-2276  [026]     2.888781: (+7)     sched_wakeup:         kworker/26:2:1577 [120] CPU:026
          cg.C.x-2263  [027]     2.888781: (+0)     sched_wakeup:         kworker/27:1:481 [120] CPU:027
