      khugepaged-477   [022]     2.264992: (+0)     sched_waking:         comm=kworker/39:1 pid=730 prio=120 target_cpu=039
    kworker/34:0-223   [034]     2.264993: (+1)     sched_switch:         kworker/34:0:223 [120] I ==> cg.C.x:2245 [120]
    kworker/33:1-482   [033]     2.264994: (+1)     sched_switch:         kworker/33:1:482 [120] I ==> cg.C.x:2298 [120]
      khugepaged-477   [022]     2.264994: (+0)     sched_waking:         comm=kworker/40:1 pid=638 prio=120 target_cpu=040
          cg.C.x-2300  [037]     2.264996: (+2)     sched_switch:         cg.C.x:2300 [120] R ==> kworker/37:1:742 [120]
          cg.C.x-2274  [038]     2.264997: (+1)     sched_switch:         cg.C.x:2274 [120] R ==> kworker/38:1:529 [120]
      khugepaged-477   [022]     2.264997: (+0)     sched_wakeup:         kworker/40:1:638 [120] CPU:040
          cg.C.x-2250  [039]     2.264998: (+1)     sched_wakeup:         kworker/39:1:730 [120] CPU:039
      khugepaged-477   [022]     2.264999: (+1)     sched_waking:         comm=kworker/41:1 pid=727 prio=120 target_cpu=041
    kworker/35:1-485   [035]     2.265001: (+2)     sched_switch:         kworker/35:1:485 [120] I ==> cg.C.x:2276 [120]
    kworker/36:1-486   [036]     2.265001: (+0)     sched_switch:         kworker/36:1:486 [120] I ==> cg.C.x:2297 [120]
      khugepaged-477   [022]     2.265002: (+1)     sched_waking:         comm=kworker/43:0 pid=277 prio=120 target_cpu=043
          cg.C.x-2239  [040]     2.265003: (+1)     sched_switch:         cg.C.x:2239 [120] R ==> kworker/40:1:638 [120]
          cg.C.x-2250  [039]     2.265003: (+0)     sched_switch:         cg.C.x:2250 [120] R ==> kworker/39:1:730 [120]
      khugepaged-477   [022]     2.265003: (+0)     sched_waking:         comm=kworker/44:1 pid=490 prio=120 target_cpu=044
          cg.C.x-2252  [041]     2.265005: (+2)     sched_wakeup:         kworker/41:1:727 [120] CPU:041
      khugepaged-477   [022]     2.265006: (+1)     sched_wakeup:         kworker/44:1:490 [120] CPU:044
    kworker/37:1-742   [037]     2.265006: (+0)     sched_switch:         kworker/37:1:742 [120] I ==> cg.C.x:2300 [120]
    kworker/38:1-529   [038]     2.265006: (+0)     sched_switch:         kworker/38:1:529 [120] I ==> cg.C.x:2274 [120]
      khugepaged-477   [022]     2.265007: (+1)     sched_waking:         comm=kworker/45:1 pid=576 prio=120 target_cpu=045
          cg.C.x-2254  [043]     2.265009: (+2)     sched_wakeup:         kworker/43:0:277 [120] CPU:043
      khugepaged-477   [022]     2.265009: (+0)     sched_waking:         comm=kworker/46:1 pid=728 prio=120 target_cpu=046
          cg.C.x-2252  [041]     2.265009: (+0)     sched_switch:         cg.C.x:2252 [120] R ==> kworker/41:1:727 [120]
    kworker/40:1-638   [040]     2.265011: (+2)     sched_switch:         kworker/40:1:638 [120] I ==> cg.C.x:2239 [120]
          cg.C.x-2238  [044]     2.265011: (+0)     sched_switch:         cg.C.x:2238 [120] R ==> kworker/44:1:490 [120]
      khugepaged-477   [022]     2.265012: (+1)     sched_wakeup:         kworker/46:1:728 [120] CPU:046
    kworker/39:1-730   [039]     2.265013: (+1)     sched_switch:         kworker/39:1:730 [120] I ==> cg.C.x:2250 [120]
          cg.C.x-2254  [043]     2.265013: (+0)     sched_switch:         cg.C.x:2254 [120] R ==> kworker/43:0:277 [120]
      khugepaged-477   [022]     2.265013: (+0)     sched_waking:         comm=kworker/47:1 pid=575 prio=120 target_cpu=047
          cg.C.x-2256  [045]     2.265013: (+0)     sched_wakeup:         kworker/45:1:576 [120] CPU:045
      khugepaged-477   [022]     2.265015: (+2)     sched_waking:         comm=kworker/48:1 pid=551 prio=120 target_cpu=048
          cg.C.x-2299  [046]     2.265016: (+1)     sched_switch:         cg.C.x:2299 [120] R ==> kworker/46:1:728 [120]
          cg.C.x-2256  [045]     2.265018: (+2)     sched_switch:         cg.C.x:2256 [120] R ==> kworker/45:1:576 [120]
      khugepaged-477   [022]     2.265018: (+0)     sched_wakeup:         kworker/48:1:551 [120] CPU:048
    kworker/41:1-727   [041]     2.265018: (+0)     sched_switch:         kworker/41:1:727 [120] I ==> cg.C.x:2252 [120]
      khugepaged-477   [022]     2.265019: (+1)     sched_waking:         comm=kworker/49:1 pid=500 prio=120 target_cpu=049
          cg.C.x-2258  [047]     2.265020: (+1)     sched_wakeup:         kworker/47:1:575 [120] CPU:047
    kworker/44:1-490   [044]     2.265021: (+1)     sched_switch:         kworker/44:1:490 [120] I ==> cg.C.x:2238 [120]
      khugepaged-477   [022]     2.265021: (+0)     sched_waking:         comm=kworker/50:0 pid=319 prio=120 target_cpu=050
    kworker/46:1-728   [046]     2.265022: (+1)     sched_switch:         kworker/46:1:728 [120] I ==> cg.C.x:2299 [120]
          cg.C.x-2259  [048]     2.265022: (+0)     sched_switch:         cg.C.x:2259 [120] R ==> kworker/48:1:551 [120]
    kworker/43:0-277   [043]     2.265022: (+0)     sched_switch:         kworker/43:0:277 [120] I ==> cg.C.x:2254 [120]
          cg.C.x-2258  [047]     2.265024: (+2)     sched_switch:         cg.C.x:2258 [120] R ==> kworker/47:1:575 [120]
      khugepaged-477   [022]     2.265024: (+0)     sched_wakeup:         kworker/50:0:319 [120] CPU:050
      khugepaged-477   [022]     2.265026: (+2)     sched_waking:         comm=kworker/51:1 pid=579 prio=120 target_cpu=051
    kworker/45:1-576   [045]     2.265026: (+0)     sched_switch:         kworker/45:1:576 [120] I ==> cg.C.x:2256 [120]
          cg.C.x-2260  [049]     2.265026: (+0)     sched_wakeup:         kworker/49:1:500 [120] CPU:049
      khugepaged-477   [022]     2.265028: (+2)     sched_waking:         comm=kworker/52:1 pid=544 prio=120 target_cpu=052
          cg.C.x-2279  [050]     2.265029: (+1)     sched_switch:         cg.C.x:2279 [120] R ==> kworker/50:0:319 [120]
      khugepaged-477   [022]     2.265030: (+1)     sched_wakeup:         kworker/52:1:544 [120] CPU:052
          cg.C.x-2260  [049]     2.265031: (+1)     sched_switch:         cg.C.x:2260 [120] R ==> kworker/49:1:500 [120]
      khugepaged-477   [022]     2.265032: (+1)     sched_waking:         comm=kworker/53:1 pid=735 prio=120 target_cpu=053
    kworker/47:1-575   [047]     2.265032: (+0)     sched_switch:         kworker/47:1:575 [120] I ==> cg.C.x:2258 [120]
    kworker/48:1-551   [048]     2.265032: (+0)     sched_switch:         kworker/48:1:551 [120] I ==> cg.C.x:2259 [120]
          cg.C.x-2262  [051]     2.265032: (+0)     sched_wakeup:         kworker/51:1:579 [120] CPU:051
      khugepaged-477   [022]     2.265034: (+2)     sched_waking:         comm=kworker/54:1 pid=487 prio=120 target_cpu=054
      khugepaged-477   [022]     2.265036: (+2)     sched_wakeup:         kworker/54:1:487 [120] CPU:054
          cg.C.x-2257  [052]     2.265036: (+0)     sched_switch:         cg.C.x:2257 [120] R ==> kworker/52:1:544 [120]
          cg.C.x-2262  [051]     2.265036: (+0)     sched_switch:         cg.C.x:2262 [120] R ==> kworker/51:1:579 [120]
      khugepaged-477   [022]     2.265037: (+1)     sched_waking:         comm=kworker/55:1 pid=732 prio=120 target_cpu=055
    kworker/50:0-319   [050]     2.265038: (+1)     sched_switch:         kworker/50:0:319 [120] I ==> cg.C.x:2279 [120]
          cg.C.x-2290  [053]     2.265039: (+1)     sched_wakeup:         kworker/53:1:735 [120] CPU:053
    kworker/49:1-500   [049]     2.265040: (+1)     sched_switch:         kworker/49:1:500 [120] I ==> cg.C.x:2260 [120]
      khugepaged-477   [022]     2.265040: (+0)     sched_waking:         comm=kworker/56:1 pid=549 prio=120 target_cpu=056
          cg.C.x-2253  [054]     2.265041: (+1)     sched_switch:         cg.C.x:2253 [120] R ==> kworker/54:1:487 [120]
      khugepaged-477   [022]     2.265042: (+1)     sched_wakeup:         kworker/56:1:549 [120] CPU:056
    kworker/52:1-544   [052]     2.265042: (+0)     sched_switch:         kworker/52:1:544 [120] I ==> cg.C.x:2257 [120]
      khugepaged-477   [022]     2.265043: (+1)     sched_waking:         comm=kworker/57:0 pid=361 prio=120 target_cpu=057
          cg.C.x-2290  [053]     2.265043: (+0)     sched_switch:         cg.C.x:2290 [120] R ==> kworker/53:1:735 [120]
          cg.C.x-2266  [055]     2.265044: (+1)     sched_wakeup:         kworker/55:1:732 [120] CPU:055
      khugepaged-477   [022]     2.265045: (+1)     sched_waking:         comm=kworker/58:2 pid=1222 prio=120 target_cpu=058
          cg.C.x-2237  [056]     2.265047: (+2)     sched_switch:         cg.C.x:2237 [120] R ==> kworker/56:1:549 [120]
    kworker/51:1-579   [051]     2.265047: (+0)     sched_switch:         kworker/51:1:579 [120] I ==> cg.C.x:2262 [120]
      khugepaged-477   [022]     2.265048: (+1)     sched_wakeup:         kworker/58:2:1222 [120] CPU:058
          cg.C.x-2266  [055]     2.265049: (+1)     sched_switch:         cg.C.x:2266 [120] R ==> kworker/55:1:732 [120]
      khugepaged-477   [022]     2.265050: (+1)     sched_waking:         comm=kworker/59:1 pid=658 prio=120 target_cpu=059
          cg.C.x-2268  [057]     2.265050: (+0)     sched_wakeup:         kworker/57:0:361 [120] CPU:057
    kworker/54:1-487   [054]     2.265051: (+1)     sched_switch:         kworker/54:1:487 [120] I ==> cg.C.x:2253 [120]
      khugepaged-477   [022]     2.265052: (+1)     sched_waking:         comm=kworker/60:1 pid=489 prio=120 target_cpu=060
    kworker/53:1-735   [053]     2.265053: (+1)     sched_switch:         kworker/53:1:735 [120] I ==> cg.C.x:2290 [120]
          cg.C.x-2268  [057]     2.265054: (+1)     sched_switch:         cg.C.x:2268 [120] R ==> kworker/57:0:361 [120]
          cg.C.x-2247  [058]     2.265054: (+0)     sched_switch:         cg.C.x:2247 [120] R ==> kworker/58:2:1222 [120]
      khugepaged-477   [022]     2.265054: (+0)     sched_wakeup:         kworker/60:1:489 [120] CPU:060
    kworker/56:1-549   [056]     2.265055: (+1)     sched_switch:         kworker/56:1:549 [120] I ==> cg.C.x:2237 [120]
      khugepaged-477   [022]     2.265056: (+1)     sched_waking:         comm=kworker/61:1 pid=739 prio=120 target_cpu=061
          cg.C.x-2270  [059]     2.265057: (+1)     sched_wakeup:         kworker/59:1:658 [120] CPU:059
      khugepaged-477   [022]     2.265058: (+1)     sched_waking:         comm=kworker/62:1 pid=491 prio=120 target_cpu=062
    kworker/55:1-732   [055]     2.265058: (+0)     sched_switch:         kworker/55:1:732 [120] I ==> cg.C.x:2266 [120]
          cg.C.x-2287  [060]     2.265061: (+3)     sched_switch:         cg.C.x:2287 [120] R ==> kworker/60:1:489 [120]
      khugepaged-477   [022]     2.265061: (+0)     sched_wakeup:         kworker/62:1:491 [120] CPU:062
          cg.C.x-2270  [059]     2.265061: (+0)     sched_switch:         cg.C.x:2270 [120] R ==> kworker/59:1:658 [120]
          cg.C.x-2243  [061]     2.265062: (+1)     sched_wakeup:         kworker/61:1:739 [120] CPU:061
      khugepaged-477   [022]     2.265063: (+1)     sched_waking:         comm=kworker/63:1 pid=743 prio=120 target_cpu=063
    kworker/57:0-361   [057]     2.265063: (+0)     sched_switch:         kworker/57:0:361 [120] I ==> cg.C.x:2268 [120]
    kworker/58:2-1222  [058]     2.265065: (+2)     sched_switch:         kworker/58:2:1222 [120] I ==> cg.C.x:2247 [120]
          cg.C.x-2243  [061]     2.265067: (+2)     sched_switch:         cg.C.x:2243 [120] R ==> kworker/61:1:739 [120]
          cg.C.x-2251  [062]     2.265067: (+0)     sched_switch:         cg.C.x:2251 [120] R ==> kworker/62:1:491 [120]
    kworker/60:1-489   [060]     2.265068: (+1)     sched_switch:         kworker/60:1:489 [120] I ==> cg.C.x:2287 [120]
          cg.C.x-2242  [063]     2.265069: (+1)     sched_wakeup:         kworker/63:1:743 [120] CPU:063
      khugepaged-477   [022]     2.265071: (+2)     sched_switch:         khugepaged:477 [139] D ==> kworker/22:1:716 [120]
    kworker/59:1-658   [059]     2.265072: (+1)     sched_switch:         kworker/59:1:658 [120] I ==> cg.C.x:2270 [120]
          cg.C.x-2242  [063]     2.265074: (+2)     sched_switch:         cg.C.x:2242 [120] R ==> kworker/63:1:743 [120]
    kworker/62:1-491   [062]     2.265076: (+2)     sched_switch:         kworker/62:1:491 [120] I ==> cg.C.x:2251 [120]
    kworker/61:1-739   [061]     2.265078: (+2)     sched_switch:         kworker/61:1:739 [120] I ==> cg.C.x:2243 [120]
    kworker/22:1-716   [022]     2.265081: (+3)     sched_switch:         kworker/22:1:716 [120] I ==> cg.C.x:2283 [120]
    kworker/63:1-743   [063]     2.265084: (+3)     sched_switch:         kworker/63:1:743 [120] I ==> cg.C.x:2242 [120]
          cg.C.x-2261  [010]     2.268845: (+3761)  sched_switch:         cg.C.x:2261 [120] R ==> kworker/10:1:715 [120]
          cg.C.x-2284  [029]     2.268845: (+0)     sched_waking:         comm=kworker/29:0 pid=193 prio=120 target_cpu=029
          cg.C.x-2277  [020]     2.268846: (+1)     sched_switch:         cg.C.x:2277 [120] R ==> kworker/20:1:495 [120]
          cg.C.x-2240  [027]     2.268846: (+0)     sched_switch:         cg.C.x:2240 [120] R ==> kworker/27:1:738 [120]
          cg.C.x-2278  [023]     2.268846: (+0)     sched_switch:         cg.C.x:2278 [120] R ==> kworker/23:1:724 [120]
          cg.C.x-2296  [025]     2.268846: (+0)     sched_switch:         cg.C.x:2296 [120] R ==> kworker/25:1:721 [120]
          cg.C.x-2289  [030]     2.268847: (+1)     sched_switch:         cg.C.x:2289 [120] R ==> kworker/30:1:718 [120]
          cg.C.x-2249  [028]     2.268847: (+0)     sched_switch:         cg.C.x:2249 [120] R ==> kworker/28:1:717 [120]
          cg.C.x-2284  [029]     2.268849: (+2)     sched_wakeup:         kworker/29:0:193 [120] CPU:029
          cg.C.x-2284  [029]     2.268851: (+2)     sched_switch:         cg.C.x:2284 [120] R ==> kworker/29:0:193 [120]
    kworker/10:1-715   [010]     2.268854: (+3)     sched_waking:         comm=khugepaged pid=477 prio=139 target_cpu=022
    kworker/25:1-721   [025]     2.268855: (+1)     sched_switch:         kworker/25:1:721 [120] I ==> cg.C.x:2296 [120]
    kworker/20:1-495   [020]     2.268858: (+3)     sched_switch:         kworker/20:1:495 [120] I ==> cg.C.x:2277 [120]
    kworker/27:1-738   [027]     2.268859: (+1)     sched_switch:         kworker/27:1:738 [120] I ==> cg.C.x:2240 [120]
    kworker/28:1-717   [028]     2.268859: (+0)     sched_switch:         kworker/28:1:717 [120] I ==> cg.C.x:2249 [120]
    kworker/10:1-715   [010]     2.268860: (+1)     sched_wakeup:         khugepaged:477 [139] CPU:022
    kworker/23:1-724   [023]     2.268860: (+0)     sched_switch:         kworker/23:1:724 [120] I ==> cg.C.x:2278 [120]
    kworker/29:0-193   [029]     2.268861: (+1)     sched_switch:         kworker/29:0:193 [120] I ==> cg.C.x:2284 [120]
    kworker/10:1-715   [010]     2.268863: (+2)     sched_switch:         kworker/10:1:715 [120] I ==> cg.C.x:2261 [120]
          cg.C.x-2283  [022]     2.268863: (+0)     sched_switch:         cg.C.x:2283 [120] R ==> khugepaged:477 [139]
    kworker/30:1-718   [030]     2.268864: (+1)     sched_switch:         kworker/30:1:718 [120] I ==> cg.C.x:2289 [120]
      khugepaged-477   [022]     2.268942: (+78)    sched_switch:         khugepaged:477 [139] S ==> cg.C.x:2283 [120]
          cg.C.x-2285  [026]     2.300846: (+31904) sched_waking:         comm=kworker/26:1 pid=550 prio=120 target_cpu=026
          cg.C.x-2296  [025]     2.300846: (+0)     sched_waking:         comm=kworker/25:1 pid=721 prio=120 target_cpu=025
          cg.C.x-2240  [027]     2.300846: (+0)     sched_waking:         comm=kworker/27:1 pid=738 prio=120 target_cpu=027
          cg.C.x-2296  [025]     2.300853: (+7)     sched_wakeup:         kworker/25:1:721 [120] CPU:025
          cg.C.x-2240  [027]     2.300853: (+0)     sched_wakeup:         kworker/27:1:738 [120] CPU:027
          cg.C.x-2285  [026]     2.300854: (+1)     sched_wakeup:         kworker/26:1:550 [120] CPU:026
          cg.C.x-2240  [027]     2.300857: (+3)     sched_switch:         cg.C.x:2240 [120] R ==> kworker/27:1:738 [120]
          cg.C.x-2296  [025]     2.300858: (+1)     sched_switch:         cg.C.x:2296 [120] R ==> kworker/25:1:721 [120]
          cg.C.x-2285  [026]     2.300858: (+0)     sched_switch:         cg.C.x:2285 [120] R ==> kworker/26:1:550 [120]
    kworker/25:1-721   [025]     2.300870: (+12)    sched_switch:         kworker/25:1:721 [120] I ==> cg.C.x:2296 [120]
    kworker/26:1-550   [026]     2.300870: (+0)     sched_switch:         kworker/26:1:550 [120] I ==> cg.C.x:2285 [120]
    kworker/27:1-738   [027]     2.300870: (+0)     sched_switch:         kworker/27:1:738 [120] I ==> cg.C.x:2240 [120]
          cg.C.x-2237  [056]     2.323212: (+22342) sched_waking:         comm=kworker/u129:26 pid=435 prio=120 target_cpu=056
          cg.C.x-2237  [056]     2.323221: (+9)     sched_wakeup:         kworker/u129:26:435 [120] CPU:056
          cg.C.x-2237  [056]     2.323227: (+6)     sched_switch:         cg.C.x:2237 [120] R ==> kworker/u129:26:435 [120]
 kworker/u129:26-435   [056]     2.323234: (+7)     sched_waking:         comm=sshd pid=1978 prio=120 target_cpu=056
 kworker/u129:26-435   [056]     2.323236: (+2)     sched_wakeup:         sshd:1978 [120] CPU:056
 kworker/u129:26-435   [056]     2.323240: (+4)     sched_switch:         kworker/u129:26:435 [120] I ==> sshd:1978 [120]
            sshd-1978  [056]     2.323340: (+100)   sched_switch:         sshd:1978 [120] S ==> cg.C.x:2237 [120]
          cg.C.x-2237  [056]     2.323342: (+2)     sched_waking:         comm=kworker/u129:26 pid=435 prio=120 target_cpu=056
          cg.C.x-2237  [056]     2.323343: (+1)     sched_wakeup:         kworker/u129:26:435 [120] CPU:056
          cg.C.x-2237  [056]     2.323345: (+2)     sched_switch:         cg.C.x:2237 [120] R ==> kworker/u129:26:435 [120]
 kworker/u129:26-435   [056]     2.323346: (+1)     sched_waking:         comm=sshd pid=1978 prio=120 target_cpu=056
 kworker/u129:26-435   [056]     2.323347: (+1)     sched_wakeup:         sshd:1978 [120] CPU:056
 kworker/u129:26-435   [056]     2.323349: (+2)     sched_switch:         kworker/u129:26:435 [120] I ==> sshd:1978 [120]
            sshd-1978  [056]     2.323371: (+22)    sched_switch:         sshd:1978 [120] S ==> cg.C.x:2237 [120]
          cg.C.x-2269  [024]     2.328847: (+5476)  sched_waking:         comm=kworker/24:1 pid=714 prio=120 target_cpu=024
          cg.C.x-2278  [023]     2.328847: (+0)     sched_waking:         comm=kworker/23:1 pid=724 prio=120 target_cpu=023
          cg.C.x-2269  [024]     2.328854: (+7)     sched_wakeup:         kworker/24:1:714 [120] CPU:024
          cg.C.x-2278  [023]     2.328855: (+1)     sched_wakeup:         kworker/23:1:724 [120] CPU:023
          cg.C.x-2278  [023]     2.328861: (+6)     sched_switch:         cg.C.x:2278 [120] R ==> kworker/23:1:724 [120]
          cg.C.x-2269  [024]     2.328861: (+0)     sched_switch:         cg.C.x:2269 [120] R ==> kworker/24:1:714 [120]
    kworker/24:1-714   [024]     2.328873: (+12)    sched_switch:         kworker/24:1:714 [120] I ==> cg.C.x:2269 [120]
    kworker/23:1-724   [023]     2.328875: (+2)     sched_switch:         kworker/23:1:724 [120] I ==> cg.C.x:2278 [120]
          cg.C.x-2264  [021]     2.360846: (+31971) sched_waking:         comm=kworker/21:2 pid=1587 prio=120 target_cpu=021
          cg.C.x-2264  [021]     2.360851: (+5)     sched_wakeup:         kworker/21:2:1587 [120] CPU:021
          cg.C.x-2264  [021]     2.360857: (+6)     sched_switch:         cg.C.x:2264 [120] R ==> kworker/21:2:1587 [120]
    kworker/21:2-1587  [021]     2.360866: (+9)     sched_switch:         kworker/21:2:1587 [120] I ==> cg.C.x:2264 [120]
          cg.C.x-2277  [020]     2.364846: (+3980)  sched_waking:         comm=kworker/20:1 pid=495 prio=120 target_cpu=020
          cg.C.x-2283  [022]     2.364846: (+0)     sched_waking:         comm=kworker/22:1 pid=716 prio=120 target_cpu=022
          cg.C.x-2283  [022]     2.364854: (+8)     sched_wakeup:         kworker/22:1:716 [120] CPU:022
          cg.C.x-2277  [020]     2.364854: (+0)     sched_wakeup:         kworker/20:1:495 [120] CPU:020
          cg.C.x-2277  [020]     2.364860: (+6)     sched_switch:         cg.C.x:2277 [120] R ==> kworker/20:1:495 [120]
          cg.C.x-2283  [022]     2.364860: (+0)     sched_switch:         cg.C.x:2283 [120] R ==> kworker/22:1:716 [120]
    kworker/22:1-716   [022]     2.364873: (+13)    sched_switch:         kworker/22:1:716 [120] I ==> cg.C.x:2283 [120]
    kworker/20:1-495   [020]     2.364874: (+1)     sched_switch:         kworker/20:1:495 [120] I ==> cg.C.x:2277 [120]
          cg.C.x-2286  [019]     2.392846: (+27972) sched_waking:         comm=kworker/19:1 pid=719 prio=120 target_cpu=019
          cg.C.x-2294  [017]     2.392846: (+0)     sched_waking:         comm=kworker/17:1 pid=731 prio=120 target_cpu=017
          cg.C.x-2255  [018]     2.392846: (+0)     sched_waking:         comm=kworker/18:1 pid=713 prio=120 target_cpu=018
          cg.C.x-2294  [017]     2.392852: (+6)     sched_wakeup:         kworker/17:1:731 [120] CPU:017
          cg.C.x-2286  [019]     2.392852: (+0)     sched_wakeup:         kworker/19:1:719 [120] CPU:019
          cg.C.x-2255  [018]     2.392854: (+2)     sched_wakeup:         kworker/18:1:713 [120] CPU:018
          cg.C.x-2286  [019]     2.392857: (+3)     sched_switch:         cg.C.x:2286 [120] R ==> kworker/19:1:719 [120]
          cg.C.x-2294  [017]     2.392857: (+0)     sched_switch:         cg.C.x:2294 [120] R ==> kworker/17:1:731 [120]
          cg.C.x-2255  [018]     2.392860: (+3)     sched_switch:         cg.C.x:2255 [120] R ==> kworker/18:1:713 [120]
    kworker/19:1-719   [019]     2.392868: (+8)     sched_switch:         kworker/19:1:719 [120] I ==> cg.C.x:2286 [120]
    kworker/17:1-731   [017]     2.392869: (+1)     sched_switch:         kworker/17:1:731 [120] I ==> cg.C.x:2294 [120]
    kworker/18:1-713   [018]     2.392873: (+4)     sched_switch:         kworker/18:1:713 [120] I ==> cg.C.x:2255 [120]
          cg.C.x-2275  [016]     2.424847: (+31974) sched_waking:         comm=kworker/16:1 pid=710 prio=120 target_cpu=016
          cg.C.x-2275  [016]     2.424857: (+10)    sched_wakeup:         kworker/16:1:710 [120] CPU:016
          cg.C.x-2275  [016]     2.424864: (+7)     sched_switch:         cg.C.x:2275 [120] R ==> kworker/16:1:710 [120]
    kworker/16:1-710   [016]     2.424877: (+13)    sched_switch:         kworker/16:1:710 [120] I ==> cg.C.x:2275 [120]
          cg.C.x-2282  [015]     2.428846: (+3969)  sched_waking:         comm=kworker/15:1 pid=740 prio=120 target_cpu=015
          cg.C.x-2282  [015]     2.428852: (+6)     sched_wakeup:         kworker/15:1:740 [120] CPU:015
          cg.C.x-2282  [015]     2.428858: (+6)     sched_switch:         cg.C.x:2282 [120] R ==> kworker/15:1:740 [120]
    kworker/15:1-740   [015]     2.428870: (+12)    sched_switch:         kworker/15:1:740 [120] I ==> cg.C.x:2282 [120]
          cg.C.x-2237  [056]     2.445634: (+16764) sched_waking:         comm=kworker/u129:26 pid=435 prio=120 target_cpu=056
          cg.C.x-2237  [056]     2.445644: (+10)    sched_wakeup:         kworker/u129:26:435 [120] CPU:056
          cg.C.x-2237  [056]     2.445650: (+6)     sched_switch:         cg.C.x:2237 [120] R ==> kworker/u129:26:435 [120]
 kworker/u129:26-435   [056]     2.445658: (+8)     sched_waking:         comm=sshd pid=1978 prio=120 target_cpu=056
 kworker/u129:26-435   [056]     2.445660: (+2)     sched_wakeup:         sshd:1978 [120] CPU:056
 kworker/u129:26-435   [056]     2.445664: (+4)     sched_switch:         kworker/u129:26:435 [120] I ==> sshd:1978 [120]
            sshd-1978  [056]     2.445769: (+105)   sched_switch:         sshd:1978 [120] S ==> cg.C.x:2237 [120]
          cg.C.x-2237  [056]     2.445771: (+2)     sched_waking:         comm=kworker/u129:26 pid=435 prio=120 target_cpu=056
          cg.C.x-2237  [056]     2.445772: (+1)     sched_wakeup:         kworker/u129:26:435 [120] CPU:056
          cg.C.x-2237  [056]     2.445774: (+2)     sched_switch:         cg.C.x:2237 [120] R ==> kworker/u129:26:435 [120]
 kworker/u129:26-435   [056]     2.445775: (+1)     sched_waking:         comm=sshd pid=1978 prio=120 target_cpu=056
 kworker/u129:26-435   [056]     2.445776: (+1)     sched_wakeup:         sshd:1978 [120] CPU:056
 kworker/u129:26-435   [056]     2.445778: (+2)     sched_switch:         kworker/u129:26:435 [120] I ==> sshd:1978 [120]
            sshd-1978  [056]     2.445800: (+22)    sched_switch:         sshd:1978 [120] S ==> cg.C.x:2237 [120]
          cg.C.x-2271  [013]     2.456846: (+11046) sched_waking:         comm=kworker/13:1 pid=720 prio=120 target_cpu=013
          cg.C.x-2271  [013]     2.456854: (+8)     sched_wakeup:         kworker/13:1:720 [120] CPU:013
          cg.C.x-2271  [013]     2.456859: (+5)     sched_switch:         cg.C.x:2271 [120] R ==> kworker/13:1:720 [120]
    kworker/13:1-720   [013]     2.456871: (+12)    sched_switch:         kworker/13:1:720 [120] I ==> cg.C.x:2271 [120]
          cg.C.x-2267  [014]     2.460846: (+3975)  sched_waking:         comm=kworker/14:1 pid=711 prio=120 target_cpu=014
          cg.C.x-2272  [012]     2.460846: (+0)     sched_waking:         comm=kworker/12:1 pid=709 prio=120 target_cpu=012
          cg.C.x-2267  [014]     2.460854: (+8)     sched_wakeup:         kworker/14:1:711 [120] CPU:014
          cg.C.x-2272  [012]     2.460854: (+0)     sched_wakeup:         kworker/12:1:709 [120] CPU:012
          cg.C.x-2272  [012]     2.460860: (+6)     sched_switch:         cg.C.x:2272 [120] R ==> kworker/12:1:709 [120]
          cg.C.x-2267  [014]     2.460860: (+0)     sched_switch:         cg.C.x:2267 [120] R ==> kworker/14:1:711 [120]
    kworker/14:1-711   [014]     2.460875: (+15)    sched_switch:         kworker/14:1:711 [120] I ==> cg.C.x:2267 [120]
    kworker/12:1-709   [012]     2.460875: (+0)     sched_switch:         kworker/12:1:709 [120] I ==> cg.C.x:2272 [120]
          cg.C.x-2241  [000]     2.468844: (+7969)  sched_waking:         comm=kworker/0:0 pid=8 prio=120 target_cpu=000
          cg.C.x-2241  [000]     2.468851: (+7)     sched_wakeup:         kworker/0:0:8 [120] CPU:000
          cg.C.x-2241  [000]     2.468858: (+7)     sched_switch:         cg.C.x:2241 [120] R ==> kworker/0:0:8 [120]
     kworker/0:0-8     [000]     2.468912: (+54)    sched_switch:         kworker/0:0:8 [120] I ==> cg.C.x:2241 [120]
          cg.C.x-2292  [009]     2.492858: (+23946) sched_waking:         comm=kworker/9:1 pid=726 prio=120 target_cpu=009
          cg.C.x-2273  [011]     2.492858: (+0)     sched_waking:         comm=kworker/11:1 pid=725 prio=120 target_cpu=011
          cg.C.x-2261  [010]     2.492864: (+6)     sched_waking:         comm=kworker/10:1 pid=715 prio=120 target_cpu=010
          cg.C.x-2292  [009]     2.492867: (+3)     sched_wakeup:         kworker/9:1:726 [120] CPU:009
          cg.C.x-2273  [011]     2.492867: (+0)     sched_wakeup:         kworker/11:1:725 [120] CPU:011
          cg.C.x-2261  [010]     2.492871: (+4)     sched_wakeup:         kworker/10:1:715 [120] CPU:010
          cg.C.x-2292  [009]     2.492871: (+0)     sched_switch:         cg.C.x:2292 [120] R ==> kworker/9:1:726 [120]
          cg.C.x-2273  [011]     2.492871: (+0)     sched_switch:         cg.C.x:2273 [120] R ==> kworker/11:1:725 [120]
          cg.C.x-2261  [010]     2.492876: (+5)     sched_switch:         cg.C.x:2261 [120] R ==> kworker/10:1:715 [120]
     kworker/9:1-726   [009]     2.492882: (+6)     sched_switch:         kworker/9:1:726 [120] I ==> cg.C.x:2292 [120]
    kworker/11:1-725   [011]     2.492882: (+0)     sched_switch:         kworker/11:1:725 [120] I ==> cg.C.x:2273 [120]
    kworker/10:1-715   [010]     2.492886: (+4)     sched_switch:         kworker/10:1:715 [120] I ==> cg.C.x:2261 [120]
          cg.C.x-2280  [007]     2.520844: (+27958) sched_waking:         comm=kworker/7:1 pid=729 prio=120 target_cpu=007
          cg.C.x-2244  [003]     2.520844: (+0)     sched_waking:         comm=kcompactd1 pid=475 prio=120 target_cpu=003
          cg.C.x-2244  [003]     2.520850: (+6)     sched_wakeup:         kcompactd1:475 [120] CPU:003
          cg.C.x-2280  [007]     2.520850: (+0)     sched_wakeup:         kworker/7:1:729 [120] CPU:007
          cg.C.x-2280  [007]     2.520853: (+3)     sched_switch:         cg.C.x:2280 [120] R ==> kworker/7:1:729 [120]
          cg.C.x-2244  [003]     2.520853: (+0)     sched_switch:         cg.C.x:2244 [120] R ==> kcompactd1:475 [120]
      kcompactd1-475   [003]     2.520861: (+8)     sched_switch:         kcompactd1:475 [120] S ==> cg.C.x:2244 [120]
     kworker/7:1-729   [007]     2.520864: (+3)     sched_switch:         kworker/7:1:729 [120] I ==> cg.C.x:2280 [120]
          cg.C.x-2299  [046]     2.524844: (+3980)  sched_waking:         comm=kcompactd0 pid=474 prio=120 target_cpu=046
          cg.C.x-2291  [008]     2.524844: (+0)     sched_waking:         comm=kworker/8:0 pid=67 prio=120 target_cpu=008
          cg.C.x-2238  [044]     2.524845: (+1)     sched_waking:         comm=kworker/u129:26 pid=435 prio=120 target_cpu=056
          cg.C.x-2238  [044]     2.524848: (+3)     sched_migrate_task:   comm=kworker/u129:26 pid=435 prio=120 orig_cpu=56 dest_cpu=44
          cg.C.x-2299  [046]     2.524852: (+4)     sched_wakeup:         kcompactd0:474 [120] CPU:046
          cg.C.x-2291  [008]     2.524852: (+0)     sched_wakeup:         kworker/8:0:67 [120] CPU:008
          cg.C.x-2238  [044]     2.524853: (+1)     sched_wakeup:         kworker/u129:26:435 [120] CPU:044
          cg.C.x-2238  [044]     2.524858: (+5)     sched_switch:         cg.C.x:2238 [120] R ==> kworker/u129:26:435 [120]
          cg.C.x-2299  [046]     2.524858: (+0)     sched_switch:         cg.C.x:2299 [120] R ==> kcompactd0:474 [120]
          cg.C.x-2291  [008]     2.524858: (+0)     sched_switch:         cg.C.x:2291 [120] R ==> kworker/8:0:67 [120]
      kcompactd0-474   [046]     2.524869: (+11)    sched_switch:         kcompactd0:474 [120] S ==> cg.C.x:2299 [120]
     kworker/8:0-67    [008]     2.524871: (+2)     sched_switch:         kworker/8:0:67 [120] I ==> cg.C.x:2291 [120]
 kworker/u129:26-435   [044]     2.524895: (+24)    sched_switch:         kworker/u129:26:435 [120] I ==> cg.C.x:2238 [120]
          cg.C.x-2265  [004]     2.556844: (+31949) sched_waking:         comm=kworker/4:0 pid=43 prio=120 target_cpu=004
          cg.C.x-2263  [006]     2.556845: (+1)     sched_waking:         comm=kworker/6:1 pid=744 prio=120 target_cpu=006
          cg.C.x-2265  [004]     2.556853: (+8)     sched_wakeup:         kworker/4:0:43 [120] CPU:004
          cg.C.x-2263  [006]     2.556853: (+0)     sched_wakeup:         kworker/6:1:744 [120] CPU:006
          cg.C.x-2265  [004]     2.556858: (+5)     sched_switch:         cg.C.x:2265 [120] R ==> kworker/4:0:43 [120]
          cg.C.x-2263  [006]     2.556858: (+0)     sched_switch:         cg.C.x:2263 [120] R ==> kworker/6:1:744 [120]
     kworker/4:0-43    [004]     2.556873: (+15)    sched_switch:         kworker/4:0:43 [120] I ==> cg.C.x:2265 [120]
     kworker/6:1-744   [006]     2.556873: (+0)     sched_switch:         kworker/6:1:744 [120] I ==> cg.C.x:2263 [120]
          cg.C.x-2237  [056]     2.568012: (+11139) sched_waking:         comm=kworker/u129:26 pid=435 prio=120 target_cpu=044
          cg.C.x-2237  [056]     2.568015: (+3)     sched_migrate_task:   comm=kworker/u129:26 pid=435 prio=120 orig_cpu=44 dest_cpu=56
          cg.C.x-2237  [056]     2.568023: (+8)     sched_wakeup:         kworker/u129:26:435 [120] CPU:056
          cg.C.x-2237  [056]     2.568029: (+6)     sched_switch:         cg.C.x:2237 [120] R ==> kworker/u129:26:435 [120]
 kworker/u129:26-435   [056]     2.568036: (+7)     sched_waking:         comm=sshd pid=1978 prio=120 target_cpu=056
 kworker/u129:26-435   [056]     2.568039: (+3)     sched_wakeup:         sshd:1978 [120] CPU:056
 kworker/u129:26-435   [056]     2.568043: (+4)     sched_switch:         kworker/u129:26:435 [120] I ==> sshd:1978 [120]
            sshd-1978  [056]     2.568142: (+99)    sched_switch:         sshd:1978 [120] S ==> cg.C.x:2237 [120]
          cg.C.x-2237  [056]     2.568144: (+2)     sched_waking:         comm=kworker/u129:26 pid=435 prio=120 target_cpu=056
          cg.C.x-2237  [056]     2.568145: (+1)     sched_wakeup:         kworker/u129:26:435 [120] CPU:056
          cg.C.x-2237  [056]     2.568147: (+2)     sched_switch:         cg.C.x:2237 [120] R ==> kworker/u129:26:435 [120]
 kworker/u129:26-435   [056]     2.568148: (+1)     sched_waking:         comm=sshd pid=1978 prio=120 target_cpu=056
 kworker/u129:26-435   [056]     2.568149: (+1)     sched_wakeup:         sshd:1978 [120] CPU:056
 kworker/u129:26-435   [056]     2.568151: (+2)     sched_switch:         kworker/u129:26:435 [120] I ==> sshd:1978 [120]
            sshd-1978  [056]     2.568173: (+22)    sched_switch:         sshd:1978 [120] S ==> cg.C.x:2237 [120]
          cg.C.x-2295  [002]     2.588844: (+20671) sched_waking:         comm=kworker/2:1 pid=708 prio=120 target_cpu=002
          cg.C.x-2246  [001]     2.588844: (+0)     sched_waking:         comm=kworker/1:2 pid=470 prio=120 target_cpu=001
          cg.C.x-2244  [003]     2.588845: (+1)     sched_waking:         comm=kworker/3:1 pid=723 prio=120 target_cpu=003
          cg.C.x-2246  [001]     2.588850: (+5)     sched_wakeup:         kworker/1:2:470 [120] CPU:001
          cg.C.x-2244  [003]     2.588850: (+0)     sched_wakeup:         kworker/3:1:723 [120] CPU:003
          cg.C.x-2295  [002]     2.588852: (+2)     sched_wakeup:         kworker/2:1:708 [120] CPU:002
          cg.C.x-2244  [003]     2.588855: (+3)     sched_switch:         cg.C.x:2244 [120] R ==> kworker/3:1:723 [120]
          cg.C.x-2246  [001]     2.588856: (+1)     sched_switch:         cg.C.x:2246 [120] R ==> kworker/1:2:470 [120]
          cg.C.x-2295  [002]     2.588864: (+8)     sched_switch:         cg.C.x:2295 [120] R ==> kworker/2:1:708 [120]
     kworker/1:2-470   [001]     2.588868: (+4)     sched_switch:         kworker/1:2:470 [120] I ==> cg.C.x:2246 [120]
     kworker/3:1-723   [003]     2.588869: (+1)     sched_switch:         kworker/3:1:723 [120] I ==> cg.C.x:2244 [120]
     kworker/2:1-708   [002]     2.588876: (+7)     sched_switch:         kworker/2:1:708 [120] I ==> cg.C.x:2295 [120]
          cg.C.x-2241  [000]     2.620846: (+31970) sched_waking:         comm=kworker/0:0 pid=8 prio=120 target_cpu=000
          cg.C.x-2241  [000]     2.620853: (+7)     sched_wakeup:         kworker/0:0:8 [120] CPU:000
          cg.C.x-2241  [000]     2.620861: (+8)     sched_switch:         cg.C.x:2241 [120] R ==> kworker/0:0:8 [120]
     kworker/0:0-8     [000]     2.620889: (+28)    sched_waking:         comm=kworker/5:1 pid=741 prio=120 target_cpu=005
     kworker/0:0-8     [000]     2.620897: (+8)     sched_waking:         comm=kworker/36:1 pid=486 prio=120 target_cpu=036
          cg.C.x-2248  [005]     2.620900: (+3)     sched_wakeup:         kworker/5:1:741 [120] CPU:005
     kworker/0:0-8     [000]     2.620901: (+1)     sched_wakeup:         kworker/36:1:486 [120] CPU:036
     kworker/0:0-8     [000]     2.620903: (+2)     sched_waking:         comm=kworker/38:1 pid=529 prio=120 target_cpu=038
     kworker/0:0-8     [000]     2.620906: (+3)     sched_wakeup:         kworker/38:1:529 [120] CPU:038
          cg.C.x-2248  [005]     2.620906: (+0)     sched_switch:         cg.C.x:2248 [120] R ==> kworker/5:1:741 [120]
          cg.C.x-2297  [036]     2.620907: (+1)     sched_switch:         cg.C.x:2297 [120] R ==> kworker/36:1:486 [120]
     kworker/0:0-8     [000]     2.620908: (+1)     sched_waking:         comm=kworker/50:0 pid=319 prio=120 target_cpu=050
     kworker/0:0-8     [000]     2.620911: (+3)     sched_wakeup:         kworker/50:0:319 [120] CPU:050
          cg.C.x-2274  [038]     2.620911: (+0)     sched_switch:         cg.C.x:2274 [120] R ==> kworker/38:1:529 [120]
     kworker/0:0-8     [000]     2.620913: (+2)     sched_waking:         comm=kworker/55:1 pid=732 prio=120 target_cpu=055
     kworker/0:0-8     [000]     2.620916: (+3)     sched_waking:         comm=kworker/57:0 pid=361 prio=120 target_cpu=057
          cg.C.x-2279  [050]     2.620916: (+0)     sched_switch:         cg.C.x:2279 [120] R ==> kworker/50:0:319 [120]
    kworker/36:1-486   [036]     2.620918: (+2)     sched_switch:         kworker/36:1:486 [120] I ==> cg.C.x:2297 [120]
     kworker/5:1-741   [005]     2.620920: (+2)     sched_switch:         kworker/5:1:741 [120] I ==> cg.C.x:2248 [120]
    kworker/38:1-529   [038]     2.620921: (+1)     sched_switch:         kworker/38:1:529 [120] I ==> cg.C.x:2274 [120]
          cg.C.x-2266  [055]     2.620921: (+0)     sched_wakeup:         kworker/55:1:732 [120] CPU:055
          cg.C.x-2268  [057]     2.620922: (+1)     sched_wakeup:         kworker/57:0:361 [120] CPU:057
     kworker/0:0-8     [000]     2.620923: (+1)     sched_switch:         kworker/0:0:8 [120] I ==> cg.C.x:2241 [120]
    kworker/50:0-319   [050]     2.620925: (+2)     sched_switch:         kworker/50:0:319 [120] I ==> cg.C.x:2279 [120]
          cg.C.x-2266  [055]     2.620927: (+2)     sched_switch:         cg.C.x:2266 [120] R ==> kworker/55:1:732 [120]
          cg.C.x-2268  [057]     2.620927: (+0)     sched_switch:         cg.C.x:2268 [120] R ==> kworker/57:0:361 [120]
    kworker/57:0-361   [057]     2.620938: (+11)    sched_switch:         kworker/57:0:361 [120] I ==> cg.C.x:2268 [120]
    kworker/55:1-732   [055]     2.620939: (+1)     sched_switch:         kworker/55:1:732 [120] I ==> cg.C.x:2266 [120]
          cg.C.x-2241  [000]     2.672844: (+51905) sched_waking:         comm=kworker/0:0 pid=8 prio=120 target_cpu=000
          cg.C.x-2241  [000]     2.672850: (+6)     sched_wakeup:         kworker/0:0:8 [120] CPU:000
          cg.C.x-2241  [000]     2.672855: (+5)     sched_switch:         cg.C.x:2241 [120] R ==> kworker/0:0:8 [120]
     kworker/0:0-8     [000]     2.672903: (+48)    sched_switch:         kworker/0:0:8 [120] I ==> cg.C.x:2241 [120]
          cg.C.x-2237  [056]     2.692427: (+19524) sched_waking:         comm=kworker/u129:26 pid=435 prio=120 target_cpu=056
          cg.C.x-2237  [056]     2.692436: (+9)     sched_wakeup:         kworker/u129:26:435 [120] CPU:056
          cg.C.x-2237  [056]     2.692441: (+5)     sched_switch:         cg.C.x:2237 [120] R ==> kworker/u129:26:435 [120]
 kworker/u129:26-435   [056]     2.692448: (+7)     sched_waking:         comm=sshd pid=1978 prio=120 target_cpu=056
 kworker/u129:26-435   [056]     2.692451: (+3)     sched_wakeup:         sshd:1978 [120] CPU:056
 kworker/u129:26-435   [056]     2.692455: (+4)     sched_switch:         kworker/u129:26:435 [120] I ==> sshd:1978 [120]
            sshd-1978  [056]     2.692554: (+99)    sched_switch:         sshd:1978 [120] S ==> cg.C.x:2237 [120]
          cg.C.x-2237  [056]     2.692555: (+1)     sched_waking:         comm=kworker/u129:26 pid=435 prio=120 target_cpu=056
          cg.C.x-2237  [056]     2.692556: (+1)     sched_wakeup:         kworker/u129:26:435 [120] CPU:056
          cg.C.x-2237  [056]     2.692558: (+2)     sched_switch:         cg.C.x:2237 [120] R ==> kworker/u129:26:435 [120]
 kworker/u129:26-435   [056]     2.692559: (+1)     sched_waking:         comm=sshd pid=1978 prio=120 target_cpu=056
 kworker/u129:26-435   [056]     2.692560: (+1)     sched_wakeup:         sshd:1978 [120] CPU:056
 kworker/u129:26-435   [056]     2.692562: (+2)     sched_switch:         kworker/u129:26:435 [120] I ==> sshd:1978 [120]
            sshd-1978  [056]     2.692584: (+22)    sched_switch:         sshd:1978 [120] S ==> cg.C.x:2237 [120]
          cg.C.x-2254  [043]     2.720075: (+27491) sched_waking:         comm=ntpd pid=1774 prio=0 target_cpu=043
          cg.C.x-2254  [043]     2.720087: (+12)    sched_wakeup:         ntpd:1774 [0] CPU:043
          cg.C.x-2254  [043]     2.720095: (+8)     sched_switch:         cg.C.x:2254 [120] R ==> ntpd:1774 [0]
            ntpd-1774  [043]     2.720142: (+47)    sched_switch:         ntpd:1774 [0] S ==> cg.C.x:2254 [120]
          cg.C.x-2248  [005]     2.744846: (+24704) sched_waking:         comm=kworker/5:1 pid=741 prio=120 target_cpu=005
          cg.C.x-2248  [005]     2.744851: (+5)     sched_wakeup:         kworker/5:1:741 [120] CPU:005
          cg.C.x-2248  [005]     2.744858: (+7)     sched_switch:         cg.C.x:2248 [120] R ==> kworker/5:1:741 [120]
     kworker/5:1-741   [005]     2.744901: (+43)    sched_switch:         kworker/5:1:741 [120] I ==> cg.C.x:2248 [120]
          cg.C.x-2246  [001]     2.780845: (+35944) sched_waking:         comm=kworker/1:2 pid=470 prio=120 target_cpu=001
          cg.C.x-2241  [000]     2.780846: (+1)     sched_waking:         comm=kworker/u128:1 pid=1048 prio=120 target_cpu=038
          cg.C.x-2241  [000]     2.780851: (+5)     sched_migrate_task:   comm=kworker/u128:1 pid=1048 prio=120 orig_cpu=38 dest_cpu=0
          cg.C.x-2246  [001]     2.780851: (+0)     sched_wakeup:         kworker/1:2:470 [120] CPU:001
          cg.C.x-2246  [001]     2.780856: (+5)     sched_switch:         cg.C.x:2246 [120] R ==> kworker/1:2:470 [120]
          cg.C.x-2241  [000]     2.780858: (+2)     sched_wakeup:         kworker/u128:1:1048 [120] CPU:000
     kworker/1:2-470   [001]     2.780870: (+12)    sched_switch:         kworker/1:2:470 [120] I ==> cg.C.x:2246 [120]
          cg.C.x-2241  [000]     2.784849: (+3979)  sched_switch:         cg.C.x:2241 [120] R ==> kworker/u128:1:1048 [120]
  kworker/u128:1-1048  [000]     2.784862: (+13)    sched_switch:         kworker/u128:1:1048 [120] I ==> cg.C.x:2241 [120]
          cg.C.x-2237  [056]     2.817552: (+32690) sched_waking:         comm=kworker/u129:26 pid=435 prio=120 target_cpu=056
          cg.C.x-2237  [056]     2.817561: (+9)     sched_wakeup:         kworker/u129:26:435 [120] CPU:056
          cg.C.x-2237  [056]     2.817566: (+5)     sched_switch:         cg.C.x:2237 [120] R ==> kworker/u129:26:435 [120]
 kworker/u129:26-435   [056]     2.817573: (+7)     sched_waking:         comm=sshd pid=1978 prio=120 target_cpu=056
 kworker/u129:26-435   [056]     2.817575: (+2)     sched_wakeup:         sshd:1978 [120] CPU:056
 kworker/u129:26-435   [056]     2.817580: (+5)     sched_switch:         kworker/u129:26:435 [120] I ==> sshd:1978 [120]
            sshd-1978  [056]     2.817678: (+98)    sched_switch:         sshd:1978 [120] S ==> cg.C.x:2237 [120]
          cg.C.x-2237  [056]     2.817680: (+2)     sched_waking:         comm=kworker/u129:26 pid=435 prio=120 target_cpu=056
          cg.C.x-2237  [056]     2.817681: (+1)     sched_wakeup:         kworker/u129:26:435 [120] CPU:056
          cg.C.x-2237  [056]     2.817683: (+2)     sched_switch:         cg.C.x:2237 [120] R ==> kworker/u129:26:435 [120]
 kworker/u129:26-435   [056]     2.817684: (+1)     sched_waking:         comm=sshd pid=1978 prio=120 target_cpu=056
 kworker/u129:26-435   [056]     2.817686: (+2)     sched_wakeup:         sshd:1978 [120] CPU:056
 kworker/u129:26-435   [056]     2.817687: (+1)     sched_switch:         kworker/u129:26:435 [120] I ==> sshd:1978 [120]
            sshd-1978  [056]     2.817711: (+24)    sched_switch:         sshd:1978 [120] S ==> cg.C.x:2237 [120]
          cg.C.x-2244  [003]     2.844844: (+27133) sched_waking:         comm=kworker/3:1 pid=723 prio=120 target_cpu=003
          cg.C.x-2242  [063]     2.844845: (+1)     sched_waking:         comm=kworker/63:1 pid=743 prio=120 target_cpu=063
          cg.C.x-2242  [063]     2.844850: (+5)     sched_wakeup:         kworker/63:1:743 [120] CPU:063
          cg.C.x-2244  [003]     2.844851: (+1)     sched_wakeup:         kworker/3:1:723 [120] CPU:003
          cg.C.x-2244  [003]     2.844856: (+5)     sched_switch:         cg.C.x:2244 [120] R ==> kworker/3:1:723 [120]
          cg.C.x-2242  [063]     2.844856: (+0)     sched_switch:         cg.C.x:2242 [120] R ==> kworker/63:1:743 [120]
    kworker/63:1-743   [063]     2.844868: (+12)    sched_switch:         kworker/63:1:743 [120] I ==> cg.C.x:2242 [120]
     kworker/3:1-723   [003]     2.844880: (+12)    sched_switch:         kworker/3:1:723 [120] I ==> cg.C.x:2244 [120]
          cg.C.x-2251  [062]     2.876843: (+31963) sched_waking:         comm=kworker/62:1 pid=491 prio=120 target_cpu=062
          cg.C.x-2243  [061]     2.876843: (+0)     sched_waking:         comm=kworker/61:1 pid=739 prio=120 target_cpu=061
          cg.C.x-2243  [061]     2.876851: (+8)     sched_wakeup:         kworker/61:1:739 [120] CPU:061
          cg.C.x-2251  [062]     2.876852: (+1)     sched_wakeup:         kworker/62:1:491 [120] CPU:062
          cg.C.x-2243  [061]     2.876857: (+5)     sched_switch:         cg.C.x:2243 [120] R ==> kworker/61:1:739 [120]
          cg.C.x-2251  [062]     2.876859: (+2)     sched_switch:         cg.C.x:2251 [120] R ==> kworker/62:1:491 [120]
    kworker/62:1-491   [062]     2.876871: (+12)    sched_switch:         kworker/62:1:491 [120] I ==> cg.C.x:2251 [120]
    kworker/61:1-739   [061]     2.876872: (+1)     sched_switch:         kworker/61:1:739 [120] I ==> cg.C.x:2243 [120]
          cg.C.x-2241  [000]     2.880844: (+3972)  sched_waking:         comm=kworker/0:0 pid=8 prio=120 target_cpu=000
          cg.C.x-2241  [000]     2.880851: (+7)     sched_wakeup:         kworker/0:0:8 [120] CPU:000
          cg.C.x-2241  [000]     2.880857: (+6)     sched_switch:         cg.C.x:2241 [120] R ==> kworker/0:0:8 [120]
     kworker/0:0-8     [000]     2.880913: (+56)    sched_switch:         kworker/0:0:8 [120] I ==> cg.C.x:2241 [120]
          cg.C.x-2241  [000]     2.892096: (+11183) sched_waking:         comm=migration/0 pid=18 prio=0 target_cpu=000
          cg.C.x-2241  [000]     2.892101: (+5)     sched_wakeup:         migration/0:18 [0] CPU:000
          cg.C.x-2241  [000]     2.892110: (+9)     sched_switch:         cg.C.x:2241 [120] R ==> migration/0:18 [0]
     migration/0-18    [000]     2.892120: (+10)    sched_switch:         migration/0:18 [0] S ==> cg.C.x:2241 [120]
          cg.C.x-2270  [059]     2.904847: (+12727) sched_waking:         comm=kworker/59:1 pid=658 prio=120 target_cpu=059
          cg.C.x-2270  [059]     2.904854: (+7)     sched_wakeup:         kworker/59:1:658 [120] CPU:059
          cg.C.x-2270  [059]     2.904860: (+6)     sched_switch:         cg.C.x:2270 [120] R ==> kworker/59:1:658 [120]
    kworker/59:1-658   [059]     2.904874: (+14)    sched_switch:         kworker/59:1:658 [120] I ==> cg.C.x:2270 [120]
          cg.C.x-2247  [058]     2.908843: (+3969)  sched_waking:         comm=kworker/58:2 pid=1222 prio=120 target_cpu=058
          cg.C.x-2287  [060]     2.908843: (+0)     sched_waking:         comm=kworker/60:1 pid=489 prio=120 target_cpu=060
          cg.C.x-2247  [058]     2.908851: (+8)     sched_wakeup:         kworker/58:2:1222 [120] CPU:058
          cg.C.x-2287  [060]     2.908851: (+0)     sched_wakeup:         kworker/60:1:489 [120] CPU:060
          cg.C.x-2287  [060]     2.908856: (+5)     sched_switch:         cg.C.x:2287 [120] R ==> kworker/60:1:489 [120]
          cg.C.x-2247  [058]     2.908856: (+0)     sched_switch:         cg.C.x:2247 [120] R ==> kworker/58:2:1222 [120]
    kworker/58:2-1222  [058]     2.908868: (+12)    sched_switch:         kworker/58:2:1222 [120] I ==> cg.C.x:2247 [120]
    kworker/60:1-489   [060]     2.908868: (+0)     sched_switch:         kworker/60:1:489 [120] I ==> cg.C.x:2287 [120]
          cg.C.x-2244  [003]     2.924095: (+15227) sched_waking:         comm=migration/3 pid=35 prio=0 target_cpu=003
          cg.C.x-2295  [002]     2.924096: (+1)     sched_waking:         comm=migration/2 pid=29 prio=0 target_cpu=002
          cg.C.x-2271  [013]     2.924096: (+0)     sched_waking:         comm=migration/13 pid=95 prio=0 target_cpu=013
          cg.C.x-2280  [007]     2.924096: (+0)     sched_waking:         comm=migration/7 pid=59 prio=0 target_cpu=007
          cg.C.x-2265  [004]     2.924096: (+0)     sched_waking:         comm=migration/4 pid=41 prio=0 target_cpu=004
          cg.C.x-2248  [005]     2.924096: (+0)     sched_waking:         comm=migration/5 pid=47 prio=0 target_cpu=005
          cg.C.x-2263  [006]     2.924096: (+0)     sched_waking:         comm=migration/6 pid=53 prio=0 target_cpu=006
          cg.C.x-2275  [016]     2.924096: (+0)     sched_waking:         comm=migration/16 pid=113 prio=0 target_cpu=016
          cg.C.x-2273  [011]     2.924096: (+0)     sched_waking:         comm=migration/11 pid=83 prio=0 target_cpu=011
          cg.C.x-2246  [001]     2.924096: (+0)     sched_waking:         comm=migration/1 pid=23 prio=0 target_cpu=001
          cg.C.x-2291  [008]     2.924096: (+0)     sched_waking:         comm=migration/8 pid=65 prio=0 target_cpu=008
          cg.C.x-2292  [009]     2.924096: (+0)     sched_waking:         comm=migration/9 pid=71 prio=0 target_cpu=009
          cg.C.x-2261  [010]     2.924096: (+0)     sched_waking:         comm=migration/10 pid=77 prio=0 target_cpu=010
          cg.C.x-2272  [012]     2.924096: (+0)     sched_waking:         comm=migration/12 pid=89 prio=0 target_cpu=012
          cg.C.x-2255  [018]     2.924096: (+0)     sched_waking:         comm=migration/18 pid=125 prio=0 target_cpu=018
          cg.C.x-2267  [014]     2.924096: (+0)     sched_waking:         comm=migration/14 pid=101 prio=0 target_cpu=014
          cg.C.x-2282  [015]     2.924096: (+0)     sched_waking:         comm=migration/15 pid=107 prio=0 target_cpu=015
          cg.C.x-2286  [019]     2.924096: (+0)     sched_waking:         comm=migration/19 pid=131 prio=0 target_cpu=019
          cg.C.x-2294  [017]     2.924096: (+0)     sched_waking:         comm=migration/17 pid=119 prio=0 target_cpu=017
          cg.C.x-2267  [014]     2.924100: (+4)     sched_wakeup:         migration/14:101 [0] CPU:014
