          cg.C.x-2246  [001]     2.021756: (+1)     bprint:               __handle_mm_fault: NUMAB MEM ACCESS process[nid:1, cpu:1, pid:2246], folio[virt:0x7f6afa2bb000, phys:0x185c4b3000, pfn:0x185c4b3, nid:1, npages:1]
          cg.C.x-2290  [053]     2.021758: (+2)     bprint:               __handle_mm_fault: NUMAB MEM ACCESS process[nid:1, cpu:53, pid:2290], folio[virt:0x7f6afa384000, phys:0x185b506000, pfn:0x185b506, nid:1, npages:1]
          cg.C.x-2264  [021]     2.021759: (+1)     bprint:               __handle_mm_fault: NUMAB MEM ACCESS process[nid:1, cpu:21, pid:2264], folio[virt:0x7f6afa30d000, phys:0x185b253000, pfn:0x185b253, nid:1, npages:1]
          cg.C.x-2271  [013]     2.021761: (+2)     bprint:               __handle_mm_fault: NUMAB MEM ACCESS process[nid:1, cpu:13, pid:2271], folio[virt:0x7f6afa32d000, phys:0x185ba80000, pfn:0x185ba80, nid:1, npages:1]
          cg.C.x-2268  [057]     2.021763: (+2)     bprint:               __handle_mm_fault: NUMAB MEM ACCESS process[nid:1, cpu:57, pid:2268], folio[virt:0x7f6afa31f000, phys:0x185bc92000, pfn:0x185bc92, nid:1, npages:1]
          cg.C.x-2266  [055]     2.021764: (+1)     bprint:               __handle_mm_fault: NUMAB MEM ACCESS process[nid:1, cpu:55, pid:2266], folio[virt:0x7f6afa316000, phys:0x185bcbc000, pfn:0x185bcbc, nid:1, npages:1]
          cg.C.x-2278  [023]     2.021765: (+1)     bprint:               __handle_mm_fault: NUMAB MEM ACCESS process[nid:1, cpu:23, pid:2278], folio[virt:0x7f6afa34d000, phys:0x185b544000, pfn:0x185b544, nid:1, npages:1]
          cg.C.x-2256  [045]     2.021768: (+3)     bprint:               __handle_mm_fault: NUMAB MEM ACCESS process[nid:1, cpu:45, pid:2256], folio[virt:0x7f6afa2e9000, phys:0x1855b11000, pfn:0x1855b11, nid:1, npages:1]
          cg.C.x-2284  [029]     2.021769: (+1)     bprint:               __handle_mm_fault: NUMAB MEM ACCESS process[nid:1, cpu:29, pid:2284], folio[virt:0x7f6afa369000, phys:0x186a067000, pfn:0x186a067, nid:1, npages:1]
          cg.C.x-2244  [003]     2.021770: (+1)     bprint:               __handle_mm_fault: NUMAB MEM ACCESS process[nid:1, cpu:3, pid:2244], folio[virt:0x7f6afa2b2000, phys:0x186a056000, pfn:0x186a056, nid:1, npages:1]
          cg.C.x-2257  [052]     2.021771: (+1)     bprint:               __handle_mm_fault: NUMAB MEM ACCESS process[nid:0, cpu:52, pid:2257], folio[virt:0x7f6afa2ed000, phys:0x1203f1000, pfn:0x1203f1, nid:0, npages:1]
          cg.C.x-2249  [028]     2.021774: (+3)     bprint:               __handle_mm_fault: NUMAB MEM ACCESS process[nid:0, cpu:28, pid:2249], folio[virt:0x7f6afa2c8000, phys:0x1510c5000, pfn:0x1510c5, nid:0, npages:1]
          cg.C.x-2286  [019]     2.021775: (+1)     bprint:               __handle_mm_fault: NUMAB MEM ACCESS process[nid:1, cpu:19, pid:2286], folio[virt:0x7f6afa372000, phys:0x185bb73000, pfn:0x185bb73, nid:1, npages:1]
          cg.C.x-2248  [005]     2.021776: (+1)     bprint:               __handle_mm_fault: NUMAB MEM ACCESS process[nid:1, cpu:5, pid:2248], folio[virt:0x7f6afa2c4000, phys:0x185be80000, pfn:0x185be80, nid:1, npages:1]
          cg.C.x-2239  [040]     2.021778: (+2)     bprint:               __handle_mm_fault: NUMAB MEM ACCESS process[nid:0, cpu:40, pid:2239], folio[virt:0x7f6afa29c000, phys:0x151cd4000, pfn:0x151cd4, nid:0, npages:1]
          cg.C.x-2242  [063]     2.021780: (+2)     bprint:               __handle_mm_fault: NUMAB MEM ACCESS process[nid:1, cpu:63, pid:2242], folio[virt:0x7f6afa2a9000, phys:0x186aae3000, pfn:0x186aae3, nid:1, npages:1]
          cg.C.x-2240  [027]     2.021782: (+2)     bprint:               __handle_mm_fault: NUMAB MEM ACCESS process[nid:1, cpu:27, pid:2240], folio[virt:0x7f6afa2a0000, phys:0x18675cb000, pfn:0x18675cb, nid:1, npages:1]
          cg.C.x-2281  [042]     2.021783: (+1)     bprint:               __handle_mm_fault: NUMAB MEM ACCESS process[nid:0, cpu:42, pid:2281], folio[virt:0x7f6afa35b000, phys:0x1511c3000, pfn:0x1511c3, nid:0, npages:1]
          cg.C.x-2237  [056]     2.021784: (+1)     bprint:               __handle_mm_fault: NUMAB MEM ACCESS process[nid:0, cpu:56, pid:2237], folio[virt:0x7f6afa292000, phys:0x110c92000, pfn:0x110c92, nid:0, npages:1]
          cg.C.x-2294  [017]     2.021785: (+1)     bprint:               __handle_mm_fault: NUMAB MEM ACCESS process[nid:1, cpu:17, pid:2294], folio[virt:0x7f6afa397000, phys:0x186b928000, pfn:0x186b928, nid:1, npages:1]
          cg.C.x-2269  [024]     2.021786: (+1)     bprint:               __handle_mm_fault: NUMAB MEM ACCESS process[nid:0, cpu:24, pid:2269], folio[virt:0x7f6afa324000, phys:0x112f0d000, pfn:0x112f0d, nid:0, npages:1]
          cg.C.x-2272  [012]     2.021788: (+2)     bprint:               __handle_mm_fault: NUMAB MEM ACCESS process[nid:0, cpu:12, pid:2272], folio[virt:0x7f6afa332000, phys:0x17e09c6000, pfn:0x17e09c6, nid:0, npages:1]
          cg.C.x-2260  [049]     2.021789: (+1)     bprint:               __handle_mm_fault: NUMAB MEM ACCESS process[nid:1, cpu:49, pid:2260], folio[virt:0x7f6afa2fb000, phys:0x303f33b000, pfn:0x303f33b, nid:1, npages:1]
          cg.C.x-2280  [007]     2.021790: (+1)     bprint:               __handle_mm_fault: NUMAB MEM ACCESS process[nid:1, cpu:7, pid:2280], folio[virt:0x7f6afa357000, phys:0x185b37e000, pfn:0x185b37e, nid:1, npages:1]
          cg.C.x-2288  [031]     2.021791: (+1)     bprint:               __handle_mm_fault: NUMAB MEM ACCESS process[nid:1, cpu:31, pid:2288], folio[virt:0x7f6afa37c000, phys:0x1863dc5000, pfn:0x1863dc5, nid:1, npages:1]
          cg.C.x-2296  [025]     2.021792: (+1)     bprint:               __handle_mm_fault: NUMAB MEM ACCESS process[nid:1, cpu:25, pid:2296], folio[virt:0x7f6afa3a1000, phys:0x1867720000, pfn:0x1867720, nid:1, npages:1]
          cg.C.x-2292  [009]     2.021793: (+1)     bprint:               __handle_mm_fault: NUMAB MEM ACCESS process[nid:1, cpu:9, pid:2292], folio[virt:0x7f6afa38e000, phys:0x186a77f000, pfn:0x186a77f, nid:1, npages:1]
          cg.C.x-2276  [035]     2.021794: (+1)     bprint:               __handle_mm_fault: NUMAB MEM ACCESS process[nid:1, cpu:35, pid:2276], folio[virt:0x7f6afa345000, phys:0x1864ae8000, pfn:0x1864ae8, nid:1, npages:1]
          cg.C.x-2254  [043]     2.021795: (+1)     bprint:               __handle_mm_fault: NUMAB MEM ACCESS process[nid:1, cpu:43, pid:2254], folio[virt:0x7f6afa2e0000, phys:0x186bb33000, pfn:0x186bb33, nid:1, npages:1]
          cg.C.x-2298  [033]     2.021797: (+2)     bprint:               __handle_mm_fault: NUMAB MEM ACCESS process[nid:1, cpu:33, pid:2298], folio[virt:0x7f6afa3aa000, phys:0x186a2f8000, pfn:0x186a2f8, nid:1, npages:1]
          cg.C.x-2252  [041]     2.021798: (+1)     bprint:               __handle_mm_fault: NUMAB MEM ACCESS process[nid:1, cpu:41, pid:2252], folio[virt:0x7f6afa2d7000, phys:0x18674e9000, pfn:0x18674e9, nid:1, npages:1]
          cg.C.x-2246  [001]     2.021799: (+1)     bprint:               __handle_mm_fault: NUMAB MEM ACCESS process[nid:1, cpu:1, pid:2246], folio[virt:0x7f6afa2bc000, phys:0x185c4b5000, pfn:0x185c4b5, nid:1, npages:1]
          cg.C.x-2290  [053]     2.021800: (+1)     bprint:               __handle_mm_fault: NUMAB MEM ACCESS process[nid:1, cpu:53, pid:2290], folio[virt:0x7f6afa385000, phys:0x185b507000, pfn:0x185b507, nid:1, npages:1]
          cg.C.x-2264  [021]     2.021801: (+1)     bprint:               __handle_mm_fault: NUMAB MEM ACCESS process[nid:1, cpu:21, pid:2264], folio[virt:0x7f6afa30e000, phys:0x185b254000, pfn:0x185b254, nid:1, npages:1]
          cg.C.x-2271  [013]     2.021802: (+1)     bprint:               __handle_mm_fault: NUMAB MEM ACCESS process[nid:1, cpu:13, pid:2271], folio[virt:0x7f6afa32e000, phys:0x185ba85000, pfn:0x185ba85, nid:1, npages:1]
          cg.C.x-2268  [057]     2.021803: (+1)     bprint:               __handle_mm_fault: NUMAB MEM ACCESS process[nid:1, cpu:57, pid:2268], folio[virt:0x7f6afa320000, phys:0x185bc54000, pfn:0x185bc54, nid:1, npages:1]
          cg.C.x-2266  [055]     2.021804: (+1)     bprint:               __handle_mm_fault: NUMAB MEM ACCESS process[nid:1, cpu:55, pid:2266], folio[virt:0x7f6afa317000, phys:0x185bcc7000, pfn:0x185bcc7, nid:1, npages:1]
          cg.C.x-2278  [023]     2.021806: (+2)     bprint:               __handle_mm_fault: NUMAB MEM ACCESS process[nid:1, cpu:23, pid:2278], folio[virt:0x7f6afa34e000, phys:0x185b545000, pfn:0x185b545, nid:1, npages:1]
          cg.C.x-2256  [045]     2.021807: (+1)     bprint:               __handle_mm_fault: NUMAB MEM ACCESS process[nid:1, cpu:45, pid:2256], folio[virt:0x7f6afa2ea000, phys:0x1863ef6000, pfn:0x1863ef6, nid:1, npages:1]
          cg.C.x-2284  [029]     2.021808: (+1)     bprint:               __handle_mm_fault: NUMAB MEM ACCESS process[nid:1, cpu:29, pid:2284], folio[virt:0x7f6afa36a000, phys:0x186a0c7000, pfn:0x186a0c7, nid:1, npages:1]
          cg.C.x-2244  [003]     2.021809: (+1)     bprint:               __handle_mm_fault: NUMAB MEM ACCESS process[nid:1, cpu:3, pid:2244], folio[virt:0x7f6afa2b3000, phys:0x18669d3000, pfn:0x18669d3, nid:1, npages:1]
          cg.C.x-2257  [052]     2.021811: (+2)     bprint:               __handle_mm_fault: NUMAB MEM ACCESS process[nid:0, cpu:52, pid:2257], folio[virt:0x7f6afa2ee000, phys:0x1112b3000, pfn:0x1112b3, nid:0, npages:1]
          cg.C.x-2249  [028]     2.021812: (+1)     bprint:               __handle_mm_fault: NUMAB MEM ACCESS process[nid:0, cpu:28, pid:2249], folio[virt:0x7f6afa2c9000, phys:0x1510c6000, pfn:0x1510c6, nid:0, npages:1]
          cg.C.x-2286  [019]     2.021813: (+1)     bprint:               __handle_mm_fault: NUMAB MEM ACCESS process[nid:1, cpu:19, pid:2286], folio[virt:0x7f6afa373000, phys:0x185bba6000, pfn:0x185bba6, nid:1, npages:1]
          cg.C.x-2258  [047]     2.021815: (+2)     bprint:               __handle_mm_fault: NUMAB COMPLETED MEM MIGR process[nid:1, cpu:47, pid:2258], old[phys:0x1202b0000, nid:0, npages:1], new[phys:0x1866b1f000, nid:1, npages:1]
          cg.C.x-2248  [005]     2.021815: (+0)     bprint:               __handle_mm_fault: NUMAB MEM ACCESS process[nid:1, cpu:5, pid:2248], folio[virt:0x7f6afa2c5000, phys:0x185be81000, pfn:0x185be81, nid:1, npages:1]
          cg.C.x-2239  [040]     2.021816: (+1)     bprint:               __handle_mm_fault: NUMAB MEM ACCESS process[nid:0, cpu:40, pid:2239], folio[virt:0x7f6afa29d000, phys:0x151cd5000, pfn:0x151cd5, nid:0, npages:1]
          cg.C.x-2242  [063]     2.021818: (+2)     bprint:               __handle_mm_fault: NUMAB MEM ACCESS process[nid:1, cpu:63, pid:2242], folio[virt:0x7f6afa2aa000, phys:0x186aab7000, pfn:0x186aab7, nid:1, npages:1]
          cg.C.x-2240  [027]     2.021819: (+1)     bprint:               __handle_mm_fault: NUMAB MEM ACCESS process[nid:1, cpu:27, pid:2240], folio[virt:0x7f6afa2a1000, phys:0x1865d1e000, pfn:0x1865d1e, nid:1, npages:1]
          cg.C.x-2281  [042]     2.021820: (+1)     bprint:               __handle_mm_fault: NUMAB MEM ACCESS process[nid:0, cpu:42, pid:2281], folio[virt:0x7f6afa35c000, phys:0x1511cc000, pfn:0x1511cc, nid:0, npages:1]
          cg.C.x-2237  [056]     2.021821: (+1)     bprint:               __handle_mm_fault: NUMAB MEM ACCESS process[nid:0, cpu:56, pid:2237], folio[virt:0x7f6afa293000, phys:0x110c93000, pfn:0x110c93, nid:0, npages:1]
          cg.C.x-2294  [017]     2.021822: (+1)     bprint:               __handle_mm_fault: NUMAB MEM ACCESS process[nid:1, cpu:17, pid:2294], folio[virt:0x7f6afa398000, phys:0x186b92d000, pfn:0x186b92d, nid:1, npages:1]
          cg.C.x-2269  [024]     2.021824: (+2)     bprint:               __handle_mm_fault: NUMAB MEM ACCESS process[nid:0, cpu:24, pid:2269], folio[virt:0x7f6afa325000, phys:0x110e7d000, pfn:0x110e7d, nid:0, npages:1]
          cg.C.x-2260  [049]     2.021825: (+1)     bprint:               __handle_mm_fault: NUMAB MEM ACCESS process[nid:1, cpu:49, pid:2260], folio[virt:0x7f6afa2fc000, phys:0x1855a20000, pfn:0x1855a20, nid:1, npages:1]
          cg.C.x-2280  [007]     2.021826: (+1)     bprint:               __handle_mm_fault: NUMAB MEM ACCESS process[nid:1, cpu:7, pid:2280], folio[virt:0x7f6afa358000, phys:0x185b286000, pfn:0x185b286, nid:1, npages:1]
          cg.C.x-2296  [025]     2.021827: (+1)     bprint:               __handle_mm_fault: NUMAB MEM ACCESS process[nid:1, cpu:25, pid:2296], folio[virt:0x7f6afa3a2000, phys:0x1864f35000, pfn:0x1864f35, nid:1, npages:1]
          cg.C.x-2292  [009]     2.021828: (+1)     bprint:               __handle_mm_fault: NUMAB MEM ACCESS process[nid:1, cpu:9, pid:2292], folio[virt:0x7f6afa38f000, phys:0x186a774000, pfn:0x186a774, nid:1, npages:1]
          cg.C.x-2276  [035]     2.021829: (+1)     bprint:               __handle_mm_fault: NUMAB MEM ACCESS process[nid:1, cpu:35, pid:2276], folio[virt:0x7f6afa346000, phys:0x1864aea000, pfn:0x1864aea, nid:1, npages:1]
          cg.C.x-2254  [043]     2.021831: (+2)     bprint:               __handle_mm_fault: NUMAB MEM ACCESS process[nid:1, cpu:43, pid:2254], folio[virt:0x7f6afa2e1000, phys:0x186bb34000, pfn:0x186bb34, nid:1, npages:1]
          cg.C.x-2298  [033]     2.021832: (+1)     bprint:               __handle_mm_fault: NUMAB MEM ACCESS process[nid:1, cpu:33, pid:2298], folio[virt:0x7f6afa3ab000, phys:0x186a324000, pfn:0x186a324, nid:1, npages:1]
          cg.C.x-2252  [041]     2.021833: (+1)     bprint:               __handle_mm_fault: NUMAB MEM ACCESS process[nid:1, cpu:41, pid:2252], folio[virt:0x7f6afa2d8000, phys:0x18674e7000, pfn:0x18674e7, nid:1, npages:1]
          cg.C.x-2246  [001]     2.021834: (+1)     bprint:               __handle_mm_fault: NUMAB MEM ACCESS process[nid:1, cpu:1, pid:2246], folio[virt:0x7f6afa2bd000, phys:0x185c4b4000, pfn:0x185c4b4, nid:1, npages:1]
          cg.C.x-2290  [053]     2.021835: (+1)     bprint:               __handle_mm_fault: NUMAB MEM ACCESS process[nid:1, cpu:53, pid:2290], folio[virt:0x7f6afa386000, phys:0x1855ad1000, pfn:0x1855ad1, nid:1, npages:1]
          cg.C.x-2264  [021]     2.021836: (+1)     bprint:               __handle_mm_fault: NUMAB MEM ACCESS process[nid:1, cpu:21, pid:2264], folio[virt:0x7f6afa30f000, phys:0x303a007000, pfn:0x303a007, nid:1, npages:1]
          cg.C.x-2271  [013]     2.021837: (+1)     bprint:               __handle_mm_fault: NUMAB MEM ACCESS process[nid:1, cpu:13, pid:2271], folio[virt:0x7f6afa32f000, phys:0x185ba81000, pfn:0x185ba81, nid:1, npages:1]
          cg.C.x-2268  [057]     2.021839: (+2)     bprint:               __handle_mm_fault: NUMAB MEM ACCESS process[nid:1, cpu:57, pid:2268], folio[virt:0x7f6afa321000, phys:0x185bc91000, pfn:0x185bc91, nid:1, npages:1]
          cg.C.x-2266  [055]     2.021840: (+1)     bprint:               __handle_mm_fault: NUMAB MEM ACCESS process[nid:1, cpu:55, pid:2266], folio[virt:0x7f6afa318000, phys:0x185bd1d000, pfn:0x185bd1d, nid:1, npages:1]
          cg.C.x-2278  [023]     2.021841: (+1)     bprint:               __handle_mm_fault: NUMAB MEM ACCESS process[nid:1, cpu:23, pid:2278], folio[virt:0x7f6afa34f000, phys:0x185b546000, pfn:0x185b546, nid:1, npages:1]
          cg.C.x-2282  [015]     2.021842: (+1)     bprint:               __handle_mm_fault: NUMAB COMPLETED MEM MIGR process[nid:1, cpu:15, pid:2282], old[phys:0x1511cb000, nid:0, npages:1], new[phys:0x185b62b000, nid:1, npages:1]
          cg.C.x-2284  [029]     2.021842: (+0)     bprint:               __handle_mm_fault: NUMAB MEM ACCESS process[nid:1, cpu:29, pid:2284], folio[virt:0x7f6afa36b000, phys:0x186a069000, pfn:0x186a069, nid:1, npages:1]
          cg.C.x-2270  [059]     2.021843: (+1)     bprint:               __handle_mm_fault: NUMAB COMPLETED MEM MIGR process[nid:1, cpu:59, pid:2270], old[phys:0x150099000, nid:0, npages:1], new[phys:0x18587fb000, nid:1, npages:1]
          cg.C.x-2257  [052]     2.021843: (+0)     bprint:               __handle_mm_fault: NUMAB MEM ACCESS process[nid:0, cpu:52, pid:2257], folio[virt:0x7f6afa2ef000, phys:0x17e08b8000, pfn:0x17e08b8, nid:0, npages:1]
          cg.C.x-2249  [028]     2.021844: (+1)     bprint:               __handle_mm_fault: NUMAB MEM ACCESS process[nid:0, cpu:28, pid:2249], folio[virt:0x7f6afa2ca000, phys:0x1510c7000, pfn:0x1510c7, nid:0, npages:1]
          cg.C.x-2286  [019]     2.021846: (+2)     bprint:               __handle_mm_fault: NUMAB MEM ACCESS process[nid:1, cpu:19, pid:2286], folio[virt:0x7f6afa374000, phys:0x185bb98000, pfn:0x185bb98, nid:1, npages:1]
          cg.C.x-2248  [005]     2.021847: (+1)     bprint:               __handle_mm_fault: NUMAB MEM ACCESS process[nid:1, cpu:5, pid:2248], folio[virt:0x7f6afa2c6000, phys:0x185be82000, pfn:0x185be82, nid:1, npages:1]
          cg.C.x-2283  [022]     2.021848: (+1)     bprint:               __handle_mm_fault: NUMAB COMPLETED MEM MIGR process[nid:0, cpu:22, pid:2283], old[phys:0x18581bd000, nid:1, npages:1], new[phys:0x1117ba000, nid:0, npages:1]
          cg.C.x-2281  [042]     2.021849: (+1)     bprint:               __handle_mm_fault: NUMAB MEM ACCESS process[nid:0, cpu:42, pid:2281], folio[virt:0x7f6afa35d000, phys:0x1511c5000, pfn:0x1511c5, nid:0, npages:1]
          cg.C.x-2237  [056]     2.021849: (+0)     bprint:               __handle_mm_fault: NUMAB MEM ACCESS process[nid:0, cpu:56, pid:2237], folio[virt:0x7f6afa294000, phys:0x1512e6000, pfn:0x1512e6, nid:0, npages:1]
          cg.C.x-2269  [024]     2.021851: (+2)     bprint:               __handle_mm_fault: NUMAB MEM ACCESS process[nid:0, cpu:24, pid:2269], folio[virt:0x7f6afa326000, phys:0x120004000, pfn:0x120004, nid:0, npages:1]
          cg.C.x-2260  [049]     2.021852: (+1)     bprint:               __handle_mm_fault: NUMAB MEM ACCESS process[nid:1, cpu:49, pid:2260], folio[virt:0x7f6afa2fd000, phys:0x303f33a000, pfn:0x303f33a, nid:1, npages:1]
          cg.C.x-2250  [039]     2.021853: (+1)     bprint:               __handle_mm_fault: NUMAB COMPLETED MEM MIGR process[nid:1, cpu:39, pid:2250], old[phys:0x150201000, nid:0, npages:1], new[phys:0x1858819000, nid:1, npages:1]
          cg.C.x-2257  [052]     2.021854: (+1)     bprint:               __handle_mm_fault: NUMAB MEM ACCESS process[nid:0, cpu:52, pid:2257], folio[virt:0x7f6afa2f0000, phys:0x112884000, pfn:0x112884, nid:0, npages:1]
          cg.C.x-2249  [028]     2.021856: (+2)     bprint:               __handle_mm_fault: NUMAB MEM ACCESS process[nid:0, cpu:28, pid:2249], folio[virt:0x7f6afa2cb000, phys:0x150200000, pfn:0x150200, nid:0, npages:1]
          cg.C.x-2258  [047]     2.021857: (+1)     bprint:               __handle_mm_fault: NUMAB MEM ACCESS process[nid:1, cpu:47, pid:2258], folio[virt:0x7f6afa2f2000, phys:0x1866f57000, pfn:0x1866f57, nid:1, npages:1]
          cg.C.x-2281  [042]     2.021858: (+1)     bprint:               __handle_mm_fault: NUMAB MEM ACCESS process[nid:0, cpu:42, pid:2281], folio[virt:0x7f6afa35e000, phys:0x1114d1000, pfn:0x1114d1, nid:0, npages:1]
          cg.C.x-2269  [024]     2.021859: (+1)     bprint:               __handle_mm_fault: NUMAB MEM ACCESS process[nid:0, cpu:24, pid:2269], folio[virt:0x7f6afa327000, phys:0x110dbe000, pfn:0x110dbe, nid:0, npages:1]
          cg.C.x-2282  [015]     2.021861: (+2)     bprint:               __handle_mm_fault: NUMAB MEM ACCESS process[nid:1, cpu:15, pid:2282], folio[virt:0x7f6afa360000, phys:0x18678a9000, pfn:0x18678a9, nid:1, npages:1]
          cg.C.x-2270  [059]     2.021862: (+1)     bprint:               __handle_mm_fault: NUMAB MEM ACCESS process[nid:1, cpu:59, pid:2270], folio[virt:0x7f6afa329000, phys:0x1858871000, pfn:0x1858871, nid:1, npages:1]
          cg.C.x-2258  [047]     2.021864: (+2)     bprint:               __handle_mm_fault: NUMAB MEM ACCESS process[nid:1, cpu:47, pid:2258], folio[virt:0x7f6afa2f3000, phys:0x1865b87000, pfn:0x1865b87, nid:1, npages:1]
          cg.C.x-2250  [039]     2.021866: (+2)     bprint:               __handle_mm_fault: NUMAB MEM ACCESS process[nid:1, cpu:39, pid:2250], folio[virt:0x7f6afa2cd000, phys:0x1858866000, pfn:0x1858866, nid:1, npages:1]
          cg.C.x-2282  [015]     2.021867: (+1)     bprint:               __handle_mm_fault: NUMAB MEM ACCESS process[nid:1, cpu:15, pid:2282], folio[virt:0x7f6afa361000, phys:0x1867509000, pfn:0x1867509, nid:1, npages:1]
          cg.C.x-2270  [059]     2.021868: (+1)     bprint:               __handle_mm_fault: NUMAB MEM ACCESS process[nid:1, cpu:59, pid:2270], folio[virt:0x7f6afa32a000, phys:0x18588b2000, pfn:0x18588b2, nid:1, npages:1]
          cg.C.x-2258  [047]     2.021869: (+1)     bprint:               __handle_mm_fault: NUMAB MEM ACCESS process[nid:1, cpu:47, pid:2258], folio[virt:0x7f6afa2f4000, phys:0x18669f5000, pfn:0x18669f5, nid:1, npages:1]
          cg.C.x-2250  [039]     2.021870: (+1)     bprint:               __handle_mm_fault: NUMAB MEM ACCESS process[nid:1, cpu:39, pid:2250], folio[virt:0x7f6afa2ce000, phys:0x185880d000, pfn:0x185880d, nid:1, npages:1]
          cg.C.x-2282  [015]     2.021872: (+2)     bprint:               __handle_mm_fault: NUMAB MEM ACCESS process[nid:1, cpu:15, pid:2282], folio[virt:0x7f6afa362000, phys:0x18674d3000, pfn:0x18674d3, nid:1, npages:1]
          cg.C.x-2270  [059]     2.021873: (+1)     bprint:               __handle_mm_fault: NUMAB MEM ACCESS process[nid:1, cpu:59, pid:2270], folio[virt:0x7f6afa32b000, phys:0x185886c000, pfn:0x185886c, nid:1, npages:1]
          cg.C.x-2250  [039]     2.021874: (+1)     bprint:               __handle_mm_fault: NUMAB MEM ACCESS process[nid:1, cpu:39, pid:2250], folio[virt:0x7f6afa2cf000, phys:0x185880e000, pfn:0x185880e, nid:1, npages:1]
          cg.C.x-2258  [047]     2.044845: (+22971) sched_waking:         comm=kworker/47:1 pid=575 prio=120 target_cpu=047
          cg.C.x-2259  [048]     2.044847: (+2)     sched_waking:         comm=kworker/48:1 pid=551 prio=120 target_cpu=048
          cg.C.x-2258  [047]     2.044852: (+5)     sched_wakeup:         kworker/47:1:575 [120] CPU:047
          cg.C.x-2259  [048]     2.044855: (+3)     sched_wakeup:         kworker/48:1:551 [120] CPU:048
          cg.C.x-2258  [047]     2.044858: (+3)     sched_switch:         cg.C.x:2258 [120] R ==> kworker/47:1:575 [120]
    kworker/47:1-575   [047]     2.044870: (+12)    sched_switch:         kworker/47:1:575 [120] I ==> cg.C.x:2258 [120]
          cg.C.x-2259  [048]     2.048854: (+3984)  sched_switch:         cg.C.x:2259 [120] R ==> kworker/48:1:551 [120]
    kworker/48:1-551   [048]     2.048871: (+17)    sched_switch:         kworker/48:1:551 [120] I ==> cg.C.x:2259 [120]
          cg.C.x-2241  [000]     2.052845: (+3974)  sched_waking:         comm=kworker/0:0 pid=8 prio=120 target_cpu=000
          cg.C.x-2241  [000]     2.052853: (+8)     sched_wakeup:         kworker/0:0:8 [120] CPU:000
          cg.C.x-2241  [000]     2.052859: (+6)     sched_switch:         cg.C.x:2241 [120] R ==> kworker/0:0:8 [120]
     kworker/0:0-8     [000]     2.052927: (+68)    sched_switch:         kworker/0:0:8 [120] I ==> cg.C.x:2241 [120]
          cg.C.x-2299  [046]     2.072846: (+19919) sched_waking:         comm=kworker/46:1 pid=728 prio=120 target_cpu=046
          cg.C.x-2238  [044]     2.072846: (+0)     sched_waking:         comm=kworker/44:1 pid=490 prio=120 target_cpu=044
          cg.C.x-2256  [045]     2.072847: (+1)     sched_waking:         comm=kworker/45:1 pid=576 prio=120 target_cpu=045
          cg.C.x-2299  [046]     2.072853: (+6)     sched_wakeup:         kworker/46:1:728 [120] CPU:046
          cg.C.x-2238  [044]     2.072853: (+0)     sched_wakeup:         kworker/44:1:490 [120] CPU:044
          cg.C.x-2256  [045]     2.072855: (+2)     sched_wakeup:         kworker/45:1:576 [120] CPU:045
          cg.C.x-2238  [044]     2.072860: (+5)     sched_switch:         cg.C.x:2238 [120] R ==> kworker/44:1:490 [120]
          cg.C.x-2299  [046]     2.072860: (+0)     sched_switch:         cg.C.x:2299 [120] R ==> kworker/46:1:728 [120]
          cg.C.x-2256  [045]     2.072861: (+1)     sched_switch:         cg.C.x:2256 [120] R ==> kworker/45:1:576 [120]
    kworker/46:1-728   [046]     2.072873: (+12)    sched_switch:         kworker/46:1:728 [120] I ==> cg.C.x:2299 [120]
    kworker/44:1-490   [044]     2.072874: (+1)     sched_switch:         kworker/44:1:490 [120] I ==> cg.C.x:2238 [120]
    kworker/45:1-576   [045]     2.072876: (+2)     sched_switch:         kworker/45:1:576 [120] I ==> cg.C.x:2256 [120]
          cg.C.x-2237  [056]     2.078358: (+5482)  sched_waking:         comm=kworker/u129:26 pid=435 prio=120 target_cpu=046
          cg.C.x-2237  [056]     2.078362: (+4)     sched_migrate_task:   comm=kworker/u129:26 pid=435 prio=120 orig_cpu=46 dest_cpu=56
          cg.C.x-2237  [056]     2.078370: (+8)     sched_wakeup:         kworker/u129:26:435 [120] CPU:056
          cg.C.x-2237  [056]     2.078376: (+6)     sched_switch:         cg.C.x:2237 [120] R ==> kworker/u129:26:435 [120]
 kworker/u129:26-435   [056]     2.078383: (+7)     sched_waking:         comm=sshd pid=1978 prio=120 target_cpu=056
 kworker/u129:26-435   [056]     2.078386: (+3)     sched_wakeup:         sshd:1978 [120] CPU:056
 kworker/u129:26-435   [056]     2.078390: (+4)     sched_switch:         kworker/u129:26:435 [120] I ==> sshd:1978 [120]
            sshd-1978  [056]     2.078494: (+104)   sched_switch:         sshd:1978 [120] S ==> cg.C.x:2237 [120]
          cg.C.x-2237  [056]     2.078495: (+1)     sched_waking:         comm=kworker/u129:26 pid=435 prio=120 target_cpu=056
          cg.C.x-2237  [056]     2.078497: (+2)     sched_wakeup:         kworker/u129:26:435 [120] CPU:056
          cg.C.x-2237  [056]     2.078499: (+2)     sched_switch:         cg.C.x:2237 [120] R ==> kworker/u129:26:435 [120]
 kworker/u129:26-435   [056]     2.078500: (+1)     sched_waking:         comm=sshd pid=1978 prio=120 target_cpu=056
 kworker/u129:26-435   [056]     2.078502: (+2)     sched_wakeup:         sshd:1978 [120] CPU:056
 kworker/u129:26-435   [056]     2.078503: (+1)     sched_switch:         kworker/u129:26:435 [120] I ==> sshd:1978 [120]
            sshd-1978  [056]     2.078525: (+22)    sched_switch:         sshd:1978 [120] S ==> cg.C.x:2237 [120]
          cg.C.x-2254  [043]     2.108846: (+30321) sched_waking:         comm=kworker/43:0 pid=277 prio=120 target_cpu=043
          cg.C.x-2281  [042]     2.108846: (+0)     sched_waking:         comm=kworker/42:1 pid=722 prio=120 target_cpu=042
          cg.C.x-2252  [041]     2.108847: (+1)     sched_waking:         comm=kworker/41:1 pid=727 prio=120 target_cpu=041
          cg.C.x-2252  [041]     2.108853: (+6)     sched_wakeup:         kworker/41:1:727 [120] CPU:041
          cg.C.x-2254  [043]     2.108853: (+0)     sched_wakeup:         kworker/43:0:277 [120] CPU:043
          cg.C.x-2281  [042]     2.108854: (+1)     sched_wakeup:         kworker/42:1:722 [120] CPU:042
          cg.C.x-2281  [042]     2.108861: (+7)     sched_switch:         cg.C.x:2281 [120] R ==> kworker/42:1:722 [120]
    kworker/42:1-722   [042]     2.108935: (+74)    sched_switch:         kworker/42:1:722 [120] I ==> cg.C.x:2281 [120]
          cg.C.x-2252  [041]     2.112849: (+3914)  sched_switch:         cg.C.x:2252 [120] R ==> kworker/41:1:727 [120]
          cg.C.x-2254  [043]     2.112849: (+0)     sched_switch:         cg.C.x:2254 [120] R ==> kworker/43:0:277 [120]
    kworker/43:0-277   [043]     2.112863: (+14)    sched_switch:         kworker/43:0:277 [120] I ==> cg.C.x:2254 [120]
    kworker/41:1-727   [041]     2.112864: (+1)     sched_switch:         kworker/41:1:727 [120] I ==> cg.C.x:2252 [120]
          cg.C.x-2239  [040]     2.136846: (+23982) sched_waking:         comm=kworker/40:1 pid=638 prio=120 target_cpu=040
          cg.C.x-2250  [039]     2.136846: (+0)     sched_waking:         comm=kworker/39:1 pid=730 prio=120 target_cpu=039
          cg.C.x-2239  [040]     2.136855: (+9)     sched_wakeup:         kworker/40:1:638 [120] CPU:040
          cg.C.x-2250  [039]     2.136856: (+1)     sched_wakeup:         kworker/39:1:730 [120] CPU:039
          cg.C.x-2250  [039]     2.136862: (+6)     sched_switch:         cg.C.x:2250 [120] R ==> kworker/39:1:730 [120]
    kworker/39:1-730   [039]     2.136875: (+13)    sched_switch:         kworker/39:1:730 [120] I ==> cg.C.x:2250 [120]
          cg.C.x-2239  [040]     2.140850: (+3975)  sched_switch:         cg.C.x:2239 [120] R ==> kworker/40:1:638 [120]
    kworker/40:1-638   [040]     2.140883: (+33)    sched_switch:         kworker/40:1:638 [120] I ==> cg.C.x:2239 [120]
          cg.C.x-2297  [036]     2.168846: (+27963) sched_waking:         comm=kworker/36:1 pid=486 prio=120 target_cpu=036
          cg.C.x-2300  [037]     2.168846: (+0)     sched_waking:         comm=kworker/37:1 pid=742 prio=120 target_cpu=037
          cg.C.x-2274  [038]     2.168846: (+0)     sched_waking:         comm=kworker/u128:1 pid=1048 prio=120 target_cpu=038
          cg.C.x-2300  [037]     2.168854: (+8)     sched_wakeup:         kworker/37:1:742 [120] CPU:037
          cg.C.x-2274  [038]     2.168854: (+0)     sched_wakeup:         kworker/u128:1:1048 [120] CPU:038
          cg.C.x-2297  [036]     2.168854: (+0)     sched_wakeup:         kworker/36:1:486 [120] CPU:036
          cg.C.x-2274  [038]     2.168856: (+2)     sched_waking:         comm=kworker/38:1 pid=529 prio=120 target_cpu=038
          cg.C.x-2274  [038]     2.168859: (+3)     sched_wakeup:         kworker/38:1:529 [120] CPU:038
          cg.C.x-2300  [037]     2.168865: (+6)     sched_switch:         cg.C.x:2300 [120] R ==> kworker/37:1:742 [120]
          cg.C.x-2274  [038]     2.168868: (+3)     sched_switch:         cg.C.x:2274 [120] R ==> kworker/u128:1:1048 [120]
    kworker/37:1-742   [037]     2.168879: (+11)    sched_switch:         kworker/37:1:742 [120] I ==> cg.C.x:2300 [120]
  kworker/u128:1-1048  [038]     2.168890: (+11)    sched_switch:         kworker/u128:1:1048 [120] I ==> kworker/38:1:529 [120]
    kworker/38:1-529   [038]     2.168897: (+7)     sched_switch:         kworker/38:1:529 [120] I ==> cg.C.x:2274 [120]
          cg.C.x-2297  [036]     2.172851: (+3954)  sched_switch:         cg.C.x:2297 [120] R ==> kworker/36:1:486 [120]
    kworker/36:1-486   [036]     2.172864: (+13)    sched_switch:         kworker/36:1:486 [120] I ==> cg.C.x:2297 [120]
          cg.C.x-2237  [056]     2.200788: (+27924) sched_waking:         comm=kworker/u129:26 pid=435 prio=120 target_cpu=056
          cg.C.x-2237  [056]     2.200798: (+10)    sched_wakeup:         kworker/u129:26:435 [120] CPU:056
          cg.C.x-2237  [056]     2.200803: (+5)     sched_switch:         cg.C.x:2237 [120] R ==> kworker/u129:26:435 [120]
 kworker/u129:26-435   [056]     2.200810: (+7)     sched_waking:         comm=sshd pid=1978 prio=120 target_cpu=056
 kworker/u129:26-435   [056]     2.200813: (+3)     sched_wakeup:         sshd:1978 [120] CPU:056
 kworker/u129:26-435   [056]     2.200817: (+4)     sched_switch:         kworker/u129:26:435 [120] I ==> sshd:1978 [120]
          cg.C.x-2245  [034]     2.200846: (+29)    sched_waking:         comm=kworker/34:0 pid=223 prio=120 target_cpu=034
          cg.C.x-2276  [035]     2.200846: (+0)     sched_waking:         comm=kworker/35:1 pid=485 prio=120 target_cpu=035
          cg.C.x-2298  [033]     2.200847: (+1)     sched_waking:         comm=kworker/33:1 pid=482 prio=120 target_cpu=033
          cg.C.x-2245  [034]     2.200849: (+2)     sched_wakeup:         kworker/34:0:223 [120] CPU:034
          cg.C.x-2276  [035]     2.200852: (+3)     sched_wakeup:         kworker/35:1:485 [120] CPU:035
          cg.C.x-2298  [033]     2.200853: (+1)     sched_wakeup:         kworker/33:1:482 [120] CPU:033
          cg.C.x-2276  [035]     2.200857: (+4)     sched_switch:         cg.C.x:2276 [120] R ==> kworker/35:1:485 [120]
          cg.C.x-2298  [033]     2.200857: (+0)     sched_switch:         cg.C.x:2298 [120] R ==> kworker/33:1:482 [120]
    kworker/35:1-485   [035]     2.200869: (+12)    sched_switch:         kworker/35:1:485 [120] I ==> cg.C.x:2276 [120]
    kworker/33:1-482   [033]     2.200869: (+0)     sched_switch:         kworker/33:1:482 [120] I ==> cg.C.x:2298 [120]
            sshd-1978  [056]     2.200935: (+66)    sched_switch:         sshd:1978 [120] S ==> cg.C.x:2237 [120]
          cg.C.x-2237  [056]     2.200937: (+2)     sched_waking:         comm=kworker/u129:26 pid=435 prio=120 target_cpu=056
          cg.C.x-2237  [056]     2.200938: (+1)     sched_wakeup:         kworker/u129:26:435 [120] CPU:056
          cg.C.x-2237  [056]     2.200941: (+3)     sched_switch:         cg.C.x:2237 [120] R ==> kworker/u129:26:435 [120]
 kworker/u129:26-435   [056]     2.200942: (+1)     sched_waking:         comm=sshd pid=1978 prio=120 target_cpu=056
 kworker/u129:26-435   [056]     2.200943: (+1)     sched_wakeup:         sshd:1978 [120] CPU:056
 kworker/u129:26-435   [056]     2.200945: (+2)     sched_switch:         kworker/u129:26:435 [120] I ==> sshd:1978 [120]
            sshd-1978  [056]     2.200967: (+22)    sched_switch:         sshd:1978 [120] S ==> cg.C.x:2237 [120]
          cg.C.x-2245  [034]     2.204853: (+3886)  sched_switch:         cg.C.x:2245 [120] R ==> kworker/34:0:223 [120]
    kworker/34:0-223   [034]     2.204883: (+30)    sched_switch:         kworker/34:0:223 [120] I ==> cg.C.x:2245 [120]
          cg.C.x-2293  [032]     2.232848: (+27965) sched_waking:         comm=kworker/32:1 pid=484 prio=120 target_cpu=032
          cg.C.x-2293  [032]     2.232860: (+12)    sched_wakeup:         kworker/32:1:484 [120] CPU:032
          cg.C.x-2293  [032]     2.232867: (+7)     sched_switch:         cg.C.x:2293 [120] R ==> kworker/32:1:484 [120]
    kworker/32:1-484   [032]     2.232882: (+15)    sched_switch:         kworker/32:1:484 [120] I ==> cg.C.x:2293 [120]
          cg.C.x-2288  [031]     2.236847: (+3965)  sched_waking:         comm=kworker/31:1 pid=734 prio=120 target_cpu=031
          cg.C.x-2288  [031]     2.236855: (+8)     sched_wakeup:         kworker/31:1:734 [120] CPU:031
          cg.C.x-2288  [031]     2.240851: (+3996)  sched_switch:         cg.C.x:2288 [120] R ==> kworker/31:1:734 [120]
    kworker/31:1-734   [031]     2.240866: (+15)    sched_switch:         kworker/31:1:734 [120] I ==> cg.C.x:2288 [120]
          cg.C.x-2241  [000]     2.260846: (+19980) sched_waking:         comm=kworker/0:0 pid=8 prio=120 target_cpu=000
          cg.C.x-2241  [000]     2.260856: (+10)    sched_wakeup:         kworker/0:0:8 [120] CPU:000
          cg.C.x-2241  [000]     2.260863: (+7)     sched_switch:         cg.C.x:2241 [120] R ==> kworker/0:0:8 [120]
     kworker/0:0-8     [000]     2.260923: (+60)    sched_switch:         kworker/0:0:8 [120] I ==> cg.C.x:2241 [120]
          cg.C.x-2283  [022]     2.264844: (+3921)  sched_waking:         comm=khugepaged pid=477 prio=139 target_cpu=022
          cg.C.x-2283  [022]     2.264854: (+10)    sched_wakeup:         khugepaged:477 [139] CPU:022
          cg.C.x-2283  [022]     2.264862: (+8)     sched_switch:         cg.C.x:2283 [120] R ==> khugepaged:477 [139]
      khugepaged-477   [022]     2.264869: (+7)     sched_waking:         comm=kworker/0:0 pid=8 prio=120 target_cpu=000
      khugepaged-477   [022]     2.264872: (+3)     sched_wakeup:         kworker/0:0:8 [120] CPU:000
      khugepaged-477   [022]     2.264874: (+2)     sched_waking:         comm=kworker/1:2 pid=470 prio=120 target_cpu=001
          cg.C.x-2241  [000]     2.264876: (+2)     sched_switch:         cg.C.x:2241 [120] R ==> kworker/0:0:8 [120]
      khugepaged-477   [022]     2.264877: (+1)     sched_waking:         comm=kworker/2:1 pid=708 prio=120 target_cpu=002
      khugepaged-477   [022]     2.264879: (+2)     sched_wakeup:         kworker/2:1:708 [120] CPU:002
      khugepaged-477   [022]     2.264881: (+2)     sched_waking:         comm=kworker/3:1 pid=723 prio=120 target_cpu=003
      khugepaged-477   [022]     2.264882: (+1)     sched_waking:         comm=kworker/4:0 pid=43 prio=120 target_cpu=004
      khugepaged-477   [022]     2.264885: (+3)     sched_wakeup:         kworker/4:0:43 [120] CPU:004
          cg.C.x-2295  [002]     2.264885: (+0)     sched_switch:         cg.C.x:2295 [120] R ==> kworker/2:1:708 [120]
          cg.C.x-2246  [001]     2.264886: (+1)     sched_wakeup:         kworker/1:2:470 [120] CPU:001
      khugepaged-477   [022]     2.264887: (+1)     sched_waking:         comm=kworker/5:1 pid=741 prio=120 target_cpu=005
          cg.C.x-2244  [003]     2.264889: (+2)     sched_wakeup:         kworker/3:1:723 [120] CPU:003
      khugepaged-477   [022]     2.264889: (+0)     sched_waking:         comm=kworker/6:1 pid=744 prio=120 target_cpu=006
          cg.C.x-2265  [004]     2.264890: (+1)     sched_switch:         cg.C.x:2265 [120] R ==> kworker/4:0:43 [120]
     kworker/0:0-8     [000]     2.264891: (+1)     sched_switch:         kworker/0:0:8 [120] I ==> cg.C.x:2241 [120]
      khugepaged-477   [022]     2.264892: (+1)     sched_wakeup:         kworker/6:1:744 [120] CPU:006
          cg.C.x-2246  [001]     2.264893: (+1)     sched_switch:         cg.C.x:2246 [120] R ==> kworker/1:2:470 [120]
          cg.C.x-2248  [005]     2.264894: (+1)     sched_wakeup:         kworker/5:1:741 [120] CPU:005
      khugepaged-477   [022]     2.264894: (+0)     sched_waking:         comm=kworker/7:1 pid=729 prio=120 target_cpu=007
          cg.C.x-2244  [003]     2.264895: (+1)     sched_switch:         cg.C.x:2244 [120] R ==> kworker/3:1:723 [120]
      khugepaged-477   [022]     2.264895: (+0)     sched_waking:         comm=kworker/8:0 pid=67 prio=120 target_cpu=008
     kworker/2:1-708   [002]     2.264896: (+1)     sched_switch:         kworker/2:1:708 [120] I ==> cg.C.x:2295 [120]
          cg.C.x-2263  [006]     2.264896: (+0)     sched_switch:         cg.C.x:2263 [120] R ==> kworker/6:1:744 [120]
      khugepaged-477   [022]     2.264898: (+2)     sched_wakeup:         kworker/8:0:67 [120] CPU:008
          cg.C.x-2248  [005]     2.264898: (+0)     sched_switch:         cg.C.x:2248 [120] R ==> kworker/5:1:741 [120]
     kworker/4:0-43    [004]     2.264899: (+1)     sched_switch:         kworker/4:0:43 [120] I ==> cg.C.x:2265 [120]
      khugepaged-477   [022]     2.264899: (+0)     sched_waking:         comm=kworker/9:1 pid=726 prio=120 target_cpu=009
          cg.C.x-2280  [007]     2.264900: (+1)     sched_wakeup:         kworker/7:1:729 [120] CPU:007
      khugepaged-477   [022]     2.264902: (+2)     sched_waking:         comm=kworker/10:1 pid=715 prio=120 target_cpu=010
          cg.C.x-2280  [007]     2.264904: (+2)     sched_switch:         cg.C.x:2280 [120] R ==> kworker/7:1:729 [120]
          cg.C.x-2291  [008]     2.264904: (+0)     sched_switch:         cg.C.x:2291 [120] R ==> kworker/8:0:67 [120]
      khugepaged-477   [022]     2.264904: (+0)     sched_wakeup:         kworker/10:1:715 [120] CPU:010
     kworker/6:1-744   [006]     2.264905: (+1)     sched_switch:         kworker/6:1:744 [120] I ==> cg.C.x:2263 [120]
      khugepaged-477   [022]     2.264906: (+1)     sched_waking:         comm=kworker/11:1 pid=725 prio=120 target_cpu=011
          cg.C.x-2292  [009]     2.264906: (+0)     sched_wakeup:         kworker/9:1:726 [120] CPU:009
      khugepaged-477   [022]     2.264908: (+2)     sched_waking:         comm=kworker/12:1 pid=709 prio=120 target_cpu=012
     kworker/3:1-723   [003]     2.264908: (+0)     sched_switch:         kworker/3:1:723 [120] I ==> cg.C.x:2244 [120]
     kworker/1:2-470   [001]     2.264908: (+0)     sched_switch:         kworker/1:2:470 [120] I ==> cg.C.x:2246 [120]
     kworker/5:1-741   [005]     2.264909: (+1)     sched_switch:         kworker/5:1:741 [120] I ==> cg.C.x:2248 [120]
          cg.C.x-2292  [009]     2.264910: (+1)     sched_switch:         cg.C.x:2292 [120] R ==> kworker/9:1:726 [120]
      khugepaged-477   [022]     2.264911: (+1)     sched_wakeup:         kworker/12:1:709 [120] CPU:012
          cg.C.x-2273  [011]     2.264912: (+1)     sched_wakeup:         kworker/11:1:725 [120] CPU:011
      khugepaged-477   [022]     2.264912: (+0)     sched_waking:         comm=kworker/13:1 pid=720 prio=120 target_cpu=013
     kworker/8:0-67    [008]     2.264914: (+2)     sched_switch:         kworker/8:0:67 [120] I ==> cg.C.x:2291 [120]
     kworker/7:1-729   [007]     2.264914: (+0)     sched_switch:         kworker/7:1:729 [120] I ==> cg.C.x:2280 [120]
      khugepaged-477   [022]     2.264914: (+0)     sched_waking:         comm=kworker/14:1 pid=711 prio=120 target_cpu=014
          cg.C.x-2272  [012]     2.264916: (+2)     sched_switch:         cg.C.x:2272 [120] R ==> kworker/12:1:709 [120]
          cg.C.x-2273  [011]     2.264917: (+1)     sched_switch:         cg.C.x:2273 [120] R ==> kworker/11:1:725 [120]
      khugepaged-477   [022]     2.264918: (+1)     sched_wakeup:         kworker/14:1:711 [120] CPU:014
      khugepaged-477   [022]     2.264919: (+1)     sched_waking:         comm=kworker/15:1 pid=740 prio=120 target_cpu=015
          cg.C.x-2271  [013]     2.264919: (+0)     sched_wakeup:         kworker/13:1:720 [120] CPU:013
     kworker/9:1-726   [009]     2.264920: (+1)     sched_switch:         kworker/9:1:726 [120] I ==> cg.C.x:2292 [120]
      khugepaged-477   [022]     2.264921: (+1)     sched_waking:         comm=kworker/16:1 pid=710 prio=120 target_cpu=016
          cg.C.x-2267  [014]     2.264922: (+1)     sched_switch:         cg.C.x:2267 [120] R ==> kworker/14:1:711 [120]
          cg.C.x-2271  [013]     2.264924: (+2)     sched_switch:         cg.C.x:2271 [120] R ==> kworker/13:1:720 [120]
      khugepaged-477   [022]     2.264924: (+0)     sched_wakeup:         kworker/16:1:710 [120] CPU:016
    kworker/12:1-709   [012]     2.264925: (+1)     sched_switch:         kworker/12:1:709 [120] I ==> cg.C.x:2272 [120]
      khugepaged-477   [022]     2.264926: (+1)     sched_waking:         comm=kworker/17:1 pid=731 prio=120 target_cpu=017
    kworker/11:1-725   [011]     2.264926: (+0)     sched_switch:         kworker/11:1:725 [120] I ==> cg.C.x:2273 [120]
          cg.C.x-2282  [015]     2.264926: (+0)     sched_wakeup:         kworker/15:1:740 [120] CPU:015
      khugepaged-477   [022]     2.264927: (+1)     sched_waking:         comm=kworker/18:1 pid=713 prio=120 target_cpu=018
          cg.C.x-2275  [016]     2.264929: (+2)     sched_switch:         cg.C.x:2275 [120] R ==> kworker/16:1:710 [120]
      khugepaged-477   [022]     2.264930: (+1)     sched_wakeup:         kworker/18:1:713 [120] CPU:018
          cg.C.x-2282  [015]     2.264931: (+1)     sched_switch:         cg.C.x:2282 [120] R ==> kworker/15:1:740 [120]
      khugepaged-477   [022]     2.264931: (+0)     sched_waking:         comm=kworker/19:1 pid=719 prio=120 target_cpu=019
    kworker/14:1-711   [014]     2.264932: (+1)     sched_switch:         kworker/14:1:711 [120] I ==> cg.C.x:2267 [120]
          cg.C.x-2294  [017]     2.264932: (+0)     sched_wakeup:         kworker/17:1:731 [120] CPU:017
      khugepaged-477   [022]     2.264934: (+2)     sched_waking:         comm=kworker/20:1 pid=495 prio=120 target_cpu=020
    kworker/13:1-720   [013]     2.264934: (+0)     sched_switch:         kworker/13:1:720 [120] I ==> cg.C.x:2271 [120]
          cg.C.x-2255  [018]     2.264936: (+2)     sched_switch:         cg.C.x:2255 [120] R ==> kworker/18:1:713 [120]
          cg.C.x-2294  [017]     2.264936: (+0)     sched_switch:         cg.C.x:2294 [120] R ==> kworker/17:1:731 [120]
          cg.C.x-2286  [019]     2.264937: (+1)     sched_wakeup:         kworker/19:1:719 [120] CPU:019
      khugepaged-477   [022]     2.264937: (+0)     sched_wakeup:         kworker/20:1:495 [120] CPU:020
    kworker/16:1-710   [016]     2.264939: (+2)     sched_switch:         kworker/16:1:710 [120] I ==> cg.C.x:2275 [120]
      khugepaged-477   [022]     2.264939: (+0)     sched_waking:         comm=kworker/21:2 pid=1587 prio=120 target_cpu=021
    kworker/15:1-740   [015]     2.264941: (+2)     sched_switch:         kworker/15:1:740 [120] I ==> cg.C.x:2282 [120]
      khugepaged-477   [022]     2.264942: (+1)     sched_waking:         comm=kworker/22:1 pid=716 prio=120 target_cpu=022
          cg.C.x-2286  [019]     2.264942: (+0)     sched_switch:         cg.C.x:2286 [120] R ==> kworker/19:1:719 [120]
    kworker/17:1-731   [017]     2.264945: (+3)     sched_switch:         kworker/17:1:731 [120] I ==> cg.C.x:2294 [120]
      khugepaged-477   [022]     2.264945: (+0)     sched_wakeup:         kworker/22:1:716 [120] CPU:022
    kworker/18:1-713   [018]     2.264946: (+1)     sched_switch:         kworker/18:1:713 [120] I ==> cg.C.x:2255 [120]
      khugepaged-477   [022]     2.264946: (+0)     sched_waking:         comm=kworker/23:1 pid=724 prio=120 target_cpu=023
          cg.C.x-2264  [021]     2.264947: (+1)     sched_wakeup:         kworker/21:2:1587 [120] CPU:021
      khugepaged-477   [022]     2.264949: (+2)     sched_waking:         comm=kworker/25:1 pid=721 prio=120 target_cpu=025
    kworker/19:1-719   [019]     2.264951: (+2)     sched_switch:         kworker/19:1:719 [120] I ==> cg.C.x:2286 [120]
          cg.C.x-2264  [021]     2.264951: (+0)     sched_switch:         cg.C.x:2264 [120] R ==> kworker/21:2:1587 [120]
      khugepaged-477   [022]     2.264952: (+1)     sched_waking:         comm=kworker/26:1 pid=550 prio=120 target_cpu=026
          cg.C.x-2278  [023]     2.264953: (+1)     sched_wakeup:         kworker/23:1:724 [120] CPU:023
      khugepaged-477   [022]     2.264955: (+2)     sched_wakeup:         kworker/26:1:550 [120] CPU:026
      khugepaged-477   [022]     2.264956: (+1)     sched_waking:         comm=kworker/27:1 pid=738 prio=120 target_cpu=027
          cg.C.x-2296  [025]     2.264956: (+0)     sched_wakeup:         kworker/25:1:721 [120] CPU:025
      khugepaged-477   [022]     2.264958: (+2)     sched_waking:         comm=kworker/28:1 pid=717 prio=120 target_cpu=028
      khugepaged-477   [022]     2.264961: (+3)     sched_wakeup:         kworker/28:1:717 [120] CPU:028
    kworker/21:2-1587  [021]     2.264961: (+0)     sched_switch:         kworker/21:2:1587 [120] I ==> cg.C.x:2264 [120]
          cg.C.x-2285  [026]     2.264962: (+1)     sched_switch:         cg.C.x:2285 [120] R ==> kworker/26:1:550 [120]
      khugepaged-477   [022]     2.264962: (+0)     sched_waking:         comm=kworker/29:0 pid=193 prio=120 target_cpu=029
          cg.C.x-2240  [027]     2.264963: (+1)     sched_wakeup:         kworker/27:1:738 [120] CPU:027
      khugepaged-477   [022]     2.264964: (+1)     sched_waking:         comm=kworker/30:1 pid=718 prio=120 target_cpu=030
      khugepaged-477   [022]     2.264967: (+3)     sched_wakeup:         kworker/30:1:718 [120] CPU:030
      khugepaged-477   [022]     2.264968: (+1)     sched_waking:         comm=kworker/31:1 pid=734 prio=120 target_cpu=031
          cg.C.x-2284  [029]     2.264968: (+0)     sched_wakeup:         kworker/29:0:193 [120] CPU:029
      khugepaged-477   [022]     2.264971: (+3)     sched_waking:         comm=kworker/32:1 pid=484 prio=120 target_cpu=032
    kworker/26:1-550   [026]     2.264972: (+1)     sched_switch:         kworker/26:1:550 [120] I ==> cg.C.x:2285 [120]
      khugepaged-477   [022]     2.264973: (+1)     sched_wakeup:         kworker/32:1:484 [120] CPU:032
          cg.C.x-2288  [031]     2.264973: (+0)     sched_wakeup:         kworker/31:1:734 [120] CPU:031
          cg.C.x-2284  [029]     2.264974: (+1)     sched_switch:         cg.C.x:2284 [120] R ==> kworker/29:0:193 [120]
      khugepaged-477   [022]     2.264975: (+1)     sched_waking:         comm=kworker/33:1 pid=482 prio=120 target_cpu=033
      khugepaged-477   [022]     2.264976: (+1)     sched_waking:         comm=kworker/34:0 pid=223 prio=120 target_cpu=034
          cg.C.x-2293  [032]     2.264978: (+2)     sched_switch:         cg.C.x:2293 [120] R ==> kworker/32:1:484 [120]
          cg.C.x-2288  [031]     2.264978: (+0)     sched_switch:         cg.C.x:2288 [120] R ==> kworker/31:1:734 [120]
      khugepaged-477   [022]     2.264980: (+2)     sched_wakeup:         kworker/34:0:223 [120] CPU:034
      khugepaged-477   [022]     2.264981: (+1)     sched_waking:         comm=kworker/35:1 pid=485 prio=120 target_cpu=035
          cg.C.x-2298  [033]     2.264981: (+0)     sched_wakeup:         kworker/33:1:482 [120] CPU:033
    kworker/29:0-193   [029]     2.264982: (+1)     sched_switch:         kworker/29:0:193 [120] I ==> cg.C.x:2284 [120]
      khugepaged-477   [022]     2.264983: (+1)     sched_waking:         comm=kworker/36:1 pid=486 prio=120 target_cpu=036
          cg.C.x-2245  [034]     2.264984: (+1)     sched_switch:         cg.C.x:2245 [120] R ==> kworker/34:0:223 [120]
      khugepaged-477   [022]     2.264985: (+1)     sched_wakeup:         kworker/36:1:486 [120] CPU:036
          cg.C.x-2298  [033]     2.264986: (+1)     sched_switch:         cg.C.x:2298 [120] R ==> kworker/33:1:482 [120]
      khugepaged-477   [022]     2.264986: (+0)     sched_waking:         comm=kworker/37:1 pid=742 prio=120 target_cpu=037
    kworker/32:1-484   [032]     2.264987: (+1)     sched_switch:         kworker/32:1:484 [120] I ==> cg.C.x:2293 [120]
          cg.C.x-2276  [035]     2.264987: (+0)     sched_wakeup:         kworker/35:1:485 [120] CPU:035
    kworker/31:1-734   [031]     2.264987: (+0)     sched_switch:         kworker/31:1:734 [120] I ==> cg.C.x:2288 [120]
      khugepaged-477   [022]     2.264988: (+1)     sched_waking:         comm=kworker/38:1 pid=529 prio=120 target_cpu=038
          cg.C.x-2297  [036]     2.264991: (+3)     sched_switch:         cg.C.x:2297 [120] R ==> kworker/36:1:486 [120]
      khugepaged-477   [022]     2.264991: (+0)     sched_wakeup:         kworker/38:1:529 [120] CPU:038
          cg.C.x-2276  [035]     2.264992: (+1)     sched_switch:         cg.C.x:2276 [120] R ==> kworker/35:1:485 [120]
          cg.C.x-2300  [037]     2.264992: (+0)     sched_wakeup:         kworker/37:1:742 [120] CPU:037
