          cg.C.x-3433  [063]     2.841481: (+1)     sched_switch:         cg.C.x:3433 [120] R ==> migration/63:395 [0]
          cg.C.x-3435  [061]     2.841481: (+0)     sched_switch:         cg.C.x:3435 [120] R ==> migration/61:383 [0]
    migration/62-389   [062]     2.841485: (+4)     sched_switch:         migration/62:389 [0] S ==> cg.C.x:3448 [120]
    migration/60-377   [060]     2.841485: (+0)     sched_switch:         migration/60:377 [0] S ==> cg.C.x:3424 [120]
    migration/61-383   [061]     2.841486: (+1)     sched_switch:         migration/61:383 [0] S ==> cg.C.x:3435 [120]
    migration/63-395   [063]     2.841486: (+0)     sched_switch:         migration/63:395 [0] S ==> cg.C.x:3433 [120]
          cg.C.x-3442  [050]     2.874222: (+32736) sched_waking:         comm=kworker/50:0 pid=319 prio=120 target_cpu=050
          cg.C.x-3442  [050]     2.874232: (+10)    sched_wakeup:         kworker/50:0:319 [120] CPU:050
          cg.C.x-3442  [050]     2.874241: (+9)     sched_switch:         cg.C.x:3442 [120] R ==> kworker/50:0:319 [120]
    kworker/50:0-319   [050]     2.874257: (+16)    sched_switch:         kworker/50:0:319 [120] I ==> cg.C.x:3442 [120]
          cg.C.x-3423  [000]     2.886222: (+11965) sched_waking:         comm=kworker/0:3 pid=746 prio=120 target_cpu=000
          cg.C.x-3423  [000]     2.886230: (+8)     sched_wakeup:         kworker/0:3:746 [120] CPU:000
          cg.C.x-3423  [000]     2.886237: (+7)     sched_switch:         cg.C.x:3423 [120] R ==> kworker/0:3:746 [120]
     kworker/0:3-746   [000]     2.886294: (+57)    sched_switch:         kworker/0:3:746 [120] I ==> cg.C.x:3423 [120]
          cg.C.x-3422  [004]     2.897252: (+10958) sched_waking:         comm=kworker/u129:1 pid=2612 prio=120 target_cpu=004
          cg.C.x-3422  [004]     2.897261: (+9)     sched_wakeup:         kworker/u129:1:2612 [120] CPU:004
          cg.C.x-3422  [004]     2.897268: (+7)     sched_switch:         cg.C.x:3422 [120] R ==> kworker/u129:1:2612 [120]
  kworker/u129:1-2612  [004]     2.897275: (+7)     sched_waking:         comm=sshd pid=1978 prio=120 target_cpu=004
  kworker/u129:1-2612  [004]     2.897278: (+3)     sched_wakeup:         sshd:1978 [120] CPU:004
  kworker/u129:1-2612  [004]     2.897282: (+4)     sched_switch:         kworker/u129:1:2612 [120] I ==> sshd:1978 [120]
            sshd-1978  [004]     2.897379: (+97)    sched_switch:         sshd:1978 [120] S ==> cg.C.x:3422 [120]
          cg.C.x-3422  [004]     2.897381: (+2)     sched_waking:         comm=kworker/u129:1 pid=2612 prio=120 target_cpu=004
          cg.C.x-3422  [004]     2.897382: (+1)     sched_wakeup:         kworker/u129:1:2612 [120] CPU:004
          cg.C.x-3422  [004]     2.897384: (+2)     sched_switch:         cg.C.x:3422 [120] R ==> kworker/u129:1:2612 [120]
  kworker/u129:1-2612  [004]     2.897385: (+1)     sched_waking:         comm=sshd pid=1978 prio=120 target_cpu=004
  kworker/u129:1-2612  [004]     2.897387: (+2)     sched_wakeup:         sshd:1978 [120] CPU:004
  kworker/u129:1-2612  [004]     2.897388: (+1)     sched_switch:         kworker/u129:1:2612 [120] I ==> sshd:1978 [120]
            sshd-1978  [004]     2.897410: (+22)    sched_switch:         sshd:1978 [120] S ==> cg.C.x:3422 [120]
          cg.C.x-3429  [043]     2.970221: (+72811) sched_waking:         comm=kworker/43:0 pid=277 prio=120 target_cpu=043
          cg.C.x-3432  [042]     2.970222: (+1)     sched_waking:         comm=kworker/42:1 pid=722 prio=120 target_cpu=042
          cg.C.x-3429  [043]     2.970227: (+5)     sched_wakeup:         kworker/43:0:277 [120] CPU:043
          cg.C.x-3432  [042]     2.970229: (+2)     sched_wakeup:         kworker/42:1:722 [120] CPU:042
          cg.C.x-3429  [043]     2.970233: (+4)     sched_switch:         cg.C.x:3429 [120] R ==> kworker/43:0:277 [120]
          cg.C.x-3432  [042]     2.970236: (+3)     sched_switch:         cg.C.x:3432 [120] R ==> kworker/42:1:722 [120]
    kworker/43:0-277   [043]     2.970244: (+8)     sched_switch:         kworker/43:0:277 [120] I ==> cg.C.x:3429 [120]
    kworker/42:1-722   [042]     2.970250: (+6)     sched_switch:         kworker/42:1:722 [120] I ==> cg.C.x:3432 [120]
          cg.C.x-3424  [060]     2.974221: (+3971)  sched_waking:         comm=kworker/60:1 pid=489 prio=120 target_cpu=060
          cg.C.x-3424  [060]     2.974228: (+7)     sched_wakeup:         kworker/60:1:489 [120] CPU:060
          cg.C.x-3424  [060]     2.974235: (+7)     sched_switch:         cg.C.x:3424 [120] R ==> kworker/60:1:489 [120]
    kworker/60:1-489   [060]     2.974272: (+37)    sched_switch:         kworker/60:1:489 [120] I ==> cg.C.x:3424 [120]
          cg.C.x-3423  [000]     3.002221: (+27949) sched_waking:         comm=kworker/0:3 pid=746 prio=120 target_cpu=000
          cg.C.x-3451  [039]     3.002222: (+1)     sched_waking:         comm=kworker/39:1 pid=730 prio=120 target_cpu=039
          cg.C.x-3451  [039]     3.002228: (+6)     sched_wakeup:         kworker/39:1:730 [120] CPU:039
          cg.C.x-3423  [000]     3.002229: (+1)     sched_wakeup:         kworker/0:3:746 [120] CPU:000
          cg.C.x-3451  [039]     3.002233: (+4)     sched_switch:         cg.C.x:3451 [120] R ==> kworker/39:1:730 [120]
          cg.C.x-3423  [000]     3.002235: (+2)     sched_switch:         cg.C.x:3423 [120] R ==> kworker/0:3:746 [120]
    kworker/39:1-730   [039]     3.002245: (+10)    sched_switch:         kworker/39:1:730 [120] I ==> cg.C.x:3451 [120]
     kworker/0:3-746   [000]     3.002272: (+27)    sched_switch:         kworker/0:3:746 [120] I ==> cg.C.x:3423 [120]
          cg.C.x-3453  [041]     3.006221: (+3949)  sched_waking:         comm=kworker/41:1 pid=727 prio=120 target_cpu=041
          cg.C.x-3453  [041]     3.006228: (+7)     sched_wakeup:         kworker/41:1:727 [120] CPU:041
          cg.C.x-3453  [041]     3.006233: (+5)     sched_switch:         cg.C.x:3453 [120] R ==> kworker/41:1:727 [120]
    kworker/41:1-727   [041]     3.006245: (+12)    sched_switch:         kworker/41:1:727 [120] I ==> cg.C.x:3453 [120]
          cg.C.x-3422  [004]     3.017063: (+10818) sched_waking:         comm=kworker/u129:1 pid=2612 prio=120 target_cpu=004
          cg.C.x-3422  [004]     3.017072: (+9)     sched_wakeup:         kworker/u129:1:2612 [120] CPU:004
          cg.C.x-3422  [004]     3.017078: (+6)     sched_switch:         cg.C.x:3422 [120] R ==> kworker/u129:1:2612 [120]
  kworker/u129:1-2612  [004]     3.017085: (+7)     sched_waking:         comm=sshd pid=1978 prio=120 target_cpu=004
  kworker/u129:1-2612  [004]     3.017088: (+3)     sched_wakeup:         sshd:1978 [120] CPU:004
  kworker/u129:1-2612  [004]     3.017092: (+4)     sched_switch:         kworker/u129:1:2612 [120] I ==> sshd:1978 [120]
            sshd-1978  [004]     3.017187: (+95)    sched_switch:         sshd:1978 [120] S ==> cg.C.x:3422 [120]
          cg.C.x-3422  [004]     3.017188: (+1)     sched_waking:         comm=kworker/u129:1 pid=2612 prio=120 target_cpu=004
          cg.C.x-3422  [004]     3.017189: (+1)     sched_wakeup:         kworker/u129:1:2612 [120] CPU:004
          cg.C.x-3422  [004]     3.017191: (+2)     sched_switch:         cg.C.x:3422 [120] R ==> kworker/u129:1:2612 [120]
  kworker/u129:1-2612  [004]     3.017192: (+1)     sched_waking:         comm=sshd pid=1978 prio=120 target_cpu=004
  kworker/u129:1-2612  [004]     3.017193: (+1)     sched_wakeup:         sshd:1978 [120] CPU:004
  kworker/u129:1-2612  [004]     3.017195: (+2)     sched_switch:         kworker/u129:1:2612 [120] I ==> sshd:1978 [120]
            sshd-1978  [004]     3.017217: (+22)    sched_switch:         sshd:1978 [120] S ==> cg.C.x:3422 [120]
          cg.C.x-3426  [038]     3.038221: (+21004) sched_waking:         comm=kworker/38:1 pid=529 prio=120 target_cpu=038
          cg.C.x-3459  [037]     3.038221: (+0)     sched_waking:         comm=kworker/37:1 pid=742 prio=120 target_cpu=037
          cg.C.x-3426  [038]     3.038228: (+7)     sched_wakeup:         kworker/38:1:529 [120] CPU:038
          cg.C.x-3459  [037]     3.038228: (+0)     sched_wakeup:         kworker/37:1:742 [120] CPU:037
          cg.C.x-3459  [037]     3.038234: (+6)     sched_switch:         cg.C.x:3459 [120] R ==> kworker/37:1:742 [120]
          cg.C.x-3426  [038]     3.038235: (+1)     sched_switch:         cg.C.x:3426 [120] R ==> kworker/38:1:529 [120]
    kworker/37:1-742   [037]     3.038244: (+9)     sched_switch:         kworker/37:1:742 [120] I ==> cg.C.x:3459 [120]
    kworker/38:1-529   [038]     3.038248: (+4)     sched_switch:         kworker/38:1:529 [120] I ==> cg.C.x:3426 [120]
          cg.C.x-3449  [035]     3.066220: (+27972) sched_waking:         comm=kworker/35:1 pid=485 prio=120 target_cpu=035
          cg.C.x-3484  [034]     3.066221: (+1)     sched_waking:         comm=kworker/u128:0 pid=11 prio=120 target_cpu=034
          cg.C.x-3454  [036]     3.066221: (+0)     sched_waking:         comm=kworker/36:1 pid=486 prio=120 target_cpu=036
          cg.C.x-3449  [035]     3.066226: (+5)     sched_wakeup:         kworker/35:1:485 [120] CPU:035
          cg.C.x-3454  [036]     3.066229: (+3)     sched_wakeup:         kworker/36:1:486 [120] CPU:036
          cg.C.x-3484  [034]     3.066229: (+0)     sched_wakeup:         kworker/u128:0:11 [120] CPU:034
          cg.C.x-3449  [035]     3.066232: (+3)     sched_switch:         cg.C.x:3449 [120] R ==> kworker/35:1:485 [120]
          cg.C.x-3484  [034]     3.066234: (+2)     sched_switch:         cg.C.x:3484 [120] R ==> kworker/u128:0:11 [120]
          cg.C.x-3454  [036]     3.066235: (+1)     sched_switch:         cg.C.x:3454 [120] R ==> kworker/36:1:486 [120]
    kworker/35:1-485   [035]     3.066244: (+9)     sched_switch:         kworker/35:1:485 [120] I ==> cg.C.x:3449 [120]
    kworker/36:1-486   [036]     3.066246: (+2)     sched_switch:         kworker/36:1:486 [120] I ==> cg.C.x:3454 [120]
  kworker/u128:0-11    [034]     3.066254: (+8)     sched_switch:         kworker/u128:0:11 [120] I ==> cg.C.x:3484 [120]
          cg.C.x-3423  [000]     3.094221: (+27967) sched_waking:         comm=kworker/0:3 pid=746 prio=120 target_cpu=000
          cg.C.x-3423  [000]     3.094228: (+7)     sched_wakeup:         kworker/0:3:746 [120] CPU:000
          cg.C.x-3423  [000]     3.094233: (+5)     sched_switch:         cg.C.x:3423 [120] R ==> kworker/0:3:746 [120]
     kworker/0:3-746   [000]     3.094287: (+54)    sched_switch:         kworker/0:3:746 [120] I ==> cg.C.x:3423 [120]
          cg.C.x-3457  [033]     3.098221: (+3934)  sched_waking:         comm=kworker/33:1 pid=482 prio=120 target_cpu=033
          cg.C.x-3457  [033]     3.098227: (+6)     sched_wakeup:         kworker/33:1:482 [120] CPU:033
          cg.C.x-3457  [033]     3.098232: (+5)     sched_switch:         cg.C.x:3457 [120] R ==> kworker/33:1:482 [120]
    kworker/33:1-482   [033]     3.098243: (+11)    sched_switch:         kworker/33:1:482 [120] I ==> cg.C.x:3457 [120]
          cg.C.x-3482  [032]     3.102221: (+3978)  sched_waking:         comm=kworker/32:2 pid=2975 prio=120 target_cpu=032
          cg.C.x-3482  [032]     3.102229: (+8)     sched_wakeup:         kworker/32:2:2975 [120] CPU:032
          cg.C.x-3482  [032]     3.102235: (+6)     sched_switch:         cg.C.x:3482 [120] R ==> kworker/32:2:2975 [120]
    kworker/32:2-2975  [032]     3.102247: (+12)    sched_switch:         kworker/32:2:2975 [120] I ==> cg.C.x:3482 [120]
          cg.C.x-3456  [030]     3.130221: (+27974) sched_waking:         comm=kworker/30:1 pid=718 prio=120 target_cpu=030
          cg.C.x-3456  [030]     3.130230: (+9)     sched_wakeup:         kworker/30:1:718 [120] CPU:030
          cg.C.x-3456  [030]     3.130236: (+6)     sched_switch:         cg.C.x:3456 [120] R ==> kworker/30:1:718 [120]
    kworker/30:1-718   [030]     3.130254: (+18)    sched_switch:         kworker/30:1:718 [120] I ==> cg.C.x:3456 [120]
          cg.C.x-3461  [029]     3.134220: (+3966)  sched_waking:         comm=kworker/29:0 pid=193 prio=120 target_cpu=029
          cg.C.x-3461  [029]     3.134227: (+7)     sched_wakeup:         kworker/29:0:193 [120] CPU:029
          cg.C.x-3461  [029]     3.134232: (+5)     sched_switch:         cg.C.x:3461 [120] R ==> kworker/29:0:193 [120]
    kworker/29:0-193   [029]     3.134244: (+12)    sched_switch:         kworker/29:0:193 [120] I ==> cg.C.x:3461 [120]
          cg.C.x-3422  [004]     3.136792: (+2548)  sched_waking:         comm=kworker/u129:1 pid=2612 prio=120 target_cpu=004
          cg.C.x-3422  [004]     3.136801: (+9)     sched_wakeup:         kworker/u129:1:2612 [120] CPU:004
          cg.C.x-3422  [004]     3.136808: (+7)     sched_switch:         cg.C.x:3422 [120] R ==> kworker/u129:1:2612 [120]
  kworker/u129:1-2612  [004]     3.136815: (+7)     sched_waking:         comm=sshd pid=1978 prio=120 target_cpu=004
  kworker/u129:1-2612  [004]     3.136818: (+3)     sched_wakeup:         sshd:1978 [120] CPU:004
  kworker/u129:1-2612  [004]     3.136822: (+4)     sched_switch:         kworker/u129:1:2612 [120] I ==> sshd:1978 [120]
            sshd-1978  [004]     3.136920: (+98)    sched_switch:         sshd:1978 [120] S ==> cg.C.x:3422 [120]
          cg.C.x-3422  [004]     3.136922: (+2)     sched_waking:         comm=kworker/u129:1 pid=2612 prio=120 target_cpu=004
          cg.C.x-3422  [004]     3.136923: (+1)     sched_wakeup:         kworker/u129:1:2612 [120] CPU:004
          cg.C.x-3422  [004]     3.136925: (+2)     sched_switch:         cg.C.x:3422 [120] R ==> kworker/u129:1:2612 [120]
  kworker/u129:1-2612  [004]     3.136927: (+2)     sched_waking:         comm=sshd pid=1978 prio=120 target_cpu=004
  kworker/u129:1-2612  [004]     3.136928: (+1)     sched_wakeup:         sshd:1978 [120] CPU:004
  kworker/u129:1-2612  [004]     3.136930: (+2)     sched_switch:         kworker/u129:1:2612 [120] I ==> sshd:1978 [120]
            sshd-1978  [004]     3.136955: (+25)    sched_switch:         sshd:1978 [120] S ==> cg.C.x:3422 [120]
          cg.C.x-3480  [028]     3.162222: (+25267) sched_waking:         comm=kworker/28:1 pid=717 prio=120 target_cpu=028
          cg.C.x-3480  [028]     3.162231: (+9)     sched_wakeup:         kworker/28:1:717 [120] CPU:028
          cg.C.x-3480  [028]     3.162237: (+6)     sched_switch:         cg.C.x:3480 [120] R ==> kworker/28:1:717 [120]
    kworker/28:1-717   [028]     3.162249: (+12)    sched_switch:         kworker/28:1:717 [120] I ==> cg.C.x:3480 [120]
          cg.C.x-3471  [025]     3.198220: (+35971) sched_waking:         comm=kworker/25:1 pid=721 prio=120 target_cpu=025
          cg.C.x-3471  [025]     3.198226: (+6)     sched_wakeup:         kworker/25:1:721 [120] CPU:025
          cg.C.x-3471  [025]     3.198231: (+5)     sched_switch:         cg.C.x:3471 [120] R ==> kworker/25:1:721 [120]
    kworker/25:1-721   [025]     3.198245: (+14)    sched_switch:         kworker/25:1:721 [120] I ==> cg.C.x:3471 [120]
          cg.C.x-3422  [004]     3.258002: (+59757) sched_waking:         comm=kworker/u129:1 pid=2612 prio=120 target_cpu=004
          cg.C.x-3422  [004]     3.258010: (+8)     sched_wakeup:         kworker/u129:1:2612 [120] CPU:004
          cg.C.x-3422  [004]     3.258017: (+7)     sched_switch:         cg.C.x:3422 [120] R ==> kworker/u129:1:2612 [120]
  kworker/u129:1-2612  [004]     3.258024: (+7)     sched_waking:         comm=sshd pid=1978 prio=120 target_cpu=004
  kworker/u129:1-2612  [004]     3.258026: (+2)     sched_wakeup:         sshd:1978 [120] CPU:004
  kworker/u129:1-2612  [004]     3.258031: (+5)     sched_switch:         kworker/u129:1:2612 [120] I ==> sshd:1978 [120]
            sshd-1978  [004]     3.258125: (+94)    sched_switch:         sshd:1978 [120] S ==> cg.C.x:3422 [120]
          cg.C.x-3422  [004]     3.258126: (+1)     sched_waking:         comm=kworker/u129:1 pid=2612 prio=120 target_cpu=004
          cg.C.x-3422  [004]     3.258127: (+1)     sched_wakeup:         kworker/u129:1:2612 [120] CPU:004
          cg.C.x-3422  [004]     3.258129: (+2)     sched_switch:         cg.C.x:3422 [120] R ==> kworker/u129:1:2612 [120]
  kworker/u129:1-2612  [004]     3.258130: (+1)     sched_waking:         comm=sshd pid=1978 prio=120 target_cpu=004
  kworker/u129:1-2612  [004]     3.258131: (+1)     sched_wakeup:         sshd:1978 [120] CPU:004
  kworker/u129:1-2612  [004]     3.258132: (+1)     sched_switch:         kworker/u129:1:2612 [120] I ==> sshd:1978 [120]
            sshd-1978  [004]     3.258155: (+23)    sched_switch:         sshd:1978 [120] S ==> cg.C.x:3422 [120]
          cg.C.x-3458  [020]     3.258232: (+77)    sched_waking:         comm=kworker/20:1 pid=495 prio=120 target_cpu=020
          cg.C.x-3458  [020]     3.258237: (+5)     sched_wakeup:         kworker/20:1:495 [120] CPU:020
          cg.C.x-3458  [020]     3.258240: (+3)     sched_switch:         cg.C.x:3458 [120] R ==> kworker/20:1:495 [120]
    kworker/20:1-495   [020]     3.258248: (+8)     sched_switch:         kworker/20:1:495 [120] I ==> cg.C.x:3458 [120]
          cg.C.x-3443  [019]     3.262220: (+3972)  sched_waking:         comm=kworker/19:1 pid=719 prio=120 target_cpu=019
          cg.C.x-3443  [019]     3.262226: (+6)     sched_wakeup:         kworker/19:1:719 [120] CPU:019
          cg.C.x-3443  [019]     3.262231: (+5)     sched_switch:         cg.C.x:3443 [120] R ==> kworker/19:1:719 [120]
    kworker/19:1-719   [019]     3.262241: (+10)    sched_switch:         kworker/19:1:719 [120] I ==> cg.C.x:3443 [120]
          cg.C.x-3425  [017]     3.294221: (+31980) sched_waking:         comm=kworker/17:1 pid=731 prio=120 target_cpu=017
          cg.C.x-3425  [017]     3.294228: (+7)     sched_wakeup:         kworker/17:1:731 [120] CPU:017
          cg.C.x-3425  [017]     3.294233: (+5)     sched_switch:         cg.C.x:3425 [120] R ==> kworker/17:1:731 [120]
    kworker/17:1-731   [017]     3.294245: (+12)    sched_switch:         kworker/17:1:731 [120] I ==> cg.C.x:3425 [120]
          cg.C.x-3423  [000]     3.298222: (+3977)  sched_waking:         comm=kworker/0:3 pid=746 prio=120 target_cpu=000
          cg.C.x-3423  [000]     3.298231: (+9)     sched_wakeup:         kworker/0:3:746 [120] CPU:000
          cg.C.x-3423  [000]     3.298237: (+6)     sched_switch:         cg.C.x:3423 [120] R ==> kworker/0:3:746 [120]
     kworker/0:3-746   [000]     3.298295: (+58)    sched_switch:         kworker/0:3:746 [120] I ==> cg.C.x:3423 [120]
          cg.C.x-3428  [005]     3.326219: (+27924) sched_waking:         comm=kcompactd1 pid=475 prio=120 target_cpu=005
          cg.C.x-3434  [014]     3.326219: (+0)     sched_waking:         comm=kcompactd0 pid=474 prio=120 target_cpu=014
          cg.C.x-3485  [013]     3.326219: (+0)     sched_waking:         comm=kworker/13:1 pid=720 prio=120 target_cpu=013
          cg.C.x-3485  [013]     3.326225: (+6)     sched_wakeup:         kworker/13:1:720 [120] CPU:013
          cg.C.x-3428  [005]     3.326226: (+1)     sched_wakeup:         kcompactd1:475 [120] CPU:005
          cg.C.x-3434  [014]     3.326227: (+1)     sched_wakeup:         kcompactd0:474 [120] CPU:014
          cg.C.x-3434  [014]     3.326229: (+2)     sched_waking:         comm=kworker/14:1 pid=711 prio=120 target_cpu=014
          cg.C.x-3485  [013]     3.326231: (+2)     sched_switch:         cg.C.x:3485 [120] R ==> kworker/13:1:720 [120]
          cg.C.x-3428  [005]     3.326231: (+0)     sched_switch:         cg.C.x:3428 [120] R ==> kcompactd1:475 [120]
          cg.C.x-3434  [014]     3.326232: (+1)     sched_wakeup:         kworker/14:1:711 [120] CPU:014
          cg.C.x-3434  [014]     3.326236: (+4)     sched_switch:         cg.C.x:3434 [120] R ==> kworker/14:1:711 [120]
      kcompactd1-475   [005]     3.326239: (+3)     sched_switch:         kcompactd1:475 [120] S ==> cg.C.x:3428 [120]
    kworker/13:1-720   [013]     3.326243: (+4)     sched_switch:         kworker/13:1:720 [120] I ==> cg.C.x:3485 [120]
    kworker/14:1-711   [014]     3.326247: (+4)     sched_switch:         kworker/14:1:711 [120] I ==> kcompactd0:474 [120]
      kcompactd0-474   [014]     3.326254: (+7)     sched_switch:         kcompactd0:474 [120] S ==> cg.C.x:3434 [120]
          cg.C.x-3475  [011]     3.354221: (+27967) sched_waking:         comm=kworker/11:1 pid=725 prio=120 target_cpu=011
          cg.C.x-3475  [011]     3.354227: (+6)     sched_wakeup:         kworker/11:1:725 [120] CPU:011
          cg.C.x-3475  [011]     3.354232: (+5)     sched_switch:         cg.C.x:3475 [120] R ==> kworker/11:1:725 [120]
    kworker/11:1-725   [011]     3.354243: (+11)    sched_switch:         kworker/11:1:725 [120] I ==> cg.C.x:3475 [120]
          cg.C.x-3422  [004]     3.379374: (+25131) sched_waking:         comm=kworker/u129:1 pid=2612 prio=120 target_cpu=004
          cg.C.x-3422  [004]     3.379383: (+9)     sched_wakeup:         kworker/u129:1:2612 [120] CPU:004
          cg.C.x-3422  [004]     3.379389: (+6)     sched_switch:         cg.C.x:3422 [120] R ==> kworker/u129:1:2612 [120]
  kworker/u129:1-2612  [004]     3.379395: (+6)     sched_waking:         comm=sshd pid=1978 prio=120 target_cpu=004
  kworker/u129:1-2612  [004]     3.379398: (+3)     sched_wakeup:         sshd:1978 [120] CPU:004
  kworker/u129:1-2612  [004]     3.379402: (+4)     sched_switch:         kworker/u129:1:2612 [120] I ==> sshd:1978 [120]
            sshd-1978  [004]     3.379496: (+94)    sched_switch:         sshd:1978 [120] S ==> cg.C.x:3422 [120]
          cg.C.x-3422  [004]     3.379498: (+2)     sched_waking:         comm=kworker/u129:1 pid=2612 prio=120 target_cpu=004
          cg.C.x-3422  [004]     3.379498: (+0)     sched_wakeup:         kworker/u129:1:2612 [120] CPU:004
          cg.C.x-3422  [004]     3.379500: (+2)     sched_switch:         cg.C.x:3422 [120] R ==> kworker/u129:1:2612 [120]
  kworker/u129:1-2612  [004]     3.379501: (+1)     sched_waking:         comm=sshd pid=1978 prio=120 target_cpu=004
  kworker/u129:1-2612  [004]     3.379503: (+2)     sched_wakeup:         sshd:1978 [120] CPU:004
  kworker/u129:1-2612  [004]     3.379504: (+1)     sched_switch:         kworker/u129:1:2612 [120] I ==> sshd:1978 [120]
            sshd-1978  [004]     3.379526: (+22)    sched_switch:         sshd:1978 [120] S ==> cg.C.x:3422 [120]
          cg.C.x-3473  [007]     3.386219: (+6693)  sched_waking:         comm=kworker/7:1 pid=729 prio=120 target_cpu=007
          cg.C.x-3473  [007]     3.386225: (+6)     sched_wakeup:         kworker/7:1:729 [120] CPU:007
          cg.C.x-3473  [007]     3.386231: (+6)     sched_switch:         cg.C.x:3473 [120] R ==> kworker/7:1:729 [120]
     kworker/7:1-729   [007]     3.386242: (+11)    sched_switch:         kworker/7:1:729 [120] I ==> cg.C.x:3473 [120]
          cg.C.x-3481  [009]     3.390219: (+3977)  sched_waking:         comm=kworker/9:1 pid=726 prio=120 target_cpu=009
          cg.C.x-3481  [009]     3.390225: (+6)     sched_wakeup:         kworker/9:1:726 [120] CPU:009
          cg.C.x-3481  [009]     3.390231: (+6)     sched_switch:         cg.C.x:3481 [120] R ==> kworker/9:1:726 [120]
     kworker/9:1-726   [009]     3.390243: (+12)    sched_switch:         kworker/9:1:726 [120] I ==> cg.C.x:3481 [120]
          cg.C.x-3452  [002]     3.450221: (+59978) sched_waking:         comm=kworker/2:1 pid=708 prio=120 target_cpu=002
          cg.C.x-3452  [002]     3.450229: (+8)     sched_wakeup:         kworker/2:1:708 [120] CPU:002
          cg.C.x-3452  [002]     3.450236: (+7)     sched_switch:         cg.C.x:3452 [120] R ==> kworker/2:1:708 [120]
     kworker/2:1-708   [002]     3.450251: (+15)    sched_switch:         kworker/2:1:708 [120] I ==> cg.C.x:3452 [120]
          cg.C.x-3483  [003]     3.454220: (+3969)  sched_waking:         comm=kworker/3:1 pid=723 prio=120 target_cpu=003
          cg.C.x-3422  [004]     3.454220: (+0)     sched_waking:         comm=kworker/4:0 pid=43 prio=120 target_cpu=004
          cg.C.x-3483  [003]     3.454227: (+7)     sched_wakeup:         kworker/3:1:723 [120] CPU:003
          cg.C.x-3422  [004]     3.454227: (+0)     sched_wakeup:         kworker/4:0:43 [120] CPU:004
          cg.C.x-3422  [004]     3.454233: (+6)     sched_switch:         cg.C.x:3422 [120] R ==> kworker/4:0:43 [120]
          cg.C.x-3483  [003]     3.454234: (+1)     sched_switch:         cg.C.x:3483 [120] R ==> kworker/3:1:723 [120]
     kworker/4:0-43    [004]     3.454246: (+12)    sched_switch:         kworker/4:0:43 [120] I ==> cg.C.x:3422 [120]
     kworker/3:1-723   [003]     3.454246: (+0)     sched_switch:         kworker/3:1:723 [120] I ==> cg.C.x:3483 [120]
          cg.C.x-3427  [001]     3.482220: (+27974) sched_waking:         comm=kworker/1:2 pid=470 prio=120 target_cpu=001
          cg.C.x-3427  [001]     3.482227: (+7)     sched_wakeup:         kworker/1:2:470 [120] CPU:001
          cg.C.x-3427  [001]     3.482232: (+5)     sched_switch:         cg.C.x:3427 [120] R ==> kworker/1:2:470 [120]
     kworker/1:2-470   [001]     3.482243: (+11)    sched_switch:         kworker/1:2:470 [120] I ==> cg.C.x:3427 [120]
          cg.C.x-3423  [000]     3.486221: (+3978)  sched_waking:         comm=kworker/0:3 pid=746 prio=120 target_cpu=000
          cg.C.x-3423  [000]     3.486227: (+6)     sched_wakeup:         kworker/0:3:746 [120] CPU:000
          cg.C.x-3423  [000]     3.486234: (+7)     sched_switch:         cg.C.x:3423 [120] R ==> kworker/0:3:746 [120]
     kworker/0:3-746   [000]     3.486392: (+158)   sched_switch:         kworker/0:3:746 [120] I ==> cg.C.x:3423 [120]
          cg.C.x-3422  [004]     3.500465: (+14073) sched_waking:         comm=kworker/u129:1 pid=2612 prio=120 target_cpu=004
          cg.C.x-3422  [004]     3.500473: (+8)     sched_wakeup:         kworker/u129:1:2612 [120] CPU:004
          cg.C.x-3422  [004]     3.500479: (+6)     sched_switch:         cg.C.x:3422 [120] R ==> kworker/u129:1:2612 [120]
  kworker/u129:1-2612  [004]     3.500486: (+7)     sched_waking:         comm=sshd pid=1978 prio=120 target_cpu=004
  kworker/u129:1-2612  [004]     3.500488: (+2)     sched_wakeup:         sshd:1978 [120] CPU:004
  kworker/u129:1-2612  [004]     3.500493: (+5)     sched_switch:         kworker/u129:1:2612 [120] I ==> sshd:1978 [120]
            sshd-1978  [004]     3.500595: (+102)   sched_switch:         sshd:1978 [120] S ==> cg.C.x:3422 [120]
          cg.C.x-3422  [004]     3.500596: (+1)     sched_waking:         comm=kworker/u129:1 pid=2612 prio=120 target_cpu=004
          cg.C.x-3422  [004]     3.500598: (+2)     sched_wakeup:         kworker/u129:1:2612 [120] CPU:004
          cg.C.x-3422  [004]     3.500600: (+2)     sched_switch:         cg.C.x:3422 [120] R ==> kworker/u129:1:2612 [120]
  kworker/u129:1-2612  [004]     3.500601: (+1)     sched_waking:         comm=sshd pid=1978 prio=120 target_cpu=004
  kworker/u129:1-2612  [004]     3.500602: (+1)     sched_wakeup:         sshd:1978 [120] CPU:004
  kworker/u129:1-2612  [004]     3.500603: (+1)     sched_switch:         kworker/u129:1:2612 [120] I ==> sshd:1978 [120]
            sshd-1978  [004]     3.500626: (+23)    sched_switch:         sshd:1978 [120] S ==> cg.C.x:3422 [120]
          cg.C.x-3423  [000]     3.502219: (+1593)  sched_waking:         comm=kworker/0:3 pid=746 prio=120 target_cpu=000
          cg.C.x-3423  [000]     3.502223: (+4)     sched_wakeup:         kworker/0:3:746 [120] CPU:000
          cg.C.x-3423  [000]     3.502227: (+4)     sched_switch:         cg.C.x:3423 [120] R ==> kworker/0:3:746 [120]
     kworker/0:3-746   [000]     3.502280: (+53)    sched_switch:         kworker/0:3:746 [120] I ==> cg.C.x:3423 [120]
          cg.C.x-3427  [001]     3.578219: (+75939) sched_waking:         comm=kworker/1:2 pid=470 prio=120 target_cpu=001
          cg.C.x-3427  [001]     3.578225: (+6)     sched_wakeup:         kworker/1:2:470 [120] CPU:001
          cg.C.x-3427  [001]     3.578231: (+6)     sched_switch:         cg.C.x:3427 [120] R ==> kworker/1:2:470 [120]
     kworker/1:2-470   [001]     3.578246: (+15)    sched_switch:         kworker/1:2:470 [120] I ==> cg.C.x:3427 [120]
          cg.C.x-3429  [043]     3.593486: (+15240) sched_waking:         comm=ntpd pid=1774 prio=0 target_cpu=043
          cg.C.x-3429  [043]     3.593494: (+8)     sched_wakeup:         ntpd:1774 [0] CPU:043
          cg.C.x-3429  [043]     3.593501: (+7)     sched_switch:         cg.C.x:3429 [120] R ==> ntpd:1774 [0]
            ntpd-1774  [043]     3.593534: (+33)    sched_switch:         ntpd:1774 [0] S ==> cg.C.x:3429 [120]
          cg.C.x-3422  [004]     3.621427: (+27893) sched_waking:         comm=kworker/u129:1 pid=2612 prio=120 target_cpu=004
          cg.C.x-3422  [004]     3.621436: (+9)     sched_wakeup:         kworker/u129:1:2612 [120] CPU:004
          cg.C.x-3422  [004]     3.621442: (+6)     sched_switch:         cg.C.x:3422 [120] R ==> kworker/u129:1:2612 [120]
  kworker/u129:1-2612  [004]     3.621449: (+7)     sched_waking:         comm=sshd pid=1978 prio=120 target_cpu=004
  kworker/u129:1-2612  [004]     3.621451: (+2)     sched_wakeup:         sshd:1978 [120] CPU:004
  kworker/u129:1-2612  [004]     3.621455: (+4)     sched_switch:         kworker/u129:1:2612 [120] I ==> sshd:1978 [120]
            sshd-1978  [004]     3.621548: (+93)    sched_switch:         sshd:1978 [120] S ==> cg.C.x:3422 [120]
          cg.C.x-3422  [004]     3.621549: (+1)     sched_waking:         comm=kworker/u129:1 pid=2612 prio=120 target_cpu=004
          cg.C.x-3422  [004]     3.621550: (+1)     sched_wakeup:         kworker/u129:1:2612 [120] CPU:004
          cg.C.x-3422  [004]     3.621552: (+2)     sched_switch:         cg.C.x:3422 [120] R ==> kworker/u129:1:2612 [120]
  kworker/u129:1-2612  [004]     3.621553: (+1)     sched_waking:         comm=sshd pid=1978 prio=120 target_cpu=004
  kworker/u129:1-2612  [004]     3.621554: (+1)     sched_wakeup:         sshd:1978 [120] CPU:004
  kworker/u129:1-2612  [004]     3.621556: (+2)     sched_switch:         kworker/u129:1:2612 [120] I ==> sshd:1978 [120]
            sshd-1978  [004]     3.621578: (+22)    sched_switch:         sshd:1978 [120] S ==> cg.C.x:3422 [120]
          cg.C.x-3423  [000]     3.706220: (+84642) sched_waking:         comm=kworker/0:3 pid=746 prio=120 target_cpu=000
          cg.C.x-3423  [000]     3.706227: (+7)     sched_wakeup:         kworker/0:3:746 [120] CPU:000
          cg.C.x-3423  [000]     3.706235: (+8)     sched_switch:         cg.C.x:3423 [120] R ==> kworker/0:3:746 [120]
     kworker/0:3-746   [000]     3.706289: (+54)    sched_switch:         kworker/0:3:746 [120] I ==> cg.C.x:3423 [120]
          cg.C.x-3422  [004]     3.742318: (+36029) sched_waking:         comm=kworker/u129:1 pid=2612 prio=120 target_cpu=004
          cg.C.x-3422  [004]     3.742326: (+8)     sched_wakeup:         kworker/u129:1:2612 [120] CPU:004
          cg.C.x-3422  [004]     3.742332: (+6)     sched_switch:         cg.C.x:3422 [120] R ==> kworker/u129:1:2612 [120]
  kworker/u129:1-2612  [004]     3.742339: (+7)     sched_waking:         comm=sshd pid=1978 prio=120 target_cpu=004
  kworker/u129:1-2612  [004]     3.742341: (+2)     sched_wakeup:         sshd:1978 [120] CPU:004
  kworker/u129:1-2612  [004]     3.742345: (+4)     sched_switch:         kworker/u129:1:2612 [120] I ==> sshd:1978 [120]
            sshd-1978  [004]     3.742438: (+93)    sched_switch:         sshd:1978 [120] S ==> cg.C.x:3422 [120]
          cg.C.x-3422  [004]     3.742440: (+2)     sched_waking:         comm=kworker/u129:1 pid=2612 prio=120 target_cpu=004
          cg.C.x-3422  [004]     3.742441: (+1)     sched_wakeup:         kworker/u129:1:2612 [120] CPU:004
          cg.C.x-3422  [004]     3.742443: (+2)     sched_switch:         cg.C.x:3422 [120] R ==> kworker/u129:1:2612 [120]
  kworker/u129:1-2612  [004]     3.742444: (+1)     sched_waking:         comm=sshd pid=1978 prio=120 target_cpu=004
  kworker/u129:1-2612  [004]     3.742445: (+1)     sched_wakeup:         sshd:1978 [120] CPU:004
  kworker/u129:1-2612  [004]     3.742447: (+2)     sched_switch:         kworker/u129:1:2612 [120] I ==> sshd:1978 [120]
            sshd-1978  [004]     3.742469: (+22)    sched_switch:         sshd:1978 [120] S ==> cg.C.x:3422 [120]
          cg.C.x-3428  [005]     3.834218: (+91749) sched_waking:         comm=kcompactd1 pid=475 prio=120 target_cpu=005
          cg.C.x-3434  [014]     3.834218: (+0)     sched_waking:         comm=kcompactd0 pid=474 prio=120 target_cpu=014
          cg.C.x-3428  [005]     3.834225: (+7)     sched_wakeup:         kcompactd1:475 [120] CPU:005
          cg.C.x-3434  [014]     3.834227: (+2)     sched_wakeup:         kcompactd0:474 [120] CPU:014
          cg.C.x-3428  [005]     3.834230: (+3)     sched_switch:         cg.C.x:3428 [120] R ==> kcompactd1:475 [120]
          cg.C.x-3434  [014]     3.834234: (+4)     sched_switch:         cg.C.x:3434 [120] R ==> kcompactd0:474 [120]
      kcompactd1-475   [005]     3.834238: (+4)     sched_switch:         kcompactd1:475 [120] S ==> cg.C.x:3428 [120]
      kcompactd0-474   [014]     3.834244: (+6)     sched_switch:         kcompactd0:474 [120] S ==> cg.C.x:3434 [120]
          cg.C.x-3422  [004]     3.863217: (+28973) sched_waking:         comm=kworker/u129:1 pid=2612 prio=120 target_cpu=004
          cg.C.x-3422  [004]     3.863226: (+9)     sched_wakeup:         kworker/u129:1:2612 [120] CPU:004
          cg.C.x-3422  [004]     3.863232: (+6)     sched_switch:         cg.C.x:3422 [120] R ==> kworker/u129:1:2612 [120]
  kworker/u129:1-2612  [004]     3.863238: (+6)     sched_waking:         comm=sshd pid=1978 prio=120 target_cpu=004
  kworker/u129:1-2612  [004]     3.863241: (+3)     sched_wakeup:         sshd:1978 [120] CPU:004
  kworker/u129:1-2612  [004]     3.863245: (+4)     sched_switch:         kworker/u129:1:2612 [120] I ==> sshd:1978 [120]
            sshd-1978  [004]     3.863338: (+93)    sched_switch:         sshd:1978 [120] S ==> cg.C.x:3422 [120]
          cg.C.x-3422  [004]     3.863339: (+1)     sched_waking:         comm=kworker/u129:1 pid=2612 prio=120 target_cpu=004
          cg.C.x-3422  [004]     3.863340: (+1)     sched_wakeup:         kworker/u129:1:2612 [120] CPU:004
          cg.C.x-3422  [004]     3.863342: (+2)     sched_switch:         cg.C.x:3422 [120] R ==> kworker/u129:1:2612 [120]
  kworker/u129:1-2612  [004]     3.863343: (+1)     sched_waking:         comm=sshd pid=1978 prio=120 target_cpu=004
  kworker/u129:1-2612  [004]     3.863344: (+1)     sched_wakeup:         sshd:1978 [120] CPU:004
  kworker/u129:1-2612  [004]     3.863346: (+2)     sched_switch:         kworker/u129:1:2612 [120] I ==> sshd:1978 [120]
            sshd-1978  [004]     3.863368: (+22)    sched_switch:         sshd:1978 [120] S ==> cg.C.x:3422 [120]
          cg.C.x-3442  [050]     3.898218: (+34850) sched_waking:         comm=kworker/50:0 pid=319 prio=120 target_cpu=050
          cg.C.x-3442  [050]     3.898226: (+8)     sched_wakeup:         kworker/50:0:319 [120] CPU:050
          cg.C.x-3442  [050]     3.898231: (+5)     sched_switch:         cg.C.x:3442 [120] R ==> kworker/50:0:319 [120]
    kworker/50:0-319   [050]     3.898243: (+12)    sched_switch:         kworker/50:0:319 [120] I ==> cg.C.x:3442 [120]
          cg.C.x-3423  [000]     3.910220: (+11977) sched_waking:         comm=kworker/0:3 pid=746 prio=120 target_cpu=000
          cg.C.x-3423  [000]     3.910227: (+7)     sched_wakeup:         kworker/0:3:746 [120] CPU:000
          cg.C.x-3423  [000]     3.910233: (+6)     sched_switch:         cg.C.x:3423 [120] R ==> kworker/0:3:746 [120]
     kworker/0:3-746   [000]     3.910285: (+52)    sched_switch:         kworker/0:3:746 [120] I ==> cg.C.x:3423 [120]
          cg.C.x-3428  [005]     3.934219: (+23934) sched_waking:         comm=kworker/5:1 pid=741 prio=120 target_cpu=005
          cg.C.x-3424  [060]     3.934219: (+0)     sched_waking:         comm=kworker/60:1 pid=489 prio=120 target_cpu=060
          cg.C.x-3428  [005]     3.934225: (+6)     sched_wakeup:         kworker/5:1:741 [120] CPU:005
          cg.C.x-3424  [060]     3.934227: (+2)     sched_wakeup:         kworker/60:1:489 [120] CPU:060
          cg.C.x-3428  [005]     3.934230: (+3)     sched_switch:         cg.C.x:3428 [120] R ==> kworker/5:1:741 [120]
          cg.C.x-3424  [060]     3.934232: (+2)     sched_switch:         cg.C.x:3424 [120] R ==> kworker/60:1:489 [120]
     kworker/5:1-741   [005]     3.934256: (+24)    sched_switch:         kworker/5:1:741 [120] I ==> cg.C.x:3428 [120]
    kworker/60:1-489   [060]     3.934257: (+1)     sched_switch:         kworker/60:1:489 [120] I ==> cg.C.x:3424 [120]
          cg.C.x-3422  [004]     3.984178: (+49921) sched_waking:         comm=kworker/u129:1 pid=2612 prio=120 target_cpu=004
          cg.C.x-3422  [004]     3.984186: (+8)     sched_wakeup:         kworker/u129:1:2612 [120] CPU:004
          cg.C.x-3422  [004]     3.984192: (+6)     sched_switch:         cg.C.x:3422 [120] R ==> kworker/u129:1:2612 [120]
  kworker/u129:1-2612  [004]     3.984199: (+7)     sched_waking:         comm=sshd pid=1978 prio=120 target_cpu=004
  kworker/u129:1-2612  [004]     3.984202: (+3)     sched_wakeup:         sshd:1978 [120] CPU:004
  kworker/u129:1-2612  [004]     3.984207: (+5)     sched_switch:         kworker/u129:1:2612 [120] I ==> sshd:1978 [120]
            sshd-1978  [004]     3.984301: (+94)    sched_switch:         sshd:1978 [120] S ==> cg.C.x:3422 [120]
          cg.C.x-3422  [004]     3.984303: (+2)     sched_waking:         comm=kworker/u129:1 pid=2612 prio=120 target_cpu=004
          cg.C.x-3422  [004]     3.984304: (+1)     sched_wakeup:         kworker/u129:1:2612 [120] CPU:004
          cg.C.x-3422  [004]     3.984306: (+2)     sched_switch:         cg.C.x:3422 [120] R ==> kworker/u129:1:2612 [120]
  kworker/u129:1-2612  [004]     3.984307: (+1)     sched_waking:         comm=sshd pid=1978 prio=120 target_cpu=004
  kworker/u129:1-2612  [004]     3.984308: (+1)     sched_wakeup:         sshd:1978 [120] CPU:004
  kworker/u129:1-2612  [004]     3.984309: (+1)     sched_switch:         kworker/u129:1:2612 [120] I ==> sshd:1978 [120]
            sshd-1978  [004]     3.984332: (+23)    sched_switch:         sshd:1978 [120] S ==> cg.C.x:3422 [120]
          cg.C.x-3432  [042]     3.994219: (+9887)  sched_waking:         comm=kworker/42:1 pid=722 prio=120 target_cpu=042
          cg.C.x-3453  [041]     3.994219: (+0)     sched_waking:         comm=kworker/41:1 pid=727 prio=120 target_cpu=041
          cg.C.x-3453  [041]     3.994226: (+7)     sched_wakeup:         kworker/41:1:727 [120] CPU:041
          cg.C.x-3432  [042]     3.994226: (+0)     sched_wakeup:         kworker/42:1:722 [120] CPU:042
          cg.C.x-3453  [041]     3.994231: (+5)     sched_switch:         cg.C.x:3453 [120] R ==> kworker/41:1:727 [120]
          cg.C.x-3432  [042]     3.994232: (+1)     sched_switch:         cg.C.x:3432 [120] R ==> kworker/42:1:722 [120]
    kworker/41:1-727   [041]     3.994242: (+10)    sched_switch:         kworker/41:1:727 [120] I ==> cg.C.x:3453 [120]
    kworker/42:1-722   [042]     3.994243: (+1)     sched_switch:         kworker/42:1:722 [120] I ==> cg.C.x:3432 [120]
          cg.C.x-3426  [038]     4.026220: (+31977) sched_waking:         comm=kworker/38:1 pid=529 prio=120 target_cpu=038
          cg.C.x-3426  [038]     4.026228: (+8)     sched_wakeup:         kworker/38:1:529 [120] CPU:038
          cg.C.x-3426  [038]     4.026235: (+7)     sched_switch:         cg.C.x:3426 [120] R ==> kworker/38:1:529 [120]
    kworker/38:1-529   [038]     4.026267: (+32)    sched_switch:         kworker/38:1:529 [120] I ==> cg.C.x:3426 [120]
          cg.C.x-3447  [053]     4.062220: (+35953) sched_waking:         comm=kworker/53:1 pid=735 prio=120 target_cpu=053
          cg.C.x-3447  [053]     4.062226: (+6)     sched_wakeup:         kworker/53:1:735 [120] CPU:053
          cg.C.x-3447  [053]     4.062232: (+6)     sched_switch:         cg.C.x:3447 [120] R ==> kworker/53:1:735 [120]
    kworker/53:1-735   [053]     4.062256: (+24)    sched_switch:         kworker/53:1:735 [120] I ==> cg.C.x:3447 [120]
          cg.C.x-3484  [034]     4.094219: (+31963) sched_waking:         comm=kworker/u128:0 pid=11 prio=120 target_cpu=034
          cg.C.x-3484  [034]     4.094229: (+10)    sched_wakeup:         kworker/u128:0:11 [120] CPU:034
          cg.C.x-3484  [034]     4.094236: (+7)     sched_switch:         cg.C.x:3484 [120] R ==> kworker/u128:0:11 [120]
  kworker/u128:0-11    [034]     4.094257: (+21)    sched_switch:         kworker/u128:0:11 [120] I ==> cg.C.x:3484 [120]
          cg.C.x-3422  [004]     4.105125: (+10868) sched_waking:         comm=kworker/u129:1 pid=2612 prio=120 target_cpu=004
          cg.C.x-3422  [004]     4.105133: (+8)     sched_wakeup:         kworker/u129:1:2612 [120] CPU:004
          cg.C.x-3422  [004]     4.105138: (+5)     sched_switch:         cg.C.x:3422 [120] R ==> kworker/u129:1:2612 [120]
  kworker/u129:1-2612  [004]     4.105145: (+7)     sched_waking:         comm=sshd pid=1978 prio=120 target_cpu=004
  kworker/u129:1-2612  [004]     4.105148: (+3)     sched_wakeup:         sshd:1978 [120] CPU:004
  kworker/u129:1-2612  [004]     4.105152: (+4)     sched_switch:         kworker/u129:1:2612 [120] I ==> sshd:1978 [120]
            sshd-1978  [004]     4.105246: (+94)    sched_switch:         sshd:1978 [120] S ==> cg.C.x:3422 [120]
          cg.C.x-3422  [004]     4.105248: (+2)     sched_waking:         comm=kworker/u129:1 pid=2612 prio=120 target_cpu=004
          cg.C.x-3422  [004]     4.105248: (+0)     sched_wakeup:         kworker/u129:1:2612 [120] CPU:004
          cg.C.x-3422  [004]     4.105251: (+3)     sched_switch:         cg.C.x:3422 [120] R ==> kworker/u129:1:2612 [120]
  kworker/u129:1-2612  [004]     4.105252: (+1)     sched_waking:         comm=sshd pid=1978 prio=120 target_cpu=004
  kworker/u129:1-2612  [004]     4.105253: (+1)     sched_wakeup:         sshd:1978 [120] CPU:004
  kworker/u129:1-2612  [004]     4.105254: (+1)     sched_switch:         kworker/u129:1:2612 [120] I ==> sshd:1978 [120]
            sshd-1978  [004]     4.105276: (+22)    sched_switch:         sshd:1978 [120] S ==> cg.C.x:3422 [120]
          cg.C.x-3423  [000]     4.118218: (+12942) sched_waking:         comm=kworker/0:3 pid=746 prio=120 target_cpu=000
          cg.C.x-3423  [000]     4.118226: (+8)     sched_wakeup:         kworker/0:3:746 [120] CPU:000
          cg.C.x-3423  [000]     4.118233: (+7)     sched_switch:         cg.C.x:3423 [120] R ==> kworker/0:3:746 [120]
     kworker/0:3-746   [000]     4.118289: (+56)    sched_switch:         kworker/0:3:746 [120] I ==> cg.C.x:3423 [120]
          cg.C.x-3456  [030]     4.122216: (+3927)  sched_waking:         comm=kworker/30:1 pid=718 prio=120 target_cpu=030
          cg.C.x-3456  [030]     4.122222: (+6)     sched_wakeup:         kworker/30:1:718 [120] CPU:030
          cg.C.x-3456  [030]     4.122228: (+6)     sched_switch:         cg.C.x:3456 [120] R ==> kworker/30:1:718 [120]
    kworker/30:1-718   [030]     4.122240: (+12)    sched_switch:         kworker/30:1:718 [120] I ==> cg.C.x:3456 [120]
          cg.C.x-3471  [025]     4.186217: (+63977) sched_waking:         comm=kworker/25:1 pid=721 prio=120 target_cpu=025
          cg.C.x-3471  [025]     4.186224: (+7)     sched_wakeup:         kworker/25:1:721 [120] CPU:025
          cg.C.x-3471  [025]     4.186231: (+7)     sched_switch:         cg.C.x:3471 [120] R ==> kworker/25:1:721 [120]
    kworker/25:1-721   [025]     4.186243: (+12)    sched_switch:         kworker/25:1:721 [120] I ==> cg.C.x:3471 [120]
          cg.C.x-3422  [004]     4.226130: (+39887) sched_waking:         comm=kworker/u129:1 pid=2612 prio=120 target_cpu=004
          cg.C.x-3422  [004]     4.226139: (+9)     sched_wakeup:         kworker/u129:1:2612 [120] CPU:004
          cg.C.x-3422  [004]     4.226146: (+7)     sched_switch:         cg.C.x:3422 [120] R ==> kworker/u129:1:2612 [120]
  kworker/u129:1-2612  [004]     4.226153: (+7)     sched_waking:         comm=sshd pid=1978 prio=120 target_cpu=004
  kworker/u129:1-2612  [004]     4.226156: (+3)     sched_wakeup:         sshd:1978 [120] CPU:004
  kworker/u129:1-2612  [004]     4.226160: (+4)     sched_switch:         kworker/u129:1:2612 [120] I ==> sshd:1978 [120]
            sshd-1978  [004]     4.226286: (+126)   sched_switch:         sshd:1978 [120] S ==> cg.C.x:3422 [120]
          cg.C.x-3422  [004]     4.226288: (+2)     sched_waking:         comm=kworker/u129:1 pid=2612 prio=120 target_cpu=004
          cg.C.x-3422  [004]     4.226289: (+1)     sched_wakeup:         kworker/u129:1:2612 [120] CPU:004
          cg.C.x-3422  [004]     4.226291: (+2)     sched_switch:         cg.C.x:3422 [120] R ==> kworker/u129:1:2612 [120]
  kworker/u129:1-2612  [004]     4.226292: (+1)     sched_waking:         comm=sshd pid=1978 prio=120 target_cpu=004
  kworker/u129:1-2612  [004]     4.226294: (+2)     sched_wakeup:         sshd:1978 [120] CPU:004
  kworker/u129:1-2612  [004]     4.226295: (+1)     sched_switch:         kworker/u129:1:2612 [120] I ==> sshd:1978 [120]
            sshd-1978  [004]     4.226318: (+23)    sched_switch:         sshd:1978 [120] S ==> cg.C.x:3422 [120]
          cg.C.x-3425  [017]     4.282217: (+55899) sched_waking:         comm=kworker/17:1 pid=731 prio=120 target_cpu=017
          cg.C.x-3425  [017]     4.282224: (+7)     sched_wakeup:         kworker/17:1:731 [120] CPU:017
          cg.C.x-3425  [017]     4.282228: (+4)     sched_switch:         cg.C.x:3425 [120] R ==> kworker/17:1:731 [120]
    kworker/17:1-731   [017]     4.282239: (+11)    sched_switch:         kworker/17:1:731 [120] I ==> cg.C.x:3425 [120]
          cg.C.x-3485  [013]     4.314217: (+31978) sched_waking:         comm=kworker/13:1 pid=720 prio=120 target_cpu=013
          cg.C.x-3485  [013]     4.314223: (+6)     sched_wakeup:         kworker/13:1:720 [120] CPU:013
          cg.C.x-3485  [013]     4.314227: (+4)     sched_switch:         cg.C.x:3485 [120] R ==> kworker/13:1:720 [120]
    kworker/13:1-720   [013]     4.314239: (+12)    sched_switch:         kworker/13:1:720 [120] I ==> cg.C.x:3485 [120]
          cg.C.x-3423  [000]     4.322217: (+7978)  sched_waking:         comm=kworker/0:3 pid=746 prio=120 target_cpu=000
          cg.C.x-3423  [000]     4.322225: (+8)     sched_wakeup:         kworker/0:3:746 [120] CPU:000
          cg.C.x-3423  [000]     4.322231: (+6)     sched_switch:         cg.C.x:3423 [120] R ==> kworker/0:3:746 [120]
     kworker/0:3-746   [000]     4.322284: (+53)    sched_switch:         kworker/0:3:746 [120] I ==> cg.C.x:3423 [120]
          cg.C.x-3422  [004]     4.347351: (+25067) sched_waking:         comm=kworker/u129:1 pid=2612 prio=120 target_cpu=004
          cg.C.x-3422  [004]     4.347359: (+8)     sched_wakeup:         kworker/u129:1:2612 [120] CPU:004
          cg.C.x-3422  [004]     4.347365: (+6)     sched_switch:         cg.C.x:3422 [120] R ==> kworker/u129:1:2612 [120]
  kworker/u129:1-2612  [004]     4.347372: (+7)     sched_waking:         comm=sshd pid=1978 prio=120 target_cpu=004
  kworker/u129:1-2612  [004]     4.347374: (+2)     sched_wakeup:         sshd:1978 [120] CPU:004
  kworker/u129:1-2612  [004]     4.347387: (+13)    sched_switch:         kworker/u129:1:2612 [120] I ==> sshd:1978 [120]
            sshd-1978  [004]     4.347479: (+92)    sched_switch:         sshd:1978 [120] S ==> cg.C.x:3422 [120]
          cg.C.x-3422  [004]     4.347481: (+2)     sched_waking:         comm=kworker/u129:1 pid=2612 prio=120 target_cpu=004
          cg.C.x-3422  [004]     4.347482: (+1)     sched_wakeup:         kworker/u129:1:2612 [120] CPU:004
          cg.C.x-3422  [004]     4.347484: (+2)     sched_switch:         cg.C.x:3422 [120] R ==> kworker/u129:1:2612 [120]
  kworker/u129:1-2612  [004]     4.347485: (+1)     sched_waking:         comm=sshd pid=1978 prio=120 target_cpu=004
  kworker/u129:1-2612  [004]     4.347486: (+1)     sched_wakeup:         sshd:1978 [120] CPU:004
  kworker/u129:1-2612  [004]     4.347488: (+2)     sched_switch:         kworker/u129:1:2612 [120] I ==> sshd:1978 [120]
            sshd-1978  [004]     4.347510: (+22)    sched_switch:         sshd:1978 [120] S ==> cg.C.x:3422 [120]
          cg.C.x-3434  [014]     4.350216: (+2706)  sched_waking:         comm=kcompactd0 pid=474 prio=120 target_cpu=014
          cg.C.x-3428  [005]     4.350216: (+0)     sched_waking:         comm=kcompactd1 pid=475 prio=120 target_cpu=005
          cg.C.x-3475  [011]     4.350218: (+2)     sched_waking:         comm=kworker/11:1 pid=725 prio=120 target_cpu=011
          cg.C.x-3454  [036]     4.350219: (+1)     sched_waking:         comm=kworker/u129:1 pid=2612 prio=120 target_cpu=004
          cg.C.x-3434  [014]     4.350222: (+3)     sched_wakeup:         kcompactd0:474 [120] CPU:014
          cg.C.x-3428  [005]     4.350222: (+0)     sched_wakeup:         kcompactd1:475 [120] CPU:005
          cg.C.x-3475  [011]     4.350222: (+0)     sched_wakeup:         kworker/11:1:725 [120] CPU:011
          cg.C.x-3454  [036]     4.350223: (+1)     sched_migrate_task:   comm=kworker/u129:1 pid=2612 prio=120 orig_cpu=4 dest_cpu=36
          cg.C.x-3454  [036]     4.350227: (+4)     sched_wakeup:         kworker/u129:1:2612 [120] CPU:036
          cg.C.x-3428  [005]     4.350228: (+1)     sched_switch:         cg.C.x:3428 [120] R ==> kcompactd1:475 [120]
          cg.C.x-3434  [014]     4.350228: (+0)     sched_switch:         cg.C.x:3434 [120] R ==> kcompactd0:474 [120]
          cg.C.x-3475  [011]     4.350229: (+1)     sched_switch:         cg.C.x:3475 [120] R ==> kworker/11:1:725 [120]
          cg.C.x-3454  [036]     4.350231: (+2)     sched_switch:         cg.C.x:3454 [120] R ==> kworker/u129:1:2612 [120]
