          cg.C.x-2786  [042]     2.017875: (+2)     bprint:               __handle_mm_fault: NUMAB MEM ACCESS process[nid:0, cpu:42, pid:2786], folio[virt:0x7f5f09318000, phys:0x153410000, pfn:0x153410, nid:0, npages:1]
          cg.C.x-2783  [023]     2.017876: (+1)     bprint:               __handle_mm_fault: NUMAB MEM ACCESS process[nid:1, cpu:23, pid:2783], folio[virt:0x7f5f0930b000, phys:0x186cca2000, pfn:0x186cca2, nid:1, npages:1]
          cg.C.x-2781  [021]     2.017879: (+3)     bprint:               __handle_mm_fault: NUMAB MEM ACCESS process[nid:1, cpu:21, pid:2781], folio[virt:0x7f5f09301000, phys:0x186c762000, pfn:0x186c762, nid:1, npages:1]
          cg.C.x-2799  [005]     2.017881: (+2)     bprint:               __handle_mm_fault: NUMAB MEM ACCESS process[nid:1, cpu:5, pid:2799], folio[virt:0x7f5f09354000, phys:0x185859a000, pfn:0x185859a, nid:1, npages:1]
          cg.C.x-2796  [044]     2.017882: (+1)     bprint:               __handle_mm_fault: NUMAB MEM ACCESS process[nid:0, cpu:44, pid:2796], folio[virt:0x7f5f09346000, phys:0x112f8a000, pfn:0x112f8a, nid:0, npages:1]
          cg.C.x-2766  [020]     2.017884: (+2)     bprint:               __handle_mm_fault: NUMAB MEM ACCESS process[nid:0, cpu:20, pid:2766], folio[virt:0x7f5f092bd000, phys:0x1b0189000, pfn:0x1b0189, nid:0, npages:1]
          cg.C.x-2803  [043]     2.017885: (+1)     bprint:               __handle_mm_fault: NUMAB MEM ACCESS process[nid:1, cpu:43, pid:2803], folio[virt:0x7f5f09366000, phys:0x1856c60000, pfn:0x1856c60, nid:1, npages:1]
          cg.C.x-2775  [047]     2.017887: (+2)     bprint:               __handle_mm_fault: NUMAB MEM ACCESS process[nid:1, cpu:47, pid:2775], folio[virt:0x7f5f092e6000, phys:0x185da90000, pfn:0x185da90, nid:1, npages:1]
          cg.C.x-2778  [030]     2.017888: (+1)     bprint:               __handle_mm_fault: NUMAB MEM ACCESS process[nid:0, cpu:30, pid:2778], folio[virt:0x7f5f092f4000, phys:0x1142eb000, pfn:0x1142eb, nid:0, npages:1]
          cg.C.x-2804  [008]     2.017889: (+1)     bprint:               __handle_mm_fault: NUMAB MEM ACCESS process[nid:0, cpu:8, pid:2804], folio[virt:0x7f5f0936b000, phys:0x112694000, pfn:0x112694, nid:0, npages:1]
          cg.C.x-2790  [006]     2.017891: (+2)     bprint:               __handle_mm_fault: NUMAB MEM ACCESS process[nid:0, cpu:6, pid:2790], folio[virt:0x7f5f0932b000, phys:0x182222000, pfn:0x182222, nid:0, npages:1]
          cg.C.x-2792  [034]     2.017892: (+1)     bprint:               __handle_mm_fault: NUMAB MEM ACCESS process[nid:0, cpu:34, pid:2792], folio[virt:0x7f5f09334000, phys:0x1b0151000, pfn:0x1b0151, nid:0, npages:1]
          cg.C.x-2813  [053]     2.017893: (+1)     bprint:               __handle_mm_fault: NUMAB MEM ACCESS process[nid:1, cpu:53, pid:2813], folio[virt:0x7f5f09394000, phys:0x18576d3000, pfn:0x18576d3, nid:1, npages:1]
          cg.C.x-2762  [000]     2.017894: (+1)     bprint:               __handle_mm_fault: NUMAB MEM ACCESS process[nid:0, cpu:0, pid:2762], folio[virt:0x7f5f092aa000, phys:0x151ad4000, pfn:0x151ad4, nid:0, npages:1]
          cg.C.x-2763  [012]     2.017895: (+1)     bprint:               __handle_mm_fault: NUMAB MEM ACCESS process[nid:0, cpu:12, pid:2763], folio[virt:0x7f5f092b0000, phys:0x18037d000, pfn:0x18037d, nid:0, npages:1]
          cg.C.x-2793  [063]     2.017897: (+2)     bprint:               __handle_mm_fault: NUMAB MEM ACCESS process[nid:1, cpu:63, pid:2793], folio[virt:0x7f5f09338000, phys:0x186536c000, pfn:0x186536c, nid:1, npages:1]
          cg.C.x-2773  [013]     2.017898: (+1)     bprint:               __handle_mm_fault: NUMAB MEM ACCESS process[nid:1, cpu:13, pid:2773], folio[virt:0x7f5f092dd000, phys:0x185f4b9000, pfn:0x185f4b9, nid:1, npages:1]
          cg.C.x-2818  [054]     2.017899: (+1)     bprint:               __handle_mm_fault: NUMAB MEM ACCESS process[nid:0, cpu:54, pid:2818], folio[virt:0x7f5f093ab000, phys:0x1226d7000, pfn:0x1226d7, nid:0, npages:1]
          cg.C.x-2806  [004]     2.017900: (+1)     bprint:               __handle_mm_fault: NUMAB MEM ACCESS process[nid:0, cpu:4, pid:2806], folio[virt:0x7f5f09374000, phys:0x114359000, pfn:0x114359, nid:0, npages:1]
          cg.C.x-2811  [019]     2.017902: (+2)     bprint:               __handle_mm_fault: NUMAB MEM ACCESS process[nid:1, cpu:19, pid:2811], folio[virt:0x7f5f0938b000, phys:0x186c986000, pfn:0x186c986, nid:1, npages:1]
          cg.C.x-2757  [059]     2.017903: (+1)     bprint:               __handle_mm_fault: NUMAB MEM ACCESS process[nid:1, cpu:59, pid:2757], folio[virt:0x7f5f09294000, phys:0x185f99b000, pfn:0x185f99b, nid:1, npages:1]
          cg.C.x-2774  [026]     2.017904: (+1)     bprint:               __handle_mm_fault: NUMAB MEM ACCESS process[nid:0, cpu:26, pid:2774], folio[virt:0x7f5f092df000, phys:0x151d35000, pfn:0x151d35, nid:0, npages:1]
          cg.C.x-2772  [056]     2.017906: (+2)     bprint:               __handle_mm_fault: NUMAB MEM ACCESS process[nid:0, cpu:56, pid:2772], folio[virt:0x7f5f092d8000, phys:0x185c08000, pfn:0x185c08, nid:0, npages:1]
          cg.C.x-2807  [015]     2.017907: (+1)     bprint:               __handle_mm_fault: NUMAB MEM ACCESS process[nid:1, cpu:15, pid:2807], folio[virt:0x7f5f09378000, phys:0x18800b8000, pfn:0x18800b8, nid:1, npages:1]
          cg.C.x-2758  [029]     2.017908: (+1)     bprint:               __handle_mm_fault: NUMAB MEM ACCESS process[nid:1, cpu:29, pid:2758], folio[virt:0x7f5f09298000, phys:0x185f6cf000, pfn:0x185f6cf, nid:1, npages:1]
          cg.C.x-2787  [041]     2.017909: (+1)     bprint:               __handle_mm_fault: NUMAB MEM ACCESS process[nid:1, cpu:41, pid:2787], folio[virt:0x7f5f0931d000, phys:0x1866c5b000, pfn:0x1866c5b, nid:1, npages:1]
          cg.C.x-2789  [027]     2.017911: (+2)     bprint:               __handle_mm_fault: NUMAB MEM ACCESS process[nid:1, cpu:27, pid:2789], folio[virt:0x7f5f09326000, phys:0x18662b9000, pfn:0x18662b9, nid:1, npages:1]
          cg.C.x-2769  [039]     2.017912: (+1)     bprint:               __handle_mm_fault: NUMAB MEM ACCESS process[nid:1, cpu:39, pid:2769], folio[virt:0x7f5f092ca000, phys:0x186e531000, pfn:0x186e531, nid:1, npages:1]
          cg.C.x-2815  [055]     2.017913: (+1)     bprint:               __handle_mm_fault: NUMAB MEM ACCESS process[nid:1, cpu:55, pid:2815], folio[virt:0x7f5f0939d000, phys:0x185773a000, pfn:0x185773a, nid:1, npages:1]
          cg.C.x-2761  [033]     2.017914: (+1)     bprint:               __handle_mm_fault: NUMAB MEM ACCESS process[nid:1, cpu:33, pid:2761], folio[virt:0x7f5f092a6000, phys:0x18644d9000, pfn:0x18644d9, nid:1, npages:1]
          cg.C.x-2767  [037]     2.017915: (+1)     bprint:               __handle_mm_fault: NUMAB MEM ACCESS process[nid:1, cpu:37, pid:2767], folio[virt:0x7f5f092c1000, phys:0x186e52d000, pfn:0x186e52d, nid:1, npages:1]
          cg.C.x-2797  [003]     2.017916: (+1)     bprint:               __handle_mm_fault: NUMAB MEM ACCESS process[nid:1, cpu:3, pid:2797], folio[virt:0x7f5f0934b000, phys:0x185771f000, pfn:0x185771f, nid:1, npages:1]
          cg.C.x-2759  [031]     2.017917: (+1)     bprint:               __handle_mm_fault: NUMAB MEM ACCESS process[nid:1, cpu:31, pid:2759], folio[virt:0x7f5f0929d000, phys:0x185ea64000, pfn:0x185ea64, nid:1, npages:1]
          cg.C.x-2801  [007]     2.017918: (+1)     bprint:               __handle_mm_fault: NUMAB MEM ACCESS process[nid:1, cpu:7, pid:2801], folio[virt:0x7f5f0935d000, phys:0x186edc6000, pfn:0x186edc6, nid:1, npages:1]
          cg.C.x-2819  [009]     2.017919: (+1)     bprint:               __handle_mm_fault: NUMAB MEM ACCESS process[nid:1, cpu:9, pid:2819], folio[virt:0x7f5f093b0000, phys:0x186d889000, pfn:0x186d889, nid:1, npages:1]
          cg.C.x-2777  [049]     2.017920: (+1)     bprint:               __handle_mm_fault: NUMAB MEM ACCESS process[nid:1, cpu:49, pid:2777], folio[virt:0x7f5f092f0000, phys:0x18662eb000, pfn:0x18662eb, nid:1, npages:1]
          cg.C.x-2770  [050]     2.017921: (+1)     bprint:               __handle_mm_fault: NUMAB MEM ACCESS process[nid:0, cpu:50, pid:2770], folio[virt:0x7f5f092d0000, phys:0x1118bc000, pfn:0x1118bc, nid:0, npages:1]
          cg.C.x-2812  [052]     2.017923: (+2)     bprint:               __handle_mm_fault: NUMAB MEM ACCESS process[nid:0, cpu:52, pid:2812], folio[virt:0x7f5f0938d000, phys:0x15187e000, pfn:0x15187e, nid:0, npages:1]
          cg.C.x-2820  [060]     2.017924: (+1)     bprint:               __handle_mm_fault: NUMAB MEM ACCESS process[nid:0, cpu:60, pid:2820], folio[virt:0x7f5f093b5000, phys:0x1132f4000, pfn:0x1132f4, nid:0, npages:1]
          cg.C.x-2791  [061]     2.017925: (+1)     bprint:               __handle_mm_fault: NUMAB MEM ACCESS process[nid:1, cpu:61, pid:2791], folio[virt:0x7f5f0932d000, phys:0x303a07d000, pfn:0x303a07d, nid:1, npages:1]
          cg.C.x-2779  [051]     2.017926: (+1)     bprint:               __handle_mm_fault: NUMAB MEM ACCESS process[nid:1, cpu:51, pid:2779], folio[virt:0x7f5f092f9000, phys:0x186c847000, pfn:0x186c847, nid:1, npages:1]
          cg.C.x-2784  [002]     2.017928: (+2)     bprint:               __handle_mm_fault: NUMAB MEM ACCESS process[nid:0, cpu:2, pid:2784], folio[virt:0x7f5f0930d000, phys:0x112f9f000, pfn:0x112f9f, nid:0, npages:1]
          cg.C.x-2782  [014]     2.017929: (+1)     bprint:               __handle_mm_fault: NUMAB MEM ACCESS process[nid:0, cpu:14, pid:2782], folio[virt:0x7f5f09307000, phys:0x152157000, pfn:0x152157, nid:0, npages:1]
          cg.C.x-2808  [010]     2.017930: (+1)     bprint:               __handle_mm_fault: NUMAB MEM ACCESS process[nid:0, cpu:10, pid:2808], folio[virt:0x7f5f0937e000, phys:0x181bed000, pfn:0x181bed, nid:0, npages:1]
          cg.C.x-2817  [057]     2.017931: (+1)     bprint:               __handle_mm_fault: NUMAB MEM ACCESS process[nid:1, cpu:57, pid:2817], folio[virt:0x7f5f093a4000, phys:0x185ea08000, pfn:0x185ea08, nid:1, npages:1]
          cg.C.x-2786  [042]     2.017933: (+2)     bprint:               __handle_mm_fault: NUMAB MEM ACCESS process[nid:0, cpu:42, pid:2786], folio[virt:0x7f5f09319000, phys:0x153411000, pfn:0x153411, nid:0, npages:1]
          cg.C.x-2765  [035]     2.017934: (+1)     bprint:               __handle_mm_fault: NUMAB MEM ACCESS process[nid:1, cpu:35, pid:2765], folio[virt:0x7f5f092b6000, phys:0x186d1cf000, pfn:0x186d1cf, nid:1, npages:1]
          cg.C.x-2788  [028]     2.017935: (+1)     bprint:               __handle_mm_fault: NUMAB MEM ACCESS process[nid:0, cpu:28, pid:2788], folio[virt:0x7f5f0931f000, phys:0x1212d4000, pfn:0x1212d4, nid:0, npages:1]
          cg.C.x-2805  [045]     2.017936: (+1)     bprint:               __handle_mm_fault: NUMAB MEM ACCESS process[nid:1, cpu:45, pid:2805], folio[virt:0x7f5f0936d000, phys:0x186cafa000, pfn:0x186cafa, nid:1, npages:1]
          cg.C.x-2776  [036]     2.017937: (+1)     bprint:               __handle_mm_fault: NUMAB MEM ACCESS process[nid:0, cpu:36, pid:2776], folio[virt:0x7f5f092e8000, phys:0x15367c000, pfn:0x15367c, nid:0, npages:1]
          cg.C.x-2781  [021]     2.017939: (+2)     bprint:               __handle_mm_fault: NUMAB MEM ACCESS process[nid:1, cpu:21, pid:2781], folio[virt:0x7f5f09302000, phys:0x186c6ba000, pfn:0x186c6ba, nid:1, npages:1]
          cg.C.x-2796  [044]     2.017940: (+1)     bprint:               __handle_mm_fault: NUMAB MEM ACCESS process[nid:0, cpu:44, pid:2796], folio[virt:0x7f5f09347000, phys:0x112f8b000, pfn:0x112f8b, nid:0, npages:1]
          cg.C.x-2814  [062]     2.017942: (+2)     bprint:               __handle_mm_fault: NUMAB MEM ACCESS process[nid:0, cpu:62, pid:2814], folio[virt:0x7f5f09396000, phys:0x150318000, pfn:0x150318, nid:0, npages:1]
          cg.C.x-2760  [040]     2.017943: (+1)     bprint:               __handle_mm_fault: NUMAB MEM ACCESS process[nid:0, cpu:40, pid:2760], folio[virt:0x7f5f0929f000, phys:0x18227f000, pfn:0x18227f, nid:0, npages:1]
          cg.C.x-2803  [043]     2.017944: (+1)     bprint:               __handle_mm_fault: NUMAB MEM ACCESS process[nid:1, cpu:43, pid:2803], folio[virt:0x7f5f09367000, phys:0x1856c61000, pfn:0x1856c61, nid:1, npages:1]
          cg.C.x-2810  [058]     2.017945: (+1)     bprint:               __handle_mm_fault: NUMAB MEM ACCESS process[nid:0, cpu:58, pid:2810], folio[virt:0x7f5f09384000, phys:0x111e8d000, pfn:0x111e8d, nid:0, npages:1]
          cg.C.x-2762  [000]     2.017947: (+2)     bprint:               __handle_mm_fault: NUMAB MEM ACCESS process[nid:0, cpu:0, pid:2762], folio[virt:0x7f5f092ab000, phys:0x114ebb000, pfn:0x114ebb, nid:0, npages:1]
          cg.C.x-2798  [032]     2.017948: (+1)     bprint:               __handle_mm_fault: NUMAB MEM ACCESS process[nid:0, cpu:32, pid:2798], folio[virt:0x7f5f0934d000, phys:0x111f4f000, pfn:0x111f4f, nid:0, npages:1]
          cg.C.x-2793  [063]     2.017950: (+2)     bprint:               __handle_mm_fault: NUMAB MEM ACCESS process[nid:1, cpu:63, pid:2793], folio[virt:0x7f5f09339000, phys:0x18560a1000, pfn:0x18560a1, nid:1, npages:1]
          cg.C.x-2774  [026]     2.017951: (+1)     bprint:               __handle_mm_fault: NUMAB MEM ACCESS process[nid:0, cpu:26, pid:2774], folio[virt:0x7f5f092e0000, phys:0x1536bc000, pfn:0x1536bc, nid:0, npages:1]
          cg.C.x-2800  [024]     2.017952: (+1)     bprint:               __handle_mm_fault: NUMAB MEM ACCESS process[nid:0, cpu:24, pid:2800], folio[virt:0x7f5f09356000, phys:0x150374000, pfn:0x150374, nid:0, npages:1]
          cg.C.x-2772  [056]     2.017953: (+1)     bprint:               __handle_mm_fault: NUMAB MEM ACCESS process[nid:0, cpu:56, pid:2772], folio[virt:0x7f5f092d9000, phys:0x11258d000, pfn:0x11258d, nid:0, npages:1]
          cg.C.x-2807  [015]     2.017954: (+1)     bprint:               __handle_mm_fault: NUMAB MEM ACCESS process[nid:1, cpu:15, pid:2807], folio[virt:0x7f5f09379000, phys:0x18800b9000, pfn:0x18800b9, nid:1, npages:1]
          cg.C.x-2758  [029]     2.017956: (+2)     bprint:               __handle_mm_fault: NUMAB MEM ACCESS process[nid:1, cpu:29, pid:2758], folio[virt:0x7f5f09299000, phys:0x186c819000, pfn:0x186c819, nid:1, npages:1]
          cg.C.x-2789  [027]     2.017957: (+1)     bprint:               __handle_mm_fault: NUMAB MEM ACCESS process[nid:1, cpu:27, pid:2789], folio[virt:0x7f5f09327000, phys:0x186666f000, pfn:0x186666f, nid:1, npages:1]
          cg.C.x-2769  [039]     2.017958: (+1)     bprint:               __handle_mm_fault: NUMAB MEM ACCESS process[nid:1, cpu:39, pid:2769], folio[virt:0x7f5f092cb000, phys:0x1858930000, pfn:0x1858930, nid:1, npages:1]
          cg.C.x-2815  [055]     2.017959: (+1)     bprint:               __handle_mm_fault: NUMAB MEM ACCESS process[nid:1, cpu:55, pid:2815], folio[virt:0x7f5f0939e000, phys:0x185f0e3000, pfn:0x185f0e3, nid:1, npages:1]
          cg.C.x-2767  [037]     2.017960: (+1)     bprint:               __handle_mm_fault: NUMAB MEM ACCESS process[nid:1, cpu:37, pid:2767], folio[virt:0x7f5f092c2000, phys:0x26e3d90000, pfn:0x26e3d90, nid:1, npages:1]
          cg.C.x-2795  [001]     2.017960: (+0)     bprint:               __handle_mm_fault: NUMAB MEM ACCESS process[nid:1, cpu:1, pid:2795], folio[virt:0x7f5f0933f000, phys:0x186d181000, pfn:0x186d181, nid:1, npages:1]
          cg.C.x-2801  [007]     2.017962: (+2)     bprint:               __handle_mm_fault: NUMAB MEM ACCESS process[nid:1, cpu:7, pid:2801], folio[virt:0x7f5f0935e000, phys:0x186edc7000, pfn:0x186edc7, nid:1, npages:1]
          cg.C.x-2812  [052]     2.017963: (+1)     bprint:               __handle_mm_fault: NUMAB MEM ACCESS process[nid:0, cpu:52, pid:2812], folio[virt:0x7f5f0938e000, phys:0x122213000, pfn:0x122213, nid:0, npages:1]
          cg.C.x-2791  [061]     2.017964: (+1)     bprint:               __handle_mm_fault: NUMAB MEM ACCESS process[nid:1, cpu:61, pid:2791], folio[virt:0x7f5f0932e000, phys:0x185f11c000, pfn:0x185f11c, nid:1, npages:1]
          cg.C.x-2784  [002]     2.017965: (+1)     bprint:               __handle_mm_fault: NUMAB MEM ACCESS process[nid:0, cpu:2, pid:2784], folio[virt:0x7f5f0930e000, phys:0x1b0315000, pfn:0x1b0315, nid:0, npages:1]
          cg.C.x-2817  [057]     2.017966: (+1)     bprint:               __handle_mm_fault: NUMAB MEM ACCESS process[nid:1, cpu:57, pid:2817], folio[virt:0x7f5f093a5000, phys:0x1865178000, pfn:0x1865178, nid:1, npages:1]
          cg.C.x-2765  [035]     2.017967: (+1)     bprint:               __handle_mm_fault: NUMAB MEM ACCESS process[nid:1, cpu:35, pid:2765], folio[virt:0x7f5f092b7000, phys:0x186d1d0000, pfn:0x186d1d0, nid:1, npages:1]
          cg.C.x-2788  [028]     2.017969: (+2)     bprint:               __handle_mm_fault: NUMAB MEM ACCESS process[nid:0, cpu:28, pid:2788], folio[virt:0x7f5f09320000, phys:0x113160000, pfn:0x113160, nid:0, npages:1]
          cg.C.x-2805  [045]     2.017970: (+1)     bprint:               __handle_mm_fault: NUMAB MEM ACCESS process[nid:1, cpu:45, pid:2805], folio[virt:0x7f5f0936e000, phys:0x1858376000, pfn:0x1858376, nid:1, npages:1]
          cg.C.x-2776  [036]     2.017971: (+1)     bprint:               __handle_mm_fault: NUMAB MEM ACCESS process[nid:0, cpu:36, pid:2776], folio[virt:0x7f5f092e9000, phys:0x15367d000, pfn:0x15367d, nid:0, npages:1]
          cg.C.x-2814  [062]     2.017972: (+1)     bprint:               __handle_mm_fault: NUMAB MEM ACCESS process[nid:0, cpu:62, pid:2814], folio[virt:0x7f5f09397000, phys:0x150319000, pfn:0x150319, nid:0, npages:1]
          cg.C.x-2760  [040]     2.017973: (+1)     bprint:               __handle_mm_fault: NUMAB MEM ACCESS process[nid:0, cpu:40, pid:2760], folio[virt:0x7f5f092a0000, phys:0x1568bc000, pfn:0x1568bc, nid:0, npages:1]
          cg.C.x-2810  [058]     2.017974: (+1)     bprint:               __handle_mm_fault: NUMAB MEM ACCESS process[nid:0, cpu:58, pid:2810], folio[virt:0x7f5f09385000, phys:0x18125a000, pfn:0x18125a, nid:0, npages:1]
          cg.C.x-2798  [032]     2.017975: (+1)     bprint:               __handle_mm_fault: NUMAB MEM ACCESS process[nid:0, cpu:32, pid:2798], folio[virt:0x7f5f0934e000, phys:0x1b097e000, pfn:0x1b097e, nid:0, npages:1]
          cg.C.x-2774  [026]     2.017976: (+1)     bprint:               __handle_mm_fault: NUMAB MEM ACCESS process[nid:0, cpu:26, pid:2774], folio[virt:0x7f5f092e1000, phys:0x111faf000, pfn:0x111faf, nid:0, npages:1]
          cg.C.x-2800  [024]     2.017977: (+1)     bprint:               __handle_mm_fault: NUMAB MEM ACCESS process[nid:0, cpu:24, pid:2800], folio[virt:0x7f5f09357000, phys:0x114321000, pfn:0x114321, nid:0, npages:1]
          cg.C.x-2795  [001]     2.017978: (+1)     bprint:               __handle_mm_fault: NUMAB MEM ACCESS process[nid:1, cpu:1, pid:2795], folio[virt:0x7f5f09340000, phys:0x1856d46000, pfn:0x1856d46, nid:1, npages:1]
          cg.C.x-2812  [052]     2.017979: (+1)     bprint:               __handle_mm_fault: NUMAB MEM ACCESS process[nid:0, cpu:52, pid:2812], folio[virt:0x7f5f0938f000, phys:0x150bd5000, pfn:0x150bd5, nid:0, npages:1]
          cg.C.x-2791  [061]     2.017981: (+2)     bprint:               __handle_mm_fault: NUMAB MEM ACCESS process[nid:1, cpu:61, pid:2791], folio[virt:0x7f5f0932f000, phys:0x1856c48000, pfn:0x1856c48, nid:1, npages:1]
          cg.C.x-2784  [002]     2.017982: (+1)     bprint:               __handle_mm_fault: NUMAB MEM ACCESS process[nid:0, cpu:2, pid:2784], folio[virt:0x7f5f0930f000, phys:0x114cb7000, pfn:0x114cb7, nid:0, npages:1]
          cg.C.x-2817  [057]     2.017983: (+1)     bprint:               __handle_mm_fault: NUMAB MEM ACCESS process[nid:1, cpu:57, pid:2817], folio[virt:0x7f5f093a6000, phys:0x186c21a000, pfn:0x186c21a, nid:1, npages:1]
          cg.C.x-2765  [035]     2.017984: (+1)     bprint:               __handle_mm_fault: NUMAB MEM ACCESS process[nid:1, cpu:35, pid:2765], folio[virt:0x7f5f092b8000, phys:0x186d1d1000, pfn:0x186d1d1, nid:1, npages:1]
          cg.C.x-2788  [028]     2.017985: (+1)     bprint:               __handle_mm_fault: NUMAB MEM ACCESS process[nid:0, cpu:28, pid:2788], folio[virt:0x7f5f09321000, phys:0x1b031a000, pfn:0x1b031a, nid:0, npages:1]
          cg.C.x-2805  [045]     2.017986: (+1)     bprint:               __handle_mm_fault: NUMAB MEM ACCESS process[nid:1, cpu:45, pid:2805], folio[virt:0x7f5f0936f000, phys:0x186c817000, pfn:0x186c817, nid:1, npages:1]
          cg.C.x-2776  [036]     2.017987: (+1)     bprint:               __handle_mm_fault: NUMAB MEM ACCESS process[nid:0, cpu:36, pid:2776], folio[virt:0x7f5f092ea000, phys:0x1143b2000, pfn:0x1143b2, nid:0, npages:1]
          cg.C.x-2814  [062]     2.017988: (+1)     bprint:               __handle_mm_fault: NUMAB MEM ACCESS process[nid:0, cpu:62, pid:2814], folio[virt:0x7f5f09398000, phys:0x1508d6000, pfn:0x1508d6, nid:0, npages:1]
          cg.C.x-2760  [040]     2.017989: (+1)     bprint:               __handle_mm_fault: NUMAB MEM ACCESS process[nid:0, cpu:40, pid:2760], folio[virt:0x7f5f092a1000, phys:0x183fe08000, pfn:0x183fe08, nid:0, npages:1]
          cg.C.x-2810  [058]     2.017990: (+1)     bprint:               __handle_mm_fault: NUMAB MEM ACCESS process[nid:0, cpu:58, pid:2810], folio[virt:0x7f5f09386000, phys:0x18125b000, pfn:0x18125b, nid:0, npages:1]
          cg.C.x-2798  [032]     2.017991: (+1)     bprint:               __handle_mm_fault: NUMAB MEM ACCESS process[nid:0, cpu:32, pid:2798], folio[virt:0x7f5f0934f000, phys:0x11191c000, pfn:0x11191c, nid:0, npages:1]
          cg.C.x-2774  [026]     2.017992: (+1)     bprint:               __handle_mm_fault: NUMAB MEM ACCESS process[nid:0, cpu:26, pid:2774], folio[virt:0x7f5f092e2000, phys:0x110dae000, pfn:0x110dae, nid:0, npages:1]
          cg.C.x-2800  [024]     2.017993: (+1)     bprint:               __handle_mm_fault: NUMAB MEM ACCESS process[nid:0, cpu:24, pid:2800], folio[virt:0x7f5f09358000, phys:0x150375000, pfn:0x150375, nid:0, npages:1]
          cg.C.x-2795  [001]     2.017994: (+1)     bprint:               __handle_mm_fault: NUMAB MEM ACCESS process[nid:1, cpu:1, pid:2795], folio[virt:0x7f5f09341000, phys:0x1856d2d000, pfn:0x1856d2d, nid:1, npages:1]
          cg.C.x-2812  [052]     2.017996: (+2)     bprint:               __handle_mm_fault: NUMAB MEM ACCESS process[nid:0, cpu:52, pid:2812], folio[virt:0x7f5f09390000, phys:0x1818b6000, pfn:0x1818b6, nid:0, npages:1]
          cg.C.x-2791  [061]     2.017997: (+1)     bprint:               __handle_mm_fault: NUMAB MEM ACCESS process[nid:1, cpu:61, pid:2791], folio[virt:0x7f5f09330000, phys:0x185eb36000, pfn:0x185eb36, nid:1, npages:1]
          cg.C.x-2784  [002]     2.017998: (+1)     bprint:               __handle_mm_fault: NUMAB MEM ACCESS process[nid:0, cpu:2, pid:2784], folio[virt:0x7f5f09310000, phys:0x1b037c000, pfn:0x1b037c, nid:0, npages:1]
          cg.C.x-2817  [057]     2.017999: (+1)     bprint:               __handle_mm_fault: NUMAB MEM ACCESS process[nid:1, cpu:57, pid:2817], folio[virt:0x7f5f093a7000, phys:0x186c7bd000, pfn:0x186c7bd, nid:1, npages:1]
          cg.C.x-2765  [035]     2.018000: (+1)     bprint:               __handle_mm_fault: NUMAB MEM ACCESS process[nid:1, cpu:35, pid:2765], folio[virt:0x7f5f092b9000, phys:0x186d1d2000, pfn:0x186d1d2, nid:1, npages:1]
          cg.C.x-2788  [028]     2.018001: (+1)     bprint:               __handle_mm_fault: NUMAB MEM ACCESS process[nid:0, cpu:28, pid:2788], folio[virt:0x7f5f09322000, phys:0x1b032d000, pfn:0x1b032d, nid:0, npages:1]
          cg.C.x-2805  [045]     2.018002: (+1)     bprint:               __handle_mm_fault: NUMAB MEM ACCESS process[nid:1, cpu:45, pid:2805], folio[virt:0x7f5f09370000, phys:0x186450a000, pfn:0x186450a, nid:1, npages:1]
          cg.C.x-2776  [036]     2.018003: (+1)     bprint:               __handle_mm_fault: NUMAB MEM ACCESS process[nid:0, cpu:36, pid:2776], folio[virt:0x7f5f092eb000, phys:0x1143b3000, pfn:0x1143b3, nid:0, npages:1]
          cg.C.x-2814  [062]     2.018004: (+1)     bprint:               __handle_mm_fault: NUMAB MEM ACCESS process[nid:0, cpu:62, pid:2814], folio[virt:0x7f5f09399000, phys:0x1508d7000, pfn:0x1508d7, nid:0, npages:1]
          cg.C.x-2760  [040]     2.018005: (+1)     bprint:               __handle_mm_fault: NUMAB MEM ACCESS process[nid:0, cpu:40, pid:2760], folio[virt:0x7f5f092a2000, phys:0x1130fb000, pfn:0x1130fb, nid:0, npages:1]
          cg.C.x-2810  [058]     2.018006: (+1)     bprint:               __handle_mm_fault: NUMAB MEM ACCESS process[nid:0, cpu:58, pid:2810], folio[virt:0x7f5f09387000, phys:0x11240a000, pfn:0x11240a, nid:0, npages:1]
          cg.C.x-2798  [032]     2.018007: (+1)     bprint:               __handle_mm_fault: NUMAB MEM ACCESS process[nid:0, cpu:32, pid:2798], folio[virt:0x7f5f09350000, phys:0x1226fe000, pfn:0x1226fe, nid:0, npages:1]
          cg.C.x-2800  [024]     2.018008: (+1)     bprint:               __handle_mm_fault: NUMAB MEM ACCESS process[nid:0, cpu:24, pid:2800], folio[virt:0x7f5f09359000, phys:0x11433d000, pfn:0x11433d, nid:0, npages:1]
          cg.C.x-2795  [001]     2.018009: (+1)     bprint:               __handle_mm_fault: NUMAB MEM ACCESS process[nid:1, cpu:1, pid:2795], folio[virt:0x7f5f09342000, phys:0x1856d3e000, pfn:0x1856d3e, nid:1, npages:1]
          cg.C.x-2806  [004]     2.022820: (+4811)  sched_waking:         comm=kworker/u129:8 pid=413 prio=120 target_cpu=004
          cg.C.x-2806  [004]     2.022832: (+12)    sched_wakeup:         kworker/u129:8:413 [120] CPU:004
          cg.C.x-2806  [004]     2.022841: (+9)     sched_switch:         cg.C.x:2806 [120] R ==> kworker/u129:8:413 [120]
  kworker/u129:8-413   [004]     2.023369: (+528)   sched_switch:         kworker/u129:8:413 [120] I ==> cg.C.x:2806 [120]
          cg.C.x-2757  [059]     2.083589: (+60220) sched_waking:         comm=kworker/u130:0 pid=400 prio=120 target_cpu=059
          cg.C.x-2757  [059]     2.083596: (+7)     sched_wakeup:         kworker/u130:0:400 [120] CPU:059
          cg.C.x-2757  [059]     2.083602: (+6)     sched_switch:         cg.C.x:2757 [120] R ==> kworker/u130:0:400 [120]
  kworker/u130:0-400   [059]     2.083608: (+6)     sched_waking:         comm=sshd pid=1967 prio=120 target_cpu=059
  kworker/u130:0-400   [059]     2.083611: (+3)     sched_wakeup:         sshd:1967 [120] CPU:059
  kworker/u130:0-400   [059]     2.083614: (+3)     sched_switch:         kworker/u130:0:400 [120] I ==> sshd:1967 [120]
            sshd-1967  [059]     2.083693: (+79)    sched_switch:         sshd:1967 [120] S ==> cg.C.x:2757 [120]
          cg.C.x-2757  [059]     2.083694: (+1)     sched_waking:         comm=kworker/u130:0 pid=400 prio=120 target_cpu=059
          cg.C.x-2757  [059]     2.083695: (+1)     sched_wakeup:         kworker/u130:0:400 [120] CPU:059
          cg.C.x-2757  [059]     2.083697: (+2)     sched_switch:         cg.C.x:2757 [120] R ==> kworker/u130:0:400 [120]
  kworker/u130:0-400   [059]     2.083698: (+1)     sched_waking:         comm=sshd pid=1967 prio=120 target_cpu=059
  kworker/u130:0-400   [059]     2.083699: (+1)     sched_wakeup:         sshd:1967 [120] CPU:059
  kworker/u130:0-400   [059]     2.083701: (+2)     sched_switch:         kworker/u130:0:400 [120] I ==> sshd:1967 [120]
            sshd-1967  [059]     2.083724: (+23)    sched_switch:         sshd:1967 [120] S ==> cg.C.x:2757 [120]
          cg.C.x-2793  [063]     2.150815: (+67091) sched_waking:         comm=kworker/63:1 pid=493 prio=120 target_cpu=063
          cg.C.x-2760  [040]     2.150817: (+2)     sched_waking:         comm=kworker/40:1 pid=736 prio=120 target_cpu=040
          cg.C.x-2793  [063]     2.150823: (+6)     sched_wakeup:         kworker/63:1:493 [120] CPU:063
          cg.C.x-2760  [040]     2.150824: (+1)     sched_wakeup:         kworker/40:1:736 [120] CPU:040
          cg.C.x-2760  [040]     2.150832: (+8)     sched_switch:         cg.C.x:2760 [120] R ==> kworker/40:1:736 [120]
          cg.C.x-2793  [063]     2.150833: (+1)     sched_switch:         cg.C.x:2793 [120] R ==> kworker/63:1:493 [120]
    kworker/63:1-493   [063]     2.150843: (+10)    sched_switch:         kworker/63:1:493 [120] I ==> cg.C.x:2793 [120]
    kworker/40:1-736   [040]     2.150844: (+1)     sched_switch:         kworker/40:1:736 [120] I ==> cg.C.x:2760 [120]
          cg.C.x-2786  [042]     2.154814: (+3970)  sched_waking:         comm=kworker/42:1 pid=737 prio=120 target_cpu=042
          cg.C.x-2808  [010]     2.154814: (+0)     sched_waking:         comm=kworker/10:1 pid=714 prio=120 target_cpu=010
          cg.C.x-2762  [000]     2.154814: (+0)     sched_waking:         comm=kworker/0:2 pid=466 prio=120 target_cpu=000
          cg.C.x-2779  [051]     2.154814: (+0)     sched_waking:         comm=kworker/51:1 pid=572 prio=120 target_cpu=051
          cg.C.x-2807  [015]     2.154814: (+0)     sched_waking:         comm=kworker/15:1 pid=481 prio=120 target_cpu=015
          cg.C.x-2797  [003]     2.154814: (+0)     sched_waking:         comm=kworker/3:1 pid=711 prio=120 target_cpu=003
          cg.C.x-2800  [024]     2.154814: (+0)     sched_waking:         comm=kworker/24:1 pid=497 prio=120 target_cpu=024
          cg.C.x-2819  [009]     2.154814: (+0)     sched_waking:         comm=kworker/9:1 pid=712 prio=120 target_cpu=009
          cg.C.x-2801  [007]     2.154814: (+0)     sched_waking:         comm=kworker/7:2 pid=953 prio=120 target_cpu=007
          cg.C.x-2792  [034]     2.154815: (+1)     sched_waking:         comm=kworker/34:2 pid=1007 prio=120 target_cpu=034
          cg.C.x-2778  [030]     2.154816: (+1)     sched_waking:         comm=kworker/u129:8 pid=413 prio=120 target_cpu=004
          cg.C.x-2797  [003]     2.154820: (+4)     sched_wakeup:         kworker/3:1:711 [120] CPU:003
          cg.C.x-2779  [051]     2.154820: (+0)     sched_wakeup:         kworker/51:1:572 [120] CPU:051
          cg.C.x-2819  [009]     2.154820: (+0)     sched_wakeup:         kworker/9:1:712 [120] CPU:009
          cg.C.x-2801  [007]     2.154820: (+0)     sched_wakeup:         kworker/7:2:953 [120] CPU:007
          cg.C.x-2807  [015]     2.154820: (+0)     sched_wakeup:         kworker/15:1:481 [120] CPU:015
          cg.C.x-2762  [000]     2.154820: (+0)     sched_wakeup:         kworker/0:2:466 [120] CPU:000
          cg.C.x-2792  [034]     2.154820: (+0)     sched_wakeup:         kworker/34:2:1007 [120] CPU:034
          cg.C.x-2808  [010]     2.154820: (+0)     sched_wakeup:         kworker/10:1:714 [120] CPU:010
          cg.C.x-2786  [042]     2.154820: (+0)     sched_wakeup:         kworker/42:1:737 [120] CPU:042
          cg.C.x-2800  [024]     2.154821: (+1)     sched_wakeup:         kworker/24:1:497 [120] CPU:024
          cg.C.x-2778  [030]     2.154822: (+1)     sched_wakeup:         kworker/u129:8:413 [120] CPU:004
          cg.C.x-2819  [009]     2.154825: (+3)     sched_switch:         cg.C.x:2819 [120] R ==> kworker/9:1:712 [120]
          cg.C.x-2797  [003]     2.154825: (+0)     sched_switch:         cg.C.x:2797 [120] R ==> kworker/3:1:711 [120]
          cg.C.x-2786  [042]     2.154825: (+0)     sched_switch:         cg.C.x:2786 [120] R ==> kworker/42:1:737 [120]
          cg.C.x-2808  [010]     2.154825: (+0)     sched_switch:         cg.C.x:2808 [120] R ==> kworker/10:1:714 [120]
          cg.C.x-2762  [000]     2.154825: (+0)     sched_switch:         cg.C.x:2762 [120] R ==> kworker/0:2:466 [120]
          cg.C.x-2800  [024]     2.154826: (+1)     sched_switch:         cg.C.x:2800 [120] R ==> kworker/24:1:497 [120]
          cg.C.x-2779  [051]     2.154826: (+0)     sched_switch:         cg.C.x:2779 [120] R ==> kworker/51:1:572 [120]
          cg.C.x-2807  [015]     2.154826: (+0)     sched_switch:         cg.C.x:2807 [120] R ==> kworker/15:1:481 [120]
          cg.C.x-2801  [007]     2.154826: (+0)     sched_switch:         cg.C.x:2801 [120] R ==> kworker/7:2:953 [120]
          cg.C.x-2792  [034]     2.154826: (+0)     sched_switch:         cg.C.x:2792 [120] R ==> kworker/34:2:1007 [120]
    kworker/51:1-572   [051]     2.154835: (+9)     sched_switch:         kworker/51:1:572 [120] I ==> cg.C.x:2779 [120]
     kworker/7:2-953   [007]     2.154835: (+0)     sched_switch:         kworker/7:2:953 [120] I ==> cg.C.x:2801 [120]
     kworker/9:1-712   [009]     2.154835: (+0)     sched_switch:         kworker/9:1:712 [120] I ==> cg.C.x:2819 [120]
    kworker/24:1-497   [024]     2.154835: (+0)     sched_switch:         kworker/24:1:497 [120] I ==> cg.C.x:2800 [120]
    kworker/34:2-1007  [034]     2.154835: (+0)     sched_switch:         kworker/34:2:1007 [120] I ==> cg.C.x:2792 [120]
     kworker/0:2-466   [000]     2.154835: (+0)     sched_switch:         kworker/0:2:466 [120] I ==> cg.C.x:2762 [120]
    kworker/15:1-481   [015]     2.154835: (+0)     sched_switch:         kworker/15:1:481 [120] I ==> cg.C.x:2807 [120]
    kworker/42:1-737   [042]     2.154835: (+0)     sched_switch:         kworker/42:1:737 [120] I ==> cg.C.x:2786 [120]
     kworker/3:1-711   [003]     2.154835: (+0)     sched_switch:         kworker/3:1:711 [120] I ==> cg.C.x:2797 [120]
    kworker/10:1-714   [010]     2.154836: (+1)     sched_switch:         kworker/10:1:714 [120] I ==> cg.C.x:2808 [120]
          cg.C.x-2806  [004]     2.158817: (+3981)  sched_switch:         cg.C.x:2806 [120] R ==> kworker/u129:8:413 [120]
  kworker/u129:8-413   [004]     2.158847: (+30)    sched_switch:         kworker/u129:8:413 [120] I ==> cg.C.x:2806 [120]
          cg.C.x-2762  [000]     2.182814: (+23967) sched_waking:         comm=kworker/0:2 pid=466 prio=120 target_cpu=000
          cg.C.x-2762  [000]     2.182821: (+7)     sched_wakeup:         kworker/0:2:466 [120] CPU:000
          cg.C.x-2762  [000]     2.182828: (+7)     sched_switch:         cg.C.x:2762 [120] R ==> kworker/0:2:466 [120]
     kworker/0:2-466   [000]     2.182900: (+72)    sched_switch:         kworker/0:2:466 [120] I ==> cg.C.x:2762 [120]
          cg.C.x-2793  [063]     2.186815: (+3915)  sched_waking:         comm=kworker/63:1 pid=493 prio=120 target_cpu=063
          cg.C.x-2814  [062]     2.186816: (+1)     sched_waking:         comm=kworker/62:1 pid=592 prio=120 target_cpu=062
          cg.C.x-2793  [063]     2.186821: (+5)     sched_wakeup:         kworker/63:1:493 [120] CPU:063
          cg.C.x-2814  [062]     2.186823: (+2)     sched_wakeup:         kworker/62:1:592 [120] CPU:062
          cg.C.x-2793  [063]     2.186826: (+3)     sched_switch:         cg.C.x:2793 [120] R ==> kworker/63:1:493 [120]
          cg.C.x-2814  [062]     2.186828: (+2)     sched_switch:         cg.C.x:2814 [120] R ==> kworker/62:1:592 [120]
    kworker/63:1-493   [063]     2.186836: (+8)     sched_switch:         kworker/63:1:493 [120] I ==> cg.C.x:2793 [120]
    kworker/62:1-592   [062]     2.186841: (+5)     sched_switch:         kworker/62:1:592 [120] I ==> cg.C.x:2814 [120]
          cg.C.x-2757  [059]     2.205073: (+18232) sched_waking:         comm=kworker/u130:0 pid=400 prio=120 target_cpu=059
          cg.C.x-2757  [059]     2.205080: (+7)     sched_wakeup:         kworker/u130:0:400 [120] CPU:059
          cg.C.x-2757  [059]     2.205085: (+5)     sched_switch:         cg.C.x:2757 [120] R ==> kworker/u130:0:400 [120]
  kworker/u130:0-400   [059]     2.205090: (+5)     sched_waking:         comm=sshd pid=1967 prio=120 target_cpu=059
  kworker/u130:0-400   [059]     2.205092: (+2)     sched_wakeup:         sshd:1967 [120] CPU:059
  kworker/u130:0-400   [059]     2.205095: (+3)     sched_switch:         kworker/u130:0:400 [120] I ==> sshd:1967 [120]
            sshd-1967  [059]     2.205170: (+75)    sched_switch:         sshd:1967 [120] S ==> cg.C.x:2757 [120]
          cg.C.x-2757  [059]     2.205171: (+1)     sched_waking:         comm=kworker/u130:0 pid=400 prio=120 target_cpu=059
          cg.C.x-2757  [059]     2.205172: (+1)     sched_wakeup:         kworker/u130:0:400 [120] CPU:059
          cg.C.x-2757  [059]     2.205174: (+2)     sched_switch:         cg.C.x:2757 [120] R ==> kworker/u130:0:400 [120]
  kworker/u130:0-400   [059]     2.205175: (+1)     sched_waking:         comm=sshd pid=1967 prio=120 target_cpu=059
  kworker/u130:0-400   [059]     2.205177: (+2)     sched_wakeup:         sshd:1967 [120] CPU:059
  kworker/u130:0-400   [059]     2.205178: (+1)     sched_switch:         kworker/u130:0:400 [120] I ==> sshd:1967 [120]
            sshd-1967  [059]     2.205201: (+23)    sched_switch:         sshd:1967 [120] S ==> cg.C.x:2757 [120]
          cg.C.x-2757  [059]     2.214815: (+9614)  sched_waking:         comm=kworker/59:1 pid=490 prio=120 target_cpu=059
          cg.C.x-2757  [059]     2.214821: (+6)     sched_wakeup:         kworker/59:1:490 [120] CPU:059
          cg.C.x-2757  [059]     2.214826: (+5)     sched_switch:         cg.C.x:2757 [120] R ==> kworker/59:1:490 [120]
    kworker/59:1-490   [059]     2.214838: (+12)    sched_switch:         kworker/59:1:490 [120] I ==> cg.C.x:2757 [120]
          cg.C.x-2791  [061]     2.218815: (+3977)  sched_waking:         comm=kworker/61:1 pid=491 prio=120 target_cpu=061
          cg.C.x-2820  [060]     2.218816: (+1)     sched_waking:         comm=kworker/60:1 pid=745 prio=120 target_cpu=060
          cg.C.x-2791  [061]     2.218821: (+5)     sched_wakeup:         kworker/61:1:491 [120] CPU:061
          cg.C.x-2820  [060]     2.218824: (+3)     sched_wakeup:         kworker/60:1:745 [120] CPU:060
          cg.C.x-2791  [061]     2.218827: (+3)     sched_switch:         cg.C.x:2791 [120] R ==> kworker/61:1:491 [120]
          cg.C.x-2820  [060]     2.218832: (+5)     sched_switch:         cg.C.x:2820 [120] R ==> kworker/60:1:745 [120]
    kworker/61:1-491   [061]     2.218839: (+7)     sched_switch:         kworker/61:1:491 [120] I ==> cg.C.x:2791 [120]
    kworker/60:1-745   [060]     2.218845: (+6)     sched_switch:         kworker/60:1:745 [120] I ==> cg.C.x:2820 [120]
          cg.C.x-2817  [057]     2.250814: (+31969) sched_waking:         comm=kworker/57:2 pid=1080 prio=120 target_cpu=057
          cg.C.x-2810  [058]     2.250817: (+3)     sched_waking:         comm=kworker/58:1 pid=593 prio=120 target_cpu=058
          cg.C.x-2817  [057]     2.250822: (+5)     sched_wakeup:         kworker/57:2:1080 [120] CPU:057
          cg.C.x-2817  [057]     2.250828: (+6)     sched_switch:         cg.C.x:2817 [120] R ==> kworker/57:2:1080 [120]
          cg.C.x-2810  [058]     2.250829: (+1)     sched_wakeup:         kworker/58:1:593 [120] CPU:058
          cg.C.x-2810  [058]     2.250839: (+10)    sched_switch:         cg.C.x:2810 [120] R ==> kworker/58:1:593 [120]
    kworker/57:2-1080  [057]     2.250841: (+2)     sched_switch:         kworker/57:2:1080 [120] I ==> cg.C.x:2817 [120]
    kworker/58:1-593   [058]     2.250855: (+14)    sched_switch:         kworker/58:1:593 [120] I ==> cg.C.x:2810 [120]
          cg.C.x-2815  [055]     2.282816: (+31961) sched_waking:         comm=kworker/55:1 pid=487 prio=120 target_cpu=055
          cg.C.x-2818  [054]     2.282816: (+0)     sched_waking:         comm=kworker/54:1 pid=744 prio=120 target_cpu=054
          cg.C.x-2772  [056]     2.282816: (+0)     sched_waking:         comm=kworker/56:1 pid=629 prio=120 target_cpu=056
          cg.C.x-2772  [056]     2.282824: (+8)     sched_wakeup:         kworker/56:1:629 [120] CPU:056
          cg.C.x-2818  [054]     2.282824: (+0)     sched_wakeup:         kworker/54:1:744 [120] CPU:054
          cg.C.x-2815  [055]     2.282825: (+1)     sched_wakeup:         kworker/55:1:487 [120] CPU:055
          cg.C.x-2818  [054]     2.282832: (+7)     sched_switch:         cg.C.x:2818 [120] R ==> kworker/54:1:744 [120]
          cg.C.x-2815  [055]     2.282832: (+0)     sched_switch:         cg.C.x:2815 [120] R ==> kworker/55:1:487 [120]
          cg.C.x-2772  [056]     2.282832: (+0)     sched_switch:         cg.C.x:2772 [120] R ==> kworker/56:1:629 [120]
    kworker/54:1-744   [054]     2.282847: (+15)    sched_switch:         kworker/54:1:744 [120] I ==> cg.C.x:2818 [120]
    kworker/56:1-629   [056]     2.282847: (+0)     sched_switch:         kworker/56:1:629 [120] I ==> cg.C.x:2772 [120]
    kworker/55:1-487   [055]     2.282847: (+0)     sched_switch:         kworker/55:1:487 [120] I ==> cg.C.x:2815 [120]
          cg.C.x-2812  [052]     2.310817: (+27970) sched_waking:         comm=kworker/52:1 pid=743 prio=120 target_cpu=052
          cg.C.x-2812  [052]     2.310828: (+11)    sched_wakeup:         kworker/52:1:743 [120] CPU:052
          cg.C.x-2812  [052]     2.310836: (+8)     sched_switch:         cg.C.x:2812 [120] R ==> kworker/52:1:743 [120]
    kworker/52:1-743   [052]     2.310850: (+14)    sched_switch:         kworker/52:1:743 [120] I ==> cg.C.x:2812 [120]
          cg.C.x-2779  [051]     2.314814: (+3964)  sched_waking:         comm=kworker/51:1 pid=572 prio=120 target_cpu=051
          cg.C.x-2813  [053]     2.314814: (+0)     sched_waking:         comm=kworker/53:1 pid=505 prio=120 target_cpu=053
          cg.C.x-2813  [053]     2.314819: (+5)     sched_wakeup:         kworker/53:1:505 [120] CPU:053
          cg.C.x-2779  [051]     2.314820: (+1)     sched_wakeup:         kworker/51:1:572 [120] CPU:051
          cg.C.x-2779  [051]     2.314825: (+5)     sched_switch:         cg.C.x:2779 [120] R ==> kworker/51:1:572 [120]
          cg.C.x-2813  [053]     2.314825: (+0)     sched_switch:         cg.C.x:2813 [120] R ==> kworker/53:1:505 [120]
    kworker/53:1-505   [053]     2.314838: (+13)    sched_switch:         kworker/53:1:505 [120] I ==> cg.C.x:2813 [120]
    kworker/51:1-572   [051]     2.314838: (+0)     sched_switch:         kworker/51:1:572 [120] I ==> cg.C.x:2779 [120]
          cg.C.x-2757  [059]     2.326453: (+11615) sched_waking:         comm=kworker/u130:0 pid=400 prio=120 target_cpu=059
          cg.C.x-2757  [059]     2.326459: (+6)     sched_wakeup:         kworker/u130:0:400 [120] CPU:059
          cg.C.x-2757  [059]     2.326464: (+5)     sched_switch:         cg.C.x:2757 [120] R ==> kworker/u130:0:400 [120]
  kworker/u130:0-400   [059]     2.326469: (+5)     sched_waking:         comm=sshd pid=1967 prio=120 target_cpu=059
  kworker/u130:0-400   [059]     2.326472: (+3)     sched_wakeup:         sshd:1967 [120] CPU:059
  kworker/u130:0-400   [059]     2.326474: (+2)     sched_switch:         kworker/u130:0:400 [120] I ==> sshd:1967 [120]
            sshd-1967  [059]     2.326548: (+74)    sched_switch:         sshd:1967 [120] S ==> cg.C.x:2757 [120]
          cg.C.x-2757  [059]     2.326550: (+2)     sched_waking:         comm=kworker/u130:0 pid=400 prio=120 target_cpu=059
          cg.C.x-2757  [059]     2.326551: (+1)     sched_wakeup:         kworker/u130:0:400 [120] CPU:059
          cg.C.x-2757  [059]     2.326553: (+2)     sched_switch:         cg.C.x:2757 [120] R ==> kworker/u130:0:400 [120]
  kworker/u130:0-400   [059]     2.326554: (+1)     sched_waking:         comm=sshd pid=1967 prio=120 target_cpu=059
  kworker/u130:0-400   [059]     2.326555: (+1)     sched_wakeup:         sshd:1967 [120] CPU:059
  kworker/u130:0-400   [059]     2.326557: (+2)     sched_switch:         kworker/u130:0:400 [120] I ==> sshd:1967 [120]
            sshd-1967  [059]     2.326579: (+22)    sched_switch:         sshd:1967 [120] S ==> cg.C.x:2757 [120]
          cg.C.x-2770  [050]     2.342816: (+16237) sched_waking:         comm=kworker/50:1 pid=742 prio=120 target_cpu=050
          cg.C.x-2770  [050]     2.342827: (+11)    sched_wakeup:         kworker/50:1:742 [120] CPU:050
          cg.C.x-2770  [050]     2.342835: (+8)     sched_switch:         cg.C.x:2770 [120] R ==> kworker/50:1:742 [120]
    kworker/50:1-742   [050]     2.342851: (+16)    sched_switch:         kworker/50:1:742 [120] I ==> cg.C.x:2770 [120]
          cg.C.x-2777  [049]     2.346815: (+3964)  sched_waking:         comm=kworker/49:1 pid=549 prio=120 target_cpu=049
          cg.C.x-2777  [049]     2.346822: (+7)     sched_wakeup:         kworker/49:1:549 [120] CPU:049
          cg.C.x-2777  [049]     2.346829: (+7)     sched_switch:         cg.C.x:2777 [120] R ==> kworker/49:1:549 [120]
    kworker/49:1-549   [049]     2.346840: (+11)    sched_switch:         kworker/49:1:549 [120] I ==> cg.C.x:2777 [120]
          cg.C.x-2775  [047]     2.378815: (+31975) sched_waking:         comm=kworker/47:0 pid=301 prio=120 target_cpu=047
          cg.C.x-2816  [048]     2.378816: (+1)     sched_waking:         comm=kworker/48:1 pid=741 prio=120 target_cpu=048
          cg.C.x-2794  [046]     2.378816: (+0)     sched_waking:         comm=kworker/46:1 pid=740 prio=120 target_cpu=046
          cg.C.x-2816  [048]     2.378823: (+7)     sched_wakeup:         kworker/48:1:741 [120] CPU:048
          cg.C.x-2794  [046]     2.378823: (+0)     sched_wakeup:         kworker/46:1:740 [120] CPU:046
          cg.C.x-2775  [047]     2.378824: (+1)     sched_wakeup:         kworker/47:0:301 [120] CPU:047
          cg.C.x-2794  [046]     2.378832: (+8)     sched_switch:         cg.C.x:2794 [120] R ==> kworker/46:1:740 [120]
          cg.C.x-2775  [047]     2.378832: (+0)     sched_switch:         cg.C.x:2775 [120] R ==> kworker/47:0:301 [120]
          cg.C.x-2816  [048]     2.378832: (+0)     sched_switch:         cg.C.x:2816 [120] R ==> kworker/48:1:741 [120]
    kworker/47:0-301   [047]     2.378843: (+11)    sched_switch:         kworker/47:0:301 [120] I ==> cg.C.x:2775 [120]
    kworker/48:1-741   [048]     2.378844: (+1)     sched_switch:         kworker/48:1:741 [120] I ==> cg.C.x:2816 [120]
    kworker/46:1-740   [046]     2.378844: (+0)     sched_switch:         kworker/46:1:740 [120] I ==> cg.C.x:2794 [120]
          cg.C.x-2762  [000]     2.386814: (+7970)  sched_waking:         comm=kworker/0:2 pid=466 prio=120 target_cpu=000
          cg.C.x-2762  [000]     2.386821: (+7)     sched_wakeup:         kworker/0:2:466 [120] CPU:000
          cg.C.x-2762  [000]     2.386829: (+8)     sched_switch:         cg.C.x:2762 [120] R ==> kworker/0:2:466 [120]
     kworker/0:2-466   [000]     2.386882: (+53)    sched_switch:         kworker/0:2:466 [120] I ==> cg.C.x:2762 [120]
          cg.C.x-2805  [045]     2.406814: (+19932) sched_waking:         comm=kworker/45:0 pid=289 prio=120 target_cpu=045
          cg.C.x-2761  [033]     2.406814: (+0)     sched_waking:         comm=kworker/33:1 pid=480 prio=120 target_cpu=033
          cg.C.x-2803  [043]     2.406814: (+0)     sched_waking:         comm=kworker/43:0 pid=277 prio=120 target_cpu=043
          cg.C.x-2796  [044]     2.406814: (+0)     sched_waking:         comm=kworker/44:1 pid=738 prio=120 target_cpu=044
          cg.C.x-2803  [043]     2.406820: (+6)     sched_wakeup:         kworker/43:0:277 [120] CPU:043
          cg.C.x-2761  [033]     2.406820: (+0)     sched_wakeup:         kworker/33:1:480 [120] CPU:033
          cg.C.x-2796  [044]     2.406821: (+1)     sched_wakeup:         kworker/44:1:738 [120] CPU:044
          cg.C.x-2805  [045]     2.406821: (+0)     sched_wakeup:         kworker/45:0:289 [120] CPU:045
          cg.C.x-2805  [045]     2.406826: (+5)     sched_switch:         cg.C.x:2805 [120] R ==> kworker/45:0:289 [120]
          cg.C.x-2761  [033]     2.406826: (+0)     sched_switch:         cg.C.x:2761 [120] R ==> kworker/33:1:480 [120]
          cg.C.x-2803  [043]     2.406826: (+0)     sched_switch:         cg.C.x:2803 [120] R ==> kworker/43:0:277 [120]
          cg.C.x-2796  [044]     2.406827: (+1)     sched_switch:         cg.C.x:2796 [120] R ==> kworker/44:1:738 [120]
    kworker/43:0-277   [043]     2.406836: (+9)     sched_switch:         kworker/43:0:277 [120] I ==> cg.C.x:2803 [120]
    kworker/45:0-289   [045]     2.406836: (+0)     sched_switch:         kworker/45:0:289 [120] I ==> cg.C.x:2805 [120]
    kworker/33:1-480   [033]     2.406836: (+0)     sched_switch:         kworker/33:1:480 [120] I ==> cg.C.x:2761 [120]
    kworker/44:1-738   [044]     2.406839: (+3)     sched_switch:         kworker/44:1:738 [120] I ==> cg.C.x:2796 [120]
          cg.C.x-2786  [042]     2.438814: (+31975) sched_waking:         comm=kworker/42:1 pid=737 prio=120 target_cpu=042
          cg.C.x-2787  [041]     2.438814: (+0)     sched_waking:         comm=kworker/41:1 pid=577 prio=120 target_cpu=041
          cg.C.x-2787  [041]     2.438821: (+7)     sched_wakeup:         kworker/41:1:577 [120] CPU:041
          cg.C.x-2786  [042]     2.438822: (+1)     sched_wakeup:         kworker/42:1:737 [120] CPU:042
          cg.C.x-2786  [042]     2.438828: (+6)     sched_switch:         cg.C.x:2786 [120] R ==> kworker/42:1:737 [120]
          cg.C.x-2787  [041]     2.438828: (+0)     sched_switch:         cg.C.x:2787 [120] R ==> kworker/41:1:577 [120]
    kworker/41:1-577   [041]     2.438840: (+12)    sched_switch:         kworker/41:1:577 [120] I ==> cg.C.x:2787 [120]
    kworker/42:1-737   [042]     2.438843: (+3)     sched_switch:         kworker/42:1:737 [120] I ==> cg.C.x:2786 [120]
          cg.C.x-2757  [059]     2.447821: (+8978)  sched_waking:         comm=kworker/u130:0 pid=400 prio=120 target_cpu=059
          cg.C.x-2757  [059]     2.447827: (+6)     sched_wakeup:         kworker/u130:0:400 [120] CPU:059
          cg.C.x-2757  [059]     2.447833: (+6)     sched_switch:         cg.C.x:2757 [120] R ==> kworker/u130:0:400 [120]
  kworker/u130:0-400   [059]     2.447838: (+5)     sched_waking:         comm=sshd pid=1967 prio=120 target_cpu=059
  kworker/u130:0-400   [059]     2.447840: (+2)     sched_wakeup:         sshd:1967 [120] CPU:059
  kworker/u130:0-400   [059]     2.447843: (+3)     sched_switch:         kworker/u130:0:400 [120] I ==> sshd:1967 [120]
            sshd-1967  [059]     2.447916: (+73)    sched_switch:         sshd:1967 [120] S ==> cg.C.x:2757 [120]
          cg.C.x-2757  [059]     2.447918: (+2)     sched_waking:         comm=kworker/u130:0 pid=400 prio=120 target_cpu=059
          cg.C.x-2757  [059]     2.447919: (+1)     sched_wakeup:         kworker/u130:0:400 [120] CPU:059
