          cg.C.x-2263  [027]     2.888790: (+9)     sched_switch:         cg.C.x:2263 [120] R ==> kworker/27:1:481 [120]
          cg.C.x-2276  [026]     2.888790: (+0)     sched_switch:         cg.C.x:2276 [120] R ==> kworker/26:2:1577 [120]
    kworker/27:1-481   [027]     2.888803: (+13)    sched_switch:         kworker/27:1:481 [120] I ==> cg.C.x:2263 [120]
    kworker/26:2-1577  [026]     2.888805: (+2)     sched_switch:         kworker/26:2:1577 [120] I ==> cg.C.x:2276 [120]
          cg.C.x-2221  [043]     2.906648: (+17843) sched_waking:         comm=kworker/u130:12 pid=430 prio=120 target_cpu=021
          cg.C.x-2221  [043]     2.906657: (+9)     sched_wakeup:         kworker/u130:12:430 [120] CPU:021
          cg.C.x-2261  [021]     2.906663: (+6)     sched_switch:         cg.C.x:2261 [120] R ==> kworker/u130:12:430 [120]
 kworker/u130:12-430   [021]     2.906670: (+7)     sched_waking:         comm=sshd pid=1967 prio=120 target_cpu=043
 kworker/u130:12-430   [021]     2.906674: (+4)     sched_migrate_task:   comm=sshd pid=1967 prio=120 orig_cpu=43 dest_cpu=21
 kworker/u130:12-430   [021]     2.906680: (+6)     sched_wakeup:         sshd:1967 [120] CPU:021
 kworker/u130:12-430   [021]     2.906683: (+3)     sched_switch:         kworker/u130:12:430 [120] I ==> sshd:1967 [120]
            sshd-1967  [021]     2.906802: (+119)   sched_switch:         sshd:1967 [120] S ==> cg.C.x:2261 [120]
          cg.C.x-2282  [024]     2.920788: (+13986) sched_waking:         comm=kworker/24:1 pid=727 prio=120 target_cpu=024
          cg.C.x-2282  [024]     2.920796: (+8)     sched_wakeup:         kworker/24:1:727 [120] CPU:024
          cg.C.x-2282  [024]     2.920803: (+7)     sched_switch:         cg.C.x:2282 [120] R ==> kworker/24:1:727 [120]
    kworker/24:1-727   [024]     2.920815: (+12)    sched_switch:         kworker/24:1:727 [120] I ==> cg.C.x:2282 [120]
          cg.C.x-2273  [023]     2.924789: (+3974)  sched_waking:         comm=kworker/23:2 pid=1801 prio=120 target_cpu=023
          cg.C.x-2273  [023]     2.924797: (+8)     sched_wakeup:         kworker/23:2:1801 [120] CPU:023
          cg.C.x-2273  [023]     2.924803: (+6)     sched_switch:         cg.C.x:2273 [120] R ==> kworker/23:2:1801 [120]
    kworker/23:2-1801  [023]     2.924814: (+11)    sched_switch:         kworker/23:2:1801 [120] I ==> cg.C.x:2273 [120]
          cg.C.x-2256  [002]     2.952802: (+27988) sched_waking:         comm=kcompactd0 pid=469 prio=120 target_cpu=002
          cg.C.x-2266  [020]     2.952803: (+1)     sched_waking:         comm=kworker/20:1 pid=722 prio=120 target_cpu=020
          cg.C.x-2247  [005]     2.952804: (+1)     sched_waking:         comm=kcompactd1 pid=470 prio=120 target_cpu=005
          cg.C.x-2278  [022]     2.952805: (+1)     sched_waking:         comm=kworker/22:1 pid=489 prio=120 target_cpu=022
          cg.C.x-2261  [021]     2.952806: (+1)     sched_waking:         comm=kworker/21:1 pid=717 prio=120 target_cpu=021
          cg.C.x-2266  [020]     2.952810: (+4)     sched_wakeup:         kworker/20:1:722 [120] CPU:020
          cg.C.x-2278  [022]     2.952810: (+0)     sched_wakeup:         kworker/22:1:489 [120] CPU:022
          cg.C.x-2256  [002]     2.952810: (+0)     sched_wakeup:         kcompactd0:469 [120] CPU:002
          cg.C.x-2261  [021]     2.952811: (+1)     sched_wakeup:         kworker/21:1:717 [120] CPU:021
          cg.C.x-2247  [005]     2.952811: (+0)     sched_wakeup:         kcompactd1:470 [120] CPU:005
          cg.C.x-2266  [020]     2.952815: (+4)     sched_switch:         cg.C.x:2266 [120] R ==> kworker/20:1:722 [120]
          cg.C.x-2278  [022]     2.952816: (+1)     sched_switch:         cg.C.x:2278 [120] R ==> kworker/22:1:489 [120]
          cg.C.x-2247  [005]     2.952816: (+0)     sched_switch:         cg.C.x:2247 [120] R ==> kcompactd1:470 [120]
          cg.C.x-2261  [021]     2.952816: (+0)     sched_switch:         cg.C.x:2261 [120] R ==> kworker/21:1:717 [120]
          cg.C.x-2256  [002]     2.952816: (+0)     sched_switch:         cg.C.x:2256 [120] R ==> kcompactd0:469 [120]
      kcompactd1-470   [005]     2.952825: (+9)     sched_switch:         kcompactd1:470 [120] S ==> cg.C.x:2247 [120]
    kworker/21:1-717   [021]     2.952828: (+3)     sched_switch:         kworker/21:1:717 [120] I ==> cg.C.x:2261 [120]
      kcompactd0-469   [002]     2.952828: (+0)     sched_switch:         kcompactd0:469 [120] S ==> cg.C.x:2256 [120]
    kworker/22:1-489   [022]     2.952830: (+2)     sched_switch:         kworker/22:1:489 [120] I ==> cg.C.x:2278 [120]
    kworker/20:1-722   [020]     2.952831: (+1)     sched_switch:         kworker/20:1:722 [120] I ==> cg.C.x:2266 [120]
          cg.C.x-2239  [003]     2.968811: (+15980) sched_waking:         comm=kworker/3:2 pid=961 prio=120 target_cpu=003
          cg.C.x-2239  [003]     2.968818: (+7)     sched_wakeup:         kworker/3:2:961 [120] CPU:003
          cg.C.x-2239  [003]     2.968823: (+5)     sched_switch:         cg.C.x:2239 [120] R ==> kworker/3:2:961 [120]
     kworker/3:2-961   [003]     2.968870: (+47)    sched_switch:         kworker/3:2:961 [120] I ==> cg.C.x:2239 [120]
          cg.C.x-2238  [018]     2.984820: (+15950) sched_waking:         comm=kworker/18:1 pid=708 prio=120 target_cpu=018
          cg.C.x-2259  [019]     2.984821: (+1)     sched_waking:         comm=kworker/19:1 pid=716 prio=120 target_cpu=019
          cg.C.x-2238  [018]     2.984829: (+8)     sched_wakeup:         kworker/18:1:708 [120] CPU:018
          cg.C.x-2259  [019]     2.984829: (+0)     sched_wakeup:         kworker/19:1:716 [120] CPU:019
          cg.C.x-2259  [019]     2.984836: (+7)     sched_switch:         cg.C.x:2259 [120] R ==> kworker/19:1:716 [120]
          cg.C.x-2238  [018]     2.984836: (+0)     sched_switch:         cg.C.x:2238 [120] R ==> kworker/18:1:708 [120]
    kworker/18:1-708   [018]     2.984852: (+16)    sched_switch:         kworker/18:1:708 [120] I ==> cg.C.x:2238 [120]
    kworker/19:1-716   [019]     2.984865: (+13)    sched_switch:         kworker/19:1:716 [120] I ==> cg.C.x:2259 [120]
          cg.C.x-2251  [017]     2.988820: (+3955)  sched_waking:         comm=kworker/17:1 pid=480 prio=120 target_cpu=017
          cg.C.x-2251  [017]     2.988827: (+7)     sched_wakeup:         kworker/17:1:480 [120] CPU:017
          cg.C.x-2251  [017]     2.988832: (+5)     sched_switch:         cg.C.x:2251 [120] R ==> kworker/17:1:480 [120]
    kworker/17:1-480   [017]     2.988843: (+11)    sched_switch:         kworker/17:1:480 [120] I ==> cg.C.x:2251 [120]
          cg.C.x-2236  [016]     3.016837: (+27994) sched_waking:         comm=kworker/16:1 pid=696 prio=120 target_cpu=016
          cg.C.x-2283  [001]     3.016838: (+1)     bprint:               change_prot_numa: NUMAB SCAN vma[start:0x7fd3bee91000, end:0x7fd3d16f9000, from:0x7fd3bf800000, to:0x7fd3cf800000, size:262144 KB]
          cg.C.x-2236  [016]     3.016846: (+8)     sched_wakeup:         kworker/16:1:696 [120] CPU:016
          cg.C.x-2236  [016]     3.016852: (+6)     sched_switch:         cg.C.x:2236 [120] R ==> kworker/16:1:696 [120]
    kworker/16:1-696   [016]     3.016865: (+13)    sched_switch:         kworker/16:1:696 [120] I ==> cg.C.x:2236 [120]
          cg.C.x-2221  [043]     3.031340: (+14475) sched_waking:         comm=kworker/u130:12 pid=430 prio=120 target_cpu=021
          cg.C.x-2221  [043]     3.031343: (+3)     sched_migrate_task:   comm=kworker/u130:12 pid=430 prio=120 orig_cpu=21 dest_cpu=43
          cg.C.x-2221  [043]     3.031349: (+6)     sched_wakeup:         kworker/u130:12:430 [120] CPU:043
          cg.C.x-2221  [043]     3.031355: (+6)     sched_switch:         cg.C.x:2221 [120] R ==> kworker/u130:12:430 [120]
 kworker/u130:12-430   [043]     3.031361: (+6)     sched_waking:         comm=sshd pid=1967 prio=120 target_cpu=021
 kworker/u130:12-430   [043]     3.031363: (+2)     sched_migrate_task:   comm=sshd pid=1967 prio=120 orig_cpu=21 dest_cpu=43
 kworker/u130:12-430   [043]     3.031367: (+4)     sched_wakeup:         sshd:1967 [120] CPU:043
 kworker/u130:12-430   [043]     3.031370: (+3)     sched_switch:         kworker/u130:12:430 [120] I ==> sshd:1967 [120]
            sshd-1967  [043]     3.031454: (+84)    sched_switch:         sshd:1967 [120] S ==> cg.C.x:2221 [120]
          cg.C.x-2221  [043]     3.031455: (+1)     sched_waking:         comm=kworker/u130:12 pid=430 prio=120 target_cpu=043
          cg.C.x-2221  [043]     3.031457: (+2)     sched_wakeup:         kworker/u130:12:430 [120] CPU:043
          cg.C.x-2221  [043]     3.031459: (+2)     sched_switch:         cg.C.x:2221 [120] R ==> kworker/u130:12:430 [120]
 kworker/u130:12-430   [043]     3.031460: (+1)     sched_waking:         comm=sshd pid=1967 prio=120 target_cpu=043
 kworker/u130:12-430   [043]     3.031461: (+1)     sched_wakeup:         sshd:1967 [120] CPU:043
 kworker/u130:12-430   [043]     3.031463: (+2)     sched_switch:         kworker/u130:12:430 [120] I ==> sshd:1967 [120]
            sshd-1967  [043]     3.031486: (+23)    sched_switch:         sshd:1967 [120] S ==> cg.C.x:2221 [120]
          cg.C.x-2260  [012]     3.052854: (+21368) sched_waking:         comm=kworker/12:1 pid=705 prio=120 target_cpu=012
          cg.C.x-2274  [014]     3.052854: (+0)     sched_waking:         comm=kworker/14:2 pid=1018 prio=120 target_cpu=014
          cg.C.x-2260  [012]     3.052863: (+9)     sched_wakeup:         kworker/12:1:705 [120] CPU:012
          cg.C.x-2274  [014]     3.052864: (+1)     sched_wakeup:         kworker/14:2:1018 [120] CPU:014
          cg.C.x-2274  [014]     3.052870: (+6)     sched_switch:         cg.C.x:2274 [120] R ==> kworker/14:2:1018 [120]
          cg.C.x-2260  [012]     3.052871: (+1)     sched_switch:         cg.C.x:2260 [120] R ==> kworker/12:1:705 [120]
    kworker/14:2-1018  [014]     3.052886: (+15)    sched_switch:         kworker/14:2:1018 [120] I ==> cg.C.x:2274 [120]
    kworker/12:1-705   [012]     3.052886: (+0)     sched_switch:         kworker/12:1:705 [120] I ==> cg.C.x:2260 [120]
          cg.C.x-2235  [009]     3.084870: (+31984) sched_waking:         comm=kworker/9:1 pid=479 prio=120 target_cpu=009
          cg.C.x-2230  [010]     3.084871: (+1)     sched_waking:         comm=kworker/10:1 pid=704 prio=120 target_cpu=010
          cg.C.x-2235  [009]     3.084878: (+7)     sched_wakeup:         kworker/9:1:479 [120] CPU:009
          cg.C.x-2230  [010]     3.084880: (+2)     sched_wakeup:         kworker/10:1:704 [120] CPU:010
          cg.C.x-2235  [009]     3.084884: (+4)     sched_switch:         cg.C.x:2235 [120] R ==> kworker/9:1:479 [120]
          cg.C.x-2230  [010]     3.084888: (+4)     sched_switch:         cg.C.x:2230 [120] R ==> kworker/10:1:704 [120]
     kworker/9:1-479   [009]     3.084897: (+9)     sched_switch:         kworker/9:1:479 [120] I ==> cg.C.x:2235 [120]
    kworker/10:1-704   [010]     3.084905: (+8)     sched_switch:         kworker/10:1:704 [120] I ==> cg.C.x:2230 [120]
          cg.C.x-2268  [008]     3.116887: (+31982) sched_waking:         comm=kworker/8:1 pid=709 prio=120 target_cpu=008
          cg.C.x-2268  [008]     3.116897: (+10)    sched_wakeup:         kworker/8:1:709 [120] CPU:008
          cg.C.x-2268  [008]     3.116904: (+7)     sched_switch:         cg.C.x:2268 [120] R ==> kworker/8:1:709 [120]
     kworker/8:1-709   [008]     3.116924: (+20)    sched_switch:         kworker/8:1:709 [120] I ==> cg.C.x:2268 [120]
          cg.C.x-2264  [006]     3.148902: (+31978) sched_waking:         comm=kworker/6:1 pid=714 prio=120 target_cpu=006
          cg.C.x-2280  [004]     3.148902: (+0)     sched_waking:         comm=kworker/4:2 pid=1029 prio=120 target_cpu=004
          cg.C.x-2264  [006]     3.148912: (+10)    sched_wakeup:         kworker/6:1:714 [120] CPU:006
          cg.C.x-2280  [004]     3.148912: (+0)     sched_wakeup:         kworker/4:2:1029 [120] CPU:004
          cg.C.x-2280  [004]     3.148918: (+6)     sched_switch:         cg.C.x:2280 [120] R ==> kworker/4:2:1029 [120]
          cg.C.x-2264  [006]     3.148918: (+0)     sched_switch:         cg.C.x:2264 [120] R ==> kworker/6:1:714 [120]
     kworker/4:2-1029  [004]     3.148936: (+18)    sched_switch:         kworker/4:2:1029 [120] I ==> cg.C.x:2280 [120]
     kworker/6:1-714   [006]     3.148936: (+0)     sched_switch:         kworker/6:1:714 [120] I ==> cg.C.x:2264 [120]
          cg.C.x-2221  [043]     3.151151: (+2215)  sched_waking:         comm=kworker/u130:12 pid=430 prio=120 target_cpu=043
          cg.C.x-2221  [043]     3.151159: (+8)     sched_wakeup:         kworker/u130:12:430 [120] CPU:043
          cg.C.x-2221  [043]     3.151164: (+5)     sched_switch:         cg.C.x:2221 [120] R ==> kworker/u130:12:430 [120]
 kworker/u130:12-430   [043]     3.151169: (+5)     sched_waking:         comm=sshd pid=1967 prio=120 target_cpu=043
 kworker/u130:12-430   [043]     3.151172: (+3)     sched_wakeup:         sshd:1967 [120] CPU:043
 kworker/u130:12-430   [043]     3.151175: (+3)     sched_switch:         kworker/u130:12:430 [120] I ==> sshd:1967 [120]
            sshd-1967  [043]     3.151257: (+82)    sched_switch:         sshd:1967 [120] S ==> cg.C.x:2221 [120]
          cg.C.x-2221  [043]     3.151259: (+2)     sched_waking:         comm=kworker/u130:12 pid=430 prio=120 target_cpu=043
          cg.C.x-2221  [043]     3.151260: (+1)     sched_wakeup:         kworker/u130:12:430 [120] CPU:043
          cg.C.x-2221  [043]     3.151263: (+3)     sched_switch:         cg.C.x:2221 [120] R ==> kworker/u130:12:430 [120]
 kworker/u130:12-430   [043]     3.151264: (+1)     sched_waking:         comm=sshd pid=1967 prio=120 target_cpu=043
 kworker/u130:12-430   [043]     3.151266: (+2)     sched_wakeup:         sshd:1967 [120] CPU:043
 kworker/u130:12-430   [043]     3.151267: (+1)     sched_switch:         kworker/u130:12:430 [120] I ==> sshd:1967 [120]
            sshd-1967  [043]     3.151290: (+23)    sched_switch:         sshd:1967 [120] S ==> cg.C.x:2221 [120]
          cg.C.x-2239  [003]     3.176916: (+25626) sched_waking:         comm=kworker/3:2 pid=961 prio=120 target_cpu=003
          cg.C.x-2239  [003]     3.176923: (+7)     sched_wakeup:         kworker/3:2:961 [120] CPU:003
          cg.C.x-2239  [003]     3.176930: (+7)     sched_switch:         cg.C.x:2239 [120] R ==> kworker/3:2:961 [120]
     kworker/3:2-961   [003]     3.176985: (+55)    sched_switch:         kworker/3:2:961 [120] I ==> cg.C.x:2239 [120]
          cg.C.x-2283  [001]     3.180917: (+3932)  sched_waking:         comm=kworker/1:2 pid=465 prio=120 target_cpu=001
          cg.C.x-2256  [002]     3.180918: (+1)     sched_waking:         comm=kworker/2:1 pid=707 prio=120 target_cpu=002
          cg.C.x-2283  [001]     3.180924: (+6)     sched_wakeup:         kworker/1:2:465 [120] CPU:001
          cg.C.x-2256  [002]     3.180925: (+1)     sched_wakeup:         kworker/2:1:707 [120] CPU:002
          cg.C.x-2283  [001]     3.180930: (+5)     sched_switch:         cg.C.x:2283 [120] R ==> kworker/1:2:465 [120]
          cg.C.x-2256  [002]     3.180933: (+3)     sched_switch:         cg.C.x:2256 [120] R ==> kworker/2:1:707 [120]
     kworker/1:2-465   [001]     3.180950: (+17)    sched_switch:         kworker/1:2:465 [120] I ==> cg.C.x:2283 [120]
     kworker/2:1-707   [002]     3.180950: (+0)     sched_switch:         kworker/2:1:707 [120] I ==> cg.C.x:2256 [120]
          cg.C.x-2247  [005]     3.208933: (+27983) sched_waking:         comm=kworker/5:1 pid=478 prio=120 target_cpu=005
          cg.C.x-2254  [000]     3.208935: (+2)     sched_waking:         comm=kworker/u128:1 pid=1041 prio=120 target_cpu=000
          cg.C.x-2247  [005]     3.208941: (+6)     sched_wakeup:         kworker/5:1:478 [120] CPU:005
          cg.C.x-2254  [000]     3.208945: (+4)     sched_wakeup:         kworker/u128:1:1041 [120] CPU:000
          cg.C.x-2247  [005]     3.208947: (+2)     sched_switch:         cg.C.x:2247 [120] R ==> kworker/5:1:478 [120]
          cg.C.x-2254  [000]     3.208950: (+3)     sched_waking:         comm=kworker/0:5 pid=729 prio=120 target_cpu=000
          cg.C.x-2254  [000]     3.208952: (+2)     sched_wakeup:         kworker/0:5:729 [120] CPU:000
          cg.C.x-2254  [000]     3.208961: (+9)     sched_switch:         cg.C.x:2254 [120] R ==> kworker/0:5:729 [120]
     kworker/5:1-478   [005]     3.208979: (+18)    sched_switch:         kworker/5:1:478 [120] I ==> cg.C.x:2247 [120]
     kworker/0:5-729   [000]     3.209077: (+98)    sched_switch:         kworker/0:5:729 [120] I ==> kworker/u128:1:1041 [120]
  kworker/u128:1-1041  [000]     3.209096: (+19)    sched_switch:         kworker/u128:1:1041 [120] I ==> cg.C.x:2254 [120]
          cg.C.x-2230  [010]     3.261020: (+51924) sched_waking:         comm=ntpd pid=1765 prio=0 target_cpu=010
          cg.C.x-2230  [010]     3.261031: (+11)    sched_wakeup:         ntpd:1765 [0] CPU:010
          cg.C.x-2230  [010]     3.261038: (+7)     sched_switch:         cg.C.x:2230 [120] R ==> ntpd:1765 [0]
            ntpd-1765  [010]     3.261083: (+45)    sched_switch:         ntpd:1765 [0] S ==> cg.C.x:2230 [120]
          cg.C.x-2221  [043]     3.270537: (+9454)  sched_waking:         comm=kworker/u130:12 pid=430 prio=120 target_cpu=043
          cg.C.x-2221  [043]     3.270544: (+7)     sched_wakeup:         kworker/u130:12:430 [120] CPU:043
          cg.C.x-2221  [043]     3.270549: (+5)     sched_switch:         cg.C.x:2221 [120] R ==> kworker/u130:12:430 [120]
 kworker/u130:12-430   [043]     3.270554: (+5)     sched_waking:         comm=sshd pid=1967 prio=120 target_cpu=043
 kworker/u130:12-430   [043]     3.270557: (+3)     sched_wakeup:         sshd:1967 [120] CPU:043
 kworker/u130:12-430   [043]     3.270560: (+3)     sched_switch:         kworker/u130:12:430 [120] I ==> sshd:1967 [120]
            sshd-1967  [043]     3.270639: (+79)    sched_switch:         sshd:1967 [120] S ==> cg.C.x:2221 [120]
          cg.C.x-2221  [043]     3.270641: (+2)     sched_waking:         comm=kworker/u130:12 pid=430 prio=120 target_cpu=043
          cg.C.x-2221  [043]     3.270642: (+1)     sched_wakeup:         kworker/u130:12:430 [120] CPU:043
          cg.C.x-2221  [043]     3.270644: (+2)     sched_switch:         cg.C.x:2221 [120] R ==> kworker/u130:12:430 [120]
 kworker/u130:12-430   [043]     3.270645: (+1)     sched_waking:         comm=sshd pid=1967 prio=120 target_cpu=043
 kworker/u130:12-430   [043]     3.270646: (+1)     sched_wakeup:         sshd:1967 [120] CPU:043
 kworker/u130:12-430   [043]     3.270647: (+1)     sched_switch:         kworker/u130:12:430 [120] I ==> sshd:1967 [120]
            sshd-1967  [043]     3.270670: (+23)    sched_switch:         sshd:1967 [120] S ==> cg.C.x:2221 [120]
          cg.C.x-2254  [000]     3.308979: (+38309) sched_waking:         comm=kworker/0:5 pid=729 prio=120 target_cpu=000
          cg.C.x-2254  [000]     3.308987: (+8)     sched_wakeup:         kworker/0:5:729 [120] CPU:000
          cg.C.x-2254  [000]     3.308994: (+7)     sched_switch:         cg.C.x:2254 [120] R ==> kworker/0:5:729 [120]
     kworker/0:5-729   [000]     3.309012: (+18)    sched_switch:         kworker/0:5:729 [120] I ==> cg.C.x:2254 [120]
          cg.C.x-2247  [005]     3.369009: (+59997) sched_waking:         comm=kworker/5:1 pid=478 prio=120 target_cpu=005
          cg.C.x-2247  [005]     3.369016: (+7)     sched_wakeup:         kworker/5:1:478 [120] CPU:005
          cg.C.x-2247  [005]     3.369023: (+7)     sched_switch:         cg.C.x:2247 [120] R ==> kworker/5:1:478 [120]
     kworker/5:1-478   [005]     3.369045: (+22)    sched_switch:         kworker/5:1:478 [120] I ==> cg.C.x:2247 [120]
          cg.C.x-2239  [003]     3.381018: (+11973) sched_waking:         comm=kworker/3:2 pid=961 prio=120 target_cpu=003
          cg.C.x-2239  [003]     3.381025: (+7)     sched_wakeup:         kworker/3:2:961 [120] CPU:003
          cg.C.x-2239  [003]     3.381031: (+6)     sched_switch:         cg.C.x:2239 [120] R ==> kworker/3:2:961 [120]
     kworker/3:2-961   [003]     3.381076: (+45)    sched_switch:         kworker/3:2:961 [120] I ==> cg.C.x:2239 [120]
          cg.C.x-2221  [043]     3.389818: (+8742)  sched_waking:         comm=kworker/u130:12 pid=430 prio=120 target_cpu=043
          cg.C.x-2221  [043]     3.389825: (+7)     sched_wakeup:         kworker/u130:12:430 [120] CPU:043
          cg.C.x-2221  [043]     3.389830: (+5)     sched_switch:         cg.C.x:2221 [120] R ==> kworker/u130:12:430 [120]
 kworker/u130:12-430   [043]     3.389836: (+6)     sched_waking:         comm=sshd pid=1967 prio=120 target_cpu=043
 kworker/u130:12-430   [043]     3.389838: (+2)     sched_wakeup:         sshd:1967 [120] CPU:043
 kworker/u130:12-430   [043]     3.389841: (+3)     sched_switch:         kworker/u130:12:430 [120] I ==> sshd:1967 [120]
            sshd-1967  [043]     3.389921: (+80)    sched_switch:         sshd:1967 [120] S ==> cg.C.x:2221 [120]
          cg.C.x-2221  [043]     3.389922: (+1)     sched_waking:         comm=kworker/u130:12 pid=430 prio=120 target_cpu=043
          cg.C.x-2221  [043]     3.389923: (+1)     sched_wakeup:         kworker/u130:12:430 [120] CPU:043
          cg.C.x-2221  [043]     3.389925: (+2)     sched_switch:         cg.C.x:2221 [120] R ==> kworker/u130:12:430 [120]
 kworker/u130:12-430   [043]     3.389926: (+1)     sched_waking:         comm=sshd pid=1967 prio=120 target_cpu=043
 kworker/u130:12-430   [043]     3.389928: (+2)     sched_wakeup:         sshd:1967 [120] CPU:043
 kworker/u130:12-430   [043]     3.389929: (+1)     sched_switch:         kworker/u130:12:430 [120] I ==> sshd:1967 [120]
            sshd-1967  [043]     3.389952: (+23)    sched_switch:         sshd:1967 [120] S ==> cg.C.x:2221 [120]
          cg.C.x-2274  [014]     3.433042: (+43090) sched_waking:         comm=kworker/14:2 pid=1018 prio=120 target_cpu=014
          cg.C.x-2274  [014]     3.433051: (+9)     sched_wakeup:         kworker/14:2:1018 [120] CPU:014
          cg.C.x-2274  [014]     3.433057: (+6)     sched_switch:         cg.C.x:2274 [120] R ==> kworker/14:2:1018 [120]
    kworker/14:2-1018  [014]     3.433093: (+36)    sched_switch:         kworker/14:2:1018 [120] I ==> cg.C.x:2274 [120]
          cg.C.x-2250  [062]     3.465059: (+31966) sched_waking:         comm=kworker/62:1 pid=718 prio=120 target_cpu=062
          cg.C.x-2250  [062]     3.465068: (+9)     sched_wakeup:         kworker/62:1:718 [120] CPU:062
          cg.C.x-2250  [062]     3.465077: (+9)     sched_switch:         cg.C.x:2250 [120] R ==> kworker/62:1:718 [120]
    kworker/62:1-718   [062]     3.465092: (+15)    sched_switch:         kworker/62:1:718 [120] I ==> cg.C.x:2250 [120]
          cg.C.x-2247  [005]     3.469059: (+3967)  sched_waking:         comm=kcompactd1 pid=470 prio=120 target_cpu=005
          cg.C.x-2256  [002]     3.469060: (+1)     sched_waking:         comm=kcompactd0 pid=469 prio=120 target_cpu=002
          cg.C.x-2247  [005]     3.469067: (+7)     sched_wakeup:         kcompactd1:470 [120] CPU:005
          cg.C.x-2256  [002]     3.469068: (+1)     sched_wakeup:         kcompactd0:469 [120] CPU:002
          cg.C.x-2247  [005]     3.469072: (+4)     sched_switch:         cg.C.x:2247 [120] R ==> kcompactd1:470 [120]
          cg.C.x-2256  [002]     3.469075: (+3)     sched_switch:         cg.C.x:2256 [120] R ==> kcompactd0:469 [120]
      kcompactd1-470   [005]     3.469082: (+7)     sched_switch:         kcompactd1:470 [120] S ==> cg.C.x:2247 [120]
      kcompactd0-469   [002]     3.469086: (+4)     sched_switch:         kcompactd0:469 [120] S ==> cg.C.x:2256 [120]
          cg.C.x-2259  [019]     3.481063: (+11977) sched_waking:         comm=nslcd pid=1860 prio=120 target_cpu=019
          cg.C.x-2251  [017]     3.481063: (+0)     sched_waking:         comm=nslcd pid=1864 prio=120 target_cpu=017
          cg.C.x-2261  [021]     3.481064: (+1)     sched_waking:         comm=nslcd pid=1862 prio=120 target_cpu=021
          cg.C.x-2283  [001]     3.481064: (+0)     sched_waking:         comm=nslcd pid=1863 prio=120 target_cpu=001
          cg.C.x-2259  [019]     3.481075: (+11)    sched_wakeup:         nslcd:1860 [120] CPU:019
          cg.C.x-2261  [021]     3.481075: (+0)     sched_wakeup:         nslcd:1862 [120] CPU:021
          cg.C.x-2251  [017]     3.481075: (+0)     sched_wakeup:         nslcd:1864 [120] CPU:017
          cg.C.x-2283  [001]     3.481076: (+1)     sched_wakeup:         nslcd:1863 [120] CPU:001
          cg.C.x-2283  [001]     3.481080: (+4)     sched_switch:         cg.C.x:2283 [120] R ==> nslcd:1863 [120]
          cg.C.x-2251  [017]     3.481081: (+1)     sched_switch:         cg.C.x:2251 [120] R ==> nslcd:1864 [120]
          cg.C.x-2259  [019]     3.481081: (+0)     sched_switch:         cg.C.x:2259 [120] R ==> nslcd:1860 [120]
          cg.C.x-2261  [021]     3.481081: (+0)     sched_switch:         cg.C.x:2261 [120] R ==> nslcd:1862 [120]
           nslcd-1862  [021]     3.481107: (+26)    sched_switch:         nslcd:1862 [120] S ==> cg.C.x:2261 [120]
           nslcd-1863  [001]     3.481107: (+0)     sched_switch:         nslcd:1863 [120] S ==> cg.C.x:2283 [120]
           nslcd-1860  [019]     3.481107: (+0)     sched_switch:         nslcd:1860 [120] S ==> cg.C.x:2259 [120]
           nslcd-1864  [017]     3.481112: (+5)     sched_switch:         nslcd:1864 [120] S ==> cg.C.x:2251 [120]
          cg.C.x-2254  [000]     3.481417: (+305)   sched_waking:         comm=migration/0 pid=18 prio=0 target_cpu=000
          cg.C.x-2254  [000]     3.481428: (+11)    sched_wakeup:         migration/0:18 [0] CPU:000
          cg.C.x-2254  [000]     3.481441: (+13)    sched_switch:         cg.C.x:2254 [120] R ==> migration/0:18 [0]
     migration/0-18    [000]     3.481454: (+13)    sched_switch:         migration/0:18 [0] S ==> cg.C.x:2254 [120]
          cg.C.x-2239  [003]     3.485065: (+3611)  sched_waking:         comm=nslcd pid=1861 prio=120 target_cpu=003
          cg.C.x-2239  [003]     3.485073: (+8)     sched_wakeup:         nslcd:1861 [120] CPU:003
          cg.C.x-2239  [003]     3.485076: (+3)     sched_switch:         cg.C.x:2239 [120] R ==> nslcd:1861 [120]
           nslcd-1861  [003]     3.485103: (+27)    sched_switch:         nslcd:1861 [120] S ==> cg.C.x:2239 [120]
          cg.C.x-2245  [055]     3.497076: (+11973) sched_waking:         comm=kworker/55:1 pid=586 prio=120 target_cpu=055
          cg.C.x-2245  [055]     3.497084: (+8)     sched_wakeup:         kworker/55:1:586 [120] CPU:055
          cg.C.x-2245  [055]     3.497091: (+7)     sched_switch:         cg.C.x:2245 [120] R ==> kworker/55:1:586 [120]
    kworker/55:1-586   [055]     3.497123: (+32)    sched_switch:         kworker/55:1:586 [120] I ==> cg.C.x:2245 [120]
          cg.C.x-2248  [060]     3.501076: (+3953)  sched_waking:         comm=kworker/60:1 pid=721 prio=120 target_cpu=060
          cg.C.x-2246  [058]     3.501076: (+0)     sched_waking:         comm=kworker/58:1 pid=720 prio=120 target_cpu=058
          cg.C.x-2231  [059]     3.501076: (+0)     sched_waking:         comm=kworker/59:1 pid=536 prio=120 target_cpu=059
          cg.C.x-2231  [059]     3.501083: (+7)     sched_wakeup:         kworker/59:1:536 [120] CPU:059
          cg.C.x-2246  [058]     3.501084: (+1)     sched_wakeup:         kworker/58:1:720 [120] CPU:058
          cg.C.x-2248  [060]     3.501084: (+0)     sched_wakeup:         kworker/60:1:721 [120] CPU:060
          cg.C.x-2231  [059]     3.501091: (+7)     sched_switch:         cg.C.x:2231 [120] R ==> kworker/59:1:536 [120]
          cg.C.x-2246  [058]     3.501091: (+0)     sched_switch:         cg.C.x:2246 [120] R ==> kworker/58:1:720 [120]
          cg.C.x-2248  [060]     3.501092: (+1)     sched_switch:         cg.C.x:2248 [120] R ==> kworker/60:1:721 [120]
    kworker/59:1-536   [059]     3.501105: (+13)    sched_switch:         kworker/59:1:536 [120] I ==> cg.C.x:2231 [120]
    kworker/58:1-720   [058]     3.501119: (+14)    sched_switch:         kworker/58:1:720 [120] I ==> cg.C.x:2246 [120]
    kworker/60:1-721   [060]     3.501145: (+26)    sched_switch:         kworker/60:1:721 [120] I ==> cg.C.x:2248 [120]
          cg.C.x-2221  [043]     3.508853: (+7708)  sched_waking:         comm=kworker/u130:12 pid=430 prio=120 target_cpu=043
          cg.C.x-2221  [043]     3.508859: (+6)     sched_wakeup:         kworker/u130:12:430 [120] CPU:043
          cg.C.x-2221  [043]     3.508865: (+6)     sched_switch:         cg.C.x:2221 [120] R ==> kworker/u130:12:430 [120]
 kworker/u130:12-430   [043]     3.508871: (+6)     sched_waking:         comm=sshd pid=1967 prio=120 target_cpu=043
 kworker/u130:12-430   [043]     3.508875: (+4)     sched_wakeup:         sshd:1967 [120] CPU:043
 kworker/u130:12-430   [043]     3.508877: (+2)     sched_switch:         kworker/u130:12:430 [120] I ==> sshd:1967 [120]
            sshd-1967  [043]     3.508959: (+82)    sched_switch:         sshd:1967 [120] S ==> cg.C.x:2221 [120]
          cg.C.x-2221  [043]     3.508961: (+2)     sched_waking:         comm=kworker/u130:12 pid=430 prio=120 target_cpu=043
          cg.C.x-2221  [043]     3.508961: (+0)     sched_wakeup:         kworker/u130:12:430 [120] CPU:043
          cg.C.x-2221  [043]     3.508963: (+2)     sched_switch:         cg.C.x:2221 [120] R ==> kworker/u130:12:430 [120]
 kworker/u130:12-430   [043]     3.508964: (+1)     sched_waking:         comm=sshd pid=1967 prio=120 target_cpu=043
 kworker/u130:12-430   [043]     3.508966: (+2)     sched_wakeup:         sshd:1967 [120] CPU:043
 kworker/u130:12-430   [043]     3.508967: (+1)     sched_switch:         kworker/u130:12:430 [120] I ==> sshd:1967 [120]
            sshd-1967  [043]     3.508990: (+23)    sched_switch:         sshd:1967 [120] S ==> cg.C.x:2221 [120]
          cg.C.x-2264  [006]     3.513427: (+4437)  sched_waking:         comm=migration/6 pid=53 prio=0 target_cpu=006
          cg.C.x-2268  [008]     3.513427: (+0)     sched_waking:         comm=migration/8 pid=65 prio=0 target_cpu=008
          cg.C.x-2251  [017]     3.513427: (+0)     sched_waking:         comm=migration/17 pid=119 prio=0 target_cpu=017
          cg.C.x-2256  [002]     3.513427: (+0)     sched_waking:         comm=migration/2 pid=29 prio=0 target_cpu=002
          cg.C.x-2280  [004]     3.513427: (+0)     sched_waking:         comm=migration/4 pid=41 prio=0 target_cpu=004
          cg.C.x-2235  [009]     3.513427: (+0)     sched_waking:         comm=migration/9 pid=71 prio=0 target_cpu=009
          cg.C.x-2259  [019]     3.513427: (+0)     sched_waking:         comm=migration/19 pid=131 prio=0 target_cpu=019
          cg.C.x-2274  [014]     3.513427: (+0)     sched_waking:         comm=migration/14 pid=101 prio=0 target_cpu=014
          cg.C.x-2230  [010]     3.513427: (+0)     sched_waking:         comm=migration/10 pid=77 prio=0 target_cpu=010
          cg.C.x-2283  [001]     3.513427: (+0)     sched_waking:         comm=migration/1 pid=23 prio=0 target_cpu=001
          cg.C.x-2260  [012]     3.513427: (+0)     sched_waking:         comm=migration/12 pid=89 prio=0 target_cpu=012
          cg.C.x-2222  [013]     3.513427: (+0)     sched_waking:         comm=migration/13 pid=95 prio=0 target_cpu=013
          cg.C.x-2253  [011]     3.513427: (+0)     sched_waking:         comm=migration/11 pid=83 prio=0 target_cpu=011
          cg.C.x-2247  [005]     3.513427: (+0)     sched_waking:         comm=migration/5 pid=47 prio=0 target_cpu=005
          cg.C.x-2239  [003]     3.513427: (+0)     sched_waking:         comm=migration/3 pid=35 prio=0 target_cpu=003
          cg.C.x-2279  [007]     3.513427: (+0)     sched_waking:         comm=migration/7 pid=59 prio=0 target_cpu=007
          cg.C.x-2257  [015]     3.513427: (+0)     sched_waking:         comm=migration/15 pid=107 prio=0 target_cpu=015
          cg.C.x-2236  [016]     3.513427: (+0)     sched_waking:         comm=migration/16 pid=113 prio=0 target_cpu=016
          cg.C.x-2238  [018]     3.513427: (+0)     sched_waking:         comm=migration/18 pid=125 prio=0 target_cpu=018
          cg.C.x-2259  [019]     3.513430: (+3)     sched_wakeup:         migration/19:131 [0] CPU:019
          cg.C.x-2247  [005]     3.513430: (+0)     sched_wakeup:         migration/5:47 [0] CPU:005
          cg.C.x-2235  [009]     3.513430: (+0)     sched_wakeup:         migration/9:71 [0] CPU:009
          cg.C.x-2251  [017]     3.513430: (+0)     sched_wakeup:         migration/17:119 [0] CPU:017
          cg.C.x-2283  [001]     3.513430: (+0)     sched_wakeup:         migration/1:23 [0] CPU:001
          cg.C.x-2257  [015]     3.513430: (+0)     sched_wakeup:         migration/15:107 [0] CPU:015
          cg.C.x-2256  [002]     3.513431: (+1)     sched_wakeup:         migration/2:29 [0] CPU:002
          cg.C.x-2268  [008]     3.513431: (+0)     sched_wakeup:         migration/8:65 [0] CPU:008
          cg.C.x-2236  [016]     3.513431: (+0)     sched_wakeup:         migration/16:113 [0] CPU:016
          cg.C.x-2280  [004]     3.513431: (+0)     sched_wakeup:         migration/4:41 [0] CPU:004
          cg.C.x-2238  [018]     3.513431: (+0)     sched_wakeup:         migration/18:125 [0] CPU:018
          cg.C.x-2264  [006]     3.513431: (+0)     sched_wakeup:         migration/6:53 [0] CPU:006
          cg.C.x-2260  [012]     3.513431: (+0)     sched_wakeup:         migration/12:89 [0] CPU:012
          cg.C.x-2274  [014]     3.513431: (+0)     sched_wakeup:         migration/14:101 [0] CPU:014
          cg.C.x-2230  [010]     3.513431: (+0)     sched_wakeup:         migration/10:77 [0] CPU:010
          cg.C.x-2279  [007]     3.513431: (+0)     sched_wakeup:         migration/7:59 [0] CPU:007
          cg.C.x-2239  [003]     3.513431: (+0)     sched_wakeup:         migration/3:35 [0] CPU:003
          cg.C.x-2222  [013]     3.513431: (+0)     sched_wakeup:         migration/13:95 [0] CPU:013
          cg.C.x-2253  [011]     3.513432: (+1)     sched_wakeup:         migration/11:83 [0] CPU:011
          cg.C.x-2235  [009]     3.513436: (+4)     sched_switch:         cg.C.x:2235 [120] R ==> migration/9:71 [0]
          cg.C.x-2251  [017]     3.513436: (+0)     sched_switch:         cg.C.x:2251 [120] R ==> migration/17:119 [0]
          cg.C.x-2283  [001]     3.513436: (+0)     sched_switch:         cg.C.x:2283 [120] R ==> migration/1:23 [0]
          cg.C.x-2264  [006]     3.513436: (+0)     sched_switch:         cg.C.x:2264 [120] R ==> migration/6:53 [0]
          cg.C.x-2230  [010]     3.513436: (+0)     sched_switch:         cg.C.x:2230 [120] R ==> migration/10:77 [0]
          cg.C.x-2260  [012]     3.513436: (+0)     sched_switch:         cg.C.x:2260 [120] R ==> migration/12:89 [0]
          cg.C.x-2268  [008]     3.513436: (+0)     sched_switch:         cg.C.x:2268 [120] R ==> migration/8:65 [0]
          cg.C.x-2257  [015]     3.513436: (+0)     sched_switch:         cg.C.x:2257 [120] R ==> migration/15:107 [0]
          cg.C.x-2274  [014]     3.513436: (+0)     sched_switch:         cg.C.x:2274 [120] R ==> migration/14:101 [0]
          cg.C.x-2247  [005]     3.513436: (+0)     sched_switch:         cg.C.x:2247 [120] R ==> migration/5:47 [0]
          cg.C.x-2256  [002]     3.513436: (+0)     sched_switch:         cg.C.x:2256 [120] R ==> migration/2:29 [0]
          cg.C.x-2280  [004]     3.513436: (+0)     sched_switch:         cg.C.x:2280 [120] R ==> migration/4:41 [0]
          cg.C.x-2279  [007]     3.513436: (+0)     sched_switch:         cg.C.x:2279 [120] R ==> migration/7:59 [0]
          cg.C.x-2236  [016]     3.513436: (+0)     sched_switch:         cg.C.x:2236 [120] R ==> migration/16:113 [0]
          cg.C.x-2222  [013]     3.513437: (+1)     sched_switch:         cg.C.x:2222 [120] R ==> migration/13:95 [0]
          cg.C.x-2253  [011]     3.513437: (+0)     sched_switch:         cg.C.x:2253 [120] R ==> migration/11:83 [0]
          cg.C.x-2259  [019]     3.513437: (+0)     sched_switch:         cg.C.x:2259 [120] R ==> migration/19:131 [0]
          cg.C.x-2239  [003]     3.513437: (+0)     sched_switch:         cg.C.x:2239 [120] R ==> migration/3:35 [0]
          cg.C.x-2238  [018]     3.513438: (+1)     sched_switch:         cg.C.x:2238 [120] R ==> migration/18:125 [0]
     migration/9-71    [009]     3.513442: (+4)     sched_switch:         migration/9:71 [0] S ==> cg.C.x:2235 [120]
     migration/5-47    [005]     3.513442: (+0)     sched_switch:         migration/5:47 [0] S ==> cg.C.x:2247 [120]
    migration/15-107   [015]     3.513442: (+0)     sched_switch:         migration/15:107 [0] S ==> cg.C.x:2257 [120]
    migration/17-119   [017]     3.513442: (+0)     sched_switch:         migration/17:119 [0] S ==> cg.C.x:2251 [120]
    migration/13-95    [013]     3.513442: (+0)     sched_switch:         migration/13:95 [0] S ==> cg.C.x:2222 [120]
    migration/19-131   [019]     3.513442: (+0)     sched_switch:         migration/19:131 [0] S ==> cg.C.x:2259 [120]
    migration/10-77    [010]     3.513442: (+0)     sched_switch:         migration/10:77 [0] S ==> cg.C.x:2230 [120]
    migration/14-101   [014]     3.513443: (+1)     sched_switch:         migration/14:101 [0] S ==> cg.C.x:2274 [120]
     migration/8-65    [008]     3.513443: (+0)     sched_switch:         migration/8:65 [0] S ==> cg.C.x:2268 [120]
     migration/6-53    [006]     3.513443: (+0)     sched_switch:         migration/6:53 [0] S ==> cg.C.x:2264 [120]
    migration/12-89    [012]     3.513443: (+0)     sched_switch:         migration/12:89 [0] S ==> cg.C.x:2260 [120]
     migration/2-29    [002]     3.513443: (+0)     sched_switch:         migration/2:29 [0] S ==> cg.C.x:2256 [120]
    migration/16-113   [016]     3.513443: (+0)     sched_switch:         migration/16:113 [0] S ==> cg.C.x:2236 [120]
     migration/4-41    [004]     3.513443: (+0)     sched_switch:         migration/4:41 [0] S ==> cg.C.x:2280 [120]
     migration/7-59    [007]     3.513443: (+0)     sched_switch:         migration/7:59 [0] S ==> cg.C.x:2279 [120]
    migration/18-125   [018]     3.513443: (+0)     sched_switch:         migration/18:125 [0] S ==> cg.C.x:2238 [120]
    migration/11-83    [011]     3.513443: (+0)     sched_switch:         migration/11:83 [0] S ==> cg.C.x:2253 [120]
     migration/3-35    [003]     3.513443: (+0)     sched_switch:         migration/3:35 [0] S ==> cg.C.x:2239 [120]
     migration/1-23    [001]     3.513443: (+0)     sched_switch:         migration/1:23 [0] S ==> cg.C.x:2283 [120]
          cg.C.x-2261  [021]     3.517428: (+3985)  sched_waking:         comm=migration/21 pid=143 prio=0 target_cpu=021
          cg.C.x-2263  [027]     3.517429: (+1)     sched_waking:         comm=migration/27 pid=179 prio=0 target_cpu=027
          cg.C.x-2273  [023]     3.517429: (+0)     sched_waking:         comm=migration/23 pid=155 prio=0 target_cpu=023
          cg.C.x-2275  [029]     3.517429: (+0)     sched_waking:         comm=migration/29 pid=191 prio=0 target_cpu=029
          cg.C.x-2265  [025]     3.517429: (+0)     sched_waking:         comm=migration/25 pid=167 prio=0 target_cpu=025
          cg.C.x-2267  [031]     3.517429: (+0)     sched_waking:         comm=migration/31 pid=203 prio=0 target_cpu=031
          cg.C.x-2266  [020]     3.517429: (+0)     sched_waking:         comm=migration/20 pid=137 prio=0 target_cpu=020
          cg.C.x-2278  [022]     3.517429: (+0)     sched_waking:         comm=migration/22 pid=149 prio=0 target_cpu=022
          cg.C.x-2282  [024]     3.517429: (+0)     sched_waking:         comm=migration/24 pid=161 prio=0 target_cpu=024
          cg.C.x-2284  [028]     3.517429: (+0)     sched_waking:         comm=migration/28 pid=185 prio=0 target_cpu=028
          cg.C.x-2276  [026]     3.517429: (+0)     sched_waking:         comm=migration/26 pid=173 prio=0 target_cpu=026
          cg.C.x-2258  [030]     3.517429: (+0)     sched_waking:         comm=migration/30 pid=197 prio=0 target_cpu=030
          cg.C.x-2261  [021]     3.517431: (+2)     sched_wakeup:         migration/21:143 [0] CPU:021
          cg.C.x-2275  [029]     3.517431: (+0)     sched_wakeup:         migration/29:191 [0] CPU:029
          cg.C.x-2265  [025]     3.517431: (+0)     sched_wakeup:         migration/25:167 [0] CPU:025
          cg.C.x-2263  [027]     3.517431: (+0)     sched_wakeup:         migration/27:179 [0] CPU:027
          cg.C.x-2267  [031]     3.517431: (+0)     sched_wakeup:         migration/31:203 [0] CPU:031
          cg.C.x-2273  [023]     3.517432: (+1)     sched_wakeup:         migration/23:155 [0] CPU:023
          cg.C.x-2266  [020]     3.517432: (+0)     sched_wakeup:         migration/20:137 [0] CPU:020
          cg.C.x-2278  [022]     3.517432: (+0)     sched_wakeup:         migration/22:149 [0] CPU:022
          cg.C.x-2282  [024]     3.517432: (+0)     sched_wakeup:         migration/24:161 [0] CPU:024
          cg.C.x-2284  [028]     3.517432: (+0)     sched_wakeup:         migration/28:185 [0] CPU:028
          cg.C.x-2258  [030]     3.517432: (+0)     sched_wakeup:         migration/30:197 [0] CPU:030
          cg.C.x-2276  [026]     3.517433: (+1)     sched_wakeup:         migration/26:173 [0] CPU:026
          cg.C.x-2261  [021]     3.517435: (+2)     sched_switch:         cg.C.x:2261 [120] R ==> migration/21:143 [0]
          cg.C.x-2265  [025]     3.517436: (+1)     sched_switch:         cg.C.x:2265 [120] R ==> migration/25:167 [0]
          cg.C.x-2275  [029]     3.517436: (+0)     sched_switch:         cg.C.x:2275 [120] R ==> migration/29:191 [0]
          cg.C.x-2267  [031]     3.517437: (+1)     sched_switch:         cg.C.x:2267 [120] R ==> migration/31:203 [0]
          cg.C.x-2273  [023]     3.517437: (+0)     sched_switch:         cg.C.x:2273 [120] R ==> migration/23:155 [0]
          cg.C.x-2263  [027]     3.517437: (+0)     sched_switch:         cg.C.x:2263 [120] R ==> migration/27:179 [0]
          cg.C.x-2282  [024]     3.517438: (+1)     sched_switch:         cg.C.x:2282 [120] R ==> migration/24:161 [0]
          cg.C.x-2284  [028]     3.517438: (+0)     sched_switch:         cg.C.x:2284 [120] R ==> migration/28:185 [0]
          cg.C.x-2276  [026]     3.517438: (+0)     sched_switch:         cg.C.x:2276 [120] R ==> migration/26:173 [0]
          cg.C.x-2258  [030]     3.517439: (+1)     sched_switch:         cg.C.x:2258 [120] R ==> migration/30:197 [0]
          cg.C.x-2278  [022]     3.517439: (+0)     sched_switch:         cg.C.x:2278 [120] R ==> migration/22:149 [0]
          cg.C.x-2266  [020]     3.517439: (+0)     sched_switch:         cg.C.x:2266 [120] R ==> migration/20:137 [0]
    migration/21-143   [021]     3.517441: (+2)     sched_switch:         migration/21:143 [0] S ==> cg.C.x:2261 [120]
    migration/29-191   [029]     3.517441: (+0)     sched_switch:         migration/29:191 [0] S ==> cg.C.x:2275 [120]
    migration/25-167   [025]     3.517442: (+1)     sched_switch:         migration/25:167 [0] S ==> cg.C.x:2265 [120]
    migration/31-203   [031]     3.517442: (+0)     sched_switch:         migration/31:203 [0] S ==> cg.C.x:2267 [120]
    migration/27-179   [027]     3.517442: (+0)     sched_switch:         migration/27:179 [0] S ==> cg.C.x:2263 [120]
    migration/23-155   [023]     3.517443: (+1)     sched_switch:         migration/23:155 [0] S ==> cg.C.x:2273 [120]
    migration/28-185   [028]     3.517443: (+0)     sched_switch:         migration/28:185 [0] S ==> cg.C.x:2284 [120]
    migration/24-161   [024]     3.517444: (+1)     sched_switch:         migration/24:161 [0] S ==> cg.C.x:2282 [120]
    migration/20-137   [020]     3.517444: (+0)     sched_switch:         migration/20:137 [0] S ==> cg.C.x:2266 [120]
    migration/22-149   [022]     3.517445: (+1)     sched_switch:         migration/22:149 [0] S ==> cg.C.x:2278 [120]
    migration/26-173   [026]     3.517445: (+0)     sched_switch:         migration/26:173 [0] S ==> cg.C.x:2276 [120]
    migration/30-197   [030]     3.517446: (+1)     sched_switch:         migration/30:197 [0] S ==> cg.C.x:2258 [120]
          cg.C.x-2245  [055]     3.529091: (+11645) sched_waking:         comm=kworker/55:1 pid=586 prio=120 target_cpu=055
          cg.C.x-2244  [056]     3.529091: (+0)     sched_waking:         comm=kworker/56:1 pid=728 prio=120 target_cpu=056
          cg.C.x-2241  [057]     3.529091: (+0)     sched_waking:         comm=kworker/57:1 pid=592 prio=120 target_cpu=057
          cg.C.x-2245  [055]     3.529097: (+6)     sched_wakeup:         kworker/55:1:586 [120] CPU:055
          cg.C.x-2244  [056]     3.529098: (+1)     sched_wakeup:         kworker/56:1:728 [120] CPU:056
          cg.C.x-2241  [057]     3.529098: (+0)     sched_wakeup:         kworker/57:1:592 [120] CPU:057
          cg.C.x-2241  [057]     3.529103: (+5)     sched_switch:         cg.C.x:2241 [120] R ==> kworker/57:1:592 [120]
          cg.C.x-2245  [055]     3.529103: (+0)     sched_switch:         cg.C.x:2245 [120] R ==> kworker/55:1:586 [120]
          cg.C.x-2244  [056]     3.529105: (+2)     sched_switch:         cg.C.x:2244 [120] R ==> kworker/56:1:728 [120]
    kworker/57:1-592   [057]     3.529115: (+10)    sched_switch:         kworker/57:1:592 [120] I ==> cg.C.x:2241 [120]
    kworker/55:1-586   [055]     3.529115: (+0)     sched_switch:         kworker/55:1:586 [120] I ==> cg.C.x:2245 [120]
    kworker/56:1-728   [056]     3.529118: (+3)     sched_switch:         kworker/56:1:728 [120] I ==> cg.C.x:2244 [120]
          cg.C.x-2226  [032]     3.545444: (+16326) sched_waking:         comm=migration/32 pid=209 prio=0 target_cpu=032
          cg.C.x-2226  [032]     3.545450: (+6)     sched_wakeup:         migration/32:209 [0] CPU:032
          cg.C.x-2226  [032]     3.545459: (+9)     sched_switch:         cg.C.x:2226 [120] R ==> migration/32:209 [0]
    migration/32-209   [032]     3.545468: (+9)     sched_switch:         migration/32:209 [0] S ==> cg.C.x:2226 [120]
          cg.C.x-2228  [040]     3.549446: (+3978)  sched_waking:         comm=migration/40 pid=257 prio=0 target_cpu=040
          cg.C.x-2224  [036]     3.549446: (+0)     sched_waking:         comm=migration/36 pid=233 prio=0 target_cpu=036
          cg.C.x-2227  [038]     3.549446: (+0)     sched_waking:         comm=migration/38 pid=245 prio=0 target_cpu=038
          cg.C.x-2252  [034]     3.549446: (+0)     sched_waking:         comm=migration/34 pid=221 prio=0 target_cpu=034
          cg.C.x-2272  [042]     3.549446: (+0)     sched_waking:         comm=migration/42 pid=269 prio=0 target_cpu=042
          cg.C.x-2233  [039]     3.549446: (+0)     sched_waking:         comm=migration/39 pid=251 prio=0 target_cpu=039
          cg.C.x-2249  [033]     3.549446: (+0)     sched_waking:         comm=migration/33 pid=215 prio=0 target_cpu=033
          cg.C.x-2269  [035]     3.549446: (+0)     sched_waking:         comm=migration/35 pid=227 prio=0 target_cpu=035
          cg.C.x-2271  [037]     3.549446: (+0)     sched_waking:         comm=migration/37 pid=239 prio=0 target_cpu=037
          cg.C.x-2277  [041]     3.549446: (+0)     sched_waking:         comm=migration/41 pid=263 prio=0 target_cpu=041
          cg.C.x-2269  [035]     3.549451: (+5)     sched_wakeup:         migration/35:227 [0] CPU:035
          cg.C.x-2249  [033]     3.549451: (+0)     sched_wakeup:         migration/33:215 [0] CPU:033
          cg.C.x-2228  [040]     3.549451: (+0)     sched_wakeup:         migration/40:257 [0] CPU:040
          cg.C.x-2233  [039]     3.549451: (+0)     sched_wakeup:         migration/39:251 [0] CPU:039
          cg.C.x-2252  [034]     3.549451: (+0)     sched_wakeup:         migration/34:221 [0] CPU:034
          cg.C.x-2272  [042]     3.549451: (+0)     sched_wakeup:         migration/42:269 [0] CPU:042
          cg.C.x-2224  [036]     3.549451: (+0)     sched_wakeup:         migration/36:233 [0] CPU:036
          cg.C.x-2227  [038]     3.549451: (+0)     sched_wakeup:         migration/38:245 [0] CPU:038
          cg.C.x-2277  [041]     3.549451: (+0)     sched_wakeup:         migration/41:263 [0] CPU:041
          cg.C.x-2271  [037]     3.549451: (+0)     sched_wakeup:         migration/37:239 [0] CPU:037
          cg.C.x-2233  [039]     3.549458: (+7)     sched_switch:         cg.C.x:2233 [120] R ==> migration/39:251 [0]
          cg.C.x-2249  [033]     3.549458: (+0)     sched_switch:         cg.C.x:2249 [120] R ==> migration/33:215 [0]
          cg.C.x-2271  [037]     3.549458: (+0)     sched_switch:         cg.C.x:2271 [120] R ==> migration/37:239 [0]
          cg.C.x-2228  [040]     3.549458: (+0)     sched_switch:         cg.C.x:2228 [120] R ==> migration/40:257 [0]
          cg.C.x-2272  [042]     3.549458: (+0)     sched_switch:         cg.C.x:2272 [120] R ==> migration/42:269 [0]
          cg.C.x-2224  [036]     3.549458: (+0)     sched_switch:         cg.C.x:2224 [120] R ==> migration/36:233 [0]
          cg.C.x-2227  [038]     3.549458: (+0)     sched_switch:         cg.C.x:2227 [120] R ==> migration/38:245 [0]
          cg.C.x-2277  [041]     3.549458: (+0)     sched_switch:         cg.C.x:2277 [120] R ==> migration/41:263 [0]
          cg.C.x-2252  [034]     3.549458: (+0)     sched_switch:         cg.C.x:2252 [120] R ==> migration/34:221 [0]
          cg.C.x-2269  [035]     3.549459: (+1)     sched_switch:         cg.C.x:2269 [120] R ==> migration/35:227 [0]
    migration/33-215   [033]     3.549466: (+7)     sched_switch:         migration/33:215 [0] S ==> cg.C.x:2249 [120]
    migration/39-251   [039]     3.549466: (+0)     sched_switch:         migration/39:251 [0] S ==> cg.C.x:2233 [120]
    migration/40-257   [040]     3.549466: (+0)     sched_switch:         migration/40:257 [0] S ==> cg.C.x:2228 [120]
    migration/38-245   [038]     3.549466: (+0)     sched_switch:         migration/38:245 [0] S ==> cg.C.x:2227 [120]
