          cg.C.x-2543  [005]     1.129885: (+0)     bputs:                task_numa_work: NUMAB Exited task_numa_work because migration time has not arrived yet
          cg.C.x-2561  [041]     1.129885: (+0)     bputs:                task_numa_work: NUMAB Exited task_numa_work because migration time has not arrived yet
          cg.C.x-2569  [057]     1.129885: (+0)     bputs:                task_numa_work: NUMAB Exited task_numa_work because migration time has not arrived yet
          cg.C.x-2544  [007]     1.129885: (+0)     bputs:                task_numa_work: NUMAB Exited task_numa_work because migration time has not arrived yet
          cg.C.x-2563  [045]     1.129885: (+0)     bputs:                task_numa_work: NUMAB Exited task_numa_work because migration time has not arrived yet
          cg.C.x-2553  [025]     1.129885: (+0)     bputs:                task_numa_work: NUMAB Exited task_numa_work because migration time has not arrived yet
          cg.C.x-2566  [051]     1.129885: (+0)     bputs:                task_numa_work: NUMAB Exited task_numa_work because migration time has not arrived yet
          cg.C.x-2542  [003]     1.129885: (+0)     bputs:                task_numa_work: NUMAB Exited task_numa_work because migration time has not arrived yet
          cg.C.x-2560  [039]     1.129885: (+0)     bputs:                task_numa_work: NUMAB Exited task_numa_work because migration time has not arrived yet
          cg.C.x-2545  [009]     1.129885: (+0)     bputs:                task_numa_work: NUMAB Exited task_numa_work because migration time has not arrived yet
          cg.C.x-2549  [017]     1.129885: (+0)     bputs:                task_numa_work: NUMAB Exited task_numa_work because migration time has not arrived yet
          cg.C.x-2551  [021]     1.129885: (+0)     bputs:                task_numa_work: NUMAB Exited task_numa_work because migration time has not arrived yet
          cg.C.x-2567  [053]     1.129885: (+0)     bputs:                task_numa_work: NUMAB Exited task_numa_work because migration time has not arrived yet
          cg.C.x-2565  [049]     1.129885: (+0)     bputs:                task_numa_work: NUMAB Exited task_numa_work because migration time has not arrived yet
          cg.C.x-2568  [055]     1.129885: (+0)     bputs:                task_numa_work: NUMAB Exited task_numa_work because migration time has not arrived yet
          cg.C.x-2541  [001]     1.129885: (+0)     bputs:                task_numa_work: NUMAB Exited task_numa_work because migration time has not arrived yet
          cg.C.x-2552  [023]     1.129885: (+0)     bputs:                task_numa_work: NUMAB Exited task_numa_work because migration time has not arrived yet
          cg.C.x-2533  [048]     1.129885: (+0)     bputs:                task_numa_work: NUMAB Exited task_numa_work because migration time has not arrived yet
          cg.C.x-2512  [006]     1.129885: (+0)     bputs:                task_numa_work: NUMAB Exited task_numa_work because migration time has not arrived yet
          cg.C.x-2528  [038]     1.129885: (+0)     bputs:                task_numa_work: NUMAB Exited task_numa_work because migration time has not arrived yet
          cg.C.x-2547  [013]     1.129885: (+0)     bputs:                task_numa_work: NUMAB Exited task_numa_work because migration time has not arrived yet
          cg.C.x-2570  [059]     1.129885: (+0)     bputs:                task_numa_work: NUMAB Exited task_numa_work because migration time has not arrived yet
          cg.C.x-2554  [027]     1.129885: (+0)     bputs:                task_numa_work: NUMAB Exited task_numa_work because migration time has not arrived yet
          cg.C.x-2516  [014]     1.129885: (+0)     bputs:                task_numa_work: NUMAB Exited task_numa_work because migration time has not arrived yet
          cg.C.x-2531  [044]     1.129886: (+1)     bputs:                task_numa_work: NUMAB Exited task_numa_work because migration time has not arrived yet
          cg.C.x-2523  [028]     1.129886: (+0)     bputs:                task_numa_work: NUMAB Exited task_numa_work because migration time has not arrived yet
          cg.C.x-2534  [050]     1.129886: (+0)     bputs:                task_numa_work: NUMAB Exited task_numa_work because migration time has not arrived yet
          cg.C.x-2539  [060]     1.129886: (+0)     bputs:                task_numa_work: NUMAB Exited task_numa_work because migration time has not arrived yet
          cg.C.x-2518  [018]     1.129886: (+0)     bputs:                task_numa_work: NUMAB Exited task_numa_work because migration time has not arrived yet
          cg.C.x-2559  [037]     1.129888: (+2)     bputs:                task_numa_work: NUMAB Exited task_numa_work because migration time has not arrived yet
          cg.C.x-2558  [035]     1.129888: (+0)     bputs:                task_numa_work: NUMAB Exited task_numa_work because migration time has not arrived yet
          cg.C.x-2509  [000]     1.129891: (+3)     bputs:                task_numa_work: NUMAB Exited task_numa_work because migration time has not arrived yet
          cg.C.x-2520  [022]     1.129891: (+0)     bprint:               change_prot_numa: NUMAB SCAN vma[start:0x55f626a90000, end:0x55f626a91000, from:0x55f626a90000, to:0x55f626a91000, size:4 KB]
          cg.C.x-2520  [022]     1.129914: (+23)    bprint:               change_prot_numa: NUMAB SCAN vma[start:0x55f626a91000, end:0x55f626a92000, from:0x55f626a91000, to:0x55f626a92000, size:4 KB]
          cg.C.x-2520  [022]     1.129915: (+1)     bprint:               change_prot_numa: NUMAB SCAN vma[start:0x55f627e64000, end:0x55f627e85000, from:0x55f627e64000, to:0x55f627e85000, size:132 KB]
          cg.C.x-2520  [022]     1.129941: (+26)    bprint:               change_prot_numa: NUMAB SCAN vma[start:0x7fe22a801000, end:0x7fe22b001000, from:0x7fe22a801000, to:0x7fe22b001000, size:8192 KB]
          cg.C.x-2520  [022]     1.129962: (+21)    bprint:               change_prot_numa: NUMAB SCAN vma[start:0x7fe22b201000, end:0x7fe22ba01000, from:0x7fe22b201000, to:0x7fe22ba01000, size:8192 KB]
          cg.C.x-2520  [022]     1.129984: (+22)    bprint:               change_prot_numa: NUMAB SCAN vma[start:0x7fe22bc01000, end:0x7fe22c401000, from:0x7fe22bc01000, to:0x7fe22c401000, size:8192 KB]
          cg.C.x-2520  [022]     1.130004: (+20)    bprint:               change_prot_numa: NUMAB SCAN vma[start:0x7fe22c601000, end:0x7fe22ce01000, from:0x7fe22c601000, to:0x7fe22ce01000, size:8192 KB]
          cg.C.x-2520  [022]     1.130026: (+22)    bprint:               change_prot_numa: NUMAB SCAN vma[start:0x7fe22d001000, end:0x7fe22d801000, from:0x7fe22d001000, to:0x7fe22d801000, size:8192 KB]
          cg.C.x-2520  [022]     1.130046: (+20)    bprint:               change_prot_numa: NUMAB SCAN vma[start:0x7fe22da01000, end:0x7fe22e201000, from:0x7fe22da01000, to:0x7fe22e201000, size:8192 KB]
          cg.C.x-2520  [022]     1.130067: (+21)    bprint:               change_prot_numa: NUMAB SCAN vma[start:0x7fe22e401000, end:0x7fe22ec01000, from:0x7fe22e401000, to:0x7fe22ec01000, size:8192 KB]
          cg.C.x-2520  [022]     1.130087: (+20)    bprint:               change_prot_numa: NUMAB SCAN vma[start:0x7fe22ee01000, end:0x7fe22f601000, from:0x7fe22ee01000, to:0x7fe22f601000, size:8192 KB]
          cg.C.x-2520  [022]     1.130107: (+20)    bprint:               change_prot_numa: NUMAB SCAN vma[start:0x7fe22f801000, end:0x7fe230001000, from:0x7fe22f801000, to:0x7fe230001000, size:8192 KB]
          cg.C.x-2520  [022]     1.130127: (+20)    bprint:               change_prot_numa: NUMAB SCAN vma[start:0x7fe230201000, end:0x7fe230a01000, from:0x7fe230201000, to:0x7fe230a01000, size:8192 KB]
          cg.C.x-2520  [022]     1.130148: (+21)    bprint:               change_prot_numa: NUMAB SCAN vma[start:0x7fe230c01000, end:0x7fe231401000, from:0x7fe230c01000, to:0x7fe231401000, size:8192 KB]
          cg.C.x-2520  [022]     1.130167: (+19)    bprint:               change_prot_numa: NUMAB SCAN vma[start:0x7fe231601000, end:0x7fe231e01000, from:0x7fe231601000, to:0x7fe231e01000, size:8192 KB]
          cg.C.x-2520  [022]     1.130186: (+19)    bprint:               change_prot_numa: NUMAB SCAN vma[start:0x7fe232001000, end:0x7fe232801000, from:0x7fe232001000, to:0x7fe232801000, size:8192 KB]
          cg.C.x-2520  [022]     1.130207: (+21)    bprint:               change_prot_numa: NUMAB SCAN vma[start:0x7fe232a01000, end:0x7fe233201000, from:0x7fe232a01000, to:0x7fe233201000, size:8192 KB]
          cg.C.x-2520  [022]     1.130226: (+19)    bprint:               change_prot_numa: NUMAB SCAN vma[start:0x7fe233401000, end:0x7fe233c01000, from:0x7fe233401000, to:0x7fe233c01000, size:8192 KB]
          cg.C.x-2520  [022]     1.130245: (+19)    bprint:               change_prot_numa: NUMAB SCAN vma[start:0x7fe233e01000, end:0x7fe234601000, from:0x7fe233e01000, to:0x7fe234601000, size:8192 KB]
          cg.C.x-2520  [022]     1.130265: (+20)    bprint:               change_prot_numa: NUMAB SCAN vma[start:0x7fe234801000, end:0x7fe235001000, from:0x7fe234801000, to:0x7fe235001000, size:8192 KB]
          cg.C.x-2520  [022]     1.130285: (+20)    bprint:               change_prot_numa: NUMAB SCAN vma[start:0x7fe235201000, end:0x7fe235a01000, from:0x7fe235201000, to:0x7fe235a01000, size:8192 KB]
          cg.C.x-2520  [022]     1.130306: (+21)    bprint:               change_prot_numa: NUMAB SCAN vma[start:0x7fe235c01000, end:0x7fe236401000, from:0x7fe235c01000, to:0x7fe236401000, size:8192 KB]
          cg.C.x-2520  [022]     1.130326: (+20)    bprint:               change_prot_numa: NUMAB SCAN vma[start:0x7fe236601000, end:0x7fe236e01000, from:0x7fe236601000, to:0x7fe236e01000, size:8192 KB]
          cg.C.x-2520  [022]     1.130346: (+20)    bprint:               change_prot_numa: NUMAB SCAN vma[start:0x7fe237001000, end:0x7fe237801000, from:0x7fe237001000, to:0x7fe237801000, size:8192 KB]
          cg.C.x-2520  [022]     1.130365: (+19)    bprint:               change_prot_numa: NUMAB SCAN vma[start:0x7fe237a01000, end:0x7fe238201000, from:0x7fe237a01000, to:0x7fe238201000, size:8192 KB]
          cg.C.x-2520  [022]     1.130385: (+20)    bprint:               change_prot_numa: NUMAB SCAN vma[start:0x7fe238401000, end:0x7fe238c01000, from:0x7fe238401000, to:0x7fe238c01000, size:8192 KB]
          cg.C.x-2520  [022]     1.130405: (+20)    bprint:               change_prot_numa: NUMAB SCAN vma[start:0x7fe238e01000, end:0x7fe239601000, from:0x7fe238e01000, to:0x7fe239601000, size:8192 KB]
          cg.C.x-2520  [022]     1.130426: (+21)    bprint:               change_prot_numa: NUMAB SCAN vma[start:0x7fe239801000, end:0x7fe23a001000, from:0x7fe239801000, to:0x7fe23a001000, size:8192 KB]
          cg.C.x-2520  [022]     1.130446: (+20)    bprint:               change_prot_numa: NUMAB SCAN vma[start:0x7fe23a201000, end:0x7fe23aa01000, from:0x7fe23a201000, to:0x7fe23aa01000, size:8192 KB]
          cg.C.x-2520  [022]     1.130467: (+21)    bprint:               change_prot_numa: NUMAB SCAN vma[start:0x7fe23ac01000, end:0x7fe23b401000, from:0x7fe23ac01000, to:0x7fe23b401000, size:8192 KB]
          cg.C.x-2520  [022]     1.130487: (+20)    bprint:               change_prot_numa: NUMAB SCAN vma[start:0x7fe23b601000, end:0x7fe23be01000, from:0x7fe23b601000, to:0x7fe23be01000, size:8192 KB]
          cg.C.x-2520  [022]     1.130507: (+20)    bprint:               change_prot_numa: NUMAB SCAN vma[start:0x7fe23c001000, end:0x7fe23c801000, from:0x7fe23c001000, to:0x7fe23c801000, size:8192 KB]
          cg.C.x-2520  [022]     1.130527: (+20)    bprint:               change_prot_numa: NUMAB SCAN vma[start:0x7fe23ca01000, end:0x7fe23d201000, from:0x7fe23ca01000, to:0x7fe23d201000, size:8192 KB]
          cg.C.x-2520  [022]     1.130546: (+19)    bprint:               change_prot_numa: NUMAB SCAN vma[start:0x7fe23d401000, end:0x7fe23dc01000, from:0x7fe23d401000, to:0x7fe23dc01000, size:8192 KB]
          cg.C.x-2520  [022]     1.130566: (+20)    bprint:               change_prot_numa: NUMAB SCAN vma[start:0x7fe23de01000, end:0x7fe23e601000, from:0x7fe23de01000, to:0x7fe23e601000, size:8192 KB]
          cg.C.x-2520  [022]     1.130587: (+21)    bprint:               change_prot_numa: NUMAB SCAN vma[start:0x7fe23e801000, end:0x7fe23f001000, from:0x7fe23e801000, to:0x7fe23f001000, size:8192 KB]
          cg.C.x-2520  [022]     1.130608: (+21)    bprint:               change_prot_numa: NUMAB SCAN vma[start:0x7fe23f201000, end:0x7fe23fa01000, from:0x7fe23f201000, to:0x7fe23fa01000, size:8192 KB]
          cg.C.x-2520  [022]     1.130629: (+21)    bprint:               change_prot_numa: NUMAB SCAN vma[start:0x7fe23fc01000, end:0x7fe240401000, from:0x7fe23fc01000, to:0x7fe240401000, size:8192 KB]
          cg.C.x-2520  [022]     1.130651: (+22)    bprint:               change_prot_numa: NUMAB SCAN vma[start:0x7fe240601000, end:0x7fe240e01000, from:0x7fe240601000, to:0x7fe240e01000, size:8192 KB]
          cg.C.x-2520  [022]     1.130672: (+21)    bprint:               change_prot_numa: NUMAB SCAN vma[start:0x7fe241001000, end:0x7fe241801000, from:0x7fe241001000, to:0x7fe241801000, size:8192 KB]
          cg.C.x-2520  [022]     1.130692: (+20)    bprint:               change_prot_numa: NUMAB SCAN vma[start:0x7fe241a01000, end:0x7fe242201000, from:0x7fe241a01000, to:0x7fe242201000, size:8192 KB]
          cg.C.x-2520  [022]     1.130713: (+21)    bprint:               change_prot_numa: NUMAB SCAN vma[start:0x7fe242401000, end:0x7fe242c01000, from:0x7fe242401000, to:0x7fe242c01000, size:8192 KB]
          cg.C.x-2520  [022]     1.130733: (+20)    bprint:               change_prot_numa: NUMAB SCAN vma[start:0x7fe242e01000, end:0x7fe243601000, from:0x7fe242e01000, to:0x7fe243601000, size:8192 KB]
          cg.C.x-2520  [022]     1.130754: (+21)    bprint:               change_prot_numa: NUMAB SCAN vma[start:0x7fe243801000, end:0x7fe244001000, from:0x7fe243801000, to:0x7fe244001000, size:8192 KB]
          cg.C.x-2520  [022]     1.130773: (+19)    bprint:               change_prot_numa: NUMAB SCAN vma[start:0x7fe244201000, end:0x7fe244a01000, from:0x7fe244201000, to:0x7fe244a01000, size:8192 KB]
          cg.C.x-2520  [022]     1.130793: (+20)    bprint:               change_prot_numa: NUMAB SCAN vma[start:0x7fe244c01000, end:0x7fe245401000, from:0x7fe244c01000, to:0x7fe245401000, size:8192 KB]
          cg.C.x-2520  [022]     1.130813: (+20)    bprint:               change_prot_numa: NUMAB SCAN vma[start:0x7fe245601000, end:0x7fe245e01000, from:0x7fe245601000, to:0x7fe245e01000, size:8192 KB]
          cg.C.x-2520  [022]     1.130833: (+20)    bprint:               change_prot_numa: NUMAB SCAN vma[start:0x7fe246001000, end:0x7fe246801000, from:0x7fe246001000, to:0x7fe246801000, size:8192 KB]
          cg.C.x-2520  [022]     1.130854: (+21)    bprint:               change_prot_numa: NUMAB SCAN vma[start:0x7fe246a01000, end:0x7fe247201000, from:0x7fe246a01000, to:0x7fe247201000, size:8192 KB]
          cg.C.x-2520  [022]     1.130874: (+20)    bprint:               change_prot_numa: NUMAB SCAN vma[start:0x7fe247401000, end:0x7fe247c01000, from:0x7fe247401000, to:0x7fe247c01000, size:8192 KB]
          cg.C.x-2520  [022]     1.130894: (+20)    bprint:               change_prot_numa: NUMAB SCAN vma[start:0x7fe247e01000, end:0x7fe248601000, from:0x7fe247e01000, to:0x7fe248601000, size:8192 KB]
          cg.C.x-2520  [022]     1.130914: (+20)    bprint:               change_prot_numa: NUMAB SCAN vma[start:0x7fe248801000, end:0x7fe249001000, from:0x7fe248801000, to:0x7fe249001000, size:8192 KB]
          cg.C.x-2520  [022]     1.130934: (+20)    bprint:               change_prot_numa: NUMAB SCAN vma[start:0x7fe249201000, end:0x7fe249a01000, from:0x7fe249201000, to:0x7fe249a01000, size:8192 KB]
          cg.C.x-2520  [022]     1.130954: (+20)    bprint:               change_prot_numa: NUMAB SCAN vma[start:0x7fe249c01000, end:0x7fe24a401000, from:0x7fe249c01000, to:0x7fe24a401000, size:8192 KB]
          cg.C.x-2520  [022]     1.130974: (+20)    bprint:               change_prot_numa: NUMAB SCAN vma[start:0x7fe24a601000, end:0x7fe24ae01000, from:0x7fe24a601000, to:0x7fe24ae01000, size:8192 KB]
          cg.C.x-2520  [022]     1.130994: (+20)    bprint:               change_prot_numa: NUMAB SCAN vma[start:0x7fe24b001000, end:0x7fe24b801000, from:0x7fe24b001000, to:0x7fe24b801000, size:8192 KB]
          cg.C.x-2520  [022]     1.131014: (+20)    bprint:               change_prot_numa: NUMAB SCAN vma[start:0x7fe24ba01000, end:0x7fe24c201000, from:0x7fe24ba01000, to:0x7fe24c201000, size:8192 KB]
          cg.C.x-2520  [022]     1.131035: (+21)    bprint:               change_prot_numa: NUMAB SCAN vma[start:0x7fe24c401000, end:0x7fe24cc01000, from:0x7fe24c401000, to:0x7fe24cc01000, size:8192 KB]
          cg.C.x-2520  [022]     1.131057: (+22)    bprint:               change_prot_numa: NUMAB SCAN vma[start:0x7fe24ce01000, end:0x7fe24d601000, from:0x7fe24ce01000, to:0x7fe24d601000, size:8192 KB]
          cg.C.x-2536  [054]     1.131068: (+11)    bprint:               __handle_mm_fault: NUMAB MEM ACCESS process[nid:0, cpu:54, pid:2536], folio[virt:0x7fe2417ff9b8, phys:0x132f07000, pfn:0x132f07, nid:0, npages:1]
          cg.C.x-2536  [054]     1.131078: (+10)    bprint:               __handle_mm_fault: NUMAB MEM ACCESS process[nid:0, cpu:54, pid:2536], folio[virt:0x7fe241800220, phys:0x120cc4000, pfn:0x120cc4, nid:0, npages:1]
          cg.C.x-2520  [022]     1.131078: (+0)     bprint:               change_prot_numa: NUMAB SCAN vma[start:0x7fe24d801000, end:0x7fe24e001000, from:0x7fe24d801000, to:0x7fe24e001000, size:8192 KB]
          cg.C.x-2536  [054]     1.131082: (+4)     bprint:               __handle_mm_fault: NUMAB MEM ACCESS process[nid:0, cpu:54, pid:2536], folio[virt:0x55f627e6f504, phys:0x16252c000, pfn:0x16252c, nid:0, npages:1]
          cg.C.x-2520  [022]     1.131096: (+14)    bprint:               change_prot_numa: NUMAB SCAN vma[start:0x7fe24e201000, end:0x7fe24ea01000, from:0x7fe24e201000, to:0x7fe24ea01000, size:8192 KB]
          cg.C.x-2520  [022]     1.131115: (+19)    bprint:               change_prot_numa: NUMAB SCAN vma[start:0x7fe24ec01000, end:0x7fe24f401000, from:0x7fe24ec01000, to:0x7fe24f401000, size:8192 KB]
          cg.C.x-2520  [022]     1.131132: (+17)    bprint:               change_prot_numa: NUMAB SCAN vma[start:0x7fe24f601000, end:0x7fe24fe01000, from:0x7fe24f601000, to:0x7fe24fe01000, size:8192 KB]
          cg.C.x-2520  [022]     1.131150: (+18)    bprint:               change_prot_numa: NUMAB SCAN vma[start:0x7fe250001000, end:0x7fe250801000, from:0x7fe250001000, to:0x7fe250801000, size:8192 KB]
          cg.C.x-2520  [022]     1.131167: (+17)    bprint:               change_prot_numa: NUMAB SCAN vma[start:0x7fe250a01000, end:0x7fe251201000, from:0x7fe250a01000, to:0x7fe251201000, size:8192 KB]
          cg.C.x-2520  [022]     1.131185: (+18)    bprint:               change_prot_numa: NUMAB SCAN vma[start:0x7fe251401000, end:0x7fe251c01000, from:0x7fe251401000, to:0x7fe251c01000, size:8192 KB]
          cg.C.x-2520  [022]     1.131203: (+18)    bprint:               change_prot_numa: NUMAB SCAN vma[start:0x7fe251c91000, end:0x7fe2644f9000, from:0x7fe251c91000, to:0x7fe2644f9000, size:303520 KB]
          cg.C.x-2539  [060]     1.131291: (+88)    bprint:               __handle_mm_fault: NUMAB MEM ACCESS process[nid:0, cpu:60, pid:2539], folio[virt:0x7fe23f9ff9b8, phys:0x112574000, pfn:0x112574, nid:0, npages:1]
          cg.C.x-2539  [060]     1.131297: (+6)     bprint:               __handle_mm_fault: NUMAB MEM ACCESS process[nid:0, cpu:60, pid:2539], folio[virt:0x7fe23fa00220, phys:0x120cc7000, pfn:0x120cc7, nid:0, npages:1]
          cg.C.x-2537  [056]     1.131298: (+1)     bprint:               __handle_mm_fault: NUMAB MEM ACCESS process[nid:0, cpu:56, pid:2537], folio[virt:0x7fe240dff9b8, phys:0x1626b4000, pfn:0x1626b4, nid:0, npages:1]
          cg.C.x-2537  [056]     1.131304: (+6)     bprint:               __handle_mm_fault: NUMAB MEM ACCESS process[nid:0, cpu:56, pid:2537], folio[virt:0x7fe240e00220, phys:0x120cc5000, pfn:0x120cc5, nid:0, npages:1]
          cg.C.x-2529  [040]     1.131304: (+0)     bprint:               __handle_mm_fault: NUMAB MEM ACCESS process[nid:0, cpu:40, pid:2529], folio[virt:0x7fe251e16000, phys:0x112cf8000, pfn:0x112cf8, nid:0, npages:1]
          cg.C.x-2567  [053]     1.131309: (+5)     bprint:               __handle_mm_fault: NUMAB MEM ACCESS process[nid:1, cpu:53, pid:2567], folio[virt:0x7fe251ec4000, phys:0x185c5f6000, pfn:0x185c5f6, nid:1, npages:1]
          cg.C.x-2560  [039]     1.131317: (+8)     bprint:               __handle_mm_fault: NUMAB MEM ACCESS process[nid:1, cpu:39, pid:2560], folio[virt:0x7fe251ea4000, phys:0x18595f8000, pfn:0x18595f8, nid:1, npages:1]
          cg.C.x-2515  [012]     1.131318: (+1)     bprint:               __handle_mm_fault: NUMAB MEM ACCESS process[nid:0, cpu:12, pid:2515], folio[virt:0x7fe251dd6000, phys:0x171e2c000, pfn:0x171e2c, nid:0, npages:1]
          cg.C.x-2521  [024]     1.131318: (+0)     bprint:               __handle_mm_fault: NUMAB MEM ACCESS process[nid:0, cpu:24, pid:2521], folio[virt:0x7fe24adff9b8, phys:0x112807000, pfn:0x112807, nid:0, npages:1]
          cg.C.x-2524  [030]     1.131322: (+4)     bprint:               __handle_mm_fault: NUMAB MEM ACCESS process[nid:0, cpu:30, pid:2524], folio[virt:0x7fe248fff9b8, phys:0x150c7f000, pfn:0x150c7f, nid:0, npages:1]
          cg.C.x-2521  [024]     1.131322: (+0)     bprint:               __handle_mm_fault: NUMAB MEM ACCESS process[nid:0, cpu:24, pid:2521], folio[virt:0x7fe24ae00220, phys:0x132b67000, pfn:0x132b67, nid:0, npages:1]
          cg.C.x-2510  [002]     1.131322: (+0)     bprint:               __handle_mm_fault: NUMAB MEM ACCESS process[nid:0, cpu:2, pid:2510], folio[virt:0x7fe251dbf000, phys:0x15068a000, pfn:0x15068a, nid:0, npages:1]
          cg.C.x-2546  [011]     1.131324: (+2)     bprint:               __handle_mm_fault: NUMAB MEM ACCESS process[nid:1, cpu:11, pid:2546], folio[virt:0x7fe23b3ff9b8, phys:0x18572a2000, pfn:0x18572a2, nid:1, npages:1]
          cg.C.x-2524  [030]     1.131327: (+3)     bprint:               __handle_mm_fault: NUMAB MEM ACCESS process[nid:0, cpu:30, pid:2524], folio[virt:0x7fe249000220, phys:0x121e3e000, pfn:0x121e3e, nid:0, npages:1]
          cg.C.x-2533  [048]     1.131342: (+15)    bprint:               __handle_mm_fault: NUMAB MEM ACCESS process[nid:0, cpu:48, pid:2533], folio[virt:0x7fe2435ff9b8, phys:0x1135d6000, pfn:0x1135d6, nid:0, npages:1]
          cg.C.x-2540  [062]     1.131350: (+8)     bprint:               __handle_mm_fault: NUMAB MEM ACCESS process[nid:0, cpu:62, pid:2540], folio[virt:0x7fe251f13dd0, phys:0x111850000, pfn:0x111850, nid:0, npages:1]
          cg.C.x-2520  [022]     1.131350: (+0)     bprint:               change_prot_numa: NUMAB SCAN vma[start:0x7fe264600000, end:0x7fe265850000, from:0x7fe264600000, to:0x7fe265850000, size:18752 KB]
          cg.C.x-2533  [048]     1.131351: (+1)     bprint:               __handle_mm_fault: NUMAB MEM ACCESS process[nid:0, cpu:48, pid:2533], folio[virt:0x7fe243600220, phys:0x111b98000, pfn:0x111b98, nid:0, npages:1]
          cg.C.x-2530  [042]     1.131352: (+1)     bprint:               __handle_mm_fault: NUMAB MEM ACCESS process[nid:0, cpu:42, pid:2530], folio[virt:0x7fe251f6b530, phys:0x142a58000, pfn:0x142a58, nid:0, npages:1]
          cg.C.x-2515  [012]     1.131353: (+1)     bprint:               do_huge_pmd_numa_page: NUMAB MEM ACCESS huge page process[nid:0, cpu:12, pid:2515], folio[virt:0x7fe253e1db08, ker:0xffff9fc390a00000, pfn:0x350a00, nid:0, npages:512]
          cg.C.x-2569  [057]     1.131356: (+3)     bprint:               __handle_mm_fault: NUMAB MEM ACCESS process[nid:1, cpu:57, pid:2569], folio[virt:0x7fe251f6a590, phys:0x150c6b000, pfn:0x150c6b, nid:0, npages:1]
          cg.C.x-2523  [028]     1.131358: (+2)     bprint:               do_huge_pmd_numa_page: NUMAB MEM ACCESS huge page process[nid:0, cpu:28, pid:2523], folio[virt:0x7fe25608f6c8, ker:0xffff9fc381e00000, pfn:0x341e00, nid:0, npages:512]
          cg.C.x-2569  [057]     1.131358: (+0)     bprint:               __handle_mm_fault: NUMAB TRY MEM MIGR process[nid:1, cpu:57, pid:2569], folio[virt:0x7fe251f6a590, phys:0x150c6b000, nid:0], target_nid:1
          cg.C.x-2517  [016]     1.131360: (+2)     bprint:               do_huge_pmd_numa_page: NUMAB MEM ACCESS huge page process[nid:0, cpu:16, pid:2517], folio[virt:0x7fe2546b31f0, ker:0xffff9fc32ca00000, pfn:0x2eca00, nid:0, npages:512]
          cg.C.x-2515  [012]     1.131360: (+0)     bprint:               __handle_mm_fault: NUMAB MEM ACCESS process[nid:0, cpu:12, pid:2515], folio[virt:0x7fe251edb338, phys:0x150c61000, pfn:0x150c61, nid:0, npages:1]
          cg.C.x-2523  [028]     1.131362: (+2)     bprint:               __handle_mm_fault: NUMAB MEM ACCESS process[nid:0, cpu:28, pid:2523], folio[virt:0x7fe251f15ef8, phys:0x113fc2000, pfn:0x113fc2, nid:0, npages:1]
          cg.C.x-2509  [000]     1.131362: (+0)     bprint:               do_huge_pmd_numa_page: NUMAB MEM ACCESS huge page process[nid:0, cpu:0, pid:2509], folio[virt:0x7fe252429970, ker:0xffff9fc32ce00000, pfn:0x2ece00, nid:0, npages:512]
          cg.C.x-2515  [012]     1.131363: (+1)     bprint:               __handle_mm_fault: NUMAB MEM ACCESS process[nid:0, cpu:12, pid:2515], folio[virt:0x7fe251f11300, phys:0x113f99000, pfn:0x113f99, nid:0, npages:1]
          cg.C.x-2517  [016]     1.131364: (+1)     bprint:               __handle_mm_fault: NUMAB MEM ACCESS process[nid:0, cpu:16, pid:2517], folio[virt:0x7fe251ddf250, phys:0x146570000, pfn:0x146570, nid:0, npages:1]
          cg.C.x-2560  [039]     1.131365: (+1)     bprint:               do_huge_pmd_numa_page: NUMAB MEM ACCESS huge page process[nid:1, cpu:39, pid:2560], folio[virt:0x7fe25fff0c20, ker:0xffff9fda6e600000, pfn:0x1a2e600, nid:1, npages:512]
          cg.C.x-2523  [028]     1.131366: (+1)     bprint:               __handle_mm_fault: NUMAB MEM ACCESS process[nid:0, cpu:28, pid:2523], folio[virt:0x7fe251f6c040, phys:0x142a59000, pfn:0x142a59, nid:0, npages:1]
          cg.C.x-2515  [012]     1.131367: (+1)     bprint:               __handle_mm_fault: NUMAB MEM ACCESS process[nid:0, cpu:12, pid:2515], folio[virt:0x7fe251f128d0, phys:0x11184f000, pfn:0x11184f, nid:0, npages:1]
          cg.C.x-2544  [007]     1.131367: (+0)     bprint:               do_huge_pmd_numa_page: NUMAB MEM ACCESS huge page process[nid:1, cpu:7, pid:2544], folio[virt:0x7fe25baf04b0, ker:0xffff9fda8a200000, pfn:0x1a4a200, nid:1, npages:512]
          cg.C.x-2517  [016]     1.131368: (+1)     bprint:               __handle_mm_fault: NUMAB MEM ACCESS process[nid:0, cpu:16, pid:2517], folio[virt:0x7fe251f16340, phys:0x111847000, pfn:0x111847, nid:0, npages:1]
          cg.C.x-2509  [000]     1.131369: (+1)     bprint:               __handle_mm_fault: NUMAB MEM ACCESS process[nid:0, cpu:0, pid:2509], folio[virt:0x7fe251f695f0, phys:0x150c6a000, pfn:0x150c6a, nid:0, npages:1]
          cg.C.x-2523  [028]     1.131369: (+0)     bprint:               __handle_mm_fault: NUMAB MEM ACCESS process[nid:0, cpu:28, pid:2523], folio[virt:0x7fe251dfa878, phys:0x1345ef000, pfn:0x1345ef, nid:0, npages:1]
          cg.C.x-2526  [034]     1.131370: (+1)     bprint:               do_huge_pmd_numa_page: NUMAB MEM ACCESS huge page process[nid:0, cpu:34, pid:2526], folio[virt:0x7fe256d956f0, ker:0xffff9fc33c600000, pfn:0x2fc600, nid:0, npages:512]
          cg.C.x-2519  [020]     1.131372: (+2)     bprint:               do_huge_pmd_numa_page: NUMAB MEM ACCESS huge page process[nid:0, cpu:20, pid:2519], folio[virt:0x7fe254f55108, ker:0xffff9fc33c200000, pfn:0x2fc200, nid:0, npages:512]
          cg.C.x-2515  [012]     1.131372: (+0)     bprint:               __handle_mm_fault: NUMAB MEM ACCESS process[nid:0, cpu:12, pid:2515], folio[virt:0x7fe251f14b10, phys:0x113fc3000, pfn:0x113fc3, nid:0, npages:1]
          cg.C.x-2509  [000]     1.131373: (+1)     bprint:               __handle_mm_fault: NUMAB MEM ACCESS process[nid:0, cpu:0, pid:2509], folio[virt:0x7fe251dba6a8, phys:0x133a8f000, pfn:0x133a8f, nid:0, npages:1]
          cg.C.x-2555  [029]     1.131374: (+1)     bprint:               do_huge_pmd_numa_page: NUMAB MEM ACCESS huge page process[nid:1, cpu:29, pid:2555], folio[virt:0x7fe25ea5d4c8, ker:0xffff9fda8aa00000, pfn:0x1a4aa00, nid:1, npages:512]
          cg.C.x-2526  [034]     1.131377: (+3)     bprint:               __handle_mm_fault: NUMAB MEM ACCESS process[nid:0, cpu:34, pid:2526], folio[virt:0x7fe251e08608, phys:0x11175f000, pfn:0x11175f, nid:0, npages:1]
          cg.C.x-2564  [047]     1.131377: (+0)     bprint:               do_huge_pmd_numa_page: NUMAB MEM ACCESS huge page process[nid:1, cpu:47, pid:2564], folio[virt:0x7fe261118330, ker:0xffff9fd8da200000, pfn:0x189a200, nid:1, npages:512]
          cg.C.x-2548  [015]     1.131379: (+2)     bprint:               do_huge_pmd_numa_page: NUMAB MEM ACCESS huge page process[nid:1, cpu:15, pid:2548], folio[virt:0x7fe25cc29cd0, ker:0xffff9fdaba600000, pfn:0x1a7a600, nid:1, npages:512]
          cg.C.x-2558  [035]     1.131381: (+2)     bprint:               do_huge_pmd_numa_page: NUMAB MEM ACCESS huge page process[nid:1, cpu:35, pid:2558], folio[virt:0x7fe25f725370, ker:0xffff9fdb12e00000, pfn:0x1ad2e00, nid:1, npages:512]
          cg.C.x-2514  [010]     1.131385: (+4)     bprint:               do_huge_pmd_numa_page: NUMAB MEM ACCESS huge page process[nid:0, cpu:10, pid:2514], folio[virt:0x7fe2539cbcc8, ker:0xffff9fc380800000, pfn:0x340800, nid:0, npages:512]
          cg.C.x-2564  [047]     1.131386: (+1)     bprint:               __handle_mm_fault: NUMAB MEM ACCESS process[nid:1, cpu:47, pid:2564], folio[virt:0x7fe251eb6420, phys:0x185bb50000, pfn:0x185bb50, nid:1, npages:1]
          cg.C.x-2512  [006]     1.131387: (+1)     bprint:               do_huge_pmd_numa_page: NUMAB MEM ACCESS huge page process[nid:0, cpu:6, pid:2512], folio[virt:0x7fe2531302c8, ker:0xffff9fc31d200000, pfn:0x2dd200, nid:0, npages:512]
          cg.C.x-2548  [015]     1.131387: (+0)     bprint:               __handle_mm_fault: NUMAB MEM ACCESS process[nid:1, cpu:15, pid:2548], folio[virt:0x7fe251e6cfd0, phys:0x185b010000, pfn:0x185b010, nid:1, npages:1]
          cg.C.x-2553  [025]     1.131390: (+3)     bprint:               do_huge_pmd_numa_page: NUMAB MEM ACCESS huge page process[nid:1, cpu:25, pid:2553], folio[virt:0x7fe25e1be708, ker:0xffff9fda8b600000, pfn:0x1a4b600, nid:1, npages:512]
          cg.C.x-2551  [021]     1.131392: (+2)     bprint:               do_huge_pmd_numa_page: NUMAB MEM ACCESS huge page process[nid:1, cpu:21, pid:2551], folio[virt:0x7fe25d914048, ker:0xffff9fdae8a00000, pfn:0x1aa8a00, nid:1, npages:512]
          cg.C.x-2568  [055]     1.131395: (+3)     bprint:               do_huge_pmd_numa_page: NUMAB MEM ACCESS huge page process[nid:1, cpu:55, pid:2568], folio[virt:0x7fe26223df58, ker:0xffff9fd8d9e00000, pfn:0x1899e00, nid:1, npages:512]
          cg.C.x-2527  [036]     1.131397: (+2)     bprint:               do_huge_pmd_numa_page: NUMAB MEM ACCESS huge page process[nid:0, cpu:36, pid:2527], folio[virt:0x7fe2571e1b70, ker:0xffff9fc31de00000, pfn:0x2dde00, nid:0, npages:512]
          cg.C.x-2551  [021]     1.131397: (+0)     bprint:               __handle_mm_fault: NUMAB MEM ACCESS process[nid:1, cpu:21, pid:2551], folio[virt:0x7fe251e7abd0, phys:0x186b4cf000, pfn:0x186b4cf, nid:1, npages:1]
          cg.C.x-2572  [063]     1.131400: (+3)     bprint:               do_huge_pmd_numa_page: NUMAB MEM ACCESS huge page process[nid:1, cpu:63, pid:2572], folio[virt:0x7fe2633912e8, ker:0xffff9fdaede00000, pfn:0x1aade00, nid:1, npages:512]
          cg.C.x-2548  [015]     1.131400: (+0)     sched_switch:         cg.C.x:2548 [120] D ==> swapper/15:0 [120]
          cg.C.x-2564  [047]     1.131400: (+0)     sched_switch:         cg.C.x:2564 [120] D ==> swapper/47:0 [120]
          cg.C.x-2523  [028]     1.131400: (+0)     sched_switch:         cg.C.x:2523 [120] D ==> swapper/28:0 [120]
          cg.C.x-2509  [000]     1.131400: (+0)     sched_switch:         cg.C.x:2509 [120] D ==> swapper/0:0 [120]
          cg.C.x-2517  [016]     1.131400: (+0)     sched_switch:         cg.C.x:2517 [120] D ==> swapper/16:0 [120]
          cg.C.x-2519  [020]     1.131400: (+0)     sched_switch:         cg.C.x:2519 [120] D ==> swapper/20:0 [120]
          cg.C.x-2515  [012]     1.131400: (+0)     sched_switch:         cg.C.x:2515 [120] D ==> swapper/12:0 [120]
          cg.C.x-2512  [006]     1.131400: (+0)     sched_switch:         cg.C.x:2512 [120] D ==> swapper/6:0 [120]
          cg.C.x-2568  [055]     1.131400: (+0)     bprint:               __handle_mm_fault: NUMAB MEM ACCESS process[nid:1, cpu:55, pid:2568], folio[virt:0x7fe251ec8800, phys:0x1858702000, pfn:0x1858702, nid:1, npages:1]
          cg.C.x-2526  [034]     1.131401: (+1)     sched_switch:         cg.C.x:2526 [120] D ==> swapper/34:0 [120]
          cg.C.x-2553  [025]     1.131401: (+0)     sched_switch:         cg.C.x:2553 [120] D ==> swapper/25:0 [120]
          cg.C.x-2527  [036]     1.131403: (+2)     bprint:               __handle_mm_fault: NUMAB MEM ACCESS process[nid:0, cpu:36, pid:2527], folio[virt:0x7fe251e0cfc8, phys:0x171c42000, pfn:0x171c42, nid:0, npages:1]
          cg.C.x-2556  [031]     1.131403: (+0)     bprint:               do_huge_pmd_numa_page: NUMAB MEM ACCESS huge page process[nid:1, cpu:31, pid:2556], folio[virt:0x7fe25eeb1d70, ker:0xffff9fdabc800000, pfn:0x1a7c800, nid:1, npages:512]
          cg.C.x-2571  [061]     1.131405: (+2)     bprint:               do_huge_pmd_numa_page: NUMAB MEM ACCESS huge page process[nid:1, cpu:61, pid:2571], folio[virt:0x7fe262f2d968, ker:0xffff9fdb12a00000, pfn:0x1ad2a00, nid:1, npages:512]
          cg.C.x-2527  [036]     1.131406: (+1)     bprint:               __handle_mm_fault: NUMAB MEM ACCESS process[nid:0, cpu:36, pid:2527], folio[virt:0x7fe2471ff9b8, phys:0x1220c1000, pfn:0x1220c1, nid:0, npages:1]
          cg.C.x-2544  [007]     1.131407: (+1)     sched_switch:         cg.C.x:2544 [120] D ==> swapper/7:0 [120]
          cg.C.x-2560  [039]     1.131407: (+0)     sched_switch:         cg.C.x:2560 [120] D ==> swapper/39:0 [120]
          cg.C.x-2558  [035]     1.131407: (+0)     sched_switch:         cg.C.x:2558 [120] D ==> swapper/35:0 [120]
          cg.C.x-2555  [029]     1.131407: (+0)     sched_switch:         cg.C.x:2555 [120] D ==> swapper/29:0 [120]
          cg.C.x-2572  [063]     1.131407: (+0)     bprint:               __handle_mm_fault: NUMAB MEM ACCESS process[nid:1, cpu:63, pid:2572], folio[virt:0x7fe251edaf50, phys:0x1854a33000, pfn:0x1854a33, nid:1, npages:1]
          cg.C.x-2551  [021]     1.131408: (+1)     sched_switch:         cg.C.x:2551 [120] D ==> swapper/21:0 [120]
          cg.C.x-2511  [004]     1.131408: (+0)     bprint:               do_huge_pmd_numa_page: NUMAB MEM ACCESS huge page process[nid:0, cpu:4, pid:2511], folio[virt:0x7fe252cd4208, ker:0xffff9fc30fc00000, pfn:0x2cfc00, nid:0, npages:512]
          cg.C.x-2556  [031]     1.131409: (+1)     bprint:               __handle_mm_fault: NUMAB MEM ACCESS process[nid:1, cpu:31, pid:2556], folio[virt:0x7fe251e91c00, phys:0x185b2a3000, pfn:0x185b2a3, nid:1, npages:1]
          cg.C.x-2527  [036]     1.131409: (+0)     bprint:               __handle_mm_fault: NUMAB MEM ACCESS process[nid:0, cpu:36, pid:2527], folio[virt:0x7fe247200220, phys:0x171f5d000, pfn:0x171f5d, nid:0, npages:1]
          cg.C.x-2545  [009]     1.131411: (+2)     bprint:               do_huge_pmd_numa_page: NUMAB MEM ACCESS huge page process[nid:1, cpu:9, pid:2545], folio[virt:0x7fe25bf56bf0, ker:0xffff9fda6ea00000, pfn:0x1a2ea00, nid:1, npages:512]
          cg.C.x-2568  [055]     1.131411: (+0)     sched_switch:         cg.C.x:2568 [120] D ==> swapper/55:0 [120]
          cg.C.x-2511  [004]     1.131413: (+2)     bprint:               __handle_mm_fault: NUMAB MEM ACCESS process[nid:0, cpu:4, pid:2511], folio[virt:0x7fe251dc3a70, phys:0x132fba000, pfn:0x132fba, nid:0, npages:1]
          cg.C.x-2528  [038]     1.131413: (+0)     bprint:               do_huge_pmd_numa_page: NUMAB MEM ACCESS huge page process[nid:0, cpu:38, pid:2528], folio[virt:0x7fe257625a40, ker:0xffff9fc1b5000000, pfn:0x175000, nid:0, npages:512]
          cg.C.x-2514  [010]     1.131414: (+1)     sched_switch:         cg.C.x:2514 [120] D ==> swapper/10:0 [120]
          cg.C.x-2571  [061]     1.131416: (+2)     sched_switch:         cg.C.x:2571 [120] D ==> swapper/61:0 [120]
          cg.C.x-2562  [043]     1.131416: (+0)     bprint:               do_huge_pmd_numa_page: NUMAB MEM ACCESS huge page process[nid:1, cpu:43, pid:2562], folio[virt:0x7fe26088ee88, ker:0xffff9fda8a600000, pfn:0x1a4a600, nid:1, npages:512]
          cg.C.x-2545  [009]     1.131417: (+1)     bprint:               __handle_mm_fault: NUMAB MEM ACCESS process[nid:1, cpu:9, pid:2545], folio[virt:0x7fe251e5f5f0, phys:0x186b2d4000, pfn:0x186b2d4, nid:1, npages:1]
          cg.C.x-2556  [031]     1.131418: (+1)     sched_switch:         cg.C.x:2556 [120] D ==> swapper/31:0 [120]
          cg.C.x-2572  [063]     1.131418: (+0)     sched_switch:         cg.C.x:2572 [120] D ==> swapper/63:0 [120]
          cg.C.x-2563  [045]     1.131419: (+1)     bprint:               do_huge_pmd_numa_page: NUMAB MEM ACCESS huge page process[nid:1, cpu:45, pid:2563], folio[virt:0x7fe260ce0ac8, ker:0xffff9fd8dac00000, pfn:0x189ac00, nid:1, npages:512]
          cg.C.x-2569  [057]     1.131421: (+2)     sched_waking:         comm=cg.C.x pid=2523 prio=120 target_cpu=028
          cg.C.x-2547  [013]     1.131421: (+0)     bprint:               do_huge_pmd_numa_page: NUMAB MEM ACCESS huge page process[nid:1, cpu:13, pid:2547], folio[virt:0x7fe25c7f21d0, ker:0xffff9fdabaa00000, pfn:0x1a7aa00, nid:1, npages:512]
          cg.C.x-2562  [043]     1.131422: (+1)     bprint:               __handle_mm_fault: NUMAB MEM ACCESS process[nid:1, cpu:43, pid:2562], folio[virt:0x7fe251ead298, phys:0x1864e9a000, pfn:0x1864e9a, nid:1, npages:1]
          cg.C.x-2569  [057]     1.131422: (+0)     sched_wake_idle_without_ipi: cpu=28
          cg.C.x-2569  [057]     1.131423: (+1)     sched_waking:         comm=cg.C.x pid=2544 prio=120 target_cpu=007
          cg.C.x-2528  [038]     1.131423: (+0)     bprint:               __handle_mm_fault: NUMAB MEM ACCESS process[nid:0, cpu:38, pid:2528], folio[virt:0x7fe251e11870, phys:0x120d74000, pfn:0x120d74, nid:0, npages:1]
          cg.C.x-2569  [057]     1.131423: (+0)     sched_wake_idle_without_ipi: cpu=7
          cg.C.x-2529  [040]     1.131423: (+0)     bprint:               do_huge_pmd_numa_page: NUMAB MEM ACCESS huge page process[nid:0, cpu:40, pid:2529], folio[virt:0x7fe257a66ab8, ker:0xffff9fc390600000, pfn:0x350600, nid:0, npages:512]
          cg.C.x-2569  [057]     1.131424: (+1)     sched_waking:         comm=cg.C.x pid=2509 prio=120 target_cpu=000
          cg.C.x-2569  [057]     1.131424: (+0)     sched_wake_idle_without_ipi: cpu=0
          cg.C.x-2569  [057]     1.131425: (+1)     sched_waking:         comm=cg.C.x pid=2519 prio=120 target_cpu=020
          cg.C.x-2563  [045]     1.131425: (+0)     bprint:               __handle_mm_fault: NUMAB MEM ACCESS process[nid:1, cpu:45, pid:2563], folio[virt:0x7fe251eb1c68, phys:0x1868932000, pfn:0x1868932, nid:1, npages:1]
          cg.C.x-2557  [033]     1.131426: (+1)     bprint:               do_huge_pmd_numa_page: NUMAB MEM ACCESS huge page process[nid:1, cpu:33, pid:2557], folio[virt:0x7fe25f2ee1f0, ker:0xffff9fda89e00000, pfn:0x1a49e00, nid:1, npages:512]
          cg.C.x-2569  [057]     1.131426: (+0)     sched_wake_idle_without_ipi: cpu=20
          cg.C.x-2569  [057]     1.131427: (+1)     sched_waking:         comm=cg.C.x pid=2517 prio=120 target_cpu=016
          cg.C.x-2569  [057]     1.131427: (+0)     sched_wake_idle_without_ipi: cpu=16
          cg.C.x-2547  [013]     1.131427: (+0)     bprint:               __handle_mm_fault: NUMAB MEM ACCESS process[nid:1, cpu:13, pid:2547], folio[virt:0x7fe251e688b8, phys:0x185b008000, pfn:0x185b008, nid:1, npages:1]
          cg.C.x-2569  [057]     1.131428: (+1)     sched_waking:         comm=cg.C.x pid=2515 prio=120 target_cpu=012
          cg.C.x-2569  [057]     1.131428: (+0)     sched_wake_idle_without_ipi: cpu=12
          cg.C.x-2541  [001]     1.131428: (+0)     bprint:               do_huge_pmd_numa_page: NUMAB MEM ACCESS huge page process[nid:1, cpu:1, pid:2541], folio[virt:0x7fe25adbfd70, ker:0xffff9fda72400000, pfn:0x1a32400, nid:1, npages:512]
          cg.C.x-2569  [057]     1.131429: (+1)     sched_waking:         comm=cg.C.x pid=2555 prio=120 target_cpu=029
          <idle>-0     [028]     1.131429: (+0)     sched_wakeup:         cg.C.x:2523 [120] CPU:028
          cg.C.x-2569  [057]     1.131429: (+0)     sched_wake_idle_without_ipi: cpu=29
          <idle>-0     [007]     1.131430: (+1)     sched_wakeup:         cg.C.x:2544 [120] CPU:007
          cg.C.x-2569  [057]     1.131430: (+0)     sched_waking:         comm=cg.C.x pid=2526 prio=120 target_cpu=034
          <idle>-0     [000]     1.131430: (+0)     sched_wakeup:         cg.C.x:2509 [120] CPU:000
          cg.C.x-2569  [057]     1.131431: (+1)     sched_wake_idle_without_ipi: cpu=34
          <idle>-0     [020]     1.131431: (+0)     sched_wakeup:         cg.C.x:2519 [120] CPU:020
          cg.C.x-2569  [057]     1.131431: (+0)     sched_waking:         comm=cg.C.x pid=2560 prio=120 target_cpu=039
          <idle>-0     [007]     1.131431: (+0)     sched_switch:         swapper/7:0 [120] R ==> cg.C.x:2544 [120]
          cg.C.x-2565  [049]     1.131431: (+0)     bprint:               do_huge_pmd_numa_page: NUMAB MEM ACCESS huge page process[nid:1, cpu:49, pid:2565], folio[virt:0x7fe26154cd48, ker:0xffff9fdabae00000, pfn:0x1a7ae00, nid:1, npages:512]
          cg.C.x-2569  [057]     1.131431: (+0)     sched_wake_idle_without_ipi: cpu=39
          <idle>-0     [028]     1.131431: (+0)     sched_switch:         swapper/28:0 [120] R ==> cg.C.x:2523 [120]
          <idle>-0     [000]     1.131432: (+1)     sched_switch:         swapper/0:0 [120] R ==> cg.C.x:2509 [120]
          cg.C.x-2545  [009]     1.131432: (+0)     bprint:               __handle_mm_fault: NUMAB MEM ACCESS process[nid:1, cpu:9, pid:2545], folio[virt:0x7fe23bdff9b8, phys:0x185c0bd000, pfn:0x185c0bd, nid:1, npages:1]
          cg.C.x-2569  [057]     1.131432: (+0)     sched_waking:         comm=cg.C.x pid=2558 prio=120 target_cpu=035
          <idle>-0     [020]     1.131432: (+0)     sched_switch:         swapper/20:0 [120] R ==> cg.C.x:2519 [120]
          <idle>-0     [016]     1.131432: (+0)     sched_wakeup:         cg.C.x:2517 [120] CPU:016
          cg.C.x-2569  [057]     1.131432: (+0)     sched_wake_idle_without_ipi: cpu=35
          cg.C.x-2557  [033]     1.131433: (+1)     bprint:               __handle_mm_fault: NUMAB MEM ACCESS process[nid:1, cpu:33, pid:2557], folio[virt:0x7fe251e96460, phys:0x186b602000, pfn:0x186b602, nid:1, npages:1]
          cg.C.x-2569  [057]     1.131433: (+0)     sched_waking:         comm=cg.C.x pid=2514 prio=120 target_cpu=010
          <idle>-0     [012]     1.131433: (+0)     sched_wakeup:         cg.C.x:2515 [120] CPU:012
          cg.C.x-2549  [017]     1.131434: (+1)     bprint:               do_huge_pmd_numa_page: NUMAB MEM ACCESS huge page process[nid:1, cpu:17, pid:2549], folio[virt:0x7fe25d06f6c8, ker:0xffff9fd8b6400000, pfn:0x1876400, nid:1, npages:512]
          cg.C.x-2569  [057]     1.131434: (+0)     sched_wake_idle_without_ipi: cpu=10
          <idle>-0     [016]     1.131434: (+0)     sched_switch:         swapper/16:0 [120] R ==> cg.C.x:2517 [120]
          cg.C.x-2569  [057]     1.131434: (+0)     sched_waking:         comm=cg.C.x pid=2564 prio=120 target_cpu=047
          <idle>-0     [029]     1.131434: (+0)     sched_wakeup:         cg.C.x:2555 [120] CPU:029
          cg.C.x-2541  [001]     1.131434: (+0)     bprint:               __handle_mm_fault: NUMAB MEM ACCESS process[nid:1, cpu:1, pid:2541], folio[virt:0x7fe251e4ca88, phys:0x185b662000, pfn:0x185b662, nid:1, npages:1]
          cg.C.x-2547  [013]     1.131434: (+0)     bprint:               __handle_mm_fault: NUMAB MEM ACCESS process[nid:1, cpu:13, pid:2547], folio[virt:0x7fe23a9ff9b8, phys:0x1868947000, pfn:0x1868947, nid:1, npages:1]
          cg.C.x-2569  [057]     1.131435: (+1)     sched_wake_idle_without_ipi: cpu=47
          <idle>-0     [012]     1.131435: (+0)     sched_switch:         swapper/12:0 [120] R ==> cg.C.x:2515 [120]
          cg.C.x-2569  [057]     1.131435: (+0)     sched_waking:         comm=cg.C.x pid=2548 prio=120 target_cpu=015
          <idle>-0     [039]     1.131435: (+0)     sched_wakeup:         cg.C.x:2560 [120] CPU:039
          <idle>-0     [034]     1.131435: (+0)     sched_wakeup:         cg.C.x:2526 [120] CPU:034
          <idle>-0     [029]     1.131436: (+1)     sched_switch:         swapper/29:0 [120] R ==> cg.C.x:2555 [120]
          cg.C.x-2569  [057]     1.131436: (+0)     sched_wake_idle_without_ipi: cpu=15
          cg.C.x-2569  [057]     1.131436: (+0)     sched_waking:         comm=cg.C.x pid=2512 prio=120 target_cpu=006
          cg.C.x-2563  [045]     1.131436: (+0)     bprint:               __handle_mm_fault: NUMAB MEM ACCESS process[nid:1, cpu:45, pid:2563], folio[virt:0x7fe2309ff9b8, phys:0x185c18a000, pfn:0x185c18a, nid:1, npages:1]
          cg.C.x-2542  [003]     1.131437: (+1)     bprint:               do_huge_pmd_numa_page: NUMAB MEM ACCESS huge page process[nid:1, cpu:3, pid:2542], folio[virt:0x7fe25b257988, ker:0xffff9fda8c400000, pfn:0x1a4c400, nid:1, npages:512]
          <idle>-0     [035]     1.131437: (+0)     sched_wakeup:         cg.C.x:2558 [120] CPU:035
          cg.C.x-2523  [028]     1.131437: (+0)     bprint:               __handle_mm_fault: NUMAB MEM ACCESS process[nid:0, cpu:28, pid:2523], folio[virt:0x7fe249a00fe8, phys:0x121e3d000, pfn:0x121e3d, nid:0, npages:1]
          cg.C.x-2519  [020]     1.131437: (+0)     bprint:               __handle_mm_fault: NUMAB MEM ACCESS process[nid:0, cpu:20, pid:2519], folio[virt:0x7fe24c200fe8, phys:0x132b65000, pfn:0x132b65, nid:0, npages:1]
          cg.C.x-2569  [057]     1.131437: (+0)     sched_wake_idle_without_ipi: cpu=6
          <idle>-0     [039]     1.131437: (+0)     sched_switch:         swapper/39:0 [120] R ==> cg.C.x:2560 [120]
          cg.C.x-2569  [057]     1.131437: (+0)     sched_waking:         comm=cg.C.x pid=2553 prio=120 target_cpu=025
          <idle>-0     [034]     1.131438: (+1)     sched_switch:         swapper/34:0 [120] R ==> cg.C.x:2526 [120]
          cg.C.x-2569  [057]     1.131438: (+0)     sched_wake_idle_without_ipi: cpu=25
          <idle>-0     [010]     1.131438: (+0)     sched_wakeup:         cg.C.x:2514 [120] CPU:010
          cg.C.x-2544  [007]     1.131438: (+0)     bprint:               __handle_mm_fault: NUMAB MEM ACCESS process[nid:1, cpu:7, pid:2544], folio[virt:0x7fe251e5aaa8, phys:0x186795b000, pfn:0x186795b, nid:1, npages:1]
          cg.C.x-2517  [016]     1.131438: (+0)     bprint:               __handle_mm_fault: NUMAB MEM ACCESS process[nid:0, cpu:16, pid:2517], folio[virt:0x7fe24d600fe8, phys:0x132b57000, pfn:0x132b57, nid:0, npages:1]
          <idle>-0     [035]     1.131439: (+1)     sched_switch:         swapper/35:0 [120] R ==> cg.C.x:2558 [120]
          cg.C.x-2569  [057]     1.131439: (+0)     sched_waking:         comm=cg.C.x pid=2551 prio=120 target_cpu=021
          cg.C.x-2513  [008]     1.131439: (+0)     bprint:               do_huge_pmd_numa_page: NUMAB MEM ACCESS huge page process[nid:0, cpu:8, pid:2513], folio[virt:0x7fe25356e3c8, ker:0xffff9fc36e600000, pfn:0x32e600, nid:0, npages:512]
          cg.C.x-2569  [057]     1.131439: (+0)     sched_wake_idle_without_ipi: cpu=21
          cg.C.x-2569  [057]     1.131440: (+1)     sched_waking:         comm=cg.C.x pid=2568 prio=120 target_cpu=055
          <idle>-0     [047]     1.131440: (+0)     sched_wakeup:         cg.C.x:2564 [120] CPU:047
          <idle>-0     [015]     1.131440: (+0)     sched_wakeup:         cg.C.x:2548 [120] CPU:015
          cg.C.x-2515  [012]     1.131440: (+0)     bprint:               __handle_mm_fault: NUMAB MEM ACCESS process[nid:0, cpu:12, pid:2515], folio[virt:0x7fe24ea00fe8, phys:0x132b54000, pfn:0x132b54, nid:0, npages:1]
          cg.C.x-2563  [045]     1.131440: (+0)     bprint:               __handle_mm_fault: NUMAB MEM ACCESS process[nid:1, cpu:45, pid:2563], folio[virt:0x7fe230a00220, phys:0x132b40000, pfn:0x132b40, nid:0, npages:1]
          cg.C.x-2565  [049]     1.131440: (+0)     bprint:               __handle_mm_fault: NUMAB MEM ACCESS process[nid:1, cpu:49, pid:2565], folio[virt:0x7fe251ebab78, phys:0x186b43d000, pfn:0x186b43d, nid:1, npages:1]
          cg.C.x-2569  [057]     1.131440: (+0)     sched_wake_idle_without_ipi: cpu=55
          <idle>-0     [010]     1.131440: (+0)     sched_switch:         swapper/10:0 [120] R ==> cg.C.x:2514 [120]
          cg.C.x-2569  [057]     1.131441: (+1)     sched_waking:         comm=cg.C.x pid=2571 prio=120 target_cpu=061
          cg.C.x-2563  [045]     1.131441: (+0)     bprint:               __handle_mm_fault: NUMAB TRY MEM MIGR process[nid:1, cpu:45, pid:2563], folio[virt:0x7fe230a00220, phys:0x132b40000, nid:0], target_nid:1
          cg.C.x-2569  [057]     1.131441: (+0)     sched_wake_idle_without_ipi: cpu=61
          cg.C.x-2532  [046]     1.131441: (+0)     bprint:               do_huge_pmd_numa_page: NUMAB MEM ACCESS huge page process[nid:0, cpu:46, pid:2532], folio[virt:0x7fe258756d08, ker:0xffff9fc382000000, pfn:0x342000, nid:0, npages:512]
