          cg.C.x-2265  [000]     0.611237: (+0)     sched_wake_idle_without_ipi: cpu=54
          cg.C.x-2309  [025]     0.611237: (+0)     sched_switch:         cg.C.x:2309 [120] D ==> swapper/25:0 [120]
          cg.C.x-2265  [000]     0.611237: (+0)     sched_waking:         comm=cg.C.x pid=2291 prio=120 target_cpu=052
          cg.C.x-2265  [000]     0.611238: (+1)     sched_wake_idle_without_ipi: cpu=52
          cg.C.x-2306  [019]     0.611238: (+0)     sched_switch:         cg.C.x:2306 [120] D ==> swapper/19:0 [120]
          cg.C.x-2305  [017]     0.611238: (+0)     sched_switch:         cg.C.x:2305 [120] D ==> swapper/17:0 [120]
          cg.C.x-2265  [000]     0.611238: (+0)     sched_waking:         comm=cg.C.x pid=2275 prio=120 target_cpu=020
          <idle>-0     [034]     0.611239: (+1)     sched_wakeup:         cg.C.x:2282 [120] CPU:034
          <idle>-0     [056]     0.611239: (+0)     sched_switch:         swapper/56:0 [120] R ==> cg.C.x:2293 [120]
          cg.C.x-2265  [000]     0.611239: (+0)     sched_waking:         comm=cg.C.x pid=2288 prio=120 target_cpu=046
          cg.C.x-2265  [000]     0.611240: (+1)     sched_waking:         comm=cg.C.x pid=2272 prio=120 target_cpu=014
          <idle>-0     [034]     0.611240: (+0)     sched_switch:         swapper/34:0 [120] R ==> cg.C.x:2282 [120]
          cg.C.x-2265  [000]     0.611240: (+0)     sched_wake_idle_without_ipi: cpu=14
          cg.C.x-2265  [000]     0.611241: (+1)     sched_waking:         comm=cg.C.x pid=2273 prio=120 target_cpu=016
          cg.C.x-2265  [000]     0.611241: (+0)     sched_wake_idle_without_ipi: cpu=16
          <idle>-0     [054]     0.611241: (+0)     sched_wakeup:         cg.C.x:2292 [120] CPU:054
          cg.C.x-2265  [000]     0.611242: (+1)     sched_waking:         comm=cg.C.x pid=2280 prio=120 target_cpu=030
          cg.C.x-2265  [000]     0.611242: (+0)     sched_wake_idle_without_ipi: cpu=30
          <idle>-0     [001]     0.611242: (+0)     sched_wakeup:         cg.C.x:2297 [120] CPU:001
          <idle>-0     [033]     0.611242: (+0)     sched_wakeup:         cg.C.x:2313 [120] CPU:033
          cg.C.x-2265  [000]     0.611243: (+1)     sched_waking:         comm=cg.C.x pid=2289 prio=120 target_cpu=048
          <idle>-0     [026]     0.611243: (+0)     sched_wakeup:         cg.C.x:2278 [120] CPU:026
          <idle>-0     [024]     0.611243: (+0)     sched_wakeup:         cg.C.x:2277 [120] CPU:024
          <idle>-0     [040]     0.611243: (+0)     sched_wakeup:         cg.C.x:2285 [120] CPU:040
          cg.C.x-2265  [000]     0.611243: (+0)     sched_wake_idle_without_ipi: cpu=48
          <idle>-0     [052]     0.611243: (+0)     sched_wakeup:         cg.C.x:2291 [120] CPU:052
          <idle>-0     [054]     0.611243: (+0)     sched_switch:         swapper/54:0 [120] R ==> cg.C.x:2292 [120]
          cg.C.x-2265  [000]     0.611244: (+1)     sched_waking:         comm=cg.C.x pid=2325 prio=120 target_cpu=057
          cg.C.x-2281  [032]     0.611244: (+0)     sched_switch:         cg.C.x:2281 [120] D ==> swapper/32:0 [120]
          <idle>-0     [001]     0.611244: (+0)     sched_switch:         swapper/1:0 [120] R ==> cg.C.x:2297 [120]
          <idle>-0     [026]     0.611244: (+0)     sched_switch:         swapper/26:0 [120] R ==> cg.C.x:2278 [120]
          <idle>-0     [020]     0.611244: (+0)     sched_wakeup:         cg.C.x:2275 [120] CPU:020
          <idle>-0     [040]     0.611244: (+0)     sched_switch:         swapper/40:0 [120] R ==> cg.C.x:2285 [120]
          <idle>-0     [033]     0.611244: (+0)     sched_switch:         swapper/33:0 [120] R ==> cg.C.x:2313 [120]
          <idle>-0     [024]     0.611245: (+1)     sched_switch:         swapper/24:0 [120] R ==> cg.C.x:2277 [120]
          cg.C.x-2265  [000]     0.611245: (+0)     sched_wake_idle_without_ipi: cpu=57
          <idle>-0     [052]     0.611245: (+0)     sched_switch:         swapper/52:0 [120] R ==> cg.C.x:2291 [120]
          cg.C.x-2265  [000]     0.611245: (+0)     sched_waking:         comm=cg.C.x pid=2268 prio=120 target_cpu=006
          <idle>-0     [046]     0.611245: (+0)     sched_wakeup:         cg.C.x:2288 [120] CPU:046
          <idle>-0     [014]     0.611245: (+0)     sched_wakeup:         cg.C.x:2272 [120] CPU:014
          <idle>-0     [016]     0.611246: (+1)     sched_wakeup:         cg.C.x:2273 [120] CPU:016
          cg.C.x-2265  [000]     0.611246: (+0)     sched_wake_idle_without_ipi: cpu=6
          <idle>-0     [030]     0.611246: (+0)     sched_wakeup:         cg.C.x:2280 [120] CPU:030
          cg.C.x-2265  [000]     0.611246: (+0)     sched_waking:         comm=cg.C.x pid=2284 prio=120 target_cpu=038
          <idle>-0     [020]     0.611247: (+1)     sched_switch:         swapper/20:0 [120] R ==> cg.C.x:2275 [120]
          cg.C.x-2265  [000]     0.611247: (+0)     sched_wake_idle_without_ipi: cpu=38
          cg.C.x-2265  [000]     0.611247: (+0)     sched_waking:         comm=cg.C.x pid=2296 prio=120 target_cpu=062
          <idle>-0     [030]     0.611247: (+0)     sched_switch:         swapper/30:0 [120] R ==> cg.C.x:2280 [120]
          <idle>-0     [048]     0.611247: (+0)     sched_wakeup:         cg.C.x:2289 [120] CPU:048
          <idle>-0     [014]     0.611247: (+0)     sched_switch:         swapper/14:0 [120] R ==> cg.C.x:2272 [120]
          <idle>-0     [016]     0.611247: (+0)     sched_switch:         swapper/16:0 [120] R ==> cg.C.x:2273 [120]
          cg.C.x-2265  [000]     0.611248: (+1)     sched_wake_idle_without_ipi: cpu=62
          <idle>-0     [046]     0.611248: (+0)     sched_switch:         swapper/46:0 [120] R ==> cg.C.x:2288 [120]
          cg.C.x-2265  [000]     0.611248: (+0)     sched_waking:         comm=cg.C.x pid=2269 prio=120 target_cpu=008
          <idle>-0     [048]     0.611249: (+1)     sched_switch:         swapper/48:0 [120] R ==> cg.C.x:2289 [120]
          cg.C.x-2265  [000]     0.611249: (+0)     sched_wake_idle_without_ipi: cpu=8
          cg.C.x-2265  [000]     0.611249: (+0)     sched_waking:         comm=cg.C.x pid=2276 prio=120 target_cpu=022
          cg.C.x-2265  [000]     0.611250: (+1)     sched_wake_idle_without_ipi: cpu=22
          <idle>-0     [006]     0.611250: (+0)     sched_wakeup:         cg.C.x:2268 [120] CPU:006
          <idle>-0     [038]     0.611250: (+0)     sched_wakeup:         cg.C.x:2284 [120] CPU:038
          cg.C.x-2265  [000]     0.611251: (+1)     sched_waking:         comm=cg.C.x pid=2305 prio=120 target_cpu=017
          <idle>-0     [057]     0.611251: (+0)     sched_wakeup:         cg.C.x:2325 [120] CPU:057
          cg.C.x-2265  [000]     0.611252: (+1)     sched_wake_idle_without_ipi: cpu=17
          <idle>-0     [062]     0.611252: (+0)     sched_wakeup:         cg.C.x:2296 [120] CPU:062
          <idle>-0     [006]     0.611252: (+0)     sched_switch:         swapper/6:0 [120] R ==> cg.C.x:2268 [120]
          <idle>-0     [038]     0.611252: (+0)     sched_switch:         swapper/38:0 [120] R ==> cg.C.x:2284 [120]
          <idle>-0     [008]     0.611252: (+0)     sched_wakeup:         cg.C.x:2269 [120] CPU:008
          <idle>-0     [057]     0.611252: (+0)     sched_switch:         swapper/57:0 [120] R ==> cg.C.x:2325 [120]
          cg.C.x-2265  [000]     0.611253: (+1)     sched_waking:         comm=cg.C.x pid=2306 prio=120 target_cpu=019
          <idle>-0     [062]     0.611253: (+0)     sched_switch:         swapper/62:0 [120] R ==> cg.C.x:2296 [120]
          <idle>-0     [008]     0.611253: (+0)     sched_switch:         swapper/8:0 [120] R ==> cg.C.x:2269 [120]
          <idle>-0     [022]     0.611254: (+1)     sched_wakeup:         cg.C.x:2276 [120] CPU:022
          cg.C.x-2265  [000]     0.611254: (+0)     sched_wake_idle_without_ipi: cpu=19
          cg.C.x-2265  [000]     0.611255: (+1)     sched_waking:         comm=cg.C.x pid=2326 prio=120 target_cpu=059
          <idle>-0     [022]     0.611255: (+0)     sched_switch:         swapper/22:0 [120] R ==> cg.C.x:2276 [120]
          cg.C.x-2265  [000]     0.611256: (+1)     sched_wake_idle_without_ipi: cpu=59
          cg.C.x-2265  [000]     0.611257: (+1)     sched_waking:         comm=cg.C.x pid=2310 prio=120 target_cpu=027
          cg.C.x-2265  [000]     0.611257: (+0)     sched_wake_idle_without_ipi: cpu=27
          <idle>-0     [017]     0.611258: (+1)     sched_wakeup:         cg.C.x:2305 [120] CPU:017
          <idle>-0     [019]     0.611258: (+0)     sched_wakeup:         cg.C.x:2306 [120] CPU:019
          cg.C.x-2265  [000]     0.611258: (+0)     sched_waking:         comm=cg.C.x pid=2309 prio=120 target_cpu=025
          <idle>-0     [017]     0.611259: (+1)     sched_switch:         swapper/17:0 [120] R ==> cg.C.x:2305 [120]
          cg.C.x-2265  [000]     0.611259: (+0)     sched_wake_idle_without_ipi: cpu=25
          <idle>-0     [019]     0.611260: (+1)     sched_switch:         swapper/19:0 [120] R ==> cg.C.x:2306 [120]
          cg.C.x-2265  [000]     0.611260: (+0)     sched_waking:         comm=cg.C.x pid=2324 prio=120 target_cpu=055
          cg.C.x-2265  [000]     0.611261: (+1)     sched_wake_idle_without_ipi: cpu=55
          <idle>-0     [059]     0.611261: (+0)     sched_wakeup:         cg.C.x:2326 [120] CPU:059
          cg.C.x-2265  [000]     0.611262: (+1)     sched_waking:         comm=cg.C.x pid=2320 prio=120 target_cpu=047
          <idle>-0     [027]     0.611262: (+0)     sched_wakeup:         cg.C.x:2310 [120] CPU:027
          cg.C.x-2265  [000]     0.611262: (+0)     sched_wake_idle_without_ipi: cpu=47
          <idle>-0     [059]     0.611263: (+1)     sched_switch:         swapper/59:0 [120] R ==> cg.C.x:2326 [120]
          cg.C.x-2265  [000]     0.611263: (+0)     sched_waking:         comm=cg.C.x pid=2281 prio=120 target_cpu=032
          cg.C.x-2265  [000]     0.611263: (+0)     sched_wake_idle_without_ipi: cpu=32
          <idle>-0     [025]     0.611263: (+0)     sched_wakeup:         cg.C.x:2309 [120] CPU:025
          <idle>-0     [027]     0.611264: (+1)     sched_switch:         swapper/27:0 [120] R ==> cg.C.x:2310 [120]
          cg.C.x-2265  [000]     0.611264: (+0)     sched_waking:         comm=cg.C.x pid=2318 prio=120 target_cpu=043
          <idle>-0     [025]     0.611265: (+1)     sched_switch:         swapper/25:0 [120] R ==> cg.C.x:2309 [120]
          cg.C.x-2265  [000]     0.611265: (+0)     sched_wake_idle_without_ipi: cpu=43
          <idle>-0     [055]     0.611266: (+1)     sched_wakeup:         cg.C.x:2324 [120] CPU:055
          cg.C.x-2265  [000]     0.611266: (+0)     sched_waking:         comm=cg.C.x pid=2327 prio=120 target_cpu=061
          cg.C.x-2265  [000]     0.611267: (+1)     sched_wake_idle_without_ipi: cpu=61
          <idle>-0     [032]     0.611267: (+0)     sched_wakeup:         cg.C.x:2281 [120] CPU:032
          <idle>-0     [047]     0.611267: (+0)     sched_wakeup:         cg.C.x:2320 [120] CPU:047
          <idle>-0     [055]     0.611267: (+0)     sched_switch:         swapper/55:0 [120] R ==> cg.C.x:2324 [120]
          <idle>-0     [032]     0.611269: (+2)     sched_switch:         swapper/32:0 [120] R ==> cg.C.x:2281 [120]
          <idle>-0     [047]     0.611269: (+0)     sched_switch:         swapper/47:0 [120] R ==> cg.C.x:2320 [120]
          cg.C.x-2265  [000]     0.611270: (+1)     bprint:               __handle_mm_fault: NUMAB COMPLETED MEM MIGR process[nid:0, cpu:0, pid:2265], old[phys:0x186296b000, nid:1, npages:1], new[phys:0x184f80000, nid:0, npages:1]
          <idle>-0     [043]     0.611271: (+1)     sched_wakeup:         cg.C.x:2318 [120] CPU:043
          <idle>-0     [061]     0.611272: (+1)     sched_wakeup:         cg.C.x:2327 [120] CPU:061
          <idle>-0     [043]     0.611272: (+0)     sched_switch:         swapper/43:0 [120] R ==> cg.C.x:2318 [120]
          <idle>-0     [061]     0.611273: (+1)     sched_switch:         swapper/61:0 [120] R ==> cg.C.x:2327 [120]
          cg.C.x-2265  [000]     0.611283: (+10)    bprint:               __handle_mm_fault: NUMAB MEM ACCESS process[nid:0, cpu:0, pid:2265], folio[virt:0x7fb6614dd720, phys:0x18625da000, pfn:0x18625da, nid:1, npages:1]
          cg.C.x-2265  [000]     0.611284: (+1)     bprint:               __handle_mm_fault: NUMAB TRY MEM MIGR process[nid:0, cpu:0, pid:2265], folio[virt:0x7fb6614dd720, phys:0x18625da000, nid:1], target_nid:0
          cg.C.x-2265  [000]     0.611289: (+5)     bprint:               __handle_mm_fault: NUMAB COMPLETED MEM MIGR process[nid:0, cpu:0, pid:2265], old[phys:0x18625da000, nid:1, npages:1], new[phys:0x184f81000, nid:0, npages:1]
          cg.C.x-2298  [003]     0.611366: (+77)    bprint:               __handle_mm_fault: NUMAB MEM ACCESS process[nid:1, cpu:3, pid:2298], folio[virt:0x7fb660f488b0, phys:0x1853565000, pfn:0x1853565, nid:1, npages:1]
          cg.C.x-2321  [049]     0.611368: (+2)     bprint:               __handle_mm_fault: NUMAB MEM ACCESS process[nid:1, cpu:49, pid:2321], folio[virt:0x7fb660f7d2f0, phys:0x186254e000, pfn:0x186254e, nid:1, npages:1]
          cg.C.x-2305  [017]     0.611371: (+3)     bprint:               __handle_mm_fault: NUMAB MEM ACCESS process[nid:1, cpu:17, pid:2305], folio[virt:0x7fb660f58910, phys:0x18620fc000, pfn:0x18620fc, nid:1, npages:1]
          cg.C.x-2270  [010]     0.611373: (+2)     bprint:               __handle_mm_fault: NUMAB MEM ACCESS process[nid:0, cpu:10, pid:2270], folio[virt:0x7fb660f08730, phys:0x153f28000, pfn:0x153f28, nid:0, npages:1]
          cg.C.x-2274  [018]     0.611375: (+2)     bprint:               __handle_mm_fault: NUMAB MEM ACCESS process[nid:0, cpu:18, pid:2274], folio[virt:0x7fb660f119b0, phys:0x1b2372000, pfn:0x1b2372, nid:0, npages:1]
          cg.C.x-2310  [027]     0.611376: (+1)     bprint:               __handle_mm_fault: NUMAB MEM ACCESS process[nid:1, cpu:27, pid:2310], folio[virt:0x7fb660f64030, phys:0x1854119000, pfn:0x1854119, nid:1, npages:1]
          cg.C.x-2318  [043]     0.611378: (+2)     bprint:               __handle_mm_fault: NUMAB MEM ACCESS process[nid:1, cpu:43, pid:2318], folio[virt:0x7fb660f7651c, phys:0x184e20d000, pfn:0x184e20d, nid:1, npages:1]
          cg.C.x-2302  [011]     0.611380: (+2)     bprint:               __handle_mm_fault: NUMAB MEM ACCESS process[nid:1, cpu:11, pid:2302], folio[virt:0x7fb660f51b30, phys:0x1851cc0000, pfn:0x1851cc0, nid:1, npages:1]
          cg.C.x-2282  [034]     0.611382: (+2)     bprint:               __handle_mm_fault: NUMAB MEM ACCESS process[nid:0, cpu:34, pid:2282], folio[virt:0x7fb660f23eb0, phys:0x117963000, pfn:0x117963, nid:0, npages:1]
          cg.C.x-2310  [027]     0.611384: (+2)     bprint:               do_huge_pmd_numa_page: NUMAB MEM ACCESS huge page process[nid:1, cpu:27, pid:2310], folio[virt:0x7fb65d8e5854, ker:0xffff9980dce00000, pfn:0x1a5ce00, nid:1, npages:512]
          cg.C.x-2308  [023]     0.611384: (+0)     bprint:               __handle_mm_fault: NUMAB MEM ACCESS process[nid:1, cpu:23, pid:2308], folio[virt:0x7fb660f5f6f0, phys:0x18628c4000, pfn:0x18628c4, nid:1, npages:1]
          cg.C.x-2277  [024]     0.611386: (+2)     bprint:               __handle_mm_fault: NUMAB MEM ACCESS process[nid:0, cpu:24, pid:2277], folio[virt:0x7fb660f18790, phys:0x1e1907000, pfn:0x1e1907, nid:0, npages:1]
          cg.C.x-2285  [040]     0.611388: (+2)     bprint:               __handle_mm_fault: NUMAB MEM ACCESS process[nid:0, cpu:40, pid:2285], folio[virt:0x7fb660f2ac90, phys:0x153fcd000, pfn:0x153fcd, nid:0, npages:1]
          cg.C.x-2311  [029]     0.611390: (+2)     bprint:               __handle_mm_fault: NUMAB MEM ACCESS process[nid:1, cpu:29, pid:2311], folio[virt:0x7fb660f664d0, phys:0x1853164000, pfn:0x1853164, nid:1, npages:1]
          cg.C.x-2304  [015]     0.611392: (+2)     bprint:               __handle_mm_fault: NUMAB MEM ACCESS process[nid:1, cpu:15, pid:2304], folio[virt:0x7fb660f56470, phys:0x18537e8000, pfn:0x18537e8, nid:1, npages:1]
          cg.C.x-2271  [012]     0.611393: (+1)     bprint:               __handle_mm_fault: NUMAB MEM ACCESS process[nid:0, cpu:12, pid:2271], folio[virt:0x7fb660f0abd0, phys:0x124ece000, pfn:0x124ece, nid:0, npages:1]
          cg.C.x-2287  [044]     0.611395: (+2)     bprint:               __handle_mm_fault: NUMAB MEM ACCESS process[nid:0, cpu:44, pid:2287], folio[virt:0x7fb660f2f5d0, phys:0x1542bb000, pfn:0x1542bb, nid:0, npages:1]
          cg.C.x-2307  [021]     0.611397: (+2)     bprint:               __handle_mm_fault: NUMAB MEM ACCESS process[nid:1, cpu:21, pid:2307], folio[virt:0x7fb660f5d250, phys:0x185403a000, pfn:0x185403a, nid:1, npages:1]
          cg.C.x-2325  [057]     0.611399: (+2)     bprint:               __handle_mm_fault: NUMAB MEM ACCESS process[nid:1, cpu:57, pid:2325], folio[virt:0x7fb660f86560, phys:0x1851a69000, pfn:0x1851a69, nid:1, npages:1]
          cg.C.x-2320  [047]     0.611401: (+2)     bprint:               __handle_mm_fault: NUMAB MEM ACCESS process[nid:1, cpu:47, pid:2320], folio[virt:0x7fb660f7ae54, phys:0x184ea24000, pfn:0x184ea24, nid:1, npages:1]
          cg.C.x-2272  [014]     0.611403: (+2)     bprint:               __handle_mm_fault: NUMAB MEM ACCESS process[nid:0, cpu:14, pid:2272], folio[virt:0x7fb660f0d070, phys:0x1539d3000, pfn:0x1539d3, nid:0, npages:1]
          cg.C.x-2322  [051]     0.611405: (+2)     bprint:               __handle_mm_fault: NUMAB MEM ACCESS process[nid:1, cpu:51, pid:2322], folio[virt:0x7fb660f7f78c, phys:0x184dd6a000, pfn:0x184dd6a, nid:1, npages:1]
          cg.C.x-2303  [013]     0.611406: (+1)     bprint:               __handle_mm_fault: NUMAB MEM ACCESS process[nid:1, cpu:13, pid:2303], folio[virt:0x7fb660f53fd0, phys:0x1851574000, pfn:0x1851574, nid:1, npages:1]
          cg.C.x-2294  [058]     0.611408: (+2)     bprint:               __handle_mm_fault: NUMAB MEM ACCESS process[nid:0, cpu:58, pid:2294], folio[virt:0x7fb660f3f630, phys:0x117dec000, pfn:0x117dec, nid:0, npages:1]
          cg.C.x-2313  [033]     0.611411: (+3)     bprint:               __handle_mm_fault: NUMAB MEM ACCESS process[nid:1, cpu:33, pid:2313], folio[virt:0x7fb660f6ae10, phys:0x303a089000, pfn:0x303a089, nid:1, npages:1]
          cg.C.x-2300  [007]     0.611412: (+1)     bprint:               __handle_mm_fault: NUMAB MEM ACCESS process[nid:1, cpu:7, pid:2300], folio[virt:0x7fb660f4d1f0, phys:0x185402e000, pfn:0x185402e, nid:1, npages:1]
          cg.C.x-2289  [048]     0.611414: (+2)     bprint:               __handle_mm_fault: NUMAB MEM ACCESS process[nid:0, cpu:48, pid:2289], folio[virt:0x7fb660f33f10, phys:0x156627000, pfn:0x156627, nid:0, npages:1]
          cg.C.x-2322  [051]     0.611415: (+1)     bprint:               do_huge_pmd_numa_page: NUMAB MEM ACCESS huge page process[nid:1, cpu:51, pid:2322], folio[virt:0x7fb65f2bf89c, ker:0xffff9980f2e00000, pfn:0x1a72e00, nid:1, npages:512]
          cg.C.x-2265  [000]     0.611416: (+1)     bprint:               __handle_mm_fault: NUMAB MEM ACCESS process[nid:0, cpu:0, pid:2265], folio[virt:0x7fb660efd010, phys:0x153bfb000, pfn:0x153bfb, nid:0, npages:1]
          cg.C.x-2294  [058]     0.611416: (+0)     bprint:               do_huge_pmd_numa_page: NUMAB MEM ACCESS huge page process[nid:0, cpu:58, pid:2294], folio[virt:0x7fb65b6744dc, ker:0xffff9969bd200000, pfn:0x33d200, nid:0, npages:512]
          cg.C.x-2317  [041]     0.611417: (+1)     bprint:               __handle_mm_fault: NUMAB MEM ACCESS process[nid:1, cpu:41, pid:2317], folio[virt:0x7fb660f74080, phys:0x185424c000, pfn:0x185424c, nid:1, npages:1]
          cg.C.x-2313  [033]     0.611419: (+2)     bprint:               do_huge_pmd_numa_page: NUMAB MEM ACCESS huge page process[nid:1, cpu:33, pid:2313], folio[virt:0x7fb65df59238, ker:0xffff998112800000, pfn:0x1a92800, nid:1, npages:512]
          cg.C.x-2288  [046]     0.611419: (+0)     bprint:               __handle_mm_fault: NUMAB MEM ACCESS process[nid:0, cpu:46, pid:2288], folio[virt:0x7fb660f31a70, phys:0x210c12000, pfn:0x210c12, nid:0, npages:1]
          cg.C.x-2280  [030]     0.611421: (+2)     bprint:               __handle_mm_fault: NUMAB MEM ACCESS process[nid:0, cpu:30, pid:2280], folio[virt:0x7fb660f1f570, phys:0x11428a000, pfn:0x11428a, nid:0, npages:1]
          cg.C.x-2284  [038]     0.611423: (+2)     bprint:               __handle_mm_fault: NUMAB MEM ACCESS process[nid:0, cpu:38, pid:2284], folio[virt:0x7fb660f287f0, phys:0x210300000, pfn:0x210300, nid:0, npages:1]
          cg.C.x-2268  [006]     0.611425: (+2)     bprint:               __handle_mm_fault: NUMAB MEM ACCESS process[nid:0, cpu:6, pid:2268], folio[virt:0x7fb660f03df0, phys:0x183046000, pfn:0x183046, nid:0, npages:1]
          cg.C.x-2278  [026]     0.611426: (+1)     bprint:               __handle_mm_fault: NUMAB MEM ACCESS process[nid:0, cpu:26, pid:2278], folio[virt:0x7fb660f1ac30, phys:0x1567c8000, pfn:0x1567c8, nid:0, npages:1]
          cg.C.x-2288  [046]     0.611426: (+0)     bprint:               do_huge_pmd_numa_page: NUMAB MEM ACCESS huge page process[nid:0, cpu:46, pid:2288], folio[virt:0x7fb65a98f808, ker:0xffff996a72a00000, pfn:0x3f2a00, nid:0, npages:512]
          cg.C.x-2283  [036]     0.611428: (+2)     bprint:               __handle_mm_fault: NUMAB MEM ACCESS process[nid:0, cpu:36, pid:2283], folio[virt:0x7fb660f26350, phys:0x1e0870000, pfn:0x1e0870, nid:0, npages:1]
          cg.C.x-2281  [032]     0.611429: (+1)     bprint:               __handle_mm_fault: NUMAB MEM ACCESS process[nid:0, cpu:32, pid:2281], folio[virt:0x7fb660f21a10, phys:0x210f37000, pfn:0x210f37, nid:0, npages:1]
          cg.C.x-2279  [028]     0.611431: (+2)     bprint:               __handle_mm_fault: NUMAB MEM ACCESS process[nid:0, cpu:28, pid:2279], folio[virt:0x7fb660f1d0d0, phys:0x1b159e000, pfn:0x1b159e, nid:0, npages:1]
          cg.C.x-2292  [054]     0.611432: (+1)     bprint:               __handle_mm_fault: NUMAB MEM ACCESS process[nid:0, cpu:54, pid:2292], folio[virt:0x7fb660f3acf0, phys:0x154bd0000, pfn:0x154bd0, nid:0, npages:1]
          cg.C.x-2269  [008]     0.611434: (+2)     bprint:               __handle_mm_fault: NUMAB MEM ACCESS process[nid:0, cpu:8, pid:2269], folio[virt:0x7fb660f06290, phys:0x1e14c9000, pfn:0x1e14c9, nid:0, npages:1]
          cg.C.x-2276  [022]     0.611435: (+1)     bprint:               __handle_mm_fault: NUMAB MEM ACCESS process[nid:0, cpu:22, pid:2276], folio[virt:0x7fb660f162f0, phys:0x1550c9000, pfn:0x1550c9, nid:0, npages:1]
          cg.C.x-2292  [054]     0.611439: (+4)     bprint:               do_huge_pmd_numa_page: NUMAB MEM ACCESS huge page process[nid:0, cpu:54, pid:2292], folio[virt:0x7fb65b223c90, ker:0xffff996aa0200000, pfn:0x420200, nid:0, npages:512]
          cg.C.x-2303  [013]     0.611447: (+8)     bprint:               __handle_mm_fault: NUMAB MEM ACCESS process[nid:1, cpu:13, pid:2303], folio[virt:0x7fb660f54000, phys:0x185151f000, pfn:0x185151f, nid:1, npages:1]
          cg.C.x-2291  [052]     0.611449: (+2)     bprint:               do_huge_pmd_numa_page: NUMAB MEM ACCESS huge page process[nid:0, cpu:52, pid:2291], folio[virt:0x7fb65b000000, ker:0xffff996a73200000, pfn:0x3f3200, nid:0, npages:512]
          cg.C.x-2317  [041]     0.611469: (+20)    bprint:               do_huge_pmd_numa_page: NUMAB MEM ACCESS huge page process[nid:1, cpu:41, pid:2317], folio[virt:0x7fb65e800000, ker:0xffff998114200000, pfn:0x1a94200, nid:1, npages:512]
          cg.C.x-2304  [015]     0.611471: (+2)     bprint:               do_huge_pmd_numa_page: NUMAB MEM ACCESS huge page process[nid:1, cpu:15, pid:2304], folio[virt:0x7fb65cc00000, ker:0xffff998121a00000, pfn:0x1aa1a00, nid:1, npages:512]
          cg.C.x-2296  [062]     0.611477: (+6)     bprint:               __handle_mm_fault: NUMAB MEM ACCESS process[nid:0, cpu:62, pid:2296], folio[virt:0x7fb660f44000, phys:0x1e0fdc000, pfn:0x1e0fdc, nid:0, npages:1]
          cg.C.x-2289  [048]     0.611535: (+58)    bprint:               __handle_mm_fault: NUMAB MEM ACCESS process[nid:0, cpu:48, pid:2289], folio[virt:0x7fb660f34000, phys:0x1851c0000, pfn:0x1851c0, nid:0, npages:1]
          cg.C.x-2327  [061]     0.611563: (+28)    bprint:               __handle_mm_fault: NUMAB MEM ACCESS process[nid:1, cpu:61, pid:2327], folio[virt:0x7fb660f8b000, phys:0x1854243000, pfn:0x1854243, nid:1, npages:1]
          cg.C.x-2282  [034]     0.611575: (+12)    bprint:               __handle_mm_fault: NUMAB MEM ACCESS process[nid:0, cpu:34, pid:2282], folio[virt:0x7fb660f24000, phys:0x1e1868000, pfn:0x1e1868, nid:0, npages:1]
          cg.C.x-2275  [020]     0.611596: (+21)    bprint:               __handle_mm_fault: NUMAB MEM ACCESS process[nid:0, cpu:20, pid:2275], folio[virt:0x7fb660f14000, phys:0x1e1a3e000, pfn:0x1e1a3e, nid:0, npages:1]
          cg.C.x-2320  [047]     0.611617: (+21)    bprint:               __handle_mm_fault: NUMAB MEM ACCESS process[nid:1, cpu:47, pid:2320], folio[virt:0x7fb660f7b000, phys:0x1854245000, pfn:0x1854245, nid:1, npages:1]
          cg.C.x-2306  [019]     0.611650: (+33)    bprint:               __handle_mm_fault: NUMAB MEM ACCESS process[nid:1, cpu:19, pid:2306], folio[virt:0x7fb660f5b000, phys:0x1862de7000, pfn:0x1862de7, nid:1, npages:1]
          cg.C.x-2313  [033]     0.611654: (+4)     bprint:               __handle_mm_fault: NUMAB MEM ACCESS process[nid:1, cpu:33, pid:2313], folio[virt:0x7fb660f6b000, phys:0x1862af9000, pfn:0x1862af9, nid:1, npages:1]
          cg.C.x-2268  [006]     0.611669: (+15)    bprint:               __handle_mm_fault: NUMAB MEM ACCESS process[nid:0, cpu:6, pid:2268], folio[virt:0x7fb660f04000, phys:0x12364f000, pfn:0x12364f, nid:0, npages:1]
          cg.C.x-2299  [005]     0.611693: (+24)    bprint:               __handle_mm_fault: NUMAB MEM ACCESS process[nid:1, cpu:5, pid:2299], folio[virt:0x7fb660f4b000, phys:0x184f901000, pfn:0x184f901, nid:1, npages:1]
          cg.C.x-2292  [054]     0.611784: (+91)    bprint:               __handle_mm_fault: NUMAB MEM ACCESS process[nid:0, cpu:54, pid:2292], folio[virt:0x7fb660f3b000, phys:0x1e08b0000, pfn:0x1e08b0, nid:0, npages:1]
          cg.C.x-2285  [040]     0.611787: (+3)     bprint:               __handle_mm_fault: NUMAB MEM ACCESS process[nid:0, cpu:40, pid:2285], folio[virt:0x7fb660f2b000, phys:0x1b16f3000, pfn:0x1b16f3, nid:0, npages:1]
          cg.C.x-2323  [053]     0.611801: (+14)    bprint:               __handle_mm_fault: NUMAB MEM ACCESS process[nid:1, cpu:53, pid:2323], folio[virt:0x7fb660f82000, phys:0x184d1bb000, pfn:0x184d1bb, nid:1, npages:1]
          cg.C.x-2278  [026]     0.611844: (+43)    bprint:               __handle_mm_fault: NUMAB MEM ACCESS process[nid:0, cpu:26, pid:2278], folio[virt:0x7fb660f1b000, phys:0x1538de000, pfn:0x1538de, nid:0, npages:1]
          cg.C.x-2316  [039]     0.611846: (+2)     bprint:               __handle_mm_fault: NUMAB MEM ACCESS process[nid:1, cpu:39, pid:2316], folio[virt:0x7fb660f72000, phys:0x1853f5d000, pfn:0x1853f5d, nid:1, npages:1]
          cg.C.x-2309  [025]     0.611859: (+13)    bprint:               __handle_mm_fault: NUMAB MEM ACCESS process[nid:1, cpu:25, pid:2309], folio[virt:0x7fb660f62000, phys:0x186045a000, pfn:0x186045a, nid:1, npages:1]
          cg.C.x-2271  [012]     0.611863: (+4)     bprint:               __handle_mm_fault: NUMAB MEM ACCESS process[nid:0, cpu:12, pid:2271], folio[virt:0x7fb660f0b000, phys:0x1e1a53000, pfn:0x1e1a53, nid:0, npages:1]
          cg.C.x-2302  [011]     0.611903: (+40)    bprint:               __handle_mm_fault: NUMAB MEM ACCESS process[nid:1, cpu:11, pid:2302], folio[virt:0x7fb660f52000, phys:0x1851cb7000, pfn:0x1851cb7, nid:1, npages:1]
          cg.C.x-2295  [060]     0.611957: (+54)    bprint:               __handle_mm_fault: NUMAB MEM ACCESS process[nid:0, cpu:60, pid:2295], folio[virt:0x7fb660f42000, phys:0x154360000, pfn:0x154360, nid:0, npages:1]
          cg.C.x-2288  [046]     0.612002: (+45)    bprint:               __handle_mm_fault: NUMAB MEM ACCESS process[nid:0, cpu:46, pid:2288], folio[virt:0x7fb660f32000, phys:0x210c19000, pfn:0x210c19, nid:0, npages:1]
          cg.C.x-2328  [063]     0.612004: (+2)     bprint:               do_huge_pmd_numa_page: NUMAB MEM ACCESS huge page process[nid:1, cpu:63, pid:2328], folio[virt:0x7fb660000000, ker:0xffff9980e8e00000, pfn:0x1a68e00, nid:1, npages:512]
          cg.C.x-2326  [059]     0.612031: (+27)    bprint:               __handle_mm_fault: NUMAB MEM ACCESS process[nid:1, cpu:59, pid:2326], folio[virt:0x7fb660f89000, phys:0x1863560000, pfn:0x1863560, nid:1, npages:1]
          cg.C.x-2312  [031]     0.612054: (+23)    bprint:               __handle_mm_fault: NUMAB MEM ACCESS process[nid:1, cpu:31, pid:2312], folio[virt:0x7fb660f69000, phys:0x18543a4000, pfn:0x18543a4, nid:1, npages:1]
          cg.C.x-2319  [045]     0.612057: (+3)     bprint:               __handle_mm_fault: NUMAB MEM ACCESS process[nid:1, cpu:45, pid:2319], folio[virt:0x7fb660f79000, phys:0x1853f86000, pfn:0x1853f86, nid:1, npages:1]
          cg.C.x-2281  [032]     0.612062: (+5)     bprint:               __handle_mm_fault: NUMAB MEM ACCESS process[nid:0, cpu:32, pid:2281], folio[virt:0x7fb660f22000, phys:0x12369a000, pfn:0x12369a, nid:0, npages:1]
          cg.C.x-2267  [004]     0.612102: (+40)    bprint:               __handle_mm_fault: NUMAB MEM ACCESS process[nid:0, cpu:4, pid:2267], folio[virt:0x7fb660f02000, phys:0x1e0ff9000, pfn:0x1e0ff9, nid:0, npages:1]
          cg.C.x-2274  [018]     0.612112: (+10)    bprint:               __handle_mm_fault: NUMAB MEM ACCESS process[nid:0, cpu:18, pid:2274], folio[virt:0x7fb660f12000, phys:0x11559e000, pfn:0x11559e, nid:0, npages:1]
          cg.C.x-2305  [017]     0.612136: (+24)    bprint:               __handle_mm_fault: NUMAB MEM ACCESS process[nid:1, cpu:17, pid:2305], folio[virt:0x7fb660f59000, phys:0x1862de3000, pfn:0x1862de3, nid:1, npages:1]
          cg.C.x-2291  [052]     0.612186: (+50)    bprint:               __handle_mm_fault: NUMAB MEM ACCESS process[nid:0, cpu:52, pid:2291], folio[virt:0x7fb660f39000, phys:0x1e1796000, pfn:0x1e1796, nid:0, npages:1]
          cg.C.x-2298  [003]     0.612192: (+6)     bprint:               __handle_mm_fault: NUMAB MEM ACCESS process[nid:1, cpu:3, pid:2298], folio[virt:0x7fb660f49000, phys:0x184e27a000, pfn:0x184e27a, nid:1, npages:1]
          cg.C.x-2277  [024]     0.612269: (+77)    bprint:               __handle_mm_fault: NUMAB MEM ACCESS process[nid:0, cpu:24, pid:2277], folio[virt:0x7fb660f19000, phys:0x155f88000, pfn:0x155f88, nid:0, npages:1]
          cg.C.x-2284  [038]     0.612272: (+3)     bprint:               __handle_mm_fault: NUMAB MEM ACCESS process[nid:0, cpu:38, pid:2284], folio[virt:0x7fb660f29000, phys:0x21123f000, pfn:0x21123f, nid:0, npages:1]
          cg.C.x-2322  [051]     0.612284: (+12)    bprint:               __handle_mm_fault: NUMAB MEM ACCESS process[nid:1, cpu:51, pid:2322], folio[virt:0x7fb660f80000, phys:0x184dbfd000, pfn:0x184dbfd, nid:1, npages:1]
          cg.C.x-2315  [037]     0.612300: (+16)    bprint:               __handle_mm_fault: NUMAB MEM ACCESS process[nid:1, cpu:37, pid:2315], folio[virt:0x7fb660f70000, phys:0x184d9da000, pfn:0x184d9da, nid:1, npages:1]
          cg.C.x-2308  [023]     0.612321: (+21)    bprint:               __handle_mm_fault: NUMAB MEM ACCESS process[nid:1, cpu:23, pid:2308], folio[virt:0x7fb660f60000, phys:0x1853f38000, pfn:0x1853f38, nid:1, npages:1]
          cg.C.x-2270  [010]     0.612324: (+3)     bprint:               __handle_mm_fault: NUMAB MEM ACCESS process[nid:0, cpu:10, pid:2270], folio[virt:0x7fb660f09000, phys:0x114048000, pfn:0x114048, nid:0, npages:1]
          cg.C.x-2301  [009]     0.612380: (+56)    bprint:               __handle_mm_fault: NUMAB MEM ACCESS process[nid:1, cpu:9, pid:2301], folio[virt:0x7fb660f50000, phys:0x184e241000, pfn:0x184e241, nid:1, npages:1]
          cg.C.x-2287  [044]     0.612460: (+80)    bprint:               __handle_mm_fault: NUMAB MEM ACCESS process[nid:0, cpu:44, pid:2287], folio[virt:0x7fb660f30000, phys:0x15429c000, pfn:0x15429c, nid:0, npages:1]
          cg.C.x-2294  [058]     0.612465: (+5)     bprint:               __handle_mm_fault: NUMAB MEM ACCESS process[nid:0, cpu:58, pid:2294], folio[virt:0x7fb660f40000, phys:0x117ded000, pfn:0x117ded, nid:0, npages:1]
          cg.C.x-2318  [043]     0.612511: (+46)    bprint:               __handle_mm_fault: NUMAB MEM ACCESS process[nid:1, cpu:43, pid:2318], folio[virt:0x7fb660f77000, phys:0x1853278000, pfn:0x1853278, nid:1, npages:1]
          cg.C.x-2280  [030]     0.612513: (+2)     bprint:               __handle_mm_fault: NUMAB MEM ACCESS process[nid:0, cpu:30, pid:2280], folio[virt:0x7fb660f20000, phys:0x11428b000, pfn:0x11428b, nid:0, npages:1]
          cg.C.x-2325  [057]     0.612520: (+7)     bprint:               __handle_mm_fault: NUMAB MEM ACCESS process[nid:1, cpu:57, pid:2325], folio[virt:0x7fb660f87000, phys:0x1851a6a000, pfn:0x1851a6a, nid:1, npages:1]
          cg.C.x-2273  [016]     0.612531: (+11)    bprint:               __handle_mm_fault: NUMAB MEM ACCESS process[nid:0, cpu:16, pid:2273], folio[virt:0x7fb660f10000, phys:0x1e1829000, pfn:0x1e1829, nid:0, npages:1]
          cg.C.x-2311  [029]     0.612560: (+29)    bprint:               __handle_mm_fault: NUMAB MEM ACCESS process[nid:1, cpu:29, pid:2311], folio[virt:0x7fb660f67000, phys:0x18531d4000, pfn:0x18531d4, nid:1, npages:1]
          cg.C.x-2266  [002]     0.612606: (+46)    bprint:               __handle_mm_fault: NUMAB MEM ACCESS process[nid:0, cpu:2, pid:2266], folio[virt:0x7fb660f00000, phys:0x154134000, pfn:0x154134, nid:0, npages:1]
          cg.C.x-2304  [015]     0.612652: (+46)    bprint:               __handle_mm_fault: NUMAB MEM ACCESS process[nid:1, cpu:15, pid:2304], folio[virt:0x7fb660f57000, phys:0x184dbe2000, pfn:0x184dbe2, nid:1, npages:1]
          cg.C.x-2297  [001]     0.612660: (+8)     bprint:               __handle_mm_fault: NUMAB MEM ACCESS process[nid:1, cpu:1, pid:2297], folio[virt:0x7fb660f47000, phys:0x1853564000, pfn:0x1853564, nid:1, npages:1]
          cg.C.x-2328  [063]     0.612681: (+21)    bprint:               __handle_mm_fault: NUMAB MEM ACCESS process[nid:1, cpu:63, pid:2328], folio[virt:0x7fb660f8e000, phys:0x1853678000, pfn:0x1853678, nid:1, npages:1]
          cg.C.x-2290  [050]     0.612695: (+14)    bprint:               __handle_mm_fault: NUMAB MEM ACCESS process[nid:0, cpu:50, pid:2290], folio[virt:0x7fb660f37000, phys:0x1160e8000, pfn:0x1160e8, nid:0, npages:1]
          cg.C.x-2283  [036]     0.612704: (+9)     bprint:               __handle_mm_fault: NUMAB MEM ACCESS process[nid:0, cpu:36, pid:2283], folio[virt:0x7fb660f27000, phys:0x1e0872000, pfn:0x1e0872, nid:0, npages:1]
          cg.C.x-2321  [049]     0.612707: (+3)     bprint:               __handle_mm_fault: NUMAB MEM ACCESS process[nid:1, cpu:49, pid:2321], folio[virt:0x7fb660f7e000, phys:0x303f263000, pfn:0x303f263, nid:1, npages:1]
          cg.C.x-2314  [035]     0.612754: (+47)    bprint:               __handle_mm_fault: NUMAB MEM ACCESS process[nid:1, cpu:35, pid:2314], folio[virt:0x7fb660f6e000, phys:0x18628e4000, pfn:0x18628e4, nid:1, npages:1]
          cg.C.x-2276  [022]     0.612782: (+28)    bprint:               __handle_mm_fault: NUMAB MEM ACCESS process[nid:0, cpu:22, pid:2276], folio[virt:0x7fb660f17000, phys:0x1550ca000, pfn:0x1550ca, nid:0, npages:1]
          cg.C.x-2307  [021]     0.612797: (+15)    bprint:               __handle_mm_fault: NUMAB MEM ACCESS process[nid:1, cpu:21, pid:2307], folio[virt:0x7fb660f5e000, phys:0x1854063000, pfn:0x1854063, nid:1, npages:1]
          cg.C.x-2269  [008]     0.612862: (+65)    bprint:               __handle_mm_fault: NUMAB MEM ACCESS process[nid:0, cpu:8, pid:2269], folio[virt:0x7fb660f07000, phys:0x1e14cb000, pfn:0x1e14cb, nid:0, npages:1]
          cg.C.x-2300  [007]     0.612877: (+15)    bprint:               __handle_mm_fault: NUMAB MEM ACCESS process[nid:1, cpu:7, pid:2300], folio[virt:0x7fb660f4e000, phys:0x185104a000, pfn:0x185104a, nid:1, npages:1]
          cg.C.x-2293  [056]     0.612884: (+7)     bprint:               __handle_mm_fault: NUMAB MEM ACCESS process[nid:0, cpu:56, pid:2293], folio[virt:0x7fb660f3e000, phys:0x1e17d7000, pfn:0x1e17d7, nid:0, npages:1]
          cg.C.x-2286  [042]     0.612916: (+32)    bprint:               __handle_mm_fault: NUMAB MEM ACCESS process[nid:0, cpu:42, pid:2286], folio[virt:0x7fb660f2e000, phys:0x1837f4000, pfn:0x1837f4, nid:0, npages:1]
          cg.C.x-2324  [055]     0.612940: (+24)    bprint:               __handle_mm_fault: NUMAB MEM ACCESS process[nid:1, cpu:55, pid:2324], folio[virt:0x7fb660f85000, phys:0x1853b38000, pfn:0x1853b38, nid:1, npages:1]
          cg.C.x-2310  [027]     0.612993: (+53)    bprint:               __handle_mm_fault: NUMAB MEM ACCESS process[nid:1, cpu:27, pid:2310], folio[virt:0x7fb660f65000, phys:0x18540d2000, pfn:0x18540d2, nid:1, npages:1]
          cg.C.x-2279  [028]     0.613000: (+7)     bprint:               __handle_mm_fault: NUMAB MEM ACCESS process[nid:0, cpu:28, pid:2279], folio[virt:0x7fb660f1e000, phys:0x1846da000, pfn:0x1846da, nid:0, npages:1]
          cg.C.x-2303  [013]     0.613007: (+7)     bprint:               __handle_mm_fault: NUMAB MEM ACCESS process[nid:1, cpu:13, pid:2303], folio[virt:0x7fb660f55000, phys:0x18514ee000, pfn:0x18514ee, nid:1, npages:1]
          cg.C.x-2272  [014]     0.613043: (+36)    bprint:               __handle_mm_fault: NUMAB MEM ACCESS process[nid:0, cpu:14, pid:2272], folio[virt:0x7fb660f0e000, phys:0x153e53000, pfn:0x153e53, nid:0, npages:1]
          cg.C.x-2265  [000]     0.613045: (+2)     bprint:               __handle_mm_fault: NUMAB MEM ACCESS process[nid:0, cpu:0, pid:2265], folio[virt:0x7fb660efe000, phys:0x117df1000, pfn:0x117df1, nid:0, npages:1]
          cg.C.x-2317  [041]     0.613067: (+22)    bprint:               __handle_mm_fault: NUMAB MEM ACCESS process[nid:1, cpu:41, pid:2317], folio[virt:0x7fb660f75000, phys:0x18534c7000, pfn:0x18534c7, nid:1, npages:1]
          cg.C.x-2327  [061]     0.613162: (+95)    bprint:               __handle_mm_fault: NUMAB MEM ACCESS process[nid:1, cpu:61, pid:2327], folio[virt:0x7fb660f8c000, phys:0x18541c0000, pfn:0x18541c0, nid:1, npages:1]
          cg.C.x-2289  [048]     0.613183: (+21)    bprint:               __handle_mm_fault: NUMAB MEM ACCESS process[nid:0, cpu:48, pid:2289], folio[virt:0x7fb660f35000, phys:0x1851c1000, pfn:0x1851c1, nid:0, npages:1]
          cg.C.x-2282  [034]     0.613184: (+1)     bprint:               __handle_mm_fault: NUMAB MEM ACCESS process[nid:0, cpu:34, pid:2282], folio[virt:0x7fb660f25000, phys:0x1e186c000, pfn:0x1e186c, nid:0, npages:1]
          cg.C.x-2275  [020]     0.613217: (+33)    bprint:               __handle_mm_fault: NUMAB MEM ACCESS process[nid:0, cpu:20, pid:2275], folio[virt:0x7fb660f15000, phys:0x1e1a3f000, pfn:0x1e1a3f, nid:0, npages:1]
          cg.C.x-2320  [047]     0.613219: (+2)     bprint:               __handle_mm_fault: NUMAB MEM ACCESS process[nid:1, cpu:47, pid:2320], folio[virt:0x7fb660f7c000, phys:0x184ea25000, pfn:0x184ea25, nid:1, npages:1]
          cg.C.x-2306  [019]     0.613267: (+48)    bprint:               __handle_mm_fault: NUMAB MEM ACCESS process[nid:1, cpu:19, pid:2306], folio[virt:0x7fb660f5c000, phys:0x1862de8000, pfn:0x1862de8, nid:1, npages:1]
          cg.C.x-2268  [006]     0.613285: (+18)    bprint:               __handle_mm_fault: NUMAB MEM ACCESS process[nid:0, cpu:6, pid:2268], folio[virt:0x7fb660f05000, phys:0x184c42000, pfn:0x184c42, nid:0, npages:1]
          cg.C.x-2313  [033]     0.613299: (+14)    bprint:               __handle_mm_fault: NUMAB MEM ACCESS process[nid:1, cpu:33, pid:2313], folio[virt:0x7fb660f6c000, phys:0x1861faf000, pfn:0x1861faf, nid:1, npages:1]
          cg.C.x-2299  [005]     0.613323: (+24)    bprint:               __handle_mm_fault: NUMAB MEM ACCESS process[nid:1, cpu:5, pid:2299], folio[virt:0x7fb660f4c000, phys:0x184f8f0000, pfn:0x184f8f0, nid:1, npages:1]
          cg.C.x-2285  [040]     0.613396: (+73)    bprint:               __handle_mm_fault: NUMAB MEM ACCESS process[nid:0, cpu:40, pid:2285], folio[virt:0x7fb660f2c000, phys:0x116336000, pfn:0x116336, nid:0, npages:1]
          cg.C.x-2309  [025]     0.613415: (+19)    bprint:               __handle_mm_fault: NUMAB MEM ACCESS process[nid:1, cpu:25, pid:2309], folio[virt:0x7fb660f63000, phys:0x184e9a5000, pfn:0x184e9a5, nid:1, npages:1]
          cg.C.x-2323  [053]     0.613427: (+12)    bprint:               __handle_mm_fault: NUMAB MEM ACCESS process[nid:1, cpu:53, pid:2323], folio[virt:0x7fb660f83000, phys:0x1853731000, pfn:0x1853731, nid:1, npages:1]
          cg.C.x-2316  [039]     0.613454: (+27)    bprint:               __handle_mm_fault: NUMAB MEM ACCESS process[nid:1, cpu:39, pid:2316], folio[virt:0x7fb660f73000, phys:0x1861c5c000, pfn:0x1861c5c, nid:1, npages:1]
          cg.C.x-2271  [012]     0.613462: (+8)     bprint:               __handle_mm_fault: NUMAB MEM ACCESS process[nid:0, cpu:12, pid:2271], folio[virt:0x7fb660f0c000, phys:0x184e85000, pfn:0x184e85, nid:0, npages:1]
          cg.C.x-2292  [054]     0.613485: (+23)    bprint:               __handle_mm_fault: NUMAB MEM ACCESS process[nid:0, cpu:54, pid:2292], folio[virt:0x7fb660f3c000, phys:0x1831ea000, pfn:0x1831ea, nid:0, npages:1]
          cg.C.x-2278  [026]     0.613526: (+41)    bprint:               __handle_mm_fault: NUMAB MEM ACCESS process[nid:0, cpu:26, pid:2278], folio[virt:0x7fb660f1c000, phys:0x1538e6000, pfn:0x1538e6, nid:0, npages:1]
          cg.C.x-2328  [063]     0.614170: (+644)   bprint:               __handle_mm_fault: NUMAB MEM ACCESS process[nid:1, cpu:63, pid:2328], folio[virt:0x7fb660f8f000, phys:0x1853647000, pfn:0x1853647, nid:1, npages:1]
          cg.C.x-2292  [054]     0.616119: (+1949)  sched_waking:         comm=tmux: server pid=2059 prio=120 target_cpu=054
          cg.C.x-2292  [054]     0.616127: (+8)     sched_wakeup:         tmux: server:2059 [120] CPU:054
          cg.C.x-2292  [054]     0.616130: (+3)     sched_switch:         cg.C.x:2292 [120] R ==> tmux: server:2059 [120]
    tmux: server-2059  [054]     0.616157: (+27)    sched_switch:         tmux: server:2059 [120] S ==> cg.C.x:2292 [120]
          cg.C.x-2292  [054]     0.618203: (+2046)  sched_waking:         comm=tmux: server pid=2059 prio=120 target_cpu=054
          cg.C.x-2292  [054]     0.618208: (+5)     sched_wakeup:         tmux: server:2059 [120] CPU:054
          cg.C.x-2292  [054]     0.618211: (+3)     sched_switch:         cg.C.x:2292 [120] R ==> tmux: server:2059 [120]
    tmux: server-2059  [054]     0.618248: (+37)    sched_switch:         tmux: server:2059 [120] S ==> cg.C.x:2292 [120]
          cg.C.x-2307  [021]     0.681845: (+63597) sched_waking:         comm=kworker/21:2 pid=1566 prio=120 target_cpu=021
          cg.C.x-2307  [021]     0.681853: (+8)     sched_wakeup:         kworker/21:2:1566 [120] CPU:021
          cg.C.x-2307  [021]     0.685852: (+3999)  sched_switch:         cg.C.x:2307 [120] R ==> kworker/21:2:1566 [120]
    kworker/21:2-1566  [021]     0.685922: (+70)    sched_switch:         kworker/21:2:1566 [120] I ==> cg.C.x:2307 [120]
          cg.C.x-2265  [000]     0.708737: (+22815) bprint:               __handle_mm_fault: NUMAB MEM ACCESS process[nid:0, cpu:0, pid:2265], folio[virt:0x7fb6614c8e60, phys:0x1853557000, pfn:0x1853557, nid:1, npages:1]
          cg.C.x-2265  [000]     0.708740: (+3)     bprint:               __handle_mm_fault: NUMAB TRY MEM MIGR process[nid:0, cpu:0, pid:2265], folio[virt:0x7fb6614c8e60, phys:0x1853557000, nid:1], target_nid:0
          cg.C.x-2265  [000]     0.708758: (+18)    bprint:               __handle_mm_fault: NUMAB COMPLETED MEM MIGR process[nid:0, cpu:0, pid:2265], old[phys:0x1853557000, nid:1, npages:1], new[phys:0x124f32000, nid:0, npages:1]
          cg.C.x-2265  [000]     0.708762: (+4)     bprint:               __handle_mm_fault: NUMAB MEM ACCESS process[nid:0, cpu:0, pid:2265], folio[virt:0x7fb6614c95b0, phys:0x186299c000, pfn:0x186299c, nid:1, npages:1]
          cg.C.x-2265  [000]     0.708762: (+0)     bprint:               __handle_mm_fault: NUMAB TRY MEM MIGR process[nid:0, cpu:0, pid:2265], folio[virt:0x7fb6614c95b0, phys:0x186299c000, nid:1], target_nid:0
          cg.C.x-2265  [000]     0.708766: (+4)     bprint:               __handle_mm_fault: NUMAB COMPLETED MEM MIGR process[nid:0, cpu:0, pid:2265], old[phys:0x186299c000, nid:1, npages:1], new[phys:0x124f33000, nid:0, npages:1]
          cg.C.x-2265  [000]     0.708770: (+4)     bprint:               __handle_mm_fault: NUMAB MEM ACCESS process[nid:0, cpu:0, pid:2265], folio[virt:0x7fb6611aba30, phys:0x185355b000, pfn:0x185355b, nid:1, npages:1]
          cg.C.x-2265  [000]     0.708771: (+1)     bprint:               __handle_mm_fault: NUMAB TRY MEM MIGR process[nid:0, cpu:0, pid:2265], folio[virt:0x7fb6611aba30, phys:0x185355b000, nid:1], target_nid:0
          cg.C.x-2265  [000]     0.708775: (+4)     bprint:               __handle_mm_fault: NUMAB COMPLETED MEM MIGR process[nid:0, cpu:0, pid:2265], old[phys:0x185355b000, nid:1, npages:1], new[phys:0x210c42000, nid:0, npages:1]
          cg.C.x-2265  [000]     0.708778: (+3)     bprint:               __handle_mm_fault: NUMAB MEM ACCESS process[nid:0, cpu:0, pid:2265], folio[virt:0x7fb6611b15d8, phys:0x1853559000, pfn:0x1853559, nid:1, npages:1]
          cg.C.x-2265  [000]     0.708778: (+0)     bprint:               __handle_mm_fault: NUMAB TRY MEM MIGR process[nid:0, cpu:0, pid:2265], folio[virt:0x7fb6611b15d8, phys:0x1853559000, nid:1], target_nid:0
          cg.C.x-2265  [000]     0.708782: (+4)     bprint:               __handle_mm_fault: NUMAB COMPLETED MEM MIGR process[nid:0, cpu:0, pid:2265], old[phys:0x1853559000, nid:1, npages:1], new[phys:0x210c43000, nid:0, npages:1]
          cg.C.x-2265  [000]     0.708789: (+7)     bprint:               __handle_mm_fault: NUMAB MEM ACCESS process[nid:0, cpu:0, pid:2265], folio[virt:0x7fb6611a9000, phys:0x18625df000, pfn:0x18625df, nid:1, npages:1]
          cg.C.x-2265  [000]     0.708790: (+1)     bprint:               __handle_mm_fault: NUMAB TRY MEM MIGR process[nid:0, cpu:0, pid:2265], folio[virt:0x7fb6611a9000, phys:0x18625df000, nid:1], target_nid:0
          cg.C.x-2265  [000]     0.708798: (+8)     bprint:               __handle_mm_fault: NUMAB COMPLETED MEM MIGR process[nid:0, cpu:0, pid:2265], old[phys:0x18625df000, nid:1, npages:1], new[phys:0x12509a000, nid:0, npages:1]
          cg.C.x-2265  [000]     0.708801: (+3)     bprint:               __handle_mm_fault: NUMAB MEM ACCESS process[nid:0, cpu:0, pid:2265], folio[virt:0x7fb6611b0488, phys:0x18625e2000, pfn:0x18625e2, nid:1, npages:1]
          cg.C.x-2265  [000]     0.708802: (+1)     bprint:               __handle_mm_fault: NUMAB TRY MEM MIGR process[nid:0, cpu:0, pid:2265], folio[virt:0x7fb6611b0488, phys:0x18625e2000, nid:1], target_nid:0
          cg.C.x-2265  [000]     0.708805: (+3)     bprint:               __handle_mm_fault: NUMAB COMPLETED MEM MIGR process[nid:0, cpu:0, pid:2265], old[phys:0x18625e2000, nid:1, npages:1], new[phys:0x12509b000, nid:0, npages:1]
          cg.C.x-2265  [000]     0.708810: (+5)     bprint:               __handle_mm_fault: NUMAB MEM ACCESS process[nid:0, cpu:0, pid:2265], folio[virt:0x7fb6611aa4e8, phys:0x185715f000, pfn:0x185715f, nid:1, npages:1]
          cg.C.x-2265  [000]     0.708811: (+1)     bprint:               __handle_mm_fault: NUMAB TRY MEM MIGR process[nid:0, cpu:0, pid:2265], folio[virt:0x7fb6611aa4e8, phys:0x185715f000, nid:1], target_nid:0
          cg.C.x-2265  [000]     0.708814: (+3)     bprint:               __handle_mm_fault: NUMAB COMPLETED MEM MIGR process[nid:0, cpu:0, pid:2265], old[phys:0x185715f000, nid:1, npages:1], new[phys:0x1543e0000, nid:0, npages:1]
          cg.C.x-2265  [000]     0.708837: (+23)    sched_waking:         comm=kworker/u129:2 pid=2055 prio=120 target_cpu=030
          cg.C.x-2265  [000]     0.708849: (+12)    sched_wakeup:         kworker/u129:2:2055 [120] CPU:030
          cg.C.x-2280  [030]     0.708857: (+8)     sched_switch:         cg.C.x:2280 [120] R ==> kworker/u129:2:2055 [120]
  kworker/u129:2-2055  [030]     0.708866: (+9)     sched_waking:         comm=tmux: server pid=2059 prio=120 target_cpu=054
  kworker/u129:2-2055  [030]     0.708872: (+6)     sched_wakeup:         tmux: server:2059 [120] CPU:054
          cg.C.x-2265  [000]     0.708876: (+4)     bprint:               __handle_mm_fault: NUMAB MEM ACCESS process[nid:0, cpu:0, pid:2265], folio[virt:0x7ffce2115f40, phys:0x184fba7000, pfn:0x184fba7, nid:1, npages:1]
          cg.C.x-2292  [054]     0.708876: (+0)     sched_switch:         cg.C.x:2292 [120] R ==> tmux: server:2059 [120]
  kworker/u129:2-2055  [030]     0.708877: (+1)     sched_switch:         kworker/u129:2:2055 [120] I ==> cg.C.x:2280 [120]
          cg.C.x-2265  [000]     0.708877: (+0)     bprint:               __handle_mm_fault: NUMAB TRY MEM MIGR process[nid:0, cpu:0, pid:2265], folio[virt:0x7ffce2115f40, phys:0x184fba7000, nid:1], target_nid:0
          cg.C.x-2265  [000]     0.708881: (+4)     bprint:               __handle_mm_fault: NUMAB COMPLETED MEM MIGR process[nid:0, cpu:0, pid:2265], old[phys:0x184fba7000, nid:1, npages:1], new[phys:0x1b25ba000, nid:0, npages:1]
          cg.C.x-2265  [000]     0.708886: (+5)     bprint:               __handle_mm_fault: NUMAB MEM ACCESS process[nid:0, cpu:0, pid:2265], folio[virt:0x7ffce2114de8, phys:0x1560e4000, pfn:0x1560e4, nid:0, npages:1]
          cg.C.x-2265  [000]     0.708891: (+5)     bprint:               __handle_mm_fault: NUMAB MEM ACCESS process[nid:0, cpu:0, pid:2265], folio[virt:0x7fb660fd628c, phys:0x1857166000, pfn:0x1857166, nid:1, npages:1]
