          cg.C.x-2509  [000]     0.007108: (+4)     sched_migrate_task:   comm=cg.C.x pid=2559 prio=120 orig_cpu=0 dest_cpu=37
          cg.C.x-2509  [000]     0.007113: (+5)     sched_wake_idle_without_ipi: cpu=37
          cg.C.x-2509  [000]     0.007117: (+4)     bprint:               __handle_mm_fault: NUMAB MEM ACCESS process[nid:0, cpu:0, pid:2509], folio[virt:0x55f627e6f4ac, phys:0x16252c000, pfn:0x16252c, nid:0, npages:1]
          <idle>-0     [037]     0.007118: (+1)     sched_switch:         swapper/37:0 [120] R ==> cg.C.x:2559 [120]
          cg.C.x-2509  [000]     0.007120: (+2)     bprint:               __handle_mm_fault: NUMAB MEM ACCESS process[nid:0, cpu:0, pid:2509], folio[virt:0x55f627e724c8, phys:0x131405000, pfn:0x131405, nid:0, npages:1]
          cg.C.x-2509  [000]     0.007145: (+25)    sched_process_fork:   comm=cg.C.x pid=2509 child_comm=cg.C.x child_pid=2560
          cg.C.x-2559  [037]     0.007146: (+1)     bprint:               __handle_mm_fault: NUMAB MEM ACCESS process[nid:1, cpu:37, pid:2559], folio[virt:0x55f627e73150, phys:0x131404000, pfn:0x131404, nid:0, npages:1]
          cg.C.x-2509  [000]     0.007147: (+1)     sched_wakeup_new:     cg.C.x:2560 [120] CPU:000
          cg.C.x-2559  [037]     0.007147: (+0)     bprint:               __handle_mm_fault: NUMAB TRY MEM MIGR process[nid:1, cpu:37, pid:2559], folio[virt:0x55f627e73150, phys:0x131404000, nid:0], target_nid:1
          cg.C.x-2509  [000]     0.007150: (+3)     sched_migrate_task:   comm=cg.C.x pid=2560 prio=120 orig_cpu=0 dest_cpu=39
          cg.C.x-2559  [037]     0.007154: (+4)     bprint:               __handle_mm_fault: NUMAB COMPLETED MEM MIGR process[nid:1, cpu:37, pid:2559], old[phys:0x131404000, nid:0, npages:1], new[phys:0x186b022000, nid:1, npages:1]
          cg.C.x-2509  [000]     0.007156: (+2)     sched_wake_idle_without_ipi: cpu=39
          <idle>-0     [039]     0.007164: (+8)     sched_switch:         swapper/39:0 [120] R ==> cg.C.x:2560 [120]
          cg.C.x-2509  [000]     0.007190: (+26)    sched_process_fork:   comm=cg.C.x pid=2509 child_comm=cg.C.x child_pid=2561
          cg.C.x-2509  [000]     0.007192: (+2)     sched_wakeup_new:     cg.C.x:2561 [120] CPU:000
          cg.C.x-2509  [000]     0.007195: (+3)     sched_migrate_task:   comm=cg.C.x pid=2561 prio=120 orig_cpu=0 dest_cpu=41
          cg.C.x-2509  [000]     0.007201: (+6)     sched_wake_idle_without_ipi: cpu=41
          <idle>-0     [041]     0.007208: (+7)     sched_switch:         swapper/41:0 [120] R ==> cg.C.x:2561 [120]
          cg.C.x-2509  [000]     0.007265: (+57)    sched_process_fork:   comm=cg.C.x pid=2509 child_comm=cg.C.x child_pid=2562
          cg.C.x-2509  [000]     0.007267: (+2)     sched_wakeup_new:     cg.C.x:2562 [120] CPU:000
          cg.C.x-2509  [000]     0.007270: (+3)     sched_migrate_task:   comm=cg.C.x pid=2562 prio=120 orig_cpu=0 dest_cpu=43
          cg.C.x-2509  [000]     0.007275: (+5)     sched_wake_idle_without_ipi: cpu=43
          <idle>-0     [043]     0.007282: (+7)     sched_switch:         swapper/43:0 [120] R ==> cg.C.x:2562 [120]
          cg.C.x-2509  [000]     0.007302: (+20)    sched_process_fork:   comm=cg.C.x pid=2509 child_comm=cg.C.x child_pid=2563
          cg.C.x-2509  [000]     0.007304: (+2)     sched_wakeup_new:     cg.C.x:2563 [120] CPU:000
          cg.C.x-2509  [000]     0.007307: (+3)     sched_migrate_task:   comm=cg.C.x pid=2563 prio=120 orig_cpu=0 dest_cpu=45
          cg.C.x-2509  [000]     0.007312: (+5)     sched_wake_idle_without_ipi: cpu=45
          <idle>-0     [045]     0.007318: (+6)     sched_switch:         swapper/45:0 [120] R ==> cg.C.x:2563 [120]
          cg.C.x-2509  [000]     0.007346: (+28)    sched_process_fork:   comm=cg.C.x pid=2509 child_comm=cg.C.x child_pid=2564
          cg.C.x-2509  [000]     0.007348: (+2)     sched_wakeup_new:     cg.C.x:2564 [120] CPU:000
          cg.C.x-2509  [000]     0.007351: (+3)     sched_migrate_task:   comm=cg.C.x pid=2564 prio=120 orig_cpu=0 dest_cpu=47
          cg.C.x-2509  [000]     0.007357: (+6)     sched_wake_idle_without_ipi: cpu=47
          <idle>-0     [047]     0.007363: (+6)     sched_switch:         swapper/47:0 [120] R ==> cg.C.x:2564 [120]
          cg.C.x-2509  [000]     0.007385: (+22)    sched_process_fork:   comm=cg.C.x pid=2509 child_comm=cg.C.x child_pid=2565
          cg.C.x-2509  [000]     0.007387: (+2)     sched_wakeup_new:     cg.C.x:2565 [120] CPU:000
          cg.C.x-2509  [000]     0.007390: (+3)     sched_migrate_task:   comm=cg.C.x pid=2565 prio=120 orig_cpu=0 dest_cpu=49
          cg.C.x-2509  [000]     0.007396: (+6)     sched_wake_idle_without_ipi: cpu=49
          <idle>-0     [049]     0.007402: (+6)     sched_switch:         swapper/49:0 [120] R ==> cg.C.x:2565 [120]
          cg.C.x-2509  [000]     0.007421: (+19)    sched_process_fork:   comm=cg.C.x pid=2509 child_comm=cg.C.x child_pid=2566
          cg.C.x-2509  [000]     0.007423: (+2)     sched_wakeup_new:     cg.C.x:2566 [120] CPU:000
          cg.C.x-2509  [000]     0.007426: (+3)     sched_migrate_task:   comm=cg.C.x pid=2566 prio=120 orig_cpu=0 dest_cpu=51
          cg.C.x-2509  [000]     0.007431: (+5)     sched_wake_idle_without_ipi: cpu=51
          <idle>-0     [051]     0.007438: (+7)     sched_switch:         swapper/51:0 [120] R ==> cg.C.x:2566 [120]
          cg.C.x-2509  [000]     0.007464: (+26)    sched_process_fork:   comm=cg.C.x pid=2509 child_comm=cg.C.x child_pid=2567
          cg.C.x-2509  [000]     0.007466: (+2)     sched_wakeup_new:     cg.C.x:2567 [120] CPU:000
          cg.C.x-2509  [000]     0.007469: (+3)     sched_migrate_task:   comm=cg.C.x pid=2567 prio=120 orig_cpu=0 dest_cpu=53
          cg.C.x-2509  [000]     0.007474: (+5)     sched_wake_idle_without_ipi: cpu=53
          <idle>-0     [053]     0.007480: (+6)     sched_switch:         swapper/53:0 [120] R ==> cg.C.x:2567 [120]
          cg.C.x-2509  [000]     0.007501: (+21)    sched_process_fork:   comm=cg.C.x pid=2509 child_comm=cg.C.x child_pid=2568
          cg.C.x-2509  [000]     0.007503: (+2)     sched_wakeup_new:     cg.C.x:2568 [120] CPU:000
          cg.C.x-2509  [000]     0.007507: (+4)     sched_migrate_task:   comm=cg.C.x pid=2568 prio=120 orig_cpu=0 dest_cpu=55
          cg.C.x-2509  [000]     0.007512: (+5)     sched_wake_idle_without_ipi: cpu=55
          <idle>-0     [055]     0.007519: (+7)     sched_switch:         swapper/55:0 [120] R ==> cg.C.x:2568 [120]
          cg.C.x-2509  [000]     0.007538: (+19)    sched_process_fork:   comm=cg.C.x pid=2509 child_comm=cg.C.x child_pid=2569
          cg.C.x-2509  [000]     0.007540: (+2)     sched_wakeup_new:     cg.C.x:2569 [120] CPU:000
          cg.C.x-2509  [000]     0.007543: (+3)     sched_migrate_task:   comm=cg.C.x pid=2569 prio=120 orig_cpu=0 dest_cpu=57
          cg.C.x-2509  [000]     0.007550: (+7)     sched_wake_idle_without_ipi: cpu=57
          <idle>-0     [057]     0.007556: (+6)     sched_switch:         swapper/57:0 [120] R ==> cg.C.x:2569 [120]
          cg.C.x-2509  [000]     0.007584: (+28)    sched_process_fork:   comm=cg.C.x pid=2509 child_comm=cg.C.x child_pid=2570
          cg.C.x-2509  [000]     0.007586: (+2)     sched_wakeup_new:     cg.C.x:2570 [120] CPU:000
          cg.C.x-2509  [000]     0.007590: (+4)     sched_migrate_task:   comm=cg.C.x pid=2570 prio=120 orig_cpu=0 dest_cpu=59
          cg.C.x-2509  [000]     0.007596: (+6)     sched_wake_idle_without_ipi: cpu=59
          <idle>-0     [059]     0.007602: (+6)     sched_switch:         swapper/59:0 [120] R ==> cg.C.x:2570 [120]
          cg.C.x-2509  [000]     0.007621: (+19)    sched_process_fork:   comm=cg.C.x pid=2509 child_comm=cg.C.x child_pid=2571
          cg.C.x-2509  [000]     0.007623: (+2)     sched_wakeup_new:     cg.C.x:2571 [120] CPU:000
          cg.C.x-2509  [000]     0.007627: (+4)     sched_migrate_task:   comm=cg.C.x pid=2571 prio=120 orig_cpu=0 dest_cpu=61
          cg.C.x-2509  [000]     0.007633: (+6)     sched_wake_idle_without_ipi: cpu=61
          <idle>-0     [061]     0.007640: (+7)     sched_switch:         swapper/61:0 [120] R ==> cg.C.x:2571 [120]
          cg.C.x-2509  [000]     0.007663: (+23)    sched_process_fork:   comm=cg.C.x pid=2509 child_comm=cg.C.x child_pid=2572
          cg.C.x-2509  [000]     0.007665: (+2)     sched_wakeup_new:     cg.C.x:2572 [120] CPU:000
          cg.C.x-2509  [000]     0.007669: (+4)     sched_migrate_task:   comm=cg.C.x pid=2572 prio=120 orig_cpu=0 dest_cpu=63
          cg.C.x-2509  [000]     0.007674: (+5)     sched_wake_idle_without_ipi: cpu=63
          <idle>-0     [063]     0.007681: (+7)     sched_switch:         swapper/63:0 [120] R ==> cg.C.x:2572 [120]
          cg.C.x-2543  [005]     0.007716: (+35)    bprint:               __handle_mm_fault: NUMAB MEM ACCESS process[nid:1, cpu:5, pid:2543], folio[virt:0x7fe23d200220, phys:0x14655c000, pfn:0x14655c, nid:0, npages:1]
          cg.C.x-2546  [011]     0.007716: (+0)     bprint:               __handle_mm_fault: NUMAB MEM ACCESS process[nid:1, cpu:11, pid:2546], folio[virt:0x7fe23b400220, phys:0x14655f000, pfn:0x14655f, nid:0, npages:1]
          cg.C.x-2543  [005]     0.007717: (+1)     bprint:               __handle_mm_fault: NUMAB TRY MEM MIGR process[nid:1, cpu:5, pid:2543], folio[virt:0x7fe23d200220, phys:0x14655c000, nid:0], target_nid:1
          cg.C.x-2568  [055]     0.007717: (+0)     bprint:               __handle_mm_fault: NUMAB MEM ACCESS process[nid:1, cpu:55, pid:2568], folio[virt:0x55f626a91360, phys:0x1339d5000, pfn:0x1339d5, nid:0, npages:1]
          cg.C.x-2546  [011]     0.007717: (+0)     bprint:               __handle_mm_fault: NUMAB TRY MEM MIGR process[nid:1, cpu:11, pid:2546], folio[virt:0x7fe23b400220, phys:0x14655f000, nid:0], target_nid:1
          cg.C.x-2541  [001]     0.007717: (+0)     bprint:               __handle_mm_fault: NUMAB MEM ACCESS process[nid:1, cpu:1, pid:2541], folio[virt:0x7fe23e600220, phys:0x15062a000, pfn:0x15062a, nid:0, npages:1]
          cg.C.x-2552  [023]     0.007717: (+0)     bprint:               __handle_mm_fault: NUMAB MEM ACCESS process[nid:1, cpu:23, pid:2552], folio[virt:0x7fe237800220, phys:0x1220ed000, pfn:0x1220ed, nid:0, npages:1]
          cg.C.x-2550  [019]     0.007717: (+0)     bprint:               __handle_mm_fault: NUMAB MEM ACCESS process[nid:1, cpu:19, pid:2550], folio[virt:0x7fe238c00220, phys:0x141467000, pfn:0x141467, nid:0, npages:1]
          cg.C.x-2542  [003]     0.007717: (+0)     bprint:               __handle_mm_fault: NUMAB MEM ACCESS process[nid:1, cpu:3, pid:2542], folio[virt:0x7fe23dc00220, phys:0x15062b000, pfn:0x15062b, nid:0, npages:1]
          cg.C.x-2510  [002]     0.007718: (+1)     bprint:               __handle_mm_fault: NUMAB MEM ACCESS process[nid:0, cpu:2, pid:2510], folio[virt:0x7fe251c00220, phys:0x131407000, pfn:0x131407, nid:0, npages:1]
          cg.C.x-2545  [009]     0.007718: (+0)     bprint:               __handle_mm_fault: NUMAB MEM ACCESS process[nid:1, cpu:9, pid:2545], folio[virt:0x7fe23be00220, phys:0x14655e000, pfn:0x14655e, nid:0, npages:1]
          cg.C.x-2525  [032]     0.007718: (+0)     bprint:               __handle_mm_fault: NUMAB MEM ACCESS process[nid:0, cpu:32, pid:2525], folio[virt:0x7fe248600220, phys:0x121e3f000, pfn:0x121e3f, nid:0, npages:1]
          cg.C.x-2521  [024]     0.007718: (+0)     bprint:               __handle_mm_fault: NUMAB MEM ACCESS process[nid:0, cpu:24, pid:2521], folio[virt:0x7fe24ae00220, phys:0x132b67000, pfn:0x132b67, nid:0, npages:1]
          cg.C.x-2537  [056]     0.007718: (+0)     bprint:               __handle_mm_fault: NUMAB MEM ACCESS process[nid:0, cpu:56, pid:2537], folio[virt:0x7fe240e00220, phys:0x120cc5000, pfn:0x120cc5, nid:0, npages:1]
          cg.C.x-2551  [021]     0.007718: (+0)     bprint:               __handle_mm_fault: NUMAB MEM ACCESS process[nid:1, cpu:21, pid:2551], folio[virt:0x7fe238200220, phys:0x1220ec000, pfn:0x1220ec, nid:0, npages:1]
          cg.C.x-2540  [062]     0.007718: (+0)     bprint:               __handle_mm_fault: NUMAB MEM ACCESS process[nid:0, cpu:62, pid:2540], folio[virt:0x7fe23f000220, phys:0x150628000, pfn:0x150628, nid:0, npages:1]
          cg.C.x-2527  [036]     0.007718: (+0)     bprint:               __handle_mm_fault: NUMAB MEM ACCESS process[nid:0, cpu:36, pid:2527], folio[virt:0x7fe247200220, phys:0x171f5d000, pfn:0x171f5d, nid:0, npages:1]
          cg.C.x-2511  [004]     0.007718: (+0)     bprint:               __handle_mm_fault: NUMAB MEM ACCESS process[nid:0, cpu:4, pid:2511], folio[virt:0x7fe251200220, phys:0x14140c000, pfn:0x14140c, nid:0, npages:1]
          cg.C.x-2547  [013]     0.007718: (+0)     bprint:               __handle_mm_fault: NUMAB MEM ACCESS process[nid:1, cpu:13, pid:2547], folio[virt:0x7fe23aa00220, phys:0x141464000, pfn:0x141464, nid:0, npages:1]
          cg.C.x-2517  [016]     0.007718: (+0)     bprint:               __handle_mm_fault: NUMAB MEM ACCESS process[nid:0, cpu:16, pid:2517], folio[virt:0x7fe24d600220, phys:0x132b57000, pfn:0x132b57, nid:0, npages:1]
          cg.C.x-2533  [048]     0.007718: (+0)     bprint:               __handle_mm_fault: NUMAB MEM ACCESS process[nid:0, cpu:48, pid:2533], folio[virt:0x7fe243600220, phys:0x111b98000, pfn:0x111b98, nid:0, npages:1]
          cg.C.x-2534  [050]     0.007718: (+0)     bprint:               __handle_mm_fault: NUMAB MEM ACCESS process[nid:0, cpu:50, pid:2534], folio[virt:0x7fe242c00220, phys:0x111b99000, pfn:0x111b99, nid:0, npages:1]
          cg.C.x-2518  [018]     0.007718: (+0)     bprint:               __handle_mm_fault: NUMAB MEM ACCESS process[nid:0, cpu:18, pid:2518], folio[virt:0x7fe24cc00220, phys:0x132b64000, pfn:0x132b64, nid:0, npages:1]
          cg.C.x-2515  [012]     0.007718: (+0)     bprint:               __handle_mm_fault: NUMAB MEM ACCESS process[nid:0, cpu:12, pid:2515], folio[virt:0x7fe24ea00220, phys:0x132b54000, pfn:0x132b54, nid:0, npages:1]
          cg.C.x-2531  [044]     0.007718: (+0)     bprint:               __handle_mm_fault: NUMAB MEM ACCESS process[nid:0, cpu:44, pid:2531], folio[virt:0x7fe244a00220, phys:0x150056000, pfn:0x150056, nid:0, npages:1]
          cg.C.x-2541  [001]     0.007718: (+0)     bprint:               __handle_mm_fault: NUMAB TRY MEM MIGR process[nid:1, cpu:1, pid:2541], folio[virt:0x7fe23e600220, phys:0x15062a000, nid:0], target_nid:1
          cg.C.x-2535  [052]     0.007718: (+0)     bprint:               __handle_mm_fault: NUMAB MEM ACCESS process[nid:0, cpu:52, pid:2535], folio[virt:0x7fe242200220, phys:0x111b9b000, pfn:0x111b9b, nid:0, npages:1]
          cg.C.x-2519  [020]     0.007718: (+0)     bprint:               __handle_mm_fault: NUMAB MEM ACCESS process[nid:0, cpu:20, pid:2519], folio[virt:0x7fe24c200220, phys:0x132b65000, pfn:0x132b65, nid:0, npages:1]
          cg.C.x-2522  [026]     0.007718: (+0)     bprint:               __handle_mm_fault: NUMAB MEM ACCESS process[nid:0, cpu:26, pid:2522], folio[virt:0x7fe24a400220, phys:0x121e3c000, pfn:0x121e3c, nid:0, npages:1]
          cg.C.x-2538  [058]     0.007718: (+0)     bprint:               __handle_mm_fault: NUMAB MEM ACCESS process[nid:0, cpu:58, pid:2538], folio[virt:0x7fe240400220, phys:0x120cc6000, pfn:0x120cc6, nid:0, npages:1]
          cg.C.x-2548  [015]     0.007718: (+0)     bprint:               __handle_mm_fault: NUMAB MEM ACCESS process[nid:1, cpu:15, pid:2548], folio[virt:0x7fe23a000220, phys:0x141465000, pfn:0x141465, nid:0, npages:1]
          cg.C.x-2553  [025]     0.007718: (+0)     bprint:               __handle_mm_fault: NUMAB MEM ACCESS process[nid:1, cpu:25, pid:2553], folio[virt:0x7fe236e00220, phys:0x1220ee000, pfn:0x1220ee, nid:0, npages:1]
          cg.C.x-2552  [023]     0.007718: (+0)     bprint:               __handle_mm_fault: NUMAB TRY MEM MIGR process[nid:1, cpu:23, pid:2552], folio[virt:0x7fe237800220, phys:0x1220ed000, nid:0], target_nid:1
          cg.C.x-2542  [003]     0.007718: (+0)     bprint:               __handle_mm_fault: NUMAB TRY MEM MIGR process[nid:1, cpu:3, pid:2542], folio[virt:0x7fe23dc00220, phys:0x15062b000, nid:0], target_nid:1
          cg.C.x-2549  [017]     0.007718: (+0)     bprint:               __handle_mm_fault: NUMAB MEM ACCESS process[nid:1, cpu:17, pid:2549], folio[virt:0x7fe239600220, phys:0x141466000, pfn:0x141466, nid:0, npages:1]
          cg.C.x-2545  [009]     0.007718: (+0)     bprint:               __handle_mm_fault: NUMAB TRY MEM MIGR process[nid:1, cpu:9, pid:2545], folio[virt:0x7fe23be00220, phys:0x14655e000, nid:0], target_nid:1
          cg.C.x-2550  [019]     0.007719: (+1)     bprint:               __handle_mm_fault: NUMAB TRY MEM MIGR process[nid:1, cpu:19, pid:2550], folio[virt:0x7fe238c00220, phys:0x141467000, nid:0], target_nid:1
          cg.C.x-2512  [006]     0.007719: (+0)     bprint:               __handle_mm_fault: NUMAB MEM ACCESS process[nid:0, cpu:6, pid:2512], folio[virt:0x7fe250800220, phys:0x14140d000, pfn:0x14140d, nid:0, npages:1]
          cg.C.x-2528  [038]     0.007719: (+0)     bprint:               __handle_mm_fault: NUMAB MEM ACCESS process[nid:0, cpu:38, pid:2528], folio[virt:0x7fe246800220, phys:0x171f5e000, pfn:0x171f5e, nid:0, npages:1]
          cg.C.x-2547  [013]     0.007719: (+0)     bprint:               __handle_mm_fault: NUMAB TRY MEM MIGR process[nid:1, cpu:13, pid:2547], folio[virt:0x7fe23aa00220, phys:0x141464000, nid:0], target_nid:1
          cg.C.x-2526  [034]     0.007719: (+0)     bprint:               __handle_mm_fault: NUMAB MEM ACCESS process[nid:0, cpu:34, pid:2526], folio[virt:0x7fe247c00220, phys:0x171f5c000, pfn:0x171f5c, nid:0, npages:1]
          cg.C.x-2536  [054]     0.007719: (+0)     bprint:               __handle_mm_fault: NUMAB MEM ACCESS process[nid:0, cpu:54, pid:2536], folio[virt:0x7fe241800220, phys:0x120cc4000, pfn:0x120cc4, nid:0, npages:1]
          cg.C.x-2520  [022]     0.007719: (+0)     bprint:               __handle_mm_fault: NUMAB MEM ACCESS process[nid:0, cpu:22, pid:2520], folio[virt:0x7fe24b800220, phys:0x132b66000, pfn:0x132b66, nid:0, npages:1]
          cg.C.x-2524  [030]     0.007719: (+0)     bprint:               __handle_mm_fault: NUMAB MEM ACCESS process[nid:0, cpu:30, pid:2524], folio[virt:0x7fe249000220, phys:0x121e3e000, pfn:0x121e3e, nid:0, npages:1]
          cg.C.x-2529  [040]     0.007719: (+0)     bprint:               __handle_mm_fault: NUMAB MEM ACCESS process[nid:0, cpu:40, pid:2529], folio[virt:0x7fe245e00220, phys:0x150054000, pfn:0x150054, nid:0, npages:1]
          cg.C.x-2513  [008]     0.007719: (+0)     bprint:               __handle_mm_fault: NUMAB MEM ACCESS process[nid:0, cpu:8, pid:2513], folio[virt:0x7fe24fe00220, phys:0x14140e000, pfn:0x14140e, nid:0, npages:1]
          cg.C.x-2523  [028]     0.007719: (+0)     bprint:               __handle_mm_fault: NUMAB MEM ACCESS process[nid:0, cpu:28, pid:2523], folio[virt:0x7fe249a00220, phys:0x121e3d000, pfn:0x121e3d, nid:0, npages:1]
          cg.C.x-2539  [060]     0.007719: (+0)     bprint:               __handle_mm_fault: NUMAB MEM ACCESS process[nid:0, cpu:60, pid:2539], folio[virt:0x7fe23fa00220, phys:0x120cc7000, pfn:0x120cc7, nid:0, npages:1]
          cg.C.x-2568  [055]     0.007719: (+0)     bprint:               __handle_mm_fault: NUMAB TRY MEM MIGR process[nid:1, cpu:55, pid:2568], folio[virt:0x55f626a91360, phys:0x1339d5000, nid:0], target_nid:1
          cg.C.x-2551  [021]     0.007719: (+0)     bprint:               __handle_mm_fault: NUMAB TRY MEM MIGR process[nid:1, cpu:21, pid:2551], folio[virt:0x7fe238200220, phys:0x1220ec000, nid:0], target_nid:1
          cg.C.x-2532  [046]     0.007719: (+0)     bprint:               __handle_mm_fault: NUMAB MEM ACCESS process[nid:0, cpu:46, pid:2532], folio[virt:0x7fe244000220, phys:0x150057000, pfn:0x150057, nid:0, npages:1]
          cg.C.x-2516  [014]     0.007719: (+0)     bprint:               __handle_mm_fault: NUMAB MEM ACCESS process[nid:0, cpu:14, pid:2516], folio[virt:0x7fe24e000220, phys:0x132b56000, pfn:0x132b56, nid:0, npages:1]
          cg.C.x-2530  [042]     0.007719: (+0)     bprint:               __handle_mm_fault: NUMAB MEM ACCESS process[nid:0, cpu:42, pid:2530], folio[virt:0x7fe245400220, phys:0x150055000, pfn:0x150055, nid:0, npages:1]
          cg.C.x-2514  [010]     0.007719: (+0)     bprint:               __handle_mm_fault: NUMAB MEM ACCESS process[nid:0, cpu:10, pid:2514], folio[virt:0x7fe24f400220, phys:0x14140f000, pfn:0x14140f, nid:0, npages:1]
          cg.C.x-2559  [037]     0.007719: (+0)     bprint:               __handle_mm_fault: NUMAB MEM ACCESS process[nid:1, cpu:37, pid:2559], folio[virt:0x55f626a91360, phys:0x1339d5000, pfn:0x1339d5, nid:0, npages:1]
          cg.C.x-2553  [025]     0.007719: (+0)     bprint:               __handle_mm_fault: NUMAB TRY MEM MIGR process[nid:1, cpu:25, pid:2553], folio[virt:0x7fe236e00220, phys:0x1220ee000, nid:0], target_nid:1
          cg.C.x-2548  [015]     0.007720: (+1)     bprint:               __handle_mm_fault: NUMAB TRY MEM MIGR process[nid:1, cpu:15, pid:2548], folio[virt:0x7fe23a000220, phys:0x141465000, nid:0], target_nid:1
          cg.C.x-2549  [017]     0.007720: (+0)     bprint:               __handle_mm_fault: NUMAB TRY MEM MIGR process[nid:1, cpu:17, pid:2549], folio[virt:0x7fe239600220, phys:0x141466000, nid:0], target_nid:1
          cg.C.x-2559  [037]     0.007720: (+0)     bprint:               __handle_mm_fault: NUMAB TRY MEM MIGR process[nid:1, cpu:37, pid:2559], folio[virt:0x55f626a91360, phys:0x1339d5000, nid:0], target_nid:1
          cg.C.x-2559  [037]     0.007721: (+1)     bprint:               migrate_misplaced_folio: NUMAB pid:2559 ABORTING MEM MIGR because !isolated
          cg.C.x-2562  [043]     0.007721: (+0)     bprint:               __handle_mm_fault: NUMAB MEM ACCESS process[nid:1, cpu:43, pid:2562], folio[virt:0x55f626a91360, phys:0x1339d5000, pfn:0x1339d5, nid:0, npages:1]
          cg.C.x-2562  [043]     0.007722: (+1)     bprint:               __handle_mm_fault: NUMAB TRY MEM MIGR process[nid:1, cpu:43, pid:2562], folio[virt:0x55f626a91360, phys:0x1339d5000, nid:0], target_nid:1
          cg.C.x-2562  [043]     0.007723: (+1)     bprint:               migrate_misplaced_folio: NUMAB pid:2562 ABORTING MEM MIGR because !isolated
          cg.C.x-2564  [047]     0.007723: (+0)     bprint:               __handle_mm_fault: NUMAB MEM ACCESS process[nid:1, cpu:47, pid:2564], folio[virt:0x55f626a91360, phys:0x1339d5000, pfn:0x1339d5, nid:0, npages:1]
          cg.C.x-2542  [003]     0.007725: (+2)     bprint:               __handle_mm_fault: NUMAB COMPLETED MEM MIGR process[nid:1, cpu:3, pid:2542], old[phys:0x15062b000, nid:0, npages:1], new[phys:0x303f30f000, nid:1, npages:1]
          cg.C.x-2543  [005]     0.007725: (+0)     bprint:               __handle_mm_fault: NUMAB COMPLETED MEM MIGR process[nid:1, cpu:5, pid:2543], old[phys:0x14655c000, nid:0, npages:1], new[phys:0x186b660000, nid:1, npages:1]
          cg.C.x-2564  [047]     0.007725: (+0)     bprint:               __handle_mm_fault: NUMAB TRY MEM MIGR process[nid:1, cpu:47, pid:2564], folio[virt:0x55f626a91360, phys:0x1339d5000, nid:0], target_nid:1
          cg.C.x-2564  [047]     0.007725: (+0)     bprint:               migrate_misplaced_folio: NUMAB pid:2564 ABORTING MEM MIGR because !isolated
          cg.C.x-2561  [041]     0.007725: (+0)     bprint:               __handle_mm_fault: NUMAB MEM ACCESS process[nid:1, cpu:41, pid:2561], folio[virt:0x55f626a91360, phys:0x1339d5000, pfn:0x1339d5, nid:0, npages:1]
          cg.C.x-2561  [041]     0.007727: (+2)     bprint:               __handle_mm_fault: NUMAB TRY MEM MIGR process[nid:1, cpu:41, pid:2561], folio[virt:0x55f626a91360, phys:0x1339d5000, nid:0], target_nid:1
          cg.C.x-2546  [011]     0.007727: (+0)     bprint:               __handle_mm_fault: NUMAB COMPLETED MEM MIGR process[nid:1, cpu:11, pid:2546], old[phys:0x14655f000, nid:0, npages:1], new[phys:0x185ba92000, nid:1, npages:1]
          cg.C.x-2541  [001]     0.007727: (+0)     bprint:               __handle_mm_fault: NUMAB COMPLETED MEM MIGR process[nid:1, cpu:1, pid:2541], old[phys:0x15062a000, nid:0, npages:1], new[phys:0x186b1a1000, nid:1, npages:1]
          cg.C.x-2561  [041]     0.007727: (+0)     bprint:               migrate_misplaced_folio: NUMAB pid:2561 ABORTING MEM MIGR because !isolated
          cg.C.x-2547  [013]     0.007727: (+0)     bprint:               __handle_mm_fault: NUMAB COMPLETED MEM MIGR process[nid:1, cpu:13, pid:2547], old[phys:0x141464000, nid:0, npages:1], new[phys:0x186893b000, nid:1, npages:1]
          cg.C.x-2571  [061]     0.007727: (+0)     bprint:               __handle_mm_fault: NUMAB MEM ACCESS process[nid:1, cpu:61, pid:2571], folio[virt:0x55f626a91360, phys:0x1339d5000, pfn:0x1339d5, nid:0, npages:1]
          cg.C.x-2545  [009]     0.007728: (+1)     bprint:               __handle_mm_fault: NUMAB COMPLETED MEM MIGR process[nid:1, cpu:9, pid:2545], old[phys:0x14655e000, nid:0, npages:1], new[phys:0x185c0be000, nid:1, npages:1]
          cg.C.x-2571  [061]     0.007728: (+0)     bprint:               __handle_mm_fault: NUMAB TRY MEM MIGR process[nid:1, cpu:61, pid:2571], folio[virt:0x55f626a91360, phys:0x1339d5000, nid:0], target_nid:1
          cg.C.x-2571  [061]     0.007729: (+1)     bprint:               migrate_misplaced_folio: NUMAB pid:2571 ABORTING MEM MIGR because !isolated
          cg.C.x-2552  [023]     0.007729: (+0)     bprint:               __handle_mm_fault: NUMAB COMPLETED MEM MIGR process[nid:1, cpu:23, pid:2552], old[phys:0x1220ed000, nid:0, npages:1], new[phys:0x186af8a000, nid:1, npages:1]
          cg.C.x-2551  [021]     0.007729: (+0)     bprint:               __handle_mm_fault: NUMAB COMPLETED MEM MIGR process[nid:1, cpu:21, pid:2551], old[phys:0x1220ec000, nid:0, npages:1], new[phys:0x185c535000, nid:1, npages:1]
          cg.C.x-2567  [053]     0.007729: (+0)     bprint:               __handle_mm_fault: NUMAB MEM ACCESS process[nid:1, cpu:53, pid:2567], folio[virt:0x55f626a91360, phys:0x1339d5000, pfn:0x1339d5, nid:0, npages:1]
          cg.C.x-2550  [019]     0.007730: (+1)     bprint:               __handle_mm_fault: NUMAB COMPLETED MEM MIGR process[nid:1, cpu:19, pid:2550], old[phys:0x141467000, nid:0, npages:1], new[phys:0x185708e000, nid:1, npages:1]
          cg.C.x-2553  [025]     0.007730: (+0)     bprint:               __handle_mm_fault: NUMAB COMPLETED MEM MIGR process[nid:1, cpu:25, pid:2553], old[phys:0x1220ee000, nid:0, npages:1], new[phys:0x1854b69000, nid:1, npages:1]
          cg.C.x-2548  [015]     0.007730: (+0)     bprint:               __handle_mm_fault: NUMAB COMPLETED MEM MIGR process[nid:1, cpu:15, pid:2548], old[phys:0x141465000, nid:0, npages:1], new[phys:0x185b028000, nid:1, npages:1]
          cg.C.x-2567  [053]     0.007731: (+1)     bprint:               __handle_mm_fault: NUMAB TRY MEM MIGR process[nid:1, cpu:53, pid:2567], folio[virt:0x55f626a91360, phys:0x1339d5000, nid:0], target_nid:1
          cg.C.x-2569  [057]     0.007731: (+0)     bprint:               __handle_mm_fault: NUMAB MEM ACCESS process[nid:1, cpu:57, pid:2569], folio[virt:0x55f626a91360, phys:0x1339d5000, pfn:0x1339d5, nid:0, npages:1]
          cg.C.x-2549  [017]     0.007731: (+0)     bprint:               __handle_mm_fault: NUMAB COMPLETED MEM MIGR process[nid:1, cpu:17, pid:2549], old[phys:0x141466000, nid:0, npages:1], new[phys:0x185c15e000, nid:1, npages:1]
          cg.C.x-2567  [053]     0.007731: (+0)     bprint:               migrate_misplaced_folio: NUMAB pid:2567 ABORTING MEM MIGR because !isolated
          cg.C.x-2569  [057]     0.007733: (+2)     bprint:               __handle_mm_fault: NUMAB TRY MEM MIGR process[nid:1, cpu:57, pid:2569], folio[virt:0x55f626a91360, phys:0x1339d5000, nid:0], target_nid:1
          cg.C.x-2563  [045]     0.007733: (+0)     bprint:               __handle_mm_fault: NUMAB MEM ACCESS process[nid:1, cpu:45, pid:2563], folio[virt:0x55f626a91360, phys:0x1339d5000, pfn:0x1339d5, nid:0, npages:1]
          cg.C.x-2569  [057]     0.007733: (+0)     bprint:               migrate_misplaced_folio: NUMAB pid:2569 ABORTING MEM MIGR because !isolated
          cg.C.x-2563  [045]     0.007734: (+1)     bprint:               __handle_mm_fault: NUMAB TRY MEM MIGR process[nid:1, cpu:45, pid:2563], folio[virt:0x55f626a91360, phys:0x1339d5000, nid:0], target_nid:1
          cg.C.x-2563  [045]     0.007734: (+0)     bprint:               migrate_misplaced_folio: NUMAB pid:2563 ABORTING MEM MIGR because !isolated
          cg.C.x-2565  [049]     0.007735: (+1)     bprint:               __handle_mm_fault: NUMAB MEM ACCESS process[nid:1, cpu:49, pid:2565], folio[virt:0x55f626a91360, phys:0x1339d5000, pfn:0x1339d5, nid:0, npages:1]
          cg.C.x-2565  [049]     0.007736: (+1)     bprint:               __handle_mm_fault: NUMAB TRY MEM MIGR process[nid:1, cpu:49, pid:2565], folio[virt:0x55f626a91360, phys:0x1339d5000, nid:0], target_nid:1
          cg.C.x-2565  [049]     0.007737: (+1)     bprint:               migrate_misplaced_folio: NUMAB pid:2565 ABORTING MEM MIGR because !isolated
          cg.C.x-2558  [035]     0.007737: (+0)     bprint:               __handle_mm_fault: NUMAB MEM ACCESS process[nid:1, cpu:35, pid:2558], folio[virt:0x55f626a91360, phys:0x1339d5000, pfn:0x1339d5, nid:0, npages:1]
          cg.C.x-2558  [035]     0.007738: (+1)     bprint:               __handle_mm_fault: NUMAB TRY MEM MIGR process[nid:1, cpu:35, pid:2558], folio[virt:0x55f626a91360, phys:0x1339d5000, nid:0], target_nid:1
          cg.C.x-2555  [029]     0.007738: (+0)     bprint:               __handle_mm_fault: NUMAB MEM ACCESS process[nid:1, cpu:29, pid:2555], folio[virt:0x55f626a91360, phys:0x1339d5000, pfn:0x1339d5, nid:0, npages:1]
          cg.C.x-2558  [035]     0.007738: (+0)     bprint:               migrate_misplaced_folio: NUMAB pid:2558 ABORTING MEM MIGR because !isolated
          cg.C.x-2555  [029]     0.007739: (+1)     bprint:               __handle_mm_fault: NUMAB TRY MEM MIGR process[nid:1, cpu:29, pid:2555], folio[virt:0x55f626a91360, phys:0x1339d5000, nid:0], target_nid:1
          cg.C.x-2555  [029]     0.007739: (+0)     bprint:               migrate_misplaced_folio: NUMAB pid:2555 ABORTING MEM MIGR because !isolated
          cg.C.x-2570  [059]     0.007739: (+0)     bprint:               __handle_mm_fault: NUMAB MEM ACCESS process[nid:1, cpu:59, pid:2570], folio[virt:0x55f626a91360, phys:0x1339d5000, pfn:0x1339d5, nid:0, npages:1]
          cg.C.x-2570  [059]     0.007740: (+1)     bprint:               __handle_mm_fault: NUMAB TRY MEM MIGR process[nid:1, cpu:59, pid:2570], folio[virt:0x55f626a91360, phys:0x1339d5000, nid:0], target_nid:1
          cg.C.x-2544  [007]     0.007741: (+1)     bprint:               __handle_mm_fault: NUMAB MEM ACCESS process[nid:1, cpu:7, pid:2544], folio[virt:0x55f626a91360, phys:0x1339d5000, pfn:0x1339d5, nid:0, npages:1]
          cg.C.x-2570  [059]     0.007741: (+0)     bprint:               migrate_misplaced_folio: NUMAB pid:2570 ABORTING MEM MIGR because !isolated
          cg.C.x-2544  [007]     0.007742: (+1)     bprint:               __handle_mm_fault: NUMAB TRY MEM MIGR process[nid:1, cpu:7, pid:2544], folio[virt:0x55f626a91360, phys:0x1339d5000, nid:0], target_nid:1
          cg.C.x-2509  [000]     0.007742: (+0)     bprint:               __handle_mm_fault: NUMAB MEM ACCESS process[nid:0, cpu:0, pid:2509], folio[virt:0x55f626a91360, phys:0x1339d5000, pfn:0x1339d5, nid:0, npages:1]
          cg.C.x-2544  [007]     0.007742: (+0)     bprint:               migrate_misplaced_folio: NUMAB pid:2544 ABORTING MEM MIGR because !isolated
          cg.C.x-2554  [027]     0.007764: (+22)    bprint:               __handle_mm_fault: NUMAB MEM ACCESS process[nid:1, cpu:27, pid:2554], folio[virt:0x55f626a90078, phys:0x1626a9000, pfn:0x1626a9, nid:0, npages:1]
          cg.C.x-2554  [027]     0.007765: (+1)     bprint:               __handle_mm_fault: NUMAB TRY MEM MIGR process[nid:1, cpu:27, pid:2554], folio[virt:0x55f626a90078, phys:0x1626a9000, nid:0], target_nid:1
          cg.C.x-2566  [051]     0.007766: (+1)     bprint:               __handle_mm_fault: NUMAB MEM ACCESS process[nid:1, cpu:51, pid:2566], folio[virt:0x55f626a90078, phys:0x1626a9000, pfn:0x1626a9, nid:0, npages:1]
          cg.C.x-2566  [051]     0.007767: (+1)     bprint:               __handle_mm_fault: NUMAB TRY MEM MIGR process[nid:1, cpu:51, pid:2566], folio[virt:0x55f626a90078, phys:0x1626a9000, nid:0], target_nid:1
          cg.C.x-2566  [051]     0.007767: (+0)     bprint:               migrate_misplaced_folio: NUMAB pid:2566 ABORTING MEM MIGR because !isolated
          cg.C.x-2560  [039]     0.007768: (+1)     bprint:               __handle_mm_fault: NUMAB MEM ACCESS process[nid:1, cpu:39, pid:2560], folio[virt:0x55f626a90078, phys:0x1626a9000, pfn:0x1626a9, nid:0, npages:1]
          cg.C.x-2560  [039]     0.007769: (+1)     bprint:               __handle_mm_fault: NUMAB TRY MEM MIGR process[nid:1, cpu:39, pid:2560], folio[virt:0x55f626a90078, phys:0x1626a9000, nid:0], target_nid:1
          cg.C.x-2557  [033]     0.007769: (+0)     bprint:               __handle_mm_fault: NUMAB MEM ACCESS process[nid:1, cpu:33, pid:2557], folio[virt:0x55f626a90078, phys:0x1626a9000, pfn:0x1626a9, nid:0, npages:1]
          cg.C.x-2560  [039]     0.007769: (+0)     bprint:               migrate_misplaced_folio: NUMAB pid:2560 ABORTING MEM MIGR because !isolated
          cg.C.x-2557  [033]     0.007770: (+1)     bprint:               __handle_mm_fault: NUMAB TRY MEM MIGR process[nid:1, cpu:33, pid:2557], folio[virt:0x55f626a90078, phys:0x1626a9000, nid:0], target_nid:1
          cg.C.x-2557  [033]     0.007771: (+1)     bprint:               migrate_misplaced_folio: NUMAB pid:2557 ABORTING MEM MIGR because !isolated
          cg.C.x-2572  [063]     0.007771: (+0)     bprint:               __handle_mm_fault: NUMAB MEM ACCESS process[nid:1, cpu:63, pid:2572], folio[virt:0x55f626a90078, phys:0x1626a9000, pfn:0x1626a9, nid:0, npages:1]
          cg.C.x-2572  [063]     0.007772: (+1)     bprint:               __handle_mm_fault: NUMAB TRY MEM MIGR process[nid:1, cpu:63, pid:2572], folio[virt:0x55f626a90078, phys:0x1626a9000, nid:0], target_nid:1
          cg.C.x-2556  [031]     0.007772: (+0)     bprint:               __handle_mm_fault: NUMAB MEM ACCESS process[nid:1, cpu:31, pid:2556], folio[virt:0x55f626a90078, phys:0x1626a9000, pfn:0x1626a9, nid:0, npages:1]
          cg.C.x-2572  [063]     0.007773: (+1)     bprint:               migrate_misplaced_folio: NUMAB pid:2572 ABORTING MEM MIGR because !isolated
          cg.C.x-2556  [031]     0.007773: (+0)     bprint:               __handle_mm_fault: NUMAB TRY MEM MIGR process[nid:1, cpu:31, pid:2556], folio[virt:0x55f626a90078, phys:0x1626a9000, nid:0], target_nid:1
          cg.C.x-2559  [037]     0.007773: (+0)     bprint:               __handle_mm_fault: NUMAB MEM ACCESS process[nid:1, cpu:37, pid:2559], folio[virt:0x55f626a90078, phys:0x1626a9000, pfn:0x1626a9, nid:0, npages:1]
          cg.C.x-2556  [031]     0.007774: (+1)     bprint:               migrate_misplaced_folio: NUMAB pid:2556 ABORTING MEM MIGR because !isolated
          cg.C.x-2524  [030]     0.007792: (+18)    sched_switch:         cg.C.x:2524 [120] D ==> swapper/30:0 [120]
          cg.C.x-2534  [050]     0.007793: (+1)     sched_switch:         cg.C.x:2534 [120] D ==> swapper/50:0 [120]
          cg.C.x-2518  [018]     0.007793: (+0)     sched_switch:         cg.C.x:2518 [120] D ==> swapper/18:0 [120]
          cg.C.x-2523  [028]     0.007793: (+0)     sched_switch:         cg.C.x:2523 [120] D ==> swapper/28:0 [120]
          cg.C.x-2515  [012]     0.007793: (+0)     sched_switch:         cg.C.x:2515 [120] D ==> swapper/12:0 [120]
          cg.C.x-2526  [034]     0.007793: (+0)     sched_switch:         cg.C.x:2526 [120] D ==> swapper/34:0 [120]
          cg.C.x-2519  [020]     0.007793: (+0)     sched_switch:         cg.C.x:2519 [120] D ==> swapper/20:0 [120]
          cg.C.x-2539  [060]     0.007793: (+0)     sched_switch:         cg.C.x:2539 [120] D ==> swapper/60:0 [120]
          cg.C.x-2546  [011]     0.007794: (+1)     sched_switch:         cg.C.x:2546 [120] D ==> swapper/11:0 [120]
          cg.C.x-2542  [003]     0.007794: (+0)     sched_switch:         cg.C.x:2542 [120] D ==> swapper/3:0 [120]
          cg.C.x-2531  [044]     0.007794: (+0)     sched_switch:         cg.C.x:2531 [120] D ==> swapper/44:0 [120]
          cg.C.x-2520  [022]     0.007794: (+0)     sched_switch:         cg.C.x:2520 [120] D ==> swapper/22:0 [120]
          cg.C.x-2540  [062]     0.007794: (+0)     sched_switch:         cg.C.x:2540 [120] D ==> swapper/62:0 [120]
          cg.C.x-2536  [054]     0.007794: (+0)     sched_switch:         cg.C.x:2536 [120] D ==> swapper/54:0 [120]
          cg.C.x-2562  [043]     0.007795: (+1)     sched_switch:         cg.C.x:2562 [120] D ==> swapper/43:0 [120]
          cg.C.x-2530  [042]     0.007797: (+2)     sched_switch:         cg.C.x:2530 [120] D ==> swapper/42:0 [120]
          cg.C.x-2514  [010]     0.007797: (+0)     sched_switch:         cg.C.x:2514 [120] D ==> swapper/10:0 [120]
          cg.C.x-2568  [055]     0.007797: (+0)     sched_waking:         comm=cg.C.x pid=2534 prio=120 target_cpu=050
          cg.C.x-2541  [001]     0.007798: (+1)     sched_switch:         cg.C.x:2541 [120] D ==> swapper/1:0 [120]
          cg.C.x-2547  [013]     0.007798: (+0)     sched_switch:         cg.C.x:2547 [120] D ==> swapper/13:0 [120]
          cg.C.x-2571  [061]     0.007798: (+0)     sched_switch:         cg.C.x:2571 [120] D ==> swapper/61:0 [120]
          cg.C.x-2543  [005]     0.007799: (+1)     sched_switch:         cg.C.x:2543 [120] D ==> swapper/5:0 [120]
          cg.C.x-2545  [009]     0.007799: (+0)     sched_switch:         cg.C.x:2545 [120] D ==> swapper/9:0 [120]
          cg.C.x-2568  [055]     0.007799: (+0)     sched_wake_idle_without_ipi: cpu=50
          cg.C.x-2568  [055]     0.007799: (+0)     sched_waking:         comm=cg.C.x pid=2518 prio=120 target_cpu=018
          cg.C.x-2552  [023]     0.007800: (+1)     sched_switch:         cg.C.x:2552 [120] D ==> swapper/23:0 [120]
          cg.C.x-2551  [021]     0.007800: (+0)     sched_switch:         cg.C.x:2551 [120] D ==> swapper/21:0 [120]
          cg.C.x-2567  [053]     0.007800: (+0)     sched_switch:         cg.C.x:2567 [120] D ==> swapper/53:0 [120]
          cg.C.x-2568  [055]     0.007800: (+0)     sched_wake_idle_without_ipi: cpu=18
          cg.C.x-2568  [055]     0.007801: (+1)     sched_waking:         comm=cg.C.x pid=2562 prio=120 target_cpu=043
          cg.C.x-2538  [058]     0.007801: (+0)     sched_switch:         cg.C.x:2538 [120] D ==> swapper/58:0 [120]
          cg.C.x-2522  [026]     0.007801: (+0)     sched_switch:         cg.C.x:2522 [120] D ==> swapper/26:0 [120]
          cg.C.x-2535  [052]     0.007802: (+1)     sched_switch:         cg.C.x:2535 [120] D ==> swapper/52:0 [120]
          cg.C.x-2512  [006]     0.007802: (+0)     sched_switch:         cg.C.x:2512 [120] D ==> swapper/6:0 [120]
          cg.C.x-2517  [016]     0.007802: (+0)     sched_switch:         cg.C.x:2517 [120] D ==> swapper/16:0 [120]
          cg.C.x-2533  [048]     0.007802: (+0)     sched_switch:         cg.C.x:2533 [120] D ==> swapper/48:0 [120]
          cg.C.x-2528  [038]     0.007802: (+0)     sched_switch:         cg.C.x:2528 [120] D ==> swapper/38:0 [120]
          cg.C.x-2537  [056]     0.007802: (+0)     sched_switch:         cg.C.x:2537 [120] D ==> swapper/56:0 [120]
          cg.C.x-2521  [024]     0.007802: (+0)     sched_switch:         cg.C.x:2521 [120] D ==> swapper/24:0 [120]
          cg.C.x-2568  [055]     0.007802: (+0)     sched_wake_idle_without_ipi: cpu=43
          cg.C.x-2511  [004]     0.007802: (+0)     sched_switch:         cg.C.x:2511 [120] D ==> swapper/4:0 [120]
          cg.C.x-2527  [036]     0.007802: (+0)     sched_switch:         cg.C.x:2527 [120] D ==> swapper/36:0 [120]
          cg.C.x-2529  [040]     0.007802: (+0)     sched_switch:         cg.C.x:2529 [120] D ==> swapper/40:0 [120]
          cg.C.x-2513  [008]     0.007802: (+0)     sched_switch:         cg.C.x:2513 [120] D ==> swapper/8:0 [120]
          cg.C.x-2516  [014]     0.007802: (+0)     sched_switch:         cg.C.x:2516 [120] D ==> swapper/14:0 [120]
          cg.C.x-2532  [046]     0.007802: (+0)     sched_switch:         cg.C.x:2532 [120] D ==> swapper/46:0 [120]
          cg.C.x-2568  [055]     0.007802: (+0)     sched_waking:         comm=cg.C.x pid=2531 prio=120 target_cpu=044
          <idle>-0     [050]     0.007803: (+1)     sched_wakeup:         cg.C.x:2534 [120] CPU:050
          cg.C.x-2568  [055]     0.007803: (+0)     sched_wake_idle_without_ipi: cpu=44
          cg.C.x-2568  [055]     0.007803: (+0)     sched_waking:         comm=cg.C.x pid=2519 prio=120 target_cpu=020
          <idle>-0     [018]     0.007804: (+1)     sched_wakeup:         cg.C.x:2518 [120] CPU:018
          <idle>-0     [050]     0.007804: (+0)     sched_switch:         swapper/50:0 [120] R ==> cg.C.x:2534 [120]
          cg.C.x-2568  [055]     0.007804: (+0)     sched_wake_idle_without_ipi: cpu=20
          <idle>-0     [043]     0.007804: (+0)     sched_wakeup:         cg.C.x:2562 [120] CPU:043
          cg.C.x-2568  [055]     0.007805: (+1)     sched_waking:         comm=cg.C.x pid=2526 prio=120 target_cpu=034
          <idle>-0     [043]     0.007805: (+0)     sched_switch:         swapper/43:0 [120] R ==> cg.C.x:2562 [120]
          <idle>-0     [018]     0.007805: (+0)     sched_switch:         swapper/18:0 [120] R ==> cg.C.x:2518 [120]
          cg.C.x-2568  [055]     0.007806: (+1)     sched_wake_idle_without_ipi: cpu=34
          <idle>-0     [044]     0.007806: (+0)     sched_wakeup:         cg.C.x:2531 [120] CPU:044
          cg.C.x-2568  [055]     0.007806: (+0)     sched_waking:         comm=cg.C.x pid=2523 prio=120 target_cpu=028
          <idle>-0     [044]     0.007807: (+1)     sched_switch:         swapper/44:0 [120] R ==> cg.C.x:2531 [120]
          cg.C.x-2568  [055]     0.007807: (+0)     sched_wake_idle_without_ipi: cpu=28
          <idle>-0     [020]     0.007807: (+0)     sched_wakeup:         cg.C.x:2519 [120] CPU:020
          cg.C.x-2566  [051]     0.007808: (+1)     sched_switch:         cg.C.x:2566 [120] D ==> swapper/51:0 [120]
          cg.C.x-2568  [055]     0.007808: (+0)     sched_waking:         comm=cg.C.x pid=2539 prio=120 target_cpu=060
          cg.C.x-2561  [041]     0.007808: (+0)     sched_switch:         cg.C.x:2561 [120] D ==> swapper/41:0 [120]
          cg.C.x-2509  [000]     0.007808: (+0)     bprint:               do_huge_pmd_numa_page: NUMAB MEM ACCESS huge page process[nid:0, cpu:0, pid:2509], folio[virt:0x7fe278000010, ker:0xffff9fc376000000, pfn:0x336000, nid:0, npages:512]
          cg.C.x-2557  [033]     0.007808: (+0)     sched_switch:         cg.C.x:2557 [120] D ==> swapper/33:0 [120]
          cg.C.x-2568  [055]     0.007809: (+1)     sched_wake_idle_without_ipi: cpu=60
          cg.C.x-2564  [047]     0.007809: (+0)     sched_switch:         cg.C.x:2564 [120] D ==> swapper/47:0 [120]
          cg.C.x-2572  [063]     0.007809: (+0)     sched_switch:         cg.C.x:2572 [120] D ==> swapper/63:0 [120]
          <idle>-0     [020]     0.007809: (+0)     sched_switch:         swapper/20:0 [120] R ==> cg.C.x:2519 [120]
          cg.C.x-2568  [055]     0.007809: (+0)     sched_waking:         comm=cg.C.x pid=2540 prio=120 target_cpu=062
          cg.C.x-2556  [031]     0.007809: (+0)     sched_switch:         cg.C.x:2556 [120] D ==> swapper/31:0 [120]
          <idle>-0     [034]     0.007810: (+1)     sched_wakeup:         cg.C.x:2526 [120] CPU:034
          cg.C.x-2568  [055]     0.007810: (+0)     sched_wake_idle_without_ipi: cpu=62
          cg.C.x-2560  [039]     0.007811: (+1)     sched_switch:         cg.C.x:2560 [120] D ==> swapper/39:0 [120]
          cg.C.x-2568  [055]     0.007811: (+0)     sched_waking:         comm=cg.C.x pid=2515 prio=120 target_cpu=012
          <idle>-0     [034]     0.007811: (+0)     sched_switch:         swapper/34:0 [120] R ==> cg.C.x:2526 [120]
          cg.C.x-2568  [055]     0.007811: (+0)     sched_wake_idle_without_ipi: cpu=12
          cg.C.x-2568  [055]     0.007812: (+1)     sched_waking:         comm=cg.C.x pid=2512 prio=120 target_cpu=006
          <idle>-0     [028]     0.007812: (+0)     sched_wakeup:         cg.C.x:2523 [120] CPU:028
          cg.C.x-2562  [043]     0.007813: (+1)     sched_switch:         cg.C.x:2562 [120] D ==> swapper/43:0 [120]
          cg.C.x-2568  [055]     0.007813: (+0)     sched_wake_idle_without_ipi: cpu=6
          cg.C.x-2568  [055]     0.007813: (+0)     sched_waking:         comm=cg.C.x pid=2537 prio=120 target_cpu=056
          <idle>-0     [060]     0.007813: (+0)     sched_wakeup:         cg.C.x:2539 [120] CPU:060
          cg.C.x-2534  [050]     0.007813: (+0)     sched_switch:         cg.C.x:2534 [120] D ==> swapper/50:0 [120]
          <idle>-0     [028]     0.007814: (+1)     sched_switch:         swapper/28:0 [120] R ==> cg.C.x:2523 [120]
          cg.C.x-2518  [018]     0.007814: (+0)     sched_switch:         cg.C.x:2518 [120] D ==> swapper/18:0 [120]
          cg.C.x-2568  [055]     0.007814: (+0)     sched_wake_idle_without_ipi: cpu=56
          cg.C.x-2519  [020]     0.007814: (+0)     sched_switch:         cg.C.x:2519 [120] D ==> swapper/20:0 [120]
          <idle>-0     [062]     0.007814: (+0)     sched_wakeup:         cg.C.x:2540 [120] CPU:062
          cg.C.x-2531  [044]     0.007815: (+1)     sched_switch:         cg.C.x:2531 [120] D ==> swapper/44:0 [120]
          <idle>-0     [060]     0.007815: (+0)     sched_switch:         swapper/60:0 [120] R ==> cg.C.x:2539 [120]
          cg.C.x-2568  [055]     0.007815: (+0)     sched_waking:         comm=cg.C.x pid=2521 prio=120 target_cpu=024
          cg.C.x-2509  [000]     0.007815: (+0)     bprint:               do_huge_pmd_numa_page: NUMAB MEM ACCESS huge page process[nid:0, cpu:0, pid:2509], folio[virt:0x7fe264600010, ker:0xffff9fc3a2800000, pfn:0x362800, nid:0, npages:512]
          <idle>-0     [062]     0.007815: (+0)     sched_switch:         swapper/62:0 [120] R ==> cg.C.x:2540 [120]
          cg.C.x-2568  [055]     0.007816: (+1)     sched_wake_idle_without_ipi: cpu=24
          <idle>-0     [012]     0.007816: (+0)     sched_wakeup:         cg.C.x:2515 [120] CPU:012
          cg.C.x-2568  [055]     0.007816: (+0)     sched_waking:         comm=cg.C.x pid=2517 prio=120 target_cpu=016
          <idle>-0     [012]     0.007817: (+1)     sched_switch:         swapper/12:0 [120] R ==> cg.C.x:2515 [120]
          cg.C.x-2568  [055]     0.007817: (+0)     sched_wake_idle_without_ipi: cpu=16
          cg.C.x-2568  [055]     0.007817: (+0)     sched_waking:         comm=cg.C.x pid=2533 prio=120 target_cpu=048
          <idle>-0     [006]     0.007818: (+1)     sched_wakeup:         cg.C.x:2512 [120] CPU:006
          cg.C.x-2526  [034]     0.007818: (+0)     sched_switch:         cg.C.x:2526 [120] D ==> swapper/34:0 [120]
          cg.C.x-2568  [055]     0.007818: (+0)     sched_wake_idle_without_ipi: cpu=48
          <idle>-0     [056]     0.007818: (+0)     sched_wakeup:         cg.C.x:2537 [120] CPU:056
          <idle>-0     [006]     0.007818: (+0)     sched_switch:         swapper/6:0 [120] R ==> cg.C.x:2512 [120]
          cg.C.x-2568  [055]     0.007819: (+1)     sched_waking:         comm=cg.C.x pid=2535 prio=120 target_cpu=052
          <idle>-0     [024]     0.007819: (+0)     sched_wakeup:         cg.C.x:2521 [120] CPU:024
          <idle>-0     [056]     0.007819: (+0)     sched_switch:         swapper/56:0 [120] R ==> cg.C.x:2537 [120]
          cg.C.x-2568  [055]     0.007820: (+1)     sched_wake_idle_without_ipi: cpu=52
          <idle>-0     [024]     0.007820: (+0)     sched_switch:         swapper/24:0 [120] R ==> cg.C.x:2521 [120]
          cg.C.x-2568  [055]     0.007820: (+0)     sched_waking:         comm=cg.C.x pid=2529 prio=120 target_cpu=040
          cg.C.x-2568  [055]     0.007821: (+1)     sched_wake_idle_without_ipi: cpu=40
          cg.C.x-2523  [028]     0.007821: (+0)     sched_switch:         cg.C.x:2523 [120] D ==> swapper/28:0 [120]
          cg.C.x-2539  [060]     0.007821: (+0)     sched_switch:         cg.C.x:2539 [120] D ==> swapper/60:0 [120]
          cg.C.x-2568  [055]     0.007822: (+1)     sched_waking:         comm=cg.C.x pid=2513 prio=120 target_cpu=008
          cg.C.x-2540  [062]     0.007822: (+0)     sched_switch:         cg.C.x:2540 [120] D ==> swapper/62:0 [120]
          <idle>-0     [016]     0.007822: (+0)     sched_wakeup:         cg.C.x:2517 [120] CPU:016
          cg.C.x-2515  [012]     0.007822: (+0)     sched_switch:         cg.C.x:2515 [120] D ==> swapper/12:0 [120]
          cg.C.x-2568  [055]     0.007823: (+1)     sched_wake_idle_without_ipi: cpu=8
          <idle>-0     [048]     0.007823: (+0)     sched_wakeup:         cg.C.x:2533 [120] CPU:048
          <idle>-0     [052]     0.007823: (+0)     sched_wakeup:         cg.C.x:2535 [120] CPU:052
          <idle>-0     [016]     0.007823: (+0)     sched_switch:         swapper/16:0 [120] R ==> cg.C.x:2517 [120]
          cg.C.x-2568  [055]     0.007824: (+1)     sched_waking:         comm=cg.C.x pid=2522 prio=120 target_cpu=026
          cg.C.x-2512  [006]     0.007824: (+0)     sched_switch:         cg.C.x:2512 [120] D ==> swapper/6:0 [120]
          <idle>-0     [052]     0.007824: (+0)     sched_switch:         swapper/52:0 [120] R ==> cg.C.x:2535 [120]
          <idle>-0     [048]     0.007824: (+0)     sched_switch:         swapper/48:0 [120] R ==> cg.C.x:2533 [120]
          cg.C.x-2568  [055]     0.007824: (+0)     sched_wake_idle_without_ipi: cpu=26
