            htop-2789  [008]     0.814363: (+1)     sched_switch:         htop:2789 [120] R ==> kworker/u129:32:2621 [120]
 kworker/u129:32-2621  [008]     0.814365: (+2)     sched_switch:         kworker/u129:32:2621 [120] I ==> htop:2789 [120]
            htop-2789  [008]     0.814374: (+9)     sched_waking:         comm=kworker/u129:32 pid=2621 prio=120 target_cpu=008
            htop-2789  [008]     0.814375: (+1)     sched_wakeup:         kworker/u129:32:2621 [120] CPU:008
            htop-2789  [008]     0.814376: (+1)     sched_switch:         htop:2789 [120] R ==> kworker/u129:32:2621 [120]
 kworker/u129:32-2621  [008]     0.814378: (+2)     sched_switch:         kworker/u129:32:2621 [120] I ==> htop:2789 [120]
    tmux: server-2328  [000]     0.814380: (+2)     sched_waking:         comm=kworker/u129:32 pid=2621 prio=120 target_cpu=008
    tmux: server-2328  [000]     0.814381: (+1)     sched_migrate_task:   comm=kworker/u129:32 pid=2621 prio=120 orig_cpu=8 dest_cpu=0
    tmux: server-2328  [000]     0.814382: (+1)     sched_wakeup:         kworker/u129:32:2621 [120] CPU:000
    tmux: server-2328  [000]     0.814384: (+2)     sched_switch:         tmux: server:2328 [120] R ==> kworker/u129:32:2621 [120]
 kworker/u129:32-2621  [000]     0.814385: (+1)     sched_waking:         comm=sshd pid=1964 prio=120 target_cpu=004
 kworker/u129:32-2621  [000]     0.814388: (+3)     sched_wakeup:         sshd:1964 [120] CPU:004
          cg.C.x-3562  [004]     0.814390: (+2)     sched_switch:         cg.C.x:3562 [120] R ==> sshd:1964 [120]
 kworker/u129:32-2621  [000]     0.814390: (+0)     sched_switch:         kworker/u129:32:2621 [120] I ==> tmux: server:2328 [120]
    tmux: server-2328  [000]     0.814393: (+3)     sched_waking:         comm=kworker/u129:32 pid=2621 prio=120 target_cpu=000
    tmux: server-2328  [000]     0.814394: (+1)     sched_wakeup:         kworker/u129:32:2621 [120] CPU:000
    tmux: server-2328  [000]     0.814396: (+2)     sched_switch:         tmux: server:2328 [120] R ==> kworker/u129:32:2621 [120]
 kworker/u129:32-2621  [000]     0.814397: (+1)     sched_waking:         comm=sshd pid=2656 prio=120 target_cpu=038
 kworker/u129:32-2621  [000]     0.814400: (+3)     sched_wakeup:         sshd:2656 [120] CPU:038
          cg.C.x-3579  [038]     0.814402: (+2)     sched_switch:         cg.C.x:3579 [120] R ==> sshd:2656 [120]
            htop-2789  [008]     0.814402: (+0)     sched_waking:         comm=kworker/u129:32 pid=2621 prio=120 target_cpu=000
 kworker/u129:32-2621  [000]     0.814402: (+0)     sched_switch:         kworker/u129:32:2621 [120] I ==> tmux: server:2328 [120]
            htop-2789  [008]     0.814403: (+1)     sched_migrate_task:   comm=kworker/u129:32 pid=2621 prio=120 orig_cpu=0 dest_cpu=8
            htop-2789  [008]     0.814404: (+1)     sched_wakeup:         kworker/u129:32:2621 [120] CPU:008
            htop-2789  [008]     0.814405: (+1)     sched_switch:         htop:2789 [120] R ==> kworker/u129:32:2621 [120]
 kworker/u129:32-2621  [008]     0.814408: (+3)     sched_switch:         kworker/u129:32:2621 [120] I ==> htop:2789 [120]
    tmux: server-2328  [000]     0.814412: (+4)     sched_waking:         comm=kworker/u129:32 pid=2621 prio=120 target_cpu=008
    tmux: server-2328  [000]     0.814413: (+1)     sched_migrate_task:   comm=kworker/u129:32 pid=2621 prio=120 orig_cpu=8 dest_cpu=0
    tmux: server-2328  [000]     0.814414: (+1)     sched_wakeup:         kworker/u129:32:2621 [120] CPU:000
    tmux: server-2328  [000]     0.814415: (+1)     sched_switch:         tmux: server:2328 [120] R ==> kworker/u129:32:2621 [120]
            sshd-1964  [004]     0.814417: (+2)     sched_switch:         sshd:1964 [120] D ==> cg.C.x:3562 [120]
 kworker/u129:32-2621  [000]     0.814418: (+1)     sched_waking:         comm=sshd pid=1964 prio=120 target_cpu=004
 kworker/u129:32-2621  [000]     0.814420: (+2)     sched_wakeup:         sshd:1964 [120] CPU:004
          cg.C.x-3562  [004]     0.814422: (+2)     sched_switch:         cg.C.x:3562 [120] R ==> sshd:1964 [120]
 kworker/u129:32-2621  [000]     0.814423: (+1)     sched_switch:         kworker/u129:32:2621 [120] I ==> tmux: server:2328 [120]
            htop-2789  [008]     0.814423: (+0)     sched_waking:         comm=kworker/u129:32 pid=2621 prio=120 target_cpu=000
            htop-2789  [008]     0.814424: (+1)     sched_migrate_task:   comm=kworker/u129:32 pid=2621 prio=120 orig_cpu=0 dest_cpu=8
            htop-2789  [008]     0.814425: (+1)     sched_wakeup:         kworker/u129:32:2621 [120] CPU:008
            htop-2789  [008]     0.814426: (+1)     sched_switch:         htop:2789 [120] R ==> kworker/u129:32:2621 [120]
            sshd-2656  [038]     0.814427: (+1)     sched_switch:         sshd:2656 [120] S ==> cg.C.x:3579 [120]
 kworker/u129:32-2621  [008]     0.814428: (+1)     sched_waking:         comm=sshd pid=2656 prio=120 target_cpu=038
 kworker/u129:32-2621  [008]     0.814431: (+3)     sched_wakeup:         sshd:2656 [120] CPU:038
 kworker/u129:32-2621  [008]     0.814432: (+1)     sched_switch:         kworker/u129:32:2621 [120] I ==> htop:2789 [120]
          cg.C.x-3579  [038]     0.814433: (+1)     sched_switch:         cg.C.x:3579 [120] R ==> sshd:2656 [120]
            htop-2789  [008]     0.814436: (+3)     sched_waking:         comm=kworker/u129:32 pid=2621 prio=120 target_cpu=008
            htop-2789  [008]     0.814437: (+1)     sched_wakeup:         kworker/u129:32:2621 [120] CPU:008
            htop-2789  [008]     0.814438: (+1)     sched_switch:         htop:2789 [120] R ==> kworker/u129:32:2621 [120]
 kworker/u129:32-2621  [008]     0.814440: (+2)     sched_switch:         kworker/u129:32:2621 [120] I ==> htop:2789 [120]
            sshd-1964  [004]     0.814444: (+4)     sched_switch:         sshd:1964 [120] S ==> cg.C.x:3562 [120]
            sshd-2656  [038]     0.814454: (+10)    sched_switch:         sshd:2656 [120] S ==> cg.C.x:3579 [120]
            htop-2789  [008]     0.814455: (+1)     sched_waking:         comm=kworker/u129:32 pid=2621 prio=120 target_cpu=008
            htop-2789  [008]     0.814455: (+0)     sched_wakeup:         kworker/u129:32:2621 [120] CPU:008
            htop-2789  [008]     0.814457: (+2)     sched_switch:         htop:2789 [120] R ==> kworker/u129:32:2621 [120]
 kworker/u129:32-2621  [008]     0.814459: (+2)     sched_switch:         kworker/u129:32:2621 [120] I ==> htop:2789 [120]
            htop-2789  [008]     0.814462: (+3)     sched_waking:         comm=kworker/u129:32 pid=2621 prio=120 target_cpu=008
            htop-2789  [008]     0.814463: (+1)     sched_wakeup:         kworker/u129:32:2621 [120] CPU:008
            htop-2789  [008]     0.814464: (+1)     sched_switch:         htop:2789 [120] R ==> kworker/u129:32:2621 [120]
 kworker/u129:32-2621  [008]     0.814466: (+2)     sched_switch:         kworker/u129:32:2621 [120] I ==> htop:2789 [120]
            htop-2789  [008]     0.814474: (+8)     sched_waking:         comm=kworker/u129:32 pid=2621 prio=120 target_cpu=008
            htop-2789  [008]     0.814475: (+1)     sched_wakeup:         kworker/u129:32:2621 [120] CPU:008
            htop-2789  [008]     0.814476: (+1)     sched_switch:         htop:2789 [120] R ==> kworker/u129:32:2621 [120]
 kworker/u129:32-2621  [008]     0.814478: (+2)     sched_switch:         kworker/u129:32:2621 [120] I ==> htop:2789 [120]
    tmux: server-2328  [000]     0.814486: (+8)     sched_waking:         comm=kworker/u129:32 pid=2621 prio=120 target_cpu=008
    tmux: server-2328  [000]     0.814488: (+2)     sched_wakeup:         kworker/u129:32:2621 [120] CPU:008
            htop-2789  [008]     0.814490: (+2)     sched_switch:         htop:2789 [120] R ==> kworker/u129:32:2621 [120]
 kworker/u129:32-2621  [008]     0.814492: (+2)     sched_waking:         comm=sshd pid=1964 prio=120 target_cpu=004
 kworker/u129:32-2621  [008]     0.814494: (+2)     sched_wakeup:         sshd:1964 [120] CPU:004
 kworker/u129:32-2621  [008]     0.814496: (+2)     sched_waking:         comm=sshd pid=2656 prio=120 target_cpu=038
          cg.C.x-3562  [004]     0.814496: (+0)     sched_switch:         cg.C.x:3562 [120] R ==> sshd:1964 [120]
 kworker/u129:32-2621  [008]     0.814498: (+2)     sched_wakeup:         sshd:2656 [120] CPU:038
 kworker/u129:32-2621  [008]     0.814500: (+2)     sched_switch:         kworker/u129:32:2621 [120] I ==> htop:2789 [120]
          cg.C.x-3579  [038]     0.814501: (+1)     sched_switch:         cg.C.x:3579 [120] R ==> sshd:2656 [120]
            htop-2789  [008]     0.814505: (+4)     sched_waking:         comm=kworker/u129:32 pid=2621 prio=120 target_cpu=008
            htop-2789  [008]     0.814506: (+1)     sched_wakeup:         kworker/u129:32:2621 [120] CPU:008
            htop-2789  [008]     0.814507: (+1)     sched_switch:         htop:2789 [120] R ==> kworker/u129:32:2621 [120]
 kworker/u129:32-2621  [008]     0.814509: (+2)     sched_switch:         kworker/u129:32:2621 [120] I ==> htop:2789 [120]
            htop-2789  [008]     0.814512: (+3)     sched_waking:         comm=kworker/u129:32 pid=2621 prio=120 target_cpu=008
            htop-2789  [008]     0.814513: (+1)     sched_wakeup:         kworker/u129:32:2621 [120] CPU:008
            htop-2789  [008]     0.814514: (+1)     sched_switch:         htop:2789 [120] R ==> kworker/u129:32:2621 [120]
 kworker/u129:32-2621  [008]     0.814516: (+2)     sched_switch:         kworker/u129:32:2621 [120] I ==> htop:2789 [120]
            sshd-1964  [004]     0.814520: (+4)     sched_switch:         sshd:1964 [120] S ==> cg.C.x:3562 [120]
            sshd-2656  [038]     0.814525: (+5)     sched_switch:         sshd:2656 [120] S ==> cg.C.x:3579 [120]
            htop-2789  [008]     0.814531: (+6)     sched_waking:         comm=kworker/u129:32 pid=2621 prio=120 target_cpu=008
            htop-2789  [008]     0.814532: (+1)     sched_wakeup:         kworker/u129:32:2621 [120] CPU:008
            htop-2789  [008]     0.814533: (+1)     sched_switch:         htop:2789 [120] R ==> kworker/u129:32:2621 [120]
 kworker/u129:32-2621  [008]     0.814535: (+2)     sched_switch:         kworker/u129:32:2621 [120] I ==> htop:2789 [120]
            htop-2789  [008]     0.814538: (+3)     sched_waking:         comm=kworker/u129:32 pid=2621 prio=120 target_cpu=008
            htop-2789  [008]     0.814539: (+1)     sched_wakeup:         kworker/u129:32:2621 [120] CPU:008
            htop-2789  [008]     0.814540: (+1)     sched_switch:         htop:2789 [120] R ==> kworker/u129:32:2621 [120]
 kworker/u129:32-2621  [008]     0.814542: (+2)     sched_switch:         kworker/u129:32:2621 [120] I ==> htop:2789 [120]
    tmux: server-2328  [000]     0.814556: (+14)    sched_waking:         comm=kworker/u129:32 pid=2621 prio=120 target_cpu=008
    tmux: server-2328  [000]     0.814558: (+2)     sched_wakeup:         kworker/u129:32:2621 [120] CPU:008
            htop-2789  [008]     0.814560: (+2)     sched_switch:         htop:2789 [120] R ==> kworker/u129:32:2621 [120]
 kworker/u129:32-2621  [008]     0.814562: (+2)     sched_waking:         comm=sshd pid=1964 prio=120 target_cpu=004
 kworker/u129:32-2621  [008]     0.814565: (+3)     sched_wakeup:         sshd:1964 [120] CPU:004
          cg.C.x-3562  [004]     0.814567: (+2)     sched_switch:         cg.C.x:3562 [120] R ==> sshd:1964 [120]
 kworker/u129:32-2621  [008]     0.814567: (+0)     sched_waking:         comm=sshd pid=2656 prio=120 target_cpu=038
 kworker/u129:32-2621  [008]     0.814570: (+3)     sched_wakeup:         sshd:2656 [120] CPU:038
 kworker/u129:32-2621  [008]     0.814571: (+1)     sched_switch:         kworker/u129:32:2621 [120] I ==> htop:2789 [120]
          cg.C.x-3579  [038]     0.814572: (+1)     sched_switch:         cg.C.x:3579 [120] R ==> sshd:2656 [120]
            htop-2789  [008]     0.814575: (+3)     sched_waking:         comm=kworker/u129:32 pid=2621 prio=120 target_cpu=008
            htop-2789  [008]     0.814575: (+0)     sched_wakeup:         kworker/u129:32:2621 [120] CPU:008
            htop-2789  [008]     0.814577: (+2)     sched_switch:         htop:2789 [120] R ==> kworker/u129:32:2621 [120]
 kworker/u129:32-2621  [008]     0.814579: (+2)     sched_switch:         kworker/u129:32:2621 [120] I ==> htop:2789 [120]
            sshd-1964  [004]     0.814592: (+13)    sched_switch:         sshd:1964 [120] S ==> cg.C.x:3562 [120]
            htop-2789  [008]     0.814592: (+0)     sched_waking:         comm=kworker/u129:32 pid=2621 prio=120 target_cpu=008
            htop-2789  [008]     0.814593: (+1)     sched_wakeup:         kworker/u129:32:2621 [120] CPU:008
            htop-2789  [008]     0.814595: (+2)     sched_switch:         htop:2789 [120] R ==> kworker/u129:32:2621 [120]
 kworker/u129:32-2621  [008]     0.814597: (+2)     sched_switch:         kworker/u129:32:2621 [120] I ==> htop:2789 [120]
            sshd-2656  [038]     0.814597: (+0)     sched_switch:         sshd:2656 [120] S ==> cg.C.x:3579 [120]
            htop-2789  [008]     0.814600: (+3)     sched_waking:         comm=kworker/u129:32 pid=2621 prio=120 target_cpu=008
            htop-2789  [008]     0.814601: (+1)     sched_wakeup:         kworker/u129:32:2621 [120] CPU:008
            htop-2789  [008]     0.814602: (+1)     sched_switch:         htop:2789 [120] R ==> kworker/u129:32:2621 [120]
 kworker/u129:32-2621  [008]     0.814604: (+2)     sched_switch:         kworker/u129:32:2621 [120] I ==> htop:2789 [120]
    tmux: server-2328  [000]     0.814606: (+2)     sched_waking:         comm=kworker/u129:32 pid=2621 prio=120 target_cpu=008
    tmux: server-2328  [000]     0.814608: (+2)     sched_wakeup:         kworker/u129:32:2621 [120] CPU:008
            htop-2789  [008]     0.814610: (+2)     sched_switch:         htop:2789 [120] R ==> kworker/u129:32:2621 [120]
 kworker/u129:32-2621  [008]     0.814612: (+2)     sched_waking:         comm=sshd pid=1964 prio=120 target_cpu=004
 kworker/u129:32-2621  [008]     0.814615: (+3)     sched_wakeup:         sshd:1964 [120] CPU:004
 kworker/u129:32-2621  [008]     0.814616: (+1)     sched_waking:         comm=sshd pid=2656 prio=120 target_cpu=038
          cg.C.x-3562  [004]     0.814616: (+0)     sched_switch:         cg.C.x:3562 [120] R ==> sshd:1964 [120]
 kworker/u129:32-2621  [008]     0.814618: (+2)     sched_wakeup:         sshd:2656 [120] CPU:038
 kworker/u129:32-2621  [008]     0.814620: (+2)     sched_switch:         kworker/u129:32:2621 [120] I ==> htop:2789 [120]
          cg.C.x-3579  [038]     0.814621: (+1)     sched_switch:         cg.C.x:3579 [120] R ==> sshd:2656 [120]
            htop-2789  [008]     0.814631: (+10)    sched_waking:         comm=kworker/u129:32 pid=2621 prio=120 target_cpu=008
            htop-2789  [008]     0.814632: (+1)     sched_wakeup:         kworker/u129:32:2621 [120] CPU:008
            htop-2789  [008]     0.814633: (+1)     sched_switch:         htop:2789 [120] R ==> kworker/u129:32:2621 [120]
 kworker/u129:32-2621  [008]     0.814635: (+2)     sched_switch:         kworker/u129:32:2621 [120] I ==> htop:2789 [120]
            htop-2789  [008]     0.814638: (+3)     sched_waking:         comm=kworker/u129:32 pid=2621 prio=120 target_cpu=008
            htop-2789  [008]     0.814639: (+1)     sched_wakeup:         kworker/u129:32:2621 [120] CPU:008
            htop-2789  [008]     0.814640: (+1)     sched_switch:         htop:2789 [120] R ==> kworker/u129:32:2621 [120]
            sshd-1964  [004]     0.814642: (+2)     sched_switch:         sshd:1964 [120] S ==> cg.C.x:3562 [120]
 kworker/u129:32-2621  [008]     0.814642: (+0)     sched_switch:         kworker/u129:32:2621 [120] I ==> htop:2789 [120]
            sshd-2656  [038]     0.814643: (+1)     sched_switch:         sshd:2656 [120] S ==> cg.C.x:3579 [120]
            htop-2789  [008]     0.814657: (+14)    sched_waking:         comm=kworker/u129:32 pid=2621 prio=120 target_cpu=008
            htop-2789  [008]     0.814658: (+1)     sched_wakeup:         kworker/u129:32:2621 [120] CPU:008
            htop-2789  [008]     0.814659: (+1)     sched_switch:         htop:2789 [120] R ==> kworker/u129:32:2621 [120]
 kworker/u129:32-2621  [008]     0.814661: (+2)     sched_switch:         kworker/u129:32:2621 [120] I ==> htop:2789 [120]
            htop-2789  [008]     0.814664: (+3)     sched_waking:         comm=kworker/u129:32 pid=2621 prio=120 target_cpu=008
            htop-2789  [008]     0.814665: (+1)     sched_wakeup:         kworker/u129:32:2621 [120] CPU:008
            htop-2789  [008]     0.814666: (+1)     sched_switch:         htop:2789 [120] R ==> kworker/u129:32:2621 [120]
 kworker/u129:32-2621  [008]     0.814668: (+2)     sched_switch:         kworker/u129:32:2621 [120] I ==> htop:2789 [120]
    tmux: server-2328  [000]     0.814669: (+1)     sched_waking:         comm=kworker/u129:32 pid=2621 prio=120 target_cpu=008
    tmux: server-2328  [000]     0.814671: (+2)     sched_wakeup:         kworker/u129:32:2621 [120] CPU:008
            htop-2789  [008]     0.814672: (+1)     sched_switch:         htop:2789 [120] R ==> kworker/u129:32:2621 [120]
 kworker/u129:32-2621  [008]     0.814674: (+2)     sched_waking:         comm=sshd pid=2656 prio=120 target_cpu=038
 kworker/u129:32-2621  [008]     0.814676: (+2)     sched_wakeup:         sshd:2656 [120] CPU:038
 kworker/u129:32-2621  [008]     0.814678: (+2)     sched_switch:         kworker/u129:32:2621 [120] I ==> htop:2789 [120]
          cg.C.x-3579  [038]     0.814679: (+1)     sched_switch:         cg.C.x:3579 [120] R ==> sshd:2656 [120]
            htop-2789  [008]     0.814690: (+11)    sched_waking:         comm=kworker/u129:32 pid=2621 prio=120 target_cpu=008
            htop-2789  [008]     0.814691: (+1)     sched_wakeup:         kworker/u129:32:2621 [120] CPU:008
            htop-2789  [008]     0.814692: (+1)     sched_switch:         htop:2789 [120] R ==> kworker/u129:32:2621 [120]
 kworker/u129:32-2621  [008]     0.814694: (+2)     sched_switch:         kworker/u129:32:2621 [120] I ==> htop:2789 [120]
            htop-2789  [008]     0.814697: (+3)     sched_waking:         comm=kworker/u129:32 pid=2621 prio=120 target_cpu=008
            htop-2789  [008]     0.814698: (+1)     sched_wakeup:         kworker/u129:32:2621 [120] CPU:008
            htop-2789  [008]     0.814699: (+1)     sched_switch:         htop:2789 [120] R ==> kworker/u129:32:2621 [120]
 kworker/u129:32-2621  [008]     0.814701: (+2)     sched_switch:         kworker/u129:32:2621 [120] I ==> htop:2789 [120]
            sshd-2656  [038]     0.814703: (+2)     sched_switch:         sshd:2656 [120] S ==> cg.C.x:3579 [120]
            htop-2789  [008]     0.814715: (+12)    sched_waking:         comm=kworker/u129:32 pid=2621 prio=120 target_cpu=008
            htop-2789  [008]     0.814715: (+0)     sched_wakeup:         kworker/u129:32:2621 [120] CPU:008
            htop-2789  [008]     0.814717: (+2)     sched_switch:         htop:2789 [120] R ==> kworker/u129:32:2621 [120]
 kworker/u129:32-2621  [008]     0.814719: (+2)     sched_waking:         comm=sshd pid=1964 prio=120 target_cpu=004
 kworker/u129:32-2621  [008]     0.814721: (+2)     sched_wakeup:         sshd:1964 [120] CPU:004
 kworker/u129:32-2621  [008]     0.814723: (+2)     sched_switch:         kworker/u129:32:2621 [120] I ==> htop:2789 [120]
          cg.C.x-3562  [004]     0.814723: (+0)     sched_switch:         cg.C.x:3562 [120] R ==> sshd:1964 [120]
    tmux: server-2328  [000]     0.814725: (+2)     sched_waking:         comm=kworker/u129:32 pid=2621 prio=120 target_cpu=008
    tmux: server-2328  [000]     0.814727: (+2)     sched_wakeup:         kworker/u129:32:2621 [120] CPU:008
            htop-2789  [008]     0.814729: (+2)     sched_switch:         htop:2789 [120] R ==> kworker/u129:32:2621 [120]
 kworker/u129:32-2621  [008]     0.814732: (+3)     sched_waking:         comm=sshd pid=2656 prio=120 target_cpu=038
 kworker/u129:32-2621  [008]     0.814735: (+3)     sched_wakeup:         sshd:2656 [120] CPU:038
 kworker/u129:32-2621  [008]     0.814736: (+1)     sched_switch:         kworker/u129:32:2621 [120] I ==> htop:2789 [120]
          cg.C.x-3579  [038]     0.814737: (+1)     sched_switch:         cg.C.x:3579 [120] R ==> sshd:2656 [120]
            htop-2789  [008]     0.814750: (+13)    sched_waking:         comm=kworker/u129:32 pid=2621 prio=120 target_cpu=008
            htop-2789  [008]     0.814751: (+1)     sched_wakeup:         kworker/u129:32:2621 [120] CPU:008
            htop-2789  [008]     0.814752: (+1)     sched_switch:         htop:2789 [120] R ==> kworker/u129:32:2621 [120]
 kworker/u129:32-2621  [008]     0.814754: (+2)     sched_switch:         kworker/u129:32:2621 [120] I ==> htop:2789 [120]
            htop-2789  [008]     0.814757: (+3)     sched_waking:         comm=kworker/u129:32 pid=2621 prio=120 target_cpu=008
            htop-2789  [008]     0.814758: (+1)     sched_wakeup:         kworker/u129:32:2621 [120] CPU:008
            htop-2789  [008]     0.814759: (+1)     sched_switch:         htop:2789 [120] R ==> kworker/u129:32:2621 [120]
 kworker/u129:32-2621  [008]     0.814761: (+2)     sched_switch:         kworker/u129:32:2621 [120] I ==> htop:2789 [120]
            sshd-2656  [038]     0.814762: (+1)     sched_switch:         sshd:2656 [120] S ==> cg.C.x:3579 [120]
            sshd-1964  [004]     0.814763: (+1)     sched_switch:         sshd:1964 [120] S ==> cg.C.x:3562 [120]
            htop-2789  [008]     0.814774: (+11)    sched_waking:         comm=kworker/u129:32 pid=2621 prio=120 target_cpu=008
            htop-2789  [008]     0.814775: (+1)     sched_wakeup:         kworker/u129:32:2621 [120] CPU:008
            htop-2789  [008]     0.814776: (+1)     sched_switch:         htop:2789 [120] R ==> kworker/u129:32:2621 [120]
 kworker/u129:32-2621  [008]     0.814778: (+2)     sched_switch:         kworker/u129:32:2621 [120] I ==> htop:2789 [120]
            htop-2789  [008]     0.814781: (+3)     sched_waking:         comm=kworker/u129:32 pid=2621 prio=120 target_cpu=008
            htop-2789  [008]     0.814782: (+1)     sched_wakeup:         kworker/u129:32:2621 [120] CPU:008
            htop-2789  [008]     0.814783: (+1)     sched_switch:         htop:2789 [120] R ==> kworker/u129:32:2621 [120]
 kworker/u129:32-2621  [008]     0.814785: (+2)     sched_switch:         kworker/u129:32:2621 [120] I ==> htop:2789 [120]
            htop-2789  [008]     0.814794: (+9)     sched_waking:         comm=kworker/u129:32 pid=2621 prio=120 target_cpu=008
            htop-2789  [008]     0.814794: (+0)     sched_wakeup:         kworker/u129:32:2621 [120] CPU:008
            htop-2789  [008]     0.814796: (+2)     sched_switch:         htop:2789 [120] R ==> kworker/u129:32:2621 [120]
 kworker/u129:32-2621  [008]     0.814797: (+1)     sched_switch:         kworker/u129:32:2621 [120] I ==> htop:2789 [120]
            htop-2789  [008]     0.814809: (+12)    sched_waking:         comm=kworker/u129:32 pid=2621 prio=120 target_cpu=008
            htop-2789  [008]     0.814810: (+1)     sched_wakeup:         kworker/u129:32:2621 [120] CPU:008
            htop-2789  [008]     0.814811: (+1)     sched_switch:         htop:2789 [120] R ==> kworker/u129:32:2621 [120]
 kworker/u129:32-2621  [008]     0.814813: (+2)     sched_switch:         kworker/u129:32:2621 [120] I ==> htop:2789 [120]
            htop-2789  [008]     0.814816: (+3)     sched_waking:         comm=kworker/u129:32 pid=2621 prio=120 target_cpu=008
            htop-2789  [008]     0.814817: (+1)     sched_wakeup:         kworker/u129:32:2621 [120] CPU:008
            htop-2789  [008]     0.814818: (+1)     sched_switch:         htop:2789 [120] R ==> kworker/u129:32:2621 [120]
 kworker/u129:32-2621  [008]     0.814820: (+2)     sched_switch:         kworker/u129:32:2621 [120] I ==> htop:2789 [120]
    tmux: server-2328  [000]     0.814823: (+3)     sched_waking:         comm=kworker/u129:32 pid=2621 prio=120 target_cpu=008
    tmux: server-2328  [000]     0.814824: (+1)     sched_wakeup:         kworker/u129:32:2621 [120] CPU:008
            htop-2789  [008]     0.814826: (+2)     sched_switch:         htop:2789 [120] R ==> kworker/u129:32:2621 [120]
 kworker/u129:32-2621  [008]     0.814828: (+2)     sched_waking:         comm=sshd pid=1964 prio=120 target_cpu=004
 kworker/u129:32-2621  [008]     0.814830: (+2)     sched_wakeup:         sshd:1964 [120] CPU:004
 kworker/u129:32-2621  [008]     0.814832: (+2)     sched_waking:         comm=sshd pid=2656 prio=120 target_cpu=038
          cg.C.x-3562  [004]     0.814832: (+0)     sched_switch:         cg.C.x:3562 [120] R ==> sshd:1964 [120]
 kworker/u129:32-2621  [008]     0.814834: (+2)     sched_wakeup:         sshd:2656 [120] CPU:038
 kworker/u129:32-2621  [008]     0.814836: (+2)     sched_switch:         kworker/u129:32:2621 [120] I ==> htop:2789 [120]
          cg.C.x-3579  [038]     0.814837: (+1)     sched_switch:         cg.C.x:3579 [120] R ==> sshd:2656 [120]
            htop-2789  [008]     0.814847: (+10)    sched_waking:         comm=kworker/u129:32 pid=2621 prio=120 target_cpu=008
            htop-2789  [008]     0.814848: (+1)     sched_wakeup:         kworker/u129:32:2621 [120] CPU:008
            htop-2789  [008]     0.814849: (+1)     sched_switch:         htop:2789 [120] R ==> kworker/u129:32:2621 [120]
 kworker/u129:32-2621  [008]     0.814851: (+2)     sched_switch:         kworker/u129:32:2621 [120] I ==> htop:2789 [120]
            htop-2789  [008]     0.814854: (+3)     sched_waking:         comm=kworker/u129:32 pid=2621 prio=120 target_cpu=008
            htop-2789  [008]     0.814855: (+1)     sched_wakeup:         kworker/u129:32:2621 [120] CPU:008
            htop-2789  [008]     0.814856: (+1)     sched_switch:         htop:2789 [120] R ==> kworker/u129:32:2621 [120]
 kworker/u129:32-2621  [008]     0.814858: (+2)     sched_switch:         kworker/u129:32:2621 [120] I ==> htop:2789 [120]
            sshd-1964  [004]     0.814858: (+0)     sched_switch:         sshd:1964 [120] S ==> cg.C.x:3562 [120]
            sshd-2656  [038]     0.814862: (+4)     sched_switch:         sshd:2656 [120] S ==> cg.C.x:3579 [120]
    tmux: server-2328  [000]     0.814863: (+1)     sched_waking:         comm=kworker/u129:32 pid=2621 prio=120 target_cpu=008
    tmux: server-2328  [000]     0.814864: (+1)     sched_wakeup:         kworker/u129:32:2621 [120] CPU:008
            htop-2789  [008]     0.814866: (+2)     sched_switch:         htop:2789 [120] R ==> kworker/u129:32:2621 [120]
 kworker/u129:32-2621  [008]     0.814868: (+2)     sched_waking:         comm=sshd pid=1964 prio=120 target_cpu=004
 kworker/u129:32-2621  [008]     0.814870: (+2)     sched_wakeup:         sshd:1964 [120] CPU:004
 kworker/u129:32-2621  [008]     0.814871: (+1)     sched_waking:         comm=sshd pid=2656 prio=120 target_cpu=038
          cg.C.x-3562  [004]     0.814872: (+1)     sched_switch:         cg.C.x:3562 [120] R ==> sshd:1964 [120]
 kworker/u129:32-2621  [008]     0.814874: (+2)     sched_wakeup:         sshd:2656 [120] CPU:038
 kworker/u129:32-2621  [008]     0.814876: (+2)     sched_switch:         kworker/u129:32:2621 [120] I ==> htop:2789 [120]
    tmux: server-2328  [000]     0.814876: (+0)     sched_waking:         comm=kworker/u129:32 pid=2621 prio=120 target_cpu=008
          cg.C.x-3579  [038]     0.814876: (+0)     sched_switch:         cg.C.x:3579 [120] R ==> sshd:2656 [120]
    tmux: server-2328  [000]     0.814877: (+1)     sched_wakeup:         kworker/u129:32:2621 [120] CPU:008
            htop-2789  [008]     0.814879: (+2)     sched_switch:         htop:2789 [120] R ==> kworker/u129:32:2621 [120]
 kworker/u129:32-2621  [008]     0.814882: (+3)     sched_switch:         kworker/u129:32:2621 [120] I ==> htop:2789 [120]
            htop-2789  [008]     0.814890: (+8)     sched_waking:         comm=kworker/u129:32 pid=2621 prio=120 target_cpu=008
            htop-2789  [008]     0.814891: (+1)     sched_wakeup:         kworker/u129:32:2621 [120] CPU:008
            htop-2789  [008]     0.814892: (+1)     sched_switch:         htop:2789 [120] R ==> kworker/u129:32:2621 [120]
 kworker/u129:32-2621  [008]     0.814894: (+2)     sched_switch:         kworker/u129:32:2621 [120] I ==> htop:2789 [120]
            htop-2789  [008]     0.814897: (+3)     sched_waking:         comm=kworker/u129:32 pid=2621 prio=120 target_cpu=008
            sshd-2656  [038]     0.814897: (+0)     sched_switch:         sshd:2656 [120] S ==> cg.C.x:3579 [120]
            htop-2789  [008]     0.814898: (+1)     sched_wakeup:         kworker/u129:32:2621 [120] CPU:008
            htop-2789  [008]     0.814899: (+1)     sched_switch:         htop:2789 [120] R ==> kworker/u129:32:2621 [120]
 kworker/u129:32-2621  [008]     0.814901: (+2)     sched_switch:         kworker/u129:32:2621 [120] I ==> htop:2789 [120]
            sshd-1964  [004]     0.814906: (+5)     sched_switch:         sshd:1964 [120] S ==> cg.C.x:3562 [120]
    tmux: server-2328  [000]     0.814912: (+6)     sched_waking:         comm=kworker/u129:32 pid=2621 prio=120 target_cpu=008
    tmux: server-2328  [000]     0.814914: (+2)     sched_wakeup:         kworker/u129:32:2621 [120] CPU:008
            htop-2789  [008]     0.814916: (+2)     sched_switch:         htop:2789 [120] R ==> kworker/u129:32:2621 [120]
 kworker/u129:32-2621  [008]     0.814918: (+2)     sched_waking:         comm=sshd pid=2656 prio=120 target_cpu=038
 kworker/u129:32-2621  [008]     0.814920: (+2)     sched_wakeup:         sshd:2656 [120] CPU:038
 kworker/u129:32-2621  [008]     0.814922: (+2)     sched_switch:         kworker/u129:32:2621 [120] I ==> htop:2789 [120]
          cg.C.x-3579  [038]     0.814923: (+1)     sched_switch:         cg.C.x:3579 [120] R ==> sshd:2656 [120]
            htop-2789  [008]     0.814925: (+2)     sched_waking:         comm=kworker/u129:32 pid=2621 prio=120 target_cpu=008
            htop-2789  [008]     0.814926: (+1)     sched_wakeup:         kworker/u129:32:2621 [120] CPU:008
            htop-2789  [008]     0.814927: (+1)     sched_switch:         htop:2789 [120] R ==> kworker/u129:32:2621 [120]
 kworker/u129:32-2621  [008]     0.814929: (+2)     sched_switch:         kworker/u129:32:2621 [120] I ==> htop:2789 [120]
    tmux: server-2328  [000]     0.814940: (+11)    sched_waking:         comm=kworker/u129:32 pid=2621 prio=120 target_cpu=008
    tmux: server-2328  [000]     0.814942: (+2)     sched_wakeup:         kworker/u129:32:2621 [120] CPU:008
            htop-2789  [008]     0.814943: (+1)     sched_switch:         htop:2789 [120] R ==> kworker/u129:32:2621 [120]
            sshd-2656  [038]     0.814944: (+1)     sched_switch:         sshd:2656 [120] S ==> cg.C.x:3579 [120]
 kworker/u129:32-2621  [008]     0.814945: (+1)     sched_waking:         comm=sshd pid=1964 prio=120 target_cpu=004
 kworker/u129:32-2621  [008]     0.814948: (+3)     sched_wakeup:         sshd:1964 [120] CPU:004
          cg.C.x-3562  [004]     0.814949: (+1)     sched_switch:         cg.C.x:3562 [120] R ==> sshd:1964 [120]
 kworker/u129:32-2621  [008]     0.814949: (+0)     sched_switch:         kworker/u129:32:2621 [120] I ==> htop:2789 [120]
            htop-2789  [008]     0.814952: (+3)     sched_waking:         comm=kworker/u129:32 pid=2621 prio=120 target_cpu=008
            htop-2789  [008]     0.814953: (+1)     sched_wakeup:         kworker/u129:32:2621 [120] CPU:008
            htop-2789  [008]     0.814955: (+2)     sched_switch:         htop:2789 [120] R ==> kworker/u129:32:2621 [120]
 kworker/u129:32-2621  [008]     0.814957: (+2)     sched_switch:         kworker/u129:32:2621 [120] I ==> htop:2789 [120]
            htop-2789  [008]     0.814960: (+3)     sched_waking:         comm=kworker/u129:32 pid=2621 prio=120 target_cpu=008
            htop-2789  [008]     0.814960: (+0)     sched_wakeup:         kworker/u129:32:2621 [120] CPU:008
            htop-2789  [008]     0.814962: (+2)     sched_switch:         htop:2789 [120] R ==> kworker/u129:32:2621 [120]
 kworker/u129:32-2621  [008]     0.814963: (+1)     sched_switch:         kworker/u129:32:2621 [120] I ==> htop:2789 [120]
            sshd-1964  [004]     0.814974: (+11)    sched_switch:         sshd:1964 [120] S ==> cg.C.x:3562 [120]
    tmux: server-2328  [000]     0.814975: (+1)     sched_waking:         comm=kworker/u129:32 pid=2621 prio=120 target_cpu=008
    tmux: server-2328  [000]     0.814977: (+2)     sched_wakeup:         kworker/u129:32:2621 [120] CPU:008
            htop-2789  [008]     0.814979: (+2)     sched_switch:         htop:2789 [120] R ==> kworker/u129:32:2621 [120]
 kworker/u129:32-2621  [008]     0.814980: (+1)     sched_waking:         comm=sshd pid=1964 prio=120 target_cpu=004
 kworker/u129:32-2621  [008]     0.814983: (+3)     sched_wakeup:         sshd:1964 [120] CPU:004
 kworker/u129:32-2621  [008]     0.814984: (+1)     sched_waking:         comm=sshd pid=2656 prio=120 target_cpu=038
          cg.C.x-3562  [004]     0.814985: (+1)     sched_switch:         cg.C.x:3562 [120] R ==> sshd:1964 [120]
 kworker/u129:32-2621  [008]     0.814987: (+2)     sched_wakeup:         sshd:2656 [120] CPU:038
    tmux: server-2328  [000]     0.814989: (+2)     sched_waking:         comm=kworker/u129:32 pid=2621 prio=120 target_cpu=008
 kworker/u129:32-2621  [008]     0.814989: (+0)     sched_switch:         kworker/u129:32:2621 [120] I ==> htop:2789 [120]
          cg.C.x-3579  [038]     0.814989: (+0)     sched_switch:         cg.C.x:3579 [120] R ==> sshd:2656 [120]
    tmux: server-2328  [000]     0.814991: (+2)     sched_wakeup:         kworker/u129:32:2621 [120] CPU:008
            htop-2789  [008]     0.814993: (+2)     sched_switch:         htop:2789 [120] R ==> kworker/u129:32:2621 [120]
 kworker/u129:32-2621  [008]     0.814996: (+3)     sched_switch:         kworker/u129:32:2621 [120] I ==> htop:2789 [120]
            htop-2789  [008]     0.814999: (+3)     sched_waking:         comm=kworker/u129:32 pid=2621 prio=120 target_cpu=008
            htop-2789  [008]     0.815000: (+1)     sched_wakeup:         kworker/u129:32:2621 [120] CPU:008
            htop-2789  [008]     0.815001: (+1)     sched_switch:         htop:2789 [120] R ==> kworker/u129:32:2621 [120]
 kworker/u129:32-2621  [008]     0.815003: (+2)     sched_switch:         kworker/u129:32:2621 [120] I ==> htop:2789 [120]
            sshd-1964  [004]     0.815009: (+6)     sched_switch:         sshd:1964 [120] S ==> cg.C.x:3562 [120]
            sshd-2656  [038]     0.815014: (+5)     sched_switch:         sshd:2656 [120] S ==> cg.C.x:3579 [120]
    tmux: server-2328  [000]     0.815016: (+2)     sched_waking:         comm=kworker/u129:32 pid=2621 prio=120 target_cpu=008
    tmux: server-2328  [000]     0.815017: (+1)     sched_wakeup:         kworker/u129:32:2621 [120] CPU:008
            htop-2789  [008]     0.815019: (+2)     sched_switch:         htop:2789 [120] R ==> kworker/u129:32:2621 [120]
 kworker/u129:32-2621  [008]     0.815021: (+2)     sched_waking:         comm=sshd pid=1964 prio=120 target_cpu=004
 kworker/u129:32-2621  [008]     0.815023: (+2)     sched_wakeup:         sshd:1964 [120] CPU:004
          cg.C.x-3562  [004]     0.815025: (+2)     sched_switch:         cg.C.x:3562 [120] R ==> sshd:1964 [120]
 kworker/u129:32-2621  [008]     0.815025: (+0)     sched_switch:         kworker/u129:32:2621 [120] I ==> htop:2789 [120]
    tmux: server-2328  [000]     0.815026: (+1)     sched_waking:         comm=kworker/u129:32 pid=2621 prio=120 target_cpu=008
    tmux: server-2328  [000]     0.815028: (+2)     sched_wakeup:         kworker/u129:32:2621 [120] CPU:008
            htop-2789  [008]     0.815030: (+2)     sched_switch:         htop:2789 [120] R ==> kworker/u129:32:2621 [120]
 kworker/u129:32-2621  [008]     0.815031: (+1)     sched_waking:         comm=sshd pid=2656 prio=120 target_cpu=038
 kworker/u129:32-2621  [008]     0.815034: (+3)     sched_wakeup:         sshd:2656 [120] CPU:038
 kworker/u129:32-2621  [008]     0.815035: (+1)     sched_switch:         kworker/u129:32:2621 [120] I ==> htop:2789 [120]
          cg.C.x-3579  [038]     0.815036: (+1)     sched_switch:         cg.C.x:3579 [120] R ==> sshd:2656 [120]
            htop-2789  [008]     0.815036: (+0)     sched_waking:         comm=kworker/u129:32 pid=2621 prio=120 target_cpu=008
            htop-2789  [008]     0.815037: (+1)     sched_wakeup:         kworker/u129:32:2621 [120] CPU:008
            htop-2789  [008]     0.815038: (+1)     sched_switch:         htop:2789 [120] R ==> kworker/u129:32:2621 [120]
 kworker/u129:32-2621  [008]     0.815040: (+2)     sched_switch:         kworker/u129:32:2621 [120] I ==> htop:2789 [120]
            sshd-1964  [004]     0.815050: (+10)    sched_switch:         sshd:1964 [120] S ==> cg.C.x:3562 [120]
            htop-2789  [008]     0.815054: (+4)     sched_waking:         comm=kworker/u129:32 pid=2621 prio=120 target_cpu=008
            htop-2789  [008]     0.815055: (+1)     sched_wakeup:         kworker/u129:32:2621 [120] CPU:008
            htop-2789  [008]     0.815056: (+1)     sched_switch:         htop:2789 [120] R ==> kworker/u129:32:2621 [120]
 kworker/u129:32-2621  [008]     0.815059: (+3)     sched_switch:         kworker/u129:32:2621 [120] I ==> htop:2789 [120]
            sshd-2656  [038]     0.815060: (+1)     sched_switch:         sshd:2656 [120] S ==> cg.C.x:3579 [120]
            htop-2789  [008]     0.815061: (+1)     sched_waking:         comm=kworker/u129:32 pid=2621 prio=120 target_cpu=008
            htop-2789  [008]     0.815062: (+1)     sched_wakeup:         kworker/u129:32:2621 [120] CPU:008
            htop-2789  [008]     0.815064: (+2)     sched_switch:         htop:2789 [120] R ==> kworker/u129:32:2621 [120]
 kworker/u129:32-2621  [008]     0.815066: (+2)     sched_switch:         kworker/u129:32:2621 [120] I ==> htop:2789 [120]
    tmux: server-2328  [000]     0.815071: (+5)     sched_waking:         comm=kworker/u129:32 pid=2621 prio=120 target_cpu=008
    tmux: server-2328  [000]     0.815073: (+2)     sched_wakeup:         kworker/u129:32:2621 [120] CPU:008
            htop-2789  [008]     0.815075: (+2)     sched_switch:         htop:2789 [120] R ==> kworker/u129:32:2621 [120]
 kworker/u129:32-2621  [008]     0.815076: (+1)     sched_waking:         comm=sshd pid=1964 prio=120 target_cpu=004
 kworker/u129:32-2621  [008]     0.815079: (+3)     sched_wakeup:         sshd:1964 [120] CPU:004
 kworker/u129:32-2621  [008]     0.815080: (+1)     sched_switch:         kworker/u129:32:2621 [120] I ==> htop:2789 [120]
          cg.C.x-3562  [004]     0.815081: (+1)     sched_switch:         cg.C.x:3562 [120] R ==> sshd:1964 [120]
    tmux: server-2328  [000]     0.815082: (+1)     sched_waking:         comm=kworker/u129:32 pid=2621 prio=120 target_cpu=008
    tmux: server-2328  [000]     0.815084: (+2)     sched_wakeup:         kworker/u129:32:2621 [120] CPU:008
            htop-2789  [008]     0.815086: (+2)     sched_switch:         htop:2789 [120] R ==> kworker/u129:32:2621 [120]
 kworker/u129:32-2621  [008]     0.815088: (+2)     sched_waking:         comm=sshd pid=2656 prio=120 target_cpu=038
 kworker/u129:32-2621  [008]     0.815091: (+3)     sched_wakeup:         sshd:2656 [120] CPU:038
 kworker/u129:32-2621  [008]     0.815093: (+2)     sched_switch:         kworker/u129:32:2621 [120] I ==> htop:2789 [120]
          cg.C.x-3579  [038]     0.815093: (+0)     sched_switch:         cg.C.x:3579 [120] R ==> sshd:2656 [120]
            htop-2789  [008]     0.815098: (+5)     sched_waking:         comm=kworker/u129:32 pid=2621 prio=120 target_cpu=008
            htop-2789  [008]     0.815099: (+1)     sched_wakeup:         kworker/u129:32:2621 [120] CPU:008
            htop-2789  [008]     0.815100: (+1)     sched_switch:         htop:2789 [120] R ==> kworker/u129:32:2621 [120]
 kworker/u129:32-2621  [008]     0.815102: (+2)     sched_switch:         kworker/u129:32:2621 [120] I ==> htop:2789 [120]
            htop-2789  [008]     0.815105: (+3)     sched_waking:         comm=kworker/u129:32 pid=2621 prio=120 target_cpu=008
            htop-2789  [008]     0.815106: (+1)     sched_wakeup:         kworker/u129:32:2621 [120] CPU:008
            htop-2789  [008]     0.815107: (+1)     sched_switch:         htop:2789 [120] R ==> kworker/u129:32:2621 [120]
 kworker/u129:32-2621  [008]     0.815109: (+2)     sched_switch:         kworker/u129:32:2621 [120] I ==> htop:2789 [120]
            sshd-2656  [038]     0.815118: (+9)     sched_switch:         sshd:2656 [120] S ==> cg.C.x:3579 [120]
            sshd-1964  [004]     0.815119: (+1)     sched_switch:         sshd:1964 [120] S ==> cg.C.x:3562 [120]
            htop-2789  [008]     0.815122: (+3)     sched_waking:         comm=kworker/u129:32 pid=2621 prio=120 target_cpu=008
            htop-2789  [008]     0.815123: (+1)     sched_wakeup:         kworker/u129:32:2621 [120] CPU:008
            htop-2789  [008]     0.815125: (+2)     sched_switch:         htop:2789 [120] R ==> kworker/u129:32:2621 [120]
 kworker/u129:32-2621  [008]     0.815127: (+2)     sched_switch:         kworker/u129:32:2621 [120] I ==> htop:2789 [120]
            htop-2789  [008]     0.815145: (+18)    sched_waking:         comm=kworker/u129:32 pid=2621 prio=120 target_cpu=008
            htop-2789  [008]     0.815145: (+0)     sched_wakeup:         kworker/u129:32:2621 [120] CPU:008
            htop-2789  [008]     0.815147: (+2)     sched_switch:         htop:2789 [120] R ==> kworker/u129:32:2621 [120]
 kworker/u129:32-2621  [008]     0.815149: (+2)     sched_waking:         comm=sshd pid=1964 prio=120 target_cpu=004
 kworker/u129:32-2621  [008]     0.815151: (+2)     sched_wakeup:         sshd:1964 [120] CPU:004
 kworker/u129:32-2621  [008]     0.815152: (+1)     sched_waking:         comm=sshd pid=2656 prio=120 target_cpu=038
          cg.C.x-3562  [004]     0.815153: (+1)     sched_switch:         cg.C.x:3562 [120] R ==> sshd:1964 [120]
 kworker/u129:32-2621  [008]     0.815155: (+2)     sched_wakeup:         sshd:2656 [120] CPU:038
 kworker/u129:32-2621  [008]     0.815157: (+2)     sched_switch:         kworker/u129:32:2621 [120] I ==> htop:2789 [120]
          cg.C.x-3579  [038]     0.815157: (+0)     sched_switch:         cg.C.x:3579 [120] R ==> sshd:2656 [120]
    tmux: server-2328  [000]     0.815159: (+2)     sched_waking:         comm=kworker/u129:32 pid=2621 prio=120 target_cpu=008
    tmux: server-2328  [000]     0.815161: (+2)     sched_wakeup:         kworker/u129:32:2621 [120] CPU:008
            htop-2789  [008]     0.815163: (+2)     sched_switch:         htop:2789 [120] R ==> kworker/u129:32:2621 [120]
 kworker/u129:32-2621  [008]     0.815167: (+4)     sched_switch:         kworker/u129:32:2621 [120] I ==> htop:2789 [120]
            htop-2789  [008]     0.815180: (+13)    sched_waking:         comm=kworker/u129:32 pid=2621 prio=120 target_cpu=008
            htop-2789  [008]     0.815181: (+1)     sched_wakeup:         kworker/u129:32:2621 [120] CPU:008
            htop-2789  [008]     0.815182: (+1)     sched_switch:         htop:2789 [120] R ==> kworker/u129:32:2621 [120]
 kworker/u129:32-2621  [008]     0.815184: (+2)     sched_switch:         kworker/u129:32:2621 [120] I ==> htop:2789 [120]
            htop-2789  [008]     0.815188: (+4)     sched_waking:         comm=kworker/u129:32 pid=2621 prio=120 target_cpu=008
            htop-2789  [008]     0.815189: (+1)     sched_wakeup:         kworker/u129:32:2621 [120] CPU:008
            htop-2789  [008]     0.815190: (+1)     sched_switch:         htop:2789 [120] R ==> kworker/u129:32:2621 [120]
            sshd-1964  [004]     0.815191: (+1)     sched_switch:         sshd:1964 [120] S ==> cg.C.x:3562 [120]
 kworker/u129:32-2621  [008]     0.815192: (+1)     sched_switch:         kworker/u129:32:2621 [120] I ==> htop:2789 [120]
            sshd-2656  [038]     0.815194: (+2)     sched_switch:         sshd:2656 [120] S ==> cg.C.x:3579 [120]
            htop-2789  [008]     0.815196: (+2)     sched_waking:         comm=kworker/u129:32 pid=2621 prio=120 target_cpu=008
            htop-2789  [008]     0.815197: (+1)     sched_wakeup:         kworker/u129:32:2621 [120] CPU:008
            htop-2789  [008]     0.815198: (+1)     sched_switch:         htop:2789 [120] R ==> kworker/u129:32:2621 [120]
 kworker/u129:32-2621  [008]     0.815200: (+2)     sched_switch:         kworker/u129:32:2621 [120] I ==> htop:2789 [120]
            htop-2789  [008]     0.815210: (+10)    sched_waking:         comm=kworker/u129:32 pid=2621 prio=120 target_cpu=008
            htop-2789  [008]     0.815211: (+1)     sched_wakeup:         kworker/u129:32:2621 [120] CPU:008
            htop-2789  [008]     0.815212: (+1)     sched_switch:         htop:2789 [120] R ==> kworker/u129:32:2621 [120]
 kworker/u129:32-2621  [008]     0.815214: (+2)     sched_switch:         kworker/u129:32:2621 [120] I ==> htop:2789 [120]
    tmux: server-2328  [000]     0.815217: (+3)     sched_waking:         comm=kworker/u129:32 pid=2621 prio=120 target_cpu=008
    tmux: server-2328  [000]     0.815218: (+1)     sched_wakeup:         kworker/u129:32:2621 [120] CPU:008
            htop-2789  [008]     0.815220: (+2)     sched_switch:         htop:2789 [120] R ==> kworker/u129:32:2621 [120]
 kworker/u129:32-2621  [008]     0.815222: (+2)     sched_waking:         comm=sshd pid=1964 prio=120 target_cpu=004
 kworker/u129:32-2621  [008]     0.815225: (+3)     sched_wakeup:         sshd:1964 [120] CPU:004
          cg.C.x-3562  [004]     0.815227: (+2)     sched_switch:         cg.C.x:3562 [120] R ==> sshd:1964 [120]
 kworker/u129:32-2621  [008]     0.815227: (+0)     sched_waking:         comm=sshd pid=2656 prio=120 target_cpu=038
 kworker/u129:32-2621  [008]     0.815229: (+2)     sched_wakeup:         sshd:2656 [120] CPU:038
 kworker/u129:32-2621  [008]     0.815231: (+2)     sched_switch:         kworker/u129:32:2621 [120] I ==> htop:2789 [120]
          cg.C.x-3579  [038]     0.815231: (+0)     sched_switch:         cg.C.x:3579 [120] R ==> sshd:2656 [120]
            htop-2789  [008]     0.815235: (+4)     sched_waking:         comm=kworker/u129:32 pid=2621 prio=120 target_cpu=008
            htop-2789  [008]     0.815235: (+0)     sched_wakeup:         kworker/u129:32:2621 [120] CPU:008
            htop-2789  [008]     0.815237: (+2)     sched_switch:         htop:2789 [120] R ==> kworker/u129:32:2621 [120]
 kworker/u129:32-2621  [008]     0.815239: (+2)     sched_switch:         kworker/u129:32:2621 [120] I ==> htop:2789 [120]
            htop-2789  [008]     0.815249: (+10)    sched_waking:         comm=kworker/u129:32 pid=2621 prio=120 target_cpu=008
            htop-2789  [008]     0.815250: (+1)     sched_wakeup:         kworker/u129:32:2621 [120] CPU:008
            htop-2789  [008]     0.815251: (+1)     sched_switch:         htop:2789 [120] R ==> kworker/u129:32:2621 [120]
            sshd-1964  [004]     0.815252: (+1)     sched_switch:         sshd:1964 [120] S ==> cg.C.x:3562 [120]
 kworker/u129:32-2621  [008]     0.815253: (+1)     sched_switch:         kworker/u129:32:2621 [120] I ==> htop:2789 [120]
            sshd-2656  [038]     0.815256: (+3)     sched_switch:         sshd:2656 [120] S ==> cg.C.x:3579 [120]
            htop-2789  [008]     0.815257: (+1)     sched_waking:         comm=kworker/u129:32 pid=2621 prio=120 target_cpu=008
            htop-2789  [008]     0.815258: (+1)     sched_wakeup:         kworker/u129:32:2621 [120] CPU:008
            htop-2789  [008]     0.815259: (+1)     sched_switch:         htop:2789 [120] R ==> kworker/u129:32:2621 [120]
 kworker/u129:32-2621  [008]     0.815260: (+1)     sched_switch:         kworker/u129:32:2621 [120] I ==> htop:2789 [120]
            htop-2789  [008]     0.815268: (+8)     sched_waking:         comm=kworker/u129:32 pid=2621 prio=120 target_cpu=008
            htop-2789  [008]     0.815269: (+1)     sched_wakeup:         kworker/u129:32:2621 [120] CPU:008
            htop-2789  [008]     0.815271: (+2)     sched_switch:         htop:2789 [120] R ==> kworker/u129:32:2621 [120]
 kworker/u129:32-2621  [008]     0.815273: (+2)     sched_waking:         comm=sshd pid=1964 prio=120 target_cpu=004
 kworker/u129:32-2621  [008]     0.815275: (+2)     sched_wakeup:         sshd:1964 [120] CPU:004
 kworker/u129:32-2621  [008]     0.815277: (+2)     sched_waking:         comm=sshd pid=2656 prio=120 target_cpu=038
          cg.C.x-3562  [004]     0.815277: (+0)     sched_switch:         cg.C.x:3562 [120] R ==> sshd:1964 [120]
 kworker/u129:32-2621  [008]     0.815279: (+2)     sched_wakeup:         sshd:2656 [120] CPU:038
 kworker/u129:32-2621  [008]     0.815281: (+2)     sched_switch:         kworker/u129:32:2621 [120] I ==> htop:2789 [120]
          cg.C.x-3579  [038]     0.815282: (+1)     sched_switch:         cg.C.x:3579 [120] R ==> sshd:2656 [120]
            htop-2789  [008]     0.815292: (+10)    sched_waking:         comm=kworker/u129:32 pid=2621 prio=120 target_cpu=008
            htop-2789  [008]     0.815293: (+1)     sched_wakeup:         kworker/u129:32:2621 [120] CPU:008
            htop-2789  [008]     0.815294: (+1)     sched_switch:         htop:2789 [120] R ==> kworker/u129:32:2621 [120]
 kworker/u129:32-2621  [008]     0.815297: (+3)     sched_switch:         kworker/u129:32:2621 [120] I ==> htop:2789 [120]
            htop-2789  [008]     0.815300: (+3)     sched_waking:         comm=kworker/u129:32 pid=2621 prio=120 target_cpu=008
            htop-2789  [008]     0.815301: (+1)     sched_wakeup:         kworker/u129:32:2621 [120] CPU:008
            htop-2789  [008]     0.815302: (+1)     sched_switch:         htop:2789 [120] R ==> kworker/u129:32:2621 [120]
