          cg.C.x-2561  [041]     1.006206: (+1)     bprint:               do_huge_pmd_numa_page: NUMAB MEM ACCESS huge page process[nid:1, cpu:41, pid:2561], folio[virt:0x7fe288f6c3d8, ker:0xffff9fda8fc00000, pfn:0x1a4fc00, nid:1, npages:512]
          cg.C.x-2522  [026]     1.006206: (+0)     bprint:               change_prot_numa: NUMAB SCAN vma[start:0x7fe28b8f4000, end:0x7fe28b901000, from:0x7fe28b8f4000, to:0x7fe28b901000, size:52 KB]
          cg.C.x-2510  [002]     1.006207: (+1)     bprint:               __handle_mm_fault: NUMAB MEM ACCESS process[nid:0, cpu:2, pid:2510], folio[virt:0x7fe28b649dbc, phys:0x13164f000, pfn:0x13164f, nid:0, npages:1]
          cg.C.x-2571  [061]     1.006209: (+2)     bprint:               do_huge_pmd_numa_page: NUMAB MEM ACCESS huge page process[nid:1, cpu:61, pid:2571], folio[virt:0x7fe28a4ed76c, ker:0xffff9fdabb800000, pfn:0x1a7b800, nid:1, npages:512]
          cg.C.x-2536  [054]     1.006209: (+0)     bprint:               __handle_mm_fault: NUMAB MEM ACCESS process[nid:0, cpu:54, pid:2536], folio[virt:0x7fe28b6855e8, phys:0x115723000, pfn:0x115723, nid:0, npages:1]
          cg.C.x-2509  [000]     1.006211: (+2)     bprint:               __handle_mm_fault: NUMAB MEM ACCESS process[nid:0, cpu:0, pid:2509], folio[virt:0x7fe28b647814, phys:0x171c75000, pfn:0x171c75, nid:0, npages:1]
          cg.C.x-2543  [005]     1.006211: (+0)     bprint:               do_huge_pmd_numa_page: NUMAB MEM ACCESS huge page process[nid:1, cpu:5, pid:2543], folio[virt:0x7fe2868b1844, ker:0xffff9fda8d400000, pfn:0x1a4d400, nid:1, npages:512]
          cg.C.x-2526  [034]     1.006213: (+2)     bprint:               __handle_mm_fault: NUMAB MEM ACCESS process[nid:0, cpu:34, pid:2526], folio[virt:0x7fe28b66e804, phys:0x12285b000, pfn:0x12285b, nid:0, npages:1]
          cg.C.x-2555  [029]     1.006214: (+1)     bprint:               do_huge_pmd_numa_page: NUMAB MEM ACCESS huge page process[nid:1, cpu:29, pid:2555], folio[virt:0x7fe28827acac, ker:0xffff9fda6fc00000, pfn:0x1a2fc00, nid:1, npages:512]
          cg.C.x-2535  [052]     1.006214: (+0)     bprint:               __handle_mm_fault: NUMAB MEM ACCESS process[nid:0, cpu:52, pid:2535], folio[virt:0x7fe28b6831c0, phys:0x122289000, pfn:0x122289, nid:0, npages:1]
          cg.C.x-2538  [058]     1.006220: (+6)     bprint:               do_huge_pmd_numa_page: NUMAB MEM ACCESS huge page process[nid:0, cpu:58, pid:2538], folio[virt:0x7fe285e00000, ker:0xffff9fc168400000, pfn:0x128400, nid:0, npages:512]
          cg.C.x-2552  [023]     1.006221: (+1)     bprint:               do_huge_pmd_numa_page: NUMAB MEM ACCESS huge page process[nid:1, cpu:23, pid:2552], folio[virt:0x7fe287c00000, ker:0xffff9fda6f200000, pfn:0x1a2f200, nid:1, npages:512]
          cg.C.x-2541  [001]     1.006221: (+0)     bprint:               __handle_mm_fault: NUMAB MEM ACCESS process[nid:1, cpu:1, pid:2541], folio[virt:0x7fe28b690bfc, phys:0x1858504000, pfn:0x1858504, nid:1, npages:1]
          cg.C.x-2570  [059]     1.006223: (+2)     bprint:               __handle_mm_fault: NUMAB MEM ACCESS process[nid:1, cpu:59, pid:2570], folio[virt:0x7fe28b6d3240, phys:0x1857462000, pfn:0x1857462, nid:1, npages:1]
          cg.C.x-2554  [027]     1.006225: (+2)     bprint:               __handle_mm_fault: NUMAB MEM ACCESS process[nid:1, cpu:27, pid:2554], folio[virt:0x7fe28b6ae8f4, phys:0x1858545000, pfn:0x1858545, nid:1, npages:1]
          cg.C.x-2522  [026]     1.006225: (+0)     bprint:               change_prot_numa: NUMAB SCAN vma[start:0x7fe28b920000, end:0x7fe28b921000, from:0x7fe28b920000, to:0x7fe28b921000, size:4 KB]
          cg.C.x-2568  [055]     1.006226: (+1)     bprint:               __handle_mm_fault: NUMAB MEM ACCESS process[nid:1, cpu:55, pid:2568], folio[virt:0x7fe28b6ce8a0, phys:0x186b4a8000, pfn:0x186b4a8, nid:1, npages:1]
          cg.C.x-2572  [063]     1.006227: (+1)     bprint:               __handle_mm_fault: NUMAB MEM ACCESS process[nid:1, cpu:63, pid:2572], folio[virt:0x7fe28b6d7bf0, phys:0x185b4f3000, pfn:0x185b4f3, nid:1, npages:1]
          cg.C.x-2562  [043]     1.006229: (+2)     bprint:               __handle_mm_fault: NUMAB MEM ACCESS process[nid:1, cpu:43, pid:2562], folio[virt:0x7fe28b6c0d44, phys:0x185b99e000, pfn:0x185b99e, nid:1, npages:1]
          cg.C.x-2550  [019]     1.006231: (+2)     bprint:               __handle_mm_fault: NUMAB MEM ACCESS process[nid:1, cpu:19, pid:2550], folio[virt:0x7fe28b6a55a4, phys:0x1856787000, pfn:0x1856787, nid:1, npages:1]
          cg.C.x-2566  [051]     1.006232: (+1)     bprint:               __handle_mm_fault: NUMAB MEM ACCESS process[nid:1, cpu:51, pid:2566], folio[virt:0x7fe28b6ca008, phys:0x1868446000, pfn:0x1868446, nid:1, npages:1]
          cg.C.x-2546  [011]     1.006233: (+1)     bprint:               __handle_mm_fault: NUMAB MEM ACCESS process[nid:1, cpu:11, pid:2546], folio[virt:0x7fe28b69c3f4, phys:0x186b923000, pfn:0x186b923, nid:1, npages:1]
          cg.C.x-2549  [017]     1.006237: (+4)     bprint:               __handle_mm_fault: NUMAB MEM ACCESS process[nid:1, cpu:17, pid:2549], folio[virt:0x7fe28b6a3128, phys:0x185c97f000, pfn:0x185c97f, nid:1, npages:1]
          cg.C.x-2548  [015]     1.006239: (+2)     bprint:               __handle_mm_fault: NUMAB MEM ACCESS process[nid:1, cpu:15, pid:2548], folio[virt:0x7fe28b6a0c94, phys:0x185b021000, pfn:0x185b021, nid:1, npages:1]
          cg.C.x-2522  [026]     1.006240: (+1)     bprint:               change_prot_numa: NUMAB SCAN vma[start:0x7fe28b9ff000, end:0x7fe28ba00000, from:0x7fe28b9ff000, to:0x7fe28ba00000, size:4 KB]
          cg.C.x-2560  [039]     1.006240: (+0)     bprint:               __handle_mm_fault: NUMAB MEM ACCESS process[nid:1, cpu:39, pid:2560], folio[virt:0x7fe28b6bc484, phys:0x1867441000, pfn:0x1867441, nid:1, npages:1]
          cg.C.x-2544  [007]     1.006242: (+2)     bprint:               __handle_mm_fault: NUMAB MEM ACCESS process[nid:1, cpu:7, pid:2544], folio[virt:0x7fe28b697a04, phys:0x186a60f000, pfn:0x186a60f, nid:1, npages:1]
          cg.C.x-2564  [047]     1.006243: (+1)     bprint:               __handle_mm_fault: NUMAB MEM ACCESS process[nid:1, cpu:47, pid:2564], folio[virt:0x7fe28b6c568c, phys:0x1868a61000, pfn:0x1868a61, nid:1, npages:1]
          cg.C.x-2559  [037]     1.006245: (+2)     bprint:               __handle_mm_fault: NUMAB MEM ACCESS process[nid:1, cpu:37, pid:2559], folio[virt:0x7fe28b6ba000, phys:0x1867444000, pfn:0x1867444, nid:1, npages:1]
          cg.C.x-2558  [035]     1.006246: (+1)     bprint:               __handle_mm_fault: NUMAB MEM ACCESS process[nid:1, cpu:35, pid:2558], folio[virt:0x7fe28b6b7acc, phys:0x1858752000, pfn:0x1858752, nid:1, npages:1]
          cg.C.x-2553  [025]     1.006248: (+2)     bprint:               __handle_mm_fault: NUMAB MEM ACCESS process[nid:1, cpu:25, pid:2553], folio[virt:0x7fe28b6ac440, phys:0x1854bad000, pfn:0x1854bad, nid:1, npages:1]
          cg.C.x-2569  [057]     1.006251: (+3)     bprint:               __handle_mm_fault: NUMAB MEM ACCESS process[nid:1, cpu:57, pid:2569], folio[virt:0x7fe28b6d0dcc, phys:0x1865b20000, pfn:0x1865b20, nid:1, npages:1]
          cg.C.x-2556  [031]     1.006252: (+1)     bprint:               __handle_mm_fault: NUMAB MEM ACCESS process[nid:1, cpu:31, pid:2556], folio[virt:0x7fe28b6b31ec, phys:0x185b2a4000, pfn:0x185b2a4, nid:1, npages:1]
          cg.C.x-2545  [009]     1.006254: (+2)     bprint:               __handle_mm_fault: NUMAB MEM ACCESS process[nid:1, cpu:9, pid:2545], folio[virt:0x7fe28b699f18, phys:0x185c0c5000, pfn:0x185c0c5, nid:1, npages:1]
          cg.C.x-2522  [026]     1.006255: (+1)     bprint:               change_prot_numa: NUMAB SCAN vma[start:0x7fe28bcc8000, end:0x7fe28bcca000, from:0x7fe28bcc8000, to:0x7fe28bcca000, size:8 KB]
          cg.C.x-2561  [041]     1.006255: (+0)     bprint:               __handle_mm_fault: NUMAB MEM ACCESS process[nid:1, cpu:41, pid:2561], folio[virt:0x7fe28b6be8a8, phys:0x1857166000, pfn:0x1857166, nid:1, npages:1]
          cg.C.x-2571  [061]     1.006257: (+2)     bprint:               __handle_mm_fault: NUMAB MEM ACCESS process[nid:1, cpu:61, pid:2571], folio[virt:0x7fe28b6d56c8, phys:0x185c248000, pfn:0x185c248, nid:1, npages:1]
          cg.C.x-2543  [005]     1.006258: (+1)     bprint:               __handle_mm_fault: NUMAB MEM ACCESS process[nid:1, cpu:5, pid:2543], folio[virt:0x7fe28b695638, phys:0x18676f7000, pfn:0x18676f7, nid:1, npages:1]
          cg.C.x-2555  [029]     1.006259: (+1)     bprint:               __handle_mm_fault: NUMAB MEM ACCESS process[nid:1, cpu:29, pid:2555], folio[virt:0x7fe28b6b0d2c, phys:0x1857251000, pfn:0x1857251, nid:1, npages:1]
          cg.C.x-2538  [058]     1.006261: (+2)     bprint:               __handle_mm_fault: NUMAB MEM ACCESS process[nid:0, cpu:58, pid:2538], folio[virt:0x7fe28b68a07c, phys:0x1304dd000, pfn:0x1304dd, nid:0, npages:1]
          cg.C.x-2552  [023]     1.006262: (+1)     bprint:               __handle_mm_fault: NUMAB MEM ACCESS process[nid:1, cpu:23, pid:2552], folio[virt:0x7fe28b6a9f0c, phys:0x1854aad000, pfn:0x1854aad, nid:1, npages:1]
          cg.C.x-2522  [026]     1.006271: (+9)     bprint:               change_prot_numa: NUMAB SCAN vma[start:0x7fe28bcdf000, end:0x7fe28bce4000, from:0x7fe28bcdf000, to:0x7fe28bce4000, size:20 KB]
          cg.C.x-2525  [032]     1.006277: (+6)     bprint:               do_huge_pmd_numa_page: NUMAB MEM ACCESS huge page process[nid:0, cpu:32, pid:2525], folio[virt:0x7fe284200000, ker:0xffff9fc373e00000, pfn:0x333e00, nid:0, npages:512]
          cg.C.x-2522  [026]     1.006287: (+10)    bprint:               change_prot_numa: NUMAB SCAN vma[start:0x7fe28bd2b000, end:0x7fe28bd2c000, from:0x7fe28bd2b000, to:0x7fe28bd2c000, size:4 KB]
          cg.C.x-2522  [026]     1.006301: (+14)    bprint:               change_prot_numa: NUMAB SCAN vma[start:0x7fe28bd36000, end:0x7fe28bd38000, from:0x7fe28bd36000, to:0x7fe28bd38000, size:8 KB]
          cg.C.x-2531  [044]     1.006302: (+1)     bprint:               __handle_mm_fault: NUMAB MEM ACCESS process[nid:0, cpu:44, pid:2531], folio[virt:0x7fe28b67a000, phys:0x133933000, pfn:0x133933, nid:0, npages:1]
          cg.C.x-2512  [006]     1.006305: (+3)     bprint:               do_huge_pmd_numa_page: NUMAB MEM ACCESS huge page process[nid:0, cpu:6, pid:2512], folio[virt:0x7fe282600000, ker:0xffff9fc33cc00000, pfn:0x2fcc00, nid:0, npages:512]
          cg.C.x-2522  [026]     1.006318: (+13)    bprint:               change_prot_numa: NUMAB SCAN vma[start:0x7fe28bd6a000, end:0x7fe28bd6c000, from:0x7fe28bd6a000, to:0x7fe28bd6c000, size:8 KB]
          cg.C.x-2522  [026]     1.006332: (+14)    bprint:               change_prot_numa: NUMAB SCAN vma[start:0x7fff5c7e0000, end:0x7fff5c801000, from:0x7fff5c7e0000, to:0x7fff5c801000, size:132 KB]
          cg.C.x-2522  [026]     1.006349: (+17)    bprint:               change_prot_numa: NUMAB SCAN vma[start:0x7fff5c92d000, end:0x7fff5c92f000, from:0x7fff5c92d000, to:0x7fff5c92f000, size:8 KB]
          cg.C.x-2517  [016]     1.006352: (+3)     bprint:               __handle_mm_fault: NUMAB MEM ACCESS process[nid:0, cpu:16, pid:2517], folio[virt:0x7fe28b65a000, phys:0x1255e4000, pfn:0x1255e4, nid:0, npages:1]
          cg.C.x-2522  [026]     1.006354: (+2)     bprint:               do_huge_pmd_numa_page: NUMAB MEM ACCESS huge page process[nid:0, cpu:26, pid:2522], folio[virt:0x7fe283b55d44, ker:0xffff9fc17c800000, pfn:0x13c800, nid:0, npages:512]
          cg.C.x-2545  [009]     1.006363: (+9)     bprint:               __handle_mm_fault: NUMAB MEM ACCESS process[nid:1, cpu:9, pid:2545], folio[virt:0x7fe28b69a000, phys:0x1868799000, pfn:0x1868799, nid:1, npages:1]
          cg.C.x-2522  [026]     1.006369: (+6)     bprint:               __handle_mm_fault: NUMAB MEM ACCESS process[nid:0, cpu:26, pid:2522], folio[virt:0x7fe28b665270, phys:0x13383f000, pfn:0x13383f, nid:0, npages:1]
          cg.C.x-2552  [023]     1.006375: (+6)     bprint:               __handle_mm_fault: NUMAB MEM ACCESS process[nid:1, cpu:23, pid:2552], folio[virt:0x7fe28b6aa000, phys:0x18570a7000, pfn:0x18570a7, nid:1, npages:1]
          cg.C.x-2510  [002]     1.006461: (+86)    bprint:               __handle_mm_fault: NUMAB MEM ACCESS process[nid:0, cpu:2, pid:2510], folio[virt:0x7fe28b64a000, phys:0x1255c1000, pfn:0x1255c1, nid:0, npages:1]
          cg.C.x-2527  [036]     1.006465: (+4)     bprint:               __handle_mm_fault: NUMAB MEM ACCESS process[nid:0, cpu:36, pid:2527], folio[virt:0x7fe28b671000, phys:0x1127e4000, pfn:0x1127e4, nid:0, npages:1]
          cg.C.x-2564  [047]     1.006475: (+10)    bprint:               do_huge_pmd_numa_page: NUMAB MEM ACCESS huge page process[nid:1, cpu:47, pid:2564], folio[virt:0x7fe289600000, ker:0xffff9fda8c800000, pfn:0x1a4c800, nid:1, npages:512]
          cg.C.x-2569  [057]     1.006484: (+9)     bprint:               __handle_mm_fault: NUMAB MEM ACCESS process[nid:1, cpu:57, pid:2569], folio[virt:0x7fe28b6d1000, phys:0x185c32c000, pfn:0x185c32c, nid:1, npages:1]
          cg.C.x-2562  [043]     1.006510: (+26)    bprint:               __handle_mm_fault: NUMAB MEM ACCESS process[nid:1, cpu:43, pid:2562], folio[virt:0x7fe28b6c1000, phys:0x186b70f000, pfn:0x186b70f, nid:1, npages:1]
          cg.C.x-2524  [030]     1.006536: (+26)    bprint:               __handle_mm_fault: NUMAB MEM ACCESS process[nid:0, cpu:30, pid:2524], folio[virt:0x7fe28b66a000, phys:0x13157f000, pfn:0x13157f, nid:0, npages:1]
          cg.C.x-2555  [029]     1.006567: (+31)    bprint:               __handle_mm_fault: NUMAB MEM ACCESS process[nid:1, cpu:29, pid:2555], folio[virt:0x7fe28b6b1000, phys:0x186b4e5000, pfn:0x186b4e5, nid:1, npages:1]
          cg.C.x-2520  [022]     1.006578: (+11)    bprint:               __handle_mm_fault: NUMAB MEM ACCESS process[nid:0, cpu:22, pid:2520], folio[virt:0x7fe28b661000, phys:0x11281b000, pfn:0x11281b, nid:0, npages:1]
          cg.C.x-2537  [056]     1.006594: (+16)    bprint:               __handle_mm_fault: NUMAB MEM ACCESS process[nid:0, cpu:56, pid:2537], folio[virt:0x7fe28b688000, phys:0x150612000, pfn:0x150612, nid:0, npages:1]
          cg.C.x-2548  [015]     1.006597: (+3)     bprint:               __handle_mm_fault: NUMAB MEM ACCESS process[nid:1, cpu:15, pid:2548], folio[virt:0x7fe28b6a1000, phys:0x186b203000, pfn:0x186b203, nid:1, npages:1]
          cg.C.x-2534  [050]     1.006622: (+25)    bprint:               __handle_mm_fault: NUMAB MEM ACCESS process[nid:0, cpu:50, pid:2534], folio[virt:0x7fe28b681000, phys:0x14651a000, pfn:0x14651a, nid:0, npages:1]
          cg.C.x-2572  [063]     1.006640: (+18)    bprint:               __handle_mm_fault: NUMAB MEM ACCESS process[nid:1, cpu:63, pid:2572], folio[virt:0x7fe28b6d8000, phys:0x185c732000, pfn:0x185c732, nid:1, npages:1]
          cg.C.x-2541  [001]     1.006642: (+2)     bprint:               __handle_mm_fault: NUMAB MEM ACCESS process[nid:1, cpu:1, pid:2541], folio[virt:0x7fe28b691000, phys:0x186849c000, pfn:0x186849c, nid:1, npages:1]
          cg.C.x-2565  [049]     1.006659: (+17)    bprint:               __handle_mm_fault: NUMAB MEM ACCESS process[nid:1, cpu:49, pid:2565], folio[virt:0x7fe28b6c8000, phys:0x18575e9000, pfn:0x18575e9, nid:1, npages:1]
          cg.C.x-2551  [021]     1.006718: (+59)    bprint:               __handle_mm_fault: NUMAB MEM ACCESS process[nid:1, cpu:21, pid:2551], folio[virt:0x7fe28b6a8000, phys:0x1863ac0000, pfn:0x1863ac0, nid:1, npages:1]
          cg.C.x-2513  [008]     1.006723: (+5)     bprint:               __handle_mm_fault: NUMAB MEM ACCESS process[nid:0, cpu:8, pid:2513], folio[virt:0x7fe28b651000, phys:0x13192b000, pfn:0x13192b, nid:0, npages:1]
          cg.C.x-2530  [042]     1.006739: (+16)    bprint:               __handle_mm_fault: NUMAB MEM ACCESS process[nid:0, cpu:42, pid:2530], folio[virt:0x7fe28b678000, phys:0x132f9c000, pfn:0x132f9c, nid:0, npages:1]
          cg.C.x-2558  [035]     1.006783: (+44)    bprint:               __handle_mm_fault: NUMAB MEM ACCESS process[nid:1, cpu:35, pid:2558], folio[virt:0x7fe28b6b8000, phys:0x186a070000, pfn:0x186a070, nid:1, npages:1]
          cg.C.x-2516  [014]     1.006799: (+16)    bprint:               __handle_mm_fault: NUMAB MEM ACCESS process[nid:0, cpu:14, pid:2516], folio[virt:0x7fe28b658000, phys:0x114278000, pfn:0x114278, nid:0, npages:1]
          cg.C.x-2544  [007]     1.006872: (+73)    bprint:               __handle_mm_fault: NUMAB MEM ACCESS process[nid:1, cpu:7, pid:2544], folio[virt:0x7fe28b698000, phys:0x1858543000, pfn:0x1858543, nid:1, npages:1]
          cg.C.x-2547  [013]     1.006882: (+10)    bprint:               __handle_mm_fault: NUMAB MEM ACCESS process[nid:1, cpu:13, pid:2547], folio[virt:0x7fe28b69f000, phys:0x185b01f000, pfn:0x185b01f, nid:1, npages:1]
          cg.C.x-2523  [028]     1.006937: (+55)    bprint:               __handle_mm_fault: NUMAB MEM ACCESS process[nid:0, cpu:28, pid:2523], folio[virt:0x7fe28b668000, phys:0x121c59000, pfn:0x121c59, nid:0, npages:1]
          cg.C.x-2568  [055]     1.006958: (+21)    bprint:               __handle_mm_fault: NUMAB MEM ACCESS process[nid:1, cpu:55, pid:2568], folio[virt:0x7fe28b6cf000, phys:0x186a58b000, pfn:0x186a58b, nid:1, npages:1]
          cg.C.x-2554  [027]     1.006976: (+18)    bprint:               __handle_mm_fault: NUMAB MEM ACCESS process[nid:1, cpu:27, pid:2554], folio[virt:0x7fe28b6af000, phys:0x303f17e000, pfn:0x303f17e, nid:1, npages:1]
          cg.C.x-2533  [048]     1.006982: (+6)     bprint:               __handle_mm_fault: NUMAB MEM ACCESS process[nid:0, cpu:48, pid:2533], folio[virt:0x7fe28b67f000, phys:0x183fe67000, pfn:0x183fe67, nid:0, npages:1]
          cg.C.x-2540  [062]     1.007006: (+24)    bprint:               __handle_mm_fault: NUMAB MEM ACCESS process[nid:0, cpu:62, pid:2540], folio[virt:0x7fe28b68e714, phys:0x1347ca000, pfn:0x1347ca, nid:0, npages:1]
          cg.C.x-2561  [041]     1.007009: (+3)     bprint:               __handle_mm_fault: NUMAB MEM ACCESS process[nid:1, cpu:41, pid:2561], folio[virt:0x7fe28b6bf000, phys:0x185b959000, pfn:0x185b959, nid:1, npages:1]
          cg.C.x-2526  [034]     1.007020: (+11)    bprint:               __handle_mm_fault: NUMAB MEM ACCESS process[nid:0, cpu:34, pid:2526], folio[virt:0x7fe28b66f000, phys:0x111abd000, pfn:0x111abd, nid:0, npages:1]
          cg.C.x-2509  [000]     1.007047: (+27)    bprint:               __handle_mm_fault: NUMAB MEM ACCESS process[nid:0, cpu:0, pid:2509], folio[virt:0x7fe28b648000, phys:0x52a0fa000, pfn:0x52a0fa, nid:0, npages:1]
          cg.C.x-2519  [020]     1.007061: (+14)    bprint:               __handle_mm_fault: NUMAB MEM ACCESS process[nid:0, cpu:20, pid:2519], folio[virt:0x7fe28b65f000, phys:0x1417f8000, pfn:0x1417f8, nid:0, npages:1]
          cg.C.x-2512  [006]     1.007091: (+30)    bprint:               __handle_mm_fault: NUMAB MEM ACCESS process[nid:0, cpu:6, pid:2512], folio[virt:0x7fe28b64f000, phys:0x150714000, pfn:0x150714, nid:0, npages:1]
          cg.C.x-2557  [033]     1.007097: (+6)     bprint:               __handle_mm_fault: NUMAB MEM ACCESS process[nid:1, cpu:33, pid:2557], folio[virt:0x7fe28b6b6000, phys:0x186b1d3000, pfn:0x186b1d3, nid:1, npages:1]
          cg.C.x-2529  [040]     1.007149: (+52)    bprint:               __handle_mm_fault: NUMAB MEM ACCESS process[nid:0, cpu:40, pid:2529], folio[virt:0x7fe28b676000, phys:0x120a45000, pfn:0x120a45, nid:0, npages:1]
          cg.C.x-2537  [056]     1.007191: (+42)    bprint:               __handle_mm_fault: NUMAB MEM ACCESS process[nid:0, cpu:56, pid:2537], folio[virt:0x7fe28bd2b6c0, phys:0x113715000, pfn:0x113715, nid:0, npages:1]
          cg.C.x-2515  [012]     1.007205: (+14)    bprint:               __handle_mm_fault: NUMAB MEM ACCESS process[nid:0, cpu:12, pid:2515], folio[virt:0x7fe28b656000, phys:0x171d68000, pfn:0x171d68, nid:0, npages:1]
          cg.C.x-2571  [061]     1.007218: (+13)    bprint:               __handle_mm_fault: NUMAB MEM ACCESS process[nid:1, cpu:61, pid:2571], folio[virt:0x7fe28b6d6000, phys:0x186b4e6000, pfn:0x186b4e6, nid:1, npages:1]
          cg.C.x-2564  [047]     1.007230: (+12)    bprint:               __handle_mm_fault: NUMAB MEM ACCESS process[nid:1, cpu:47, pid:2564], folio[virt:0x7fe28b6c6000, phys:0x185bb4a000, pfn:0x185bb4a, nid:1, npages:1]
          cg.C.x-2567  [053]     1.007259: (+29)    bprint:               __handle_mm_fault: NUMAB MEM ACCESS process[nid:1, cpu:53, pid:2567], folio[virt:0x7fe28b6cd000, phys:0x185c858000, pfn:0x185c858, nid:1, npages:1]
          cg.C.x-2536  [054]     1.007264: (+5)     bprint:               __handle_mm_fault: NUMAB MEM ACCESS process[nid:0, cpu:54, pid:2536], folio[virt:0x7fe28b686000, phys:0x162698000, pfn:0x162698, nid:0, npages:1]
          cg.C.x-2543  [005]     1.007275: (+11)    bprint:               __handle_mm_fault: NUMAB MEM ACCESS process[nid:1, cpu:5, pid:2543], folio[virt:0x7fe28b696000, phys:0x1864c2b000, pfn:0x1864c2b, nid:1, npages:1]
          cg.C.x-2550  [019]     1.007302: (+27)    bprint:               __handle_mm_fault: NUMAB MEM ACCESS process[nid:1, cpu:19, pid:2550], folio[virt:0x7fe28b6a6000, phys:0x185484e000, pfn:0x185484e, nid:1, npages:1]
          cg.C.x-2560  [039]     1.007402: (+100)   bprint:               __handle_mm_fault: NUMAB MEM ACCESS process[nid:1, cpu:39, pid:2560], folio[virt:0x7fe28b6bd000, phys:0x1867b0d000, pfn:0x1867b0d, nid:1, npages:1]
          cg.C.x-2553  [025]     1.007418: (+16)    bprint:               __handle_mm_fault: NUMAB MEM ACCESS process[nid:1, cpu:25, pid:2553], folio[virt:0x7fe28b6ad000, phys:0x1863a1f000, pfn:0x1863a1f, nid:1, npages:1]
          cg.C.x-2509  [000]     1.007456: (+38)    bprint:               __handle_mm_fault: NUMAB MEM ACCESS process[nid:0, cpu:0, pid:2509], folio[virt:0x7fff5c7fe348, phys:0x1255c2000, pfn:0x1255c2, nid:0, npages:1]
          cg.C.x-2509  [000]     1.007460: (+4)     bprint:               __handle_mm_fault: NUMAB MEM ACCESS process[nid:0, cpu:0, pid:2509], folio[virt:0x7fe28bcdf720, phys:0x183fe0b000, pfn:0x183fe0b, nid:0, npages:1]
          cg.C.x-2522  [026]     1.007557: (+97)    bprint:               __handle_mm_fault: NUMAB MEM ACCESS process[nid:0, cpu:26, pid:2522], folio[virt:0x7fe28b666000, phys:0x141907000, pfn:0x141907, nid:0, npages:1]
          cg.C.x-2540  [062]     1.007943: (+386)   bprint:               __handle_mm_fault: NUMAB MEM ACCESS process[nid:0, cpu:62, pid:2540], folio[virt:0x7fe28b68f000, phys:0x1868901000, pfn:0x1868901, nid:1, npages:1]
          cg.C.x-2540  [062]     1.007944: (+1)     bprint:               __handle_mm_fault: NUMAB TRY MEM MIGR process[nid:0, cpu:62, pid:2540], folio[virt:0x7fe28b68f000, phys:0x1868901000, nid:1], target_nid:0
          cg.C.x-2540  [062]     1.007955: (+11)    bprint:               __handle_mm_fault: NUMAB COMPLETED MEM MIGR process[nid:0, cpu:62, pid:2540], old[phys:0x1868901000, nid:1, npages:1], new[phys:0x112d02000, nid:0, npages:1]
          cg.C.x-2509  [000]     1.008359: (+404)   bprint:               __handle_mm_fault: NUMAB MEM ACCESS process[nid:0, cpu:0, pid:2509], folio[virt:0x7fe28b646010, phys:0x16252d000, pfn:0x16252d, nid:0, npages:1]
          cg.C.x-2547  [013]     1.008422: (+63)    bprint:               __handle_mm_fault: NUMAB MEM ACCESS process[nid:1, cpu:13, pid:2547], folio[virt:0x7fe28b69d000, phys:0x1864e21000, pfn:0x1864e21, nid:1, npages:1]
          cg.C.x-2540  [062]     1.008469: (+47)    bprint:               __handle_mm_fault: NUMAB MEM ACCESS process[nid:0, cpu:62, pid:2540], folio[virt:0x7fe28b68d000, phys:0x1149ff000, pfn:0x1149ff, nid:0, npages:1]
          cg.C.x-2533  [048]     1.008500: (+31)    bprint:               __handle_mm_fault: NUMAB MEM ACCESS process[nid:0, cpu:48, pid:2533], folio[virt:0x7fe28b67d000, phys:0x12010a000, pfn:0x12010a, nid:0, npages:1]
          cg.C.x-2526  [034]     1.008551: (+51)    bprint:               __handle_mm_fault: NUMAB MEM ACCESS process[nid:0, cpu:34, pid:2526], folio[virt:0x7fe28b66d000, phys:0x12285a000, pfn:0x12285a, nid:0, npages:1]
          cg.C.x-2571  [061]     1.008559: (+8)     bprint:               __handle_mm_fault: NUMAB MEM ACCESS process[nid:1, cpu:61, pid:2571], folio[virt:0x7fe28b6d4000, phys:0x186b4e7000, pfn:0x186b4e7, nid:1, npages:1]
          cg.C.x-2519  [020]     1.008578: (+19)    bprint:               __handle_mm_fault: NUMAB MEM ACCESS process[nid:0, cpu:20, pid:2519], folio[virt:0x7fe28b65d000, phys:0x1505ef000, pfn:0x1505ef, nid:0, npages:1]
          cg.C.x-2564  [047]     1.008586: (+8)     bprint:               __handle_mm_fault: NUMAB MEM ACCESS process[nid:1, cpu:47, pid:2564], folio[virt:0x7fe28b6c4000, phys:0x1864cf0000, pfn:0x1864cf0, nid:1, npages:1]
          cg.C.x-2557  [033]     1.008626: (+40)    bprint:               __handle_mm_fault: NUMAB MEM ACCESS process[nid:1, cpu:33, pid:2557], folio[virt:0x7fe28b6b4000, phys:0x1868990000, pfn:0x1868990, nid:1, npages:1]
          cg.C.x-2512  [006]     1.008632: (+6)     bprint:               __handle_mm_fault: NUMAB MEM ACCESS process[nid:0, cpu:6, pid:2512], folio[virt:0x7fe28b64d000, phys:0x171c5f000, pfn:0x171c5f, nid:0, npages:1]
          cg.C.x-2550  [019]     1.008650: (+18)    bprint:               __handle_mm_fault: NUMAB MEM ACCESS process[nid:1, cpu:19, pid:2550], folio[virt:0x7fe28b6a4000, phys:0x1854bbd000, pfn:0x1854bbd, nid:1, npages:1]
          cg.C.x-2543  [005]     1.008689: (+39)    bprint:               __handle_mm_fault: NUMAB MEM ACCESS process[nid:1, cpu:5, pid:2543], folio[virt:0x7fe28b694000, phys:0x18573d2000, pfn:0x18573d2, nid:1, npages:1]
          cg.C.x-2536  [054]     1.008708: (+19)    bprint:               __handle_mm_fault: NUMAB MEM ACCESS process[nid:0, cpu:54, pid:2536], folio[virt:0x7fe28b684000, phys:0x132f0f000, pfn:0x132f0f, nid:0, npages:1]
          cg.C.x-2529  [040]     1.008748: (+40)    bprint:               __handle_mm_fault: NUMAB MEM ACCESS process[nid:0, cpu:40, pid:2529], folio[virt:0x7fe28b674000, phys:0x12047b000, pfn:0x12047b, nid:0, npages:1]
          cg.C.x-2522  [026]     1.008797: (+49)    bprint:               __handle_mm_fault: NUMAB MEM ACCESS process[nid:0, cpu:26, pid:2522], folio[virt:0x7fe28b664000, phys:0x13383e000, pfn:0x13383e, nid:0, npages:1]
          cg.C.x-2567  [053]     1.008805: (+8)     bprint:               __handle_mm_fault: NUMAB MEM ACCESS process[nid:1, cpu:53, pid:2567], folio[virt:0x7fe28b6cb000, phys:0x185715d000, pfn:0x185715d, nid:1, npages:1]
          cg.C.x-2515  [012]     1.008827: (+22)    bprint:               __handle_mm_fault: NUMAB MEM ACCESS process[nid:0, cpu:12, pid:2515], folio[virt:0x7fe28b654000, phys:0x132b25000, pfn:0x132b25, nid:0, npages:1]
          cg.C.x-2560  [039]     1.008850: (+23)    bprint:               __handle_mm_fault: NUMAB MEM ACCESS process[nid:1, cpu:39, pid:2560], folio[virt:0x7fe28b6bb000, phys:0x1867464000, pfn:0x1867464, nid:1, npages:1]
          cg.C.x-2553  [025]     1.008852: (+2)     bprint:               __handle_mm_fault: NUMAB MEM ACCESS process[nid:1, cpu:25, pid:2553], folio[virt:0x7fe28b6ab000, phys:0x18571d4000, pfn:0x18571d4, nid:1, npages:1]
          cg.C.x-2546  [011]     1.008893: (+41)    bprint:               __handle_mm_fault: NUMAB MEM ACCESS process[nid:1, cpu:11, pid:2546], folio[virt:0x7fe28b69b000, phys:0x185ba7d000, pfn:0x185ba7d, nid:1, npages:1]
          cg.C.x-2539  [060]     1.008937: (+44)    bprint:               __handle_mm_fault: NUMAB MEM ACCESS process[nid:0, cpu:60, pid:2539], folio[virt:0x7fe28b68b000, phys:0x1505bd000, pfn:0x1505bd, nid:0, npages:1]
          cg.C.x-2532  [046]     1.008964: (+27)    bprint:               __handle_mm_fault: NUMAB MEM ACCESS process[nid:0, cpu:46, pid:2532], folio[virt:0x7fe28b67b000, phys:0x171c72000, pfn:0x171c72, nid:0, npages:1]
          cg.C.x-2525  [032]     1.009033: (+69)    bprint:               __handle_mm_fault: NUMAB MEM ACCESS process[nid:0, cpu:32, pid:2525], folio[virt:0x7fe28b66b000, phys:0x120100000, pfn:0x120100, nid:0, npages:1]
          cg.C.x-2570  [059]     1.009045: (+12)    bprint:               __handle_mm_fault: NUMAB MEM ACCESS process[nid:1, cpu:59, pid:2570], folio[virt:0x7fe28b6d2000, phys:0x185c32d000, pfn:0x185c32d, nid:1, npages:1]
          cg.C.x-2563  [045]     1.009053: (+8)     bprint:               __handle_mm_fault: NUMAB MEM ACCESS process[nid:1, cpu:45, pid:2563], folio[virt:0x7fe28b6c2000, phys:0x18570b4000, pfn:0x18570b4, nid:1, npages:1]
          cg.C.x-2518  [018]     1.009067: (+14)    bprint:               __handle_mm_fault: NUMAB MEM ACCESS process[nid:0, cpu:18, pid:2518], folio[virt:0x7fe28b65b000, phys:0x125758000, pfn:0x125758, nid:0, npages:1]
          cg.C.x-2556  [031]     1.009076: (+9)     bprint:               __handle_mm_fault: NUMAB MEM ACCESS process[nid:1, cpu:31, pid:2556], folio[virt:0x7fe28b6b2000, phys:0x186a06c000, pfn:0x186a06c, nid:1, npages:1]
          cg.C.x-2511  [004]     1.009084: (+8)     bprint:               __handle_mm_fault: NUMAB MEM ACCESS process[nid:0, cpu:4, pid:2511], folio[virt:0x7fe28b64b000, phys:0x11349f000, pfn:0x11349f, nid:0, npages:1]
          cg.C.x-2549  [017]     1.009124: (+40)    bprint:               __handle_mm_fault: NUMAB MEM ACCESS process[nid:1, cpu:17, pid:2549], folio[virt:0x7fe28b6a2000, phys:0x186b206000, pfn:0x186b206, nid:1, npages:1]
          cg.C.x-2542  [003]     1.009162: (+38)    bprint:               __handle_mm_fault: NUMAB MEM ACCESS process[nid:1, cpu:3, pid:2542], folio[virt:0x7fe28b692000, phys:0x185c029000, pfn:0x185c029, nid:1, npages:1]
          cg.C.x-2535  [052]     1.009197: (+35)    bprint:               __handle_mm_fault: NUMAB MEM ACCESS process[nid:0, cpu:52, pid:2535], folio[virt:0x7fe28b682000, phys:0x14651b000, pfn:0x14651b, nid:0, npages:1]
          cg.C.x-2521  [024]     1.009238: (+41)    bprint:               __handle_mm_fault: NUMAB MEM ACCESS process[nid:0, cpu:24, pid:2521], folio[virt:0x7fe28b662000, phys:0x150bfc000, pfn:0x150bfc, nid:0, npages:1]
          cg.C.x-2528  [038]     1.009247: (+9)     bprint:               __handle_mm_fault: NUMAB MEM ACCESS process[nid:0, cpu:38, pid:2528], folio[virt:0x7fe28b672000, phys:0x171c97000, pfn:0x171c97, nid:0, npages:1]
          cg.C.x-2566  [051]     1.009266: (+19)    bprint:               __handle_mm_fault: NUMAB MEM ACCESS process[nid:1, cpu:51, pid:2566], folio[virt:0x7fe28b6c9000, phys:0x185b07b000, pfn:0x185b07b, nid:1, npages:1]
          cg.C.x-2514  [010]     1.009306: (+40)    bprint:               __handle_mm_fault: NUMAB MEM ACCESS process[nid:0, cpu:10, pid:2514], folio[virt:0x7fe28b652000, phys:0x171e21000, pfn:0x171e21, nid:0, npages:1]
          cg.C.x-2538  [058]     1.009402: (+96)    bprint:               __handle_mm_fault: NUMAB MEM ACCESS process[nid:0, cpu:58, pid:2538], folio[virt:0x7fe28b689000, phys:0x150f78000, pfn:0x150f78, nid:0, npages:1]
          cg.C.x-2570  [059]     1.013889: (+4487)  sched_waking:         comm=kworker/59:1 pid=565 prio=120 target_cpu=059
          cg.C.x-2570  [059]     1.013897: (+8)     sched_wakeup:         kworker/59:1:565 [120] CPU:059
          cg.C.x-2570  [059]     1.013904: (+7)     sched_switch:         cg.C.x:2570 [120] R ==> kworker/59:1:565 [120]
    kworker/59:1-565   [059]     1.013928: (+24)    sched_switch:         kworker/59:1:565 [120] I ==> cg.C.x:2570 [120]
          cg.C.x-2538  [058]     1.017888: (+3960)  sched_waking:         comm=kworker/58:1 pid=595 prio=120 target_cpu=058
          cg.C.x-2539  [060]     1.017888: (+0)     sched_waking:         comm=kworker/60:1 pid=597 prio=120 target_cpu=060
          cg.C.x-2538  [058]     1.017895: (+7)     sched_wakeup:         kworker/58:1:595 [120] CPU:058
          cg.C.x-2539  [060]     1.017896: (+1)     sched_wakeup:         kworker/60:1:597 [120] CPU:060
          cg.C.x-2539  [060]     1.017901: (+5)     sched_switch:         cg.C.x:2539 [120] R ==> kworker/60:1:597 [120]
          cg.C.x-2538  [058]     1.017902: (+1)     sched_switch:         cg.C.x:2538 [120] R ==> kworker/58:1:595 [120]
    kworker/60:1-597   [060]     1.017913: (+11)    sched_switch:         kworker/60:1:597 [120] I ==> cg.C.x:2539 [120]
    kworker/58:1-595   [058]     1.017914: (+1)     sched_switch:         kworker/58:1:595 [120] I ==> cg.C.x:2538 [120]
          cg.C.x-2515  [012]     1.032557: (+14643) sched_waking:         comm=migration/12 pid=89 prio=0 target_cpu=012
          cg.C.x-2516  [014]     1.032557: (+0)     sched_waking:         comm=migration/14 pid=101 prio=0 target_cpu=014
          cg.C.x-2517  [016]     1.032557: (+0)     sched_waking:         comm=migration/16 pid=113 prio=0 target_cpu=016
          cg.C.x-2513  [008]     1.032557: (+0)     sched_waking:         comm=migration/8 pid=65 prio=0 target_cpu=008
          cg.C.x-2514  [010]     1.032557: (+0)     sched_waking:         comm=migration/10 pid=77 prio=0 target_cpu=010
          cg.C.x-2510  [002]     1.032557: (+0)     sched_waking:         comm=migration/2 pid=29 prio=0 target_cpu=002
          cg.C.x-2511  [004]     1.032557: (+0)     sched_waking:         comm=migration/4 pid=41 prio=0 target_cpu=004
          cg.C.x-2512  [006]     1.032557: (+0)     sched_waking:         comm=migration/6 pid=53 prio=0 target_cpu=006
          cg.C.x-2518  [018]     1.032557: (+0)     sched_waking:         comm=migration/18 pid=125 prio=0 target_cpu=018
          cg.C.x-2542  [003]     1.032557: (+0)     sched_waking:         comm=migration/3 pid=35 prio=0 target_cpu=003
          cg.C.x-2543  [005]     1.032557: (+0)     sched_waking:         comm=migration/5 pid=47 prio=0 target_cpu=005
          cg.C.x-2546  [011]     1.032557: (+0)     sched_waking:         comm=migration/11 pid=83 prio=0 target_cpu=011
          cg.C.x-2544  [007]     1.032557: (+0)     sched_waking:         comm=migration/7 pid=59 prio=0 target_cpu=007
          cg.C.x-2549  [017]     1.032557: (+0)     sched_waking:         comm=migration/17 pid=119 prio=0 target_cpu=017
          cg.C.x-2541  [001]     1.032557: (+0)     sched_waking:         comm=migration/1 pid=23 prio=0 target_cpu=001
          cg.C.x-2547  [013]     1.032557: (+0)     sched_waking:         comm=migration/13 pid=95 prio=0 target_cpu=013
          cg.C.x-2548  [015]     1.032557: (+0)     sched_waking:         comm=migration/15 pid=107 prio=0 target_cpu=015
          cg.C.x-2545  [009]     1.032557: (+0)     sched_waking:         comm=migration/9 pid=71 prio=0 target_cpu=009
          cg.C.x-2550  [019]     1.032557: (+0)     sched_waking:         comm=migration/19 pid=131 prio=0 target_cpu=019
          cg.C.x-2517  [016]     1.032561: (+4)     sched_wakeup:         migration/16:113 [0] CPU:016
          cg.C.x-2511  [004]     1.032561: (+0)     sched_wakeup:         migration/4:41 [0] CPU:004
          cg.C.x-2513  [008]     1.032561: (+0)     sched_wakeup:         migration/8:65 [0] CPU:008
          cg.C.x-2518  [018]     1.032561: (+0)     sched_wakeup:         migration/18:125 [0] CPU:018
          cg.C.x-2516  [014]     1.032561: (+0)     sched_wakeup:         migration/14:101 [0] CPU:014
          cg.C.x-2512  [006]     1.032561: (+0)     sched_wakeup:         migration/6:53 [0] CPU:006
          cg.C.x-2514  [010]     1.032561: (+0)     sched_wakeup:         migration/10:77 [0] CPU:010
          cg.C.x-2510  [002]     1.032561: (+0)     sched_wakeup:         migration/2:29 [0] CPU:002
          cg.C.x-2515  [012]     1.032561: (+0)     sched_wakeup:         migration/12:89 [0] CPU:012
          cg.C.x-2543  [005]     1.032562: (+1)     sched_wakeup:         migration/5:47 [0] CPU:005
          cg.C.x-2547  [013]     1.032562: (+0)     sched_wakeup:         migration/13:95 [0] CPU:013
          cg.C.x-2541  [001]     1.032562: (+0)     sched_wakeup:         migration/1:23 [0] CPU:001
          cg.C.x-2545  [009]     1.032562: (+0)     sched_wakeup:         migration/9:71 [0] CPU:009
          cg.C.x-2544  [007]     1.032562: (+0)     sched_wakeup:         migration/7:59 [0] CPU:007
          cg.C.x-2548  [015]     1.032562: (+0)     sched_wakeup:         migration/15:107 [0] CPU:015
          cg.C.x-2542  [003]     1.032562: (+0)     sched_wakeup:         migration/3:35 [0] CPU:003
          cg.C.x-2550  [019]     1.032562: (+0)     sched_wakeup:         migration/19:131 [0] CPU:019
          cg.C.x-2549  [017]     1.032562: (+0)     sched_wakeup:         migration/17:119 [0] CPU:017
          cg.C.x-2546  [011]     1.032562: (+0)     sched_wakeup:         migration/11:83 [0] CPU:011
          cg.C.x-2516  [014]     1.032568: (+6)     sched_switch:         cg.C.x:2516 [120] R ==> migration/14:101 [0]
          cg.C.x-2514  [010]     1.032568: (+0)     sched_switch:         cg.C.x:2514 [120] R ==> migration/10:77 [0]
          cg.C.x-2515  [012]     1.032569: (+1)     sched_switch:         cg.C.x:2515 [120] R ==> migration/12:89 [0]
          cg.C.x-2511  [004]     1.032569: (+0)     sched_switch:         cg.C.x:2511 [120] R ==> migration/4:41 [0]
          cg.C.x-2512  [006]     1.032569: (+0)     sched_switch:         cg.C.x:2512 [120] R ==> migration/6:53 [0]
          cg.C.x-2517  [016]     1.032569: (+0)     sched_switch:         cg.C.x:2517 [120] R ==> migration/16:113 [0]
          cg.C.x-2510  [002]     1.032569: (+0)     sched_switch:         cg.C.x:2510 [120] R ==> migration/2:29 [0]
          cg.C.x-2513  [008]     1.032569: (+0)     sched_switch:         cg.C.x:2513 [120] R ==> migration/8:65 [0]
          cg.C.x-2541  [001]     1.032569: (+0)     sched_switch:         cg.C.x:2541 [120] R ==> migration/1:23 [0]
          cg.C.x-2518  [018]     1.032569: (+0)     sched_switch:         cg.C.x:2518 [120] R ==> migration/18:125 [0]
          cg.C.x-2547  [013]     1.032569: (+0)     sched_switch:         cg.C.x:2547 [120] R ==> migration/13:95 [0]
          cg.C.x-2546  [011]     1.032569: (+0)     sched_switch:         cg.C.x:2546 [120] R ==> migration/11:83 [0]
          cg.C.x-2543  [005]     1.032569: (+0)     sched_switch:         cg.C.x:2543 [120] R ==> migration/5:47 [0]
          cg.C.x-2549  [017]     1.032569: (+0)     sched_switch:         cg.C.x:2549 [120] R ==> migration/17:119 [0]
          cg.C.x-2544  [007]     1.032569: (+0)     sched_switch:         cg.C.x:2544 [120] R ==> migration/7:59 [0]
          cg.C.x-2548  [015]     1.032570: (+1)     sched_switch:         cg.C.x:2548 [120] R ==> migration/15:107 [0]
          cg.C.x-2550  [019]     1.032570: (+0)     sched_switch:         cg.C.x:2550 [120] R ==> migration/19:131 [0]
          cg.C.x-2545  [009]     1.032570: (+0)     sched_switch:         cg.C.x:2545 [120] R ==> migration/9:71 [0]
          cg.C.x-2542  [003]     1.032570: (+0)     sched_switch:         cg.C.x:2542 [120] R ==> migration/3:35 [0]
    migration/10-77    [010]     1.032576: (+6)     sched_switch:         migration/10:77 [0] S ==> cg.C.x:2514 [120]
     migration/2-29    [002]     1.032576: (+0)     sched_switch:         migration/2:29 [0] S ==> cg.C.x:2510 [120]
     migration/8-65    [008]     1.032576: (+0)     sched_switch:         migration/8:65 [0] S ==> cg.C.x:2513 [120]
     migration/6-53    [006]     1.032576: (+0)     sched_switch:         migration/6:53 [0] S ==> cg.C.x:2512 [120]
    migration/14-101   [014]     1.032576: (+0)     sched_switch:         migration/14:101 [0] S ==> cg.C.x:2516 [120]
    migration/12-89    [012]     1.032576: (+0)     sched_switch:         migration/12:89 [0] S ==> cg.C.x:2515 [120]
    migration/18-125   [018]     1.032576: (+0)     sched_switch:         migration/18:125 [0] S ==> cg.C.x:2518 [120]
    migration/16-113   [016]     1.032576: (+0)     sched_switch:         migration/16:113 [0] S ==> cg.C.x:2517 [120]
     migration/4-41    [004]     1.032576: (+0)     sched_switch:         migration/4:41 [0] S ==> cg.C.x:2511 [120]
    migration/13-95    [013]     1.032576: (+0)     sched_switch:         migration/13:95 [0] S ==> cg.C.x:2547 [120]
    migration/19-131   [019]     1.032576: (+0)     sched_switch:         migration/19:131 [0] S ==> cg.C.x:2550 [120]
     migration/5-47    [005]     1.032576: (+0)     sched_switch:         migration/5:47 [0] S ==> cg.C.x:2543 [120]
     migration/3-35    [003]     1.032576: (+0)     sched_switch:         migration/3:35 [0] S ==> cg.C.x:2542 [120]
    migration/17-119   [017]     1.032576: (+0)     sched_switch:         migration/17:119 [0] S ==> cg.C.x:2549 [120]
    migration/11-83    [011]     1.032576: (+0)     sched_switch:         migration/11:83 [0] S ==> cg.C.x:2546 [120]
     migration/1-23    [001]     1.032576: (+0)     sched_switch:         migration/1:23 [0] S ==> cg.C.x:2541 [120]
     migration/7-59    [007]     1.032576: (+0)     sched_switch:         migration/7:59 [0] S ==> cg.C.x:2544 [120]
     migration/9-71    [009]     1.032577: (+1)     sched_switch:         migration/9:71 [0] S ==> cg.C.x:2545 [120]
    migration/15-107   [015]     1.032577: (+0)     sched_switch:         migration/15:107 [0] S ==> cg.C.x:2548 [120]
          cg.C.x-2532  [046]     1.032659: (+82)    bprint:               __handle_mm_fault: NUMAB MEM ACCESS process[nid:0, cpu:46, pid:2532], folio[virt:0x7fe28b1444d0, phys:0x1304e0000, pfn:0x1304e0, nid:0, npages:1]
          cg.C.x-2516  [014]     1.032662: (+3)     bprint:               __handle_mm_fault: NUMAB MEM ACCESS process[nid:0, cpu:14, pid:2516], folio[virt:0x7fe28b0fb0d0, phys:0x1415dc000, pfn:0x1415dc, nid:0, npages:1]
          cg.C.x-2521  [024]     1.032666: (+4)     bprint:               __handle_mm_fault: NUMAB MEM ACCESS process[nid:0, cpu:24, pid:2521], folio[virt:0x7fe28b111f10, phys:0x112812000, pfn:0x112812, nid:0, npages:1]
          cg.C.x-2533  [048]     1.032669: (+3)     bprint:               __handle_mm_fault: NUMAB MEM ACCESS process[nid:0, cpu:48, pid:2533], folio[virt:0x7fe28b148e10, phys:0x132b86000, pfn:0x132b86, nid:0, npages:1]
          cg.C.x-2517  [016]     1.032671: (+2)     bprint:               __handle_mm_fault: NUMAB MEM ACCESS process[nid:0, cpu:16, pid:2517], folio[virt:0x7fe28b0ffa10, phys:0x133a47000, pfn:0x133a47, nid:0, npages:1]
          cg.C.x-2511  [004]     1.032672: (+1)     bprint:               __handle_mm_fault: NUMAB MEM ACCESS process[nid:0, cpu:4, pid:2511], folio[virt:0x7fe28b0e4290, phys:0x15077e000, pfn:0x15077e, nid:0, npages:1]
          cg.C.x-2527  [036]     1.032674: (+2)     bprint:               __handle_mm_fault: NUMAB MEM ACCESS process[nid:0, cpu:36, pid:2527], folio[virt:0x7fe28b12d690, phys:0x12201a000, pfn:0x12201a, nid:0, npages:1]
          cg.C.x-2543  [005]     1.032677: (+3)     bprint:               __handle_mm_fault: NUMAB MEM ACCESS process[nid:1, cpu:5, pid:2543], folio[virt:0x7fe28b176a90, phys:0x186852c000, pfn:0x186852c, nid:1, npages:1]
          cg.C.x-2552  [023]     1.032680: (+3)     bprint:               __handle_mm_fault: NUMAB MEM ACCESS process[nid:1, cpu:23, pid:2552], folio[virt:0x7fe28b19fdd0, phys:0x185ca7d000, pfn:0x185ca7d, nid:1, npages:1]
          cg.C.x-2535  [052]     1.032682: (+2)     bprint:               __handle_mm_fault: NUMAB MEM ACCESS process[nid:0, cpu:52, pid:2535], folio[virt:0x7fe28b152090, phys:0x14651f000, pfn:0x14651f, nid:0, npages:1]
          cg.C.x-2523  [028]     1.032684: (+2)     bprint:               __handle_mm_fault: NUMAB MEM ACCESS process[nid:0, cpu:28, pid:2523], folio[virt:0x7fe28b11b190, phys:0x141554000, pfn:0x141554, nid:0, npages:1]
          cg.C.x-2556  [031]     1.032686: (+2)     bprint:               __handle_mm_fault: NUMAB MEM ACCESS process[nid:1, cpu:31, pid:2556], folio[virt:0x7fe28b1b22d0, phys:0x1867baf000, pfn:0x1867baf, nid:1, npages:1]
          cg.C.x-2526  [034]     1.032689: (+3)     bprint:               __handle_mm_fault: NUMAB MEM ACCESS process[nid:0, cpu:34, pid:2526], folio[virt:0x7fe28b128d50, phys:0x131a6a000, pfn:0x131a6a, nid:0, npages:1]
          cg.C.x-2572  [063]     1.032691: (+2)     bprint:               __handle_mm_fault: NUMAB MEM ACCESS process[nid:1, cpu:63, pid:2572], folio[virt:0x7fe28b1fb658, phys:0x1859cce000, pfn:0x1859cce, nid:1, npages:1]
          cg.C.x-2569  [057]     1.032693: (+2)     bprint:               __handle_mm_fault: NUMAB MEM ACCESS process[nid:1, cpu:57, pid:2569], folio[virt:0x7fe28b1edab0, phys:0x1863a18000, pfn:0x1863a18, nid:1, npages:1]
          cg.C.x-2541  [001]     1.032695: (+2)     bprint:               __handle_mm_fault: NUMAB MEM ACCESS process[nid:1, cpu:1, pid:2541], folio[virt:0x7fe28b16d810, phys:0x185c489000, pfn:0x185c489, nid:1, npages:1]
          cg.C.x-2542  [003]     1.032697: (+2)     bprint:               __handle_mm_fault: NUMAB MEM ACCESS process[nid:1, cpu:3, pid:2542], folio[virt:0x7fe28b172150, phys:0x1858f68000, pfn:0x1858f68, nid:1, npages:1]
          cg.C.x-2537  [056]     1.032699: (+2)     bprint:               __handle_mm_fault: NUMAB MEM ACCESS process[nid:0, cpu:56, pid:2537], folio[virt:0x7fe28b15b310, phys:0x1626c9000, pfn:0x1626c9, nid:0, npages:1]
          cg.C.x-2561  [041]     1.032701: (+2)     bprint:               __handle_mm_fault: NUMAB MEM ACCESS process[nid:1, cpu:41, pid:2561], folio[virt:0x7fe28b1c90f0, phys:0x1867bce000, pfn:0x1867bce, nid:1, npages:1]
          cg.C.x-2515  [012]     1.032703: (+2)     bprint:               __handle_mm_fault: NUMAB MEM ACCESS process[nid:0, cpu:12, pid:2515], folio[virt:0x7fe28b0f6790, phys:0x150728000, pfn:0x150728, nid:0, npages:1]
          cg.C.x-2518  [018]     1.032704: (+1)     bprint:               __handle_mm_fault: NUMAB MEM ACCESS process[nid:0, cpu:18, pid:2518], folio[virt:0x7fe28b104350, phys:0x183ff7e000, pfn:0x183ff7e, nid:0, npages:1]
          cg.C.x-2512  [006]     1.032706: (+2)     bprint:               __handle_mm_fault: NUMAB MEM ACCESS process[nid:0, cpu:6, pid:2512], folio[virt:0x7fe28b0e8bd0, phys:0x132fc9000, pfn:0x132fc9, nid:0, npages:1]
          cg.C.x-2519  [020]     1.032707: (+1)     bprint:               __handle_mm_fault: NUMAB MEM ACCESS process[nid:0, cpu:20, pid:2519], folio[virt:0x7fe28b108c90, phys:0x14656f000, pfn:0x14656f, nid:0, npages:1]
          cg.C.x-2513  [008]     1.032709: (+2)     bprint:               __handle_mm_fault: NUMAB MEM ACCESS process[nid:0, cpu:8, pid:2513], folio[virt:0x7fe28b0ed510, phys:0x52a049000, pfn:0x52a049, nid:0, npages:1]
          cg.C.x-2540  [062]     1.032711: (+2)     bprint:               __handle_mm_fault: NUMAB MEM ACCESS process[nid:0, cpu:62, pid:2540], folio[virt:0x7fe28b168ed0, phys:0x150bdd000, pfn:0x150bdd, nid:0, npages:1]
          cg.C.x-2529  [040]     1.032713: (+2)     bprint:               __handle_mm_fault: NUMAB MEM ACCESS process[nid:0, cpu:40, pid:2529], folio[virt:0x7fe28b136910, phys:0x1202b7000, pfn:0x1202b7, nid:0, npages:1]
          cg.C.x-2558  [035]     1.032715: (+2)     bprint:               __handle_mm_fault: NUMAB MEM ACCESS process[nid:1, cpu:35, pid:2558], folio[virt:0x7fe28b1bb548, phys:0x186a013000, pfn:0x186a013, nid:1, npages:1]
          cg.C.x-2553  [025]     1.032716: (+1)     bprint:               __handle_mm_fault: NUMAB MEM ACCESS process[nid:1, cpu:25, pid:2553], folio[virt:0x7fe28b1a4710, phys:0x1854b6a000, pfn:0x1854b6a, nid:1, npages:1]
          cg.C.x-2530  [042]     1.032718: (+2)     bprint:               __handle_mm_fault: NUMAB MEM ACCESS process[nid:0, cpu:42, pid:2530], folio[virt:0x7fe28b13b250, phys:0x14006c000, pfn:0x14006c, nid:0, npages:1]
          cg.C.x-2514  [010]     1.032720: (+2)     bprint:               __handle_mm_fault: NUMAB MEM ACCESS process[nid:0, cpu:10, pid:2514], folio[virt:0x7fe28b0f1e50, phys:0x111b86000, pfn:0x111b86, nid:0, npages:1]
          cg.C.x-2559  [037]     1.032722: (+2)     bprint:               __handle_mm_fault: NUMAB MEM ACCESS process[nid:1, cpu:37, pid:2559], folio[virt:0x7fe28b1bfe80, phys:0x1867623000, pfn:0x1867623, nid:1, npages:1]
          cg.C.x-2528  [038]     1.032724: (+2)     bprint:               __handle_mm_fault: NUMAB MEM ACCESS process[nid:0, cpu:38, pid:2528], folio[virt:0x7fe28b131fd0, phys:0x131a14000, pfn:0x131a14, nid:0, npages:1]
          cg.C.x-2568  [055]     1.032727: (+3)     bprint:               __handle_mm_fault: NUMAB MEM ACCESS process[nid:1, cpu:55, pid:2568], folio[virt:0x7fe28b1e9178, phys:0x185c9fa000, pfn:0x185c9fa, nid:1, npages:1]
          cg.C.x-2548  [015]     1.032728: (+1)     bprint:               __handle_mm_fault: NUMAB MEM ACCESS process[nid:1, cpu:15, pid:2548], folio[virt:0x7fe28b18d8d0, phys:0x185b022000, pfn:0x185b022, nid:1, npages:1]
          cg.C.x-2545  [009]     1.032730: (+2)     bprint:               __handle_mm_fault: NUMAB MEM ACCESS process[nid:1, cpu:9, pid:2545], folio[virt:0x7fe28b17fd10, phys:0x1857501000, pfn:0x1857501, nid:1, npages:1]
          cg.C.x-2524  [030]     1.032731: (+1)     bprint:               __handle_mm_fault: NUMAB MEM ACCESS process[nid:0, cpu:30, pid:2524], folio[virt:0x7fe28b11fad0, phys:0x111bbc000, pfn:0x111bbc, nid:0, npages:1]
          cg.C.x-2539  [060]     1.032733: (+2)     bprint:               __handle_mm_fault: NUMAB MEM ACCESS process[nid:0, cpu:60, pid:2539], folio[virt:0x7fe28b164590, phys:0x121c2e000, pfn:0x121c2e, nid:0, npages:1]
          cg.C.x-2510  [002]     1.032735: (+2)     bprint:               __handle_mm_fault: NUMAB MEM ACCESS process[nid:0, cpu:2, pid:2510], folio[virt:0x7fe28b0df950, phys:0x111bff000, pfn:0x111bff, nid:0, npages:1]
          cg.C.x-2534  [050]     1.032736: (+1)     bprint:               __handle_mm_fault: NUMAB MEM ACCESS process[nid:0, cpu:50, pid:2534], folio[virt:0x7fe28b14d750, phys:0x150779000, pfn:0x150779, nid:0, npages:1]
          cg.C.x-2536  [054]     1.032738: (+2)     bprint:               __handle_mm_fault: NUMAB MEM ACCESS process[nid:0, cpu:54, pid:2536], folio[virt:0x7fe28b1569d0, phys:0x141a24000, pfn:0x141a24, nid:0, npages:1]
