          <idle>-0     [003]     0.122495: (+1)     sched_switch:         swapper/3:0 [120] R ==> cg.C.x:2298 [120]
          <idle>-0     [009]     0.122495: (+0)     sched_switch:         swapper/9:0 [120] R ==> cg.C.x:2301 [120]
          <idle>-0     [005]     0.122495: (+0)     sched_switch:         swapper/5:0 [120] R ==> cg.C.x:2299 [120]
          <idle>-0     [007]     0.122495: (+0)     sched_switch:         swapper/7:0 [120] R ==> cg.C.x:2300 [120]
          <idle>-0     [011]     0.122495: (+0)     sched_switch:         swapper/11:0 [120] R ==> cg.C.x:2302 [120]
          cg.C.x-2311  [029]     0.209844: (+87349) bputs:                task_numa_work: NUMAB Exited task_numa_work because migration time has not arrived yet
          cg.C.x-2307  [021]     0.209844: (+0)     bputs:                task_numa_work: NUMAB Exited task_numa_work because migration time has not arrived yet
          cg.C.x-2327  [061]     0.209844: (+0)     bputs:                task_numa_work: NUMAB Exited task_numa_work because migration time has not arrived yet
          cg.C.x-2323  [053]     0.209844: (+0)     bputs:                task_numa_work: NUMAB Exited task_numa_work because migration time has not arrived yet
          cg.C.x-2319  [045]     0.209844: (+0)     bputs:                task_numa_work: NUMAB Exited task_numa_work because migration time has not arrived yet
          cg.C.x-2303  [013]     0.209844: (+0)     bputs:                task_numa_work: NUMAB Exited task_numa_work because migration time has not arrived yet
          cg.C.x-2298  [003]     0.209844: (+0)     bputs:                task_numa_work: NUMAB Exited task_numa_work because migration time has not arrived yet
          cg.C.x-2301  [009]     0.209844: (+0)     bputs:                task_numa_work: NUMAB Exited task_numa_work because migration time has not arrived yet
          cg.C.x-2317  [041]     0.209844: (+0)     bputs:                task_numa_work: NUMAB Exited task_numa_work because migration time has not arrived yet
          cg.C.x-2310  [027]     0.209844: (+0)     bputs:                task_numa_work: NUMAB Exited task_numa_work because migration time has not arrived yet
          cg.C.x-2326  [059]     0.209844: (+0)     bputs:                task_numa_work: NUMAB Exited task_numa_work because migration time has not arrived yet
          cg.C.x-2321  [049]     0.209844: (+0)     bputs:                task_numa_work: NUMAB Exited task_numa_work because migration time has not arrived yet
          cg.C.x-2324  [055]     0.209844: (+0)     bputs:                task_numa_work: NUMAB Exited task_numa_work because migration time has not arrived yet
          cg.C.x-2308  [023]     0.209844: (+0)     bputs:                task_numa_work: NUMAB Exited task_numa_work because migration time has not arrived yet
          cg.C.x-2299  [005]     0.209844: (+0)     bputs:                task_numa_work: NUMAB Exited task_numa_work because migration time has not arrived yet
          cg.C.x-2276  [022]     0.209844: (+0)     bputs:                task_numa_work: NUMAB Exited task_numa_work because migration time has not arrived yet
          cg.C.x-2292  [054]     0.209844: (+0)     bputs:                task_numa_work: NUMAB Exited task_numa_work because migration time has not arrived yet
          cg.C.x-2272  [014]     0.209845: (+1)     bputs:                task_numa_work: NUMAB Exited task_numa_work because migration time has not arrived yet
          cg.C.x-2288  [046]     0.209845: (+0)     bputs:                task_numa_work: NUMAB Exited task_numa_work because migration time has not arrived yet
          cg.C.x-2274  [018]     0.209845: (+0)     bputs:                task_numa_work: NUMAB Exited task_numa_work because migration time has not arrived yet
          cg.C.x-2290  [050]     0.209845: (+0)     bputs:                task_numa_work: NUMAB Exited task_numa_work because migration time has not arrived yet
          cg.C.x-2289  [048]     0.209845: (+0)     bputs:                task_numa_work: NUMAB Exited task_numa_work because migration time has not arrived yet
          cg.C.x-2273  [016]     0.209845: (+0)     bputs:                task_numa_work: NUMAB Exited task_numa_work because migration time has not arrived yet
          cg.C.x-2267  [004]     0.209845: (+0)     bputs:                task_numa_work: NUMAB Exited task_numa_work because migration time has not arrived yet
          cg.C.x-2283  [036]     0.209845: (+0)     bputs:                task_numa_work: NUMAB Exited task_numa_work because migration time has not arrived yet
          cg.C.x-2313  [033]     0.209845: (+0)     bputs:                task_numa_work: NUMAB Exited task_numa_work because migration time has not arrived yet
          cg.C.x-2328  [063]     0.209845: (+0)     bputs:                task_numa_work: NUMAB About to scan memory
          cg.C.x-2278  [026]     0.209845: (+0)     bputs:                task_numa_work: NUMAB Exited task_numa_work because migration time has not arrived yet
          cg.C.x-2325  [057]     0.209845: (+0)     bputs:                task_numa_work: NUMAB Exited task_numa_work because migration time has not arrived yet
          cg.C.x-2297  [001]     0.209846: (+1)     bputs:                task_numa_work: NUMAB Exited task_numa_work because migration time has not arrived yet
          cg.C.x-2328  [063]     0.209852: (+6)     bprint:               change_prot_numa: NUMAB SCAN vma[start:0x55801e2a3000, end:0x55801e2a4000, from:0x55801e2a3000, to:0x55801e2a4000, size:4 KB]
          cg.C.x-2305  [017]     0.209855: (+3)     bputs:                task_numa_work: NUMAB Exited task_numa_work because migration time has not arrived yet
          cg.C.x-2328  [063]     0.209876: (+21)    bprint:               change_prot_numa: NUMAB SCAN vma[start:0x55801e2a4000, end:0x55801e2a5000, from:0x55801e2a4000, to:0x55801e2a5000, size:4 KB]
          cg.C.x-2328  [063]     0.209891: (+15)    bprint:               change_prot_numa: NUMAB SCAN vma[start:0x55801fa17000, end:0x55801fa38000, from:0x55801fa17000, to:0x55801fa38000, size:132 KB]
          cg.C.x-2328  [063]     0.209915: (+24)    bprint:               change_prot_numa: NUMAB SCAN vma[start:0x7fb600001000, end:0x7fb600801000, from:0x7fb600001000, to:0x7fb600801000, size:8192 KB]
          cg.C.x-2328  [063]     0.209934: (+19)    bprint:               change_prot_numa: NUMAB SCAN vma[start:0x7fb600a01000, end:0x7fb601201000, from:0x7fb600a01000, to:0x7fb601201000, size:8192 KB]
          cg.C.x-2328  [063]     0.209951: (+17)    bprint:               change_prot_numa: NUMAB SCAN vma[start:0x7fb601401000, end:0x7fb601c01000, from:0x7fb601401000, to:0x7fb601c01000, size:8192 KB]
          cg.C.x-2327  [061]     0.209955: (+4)     bprint:               __handle_mm_fault: NUMAB MEM ACCESS process[nid:1, cpu:61, pid:2327], folio[virt:0x7fb6011ff394, phys:0x1853ce5000, pfn:0x1853ce5, nid:1, npages:1]
          cg.C.x-2328  [063]     0.209969: (+14)    bprint:               change_prot_numa: NUMAB SCAN vma[start:0x7fb601e01000, end:0x7fb602601000, from:0x7fb601e01000, to:0x7fb602601000, size:8192 KB]
          cg.C.x-2326  [059]     0.209971: (+2)     bprint:               __handle_mm_fault: NUMAB MEM ACCESS process[nid:1, cpu:59, pid:2326], folio[virt:0x7fb601bff394, phys:0x184fbec000, pfn:0x184fbec, nid:1, npages:1]
          cg.C.x-2328  [063]     0.209988: (+17)    bprint:               change_prot_numa: NUMAB SCAN vma[start:0x7fb602801000, end:0x7fb603001000, from:0x7fb602801000, to:0x7fb603001000, size:8192 KB]
          cg.C.x-2325  [057]     0.209989: (+1)     bprint:               __handle_mm_fault: NUMAB MEM ACCESS process[nid:1, cpu:57, pid:2325], folio[virt:0x7fb6025ff394, phys:0x1851a40000, pfn:0x1851a40, nid:1, npages:1]
          cg.C.x-2328  [063]     0.210006: (+17)    bprint:               change_prot_numa: NUMAB SCAN vma[start:0x7fb603201000, end:0x7fb603a01000, from:0x7fb603201000, to:0x7fb603a01000, size:8192 KB]
          cg.C.x-2324  [055]     0.210007: (+1)     bprint:               __handle_mm_fault: NUMAB MEM ACCESS process[nid:1, cpu:55, pid:2324], folio[virt:0x7fb602fff394, phys:0x1853aa1000, pfn:0x1853aa1, nid:1, npages:1]
          cg.C.x-2328  [063]     0.210023: (+16)    bprint:               change_prot_numa: NUMAB SCAN vma[start:0x7fb603c01000, end:0x7fb604401000, from:0x7fb603c01000, to:0x7fb604401000, size:8192 KB]
          cg.C.x-2323  [053]     0.210025: (+2)     bprint:               __handle_mm_fault: NUMAB MEM ACCESS process[nid:1, cpu:53, pid:2323], folio[virt:0x7fb6039ff394, phys:0x1861d7a000, pfn:0x1861d7a, nid:1, npages:1]
          cg.C.x-2328  [063]     0.210042: (+17)    bprint:               change_prot_numa: NUMAB SCAN vma[start:0x7fb604601000, end:0x7fb604e01000, from:0x7fb604601000, to:0x7fb604e01000, size:8192 KB]
          cg.C.x-2322  [051]     0.210044: (+2)     bprint:               __handle_mm_fault: NUMAB MEM ACCESS process[nid:1, cpu:51, pid:2322], folio[virt:0x7fb6043ff394, phys:0x184f974000, pfn:0x184f974, nid:1, npages:1]
          cg.C.x-2328  [063]     0.210060: (+16)    bprint:               change_prot_numa: NUMAB SCAN vma[start:0x7fb605001000, end:0x7fb605801000, from:0x7fb605001000, to:0x7fb605801000, size:8192 KB]
          cg.C.x-2321  [049]     0.210062: (+2)     bprint:               __handle_mm_fault: NUMAB MEM ACCESS process[nid:1, cpu:49, pid:2321], folio[virt:0x7fb604dff394, phys:0x18624c2000, pfn:0x18624c2, nid:1, npages:1]
          cg.C.x-2328  [063]     0.210079: (+17)    bprint:               change_prot_numa: NUMAB SCAN vma[start:0x7fb605a01000, end:0x7fb606201000, from:0x7fb605a01000, to:0x7fb606201000, size:8192 KB]
          cg.C.x-2320  [047]     0.210079: (+0)     bprint:               __handle_mm_fault: NUMAB MEM ACCESS process[nid:1, cpu:47, pid:2320], folio[virt:0x7fb6057ff394, phys:0x1853c57000, pfn:0x1853c57, nid:1, npages:1]
          cg.C.x-2328  [063]     0.210097: (+18)    bprint:               change_prot_numa: NUMAB SCAN vma[start:0x7fb606401000, end:0x7fb606c01000, from:0x7fb606401000, to:0x7fb606c01000, size:8192 KB]
          cg.C.x-2319  [045]     0.210098: (+1)     bprint:               __handle_mm_fault: NUMAB MEM ACCESS process[nid:1, cpu:45, pid:2319], folio[virt:0x7fb6061ff394, phys:0x18542b2000, pfn:0x18542b2, nid:1, npages:1]
          cg.C.x-2328  [063]     0.210114: (+16)    bprint:               change_prot_numa: NUMAB SCAN vma[start:0x7fb606e01000, end:0x7fb607601000, from:0x7fb606e01000, to:0x7fb607601000, size:8192 KB]
          cg.C.x-2318  [043]     0.210117: (+3)     bprint:               __handle_mm_fault: NUMAB MEM ACCESS process[nid:1, cpu:43, pid:2318], folio[virt:0x7fb606bff394, phys:0x1853147000, pfn:0x1853147, nid:1, npages:1]
          cg.C.x-2328  [063]     0.210132: (+15)    bprint:               change_prot_numa: NUMAB SCAN vma[start:0x7fb607801000, end:0x7fb608001000, from:0x7fb607801000, to:0x7fb608001000, size:8192 KB]
          cg.C.x-2317  [041]     0.210133: (+1)     bprint:               __handle_mm_fault: NUMAB MEM ACCESS process[nid:1, cpu:41, pid:2317], folio[virt:0x7fb6075ff394, phys:0x18631a8000, pfn:0x18631a8, nid:1, npages:1]
          cg.C.x-2328  [063]     0.210150: (+17)    bprint:               change_prot_numa: NUMAB SCAN vma[start:0x7fb608201000, end:0x7fb608a01000, from:0x7fb608201000, to:0x7fb608a01000, size:8192 KB]
          cg.C.x-2316  [039]     0.210152: (+2)     bprint:               __handle_mm_fault: NUMAB MEM ACCESS process[nid:1, cpu:39, pid:2316], folio[virt:0x7fb607fff394, phys:0x186369f000, pfn:0x186369f, nid:1, npages:1]
          cg.C.x-2328  [063]     0.210169: (+17)    bprint:               change_prot_numa: NUMAB SCAN vma[start:0x7fb608c01000, end:0x7fb609401000, from:0x7fb608c01000, to:0x7fb609401000, size:8192 KB]
          cg.C.x-2315  [037]     0.210170: (+1)     bprint:               __handle_mm_fault: NUMAB MEM ACCESS process[nid:1, cpu:37, pid:2315], folio[virt:0x7fb6089ff394, phys:0x1853057000, pfn:0x1853057, nid:1, npages:1]
          cg.C.x-2328  [063]     0.210187: (+17)    bprint:               change_prot_numa: NUMAB SCAN vma[start:0x7fb609601000, end:0x7fb609e01000, from:0x7fb609601000, to:0x7fb609e01000, size:8192 KB]
          cg.C.x-2314  [035]     0.210189: (+2)     bprint:               __handle_mm_fault: NUMAB MEM ACCESS process[nid:1, cpu:35, pid:2314], folio[virt:0x7fb6093ff388, phys:0x18628ea000, pfn:0x18628ea, nid:1, npages:1]
          cg.C.x-2328  [063]     0.210205: (+16)    bprint:               change_prot_numa: NUMAB SCAN vma[start:0x7fb60a001000, end:0x7fb60a801000, from:0x7fb60a001000, to:0x7fb60a801000, size:8192 KB]
          cg.C.x-2313  [033]     0.210207: (+2)     bprint:               __handle_mm_fault: NUMAB MEM ACCESS process[nid:1, cpu:33, pid:2313], folio[virt:0x7fb609dff394, phys:0x1861f88000, pfn:0x1861f88, nid:1, npages:1]
          cg.C.x-2328  [063]     0.210223: (+16)    bprint:               change_prot_numa: NUMAB SCAN vma[start:0x7fb60aa01000, end:0x7fb60b201000, from:0x7fb60aa01000, to:0x7fb60b201000, size:8192 KB]
          cg.C.x-2312  [031]     0.210223: (+0)     bprint:               __handle_mm_fault: NUMAB MEM ACCESS process[nid:1, cpu:31, pid:2312], folio[virt:0x7fb60a7ff394, phys:0x1854300000, pfn:0x1854300, nid:1, npages:1]
          cg.C.x-2328  [063]     0.210241: (+18)    bprint:               change_prot_numa: NUMAB SCAN vma[start:0x7fb60b401000, end:0x7fb60bc01000, from:0x7fb60b401000, to:0x7fb60bc01000, size:8192 KB]
          cg.C.x-2311  [029]     0.210242: (+1)     bprint:               __handle_mm_fault: NUMAB MEM ACCESS process[nid:1, cpu:29, pid:2311], folio[virt:0x7fb60b1ff394, phys:0x1850a01000, pfn:0x1850a01, nid:1, npages:1]
          cg.C.x-2328  [063]     0.210259: (+17)    bprint:               change_prot_numa: NUMAB SCAN vma[start:0x7fb60be01000, end:0x7fb60c601000, from:0x7fb60be01000, to:0x7fb60c601000, size:8192 KB]
          cg.C.x-2310  [027]     0.210260: (+1)     bprint:               __handle_mm_fault: NUMAB MEM ACCESS process[nid:1, cpu:27, pid:2310], folio[virt:0x7fb60bbff394, phys:0x1854080000, pfn:0x1854080, nid:1, npages:1]
          cg.C.x-2328  [063]     0.210276: (+16)    bprint:               change_prot_numa: NUMAB SCAN vma[start:0x7fb60c801000, end:0x7fb60d001000, from:0x7fb60c801000, to:0x7fb60d001000, size:8192 KB]
          cg.C.x-2309  [025]     0.210277: (+1)     bprint:               __handle_mm_fault: NUMAB MEM ACCESS process[nid:1, cpu:25, pid:2309], folio[virt:0x7fb60c5ff394, phys:0x1862b98000, pfn:0x1862b98, nid:1, npages:1]
          cg.C.x-2328  [063]     0.210295: (+18)    bprint:               change_prot_numa: NUMAB SCAN vma[start:0x7fb60d201000, end:0x7fb60da01000, from:0x7fb60d201000, to:0x7fb60da01000, size:8192 KB]
          cg.C.x-2308  [023]     0.210295: (+0)     bprint:               __handle_mm_fault: NUMAB MEM ACCESS process[nid:1, cpu:23, pid:2308], folio[virt:0x7fb60cfff394, phys:0x1853f94000, pfn:0x1853f94, nid:1, npages:1]
          cg.C.x-2328  [063]     0.210313: (+18)    bprint:               change_prot_numa: NUMAB SCAN vma[start:0x7fb60dc01000, end:0x7fb60e401000, from:0x7fb60dc01000, to:0x7fb60e401000, size:8192 KB]
          cg.C.x-2307  [021]     0.210313: (+0)     bprint:               __handle_mm_fault: NUMAB MEM ACCESS process[nid:1, cpu:21, pid:2307], folio[virt:0x7fb60d9ff394, phys:0x184e207000, pfn:0x184e207, nid:1, npages:1]
          cg.C.x-2328  [063]     0.210331: (+18)    bprint:               change_prot_numa: NUMAB SCAN vma[start:0x7fb60e601000, end:0x7fb60ee01000, from:0x7fb60e601000, to:0x7fb60ee01000, size:8192 KB]
          cg.C.x-2306  [019]     0.210332: (+1)     bprint:               __handle_mm_fault: NUMAB MEM ACCESS process[nid:1, cpu:19, pid:2306], folio[virt:0x7fb60e3ff394, phys:0x1862de4000, pfn:0x1862de4, nid:1, npages:1]
          cg.C.x-2328  [063]     0.210349: (+17)    bprint:               change_prot_numa: NUMAB SCAN vma[start:0x7fb60f001000, end:0x7fb60f801000, from:0x7fb60f001000, to:0x7fb60f801000, size:8192 KB]
          cg.C.x-2305  [017]     0.210350: (+1)     bprint:               __handle_mm_fault: NUMAB MEM ACCESS process[nid:1, cpu:17, pid:2305], folio[virt:0x7fb60edff394, phys:0x18620f3000, pfn:0x18620f3, nid:1, npages:1]
          cg.C.x-2328  [063]     0.210368: (+18)    bprint:               change_prot_numa: NUMAB SCAN vma[start:0x7fb60fa01000, end:0x7fb610201000, from:0x7fb60fa01000, to:0x7fb610201000, size:8192 KB]
          cg.C.x-2304  [015]     0.210368: (+0)     bprint:               __handle_mm_fault: NUMAB MEM ACCESS process[nid:1, cpu:15, pid:2304], folio[virt:0x7fb60f7ff394, phys:0x185374f000, pfn:0x185374f, nid:1, npages:1]
          cg.C.x-2328  [063]     0.210386: (+18)    bprint:               change_prot_numa: NUMAB SCAN vma[start:0x7fb610401000, end:0x7fb610c01000, from:0x7fb610401000, to:0x7fb610c01000, size:8192 KB]
          cg.C.x-2303  [013]     0.210386: (+0)     bprint:               __handle_mm_fault: NUMAB MEM ACCESS process[nid:1, cpu:13, pid:2303], folio[virt:0x7fb6101ff388, phys:0x185151d000, pfn:0x185151d, nid:1, npages:1]
          cg.C.x-2328  [063]     0.210404: (+18)    bprint:               change_prot_numa: NUMAB SCAN vma[start:0x7fb610e01000, end:0x7fb611601000, from:0x7fb610e01000, to:0x7fb611601000, size:8192 KB]
          cg.C.x-2302  [011]     0.210405: (+1)     bprint:               __handle_mm_fault: NUMAB MEM ACCESS process[nid:1, cpu:11, pid:2302], folio[virt:0x7fb610bff394, phys:0x185131c000, pfn:0x185131c, nid:1, npages:1]
          cg.C.x-2328  [063]     0.210421: (+16)    bprint:               change_prot_numa: NUMAB SCAN vma[start:0x7fb611801000, end:0x7fb612001000, from:0x7fb611801000, to:0x7fb612001000, size:8192 KB]
          cg.C.x-2301  [009]     0.210422: (+1)     bprint:               __handle_mm_fault: NUMAB MEM ACCESS process[nid:1, cpu:9, pid:2301], folio[virt:0x7fb6115ff394, phys:0x184e231000, pfn:0x184e231, nid:1, npages:1]
          cg.C.x-2328  [063]     0.210440: (+18)    bprint:               change_prot_numa: NUMAB SCAN vma[start:0x7fb612201000, end:0x7fb612a01000, from:0x7fb612201000, to:0x7fb612a01000, size:8192 KB]
          cg.C.x-2300  [007]     0.210441: (+1)     bprint:               __handle_mm_fault: NUMAB MEM ACCESS process[nid:1, cpu:7, pid:2300], folio[virt:0x7fb611fff394, phys:0x184d0eb000, pfn:0x184d0eb, nid:1, npages:1]
          cg.C.x-2328  [063]     0.210458: (+17)    bprint:               change_prot_numa: NUMAB SCAN vma[start:0x7fb612c01000, end:0x7fb613401000, from:0x7fb612c01000, to:0x7fb613401000, size:8192 KB]
          cg.C.x-2299  [005]     0.210459: (+1)     bprint:               __handle_mm_fault: NUMAB MEM ACCESS process[nid:1, cpu:5, pid:2299], folio[virt:0x7fb6129ff394, phys:0x184f900000, pfn:0x184f900, nid:1, npages:1]
          cg.C.x-2328  [063]     0.210476: (+17)    bprint:               change_prot_numa: NUMAB SCAN vma[start:0x7fb613601000, end:0x7fb613e01000, from:0x7fb613601000, to:0x7fb613e00000, size:8188 KB]
          cg.C.x-2298  [003]     0.210477: (+1)     bprint:               __handle_mm_fault: NUMAB MEM ACCESS process[nid:1, cpu:3, pid:2298], folio[virt:0x7fb6133ff394, phys:0x184eb0c000, pfn:0x184eb0c, nid:1, npages:1]
          cg.C.x-2297  [001]     0.210494: (+17)    bprint:               __handle_mm_fault: NUMAB MEM ACCESS process[nid:1, cpu:1, pid:2297], folio[virt:0x7fb613dff388, phys:0x185355f000, pfn:0x185355f, nid:1, npages:1]
          cg.C.x-2328  [063]     0.210495: (+1)     bprint:               __handle_mm_fault: NUMAB MEM ACCESS process[nid:1, cpu:63, pid:2328], folio[virt:0x7fb600800fe8, phys:0x115642000, pfn:0x115642, nid:0, npages:1]
          cg.C.x-2328  [063]     0.210497: (+2)     bprint:               __handle_mm_fault: NUMAB TRY MEM MIGR process[nid:1, cpu:63, pid:2328], folio[virt:0x7fb600800fe8, phys:0x115642000, nid:0], target_nid:1
          cg.C.x-2328  [063]     0.210518: (+21)    bprint:               __handle_mm_fault: NUMAB COMPLETED MEM MIGR process[nid:1, cpu:63, pid:2328], old[phys:0x115642000, nid:0, npages:1], new[phys:0x184de45000, nid:1, npages:1]
          cg.C.x-2328  [063]     0.210523: (+5)     bprint:               __handle_mm_fault: NUMAB MEM ACCESS process[nid:1, cpu:63, pid:2328], folio[virt:0x7fb6007ff394, phys:0x184e2cd000, pfn:0x184e2cd, nid:1, npages:1]
          cg.C.x-2325  [057]     0.217846: (+7323)  sched_waking:         comm=kworker/57:1 pid=735 prio=120 target_cpu=057
          cg.C.x-2325  [057]     0.217853: (+7)     sched_wakeup:         kworker/57:1:735 [120] CPU:057
          cg.C.x-2325  [057]     0.217859: (+6)     sched_switch:         cg.C.x:2325 [120] R ==> kworker/57:1:735 [120]
    kworker/57:1-735   [057]     0.217890: (+31)    sched_switch:         kworker/57:1:735 [120] I ==> cg.C.x:2325 [120]
          cg.C.x-2325  [057]     0.217897: (+7)     bprint:               __handle_mm_fault: NUMAB MEM ACCESS process[nid:1, cpu:57, pid:2325], folio[virt:0x7fb602600fe8, phys:0x155f99000, pfn:0x155f99, nid:0, npages:1]
          cg.C.x-2325  [057]     0.217899: (+2)     bprint:               __handle_mm_fault: NUMAB TRY MEM MIGR process[nid:1, cpu:57, pid:2325], folio[virt:0x7fb602600fe8, phys:0x155f99000, nid:0], target_nid:1
          cg.C.x-2325  [057]     0.217916: (+17)    bprint:               __handle_mm_fault: NUMAB COMPLETED MEM MIGR process[nid:1, cpu:57, pid:2325], old[phys:0x155f99000, nid:0, npages:1], new[phys:0x1851a6d000, nid:1, npages:1]
          cg.C.x-2296  [062]     0.221848: (+3932)  sched_waking:         comm=kworker/u129:2 pid=2055 prio=120 target_cpu=062
          cg.C.x-2296  [062]     0.221864: (+16)    sched_wakeup:         kworker/u129:2:2055 [120] CPU:062
          cg.C.x-2296  [062]     0.221871: (+7)     sched_switch:         cg.C.x:2296 [120] R ==> kworker/u129:2:2055 [120]
  kworker/u129:2-2055  [062]     0.222230: (+359)   sched_switch:         kworker/u129:2:2055 [120] I ==> cg.C.x:2296 [120]
          cg.C.x-2328  [063]     0.253845: (+31615) sched_waking:         comm=kworker/63:1 pid=733 prio=120 target_cpu=063
          cg.C.x-2328  [063]     0.253852: (+7)     sched_wakeup:         kworker/63:1:733 [120] CPU:063
          cg.C.x-2328  [063]     0.253859: (+7)     sched_switch:         cg.C.x:2328 [120] R ==> kworker/63:1:733 [120]
    kworker/63:1-733   [063]     0.253872: (+13)    sched_switch:         kworker/63:1:733 [120] I ==> cg.C.x:2328 [120]
          cg.C.x-2310  [027]     0.269172: (+15300) sched_waking:         comm=ntpd pid=1774 prio=0 target_cpu=027
          cg.C.x-2310  [027]     0.269182: (+10)    sched_wakeup:         ntpd:1774 [0] CPU:027
          cg.C.x-2310  [027]     0.269190: (+8)     sched_switch:         cg.C.x:2310 [120] R ==> ntpd:1774 [0]
            ntpd-1774  [027]     0.269233: (+43)    sched_switch:         ntpd:1774 [0] S ==> cg.C.x:2310 [120]
          cg.C.x-2310  [027]     0.269241: (+8)     bprint:               __handle_mm_fault: NUMAB MEM ACCESS process[nid:1, cpu:27, pid:2310], folio[virt:0x7fb60bc00fe8, phys:0x2103c3000, pfn:0x2103c3, nid:0, npages:1]
          cg.C.x-2310  [027]     0.269244: (+3)     bprint:               __handle_mm_fault: NUMAB TRY MEM MIGR process[nid:1, cpu:27, pid:2310], folio[virt:0x7fb60bc00fe8, phys:0x2103c3000, nid:0], target_nid:1
          cg.C.x-2310  [027]     0.269264: (+20)    bprint:               __handle_mm_fault: NUMAB COMPLETED MEM MIGR process[nid:1, cpu:27, pid:2310], old[phys:0x2103c3000, nid:0, npages:1], new[phys:0x1861caf000, nid:1, npages:1]
          cg.C.x-2307  [021]     0.269845: (+581)   sched_waking:         comm=kworker/21:2 pid=1566 prio=120 target_cpu=021
          cg.C.x-2307  [021]     0.269850: (+5)     sched_wakeup:         kworker/21:2:1566 [120] CPU:021
          cg.C.x-2307  [021]     0.269854: (+4)     sched_switch:         cg.C.x:2307 [120] R ==> kworker/21:2:1566 [120]
    kworker/21:2-1566  [021]     0.269913: (+59)    sched_switch:         kworker/21:2:1566 [120] I ==> cg.C.x:2307 [120]
          cg.C.x-2307  [021]     0.269919: (+6)     bprint:               __handle_mm_fault: NUMAB MEM ACCESS process[nid:1, cpu:21, pid:2307], folio[virt:0x7fb60da00fe8, phys:0x1543ed000, pfn:0x1543ed, nid:0, npages:1]
          cg.C.x-2307  [021]     0.269921: (+2)     bprint:               __handle_mm_fault: NUMAB TRY MEM MIGR process[nid:1, cpu:21, pid:2307], folio[virt:0x7fb60da00fe8, phys:0x1543ed000, nid:0], target_nid:1
          cg.C.x-2307  [021]     0.269932: (+11)    bprint:               __handle_mm_fault: NUMAB COMPLETED MEM MIGR process[nid:1, cpu:21, pid:2307], old[phys:0x1543ed000, nid:0, npages:1], new[phys:0x185388a000, nid:1, npages:1]
          cg.C.x-2328  [063]     0.285844: (+15912) sched_waking:         comm=kcompactd1 pid=473 prio=120 target_cpu=063
          cg.C.x-2268  [006]     0.285847: (+3)     sched_waking:         comm=kcompactd0 pid=472 prio=120 target_cpu=006
          cg.C.x-2268  [006]     0.285858: (+11)    sched_wakeup:         kcompactd0:472 [120] CPU:006
          cg.C.x-2328  [063]     0.285858: (+0)     sched_wakeup:         kcompactd1:473 [120] CPU:063
          cg.C.x-2328  [063]     0.285864: (+6)     sched_switch:         cg.C.x:2328 [120] R ==> kcompactd1:473 [120]
          cg.C.x-2268  [006]     0.285867: (+3)     sched_switch:         cg.C.x:2268 [120] R ==> kcompactd0:472 [120]
      kcompactd1-473   [063]     0.285874: (+7)     sched_switch:         kcompactd1:473 [120] S ==> cg.C.x:2328 [120]
      kcompactd0-472   [006]     0.285878: (+4)     sched_switch:         kcompactd0:472 [120] S ==> cg.C.x:2268 [120]
          cg.C.x-2306  [019]     0.309842: (+23964) bputs:                task_numa_work: NUMAB Exited task_numa_work because migration time has not arrived yet
          cg.C.x-2307  [021]     0.309843: (+1)     bputs:                task_numa_work: NUMAB Exited task_numa_work because migration time has not arrived yet
          cg.C.x-2300  [007]     0.309843: (+0)     bputs:                task_numa_work: NUMAB Exited task_numa_work because migration time has not arrived yet
          cg.C.x-2320  [047]     0.309843: (+0)     bputs:                task_numa_work: NUMAB Exited task_numa_work because migration time has not arrived yet
          cg.C.x-2322  [051]     0.309843: (+0)     bputs:                task_numa_work: NUMAB Exited task_numa_work because migration time has not arrived yet
          cg.C.x-2267  [004]     0.309843: (+0)     bputs:                task_numa_work: NUMAB Exited task_numa_work because migration time has not arrived yet
          cg.C.x-2316  [039]     0.309843: (+0)     bputs:                task_numa_work: NUMAB Exited task_numa_work because migration time has not arrived yet
          cg.C.x-2323  [053]     0.309843: (+0)     bputs:                task_numa_work: NUMAB Exited task_numa_work because migration time has not arrived yet
          cg.C.x-2283  [036]     0.309843: (+0)     bputs:                task_numa_work: NUMAB Exited task_numa_work because migration time has not arrived yet
          cg.C.x-2268  [006]     0.309843: (+0)     bputs:                task_numa_work: NUMAB Exited task_numa_work because migration time has not arrived yet
          cg.C.x-2288  [046]     0.309843: (+0)     bputs:                task_numa_work: NUMAB Exited task_numa_work because migration time has not arrived yet
          cg.C.x-2272  [014]     0.309843: (+0)     bputs:                task_numa_work: NUMAB Exited task_numa_work because migration time has not arrived yet
          cg.C.x-2308  [023]     0.309843: (+0)     bputs:                task_numa_work: NUMAB Exited task_numa_work because migration time has not arrived yet
          cg.C.x-2324  [055]     0.309843: (+0)     bputs:                task_numa_work: NUMAB Exited task_numa_work because migration time has not arrived yet
          cg.C.x-2284  [038]     0.309843: (+0)     bputs:                task_numa_work: NUMAB Exited task_numa_work because migration time has not arrived yet
          cg.C.x-2310  [027]     0.309843: (+0)     bputs:                task_numa_work: NUMAB About to scan memory
          cg.C.x-2305  [017]     0.309843: (+0)     bputs:                task_numa_work: NUMAB Exited task_numa_work because migration time has not arrived yet
          cg.C.x-2314  [035]     0.309843: (+0)     bputs:                task_numa_work: NUMAB Exited task_numa_work because migration time has not arrived yet
          cg.C.x-2319  [045]     0.309843: (+0)     bputs:                task_numa_work: NUMAB Exited task_numa_work because migration time has not arrived yet
          cg.C.x-2298  [003]     0.309843: (+0)     bputs:                task_numa_work: NUMAB Exited task_numa_work because migration time has not arrived yet
          cg.C.x-2309  [025]     0.309843: (+0)     bputs:                task_numa_work: NUMAB Exited task_numa_work because migration time has not arrived yet
          cg.C.x-2303  [013]     0.309843: (+0)     bputs:                task_numa_work: NUMAB Exited task_numa_work because migration time has not arrived yet
          cg.C.x-2281  [032]     0.309843: (+0)     bputs:                task_numa_work: NUMAB Exited task_numa_work because migration time has not arrived yet
          cg.C.x-2315  [037]     0.309843: (+0)     bputs:                task_numa_work: NUMAB Exited task_numa_work because migration time has not arrived yet
          cg.C.x-2299  [005]     0.309843: (+0)     bputs:                task_numa_work: NUMAB Exited task_numa_work because migration time has not arrived yet
          cg.C.x-2301  [009]     0.309843: (+0)     bputs:                task_numa_work: NUMAB Exited task_numa_work because migration time has not arrived yet
          cg.C.x-2312  [031]     0.309843: (+0)     bputs:                task_numa_work: NUMAB Exited task_numa_work because migration time has not arrived yet
          cg.C.x-2293  [056]     0.309843: (+0)     bputs:                task_numa_work: NUMAB Exited task_numa_work because migration time has not arrived yet
          cg.C.x-2328  [063]     0.309844: (+1)     bputs:                task_numa_work: NUMAB Exited task_numa_work because migration time has not arrived yet
          cg.C.x-2325  [057]     0.309844: (+0)     bputs:                task_numa_work: NUMAB Exited task_numa_work because migration time has not arrived yet
          cg.C.x-2327  [061]     0.309844: (+0)     bputs:                task_numa_work: NUMAB Exited task_numa_work because migration time has not arrived yet
          cg.C.x-2311  [029]     0.309844: (+0)     bputs:                task_numa_work: NUMAB Exited task_numa_work because migration time has not arrived yet
          cg.C.x-2321  [049]     0.309844: (+0)     bputs:                task_numa_work: NUMAB Exited task_numa_work because migration time has not arrived yet
          cg.C.x-2310  [027]     0.309847: (+3)     bprint:               change_prot_numa: NUMAB SCAN vma[start:0x7fb613601000, end:0x7fb613e01000, from:0x7fb613e00000, to:0x7fb613e01000, size:4 KB]
          cg.C.x-2319  [045]     0.309849: (+2)     bprint:               __handle_mm_fault: NUMAB MEM ACCESS process[nid:1, cpu:45, pid:2319], folio[virt:0x7fb606200fe8, phys:0x184d38000, pfn:0x184d38, nid:0, npages:1]
          cg.C.x-2322  [051]     0.309849: (+0)     bprint:               __handle_mm_fault: NUMAB MEM ACCESS process[nid:1, cpu:51, pid:2322], folio[virt:0x7fb604400fe8, phys:0x155fb4000, pfn:0x155fb4, nid:0, npages:1]
          cg.C.x-2305  [017]     0.309849: (+0)     bprint:               __handle_mm_fault: NUMAB MEM ACCESS process[nid:1, cpu:17, pid:2305], folio[virt:0x7fb60ee00fe8, phys:0x1e1859000, pfn:0x1e1859, nid:0, npages:1]
          cg.C.x-2321  [049]     0.309849: (+0)     bprint:               __handle_mm_fault: NUMAB MEM ACCESS process[nid:1, cpu:49, pid:2321], folio[virt:0x7fb604e00fe8, phys:0x1542d6000, pfn:0x1542d6, nid:0, npages:1]
          cg.C.x-2316  [039]     0.309849: (+0)     bprint:               __handle_mm_fault: NUMAB MEM ACCESS process[nid:1, cpu:39, pid:2316], folio[virt:0x7fb608000fe8, phys:0x1b2503000, pfn:0x1b2503, nid:0, npages:1]
          cg.C.x-2326  [059]     0.309849: (+0)     bprint:               __handle_mm_fault: NUMAB MEM ACCESS process[nid:1, cpu:59, pid:2326], folio[virt:0x7fb601c00fe8, phys:0x1e18f2000, pfn:0x1e18f2, nid:0, npages:1]
          cg.C.x-2314  [035]     0.309849: (+0)     bprint:               __handle_mm_fault: NUMAB MEM ACCESS process[nid:1, cpu:35, pid:2314], folio[virt:0x7fb609400fe8, phys:0x156449000, pfn:0x156449, nid:0, npages:1]
          cg.C.x-2298  [003]     0.309849: (+0)     bprint:               __handle_mm_fault: NUMAB MEM ACCESS process[nid:1, cpu:3, pid:2298], folio[virt:0x7fb613400fe8, phys:0x1e14f5000, pfn:0x1e14f5, nid:0, npages:1]
          cg.C.x-2306  [019]     0.309849: (+0)     bprint:               __handle_mm_fault: NUMAB MEM ACCESS process[nid:1, cpu:19, pid:2306], folio[virt:0x7fb60e400fe8, phys:0x1e1858000, pfn:0x1e1858, nid:0, npages:1]
          cg.C.x-2327  [061]     0.309849: (+0)     bprint:               __handle_mm_fault: NUMAB MEM ACCESS process[nid:1, cpu:61, pid:2327], folio[virt:0x7fb601200fe8, phys:0x1e18f3000, pfn:0x1e18f3, nid:0, npages:1]
          cg.C.x-2299  [005]     0.309849: (+0)     bprint:               __handle_mm_fault: NUMAB MEM ACCESS process[nid:1, cpu:5, pid:2299], folio[virt:0x7fb612a00fe8, phys:0x156508000, pfn:0x156508, nid:0, npages:1]
          cg.C.x-2323  [053]     0.309849: (+0)     bprint:               __handle_mm_fault: NUMAB MEM ACCESS process[nid:1, cpu:53, pid:2323], folio[virt:0x7fb603a00fe8, phys:0x155fb5000, pfn:0x155fb5, nid:0, npages:1]
          cg.C.x-2315  [037]     0.309849: (+0)     bprint:               __handle_mm_fault: NUMAB MEM ACCESS process[nid:1, cpu:37, pid:2315], folio[virt:0x7fb608a00fe8, phys:0x1b2502000, pfn:0x1b2502, nid:0, npages:1]
          cg.C.x-2303  [013]     0.309849: (+0)     bprint:               __handle_mm_fault: NUMAB MEM ACCESS process[nid:1, cpu:13, pid:2303], folio[virt:0x7fb610200fe8, phys:0x1140bc000, pfn:0x1140bc, nid:0, npages:1]
          cg.C.x-2300  [007]     0.309849: (+0)     bprint:               __handle_mm_fault: NUMAB MEM ACCESS process[nid:1, cpu:7, pid:2300], folio[virt:0x7fb612000fe8, phys:0x156507000, pfn:0x156507, nid:0, npages:1]
          cg.C.x-2311  [029]     0.309850: (+1)     bprint:               __handle_mm_fault: NUMAB MEM ACCESS process[nid:1, cpu:29, pid:2311], folio[virt:0x7fb60b200fe8, phys:0x124ef2000, pfn:0x124ef2, nid:0, npages:1]
          cg.C.x-2320  [047]     0.309850: (+0)     bprint:               __handle_mm_fault: NUMAB MEM ACCESS process[nid:1, cpu:47, pid:2320], folio[virt:0x7fb605800fe8, phys:0x184d39000, pfn:0x184d39, nid:0, npages:1]
          cg.C.x-2324  [055]     0.309850: (+0)     bprint:               __handle_mm_fault: NUMAB MEM ACCESS process[nid:1, cpu:55, pid:2324], folio[virt:0x7fb603000fe8, phys:0x155f98000, pfn:0x155f98, nid:0, npages:1]
          cg.C.x-2301  [009]     0.309850: (+0)     bprint:               __handle_mm_fault: NUMAB MEM ACCESS process[nid:1, cpu:9, pid:2301], folio[virt:0x7fb611600fe8, phys:0x156506000, pfn:0x156506, nid:0, npages:1]
          cg.C.x-2308  [023]     0.309850: (+0)     bprint:               __handle_mm_fault: NUMAB MEM ACCESS process[nid:1, cpu:23, pid:2308], folio[virt:0x7fb60d000fe8, phys:0x1e0bda000, pfn:0x1e0bda, nid:0, npages:1]
          cg.C.x-2309  [025]     0.309851: (+1)     bprint:               __handle_mm_fault: NUMAB MEM ACCESS process[nid:1, cpu:25, pid:2309], folio[virt:0x7fb60c600fe8, phys:0x1e0bdb000, pfn:0x1e0bdb, nid:0, npages:1]
          cg.C.x-2326  [059]     0.309851: (+0)     bprint:               __handle_mm_fault: NUMAB TRY MEM MIGR process[nid:1, cpu:59, pid:2326], folio[virt:0x7fb601c00fe8, phys:0x1e18f2000, nid:0], target_nid:1
          cg.C.x-2319  [045]     0.309851: (+0)     bprint:               __handle_mm_fault: NUMAB TRY MEM MIGR process[nid:1, cpu:45, pid:2319], folio[virt:0x7fb606200fe8, phys:0x184d38000, nid:0], target_nid:1
          cg.C.x-2303  [013]     0.309851: (+0)     bprint:               __handle_mm_fault: NUMAB TRY MEM MIGR process[nid:1, cpu:13, pid:2303], folio[virt:0x7fb610200fe8, phys:0x1140bc000, nid:0], target_nid:1
          cg.C.x-2323  [053]     0.309851: (+0)     bprint:               __handle_mm_fault: NUMAB TRY MEM MIGR process[nid:1, cpu:53, pid:2323], folio[virt:0x7fb603a00fe8, phys:0x155fb5000, nid:0], target_nid:1
          cg.C.x-2305  [017]     0.309851: (+0)     bprint:               __handle_mm_fault: NUMAB TRY MEM MIGR process[nid:1, cpu:17, pid:2305], folio[virt:0x7fb60ee00fe8, phys:0x1e1859000, nid:0], target_nid:1
          cg.C.x-2321  [049]     0.309851: (+0)     bprint:               __handle_mm_fault: NUMAB TRY MEM MIGR process[nid:1, cpu:49, pid:2321], folio[virt:0x7fb604e00fe8, phys:0x1542d6000, nid:0], target_nid:1
          cg.C.x-2300  [007]     0.309851: (+0)     bprint:               __handle_mm_fault: NUMAB TRY MEM MIGR process[nid:1, cpu:7, pid:2300], folio[virt:0x7fb612000fe8, phys:0x156507000, nid:0], target_nid:1
          cg.C.x-2316  [039]     0.309851: (+0)     bprint:               __handle_mm_fault: NUMAB TRY MEM MIGR process[nid:1, cpu:39, pid:2316], folio[virt:0x7fb608000fe8, phys:0x1b2503000, nid:0], target_nid:1
          cg.C.x-2315  [037]     0.309851: (+0)     bprint:               __handle_mm_fault: NUMAB TRY MEM MIGR process[nid:1, cpu:37, pid:2315], folio[virt:0x7fb608a00fe8, phys:0x1b2502000, nid:0], target_nid:1
          cg.C.x-2299  [005]     0.309851: (+0)     bprint:               __handle_mm_fault: NUMAB TRY MEM MIGR process[nid:1, cpu:5, pid:2299], folio[virt:0x7fb612a00fe8, phys:0x156508000, nid:0], target_nid:1
          cg.C.x-2311  [029]     0.309851: (+0)     bprint:               __handle_mm_fault: NUMAB TRY MEM MIGR process[nid:1, cpu:29, pid:2311], folio[virt:0x7fb60b200fe8, phys:0x124ef2000, nid:0], target_nid:1
          cg.C.x-2306  [019]     0.309851: (+0)     bprint:               __handle_mm_fault: NUMAB TRY MEM MIGR process[nid:1, cpu:19, pid:2306], folio[virt:0x7fb60e400fe8, phys:0x1e1858000, nid:0], target_nid:1
          cg.C.x-2327  [061]     0.309851: (+0)     bprint:               __handle_mm_fault: NUMAB TRY MEM MIGR process[nid:1, cpu:61, pid:2327], folio[virt:0x7fb601200fe8, phys:0x1e18f3000, nid:0], target_nid:1
          cg.C.x-2322  [051]     0.309851: (+0)     bprint:               __handle_mm_fault: NUMAB TRY MEM MIGR process[nid:1, cpu:51, pid:2322], folio[virt:0x7fb604400fe8, phys:0x155fb4000, nid:0], target_nid:1
          cg.C.x-2314  [035]     0.309851: (+0)     bprint:               __handle_mm_fault: NUMAB TRY MEM MIGR process[nid:1, cpu:35, pid:2314], folio[virt:0x7fb609400fe8, phys:0x156449000, nid:0], target_nid:1
          cg.C.x-2298  [003]     0.309851: (+0)     bprint:               __handle_mm_fault: NUMAB TRY MEM MIGR process[nid:1, cpu:3, pid:2298], folio[virt:0x7fb613400fe8, phys:0x1e14f5000, nid:0], target_nid:1
          cg.C.x-2320  [047]     0.309851: (+0)     bprint:               __handle_mm_fault: NUMAB TRY MEM MIGR process[nid:1, cpu:47, pid:2320], folio[virt:0x7fb605800fe8, phys:0x184d39000, nid:0], target_nid:1
          cg.C.x-2312  [031]     0.309851: (+0)     bprint:               __handle_mm_fault: NUMAB MEM ACCESS process[nid:1, cpu:31, pid:2312], folio[virt:0x7fb60a800fe8, phys:0x124ef3000, pfn:0x124ef3, nid:0, npages:1]
          cg.C.x-2301  [009]     0.309852: (+1)     bprint:               __handle_mm_fault: NUMAB TRY MEM MIGR process[nid:1, cpu:9, pid:2301], folio[virt:0x7fb611600fe8, phys:0x156506000, nid:0], target_nid:1
          cg.C.x-2308  [023]     0.309852: (+0)     bprint:               __handle_mm_fault: NUMAB TRY MEM MIGR process[nid:1, cpu:23, pid:2308], folio[virt:0x7fb60d000fe8, phys:0x1e0bda000, nid:0], target_nid:1
          cg.C.x-2324  [055]     0.309852: (+0)     bprint:               __handle_mm_fault: NUMAB TRY MEM MIGR process[nid:1, cpu:55, pid:2324], folio[virt:0x7fb603000fe8, phys:0x155f98000, nid:0], target_nid:1
          cg.C.x-2309  [025]     0.309852: (+0)     bprint:               __handle_mm_fault: NUMAB TRY MEM MIGR process[nid:1, cpu:25, pid:2309], folio[virt:0x7fb60c600fe8, phys:0x1e0bdb000, nid:0], target_nid:1
          cg.C.x-2312  [031]     0.309853: (+1)     bprint:               __handle_mm_fault: NUMAB TRY MEM MIGR process[nid:1, cpu:31, pid:2312], folio[virt:0x7fb60a800fe8, phys:0x124ef3000, nid:0], target_nid:1
          cg.C.x-2304  [015]     0.309855: (+2)     bputs:                task_numa_work: NUMAB Exited task_numa_work because migration time has not arrived yet
          cg.C.x-2304  [015]     0.309859: (+4)     bprint:               __handle_mm_fault: NUMAB MEM ACCESS process[nid:1, cpu:15, pid:2304], folio[virt:0x7fb60f800fe8, phys:0x1143ff000, pfn:0x1143ff, nid:0, npages:1]
          cg.C.x-2304  [015]     0.309860: (+1)     bprint:               __handle_mm_fault: NUMAB TRY MEM MIGR process[nid:1, cpu:15, pid:2304], folio[virt:0x7fb60f800fe8, phys:0x1143ff000, nid:0], target_nid:1
          cg.C.x-2310  [027]     0.309879: (+19)    bprint:               change_prot_numa: NUMAB SCAN vma[start:0x7fb614001000, end:0x7fb614801000, from:0x7fb614001000, to:0x7fb614801000, size:8192 KB]
          cg.C.x-2304  [015]     0.309886: (+7)     bprint:               __handle_mm_fault: NUMAB COMPLETED MEM MIGR process[nid:1, cpu:15, pid:2304], old[phys:0x1143ff000, nid:0, npages:1], new[phys:0x1853751000, nid:1, npages:1]
          cg.C.x-2305  [017]     0.309886: (+0)     bprint:               __handle_mm_fault: NUMAB COMPLETED MEM MIGR process[nid:1, cpu:17, pid:2305], old[phys:0x1e1859000, nid:0, npages:1], new[phys:0x1863188000, nid:1, npages:1]
          cg.C.x-2321  [049]     0.309886: (+0)     bprint:               __handle_mm_fault: NUMAB COMPLETED MEM MIGR process[nid:1, cpu:49, pid:2321], old[phys:0x1542d6000, nid:0, npages:1], new[phys:0x1862551000, nid:1, npages:1]
          cg.C.x-2320  [047]     0.309887: (+1)     bprint:               __handle_mm_fault: NUMAB COMPLETED MEM MIGR process[nid:1, cpu:47, pid:2320], old[phys:0x184d39000, nid:0, npages:1], new[phys:0x1861b73000, nid:1, npages:1]
          cg.C.x-2303  [013]     0.309888: (+1)     bprint:               __handle_mm_fault: NUMAB COMPLETED MEM MIGR process[nid:1, cpu:13, pid:2303], old[phys:0x1140bc000, nid:0, npages:1], new[phys:0x185156f000, nid:1, npages:1]
          cg.C.x-2324  [055]     0.309888: (+0)     bprint:               __handle_mm_fault: NUMAB COMPLETED MEM MIGR process[nid:1, cpu:55, pid:2324], old[phys:0x155f98000, nid:0, npages:1], new[phys:0x185309c000, nid:1, npages:1]
          cg.C.x-2319  [045]     0.309888: (+0)     bprint:               __handle_mm_fault: NUMAB COMPLETED MEM MIGR process[nid:1, cpu:45, pid:2319], old[phys:0x184d38000, nid:0, npages:1], new[phys:0x18628e6000, nid:1, npages:1]
          cg.C.x-2323  [053]     0.309889: (+1)     bprint:               __handle_mm_fault: NUMAB COMPLETED MEM MIGR process[nid:1, cpu:53, pid:2323], old[phys:0x155fb5000, nid:0, npages:1], new[phys:0x1853735000, nid:1, npages:1]
          cg.C.x-2326  [059]     0.309890: (+1)     bprint:               __handle_mm_fault: NUMAB COMPLETED MEM MIGR process[nid:1, cpu:59, pid:2326], old[phys:0x1e18f2000, nid:0, npages:1], new[phys:0x1861a92000, nid:1, npages:1]
          cg.C.x-2308  [023]     0.309891: (+1)     bprint:               __handle_mm_fault: NUMAB COMPLETED MEM MIGR process[nid:1, cpu:23, pid:2308], old[phys:0x1e0bda000, nid:0, npages:1], new[phys:0x1863190000, nid:1, npages:1]
          cg.C.x-2301  [009]     0.309894: (+3)     bprint:               __handle_mm_fault: NUMAB COMPLETED MEM MIGR process[nid:1, cpu:9, pid:2301], old[phys:0x156506000, nid:0, npages:1], new[phys:0x1851ebc000, nid:1, npages:1]
          cg.C.x-2309  [025]     0.309895: (+1)     bprint:               __handle_mm_fault: NUMAB COMPLETED MEM MIGR process[nid:1, cpu:25, pid:2309], old[phys:0x1e0bdb000, nid:0, npages:1], new[phys:0x18542c6000, nid:1, npages:1]
          cg.C.x-2315  [037]     0.309899: (+4)     bprint:               __handle_mm_fault: NUMAB COMPLETED MEM MIGR process[nid:1, cpu:37, pid:2315], old[phys:0x1b2502000, nid:0, npages:1], new[phys:0x1864547000, nid:1, npages:1]
          cg.C.x-2299  [005]     0.309899: (+0)     bprint:               __handle_mm_fault: NUMAB COMPLETED MEM MIGR process[nid:1, cpu:5, pid:2299], old[phys:0x156508000, nid:0, npages:1], new[phys:0x18631bf000, nid:1, npages:1]
          cg.C.x-2298  [003]     0.309900: (+1)     bprint:               __handle_mm_fault: NUMAB COMPLETED MEM MIGR process[nid:1, cpu:3, pid:2298], old[phys:0x1e14f5000, nid:0, npages:1], new[phys:0x1862dc8000, nid:1, npages:1]
          cg.C.x-2314  [035]     0.309900: (+0)     bprint:               __handle_mm_fault: NUMAB COMPLETED MEM MIGR process[nid:1, cpu:35, pid:2314], old[phys:0x156449000, nid:0, npages:1], new[phys:0x1861252000, nid:1, npages:1]
          cg.C.x-2316  [039]     0.309900: (+0)     bprint:               __handle_mm_fault: NUMAB COMPLETED MEM MIGR process[nid:1, cpu:39, pid:2316], old[phys:0x1b2503000, nid:0, npages:1], new[phys:0x1853c4d000, nid:1, npages:1]
          cg.C.x-2312  [031]     0.309901: (+1)     bprint:               __handle_mm_fault: NUMAB COMPLETED MEM MIGR process[nid:1, cpu:31, pid:2312], old[phys:0x124ef3000, nid:0, npages:1], new[phys:0x184dc63000, nid:1, npages:1]
          cg.C.x-2300  [007]     0.309901: (+0)     bprint:               __handle_mm_fault: NUMAB COMPLETED MEM MIGR process[nid:1, cpu:7, pid:2300], old[phys:0x156507000, nid:0, npages:1], new[phys:0x303a0ca000, nid:1, npages:1]
          cg.C.x-2311  [029]     0.309902: (+1)     bprint:               __handle_mm_fault: NUMAB COMPLETED MEM MIGR process[nid:1, cpu:29, pid:2311], old[phys:0x124ef2000, nid:0, npages:1], new[phys:0x1862b4a000, nid:1, npages:1]
          cg.C.x-2327  [061]     0.309902: (+0)     bprint:               __handle_mm_fault: NUMAB COMPLETED MEM MIGR process[nid:1, cpu:61, pid:2327], old[phys:0x1e18f3000, nid:0, npages:1], new[phys:0x1853c53000, nid:1, npages:1]
          cg.C.x-2322  [051]     0.309903: (+1)     bprint:               __handle_mm_fault: NUMAB COMPLETED MEM MIGR process[nid:1, cpu:51, pid:2322], old[phys:0x155fb4000, nid:0, npages:1], new[phys:0x18620e4000, nid:1, npages:1]
          cg.C.x-2306  [019]     0.309903: (+0)     bprint:               __handle_mm_fault: NUMAB COMPLETED MEM MIGR process[nid:1, cpu:19, pid:2306], old[phys:0x1e1858000, nid:0, npages:1], new[phys:0x1862de9000, nid:1, npages:1]
          cg.C.x-2310  [027]     0.309917: (+14)    bprint:               change_prot_numa: NUMAB SCAN vma[start:0x7fb614a01000, end:0x7fb615201000, from:0x7fb614a01000, to:0x7fb615201000, size:8192 KB]
          cg.C.x-2296  [062]     0.309923: (+6)     bprint:               __handle_mm_fault: NUMAB MEM ACCESS process[nid:0, cpu:62, pid:2296], folio[virt:0x7fb6147ff394, phys:0x1543dc000, pfn:0x1543dc, nid:0, npages:1]
          cg.C.x-2310  [027]     0.309936: (+13)    bprint:               change_prot_numa: NUMAB SCAN vma[start:0x7fb615401000, end:0x7fb615c01000, from:0x7fb615401000, to:0x7fb615c01000, size:8192 KB]
          cg.C.x-2295  [060]     0.309940: (+4)     bprint:               __handle_mm_fault: NUMAB MEM ACCESS process[nid:0, cpu:60, pid:2295], folio[virt:0x7fb6151ff394, phys:0x18440d000, pfn:0x18440d, nid:0, npages:1]
          cg.C.x-2310  [027]     0.309955: (+15)    bprint:               change_prot_numa: NUMAB SCAN vma[start:0x7fb615e01000, end:0x7fb616601000, from:0x7fb615e01000, to:0x7fb616601000, size:8192 KB]
          cg.C.x-2294  [058]     0.309958: (+3)     bprint:               __handle_mm_fault: NUMAB MEM ACCESS process[nid:0, cpu:58, pid:2294], folio[virt:0x7fb615bff688, phys:0x184d07000, pfn:0x184d07, nid:0, npages:1]
          cg.C.x-2310  [027]     0.309974: (+16)    bprint:               change_prot_numa: NUMAB SCAN vma[start:0x7fb616801000, end:0x7fb617001000, from:0x7fb616801000, to:0x7fb617001000, size:8192 KB]
          cg.C.x-2293  [056]     0.309977: (+3)     bprint:               __handle_mm_fault: NUMAB MEM ACCESS process[nid:0, cpu:56, pid:2293], folio[virt:0x7fb6165ff394, phys:0x1e16c3000, pfn:0x1e16c3, nid:0, npages:1]
          cg.C.x-2310  [027]     0.309992: (+15)    bprint:               change_prot_numa: NUMAB SCAN vma[start:0x7fb617201000, end:0x7fb617a01000, from:0x7fb617201000, to:0x7fb617a01000, size:8192 KB]
          cg.C.x-2292  [054]     0.309995: (+3)     bprint:               __handle_mm_fault: NUMAB MEM ACCESS process[nid:0, cpu:54, pid:2292], folio[virt:0x7fb616fff688, phys:0x18449f000, pfn:0x18449f, nid:0, npages:1]
          cg.C.x-2310  [027]     0.310011: (+16)    bprint:               change_prot_numa: NUMAB SCAN vma[start:0x7fb617c01000, end:0x7fb618401000, from:0x7fb617c01000, to:0x7fb618401000, size:8192 KB]
          cg.C.x-2291  [052]     0.310013: (+2)     bprint:               __handle_mm_fault: NUMAB MEM ACCESS process[nid:0, cpu:52, pid:2291], folio[virt:0x7fb6179ff394, phys:0x183227000, pfn:0x183227, nid:0, npages:1]
          cg.C.x-2310  [027]     0.310029: (+16)    bprint:               change_prot_numa: NUMAB SCAN vma[start:0x7fb618601000, end:0x7fb618e01000, from:0x7fb618601000, to:0x7fb618e01000, size:8192 KB]
          cg.C.x-2290  [050]     0.310032: (+3)     bprint:               __handle_mm_fault: NUMAB MEM ACCESS process[nid:0, cpu:50, pid:2290], folio[virt:0x7fb6183ff394, phys:0x1846d7000, pfn:0x1846d7, nid:0, npages:1]
          cg.C.x-2310  [027]     0.310048: (+16)    bprint:               change_prot_numa: NUMAB SCAN vma[start:0x7fb619001000, end:0x7fb619801000, from:0x7fb619001000, to:0x7fb619801000, size:8192 KB]
