          cg.C.x-3584  [048]     0.803795: (+72)    bprint:               change_prot_numa: NUMAB SCAN vma[start:0x7fbb176db000, end:0x7fbb29cf9000, from:0x7fbb176db000, to:0x7fbb24400000, size:210068 KB]
          cg.C.x-3623  [063]     0.804243: (+448)   bprint:               do_huge_pmd_numa_page: NUMAB MEM ACCESS huge page process[nid:1, cpu:63, pid:3623], folio[virt:0x7fbb15000000, ker:0xffff9fdabba00000, pfn:0x1a7ba00, nid:1, npages:512]
          cg.C.x-3622  [061]     0.804544: (+301)   bprint:               do_huge_pmd_numa_page: NUMAB MEM ACCESS huge page process[nid:1, cpu:61, pid:3622], folio[virt:0x7fbb14c00000, ker:0xffff9fdac0e00000, pfn:0x1a80e00, nid:1, npages:512]
          cg.C.x-3621  [059]     0.804817: (+273)   bprint:               do_huge_pmd_numa_page: NUMAB MEM ACCESS huge page process[nid:1, cpu:59, pid:3621], folio[virt:0x7fbb14800000, ker:0xffff9fdb16400000, pfn:0x1ad6400, nid:1, npages:512]
          cg.C.x-3620  [057]     0.804967: (+150)   bprint:               do_huge_pmd_numa_page: NUMAB MEM ACCESS huge page process[nid:1, cpu:57, pid:3620], folio[virt:0x7fbb14400000, ker:0xffff9fdb17000000, pfn:0x1ad7000, nid:1, npages:512]
          cg.C.x-3595  [007]     0.807669: (+2702)  sched_waking:         comm=rcu_preempt pid=17 prio=120 target_cpu=007
            htop-2789  [008]     0.807671: (+2)     sched_switch:         htop:2789 [120] R ==> cg.C.x:3564 [120]
          cg.C.x-3564  [008]     0.807673: (+2)     bputs:                task_numa_work: NUMAB Exited task_numa_work because migration time has not arrived yet
          cg.C.x-3595  [007]     0.807675: (+2)     sched_wakeup:         rcu_preempt:17 [120] CPU:007
          cg.C.x-3595  [007]     0.807680: (+5)     sched_switch:         cg.C.x:3595 [120] R ==> rcu_preempt:17 [120]
     rcu_preempt-17    [007]     0.807688: (+8)     sched_switch:         rcu_preempt:17 [120] I ==> cg.C.x:3595 [120]
          cg.C.x-3564  [008]     0.811669: (+3981)  sched_switch:         cg.C.x:3564 [120] R ==> htop:2789 [120]
            htop-2789  [008]     0.813432: (+1763)  sched_waking:         comm=kworker/u129:32 pid=2621 prio=120 target_cpu=000
            htop-2789  [008]     0.813440: (+8)     sched_wakeup:         kworker/u129:32:2621 [120] CPU:000
          cg.C.x-3560  [000]     0.813445: (+5)     sched_switch:         cg.C.x:3560 [120] R ==> kworker/u129:32:2621 [120]
 kworker/u129:32-2621  [000]     0.813450: (+5)     sched_waking:         comm=tmux: server pid=2328 prio=120 target_cpu=000
 kworker/u129:32-2621  [000]     0.813454: (+4)     sched_wakeup:         tmux: server:2328 [120] CPU:000
            htop-2789  [008]     0.813455: (+1)     sched_waking:         comm=kworker/u129:12 pid=423 prio=120 target_cpu=036
            htop-2789  [008]     0.813458: (+3)     sched_wakeup:         kworker/u129:12:423 [120] CPU:036
 kworker/u129:32-2621  [000]     0.813461: (+3)     sched_switch:         kworker/u129:32:2621 [120] I ==> tmux: server:2328 [120]
          cg.C.x-3578  [036]     0.813465: (+4)     sched_switch:         cg.C.x:3578 [120] R ==> kworker/u129:12:423 [120]
            htop-2789  [008]     0.813467: (+2)     sched_waking:         comm=kworker/u129:32 pid=2621 prio=120 target_cpu=000
            htop-2789  [008]     0.813468: (+1)     sched_migrate_task:   comm=kworker/u129:32 pid=2621 prio=120 orig_cpu=0 dest_cpu=8
            htop-2789  [008]     0.813471: (+3)     sched_wakeup:         kworker/u129:32:2621 [120] CPU:008
            htop-2789  [008]     0.813475: (+4)     sched_switch:         htop:2789 [120] R ==> kworker/u129:32:2621 [120]
 kworker/u129:12-423   [036]     0.813477: (+2)     sched_switch:         kworker/u129:12:423 [120] I ==> cg.C.x:3578 [120]
 kworker/u129:32-2621  [008]     0.813479: (+2)     sched_switch:         kworker/u129:32:2621 [120] I ==> htop:2789 [120]
            htop-2789  [008]     0.813487: (+8)     sched_waking:         comm=kworker/u129:32 pid=2621 prio=120 target_cpu=008
            htop-2789  [008]     0.813488: (+1)     sched_wakeup:         kworker/u129:32:2621 [120] CPU:008
            htop-2789  [008]     0.813489: (+1)     sched_switch:         htop:2789 [120] R ==> kworker/u129:32:2621 [120]
 kworker/u129:32-2621  [008]     0.813492: (+3)     sched_switch:         kworker/u129:32:2621 [120] I ==> htop:2789 [120]
            htop-2789  [008]     0.813500: (+8)     sched_waking:         comm=kworker/u129:32 pid=2621 prio=120 target_cpu=008
            htop-2789  [008]     0.813501: (+1)     sched_wakeup:         kworker/u129:32:2621 [120] CPU:008
            htop-2789  [008]     0.813502: (+1)     sched_switch:         htop:2789 [120] R ==> kworker/u129:32:2621 [120]
 kworker/u129:32-2621  [008]     0.813505: (+3)     sched_switch:         kworker/u129:32:2621 [120] I ==> htop:2789 [120]
            htop-2789  [008]     0.813513: (+8)     sched_waking:         comm=kworker/u129:32 pid=2621 prio=120 target_cpu=008
            htop-2789  [008]     0.813514: (+1)     sched_wakeup:         kworker/u129:32:2621 [120] CPU:008
            htop-2789  [008]     0.813515: (+1)     sched_switch:         htop:2789 [120] R ==> kworker/u129:32:2621 [120]
 kworker/u129:32-2621  [008]     0.813517: (+2)     sched_switch:         kworker/u129:32:2621 [120] I ==> htop:2789 [120]
            htop-2789  [008]     0.813526: (+9)     sched_waking:         comm=kworker/u129:32 pid=2621 prio=120 target_cpu=008
            htop-2789  [008]     0.813527: (+1)     sched_wakeup:         kworker/u129:32:2621 [120] CPU:008
            htop-2789  [008]     0.813528: (+1)     sched_switch:         htop:2789 [120] R ==> kworker/u129:32:2621 [120]
 kworker/u129:32-2621  [008]     0.813530: (+2)     sched_switch:         kworker/u129:32:2621 [120] I ==> htop:2789 [120]
            htop-2789  [008]     0.813539: (+9)     sched_waking:         comm=kworker/u129:32 pid=2621 prio=120 target_cpu=008
            htop-2789  [008]     0.813540: (+1)     sched_wakeup:         kworker/u129:32:2621 [120] CPU:008
            htop-2789  [008]     0.813541: (+1)     sched_switch:         htop:2789 [120] R ==> kworker/u129:32:2621 [120]
 kworker/u129:32-2621  [008]     0.813543: (+2)     sched_switch:         kworker/u129:32:2621 [120] I ==> htop:2789 [120]
            htop-2789  [008]     0.813552: (+9)     sched_waking:         comm=kworker/u129:32 pid=2621 prio=120 target_cpu=008
            htop-2789  [008]     0.813553: (+1)     sched_wakeup:         kworker/u129:32:2621 [120] CPU:008
            htop-2789  [008]     0.813554: (+1)     sched_switch:         htop:2789 [120] R ==> kworker/u129:32:2621 [120]
 kworker/u129:32-2621  [008]     0.813557: (+3)     sched_switch:         kworker/u129:32:2621 [120] I ==> htop:2789 [120]
            htop-2789  [008]     0.813567: (+10)    sched_waking:         comm=kworker/u129:32 pid=2621 prio=120 target_cpu=008
            htop-2789  [008]     0.813568: (+1)     sched_wakeup:         kworker/u129:32:2621 [120] CPU:008
            htop-2789  [008]     0.813569: (+1)     sched_switch:         htop:2789 [120] R ==> kworker/u129:32:2621 [120]
 kworker/u129:32-2621  [008]     0.813570: (+1)     sched_waking:         comm=kworker/u129:12 pid=423 prio=120 target_cpu=036
 kworker/u129:32-2621  [008]     0.813572: (+2)     sched_wakeup:         kworker/u129:12:423 [120] CPU:036
 kworker/u129:32-2621  [008]     0.813575: (+3)     sched_waking:         comm=sshd pid=1964 prio=120 target_cpu=004
 kworker/u129:32-2621  [008]     0.813581: (+6)     sched_wakeup:         sshd:1964 [120] CPU:004
 kworker/u129:32-2621  [008]     0.813583: (+2)     sched_waking:         comm=sshd pid=2656 prio=120 target_cpu=038
          cg.C.x-3562  [004]     0.813584: (+1)     sched_switch:         cg.C.x:3562 [120] R ==> sshd:1964 [120]
 kworker/u129:32-2621  [008]     0.813590: (+6)     sched_wakeup:         sshd:2656 [120] CPU:038
 kworker/u129:32-2621  [008]     0.813592: (+2)     sched_switch:         kworker/u129:32:2621 [120] I ==> htop:2789 [120]
          cg.C.x-3579  [038]     0.813595: (+3)     sched_switch:         cg.C.x:3579 [120] R ==> sshd:2656 [120]
            htop-2789  [008]     0.813602: (+7)     sched_waking:         comm=kworker/u129:32 pid=2621 prio=120 target_cpu=008
            htop-2789  [008]     0.813603: (+1)     sched_wakeup:         kworker/u129:32:2621 [120] CPU:008
            htop-2789  [008]     0.813604: (+1)     sched_switch:         htop:2789 [120] R ==> kworker/u129:32:2621 [120]
 kworker/u129:32-2621  [008]     0.813606: (+2)     sched_switch:         kworker/u129:32:2621 [120] I ==> htop:2789 [120]
            htop-2789  [008]     0.813617: (+11)    sched_waking:         comm=kworker/u129:32 pid=2621 prio=120 target_cpu=008
            htop-2789  [008]     0.813618: (+1)     sched_wakeup:         kworker/u129:32:2621 [120] CPU:008
            htop-2789  [008]     0.813619: (+1)     sched_switch:         htop:2789 [120] R ==> kworker/u129:32:2621 [120]
 kworker/u129:32-2621  [008]     0.813621: (+2)     sched_switch:         kworker/u129:32:2621 [120] I ==> htop:2789 [120]
            htop-2789  [008]     0.813631: (+10)    sched_waking:         comm=kworker/u129:32 pid=2621 prio=120 target_cpu=008
            htop-2789  [008]     0.813632: (+1)     sched_wakeup:         kworker/u129:32:2621 [120] CPU:008
            htop-2789  [008]     0.813633: (+1)     sched_switch:         htop:2789 [120] R ==> kworker/u129:32:2621 [120]
 kworker/u129:32-2621  [008]     0.813635: (+2)     sched_switch:         kworker/u129:32:2621 [120] I ==> htop:2789 [120]
    tmux: server-2328  [000]     0.813642: (+7)     sched_waking:         comm=kworker/u129:32 pid=2621 prio=120 target_cpu=008
    tmux: server-2328  [000]     0.813645: (+3)     sched_wakeup:         kworker/u129:32:2621 [120] CPU:008
            htop-2789  [008]     0.813647: (+2)     sched_switch:         htop:2789 [120] R ==> kworker/u129:32:2621 [120]
 kworker/u129:32-2621  [008]     0.813650: (+3)     sched_switch:         kworker/u129:32:2621 [120] I ==> htop:2789 [120]
            htop-2789  [008]     0.813653: (+3)     sched_waking:         comm=kworker/u129:32 pid=2621 prio=120 target_cpu=008
            htop-2789  [008]     0.813654: (+1)     sched_wakeup:         kworker/u129:32:2621 [120] CPU:008
            htop-2789  [008]     0.813655: (+1)     sched_switch:         htop:2789 [120] R ==> kworker/u129:32:2621 [120]
 kworker/u129:32-2621  [008]     0.813657: (+2)     sched_switch:         kworker/u129:32:2621 [120] I ==> htop:2789 [120]
            htop-2789  [008]     0.813668: (+11)    sched_waking:         comm=kworker/u129:32 pid=2621 prio=120 target_cpu=008
            htop-2789  [008]     0.813669: (+1)     sched_wakeup:         kworker/u129:32:2621 [120] CPU:008
            htop-2789  [008]     0.813670: (+1)     sched_switch:         htop:2789 [120] R ==> kworker/u129:32:2621 [120]
 kworker/u129:32-2621  [008]     0.813672: (+2)     sched_switch:         kworker/u129:32:2621 [120] I ==> htop:2789 [120]
            htop-2789  [008]     0.813679: (+7)     sched_waking:         comm=kworker/u129:32 pid=2621 prio=120 target_cpu=008
            htop-2789  [008]     0.813680: (+1)     sched_wakeup:         kworker/u129:32:2621 [120] CPU:008
            htop-2789  [008]     0.813681: (+1)     sched_switch:         htop:2789 [120] R ==> kworker/u129:32:2621 [120]
 kworker/u129:32-2621  [008]     0.813683: (+2)     sched_switch:         kworker/u129:32:2621 [120] I ==> htop:2789 [120]
    tmux: server-2328  [000]     0.813686: (+3)     sched_waking:         comm=kworker/u129:32 pid=2621 prio=120 target_cpu=008
    tmux: server-2328  [000]     0.813687: (+1)     sched_wakeup:         kworker/u129:32:2621 [120] CPU:008
            sshd-1964  [004]     0.813688: (+1)     sched_switch:         sshd:1964 [120] S ==> cg.C.x:3562 [120]
            sshd-2656  [038]     0.813689: (+1)     sched_switch:         sshd:2656 [120] S ==> cg.C.x:3579 [120]
            htop-2789  [008]     0.813689: (+0)     sched_switch:         htop:2789 [120] R ==> kworker/u129:32:2621 [120]
 kworker/u129:32-2621  [008]     0.813691: (+2)     sched_waking:         comm=sshd pid=2656 prio=120 target_cpu=038
 kworker/u129:32-2621  [008]     0.813694: (+3)     sched_wakeup:         sshd:2656 [120] CPU:038
 kworker/u129:32-2621  [008]     0.813695: (+1)     sched_switch:         kworker/u129:32:2621 [120] I ==> htop:2789 [120]
          cg.C.x-3579  [038]     0.813696: (+1)     sched_switch:         cg.C.x:3579 [120] R ==> sshd:2656 [120]
            htop-2789  [008]     0.813703: (+7)     sched_waking:         comm=kworker/u129:32 pid=2621 prio=120 target_cpu=008
            htop-2789  [008]     0.813704: (+1)     sched_wakeup:         kworker/u129:32:2621 [120] CPU:008
            htop-2789  [008]     0.813706: (+2)     sched_switch:         htop:2789 [120] R ==> kworker/u129:32:2621 [120]
 kworker/u129:32-2621  [008]     0.813708: (+2)     sched_switch:         kworker/u129:32:2621 [120] I ==> htop:2789 [120]
            htop-2789  [008]     0.813715: (+7)     sched_waking:         comm=kworker/u129:32 pid=2621 prio=120 target_cpu=008
            htop-2789  [008]     0.813716: (+1)     sched_wakeup:         kworker/u129:32:2621 [120] CPU:008
            htop-2789  [008]     0.813717: (+1)     sched_switch:         htop:2789 [120] R ==> kworker/u129:32:2621 [120]
            sshd-2656  [038]     0.813718: (+1)     sched_switch:         sshd:2656 [120] S ==> cg.C.x:3579 [120]
    tmux: server-2328  [000]     0.813719: (+1)     sched_waking:         comm=kworker/u129:32 pid=2621 prio=120 target_cpu=008
 kworker/u129:32-2621  [008]     0.813719: (+0)     sched_switch:         kworker/u129:32:2621 [120] I ==> htop:2789 [120]
    tmux: server-2328  [000]     0.813721: (+2)     sched_wakeup:         kworker/u129:32:2621 [120] CPU:008
            htop-2789  [008]     0.813723: (+2)     sched_switch:         htop:2789 [120] R ==> kworker/u129:32:2621 [120]
 kworker/u129:32-2621  [008]     0.813725: (+2)     sched_waking:         comm=sshd pid=1964 prio=120 target_cpu=004
 kworker/u129:32-2621  [008]     0.813727: (+2)     sched_wakeup:         sshd:1964 [120] CPU:004
 kworker/u129:32-2621  [008]     0.813729: (+2)     sched_switch:         kworker/u129:32:2621 [120] I ==> htop:2789 [120]
          cg.C.x-3562  [004]     0.813729: (+0)     sched_switch:         cg.C.x:3562 [120] R ==> sshd:1964 [120]
    tmux: server-2328  [000]     0.813731: (+2)     sched_waking:         comm=kworker/u129:32 pid=2621 prio=120 target_cpu=008
    tmux: server-2328  [000]     0.813732: (+1)     sched_wakeup:         kworker/u129:32:2621 [120] CPU:008
            htop-2789  [008]     0.813734: (+2)     sched_switch:         htop:2789 [120] R ==> kworker/u129:32:2621 [120]
 kworker/u129:32-2621  [008]     0.813737: (+3)     sched_waking:         comm=sshd pid=2656 prio=120 target_cpu=038
 kworker/u129:32-2621  [008]     0.813739: (+2)     sched_wakeup:         sshd:2656 [120] CPU:038
 kworker/u129:32-2621  [008]     0.813741: (+2)     sched_switch:         kworker/u129:32:2621 [120] I ==> htop:2789 [120]
          cg.C.x-3579  [038]     0.813742: (+1)     sched_switch:         cg.C.x:3579 [120] R ==> sshd:2656 [120]
            htop-2789  [008]     0.813747: (+5)     sched_waking:         comm=kworker/u129:32 pid=2621 prio=120 target_cpu=008
            htop-2789  [008]     0.813748: (+1)     sched_wakeup:         kworker/u129:32:2621 [120] CPU:008
            htop-2789  [008]     0.813749: (+1)     sched_switch:         htop:2789 [120] R ==> kworker/u129:32:2621 [120]
 kworker/u129:32-2621  [008]     0.813751: (+2)     sched_switch:         kworker/u129:32:2621 [120] I ==> htop:2789 [120]
            htop-2789  [008]     0.813759: (+8)     sched_waking:         comm=kworker/u129:32 pid=2621 prio=120 target_cpu=008
            htop-2789  [008]     0.813760: (+1)     sched_wakeup:         kworker/u129:32:2621 [120] CPU:008
            htop-2789  [008]     0.813761: (+1)     sched_switch:         htop:2789 [120] R ==> kworker/u129:32:2621 [120]
 kworker/u129:32-2621  [008]     0.813763: (+2)     sched_switch:         kworker/u129:32:2621 [120] I ==> htop:2789 [120]
            sshd-2656  [038]     0.813765: (+2)     sched_switch:         sshd:2656 [120] S ==> cg.C.x:3579 [120]
    tmux: server-2328  [000]     0.813765: (+0)     sched_waking:         comm=kworker/u129:32 pid=2621 prio=120 target_cpu=008
    tmux: server-2328  [000]     0.813767: (+2)     sched_migrate_task:   comm=kworker/u129:32 pid=2621 prio=120 orig_cpu=8 dest_cpu=0
            sshd-1964  [004]     0.813767: (+0)     sched_switch:         sshd:1964 [120] S ==> cg.C.x:3562 [120]
    tmux: server-2328  [000]     0.813768: (+1)     sched_wakeup:         kworker/u129:32:2621 [120] CPU:000
    tmux: server-2328  [000]     0.813770: (+2)     sched_switch:         tmux: server:2328 [120] R ==> kworker/u129:32:2621 [120]
 kworker/u129:32-2621  [000]     0.813772: (+2)     sched_waking:         comm=sshd pid=1964 prio=120 target_cpu=004
 kworker/u129:32-2621  [000]     0.813775: (+3)     sched_wakeup:         sshd:1964 [120] CPU:004
          cg.C.x-3562  [004]     0.813777: (+2)     sched_switch:         cg.C.x:3562 [120] R ==> sshd:1964 [120]
 kworker/u129:32-2621  [000]     0.813778: (+1)     sched_switch:         kworker/u129:32:2621 [120] I ==> tmux: server:2328 [120]
            htop-2789  [008]     0.813779: (+1)     sched_waking:         comm=kworker/u129:32 pid=2621 prio=120 target_cpu=000
            htop-2789  [008]     0.813779: (+0)     sched_migrate_task:   comm=kworker/u129:32 pid=2621 prio=120 orig_cpu=0 dest_cpu=8
            htop-2789  [008]     0.813781: (+2)     sched_wakeup:         kworker/u129:32:2621 [120] CPU:008
            htop-2789  [008]     0.813782: (+1)     sched_switch:         htop:2789 [120] R ==> kworker/u129:32:2621 [120]
 kworker/u129:32-2621  [008]     0.813784: (+2)     sched_waking:         comm=sshd pid=2656 prio=120 target_cpu=038
 kworker/u129:32-2621  [008]     0.813787: (+3)     sched_wakeup:         sshd:2656 [120] CPU:038
 kworker/u129:32-2621  [008]     0.813788: (+1)     sched_switch:         kworker/u129:32:2621 [120] I ==> htop:2789 [120]
          cg.C.x-3579  [038]     0.813789: (+1)     sched_switch:         cg.C.x:3579 [120] R ==> sshd:2656 [120]
            htop-2789  [008]     0.813798: (+9)     sched_waking:         comm=kworker/u129:32 pid=2621 prio=120 target_cpu=008
            htop-2789  [008]     0.813799: (+1)     sched_wakeup:         kworker/u129:32:2621 [120] CPU:008
            htop-2789  [008]     0.813800: (+1)     sched_switch:         htop:2789 [120] R ==> kworker/u129:32:2621 [120]
 kworker/u129:32-2621  [008]     0.813802: (+2)     sched_switch:         kworker/u129:32:2621 [120] I ==> htop:2789 [120]
            sshd-1964  [004]     0.813802: (+0)     sched_switch:         sshd:1964 [120] S ==> cg.C.x:3562 [120]
            htop-2789  [008]     0.813811: (+9)     sched_waking:         comm=kworker/u129:32 pid=2621 prio=120 target_cpu=008
            htop-2789  [008]     0.813812: (+1)     sched_wakeup:         kworker/u129:32:2621 [120] CPU:008
            htop-2789  [008]     0.813813: (+1)     sched_switch:         htop:2789 [120] R ==> kworker/u129:32:2621 [120]
            sshd-2656  [038]     0.813814: (+1)     sched_switch:         sshd:2656 [120] S ==> cg.C.x:3579 [120]
 kworker/u129:32-2621  [008]     0.813815: (+1)     sched_switch:         kworker/u129:32:2621 [120] I ==> htop:2789 [120]
    tmux: server-2328  [000]     0.813817: (+2)     sched_waking:         comm=kworker/u129:32 pid=2621 prio=120 target_cpu=008
    tmux: server-2328  [000]     0.813818: (+1)     sched_migrate_task:   comm=kworker/u129:32 pid=2621 prio=120 orig_cpu=8 dest_cpu=0
    tmux: server-2328  [000]     0.813819: (+1)     sched_wakeup:         kworker/u129:32:2621 [120] CPU:000
    tmux: server-2328  [000]     0.813821: (+2)     sched_switch:         tmux: server:2328 [120] R ==> kworker/u129:32:2621 [120]
 kworker/u129:32-2621  [000]     0.813822: (+1)     sched_waking:         comm=sshd pid=2656 prio=120 target_cpu=038
 kworker/u129:32-2621  [000]     0.813826: (+4)     sched_wakeup:         sshd:2656 [120] CPU:038
 kworker/u129:32-2621  [000]     0.813828: (+2)     sched_switch:         kworker/u129:32:2621 [120] I ==> tmux: server:2328 [120]
          cg.C.x-3579  [038]     0.813828: (+0)     sched_switch:         cg.C.x:3579 [120] R ==> sshd:2656 [120]
            htop-2789  [008]     0.813834: (+6)     sched_waking:         comm=kworker/u129:32 pid=2621 prio=120 target_cpu=000
            htop-2789  [008]     0.813835: (+1)     sched_migrate_task:   comm=kworker/u129:32 pid=2621 prio=120 orig_cpu=0 dest_cpu=8
            htop-2789  [008]     0.813836: (+1)     sched_wakeup:         kworker/u129:32:2621 [120] CPU:008
            htop-2789  [008]     0.813837: (+1)     sched_switch:         htop:2789 [120] R ==> kworker/u129:32:2621 [120]
 kworker/u129:32-2621  [008]     0.813840: (+3)     sched_switch:         kworker/u129:32:2621 [120] I ==> htop:2789 [120]
            htop-2789  [008]     0.813849: (+9)     sched_waking:         comm=kworker/u129:32 pid=2621 prio=120 target_cpu=008
            htop-2789  [008]     0.813849: (+0)     sched_wakeup:         kworker/u129:32:2621 [120] CPU:008
            htop-2789  [008]     0.813851: (+2)     sched_switch:         htop:2789 [120] R ==> kworker/u129:32:2621 [120]
 kworker/u129:32-2621  [008]     0.813852: (+1)     sched_switch:         kworker/u129:32:2621 [120] I ==> htop:2789 [120]
            sshd-2656  [038]     0.813853: (+1)     sched_switch:         sshd:2656 [120] S ==> cg.C.x:3579 [120]
            htop-2789  [008]     0.813862: (+9)     sched_waking:         comm=kworker/u129:32 pid=2621 prio=120 target_cpu=008
            htop-2789  [008]     0.813863: (+1)     sched_wakeup:         kworker/u129:32:2621 [120] CPU:008
            htop-2789  [008]     0.813864: (+1)     sched_switch:         htop:2789 [120] R ==> kworker/u129:32:2621 [120]
 kworker/u129:32-2621  [008]     0.813866: (+2)     sched_switch:         kworker/u129:32:2621 [120] I ==> htop:2789 [120]
    tmux: server-2328  [000]     0.813867: (+1)     sched_waking:         comm=kworker/u129:32 pid=2621 prio=120 target_cpu=008
    tmux: server-2328  [000]     0.813868: (+1)     sched_migrate_task:   comm=kworker/u129:32 pid=2621 prio=120 orig_cpu=8 dest_cpu=0
    tmux: server-2328  [000]     0.813869: (+1)     sched_wakeup:         kworker/u129:32:2621 [120] CPU:000
    tmux: server-2328  [000]     0.813871: (+2)     sched_switch:         tmux: server:2328 [120] R ==> kworker/u129:32:2621 [120]
 kworker/u129:32-2621  [000]     0.813873: (+2)     sched_waking:         comm=sshd pid=1964 prio=120 target_cpu=004
 kworker/u129:32-2621  [000]     0.813875: (+2)     sched_wakeup:         sshd:1964 [120] CPU:004
 kworker/u129:32-2621  [000]     0.813877: (+2)     sched_switch:         kworker/u129:32:2621 [120] I ==> tmux: server:2328 [120]
            htop-2789  [008]     0.813877: (+0)     sched_waking:         comm=kworker/u129:32 pid=2621 prio=120 target_cpu=000
          cg.C.x-3562  [004]     0.813877: (+0)     sched_switch:         cg.C.x:3562 [120] R ==> sshd:1964 [120]
            htop-2789  [008]     0.813878: (+1)     sched_migrate_task:   comm=kworker/u129:32 pid=2621 prio=120 orig_cpu=0 dest_cpu=8
            htop-2789  [008]     0.813879: (+1)     sched_wakeup:         kworker/u129:32:2621 [120] CPU:008
            htop-2789  [008]     0.813880: (+1)     sched_switch:         htop:2789 [120] R ==> kworker/u129:32:2621 [120]
 kworker/u129:32-2621  [008]     0.813882: (+2)     sched_switch:         kworker/u129:32:2621 [120] I ==> htop:2789 [120]
    tmux: server-2328  [000]     0.813887: (+5)     sched_waking:         comm=kworker/u129:32 pid=2621 prio=120 target_cpu=008
    tmux: server-2328  [000]     0.813888: (+1)     sched_migrate_task:   comm=kworker/u129:32 pid=2621 prio=120 orig_cpu=8 dest_cpu=0
    tmux: server-2328  [000]     0.813889: (+1)     sched_wakeup:         kworker/u129:32:2621 [120] CPU:000
    tmux: server-2328  [000]     0.813890: (+1)     sched_switch:         tmux: server:2328 [120] R ==> kworker/u129:32:2621 [120]
 kworker/u129:32-2621  [000]     0.813892: (+2)     sched_waking:         comm=sshd pid=2656 prio=120 target_cpu=038
 kworker/u129:32-2621  [000]     0.813895: (+3)     sched_wakeup:         sshd:2656 [120] CPU:038
 kworker/u129:32-2621  [000]     0.813897: (+2)     sched_switch:         kworker/u129:32:2621 [120] I ==> tmux: server:2328 [120]
          cg.C.x-3579  [038]     0.813897: (+0)     sched_switch:         cg.C.x:3579 [120] R ==> sshd:2656 [120]
            sshd-1964  [004]     0.813903: (+6)     sched_switch:         sshd:1964 [120] S ==> cg.C.x:3562 [120]
            htop-2789  [008]     0.813904: (+1)     sched_waking:         comm=kworker/u129:32 pid=2621 prio=120 target_cpu=000
            htop-2789  [008]     0.813905: (+1)     sched_migrate_task:   comm=kworker/u129:32 pid=2621 prio=120 orig_cpu=0 dest_cpu=8
            htop-2789  [008]     0.813906: (+1)     sched_wakeup:         kworker/u129:32:2621 [120] CPU:008
            htop-2789  [008]     0.813907: (+1)     sched_switch:         htop:2789 [120] R ==> kworker/u129:32:2621 [120]
 kworker/u129:32-2621  [008]     0.813909: (+2)     sched_switch:         kworker/u129:32:2621 [120] I ==> htop:2789 [120]
            htop-2789  [008]     0.813913: (+4)     sched_waking:         comm=kworker/u129:32 pid=2621 prio=120 target_cpu=008
            htop-2789  [008]     0.813914: (+1)     sched_wakeup:         kworker/u129:32:2621 [120] CPU:008
            htop-2789  [008]     0.813915: (+1)     sched_switch:         htop:2789 [120] R ==> kworker/u129:32:2621 [120]
 kworker/u129:32-2621  [008]     0.813917: (+2)     sched_switch:         kworker/u129:32:2621 [120] I ==> htop:2789 [120]
            sshd-2656  [038]     0.813921: (+4)     sched_switch:         sshd:2656 [120] S ==> cg.C.x:3579 [120]
            htop-2789  [008]     0.813928: (+7)     sched_waking:         comm=kworker/u129:32 pid=2621 prio=120 target_cpu=008
            htop-2789  [008]     0.813928: (+0)     sched_wakeup:         kworker/u129:32:2621 [120] CPU:008
            htop-2789  [008]     0.813930: (+2)     sched_switch:         htop:2789 [120] R ==> kworker/u129:32:2621 [120]
 kworker/u129:32-2621  [008]     0.813932: (+2)     sched_switch:         kworker/u129:32:2621 [120] I ==> htop:2789 [120]
            htop-2789  [008]     0.813938: (+6)     sched_waking:         comm=kworker/u129:32 pid=2621 prio=120 target_cpu=008
            htop-2789  [008]     0.813939: (+1)     sched_wakeup:         kworker/u129:32:2621 [120] CPU:008
            htop-2789  [008]     0.813940: (+1)     sched_switch:         htop:2789 [120] R ==> kworker/u129:32:2621 [120]
    tmux: server-2328  [000]     0.813941: (+1)     sched_waking:         comm=kworker/u129:32 pid=2621 prio=120 target_cpu=008
 kworker/u129:32-2621  [008]     0.813942: (+1)     sched_switch:         kworker/u129:32:2621 [120] I ==> htop:2789 [120]
    tmux: server-2328  [000]     0.813943: (+1)     sched_migrate_task:   comm=kworker/u129:32 pid=2621 prio=120 orig_cpu=8 dest_cpu=0
    tmux: server-2328  [000]     0.813944: (+1)     sched_wakeup:         kworker/u129:32:2621 [120] CPU:000
    tmux: server-2328  [000]     0.813946: (+2)     sched_switch:         tmux: server:2328 [120] R ==> kworker/u129:32:2621 [120]
 kworker/u129:32-2621  [000]     0.813947: (+1)     sched_waking:         comm=sshd pid=1964 prio=120 target_cpu=004
 kworker/u129:32-2621  [000]     0.813950: (+3)     sched_wakeup:         sshd:1964 [120] CPU:004
          cg.C.x-3562  [004]     0.813952: (+2)     sched_switch:         cg.C.x:3562 [120] R ==> sshd:1964 [120]
 kworker/u129:32-2621  [000]     0.813952: (+0)     sched_switch:         kworker/u129:32:2621 [120] I ==> tmux: server:2328 [120]
            htop-2789  [008]     0.813957: (+5)     sched_waking:         comm=kworker/u129:32 pid=2621 prio=120 target_cpu=000
            htop-2789  [008]     0.813958: (+1)     sched_migrate_task:   comm=kworker/u129:32 pid=2621 prio=120 orig_cpu=0 dest_cpu=8
            htop-2789  [008]     0.813959: (+1)     sched_wakeup:         kworker/u129:32:2621 [120] CPU:008
            htop-2789  [008]     0.813960: (+1)     sched_switch:         htop:2789 [120] R ==> kworker/u129:32:2621 [120]
 kworker/u129:32-2621  [008]     0.813962: (+2)     sched_switch:         kworker/u129:32:2621 [120] I ==> htop:2789 [120]
    tmux: server-2328  [000]     0.813963: (+1)     sched_waking:         comm=kworker/u129:32 pid=2621 prio=120 target_cpu=008
    tmux: server-2328  [000]     0.813964: (+1)     sched_migrate_task:   comm=kworker/u129:32 pid=2621 prio=120 orig_cpu=8 dest_cpu=0
    tmux: server-2328  [000]     0.813965: (+1)     sched_wakeup:         kworker/u129:32:2621 [120] CPU:000
    tmux: server-2328  [000]     0.813966: (+1)     sched_switch:         tmux: server:2328 [120] R ==> kworker/u129:32:2621 [120]
 kworker/u129:32-2621  [000]     0.813968: (+2)     sched_waking:         comm=sshd pid=2656 prio=120 target_cpu=038
 kworker/u129:32-2621  [000]     0.813971: (+3)     sched_wakeup:         sshd:2656 [120] CPU:038
          cg.C.x-3579  [038]     0.813973: (+2)     sched_switch:         cg.C.x:3579 [120] R ==> sshd:2656 [120]
 kworker/u129:32-2621  [000]     0.813973: (+0)     sched_switch:         kworker/u129:32:2621 [120] I ==> tmux: server:2328 [120]
            sshd-1964  [004]     0.813977: (+4)     sched_switch:         sshd:1964 [120] S ==> cg.C.x:3562 [120]
            htop-2789  [008]     0.813979: (+2)     sched_waking:         comm=kworker/u129:32 pid=2621 prio=120 target_cpu=000
            htop-2789  [008]     0.813980: (+1)     sched_migrate_task:   comm=kworker/u129:32 pid=2621 prio=120 orig_cpu=0 dest_cpu=8
            htop-2789  [008]     0.813981: (+1)     sched_wakeup:         kworker/u129:32:2621 [120] CPU:008
            htop-2789  [008]     0.813982: (+1)     sched_switch:         htop:2789 [120] R ==> kworker/u129:32:2621 [120]
 kworker/u129:32-2621  [008]     0.813984: (+2)     sched_switch:         kworker/u129:32:2621 [120] I ==> htop:2789 [120]
            htop-2789  [008]     0.813993: (+9)     sched_waking:         comm=kworker/u129:32 pid=2621 prio=120 target_cpu=008
            htop-2789  [008]     0.813994: (+1)     sched_wakeup:         kworker/u129:32:2621 [120] CPU:008
            htop-2789  [008]     0.813995: (+1)     sched_switch:         htop:2789 [120] R ==> kworker/u129:32:2621 [120]
 kworker/u129:32-2621  [008]     0.813997: (+2)     sched_switch:         kworker/u129:32:2621 [120] I ==> htop:2789 [120]
            sshd-2656  [038]     0.813997: (+0)     sched_switch:         sshd:2656 [120] S ==> cg.C.x:3579 [120]
            htop-2789  [008]     0.814004: (+7)     sched_waking:         comm=kworker/u129:32 pid=2621 prio=120 target_cpu=008
            htop-2789  [008]     0.814005: (+1)     sched_wakeup:         kworker/u129:32:2621 [120] CPU:008
            htop-2789  [008]     0.814006: (+1)     sched_switch:         htop:2789 [120] R ==> kworker/u129:32:2621 [120]
 kworker/u129:32-2621  [008]     0.814008: (+2)     sched_switch:         kworker/u129:32:2621 [120] I ==> htop:2789 [120]
            htop-2789  [008]     0.814017: (+9)     sched_waking:         comm=kworker/u129:32 pid=2621 prio=120 target_cpu=008
            htop-2789  [008]     0.814018: (+1)     sched_wakeup:         kworker/u129:32:2621 [120] CPU:008
            htop-2789  [008]     0.814019: (+1)     sched_switch:         htop:2789 [120] R ==> kworker/u129:32:2621 [120]
 kworker/u129:32-2621  [008]     0.814021: (+2)     sched_switch:         kworker/u129:32:2621 [120] I ==> htop:2789 [120]
    tmux: server-2328  [000]     0.814027: (+6)     sched_waking:         comm=kworker/u129:32 pid=2621 prio=120 target_cpu=008
    tmux: server-2328  [000]     0.814029: (+2)     sched_migrate_task:   comm=kworker/u129:32 pid=2621 prio=120 orig_cpu=8 dest_cpu=0
    tmux: server-2328  [000]     0.814030: (+1)     sched_wakeup:         kworker/u129:32:2621 [120] CPU:000
    tmux: server-2328  [000]     0.814032: (+2)     sched_switch:         tmux: server:2328 [120] R ==> kworker/u129:32:2621 [120]
 kworker/u129:32-2621  [000]     0.814033: (+1)     sched_waking:         comm=sshd pid=1964 prio=120 target_cpu=004
 kworker/u129:32-2621  [000]     0.814036: (+3)     sched_wakeup:         sshd:1964 [120] CPU:004
          cg.C.x-3562  [004]     0.814038: (+2)     sched_switch:         cg.C.x:3562 [120] R ==> sshd:1964 [120]
 kworker/u129:32-2621  [000]     0.814038: (+0)     sched_switch:         kworker/u129:32:2621 [120] I ==> tmux: server:2328 [120]
            htop-2789  [008]     0.814040: (+2)     sched_waking:         comm=kworker/u129:32 pid=2621 prio=120 target_cpu=000
            htop-2789  [008]     0.814040: (+0)     sched_migrate_task:   comm=kworker/u129:32 pid=2621 prio=120 orig_cpu=0 dest_cpu=8
            htop-2789  [008]     0.814041: (+1)     sched_wakeup:         kworker/u129:32:2621 [120] CPU:008
            htop-2789  [008]     0.814043: (+2)     sched_switch:         htop:2789 [120] R ==> kworker/u129:32:2621 [120]
 kworker/u129:32-2621  [008]     0.814045: (+2)     sched_switch:         kworker/u129:32:2621 [120] I ==> htop:2789 [120]
            htop-2789  [008]     0.814055: (+10)    sched_waking:         comm=kworker/u129:32 pid=2621 prio=120 target_cpu=008
            htop-2789  [008]     0.814056: (+1)     sched_wakeup:         kworker/u129:32:2621 [120] CPU:008
            htop-2789  [008]     0.814057: (+1)     sched_switch:         htop:2789 [120] R ==> kworker/u129:32:2621 [120]
 kworker/u129:32-2621  [008]     0.814059: (+2)     sched_switch:         kworker/u129:32:2621 [120] I ==> htop:2789 [120]
            sshd-1964  [004]     0.814063: (+4)     sched_switch:         sshd:1964 [120] S ==> cg.C.x:3562 [120]
            htop-2789  [008]     0.814069: (+6)     sched_waking:         comm=kworker/u129:32 pid=2621 prio=120 target_cpu=008
            htop-2789  [008]     0.814070: (+1)     sched_wakeup:         kworker/u129:32:2621 [120] CPU:008
            htop-2789  [008]     0.814072: (+2)     sched_switch:         htop:2789 [120] R ==> kworker/u129:32:2621 [120]
 kworker/u129:32-2621  [008]     0.814073: (+1)     sched_switch:         kworker/u129:32:2621 [120] I ==> htop:2789 [120]
            htop-2789  [008]     0.814084: (+11)    sched_waking:         comm=kworker/u129:32 pid=2621 prio=120 target_cpu=008
            htop-2789  [008]     0.814085: (+1)     sched_wakeup:         kworker/u129:32:2621 [120] CPU:008
            htop-2789  [008]     0.814086: (+1)     sched_switch:         htop:2789 [120] R ==> kworker/u129:32:2621 [120]
 kworker/u129:32-2621  [008]     0.814088: (+2)     sched_switch:         kworker/u129:32:2621 [120] I ==> htop:2789 [120]
    tmux: server-2328  [000]     0.814094: (+6)     sched_waking:         comm=kworker/u129:32 pid=2621 prio=120 target_cpu=008
    tmux: server-2328  [000]     0.814094: (+0)     sched_migrate_task:   comm=kworker/u129:32 pid=2621 prio=120 orig_cpu=8 dest_cpu=0
    tmux: server-2328  [000]     0.814096: (+2)     sched_wakeup:         kworker/u129:32:2621 [120] CPU:000
    tmux: server-2328  [000]     0.814097: (+1)     sched_switch:         tmux: server:2328 [120] R ==> kworker/u129:32:2621 [120]
 kworker/u129:32-2621  [000]     0.814099: (+2)     sched_waking:         comm=sshd pid=1964 prio=120 target_cpu=004
 kworker/u129:32-2621  [000]     0.814101: (+2)     sched_wakeup:         sshd:1964 [120] CPU:004
          cg.C.x-3562  [004]     0.814103: (+2)     sched_switch:         cg.C.x:3562 [120] R ==> sshd:1964 [120]
 kworker/u129:32-2621  [000]     0.814104: (+1)     sched_switch:         kworker/u129:32:2621 [120] I ==> tmux: server:2328 [120]
            htop-2789  [008]     0.814106: (+2)     sched_waking:         comm=kworker/u129:32 pid=2621 prio=120 target_cpu=000
            htop-2789  [008]     0.814107: (+1)     sched_migrate_task:   comm=kworker/u129:32 pid=2621 prio=120 orig_cpu=0 dest_cpu=8
            htop-2789  [008]     0.814108: (+1)     sched_wakeup:         kworker/u129:32:2621 [120] CPU:008
            htop-2789  [008]     0.814109: (+1)     sched_switch:         htop:2789 [120] R ==> kworker/u129:32:2621 [120]
 kworker/u129:32-2621  [008]     0.814112: (+3)     sched_waking:         comm=sshd pid=2656 prio=120 target_cpu=038
 kworker/u129:32-2621  [008]     0.814114: (+2)     sched_wakeup:         sshd:2656 [120] CPU:038
 kworker/u129:32-2621  [008]     0.814116: (+2)     sched_switch:         kworker/u129:32:2621 [120] I ==> htop:2789 [120]
          cg.C.x-3579  [038]     0.814117: (+1)     sched_switch:         cg.C.x:3579 [120] R ==> sshd:2656 [120]
    tmux: server-2328  [000]     0.814118: (+1)     sched_waking:         comm=kworker/u129:32 pid=2621 prio=120 target_cpu=008
    tmux: server-2328  [000]     0.814119: (+1)     sched_migrate_task:   comm=kworker/u129:32 pid=2621 prio=120 orig_cpu=8 dest_cpu=0
    tmux: server-2328  [000]     0.814120: (+1)     sched_wakeup:         kworker/u129:32:2621 [120] CPU:000
    tmux: server-2328  [000]     0.814121: (+1)     sched_switch:         tmux: server:2328 [120] R ==> kworker/u129:32:2621 [120]
 kworker/u129:32-2621  [000]     0.814124: (+3)     sched_switch:         kworker/u129:32:2621 [120] I ==> tmux: server:2328 [120]
            htop-2789  [008]     0.814125: (+1)     sched_waking:         comm=kworker/u129:32 pid=2621 prio=120 target_cpu=000
            htop-2789  [008]     0.814126: (+1)     sched_migrate_task:   comm=kworker/u129:32 pid=2621 prio=120 orig_cpu=0 dest_cpu=8
            htop-2789  [008]     0.814127: (+1)     sched_wakeup:         kworker/u129:32:2621 [120] CPU:008
            htop-2789  [008]     0.814128: (+1)     sched_switch:         htop:2789 [120] R ==> kworker/u129:32:2621 [120]
 kworker/u129:32-2621  [008]     0.814132: (+4)     sched_switch:         kworker/u129:32:2621 [120] I ==> htop:2789 [120]
            htop-2789  [008]     0.814139: (+7)     sched_waking:         comm=kworker/u129:32 pid=2621 prio=120 target_cpu=008
            htop-2789  [008]     0.814140: (+1)     sched_wakeup:         kworker/u129:32:2621 [120] CPU:008
            htop-2789  [008]     0.814141: (+1)     sched_switch:         htop:2789 [120] R ==> kworker/u129:32:2621 [120]
 kworker/u129:32-2621  [008]     0.814143: (+2)     sched_switch:         kworker/u129:32:2621 [120] I ==> htop:2789 [120]
            sshd-1964  [004]     0.814146: (+3)     sched_switch:         sshd:1964 [120] S ==> cg.C.x:3562 [120]
            htop-2789  [008]     0.814150: (+4)     sched_waking:         comm=kworker/u129:32 pid=2621 prio=120 target_cpu=008
            htop-2789  [008]     0.814151: (+1)     sched_wakeup:         kworker/u129:32:2621 [120] CPU:008
            htop-2789  [008]     0.814152: (+1)     sched_switch:         htop:2789 [120] R ==> kworker/u129:32:2621 [120]
 kworker/u129:32-2621  [008]     0.814154: (+2)     sched_switch:         kworker/u129:32:2621 [120] I ==> htop:2789 [120]
            sshd-2656  [038]     0.814154: (+0)     sched_switch:         sshd:2656 [120] S ==> cg.C.x:3579 [120]
            htop-2789  [008]     0.814161: (+7)     sched_waking:         comm=kworker/u129:32 pid=2621 prio=120 target_cpu=008
            htop-2789  [008]     0.814162: (+1)     sched_wakeup:         kworker/u129:32:2621 [120] CPU:008
            htop-2789  [008]     0.814163: (+1)     sched_switch:         htop:2789 [120] R ==> kworker/u129:32:2621 [120]
 kworker/u129:32-2621  [008]     0.814165: (+2)     sched_switch:         kworker/u129:32:2621 [120] I ==> htop:2789 [120]
            htop-2789  [008]     0.814172: (+7)     sched_waking:         comm=kworker/u129:32 pid=2621 prio=120 target_cpu=008
            htop-2789  [008]     0.814173: (+1)     sched_wakeup:         kworker/u129:32:2621 [120] CPU:008
            htop-2789  [008]     0.814174: (+1)     sched_switch:         htop:2789 [120] R ==> kworker/u129:32:2621 [120]
 kworker/u129:32-2621  [008]     0.814176: (+2)     sched_switch:         kworker/u129:32:2621 [120] I ==> htop:2789 [120]
    tmux: server-2328  [000]     0.814182: (+6)     sched_waking:         comm=kworker/u129:32 pid=2621 prio=120 target_cpu=008
    tmux: server-2328  [000]     0.814182: (+0)     sched_migrate_task:   comm=kworker/u129:32 pid=2621 prio=120 orig_cpu=8 dest_cpu=0
    tmux: server-2328  [000]     0.814183: (+1)     sched_wakeup:         kworker/u129:32:2621 [120] CPU:000
    tmux: server-2328  [000]     0.814185: (+2)     sched_switch:         tmux: server:2328 [120] R ==> kworker/u129:32:2621 [120]
 kworker/u129:32-2621  [000]     0.814187: (+2)     sched_waking:         comm=sshd pid=1964 prio=120 target_cpu=004
 kworker/u129:32-2621  [000]     0.814190: (+3)     sched_wakeup:         sshd:1964 [120] CPU:004
          cg.C.x-3562  [004]     0.814191: (+1)     sched_switch:         cg.C.x:3562 [120] R ==> sshd:1964 [120]
 kworker/u129:32-2621  [000]     0.814192: (+1)     sched_switch:         kworker/u129:32:2621 [120] I ==> tmux: server:2328 [120]
            htop-2789  [008]     0.814193: (+1)     sched_waking:         comm=kworker/u129:32 pid=2621 prio=120 target_cpu=000
            htop-2789  [008]     0.814193: (+0)     sched_migrate_task:   comm=kworker/u129:32 pid=2621 prio=120 orig_cpu=0 dest_cpu=8
            htop-2789  [008]     0.814194: (+1)     sched_wakeup:         kworker/u129:32:2621 [120] CPU:008
            htop-2789  [008]     0.814196: (+2)     sched_switch:         htop:2789 [120] R ==> kworker/u129:32:2621 [120]
 kworker/u129:32-2621  [008]     0.814198: (+2)     sched_waking:         comm=sshd pid=2656 prio=120 target_cpu=038
 kworker/u129:32-2621  [008]     0.814201: (+3)     sched_wakeup:         sshd:2656 [120] CPU:038
 kworker/u129:32-2621  [008]     0.814202: (+1)     sched_switch:         kworker/u129:32:2621 [120] I ==> htop:2789 [120]
          cg.C.x-3579  [038]     0.814203: (+1)     sched_switch:         cg.C.x:3579 [120] R ==> sshd:2656 [120]
            htop-2789  [008]     0.814211: (+8)     sched_waking:         comm=kworker/u129:32 pid=2621 prio=120 target_cpu=008
            htop-2789  [008]     0.814212: (+1)     sched_wakeup:         kworker/u129:32:2621 [120] CPU:008
            htop-2789  [008]     0.814213: (+1)     sched_switch:         htop:2789 [120] R ==> kworker/u129:32:2621 [120]
            sshd-1964  [004]     0.814215: (+2)     sched_switch:         sshd:1964 [120] S ==> cg.C.x:3562 [120]
 kworker/u129:32-2621  [008]     0.814216: (+1)     sched_switch:         kworker/u129:32:2621 [120] I ==> htop:2789 [120]
            sshd-2656  [038]     0.814224: (+8)     sched_switch:         sshd:2656 [120] S ==> cg.C.x:3579 [120]
            htop-2789  [008]     0.814225: (+1)     sched_waking:         comm=kworker/u129:32 pid=2621 prio=120 target_cpu=008
            htop-2789  [008]     0.814226: (+1)     sched_wakeup:         kworker/u129:32:2621 [120] CPU:008
            htop-2789  [008]     0.814227: (+1)     sched_switch:         htop:2789 [120] R ==> kworker/u129:32:2621 [120]
 kworker/u129:32-2621  [008]     0.814229: (+2)     sched_switch:         kworker/u129:32:2621 [120] I ==> htop:2789 [120]
            htop-2789  [008]     0.814239: (+10)    sched_waking:         comm=kworker/u129:32 pid=2621 prio=120 target_cpu=008
            htop-2789  [008]     0.814240: (+1)     sched_wakeup:         kworker/u129:32:2621 [120] CPU:008
            htop-2789  [008]     0.814241: (+1)     sched_switch:         htop:2789 [120] R ==> kworker/u129:32:2621 [120]
 kworker/u129:32-2621  [008]     0.814243: (+2)     sched_switch:         kworker/u129:32:2621 [120] I ==> htop:2789 [120]
    tmux: server-2328  [000]     0.814250: (+7)     sched_waking:         comm=kworker/u129:32 pid=2621 prio=120 target_cpu=008
    tmux: server-2328  [000]     0.814250: (+0)     sched_migrate_task:   comm=kworker/u129:32 pid=2621 prio=120 orig_cpu=8 dest_cpu=0
    tmux: server-2328  [000]     0.814251: (+1)     sched_wakeup:         kworker/u129:32:2621 [120] CPU:000
    tmux: server-2328  [000]     0.814253: (+2)     sched_switch:         tmux: server:2328 [120] R ==> kworker/u129:32:2621 [120]
 kworker/u129:32-2621  [000]     0.814255: (+2)     sched_waking:         comm=sshd pid=2656 prio=120 target_cpu=038
 kworker/u129:32-2621  [000]     0.814257: (+2)     sched_wakeup:         sshd:2656 [120] CPU:038
          cg.C.x-3579  [038]     0.814260: (+3)     sched_switch:         cg.C.x:3579 [120] R ==> sshd:2656 [120]
 kworker/u129:32-2621  [000]     0.814260: (+0)     sched_switch:         kworker/u129:32:2621 [120] I ==> tmux: server:2328 [120]
            htop-2789  [008]     0.814263: (+3)     sched_waking:         comm=kworker/u129:32 pid=2621 prio=120 target_cpu=000
            htop-2789  [008]     0.814263: (+0)     sched_migrate_task:   comm=kworker/u129:32 pid=2621 prio=120 orig_cpu=0 dest_cpu=8
            htop-2789  [008]     0.814264: (+1)     sched_wakeup:         kworker/u129:32:2621 [120] CPU:008
            htop-2789  [008]     0.814266: (+2)     sched_switch:         htop:2789 [120] R ==> kworker/u129:32:2621 [120]
 kworker/u129:32-2621  [008]     0.814268: (+2)     sched_switch:         kworker/u129:32:2621 [120] I ==> htop:2789 [120]
            htop-2789  [008]     0.814279: (+11)    sched_waking:         comm=kworker/u129:32 pid=2621 prio=120 target_cpu=008
            htop-2789  [008]     0.814279: (+0)     sched_wakeup:         kworker/u129:32:2621 [120] CPU:008
            htop-2789  [008]     0.814281: (+2)     sched_switch:         htop:2789 [120] R ==> kworker/u129:32:2621 [120]
 kworker/u129:32-2621  [008]     0.814282: (+1)     sched_switch:         kworker/u129:32:2621 [120] I ==> htop:2789 [120]
            sshd-2656  [038]     0.814283: (+1)     sched_switch:         sshd:2656 [120] S ==> cg.C.x:3579 [120]
            htop-2789  [008]     0.814293: (+10)    sched_waking:         comm=kworker/u129:32 pid=2621 prio=120 target_cpu=008
            htop-2789  [008]     0.814294: (+1)     sched_wakeup:         kworker/u129:32:2621 [120] CPU:008
            htop-2789  [008]     0.814295: (+1)     sched_switch:         htop:2789 [120] R ==> kworker/u129:32:2621 [120]
 kworker/u129:32-2621  [008]     0.814297: (+2)     sched_switch:         kworker/u129:32:2621 [120] I ==> htop:2789 [120]
    tmux: server-2328  [000]     0.814307: (+10)    sched_waking:         comm=kworker/u129:32 pid=2621 prio=120 target_cpu=008
    tmux: server-2328  [000]     0.814307: (+0)     sched_migrate_task:   comm=kworker/u129:32 pid=2621 prio=120 orig_cpu=8 dest_cpu=0
    tmux: server-2328  [000]     0.814308: (+1)     sched_wakeup:         kworker/u129:32:2621 [120] CPU:000
    tmux: server-2328  [000]     0.814310: (+2)     sched_switch:         tmux: server:2328 [120] R ==> kworker/u129:32:2621 [120]
 kworker/u129:32-2621  [000]     0.814312: (+2)     sched_waking:         comm=sshd pid=1964 prio=120 target_cpu=004
 kworker/u129:32-2621  [000]     0.814315: (+3)     sched_wakeup:         sshd:1964 [120] CPU:004
          cg.C.x-3562  [004]     0.814317: (+2)     sched_switch:         cg.C.x:3562 [120] R ==> sshd:1964 [120]
 kworker/u129:32-2621  [000]     0.814318: (+1)     sched_switch:         kworker/u129:32:2621 [120] I ==> tmux: server:2328 [120]
            htop-2789  [008]     0.814324: (+6)     sched_waking:         comm=kworker/u129:32 pid=2621 prio=120 target_cpu=000
            htop-2789  [008]     0.814324: (+0)     sched_migrate_task:   comm=kworker/u129:32 pid=2621 prio=120 orig_cpu=0 dest_cpu=8
            htop-2789  [008]     0.814325: (+1)     sched_wakeup:         kworker/u129:32:2621 [120] CPU:008
            htop-2789  [008]     0.814327: (+2)     sched_switch:         htop:2789 [120] R ==> kworker/u129:32:2621 [120]
 kworker/u129:32-2621  [008]     0.814329: (+2)     sched_switch:         kworker/u129:32:2621 [120] I ==> htop:2789 [120]
            htop-2789  [008]     0.814332: (+3)     sched_waking:         comm=kworker/u129:32 pid=2621 prio=120 target_cpu=008
            htop-2789  [008]     0.814333: (+1)     sched_wakeup:         kworker/u129:32:2621 [120] CPU:008
            htop-2789  [008]     0.814334: (+1)     sched_switch:         htop:2789 [120] R ==> kworker/u129:32:2621 [120]
 kworker/u129:32-2621  [008]     0.814336: (+2)     sched_switch:         kworker/u129:32:2621 [120] I ==> htop:2789 [120]
            htop-2789  [008]     0.814342: (+6)     sched_waking:         comm=kworker/u129:32 pid=2621 prio=120 target_cpu=008
            sshd-1964  [004]     0.814342: (+0)     sched_switch:         sshd:1964 [120] S ==> cg.C.x:3562 [120]
            htop-2789  [008]     0.814343: (+1)     sched_wakeup:         kworker/u129:32:2621 [120] CPU:008
            htop-2789  [008]     0.814344: (+1)     sched_switch:         htop:2789 [120] R ==> kworker/u129:32:2621 [120]
 kworker/u129:32-2621  [008]     0.814346: (+2)     sched_switch:         kworker/u129:32:2621 [120] I ==> htop:2789 [120]
            htop-2789  [008]     0.814349: (+3)     sched_waking:         comm=kworker/u129:32 pid=2621 prio=120 target_cpu=008
            htop-2789  [008]     0.814349: (+0)     sched_wakeup:         kworker/u129:32:2621 [120] CPU:008
            htop-2789  [008]     0.814351: (+2)     sched_switch:         htop:2789 [120] R ==> kworker/u129:32:2621 [120]
 kworker/u129:32-2621  [008]     0.814353: (+2)     sched_switch:         kworker/u129:32:2621 [120] I ==> htop:2789 [120]
            htop-2789  [008]     0.814361: (+8)     sched_waking:         comm=kworker/u129:32 pid=2621 prio=120 target_cpu=008
            htop-2789  [008]     0.814362: (+1)     sched_wakeup:         kworker/u129:32:2621 [120] CPU:008
