    tmux: server-2328  [000]     0.706628: (+2)     sched_switch:         tmux: server:2328 [120] R ==> kworker/u129:9:417 [120]
  kworker/u129:9-417   [000]     0.706629: (+1)     sched_waking:         comm=sshd pid=1964 prio=120 target_cpu=040
  kworker/u129:9-417   [000]     0.706633: (+4)     sched_wakeup:         sshd:1964 [120] CPU:040
  kworker/u129:9-417   [000]     0.706634: (+1)     sched_switch:         kworker/u129:9:417 [120] I ==> tmux: server:2328 [120]
          cg.C.x-2529  [040]     0.706634: (+0)     sched_switch:         cg.C.x:2529 [120] R ==> sshd:1964 [120]
    tmux: server-2328  [000]     0.706639: (+5)     sched_switch:         tmux: server:2328 [120] S ==> cg.C.x:2509 [120]
            sshd-1964  [040]     0.706658: (+19)    sched_switch:         sshd:1964 [120] S ==> cg.C.x:2529 [120]
          cg.C.x-2509  [000]     0.716690: (+10032) sched_waking:         comm=tmux: server pid=2328 prio=120 target_cpu=000
          cg.C.x-2509  [000]     0.716703: (+13)    sched_wakeup:         tmux: server:2328 [120] CPU:000
          cg.C.x-2509  [000]     0.716707: (+4)     sched_switch:         cg.C.x:2509 [120] R ==> tmux: server:2328 [120]
    tmux: server-2328  [000]     0.716732: (+25)    sched_switch:         tmux: server:2328 [120] S ==> cg.C.x:2509 [120]
          cg.C.x-2509  [000]     0.718778: (+2046)  sched_waking:         comm=tmux: server pid=2328 prio=120 target_cpu=000
          cg.C.x-2509  [000]     0.718788: (+10)    sched_wakeup:         tmux: server:2328 [120] CPU:000
          cg.C.x-2509  [000]     0.718791: (+3)     sched_switch:         cg.C.x:2509 [120] R ==> tmux: server:2328 [120]
    tmux: server-2328  [000]     0.718821: (+30)    sched_switch:         tmux: server:2328 [120] S ==> cg.C.x:2509 [120]
          cg.C.x-2509  [000]     0.729891: (+11070) sched_waking:         comm=kworker/0:0 pid=8 prio=120 target_cpu=000
          cg.C.x-2509  [000]     0.729897: (+6)     sched_wakeup:         kworker/0:0:8 [120] CPU:000
          cg.C.x-2509  [000]     0.733891: (+3994)  sched_switch:         cg.C.x:2509 [120] R ==> kworker/0:0:8 [120]
     kworker/0:0-8     [000]     0.733916: (+25)    sched_waking:         comm=kworker/2:1 pid=483 prio=120 target_cpu=002
     kworker/0:0-8     [000]     0.733922: (+6)     sched_wakeup:         kworker/2:1:483 [120] CPU:002
     kworker/0:0-8     [000]     0.733924: (+2)     sched_waking:         comm=kworker/6:1 pid=710 prio=120 target_cpu=006
     kworker/0:0-8     [000]     0.733927: (+3)     sched_wakeup:         kworker/6:1:710 [120] CPU:006
     kworker/0:0-8     [000]     0.733929: (+2)     sched_waking:         comm=kworker/7:1 pid=712 prio=120 target_cpu=007
          cg.C.x-2510  [002]     0.733930: (+1)     sched_switch:         cg.C.x:2510 [120] R ==> kworker/2:1:483 [120]
     kworker/0:0-8     [000]     0.733932: (+2)     sched_waking:         comm=kworker/10:1 pid=713 prio=120 target_cpu=010
          cg.C.x-2512  [006]     0.733932: (+0)     sched_switch:         cg.C.x:2512 [120] R ==> kworker/6:1:710 [120]
     kworker/0:0-8     [000]     0.733934: (+2)     sched_wakeup:         kworker/10:1:713 [120] CPU:010
     kworker/0:0-8     [000]     0.733936: (+2)     sched_waking:         comm=kworker/11:1 pid=715 prio=120 target_cpu=011
     kworker/0:0-8     [000]     0.733939: (+3)     sched_waking:         comm=kworker/15:1 pid=720 prio=120 target_cpu=015
          cg.C.x-2514  [010]     0.733941: (+2)     sched_switch:         cg.C.x:2514 [120] R ==> kworker/10:1:713 [120]
          cg.C.x-2544  [007]     0.733941: (+0)     sched_wakeup:         kworker/7:1:712 [120] CPU:007
     kworker/0:0-8     [000]     0.733942: (+1)     sched_waking:         comm=kworker/22:2 pid=1529 prio=120 target_cpu=022
     kworker/2:1-483   [002]     0.733943: (+1)     sched_switch:         kworker/2:1:483 [120] I ==> cg.C.x:2510 [120]
     kworker/6:1-710   [006]     0.733943: (+0)     sched_switch:         kworker/6:1:710 [120] I ==> cg.C.x:2512 [120]
          cg.C.x-2546  [011]     0.733945: (+2)     sched_wakeup:         kworker/11:1:715 [120] CPU:011
     kworker/0:0-8     [000]     0.733945: (+0)     sched_wakeup:         kworker/22:2:1529 [120] CPU:022
          cg.C.x-2548  [015]     0.733945: (+0)     sched_wakeup:         kworker/15:1:720 [120] CPU:015
     kworker/0:0-8     [000]     0.733946: (+1)     sched_waking:         comm=kworker/23:1 pid=728 prio=120 target_cpu=023
          cg.C.x-2544  [007]     0.733949: (+3)     sched_switch:         cg.C.x:2544 [120] R ==> kworker/7:1:712 [120]
     kworker/0:0-8     [000]     0.733949: (+0)     sched_waking:         comm=kworker/27:1 pid=732 prio=120 target_cpu=027
    kworker/10:1-713   [010]     0.733950: (+1)     sched_switch:         kworker/10:1:713 [120] I ==> cg.C.x:2514 [120]
          cg.C.x-2548  [015]     0.733951: (+1)     sched_switch:         cg.C.x:2548 [120] R ==> kworker/15:1:720 [120]
          cg.C.x-2546  [011]     0.733951: (+0)     sched_switch:         cg.C.x:2546 [120] R ==> kworker/11:1:715 [120]
          cg.C.x-2520  [022]     0.733951: (+0)     sched_switch:         cg.C.x:2520 [120] R ==> kworker/22:2:1529 [120]
     kworker/0:0-8     [000]     0.733952: (+1)     sched_waking:         comm=kworker/28:1 pid=730 prio=120 target_cpu=028
          cg.C.x-2552  [023]     0.733954: (+2)     sched_wakeup:         kworker/23:1:728 [120] CPU:023
     kworker/0:0-8     [000]     0.733955: (+1)     sched_wakeup:         kworker/28:1:730 [120] CPU:028
          cg.C.x-2554  [027]     0.733956: (+1)     sched_wakeup:         kworker/27:1:732 [120] CPU:027
     kworker/0:0-8     [000]     0.733956: (+0)     sched_waking:         comm=kworker/34:2 pid=952 prio=120 target_cpu=034
          cg.C.x-2552  [023]     0.733959: (+3)     sched_switch:         cg.C.x:2552 [120] R ==> kworker/23:1:728 [120]
     kworker/0:0-8     [000]     0.733960: (+1)     sched_wakeup:         kworker/34:2:952 [120] CPU:034
    kworker/22:2-1529  [022]     0.733961: (+1)     sched_switch:         kworker/22:2:1529 [120] I ==> cg.C.x:2520 [120]
          cg.C.x-2523  [028]     0.733961: (+0)     sched_switch:         cg.C.x:2523 [120] R ==> kworker/28:1:730 [120]
     kworker/0:0-8     [000]     0.733962: (+1)     sched_waking:         comm=kworker/36:1 pid=735 prio=120 target_cpu=036
          cg.C.x-2554  [027]     0.733962: (+0)     sched_switch:         cg.C.x:2554 [120] R ==> kworker/27:1:732 [120]
     kworker/7:1-712   [007]     0.733964: (+2)     sched_switch:         kworker/7:1:712 [120] I ==> cg.C.x:2544 [120]
    kworker/11:1-715   [011]     0.733964: (+0)     sched_switch:         kworker/11:1:715 [120] I ==> cg.C.x:2546 [120]
    kworker/15:1-720   [015]     0.733964: (+0)     sched_switch:         kworker/15:1:720 [120] I ==> cg.C.x:2548 [120]
     kworker/0:0-8     [000]     0.733965: (+1)     sched_wakeup:         kworker/36:1:735 [120] CPU:036
          cg.C.x-2526  [034]     0.733966: (+1)     sched_switch:         cg.C.x:2526 [120] R ==> kworker/34:2:952 [120]
     kworker/0:0-8     [000]     0.733966: (+0)     sched_waking:         comm=kworker/38:1 pid=737 prio=120 target_cpu=038
     kworker/0:0-8     [000]     0.733968: (+2)     sched_wakeup:         kworker/38:1:737 [120] CPU:038
     kworker/0:0-8     [000]     0.733969: (+1)     sched_waking:         comm=kworker/40:1 pid=736 prio=120 target_cpu=040
    kworker/23:1-728   [023]     0.733970: (+1)     sched_switch:         kworker/23:1:728 [120] I ==> cg.C.x:2552 [120]
          cg.C.x-2527  [036]     0.733972: (+2)     sched_switch:         cg.C.x:2527 [120] R ==> kworker/36:1:735 [120]
     kworker/0:0-8     [000]     0.733972: (+0)     sched_wakeup:         kworker/40:1:736 [120] CPU:040
    kworker/28:1-730   [028]     0.733972: (+0)     sched_switch:         kworker/28:1:730 [120] I ==> cg.C.x:2523 [120]
    kworker/27:1-732   [027]     0.733973: (+1)     sched_switch:         kworker/27:1:732 [120] I ==> cg.C.x:2554 [120]
          cg.C.x-2528  [038]     0.733974: (+1)     sched_switch:         cg.C.x:2528 [120] R ==> kworker/38:1:737 [120]
     kworker/0:0-8     [000]     0.733975: (+1)     sched_waking:         comm=kworker/41:1 pid=548 prio=120 target_cpu=041
    kworker/34:2-952   [034]     0.733975: (+0)     sched_switch:         kworker/34:2:952 [120] I ==> cg.C.x:2526 [120]
     kworker/0:0-8     [000]     0.733977: (+2)     sched_waking:         comm=kworker/44:2 pid=1030 prio=120 target_cpu=044
          cg.C.x-2529  [040]     0.733978: (+1)     sched_switch:         cg.C.x:2529 [120] R ==> kworker/40:1:736 [120]
     kworker/0:0-8     [000]     0.733980: (+2)     sched_wakeup:         kworker/44:2:1030 [120] CPU:044
    kworker/36:1-735   [036]     0.733981: (+1)     sched_switch:         kworker/36:1:735 [120] I ==> cg.C.x:2527 [120]
    kworker/38:1-737   [038]     0.733981: (+0)     sched_switch:         kworker/38:1:737 [120] I ==> cg.C.x:2528 [120]
     kworker/0:0-8     [000]     0.733982: (+1)     sched_waking:         comm=kworker/52:1 pid=743 prio=120 target_cpu=052
          cg.C.x-2561  [041]     0.733983: (+1)     sched_wakeup:         kworker/41:1:548 [120] CPU:041
     kworker/0:0-8     [000]     0.733985: (+2)     sched_wakeup:         kworker/52:1:743 [120] CPU:052
    kworker/40:1-736   [040]     0.733986: (+1)     sched_switch:         kworker/40:1:736 [120] I ==> cg.C.x:2529 [120]
          cg.C.x-2531  [044]     0.733987: (+1)     sched_switch:         cg.C.x:2531 [120] R ==> kworker/44:2:1030 [120]
          cg.C.x-2561  [041]     0.733988: (+1)     sched_switch:         cg.C.x:2561 [120] R ==> kworker/41:1:548 [120]
          cg.C.x-2535  [052]     0.733993: (+5)     sched_switch:         cg.C.x:2535 [120] R ==> kworker/52:1:743 [120]
     kworker/0:0-8     [000]     0.733994: (+1)     sched_switch:         kworker/0:0:8 [120] I ==> cg.C.x:2509 [120]
    kworker/44:2-1030  [044]     0.733996: (+2)     sched_switch:         kworker/44:2:1030 [120] I ==> cg.C.x:2531 [120]
    kworker/41:1-548   [041]     0.734000: (+4)     sched_switch:         kworker/41:1:548 [120] I ==> cg.C.x:2561 [120]
    kworker/52:1-743   [052]     0.734003: (+3)     sched_switch:         kworker/52:1:743 [120] I ==> cg.C.x:2535 [120]
          cg.C.x-2509  [000]     0.793888: (+59885) sched_waking:         comm=kworker/0:0 pid=8 prio=120 target_cpu=000
          cg.C.x-2509  [000]     0.793894: (+6)     sched_wakeup:         kworker/0:0:8 [120] CPU:000
          cg.C.x-2509  [000]     0.793899: (+5)     sched_switch:         cg.C.x:2509 [120] R ==> kworker/0:0:8 [120]
     kworker/0:0-8     [000]     0.793962: (+63)    sched_switch:         kworker/0:0:8 [120] I ==> cg.C.x:2509 [120]
          cg.C.x-2509  [000]     0.815351: (+21389) sched_waking:         comm=kworker/u129:9 pid=417 prio=120 target_cpu=000
          cg.C.x-2509  [000]     0.815359: (+8)     sched_wakeup:         kworker/u129:9:417 [120] CPU:000
          cg.C.x-2509  [000]     0.815365: (+6)     sched_switch:         cg.C.x:2509 [120] R ==> kworker/u129:9:417 [120]
  kworker/u129:9-417   [000]     0.815369: (+4)     sched_waking:         comm=tmux: server pid=2328 prio=120 target_cpu=000
  kworker/u129:9-417   [000]     0.815374: (+5)     sched_wakeup:         tmux: server:2328 [120] CPU:000
  kworker/u129:9-417   [000]     0.815377: (+3)     sched_switch:         kworker/u129:9:417 [120] I ==> tmux: server:2328 [120]
    tmux: server-2328  [000]     0.815449: (+72)    sched_waking:         comm=kworker/u129:9 pid=417 prio=120 target_cpu=000
    tmux: server-2328  [000]     0.815452: (+3)     sched_wakeup:         kworker/u129:9:417 [120] CPU:000
    tmux: server-2328  [000]     0.815454: (+2)     sched_switch:         tmux: server:2328 [120] R ==> kworker/u129:9:417 [120]
  kworker/u129:9-417   [000]     0.815457: (+3)     sched_waking:         comm=sshd pid=1964 prio=120 target_cpu=040
  kworker/u129:9-417   [000]     0.815464: (+7)     sched_wakeup:         sshd:1964 [120] CPU:040
  kworker/u129:9-417   [000]     0.815466: (+2)     sched_switch:         kworker/u129:9:417 [120] I ==> cg.C.x:2509 [120]
          cg.C.x-2509  [000]     0.815467: (+1)     sched_waking:         comm=kworker/u129:9 pid=417 prio=120 target_cpu=000
          cg.C.x-2529  [040]     0.815468: (+1)     sched_switch:         cg.C.x:2529 [120] R ==> sshd:1964 [120]
          cg.C.x-2509  [000]     0.815469: (+1)     sched_wakeup:         kworker/u129:9:417 [120] CPU:000
          cg.C.x-2509  [000]     0.815471: (+2)     sched_switch:         cg.C.x:2509 [120] R ==> kworker/u129:9:417 [120]
  kworker/u129:9-417   [000]     0.815473: (+2)     sched_switch:         kworker/u129:9:417 [120] I ==> cg.C.x:2509 [120]
            sshd-1964  [040]     0.815554: (+81)    sched_switch:         sshd:1964 [120] S ==> cg.C.x:2529 [120]
          cg.C.x-2509  [000]     0.817891: (+2337)  sched_switch:         cg.C.x:2509 [120] R ==> tmux: server:2328 [120]
    tmux: server-2328  [000]     0.817949: (+58)    sched_waking:         comm=kworker/u129:9 pid=417 prio=120 target_cpu=000
    tmux: server-2328  [000]     0.817955: (+6)     sched_wakeup:         kworker/u129:9:417 [120] CPU:000
    tmux: server-2328  [000]     0.817959: (+4)     sched_switch:         tmux: server:2328 [120] R ==> kworker/u129:9:417 [120]
  kworker/u129:9-417   [000]     0.817963: (+4)     sched_waking:         comm=sshd pid=1964 prio=120 target_cpu=040
  kworker/u129:9-417   [000]     0.817968: (+5)     sched_wakeup:         sshd:1964 [120] CPU:040
  kworker/u129:9-417   [000]     0.817971: (+3)     sched_switch:         kworker/u129:9:417 [120] I ==> tmux: server:2328 [120]
          cg.C.x-2529  [040]     0.817972: (+1)     sched_switch:         cg.C.x:2529 [120] R ==> sshd:1964 [120]
    tmux: server-2328  [000]     0.817980: (+8)     sched_switch:         tmux: server:2328 [120] S ==> cg.C.x:2509 [120]
            sshd-1964  [040]     0.818044: (+64)    sched_switch:         sshd:1964 [120] S ==> cg.C.x:2529 [120]
          cg.C.x-2509  [000]     0.824029: (+5985)  sched_waking:         comm=tmux: server pid=2328 prio=120 target_cpu=000
          cg.C.x-2509  [000]     0.824038: (+9)     sched_wakeup:         tmux: server:2328 [120] CPU:000
          cg.C.x-2509  [000]     0.824042: (+4)     sched_switch:         cg.C.x:2509 [120] R ==> tmux: server:2328 [120]
    tmux: server-2328  [000]     0.824064: (+22)    sched_switch:         tmux: server:2328 [120] S ==> cg.C.x:2509 [120]
          cg.C.x-2509  [000]     0.826111: (+2047)  sched_waking:         comm=tmux: server pid=2328 prio=120 target_cpu=000
          cg.C.x-2509  [000]     0.826119: (+8)     sched_wakeup:         tmux: server:2328 [120] CPU:000
          cg.C.x-2509  [000]     0.826121: (+2)     sched_switch:         cg.C.x:2509 [120] R ==> tmux: server:2328 [120]
    tmux: server-2328  [000]     0.826151: (+30)    sched_switch:         tmux: server:2328 [120] S ==> cg.C.x:2509 [120]
          cg.C.x-2512  [006]     0.857888: (+31737) sched_waking:         comm=kcompactd0 pid=474 prio=120 target_cpu=006
          cg.C.x-2544  [007]     0.857889: (+1)     sched_waking:         comm=kcompactd1 pid=475 prio=120 target_cpu=007
          cg.C.x-2512  [006]     0.857898: (+9)     sched_wakeup:         kcompactd0:474 [120] CPU:006
          cg.C.x-2544  [007]     0.857898: (+0)     sched_wakeup:         kcompactd1:475 [120] CPU:007
          cg.C.x-2512  [006]     0.861891: (+3993)  sched_switch:         cg.C.x:2512 [120] R ==> kcompactd0:474 [120]
          cg.C.x-2544  [007]     0.861894: (+3)     sched_switch:         cg.C.x:2544 [120] R ==> kcompactd1:475 [120]
      kcompactd0-474   [006]     0.861902: (+8)     sched_switch:         kcompactd0:474 [120] S ==> cg.C.x:2512 [120]
      kcompactd1-475   [007]     0.861905: (+3)     sched_switch:         kcompactd1:475 [120] S ==> cg.C.x:2544 [120]
          cg.C.x-2563  [045]     0.883720: (+21815) sched_waking:         comm=ntpd pid=1756 prio=0 target_cpu=045
          cg.C.x-2563  [045]     0.883732: (+12)    sched_wakeup:         ntpd:1756 [0] CPU:045
          cg.C.x-2563  [045]     0.883743: (+11)    sched_switch:         cg.C.x:2563 [120] R ==> ntpd:1756 [0]
            ntpd-1756  [045]     0.883794: (+51)    sched_switch:         ntpd:1756 [0] S ==> cg.C.x:2563 [120]
          cg.C.x-2509  [000]     0.924123: (+40329) sched_waking:         comm=kworker/u129:9 pid=417 prio=120 target_cpu=000
          cg.C.x-2509  [000]     0.924132: (+9)     sched_wakeup:         kworker/u129:9:417 [120] CPU:000
          cg.C.x-2509  [000]     0.924138: (+6)     sched_switch:         cg.C.x:2509 [120] R ==> kworker/u129:9:417 [120]
  kworker/u129:9-417   [000]     0.924143: (+5)     sched_waking:         comm=tmux: server pid=2328 prio=120 target_cpu=000
  kworker/u129:9-417   [000]     0.924147: (+4)     sched_wakeup:         tmux: server:2328 [120] CPU:000
  kworker/u129:9-417   [000]     0.924150: (+3)     sched_switch:         kworker/u129:9:417 [120] I ==> tmux: server:2328 [120]
    tmux: server-2328  [000]     0.924211: (+61)    sched_waking:         comm=kworker/u129:9 pid=417 prio=120 target_cpu=000
    tmux: server-2328  [000]     0.924214: (+3)     sched_wakeup:         kworker/u129:9:417 [120] CPU:000
    tmux: server-2328  [000]     0.924216: (+2)     sched_switch:         tmux: server:2328 [120] R ==> kworker/u129:9:417 [120]
  kworker/u129:9-417   [000]     0.924219: (+3)     sched_waking:         comm=sshd pid=1964 prio=120 target_cpu=040
  kworker/u129:9-417   [000]     0.924226: (+7)     sched_wakeup:         sshd:1964 [120] CPU:040
  kworker/u129:9-417   [000]     0.924227: (+1)     sched_switch:         kworker/u129:9:417 [120] I ==> tmux: server:2328 [120]
          cg.C.x-2529  [040]     0.924230: (+3)     sched_switch:         cg.C.x:2529 [120] R ==> sshd:1964 [120]
    tmux: server-2328  [000]     0.924234: (+4)     sched_switch:         tmux: server:2328 [120] S ==> cg.C.x:2509 [120]
          cg.C.x-2509  [000]     0.924236: (+2)     sched_waking:         comm=kworker/u129:9 pid=417 prio=120 target_cpu=000
          cg.C.x-2509  [000]     0.924238: (+2)     sched_wakeup:         kworker/u129:9:417 [120] CPU:000
          cg.C.x-2509  [000]     0.924239: (+1)     sched_switch:         cg.C.x:2509 [120] R ==> kworker/u129:9:417 [120]
  kworker/u129:9-417   [000]     0.924240: (+1)     sched_waking:         comm=tmux: server pid=2328 prio=120 target_cpu=000
  kworker/u129:9-417   [000]     0.924243: (+3)     sched_wakeup:         tmux: server:2328 [120] CPU:000
  kworker/u129:9-417   [000]     0.924245: (+2)     sched_switch:         kworker/u129:9:417 [120] I ==> tmux: server:2328 [120]
    tmux: server-2328  [000]     0.924258: (+13)    sched_waking:         comm=kworker/u129:9 pid=417 prio=120 target_cpu=000
    tmux: server-2328  [000]     0.924261: (+3)     sched_wakeup:         kworker/u129:9:417 [120] CPU:000
    tmux: server-2328  [000]     0.924262: (+1)     sched_switch:         tmux: server:2328 [120] R ==> kworker/u129:9:417 [120]
  kworker/u129:9-417   [000]     0.924264: (+2)     sched_switch:         kworker/u129:9:417 [120] I ==> tmux: server:2328 [120]
    tmux: server-2328  [000]     0.924270: (+6)     sched_switch:         tmux: server:2328 [120] S ==> cg.C.x:2509 [120]
            sshd-1964  [040]     0.924322: (+52)    sched_switch:         sshd:1964 [120] S ==> cg.C.x:2529 [120]
          cg.C.x-2509  [000]     0.934321: (+9999)  sched_waking:         comm=tmux: server pid=2328 prio=120 target_cpu=000
          cg.C.x-2509  [000]     0.934332: (+11)    sched_wakeup:         tmux: server:2328 [120] CPU:000
          cg.C.x-2509  [000]     0.934336: (+4)     sched_switch:         cg.C.x:2509 [120] R ==> tmux: server:2328 [120]
    tmux: server-2328  [000]     0.934375: (+39)    sched_switch:         tmux: server:2328 [120] S ==> cg.C.x:2509 [120]
          cg.C.x-2509  [000]     0.953889: (+19514) sched_waking:         comm=kworker/0:0 pid=8 prio=120 target_cpu=000
          cg.C.x-2572  [063]     0.953890: (+1)     sched_waking:         comm=kworker/63:1 pid=575 prio=120 target_cpu=063
          cg.C.x-2509  [000]     0.953895: (+5)     sched_wakeup:         kworker/0:0:8 [120] CPU:000
          cg.C.x-2572  [063]     0.953898: (+3)     sched_wakeup:         kworker/63:1:575 [120] CPU:063
          cg.C.x-2509  [000]     0.953901: (+3)     sched_switch:         cg.C.x:2509 [120] R ==> kworker/0:0:8 [120]
          cg.C.x-2572  [063]     0.953905: (+4)     sched_switch:         cg.C.x:2572 [120] R ==> kworker/63:1:575 [120]
    kworker/63:1-575   [063]     0.953928: (+23)    sched_switch:         kworker/63:1:575 [120] I ==> cg.C.x:2572 [120]
     kworker/0:0-8     [000]     0.953938: (+10)    sched_switch:         kworker/0:0:8 [120] I ==> cg.C.x:2509 [120]
          cg.C.x-2571  [061]     0.981890: (+27952) sched_waking:         comm=kworker/61:1 pid=502 prio=120 target_cpu=061
          cg.C.x-2571  [061]     0.981900: (+10)    sched_wakeup:         kworker/61:1:502 [120] CPU:061
          cg.C.x-2571  [061]     0.981910: (+10)    sched_switch:         cg.C.x:2571 [120] R ==> kworker/61:1:502 [120]
    kworker/61:1-502   [061]     0.981941: (+31)    sched_switch:         kworker/61:1:502 [120] I ==> cg.C.x:2571 [120]
          cg.C.x-2540  [062]     0.985890: (+3949)  sched_waking:         comm=kworker/62:1 pid=596 prio=120 target_cpu=062
          cg.C.x-2540  [062]     0.985897: (+7)     sched_wakeup:         kworker/62:1:596 [120] CPU:062
          cg.C.x-2540  [062]     0.985904: (+7)     sched_switch:         cg.C.x:2540 [120] R ==> kworker/62:1:596 [120]
    kworker/62:1-596   [062]     0.985917: (+13)    sched_switch:         kworker/62:1:596 [120] I ==> cg.C.x:2540 [120]
          cg.C.x-2509  [000]     1.000558: (+14641) sched_waking:         comm=migration/0 pid=18 prio=0 target_cpu=000
          cg.C.x-2509  [000]     1.000562: (+4)     sched_wakeup:         migration/0:18 [0] CPU:000
          cg.C.x-2509  [000]     1.000569: (+7)     sched_switch:         cg.C.x:2509 [120] R ==> migration/0:18 [0]
     migration/0-18    [000]     1.000577: (+8)     sched_switch:         migration/0:18 [0] S ==> cg.C.x:2509 [120]
          cg.C.x-2509  [000]     1.001887: (+1310)  sched_waking:         comm=kworker/0:0 pid=8 prio=120 target_cpu=000
          cg.C.x-2509  [000]     1.001891: (+4)     sched_wakeup:         kworker/0:0:8 [120] CPU:000
          cg.C.x-2509  [000]     1.001895: (+4)     sched_switch:         cg.C.x:2509 [120] R ==> kworker/0:0:8 [120]
     kworker/0:0-8     [000]     1.001960: (+65)    sched_switch:         kworker/0:0:8 [120] I ==> cg.C.x:2509 [120]
          cg.C.x-2537  [056]     1.005884: (+3924)  bputs:                task_numa_work: NUMAB Exited task_numa_work because migration time has not arrived yet
          cg.C.x-2521  [024]     1.005884: (+0)     bputs:                task_numa_work: NUMAB Exited task_numa_work because migration time has not arrived yet
          cg.C.x-2511  [004]     1.005884: (+0)     bputs:                task_numa_work: NUMAB Exited task_numa_work because migration time has not arrived yet
          cg.C.x-2510  [002]     1.005884: (+0)     bputs:                task_numa_work: NUMAB Exited task_numa_work because migration time has not arrived yet
          cg.C.x-2540  [062]     1.005884: (+0)     bputs:                task_numa_work: NUMAB Exited task_numa_work because migration time has not arrived yet
          cg.C.x-2524  [030]     1.005884: (+0)     bputs:                task_numa_work: NUMAB Exited task_numa_work because migration time has not arrived yet
          cg.C.x-2532  [046]     1.005884: (+0)     bputs:                task_numa_work: NUMAB Exited task_numa_work because migration time has not arrived yet
          cg.C.x-2527  [036]     1.005885: (+1)     bputs:                task_numa_work: NUMAB Exited task_numa_work because migration time has not arrived yet
          cg.C.x-2519  [020]     1.005885: (+0)     bputs:                task_numa_work: NUMAB Exited task_numa_work because migration time has not arrived yet
          cg.C.x-2535  [052]     1.005885: (+0)     bputs:                task_numa_work: NUMAB Exited task_numa_work because migration time has not arrived yet
          cg.C.x-2518  [018]     1.005885: (+0)     bputs:                task_numa_work: NUMAB Exited task_numa_work because migration time has not arrived yet
          cg.C.x-2530  [042]     1.005885: (+0)     bputs:                task_numa_work: NUMAB Exited task_numa_work because migration time has not arrived yet
          cg.C.x-2542  [003]     1.005885: (+0)     bputs:                task_numa_work: NUMAB Exited task_numa_work because migration time has not arrived yet
          cg.C.x-2522  [026]     1.005885: (+0)     bputs:                task_numa_work: NUMAB About to scan memory
          cg.C.x-2571  [061]     1.005886: (+1)     bputs:                task_numa_work: NUMAB Exited task_numa_work because migration time has not arrived yet
          cg.C.x-2572  [063]     1.005886: (+0)     bputs:                task_numa_work: NUMAB Exited task_numa_work because migration time has not arrived yet
          cg.C.x-2512  [006]     1.005886: (+0)     bputs:                task_numa_work: NUMAB Exited task_numa_work because migration time has not arrived yet
          cg.C.x-2548  [015]     1.005886: (+0)     bputs:                task_numa_work: NUMAB Exited task_numa_work because migration time has not arrived yet
          cg.C.x-2529  [040]     1.005886: (+0)     bputs:                task_numa_work: NUMAB Exited task_numa_work because migration time has not arrived yet
          cg.C.x-2528  [038]     1.005886: (+0)     bputs:                task_numa_work: NUMAB Exited task_numa_work because migration time has not arrived yet
          cg.C.x-2541  [001]     1.005886: (+0)     bputs:                task_numa_work: NUMAB Exited task_numa_work because migration time has not arrived yet
          cg.C.x-2509  [000]     1.005886: (+0)     bputs:                task_numa_work: NUMAB Exited task_numa_work because migration time has not arrived yet
          cg.C.x-2557  [033]     1.005886: (+0)     bputs:                task_numa_work: NUMAB Exited task_numa_work because migration time has not arrived yet
          cg.C.x-2513  [008]     1.005886: (+0)     bputs:                task_numa_work: NUMAB Exited task_numa_work because migration time has not arrived yet
          cg.C.x-2555  [029]     1.005886: (+0)     bputs:                task_numa_work: NUMAB Exited task_numa_work because migration time has not arrived yet
          cg.C.x-2562  [043]     1.005886: (+0)     bputs:                task_numa_work: NUMAB Exited task_numa_work because migration time has not arrived yet
          cg.C.x-2525  [032]     1.005886: (+0)     bputs:                task_numa_work: NUMAB Exited task_numa_work because migration time has not arrived yet
          cg.C.x-2536  [054]     1.005886: (+0)     bputs:                task_numa_work: NUMAB Exited task_numa_work because migration time has not arrived yet
          cg.C.x-2515  [012]     1.005886: (+0)     bputs:                task_numa_work: NUMAB Exited task_numa_work because migration time has not arrived yet
          cg.C.x-2522  [026]     1.005889: (+3)     bprint:               change_prot_numa: NUMAB SCAN vma[start:0x7fe278a00000, end:0x7fe281d0f000, from:0x7fe27a800000, to:0x7fe281d0f000, size:119868 KB]
          cg.C.x-2522  [026]     1.006000: (+111)   bprint:               change_prot_numa: NUMAB SCAN vma[start:0x7fe281e00000, end:0x7fe28b07d000, from:0x7fe281e00000, to:0x7fe28b07d000, size:150004 KB]
          cg.C.x-2522  [026]     1.006034: (+34)    bprint:               change_prot_numa: NUMAB SCAN vma[start:0x7fe28b0db000, end:0x7fe28b200000, from:0x7fe28b0db000, to:0x7fe28b200000, size:1172 KB]
          cg.C.x-2538  [058]     1.006035: (+1)     bprint:               do_huge_pmd_numa_page: NUMAB MEM ACCESS huge page process[nid:0, cpu:58, pid:2538], folio[virt:0x7fe285df900c, ker:0xffff9fc3a0c00000, pfn:0x360c00, nid:0, npages:512]
          cg.C.x-2535  [052]     1.006038: (+3)     bprint:               do_huge_pmd_numa_page: NUMAB MEM ACCESS huge page process[nid:0, cpu:52, pid:2535], folio[virt:0x7fe2857697c4, ker:0xffff9fc3a2400000, pfn:0x362400, nid:0, npages:512]
          cg.C.x-2527  [036]     1.006041: (+3)     bprint:               do_huge_pmd_numa_page: NUMAB MEM ACCESS huge page process[nid:0, cpu:36, pid:2527], folio[virt:0x7fe28463e48c, ker:0xffff9fc17cc00000, pfn:0x13cc00, nid:0, npages:512]
          cg.C.x-2515  [012]     1.006045: (+4)     bprint:               do_huge_pmd_numa_page: NUMAB MEM ACCESS huge page process[nid:0, cpu:12, pid:2515], folio[virt:0x7fe282c5f320, ker:0xffff9fc374400000, pfn:0x334400, nid:0, npages:512]
          cg.C.x-2529  [040]     1.006049: (+4)     bprint:               do_huge_pmd_numa_page: NUMAB MEM ACCESS huge page process[nid:0, cpu:40, pid:2529], folio[virt:0x7fe284a8fe0c, ker:0xffff9fc390c00000, pfn:0x350c00, nid:0, npages:512]
          cg.C.x-2510  [002]     1.006051: (+2)     bprint:               do_huge_pmd_numa_page: NUMAB MEM ACCESS huge page process[nid:0, cpu:2, pid:2510], folio[virt:0x7fe2821901fc, ker:0xffff9fc382c00000, pfn:0x342c00, nid:0, npages:512]
          cg.C.x-2526  [034]     1.006054: (+3)     bprint:               do_huge_pmd_numa_page: NUMAB MEM ACCESS huge page process[nid:0, cpu:34, pid:2526], folio[virt:0x7fe284417bec, ker:0xffff9fc373400000, pfn:0x333400, nid:0, npages:512]
          cg.C.x-2519  [020]     1.006056: (+2)     bprint:               do_huge_pmd_numa_page: NUMAB MEM ACCESS huge page process[nid:0, cpu:20, pid:2519], folio[virt:0x7fe2834fa4b4, ker:0xffff9fc382400000, pfn:0x342400, nid:0, npages:512]
          cg.C.x-2516  [014]     1.006059: (+3)     bprint:               do_huge_pmd_numa_page: NUMAB MEM ACCESS huge page process[nid:0, cpu:14, pid:2516], folio[virt:0x7fe282e7cc84, ker:0xffff9fc33c800000, pfn:0x2fc800, nid:0, npages:512]
          cg.C.x-2537  [056]     1.006062: (+3)     bprint:               do_huge_pmd_numa_page: NUMAB MEM ACCESS huge page process[nid:0, cpu:56, pid:2537], folio[virt:0x7fe285bcc408, ker:0xffff9fc383000000, pfn:0x343000, nid:0, npages:512]
          cg.C.x-2521  [024]     1.006064: (+2)     bprint:               do_huge_pmd_numa_page: NUMAB MEM ACCESS huge page process[nid:0, cpu:24, pid:2521], folio[virt:0x7fe28395082c, ker:0xffff9fc376400000, pfn:0x336400, nid:0, npages:512]
          cg.C.x-2531  [044]     1.006067: (+3)     bprint:               do_huge_pmd_numa_page: NUMAB MEM ACCESS huge page process[nid:0, cpu:44, pid:2531], folio[virt:0x7fe284ed578c, ker:0xffff9fc32d000000, pfn:0x2ed000, nid:0, npages:512]
          cg.C.x-2540  [062]     1.006069: (+2)     bprint:               do_huge_pmd_numa_page: NUMAB MEM ACCESS huge page process[nid:0, cpu:62, pid:2540], folio[virt:0x7fe28622a72c, ker:0xffff9fdb13400000, pfn:0x1ad3400, nid:1, npages:512]
          cg.C.x-2518  [018]     1.006072: (+3)     bprint:               do_huge_pmd_numa_page: NUMAB MEM ACCESS huge page process[nid:0, cpu:18, pid:2518], folio[virt:0x7fe2832d2904, ker:0xffff9fc36fe00000, pfn:0x32fe00, nid:0, npages:512]
          cg.C.x-2514  [010]     1.006075: (+3)     bprint:               do_huge_pmd_numa_page: NUMAB MEM ACCESS huge page process[nid:0, cpu:10, pid:2514], folio[virt:0x7fe282a34ccc, ker:0xffff9fc380a00000, pfn:0x340a00, nid:0, npages:512]
          cg.C.x-2525  [032]     1.006078: (+3)     bprint:               do_huge_pmd_numa_page: NUMAB MEM ACCESS huge page process[nid:0, cpu:32, pid:2525], folio[virt:0x7fe2841eb224, ker:0xffff9fc3a0800000, pfn:0x360800, nid:0, npages:512]
          cg.C.x-2528  [038]     1.006080: (+2)     bprint:               do_huge_pmd_numa_page: NUMAB MEM ACCESS huge page process[nid:0, cpu:38, pid:2528], folio[virt:0x7fe28485a44c, ker:0xffff9fc1b5200000, pfn:0x175200, nid:0, npages:512]
          cg.C.x-2512  [006]     1.006083: (+3)     bprint:               do_huge_pmd_numa_page: NUMAB MEM ACCESS huge page process[nid:0, cpu:6, pid:2512], folio[virt:0x7fe2825e990c, ker:0xffff9fc30fe00000, pfn:0x2cfe00, nid:0, npages:512]
          cg.C.x-2520  [022]     1.006086: (+3)     bprint:               do_huge_pmd_numa_page: NUMAB MEM ACCESS huge page process[nid:0, cpu:22, pid:2520], folio[virt:0x7fe283726884, ker:0xffff9fc391800000, pfn:0x351800, nid:0, npages:512]
          cg.C.x-2513  [008]     1.006089: (+3)     bprint:               do_huge_pmd_numa_page: NUMAB MEM ACCESS huge page process[nid:0, cpu:8, pid:2513], folio[virt:0x7fe28280828c, ker:0xffff9fc33b400000, pfn:0x2fb400, nid:0, npages:512]
          cg.C.x-2522  [026]     1.006093: (+4)     bprint:               change_prot_numa: NUMAB SCAN vma[start:0x7fe28b5b3000, end:0x7fe28b6d9000, from:0x7fe28b5b3000, to:0x7fe28b6d9000, size:1176 KB]
          cg.C.x-2563  [045]     1.006093: (+0)     bprint:               do_huge_pmd_numa_page: NUMAB MEM ACCESS huge page process[nid:1, cpu:45, pid:2563], folio[virt:0x7fe2893bf20c, ker:0xffff9fdaea800000, pfn:0x1aaa800, nid:1, npages:512]
          cg.C.x-2536  [054]     1.006096: (+3)     bprint:               do_huge_pmd_numa_page: NUMAB MEM ACCESS huge page process[nid:0, cpu:54, pid:2536], folio[virt:0x7fe2859968e8, ker:0xffff9fc391400000, pfn:0x351400, nid:0, npages:512]
          cg.C.x-2511  [004]     1.006099: (+3)     bprint:               do_huge_pmd_numa_page: NUMAB MEM ACCESS huge page process[nid:0, cpu:4, pid:2511], folio[virt:0x7fe2823b8f0c, ker:0xffff9fc382800000, pfn:0x342800, nid:0, npages:512]
          cg.C.x-2524  [030]     1.006102: (+3)     bprint:               do_huge_pmd_numa_page: NUMAB MEM ACCESS huge page process[nid:0, cpu:30, pid:2524], folio[virt:0x7fe283fc9d04, ker:0xffff9fc32dc00000, pfn:0x2edc00, nid:0, npages:512]
          cg.C.x-2534  [050]     1.006104: (+2)     bprint:               do_huge_pmd_numa_page: NUMAB MEM ACCESS huge page process[nid:0, cpu:50, pid:2534], folio[virt:0x7fe285541f0c, ker:0xffff9fc18b400000, pfn:0x14b400, nid:0, npages:512]
          cg.C.x-2509  [000]     1.006107: (+3)     bprint:               do_huge_pmd_numa_page: NUMAB MEM ACCESS huge page process[nid:0, cpu:0, pid:2509], folio[virt:0x7fe281f658c4, ker:0xffff9fc177a00000, pfn:0x137a00, nid:0, npages:512]
          cg.C.x-2517  [016]     1.006109: (+2)     bprint:               do_huge_pmd_numa_page: NUMAB MEM ACCESS huge page process[nid:0, cpu:16, pid:2517], folio[virt:0x7fe2830ae50c, ker:0xffff9fc18b800000, pfn:0x14b800, nid:0, npages:512]
          cg.C.x-2552  [023]     1.006113: (+4)     bprint:               do_huge_pmd_numa_page: NUMAB MEM ACCESS huge page process[nid:1, cpu:23, pid:2552], folio[virt:0x7fe287bfd70c, ker:0xffff9fdaeb000000, pfn:0x1aab000, nid:1, npages:512]
          cg.C.x-2557  [033]     1.006116: (+3)     bprint:               do_huge_pmd_numa_page: NUMAB MEM ACCESS huge page process[nid:1, cpu:33, pid:2557], folio[virt:0x7fe2886c0700, ker:0xffff9fdaeb400000, pfn:0x1aab400, nid:1, npages:512]
          cg.C.x-2530  [042]     1.006119: (+3)     bprint:               do_huge_pmd_numa_page: NUMAB MEM ACCESS huge page process[nid:0, cpu:42, pid:2530], folio[virt:0x7fe284cb92d0, ker:0xffff9fc373800000, pfn:0x333800, nid:0, npages:512]
          cg.C.x-2523  [028]     1.006121: (+2)     bprint:               do_huge_pmd_numa_page: NUMAB MEM ACCESS huge page process[nid:0, cpu:28, pid:2523], folio[virt:0x7fe283d9930c, ker:0xffff9fc31e400000, pfn:0x2de400, nid:0, npages:512]
          cg.C.x-2539  [060]     1.006124: (+3)     bprint:               do_huge_pmd_numa_page: NUMAB MEM ACCESS huge page process[nid:0, cpu:60, pid:2539], folio[virt:0x7fe28601d40c, ker:0xffff9fc15da00000, pfn:0x11da00, nid:0, npages:512]
          cg.C.x-2532  [046]     1.006127: (+3)     bprint:               do_huge_pmd_numa_page: NUMAB MEM ACCESS huge page process[nid:0, cpu:46, pid:2532], folio[virt:0x7fe2851023ec, ker:0xffff9fc382200000, pfn:0x342200, nid:0, npages:512]
          cg.C.x-2533  [048]     1.006129: (+2)     bprint:               do_huge_pmd_numa_page: NUMAB MEM ACCESS huge page process[nid:0, cpu:48, pid:2533], folio[virt:0x7fe285327044, ker:0xffff9fc3a0400000, pfn:0x360400, nid:0, npages:512]
          cg.C.x-2565  [049]     1.006132: (+3)     bprint:               do_huge_pmd_numa_page: NUMAB MEM ACCESS huge page process[nid:1, cpu:49, pid:2565], folio[virt:0x7fe289802b6c, ker:0xffff9fda8c000000, pfn:0x1a4c000, nid:1, npages:512]
          cg.C.x-2559  [037]     1.006136: (+4)     bprint:               do_huge_pmd_numa_page: NUMAB MEM ACCESS huge page process[nid:1, cpu:37, pid:2559], folio[virt:0x7fe288b162ac, ker:0xffff9fda6fa00000, pfn:0x1a2fa00, nid:1, npages:512]
          cg.C.x-2547  [013]     1.006138: (+2)     bprint:               do_huge_pmd_numa_page: NUMAB MEM ACCESS huge page process[nid:1, cpu:13, pid:2547], folio[virt:0x7fe287148cac, ker:0xffff9fdb13c00000, pfn:0x1ad3c00, nid:1, npages:512]
          cg.C.x-2530  [042]     1.006140: (+2)     bprint:               __handle_mm_fault: NUMAB MEM ACCESS process[nid:0, cpu:42, pid:2530], folio[virt:0x7fe28b677a30, phys:0x112cf9000, pfn:0x112cf9, nid:0, npages:1]
          cg.C.x-2567  [053]     1.006141: (+1)     bprint:               do_huge_pmd_numa_page: NUMAB MEM ACCESS huge page process[nid:1, cpu:53, pid:2567], folio[virt:0x7fe289c5bb54, ker:0xffff9fdaea400000, pfn:0x1aaa400, nid:1, npages:512]
          cg.C.x-2523  [028]     1.006142: (+1)     bprint:               __handle_mm_fault: NUMAB MEM ACCESS process[nid:0, cpu:28, pid:2523], folio[virt:0x7fe28b6678ac, phys:0x52a0a0000, pfn:0x52a0a0, nid:0, npages:1]
          cg.C.x-2539  [060]     1.006143: (+1)     bprint:               __handle_mm_fault: NUMAB MEM ACCESS process[nid:0, cpu:60, pid:2539], folio[virt:0x7fe28b68c448, phys:0x1149fe000, pfn:0x1149fe, nid:0, npages:1]
          cg.C.x-2551  [021]     1.006144: (+1)     bprint:               do_huge_pmd_numa_page: NUMAB MEM ACCESS huge page process[nid:1, cpu:21, pid:2551], folio[virt:0x7fe2879e3c0c, ker:0xffff9fda6f600000, pfn:0x1a2f600, nid:1, npages:512]
          cg.C.x-2532  [046]     1.006145: (+1)     bprint:               __handle_mm_fault: NUMAB MEM ACCESS process[nid:0, cpu:46, pid:2532], folio[virt:0x7fe28b67c360, phys:0x52a041000, pfn:0x52a041, nid:0, npages:1]
          cg.C.x-2542  [003]     1.006148: (+3)     bprint:               do_huge_pmd_numa_page: NUMAB MEM ACCESS huge page process[nid:1, cpu:3, pid:2542], folio[virt:0x7fe28667740c, ker:0xffff9fda8c600000, pfn:0x1a4c600, nid:1, npages:512]
          cg.C.x-2533  [048]     1.006148: (+0)     bprint:               __handle_mm_fault: NUMAB MEM ACCESS process[nid:0, cpu:48, pid:2533], folio[virt:0x7fe28b67e7c4, phys:0x1154e9000, pfn:0x1154e9, nid:0, npages:1]
          cg.C.x-2565  [049]     1.006150: (+2)     bprint:               __handle_mm_fault: NUMAB MEM ACCESS process[nid:1, cpu:49, pid:2565], folio[virt:0x7fe28b6c7adc, phys:0x185be21000, pfn:0x185be21, nid:1, npages:1]
          cg.C.x-2541  [001]     1.006151: (+1)     bprint:               do_huge_pmd_numa_page: NUMAB MEM ACCESS huge page process[nid:1, cpu:1, pid:2541], folio[virt:0x7fe286453bec, ker:0xffff9fd8da800000, pfn:0x189a800, nid:1, npages:512]
          cg.C.x-2522  [026]     1.006151: (+0)     bprint:               change_prot_numa: NUMAB SCAN vma[start:0x7fe28b71f000, end:0x7fe28b720000, from:0x7fe28b71f000, to:0x7fe28b720000, size:4 KB]
          cg.C.x-2559  [037]     1.006153: (+2)     bprint:               __handle_mm_fault: NUMAB MEM ACCESS process[nid:1, cpu:37, pid:2559], folio[virt:0x7fe28b6b9f64, phys:0x18677e1000, pfn:0x18677e1, nid:1, npages:1]
          cg.C.x-2570  [059]     1.006153: (+0)     bprint:               do_huge_pmd_numa_page: NUMAB MEM ACCESS huge page process[nid:1, cpu:59, pid:2570], folio[virt:0x7fe28a2c7b6c, ker:0xffff9fd8d9800000, pfn:0x1899800, nid:1, npages:512]
          cg.C.x-2547  [013]     1.006155: (+2)     bprint:               __handle_mm_fault: NUMAB MEM ACCESS process[nid:1, cpu:13, pid:2547], folio[virt:0x7fe28b69e8c4, phys:0x186897d000, pfn:0x186897d, nid:1, npages:1]
          cg.C.x-2554  [027]     1.006156: (+1)     bprint:               do_huge_pmd_numa_page: NUMAB MEM ACCESS huge page process[nid:1, cpu:27, pid:2554], folio[virt:0x7fe288057f20, ker:0xffff9fd8b6c00000, pfn:0x1876c00, nid:1, npages:512]
          cg.C.x-2567  [053]     1.006157: (+1)     bprint:               __handle_mm_fault: NUMAB MEM ACCESS process[nid:1, cpu:53, pid:2567], folio[virt:0x7fe28b6cc4c8, phys:0x1868865000, pfn:0x1868865, nid:1, npages:1]
          cg.C.x-2557  [033]     1.006158: (+1)     bprint:               __handle_mm_fault: NUMAB MEM ACCESS process[nid:1, cpu:33, pid:2557], folio[virt:0x7fe28b6b5668, phys:0x185bdb8000, pfn:0x185bdb8, nid:1, npages:1]
          cg.C.x-2568  [055]     1.006159: (+1)     bprint:               do_huge_pmd_numa_page: NUMAB MEM ACCESS huge page process[nid:1, cpu:55, pid:2568], folio[virt:0x7fe289e7570c, ker:0xffff9fda8bc00000, pfn:0x1a4bc00, nid:1, npages:512]
          cg.C.x-2517  [016]     1.006160: (+1)     bprint:               __handle_mm_fault: NUMAB MEM ACCESS process[nid:0, cpu:16, pid:2517], folio[virt:0x7fe28b659e68, phys:0x150796000, pfn:0x150796, nid:0, npages:1]
          cg.C.x-2572  [063]     1.006162: (+2)     bprint:               do_huge_pmd_numa_page: NUMAB MEM ACCESS huge page process[nid:1, cpu:63, pid:2572], folio[virt:0x7fe28a71a888, ker:0xffff9fdaedc00000, pfn:0x1aadc00, nid:1, npages:512]
          cg.C.x-2516  [014]     1.006162: (+0)     bprint:               __handle_mm_fault: NUMAB MEM ACCESS process[nid:0, cpu:14, pid:2516], folio[virt:0x7fe28b6579f0, phys:0x171d66000, pfn:0x171d66, nid:0, npages:1]
          cg.C.x-2537  [056]     1.006164: (+2)     bprint:               __handle_mm_fault: NUMAB MEM ACCESS process[nid:0, cpu:56, pid:2537], folio[virt:0x7fe28b687bbc, phys:0x1626b1000, pfn:0x1626b1, nid:0, npages:1]
          cg.C.x-2562  [043]     1.006165: (+1)     bprint:               do_huge_pmd_numa_page: NUMAB MEM ACCESS huge page process[nid:1, cpu:43, pid:2562], folio[virt:0x7fe28919398c, ker:0xffff9fda8cc00000, pfn:0x1a4cc00, nid:1, npages:512]
          cg.C.x-2563  [045]     1.006166: (+1)     bprint:               __handle_mm_fault: NUMAB MEM ACCESS process[nid:1, cpu:45, pid:2563], folio[virt:0x7fe28b6c331c, phys:0x186b4eb000, pfn:0x186b4eb, nid:1, npages:1]
          cg.C.x-2550  [019]     1.006168: (+2)     bprint:               do_huge_pmd_numa_page: NUMAB MEM ACCESS huge page process[nid:1, cpu:19, pid:2550], folio[virt:0x7fe2877b2efc, ker:0xffff9fd8b6600000, pfn:0x1876600, nid:1, npages:512]
          cg.C.x-2521  [024]     1.006168: (+0)     bprint:               __handle_mm_fault: NUMAB MEM ACCESS process[nid:0, cpu:24, pid:2521], folio[virt:0x7fe28b663140, phys:0x13383d000, pfn:0x13383d, nid:0, npages:1]
          cg.C.x-2551  [021]     1.006170: (+2)     bprint:               __handle_mm_fault: NUMAB MEM ACCESS process[nid:1, cpu:21, pid:2551], folio[virt:0x7fe28b6a7af4, phys:0x1858c77000, pfn:0x1858c77, nid:1, npages:1]
          cg.C.x-2566  [051]     1.006170: (+0)     bprint:               do_huge_pmd_numa_page: NUMAB MEM ACCESS huge page process[nid:1, cpu:51, pid:2566], folio[virt:0x7fe289a321f0, ker:0xffff9fda70200000, pfn:0x1a30200, nid:1, npages:512]
          cg.C.x-2515  [012]     1.006172: (+2)     bprint:               __handle_mm_fault: NUMAB MEM ACCESS process[nid:0, cpu:12, pid:2515], folio[virt:0x7fe28b6555c4, phys:0x141b07000, pfn:0x141b07, nid:0, npages:1]
          cg.C.x-2546  [011]     1.006173: (+1)     bprint:               do_huge_pmd_numa_page: NUMAB MEM ACCESS huge page process[nid:1, cpu:11, pid:2546], folio[virt:0x7fe286f2182c, ker:0xffff9fdae9600000, pfn:0x1aa9600, nid:1, npages:512]
          cg.C.x-2531  [044]     1.006174: (+1)     bprint:               __handle_mm_fault: NUMAB MEM ACCESS process[nid:0, cpu:44, pid:2531], folio[virt:0x7fe28b679ef4, phys:0x1307f0000, pfn:0x1307f0, nid:0, npages:1]
          cg.C.x-2549  [017]     1.006175: (+1)     bprint:               do_huge_pmd_numa_page: NUMAB MEM ACCESS huge page process[nid:1, cpu:17, pid:2549], folio[virt:0x7fe28758e6ec, ker:0xffff9fdb14000000, pfn:0x1ad4000, nid:1, npages:512]
          cg.C.x-2511  [004]     1.006176: (+1)     bprint:               __handle_mm_fault: NUMAB MEM ACCESS process[nid:0, cpu:4, pid:2511], folio[virt:0x7fe28b64c1d0, phys:0x171c69000, pfn:0x171c69, nid:0, npages:1]
          cg.C.x-2548  [015]     1.006178: (+2)     bprint:               do_huge_pmd_numa_page: NUMAB MEM ACCESS huge page process[nid:1, cpu:15, pid:2548], folio[virt:0x7fe28736862c, ker:0xffff9fda8f400000, pfn:0x1a4f400, nid:1, npages:512]
          cg.C.x-2542  [003]     1.006178: (+0)     bprint:               __handle_mm_fault: NUMAB MEM ACCESS process[nid:1, cpu:3, pid:2542], folio[virt:0x7fe28b693084, phys:0x303f318000, pfn:0x303f318, nid:1, npages:1]
          cg.C.x-2528  [038]     1.006180: (+2)     bprint:               __handle_mm_fault: NUMAB MEM ACCESS process[nid:0, cpu:38, pid:2528], folio[virt:0x7fe28b673094, phys:0x112631000, pfn:0x112631, nid:0, npages:1]
          cg.C.x-2560  [039]     1.006181: (+1)     bprint:               do_huge_pmd_numa_page: NUMAB MEM ACCESS huge page process[nid:1, cpu:39, pid:2560], folio[virt:0x7fe288d462ec, ker:0xffff9fdabbc00000, pfn:0x1a7bc00, nid:1, npages:512]
          cg.C.x-2520  [022]     1.006182: (+1)     bprint:               __handle_mm_fault: NUMAB MEM ACCESS process[nid:0, cpu:22, pid:2520], folio[virt:0x7fe28b660c64, phys:0x132b63000, pfn:0x132b63, nid:0, npages:1]
          cg.C.x-2544  [007]     1.006183: (+1)     bprint:               do_huge_pmd_numa_page: NUMAB MEM ACCESS huge page process[nid:1, cpu:7, pid:2544], folio[virt:0x7fe286acd74c, ker:0xffff9fda8d000000, pfn:0x1a4d000, nid:1, npages:512]
          cg.C.x-2524  [030]     1.006186: (+3)     bprint:               __handle_mm_fault: NUMAB MEM ACCESS process[nid:0, cpu:30, pid:2524], folio[virt:0x7fe28b669e38, phys:0x1228e6000, pfn:0x1228e6, nid:0, npages:1]
          cg.C.x-2564  [047]     1.006187: (+1)     bprint:               do_huge_pmd_numa_page: NUMAB MEM ACCESS huge page process[nid:1, cpu:47, pid:2564], folio[virt:0x7fe2895e0b0c, ker:0xffff9fd8dae00000, pfn:0x189ae00, nid:1, npages:512]
          cg.C.x-2527  [036]     1.006188: (+1)     bprint:               __handle_mm_fault: NUMAB MEM ACCESS process[nid:0, cpu:36, pid:2527], folio[virt:0x7fe28b670d6c, phys:0x150ecf000, pfn:0x150ecf, nid:0, npages:1]
          cg.C.x-2512  [006]     1.006190: (+2)     bprint:               __handle_mm_fault: NUMAB MEM ACCESS process[nid:0, cpu:6, pid:2512], folio[virt:0x7fe28b64e768, phys:0x171c6b000, pfn:0x171c6b, nid:0, npages:1]
          cg.C.x-2558  [035]     1.006190: (+0)     bprint:               do_huge_pmd_numa_page: NUMAB MEM ACCESS huge page process[nid:1, cpu:35, pid:2558], folio[virt:0x7fe2888ea94c, ker:0xffff9fdb14400000, pfn:0x1ad4400, nid:1, npages:512]
          cg.C.x-2522  [026]     1.006191: (+1)     bprint:               change_prot_numa: NUMAB SCAN vma[start:0x7fe28b8f2000, end:0x7fe28b8f4000, from:0x7fe28b8f2000, to:0x7fe28b8f4000, size:8 KB]
          cg.C.x-2514  [010]     1.006192: (+1)     bprint:               __handle_mm_fault: NUMAB MEM ACCESS process[nid:0, cpu:10, pid:2514], folio[virt:0x7fe28b6530d8, phys:0x112622000, pfn:0x112622, nid:0, npages:1]
          cg.C.x-2553  [025]     1.006193: (+1)     bprint:               do_huge_pmd_numa_page: NUMAB MEM ACCESS huge page process[nid:1, cpu:25, pid:2553], folio[virt:0x7fe287e30ad4, ker:0xffff9fda70400000, pfn:0x1a30400, nid:1, npages:512]
          cg.C.x-2534  [050]     1.006194: (+1)     bprint:               __handle_mm_fault: NUMAB MEM ACCESS process[nid:0, cpu:50, pid:2534], folio[virt:0x7fe28b680c28, phys:0x1307dc000, pfn:0x1307dc, nid:0, npages:1]
          cg.C.x-2529  [040]     1.006196: (+2)     bprint:               __handle_mm_fault: NUMAB MEM ACCESS process[nid:0, cpu:40, pid:2529], folio[virt:0x7fe28b6756c8, phys:0x132e35000, pfn:0x132e35, nid:0, npages:1]
          cg.C.x-2569  [057]     1.006196: (+0)     bprint:               do_huge_pmd_numa_page: NUMAB MEM ACCESS huge page process[nid:1, cpu:57, pid:2569], folio[virt:0x7fe28a0a26ac, ker:0xffff9fdabb400000, pfn:0x1a7b400, nid:1, npages:512]
          cg.C.x-2513  [008]     1.006198: (+2)     bprint:               __handle_mm_fault: NUMAB MEM ACCESS process[nid:0, cpu:8, pid:2513], folio[virt:0x7fe28b650b3c, phys:0x171ef0000, pfn:0x171ef0, nid:0, npages:1]
          cg.C.x-2556  [031]     1.006199: (+1)     bprint:               do_huge_pmd_numa_page: NUMAB MEM ACCESS huge page process[nid:1, cpu:31, pid:2556], folio[virt:0x7fe2884a6ca0, ker:0xffff9fdabca00000, pfn:0x1a7ca00, nid:1, npages:512]
          cg.C.x-2525  [032]     1.006200: (+1)     bprint:               __handle_mm_fault: NUMAB MEM ACCESS process[nid:0, cpu:32, pid:2525], folio[virt:0x7fe28b66c304, phys:0x1254f3000, pfn:0x1254f3, nid:0, npages:1]
          cg.C.x-2545  [009]     1.006203: (+3)     bprint:               do_huge_pmd_numa_page: NUMAB MEM ACCESS huge page process[nid:1, cpu:9, pid:2545], folio[virt:0x7fe286cf99ac, ker:0xffff9fd8b6000000, pfn:0x1876000, nid:1, npages:512]
          cg.C.x-2518  [018]     1.006203: (+0)     bprint:               __handle_mm_fault: NUMAB MEM ACCESS process[nid:0, cpu:18, pid:2518], folio[virt:0x7fe28b65c320, phys:0x122285000, pfn:0x122285, nid:0, npages:1]
          cg.C.x-2519  [020]     1.006205: (+2)     bprint:               __handle_mm_fault: NUMAB MEM ACCESS process[nid:0, cpu:20, pid:2519], folio[virt:0x7fe28b65e7ac, phys:0x171d01000, pfn:0x171d01, nid:0, npages:1]
