          cg.C.x-3314  [038]     0.202082: (+1)     bprint:               do_huge_pmd_numa_page: NUMAB MEM ACCESS huge page process[nid:0, cpu:38, pid:3314], folio[virt:0x7f3714d96e20, ker:0xffff9fc33ba00000, pfn:0x2fba00, nid:0, npages:512]
          cg.C.x-3315  [040]     0.202083: (+1)     bprint:               do_huge_pmd_numa_page: NUMAB MEM ACCESS huge page process[nid:0, cpu:40, pid:3315], folio[virt:0x7f3715027120, ker:0xffff9fc376400000, pfn:0x336400, nid:0, npages:512]
          cg.C.x-3334  [015]     0.202085: (+2)     bprint:               do_huge_pmd_numa_page: NUMAB MEM ACCESS huge page process[nid:1, cpu:15, pid:3334], folio[virt:0x7f371a724900, ker:0xffff9fdabb400000, pfn:0x1a7b400, nid:1, npages:512]
          cg.C.x-3310  [030]     0.202086: (+1)     bprint:               do_huge_pmd_numa_page: NUMAB MEM ACCESS huge page process[nid:0, cpu:30, pid:3310], folio[virt:0x7f3713830770, ker:0xffff9fc33ce00000, pfn:0x2fce00, nid:0, npages:512]
          cg.C.x-3315  [040]     0.202087: (+1)     bprint:               __handle_mm_fault: NUMAB MEM ACCESS process[nid:0, cpu:40, pid:3315], folio[virt:0x7f36ef3ff394, phys:0x122362000, pfn:0x122362, nid:0, npages:1]
          cg.C.x-3318  [046]     0.202088: (+1)     bprint:               do_huge_pmd_numa_page: NUMAB MEM ACCESS huge page process[nid:0, cpu:46, pid:3318], folio[virt:0x7f3715c51238, ker:0xffff9fc32c400000, pfn:0x2ec400, nid:0, npages:512]
          cg.C.x-3323  [056]     0.202089: (+1)     bprint:               do_huge_pmd_numa_page: NUMAB MEM ACCESS huge page process[nid:0, cpu:56, pid:3323], folio[virt:0x7f37172d87c8, ker:0xffff9fc32f400000, pfn:0x2ef400, nid:0, npages:512]
          cg.C.x-3317  [044]     0.202090: (+1)     bprint:               do_huge_pmd_numa_page: NUMAB MEM ACCESS huge page process[nid:0, cpu:44, pid:3317], folio[virt:0x7f371576d048, ker:0xffff9fc31de00000, pfn:0x2dde00, nid:0, npages:512]
          cg.C.x-3313  [036]     0.202091: (+1)     bprint:               do_huge_pmd_numa_page: NUMAB MEM ACCESS huge page process[nid:0, cpu:36, pid:3313], folio[virt:0x7f37145a0a20, ker:0xffff9fc377600000, pfn:0x337600, nid:0, npages:512]
          cg.C.x-3303  [016]     0.202092: (+1)     bprint:               do_huge_pmd_numa_page: NUMAB MEM ACCESS huge page process[nid:0, cpu:16, pid:3303], folio[virt:0x7f37117ee8a8, ker:0xffff9fc383400000, pfn:0x343400, nid:0, npages:512]
          cg.C.x-3338  [023]     0.202094: (+2)     bprint:               do_huge_pmd_numa_page: NUMAB MEM ACCESS huge page process[nid:1, cpu:23, pid:3338], folio[virt:0x7f371b94c010, ker:0xffff9fdaeb000000, pfn:0x1aab000, nid:1, npages:512]
          cg.C.x-3302  [014]     0.202095: (+1)     bprint:               do_huge_pmd_numa_page: NUMAB MEM ACCESS huge page process[nid:0, cpu:14, pid:3302], folio[virt:0x7f3711258748, ker:0xffff9fc32ca00000, pfn:0x2eca00, nid:0, npages:512]
          cg.C.x-3327  [001]     0.202097: (+2)     bprint:               do_huge_pmd_numa_page: NUMAB MEM ACCESS huge page process[nid:1, cpu:1, pid:3327], folio[virt:0x7f3718887e78, ker:0xffff9fdabfe00000, pfn:0x1a7fe00, nid:1, npages:512]
          cg.C.x-3309  [028]     0.202100: (+3)     bprint:               do_huge_pmd_numa_page: NUMAB MEM ACCESS huge page process[nid:0, cpu:28, pid:3309], folio[virt:0x7f37135d3ef0, ker:0xffff9fc392c00000, pfn:0x352c00, nid:0, npages:512]
          cg.C.x-3324  [058]     0.202101: (+1)     bprint:               do_huge_pmd_numa_page: NUMAB MEM ACCESS huge page process[nid:0, cpu:58, pid:3324], folio[virt:0x7f3717af5a88, ker:0xffff9fc33c200000, pfn:0x2fc200, nid:0, npages:512]
          cg.C.x-3329  [005]     0.202102: (+1)     bprint:               do_huge_pmd_numa_page: NUMAB MEM ACCESS huge page process[nid:1, cpu:5, pid:3329], folio[virt:0x7f371901d4b8, ker:0xffff9fdabb800000, pfn:0x1a7b800, nid:1, npages:512]
          cg.C.x-3326  [062]     0.202104: (+2)     bprint:               do_huge_pmd_numa_page: NUMAB MEM ACCESS huge page process[nid:0, cpu:62, pid:3326], folio[virt:0x7f37181ec8c8, ker:0xffff9fc371e00000, pfn:0x331e00, nid:0, npages:512]
          cg.C.x-3331  [009]     0.202106: (+2)     bprint:               do_huge_pmd_numa_page: NUMAB MEM ACCESS huge page process[nid:1, cpu:9, pid:3331], folio[virt:0x7f3719a32528, ker:0xffff9fdabb000000, pfn:0x1a7b000, nid:1, npages:512]
          cg.C.x-3319  [048]     0.202108: (+2)     bprint:               do_huge_pmd_numa_page: NUMAB MEM ACCESS huge page process[nid:0, cpu:48, pid:3319], folio[virt:0x7f37163ea580, ker:0xffff9fc371c00000, pfn:0x331c00, nid:0, npages:512]
          cg.C.x-3305  [020]     0.202109: (+1)     bprint:               do_huge_pmd_numa_page: NUMAB MEM ACCESS huge page process[nid:0, cpu:20, pid:3305], folio[virt:0x7f37124114d8, ker:0xffff9fc3b0800000, pfn:0x370800, nid:0, npages:512]
          cg.C.x-3312  [034]     0.202110: (+1)     bprint:               do_huge_pmd_numa_page: NUMAB MEM ACCESS huge page process[nid:0, cpu:34, pid:3312], folio[virt:0x7f37142079f0, ker:0xffff9fc376600000, pfn:0x336600, nid:0, npages:512]
          cg.C.x-3307  [024]     0.202111: (+1)     bprint:               do_huge_pmd_numa_page: NUMAB MEM ACCESS huge page process[nid:0, cpu:24, pid:3307], folio[virt:0x7f3712d64d20, ker:0xffff9fc386200000, pfn:0x346200, nid:0, npages:512]
          cg.C.x-3337  [021]     0.202113: (+2)     bprint:               do_huge_pmd_numa_page: NUMAB MEM ACCESS huge page process[nid:1, cpu:21, pid:3337], folio[virt:0x7f371b4eeb58, ker:0xffff9fdaeb400000, pfn:0x1aab400, nid:1, npages:512]
          cg.C.x-3298  [006]     0.202114: (+1)     bprint:               do_huge_pmd_numa_page: NUMAB MEM ACCESS huge page process[nid:0, cpu:6, pid:3298], folio[virt:0x7f371022f108, ker:0xffff9fc380a00000, pfn:0x340a00, nid:0, npages:512]
          cg.C.x-3336  [019]     0.202116: (+2)     bprint:               do_huge_pmd_numa_page: NUMAB MEM ACCESS huge page process[nid:1, cpu:19, pid:3336], folio[virt:0x7f371b0aeb70, ker:0xffff9fda70400000, pfn:0x1a30400, nid:1, npages:512]
          cg.C.x-3325  [060]     0.202117: (+1)     bprint:               do_huge_pmd_numa_page: NUMAB MEM ACCESS huge page process[nid:0, cpu:60, pid:3325], folio[virt:0x7f3717e54b60, ker:0xffff9fc3b0400000, pfn:0x370400, nid:0, npages:512]
          cg.C.x-3320  [050]     0.202118: (+1)     bprint:               do_huge_pmd_numa_page: NUMAB MEM ACCESS huge page process[nid:0, cpu:50, pid:3320], folio[virt:0x7f37165893f8, ker:0xffff9fc32f800000, pfn:0x2ef800, nid:0, npages:512]
          cg.C.x-3321  [052]     0.202120: (+2)     bprint:               do_huge_pmd_numa_page: NUMAB MEM ACCESS huge page process[nid:0, cpu:52, pid:3321], folio[virt:0x7f3716b28058, ker:0xffff9fc33c400000, pfn:0x2fc400, nid:0, npages:512]
          cg.C.x-3335  [017]     0.202122: (+2)     bprint:               do_huge_pmd_numa_page: NUMAB MEM ACCESS huge page process[nid:1, cpu:17, pid:3335], folio[virt:0x7f371ab92f10, ker:0xffff9fda8c000000, pfn:0x1a4c000, nid:1, npages:512]
          cg.C.x-3332  [011]     0.202124: (+2)     bprint:               do_huge_pmd_numa_page: NUMAB MEM ACCESS huge page process[nid:1, cpu:11, pid:3332], folio[virt:0x7f3719e4eb20, ker:0xffff9fd8da400000, pfn:0x189a400, nid:1, npages:512]
          cg.C.x-3330  [007]     0.202125: (+1)     bprint:               do_huge_pmd_numa_page: NUMAB MEM ACCESS huge page process[nid:1, cpu:7, pid:3330], folio[virt:0x7f371928d848, ker:0xffff9fdb16600000, pfn:0x1ad6600, nid:1, npages:512]
          cg.C.x-3304  [018]     0.202127: (+2)     bprint:               do_huge_pmd_numa_page: NUMAB MEM ACCESS huge page process[nid:0, cpu:18, pid:3304], folio[virt:0x7f3711e65ff8, ker:0xffff9fc393200000, pfn:0x353200, nid:0, npages:512]
          cg.C.x-3299  [008]     0.202129: (+2)     bprint:               do_huge_pmd_numa_page: NUMAB MEM ACCESS huge page process[nid:0, cpu:8, pid:3299], folio[virt:0x7f3710602ee8, ker:0xffff9fc382600000, pfn:0x342600, nid:0, npages:512]
          cg.C.x-3311  [032]     0.202130: (+1)     bprint:               do_huge_pmd_numa_page: NUMAB MEM ACCESS huge page process[nid:0, cpu:32, pid:3311], folio[virt:0x7f3713c30ab8, ker:0xffff9fc32d400000, pfn:0x2ed400, nid:0, npages:512]
          cg.C.x-3314  [038]     0.202131: (+1)     bprint:               do_huge_pmd_numa_page: NUMAB MEM ACCESS huge page process[nid:0, cpu:38, pid:3314], folio[virt:0x7f37149ce778, ker:0xffff9fc385800000, pfn:0x345800, nid:0, npages:512]
          cg.C.x-3315  [040]     0.202132: (+1)     bprint:               do_huge_pmd_numa_page: NUMAB MEM ACCESS huge page process[nid:0, cpu:40, pid:3315], folio[virt:0x7f3714ef7f10, ker:0xffff9fc36e800000, pfn:0x32e800, nid:0, npages:512]
          cg.C.x-3317  [044]     0.202133: (+1)     bprint:               do_huge_pmd_numa_page: NUMAB MEM ACCESS huge page process[nid:0, cpu:44, pid:3317], folio[virt:0x7f3715b313b0, ker:0xffff9fc381200000, pfn:0x341200, nid:0, npages:512]
          cg.C.x-3333  [013]     0.202135: (+2)     bprint:               do_huge_pmd_numa_page: NUMAB MEM ACCESS huge page process[nid:1, cpu:13, pid:3333], folio[virt:0x7f371a2bbe80, ker:0xffff9fd8da200000, pfn:0x189a200, nid:1, npages:512]
          cg.C.x-3301  [012]     0.202136: (+1)     bprint:               do_huge_pmd_numa_page: NUMAB MEM ACCESS huge page process[nid:0, cpu:12, pid:3301], folio[virt:0x7f3710f94848, ker:0xffff9fc381600000, pfn:0x341600, nid:0, npages:512]
          cg.C.x-3334  [015]     0.202138: (+2)     bprint:               do_huge_pmd_numa_page: NUMAB MEM ACCESS huge page process[nid:1, cpu:15, pid:3334], folio[virt:0x7f371a4cc268, ker:0xffff9fdae8800000, pfn:0x1aa8800, nid:1, npages:512]
          cg.C.x-3322  [054]     0.202140: (+2)     bprint:               do_huge_pmd_numa_page: NUMAB MEM ACCESS huge page process[nid:0, cpu:54, pid:3322], folio[virt:0x7f3716eea5c8, ker:0xffff9fc385c00000, pfn:0x345c00, nid:0, npages:512]
          cg.C.x-3324  [058]     0.202141: (+1)     bprint:               do_huge_pmd_numa_page: NUMAB MEM ACCESS huge page process[nid:0, cpu:58, pid:3324], folio[virt:0x7f37179abd80, ker:0xffff9fc31f000000, pfn:0x2df000, nid:0, npages:512]
          cg.C.x-3331  [009]     0.202142: (+1)     bprint:               do_huge_pmd_numa_page: NUMAB MEM ACCESS huge page process[nid:1, cpu:9, pid:3331], folio[virt:0x7f371985e138, ker:0xffff9fdaee600000, pfn:0x1aae600, nid:1, npages:512]
          cg.C.x-3327  [001]     0.202144: (+2)     bprint:               do_huge_pmd_numa_page: NUMAB MEM ACCESS huge page process[nid:1, cpu:1, pid:3327], folio[virt:0x7f371862bb28, ker:0xffff9fdb16e00000, pfn:0x1ad6e00, nid:1, npages:512]
          cg.C.x-3335  [017]     0.202145: (+1)     bprint:               do_huge_pmd_numa_page: NUMAB MEM ACCESS huge page process[nid:1, cpu:17, pid:3335], folio[virt:0x7f371aca4e80, ker:0xffff9fda89e00000, pfn:0x1a49e00, nid:1, npages:512]
          cg.C.x-3338  [023]     0.202147: (+2)     bprint:               do_huge_pmd_numa_page: NUMAB MEM ACCESS huge page process[nid:1, cpu:23, pid:3338], folio[virt:0x7f371b79e938, ker:0xffff9fda71000000, pfn:0x1a31000, nid:1, npages:512]
          cg.C.x-3316  [042]     0.202148: (+1)     bprint:               do_huge_pmd_numa_page: NUMAB MEM ACCESS huge page process[nid:0, cpu:42, pid:3316], folio[virt:0x7f37154ac310, ker:0xffff9fc374600000, pfn:0x334600, nid:0, npages:512]
          cg.C.x-3328  [003]     0.202150: (+2)     bprint:               do_huge_pmd_numa_page: NUMAB MEM ACCESS huge page process[nid:1, cpu:3, pid:3328], folio[virt:0x7f3718a69ce8, ker:0xffff9fdabae00000, pfn:0x1a7ae00, nid:1, npages:512]
          cg.C.x-3310  [030]     0.202151: (+1)     bprint:               do_huge_pmd_numa_page: NUMAB MEM ACCESS huge page process[nid:0, cpu:30, pid:3310], folio[virt:0x7f3713706070, ker:0xffff9fc32e800000, pfn:0x2ee800, nid:0, npages:512]
          cg.C.x-3314  [038]     0.202152: (+1)     bprint:               do_huge_pmd_numa_page: NUMAB MEM ACCESS huge page process[nid:0, cpu:38, pid:3314], folio[virt:0x7f3714a0b398, ker:0xffff9fc36f200000, pfn:0x32f200, nid:0, npages:512]
          cg.C.x-3306  [022]     0.202162: (+10)    bprint:               do_huge_pmd_numa_page: NUMAB MEM ACCESS huge page process[nid:0, cpu:22, pid:3306], folio[virt:0x7f371280fe40, ker:0xffff9fc3a3200000, pfn:0x363200, nid:0, npages:512]
          cg.C.x-3320  [050]     0.202170: (+8)     bprint:               do_huge_pmd_numa_page: NUMAB MEM ACCESS huge page process[nid:0, cpu:50, pid:3320], folio[virt:0x7f371687a660, ker:0xffff9fc385a00000, pfn:0x345a00, nid:0, npages:512]
          cg.C.x-3305  [020]     0.202261: (+91)    bprint:               do_huge_pmd_numa_page: NUMAB MEM ACCESS huge page process[nid:0, cpu:20, pid:3305], folio[virt:0x7f37120b8a80, ker:0xffff9fc32ce00000, pfn:0x2ece00, nid:0, npages:512]
          cg.C.x-3327  [001]     0.204661: (+2400)  sched_waking:         comm=kworker/1:1 pid=2809 prio=120 target_cpu=001
          cg.C.x-3327  [001]     0.204670: (+9)     sched_wakeup:         kworker/1:1:2809 [120] CPU:001
          cg.C.x-3327  [001]     0.208662: (+3992)  sched_switch:         cg.C.x:3327 [120] R ==> kworker/1:1:2809 [120]
     kworker/1:1-2809  [001]     0.208693: (+31)    sched_switch:         kworker/1:1:2809 [120] I ==> cg.C.x:3327 [120]
          cg.C.x-3327  [001]     0.208699: (+6)     bprint:               __handle_mm_fault: NUMAB MEM ACCESS process[nid:1, cpu:1, pid:3327], folio[virt:0x7f36e7c00fe8, phys:0x150d1c000, pfn:0x150d1c, nid:0, npages:1]
          cg.C.x-3327  [001]     0.208702: (+3)     bprint:               __handle_mm_fault: NUMAB TRY MEM MIGR process[nid:1, cpu:1, pid:3327], folio[virt:0x7f36e7c00fe8, phys:0x150d1c000, nid:0], target_nid:1
          cg.C.x-3327  [001]     0.208724: (+22)    bprint:               __handle_mm_fault: NUMAB COMPLETED MEM MIGR process[nid:1, cpu:1, pid:3327], old[phys:0x150d1c000, nid:0, npages:1], new[phys:0x185c18c000, nid:1, npages:1]
          cg.C.x-3355  [057]     0.228378: (+19654) bprint:               do_huge_pmd_numa_page: NUMAB MEM ACCESS huge page process[nid:1, cpu:57, pid:3355], folio[virt:0x7f370e400010, ker:0xffff9fc3a3400000, pfn:0x363400, nid:0, npages:512]
          cg.C.x-3354  [055]     0.228461: (+83)    bprint:               do_huge_pmd_numa_page: NUMAB MEM ACCESS huge page process[nid:1, cpu:55, pid:3354], folio[virt:0x7f370e400438, ker:0xffff9fc3a3400000, pfn:0x363400, nid:0, npages:512]
          cg.C.x-3354  [055]     0.228463: (+2)     bprint:               migrate_misplaced_folio: NUMAB pid:3354 ABORTING MEM MIGR because !isolated
          cg.C.x-3351  [049]     0.228836: (+373)   sched_switch:         cg.C.x:3351 [120] D ==> swapper/49:0 [120]
          cg.C.x-3352  [051]     0.228836: (+0)     sched_switch:         cg.C.x:3352 [120] D ==> swapper/51:0 [120]
          cg.C.x-3358  [063]     0.228836: (+0)     sched_switch:         cg.C.x:3358 [120] D ==> swapper/63:0 [120]
          cg.C.x-3354  [055]     0.228836: (+0)     sched_switch:         cg.C.x:3354 [120] D ==> swapper/55:0 [120]
          cg.C.x-3348  [043]     0.228836: (+0)     sched_switch:         cg.C.x:3348 [120] D ==> swapper/43:0 [120]
          cg.C.x-3342  [031]     0.229008: (+172)   sched_switch:         cg.C.x:3342 [120] D ==> swapper/31:0 [120]
          cg.C.x-3355  [057]     0.229151: (+143)   sched_waking:         comm=cg.C.x pid=3348 prio=120 target_cpu=043
          cg.C.x-3355  [057]     0.229152: (+1)     sched_wake_idle_without_ipi: cpu=43
          cg.C.x-3355  [057]     0.229153: (+1)     sched_waking:         comm=cg.C.x pid=3352 prio=120 target_cpu=051
          cg.C.x-3355  [057]     0.229154: (+1)     sched_wake_idle_without_ipi: cpu=51
          cg.C.x-3355  [057]     0.229154: (+0)     sched_waking:         comm=cg.C.x pid=3351 prio=120 target_cpu=049
          cg.C.x-3355  [057]     0.229155: (+1)     sched_wake_idle_without_ipi: cpu=49
          cg.C.x-3355  [057]     0.229155: (+0)     sched_waking:         comm=cg.C.x pid=3354 prio=120 target_cpu=055
          cg.C.x-3355  [057]     0.229156: (+1)     sched_wake_idle_without_ipi: cpu=55
          cg.C.x-3355  [057]     0.229156: (+0)     sched_waking:         comm=cg.C.x pid=3358 prio=120 target_cpu=063
          cg.C.x-3355  [057]     0.229157: (+1)     sched_wake_idle_without_ipi: cpu=63
          cg.C.x-3355  [057]     0.229158: (+1)     sched_waking:         comm=cg.C.x pid=3342 prio=120 target_cpu=031
          cg.C.x-3355  [057]     0.229158: (+0)     sched_wake_idle_without_ipi: cpu=31
          <idle>-0     [043]     0.229161: (+3)     sched_wakeup:         cg.C.x:3348 [120] CPU:043
          <idle>-0     [051]     0.229161: (+0)     sched_wakeup:         cg.C.x:3352 [120] CPU:051
          <idle>-0     [049]     0.229161: (+0)     sched_wakeup:         cg.C.x:3351 [120] CPU:049
          <idle>-0     [055]     0.229161: (+0)     sched_wakeup:         cg.C.x:3354 [120] CPU:055
          <idle>-0     [031]     0.229162: (+1)     sched_wakeup:         cg.C.x:3342 [120] CPU:031
          <idle>-0     [063]     0.229162: (+0)     sched_wakeup:         cg.C.x:3358 [120] CPU:063
          <idle>-0     [043]     0.229163: (+1)     sched_switch:         swapper/43:0 [120] R ==> cg.C.x:3348 [120]
          <idle>-0     [049]     0.229163: (+0)     sched_switch:         swapper/49:0 [120] R ==> cg.C.x:3351 [120]
          <idle>-0     [055]     0.229163: (+0)     sched_switch:         swapper/55:0 [120] R ==> cg.C.x:3354 [120]
          <idle>-0     [051]     0.229163: (+0)     sched_switch:         swapper/51:0 [120] R ==> cg.C.x:3352 [120]
          <idle>-0     [031]     0.229164: (+1)     sched_switch:         swapper/31:0 [120] R ==> cg.C.x:3342 [120]
          <idle>-0     [063]     0.229164: (+0)     sched_switch:         swapper/63:0 [120] R ==> cg.C.x:3358 [120]
          cg.C.x-3354  [055]     0.229170: (+6)     bprint:               __handle_mm_fault: NUMAB MEM ACCESS process[nid:1, cpu:55, pid:3354], folio[virt:0x7f36d6e00fe8, phys:0x52a114000, pfn:0x52a114, nid:0, npages:1]
          cg.C.x-3358  [063]     0.229170: (+0)     bprint:               __handle_mm_fault: NUMAB MEM ACCESS process[nid:1, cpu:63, pid:3358], folio[virt:0x7f36d4600fe8, phys:0x114a63000, pfn:0x114a63, nid:0, npages:1]
          cg.C.x-3342  [031]     0.229170: (+0)     bprint:               __handle_mm_fault: NUMAB MEM ACCESS process[nid:1, cpu:31, pid:3342], folio[virt:0x7f36de600fe8, phys:0x1345df000, pfn:0x1345df, nid:0, npages:1]
          cg.C.x-3352  [051]     0.229170: (+0)     bprint:               __handle_mm_fault: NUMAB MEM ACCESS process[nid:1, cpu:51, pid:3352], folio[virt:0x7f36d8200fe8, phys:0x1417c7000, pfn:0x1417c7, nid:0, npages:1]
          cg.C.x-3348  [043]     0.229170: (+0)     bprint:               __handle_mm_fault: NUMAB MEM ACCESS process[nid:1, cpu:43, pid:3348], folio[virt:0x7f36daa00fe8, phys:0x52a056000, pfn:0x52a056, nid:0, npages:1]
          cg.C.x-3351  [049]     0.229170: (+0)     bprint:               __handle_mm_fault: NUMAB MEM ACCESS process[nid:1, cpu:49, pid:3351], folio[virt:0x7f36d8c00fe8, phys:0x1125cf000, pfn:0x1125cf, nid:0, npages:1]
          cg.C.x-3354  [055]     0.229172: (+2)     bprint:               __handle_mm_fault: NUMAB TRY MEM MIGR process[nid:1, cpu:55, pid:3354], folio[virt:0x7f36d6e00fe8, phys:0x52a114000, nid:0], target_nid:1
          cg.C.x-3351  [049]     0.229172: (+0)     bprint:               __handle_mm_fault: NUMAB TRY MEM MIGR process[nid:1, cpu:49, pid:3351], folio[virt:0x7f36d8c00fe8, phys:0x1125cf000, nid:0], target_nid:1
          cg.C.x-3352  [051]     0.229172: (+0)     bprint:               __handle_mm_fault: NUMAB TRY MEM MIGR process[nid:1, cpu:51, pid:3352], folio[virt:0x7f36d8200fe8, phys:0x1417c7000, nid:0], target_nid:1
          cg.C.x-3342  [031]     0.229172: (+0)     bprint:               __handle_mm_fault: NUMAB TRY MEM MIGR process[nid:1, cpu:31, pid:3342], folio[virt:0x7f36de600fe8, phys:0x1345df000, nid:0], target_nid:1
          cg.C.x-3358  [063]     0.229172: (+0)     bprint:               __handle_mm_fault: NUMAB TRY MEM MIGR process[nid:1, cpu:63, pid:3358], folio[virt:0x7f36d4600fe8, phys:0x114a63000, nid:0], target_nid:1
          cg.C.x-3348  [043]     0.229172: (+0)     bprint:               __handle_mm_fault: NUMAB TRY MEM MIGR process[nid:1, cpu:43, pid:3348], folio[virt:0x7f36daa00fe8, phys:0x52a056000, nid:0], target_nid:1
          cg.C.x-3351  [049]     0.229185: (+13)    bprint:               __handle_mm_fault: NUMAB COMPLETED MEM MIGR process[nid:1, cpu:49, pid:3351], old[phys:0x1125cf000, nid:0, npages:1], new[phys:0x186aaef000, nid:1, npages:1]
          cg.C.x-3348  [043]     0.229186: (+1)     bprint:               __handle_mm_fault: NUMAB COMPLETED MEM MIGR process[nid:1, cpu:43, pid:3348], old[phys:0x52a056000, nid:0, npages:1], new[phys:0x18587a8000, nid:1, npages:1]
          cg.C.x-3354  [055]     0.229186: (+0)     bprint:               __handle_mm_fault: NUMAB COMPLETED MEM MIGR process[nid:1, cpu:55, pid:3354], old[phys:0x52a114000, nid:0, npages:1], new[phys:0x185c0e0000, nid:1, npages:1]
          cg.C.x-3342  [031]     0.229186: (+0)     bprint:               __handle_mm_fault: NUMAB COMPLETED MEM MIGR process[nid:1, cpu:31, pid:3342], old[phys:0x1345df000, nid:0, npages:1], new[phys:0x186b9a0000, nid:1, npages:1]
          cg.C.x-3352  [051]     0.229186: (+0)     bprint:               __handle_mm_fault: NUMAB COMPLETED MEM MIGR process[nid:1, cpu:51, pid:3352], old[phys:0x1417c7000, nid:0, npages:1], new[phys:0x186a4ca000, nid:1, npages:1]
          cg.C.x-3358  [063]     0.229186: (+0)     bprint:               __handle_mm_fault: NUMAB COMPLETED MEM MIGR process[nid:1, cpu:63, pid:3358], old[phys:0x114a63000, nid:0, npages:1], new[phys:0x1868444000, nid:1, npages:1]
          cg.C.x-3358  [063]     0.259263: (+30077) bprint:               do_huge_pmd_numa_page: NUMAB MEM ACCESS huge page process[nid:1, cpu:63, pid:3358], folio[virt:0x7f370e600000, ker:0xffff9fc31d600000, pfn:0x2dd600, nid:0, npages:512]
          cg.C.x-3355  [057]     0.260028: (+765)   sched_switch:         cg.C.x:3355 [120] D ==> swapper/57:0 [120]
          cg.C.x-3358  [063]     0.260055: (+27)    sched_waking:         comm=cg.C.x pid=3355 prio=120 target_cpu=057
          cg.C.x-3358  [063]     0.260057: (+2)     sched_wake_idle_without_ipi: cpu=57
          <idle>-0     [057]     0.260065: (+8)     sched_wakeup:         cg.C.x:3355 [120] CPU:057
          <idle>-0     [057]     0.260067: (+2)     sched_switch:         swapper/57:0 [120] R ==> cg.C.x:3355 [120]
          cg.C.x-3355  [057]     0.260077: (+10)    bprint:               __handle_mm_fault: NUMAB MEM ACCESS process[nid:1, cpu:57, pid:3355], folio[virt:0x7f36d6400fe8, phys:0x132b0f000, pfn:0x132b0f, nid:0, npages:1]
          cg.C.x-3355  [057]     0.260078: (+1)     bprint:               __handle_mm_fault: NUMAB TRY MEM MIGR process[nid:1, cpu:57, pid:3355], folio[virt:0x7f36d6400fe8, phys:0x132b0f000, nid:0], target_nid:1
          cg.C.x-3355  [057]     0.260092: (+14)    bprint:               __handle_mm_fault: NUMAB COMPLETED MEM MIGR process[nid:1, cpu:57, pid:3355], old[phys:0x132b0f000, nid:0, npages:1], new[phys:0x186af34000, nid:1, npages:1]
          cg.C.x-3295  [000]     0.288659: (+28567) sched_waking:         comm=kworker/0:0 pid=8 prio=120 target_cpu=000
          cg.C.x-3295  [000]     0.288665: (+6)     sched_wakeup:         kworker/0:0:8 [120] CPU:000
          cg.C.x-3295  [000]     0.288671: (+6)     sched_switch:         cg.C.x:3295 [120] R ==> kworker/0:0:8 [120]
     kworker/0:0-8     [000]     0.288729: (+58)    sched_switch:         kworker/0:0:8 [120] I ==> cg.C.x:3295 [120]
          cg.C.x-3358  [063]     0.291695: (+2966)  bprint:               do_huge_pmd_numa_page: NUMAB MEM ACCESS huge page process[nid:1, cpu:63, pid:3358], folio[virt:0x7f370e800200, ker:0xffff9fda8b400000, pfn:0x1a4b400, nid:1, npages:512]
          cg.C.x-3326  [062]     0.300664: (+8969)  bprint:               __handle_mm_fault: NUMAB MEM ACCESS process[nid:0, cpu:62, pid:3326], folio[virt:0x7f36e8600fe8, phys:0x120ba6000, pfn:0x120ba6, nid:0, npages:1]
          cg.C.x-3310  [030]     0.300664: (+0)     bprint:               __handle_mm_fault: NUMAB MEM ACCESS process[nid:0, cpu:30, pid:3310], folio[virt:0x7f36f2600fe8, phys:0x52a0eb000, pfn:0x52a0eb, nid:0, npages:1]
          cg.C.x-3311  [032]     0.300664: (+0)     bprint:               __handle_mm_fault: NUMAB MEM ACCESS process[nid:0, cpu:32, pid:3311], folio[virt:0x7f36f1c00fe8, phys:0x121eaa000, pfn:0x121eaa, nid:0, npages:1]
          cg.C.x-3312  [034]     0.300664: (+0)     bprint:               __handle_mm_fault: NUMAB MEM ACCESS process[nid:0, cpu:34, pid:3312], folio[virt:0x7f36f1200fe8, phys:0x131a98000, pfn:0x131a98, nid:0, npages:1]
          cg.C.x-3316  [042]     0.300664: (+0)     bprint:               __handle_mm_fault: NUMAB MEM ACCESS process[nid:0, cpu:42, pid:3316], folio[virt:0x7f36eea00fe8, phys:0x142aa2000, pfn:0x142aa2, nid:0, npages:1]
          cg.C.x-3357  [061]     0.300664: (+0)     bprint:               __handle_mm_fault: NUMAB MEM ACCESS process[nid:1, cpu:61, pid:3357], folio[virt:0x7f36d5000fe8, phys:0x121d6f000, pfn:0x121d6f, nid:0, npages:1]
          cg.C.x-3341  [029]     0.300664: (+0)     bprint:               __handle_mm_fault: NUMAB MEM ACCESS process[nid:1, cpu:29, pid:3341], folio[virt:0x7f36df000fe8, phys:0x131824000, pfn:0x131824, nid:0, npages:1]
          cg.C.x-3323  [056]     0.300664: (+0)     bprint:               __handle_mm_fault: NUMAB MEM ACCESS process[nid:0, cpu:56, pid:3323], folio[virt:0x7f36ea400fe8, phys:0x132fb0000, pfn:0x132fb0, nid:0, npages:1]
          cg.C.x-3296  [002]     0.300664: (+0)     bprint:               __handle_mm_fault: NUMAB MEM ACCESS process[nid:0, cpu:2, pid:3296], folio[virt:0x7f36fb200fe8, phys:0x1141d7000, pfn:0x1141d7, nid:0, npages:1]
          cg.C.x-3320  [050]     0.300664: (+0)     bprint:               __handle_mm_fault: NUMAB MEM ACCESS process[nid:0, cpu:50, pid:3320], folio[virt:0x7f36ec200fe8, phys:0x120464000, pfn:0x120464, nid:0, npages:1]
          cg.C.x-3299  [008]     0.300664: (+0)     bprint:               __handle_mm_fault: NUMAB MEM ACCESS process[nid:0, cpu:8, pid:3299], folio[virt:0x7f36f9400fe8, phys:0x121ea3000, pfn:0x121ea3, nid:0, npages:1]
          cg.C.x-3307  [024]     0.300664: (+0)     bprint:               __handle_mm_fault: NUMAB MEM ACCESS process[nid:0, cpu:24, pid:3307], folio[virt:0x7f36f4400fe8, phys:0x1304ad000, pfn:0x1304ad, nid:0, npages:1]
          cg.C.x-3304  [018]     0.300664: (+0)     bprint:               __handle_mm_fault: NUMAB MEM ACCESS process[nid:0, cpu:18, pid:3304], folio[virt:0x7f36f6200fe8, phys:0x1504a5000, pfn:0x1504a5, nid:0, npages:1]
          cg.C.x-3308  [026]     0.300664: (+0)     bprint:               __handle_mm_fault: NUMAB MEM ACCESS process[nid:0, cpu:26, pid:3308], folio[virt:0x7f36f3a00fe8, phys:0x121ea9000, pfn:0x121ea9, nid:0, npages:1]
          cg.C.x-3335  [017]     0.300664: (+0)     bprint:               __handle_mm_fault: NUMAB MEM ACCESS process[nid:1, cpu:17, pid:3335], folio[virt:0x7f36e2c00fe8, phys:0x112d8f000, pfn:0x112d8f, nid:0, npages:1]
          cg.C.x-3344  [035]     0.300664: (+0)     bprint:               __handle_mm_fault: NUMAB MEM ACCESS process[nid:1, cpu:35, pid:3344], folio[virt:0x7f36dd200fe8, phys:0x171d6e000, pfn:0x171d6e, nid:0, npages:1]
          cg.C.x-3344  [035]     0.300667: (+3)     bprint:               __handle_mm_fault: NUMAB TRY MEM MIGR process[nid:1, cpu:35, pid:3344], folio[virt:0x7f36dd200fe8, phys:0x171d6e000, nid:0], target_nid:1
          cg.C.x-3335  [017]     0.300667: (+0)     bprint:               __handle_mm_fault: NUMAB TRY MEM MIGR process[nid:1, cpu:17, pid:3335], folio[virt:0x7f36e2c00fe8, phys:0x112d8f000, nid:0], target_nid:1
          cg.C.x-3357  [061]     0.300667: (+0)     bprint:               __handle_mm_fault: NUMAB TRY MEM MIGR process[nid:1, cpu:61, pid:3357], folio[virt:0x7f36d5000fe8, phys:0x121d6f000, nid:0], target_nid:1
          cg.C.x-3341  [029]     0.300667: (+0)     bprint:               __handle_mm_fault: NUMAB TRY MEM MIGR process[nid:1, cpu:29, pid:3341], folio[virt:0x7f36df000fe8, phys:0x131824000, nid:0], target_nid:1
          cg.C.x-3328  [003]     0.300674: (+7)     bprint:               __handle_mm_fault: NUMAB MEM ACCESS process[nid:1, cpu:3, pid:3328], folio[virt:0x7f36e7200fe8, phys:0x1157d7000, pfn:0x1157d7, nid:0, npages:1]
          cg.C.x-3328  [003]     0.300676: (+2)     bprint:               __handle_mm_fault: NUMAB TRY MEM MIGR process[nid:1, cpu:3, pid:3328], folio[virt:0x7f36e7200fe8, phys:0x1157d7000, nid:0], target_nid:1
          cg.C.x-3344  [035]     0.300688: (+12)    bprint:               __handle_mm_fault: NUMAB COMPLETED MEM MIGR process[nid:1, cpu:35, pid:3344], old[phys:0x171d6e000, nid:0, npages:1], new[phys:0x1867441000, nid:1, npages:1]
          cg.C.x-3328  [003]     0.300688: (+0)     bprint:               __handle_mm_fault: NUMAB COMPLETED MEM MIGR process[nid:1, cpu:3, pid:3328], old[phys:0x1157d7000, nid:0, npages:1], new[phys:0x1857025000, nid:1, npages:1]
          cg.C.x-3335  [017]     0.300688: (+0)     bprint:               __handle_mm_fault: NUMAB COMPLETED MEM MIGR process[nid:1, cpu:17, pid:3335], old[phys:0x112d8f000, nid:0, npages:1], new[phys:0x186b176000, nid:1, npages:1]
          cg.C.x-3357  [061]     0.300688: (+0)     bprint:               __handle_mm_fault: NUMAB COMPLETED MEM MIGR process[nid:1, cpu:61, pid:3357], old[phys:0x121d6f000, nid:0, npages:1], new[phys:0x186b1af000, nid:1, npages:1]
          cg.C.x-3341  [029]     0.300688: (+0)     bprint:               __handle_mm_fault: NUMAB COMPLETED MEM MIGR process[nid:1, cpu:29, pid:3341], old[phys:0x131824000, nid:0, npages:1], new[phys:0x185b936000, nid:1, npages:1]
          cg.C.x-3349  [045]     0.318490: (+17802) sched_waking:         comm=ntpd pid=1756 prio=0 target_cpu=045
          cg.C.x-3349  [045]     0.318499: (+9)     sched_wakeup:         ntpd:1756 [0] CPU:045
          cg.C.x-3349  [045]     0.318508: (+9)     sched_switch:         cg.C.x:3349 [120] R ==> ntpd:1756 [0]
            ntpd-1756  [045]     0.318555: (+47)    sched_switch:         ntpd:1756 [0] S ==> cg.C.x:3349 [120]
          cg.C.x-3349  [045]     0.318567: (+12)    bprint:               __handle_mm_fault: NUMAB MEM ACCESS process[nid:1, cpu:45, pid:3349], folio[virt:0x7f36da000fe8, phys:0x122811000, pfn:0x122811, nid:0, npages:1]
          cg.C.x-3349  [045]     0.318570: (+3)     bprint:               __handle_mm_fault: NUMAB TRY MEM MIGR process[nid:1, cpu:45, pid:3349], folio[virt:0x7f36da000fe8, phys:0x122811000, nid:0], target_nid:1
          cg.C.x-3349  [045]     0.318593: (+23)    bprint:               __handle_mm_fault: NUMAB COMPLETED MEM MIGR process[nid:1, cpu:45, pid:3349], old[phys:0x122811000, nid:0, npages:1], new[phys:0x186658f000, nid:1, npages:1]
          cg.C.x-3358  [063]     0.323953: (+5360)  bprint:               do_huge_pmd_numa_page: NUMAB MEM ACCESS huge page process[nid:1, cpu:63, pid:3358], folio[virt:0x7f370ea00000, ker:0xffff9fda73200000, pfn:0x1a33200, nid:1, npages:512]
          cg.C.x-3358  [063]     0.358983: (+35030) bprint:               do_huge_pmd_numa_page: NUMAB MEM ACCESS huge page process[nid:1, cpu:63, pid:3358], folio[virt:0x7f370ec00238, ker:0xffff9fda72e00000, pfn:0x1a32e00, nid:1, npages:512]
          cg.C.x-3358  [063]     0.394831: (+35848) bprint:               do_huge_pmd_numa_page: NUMAB MEM ACCESS huge page process[nid:1, cpu:63, pid:3358], folio[virt:0x7f370ee002d0, ker:0xffff9fdab9a00000, pfn:0x1a79a00, nid:1, npages:512]
          cg.C.x-3355  [057]     0.400657: (+5826)  bputs:                task_numa_work: NUMAB Exited task_numa_work because migration time has not arrived yet
          cg.C.x-3341  [029]     0.400657: (+0)     bputs:                task_numa_work: NUMAB Exited task_numa_work because migration time has not arrived yet
          cg.C.x-3357  [061]     0.400657: (+0)     bputs:                task_numa_work: NUMAB Exited task_numa_work because migration time has not arrived yet
          cg.C.x-3311  [032]     0.400657: (+0)     bputs:                task_numa_work: NUMAB Exited task_numa_work because migration time has not arrived yet
          cg.C.x-3298  [006]     0.400657: (+0)     bputs:                task_numa_work: NUMAB Exited task_numa_work because migration time has not arrived yet
          cg.C.x-3323  [056]     0.400657: (+0)     bputs:                task_numa_work: NUMAB Exited task_numa_work because migration time has not arrived yet
          cg.C.x-3295  [000]     0.400657: (+0)     bputs:                task_numa_work: NUMAB Exited task_numa_work because migration time has not arrived yet
          cg.C.x-3310  [030]     0.400657: (+0)     bputs:                task_numa_work: NUMAB Exited task_numa_work because migration time has not arrived yet
          cg.C.x-3326  [062]     0.400657: (+0)     bputs:                task_numa_work: NUMAB Exited task_numa_work because migration time has not arrived yet
          cg.C.x-3300  [010]     0.400657: (+0)     bputs:                task_numa_work: NUMAB Exited task_numa_work because migration time has not arrived yet
          cg.C.x-3316  [042]     0.400657: (+0)     bputs:                task_numa_work: NUMAB Exited task_numa_work because migration time has not arrived yet
          cg.C.x-3353  [053]     0.400657: (+0)     bputs:                task_numa_work: NUMAB Exited task_numa_work because migration time has not arrived yet
          cg.C.x-3358  [063]     0.400657: (+0)     bputs:                task_numa_work: NUMAB Exited task_numa_work because migration time has not arrived yet
          cg.C.x-3337  [021]     0.400657: (+0)     bputs:                task_numa_work: NUMAB Exited task_numa_work because migration time has not arrived yet
          cg.C.x-3345  [037]     0.400657: (+0)     bputs:                task_numa_work: NUMAB Exited task_numa_work because migration time has not arrived yet
          cg.C.x-3329  [005]     0.400657: (+0)     bputs:                task_numa_work: NUMAB Exited task_numa_work because migration time has not arrived yet
          cg.C.x-3302  [014]     0.400657: (+0)     bputs:                task_numa_work: NUMAB Exited task_numa_work because migration time has not arrived yet
          cg.C.x-3318  [046]     0.400657: (+0)     bputs:                task_numa_work: NUMAB Exited task_numa_work because migration time has not arrived yet
          cg.C.x-3338  [023]     0.400657: (+0)     bputs:                task_numa_work: NUMAB Exited task_numa_work because migration time has not arrived yet
          cg.C.x-3339  [025]     0.400657: (+0)     bputs:                task_numa_work: NUMAB Exited task_numa_work because migration time has not arrived yet
          cg.C.x-3314  [038]     0.400657: (+0)     bputs:                task_numa_work: NUMAB Exited task_numa_work because migration time has not arrived yet
          cg.C.x-3305  [020]     0.400657: (+0)     bputs:                task_numa_work: NUMAB Exited task_numa_work because migration time has not arrived yet
          cg.C.x-3340  [027]     0.400657: (+0)     bputs:                task_numa_work: NUMAB Exited task_numa_work because migration time has not arrived yet
          cg.C.x-3354  [055]     0.400657: (+0)     bputs:                task_numa_work: NUMAB Exited task_numa_work because migration time has not arrived yet
          cg.C.x-3356  [059]     0.400657: (+0)     bputs:                task_numa_work: NUMAB Exited task_numa_work because migration time has not arrived yet
          cg.C.x-3301  [012]     0.400657: (+0)     bputs:                task_numa_work: NUMAB Exited task_numa_work because migration time has not arrived yet
          cg.C.x-3317  [044]     0.400657: (+0)     bputs:                task_numa_work: NUMAB Exited task_numa_work because migration time has not arrived yet
          cg.C.x-3342  [031]     0.400657: (+0)     bputs:                task_numa_work: NUMAB Exited task_numa_work because migration time has not arrived yet
          cg.C.x-3303  [016]     0.400657: (+0)     bputs:                task_numa_work: NUMAB Exited task_numa_work because migration time has not arrived yet
          cg.C.x-3307  [024]     0.400657: (+0)     bputs:                task_numa_work: NUMAB Exited task_numa_work because migration time has not arrived yet
          cg.C.x-3330  [007]     0.400657: (+0)     bputs:                task_numa_work: NUMAB Exited task_numa_work because migration time has not arrived yet
          cg.C.x-3346  [039]     0.400657: (+0)     bputs:                task_numa_work: NUMAB Exited task_numa_work because migration time has not arrived yet
          cg.C.x-3319  [048]     0.400657: (+0)     bputs:                task_numa_work: NUMAB Exited task_numa_work because migration time has not arrived yet
          cg.C.x-3321  [052]     0.400657: (+0)     bputs:                task_numa_work: NUMAB Exited task_numa_work because migration time has not arrived yet
          cg.C.x-3309  [028]     0.400657: (+0)     bputs:                task_numa_work: NUMAB Exited task_numa_work because migration time has not arrived yet
          cg.C.x-3325  [060]     0.400657: (+0)     bputs:                task_numa_work: NUMAB Exited task_numa_work because migration time has not arrived yet
          cg.C.x-3327  [001]     0.400657: (+0)     bputs:                task_numa_work: NUMAB Exited task_numa_work because migration time has not arrived yet
          cg.C.x-3331  [009]     0.400657: (+0)     bputs:                task_numa_work: NUMAB Exited task_numa_work because migration time has not arrived yet
          cg.C.x-3343  [033]     0.400657: (+0)     bputs:                task_numa_work: NUMAB Exited task_numa_work because migration time has not arrived yet
          cg.C.x-3347  [041]     0.400657: (+0)     bputs:                task_numa_work: NUMAB Exited task_numa_work because migration time has not arrived yet
          cg.C.x-3349  [045]     0.400657: (+0)     bputs:                task_numa_work: NUMAB Exited task_numa_work because migration time has not arrived yet
          cg.C.x-3351  [049]     0.400657: (+0)     bputs:                task_numa_work: NUMAB Exited task_numa_work because migration time has not arrived yet
          cg.C.x-3333  [013]     0.400657: (+0)     bputs:                task_numa_work: NUMAB Exited task_numa_work because migration time has not arrived yet
          cg.C.x-3312  [034]     0.400657: (+0)     bputs:                task_numa_work: NUMAB Exited task_numa_work because migration time has not arrived yet
          cg.C.x-3296  [002]     0.400657: (+0)     bputs:                task_numa_work: NUMAB Exited task_numa_work because migration time has not arrived yet
          cg.C.x-3350  [047]     0.400657: (+0)     bputs:                task_numa_work: NUMAB About to scan memory
          cg.C.x-3308  [026]     0.400657: (+0)     bputs:                task_numa_work: NUMAB Exited task_numa_work because migration time has not arrived yet
          cg.C.x-3299  [008]     0.400657: (+0)     bputs:                task_numa_work: NUMAB Exited task_numa_work because migration time has not arrived yet
          cg.C.x-3324  [058]     0.400657: (+0)     bputs:                task_numa_work: NUMAB Exited task_numa_work because migration time has not arrived yet
          cg.C.x-3297  [004]     0.400658: (+1)     bputs:                task_numa_work: NUMAB Exited task_numa_work because migration time has not arrived yet
          cg.C.x-3315  [040]     0.400658: (+0)     bputs:                task_numa_work: NUMAB Exited task_numa_work because migration time has not arrived yet
          cg.C.x-3313  [036]     0.400658: (+0)     bputs:                task_numa_work: NUMAB Exited task_numa_work because migration time has not arrived yet
          cg.C.x-3328  [003]     0.400658: (+0)     bputs:                task_numa_work: NUMAB Exited task_numa_work because migration time has not arrived yet
          cg.C.x-3344  [035]     0.400658: (+0)     bputs:                task_numa_work: NUMAB Exited task_numa_work because migration time has not arrived yet
          cg.C.x-3320  [050]     0.400658: (+0)     bputs:                task_numa_work: NUMAB Exited task_numa_work because migration time has not arrived yet
          cg.C.x-3304  [018]     0.400658: (+0)     bputs:                task_numa_work: NUMAB Exited task_numa_work because migration time has not arrived yet
          cg.C.x-3306  [022]     0.400658: (+0)     bputs:                task_numa_work: NUMAB Exited task_numa_work because migration time has not arrived yet
          cg.C.x-3322  [054]     0.400658: (+0)     bputs:                task_numa_work: NUMAB Exited task_numa_work because migration time has not arrived yet
          cg.C.x-3350  [047]     0.400663: (+5)     bprint:               change_prot_numa: NUMAB SCAN vma[start:0x7f370f0db000, end:0x7f37216f9000, from:0x7f371be00000, to:0x7f37216f9000, size:91108 KB]
          cg.C.x-3337  [021]     0.400665: (+2)     bprint:               __handle_mm_fault: NUMAB MEM ACCESS process[nid:1, cpu:21, pid:3337], folio[virt:0x7f36e1800fe8, phys:0x1137b4000, pfn:0x1137b4, nid:0, npages:1]
          cg.C.x-3353  [053]     0.400665: (+0)     bprint:               __handle_mm_fault: NUMAB MEM ACCESS process[nid:1, cpu:53, pid:3353], folio[virt:0x7f36d7800fe8, phys:0x1127b9000, pfn:0x1127b9, nid:0, npages:1]
          cg.C.x-3347  [041]     0.400665: (+0)     bprint:               __handle_mm_fault: NUMAB MEM ACCESS process[nid:1, cpu:41, pid:3347], folio[virt:0x7f36db400fe8, phys:0x52a1cb000, pfn:0x52a1cb, nid:0, npages:1]
          cg.C.x-3331  [009]     0.400665: (+0)     bprint:               __handle_mm_fault: NUMAB MEM ACCESS process[nid:1, cpu:9, pid:3331], folio[virt:0x7f36e5400fe8, phys:0x122956000, pfn:0x122956, nid:0, npages:1]
          cg.C.x-3346  [039]     0.400665: (+0)     bprint:               __handle_mm_fault: NUMAB MEM ACCESS process[nid:1, cpu:39, pid:3346], folio[virt:0x7f36dbe00fe8, phys:0x115475000, pfn:0x115475, nid:0, npages:1]
          cg.C.x-3330  [007]     0.400665: (+0)     bprint:               __handle_mm_fault: NUMAB MEM ACCESS process[nid:1, cpu:7, pid:3330], folio[virt:0x7f36e5e00fe8, phys:0x141546000, pfn:0x141546, nid:0, npages:1]
          cg.C.x-3343  [033]     0.400665: (+0)     bprint:               __handle_mm_fault: NUMAB MEM ACCESS process[nid:1, cpu:33, pid:3343], folio[virt:0x7f36ddc00fe8, phys:0x13165b000, pfn:0x13165b, nid:0, npages:1]
          cg.C.x-3329  [005]     0.400665: (+0)     bprint:               __handle_mm_fault: NUMAB MEM ACCESS process[nid:1, cpu:5, pid:3329], folio[virt:0x7f36e6800fe8, phys:0x122890000, pfn:0x122890, nid:0, npages:1]
          cg.C.x-3332  [011]     0.400665: (+0)     bprint:               __handle_mm_fault: NUMAB MEM ACCESS process[nid:1, cpu:11, pid:3332], folio[virt:0x7f36e4a00fe8, phys:0x115457000, pfn:0x115457, nid:0, npages:1]
          cg.C.x-3345  [037]     0.400666: (+1)     bprint:               __handle_mm_fault: NUMAB MEM ACCESS process[nid:1, cpu:37, pid:3345], folio[virt:0x7f36dc800fe8, phys:0x1142ec000, pfn:0x1142ec, nid:0, npages:1]
          cg.C.x-3303  [016]     0.400666: (+0)     bprint:               __handle_mm_fault: NUMAB MEM ACCESS process[nid:0, cpu:16, pid:3303], folio[virt:0x7f36f6c00fe8, phys:0x1403c2000, pfn:0x1403c2, nid:0, npages:1]
          cg.C.x-3319  [048]     0.400666: (+0)     bprint:               __handle_mm_fault: NUMAB MEM ACCESS process[nid:0, cpu:48, pid:3319], folio[virt:0x7f36ecc00fe8, phys:0x12023b000, pfn:0x12023b, nid:0, npages:1]
          cg.C.x-3322  [054]     0.400666: (+0)     bprint:               __handle_mm_fault: NUMAB MEM ACCESS process[nid:0, cpu:54, pid:3322], folio[virt:0x7f36eae00fe8, phys:0x122104000, pfn:0x122104, nid:0, npages:1]
          cg.C.x-3309  [028]     0.400666: (+0)     bprint:               __handle_mm_fault: NUMAB MEM ACCESS process[nid:0, cpu:28, pid:3309], folio[virt:0x7f36f3000fe8, phys:0x1304d1000, pfn:0x1304d1, nid:0, npages:1]
          cg.C.x-3339  [025]     0.400666: (+0)     bprint:               __handle_mm_fault: NUMAB MEM ACCESS process[nid:1, cpu:25, pid:3339], folio[virt:0x7f36e0400fe8, phys:0x112eeb000, pfn:0x112eeb, nid:0, npages:1]
          cg.C.x-3318  [046]     0.400666: (+0)     bprint:               __handle_mm_fault: NUMAB MEM ACCESS process[nid:0, cpu:46, pid:3318], folio[virt:0x7f36ed600fe8, phys:0x1127c9000, pfn:0x1127c9, nid:0, npages:1]
          cg.C.x-3325  [060]     0.400667: (+1)     bprint:               __handle_mm_fault: NUMAB MEM ACCESS process[nid:0, cpu:60, pid:3325], folio[virt:0x7f36e9000fe8, phys:0x113690000, pfn:0x113690, nid:0, npages:1]
          cg.C.x-3333  [013]     0.400667: (+0)     bprint:               __handle_mm_fault: NUMAB MEM ACCESS process[nid:1, cpu:13, pid:3333], folio[virt:0x7f36e4000fe8, phys:0x1202f2000, pfn:0x1202f2, nid:0, npages:1]
          cg.C.x-3338  [023]     0.400667: (+0)     bprint:               __handle_mm_fault: NUMAB MEM ACCESS process[nid:1, cpu:23, pid:3338], folio[virt:0x7f36e0e00fe8, phys:0x11349a000, pfn:0x11349a, nid:0, npages:1]
          cg.C.x-3324  [058]     0.400667: (+0)     bprint:               __handle_mm_fault: NUMAB MEM ACCESS process[nid:0, cpu:58, pid:3324], folio[virt:0x7f36e9a00fe8, phys:0x120bac000, pfn:0x120bac, nid:0, npages:1]
          cg.C.x-3302  [014]     0.400667: (+0)     bprint:               __handle_mm_fault: NUMAB MEM ACCESS process[nid:0, cpu:14, pid:3302], folio[virt:0x7f36f7600fe8, phys:0x141824000, pfn:0x141824, nid:0, npages:1]
          cg.C.x-3353  [053]     0.400668: (+1)     bprint:               __handle_mm_fault: NUMAB TRY MEM MIGR process[nid:1, cpu:53, pid:3353], folio[virt:0x7f36d7800fe8, phys:0x1127b9000, nid:0], target_nid:1
          cg.C.x-3337  [021]     0.400668: (+0)     bprint:               __handle_mm_fault: NUMAB TRY MEM MIGR process[nid:1, cpu:21, pid:3337], folio[virt:0x7f36e1800fe8, phys:0x1137b4000, nid:0], target_nid:1
          cg.C.x-3356  [059]     0.400668: (+0)     bprint:               __handle_mm_fault: NUMAB MEM ACCESS process[nid:1, cpu:59, pid:3356], folio[virt:0x7f36d5a00fe8, phys:0x122822000, pfn:0x122822, nid:0, npages:1]
          cg.C.x-3340  [027]     0.400668: (+0)     bprint:               __handle_mm_fault: NUMAB MEM ACCESS process[nid:1, cpu:27, pid:3340], folio[virt:0x7f36dfa00fe8, phys:0x17e09fd000, pfn:0x17e09fd, nid:0, npages:1]
          cg.C.x-3306  [022]     0.400668: (+0)     bprint:               __handle_mm_fault: NUMAB MEM ACCESS process[nid:0, cpu:22, pid:3306], folio[virt:0x7f36f4e00fe8, phys:0x111a53000, pfn:0x111a53, nid:0, npages:1]
          cg.C.x-3332  [011]     0.400668: (+0)     bprint:               __handle_mm_fault: NUMAB TRY MEM MIGR process[nid:1, cpu:11, pid:3332], folio[virt:0x7f36e4a00fe8, phys:0x115457000, nid:0], target_nid:1
          cg.C.x-3347  [041]     0.400668: (+0)     bprint:               __handle_mm_fault: NUMAB TRY MEM MIGR process[nid:1, cpu:41, pid:3347], folio[virt:0x7f36db400fe8, phys:0x52a1cb000, nid:0], target_nid:1
          cg.C.x-3331  [009]     0.400668: (+0)     bprint:               __handle_mm_fault: NUMAB TRY MEM MIGR process[nid:1, cpu:9, pid:3331], folio[virt:0x7f36e5400fe8, phys:0x122956000, nid:0], target_nid:1
          cg.C.x-3346  [039]     0.400668: (+0)     bprint:               __handle_mm_fault: NUMAB TRY MEM MIGR process[nid:1, cpu:39, pid:3346], folio[virt:0x7f36dbe00fe8, phys:0x115475000, nid:0], target_nid:1
          cg.C.x-3339  [025]     0.400668: (+0)     bprint:               __handle_mm_fault: NUMAB TRY MEM MIGR process[nid:1, cpu:25, pid:3339], folio[virt:0x7f36e0400fe8, phys:0x112eeb000, nid:0], target_nid:1
          cg.C.x-3330  [007]     0.400668: (+0)     bprint:               __handle_mm_fault: NUMAB TRY MEM MIGR process[nid:1, cpu:7, pid:3330], folio[virt:0x7f36e5e00fe8, phys:0x141546000, nid:0], target_nid:1
          cg.C.x-3345  [037]     0.400668: (+0)     bprint:               __handle_mm_fault: NUMAB TRY MEM MIGR process[nid:1, cpu:37, pid:3345], folio[virt:0x7f36dc800fe8, phys:0x1142ec000, nid:0], target_nid:1
          cg.C.x-3329  [005]     0.400668: (+0)     bprint:               __handle_mm_fault: NUMAB TRY MEM MIGR process[nid:1, cpu:5, pid:3329], folio[virt:0x7f36e6800fe8, phys:0x122890000, nid:0], target_nid:1
          cg.C.x-3343  [033]     0.400668: (+0)     bprint:               __handle_mm_fault: NUMAB TRY MEM MIGR process[nid:1, cpu:33, pid:3343], folio[virt:0x7f36ddc00fe8, phys:0x13165b000, nid:0], target_nid:1
          cg.C.x-3317  [044]     0.400668: (+0)     bprint:               __handle_mm_fault: NUMAB MEM ACCESS process[nid:0, cpu:44, pid:3317], folio[virt:0x7f36ee000fe8, phys:0x183fe18000, pfn:0x183fe18, nid:0, npages:1]
          cg.C.x-3301  [012]     0.400668: (+0)     bprint:               __handle_mm_fault: NUMAB MEM ACCESS process[nid:0, cpu:12, pid:3301], folio[virt:0x7f36f8000fe8, phys:0x1306b3000, pfn:0x1306b3, nid:0, npages:1]
          cg.C.x-3314  [038]     0.400668: (+0)     bprint:               __handle_mm_fault: NUMAB MEM ACCESS process[nid:0, cpu:38, pid:3314], folio[virt:0x7f36efe00fe8, phys:0x1417c4000, pfn:0x1417c4, nid:0, npages:1]
          cg.C.x-3321  [052]     0.400668: (+0)     bprint:               __handle_mm_fault: NUMAB MEM ACCESS process[nid:0, cpu:52, pid:3321], folio[virt:0x7f36eb800fe8, phys:0x1255d1000, pfn:0x1255d1, nid:0, npages:1]
          cg.C.x-3305  [020]     0.400668: (+0)     bprint:               __handle_mm_fault: NUMAB MEM ACCESS process[nid:0, cpu:20, pid:3305], folio[virt:0x7f36f5800fe8, phys:0x120ad2000, pfn:0x120ad2, nid:0, npages:1]
