            htop-2789  [008]     0.816419: (+0)     sched_wakeup:         kworker/u129:32:2621 [120] CPU:008
            htop-2789  [008]     0.816421: (+2)     sched_switch:         htop:2789 [120] R ==> kworker/u129:32:2621 [120]
 kworker/u129:32-2621  [008]     0.816422: (+1)     sched_switch:         kworker/u129:32:2621 [120] I ==> htop:2789 [120]
            htop-2789  [008]     0.816426: (+4)     sched_waking:         comm=kworker/u129:32 pid=2621 prio=120 target_cpu=008
            htop-2789  [008]     0.816426: (+0)     sched_wakeup:         kworker/u129:32:2621 [120] CPU:008
            htop-2789  [008]     0.816427: (+1)     sched_switch:         htop:2789 [120] R ==> kworker/u129:32:2621 [120]
 kworker/u129:32-2621  [008]     0.816429: (+2)     sched_switch:         kworker/u129:32:2621 [120] I ==> htop:2789 [120]
            htop-2789  [008]     0.816444: (+15)    sched_waking:         comm=kworker/u129:32 pid=2621 prio=120 target_cpu=008
            htop-2789  [008]     0.816445: (+1)     sched_wakeup:         kworker/u129:32:2621 [120] CPU:008
            htop-2789  [008]     0.816446: (+1)     sched_switch:         htop:2789 [120] R ==> kworker/u129:32:2621 [120]
 kworker/u129:32-2621  [008]     0.816448: (+2)     sched_switch:         kworker/u129:32:2621 [120] I ==> htop:2789 [120]
            htop-2789  [008]     0.816451: (+3)     sched_waking:         comm=kworker/u129:32 pid=2621 prio=120 target_cpu=008
            htop-2789  [008]     0.816452: (+1)     sched_wakeup:         kworker/u129:32:2621 [120] CPU:008
            htop-2789  [008]     0.816453: (+1)     sched_switch:         htop:2789 [120] R ==> kworker/u129:32:2621 [120]
 kworker/u129:32-2621  [008]     0.816455: (+2)     sched_switch:         kworker/u129:32:2621 [120] I ==> htop:2789 [120]
            htop-2789  [008]     0.816471: (+16)    sched_waking:         comm=kworker/u129:32 pid=2621 prio=120 target_cpu=008
            htop-2789  [008]     0.816472: (+1)     sched_wakeup:         kworker/u129:32:2621 [120] CPU:008
            htop-2789  [008]     0.816474: (+2)     sched_switch:         htop:2789 [120] R ==> kworker/u129:32:2621 [120]
 kworker/u129:32-2621  [008]     0.816475: (+1)     sched_switch:         kworker/u129:32:2621 [120] I ==> htop:2789 [120]
            htop-2789  [008]     0.816478: (+3)     sched_waking:         comm=kworker/u129:32 pid=2621 prio=120 target_cpu=008
            htop-2789  [008]     0.816479: (+1)     sched_wakeup:         kworker/u129:32:2621 [120] CPU:008
            htop-2789  [008]     0.816480: (+1)     sched_switch:         htop:2789 [120] R ==> kworker/u129:32:2621 [120]
 kworker/u129:32-2621  [008]     0.816482: (+2)     sched_switch:         kworker/u129:32:2621 [120] I ==> htop:2789 [120]
            htop-2789  [008]     0.816497: (+15)    sched_waking:         comm=kworker/u129:32 pid=2621 prio=120 target_cpu=008
            htop-2789  [008]     0.816498: (+1)     sched_wakeup:         kworker/u129:32:2621 [120] CPU:008
            htop-2789  [008]     0.816499: (+1)     sched_switch:         htop:2789 [120] R ==> kworker/u129:32:2621 [120]
 kworker/u129:32-2621  [008]     0.816501: (+2)     sched_switch:         kworker/u129:32:2621 [120] I ==> htop:2789 [120]
            htop-2789  [008]     0.816504: (+3)     sched_waking:         comm=kworker/u129:32 pid=2621 prio=120 target_cpu=008
            htop-2789  [008]     0.816505: (+1)     sched_wakeup:         kworker/u129:32:2621 [120] CPU:008
            htop-2789  [008]     0.816506: (+1)     sched_switch:         htop:2789 [120] R ==> kworker/u129:32:2621 [120]
 kworker/u129:32-2621  [008]     0.816508: (+2)     sched_switch:         kworker/u129:32:2621 [120] I ==> htop:2789 [120]
            htop-2789  [008]     0.816523: (+15)    sched_waking:         comm=kworker/u129:32 pid=2621 prio=120 target_cpu=008
            htop-2789  [008]     0.816523: (+0)     sched_wakeup:         kworker/u129:32:2621 [120] CPU:008
            htop-2789  [008]     0.816525: (+2)     sched_switch:         htop:2789 [120] R ==> kworker/u129:32:2621 [120]
 kworker/u129:32-2621  [008]     0.816526: (+1)     sched_switch:         kworker/u129:32:2621 [120] I ==> htop:2789 [120]
            htop-2789  [008]     0.816529: (+3)     sched_waking:         comm=kworker/u129:32 pid=2621 prio=120 target_cpu=008
            htop-2789  [008]     0.816530: (+1)     sched_wakeup:         kworker/u129:32:2621 [120] CPU:008
            htop-2789  [008]     0.816531: (+1)     sched_switch:         htop:2789 [120] R ==> kworker/u129:32:2621 [120]
 kworker/u129:32-2621  [008]     0.816533: (+2)     sched_switch:         kworker/u129:32:2621 [120] I ==> htop:2789 [120]
            htop-2789  [008]     0.816549: (+16)    sched_waking:         comm=kworker/u129:32 pid=2621 prio=120 target_cpu=008
            htop-2789  [008]     0.816549: (+0)     sched_wakeup:         kworker/u129:32:2621 [120] CPU:008
            htop-2789  [008]     0.816551: (+2)     sched_switch:         htop:2789 [120] R ==> kworker/u129:32:2621 [120]
 kworker/u129:32-2621  [008]     0.816553: (+2)     sched_switch:         kworker/u129:32:2621 [120] I ==> cg.C.x:3564 [120]
          cg.C.x-3560  [000]     0.819669: (+3116)  sched_switch:         cg.C.x:3560 [120] R ==> tmux: server:2328 [120]
          cg.C.x-3604  [025]     0.819671: (+2)     sched_waking:         comm=kworker/25:1 pid=729 prio=120 target_cpu=025
          cg.C.x-3564  [008]     0.819671: (+0)     sched_switch:         cg.C.x:3564 [120] R ==> htop:2789 [120]
          cg.C.x-3604  [025]     0.819677: (+6)     sched_wakeup:         kworker/25:1:729 [120] CPU:025
          cg.C.x-3604  [025]     0.819682: (+5)     sched_switch:         cg.C.x:3604 [120] R ==> kworker/25:1:729 [120]
            htop-2789  [008]     0.819686: (+4)     sched_waking:         comm=kworker/u129:32 pid=2621 prio=120 target_cpu=008
            htop-2789  [008]     0.819690: (+4)     sched_wakeup:         kworker/u129:32:2621 [120] CPU:008
            htop-2789  [008]     0.819692: (+2)     sched_switch:         htop:2789 [120] R ==> kworker/u129:32:2621 [120]
    kworker/25:1-729   [025]     0.819695: (+3)     sched_switch:         kworker/25:1:729 [120] I ==> cg.C.x:3604 [120]
    tmux: server-2328  [000]     0.819702: (+7)     sched_waking:         comm=kworker/u129:12 pid=423 prio=120 target_cpu=036
    tmux: server-2328  [000]     0.819706: (+4)     sched_wakeup:         kworker/u129:12:423 [120] CPU:036
 kworker/u129:32-2621  [008]     0.819709: (+3)     sched_switch:         kworker/u129:32:2621 [120] I ==> htop:2789 [120]
          cg.C.x-3578  [036]     0.819709: (+0)     sched_switch:         cg.C.x:3578 [120] R ==> kworker/u129:12:423 [120]
 kworker/u129:12-423   [036]     0.819713: (+4)     sched_switch:         kworker/u129:12:423 [120] I ==> cg.C.x:3578 [120]
            htop-2789  [008]     0.819736: (+23)    sched_waking:         comm=kworker/u129:12 pid=423 prio=120 target_cpu=036
            htop-2789  [008]     0.819738: (+2)     sched_wakeup:         kworker/u129:12:423 [120] CPU:036
          cg.C.x-3578  [036]     0.819740: (+2)     sched_switch:         cg.C.x:3578 [120] R ==> kworker/u129:12:423 [120]
            htop-2789  [008]     0.819741: (+1)     sched_waking:         comm=kworker/u129:32 pid=2621 prio=120 target_cpu=008
            htop-2789  [008]     0.819742: (+1)     sched_wakeup:         kworker/u129:32:2621 [120] CPU:008
            htop-2789  [008]     0.819744: (+2)     sched_switch:         htop:2789 [120] R ==> kworker/u129:32:2621 [120]
 kworker/u129:12-423   [036]     0.819744: (+0)     sched_switch:         kworker/u129:12:423 [120] I ==> cg.C.x:3578 [120]
 kworker/u129:32-2621  [008]     0.819746: (+2)     sched_switch:         kworker/u129:32:2621 [120] I ==> htop:2789 [120]
            htop-2789  [008]     0.819768: (+22)    sched_waking:         comm=kworker/u129:32 pid=2621 prio=120 target_cpu=008
            htop-2789  [008]     0.819769: (+1)     sched_wakeup:         kworker/u129:32:2621 [120] CPU:008
            htop-2789  [008]     0.819770: (+1)     sched_switch:         htop:2789 [120] R ==> kworker/u129:32:2621 [120]
 kworker/u129:32-2621  [008]     0.819772: (+2)     sched_switch:         kworker/u129:32:2621 [120] I ==> htop:2789 [120]
            htop-2789  [008]     0.819776: (+4)     sched_waking:         comm=kworker/u129:32 pid=2621 prio=120 target_cpu=008
            htop-2789  [008]     0.819777: (+1)     sched_wakeup:         kworker/u129:32:2621 [120] CPU:008
            htop-2789  [008]     0.819778: (+1)     sched_switch:         htop:2789 [120] R ==> kworker/u129:32:2621 [120]
 kworker/u129:32-2621  [008]     0.819780: (+2)     sched_switch:         kworker/u129:32:2621 [120] I ==> htop:2789 [120]
            htop-2789  [008]     0.819799: (+19)    sched_waking:         comm=kworker/u129:32 pid=2621 prio=120 target_cpu=008
            htop-2789  [008]     0.819799: (+0)     sched_wakeup:         kworker/u129:32:2621 [120] CPU:008
            htop-2789  [008]     0.819801: (+2)     sched_switch:         htop:2789 [120] R ==> kworker/u129:32:2621 [120]
 kworker/u129:32-2621  [008]     0.819802: (+1)     sched_switch:         kworker/u129:32:2621 [120] I ==> htop:2789 [120]
            htop-2789  [008]     0.819806: (+4)     sched_waking:         comm=kworker/u129:32 pid=2621 prio=120 target_cpu=008
            htop-2789  [008]     0.819807: (+1)     sched_wakeup:         kworker/u129:32:2621 [120] CPU:008
            htop-2789  [008]     0.819808: (+1)     sched_switch:         htop:2789 [120] R ==> kworker/u129:32:2621 [120]
 kworker/u129:32-2621  [008]     0.819810: (+2)     sched_switch:         kworker/u129:32:2621 [120] I ==> htop:2789 [120]
            htop-2789  [008]     0.819830: (+20)    sched_waking:         comm=kworker/u129:32 pid=2621 prio=120 target_cpu=008
            htop-2789  [008]     0.819831: (+1)     sched_wakeup:         kworker/u129:32:2621 [120] CPU:008
            htop-2789  [008]     0.819832: (+1)     sched_switch:         htop:2789 [120] R ==> kworker/u129:32:2621 [120]
 kworker/u129:32-2621  [008]     0.819834: (+2)     sched_switch:         kworker/u129:32:2621 [120] I ==> htop:2789 [120]
            htop-2789  [008]     0.819837: (+3)     sched_waking:         comm=kworker/u129:32 pid=2621 prio=120 target_cpu=008
            htop-2789  [008]     0.819838: (+1)     sched_wakeup:         kworker/u129:32:2621 [120] CPU:008
            htop-2789  [008]     0.819840: (+2)     sched_switch:         htop:2789 [120] R ==> kworker/u129:32:2621 [120]
 kworker/u129:32-2621  [008]     0.819841: (+1)     sched_switch:         kworker/u129:32:2621 [120] I ==> htop:2789 [120]
            htop-2789  [008]     0.819860: (+19)    sched_waking:         comm=kworker/u129:32 pid=2621 prio=120 target_cpu=008
            htop-2789  [008]     0.819861: (+1)     sched_wakeup:         kworker/u129:32:2621 [120] CPU:008
            htop-2789  [008]     0.819862: (+1)     sched_switch:         htop:2789 [120] R ==> kworker/u129:32:2621 [120]
 kworker/u129:32-2621  [008]     0.819864: (+2)     sched_switch:         kworker/u129:32:2621 [120] I ==> htop:2789 [120]
            htop-2789  [008]     0.819867: (+3)     sched_waking:         comm=kworker/u129:32 pid=2621 prio=120 target_cpu=008
            htop-2789  [008]     0.819868: (+1)     sched_wakeup:         kworker/u129:32:2621 [120] CPU:008
            htop-2789  [008]     0.819869: (+1)     sched_switch:         htop:2789 [120] R ==> kworker/u129:32:2621 [120]
 kworker/u129:32-2621  [008]     0.819871: (+2)     sched_switch:         kworker/u129:32:2621 [120] I ==> htop:2789 [120]
            htop-2789  [008]     0.819891: (+20)    sched_waking:         comm=kworker/u129:32 pid=2621 prio=120 target_cpu=008
            htop-2789  [008]     0.819892: (+1)     sched_wakeup:         kworker/u129:32:2621 [120] CPU:008
            htop-2789  [008]     0.819893: (+1)     sched_switch:         htop:2789 [120] R ==> kworker/u129:32:2621 [120]
 kworker/u129:32-2621  [008]     0.819895: (+2)     sched_switch:         kworker/u129:32:2621 [120] I ==> htop:2789 [120]
            htop-2789  [008]     0.819899: (+4)     sched_waking:         comm=kworker/u129:32 pid=2621 prio=120 target_cpu=008
            htop-2789  [008]     0.819899: (+0)     sched_wakeup:         kworker/u129:32:2621 [120] CPU:008
            htop-2789  [008]     0.819901: (+2)     sched_switch:         htop:2789 [120] R ==> kworker/u129:32:2621 [120]
 kworker/u129:32-2621  [008]     0.819903: (+2)     sched_switch:         kworker/u129:32:2621 [120] I ==> htop:2789 [120]
            htop-2789  [008]     0.819924: (+21)    sched_waking:         comm=kworker/u129:32 pid=2621 prio=120 target_cpu=008
            htop-2789  [008]     0.819925: (+1)     sched_wakeup:         kworker/u129:32:2621 [120] CPU:008
            htop-2789  [008]     0.819926: (+1)     sched_switch:         htop:2789 [120] R ==> kworker/u129:32:2621 [120]
 kworker/u129:32-2621  [008]     0.819928: (+2)     sched_switch:         kworker/u129:32:2621 [120] I ==> htop:2789 [120]
            htop-2789  [008]     0.819932: (+4)     sched_waking:         comm=kworker/u129:32 pid=2621 prio=120 target_cpu=008
            htop-2789  [008]     0.819932: (+0)     sched_wakeup:         kworker/u129:32:2621 [120] CPU:008
            htop-2789  [008]     0.819934: (+2)     sched_switch:         htop:2789 [120] R ==> kworker/u129:32:2621 [120]
 kworker/u129:32-2621  [008]     0.819936: (+2)     sched_switch:         kworker/u129:32:2621 [120] I ==> htop:2789 [120]
            htop-2789  [008]     0.819955: (+19)    sched_waking:         comm=kworker/u129:32 pid=2621 prio=120 target_cpu=008
            htop-2789  [008]     0.819956: (+1)     sched_wakeup:         kworker/u129:32:2621 [120] CPU:008
            htop-2789  [008]     0.819957: (+1)     sched_switch:         htop:2789 [120] R ==> kworker/u129:32:2621 [120]
 kworker/u129:32-2621  [008]     0.819959: (+2)     sched_switch:         kworker/u129:32:2621 [120] I ==> htop:2789 [120]
            htop-2789  [008]     0.819962: (+3)     sched_waking:         comm=kworker/u129:32 pid=2621 prio=120 target_cpu=008
            htop-2789  [008]     0.819963: (+1)     sched_wakeup:         kworker/u129:32:2621 [120] CPU:008
            htop-2789  [008]     0.819964: (+1)     sched_switch:         htop:2789 [120] R ==> kworker/u129:32:2621 [120]
 kworker/u129:32-2621  [008]     0.819966: (+2)     sched_switch:         kworker/u129:32:2621 [120] I ==> htop:2789 [120]
            htop-2789  [008]     0.819985: (+19)    sched_waking:         comm=kworker/u129:32 pid=2621 prio=120 target_cpu=008
            htop-2789  [008]     0.819985: (+0)     sched_wakeup:         kworker/u129:32:2621 [120] CPU:008
            htop-2789  [008]     0.819987: (+2)     sched_switch:         htop:2789 [120] R ==> kworker/u129:32:2621 [120]
 kworker/u129:32-2621  [008]     0.819989: (+2)     sched_switch:         kworker/u129:32:2621 [120] I ==> htop:2789 [120]
            htop-2789  [008]     0.819992: (+3)     sched_waking:         comm=kworker/u129:32 pid=2621 prio=120 target_cpu=008
            htop-2789  [008]     0.819993: (+1)     sched_wakeup:         kworker/u129:32:2621 [120] CPU:008
            htop-2789  [008]     0.819994: (+1)     sched_switch:         htop:2789 [120] R ==> kworker/u129:32:2621 [120]
 kworker/u129:32-2621  [008]     0.819996: (+2)     sched_switch:         kworker/u129:32:2621 [120] I ==> htop:2789 [120]
            htop-2789  [008]     0.820015: (+19)    sched_waking:         comm=kworker/u129:32 pid=2621 prio=120 target_cpu=008
            htop-2789  [008]     0.820016: (+1)     sched_wakeup:         kworker/u129:32:2621 [120] CPU:008
            htop-2789  [008]     0.820018: (+2)     sched_switch:         htop:2789 [120] R ==> kworker/u129:32:2621 [120]
 kworker/u129:32-2621  [008]     0.820019: (+1)     sched_switch:         kworker/u129:32:2621 [120] I ==> htop:2789 [120]
            htop-2789  [008]     0.820032: (+13)    sched_waking:         comm=kworker/u129:32 pid=2621 prio=120 target_cpu=008
            htop-2789  [008]     0.820033: (+1)     sched_wakeup:         kworker/u129:32:2621 [120] CPU:008
            htop-2789  [008]     0.820034: (+1)     sched_switch:         htop:2789 [120] R ==> kworker/u129:32:2621 [120]
 kworker/u129:32-2621  [008]     0.820036: (+2)     sched_switch:         kworker/u129:32:2621 [120] I ==> htop:2789 [120]
            htop-2789  [008]     0.820039: (+3)     sched_waking:         comm=kworker/u129:32 pid=2621 prio=120 target_cpu=008
            htop-2789  [008]     0.820040: (+1)     sched_wakeup:         kworker/u129:32:2621 [120] CPU:008
            htop-2789  [008]     0.820041: (+1)     sched_switch:         htop:2789 [120] R ==> kworker/u129:32:2621 [120]
 kworker/u129:32-2621  [008]     0.820043: (+2)     sched_switch:         kworker/u129:32:2621 [120] I ==> htop:2789 [120]
            htop-2789  [008]     0.820053: (+10)    sched_switch:         htop:2789 [120] S ==> cg.C.x:3564 [120]
    tmux: server-2328  [000]     0.820211: (+158)   sched_waking:         comm=kworker/u129:32 pid=2621 prio=120 target_cpu=008
    tmux: server-2328  [000]     0.820214: (+3)     sched_wakeup:         kworker/u129:32:2621 [120] CPU:008
          cg.C.x-3564  [008]     0.820219: (+5)     sched_switch:         cg.C.x:3564 [120] R ==> kworker/u129:32:2621 [120]
 kworker/u129:32-2621  [008]     0.820223: (+4)     sched_waking:         comm=sshd pid=1964 prio=120 target_cpu=004
    tmux: server-2328  [000]     0.820224: (+1)     sched_waking:         comm=kworker/u129:12 pid=423 prio=120 target_cpu=036
    tmux: server-2328  [000]     0.820225: (+1)     sched_wakeup:         kworker/u129:12:423 [120] CPU:036
 kworker/u129:32-2621  [008]     0.820228: (+3)     sched_wakeup:         sshd:1964 [120] CPU:004
          cg.C.x-3578  [036]     0.820229: (+1)     sched_switch:         cg.C.x:3578 [120] R ==> kworker/u129:12:423 [120]
          cg.C.x-3562  [004]     0.820231: (+2)     sched_switch:         cg.C.x:3562 [120] R ==> sshd:1964 [120]
 kworker/u129:12-423   [036]     0.820232: (+1)     sched_switch:         kworker/u129:12:423 [120] I ==> cg.C.x:3578 [120]
 kworker/u129:32-2621  [008]     0.820232: (+0)     sched_waking:         comm=sshd pid=2656 prio=120 target_cpu=038
 kworker/u129:32-2621  [008]     0.820238: (+6)     sched_wakeup:         sshd:2656 [120] CPU:038
          cg.C.x-3579  [038]     0.820242: (+4)     sched_switch:         cg.C.x:3579 [120] R ==> sshd:2656 [120]
 kworker/u129:32-2621  [008]     0.820242: (+0)     sched_switch:         kworker/u129:32:2621 [120] I ==> cg.C.x:3564 [120]
    tmux: server-2328  [000]     0.820268: (+26)    sched_waking:         comm=kworker/u129:32 pid=2621 prio=120 target_cpu=008
    tmux: server-2328  [000]     0.820270: (+2)     sched_wakeup:         kworker/u129:32:2621 [120] CPU:008
          cg.C.x-3564  [008]     0.820272: (+2)     sched_switch:         cg.C.x:3564 [120] R ==> kworker/u129:32:2621 [120]
 kworker/u129:32-2621  [008]     0.820283: (+11)    sched_switch:         kworker/u129:32:2621 [120] I ==> cg.C.x:3564 [120]
            sshd-1964  [004]     0.820326: (+43)    sched_switch:         sshd:1964 [120] S ==> cg.C.x:3562 [120]
            sshd-2656  [038]     0.820326: (+0)     sched_switch:         sshd:2656 [120] S ==> cg.C.x:3579 [120]
    tmux: server-2328  [000]     0.820732: (+406)   sched_waking:         comm=kworker/u129:32 pid=2621 prio=120 target_cpu=008
    tmux: server-2328  [000]     0.820734: (+2)     sched_wakeup:         kworker/u129:32:2621 [120] CPU:008
          cg.C.x-3564  [008]     0.820738: (+4)     sched_switch:         cg.C.x:3564 [120] R ==> kworker/u129:32:2621 [120]
 kworker/u129:32-2621  [008]     0.820741: (+3)     sched_waking:         comm=sshd pid=1964 prio=120 target_cpu=004
    tmux: server-2328  [000]     0.820741: (+0)     sched_waking:         comm=kworker/u129:12 pid=423 prio=120 target_cpu=036
    tmux: server-2328  [000]     0.820743: (+2)     sched_wakeup:         kworker/u129:12:423 [120] CPU:036
 kworker/u129:32-2621  [008]     0.820744: (+1)     sched_wakeup:         sshd:1964 [120] CPU:004
          cg.C.x-3562  [004]     0.820747: (+3)     sched_switch:         cg.C.x:3562 [120] R ==> sshd:1964 [120]
          cg.C.x-3578  [036]     0.820747: (+0)     sched_switch:         cg.C.x:3578 [120] R ==> kworker/u129:12:423 [120]
 kworker/u129:32-2621  [008]     0.820748: (+1)     sched_waking:         comm=sshd pid=2656 prio=120 target_cpu=038
 kworker/u129:32-2621  [008]     0.820750: (+2)     sched_wakeup:         sshd:2656 [120] CPU:038
 kworker/u129:12-423   [036]     0.820751: (+1)     sched_switch:         kworker/u129:12:423 [120] I ==> cg.C.x:3578 [120]
 kworker/u129:32-2621  [008]     0.820753: (+2)     sched_switch:         kworker/u129:32:2621 [120] I ==> cg.C.x:3564 [120]
          cg.C.x-3579  [038]     0.820754: (+1)     sched_switch:         cg.C.x:3579 [120] R ==> sshd:2656 [120]
    tmux: server-2328  [000]     0.820771: (+17)    sched_waking:         comm=kworker/u129:32 pid=2621 prio=120 target_cpu=008
    tmux: server-2328  [000]     0.820772: (+1)     sched_wakeup:         kworker/u129:32:2621 [120] CPU:008
          cg.C.x-3564  [008]     0.820775: (+3)     sched_switch:         cg.C.x:3564 [120] R ==> kworker/u129:32:2621 [120]
 kworker/u129:32-2621  [008]     0.820778: (+3)     sched_switch:         kworker/u129:32:2621 [120] I ==> cg.C.x:3564 [120]
            sshd-1964  [004]     0.820816: (+38)    sched_switch:         sshd:1964 [120] S ==> cg.C.x:3562 [120]
            sshd-2656  [038]     0.820822: (+6)     sched_switch:         sshd:2656 [120] S ==> cg.C.x:3579 [120]
    tmux: server-2328  [000]     0.821179: (+357)   sched_waking:         comm=kworker/u129:32 pid=2621 prio=120 target_cpu=008
    tmux: server-2328  [000]     0.821180: (+1)     sched_wakeup:         kworker/u129:32:2621 [120] CPU:008
          cg.C.x-3564  [008]     0.821183: (+3)     sched_switch:         cg.C.x:3564 [120] R ==> kworker/u129:32:2621 [120]
    tmux: server-2328  [000]     0.821184: (+1)     sched_waking:         comm=kworker/u129:12 pid=423 prio=120 target_cpu=036
 kworker/u129:32-2621  [008]     0.821185: (+1)     sched_waking:         comm=sshd pid=1964 prio=120 target_cpu=004
    tmux: server-2328  [000]     0.821185: (+0)     sched_wakeup:         kworker/u129:12:423 [120] CPU:036
 kworker/u129:32-2621  [008]     0.821188: (+3)     sched_wakeup:         sshd:1964 [120] CPU:004
          cg.C.x-3578  [036]     0.821189: (+1)     sched_switch:         cg.C.x:3578 [120] R ==> kworker/u129:12:423 [120]
          cg.C.x-3562  [004]     0.821191: (+2)     sched_switch:         cg.C.x:3562 [120] R ==> sshd:1964 [120]
 kworker/u129:32-2621  [008]     0.821191: (+0)     sched_waking:         comm=sshd pid=2656 prio=120 target_cpu=038
 kworker/u129:12-423   [036]     0.821193: (+2)     sched_switch:         kworker/u129:12:423 [120] I ==> cg.C.x:3578 [120]
 kworker/u129:32-2621  [008]     0.821193: (+0)     sched_wakeup:         sshd:2656 [120] CPU:038
 kworker/u129:32-2621  [008]     0.821196: (+3)     sched_switch:         kworker/u129:32:2621 [120] I ==> cg.C.x:3564 [120]
          cg.C.x-3579  [038]     0.821196: (+0)     sched_switch:         cg.C.x:3579 [120] R ==> sshd:2656 [120]
    tmux: server-2328  [000]     0.821197: (+1)     sched_waking:         comm=kworker/u129:32 pid=2621 prio=120 target_cpu=008
    tmux: server-2328  [000]     0.821199: (+2)     sched_wakeup:         kworker/u129:32:2621 [120] CPU:008
          cg.C.x-3564  [008]     0.821200: (+1)     sched_switch:         cg.C.x:3564 [120] R ==> kworker/u129:32:2621 [120]
 kworker/u129:32-2621  [008]     0.821202: (+2)     sched_waking:         comm=kworker/u129:12 pid=423 prio=120 target_cpu=036
 kworker/u129:32-2621  [008]     0.821203: (+1)     sched_wakeup:         kworker/u129:12:423 [120] CPU:036
          cg.C.x-3578  [036]     0.821206: (+3)     sched_switch:         cg.C.x:3578 [120] R ==> kworker/u129:12:423 [120]
 kworker/u129:32-2621  [008]     0.821206: (+0)     sched_switch:         kworker/u129:32:2621 [120] I ==> cg.C.x:3564 [120]
 kworker/u129:12-423   [036]     0.821208: (+2)     sched_switch:         kworker/u129:12:423 [120] I ==> cg.C.x:3578 [120]
            sshd-1964  [004]     0.821242: (+34)    sched_switch:         sshd:1964 [120] S ==> cg.C.x:3562 [120]
            sshd-2656  [038]     0.821249: (+7)     sched_switch:         sshd:2656 [120] S ==> cg.C.x:3579 [120]
    tmux: server-2328  [000]     0.821254: (+5)     sched_waking:         comm=kworker/u129:12 pid=423 prio=120 target_cpu=036
    tmux: server-2328  [000]     0.821256: (+2)     sched_wakeup:         kworker/u129:12:423 [120] CPU:036
          cg.C.x-3578  [036]     0.821258: (+2)     sched_switch:         cg.C.x:3578 [120] R ==> kworker/u129:12:423 [120]
 kworker/u129:12-423   [036]     0.821259: (+1)     sched_waking:         comm=kworker/u129:32 pid=2621 prio=120 target_cpu=008
 kworker/u129:12-423   [036]     0.821262: (+3)     sched_wakeup:         kworker/u129:32:2621 [120] CPU:008
 kworker/u129:12-423   [036]     0.821264: (+2)     sched_waking:         comm=sshd pid=1964 prio=120 target_cpu=004
          cg.C.x-3564  [008]     0.821264: (+0)     sched_switch:         cg.C.x:3564 [120] R ==> kworker/u129:32:2621 [120]
 kworker/u129:12-423   [036]     0.821266: (+2)     sched_wakeup:         sshd:1964 [120] CPU:004
 kworker/u129:32-2621  [008]     0.821266: (+0)     sched_waking:         comm=sshd pid=2656 prio=120 target_cpu=038
 kworker/u129:12-423   [036]     0.821268: (+2)     sched_switch:         kworker/u129:12:423 [120] I ==> cg.C.x:3578 [120]
 kworker/u129:32-2621  [008]     0.821269: (+1)     sched_wakeup:         sshd:2656 [120] CPU:038
 kworker/u129:32-2621  [008]     0.821271: (+2)     sched_switch:         kworker/u129:32:2621 [120] I ==> cg.C.x:3564 [120]
    tmux: server-2328  [000]     0.821271: (+0)     sched_switch:         tmux: server:2328 [120] S ==> cg.C.x:3560 [120]
          cg.C.x-3579  [038]     0.821271: (+0)     sched_switch:         cg.C.x:3579 [120] R ==> sshd:2656 [120]
            sshd-2656  [038]     0.821297: (+26)    sched_switch:         sshd:2656 [120] S ==> cg.C.x:3579 [120]
          cg.C.x-3560  [000]     0.823313: (+2016)  sched_waking:         comm=tmux: server pid=2328 prio=120 target_cpu=000
          cg.C.x-3560  [000]     0.823318: (+5)     sched_wakeup:         tmux: server:2328 [120] CPU:000
          cg.C.x-3560  [000]     0.823320: (+2)     sched_switch:         cg.C.x:3560 [120] R ==> tmux: server:2328 [120]
    tmux: server-2328  [000]     0.823342: (+22)    sched_switch:         tmux: server:2328 [120] S ==> cg.C.x:3560 [120]
          cg.C.x-3562  [004]     0.823667: (+325)   sched_switch:         cg.C.x:3562 [120] R ==> sshd:1964 [120]
            sshd-1964  [004]     0.823719: (+52)    sched_switch:         sshd:1964 [120] S ==> cg.C.x:3562 [120]
          cg.C.x-3560  [000]     0.825388: (+1669)  sched_waking:         comm=tmux: server pid=2328 prio=120 target_cpu=000
          cg.C.x-3560  [000]     0.825394: (+6)     sched_wakeup:         tmux: server:2328 [120] CPU:000
          cg.C.x-3560  [000]     0.825396: (+2)     sched_switch:         cg.C.x:3560 [120] R ==> tmux: server:2328 [120]
    tmux: server-2328  [000]     0.825426: (+30)    sched_switch:         tmux: server:2328 [120] S ==> cg.C.x:3560 [120]
          cg.C.x-3606  [029]     0.827669: (+2243)  sched_waking:         comm=rcu_preempt pid=17 prio=120 target_cpu=029
          cg.C.x-3606  [029]     0.827677: (+8)     sched_wakeup:         rcu_preempt:17 [120] CPU:029
          cg.C.x-3606  [029]     0.827681: (+4)     sched_switch:         cg.C.x:3606 [120] R ==> rcu_preempt:17 [120]
     rcu_preempt-17    [029]     0.827693: (+12)    sched_switch:         rcu_preempt:17 [120] I ==> cg.C.x:3606 [120]
          cg.C.x-3582  [044]     0.829868: (+2175)  bprint:               __handle_mm_fault: NUMAB MEM ACCESS process[nid:0, cpu:44, pid:3582], folio[virt:0x7fbb1773fb90, phys:0x2cffb2000, pfn:0x2cffb2, nid:0, npages:1]
          cg.C.x-3589  [058]     0.829874: (+6)     bprint:               __handle_mm_fault: NUMAB MEM ACCESS process[nid:0, cpu:58, pid:3589], folio[virt:0x7fbb1775fc50, phys:0x183fec5000, pfn:0x183fec5, nid:0, npages:1]
          cg.C.x-3588  [056]     0.829877: (+3)     bprint:               __handle_mm_fault: NUMAB MEM ACCESS process[nid:0, cpu:56, pid:3588], folio[virt:0x7fbb1775b310, phys:0x146591000, pfn:0x146591, nid:0, npages:1]
          cg.C.x-3570  [020]     0.829879: (+2)     bprint:               __handle_mm_fault: NUMAB MEM ACCESS process[nid:0, cpu:20, pid:3570], folio[virt:0x7fbb17708c90, phys:0x131b1f000, pfn:0x131b1f, nid:0, npages:1]
          cg.C.x-3586  [052]     0.829881: (+2)     bprint:               __handle_mm_fault: NUMAB MEM ACCESS process[nid:0, cpu:52, pid:3586], folio[virt:0x7fbb17752090, phys:0x120a3e000, pfn:0x120a3e, nid:0, npages:1]
          cg.C.x-3572  [024]     0.829883: (+2)     bprint:               __handle_mm_fault: NUMAB MEM ACCESS process[nid:0, cpu:24, pid:3572], folio[virt:0x7fbb17711f10, phys:0x141b75000, pfn:0x141b75, nid:0, npages:1]
          cg.C.x-3566  [012]     0.829885: (+2)     bprint:               __handle_mm_fault: NUMAB MEM ACCESS process[nid:0, cpu:12, pid:3566], folio[virt:0x7fbb176f6790, phys:0x141c19000, pfn:0x141c19, nid:0, npages:1]
          cg.C.x-3590  [060]     0.829887: (+2)     bprint:               __handle_mm_fault: NUMAB MEM ACCESS process[nid:0, cpu:60, pid:3590], folio[virt:0x7fbb17764590, phys:0x2fcbed000, pfn:0x2fcbed, nid:0, npages:1]
          cg.C.x-3618  [053]     0.829890: (+3)     bprint:               __handle_mm_fault: NUMAB MEM ACCESS process[nid:1, cpu:53, pid:3618], folio[virt:0x7fbb177e4840, phys:0x186a011000, pfn:0x186a011, nid:1, npages:1]
          cg.C.x-3602  [021]     0.829893: (+3)     bprint:               __handle_mm_fault: NUMAB MEM ACCESS process[nid:1, cpu:21, pid:3602], folio[virt:0x7fbb1779b490, phys:0x1858c71000, pfn:0x1858c71, nid:1, npages:1]
          cg.C.x-3573  [026]     0.829896: (+3)     bprint:               __handle_mm_fault: NUMAB MEM ACCESS process[nid:0, cpu:26, pid:3573], folio[virt:0x7fbb17716850, phys:0x1221bd000, pfn:0x1221bd, nid:0, npages:1]
          cg.C.x-3597  [011]     0.829898: (+2)     bprint:               __handle_mm_fault: NUMAB MEM ACCESS process[nid:1, cpu:11, pid:3597], folio[virt:0x7fbb17784650, phys:0x186644f000, pfn:0x186644f, nid:1, npages:1]
          cg.C.x-3579  [038]     0.829901: (+3)     bprint:               __handle_mm_fault: NUMAB MEM ACCESS process[nid:0, cpu:38, pid:3579], folio[virt:0x7fbb17731fd0, phys:0x52a077000, pfn:0x52a077, nid:0, npages:1]
          cg.C.x-3563  [006]     0.829903: (+2)     bprint:               __handle_mm_fault: NUMAB MEM ACCESS process[nid:0, cpu:6, pid:3563], folio[virt:0x7fbb176e8bd0, phys:0x2fcb38000, pfn:0x2fcb38, nid:0, npages:1]
          cg.C.x-3622  [061]     0.829906: (+3)     bprint:               __handle_mm_fault: NUMAB MEM ACCESS process[nid:1, cpu:61, pid:3622], folio[virt:0x7fbb177f6d20, phys:0x1867784000, pfn:0x1867784, nid:1, npages:1]
          cg.C.x-3623  [063]     0.829908: (+2)     bprint:               __handle_mm_fault: NUMAB MEM ACCESS process[nid:1, cpu:63, pid:3623], folio[virt:0x7fbb177fb658, phys:0x18577c4000, pfn:0x18577c4, nid:1, npages:1]
          cg.C.x-3571  [022]     0.829911: (+3)     bprint:               __handle_mm_fault: NUMAB MEM ACCESS process[nid:0, cpu:22, pid:3571], folio[virt:0x7fbb1770d5d0, phys:0x12237d000, pfn:0x12237d, nid:0, npages:1]
          cg.C.x-3595  [007]     0.829913: (+2)     bprint:               __handle_mm_fault: NUMAB MEM ACCESS process[nid:1, cpu:7, pid:3595], folio[virt:0x7fbb1777b3d0, phys:0x185bad4000, pfn:0x185bad4, nid:1, npages:1]
          cg.C.x-3593  [003]     0.829915: (+2)     bprint:               __handle_mm_fault: NUMAB MEM ACCESS process[nid:1, cpu:3, pid:3593], folio[virt:0x7fbb17772150, phys:0x1863acb000, pfn:0x1863acb, nid:1, npages:1]
          cg.C.x-3613  [043]     0.829917: (+2)     bprint:               __handle_mm_fault: NUMAB MEM ACCESS process[nid:1, cpu:43, pid:3613], folio[virt:0x7fbb177cda28, phys:0x186a68c000, pfn:0x186a68c, nid:1, npages:1]
          cg.C.x-3562  [004]     0.829919: (+2)     bprint:               __handle_mm_fault: NUMAB MEM ACCESS process[nid:0, cpu:4, pid:3562], folio[virt:0x7fbb176e4290, phys:0x2cff09000, pfn:0x2cff09, nid:0, npages:1]
          cg.C.x-3584  [048]     0.829922: (+3)     bprint:               __handle_mm_fault: NUMAB MEM ACCESS process[nid:0, cpu:48, pid:3584], folio[virt:0x7fbb17748e10, phys:0x11258f000, pfn:0x11258f, nid:0, npages:1]
          cg.C.x-3568  [016]     0.829923: (+1)     bprint:               __handle_mm_fault: NUMAB MEM ACCESS process[nid:0, cpu:16, pid:3568], folio[virt:0x7fbb176ffa10, phys:0x113759000, pfn:0x113759, nid:0, npages:1]
          cg.C.x-3604  [025]     0.829926: (+3)     bprint:               __handle_mm_fault: NUMAB MEM ACCESS process[nid:1, cpu:25, pid:3604], folio[virt:0x7fbb177a4710, phys:0x186b4f6000, pfn:0x186b4f6, nid:1, npages:1]
          cg.C.x-3577  [034]     0.829928: (+2)     bprint:               __handle_mm_fault: NUMAB MEM ACCESS process[nid:0, cpu:34, pid:3577], folio[virt:0x7fbb17728d50, phys:0x120f72000, pfn:0x120f72, nid:0, npages:1]
          cg.C.x-3581  [042]     0.829930: (+2)     bprint:               __handle_mm_fault: NUMAB MEM ACCESS process[nid:0, cpu:42, pid:3581], folio[virt:0x7fbb1773b250, phys:0x142b41000, pfn:0x142b41, nid:0, npages:1]
          cg.C.x-3565  [010]     0.829932: (+2)     bprint:               __handle_mm_fault: NUMAB MEM ACCESS process[nid:0, cpu:10, pid:3565], folio[virt:0x7fbb176f1e50, phys:0x120bee000, pfn:0x120bee, nid:0, npages:1]
          cg.C.x-3585  [050]     0.829935: (+3)     bprint:               __handle_mm_fault: NUMAB MEM ACCESS process[nid:0, cpu:50, pid:3585], folio[virt:0x7fbb1774d750, phys:0x1428cb000, pfn:0x1428cb, nid:0, npages:1]
          cg.C.x-3612  [041]     0.829937: (+2)     bprint:               __handle_mm_fault: NUMAB MEM ACCESS process[nid:1, cpu:41, pid:3612], folio[virt:0x7fbb177c90f0, phys:0x1865bdf000, pfn:0x1865bdf, nid:1, npages:1]
          cg.C.x-3621  [059]     0.829940: (+3)     bprint:               __handle_mm_fault: NUMAB MEM ACCESS process[nid:1, cpu:59, pid:3621], folio[virt:0x7fbb177f23e8, phys:0x1854b79000, pfn:0x1854b79, nid:1, npages:1]
          cg.C.x-3610  [037]     0.829942: (+2)     bprint:               __handle_mm_fault: NUMAB MEM ACCESS process[nid:1, cpu:37, pid:3610], folio[virt:0x7fbb177bfe80, phys:0x185b83a000, pfn:0x185b83a, nid:1, npages:1]
          cg.C.x-3561  [002]     0.829944: (+2)     bprint:               __handle_mm_fault: NUMAB MEM ACCESS process[nid:0, cpu:2, pid:3561], folio[virt:0x7fbb176df950, phys:0x125582000, pfn:0x125582, nid:0, npages:1]
          cg.C.x-3583  [046]     0.829946: (+2)     bprint:               __handle_mm_fault: NUMAB MEM ACCESS process[nid:0, cpu:46, pid:3583], folio[virt:0x7fbb177444d0, phys:0x2cffe6000, pfn:0x2cffe6, nid:0, npages:1]
          cg.C.x-3560  [000]     0.829949: (+3)     bprint:               __handle_mm_fault: NUMAB MEM ACCESS process[nid:0, cpu:0, pid:3560], folio[virt:0x7fbb176db010, phys:0x1307b5000, pfn:0x1307b5, nid:0, npages:1]
          cg.C.x-3606  [029]     0.829951: (+2)     bprint:               __handle_mm_fault: NUMAB MEM ACCESS process[nid:1, cpu:29, pid:3606], folio[virt:0x7fbb177ad990, phys:0x185c195000, pfn:0x185c195, nid:1, npages:1]
          cg.C.x-3614  [045]     0.829953: (+2)     bprint:               __handle_mm_fault: NUMAB MEM ACCESS process[nid:1, cpu:45, pid:3614], folio[virt:0x7fbb177d2360, phys:0x185c2fd000, pfn:0x185c2fd, nid:1, npages:1]
          cg.C.x-3596  [009]     0.829956: (+3)     bprint:               __handle_mm_fault: NUMAB MEM ACCESS process[nid:1, cpu:9, pid:3596], folio[virt:0x7fbb1777fd10, phys:0x186a4e8000, pfn:0x186a4e8, nid:1, npages:1]
          cg.C.x-3587  [054]     0.829958: (+2)     bprint:               __handle_mm_fault: NUMAB MEM ACCESS process[nid:0, cpu:54, pid:3587], folio[virt:0x7fbb177569d0, phys:0x150622000, pfn:0x150622, nid:0, npages:1]
          cg.C.x-3580  [040]     0.829960: (+2)     bprint:               __handle_mm_fault: NUMAB MEM ACCESS process[nid:0, cpu:40, pid:3580], folio[virt:0x7fbb17736910, phys:0x171daa000, pfn:0x171daa, nid:0, npages:1]
          cg.C.x-3617  [051]     0.829963: (+3)     bprint:               __handle_mm_fault: NUMAB MEM ACCESS process[nid:1, cpu:51, pid:3617], folio[virt:0x7fbb177dff08, phys:0x185b816000, pfn:0x185b816, nid:1, npages:1]
          cg.C.x-3564  [008]     0.829965: (+2)     bprint:               __handle_mm_fault: NUMAB MEM ACCESS process[nid:0, cpu:8, pid:3564], folio[virt:0x7fbb176ed510, phys:0x133899000, pfn:0x133899, nid:0, npages:1]
          cg.C.x-3599  [015]     0.829968: (+3)     bprint:               __handle_mm_fault: NUMAB MEM ACCESS process[nid:1, cpu:15, pid:3599], folio[virt:0x7fbb1778d8d0, phys:0x1859f3e000, pfn:0x1859f3e, nid:1, npages:1]
          cg.C.x-3615  [047]     0.829970: (+2)     bprint:               __handle_mm_fault: NUMAB MEM ACCESS process[nid:1, cpu:47, pid:3615], folio[virt:0x7fbb177d6c98, phys:0x1866569000, pfn:0x1866569, nid:1, npages:1]
          cg.C.x-3603  [023]     0.829972: (+2)     bprint:               __handle_mm_fault: NUMAB MEM ACCESS process[nid:1, cpu:23, pid:3603], folio[virt:0x7fbb1779fdd0, phys:0x1858fca000, pfn:0x1858fca, nid:1, npages:1]
          cg.C.x-3608  [033]     0.829975: (+3)     bprint:               __handle_mm_fault: NUMAB MEM ACCESS process[nid:1, cpu:33, pid:3608], folio[virt:0x7fbb177b6c10, phys:0x186a448000, pfn:0x186a448, nid:1, npages:1]
          cg.C.x-3620  [057]     0.829977: (+2)     bprint:               __handle_mm_fault: NUMAB MEM ACCESS process[nid:1, cpu:57, pid:3620], folio[virt:0x7fbb177edab0, phys:0x1864fef000, pfn:0x1864fef, nid:1, npages:1]
          cg.C.x-3576  [032]     0.829979: (+2)     bprint:               __handle_mm_fault: NUMAB MEM ACCESS process[nid:0, cpu:32, pid:3576], folio[virt:0x7fbb17724410, phys:0x1507ee000, pfn:0x1507ee, nid:0, npages:1]
          cg.C.x-3601  [019]     0.829982: (+3)     bprint:               __handle_mm_fault: NUMAB MEM ACCESS process[nid:1, cpu:19, pid:3601], folio[virt:0x7fbb17796b50, phys:0x1868896000, pfn:0x1868896, nid:1, npages:1]
          cg.C.x-3578  [036]     0.829984: (+2)     bprint:               __handle_mm_fault: NUMAB MEM ACCESS process[nid:0, cpu:36, pid:3578], folio[virt:0x7fbb1772d690, phys:0x111639000, pfn:0x111639, nid:0, npages:1]
          cg.C.x-3609  [035]     0.829987: (+3)     bprint:               __handle_mm_fault: NUMAB MEM ACCESS process[nid:1, cpu:35, pid:3609], folio[virt:0x7fbb177bb548, phys:0x186a3a3000, pfn:0x186a3a3, nid:1, npages:1]
          cg.C.x-3600  [017]     0.829989: (+2)     bprint:               __handle_mm_fault: NUMAB MEM ACCESS process[nid:1, cpu:17, pid:3600], folio[virt:0x7fbb17792210, phys:0x1867bc5000, pfn:0x1867bc5, nid:1, npages:1]
          cg.C.x-3592  [001]     0.829991: (+2)     bprint:               __handle_mm_fault: NUMAB MEM ACCESS process[nid:1, cpu:1, pid:3592], folio[virt:0x7fbb1776d810, phys:0x1864e70000, pfn:0x1864e70, nid:1, npages:1]
          cg.C.x-3616  [049]     0.829994: (+3)     bprint:               __handle_mm_fault: NUMAB MEM ACCESS process[nid:1, cpu:49, pid:3616], folio[virt:0x7fbb177db5d0, phys:0x1865947000, pfn:0x1865947, nid:1, npages:1]
          cg.C.x-3574  [028]     0.829996: (+2)     bprint:               __handle_mm_fault: NUMAB MEM ACCESS process[nid:0, cpu:28, pid:3574], folio[virt:0x7fbb1771b190, phys:0x11174f000, pfn:0x11174f, nid:0, npages:1]
          cg.C.x-3569  [018]     0.829998: (+2)     bprint:               __handle_mm_fault: NUMAB MEM ACCESS process[nid:0, cpu:18, pid:3569], folio[virt:0x7fbb17704350, phys:0x52a192000, pfn:0x52a192, nid:0, npages:1]
          cg.C.x-3575  [030]     0.830000: (+2)     bprint:               __handle_mm_fault: NUMAB MEM ACCESS process[nid:0, cpu:30, pid:3575], folio[virt:0x7fbb1771fad0, phys:0x1463ee000, pfn:0x1463ee, nid:0, npages:1]
          cg.C.x-3591  [062]     0.830003: (+3)     bprint:               __handle_mm_fault: NUMAB MEM ACCESS process[nid:0, cpu:62, pid:3591], folio[virt:0x7fbb17768ed0, phys:0x150d0c000, pfn:0x150d0c, nid:0, npages:1]
          cg.C.x-3611  [039]     0.830005: (+2)     bprint:               __handle_mm_fault: NUMAB MEM ACCESS process[nid:1, cpu:39, pid:3611], folio[virt:0x7fbb177c47b8, phys:0x1858f6d000, pfn:0x1858f6d, nid:1, npages:1]
          cg.C.x-3607  [031]     0.830007: (+2)     bprint:               __handle_mm_fault: NUMAB MEM ACCESS process[nid:1, cpu:31, pid:3607], folio[virt:0x7fbb177b22d0, phys:0x186b00c000, pfn:0x186b00c, nid:1, npages:1]
          cg.C.x-3598  [013]     0.830009: (+2)     bprint:               __handle_mm_fault: NUMAB MEM ACCESS process[nid:1, cpu:13, pid:3598], folio[virt:0x7fbb17788f90, phys:0x1865960000, pfn:0x1865960, nid:1, npages:1]
          cg.C.x-3567  [014]     0.830011: (+2)     bprint:               __handle_mm_fault: NUMAB MEM ACCESS process[nid:0, cpu:14, pid:3567], folio[virt:0x7fbb176fb0d0, phys:0x12235a000, pfn:0x12235a, nid:0, npages:1]
          cg.C.x-3605  [027]     0.830013: (+2)     bprint:               __handle_mm_fault: NUMAB MEM ACCESS process[nid:1, cpu:27, pid:3605], folio[virt:0x7fbb177a9050, phys:0x186b534000, pfn:0x186b534, nid:1, npages:1]
          cg.C.x-3594  [005]     0.830016: (+3)     bprint:               __handle_mm_fault: NUMAB MEM ACCESS process[nid:1, cpu:5, pid:3594], folio[virt:0x7fbb17776a90, phys:0x1865a74000, pfn:0x1865a74, nid:1, npages:1]
          cg.C.x-3582  [044]     0.830017: (+1)     bprint:               __handle_mm_fault: NUMAB MEM ACCESS process[nid:0, cpu:44, pid:3582], folio[virt:0x7fbb17740000, phys:0x2cffb3000, pfn:0x2cffb3, nid:0, npages:1]
          cg.C.x-3619  [055]     0.830019: (+2)     bprint:               __handle_mm_fault: NUMAB MEM ACCESS process[nid:1, cpu:55, pid:3619], folio[virt:0x7fbb177e9178, phys:0x1854853000, pfn:0x1854853, nid:1, npages:1]
          cg.C.x-3589  [058]     0.830021: (+2)     bprint:               __handle_mm_fault: NUMAB MEM ACCESS process[nid:0, cpu:58, pid:3589], folio[virt:0x7fbb17760000, phys:0x1200d5000, pfn:0x1200d5, nid:0, npages:1]
          cg.C.x-3588  [056]     0.830022: (+1)     bprint:               __handle_mm_fault: NUMAB MEM ACCESS process[nid:0, cpu:56, pid:3588], folio[virt:0x7fbb1775c000, phys:0x146580000, pfn:0x146580, nid:0, npages:1]
          cg.C.x-3570  [020]     0.830023: (+1)     bprint:               __handle_mm_fault: NUMAB MEM ACCESS process[nid:0, cpu:20, pid:3570], folio[virt:0x7fbb17709000, phys:0x111a5d000, pfn:0x111a5d, nid:0, npages:1]
          cg.C.x-3586  [052]     0.830025: (+2)     bprint:               __handle_mm_fault: NUMAB MEM ACCESS process[nid:0, cpu:52, pid:3586], folio[virt:0x7fbb17753000, phys:0x120a3f000, pfn:0x120a3f, nid:0, npages:1]
          cg.C.x-3572  [024]     0.830026: (+1)     bprint:               __handle_mm_fault: NUMAB MEM ACCESS process[nid:0, cpu:24, pid:3572], folio[virt:0x7fbb17712000, phys:0x150e74000, pfn:0x150e74, nid:0, npages:1]
          cg.C.x-3566  [012]     0.830027: (+1)     bprint:               __handle_mm_fault: NUMAB MEM ACCESS process[nid:0, cpu:12, pid:3566], folio[virt:0x7fbb176f7000, phys:0x114ad3000, pfn:0x114ad3, nid:0, npages:1]
          cg.C.x-3590  [060]     0.830028: (+1)     bprint:               __handle_mm_fault: NUMAB MEM ACCESS process[nid:0, cpu:60, pid:3590], folio[virt:0x7fbb17765000, phys:0x2fcbee000, pfn:0x2fcbee, nid:0, npages:1]
          cg.C.x-3618  [053]     0.830029: (+1)     bprint:               __handle_mm_fault: NUMAB MEM ACCESS process[nid:1, cpu:53, pid:3618], folio[virt:0x7fbb177e5000, phys:0x186a013000, pfn:0x186a013, nid:1, npages:1]
          cg.C.x-3602  [021]     0.830031: (+2)     bprint:               __handle_mm_fault: NUMAB MEM ACCESS process[nid:1, cpu:21, pid:3602], folio[virt:0x7fbb1779c000, phys:0x1854be3000, pfn:0x1854be3, nid:1, npages:1]
          cg.C.x-3573  [026]     0.830032: (+1)     bprint:               __handle_mm_fault: NUMAB MEM ACCESS process[nid:0, cpu:26, pid:3573], folio[virt:0x7fbb17717000, phys:0x13166b000, pfn:0x13166b, nid:0, npages:1]
          cg.C.x-3597  [011]     0.830034: (+2)     bprint:               __handle_mm_fault: NUMAB MEM ACCESS process[nid:1, cpu:11, pid:3597], folio[virt:0x7fbb17785000, phys:0x1868552000, pfn:0x1868552, nid:1, npages:1]
          cg.C.x-3579  [038]     0.830035: (+1)     bprint:               __handle_mm_fault: NUMAB MEM ACCESS process[nid:0, cpu:38, pid:3579], folio[virt:0x7fbb17732000, phys:0x1114e9000, pfn:0x1114e9, nid:0, npages:1]
          cg.C.x-3563  [006]     0.830036: (+1)     bprint:               __handle_mm_fault: NUMAB MEM ACCESS process[nid:0, cpu:6, pid:3563], folio[virt:0x7fbb176e9000, phys:0x2fe23a000, pfn:0x2fe23a, nid:0, npages:1]
          cg.C.x-3622  [061]     0.830037: (+1)     bprint:               __handle_mm_fault: NUMAB MEM ACCESS process[nid:1, cpu:61, pid:3622], folio[virt:0x7fbb177f7000, phys:0x1867785000, pfn:0x1867785, nid:1, npages:1]
          cg.C.x-3623  [063]     0.830038: (+1)     bprint:               __handle_mm_fault: NUMAB MEM ACCESS process[nid:1, cpu:63, pid:3623], folio[virt:0x7fbb177fc000, phys:0x18577c5000, pfn:0x18577c5, nid:1, npages:1]
          cg.C.x-3571  [022]     0.830040: (+2)     bprint:               __handle_mm_fault: NUMAB MEM ACCESS process[nid:0, cpu:22, pid:3571], folio[virt:0x7fbb1770e000, phys:0x16264b000, pfn:0x16264b, nid:0, npages:1]
          cg.C.x-3595  [007]     0.830041: (+1)     bprint:               __handle_mm_fault: NUMAB MEM ACCESS process[nid:1, cpu:7, pid:3595], folio[virt:0x7fbb1777c000, phys:0x1864f5b000, pfn:0x1864f5b, nid:1, npages:1]
          cg.C.x-3593  [003]     0.830042: (+1)     bprint:               __handle_mm_fault: NUMAB MEM ACCESS process[nid:1, cpu:3, pid:3593], folio[virt:0x7fbb17773000, phys:0x1866530000, pfn:0x1866530, nid:1, npages:1]
          cg.C.x-3613  [043]     0.830043: (+1)     bprint:               __handle_mm_fault: NUMAB MEM ACCESS process[nid:1, cpu:43, pid:3613], folio[virt:0x7fbb177ce000, phys:0x186afea000, pfn:0x186afea, nid:1, npages:1]
          cg.C.x-3562  [004]     0.830044: (+1)     bprint:               __handle_mm_fault: NUMAB MEM ACCESS process[nid:0, cpu:4, pid:3562], folio[virt:0x7fbb176e5000, phys:0x2cff0a000, pfn:0x2cff0a, nid:0, npages:1]
          cg.C.x-3584  [048]     0.830045: (+1)     bprint:               __handle_mm_fault: NUMAB MEM ACCESS process[nid:0, cpu:48, pid:3584], folio[virt:0x7fbb17749000, phys:0x114980000, pfn:0x114980, nid:0, npages:1]
          cg.C.x-3568  [016]     0.830047: (+2)     bprint:               __handle_mm_fault: NUMAB MEM ACCESS process[nid:0, cpu:16, pid:3568], folio[virt:0x7fbb17700000, phys:0x171dce000, pfn:0x171dce, nid:0, npages:1]
          cg.C.x-3604  [025]     0.830048: (+1)     bprint:               __handle_mm_fault: NUMAB MEM ACCESS process[nid:1, cpu:25, pid:3604], folio[virt:0x7fbb177a5000, phys:0x185bab8000, pfn:0x185bab8, nid:1, npages:1]
          cg.C.x-3577  [034]     0.830050: (+2)     bprint:               __handle_mm_fault: NUMAB MEM ACCESS process[nid:0, cpu:34, pid:3577], folio[virt:0x7fbb17729000, phys:0x2fe270000, pfn:0x2fe270, nid:0, npages:1]
          cg.C.x-3581  [042]     0.830051: (+1)     bprint:               __handle_mm_fault: NUMAB MEM ACCESS process[nid:0, cpu:42, pid:3581], folio[virt:0x7fbb1773c000, phys:0x142b4b000, pfn:0x142b4b, nid:0, npages:1]
          cg.C.x-3565  [010]     0.830052: (+1)     bprint:               __handle_mm_fault: NUMAB MEM ACCESS process[nid:0, cpu:10, pid:3565], folio[virt:0x7fbb176f2000, phys:0x1338f5000, pfn:0x1338f5, nid:0, npages:1]
          cg.C.x-3585  [050]     0.830053: (+1)     bprint:               __handle_mm_fault: NUMAB MEM ACCESS process[nid:0, cpu:50, pid:3585], folio[virt:0x7fbb1774e000, phys:0x1256e0000, pfn:0x1256e0, nid:0, npages:1]
          cg.C.x-3612  [041]     0.830054: (+1)     bprint:               __handle_mm_fault: NUMAB MEM ACCESS process[nid:1, cpu:41, pid:3612], folio[virt:0x7fbb177ca000, phys:0x186a8e7000, pfn:0x186a8e7, nid:1, npages:1]
          cg.C.x-3621  [059]     0.830055: (+1)     bprint:               __handle_mm_fault: NUMAB MEM ACCESS process[nid:1, cpu:59, pid:3621], folio[virt:0x7fbb177f3000, phys:0x1854b7a000, pfn:0x1854b7a, nid:1, npages:1]
          cg.C.x-3610  [037]     0.830056: (+1)     bprint:               __handle_mm_fault: NUMAB MEM ACCESS process[nid:1, cpu:37, pid:3610], folio[virt:0x7fbb177c0000, phys:0x186b6b6000, pfn:0x186b6b6, nid:1, npages:1]
          cg.C.x-3561  [002]     0.830057: (+1)     bprint:               __handle_mm_fault: NUMAB MEM ACCESS process[nid:0, cpu:2, pid:3561], folio[virt:0x7fbb176e0000, phys:0x125583000, pfn:0x125583, nid:0, npages:1]
          cg.C.x-3583  [046]     0.830058: (+1)     bprint:               __handle_mm_fault: NUMAB MEM ACCESS process[nid:0, cpu:46, pid:3583], folio[virt:0x7fbb17745000, phys:0x2cffe7000, pfn:0x2cffe7, nid:0, npages:1]
          cg.C.x-3560  [000]     0.830060: (+2)     bprint:               __handle_mm_fault: NUMAB MEM ACCESS process[nid:0, cpu:0, pid:3560], folio[virt:0x7fbb176dc000, phys:0x2fca3c000, pfn:0x2fca3c, nid:0, npages:1]
          cg.C.x-3606  [029]     0.830061: (+1)     bprint:               __handle_mm_fault: NUMAB MEM ACCESS process[nid:1, cpu:29, pid:3606], folio[virt:0x7fbb177ae000, phys:0x185c196000, pfn:0x185c196, nid:1, npages:1]
