    kworker/28:1-730   [028]     0.115961: (+0)     sched_switch:         kworker/28:1:730 [120] I ==> cg.C.x:3574 [120]
     kworker/0:0-8     [000]     0.115964: (+3)     sched_waking:         comm=kworker/52:1 pid=743 prio=120 target_cpu=052
          cg.C.x-3614  [045]     0.115966: (+2)     sched_wakeup:         kworker/45:1:576 [120] CPU:045
    kworker/32:1-484   [032]     0.115967: (+1)     sched_switch:         kworker/32:1:484 [120] I ==> cg.C.x:3576 [120]
          cg.C.x-3582  [044]     0.115967: (+0)     sched_switch:         cg.C.x:3582 [120] R ==> kworker/44:2:1030 [120]
     kworker/0:0-8     [000]     0.115968: (+1)     sched_wakeup:         kworker/52:1:743 [120] CPU:052
          cg.C.x-3614  [045]     0.115969: (+1)     sched_switch:         cg.C.x:3614 [120] R ==> kworker/45:1:576 [120]
     kworker/0:0-8     [000]     0.115972: (+3)     sched_waking:         comm=kworker/55:1 pid=536 prio=120 target_cpu=055
    kworker/36:1-735   [036]     0.115972: (+0)     sched_switch:         kworker/36:1:735 [120] I ==> cg.C.x:3578 [120]
     kworker/0:0-8     [000]     0.115975: (+3)     sched_waking:         comm=kworker/56:1 pid=745 prio=120 target_cpu=056
          cg.C.x-3586  [052]     0.115976: (+1)     sched_switch:         cg.C.x:3586 [120] R ==> kworker/52:1:743 [120]
    kworker/45:1-576   [045]     0.115976: (+0)     sched_switch:         kworker/45:1:576 [120] I ==> cg.C.x:3614 [120]
          cg.C.x-3619  [055]     0.115978: (+2)     sched_wakeup:         kworker/55:1:536 [120] CPU:055
     kworker/0:0-8     [000]     0.115980: (+2)     sched_wakeup:         kworker/56:1:745 [120] CPU:056
          cg.C.x-3619  [055]     0.115982: (+2)     sched_switch:         cg.C.x:3619 [120] R ==> kworker/55:1:536 [120]
     kworker/0:0-8     [000]     0.115983: (+1)     sched_waking:         comm=kworker/59:1 pid=565 prio=120 target_cpu=059
    kworker/44:2-1030  [044]     0.115987: (+4)     sched_switch:         kworker/44:2:1030 [120] I ==> cg.C.x:3582 [120]
          cg.C.x-3588  [056]     0.115987: (+0)     sched_switch:         cg.C.x:3588 [120] R ==> kworker/56:1:745 [120]
     kworker/0:0-8     [000]     0.115987: (+0)     sched_waking:         comm=kworker/61:1 pid=502 prio=120 target_cpu=061
          cg.C.x-3621  [059]     0.115989: (+2)     sched_wakeup:         kworker/59:1:565 [120] CPU:059
    kworker/52:1-743   [052]     0.115990: (+1)     sched_switch:         kworker/52:1:743 [120] I ==> cg.C.x:3586 [120]
    kworker/55:1-536   [055]     0.115992: (+2)     sched_switch:         kworker/55:1:536 [120] I ==> cg.C.x:3619 [120]
          cg.C.x-3622  [061]     0.115992: (+0)     sched_wakeup:         kworker/61:1:502 [120] CPU:061
          cg.C.x-3621  [059]     0.115993: (+1)     sched_switch:         cg.C.x:3621 [120] R ==> kworker/59:1:565 [120]
          cg.C.x-3622  [061]     0.115995: (+2)     sched_switch:         cg.C.x:3622 [120] R ==> kworker/61:1:502 [120]
     kworker/0:0-8     [000]     0.115996: (+1)     sched_switch:         kworker/0:0:8 [120] I ==> cg.C.x:3560 [120]
    kworker/59:1-565   [059]     0.116002: (+6)     sched_switch:         kworker/59:1:565 [120] I ==> cg.C.x:3621 [120]
    kworker/61:1-502   [061]     0.116002: (+0)     sched_switch:         kworker/61:1:502 [120] I ==> cg.C.x:3622 [120]
    kworker/56:1-745   [056]     0.116003: (+1)     sched_switch:         kworker/56:1:745 [120] I ==> cg.C.x:3588 [120]
          cg.C.x-3592  [001]     0.119673: (+3670)  sched_waking:         comm=kworker/1:1 pid=2809 prio=120 target_cpu=001
          cg.C.x-3592  [001]     0.119677: (+4)     sched_wakeup:         kworker/1:1:2809 [120] CPU:001
          cg.C.x-3592  [001]     0.119679: (+2)     sched_switch:         cg.C.x:3592 [120] R ==> kworker/1:1:2809 [120]
     kworker/1:1-2809  [001]     0.119691: (+12)    sched_switch:         kworker/1:1:2809 [120] I ==> cg.C.x:3592 [120]
          cg.C.x-3565  [010]     0.203668: (+83977) bputs:                task_numa_work: NUMAB Exited task_numa_work because migration time has not arrived yet
          cg.C.x-3564  [008]     0.203668: (+0)     bputs:                task_numa_work: NUMAB Exited task_numa_work because migration time has not arrived yet
          cg.C.x-3567  [014]     0.203668: (+0)     bputs:                task_numa_work: NUMAB Exited task_numa_work because migration time has not arrived yet
          cg.C.x-3583  [046]     0.203668: (+0)     bputs:                task_numa_work: NUMAB Exited task_numa_work because migration time has not arrived yet
          cg.C.x-3578  [036]     0.203668: (+0)     bputs:                task_numa_work: NUMAB Exited task_numa_work because migration time has not arrived yet
          cg.C.x-3562  [004]     0.203668: (+0)     bputs:                task_numa_work: NUMAB Exited task_numa_work because migration time has not arrived yet
          cg.C.x-3582  [044]     0.203668: (+0)     bputs:                task_numa_work: NUMAB Exited task_numa_work because migration time has not arrived yet
          cg.C.x-3566  [012]     0.203668: (+0)     bputs:                task_numa_work: NUMAB Exited task_numa_work because migration time has not arrived yet
          cg.C.x-3572  [024]     0.203668: (+0)     bputs:                task_numa_work: NUMAB Exited task_numa_work because migration time has not arrived yet
          cg.C.x-3580  [040]     0.203668: (+0)     bputs:                task_numa_work: NUMAB Exited task_numa_work because migration time has not arrived yet
          cg.C.x-3588  [056]     0.203668: (+0)     bputs:                task_numa_work: NUMAB Exited task_numa_work because migration time has not arrived yet
          cg.C.x-3570  [020]     0.203668: (+0)     bputs:                task_numa_work: NUMAB Exited task_numa_work because migration time has not arrived yet
          cg.C.x-3568  [016]     0.203668: (+0)     bputs:                task_numa_work: NUMAB Exited task_numa_work because migration time has not arrived yet
          cg.C.x-3581  [042]     0.203668: (+0)     bputs:                task_numa_work: NUMAB Exited task_numa_work because migration time has not arrived yet
          cg.C.x-3586  [052]     0.203668: (+0)     bputs:                task_numa_work: NUMAB Exited task_numa_work because migration time has not arrived yet
          cg.C.x-3584  [048]     0.203668: (+0)     bputs:                task_numa_work: NUMAB Exited task_numa_work because migration time has not arrived yet
          cg.C.x-3569  [018]     0.203668: (+0)     bputs:                task_numa_work: NUMAB Exited task_numa_work because migration time has not arrived yet
          cg.C.x-3587  [054]     0.203668: (+0)     bputs:                task_numa_work: NUMAB Exited task_numa_work because migration time has not arrived yet
          cg.C.x-3571  [022]     0.203668: (+0)     bputs:                task_numa_work: NUMAB Exited task_numa_work because migration time has not arrived yet
          cg.C.x-3574  [028]     0.203668: (+0)     bputs:                task_numa_work: NUMAB Exited task_numa_work because migration time has not arrived yet
          cg.C.x-3590  [060]     0.203668: (+0)     bputs:                task_numa_work: NUMAB Exited task_numa_work because migration time has not arrived yet
          cg.C.x-3585  [050]     0.203668: (+0)     bputs:                task_numa_work: NUMAB Exited task_numa_work because migration time has not arrived yet
          cg.C.x-3595  [007]     0.203669: (+1)     bputs:                task_numa_work: NUMAB Exited task_numa_work because migration time has not arrived yet
          cg.C.x-3615  [047]     0.203669: (+0)     bputs:                task_numa_work: NUMAB Exited task_numa_work because migration time has not arrived yet
          cg.C.x-3575  [030]     0.203669: (+0)     bputs:                task_numa_work: NUMAB Exited task_numa_work because migration time has not arrived yet
          cg.C.x-3617  [051]     0.203669: (+0)     bputs:                task_numa_work: NUMAB Exited task_numa_work because migration time has not arrived yet
          cg.C.x-3604  [025]     0.203669: (+0)     bputs:                task_numa_work: NUMAB Exited task_numa_work because migration time has not arrived yet
          cg.C.x-3620  [057]     0.203669: (+0)     bputs:                task_numa_work: NUMAB Exited task_numa_work because migration time has not arrived yet
          cg.C.x-3591  [062]     0.203669: (+0)     bputs:                task_numa_work: NUMAB Exited task_numa_work because migration time has not arrived yet
          cg.C.x-3605  [027]     0.203669: (+0)     bputs:                task_numa_work: NUMAB Exited task_numa_work because migration time has not arrived yet
          cg.C.x-3623  [063]     0.203669: (+0)     bputs:                task_numa_work: NUMAB Exited task_numa_work because migration time has not arrived yet
          cg.C.x-3611  [039]     0.203669: (+0)     bputs:                task_numa_work: NUMAB Exited task_numa_work because migration time has not arrived yet
          cg.C.x-3621  [059]     0.203669: (+0)     bputs:                task_numa_work: NUMAB Exited task_numa_work because migration time has not arrived yet
          cg.C.x-3600  [017]     0.203669: (+0)     bputs:                task_numa_work: NUMAB Exited task_numa_work because migration time has not arrived yet
          cg.C.x-3599  [015]     0.203669: (+0)     bputs:                task_numa_work: NUMAB Exited task_numa_work because migration time has not arrived yet
          cg.C.x-3573  [026]     0.203669: (+0)     bputs:                task_numa_work: NUMAB About to scan memory
          cg.C.x-3612  [041]     0.203669: (+0)     bputs:                task_numa_work: NUMAB Exited task_numa_work because migration time has not arrived yet
          cg.C.x-3592  [001]     0.203669: (+0)     bputs:                task_numa_work: NUMAB Exited task_numa_work because migration time has not arrived yet
          cg.C.x-3597  [011]     0.203669: (+0)     bputs:                task_numa_work: NUMAB Exited task_numa_work because migration time has not arrived yet
          cg.C.x-3561  [002]     0.203669: (+0)     bputs:                task_numa_work: NUMAB Exited task_numa_work because migration time has not arrived yet
          cg.C.x-3577  [034]     0.203669: (+0)     bputs:                task_numa_work: NUMAB Exited task_numa_work because migration time has not arrived yet
          cg.C.x-3563  [006]     0.203669: (+0)     bputs:                task_numa_work: NUMAB Exited task_numa_work because migration time has not arrived yet
          cg.C.x-3579  [038]     0.203669: (+0)     bputs:                task_numa_work: NUMAB Exited task_numa_work because migration time has not arrived yet
          cg.C.x-3573  [026]     0.203676: (+7)     bprint:               change_prot_numa: NUMAB SCAN vma[start:0x56281cfe3000, end:0x56281cfe4000, from:0x56281cfe3000, to:0x56281cfe4000, size:4 KB]
          cg.C.x-3589  [058]     0.203681: (+5)     bputs:                task_numa_work: NUMAB Exited task_numa_work because migration time has not arrived yet
          cg.C.x-3573  [026]     0.203701: (+20)    bprint:               change_prot_numa: NUMAB SCAN vma[start:0x56281cfe4000, end:0x56281cfe5000, from:0x56281cfe4000, to:0x56281cfe5000, size:4 KB]
          cg.C.x-3573  [026]     0.203717: (+16)    bprint:               change_prot_numa: NUMAB SCAN vma[start:0x56281d076000, end:0x56281d097000, from:0x56281d076000, to:0x56281d097000, size:132 KB]
          cg.C.x-3573  [026]     0.203739: (+22)    bprint:               change_prot_numa: NUMAB SCAN vma[start:0x7fbadc401000, end:0x7fbadcc01000, from:0x7fbadc401000, to:0x7fbadcc01000, size:8192 KB]
          cg.C.x-3573  [026]     0.203758: (+19)    bprint:               change_prot_numa: NUMAB SCAN vma[start:0x7fbadce01000, end:0x7fbadd601000, from:0x7fbadce01000, to:0x7fbadd601000, size:8192 KB]
          cg.C.x-3623  [063]     0.203764: (+6)     bprint:               __handle_mm_fault: NUMAB MEM ACCESS process[nid:1, cpu:63, pid:3623], folio[virt:0x7fbadcbff394, phys:0x186abdb000, pfn:0x186abdb, nid:1, npages:1]
          cg.C.x-3573  [026]     0.203777: (+13)    bprint:               change_prot_numa: NUMAB SCAN vma[start:0x7fbadd801000, end:0x7fbade001000, from:0x7fbadd801000, to:0x7fbade001000, size:8192 KB]
          cg.C.x-3622  [061]     0.203780: (+3)     bprint:               __handle_mm_fault: NUMAB MEM ACCESS process[nid:1, cpu:61, pid:3622], folio[virt:0x7fbadd5ff394, phys:0x185bb9f000, pfn:0x185bb9f, nid:1, npages:1]
          cg.C.x-3573  [026]     0.203796: (+16)    bprint:               change_prot_numa: NUMAB SCAN vma[start:0x7fbade201000, end:0x7fbadea01000, from:0x7fbade201000, to:0x7fbadea01000, size:8192 KB]
          cg.C.x-3621  [059]     0.203798: (+2)     bprint:               __handle_mm_fault: NUMAB MEM ACCESS process[nid:1, cpu:59, pid:3621], folio[virt:0x7fbaddfff394, phys:0x185babf000, pfn:0x185babf, nid:1, npages:1]
          cg.C.x-3573  [026]     0.203815: (+17)    bprint:               change_prot_numa: NUMAB SCAN vma[start:0x7fbadec01000, end:0x7fbadf401000, from:0x7fbadec01000, to:0x7fbadf401000, size:8192 KB]
          cg.C.x-3620  [057]     0.203816: (+1)     bprint:               __handle_mm_fault: NUMAB MEM ACCESS process[nid:1, cpu:57, pid:3620], folio[virt:0x7fbade9ff394, phys:0x1854bf8000, pfn:0x1854bf8, nid:1, npages:1]
          cg.C.x-3573  [026]     0.203833: (+17)    bprint:               change_prot_numa: NUMAB SCAN vma[start:0x7fbadf601000, end:0x7fbadfe01000, from:0x7fbadf601000, to:0x7fbadfe01000, size:8192 KB]
          cg.C.x-3619  [055]     0.203835: (+2)     bprint:               __handle_mm_fault: NUMAB MEM ACCESS process[nid:1, cpu:55, pid:3619], folio[virt:0x7fbadf3ff394, phys:0x1856690000, pfn:0x1856690, nid:1, npages:1]
          cg.C.x-3573  [026]     0.203852: (+17)    bprint:               change_prot_numa: NUMAB SCAN vma[start:0x7fbae0001000, end:0x7fbae0801000, from:0x7fbae0001000, to:0x7fbae0801000, size:8192 KB]
          cg.C.x-3618  [053]     0.203854: (+2)     bprint:               __handle_mm_fault: NUMAB MEM ACCESS process[nid:1, cpu:53, pid:3618], folio[virt:0x7fbadfdff394, phys:0x1867807000, pfn:0x1867807, nid:1, npages:1]
          cg.C.x-3573  [026]     0.203872: (+18)    bprint:               change_prot_numa: NUMAB SCAN vma[start:0x7fbae0a01000, end:0x7fbae1201000, from:0x7fbae0a01000, to:0x7fbae1201000, size:8192 KB]
          cg.C.x-3617  [051]     0.203873: (+1)     bprint:               __handle_mm_fault: NUMAB MEM ACCESS process[nid:1, cpu:51, pid:3617], folio[virt:0x7fbae07ff688, phys:0x185b4b7000, pfn:0x185b4b7, nid:1, npages:1]
          cg.C.x-3573  [026]     0.203890: (+17)    bprint:               change_prot_numa: NUMAB SCAN vma[start:0x7fbae1401000, end:0x7fbae1c01000, from:0x7fbae1401000, to:0x7fbae1c01000, size:8192 KB]
          cg.C.x-3616  [049]     0.203892: (+2)     bprint:               __handle_mm_fault: NUMAB MEM ACCESS process[nid:1, cpu:49, pid:3616], folio[virt:0x7fbae11ff394, phys:0x185c2fb000, pfn:0x185c2fb, nid:1, npages:1]
          cg.C.x-3573  [026]     0.203908: (+16)    bprint:               change_prot_numa: NUMAB SCAN vma[start:0x7fbae1e01000, end:0x7fbae2601000, from:0x7fbae1e01000, to:0x7fbae2601000, size:8192 KB]
          cg.C.x-3615  [047]     0.203910: (+2)     bprint:               __handle_mm_fault: NUMAB MEM ACCESS process[nid:1, cpu:47, pid:3615], folio[virt:0x7fbae1bff394, phys:0x1868858000, pfn:0x1868858, nid:1, npages:1]
          cg.C.x-3573  [026]     0.203927: (+17)    bprint:               change_prot_numa: NUMAB SCAN vma[start:0x7fbae2801000, end:0x7fbae3001000, from:0x7fbae2801000, to:0x7fbae3001000, size:8192 KB]
          cg.C.x-3614  [045]     0.203929: (+2)     bprint:               __handle_mm_fault: NUMAB MEM ACCESS process[nid:1, cpu:45, pid:3614], folio[virt:0x7fbae25ff394, phys:0x1867735000, pfn:0x1867735, nid:1, npages:1]
          cg.C.x-3573  [026]     0.203946: (+17)    bprint:               change_prot_numa: NUMAB SCAN vma[start:0x7fbae3201000, end:0x7fbae3a01000, from:0x7fbae3201000, to:0x7fbae3a01000, size:8192 KB]
          cg.C.x-3613  [043]     0.203948: (+2)     bprint:               __handle_mm_fault: NUMAB MEM ACCESS process[nid:1, cpu:43, pid:3613], folio[virt:0x7fbae2fff394, phys:0x1857321000, pfn:0x1857321, nid:1, npages:1]
          cg.C.x-3573  [026]     0.203964: (+16)    bprint:               change_prot_numa: NUMAB SCAN vma[start:0x7fbae3c01000, end:0x7fbae4401000, from:0x7fbae3c01000, to:0x7fbae4401000, size:8192 KB]
          cg.C.x-3612  [041]     0.203966: (+2)     bprint:               __handle_mm_fault: NUMAB MEM ACCESS process[nid:1, cpu:41, pid:3612], folio[virt:0x7fbae39ff394, phys:0x1865a83000, pfn:0x1865a83, nid:1, npages:1]
          cg.C.x-3573  [026]     0.203982: (+16)    bprint:               change_prot_numa: NUMAB SCAN vma[start:0x7fbae4601000, end:0x7fbae4e01000, from:0x7fbae4601000, to:0x7fbae4e01000, size:8192 KB]
          cg.C.x-3611  [039]     0.203984: (+2)     bprint:               __handle_mm_fault: NUMAB MEM ACCESS process[nid:1, cpu:39, pid:3611], folio[virt:0x7fbae43ff394, phys:0x1865a47000, pfn:0x1865a47, nid:1, npages:1]
          cg.C.x-3573  [026]     0.204001: (+17)    bprint:               change_prot_numa: NUMAB SCAN vma[start:0x7fbae5001000, end:0x7fbae5801000, from:0x7fbae5001000, to:0x7fbae5801000, size:8192 KB]
          cg.C.x-3610  [037]     0.204003: (+2)     bprint:               __handle_mm_fault: NUMAB MEM ACCESS process[nid:1, cpu:37, pid:3610], folio[virt:0x7fbae4dff394, phys:0x186a6f3000, pfn:0x186a6f3, nid:1, npages:1]
          cg.C.x-3573  [026]     0.204019: (+16)    bprint:               change_prot_numa: NUMAB SCAN vma[start:0x7fbae5a01000, end:0x7fbae6201000, from:0x7fbae5a01000, to:0x7fbae6201000, size:8192 KB]
          cg.C.x-3609  [035]     0.204022: (+3)     bprint:               __handle_mm_fault: NUMAB MEM ACCESS process[nid:1, cpu:35, pid:3609], folio[virt:0x7fbae57ff394, phys:0x185b9d5000, pfn:0x185b9d5, nid:1, npages:1]
          cg.C.x-3573  [026]     0.204038: (+16)    bprint:               change_prot_numa: NUMAB SCAN vma[start:0x7fbae6401000, end:0x7fbae6c01000, from:0x7fbae6401000, to:0x7fbae6c01000, size:8192 KB]
          cg.C.x-3608  [033]     0.204040: (+2)     bprint:               __handle_mm_fault: NUMAB MEM ACCESS process[nid:1, cpu:33, pid:3608], folio[virt:0x7fbae61ff394, phys:0x1863a88000, pfn:0x1863a88, nid:1, npages:1]
          cg.C.x-3573  [026]     0.204057: (+17)    bprint:               change_prot_numa: NUMAB SCAN vma[start:0x7fbae6e01000, end:0x7fbae7601000, from:0x7fbae6e01000, to:0x7fbae7601000, size:8192 KB]
          cg.C.x-3607  [031]     0.204058: (+1)     bprint:               __handle_mm_fault: NUMAB MEM ACCESS process[nid:1, cpu:31, pid:3607], folio[virt:0x7fbae6bff394, phys:0x18685ce000, pfn:0x18685ce, nid:1, npages:1]
          cg.C.x-3573  [026]     0.204075: (+17)    bprint:               change_prot_numa: NUMAB SCAN vma[start:0x7fbae7801000, end:0x7fbae8001000, from:0x7fbae7801000, to:0x7fbae8001000, size:8192 KB]
          cg.C.x-3606  [029]     0.204076: (+1)     bprint:               __handle_mm_fault: NUMAB MEM ACCESS process[nid:1, cpu:29, pid:3606], folio[virt:0x7fbae75ff394, phys:0x185756f000, pfn:0x185756f, nid:1, npages:1]
          cg.C.x-3573  [026]     0.204093: (+17)    bprint:               change_prot_numa: NUMAB SCAN vma[start:0x7fbae8201000, end:0x7fbae8a01000, from:0x7fbae8201000, to:0x7fbae8a01000, size:8192 KB]
          cg.C.x-3605  [027]     0.204094: (+1)     bprint:               __handle_mm_fault: NUMAB MEM ACCESS process[nid:1, cpu:27, pid:3605], folio[virt:0x7fbae7fff394, phys:0x185756c000, pfn:0x185756c, nid:1, npages:1]
          cg.C.x-3573  [026]     0.204111: (+17)    bprint:               change_prot_numa: NUMAB SCAN vma[start:0x7fbae8c01000, end:0x7fbae9401000, from:0x7fbae8c01000, to:0x7fbae9401000, size:8192 KB]
          cg.C.x-3604  [025]     0.204112: (+1)     bprint:               __handle_mm_fault: NUMAB MEM ACCESS process[nid:1, cpu:25, pid:3604], folio[virt:0x7fbae89ff394, phys:0x1868466000, pfn:0x1868466, nid:1, npages:1]
          cg.C.x-3573  [026]     0.204130: (+18)    bprint:               change_prot_numa: NUMAB SCAN vma[start:0x7fbae9601000, end:0x7fbae9e01000, from:0x7fbae9601000, to:0x7fbae9e01000, size:8192 KB]
          cg.C.x-3603  [023]     0.204131: (+1)     bprint:               __handle_mm_fault: NUMAB MEM ACCESS process[nid:1, cpu:23, pid:3603], folio[virt:0x7fbae93ff394, phys:0x1858f33000, pfn:0x1858f33, nid:1, npages:1]
          cg.C.x-3573  [026]     0.204147: (+16)    bprint:               change_prot_numa: NUMAB SCAN vma[start:0x7fbaea001000, end:0x7fbaea801000, from:0x7fbaea001000, to:0x7fbaea801000, size:8192 KB]
          cg.C.x-3602  [021]     0.204149: (+2)     bprint:               __handle_mm_fault: NUMAB MEM ACCESS process[nid:1, cpu:21, pid:3602], folio[virt:0x7fbae9dff394, phys:0x1858fb8000, pfn:0x1858fb8, nid:1, npages:1]
          cg.C.x-3573  [026]     0.204166: (+17)    bprint:               change_prot_numa: NUMAB SCAN vma[start:0x7fbaeaa01000, end:0x7fbaeb201000, from:0x7fbaeaa01000, to:0x7fbaeb201000, size:8192 KB]
          cg.C.x-3601  [019]     0.204167: (+1)     bprint:               __handle_mm_fault: NUMAB MEM ACCESS process[nid:1, cpu:19, pid:3601], folio[virt:0x7fbaea7ff688, phys:0x18684a2000, pfn:0x18684a2, nid:1, npages:1]
          cg.C.x-3573  [026]     0.204184: (+17)    bprint:               change_prot_numa: NUMAB SCAN vma[start:0x7fbaeb401000, end:0x7fbaebc01000, from:0x7fbaeb401000, to:0x7fbaebc01000, size:8192 KB]
          cg.C.x-3600  [017]     0.204185: (+1)     bprint:               __handle_mm_fault: NUMAB MEM ACCESS process[nid:1, cpu:17, pid:3600], folio[virt:0x7fbaeb1ff394, phys:0x186a8e6000, pfn:0x186a8e6, nid:1, npages:1]
          cg.C.x-3573  [026]     0.204203: (+18)    bprint:               change_prot_numa: NUMAB SCAN vma[start:0x7fbaebe01000, end:0x7fbaec601000, from:0x7fbaebe01000, to:0x7fbaec601000, size:8192 KB]
          cg.C.x-3599  [015]     0.204204: (+1)     bprint:               __handle_mm_fault: NUMAB MEM ACCESS process[nid:1, cpu:15, pid:3599], folio[virt:0x7fbaebbff388, phys:0x303f0ca000, pfn:0x303f0ca, nid:1, npages:1]
          cg.C.x-3573  [026]     0.204220: (+16)    bprint:               change_prot_numa: NUMAB SCAN vma[start:0x7fbaec801000, end:0x7fbaed001000, from:0x7fbaec801000, to:0x7fbaed001000, size:8192 KB]
          cg.C.x-3598  [013]     0.204222: (+2)     bprint:               __handle_mm_fault: NUMAB MEM ACCESS process[nid:1, cpu:13, pid:3598], folio[virt:0x7fbaec5ff394, phys:0x18549b2000, pfn:0x18549b2, nid:1, npages:1]
          cg.C.x-3573  [026]     0.204239: (+17)    bprint:               change_prot_numa: NUMAB SCAN vma[start:0x7fbaed201000, end:0x7fbaeda01000, from:0x7fbaed201000, to:0x7fbaeda01000, size:8192 KB]
          cg.C.x-3597  [011]     0.204241: (+2)     bprint:               __handle_mm_fault: NUMAB MEM ACCESS process[nid:1, cpu:11, pid:3597], folio[virt:0x7fbaecfff394, phys:0x1867a16000, pfn:0x1867a16, nid:1, npages:1]
          cg.C.x-3573  [026]     0.204257: (+16)    bprint:               change_prot_numa: NUMAB SCAN vma[start:0x7fbaedc01000, end:0x7fbaee401000, from:0x7fbaedc01000, to:0x7fbaee401000, size:8192 KB]
          cg.C.x-3596  [009]     0.204258: (+1)     bprint:               __handle_mm_fault: NUMAB MEM ACCESS process[nid:1, cpu:9, pid:3596], folio[virt:0x7fbaed9ff394, phys:0x1863a20000, pfn:0x1863a20, nid:1, npages:1]
          cg.C.x-3573  [026]     0.204276: (+18)    bprint:               change_prot_numa: NUMAB SCAN vma[start:0x7fbaee601000, end:0x7fbaeee01000, from:0x7fbaee601000, to:0x7fbaeee01000, size:8192 KB]
          cg.C.x-3595  [007]     0.204277: (+1)     bprint:               __handle_mm_fault: NUMAB MEM ACCESS process[nid:1, cpu:7, pid:3595], folio[virt:0x7fbaee3ff394, phys:0x1868900000, pfn:0x1868900, nid:1, npages:1]
          cg.C.x-3573  [026]     0.204294: (+17)    bprint:               change_prot_numa: NUMAB SCAN vma[start:0x7fbaef001000, end:0x7fbaef801000, from:0x7fbaef001000, to:0x7fbaef801000, size:8192 KB]
          cg.C.x-3594  [005]     0.204295: (+1)     bprint:               __handle_mm_fault: NUMAB MEM ACCESS process[nid:1, cpu:5, pid:3594], folio[virt:0x7fbaeedff394, phys:0x18659df000, pfn:0x18659df, nid:1, npages:1]
          cg.C.x-3573  [026]     0.204313: (+18)    bprint:               change_prot_numa: NUMAB SCAN vma[start:0x7fbaefa01000, end:0x7fbaf0201000, from:0x7fbaefa01000, to:0x7fbaf0200000, size:8188 KB]
          cg.C.x-3593  [003]     0.204315: (+2)     bprint:               __handle_mm_fault: NUMAB MEM ACCESS process[nid:1, cpu:3, pid:3593], folio[virt:0x7fbaef7ff394, phys:0x1854b05000, pfn:0x1854b05, nid:1, npages:1]
          cg.C.x-3592  [001]     0.204333: (+18)    bprint:               __handle_mm_fault: NUMAB MEM ACCESS process[nid:1, cpu:1, pid:3592], folio[virt:0x7fbaf01ff394, phys:0x1857036000, pfn:0x1857036, nid:1, npages:1]
          cg.C.x-3560  [000]     0.263670: (+59337) sched_waking:         comm=kworker/0:0 pid=8 prio=120 target_cpu=000
          cg.C.x-3560  [000]     0.263676: (+6)     sched_wakeup:         kworker/0:0:8 [120] CPU:000
          cg.C.x-3560  [000]     0.267674: (+3998)  sched_switch:         cg.C.x:3560 [120] R ==> kworker/0:0:8 [120]
     kworker/0:0-8     [000]     0.267734: (+60)    sched_switch:         kworker/0:0:8 [120] I ==> cg.C.x:3560 [120]
          cg.C.x-3614  [045]     0.281501: (+13767) sched_waking:         comm=ntpd pid=1756 prio=0 target_cpu=045
          cg.C.x-3614  [045]     0.281511: (+10)    sched_wakeup:         ntpd:1756 [0] CPU:045
          cg.C.x-3614  [045]     0.281521: (+10)    sched_switch:         cg.C.x:3614 [120] R ==> ntpd:1756 [0]
            ntpd-1756  [045]     0.281567: (+46)    sched_switch:         ntpd:1756 [0] S ==> cg.C.x:3614 [120]
          cg.C.x-3614  [045]     0.281578: (+11)    bprint:               __handle_mm_fault: NUMAB MEM ACCESS process[nid:1, cpu:45, pid:3614], folio[virt:0x7fbae2600fe8, phys:0x2fca2b000, pfn:0x2fca2b, nid:0, npages:1]
          cg.C.x-3614  [045]     0.281581: (+3)     bprint:               __handle_mm_fault: NUMAB TRY MEM MIGR process[nid:1, cpu:45, pid:3614], folio[virt:0x7fbae2600fe8, phys:0x2fca2b000, nid:0], target_nid:1
          cg.C.x-3614  [045]     0.281605: (+24)    bprint:               __handle_mm_fault: NUMAB COMPLETED MEM MIGR process[nid:1, cpu:45, pid:3614], old[phys:0x2fca2b000, nid:0, npages:1], new[phys:0x185bdad000, nid:1, npages:1]
          cg.C.x-3597  [011]     0.303676: (+22071) bprint:               __handle_mm_fault: NUMAB MEM ACCESS process[nid:1, cpu:11, pid:3597], folio[virt:0x7fbaed000fe8, phys:0x350f19000, pfn:0x350f19, nid:0, npages:1]
          cg.C.x-3596  [009]     0.303676: (+0)     bprint:               __handle_mm_fault: NUMAB MEM ACCESS process[nid:1, cpu:9, pid:3596], folio[virt:0x7fbaeda00fe8, phys:0x350f18000, pfn:0x350f18, nid:0, npages:1]
          cg.C.x-3612  [041]     0.303676: (+0)     bprint:               __handle_mm_fault: NUMAB MEM ACCESS process[nid:1, cpu:41, pid:3612], folio[virt:0x7fbae3a00fe8, phys:0x2fca29000, pfn:0x2fca29, nid:0, npages:1]
          cg.C.x-3613  [043]     0.303676: (+0)     bprint:               __handle_mm_fault: NUMAB MEM ACCESS process[nid:1, cpu:43, pid:3613], folio[virt:0x7fbae3000fe8, phys:0x2fca2a000, pfn:0x2fca2a, nid:0, npages:1]
          cg.C.x-3617  [051]     0.303676: (+0)     bprint:               __handle_mm_fault: NUMAB MEM ACCESS process[nid:1, cpu:51, pid:3617], folio[virt:0x7fbae0800fe8, phys:0x2fca2f000, pfn:0x2fca2f, nid:0, npages:1]
          cg.C.x-3608  [033]     0.303676: (+0)     bprint:               __handle_mm_fault: NUMAB MEM ACCESS process[nid:1, cpu:33, pid:3608], folio[virt:0x7fbae6200fe8, phys:0x2fca25000, pfn:0x2fca25, nid:0, npages:1]
          cg.C.x-3605  [027]     0.303676: (+0)     bprint:               __handle_mm_fault: NUMAB MEM ACCESS process[nid:1, cpu:27, pid:3605], folio[virt:0x7fbae8000fe8, phys:0x2fca22000, pfn:0x2fca22, nid:0, npages:1]
          cg.C.x-3621  [059]     0.303676: (+0)     bprint:               __handle_mm_fault: NUMAB MEM ACCESS process[nid:1, cpu:59, pid:3621], folio[virt:0x7fbade000fe8, phys:0x2fca33000, pfn:0x2fca33, nid:0, npages:1]
          cg.C.x-3609  [035]     0.303676: (+0)     bprint:               __handle_mm_fault: NUMAB MEM ACCESS process[nid:1, cpu:35, pid:3609], folio[virt:0x7fbae5800fe8, phys:0x2fca26000, pfn:0x2fca26, nid:0, npages:1]
          cg.C.x-3622  [061]     0.303676: (+0)     bprint:               __handle_mm_fault: NUMAB MEM ACCESS process[nid:1, cpu:61, pid:3622], folio[virt:0x7fbadd600fe8, phys:0x2fca34000, pfn:0x2fca34, nid:0, npages:1]
          cg.C.x-3593  [003]     0.303676: (+0)     bprint:               __handle_mm_fault: NUMAB MEM ACCESS process[nid:1, cpu:3, pid:3593], folio[virt:0x7fbaef800fe8, phys:0x2fca65000, pfn:0x2fca65, nid:0, npages:1]
          cg.C.x-3601  [019]     0.303676: (+0)     bprint:               __handle_mm_fault: NUMAB MEM ACCESS process[nid:1, cpu:19, pid:3601], folio[virt:0x7fbaea800fe8, phys:0x350f1d000, pfn:0x350f1d, nid:0, npages:1]
          cg.C.x-3602  [021]     0.303677: (+1)     bprint:               __handle_mm_fault: NUMAB MEM ACCESS process[nid:1, cpu:21, pid:3602], folio[virt:0x7fbae9e00fe8, phys:0x350f1e000, pfn:0x350f1e, nid:0, npages:1]
          cg.C.x-3615  [047]     0.303678: (+1)     bprint:               __handle_mm_fault: NUMAB MEM ACCESS process[nid:1, cpu:47, pid:3615], folio[virt:0x7fbae1c00fe8, phys:0x2fca2c000, pfn:0x2fca2c, nid:0, npages:1]
          cg.C.x-3599  [015]     0.303678: (+0)     bprint:               __handle_mm_fault: NUMAB MEM ACCESS process[nid:1, cpu:15, pid:3599], folio[virt:0x7fbaebc00fe8, phys:0x350f1b000, pfn:0x350f1b, nid:0, npages:1]
          cg.C.x-3607  [031]     0.303678: (+0)     bprint:               __handle_mm_fault: NUMAB MEM ACCESS process[nid:1, cpu:31, pid:3607], folio[virt:0x7fbae6c00fe8, phys:0x2fca24000, pfn:0x2fca24, nid:0, npages:1]
          cg.C.x-3600  [017]     0.303679: (+1)     bprint:               __handle_mm_fault: NUMAB MEM ACCESS process[nid:1, cpu:17, pid:3600], folio[virt:0x7fbaeb200fe8, phys:0x350f1c000, pfn:0x350f1c, nid:0, npages:1]
          cg.C.x-3623  [063]     0.303679: (+0)     bprint:               __handle_mm_fault: NUMAB MEM ACCESS process[nid:1, cpu:63, pid:3623], folio[virt:0x7fbadcc00fe8, phys:0x2fca35000, pfn:0x2fca35, nid:0, npages:1]
          cg.C.x-3616  [049]     0.303679: (+0)     bprint:               __handle_mm_fault: NUMAB MEM ACCESS process[nid:1, cpu:49, pid:3616], folio[virt:0x7fbae1200fe8, phys:0x2fca2d000, pfn:0x2fca2d, nid:0, npages:1]
          cg.C.x-3618  [053]     0.303679: (+0)     bprint:               __handle_mm_fault: NUMAB MEM ACCESS process[nid:1, cpu:53, pid:3618], folio[virt:0x7fbadfe00fe8, phys:0x2fca30000, pfn:0x2fca30, nid:0, npages:1]
          cg.C.x-3604  [025]     0.303679: (+0)     bprint:               __handle_mm_fault: NUMAB MEM ACCESS process[nid:1, cpu:25, pid:3604], folio[virt:0x7fbae8a00fe8, phys:0x2fca20000, pfn:0x2fca20, nid:0, npages:1]
          cg.C.x-3602  [021]     0.303680: (+1)     bprint:               __handle_mm_fault: NUMAB TRY MEM MIGR process[nid:1, cpu:21, pid:3602], folio[virt:0x7fbae9e00fe8, phys:0x350f1e000, nid:0], target_nid:1
          cg.C.x-3613  [043]     0.303680: (+0)     bprint:               __handle_mm_fault: NUMAB TRY MEM MIGR process[nid:1, cpu:43, pid:3613], folio[virt:0x7fbae3000fe8, phys:0x2fca2a000, nid:0], target_nid:1
          cg.C.x-3597  [011]     0.303680: (+0)     bprint:               __handle_mm_fault: NUMAB TRY MEM MIGR process[nid:1, cpu:11, pid:3597], folio[virt:0x7fbaed000fe8, phys:0x350f19000, nid:0], target_nid:1
          cg.C.x-3609  [035]     0.303680: (+0)     bprint:               __handle_mm_fault: NUMAB TRY MEM MIGR process[nid:1, cpu:35, pid:3609], folio[virt:0x7fbae5800fe8, phys:0x2fca26000, nid:0], target_nid:1
          cg.C.x-3593  [003]     0.303680: (+0)     bprint:               __handle_mm_fault: NUMAB TRY MEM MIGR process[nid:1, cpu:3, pid:3593], folio[virt:0x7fbaef800fe8, phys:0x2fca65000, nid:0], target_nid:1
          cg.C.x-3622  [061]     0.303680: (+0)     bprint:               __handle_mm_fault: NUMAB TRY MEM MIGR process[nid:1, cpu:61, pid:3622], folio[virt:0x7fbadd600fe8, phys:0x2fca34000, nid:0], target_nid:1
          cg.C.x-3601  [019]     0.303680: (+0)     bprint:               __handle_mm_fault: NUMAB TRY MEM MIGR process[nid:1, cpu:19, pid:3601], folio[virt:0x7fbaea800fe8, phys:0x350f1d000, nid:0], target_nid:1
          cg.C.x-3599  [015]     0.303680: (+0)     bprint:               __handle_mm_fault: NUMAB TRY MEM MIGR process[nid:1, cpu:15, pid:3599], folio[virt:0x7fbaebc00fe8, phys:0x350f1b000, nid:0], target_nid:1
          cg.C.x-3617  [051]     0.303680: (+0)     bprint:               __handle_mm_fault: NUMAB TRY MEM MIGR process[nid:1, cpu:51, pid:3617], folio[virt:0x7fbae0800fe8, phys:0x2fca2f000, nid:0], target_nid:1
          cg.C.x-3620  [057]     0.303680: (+0)     bprint:               __handle_mm_fault: NUMAB MEM ACCESS process[nid:1, cpu:57, pid:3620], folio[virt:0x7fbadea00fe8, phys:0x2fca32000, pfn:0x2fca32, nid:0, npages:1]
          cg.C.x-3615  [047]     0.303680: (+0)     bprint:               __handle_mm_fault: NUMAB TRY MEM MIGR process[nid:1, cpu:47, pid:3615], folio[virt:0x7fbae1c00fe8, phys:0x2fca2c000, nid:0], target_nid:1
          cg.C.x-3608  [033]     0.303680: (+0)     bprint:               __handle_mm_fault: NUMAB TRY MEM MIGR process[nid:1, cpu:33, pid:3608], folio[virt:0x7fbae6200fe8, phys:0x2fca25000, nid:0], target_nid:1
          cg.C.x-3596  [009]     0.303680: (+0)     bprint:               __handle_mm_fault: NUMAB TRY MEM MIGR process[nid:1, cpu:9, pid:3596], folio[virt:0x7fbaeda00fe8, phys:0x350f18000, nid:0], target_nid:1
          cg.C.x-3612  [041]     0.303680: (+0)     bprint:               __handle_mm_fault: NUMAB TRY MEM MIGR process[nid:1, cpu:41, pid:3612], folio[virt:0x7fbae3a00fe8, phys:0x2fca29000, nid:0], target_nid:1
          cg.C.x-3605  [027]     0.303680: (+0)     bprint:               __handle_mm_fault: NUMAB TRY MEM MIGR process[nid:1, cpu:27, pid:3605], folio[virt:0x7fbae8000fe8, phys:0x2fca22000, nid:0], target_nid:1
          cg.C.x-3621  [059]     0.303680: (+0)     bprint:               __handle_mm_fault: NUMAB TRY MEM MIGR process[nid:1, cpu:59, pid:3621], folio[virt:0x7fbade000fe8, phys:0x2fca33000, nid:0], target_nid:1
          cg.C.x-3607  [031]     0.303680: (+0)     bprint:               __handle_mm_fault: NUMAB TRY MEM MIGR process[nid:1, cpu:31, pid:3607], folio[virt:0x7fbae6c00fe8, phys:0x2fca24000, nid:0], target_nid:1
          cg.C.x-3618  [053]     0.303680: (+0)     bprint:               __handle_mm_fault: NUMAB TRY MEM MIGR process[nid:1, cpu:53, pid:3618], folio[virt:0x7fbadfe00fe8, phys:0x2fca30000, nid:0], target_nid:1
          cg.C.x-3623  [063]     0.303680: (+0)     bprint:               __handle_mm_fault: NUMAB TRY MEM MIGR process[nid:1, cpu:63, pid:3623], folio[virt:0x7fbadcc00fe8, phys:0x2fca35000, nid:0], target_nid:1
          cg.C.x-3600  [017]     0.303680: (+0)     bprint:               __handle_mm_fault: NUMAB TRY MEM MIGR process[nid:1, cpu:17, pid:3600], folio[virt:0x7fbaeb200fe8, phys:0x350f1c000, nid:0], target_nid:1
          cg.C.x-3616  [049]     0.303680: (+0)     bprint:               __handle_mm_fault: NUMAB TRY MEM MIGR process[nid:1, cpu:49, pid:3616], folio[virt:0x7fbae1200fe8, phys:0x2fca2d000, nid:0], target_nid:1
          cg.C.x-3603  [023]     0.303680: (+0)     bprint:               __handle_mm_fault: NUMAB MEM ACCESS process[nid:1, cpu:23, pid:3603], folio[virt:0x7fbae9400fe8, phys:0x350f1f000, pfn:0x350f1f, nid:0, npages:1]
          cg.C.x-3619  [055]     0.303681: (+1)     bprint:               __handle_mm_fault: NUMAB MEM ACCESS process[nid:1, cpu:55, pid:3619], folio[virt:0x7fbadf400fe8, phys:0x2fca31000, pfn:0x2fca31, nid:0, npages:1]
          cg.C.x-3604  [025]     0.303681: (+0)     bprint:               __handle_mm_fault: NUMAB TRY MEM MIGR process[nid:1, cpu:25, pid:3604], folio[virt:0x7fbae8a00fe8, phys:0x2fca20000, nid:0], target_nid:1
          cg.C.x-3594  [005]     0.303681: (+0)     bprint:               __handle_mm_fault: NUMAB MEM ACCESS process[nid:1, cpu:5, pid:3594], folio[virt:0x7fbaeee00fe8, phys:0x2fca66000, pfn:0x2fca66, nid:0, npages:1]
          cg.C.x-3610  [037]     0.303681: (+0)     bprint:               __handle_mm_fault: NUMAB MEM ACCESS process[nid:1, cpu:37, pid:3610], folio[virt:0x7fbae4e00fe8, phys:0x2fca27000, pfn:0x2fca27, nid:0, npages:1]
          cg.C.x-3620  [057]     0.303681: (+0)     bprint:               __handle_mm_fault: NUMAB TRY MEM MIGR process[nid:1, cpu:57, pid:3620], folio[virt:0x7fbadea00fe8, phys:0x2fca32000, nid:0], target_nid:1
          cg.C.x-3595  [007]     0.303681: (+0)     bprint:               __handle_mm_fault: NUMAB MEM ACCESS process[nid:1, cpu:7, pid:3595], folio[virt:0x7fbaee400fe8, phys:0x2fca67000, pfn:0x2fca67, nid:0, npages:1]
          cg.C.x-3611  [039]     0.303681: (+0)     bprint:               __handle_mm_fault: NUMAB MEM ACCESS process[nid:1, cpu:39, pid:3611], folio[virt:0x7fbae4400fe8, phys:0x2fca28000, pfn:0x2fca28, nid:0, npages:1]
          cg.C.x-3619  [055]     0.303682: (+1)     bprint:               __handle_mm_fault: NUMAB TRY MEM MIGR process[nid:1, cpu:55, pid:3619], folio[virt:0x7fbadf400fe8, phys:0x2fca31000, nid:0], target_nid:1
          cg.C.x-3603  [023]     0.303682: (+0)     bprint:               __handle_mm_fault: NUMAB TRY MEM MIGR process[nid:1, cpu:23, pid:3603], folio[virt:0x7fbae9400fe8, phys:0x350f1f000, nid:0], target_nid:1
          cg.C.x-3610  [037]     0.303683: (+1)     bprint:               __handle_mm_fault: NUMAB TRY MEM MIGR process[nid:1, cpu:37, pid:3610], folio[virt:0x7fbae4e00fe8, phys:0x2fca27000, nid:0], target_nid:1
          cg.C.x-3594  [005]     0.303683: (+0)     bprint:               __handle_mm_fault: NUMAB TRY MEM MIGR process[nid:1, cpu:5, pid:3594], folio[virt:0x7fbaeee00fe8, phys:0x2fca66000, nid:0], target_nid:1
          cg.C.x-3595  [007]     0.303683: (+0)     bprint:               __handle_mm_fault: NUMAB TRY MEM MIGR process[nid:1, cpu:7, pid:3595], folio[virt:0x7fbaee400fe8, phys:0x2fca67000, nid:0], target_nid:1
          cg.C.x-3611  [039]     0.303683: (+0)     bprint:               __handle_mm_fault: NUMAB TRY MEM MIGR process[nid:1, cpu:39, pid:3611], folio[virt:0x7fbae4400fe8, phys:0x2fca28000, nid:0], target_nid:1
          cg.C.x-3620  [057]     0.303702: (+19)    bprint:               __handle_mm_fault: NUMAB COMPLETED MEM MIGR process[nid:1, cpu:57, pid:3620], old[phys:0x2fca32000, nid:0, npages:1], new[phys:0x186b19d000, nid:1, npages:1]
          cg.C.x-3604  [025]     0.303702: (+0)     bprint:               __handle_mm_fault: NUMAB COMPLETED MEM MIGR process[nid:1, cpu:25, pid:3604], old[phys:0x2fca20000, nid:0, npages:1], new[phys:0x1858790000, nid:1, npages:1]
          cg.C.x-3596  [009]     0.303702: (+0)     bprint:               __handle_mm_fault: NUMAB COMPLETED MEM MIGR process[nid:1, cpu:9, pid:3596], old[phys:0x350f18000, nid:0, npages:1], new[phys:0x185b818000, nid:1, npages:1]
          cg.C.x-3607  [031]     0.303702: (+0)     bprint:               __handle_mm_fault: NUMAB COMPLETED MEM MIGR process[nid:1, cpu:31, pid:3607], old[phys:0x2fca24000, nid:0, npages:1], new[phys:0x186b01f000, nid:1, npages:1]
          cg.C.x-3623  [063]     0.303702: (+0)     bprint:               __handle_mm_fault: NUMAB COMPLETED MEM MIGR process[nid:1, cpu:63, pid:3623], old[phys:0x2fca35000, nid:0, npages:1], new[phys:0x185b97d000, nid:1, npages:1]
          cg.C.x-3612  [041]     0.303702: (+0)     bprint:               __handle_mm_fault: NUMAB COMPLETED MEM MIGR process[nid:1, cpu:41, pid:3612], old[phys:0x2fca29000, nid:0, npages:1], new[phys:0x185c9b3000, nid:1, npages:1]
          cg.C.x-3605  [027]     0.303702: (+0)     bprint:               __handle_mm_fault: NUMAB COMPLETED MEM MIGR process[nid:1, cpu:27, pid:3605], old[phys:0x2fca22000, nid:0, npages:1], new[phys:0x186ab87000, nid:1, npages:1]
          cg.C.x-3621  [059]     0.303702: (+0)     bprint:               __handle_mm_fault: NUMAB COMPLETED MEM MIGR process[nid:1, cpu:59, pid:3621], old[phys:0x2fca33000, nid:0, npages:1], new[phys:0x1854b78000, nid:1, npages:1]
          cg.C.x-3601  [019]     0.303702: (+0)     bprint:               __handle_mm_fault: NUMAB COMPLETED MEM MIGR process[nid:1, cpu:19, pid:3601], old[phys:0x350f1d000, nid:0, npages:1], new[phys:0x1858cb5000, nid:1, npages:1]
          cg.C.x-3609  [035]     0.303702: (+0)     bprint:               __handle_mm_fault: NUMAB COMPLETED MEM MIGR process[nid:1, cpu:35, pid:3609], old[phys:0x2fca26000, nid:0, npages:1], new[phys:0x1867be6000, nid:1, npages:1]
          cg.C.x-3617  [051]     0.303702: (+0)     bprint:               __handle_mm_fault: NUMAB COMPLETED MEM MIGR process[nid:1, cpu:51, pid:3617], old[phys:0x2fca2f000, nid:0, npages:1], new[phys:0x185bb62000, nid:1, npages:1]
          cg.C.x-3593  [003]     0.303702: (+0)     bprint:               __handle_mm_fault: NUMAB COMPLETED MEM MIGR process[nid:1, cpu:3, pid:3593], old[phys:0x2fca65000, nid:0, npages:1], new[phys:0x186af44000, nid:1, npages:1]
          cg.C.x-3600  [017]     0.303702: (+0)     bprint:               __handle_mm_fault: NUMAB COMPLETED MEM MIGR process[nid:1, cpu:17, pid:3600], old[phys:0x350f1c000, nid:0, npages:1], new[phys:0x186af92000, nid:1, npages:1]
          cg.C.x-3616  [049]     0.303702: (+0)     bprint:               __handle_mm_fault: NUMAB COMPLETED MEM MIGR process[nid:1, cpu:49, pid:3616], old[phys:0x2fca2d000, nid:0, npages:1], new[phys:0x185ba0c000, nid:1, npages:1]
          cg.C.x-3613  [043]     0.303703: (+1)     bprint:               __handle_mm_fault: NUMAB COMPLETED MEM MIGR process[nid:1, cpu:43, pid:3613], old[phys:0x2fca2a000, nid:0, npages:1], new[phys:0x185975b000, nid:1, npages:1]
          cg.C.x-3597  [011]     0.303703: (+0)     bprint:               __handle_mm_fault: NUMAB COMPLETED MEM MIGR process[nid:1, cpu:11, pid:3597], old[phys:0x350f19000, nid:0, npages:1], new[phys:0x185b3f3000, nid:1, npages:1]
          cg.C.x-3622  [061]     0.303704: (+1)     bprint:               __handle_mm_fault: NUMAB COMPLETED MEM MIGR process[nid:1, cpu:61, pid:3622], old[phys:0x2fca34000, nid:0, npages:1], new[phys:0x186b01a000, nid:1, npages:1]
          cg.C.x-3615  [047]     0.303706: (+2)     bprint:               __handle_mm_fault: NUMAB COMPLETED MEM MIGR process[nid:1, cpu:47, pid:3615], old[phys:0x2fca2c000, nid:0, npages:1], new[phys:0x1857318000, nid:1, npages:1]
          cg.C.x-3599  [015]     0.303706: (+0)     bprint:               __handle_mm_fault: NUMAB COMPLETED MEM MIGR process[nid:1, cpu:15, pid:3599], old[phys:0x350f1b000, nid:0, npages:1], new[phys:0x1859f40000, nid:1, npages:1]
          cg.C.x-3619  [055]     0.303707: (+1)     bprint:               __handle_mm_fault: NUMAB COMPLETED MEM MIGR process[nid:1, cpu:55, pid:3619], old[phys:0x2fca31000, nid:0, npages:1], new[phys:0x1864d15000, nid:1, npages:1]
          cg.C.x-3603  [023]     0.303707: (+0)     bprint:               __handle_mm_fault: NUMAB COMPLETED MEM MIGR process[nid:1, cpu:23, pid:3603], old[phys:0x350f1f000, nid:0, npages:1], new[phys:0x18595eb000, nid:1, npages:1]
          cg.C.x-3608  [033]     0.303708: (+1)     bprint:               __handle_mm_fault: NUMAB COMPLETED MEM MIGR process[nid:1, cpu:33, pid:3608], old[phys:0x2fca25000, nid:0, npages:1], new[phys:0x185b117000, nid:1, npages:1]
          cg.C.x-3602  [021]     0.303709: (+1)     bprint:               __handle_mm_fault: NUMAB COMPLETED MEM MIGR process[nid:1, cpu:21, pid:3602], old[phys:0x350f1e000, nid:0, npages:1], new[phys:0x186664d000, nid:1, npages:1]
          cg.C.x-3618  [053]     0.303709: (+0)     bprint:               __handle_mm_fault: NUMAB COMPLETED MEM MIGR process[nid:1, cpu:53, pid:3618], old[phys:0x2fca30000, nid:0, npages:1], new[phys:0x186a012000, nid:1, npages:1]
          cg.C.x-3610  [037]     0.303711: (+2)     bprint:               __handle_mm_fault: NUMAB COMPLETED MEM MIGR process[nid:1, cpu:37, pid:3610], old[phys:0x2fca27000, nid:0, npages:1], new[phys:0x185c3de000, nid:1, npages:1]
          cg.C.x-3594  [005]     0.303711: (+0)     bprint:               __handle_mm_fault: NUMAB COMPLETED MEM MIGR process[nid:1, cpu:5, pid:3594], old[phys:0x2fca66000, nid:0, npages:1], new[phys:0x185c4ba000, nid:1, npages:1]
          cg.C.x-3611  [039]     0.303712: (+1)     bprint:               __handle_mm_fault: NUMAB COMPLETED MEM MIGR process[nid:1, cpu:39, pid:3611], old[phys:0x2fca28000, nid:0, npages:1], new[phys:0x186785e000, nid:1, npages:1]
          cg.C.x-3595  [007]     0.303712: (+0)     bprint:               __handle_mm_fault: NUMAB COMPLETED MEM MIGR process[nid:1, cpu:7, pid:3595], old[phys:0x2fca67000, nid:0, npages:1], new[phys:0x185c0c4000, nid:1, npages:1]
          cg.C.x-3563  [006]     0.311671: (+7959)  sched_waking:         comm=kworker/6:1 pid=710 prio=120 target_cpu=006
          cg.C.x-3563  [006]     0.311677: (+6)     sched_wakeup:         kworker/6:1:710 [120] CPU:006
          cg.C.x-3563  [006]     0.315673: (+3996)  sched_switch:         cg.C.x:3563 [120] R ==> kworker/6:1:710 [120]
     kworker/6:1-710   [006]     0.315706: (+33)    sched_switch:         kworker/6:1:710 [120] I ==> cg.C.x:3563 [120]
          cg.C.x-3563  [006]     0.375670: (+59964) sched_waking:         comm=kcompactd0 pid=474 prio=120 target_cpu=006
          cg.C.x-3595  [007]     0.375670: (+0)     sched_waking:         comm=kcompactd1 pid=475 prio=120 target_cpu=007
          cg.C.x-3563  [006]     0.375683: (+13)    sched_wakeup:         kcompactd0:474 [120] CPU:006
          cg.C.x-3595  [007]     0.375686: (+3)     sched_wakeup:         kcompactd1:475 [120] CPU:007
          cg.C.x-3563  [006]     0.375689: (+3)     sched_switch:         cg.C.x:3563 [120] R ==> kcompactd0:474 [120]
          cg.C.x-3595  [007]     0.375692: (+3)     sched_switch:         cg.C.x:3595 [120] R ==> kcompactd1:475 [120]
      kcompactd0-474   [006]     0.375700: (+8)     sched_switch:         kcompactd0:474 [120] S ==> cg.C.x:3563 [120]
      kcompactd1-475   [007]     0.375702: (+2)     sched_switch:         kcompactd1:475 [120] S ==> cg.C.x:3595 [120]
          cg.C.x-3586  [052]     0.403668: (+27966) bputs:                task_numa_work: NUMAB Exited task_numa_work because migration time has not arrived yet
          cg.C.x-3578  [036]     0.403668: (+0)     bputs:                task_numa_work: NUMAB Exited task_numa_work because migration time has not arrived yet
          cg.C.x-3591  [062]     0.403668: (+0)     bputs:                task_numa_work: NUMAB Exited task_numa_work because migration time has not arrived yet
          cg.C.x-3575  [030]     0.403668: (+0)     bputs:                task_numa_work: NUMAB Exited task_numa_work because migration time has not arrived yet
          cg.C.x-3570  [020]     0.403668: (+0)     bputs:                task_numa_work: NUMAB Exited task_numa_work because migration time has not arrived yet
          cg.C.x-3582  [044]     0.403668: (+0)     bputs:                task_numa_work: NUMAB Exited task_numa_work because migration time has not arrived yet
          cg.C.x-3562  [004]     0.403668: (+0)     bputs:                task_numa_work: NUMAB Exited task_numa_work because migration time has not arrived yet
          cg.C.x-3579  [038]     0.403668: (+0)     bputs:                task_numa_work: NUMAB Exited task_numa_work because migration time has not arrived yet
          cg.C.x-3589  [058]     0.403668: (+0)     bputs:                task_numa_work: NUMAB Exited task_numa_work because migration time has not arrived yet
          cg.C.x-3573  [026]     0.403668: (+0)     bputs:                task_numa_work: NUMAB Exited task_numa_work because migration time has not arrived yet
          cg.C.x-3563  [006]     0.403668: (+0)     bputs:                task_numa_work: NUMAB Exited task_numa_work because migration time has not arrived yet
          cg.C.x-3584  [048]     0.403668: (+0)     bputs:                task_numa_work: NUMAB Exited task_numa_work because migration time has not arrived yet
          cg.C.x-3566  [012]     0.403668: (+0)     bputs:                task_numa_work: NUMAB Exited task_numa_work because migration time has not arrived yet
          cg.C.x-3568  [016]     0.403668: (+0)     bputs:                task_numa_work: NUMAB Exited task_numa_work because migration time has not arrived yet
          cg.C.x-3572  [024]     0.403669: (+1)     bputs:                task_numa_work: NUMAB Exited task_numa_work because migration time has not arrived yet
          cg.C.x-3588  [056]     0.403669: (+0)     bputs:                task_numa_work: NUMAB Exited task_numa_work because migration time has not arrived yet
          cg.C.x-3590  [060]     0.403669: (+0)     bputs:                task_numa_work: NUMAB Exited task_numa_work because migration time has not arrived yet
          cg.C.x-3574  [028]     0.403669: (+0)     bputs:                task_numa_work: NUMAB Exited task_numa_work because migration time has not arrived yet
          cg.C.x-3622  [061]     0.403669: (+0)     bputs:                task_numa_work: NUMAB Exited task_numa_work because migration time has not arrived yet
          cg.C.x-3606  [029]     0.403669: (+0)     bputs:                task_numa_work: NUMAB Exited task_numa_work because migration time has not arrived yet
