    kworker/36:1-735   [036]     0.172896: (+2)     sched_switch:         kworker/36:1:735 [120] I ==> cg.C.x:3313 [120]
     kworker/0:0-8     [000]     0.172897: (+1)     sched_wakeup:         kworker/40:1:736 [120] CPU:040
          cg.C.x-3346  [039]     0.172898: (+1)     sched_wakeup:         kworker/39:1:594 [120] CPU:039
     kworker/0:0-8     [000]     0.172899: (+1)     sched_waking:         comm=kworker/45:1 pid=576 prio=120 target_cpu=045
          cg.C.x-3315  [040]     0.172900: (+1)     sched_switch:         cg.C.x:3315 [120] R ==> kworker/40:1:736 [120]
    kworker/38:1-737   [038]     0.172902: (+2)     sched_switch:         kworker/38:1:737 [120] I ==> cg.C.x:3314 [120]
          cg.C.x-3346  [039]     0.172902: (+0)     sched_switch:         cg.C.x:3346 [120] R ==> kworker/39:1:594 [120]
    kworker/35:1-489   [035]     0.172902: (+0)     sched_switch:         kworker/35:1:489 [120] I ==> cg.C.x:3344 [120]
     kworker/0:0-8     [000]     0.172902: (+0)     sched_waking:         comm=kworker/52:1 pid=743 prio=120 target_cpu=052
     kworker/0:0-8     [000]     0.172905: (+3)     sched_wakeup:         kworker/52:1:743 [120] CPU:052
          cg.C.x-3349  [045]     0.172905: (+0)     sched_wakeup:         kworker/45:1:576 [120] CPU:045
     kworker/0:0-8     [000]     0.172907: (+2)     sched_waking:         comm=kworker/53:0 pid=337 prio=120 target_cpu=053
    kworker/40:1-736   [040]     0.172907: (+0)     sched_switch:         kworker/40:1:736 [120] I ==> cg.C.x:3315 [120]
          cg.C.x-3349  [045]     0.172909: (+2)     sched_switch:         cg.C.x:3349 [120] R ==> kworker/45:1:576 [120]
          cg.C.x-3321  [052]     0.172910: (+1)     sched_switch:         cg.C.x:3321 [120] R ==> kworker/52:1:743 [120]
     kworker/0:0-8     [000]     0.172911: (+1)     sched_waking:         comm=kworker/55:1 pid=536 prio=120 target_cpu=055
          cg.C.x-3353  [053]     0.172911: (+0)     sched_wakeup:         kworker/53:0:337 [120] CPU:053
    kworker/39:1-594   [039]     0.172911: (+0)     sched_switch:         kworker/39:1:594 [120] I ==> cg.C.x:3346 [120]
     kworker/0:0-8     [000]     0.172913: (+2)     sched_waking:         comm=kworker/58:1 pid=595 prio=120 target_cpu=058
          cg.C.x-3353  [053]     0.172915: (+2)     sched_switch:         cg.C.x:3353 [120] R ==> kworker/53:0:337 [120]
     kworker/0:0-8     [000]     0.172916: (+1)     sched_wakeup:         kworker/58:1:595 [120] CPU:058
          cg.C.x-3354  [055]     0.172916: (+0)     sched_wakeup:         kworker/55:1:536 [120] CPU:055
    kworker/45:1-576   [045]     0.172917: (+1)     sched_switch:         kworker/45:1:576 [120] I ==> cg.C.x:3349 [120]
     kworker/0:0-8     [000]     0.172918: (+1)     sched_waking:         comm=kworker/59:1 pid=565 prio=120 target_cpu=059
          cg.C.x-3354  [055]     0.172919: (+1)     sched_switch:         cg.C.x:3354 [120] R ==> kworker/55:1:536 [120]
    kworker/52:1-743   [052]     0.172919: (+0)     sched_switch:         kworker/52:1:743 [120] I ==> cg.C.x:3321 [120]
          cg.C.x-3324  [058]     0.172921: (+2)     sched_switch:         cg.C.x:3324 [120] R ==> kworker/58:1:595 [120]
     kworker/0:0-8     [000]     0.172922: (+1)     sched_switch:         kworker/0:0:8 [120] I ==> cg.C.x:3295 [120]
          cg.C.x-3356  [059]     0.172923: (+1)     sched_wakeup:         kworker/59:1:565 [120] CPU:059
    kworker/53:0-337   [053]     0.172924: (+1)     sched_switch:         kworker/53:0:337 [120] I ==> cg.C.x:3353 [120]
          cg.C.x-3356  [059]     0.172926: (+2)     sched_switch:         cg.C.x:3356 [120] R ==> kworker/59:1:565 [120]
    kworker/55:1-536   [055]     0.172926: (+0)     sched_switch:         kworker/55:1:536 [120] I ==> cg.C.x:3354 [120]
    kworker/58:1-595   [058]     0.172931: (+5)     sched_switch:         kworker/58:1:595 [120] I ==> cg.C.x:3324 [120]
    kworker/59:1-565   [059]     0.172935: (+4)     sched_switch:         kworker/59:1:565 [120] I ==> cg.C.x:3356 [120]
          cg.C.x-3298  [006]     0.176660: (+3725)  sched_switch:         cg.C.x:3298 [120] R ==> kworker/6:1:710 [120]
     kworker/6:1-710   [006]     0.176668: (+8)     sched_switch:         kworker/6:1:710 [120] I ==> cg.C.x:3298 [120]
          cg.C.x-3297  [004]     0.200656: (+23988) bputs:                task_numa_work: NUMAB Exited task_numa_work because migration time has not arrived yet
          cg.C.x-3315  [040]     0.200656: (+0)     bputs:                task_numa_work: NUMAB About to scan memory
          cg.C.x-3310  [030]     0.200656: (+0)     bputs:                task_numa_work: NUMAB Exited task_numa_work because migration time has not arrived yet
          cg.C.x-3326  [062]     0.200656: (+0)     bputs:                task_numa_work: NUMAB Exited task_numa_work because migration time has not arrived yet
          cg.C.x-3323  [056]     0.200656: (+0)     bputs:                task_numa_work: NUMAB Exited task_numa_work because migration time has not arrived yet
          cg.C.x-3307  [024]     0.200656: (+0)     bputs:                task_numa_work: NUMAB Exited task_numa_work because migration time has not arrived yet
          cg.C.x-3299  [008]     0.200656: (+0)     bputs:                task_numa_work: NUMAB Exited task_numa_work because migration time has not arrived yet
          cg.C.x-3331  [009]     0.200656: (+0)     bputs:                task_numa_work: NUMAB Exited task_numa_work because migration time has not arrived yet
          cg.C.x-3318  [046]     0.200656: (+0)     bputs:                task_numa_work: NUMAB Exited task_numa_work because migration time has not arrived yet
          cg.C.x-3302  [014]     0.200656: (+0)     bputs:                task_numa_work: NUMAB Exited task_numa_work because migration time has not arrived yet
          cg.C.x-3309  [028]     0.200656: (+0)     bputs:                task_numa_work: NUMAB Exited task_numa_work because migration time has not arrived yet
          cg.C.x-3356  [059]     0.200656: (+0)     bputs:                task_numa_work: NUMAB Exited task_numa_work because migration time has not arrived yet
          cg.C.x-3340  [027]     0.200656: (+0)     bputs:                task_numa_work: NUMAB Exited task_numa_work because migration time has not arrived yet
          cg.C.x-3325  [060]     0.200656: (+0)     bputs:                task_numa_work: NUMAB Exited task_numa_work because migration time has not arrived yet
          cg.C.x-3353  [053]     0.200656: (+0)     bputs:                task_numa_work: NUMAB Exited task_numa_work because migration time has not arrived yet
          cg.C.x-3306  [022]     0.200656: (+0)     bputs:                task_numa_work: NUMAB Exited task_numa_work because migration time has not arrived yet
          cg.C.x-3341  [029]     0.200656: (+0)     bputs:                task_numa_work: NUMAB Exited task_numa_work because migration time has not arrived yet
          cg.C.x-3357  [061]     0.200656: (+0)     bputs:                task_numa_work: NUMAB Exited task_numa_work because migration time has not arrived yet
          cg.C.x-3304  [018]     0.200656: (+0)     bputs:                task_numa_work: NUMAB Exited task_numa_work because migration time has not arrived yet
          cg.C.x-3337  [021]     0.200656: (+0)     bputs:                task_numa_work: NUMAB Exited task_numa_work because migration time has not arrived yet
          cg.C.x-3321  [052]     0.200656: (+0)     bputs:                task_numa_work: NUMAB Exited task_numa_work because migration time has not arrived yet
          cg.C.x-3305  [020]     0.200656: (+0)     bputs:                task_numa_work: NUMAB Exited task_numa_work because migration time has not arrived yet
          cg.C.x-3296  [002]     0.200656: (+0)     bputs:                task_numa_work: NUMAB Exited task_numa_work because migration time has not arrived yet
          cg.C.x-3344  [035]     0.200656: (+0)     bputs:                task_numa_work: NUMAB Exited task_numa_work because migration time has not arrived yet
          cg.C.x-3312  [034]     0.200656: (+0)     bputs:                task_numa_work: NUMAB Exited task_numa_work because migration time has not arrived yet
          cg.C.x-3352  [051]     0.200656: (+0)     bputs:                task_numa_work: NUMAB Exited task_numa_work because migration time has not arrived yet
          cg.C.x-3316  [042]     0.200656: (+0)     bputs:                task_numa_work: NUMAB Exited task_numa_work because migration time has not arrived yet
          cg.C.x-3354  [055]     0.200657: (+1)     bputs:                task_numa_work: NUMAB Exited task_numa_work because migration time has not arrived yet
          cg.C.x-3338  [023]     0.200657: (+0)     bputs:                task_numa_work: NUMAB Exited task_numa_work because migration time has not arrived yet
          cg.C.x-3343  [033]     0.200657: (+0)     bputs:                task_numa_work: NUMAB Exited task_numa_work because migration time has not arrived yet
          cg.C.x-3327  [001]     0.200657: (+0)     bputs:                task_numa_work: NUMAB Exited task_numa_work because migration time has not arrived yet
          cg.C.x-3315  [040]     0.200663: (+6)     bprint:               change_prot_numa: NUMAB SCAN vma[start:0x55c4b2c4b000, end:0x55c4b2c4c000, from:0x55c4b2c4b000, to:0x55c4b2c4c000, size:4 KB]
          cg.C.x-3313  [036]     0.200670: (+7)     bputs:                task_numa_work: NUMAB Exited task_numa_work because migration time has not arrived yet
          cg.C.x-3315  [040]     0.200690: (+20)    bprint:               change_prot_numa: NUMAB SCAN vma[start:0x55c4b2c4c000, end:0x55c4b2c4d000, from:0x55c4b2c4c000, to:0x55c4b2c4d000, size:4 KB]
          cg.C.x-3315  [040]     0.200705: (+15)    bprint:               change_prot_numa: NUMAB SCAN vma[start:0x55c4b390d000, end:0x55c4b392e000, from:0x55c4b390d000, to:0x55c4b392e000, size:132 KB]
          cg.C.x-3315  [040]     0.200728: (+23)    bprint:               change_prot_numa: NUMAB SCAN vma[start:0x7f36d3e01000, end:0x7f36d4601000, from:0x7f36d3e01000, to:0x7f36d4601000, size:8192 KB]
          cg.C.x-3315  [040]     0.200746: (+18)    bprint:               change_prot_numa: NUMAB SCAN vma[start:0x7f36d4801000, end:0x7f36d5001000, from:0x7f36d4801000, to:0x7f36d5001000, size:8192 KB]
          cg.C.x-3358  [063]     0.200754: (+8)     bprint:               __handle_mm_fault: NUMAB MEM ACCESS process[nid:1, cpu:63, pid:3358], folio[virt:0x7f36d45ff394, phys:0x185b92a000, pfn:0x185b92a, nid:1, npages:1]
          cg.C.x-3315  [040]     0.200765: (+11)    bprint:               change_prot_numa: NUMAB SCAN vma[start:0x7f36d5201000, end:0x7f36d5a01000, from:0x7f36d5201000, to:0x7f36d5a01000, size:8192 KB]
          cg.C.x-3357  [061]     0.200768: (+3)     bprint:               __handle_mm_fault: NUMAB MEM ACCESS process[nid:1, cpu:61, pid:3357], folio[virt:0x7f36d4fff394, phys:0x1864d04000, pfn:0x1864d04, nid:1, npages:1]
          cg.C.x-3315  [040]     0.200784: (+16)    bprint:               change_prot_numa: NUMAB SCAN vma[start:0x7f36d5c01000, end:0x7f36d6401000, from:0x7f36d5c01000, to:0x7f36d6401000, size:8192 KB]
          cg.C.x-3356  [059]     0.200786: (+2)     bprint:               __handle_mm_fault: NUMAB MEM ACCESS process[nid:1, cpu:59, pid:3356], folio[virt:0x7f36d59ff394, phys:0x186b1d0000, pfn:0x186b1d0, nid:1, npages:1]
          cg.C.x-3315  [040]     0.200804: (+18)    bprint:               change_prot_numa: NUMAB SCAN vma[start:0x7f36d6601000, end:0x7f36d6e01000, from:0x7f36d6601000, to:0x7f36d6e01000, size:8192 KB]
          cg.C.x-3355  [057]     0.200805: (+1)     bprint:               __handle_mm_fault: NUMAB MEM ACCESS process[nid:1, cpu:57, pid:3355], folio[virt:0x7f36d63ff394, phys:0x1868734000, pfn:0x1868734, nid:1, npages:1]
          cg.C.x-3315  [040]     0.200822: (+17)    bprint:               change_prot_numa: NUMAB SCAN vma[start:0x7f36d7001000, end:0x7f36d7801000, from:0x7f36d7001000, to:0x7f36d7801000, size:8192 KB]
          cg.C.x-3354  [055]     0.200824: (+2)     bprint:               __handle_mm_fault: NUMAB MEM ACCESS process[nid:1, cpu:55, pid:3354], folio[virt:0x7f36d6dff394, phys:0x186b4fa000, pfn:0x186b4fa, nid:1, npages:1]
          cg.C.x-3315  [040]     0.200842: (+18)    bprint:               change_prot_numa: NUMAB SCAN vma[start:0x7f36d7a01000, end:0x7f36d8201000, from:0x7f36d7a01000, to:0x7f36d8201000, size:8192 KB]
          cg.C.x-3353  [053]     0.200843: (+1)     bprint:               __handle_mm_fault: NUMAB MEM ACCESS process[nid:1, cpu:53, pid:3353], folio[virt:0x7f36d77ff394, phys:0x1868865000, pfn:0x1868865, nid:1, npages:1]
          cg.C.x-3315  [040]     0.200861: (+18)    bprint:               change_prot_numa: NUMAB SCAN vma[start:0x7f36d8401000, end:0x7f36d8c01000, from:0x7f36d8401000, to:0x7f36d8c01000, size:8192 KB]
          cg.C.x-3352  [051]     0.200863: (+2)     bprint:               __handle_mm_fault: NUMAB MEM ACCESS process[nid:1, cpu:51, pid:3352], folio[virt:0x7f36d81ff394, phys:0x1858d0b000, pfn:0x1858d0b, nid:1, npages:1]
          cg.C.x-3315  [040]     0.200880: (+17)    bprint:               change_prot_numa: NUMAB SCAN vma[start:0x7f36d8e01000, end:0x7f36d9601000, from:0x7f36d8e01000, to:0x7f36d9601000, size:8192 KB]
          cg.C.x-3351  [049]     0.200882: (+2)     bprint:               __handle_mm_fault: NUMAB MEM ACCESS process[nid:1, cpu:49, pid:3351], folio[virt:0x7f36d8bff394, phys:0x186a65a000, pfn:0x186a65a, nid:1, npages:1]
          cg.C.x-3315  [040]     0.200899: (+17)    bprint:               change_prot_numa: NUMAB SCAN vma[start:0x7f36d9801000, end:0x7f36da001000, from:0x7f36d9801000, to:0x7f36da001000, size:8192 KB]
          cg.C.x-3350  [047]     0.200901: (+2)     bprint:               __handle_mm_fault: NUMAB MEM ACCESS process[nid:1, cpu:47, pid:3350], folio[virt:0x7f36d95ff394, phys:0x186a3ac000, pfn:0x186a3ac, nid:1, npages:1]
          cg.C.x-3315  [040]     0.200918: (+17)    bprint:               change_prot_numa: NUMAB SCAN vma[start:0x7f36da201000, end:0x7f36daa01000, from:0x7f36da201000, to:0x7f36daa01000, size:8192 KB]
          cg.C.x-3349  [045]     0.200919: (+1)     bprint:               __handle_mm_fault: NUMAB MEM ACCESS process[nid:1, cpu:45, pid:3349], folio[virt:0x7f36d9fff394, phys:0x1858d5a000, pfn:0x1858d5a, nid:1, npages:1]
          cg.C.x-3315  [040]     0.200936: (+17)    bprint:               change_prot_numa: NUMAB SCAN vma[start:0x7f36dac01000, end:0x7f36db401000, from:0x7f36dac01000, to:0x7f36db401000, size:8192 KB]
          cg.C.x-3348  [043]     0.200938: (+2)     bprint:               __handle_mm_fault: NUMAB MEM ACCESS process[nid:1, cpu:43, pid:3348], folio[virt:0x7f36da9ff394, phys:0x1864e0e000, pfn:0x1864e0e, nid:1, npages:1]
          cg.C.x-3315  [040]     0.200954: (+16)    bprint:               change_prot_numa: NUMAB SCAN vma[start:0x7f36db601000, end:0x7f36dbe01000, from:0x7f36db601000, to:0x7f36dbe01000, size:8192 KB]
          cg.C.x-3347  [041]     0.200956: (+2)     bprint:               __handle_mm_fault: NUMAB MEM ACCESS process[nid:1, cpu:41, pid:3347], folio[virt:0x7f36db3ff394, phys:0x185b40a000, pfn:0x185b40a, nid:1, npages:1]
          cg.C.x-3315  [040]     0.200973: (+17)    bprint:               change_prot_numa: NUMAB SCAN vma[start:0x7f36dc001000, end:0x7f36dc801000, from:0x7f36dc001000, to:0x7f36dc801000, size:8192 KB]
          cg.C.x-3346  [039]     0.200975: (+2)     bprint:               __handle_mm_fault: NUMAB MEM ACCESS process[nid:1, cpu:39, pid:3346], folio[virt:0x7f36dbdff394, phys:0x186744c000, pfn:0x186744c, nid:1, npages:1]
          cg.C.x-3315  [040]     0.200993: (+18)    bprint:               change_prot_numa: NUMAB SCAN vma[start:0x7f36dca01000, end:0x7f36dd201000, from:0x7f36dca01000, to:0x7f36dd201000, size:8192 KB]
          cg.C.x-3345  [037]     0.200995: (+2)     bprint:               __handle_mm_fault: NUMAB MEM ACCESS process[nid:1, cpu:37, pid:3345], folio[virt:0x7f36dc7ff394, phys:0x303f3a5000, pfn:0x303f3a5, nid:1, npages:1]
          cg.C.x-3315  [040]     0.201011: (+16)    bprint:               change_prot_numa: NUMAB SCAN vma[start:0x7f36dd401000, end:0x7f36ddc01000, from:0x7f36dd401000, to:0x7f36ddc01000, size:8192 KB]
          cg.C.x-3344  [035]     0.201013: (+2)     bprint:               __handle_mm_fault: NUMAB MEM ACCESS process[nid:1, cpu:35, pid:3344], folio[virt:0x7f36dd1ff394, phys:0x186a63e000, pfn:0x186a63e, nid:1, npages:1]
          cg.C.x-3315  [040]     0.201029: (+16)    bprint:               change_prot_numa: NUMAB SCAN vma[start:0x7f36dde01000, end:0x7f36de601000, from:0x7f36dde01000, to:0x7f36de601000, size:8192 KB]
          cg.C.x-3343  [033]     0.201031: (+2)     bprint:               __handle_mm_fault: NUMAB MEM ACCESS process[nid:1, cpu:33, pid:3343], folio[virt:0x7f36ddbff394, phys:0x186a6c7000, pfn:0x186a6c7, nid:1, npages:1]
          cg.C.x-3315  [040]     0.201047: (+16)    bprint:               change_prot_numa: NUMAB SCAN vma[start:0x7f36de801000, end:0x7f36df001000, from:0x7f36de801000, to:0x7f36df001000, size:8192 KB]
          cg.C.x-3342  [031]     0.201049: (+2)     bprint:               __handle_mm_fault: NUMAB MEM ACCESS process[nid:1, cpu:31, pid:3342], folio[virt:0x7f36de5ff394, phys:0x186b999000, pfn:0x186b999, nid:1, npages:1]
          cg.C.x-3315  [040]     0.201066: (+17)    bprint:               change_prot_numa: NUMAB SCAN vma[start:0x7f36df201000, end:0x7f36dfa01000, from:0x7f36df201000, to:0x7f36dfa01000, size:8192 KB]
          cg.C.x-3341  [029]     0.201067: (+1)     bprint:               __handle_mm_fault: NUMAB MEM ACCESS process[nid:1, cpu:29, pid:3341], folio[virt:0x7f36defff394, phys:0x185b9d0000, pfn:0x185b9d0, nid:1, npages:1]
          cg.C.x-3315  [040]     0.201085: (+18)    bprint:               change_prot_numa: NUMAB SCAN vma[start:0x7f36dfc01000, end:0x7f36e0401000, from:0x7f36dfc01000, to:0x7f36e0401000, size:8192 KB]
          cg.C.x-3340  [027]     0.201086: (+1)     bprint:               __handle_mm_fault: NUMAB MEM ACCESS process[nid:1, cpu:27, pid:3340], folio[virt:0x7f36df9ff394, phys:0x186892f000, pfn:0x186892f, nid:1, npages:1]
          cg.C.x-3315  [040]     0.201103: (+17)    bprint:               change_prot_numa: NUMAB SCAN vma[start:0x7f36e0601000, end:0x7f36e0e01000, from:0x7f36e0601000, to:0x7f36e0e01000, size:8192 KB]
          cg.C.x-3339  [025]     0.201105: (+2)     bprint:               __handle_mm_fault: NUMAB MEM ACCESS process[nid:1, cpu:25, pid:3339], folio[virt:0x7f36e03ff394, phys:0x1865b53000, pfn:0x1865b53, nid:1, npages:1]
          cg.C.x-3315  [040]     0.201121: (+16)    bprint:               change_prot_numa: NUMAB SCAN vma[start:0x7f36e1001000, end:0x7f36e1801000, from:0x7f36e1001000, to:0x7f36e1801000, size:8192 KB]
          cg.C.x-3338  [023]     0.201123: (+2)     bprint:               __handle_mm_fault: NUMAB MEM ACCESS process[nid:1, cpu:23, pid:3338], folio[virt:0x7f36e0dff394, phys:0x1865066000, pfn:0x1865066, nid:1, npages:1]
          cg.C.x-3315  [040]     0.201140: (+17)    bprint:               change_prot_numa: NUMAB SCAN vma[start:0x7f36e1a01000, end:0x7f36e2201000, from:0x7f36e1a01000, to:0x7f36e2201000, size:8192 KB]
          cg.C.x-3337  [021]     0.201141: (+1)     bprint:               __handle_mm_fault: NUMAB MEM ACCESS process[nid:1, cpu:21, pid:3337], folio[virt:0x7f36e17ff388, phys:0x1859ebd000, pfn:0x1859ebd, nid:1, npages:1]
          cg.C.x-3315  [040]     0.201159: (+18)    bprint:               change_prot_numa: NUMAB SCAN vma[start:0x7f36e2401000, end:0x7f36e2c01000, from:0x7f36e2401000, to:0x7f36e2c01000, size:8192 KB]
          cg.C.x-3336  [019]     0.201160: (+1)     bprint:               __handle_mm_fault: NUMAB MEM ACCESS process[nid:1, cpu:19, pid:3336], folio[virt:0x7f36e21ff394, phys:0x1857411000, pfn:0x1857411, nid:1, npages:1]
          cg.C.x-3315  [040]     0.201177: (+17)    bprint:               change_prot_numa: NUMAB SCAN vma[start:0x7f36e2e01000, end:0x7f36e3601000, from:0x7f36e2e01000, to:0x7f36e3601000, size:8192 KB]
          cg.C.x-3335  [017]     0.201178: (+1)     bprint:               __handle_mm_fault: NUMAB MEM ACCESS process[nid:1, cpu:17, pid:3335], folio[virt:0x7f36e2bff394, phys:0x1858f41000, pfn:0x1858f41, nid:1, npages:1]
          cg.C.x-3315  [040]     0.201195: (+17)    bprint:               change_prot_numa: NUMAB SCAN vma[start:0x7f36e3801000, end:0x7f36e4001000, from:0x7f36e3801000, to:0x7f36e4001000, size:8192 KB]
          cg.C.x-3334  [015]     0.201197: (+2)     bprint:               __handle_mm_fault: NUMAB MEM ACCESS process[nid:1, cpu:15, pid:3334], folio[virt:0x7f36e35ff394, phys:0x1859f94000, pfn:0x1859f94, nid:1, npages:1]
          cg.C.x-3315  [040]     0.201214: (+17)    bprint:               change_prot_numa: NUMAB SCAN vma[start:0x7f36e4201000, end:0x7f36e4a01000, from:0x7f36e4201000, to:0x7f36e4a01000, size:8192 KB]
          cg.C.x-3333  [013]     0.201215: (+1)     bprint:               __handle_mm_fault: NUMAB MEM ACCESS process[nid:1, cpu:13, pid:3333], folio[virt:0x7f36e3fff394, phys:0x186b4ba000, pfn:0x186b4ba, nid:1, npages:1]
          cg.C.x-3315  [040]     0.201232: (+17)    bprint:               change_prot_numa: NUMAB SCAN vma[start:0x7f36e4c01000, end:0x7f36e5401000, from:0x7f36e4c01000, to:0x7f36e5401000, size:8192 KB]
          cg.C.x-3332  [011]     0.201233: (+1)     bprint:               __handle_mm_fault: NUMAB MEM ACCESS process[nid:1, cpu:11, pid:3332], folio[virt:0x7f36e49ff394, phys:0x185b81d000, pfn:0x185b81d, nid:1, npages:1]
          cg.C.x-3315  [040]     0.201250: (+17)    bprint:               change_prot_numa: NUMAB SCAN vma[start:0x7f36e5601000, end:0x7f36e5e01000, from:0x7f36e5601000, to:0x7f36e5e01000, size:8192 KB]
          cg.C.x-3331  [009]     0.201252: (+2)     bprint:               __handle_mm_fault: NUMAB MEM ACCESS process[nid:1, cpu:9, pid:3331], folio[virt:0x7f36e53ff394, phys:0x185c094000, pfn:0x185c094, nid:1, npages:1]
          cg.C.x-3315  [040]     0.201269: (+17)    bprint:               change_prot_numa: NUMAB SCAN vma[start:0x7f36e6001000, end:0x7f36e6801000, from:0x7f36e6001000, to:0x7f36e6801000, size:8192 KB]
          cg.C.x-3330  [007]     0.201270: (+1)     bprint:               __handle_mm_fault: NUMAB MEM ACCESS process[nid:1, cpu:7, pid:3330], folio[virt:0x7f36e5dff394, phys:0x18570ef000, pfn:0x18570ef, nid:1, npages:1]
          cg.C.x-3315  [040]     0.201287: (+17)    bprint:               change_prot_numa: NUMAB SCAN vma[start:0x7f36e6a01000, end:0x7f36e7201000, from:0x7f36e6a01000, to:0x7f36e7201000, size:8192 KB]
          cg.C.x-3329  [005]     0.201289: (+2)     bprint:               __handle_mm_fault: NUMAB MEM ACCESS process[nid:1, cpu:5, pid:3329], folio[virt:0x7f36e67ff394, phys:0x303f13b000, pfn:0x303f13b, nid:1, npages:1]
          cg.C.x-3315  [040]     0.201305: (+16)    bprint:               change_prot_numa: NUMAB SCAN vma[start:0x7f36e7401000, end:0x7f36e7c01000, from:0x7f36e7401000, to:0x7f36e7c01000, size:8192 KB]
          cg.C.x-3328  [003]     0.201306: (+1)     bprint:               __handle_mm_fault: NUMAB MEM ACCESS process[nid:1, cpu:3, pid:3328], folio[virt:0x7f36e71ff394, phys:0x1858d56000, pfn:0x1858d56, nid:1, npages:1]
          cg.C.x-3315  [040]     0.201324: (+18)    bprint:               change_prot_numa: NUMAB SCAN vma[start:0x7f36e7e01000, end:0x7f36e8601000, from:0x7f36e7e01000, to:0x7f36e8601000, size:8192 KB]
          cg.C.x-3327  [001]     0.201325: (+1)     bprint:               __handle_mm_fault: NUMAB MEM ACCESS process[nid:1, cpu:1, pid:3327], folio[virt:0x7f36e7bff394, phys:0x185c08e000, pfn:0x185c08e, nid:1, npages:1]
          cg.C.x-3315  [040]     0.201342: (+17)    bprint:               change_prot_numa: NUMAB SCAN vma[start:0x7f36e8801000, end:0x7f36e9001000, from:0x7f36e8801000, to:0x7f36e9001000, size:8192 KB]
          cg.C.x-3326  [062]     0.201346: (+4)     bprint:               __handle_mm_fault: NUMAB MEM ACCESS process[nid:0, cpu:62, pid:3326], folio[virt:0x7f36e85ff394, phys:0x12076e000, pfn:0x12076e, nid:0, npages:1]
          cg.C.x-3315  [040]     0.201359: (+13)    bprint:               change_prot_numa: NUMAB SCAN vma[start:0x7f36e9201000, end:0x7f36e9a01000, from:0x7f36e9201000, to:0x7f36e9a01000, size:8192 KB]
          cg.C.x-3325  [060]     0.201361: (+2)     bprint:               __handle_mm_fault: NUMAB MEM ACCESS process[nid:0, cpu:60, pid:3325], folio[virt:0x7f36e8fff394, phys:0x13461e000, pfn:0x13461e, nid:0, npages:1]
          cg.C.x-3315  [040]     0.201378: (+17)    bprint:               change_prot_numa: NUMAB SCAN vma[start:0x7f36e9c01000, end:0x7f36ea401000, from:0x7f36e9c01000, to:0x7f36ea401000, size:8192 KB]
          cg.C.x-3324  [058]     0.201379: (+1)     bprint:               __handle_mm_fault: NUMAB MEM ACCESS process[nid:0, cpu:58, pid:3324], folio[virt:0x7f36e99ff388, phys:0x183fe9f000, pfn:0x183fe9f, nid:0, npages:1]
          cg.C.x-3315  [040]     0.201395: (+16)    bprint:               change_prot_numa: NUMAB SCAN vma[start:0x7f36ea601000, end:0x7f36eae01000, from:0x7f36ea601000, to:0x7f36eae01000, size:8192 KB]
          cg.C.x-3323  [056]     0.201398: (+3)     bprint:               __handle_mm_fault: NUMAB MEM ACCESS process[nid:0, cpu:56, pid:3323], folio[virt:0x7f36ea3ff394, phys:0x1626ea000, pfn:0x1626ea, nid:0, npages:1]
          cg.C.x-3315  [040]     0.201412: (+14)    bprint:               change_prot_numa: NUMAB SCAN vma[start:0x7f36eb001000, end:0x7f36eb801000, from:0x7f36eb001000, to:0x7f36eb801000, size:8192 KB]
          cg.C.x-3322  [054]     0.201414: (+2)     bprint:               __handle_mm_fault: NUMAB MEM ACCESS process[nid:0, cpu:54, pid:3322], folio[virt:0x7f36eadff394, phys:0x12541e000, pfn:0x12541e, nid:0, npages:1]
          cg.C.x-3315  [040]     0.201430: (+16)    bprint:               change_prot_numa: NUMAB SCAN vma[start:0x7f36eba01000, end:0x7f36ec201000, from:0x7f36eba01000, to:0x7f36ec201000, size:8192 KB]
          cg.C.x-3321  [052]     0.201432: (+2)     bprint:               __handle_mm_fault: NUMAB MEM ACCESS process[nid:0, cpu:52, pid:3321], folio[virt:0x7f36eb7ff394, phys:0x17e09fe000, pfn:0x17e09fe, nid:0, npages:1]
          cg.C.x-3315  [040]     0.201448: (+16)    bprint:               change_prot_numa: NUMAB SCAN vma[start:0x7f36ec401000, end:0x7f36ecc01000, from:0x7f36ec401000, to:0x7f36ecc01000, size:8192 KB]
          cg.C.x-3320  [050]     0.201450: (+2)     bprint:               __handle_mm_fault: NUMAB MEM ACCESS process[nid:0, cpu:50, pid:3320], folio[virt:0x7f36ec1ff394, phys:0x14655f000, pfn:0x14655f, nid:0, npages:1]
          cg.C.x-3315  [040]     0.201466: (+16)    bprint:               change_prot_numa: NUMAB SCAN vma[start:0x7f36ece01000, end:0x7f36ed601000, from:0x7f36ece01000, to:0x7f36ed601000, size:8192 KB]
          cg.C.x-3319  [048]     0.201467: (+1)     bprint:               __handle_mm_fault: NUMAB MEM ACCESS process[nid:0, cpu:48, pid:3319], folio[virt:0x7f36ecbff394, phys:0x52a11b000, pfn:0x52a11b, nid:0, npages:1]
          cg.C.x-3315  [040]     0.201483: (+16)    bprint:               change_prot_numa: NUMAB SCAN vma[start:0x7f36ed801000, end:0x7f36ee001000, from:0x7f36ed801000, to:0x7f36ee001000, size:8192 KB]
          cg.C.x-3318  [046]     0.201485: (+2)     bprint:               __handle_mm_fault: NUMAB MEM ACCESS process[nid:0, cpu:46, pid:3318], folio[virt:0x7f36ed5ff394, phys:0x13398b000, pfn:0x13398b, nid:0, npages:1]
          cg.C.x-3315  [040]     0.201502: (+17)    bprint:               change_prot_numa: NUMAB SCAN vma[start:0x7f36ee201000, end:0x7f36eea01000, from:0x7f36ee201000, to:0x7f36eea01000, size:8192 KB]
          cg.C.x-3317  [044]     0.201503: (+1)     bprint:               __handle_mm_fault: NUMAB MEM ACCESS process[nid:0, cpu:44, pid:3317], folio[virt:0x7f36edfff394, phys:0x171fc7000, pfn:0x171fc7, nid:0, npages:1]
          cg.C.x-3315  [040]     0.201519: (+16)    bprint:               change_prot_numa: NUMAB SCAN vma[start:0x7f36eec01000, end:0x7f36ef401000, from:0x7f36eec01000, to:0x7f36ef401000, size:8192 KB]
          cg.C.x-3316  [042]     0.201521: (+2)     bprint:               __handle_mm_fault: NUMAB MEM ACCESS process[nid:0, cpu:42, pid:3316], folio[virt:0x7f36ee9ff394, phys:0x12043d000, pfn:0x12043d, nid:0, npages:1]
          cg.C.x-3315  [040]     0.201538: (+17)    bprint:               change_prot_numa: NUMAB SCAN vma[start:0x7f36ef601000, end:0x7f36efe01000, from:0x7f36ef601000, to:0x7f36efe01000, size:8192 KB]
          cg.C.x-3315  [040]     0.201555: (+17)    bprint:               change_prot_numa: NUMAB SCAN vma[start:0x7f36f0001000, end:0x7f36f0801000, from:0x7f36f0001000, to:0x7f36f0801000, size:8192 KB]
          cg.C.x-3314  [038]     0.201557: (+2)     bprint:               __handle_mm_fault: NUMAB MEM ACCESS process[nid:0, cpu:38, pid:3314], folio[virt:0x7f36efdff394, phys:0x130751000, pfn:0x130751, nid:0, npages:1]
          cg.C.x-3315  [040]     0.201572: (+15)    bprint:               change_prot_numa: NUMAB SCAN vma[start:0x7f36f0a01000, end:0x7f36f1201000, from:0x7f36f0a01000, to:0x7f36f1201000, size:8192 KB]
          cg.C.x-3313  [036]     0.201574: (+2)     bprint:               __handle_mm_fault: NUMAB MEM ACCESS process[nid:0, cpu:36, pid:3313], folio[virt:0x7f36f07ff394, phys:0x112e49000, pfn:0x112e49, nid:0, npages:1]
          cg.C.x-3315  [040]     0.201590: (+16)    bprint:               change_prot_numa: NUMAB SCAN vma[start:0x7f36f1401000, end:0x7f36f1c01000, from:0x7f36f1401000, to:0x7f36f1c01000, size:8192 KB]
          cg.C.x-3312  [034]     0.201592: (+2)     bprint:               __handle_mm_fault: NUMAB MEM ACCESS process[nid:0, cpu:34, pid:3312], folio[virt:0x7f36f11ff394, phys:0x1221f8000, pfn:0x1221f8, nid:0, npages:1]
          cg.C.x-3315  [040]     0.201607: (+15)    bprint:               change_prot_numa: NUMAB SCAN vma[start:0x7f36f1e01000, end:0x7f36f2601000, from:0x7f36f1e01000, to:0x7f36f2601000, size:8192 KB]
          cg.C.x-3311  [032]     0.201610: (+3)     bprint:               __handle_mm_fault: NUMAB MEM ACCESS process[nid:0, cpu:32, pid:3311], folio[virt:0x7f36f1bff394, phys:0x150b67000, pfn:0x150b67, nid:0, npages:1]
          cg.C.x-3315  [040]     0.201626: (+16)    bprint:               change_prot_numa: NUMAB SCAN vma[start:0x7f36f2801000, end:0x7f36f3001000, from:0x7f36f2801000, to:0x7f36f3001000, size:8192 KB]
          cg.C.x-3310  [030]     0.201626: (+0)     bprint:               __handle_mm_fault: NUMAB MEM ACCESS process[nid:0, cpu:30, pid:3310], folio[virt:0x7f36f25ff394, phys:0x150e4f000, pfn:0x150e4f, nid:0, npages:1]
          cg.C.x-3315  [040]     0.201644: (+18)    bprint:               change_prot_numa: NUMAB SCAN vma[start:0x7f36f3201000, end:0x7f36f3a01000, from:0x7f36f3201000, to:0x7f36f3a01000, size:8192 KB]
          cg.C.x-3309  [028]     0.201645: (+1)     bprint:               __handle_mm_fault: NUMAB MEM ACCESS process[nid:0, cpu:28, pid:3309], folio[virt:0x7f36f2fff394, phys:0x113fed000, pfn:0x113fed, nid:0, npages:1]
          cg.C.x-3315  [040]     0.201662: (+17)    bprint:               change_prot_numa: NUMAB SCAN vma[start:0x7f36f3c01000, end:0x7f36f4401000, from:0x7f36f3c01000, to:0x7f36f4401000, size:8192 KB]
          cg.C.x-3308  [026]     0.201662: (+0)     bprint:               __handle_mm_fault: NUMAB MEM ACCESS process[nid:0, cpu:26, pid:3308], folio[virt:0x7f36f39ff388, phys:0x131668000, pfn:0x131668, nid:0, npages:1]
          cg.C.x-3315  [040]     0.201679: (+17)    bprint:               change_prot_numa: NUMAB SCAN vma[start:0x7f36f4601000, end:0x7f36f4e01000, from:0x7f36f4601000, to:0x7f36f4e01000, size:8192 KB]
          cg.C.x-3307  [024]     0.201680: (+1)     bprint:               __handle_mm_fault: NUMAB MEM ACCESS process[nid:0, cpu:24, pid:3307], folio[virt:0x7f36f43ff394, phys:0x150410000, pfn:0x150410, nid:0, npages:1]
          cg.C.x-3315  [040]     0.201697: (+17)    bprint:               change_prot_numa: NUMAB SCAN vma[start:0x7f36f5001000, end:0x7f36f5801000, from:0x7f36f5001000, to:0x7f36f5801000, size:8192 KB]
          cg.C.x-3306  [022]     0.201698: (+1)     bprint:               __handle_mm_fault: NUMAB MEM ACCESS process[nid:0, cpu:22, pid:3306], folio[virt:0x7f36f4dff394, phys:0x52a193000, pfn:0x52a193, nid:0, npages:1]
          cg.C.x-3315  [040]     0.201715: (+17)    bprint:               change_prot_numa: NUMAB SCAN vma[start:0x7f36f5a01000, end:0x7f36f6201000, from:0x7f36f5a01000, to:0x7f36f6201000, size:8192 KB]
          cg.C.x-3305  [020]     0.201716: (+1)     bprint:               __handle_mm_fault: NUMAB MEM ACCESS process[nid:0, cpu:20, pid:3305], folio[virt:0x7f36f57ff698, phys:0x121ebf000, pfn:0x121ebf, nid:0, npages:1]
          cg.C.x-3315  [040]     0.201733: (+17)    bprint:               change_prot_numa: NUMAB SCAN vma[start:0x7f36f6401000, end:0x7f36f6c01000, from:0x7f36f6401000, to:0x7f36f6c01000, size:8192 KB]
          cg.C.x-3304  [018]     0.201734: (+1)     bprint:               __handle_mm_fault: NUMAB MEM ACCESS process[nid:0, cpu:18, pid:3304], folio[virt:0x7f36f61ff394, phys:0x171819000, pfn:0x171819, nid:0, npages:1]
          cg.C.x-3315  [040]     0.201751: (+17)    bprint:               change_prot_numa: NUMAB SCAN vma[start:0x7f36f6e01000, end:0x7f36f7601000, from:0x7f36f6e01000, to:0x7f36f7601000, size:8192 KB]
          cg.C.x-3303  [016]     0.201751: (+0)     bprint:               __handle_mm_fault: NUMAB MEM ACCESS process[nid:0, cpu:16, pid:3303], folio[virt:0x7f36f6bff394, phys:0x132fc3000, pfn:0x132fc3, nid:0, npages:1]
          cg.C.x-3315  [040]     0.201768: (+17)    bprint:               change_prot_numa: NUMAB SCAN vma[start:0x7f36f7801000, end:0x7f36f8001000, from:0x7f36f7801000, to:0x7f36f8001000, size:8192 KB]
          cg.C.x-3302  [014]     0.201769: (+1)     bprint:               __handle_mm_fault: NUMAB MEM ACCESS process[nid:0, cpu:14, pid:3302], folio[virt:0x7f36f75ff394, phys:0x1200f7000, pfn:0x1200f7, nid:0, npages:1]
          cg.C.x-3315  [040]     0.201786: (+17)    bprint:               change_prot_numa: NUMAB SCAN vma[start:0x7f36f8201000, end:0x7f36f8a01000, from:0x7f36f8201000, to:0x7f36f8a01000, size:8192 KB]
          cg.C.x-3301  [012]     0.201786: (+0)     bprint:               __handle_mm_fault: NUMAB MEM ACCESS process[nid:0, cpu:12, pid:3301], folio[virt:0x7f36f7fff394, phys:0x16251d000, pfn:0x16251d, nid:0, npages:1]
          cg.C.x-3315  [040]     0.201804: (+18)    bprint:               change_prot_numa: NUMAB SCAN vma[start:0x7f36f8c01000, end:0x7f36f9401000, from:0x7f36f8c01000, to:0x7f36f9401000, size:8192 KB]
          cg.C.x-3300  [010]     0.201805: (+1)     bprint:               __handle_mm_fault: NUMAB MEM ACCESS process[nid:0, cpu:10, pid:3300], folio[virt:0x7f36f89ff394, phys:0x120212000, pfn:0x120212, nid:0, npages:1]
          cg.C.x-3315  [040]     0.201822: (+17)    bprint:               change_prot_numa: NUMAB SCAN vma[start:0x7f36f9601000, end:0x7f36f9e01000, from:0x7f36f9601000, to:0x7f36f9e01000, size:8192 KB]
          cg.C.x-3299  [008]     0.201822: (+0)     bprint:               __handle_mm_fault: NUMAB MEM ACCESS process[nid:0, cpu:8, pid:3299], folio[virt:0x7f36f93ff388, phys:0x132fb8000, pfn:0x132fb8, nid:0, npages:1]
          cg.C.x-3315  [040]     0.201839: (+17)    bprint:               change_prot_numa: NUMAB SCAN vma[start:0x7f36fa001000, end:0x7f36fa801000, from:0x7f36fa001000, to:0x7f36fa801000, size:8192 KB]
          cg.C.x-3298  [006]     0.201841: (+2)     bprint:               __handle_mm_fault: NUMAB MEM ACCESS process[nid:0, cpu:6, pid:3298], folio[virt:0x7f36f9dff394, phys:0x1338c3000, pfn:0x1338c3, nid:0, npages:1]
          cg.C.x-3315  [040]     0.201857: (+16)    bprint:               change_prot_numa: NUMAB SCAN vma[start:0x7f36faa01000, end:0x7f36fb201000, from:0x7f36faa01000, to:0x7f36fb201000, size:8192 KB]
          cg.C.x-3297  [004]     0.201858: (+1)     bprint:               __handle_mm_fault: NUMAB MEM ACCESS process[nid:0, cpu:4, pid:3297], folio[virt:0x7f36fa7ff688, phys:0x1465ca000, pfn:0x1465ca, nid:0, npages:1]
          cg.C.x-3315  [040]     0.201874: (+16)    bprint:               change_prot_numa: NUMAB SCAN vma[start:0x7f36fb36c000, end:0x7f370dcf9000, from:0x7f36fb36c000, to:0x7f370dcf9000, size:304692 KB]
          cg.C.x-3296  [002]     0.201875: (+1)     bprint:               __handle_mm_fault: NUMAB MEM ACCESS process[nid:0, cpu:2, pid:3296], folio[virt:0x7f36fb1ff688, phys:0x125405000, pfn:0x125405, nid:0, npages:1]
          cg.C.x-3315  [040]     0.201899: (+24)    bprint:               change_prot_numa: NUMAB SCAN vma[start:0x7f370de00000, end:0x7f370f050000, from:0x7f370de00000, to:0x7f370f050000, size:18752 KB]
          cg.C.x-3299  [008]     0.201930: (+31)    bprint:               do_huge_pmd_numa_page: NUMAB MEM ACCESS huge page process[nid:0, cpu:8, pid:3299], folio[virt:0x7f370e133930, ker:0xffff9fc32f600000, pfn:0x2ef600, nid:0, npages:512]
          cg.C.x-3315  [040]     0.201931: (+1)     bprint:               change_prot_numa: NUMAB SCAN vma[start:0x7f370f0db000, end:0x7f37216f9000, from:0x7f370f0db000, to:0x7f371be00000, size:210068 KB]
          cg.C.x-3311  [032]     0.201933: (+2)     bprint:               do_huge_pmd_numa_page: NUMAB MEM ACCESS huge page process[nid:0, cpu:32, pid:3311], folio[virt:0x7f370e261520, ker:0xffff9fc3b0600000, pfn:0x370600, nid:0, npages:512]
          cg.C.x-3295  [000]     0.201961: (+28)    bprint:               do_huge_pmd_numa_page: NUMAB MEM ACCESS huge page process[nid:0, cpu:0, pid:3295], folio[virt:0x7f370f24f350, ker:0xffff9fc383600000, pfn:0x343600, nid:0, npages:512]
          cg.C.x-3296  [002]     0.201966: (+5)     bprint:               do_huge_pmd_numa_page: NUMAB MEM ACCESS huge page process[nid:0, cpu:2, pid:3296], folio[virt:0x7f370fa80c20, ker:0xffff9fc33ec00000, pfn:0x2fec00, nid:0, npages:512]
          cg.C.x-3303  [016]     0.201968: (+2)     bprint:               do_huge_pmd_numa_page: NUMAB MEM ACCESS huge page process[nid:0, cpu:16, pid:3303], folio[virt:0x7f3711968d80, ker:0xffff9fc393400000, pfn:0x353400, nid:0, npages:512]
          cg.C.x-3297  [004]     0.201970: (+2)     bprint:               do_huge_pmd_numa_page: NUMAB MEM ACCESS huge page process[nid:0, cpu:4, pid:3297], folio[virt:0x7f370fed1808, ker:0xffff9fc32fa00000, pfn:0x2efa00, nid:0, npages:512]
          cg.C.x-3301  [012]     0.201972: (+2)     bprint:               do_huge_pmd_numa_page: NUMAB MEM ACCESS huge page process[nid:0, cpu:12, pid:3301], folio[virt:0x7f3710ddfa30, ker:0xffff9fc373200000, pfn:0x333200, nid:0, npages:512]
          cg.C.x-3299  [008]     0.201974: (+2)     bprint:               do_huge_pmd_numa_page: NUMAB MEM ACCESS huge page process[nid:0, cpu:8, pid:3299], folio[virt:0x7f37105e5778, ker:0xffff9fc33f000000, pfn:0x2ff000, nid:0, npages:512]
          cg.C.x-3295  [000]     0.201975: (+1)     bprint:               do_huge_pmd_numa_page: NUMAB MEM ACCESS huge page process[nid:0, cpu:0, pid:3295], folio[virt:0x7f370f640bd8, ker:0xffff9fc392200000, pfn:0x352200, nid:0, npages:512]
          cg.C.x-3304  [018]     0.201980: (+5)     bprint:               do_huge_pmd_numa_page: NUMAB MEM ACCESS huge page process[nid:0, cpu:18, pid:3304], folio[virt:0x7f3711ba74f8, ker:0xffff9fc33ee00000, pfn:0x2fee00, nid:0, npages:512]
          cg.C.x-3308  [026]     0.201994: (+14)    bprint:               do_huge_pmd_numa_page: NUMAB MEM ACCESS huge page process[nid:0, cpu:26, pid:3308], folio[virt:0x7f3713186710, ker:0xffff9fc3a0a00000, pfn:0x360a00, nid:0, npages:512]
          cg.C.x-3311  [032]     0.202001: (+7)     bprint:               do_huge_pmd_numa_page: NUMAB MEM ACCESS huge page process[nid:0, cpu:32, pid:3311], folio[virt:0x7f3713bd59c0, ker:0xffff9fc381000000, pfn:0x341000, nid:0, npages:512]
          cg.C.x-3334  [015]     0.202009: (+8)     bprint:               do_huge_pmd_numa_page: NUMAB MEM ACCESS huge page process[nid:1, cpu:15, pid:3334], folio[virt:0x7f371a885508, ker:0xffff9fdac0800000, pfn:0x1a80800, nid:1, npages:512]
          cg.C.x-3323  [056]     0.202011: (+2)     bprint:               do_huge_pmd_numa_page: NUMAB MEM ACCESS huge page process[nid:0, cpu:56, pid:3323], folio[virt:0x7f37175a04e0, ker:0xffff9fc31f400000, pfn:0x2df400, nid:0, npages:512]
          cg.C.x-3295  [000]     0.202013: (+2)     bprint:               do_huge_pmd_numa_page: NUMAB MEM ACCESS huge page process[nid:0, cpu:0, pid:3295], folio[virt:0x7f370f41c998, ker:0xffff9fc390a00000, pfn:0x350a00, nid:0, npages:512]
          cg.C.x-3315  [040]     0.202014: (+1)     bprint:               __handle_mm_fault: NUMAB MEM ACCESS process[nid:0, cpu:40, pid:3315], folio[virt:0x7f36ef400fe8, phys:0x14280f000, pfn:0x14280f, nid:0, npages:1]
          cg.C.x-3317  [044]     0.202014: (+0)     bprint:               do_huge_pmd_numa_page: NUMAB MEM ACCESS huge page process[nid:0, cpu:44, pid:3317], folio[virt:0x7f3715937718, ker:0xffff9fc32ee00000, pfn:0x2eee00, nid:0, npages:512]
          cg.C.x-3307  [024]     0.202017: (+3)     bprint:               do_huge_pmd_numa_page: NUMAB MEM ACCESS huge page process[nid:0, cpu:24, pid:3307], folio[virt:0x7f3712a31478, ker:0xffff9fc372c00000, pfn:0x332c00, nid:0, npages:512]
          cg.C.x-3301  [012]     0.202018: (+1)     bprint:               do_huge_pmd_numa_page: NUMAB MEM ACCESS huge page process[nid:0, cpu:12, pid:3301], folio[virt:0x7f3711096018, ker:0xffff9fc373600000, pfn:0x333600, nid:0, npages:512]
          cg.C.x-3302  [014]     0.202020: (+2)     bprint:               do_huge_pmd_numa_page: NUMAB MEM ACCESS huge page process[nid:0, cpu:14, pid:3302], folio[virt:0x7f37114d00f0, ker:0xffff9fc36f800000, pfn:0x32f800, nid:0, npages:512]
          cg.C.x-3338  [023]     0.202022: (+2)     bprint:               do_huge_pmd_numa_page: NUMAB MEM ACCESS huge page process[nid:1, cpu:23, pid:3338], folio[virt:0x7f371bb2e9b0, ker:0xffff9fda73400000, pfn:0x1a33400, nid:1, npages:512]
          cg.C.x-3318  [046]     0.202024: (+2)     bprint:               do_huge_pmd_numa_page: NUMAB MEM ACCESS huge page process[nid:0, cpu:46, pid:3318], folio[virt:0x7f3715f49110, ker:0xffff9fc33ea00000, pfn:0x2fea00, nid:0, npages:512]
          cg.C.x-3313  [036]     0.202026: (+2)     bprint:               do_huge_pmd_numa_page: NUMAB MEM ACCESS huge page process[nid:0, cpu:36, pid:3313], folio[virt:0x7f3714721510, ker:0xffff9fc376800000, pfn:0x336800, nid:0, npages:512]
          cg.C.x-3329  [005]     0.202028: (+2)     bprint:               do_huge_pmd_numa_page: NUMAB MEM ACCESS huge page process[nid:1, cpu:5, pid:3329], folio[virt:0x7f3718fea998, ker:0xffff9fda6ec00000, pfn:0x1a2ec00, nid:1, npages:512]
          cg.C.x-3327  [001]     0.202030: (+2)     bprint:               do_huge_pmd_numa_page: NUMAB MEM ACCESS huge page process[nid:1, cpu:1, pid:3327], folio[virt:0x7f37184de2f0, ker:0xffff9fda91400000, pfn:0x1a51400, nid:1, npages:512]
          cg.C.x-3322  [054]     0.202033: (+3)     bprint:               do_huge_pmd_numa_page: NUMAB MEM ACCESS huge page process[nid:0, cpu:54, pid:3322], folio[virt:0x7f371708ec58, ker:0xffff9fc32e400000, pfn:0x2ee400, nid:0, npages:512]
          cg.C.x-3324  [058]     0.202034: (+1)     bprint:               do_huge_pmd_numa_page: NUMAB MEM ACCESS huge page process[nid:0, cpu:58, pid:3324], folio[virt:0x7f37177a98d8, ker:0xffff9fc377a00000, pfn:0x337a00, nid:0, npages:512]
          cg.C.x-3309  [028]     0.202036: (+2)     bprint:               do_huge_pmd_numa_page: NUMAB MEM ACCESS huge page process[nid:0, cpu:28, pid:3309], folio[virt:0x7f3713293da0, ker:0xffff9fc3a3600000, pfn:0x363600, nid:0, npages:512]
          cg.C.x-3326  [062]     0.202037: (+1)     bprint:               do_huge_pmd_numa_page: NUMAB MEM ACCESS huge page process[nid:0, cpu:62, pid:3326], folio[virt:0x7f37183a96e8, ker:0xffff9fc32cc00000, pfn:0x2ecc00, nid:0, npages:512]
          cg.C.x-3316  [042]     0.202039: (+2)     bprint:               do_huge_pmd_numa_page: NUMAB MEM ACCESS huge page process[nid:0, cpu:42, pid:3316], folio[virt:0x7f371528b270, ker:0xffff9fc380e00000, pfn:0x340e00, nid:0, npages:512]
          cg.C.x-3308  [026]     0.202041: (+2)     bprint:               do_huge_pmd_numa_page: NUMAB MEM ACCESS huge page process[nid:0, cpu:26, pid:3308], folio[virt:0x7f3712e9c1c8, ker:0xffff9fc3a3a00000, pfn:0x363a00, nid:0, npages:512]
          cg.C.x-3319  [048]     0.202042: (+1)     bprint:               do_huge_pmd_numa_page: NUMAB MEM ACCESS huge page process[nid:0, cpu:48, pid:3319], folio[virt:0x7f37161145b8, ker:0xffff9fc32c600000, pfn:0x2ec600, nid:0, npages:512]
          cg.C.x-3305  [020]     0.202043: (+1)     bprint:               do_huge_pmd_numa_page: NUMAB MEM ACCESS huge page process[nid:0, cpu:20, pid:3305], folio[virt:0x7f37122e6d58, ker:0xffff9fc3a3800000, pfn:0x363800, nid:0, npages:512]
          cg.C.x-3331  [009]     0.202045: (+2)     bprint:               do_huge_pmd_numa_page: NUMAB MEM ACCESS huge page process[nid:1, cpu:9, pid:3331], folio[virt:0x7f3719768828, ker:0xffff9fda73000000, pfn:0x1a33000, nid:1, npages:512]
          cg.C.x-3312  [034]     0.202047: (+2)     bprint:               do_huge_pmd_numa_page: NUMAB MEM ACCESS huge page process[nid:0, cpu:34, pid:3312], folio[virt:0x7f37141f5ab8, ker:0xffff9fc36f400000, pfn:0x32f400, nid:0, npages:512]
          cg.C.x-3306  [022]     0.202049: (+2)     bprint:               do_huge_pmd_numa_page: NUMAB MEM ACCESS huge page process[nid:0, cpu:22, pid:3306], folio[virt:0x7f3712644a48, ker:0xffff9fc377000000, pfn:0x337000, nid:0, npages:512]
          cg.C.x-3339  [025]     0.202051: (+2)     bprint:               do_huge_pmd_numa_page: NUMAB MEM ACCESS huge page process[nid:1, cpu:25, pid:3339], folio[virt:0x7f371bdf4b78, ker:0xffff9fdabde00000, pfn:0x1a7de00, nid:1, npages:512]
          cg.C.x-3333  [013]     0.202054: (+3)     bprint:               do_huge_pmd_numa_page: NUMAB MEM ACCESS huge page process[nid:1, cpu:13, pid:3333], folio[virt:0x7f371a124180, ker:0xffff9fd8da000000, pfn:0x189a000, nid:1, npages:512]
          cg.C.x-3336  [019]     0.202056: (+2)     bprint:               do_huge_pmd_numa_page: NUMAB MEM ACCESS huge page process[nid:1, cpu:19, pid:3336], folio[virt:0x7f371af9e970, ker:0xffff9fdabe800000, pfn:0x1a7e800, nid:1, npages:512]
          cg.C.x-3296  [002]     0.202057: (+1)     bprint:               do_huge_pmd_numa_page: NUMAB MEM ACCESS huge page process[nid:0, cpu:2, pid:3296], folio[virt:0x7f370f905dd0, ker:0xffff9fc15da00000, pfn:0x11da00, nid:0, npages:512]
          cg.C.x-3332  [011]     0.202060: (+3)     bprint:               do_huge_pmd_numa_page: NUMAB MEM ACCESS huge page process[nid:1, cpu:11, pid:3332], folio[virt:0x7f3719c47780, ker:0xffff9fdb16000000, pfn:0x1ad6000, nid:1, npages:512]
          cg.C.x-3337  [021]     0.202062: (+2)     bprint:               do_huge_pmd_numa_page: NUMAB MEM ACCESS huge page process[nid:1, cpu:21, pid:3337], folio[virt:0x7f371b372b10, ker:0xffff9fda91a00000, pfn:0x1a51a00, nid:1, npages:512]
          cg.C.x-3298  [006]     0.202064: (+2)     bprint:               do_huge_pmd_numa_page: NUMAB MEM ACCESS huge page process[nid:0, cpu:6, pid:3298], folio[virt:0x7f3710094018, ker:0xffff9fc32c000000, pfn:0x2ec000, nid:0, npages:512]
          cg.C.x-3321  [052]     0.202065: (+1)     bprint:               do_huge_pmd_numa_page: NUMAB MEM ACCESS huge page process[nid:0, cpu:52, pid:3321], folio[virt:0x7f3716c4b6e0, ker:0xffff9fc3a2c00000, pfn:0x362c00, nid:0, npages:512]
          cg.C.x-3325  [060]     0.202067: (+2)     bprint:               do_huge_pmd_numa_page: NUMAB MEM ACCESS huge page process[nid:0, cpu:60, pid:3325], folio[virt:0x7f3717c61348, ker:0xffff9fc371a00000, pfn:0x331a00, nid:0, npages:512]
          cg.C.x-3330  [007]     0.202069: (+2)     bprint:               do_huge_pmd_numa_page: NUMAB MEM ACCESS huge page process[nid:1, cpu:7, pid:3330], folio[virt:0x7f37195a0970, ker:0xffff9fdae9200000, pfn:0x1aa9200, nid:1, npages:512]
          cg.C.x-3320  [050]     0.202071: (+2)     bprint:               do_huge_pmd_numa_page: NUMAB MEM ACCESS huge page process[nid:0, cpu:50, pid:3320], folio[virt:0x7f37167b8128, ker:0xffff9fc18b600000, pfn:0x14b600, nid:0, npages:512]
          cg.C.x-3297  [004]     0.202072: (+1)     bprint:               do_huge_pmd_numa_page: NUMAB MEM ACCESS huge page process[nid:0, cpu:4, pid:3297], folio[virt:0x7f370fda2290, ker:0xffff9fc374200000, pfn:0x334200, nid:0, npages:512]
          cg.C.x-3328  [003]     0.202074: (+2)     bprint:               do_huge_pmd_numa_page: NUMAB MEM ACCESS huge page process[nid:1, cpu:3, pid:3328], folio[virt:0x7f3718c08f88, ker:0xffff9fdb12800000, pfn:0x1ad2800, nid:1, npages:512]
          cg.C.x-3304  [018]     0.202077: (+3)     bprint:               do_huge_pmd_numa_page: NUMAB MEM ACCESS huge page process[nid:0, cpu:18, pid:3304], folio[virt:0x7f3711c5b688, ker:0xffff9fc372000000, pfn:0x332000, nid:0, npages:512]
          cg.C.x-3311  [032]     0.202078: (+1)     bprint:               do_huge_pmd_numa_page: NUMAB MEM ACCESS huge page process[nid:0, cpu:32, pid:3311], folio[virt:0x7f3713ef33e0, ker:0xffff9fc33f200000, pfn:0x2ff200, nid:0, npages:512]
          cg.C.x-3299  [008]     0.202079: (+1)     bprint:               do_huge_pmd_numa_page: NUMAB MEM ACCESS huge page process[nid:0, cpu:8, pid:3299], folio[virt:0x7f37108ba570, ker:0xffff9fc31da00000, pfn:0x2dda00, nid:0, npages:512]
          cg.C.x-3300  [010]     0.202081: (+2)     bprint:               do_huge_pmd_numa_page: NUMAB MEM ACCESS huge page process[nid:0, cpu:10, pid:3300], folio[virt:0x7f3710b627d8, ker:0xffff9fc391600000, pfn:0x351600, nid:0, npages:512]
