          cg.C.x-2268  [006]     0.510261: (+4)     bprint:               do_huge_pmd_numa_page: NUMAB MEM ACCESS huge page process[nid:0, cpu:6, pid:2268], folio[virt:0x7fb657e753e4, ker:0xffff996a42c00000, pfn:0x3c2c00, nid:0, npages:512]
          cg.C.x-2279  [028]     0.510264: (+3)     bprint:               do_huge_pmd_numa_page: NUMAB MEM ACCESS huge page process[nid:0, cpu:28, pid:2279], folio[virt:0x7fb65962f824, ker:0xffff996974200000, pfn:0x2f4200, nid:0, npages:512]
          cg.C.x-2271  [012]     0.510267: (+3)     bprint:               do_huge_pmd_numa_page: NUMAB MEM ACCESS huge page process[nid:0, cpu:12, pid:2271], folio[virt:0x7fb6584e9428, ker:0xffff9969eb400000, pfn:0x36b400, nid:0, npages:512]
          cg.C.x-2281  [032]     0.510269: (+2)     bprint:               do_huge_pmd_numa_page: NUMAB MEM ACCESS huge page process[nid:0, cpu:32, pid:2281], folio[virt:0x7fb659a82fd0, ker:0xffff996973e00000, pfn:0x2f3e00, nid:0, npages:512]
          cg.C.x-2269  [008]     0.510271: (+2)     bprint:               do_huge_pmd_numa_page: NUMAB MEM ACCESS huge page process[nid:0, cpu:8, pid:2269], folio[virt:0x7fb65809c2a4, ker:0xffff996a43e00000, pfn:0x3c3e00, nid:0, npages:512]
          cg.C.x-2285  [040]     0.510273: (+2)     bprint:               do_huge_pmd_numa_page: NUMAB MEM ACCESS huge page process[nid:0, cpu:40, pid:2285], folio[virt:0x7fb65a317454, ker:0xffff9969bcc00000, pfn:0x33cc00, nid:0, npages:512]
          cg.C.x-2284  [038]     0.510276: (+3)     bprint:               do_huge_pmd_numa_page: NUMAB MEM ACCESS huge page process[nid:0, cpu:38, pid:2284], folio[virt:0x7fb65a0f0e24, ker:0xffff996990200000, pfn:0x310200, nid:0, npages:512]
          cg.C.x-2267  [004]     0.510279: (+3)     bprint:               do_huge_pmd_numa_page: NUMAB MEM ACCESS huge page process[nid:0, cpu:4, pid:2267], folio[virt:0x7fb657c4eb1c, ker:0xffff9969eba00000, pfn:0x36ba00, nid:0, npages:512]
          cg.C.x-2277  [024]     0.510281: (+2)     bprint:               do_huge_pmd_numa_page: NUMAB MEM ACCESS huge page process[nid:0, cpu:24, pid:2277], folio[virt:0x7fb6591d8e18, ker:0xffff996974e00000, pfn:0x2f4e00, nid:0, npages:512]
          cg.C.x-2272  [014]     0.510284: (+3)     bprint:               do_huge_pmd_numa_page: NUMAB MEM ACCESS huge page process[nid:0, cpu:14, pid:2272], folio[virt:0x7fb658710640, ker:0xffff996a72600000, pfn:0x3f2600, nid:0, npages:512]
          cg.C.x-2278  [026]     0.510286: (+2)     bprint:               do_huge_pmd_numa_page: NUMAB MEM ACCESS huge page process[nid:0, cpu:26, pid:2278], folio[virt:0x7fb659403388, ker:0xffff996a71e00000, pfn:0x3f1e00, nid:0, npages:512]
          cg.C.x-2275  [020]     0.510289: (+3)     bprint:               do_huge_pmd_numa_page: NUMAB MEM ACCESS huge page process[nid:0, cpu:20, pid:2275], folio[virt:0x7fb658d8a08c, ker:0xffff996973800000, pfn:0x2f3800, nid:0, npages:512]
          cg.C.x-2280  [030]     0.510291: (+2)     bprint:               do_huge_pmd_numa_page: NUMAB MEM ACCESS huge page process[nid:0, cpu:30, pid:2280], folio[virt:0x7fb6598593b0, ker:0xffff996a43a00000, pfn:0x3c3a00, nid:0, npages:512]
          cg.C.x-2283  [036]     0.510293: (+2)     bprint:               do_huge_pmd_numa_page: NUMAB MEM ACCESS huge page process[nid:0, cpu:36, pid:2283], folio[virt:0x7fb659ece4b0, ker:0xffff996974600000, pfn:0x2f4600, nid:0, npages:512]
          cg.C.x-2274  [018]     0.510296: (+3)     bprint:               do_huge_pmd_numa_page: NUMAB MEM ACCESS huge page process[nid:0, cpu:18, pid:2274], folio[virt:0x7fb658b61088, ker:0xffff996a1b200000, pfn:0x39b200, nid:0, npages:512]
          cg.C.x-2282  [034]     0.510298: (+2)     bprint:               do_huge_pmd_numa_page: NUMAB MEM ACCESS huge page process[nid:0, cpu:34, pid:2282], folio[virt:0x7fb659ca5f58, ker:0xffff996a1a800000, pfn:0x39a800, nid:0, npages:512]
          cg.C.x-2266  [002]     0.510300: (+2)     bprint:               do_huge_pmd_numa_page: NUMAB MEM ACCESS huge page process[nid:0, cpu:2, pid:2266], folio[virt:0x7fb657a28f38, ker:0xffff996a72200000, pfn:0x3f2200, nid:0, npages:512]
          cg.C.x-2286  [042]     0.510302: (+2)     bprint:               do_huge_pmd_numa_page: NUMAB MEM ACCESS huge page process[nid:0, cpu:42, pid:2286], folio[virt:0x7fb65a53e9f8, ker:0xffff996a43600000, pfn:0x3c3600, nid:0, npages:512]
          cg.C.x-2270  [010]     0.510304: (+2)     bprint:               do_huge_pmd_numa_page: NUMAB MEM ACCESS huge page process[nid:0, cpu:10, pid:2270], folio[virt:0x7fb6582c260c, ker:0xffff9969ebe00000, pfn:0x36be00, nid:0, npages:512]
          cg.C.x-2276  [022]     0.510307: (+3)     bprint:               do_huge_pmd_numa_page: NUMAB MEM ACCESS huge page process[nid:0, cpu:22, pid:2276], folio[virt:0x7fb658fb162c, ker:0xffff996aa0600000, pfn:0x420600, nid:0, npages:512]
          cg.C.x-2277  [024]     0.510575: (+268)   bprint:               do_huge_pmd_numa_page: NUMAB MEM ACCESS huge page process[nid:0, cpu:24, pid:2277], folio[virt:0x7fb659200000, ker:0xffff996a44600000, pfn:0x3c4600, nid:0, npages:512]
          cg.C.x-2265  [000]     0.601847: (+91272) bprint:               __handle_mm_fault: NUMAB MEM ACCESS process[nid:0, cpu:0, pid:2265], folio[virt:0x55801fa19ca0, phys:0x185355e000, pfn:0x185355e, nid:1, npages:1]
          cg.C.x-2265  [000]     0.601851: (+4)     bprint:               __handle_mm_fault: NUMAB TRY MEM MIGR process[nid:0, cpu:0, pid:2265], folio[virt:0x55801fa19ca0, phys:0x185355e000, nid:1], target_nid:0
          cg.C.x-2265  [000]     0.601874: (+23)    bprint:               __handle_mm_fault: NUMAB COMPLETED MEM MIGR process[nid:0, cpu:0, pid:2265], old[phys:0x185355e000, nid:1, npages:1], new[phys:0x210eac000, nid:0, npages:1]
          cg.C.x-2265  [000]     0.601884: (+10)    bprint:               __handle_mm_fault: NUMAB MEM ACCESS process[nid:0, cpu:0, pid:2265], folio[virt:0x55801fa17014, phys:0x185355c000, pfn:0x185355c, nid:1, npages:1]
          cg.C.x-2265  [000]     0.601884: (+0)     bprint:               __handle_mm_fault: NUMAB TRY MEM MIGR process[nid:0, cpu:0, pid:2265], folio[virt:0x55801fa17014, phys:0x185355c000, nid:1], target_nid:0
          cg.C.x-2265  [000]     0.601888: (+4)     bprint:               __handle_mm_fault: NUMAB COMPLETED MEM MIGR process[nid:0, cpu:0, pid:2265], old[phys:0x185355c000, nid:1, npages:1], new[phys:0x210ead000, nid:0, npages:1]
          cg.C.x-2265  [000]     0.601893: (+5)     bprint:               __handle_mm_fault: NUMAB MEM ACCESS process[nid:0, cpu:0, pid:2265], folio[virt:0x55801fa2aa18, phys:0x1542d7000, pfn:0x1542d7, nid:0, npages:1]
          cg.C.x-2265  [000]     0.601906: (+13)    bprint:               __handle_mm_fault: NUMAB MEM ACCESS process[nid:0, cpu:0, pid:2265], folio[virt:0x55801fa21420, phys:0x1e1a49000, pfn:0x1e1a49, nid:0, npages:1]
          cg.C.x-2265  [000]     0.601913: (+7)     bprint:               __handle_mm_fault: NUMAB MEM ACCESS process[nid:0, cpu:0, pid:2265], folio[virt:0x55801fa1a048, phys:0x15657b000, pfn:0x15657b, nid:0, npages:1]
          cg.C.x-2265  [000]     0.601940: (+27)    bprint:               __handle_mm_fault: NUMAB MEM ACCESS process[nid:0, cpu:0, pid:2265], folio[virt:0x55801fa185c0, phys:0x185355d000, pfn:0x185355d, nid:1, npages:1]
          cg.C.x-2265  [000]     0.601940: (+0)     bprint:               __handle_mm_fault: NUMAB TRY MEM MIGR process[nid:0, cpu:0, pid:2265], folio[virt:0x55801fa185c0, phys:0x185355d000, nid:1], target_nid:0
          cg.C.x-2265  [000]     0.601944: (+4)     bprint:               __handle_mm_fault: NUMAB COMPLETED MEM MIGR process[nid:0, cpu:0, pid:2265], old[phys:0x185355d000, nid:1, npages:1], new[phys:0x184eb9000, nid:0, npages:1]
          cg.C.x-2265  [000]     0.601973: (+29)    sched_waking:         comm=kworker/u129:2 pid=2055 prio=120 target_cpu=062
          cg.C.x-2265  [000]     0.601988: (+15)    sched_wakeup:         kworker/u129:2:2055 [120] CPU:062
          cg.C.x-2280  [030]     0.605852: (+3864)  sched_migrate_task:   comm=kworker/u129:2 pid=2055 prio=120 orig_cpu=62 dest_cpu=30
          cg.C.x-2280  [030]     0.605862: (+10)    sched_switch:         cg.C.x:2280 [120] R ==> kworker/u129:2:2055 [120]
  kworker/u129:2-2055  [030]     0.605872: (+10)    sched_waking:         comm=tmux: server pid=2059 prio=120 target_cpu=054
  kworker/u129:2-2055  [030]     0.605880: (+8)     sched_wakeup:         tmux: server:2059 [120] CPU:054
  kworker/u129:2-2055  [030]     0.605884: (+4)     sched_switch:         kworker/u129:2:2055 [120] I ==> cg.C.x:2280 [120]
          cg.C.x-2292  [054]     0.605885: (+1)     sched_switch:         cg.C.x:2292 [120] R ==> tmux: server:2059 [120]
    tmux: server-2059  [054]     0.606057: (+172)   sched_waking:         comm=kworker/u129:2 pid=2055 prio=120 target_cpu=030
    tmux: server-2059  [054]     0.606062: (+5)     sched_wakeup:         kworker/u129:2:2055 [120] CPU:030
          cg.C.x-2280  [030]     0.606065: (+3)     sched_switch:         cg.C.x:2280 [120] R ==> kworker/u129:2:2055 [120]
  kworker/u129:2-2055  [030]     0.606069: (+4)     sched_waking:         comm=sshd pid=1975 prio=120 target_cpu=048
    tmux: server-2059  [054]     0.606072: (+3)     sched_switch:         tmux: server:2059 [120] S ==> cg.C.x:2292 [120]
  kworker/u129:2-2055  [030]     0.606074: (+2)     sched_wakeup:         sshd:1975 [120] CPU:048
  kworker/u129:2-2055  [030]     0.606076: (+2)     sched_switch:         kworker/u129:2:2055 [120] I ==> cg.C.x:2280 [120]
          cg.C.x-2284  [038]     0.609842: (+3766)  bputs:                task_numa_work: NUMAB Exited task_numa_work because migration time has not arrived yet
          cg.C.x-2272  [014]     0.609842: (+0)     bputs:                task_numa_work: NUMAB About to scan memory
          cg.C.x-2290  [050]     0.609842: (+0)     bputs:                task_numa_work: NUMAB Exited task_numa_work because migration time has not arrived yet
          cg.C.x-2305  [017]     0.609843: (+1)     bputs:                task_numa_work: NUMAB Exited task_numa_work because migration time has not arrived yet
          cg.C.x-2313  [033]     0.609843: (+0)     bputs:                task_numa_work: NUMAB Exited task_numa_work because migration time has not arrived yet
          cg.C.x-2319  [045]     0.609843: (+0)     bputs:                task_numa_work: NUMAB Exited task_numa_work because migration time has not arrived yet
          cg.C.x-2327  [061]     0.609843: (+0)     bputs:                task_numa_work: NUMAB Exited task_numa_work because migration time has not arrived yet
          cg.C.x-2317  [041]     0.609843: (+0)     bputs:                task_numa_work: NUMAB Exited task_numa_work because migration time has not arrived yet
          cg.C.x-2328  [063]     0.609843: (+0)     bputs:                task_numa_work: NUMAB Exited task_numa_work because migration time has not arrived yet
          cg.C.x-2302  [011]     0.609843: (+0)     bputs:                task_numa_work: NUMAB Exited task_numa_work because migration time has not arrived yet
          cg.C.x-2301  [009]     0.609843: (+0)     bputs:                task_numa_work: NUMAB Exited task_numa_work because migration time has not arrived yet
          cg.C.x-2303  [013]     0.609843: (+0)     bputs:                task_numa_work: NUMAB Exited task_numa_work because migration time has not arrived yet
          cg.C.x-2311  [029]     0.609843: (+0)     bputs:                task_numa_work: NUMAB Exited task_numa_work because migration time has not arrived yet
          cg.C.x-2312  [031]     0.609843: (+0)     bputs:                task_numa_work: NUMAB Exited task_numa_work because migration time has not arrived yet
          cg.C.x-2320  [047]     0.609843: (+0)     bputs:                task_numa_work: NUMAB Exited task_numa_work because migration time has not arrived yet
          cg.C.x-2323  [053]     0.609843: (+0)     bputs:                task_numa_work: NUMAB Exited task_numa_work because migration time has not arrived yet
          cg.C.x-2316  [039]     0.609843: (+0)     bputs:                task_numa_work: NUMAB Exited task_numa_work because migration time has not arrived yet
          cg.C.x-2304  [015]     0.609843: (+0)     bputs:                task_numa_work: NUMAB Exited task_numa_work because migration time has not arrived yet
          cg.C.x-2307  [021]     0.609843: (+0)     bputs:                task_numa_work: NUMAB Exited task_numa_work because migration time has not arrived yet
          cg.C.x-2300  [007]     0.609843: (+0)     bputs:                task_numa_work: NUMAB Exited task_numa_work because migration time has not arrived yet
          cg.C.x-2321  [049]     0.609843: (+0)     bputs:                task_numa_work: NUMAB Exited task_numa_work because migration time has not arrived yet
          cg.C.x-2315  [037]     0.609843: (+0)     bputs:                task_numa_work: NUMAB Exited task_numa_work because migration time has not arrived yet
          cg.C.x-2318  [043]     0.609843: (+0)     bputs:                task_numa_work: NUMAB Exited task_numa_work because migration time has not arrived yet
          cg.C.x-2326  [059]     0.609843: (+0)     bputs:                task_numa_work: NUMAB Exited task_numa_work because migration time has not arrived yet
          cg.C.x-2299  [005]     0.609843: (+0)     bputs:                task_numa_work: NUMAB Exited task_numa_work because migration time has not arrived yet
          cg.C.x-2310  [027]     0.609843: (+0)     bputs:                task_numa_work: NUMAB Exited task_numa_work because migration time has not arrived yet
          cg.C.x-2308  [023]     0.609843: (+0)     bputs:                task_numa_work: NUMAB Exited task_numa_work because migration time has not arrived yet
          cg.C.x-2324  [055]     0.609843: (+0)     bputs:                task_numa_work: NUMAB Exited task_numa_work because migration time has not arrived yet
          cg.C.x-2298  [003]     0.609843: (+0)     bputs:                task_numa_work: NUMAB Exited task_numa_work because migration time has not arrived yet
          cg.C.x-2309  [025]     0.609843: (+0)     bputs:                task_numa_work: NUMAB Exited task_numa_work because migration time has not arrived yet
          cg.C.x-2314  [035]     0.609843: (+0)     bputs:                task_numa_work: NUMAB Exited task_numa_work because migration time has not arrived yet
          cg.C.x-2325  [057]     0.609843: (+0)     bputs:                task_numa_work: NUMAB Exited task_numa_work because migration time has not arrived yet
          cg.C.x-2278  [026]     0.609843: (+0)     bputs:                task_numa_work: NUMAB Exited task_numa_work because migration time has not arrived yet
          cg.C.x-2322  [051]     0.609843: (+0)     bputs:                task_numa_work: NUMAB Exited task_numa_work because migration time has not arrived yet
          cg.C.x-2294  [058]     0.609843: (+0)     bputs:                task_numa_work: NUMAB Exited task_numa_work because migration time has not arrived yet
          cg.C.x-2306  [019]     0.609843: (+0)     bputs:                task_numa_work: NUMAB Exited task_numa_work because migration time has not arrived yet
          cg.C.x-2286  [042]     0.609843: (+0)     bputs:                task_numa_work: NUMAB Exited task_numa_work because migration time has not arrived yet
          cg.C.x-2270  [010]     0.609843: (+0)     bputs:                task_numa_work: NUMAB Exited task_numa_work because migration time has not arrived yet
          cg.C.x-2282  [034]     0.609843: (+0)     bputs:                task_numa_work: NUMAB Exited task_numa_work because migration time has not arrived yet
          cg.C.x-2266  [002]     0.609843: (+0)     bputs:                task_numa_work: NUMAB Exited task_numa_work because migration time has not arrived yet
          cg.C.x-2271  [012]     0.609843: (+0)     bputs:                task_numa_work: NUMAB Exited task_numa_work because migration time has not arrived yet
          cg.C.x-2287  [044]     0.609843: (+0)     bputs:                task_numa_work: NUMAB Exited task_numa_work because migration time has not arrived yet
          cg.C.x-2296  [062]     0.609843: (+0)     bputs:                task_numa_work: NUMAB Exited task_numa_work because migration time has not arrived yet
          cg.C.x-2280  [030]     0.609843: (+0)     bputs:                task_numa_work: NUMAB Exited task_numa_work because migration time has not arrived yet
          cg.C.x-2273  [016]     0.609843: (+0)     bputs:                task_numa_work: NUMAB Exited task_numa_work because migration time has not arrived yet
          cg.C.x-2285  [040]     0.609843: (+0)     bputs:                task_numa_work: NUMAB Exited task_numa_work because migration time has not arrived yet
          cg.C.x-2269  [008]     0.609843: (+0)     bputs:                task_numa_work: NUMAB Exited task_numa_work because migration time has not arrived yet
          cg.C.x-2291  [052]     0.609843: (+0)     bputs:                task_numa_work: NUMAB Exited task_numa_work because migration time has not arrived yet
          cg.C.x-2275  [020]     0.609843: (+0)     bputs:                task_numa_work: NUMAB Exited task_numa_work because migration time has not arrived yet
          cg.C.x-2265  [000]     0.609843: (+0)     bputs:                task_numa_work: NUMAB Exited task_numa_work because migration time has not arrived yet
          cg.C.x-2276  [022]     0.609843: (+0)     bputs:                task_numa_work: NUMAB Exited task_numa_work because migration time has not arrived yet
          cg.C.x-2281  [032]     0.609843: (+0)     bputs:                task_numa_work: NUMAB Exited task_numa_work because migration time has not arrived yet
          cg.C.x-2292  [054]     0.609843: (+0)     bputs:                task_numa_work: NUMAB Exited task_numa_work because migration time has not arrived yet
          cg.C.x-2279  [028]     0.609843: (+0)     bputs:                task_numa_work: NUMAB Exited task_numa_work because migration time has not arrived yet
          cg.C.x-2293  [056]     0.609843: (+0)     bputs:                task_numa_work: NUMAB Exited task_numa_work because migration time has not arrived yet
          cg.C.x-2277  [024]     0.609843: (+0)     bputs:                task_numa_work: NUMAB Exited task_numa_work because migration time has not arrived yet
          cg.C.x-2274  [018]     0.609843: (+0)     bputs:                task_numa_work: NUMAB Exited task_numa_work because migration time has not arrived yet
          cg.C.x-2283  [036]     0.609843: (+0)     bputs:                task_numa_work: NUMAB Exited task_numa_work because migration time has not arrived yet
          cg.C.x-2272  [014]     0.609847: (+4)     bprint:               change_prot_numa: NUMAB SCAN vma[start:0x7fb657800000, end:0x7fb660a7d000, from:0x7fb65a600000, to:0x7fb660a7d000, size:102900 KB]
          cg.C.x-2297  [001]     0.609847: (+0)     bputs:                task_numa_work: NUMAB Exited task_numa_work because migration time has not arrived yet
          cg.C.x-2289  [048]     0.609848: (+1)     sched_switch:         cg.C.x:2289 [120] R ==> sshd:1975 [120]
          cg.C.x-2288  [046]     0.609855: (+7)     bputs:                task_numa_work: NUMAB Exited task_numa_work because migration time has not arrived yet
          cg.C.x-2301  [009]     0.609893: (+38)    bprint:               do_huge_pmd_numa_page: NUMAB MEM ACCESS huge page process[nid:1, cpu:9, pid:2301], folio[virt:0x7fb65c7a2184, ker:0xffff9980e8a00000, pfn:0x1a68a00, nid:1, npages:512]
          cg.C.x-2298  [003]     0.609897: (+4)     bprint:               do_huge_pmd_numa_page: NUMAB MEM ACCESS huge page process[nid:1, cpu:3, pid:2298], folio[virt:0x7fb65c11a7c8, ker:0xffff9980dc000000, pfn:0x1a5c000, nid:1, npages:512]
          cg.C.x-2300  [007]     0.609900: (+3)     bprint:               do_huge_pmd_numa_page: NUMAB MEM ACCESS huge page process[nid:1, cpu:7, pid:2300], folio[virt:0x7fb65c569cc8, ker:0xffff998113a00000, pfn:0x1a93a00, nid:1, npages:512]
          cg.C.x-2272  [014]     0.609900: (+0)     bprint:               change_prot_numa: NUMAB SCAN vma[start:0x7fb660b6d000, end:0x7fb660c00000, from:0x7fb660b6d000, to:0x7fb660c00000, size:588 KB]
          cg.C.x-2303  [013]     0.609903: (+3)     bprint:               do_huge_pmd_numa_page: NUMAB MEM ACCESS huge page process[nid:1, cpu:13, pid:2303], folio[virt:0x7fb65cbf3144, ker:0xffff99808c200000, pfn:0x1a0c200, nid:1, npages:512]
          cg.C.x-2302  [011]     0.609906: (+3)     bprint:               do_huge_pmd_numa_page: NUMAB MEM ACCESS huge page process[nid:1, cpu:11, pid:2302], folio[virt:0x7fb65c9c860c, ker:0xffff998112c00000, pfn:0x1a92c00, nid:1, npages:512]
          cg.C.x-2305  [017]     0.609908: (+2)     bprint:               do_huge_pmd_numa_page: NUMAB MEM ACCESS huge page process[nid:1, cpu:17, pid:2305], folio[virt:0x7fb65d0307c4, ker:0xffff9980f2400000, pfn:0x1a72400, nid:1, npages:512]
          cg.C.x-2306  [019]     0.609911: (+3)     bprint:               do_huge_pmd_numa_page: NUMAB MEM ACCESS huge page process[nid:1, cpu:19, pid:2306], folio[virt:0x7fb65d2658b4, ker:0xffff9980cf000000, pfn:0x1a4f000, nid:1, npages:512]
          cg.C.x-2297  [001]     0.609913: (+2)     bprint:               do_huge_pmd_numa_page: NUMAB MEM ACCESS huge page process[nid:1, cpu:1, pid:2297], folio[virt:0x7fb65bf08f1c, ker:0xffff998103200000, pfn:0x1a83200, nid:1, npages:512]
          cg.C.x-2308  [023]     0.609916: (+3)     bprint:               do_huge_pmd_numa_page: NUMAB MEM ACCESS huge page process[nid:1, cpu:23, pid:2308], folio[virt:0x7fb65d6acb40, ker:0xffff9980e7c00000, pfn:0x1a67c00, nid:1, npages:512]
          cg.C.x-2307  [021]     0.609919: (+3)     bprint:               do_huge_pmd_numa_page: NUMAB MEM ACCESS huge page process[nid:1, cpu:21, pid:2307], folio[virt:0x7fb65d48d380, ker:0xffff9980e8600000, pfn:0x1a68600, nid:1, npages:512]
          cg.C.x-2304  [015]     0.609921: (+2)     bprint:               do_huge_pmd_numa_page: NUMAB MEM ACCESS huge page process[nid:1, cpu:15, pid:2304], folio[virt:0x7fb65ce215ac, ker:0xffff9980f2a00000, pfn:0x1a72a00, nid:1, npages:512]
          cg.C.x-2299  [005]     0.609923: (+2)     bprint:               do_huge_pmd_numa_page: NUMAB MEM ACCESS huge page process[nid:1, cpu:5, pid:2299], folio[virt:0x7fb65c35b04c, ker:0xffff998113200000, pfn:0x1a93200, nid:1, npages:512]
          cg.C.x-2310  [027]     0.609926: (+3)     bprint:               do_huge_pmd_numa_page: NUMAB MEM ACCESS huge page process[nid:1, cpu:27, pid:2310], folio[virt:0x7fb65db069fc, ker:0xffff99808be00000, pfn:0x1a0be00, nid:1, npages:512]
          cg.C.x-2311  [029]     0.609929: (+3)     bprint:               do_huge_pmd_numa_page: NUMAB MEM ACCESS huge page process[nid:1, cpu:29, pid:2311], folio[virt:0x7fb65dd26acc, ker:0xffff998120a00000, pfn:0x1aa0a00, nid:1, npages:512]
          cg.C.x-2314  [035]     0.609931: (+2)     bprint:               do_huge_pmd_numa_page: NUMAB MEM ACCESS huge page process[nid:1, cpu:35, pid:2314], folio[virt:0x7fb65e39734c, ker:0xffff998121200000, pfn:0x1aa1200, nid:1, npages:512]
          cg.C.x-2313  [033]     0.609933: (+2)     bprint:               do_huge_pmd_numa_page: NUMAB MEM ACCESS huge page process[nid:1, cpu:33, pid:2313], folio[virt:0x7fb65e173508, ker:0xffff9980cfa00000, pfn:0x1a4fa00, nid:1, npages:512]
          cg.C.x-2315  [037]     0.609935: (+2)     bprint:               do_huge_pmd_numa_page: NUMAB MEM ACCESS huge page process[nid:1, cpu:37, pid:2315], folio[virt:0x7fb65e5c7688, ker:0xffff998102c00000, pfn:0x1a82c00, nid:1, npages:512]
          cg.C.x-2316  [039]     0.609938: (+3)     bprint:               do_huge_pmd_numa_page: NUMAB MEM ACCESS huge page process[nid:1, cpu:39, pid:2316], folio[virt:0x7fb65e7f3f7c, ker:0xffff998103a00000, pfn:0x1a83a00, nid:1, npages:512]
          cg.C.x-2317  [041]     0.609940: (+2)     bprint:               do_huge_pmd_numa_page: NUMAB MEM ACCESS huge page process[nid:1, cpu:41, pid:2317], folio[virt:0x7fb65ea23a2c, ker:0xffff9980cf600000, pfn:0x1a4f600, nid:1, npages:512]
          cg.C.x-2318  [043]     0.609943: (+3)     bprint:               do_huge_pmd_numa_page: NUMAB MEM ACCESS huge page process[nid:1, cpu:43, pid:2318], folio[virt:0x7fb65ec3f724, ker:0xffff9980e8200000, pfn:0x1a68200, nid:1, npages:512]
          cg.C.x-2319  [045]     0.609947: (+4)     bprint:               do_huge_pmd_numa_page: NUMAB MEM ACCESS huge page process[nid:1, cpu:45, pid:2319], folio[virt:0x7fb65ee6bfcc, ker:0xffff998120400000, pfn:0x1aa0400, nid:1, npages:512]
          cg.C.x-2286  [042]     0.609950: (+3)     bprint:               do_huge_pmd_numa_page: NUMAB MEM ACCESS huge page process[nid:0, cpu:42, pid:2286], folio[virt:0x7fb65a76033c, ker:0xffff99698fe00000, pfn:0x30fe00, nid:0, npages:512]
          cg.C.x-2288  [046]     0.609952: (+2)     bprint:               do_huge_pmd_numa_page: NUMAB MEM ACCESS huge page process[nid:0, cpu:46, pid:2288], folio[virt:0x7fb65abac480, ker:0xffff99698f800000, pfn:0x30f800, nid:0, npages:512]
          cg.C.x-2272  [014]     0.609953: (+1)     bprint:               change_prot_numa: NUMAB SCAN vma[start:0x7fb660efd000, end:0x7fb660f90000, from:0x7fb660efd000, to:0x7fb660f90000, size:588 KB]
          cg.C.x-2320  [047]     0.609954: (+1)     bprint:               do_huge_pmd_numa_page: NUMAB MEM ACCESS huge page process[nid:1, cpu:47, pid:2320], folio[virt:0x7fb65f094d04, ker:0xffff998113600000, pfn:0x1a93600, nid:1, npages:512]
          cg.C.x-2290  [050]     0.609957: (+3)     bprint:               do_huge_pmd_numa_page: NUMAB MEM ACCESS huge page process[nid:0, cpu:50, pid:2290], folio[virt:0x7fb65afee604, ker:0xffff996a1b600000, pfn:0x39b600, nid:0, npages:512]
          cg.C.x-2323  [053]     0.609960: (+3)     bprint:               do_huge_pmd_numa_page: NUMAB MEM ACCESS huge page process[nid:1, cpu:53, pid:2323], folio[virt:0x7fb65f70023c, ker:0xffff998120e00000, pfn:0x1aa0e00, nid:1, npages:512]
          cg.C.x-2322  [051]     0.609963: (+3)     bprint:               do_huge_pmd_numa_page: NUMAB MEM ACCESS huge page process[nid:1, cpu:51, pid:2322], folio[virt:0x7fb65f4dbf38, ker:0xffff99808b800000, pfn:0x1a0b800, nid:1, npages:512]
          cg.C.x-2324  [055]     0.609965: (+2)     bprint:               do_huge_pmd_numa_page: NUMAB MEM ACCESS huge page process[nid:1, cpu:55, pid:2324], folio[virt:0x7fb65f9310cc, ker:0xffff998112e00000, pfn:0x1a92e00, nid:1, npages:512]
          cg.C.x-2292  [054]     0.609968: (+3)     bprint:               do_huge_pmd_numa_page: NUMAB MEM ACCESS huge page process[nid:0, cpu:54, pid:2292], folio[virt:0x7fb65b4395c4, ker:0xffff996a43200000, pfn:0x3c3200, nid:0, npages:512]
          cg.C.x-2325  [057]     0.609971: (+3)     bprint:               do_huge_pmd_numa_page: NUMAB MEM ACCESS huge page process[nid:1, cpu:57, pid:2325], folio[virt:0x7fb65fb4282c, ker:0xffff9980dc600000, pfn:0x1a5c600, nid:1, npages:512]
          cg.C.x-2327  [061]     0.609973: (+2)     bprint:               do_huge_pmd_numa_page: NUMAB MEM ACCESS huge page process[nid:1, cpu:61, pid:2327], folio[virt:0x7fb65ffa1c94, ker:0xffff998103600000, pfn:0x1a83600, nid:1, npages:512]
          cg.C.x-2294  [058]     0.609976: (+3)     bprint:               do_huge_pmd_numa_page: NUMAB MEM ACCESS huge page process[nid:0, cpu:58, pid:2294], folio[virt:0x7fb65b88afbc, ker:0xffff996974a00000, pfn:0x2f4a00, nid:0, npages:512]
          cg.C.x-2326  [059]     0.609978: (+2)     bprint:               do_huge_pmd_numa_page: NUMAB MEM ACCESS huge page process[nid:1, cpu:59, pid:2326], folio[virt:0x7fb65fd6d3a4, ker:0xffff9980dca00000, pfn:0x1a5ca00, nid:1, npages:512]
          cg.C.x-2296  [062]     0.609980: (+2)     bprint:               do_huge_pmd_numa_page: NUMAB MEM ACCESS huge page process[nid:0, cpu:62, pid:2296], folio[virt:0x7fb65bc9fc04, ker:0xffff9980cfe00000, pfn:0x1a4fe00, nid:1, npages:512]
          cg.C.x-2292  [054]     0.609981: (+1)     bprint:               __handle_mm_fault: NUMAB MEM ACCESS process[nid:0, cpu:54, pid:2292], folio[virt:0x7fb660f3d038, phys:0x1238d6000, pfn:0x1238d6, nid:0, npages:1]
          cg.C.x-2294  [058]     0.609983: (+2)     bprint:               __handle_mm_fault: NUMAB MEM ACCESS process[nid:0, cpu:58, pid:2294], folio[virt:0x7fb660f419b8, phys:0x114210000, pfn:0x114210, nid:0, npages:1]
          cg.C.x-2295  [060]     0.609984: (+1)     bprint:               do_huge_pmd_numa_page: NUMAB MEM ACCESS huge page process[nid:0, cpu:60, pid:2295], folio[virt:0x7fb65babdf34, ker:0xffff996a71c00000, pfn:0x3f1c00, nid:0, npages:512]
          cg.C.x-2326  [059]     0.609985: (+1)     bprint:               __handle_mm_fault: NUMAB MEM ACCESS process[nid:1, cpu:59, pid:2326], folio[virt:0x7fb660f8ad64, phys:0x1862dc4000, pfn:0x1862dc4, nid:1, npages:1]
          cg.C.x-2323  [053]     0.609987: (+2)     bprint:               __handle_mm_fault: NUMAB MEM ACCESS process[nid:1, cpu:53, pid:2323], folio[virt:0x7fb660f84000, phys:0x1853b37000, pfn:0x1853b37, nid:1, npages:1]
          cg.C.x-2295  [060]     0.609990: (+3)     bprint:               __handle_mm_fault: NUMAB MEM ACCESS process[nid:0, cpu:60, pid:2295], folio[virt:0x7fb660f43ee8, phys:0x1550a0000, pfn:0x1550a0, nid:0, npages:1]
            sshd-1975  [048]     0.609990: (+0)     sched_switch:         sshd:1975 [120] S ==> cg.C.x:2289 [120]
          cg.C.x-2289  [048]     0.609993: (+3)     bputs:                task_numa_work: NUMAB Exited task_numa_work because migration time has not arrived yet
          cg.C.x-2265  [000]     0.609993: (+0)     bprint:               __handle_mm_fault: NUMAB MEM ACCESS process[nid:0, cpu:0, pid:2265], folio[virt:0x7fb660eff460, phys:0x1e0fc5000, pfn:0x1e0fc5, nid:0, npages:1]
          cg.C.x-2266  [002]     0.609996: (+3)     bprint:               __handle_mm_fault: NUMAB MEM ACCESS process[nid:0, cpu:2, pid:2266], folio[virt:0x7fb660f0193c, phys:0x1e0ff7000, pfn:0x1e0ff7, nid:0, npages:1]
          cg.C.x-2289  [048]     0.609998: (+2)     bprint:               do_huge_pmd_numa_page: NUMAB MEM ACCESS huge page process[nid:0, cpu:48, pid:2289], folio[virt:0x7fb65adc1928, ker:0xffff9969bd600000, pfn:0x33d600, nid:0, npages:512]
          cg.C.x-2300  [007]     0.609999: (+1)     bprint:               __handle_mm_fault: NUMAB MEM ACCESS process[nid:1, cpu:7, pid:2300], folio[virt:0x7fb660f4f570, phys:0x184e232000, pfn:0x184e232, nid:1, npages:1]
          cg.C.x-2298  [003]     0.610001: (+2)     bprint:               __handle_mm_fault: NUMAB MEM ACCESS process[nid:1, cpu:3, pid:2298], folio[virt:0x7fb660f4ac5c, phys:0x1860eca000, pfn:0x1860eca, nid:1, npages:1]
          cg.C.x-2305  [017]     0.610004: (+3)     bprint:               __handle_mm_fault: NUMAB MEM ACCESS process[nid:1, cpu:17, pid:2305], folio[virt:0x7fb660f5ad04, phys:0x1862dea000, pfn:0x1862dea, nid:1, npages:1]
          cg.C.x-2308  [023]     0.610006: (+2)     bprint:               __handle_mm_fault: NUMAB MEM ACCESS process[nid:1, cpu:23, pid:2308], folio[virt:0x7fb660f61b70, phys:0x186322e000, pfn:0x186322e, nid:1, npages:1]
          cg.C.x-2272  [014]     0.610006: (+0)     bprint:               change_prot_numa: NUMAB SCAN vma[start:0x7fb660fd6000, end:0x7fb660fd7000, from:0x7fb660fd6000, to:0x7fb660fd7000, size:4 KB]
          cg.C.x-2274  [018]     0.610008: (+2)     bprint:               __handle_mm_fault: NUMAB MEM ACCESS process[nid:0, cpu:18, pid:2274], folio[virt:0x7fb660f13dd0, phys:0x1e1a5a000, pfn:0x1e1a5a, nid:0, npages:1]
          cg.C.x-2311  [029]     0.610010: (+2)     bprint:               __handle_mm_fault: NUMAB MEM ACCESS process[nid:1, cpu:29, pid:2311], folio[virt:0x7fb660f68960, phys:0x1862b48000, pfn:0x1862b48, nid:1, npages:1]
          cg.C.x-2313  [033]     0.610012: (+2)     bprint:               __handle_mm_fault: NUMAB MEM ACCESS process[nid:1, cpu:33, pid:2313], folio[virt:0x7fb660f6d2a4, phys:0x1861fd0000, pfn:0x1861fd0, nid:1, npages:1]
          cg.C.x-2314  [035]     0.610014: (+2)     bprint:               __handle_mm_fault: NUMAB MEM ACCESS process[nid:1, cpu:35, pid:2314], folio[virt:0x7fb660f6f6bc, phys:0x303a10f000, pfn:0x303a10f, nid:1, npages:1]
          cg.C.x-2315  [037]     0.610016: (+2)     bprint:               __handle_mm_fault: NUMAB MEM ACCESS process[nid:1, cpu:37, pid:2315], folio[virt:0x7fb660f71bac, phys:0x184dcaf000, pfn:0x184dcaf, nid:1, npages:1]
          cg.C.x-2318  [043]     0.610018: (+2)     bprint:               __handle_mm_fault: NUMAB MEM ACCESS process[nid:1, cpu:43, pid:2318], folio[virt:0x7fb660f78990, phys:0x1862a27000, pfn:0x1862a27, nid:1, npages:1]
          cg.C.x-2290  [050]     0.610019: (+1)     bprint:               __handle_mm_fault: NUMAB MEM ACCESS process[nid:0, cpu:50, pid:2290], folio[virt:0x7fb660f387d4, phys:0x210155000, pfn:0x210155, nid:0, npages:1]
          cg.C.x-2285  [040]     0.610021: (+2)     bprint:               __handle_mm_fault: NUMAB MEM ACCESS process[nid:0, cpu:40, pid:2285], folio[virt:0x7fb660f2d120, phys:0x153a3d000, pfn:0x153a3d, nid:0, npages:1]
          cg.C.x-2289  [048]     0.610023: (+2)     bprint:               __handle_mm_fault: NUMAB MEM ACCESS process[nid:0, cpu:48, pid:2289], folio[virt:0x7fb660f3622c, phys:0x210c1a000, pfn:0x210c1a, nid:0, npages:1]
          cg.C.x-2322  [051]     0.610025: (+2)     bprint:               __handle_mm_fault: NUMAB MEM ACCESS process[nid:1, cpu:51, pid:2322], folio[virt:0x7fb660f81bf4, phys:0x186050d000, pfn:0x186050d, nid:1, npages:1]
          cg.C.x-2325  [057]     0.610026: (+1)     bprint:               __handle_mm_fault: NUMAB MEM ACCESS process[nid:1, cpu:57, pid:2325], folio[virt:0x7fb660f888d4, phys:0x186356a000, pfn:0x186356a, nid:1, npages:1]
          cg.C.x-2327  [061]     0.610028: (+2)     bprint:               __handle_mm_fault: NUMAB MEM ACCESS process[nid:1, cpu:61, pid:2327], folio[virt:0x7fb660f8d308, phys:0x186215d000, pfn:0x186215d, nid:1, npages:1]
          cg.C.x-2272  [014]     0.610043: (+15)    bprint:               change_prot_numa: NUMAB SCAN vma[start:0x7fb6611a9000, end:0x7fb6611ab000, from:0x7fb6611a9000, to:0x7fb6611ab000, size:8 KB]
          cg.C.x-2272  [014]     0.610057: (+14)    bprint:               change_prot_numa: NUMAB SCAN vma[start:0x7fb6611ab000, end:0x7fb6611b8000, from:0x7fb6611ab000, to:0x7fb6611b8000, size:52 KB]
          cg.C.x-2272  [014]     0.610076: (+19)    bprint:               change_prot_numa: NUMAB SCAN vma[start:0x7fb6611ff000, end:0x7fb661200000, from:0x7fb6611ff000, to:0x7fb661200000, size:4 KB]
          cg.C.x-2300  [007]     0.610083: (+7)     bprint:               __handle_mm_fault: NUMAB MEM ACCESS process[nid:1, cpu:7, pid:2300], folio[virt:0x7fb6611ff6c0, phys:0x18571ae000, pfn:0x18571ae, nid:1, npages:1]
          cg.C.x-2272  [014]     0.610090: (+7)     bprint:               change_prot_numa: NUMAB SCAN vma[start:0x7fb6614c8000, end:0x7fb6614ca000, from:0x7fb6614c8000, to:0x7fb6614ca000, size:8 KB]
          cg.C.x-2272  [014]     0.610104: (+14)    bprint:               change_prot_numa: NUMAB SCAN vma[start:0x7fb6614dd000, end:0x7fb6614e2000, from:0x7fb6614dd000, to:0x7fb6614e2000, size:20 KB]
          cg.C.x-2272  [014]     0.610121: (+17)    bprint:               change_prot_numa: NUMAB SCAN vma[start:0x7fb661501000, end:0x7fb661502000, from:0x7fb661501000, to:0x7fb661502000, size:4 KB]
          cg.C.x-2272  [014]     0.610134: (+13)    bprint:               change_prot_numa: NUMAB SCAN vma[start:0x7fb6615e0000, end:0x7fb6615e1000, from:0x7fb6615e0000, to:0x7fb6615e1000, size:4 KB]
          cg.C.x-2272  [014]     0.610148: (+14)    bprint:               change_prot_numa: NUMAB SCAN vma[start:0x7fb6615eb000, end:0x7fb6615ed000, from:0x7fb6615eb000, to:0x7fb6615ed000, size:8 KB]
          cg.C.x-2272  [014]     0.610163: (+15)    bprint:               change_prot_numa: NUMAB SCAN vma[start:0x7fb66161f000, end:0x7fb661621000, from:0x7fb66161f000, to:0x7fb661621000, size:8 KB]
          cg.C.x-2272  [014]     0.610176: (+13)    bprint:               change_prot_numa: NUMAB SCAN vma[start:0x7ffce20f8000, end:0x7ffce2119000, from:0x7ffce20f8000, to:0x7ffce2119000, size:132 KB]
          cg.C.x-2272  [014]     0.610192: (+16)    bprint:               change_prot_numa: NUMAB SCAN vma[start:0x7ffce212c000, end:0x7ffce212e000, from:0x7ffce212c000, to:0x7ffce212e000, size:8 KB]
          cg.C.x-2272  [014]     0.610198: (+6)     bprint:               __handle_mm_fault: NUMAB MEM ACCESS process[nid:0, cpu:14, pid:2272], folio[virt:0x7fb660f0f388, phys:0x1e1828000, pfn:0x1e1828, nid:0, npages:1]
          cg.C.x-2296  [062]     0.610737: (+539)   bprint:               __handle_mm_fault: NUMAB MEM ACCESS process[nid:0, cpu:62, pid:2296], folio[virt:0x7fb660f45ef4, phys:0x17e0933000, pfn:0x17e0933, nid:0, npages:1]
          cg.C.x-2296  [062]     0.610835: (+98)    bprint:               __handle_mm_fault: NUMAB MEM ACCESS process[nid:0, cpu:62, pid:2296], folio[virt:0x7fb660f46000, phys:0x1853563000, pfn:0x1853563, nid:1, npages:1]
          cg.C.x-2296  [062]     0.610836: (+1)     bprint:               __handle_mm_fault: NUMAB TRY MEM MIGR process[nid:0, cpu:62, pid:2296], folio[virt:0x7fb660f46000, phys:0x1853563000, nid:1], target_nid:0
          cg.C.x-2296  [062]     0.610847: (+11)    bprint:               __handle_mm_fault: NUMAB COMPLETED MEM MIGR process[nid:0, cpu:62, pid:2296], old[phys:0x1853563000, nid:1, npages:1], new[phys:0x154b1a000, nid:0, npages:1]
          cg.C.x-2265  [000]     0.611156: (+309)   bprint:               __handle_mm_fault: NUMAB MEM ACCESS process[nid:0, cpu:0, pid:2265], folio[virt:0x7ffce21167e0, phys:0x186296b000, pfn:0x186296b, nid:1, npages:1]
          cg.C.x-2265  [000]     0.611157: (+1)     bprint:               __handle_mm_fault: NUMAB TRY MEM MIGR process[nid:0, cpu:0, pid:2265], folio[virt:0x7ffce21167e0, phys:0x186296b000, nid:1], target_nid:0
          cg.C.x-2281  [032]     0.611161: (+4)     bprint:               __handle_mm_fault: NUMAB MEM ACCESS process[nid:0, cpu:32, pid:2281], folio[virt:0x7ffce21169b8, phys:0x186296b000, pfn:0x186296b, nid:1, npages:1]
          cg.C.x-2281  [032]     0.611162: (+1)     bprint:               __handle_mm_fault: NUMAB TRY MEM MIGR process[nid:0, cpu:32, pid:2281], folio[virt:0x7ffce21169b8, phys:0x186296b000, nid:1], target_nid:0
          cg.C.x-2281  [032]     0.611162: (+0)     bprint:               migrate_misplaced_folio: NUMAB pid:2281 ABORTING MEM MIGR because !isolated
          cg.C.x-2266  [002]     0.611163: (+1)     bprint:               __handle_mm_fault: NUMAB MEM ACCESS process[nid:0, cpu:2, pid:2266], folio[virt:0x7ffce21169b8, phys:0x186296b000, pfn:0x186296b, nid:1, npages:1]
          cg.C.x-2266  [002]     0.611164: (+1)     bprint:               __handle_mm_fault: NUMAB TRY MEM MIGR process[nid:0, cpu:2, pid:2266], folio[virt:0x7ffce21169b8, phys:0x186296b000, nid:1], target_nid:0
          cg.C.x-2266  [002]     0.611164: (+0)     bprint:               migrate_misplaced_folio: NUMAB pid:2266 ABORTING MEM MIGR because !isolated
          cg.C.x-2295  [060]     0.611165: (+1)     bprint:               __handle_mm_fault: NUMAB MEM ACCESS process[nid:0, cpu:60, pid:2295], folio[virt:0x7ffce21169b8, phys:0x186296b000, pfn:0x186296b, nid:1, npages:1]
          cg.C.x-2295  [060]     0.611166: (+1)     bprint:               __handle_mm_fault: NUMAB TRY MEM MIGR process[nid:0, cpu:60, pid:2295], folio[virt:0x7ffce21169b8, phys:0x186296b000, nid:1], target_nid:0
          cg.C.x-2295  [060]     0.611167: (+1)     bprint:               migrate_misplaced_folio: NUMAB pid:2295 ABORTING MEM MIGR because !isolated
          cg.C.x-2283  [036]     0.611168: (+1)     bprint:               __handle_mm_fault: NUMAB MEM ACCESS process[nid:0, cpu:36, pid:2283], folio[virt:0x7ffce21169b8, phys:0x186296b000, pfn:0x186296b, nid:1, npages:1]
          cg.C.x-2283  [036]     0.611169: (+1)     bprint:               __handle_mm_fault: NUMAB TRY MEM MIGR process[nid:0, cpu:36, pid:2283], folio[virt:0x7ffce21169b8, phys:0x186296b000, nid:1], target_nid:0
          cg.C.x-2283  [036]     0.611170: (+1)     bprint:               migrate_misplaced_folio: NUMAB pid:2283 ABORTING MEM MIGR because !isolated
          cg.C.x-2279  [028]     0.611170: (+0)     bprint:               __handle_mm_fault: NUMAB MEM ACCESS process[nid:0, cpu:28, pid:2279], folio[virt:0x7ffce21169b8, phys:0x186296b000, pfn:0x186296b, nid:1, npages:1]
          cg.C.x-2279  [028]     0.611171: (+1)     bprint:               __handle_mm_fault: NUMAB TRY MEM MIGR process[nid:0, cpu:28, pid:2279], folio[virt:0x7ffce21169b8, phys:0x186296b000, nid:1], target_nid:0
          cg.C.x-2279  [028]     0.611172: (+1)     bprint:               migrate_misplaced_folio: NUMAB pid:2279 ABORTING MEM MIGR because !isolated
          cg.C.x-2290  [050]     0.611172: (+0)     bprint:               __handle_mm_fault: NUMAB MEM ACCESS process[nid:0, cpu:50, pid:2290], folio[virt:0x7ffce21169b8, phys:0x186296b000, pfn:0x186296b, nid:1, npages:1]
          cg.C.x-2290  [050]     0.611173: (+1)     bprint:               __handle_mm_fault: NUMAB TRY MEM MIGR process[nid:0, cpu:50, pid:2290], folio[virt:0x7ffce21169b8, phys:0x186296b000, nid:1], target_nid:0
          cg.C.x-2274  [018]     0.611173: (+0)     bprint:               __handle_mm_fault: NUMAB MEM ACCESS process[nid:0, cpu:18, pid:2274], folio[virt:0x7ffce21169b8, phys:0x186296b000, pfn:0x186296b, nid:1, npages:1]
          cg.C.x-2290  [050]     0.611174: (+1)     bprint:               migrate_misplaced_folio: NUMAB pid:2290 ABORTING MEM MIGR because !isolated
          cg.C.x-2274  [018]     0.611174: (+0)     bprint:               __handle_mm_fault: NUMAB TRY MEM MIGR process[nid:0, cpu:18, pid:2274], folio[virt:0x7ffce21169b8, phys:0x186296b000, nid:1], target_nid:0
          cg.C.x-2274  [018]     0.611175: (+1)     bprint:               migrate_misplaced_folio: NUMAB pid:2274 ABORTING MEM MIGR because !isolated
          cg.C.x-2287  [044]     0.611175: (+0)     bprint:               __handle_mm_fault: NUMAB MEM ACCESS process[nid:0, cpu:44, pid:2287], folio[virt:0x7ffce21169b8, phys:0x186296b000, pfn:0x186296b, nid:1, npages:1]
          cg.C.x-2287  [044]     0.611177: (+2)     bprint:               __handle_mm_fault: NUMAB TRY MEM MIGR process[nid:0, cpu:44, pid:2287], folio[virt:0x7ffce21169b8, phys:0x186296b000, nid:1], target_nid:0
          cg.C.x-2287  [044]     0.611177: (+0)     bprint:               migrate_misplaced_folio: NUMAB pid:2287 ABORTING MEM MIGR because !isolated
          cg.C.x-2309  [025]     0.611178: (+1)     bprint:               __handle_mm_fault: NUMAB MEM ACCESS process[nid:1, cpu:25, pid:2309], folio[virt:0x7ffce21169b8, phys:0x186296b000, pfn:0x186296b, nid:1, npages:1]
          cg.C.x-2265  [000]     0.611223: (+45)    sched_waking:         comm=cg.C.x pid=2271 prio=120 target_cpu=012
          cg.C.x-2265  [000]     0.611224: (+1)     sched_waking:         comm=cg.C.x pid=2286 prio=120 target_cpu=042
          cg.C.x-2286  [042]     0.611225: (+1)     sched_switch:         cg.C.x:2286 [120] D ==> swapper/42:0 [120]
          cg.C.x-2265  [000]     0.611225: (+0)     sched_waking:         comm=cg.C.x pid=2270 prio=120 target_cpu=010
          cg.C.x-2294  [058]     0.611225: (+0)     sched_switch:         cg.C.x:2294 [120] D ==> swapper/58:0 [120]
          cg.C.x-2278  [026]     0.611225: (+0)     sched_switch:         cg.C.x:2278 [120] D ==> swapper/26:0 [120]
          cg.C.x-2271  [012]     0.611225: (+0)     sched_switch:         cg.C.x:2271 [120] D ==> swapper/12:0 [120]
          cg.C.x-2320  [047]     0.611225: (+0)     sched_switch:         cg.C.x:2320 [120] D ==> swapper/47:0 [120]
          cg.C.x-2324  [055]     0.611225: (+0)     sched_switch:         cg.C.x:2324 [120] D ==> swapper/55:0 [120]
          cg.C.x-2326  [059]     0.611225: (+0)     sched_switch:         cg.C.x:2326 [120] D ==> swapper/59:0 [120]
          cg.C.x-2310  [027]     0.611225: (+0)     sched_switch:         cg.C.x:2310 [120] D ==> swapper/27:0 [120]
          cg.C.x-2267  [004]     0.611226: (+1)     sched_switch:         cg.C.x:2267 [120] D ==> swapper/4:0 [120]
          cg.C.x-2270  [010]     0.611226: (+0)     sched_switch:         cg.C.x:2270 [120] D ==> swapper/10:0 [120]
          cg.C.x-2293  [056]     0.611226: (+0)     sched_switch:         cg.C.x:2293 [120] D ==> swapper/56:0 [120]
          cg.C.x-2277  [024]     0.611226: (+0)     sched_switch:         cg.C.x:2277 [120] D ==> swapper/24:0 [120]
          cg.C.x-2282  [034]     0.611226: (+0)     sched_switch:         cg.C.x:2282 [120] D ==> swapper/34:0 [120]
          cg.C.x-2265  [000]     0.611226: (+0)     sched_waking:         comm=cg.C.x pid=2294 prio=120 target_cpu=058
          cg.C.x-2265  [000]     0.611227: (+1)     sched_waking:         comm=cg.C.x pid=2313 prio=120 target_cpu=033
          cg.C.x-2318  [043]     0.611227: (+0)     sched_switch:         cg.C.x:2318 [120] D ==> swapper/43:0 [120]
          cg.C.x-2285  [040]     0.611227: (+0)     sched_switch:         cg.C.x:2285 [120] D ==> swapper/40:0 [120]
          cg.C.x-2292  [054]     0.611228: (+1)     sched_switch:         cg.C.x:2292 [120] D ==> swapper/54:0 [120]
          cg.C.x-2291  [052]     0.611228: (+0)     sched_switch:         cg.C.x:2291 [120] D ==> swapper/52:0 [120]
          cg.C.x-2275  [020]     0.611228: (+0)     sched_switch:         cg.C.x:2275 [120] D ==> swapper/20:0 [120]
          cg.C.x-2265  [000]     0.611228: (+0)     sched_waking:         comm=cg.C.x pid=2267 prio=120 target_cpu=004
          cg.C.x-2327  [061]     0.611228: (+0)     sched_switch:         cg.C.x:2327 [120] D ==> swapper/61:0 [120]
          cg.C.x-2272  [014]     0.611228: (+0)     sched_switch:         cg.C.x:2272 [120] D ==> swapper/14:0 [120]
          cg.C.x-2288  [046]     0.611228: (+0)     sched_switch:         cg.C.x:2288 [120] D ==> swapper/46:0 [120]
          cg.C.x-2265  [000]     0.611229: (+1)     sched_waking:         comm=cg.C.x pid=2297 prio=120 target_cpu=001
          cg.C.x-2289  [048]     0.611230: (+1)     sched_switch:         cg.C.x:2289 [120] D ==> swapper/48:0 [120]
          cg.C.x-2273  [016]     0.611230: (+0)     sched_switch:         cg.C.x:2273 [120] D ==> swapper/16:0 [120]
          cg.C.x-2296  [062]     0.611230: (+0)     sched_switch:         cg.C.x:2296 [120] D ==> swapper/62:0 [120]
          cg.C.x-2280  [030]     0.611230: (+0)     sched_switch:         cg.C.x:2280 [120] D ==> swapper/30:0 [120]
          cg.C.x-2265  [000]     0.611231: (+1)     sched_waking:         comm=cg.C.x pid=2293 prio=120 target_cpu=056
          cg.C.x-2265  [000]     0.611231: (+0)     sched_wake_idle_without_ipi: cpu=56
          <idle>-0     [058]     0.611232: (+1)     sched_wakeup:         cg.C.x:2294 [120] CPU:058
          <idle>-0     [042]     0.611232: (+0)     sched_wakeup:         cg.C.x:2286 [120] CPU:042
          <idle>-0     [010]     0.611232: (+0)     sched_wakeup:         cg.C.x:2270 [120] CPU:010
          cg.C.x-2284  [038]     0.611232: (+0)     sched_switch:         cg.C.x:2284 [120] D ==> swapper/38:0 [120]
          cg.C.x-2268  [006]     0.611232: (+0)     sched_switch:         cg.C.x:2268 [120] D ==> swapper/6:0 [120]
          <idle>-0     [012]     0.611232: (+0)     sched_wakeup:         cg.C.x:2271 [120] CPU:012
          cg.C.x-2265  [000]     0.611232: (+0)     sched_waking:         comm=cg.C.x pid=2282 prio=120 target_cpu=034
          cg.C.x-2269  [008]     0.611232: (+0)     sched_switch:         cg.C.x:2269 [120] D ==> swapper/8:0 [120]
          cg.C.x-2276  [022]     0.611232: (+0)     sched_switch:         cg.C.x:2276 [120] D ==> swapper/22:0 [120]
          cg.C.x-2265  [000]     0.611232: (+0)     sched_wake_idle_without_ipi: cpu=34
          cg.C.x-2265  [000]     0.611233: (+1)     sched_waking:         comm=cg.C.x pid=2285 prio=120 target_cpu=040
          cg.C.x-2265  [000]     0.611234: (+1)     sched_wake_idle_without_ipi: cpu=40
          <idle>-0     [012]     0.611234: (+0)     sched_switch:         swapper/12:0 [120] R ==> cg.C.x:2271 [120]
          <idle>-0     [004]     0.611234: (+0)     sched_wakeup:         cg.C.x:2267 [120] CPU:004
          cg.C.x-2265  [000]     0.611234: (+0)     sched_waking:         comm=cg.C.x pid=2278 prio=120 target_cpu=026
          <idle>-0     [058]     0.611234: (+0)     sched_switch:         swapper/58:0 [120] R ==> cg.C.x:2294 [120]
          <idle>-0     [042]     0.611234: (+0)     sched_switch:         swapper/42:0 [120] R ==> cg.C.x:2286 [120]
          <idle>-0     [010]     0.611234: (+0)     sched_switch:         swapper/10:0 [120] R ==> cg.C.x:2270 [120]
          cg.C.x-2265  [000]     0.611235: (+1)     sched_wake_idle_without_ipi: cpu=26
          cg.C.x-2265  [000]     0.611235: (+0)     sched_waking:         comm=cg.C.x pid=2277 prio=120 target_cpu=024
          cg.C.x-2313  [033]     0.611235: (+0)     sched_switch:         cg.C.x:2313 [120] D ==> swapper/33:0 [120]
          cg.C.x-2297  [001]     0.611235: (+0)     sched_switch:         cg.C.x:2297 [120] D ==> swapper/1:0 [120]
          cg.C.x-2265  [000]     0.611236: (+1)     sched_wake_idle_without_ipi: cpu=24
          <idle>-0     [004]     0.611236: (+0)     sched_switch:         swapper/4:0 [120] R ==> cg.C.x:2267 [120]
          cg.C.x-2265  [000]     0.611236: (+0)     sched_waking:         comm=cg.C.x pid=2292 prio=120 target_cpu=054
          <idle>-0     [056]     0.611237: (+1)     sched_wakeup:         cg.C.x:2293 [120] CPU:056
          cg.C.x-2325  [057]     0.611237: (+0)     sched_switch:         cg.C.x:2325 [120] D ==> swapper/57:0 [120]
