          cg.C.x-2289  [048]     0.310050: (+2)     bprint:               __handle_mm_fault: NUMAB MEM ACCESS process[nid:0, cpu:48, pid:2289], folio[virt:0x7fb618dff394, phys:0x117988000, pfn:0x117988, nid:0, npages:1]
          cg.C.x-2310  [027]     0.310067: (+17)    bprint:               change_prot_numa: NUMAB SCAN vma[start:0x7fb619a01000, end:0x7fb61a201000, from:0x7fb619a01000, to:0x7fb61a201000, size:8192 KB]
          cg.C.x-2288  [046]     0.310069: (+2)     bprint:               __handle_mm_fault: NUMAB MEM ACCESS process[nid:0, cpu:46, pid:2288], folio[virt:0x7fb6197ff394, phys:0x17e0912000, pfn:0x17e0912, nid:0, npages:1]
          cg.C.x-2310  [027]     0.310086: (+17)    bprint:               change_prot_numa: NUMAB SCAN vma[start:0x7fb61a401000, end:0x7fb61ac01000, from:0x7fb61a401000, to:0x7fb61ac01000, size:8192 KB]
          cg.C.x-2287  [044]     0.310088: (+2)     bprint:               __handle_mm_fault: NUMAB MEM ACCESS process[nid:0, cpu:44, pid:2287], folio[virt:0x7fb61a1ff394, phys:0x184d08000, pfn:0x184d08, nid:0, npages:1]
          cg.C.x-2310  [027]     0.310105: (+17)    bprint:               change_prot_numa: NUMAB SCAN vma[start:0x7fb61ae01000, end:0x7fb61b601000, from:0x7fb61ae01000, to:0x7fb61b601000, size:8192 KB]
          cg.C.x-2286  [042]     0.310107: (+2)     bprint:               __handle_mm_fault: NUMAB MEM ACCESS process[nid:0, cpu:42, pid:2286], folio[virt:0x7fb61abff394, phys:0x1553f3000, pfn:0x1553f3, nid:0, npages:1]
          cg.C.x-2310  [027]     0.310123: (+16)    bprint:               change_prot_numa: NUMAB SCAN vma[start:0x7fb61b801000, end:0x7fb61c001000, from:0x7fb61b801000, to:0x7fb61c001000, size:8192 KB]
          cg.C.x-2285  [040]     0.310126: (+3)     bprint:               __handle_mm_fault: NUMAB MEM ACCESS process[nid:0, cpu:40, pid:2285], folio[virt:0x7fb61b5ff394, phys:0x154b9a000, pfn:0x154b9a, nid:0, npages:1]
          cg.C.x-2310  [027]     0.310143: (+17)    bprint:               change_prot_numa: NUMAB SCAN vma[start:0x7fb61c201000, end:0x7fb61ca01000, from:0x7fb61c201000, to:0x7fb61ca01000, size:8192 KB]
          cg.C.x-2284  [038]     0.310146: (+3)     bprint:               __handle_mm_fault: NUMAB MEM ACCESS process[nid:0, cpu:38, pid:2284], folio[virt:0x7fb61bfff394, phys:0x185122000, pfn:0x185122, nid:0, npages:1]
          cg.C.x-2310  [027]     0.310162: (+16)    bprint:               change_prot_numa: NUMAB SCAN vma[start:0x7fb61cc01000, end:0x7fb61d401000, from:0x7fb61cc01000, to:0x7fb61d401000, size:8192 KB]
          cg.C.x-2283  [036]     0.310164: (+2)     bprint:               __handle_mm_fault: NUMAB MEM ACCESS process[nid:0, cpu:36, pid:2283], folio[virt:0x7fb61c9ff394, phys:0x17e0926000, pfn:0x17e0926, nid:0, npages:1]
          cg.C.x-2310  [027]     0.310181: (+17)    bprint:               change_prot_numa: NUMAB SCAN vma[start:0x7fb61d601000, end:0x7fb61de01000, from:0x7fb61d601000, to:0x7fb61de01000, size:8192 KB]
          cg.C.x-2282  [034]     0.310184: (+3)     bprint:               __handle_mm_fault: NUMAB MEM ACCESS process[nid:0, cpu:34, pid:2282], folio[virt:0x7fb61d3ff394, phys:0x1e06a5000, pfn:0x1e06a5, nid:0, npages:1]
          cg.C.x-2310  [027]     0.310199: (+15)    bprint:               change_prot_numa: NUMAB SCAN vma[start:0x7fb61e001000, end:0x7fb61e801000, from:0x7fb61e001000, to:0x7fb61e801000, size:8192 KB]
          cg.C.x-2281  [032]     0.310202: (+3)     bprint:               __handle_mm_fault: NUMAB MEM ACCESS process[nid:0, cpu:32, pid:2281], folio[virt:0x7fb61ddff394, phys:0x124f05000, pfn:0x124f05, nid:0, npages:1]
          cg.C.x-2310  [027]     0.310218: (+16)    bprint:               change_prot_numa: NUMAB SCAN vma[start:0x7fb61ea01000, end:0x7fb61f201000, from:0x7fb61ea01000, to:0x7fb61f201000, size:8192 KB]
          cg.C.x-2280  [030]     0.310220: (+2)     bprint:               __handle_mm_fault: NUMAB MEM ACCESS process[nid:0, cpu:30, pid:2280], folio[virt:0x7fb61e7ff394, phys:0x1174f0000, pfn:0x1174f0, nid:0, npages:1]
          cg.C.x-2310  [027]     0.310237: (+17)    bprint:               change_prot_numa: NUMAB SCAN vma[start:0x7fb61f401000, end:0x7fb61fc01000, from:0x7fb61f401000, to:0x7fb61fc01000, size:8192 KB]
          cg.C.x-2279  [028]     0.310239: (+2)     bprint:               __handle_mm_fault: NUMAB MEM ACCESS process[nid:0, cpu:28, pid:2279], folio[virt:0x7fb61f1ff394, phys:0x154a76000, pfn:0x154a76, nid:0, npages:1]
          cg.C.x-2310  [027]     0.310256: (+17)    bprint:               change_prot_numa: NUMAB SCAN vma[start:0x7fb61fe01000, end:0x7fb620601000, from:0x7fb61fe01000, to:0x7fb620601000, size:8192 KB]
          cg.C.x-2278  [026]     0.310257: (+1)     bprint:               __handle_mm_fault: NUMAB MEM ACCESS process[nid:0, cpu:26, pid:2278], folio[virt:0x7fb61fbff388, phys:0x184e8a000, pfn:0x184e8a, nid:0, npages:1]
          cg.C.x-2310  [027]     0.310274: (+17)    bprint:               change_prot_numa: NUMAB SCAN vma[start:0x7fb620801000, end:0x7fb621001000, from:0x7fb620801000, to:0x7fb621001000, size:8192 KB]
          cg.C.x-2277  [024]     0.310276: (+2)     bprint:               __handle_mm_fault: NUMAB MEM ACCESS process[nid:0, cpu:24, pid:2277], folio[virt:0x7fb6205ff394, phys:0x1e1903000, pfn:0x1e1903, nid:0, npages:1]
          cg.C.x-2310  [027]     0.310292: (+16)    bprint:               change_prot_numa: NUMAB SCAN vma[start:0x7fb621201000, end:0x7fb621a01000, from:0x7fb621201000, to:0x7fb621a01000, size:8192 KB]
          cg.C.x-2276  [022]     0.310294: (+2)     bprint:               __handle_mm_fault: NUMAB MEM ACCESS process[nid:0, cpu:22, pid:2276], folio[virt:0x7fb620fff394, phys:0x1b1416000, pfn:0x1b1416, nid:0, npages:1]
          cg.C.x-2310  [027]     0.310312: (+18)    bprint:               change_prot_numa: NUMAB SCAN vma[start:0x7fb621c01000, end:0x7fb622401000, from:0x7fb621c01000, to:0x7fb622401000, size:8192 KB]
          cg.C.x-2275  [020]     0.310313: (+1)     bprint:               __handle_mm_fault: NUMAB MEM ACCESS process[nid:0, cpu:20, pid:2275], folio[virt:0x7fb6219ff394, phys:0x123637000, pfn:0x123637, nid:0, npages:1]
          cg.C.x-2310  [027]     0.310331: (+18)    bprint:               change_prot_numa: NUMAB SCAN vma[start:0x7fb622601000, end:0x7fb622e01000, from:0x7fb622601000, to:0x7fb622e01000, size:8192 KB]
          cg.C.x-2274  [018]     0.310333: (+2)     bprint:               __handle_mm_fault: NUMAB MEM ACCESS process[nid:0, cpu:18, pid:2274], folio[virt:0x7fb6223ff394, phys:0x1b2370000, pfn:0x1b2370, nid:0, npages:1]
          cg.C.x-2310  [027]     0.310349: (+16)    bprint:               change_prot_numa: NUMAB SCAN vma[start:0x7fb623001000, end:0x7fb623801000, from:0x7fb623001000, to:0x7fb623801000, size:8192 KB]
          cg.C.x-2273  [016]     0.310351: (+2)     bprint:               __handle_mm_fault: NUMAB MEM ACCESS process[nid:0, cpu:16, pid:2273], folio[virt:0x7fb622dff394, phys:0x18512c000, pfn:0x18512c, nid:0, npages:1]
          cg.C.x-2310  [027]     0.310368: (+17)    bprint:               change_prot_numa: NUMAB SCAN vma[start:0x7fb623a01000, end:0x7fb624201000, from:0x7fb623a01000, to:0x7fb624201000, size:8192 KB]
          cg.C.x-2272  [014]     0.310370: (+2)     bprint:               __handle_mm_fault: NUMAB MEM ACCESS process[nid:0, cpu:14, pid:2272], folio[virt:0x7fb6237ff394, phys:0x117aa0000, pfn:0x117aa0, nid:0, npages:1]
          cg.C.x-2310  [027]     0.310387: (+17)    bprint:               change_prot_numa: NUMAB SCAN vma[start:0x7fb624401000, end:0x7fb624c01000, from:0x7fb624401000, to:0x7fb624c01000, size:8192 KB]
          cg.C.x-2271  [012]     0.310388: (+1)     bprint:               __handle_mm_fault: NUMAB MEM ACCESS process[nid:0, cpu:12, pid:2271], folio[virt:0x7fb6241ff394, phys:0x15385d000, pfn:0x15385d, nid:0, npages:1]
          cg.C.x-2310  [027]     0.310406: (+18)    bprint:               change_prot_numa: NUMAB SCAN vma[start:0x7fb624e01000, end:0x7fb625601000, from:0x7fb624e01000, to:0x7fb625601000, size:8192 KB]
          cg.C.x-2270  [010]     0.310407: (+1)     bprint:               __handle_mm_fault: NUMAB MEM ACCESS process[nid:0, cpu:10, pid:2270], folio[virt:0x7fb624bff394, phys:0x1540ec000, pfn:0x1540ec, nid:0, npages:1]
          cg.C.x-2310  [027]     0.310425: (+18)    bprint:               change_prot_numa: NUMAB SCAN vma[start:0x7fb625801000, end:0x7fb626001000, from:0x7fb625801000, to:0x7fb626001000, size:8192 KB]
          cg.C.x-2269  [008]     0.310427: (+2)     bprint:               __handle_mm_fault: NUMAB MEM ACCESS process[nid:0, cpu:8, pid:2269], folio[virt:0x7fb6255ff394, phys:0x1850cd000, pfn:0x1850cd, nid:0, npages:1]
          cg.C.x-2310  [027]     0.310444: (+17)    bprint:               change_prot_numa: NUMAB SCAN vma[start:0x7fb626201000, end:0x7fb626a01000, from:0x7fb626201000, to:0x7fb626a01000, size:8192 KB]
          cg.C.x-2268  [006]     0.310445: (+1)     bprint:               __handle_mm_fault: NUMAB MEM ACCESS process[nid:0, cpu:6, pid:2268], folio[virt:0x7fb625fff394, phys:0x153a8e000, pfn:0x153a8e, nid:0, npages:1]
          cg.C.x-2310  [027]     0.310463: (+18)    bprint:               change_prot_numa: NUMAB SCAN vma[start:0x7fb626c01000, end:0x7fb627401000, from:0x7fb626c01000, to:0x7fb627401000, size:8192 KB]
          cg.C.x-2267  [004]     0.310464: (+1)     bprint:               __handle_mm_fault: NUMAB MEM ACCESS process[nid:0, cpu:4, pid:2267], folio[virt:0x7fb6269ff394, phys:0x1b23d6000, pfn:0x1b23d6, nid:0, npages:1]
          cg.C.x-2310  [027]     0.310481: (+17)    bprint:               change_prot_numa: NUMAB SCAN vma[start:0x7fb62756c000, end:0x7fb639ef9000, from:0x7fb62756c000, to:0x7fb627e00000, size:8784 KB]
          cg.C.x-2266  [002]     0.310482: (+1)     bprint:               __handle_mm_fault: NUMAB MEM ACCESS process[nid:0, cpu:2, pid:2266], folio[virt:0x7fb6273ff394, phys:0x210cd3000, pfn:0x210cd3, nid:0, npages:1]
          cg.C.x-2304  [015]     0.377846: (+67364) sched_waking:         comm=kworker/15:1 pid=734 prio=120 target_cpu=015
          cg.C.x-2304  [015]     0.377854: (+8)     sched_wakeup:         kworker/15:1:734 [120] CPU:015
          cg.C.x-2304  [015]     0.377862: (+8)     sched_switch:         cg.C.x:2304 [120] R ==> kworker/15:1:734 [120]
    kworker/15:1-734   [015]     0.377895: (+33)    sched_switch:         kworker/15:1:734 [120] I ==> cg.C.x:2304 [120]
          cg.C.x-2307  [021]     0.409843: (+31948) bputs:                task_numa_work: NUMAB Exited task_numa_work because migration time has not arrived yet
          cg.C.x-2323  [053]     0.409843: (+0)     bputs:                task_numa_work: NUMAB Exited task_numa_work because migration time has not arrived yet
          cg.C.x-2304  [015]     0.409843: (+0)     bputs:                task_numa_work: NUMAB Exited task_numa_work because migration time has not arrived yet
          cg.C.x-2321  [049]     0.409843: (+0)     bputs:                task_numa_work: NUMAB Exited task_numa_work because migration time has not arrived yet
          cg.C.x-2305  [017]     0.409843: (+0)     bputs:                task_numa_work: NUMAB Exited task_numa_work because migration time has not arrived yet
          cg.C.x-2316  [039]     0.409843: (+0)     bputs:                task_numa_work: NUMAB Exited task_numa_work because migration time has not arrived yet
          cg.C.x-2319  [045]     0.409843: (+0)     bputs:                task_numa_work: NUMAB Exited task_numa_work because migration time has not arrived yet
          cg.C.x-2300  [007]     0.409843: (+0)     bputs:                task_numa_work: NUMAB Exited task_numa_work because migration time has not arrived yet
          cg.C.x-2267  [004]     0.409843: (+0)     bputs:                task_numa_work: NUMAB Exited task_numa_work because migration time has not arrived yet
          cg.C.x-2318  [043]     0.409843: (+0)     bputs:                task_numa_work: NUMAB Exited task_numa_work because migration time has not arrived yet
          cg.C.x-2268  [006]     0.409843: (+0)     bputs:                task_numa_work: NUMAB Exited task_numa_work because migration time has not arrived yet
          cg.C.x-2303  [013]     0.409843: (+0)     bputs:                task_numa_work: NUMAB Exited task_numa_work because migration time has not arrived yet
          cg.C.x-2306  [019]     0.409843: (+0)     bputs:                task_numa_work: NUMAB Exited task_numa_work because migration time has not arrived yet
          cg.C.x-2302  [011]     0.409843: (+0)     bputs:                task_numa_work: NUMAB Exited task_numa_work because migration time has not arrived yet
          cg.C.x-2311  [029]     0.409843: (+0)     bputs:                task_numa_work: NUMAB Exited task_numa_work because migration time has not arrived yet
          cg.C.x-2320  [047]     0.409843: (+0)     bputs:                task_numa_work: NUMAB Exited task_numa_work because migration time has not arrived yet
          cg.C.x-2322  [051]     0.409843: (+0)     bputs:                task_numa_work: NUMAB Exited task_numa_work because migration time has not arrived yet
          cg.C.x-2327  [061]     0.409843: (+0)     bputs:                task_numa_work: NUMAB Exited task_numa_work because migration time has not arrived yet
          cg.C.x-2274  [018]     0.409843: (+0)     bputs:                task_numa_work: NUMAB Exited task_numa_work because migration time has not arrived yet
          cg.C.x-2312  [031]     0.409843: (+0)     bputs:                task_numa_work: NUMAB Exited task_numa_work because migration time has not arrived yet
          cg.C.x-2328  [063]     0.409843: (+0)     bputs:                task_numa_work: NUMAB Exited task_numa_work because migration time has not arrived yet
          cg.C.x-2301  [009]     0.409843: (+0)     bputs:                task_numa_work: NUMAB Exited task_numa_work because migration time has not arrived yet
          cg.C.x-2294  [058]     0.409844: (+1)     bputs:                task_numa_work: NUMAB Exited task_numa_work because migration time has not arrived yet
          cg.C.x-2317  [041]     0.409844: (+0)     bputs:                task_numa_work: NUMAB Exited task_numa_work because migration time has not arrived yet
          cg.C.x-2277  [024]     0.409844: (+0)     bputs:                task_numa_work: NUMAB Exited task_numa_work because migration time has not arrived yet
          cg.C.x-2289  [048]     0.409844: (+0)     bputs:                task_numa_work: NUMAB Exited task_numa_work because migration time has not arrived yet
          cg.C.x-2273  [016]     0.409844: (+0)     bputs:                task_numa_work: NUMAB Exited task_numa_work because migration time has not arrived yet
          cg.C.x-2292  [054]     0.409844: (+0)     bputs:                task_numa_work: NUMAB Exited task_numa_work because migration time has not arrived yet
          cg.C.x-2276  [022]     0.409844: (+0)     bputs:                task_numa_work: NUMAB Exited task_numa_work because migration time has not arrived yet
          cg.C.x-2285  [040]     0.409844: (+0)     bputs:                task_numa_work: NUMAB Exited task_numa_work because migration time has not arrived yet
          cg.C.x-2275  [020]     0.409844: (+0)     bputs:                task_numa_work: NUMAB Exited task_numa_work because migration time has not arrived yet
          cg.C.x-2269  [008]     0.409844: (+0)     bputs:                task_numa_work: NUMAB Exited task_numa_work because migration time has not arrived yet
          cg.C.x-2270  [010]     0.409844: (+0)     bputs:                task_numa_work: NUMAB Exited task_numa_work because migration time has not arrived yet
          cg.C.x-2278  [026]     0.409844: (+0)     bputs:                task_numa_work: NUMAB Exited task_numa_work because migration time has not arrived yet
          cg.C.x-2284  [038]     0.409844: (+0)     bputs:                task_numa_work: NUMAB Exited task_numa_work because migration time has not arrived yet
          cg.C.x-2309  [025]     0.409844: (+0)     bputs:                task_numa_work: NUMAB Exited task_numa_work because migration time has not arrived yet
          cg.C.x-2282  [034]     0.409844: (+0)     bputs:                task_numa_work: NUMAB Exited task_numa_work because migration time has not arrived yet
          cg.C.x-2325  [057]     0.409844: (+0)     bputs:                task_numa_work: NUMAB Exited task_numa_work because migration time has not arrived yet
          cg.C.x-2265  [000]     0.409844: (+0)     bputs:                task_numa_work: NUMAB Exited task_numa_work because migration time has not arrived yet
          cg.C.x-2266  [002]     0.409844: (+0)     bputs:                task_numa_work: NUMAB Exited task_numa_work because migration time has not arrived yet
          cg.C.x-2280  [030]     0.409844: (+0)     bputs:                task_numa_work: NUMAB Exited task_numa_work because migration time has not arrived yet
          cg.C.x-2286  [042]     0.409844: (+0)     bputs:                task_numa_work: NUMAB Exited task_numa_work because migration time has not arrived yet
          cg.C.x-2281  [032]     0.409844: (+0)     bputs:                task_numa_work: NUMAB Exited task_numa_work because migration time has not arrived yet
          cg.C.x-2296  [062]     0.409844: (+0)     bputs:                task_numa_work: NUMAB Exited task_numa_work because migration time has not arrived yet
          cg.C.x-2287  [044]     0.409844: (+0)     bputs:                task_numa_work: NUMAB Exited task_numa_work because migration time has not arrived yet
          cg.C.x-2271  [012]     0.409844: (+0)     bputs:                task_numa_work: NUMAB Exited task_numa_work because migration time has not arrived yet
          cg.C.x-2315  [037]     0.409844: (+0)     bputs:                task_numa_work: NUMAB About to scan memory
          cg.C.x-2314  [035]     0.409844: (+0)     bputs:                task_numa_work: NUMAB Exited task_numa_work because migration time has not arrived yet
          cg.C.x-2298  [003]     0.409844: (+0)     bputs:                task_numa_work: NUMAB Exited task_numa_work because migration time has not arrived yet
          cg.C.x-2295  [060]     0.409844: (+0)     bputs:                task_numa_work: NUMAB Exited task_numa_work because migration time has not arrived yet
          cg.C.x-2279  [028]     0.409844: (+0)     bputs:                task_numa_work: NUMAB Exited task_numa_work because migration time has not arrived yet
          cg.C.x-2326  [059]     0.409844: (+0)     bputs:                task_numa_work: NUMAB Exited task_numa_work because migration time has not arrived yet
          cg.C.x-2310  [027]     0.409844: (+0)     bputs:                task_numa_work: NUMAB Exited task_numa_work because migration time has not arrived yet
          cg.C.x-2272  [014]     0.409845: (+1)     bputs:                task_numa_work: NUMAB Exited task_numa_work because migration time has not arrived yet
          cg.C.x-2288  [046]     0.409845: (+0)     bputs:                task_numa_work: NUMAB Exited task_numa_work because migration time has not arrived yet
          cg.C.x-2283  [036]     0.409845: (+0)     bputs:                task_numa_work: NUMAB Exited task_numa_work because migration time has not arrived yet
          cg.C.x-2293  [056]     0.409845: (+0)     bputs:                task_numa_work: NUMAB Exited task_numa_work because migration time has not arrived yet
          cg.C.x-2290  [050]     0.409847: (+2)     sched_waking:         comm=kworker/50:1 pid=530 prio=120 target_cpu=050
          cg.C.x-2291  [052]     0.409848: (+1)     bputs:                task_numa_work: NUMAB Exited task_numa_work because migration time has not arrived yet
          cg.C.x-2315  [037]     0.409849: (+1)     bprint:               change_prot_numa: NUMAB SCAN vma[start:0x7fb62756c000, end:0x7fb639ef9000, from:0x7fb627e00000, to:0x7fb637e00000, size:262144 KB]
          cg.C.x-2297  [001]     0.409850: (+1)     bprint:               __handle_mm_fault: NUMAB MEM ACCESS process[nid:1, cpu:1, pid:2297], folio[virt:0x7fb613e00fe8, phys:0x1569bd000, pfn:0x1569bd, nid:0, npages:1]
          cg.C.x-2313  [033]     0.409851: (+1)     bprint:               __handle_mm_fault: NUMAB MEM ACCESS process[nid:1, cpu:33, pid:2313], folio[virt:0x7fb609e00fe8, phys:0x156448000, pfn:0x156448, nid:0, npages:1]
          cg.C.x-2302  [011]     0.409851: (+0)     bprint:               __handle_mm_fault: NUMAB MEM ACCESS process[nid:1, cpu:11, pid:2302], folio[virt:0x7fb610c00fe8, phys:0x117e1a000, pfn:0x117e1a, nid:0, npages:1]
          cg.C.x-2318  [043]     0.409852: (+1)     bprint:               __handle_mm_fault: NUMAB MEM ACCESS process[nid:1, cpu:43, pid:2318], folio[virt:0x7fb606c00fe8, phys:0x1849e5000, pfn:0x1849e5, nid:0, npages:1]
          cg.C.x-2294  [058]     0.409852: (+0)     bprint:               __handle_mm_fault: NUMAB MEM ACCESS process[nid:0, cpu:58, pid:2294], folio[virt:0x7fb615c00fe8, phys:0x1140bd000, pfn:0x1140bd, nid:0, npages:1]
          cg.C.x-2278  [026]     0.409852: (+0)     bprint:               __handle_mm_fault: NUMAB MEM ACCESS process[nid:0, cpu:26, pid:2278], folio[virt:0x7fb61fc00fe8, phys:0x124e5d000, pfn:0x124e5d, nid:0, npages:1]
          cg.C.x-2315  [037]     0.409853: (+1)     bprint:               change_prot_numa: NUMAB SCAN vma[start:0x7fb62756c000, end:0x7fb639ef9000, from:0x7fb637e00000, to:0x7fb639ef9000, size:33764 KB]
          cg.C.x-2273  [016]     0.409853: (+0)     bprint:               __handle_mm_fault: NUMAB MEM ACCESS process[nid:0, cpu:16, pid:2273], folio[virt:0x7fb622e00fe8, phys:0x1e1baa000, pfn:0x1e1baa, nid:0, npages:1]
          cg.C.x-2276  [022]     0.409853: (+0)     bprint:               __handle_mm_fault: NUMAB MEM ACCESS process[nid:0, cpu:22, pid:2276], folio[virt:0x7fb621000fe8, phys:0x155003000, pfn:0x155003, nid:0, npages:1]
          cg.C.x-2285  [040]     0.409853: (+0)     bprint:               __handle_mm_fault: NUMAB MEM ACCESS process[nid:0, cpu:40, pid:2285], folio[virt:0x7fb61b600fe8, phys:0x183fee3000, pfn:0x183fee3, nid:0, npages:1]
          cg.C.x-2281  [032]     0.409853: (+0)     bprint:               __handle_mm_fault: NUMAB MEM ACCESS process[nid:0, cpu:32, pid:2281], folio[virt:0x7fb61de00fe8, phys:0x1b240c000, pfn:0x1b240c, nid:0, npages:1]
          cg.C.x-2266  [002]     0.409853: (+0)     bprint:               __handle_mm_fault: NUMAB MEM ACCESS process[nid:0, cpu:2, pid:2266], folio[virt:0x7fb627400fe8, phys:0x15618d000, pfn:0x15618d, nid:0, npages:1]
          cg.C.x-2292  [054]     0.409853: (+0)     bprint:               __handle_mm_fault: NUMAB MEM ACCESS process[nid:0, cpu:54, pid:2292], folio[virt:0x7fb617000fe8, phys:0x117e1e000, pfn:0x117e1e, nid:0, npages:1]
          cg.C.x-2317  [041]     0.409853: (+0)     bprint:               __handle_mm_fault: NUMAB MEM ACCESS process[nid:1, cpu:41, pid:2317], folio[virt:0x7fb607600fe8, phys:0x1849e4000, pfn:0x1849e4, nid:0, npages:1]
          cg.C.x-2289  [048]     0.409853: (+0)     bprint:               __handle_mm_fault: NUMAB MEM ACCESS process[nid:0, cpu:48, pid:2289], folio[virt:0x7fb618e00fe8, phys:0x17e093d000, pfn:0x17e093d, nid:0, npages:1]
          cg.C.x-2280  [030]     0.409853: (+0)     bprint:               __handle_mm_fault: NUMAB MEM ACCESS process[nid:0, cpu:30, pid:2280], folio[virt:0x7fb61e800fe8, phys:0x1b2396000, pfn:0x1b2396, nid:0, npages:1]
          cg.C.x-2313  [033]     0.409853: (+0)     bprint:               __handle_mm_fault: NUMAB TRY MEM MIGR process[nid:1, cpu:33, pid:2313], folio[virt:0x7fb609e00fe8, phys:0x156448000, nid:0], target_nid:1
          cg.C.x-2297  [001]     0.409853: (+0)     bprint:               __handle_mm_fault: NUMAB TRY MEM MIGR process[nid:1, cpu:1, pid:2297], folio[virt:0x7fb613e00fe8, phys:0x1569bd000, nid:0], target_nid:1
          cg.C.x-2282  [034]     0.409854: (+1)     bprint:               __handle_mm_fault: NUMAB MEM ACCESS process[nid:0, cpu:34, pid:2282], folio[virt:0x7fb61d400fe8, phys:0x184d1f000, pfn:0x184d1f, nid:0, npages:1]
          cg.C.x-2318  [043]     0.409854: (+0)     bprint:               __handle_mm_fault: NUMAB TRY MEM MIGR process[nid:1, cpu:43, pid:2318], folio[virt:0x7fb606c00fe8, phys:0x1849e5000, nid:0], target_nid:1
          cg.C.x-2302  [011]     0.409854: (+0)     bprint:               __handle_mm_fault: NUMAB TRY MEM MIGR process[nid:1, cpu:11, pid:2302], folio[virt:0x7fb610c00fe8, phys:0x117e1a000, nid:0], target_nid:1
          cg.C.x-2275  [020]     0.409854: (+0)     bprint:               __handle_mm_fault: NUMAB MEM ACCESS process[nid:0, cpu:20, pid:2275], folio[virt:0x7fb621a00fe8, phys:0x155002000, pfn:0x155002, nid:0, npages:1]
          cg.C.x-2283  [036]     0.409854: (+0)     bprint:               __handle_mm_fault: NUMAB MEM ACCESS process[nid:0, cpu:36, pid:2283], folio[virt:0x7fb61ca00fe8, phys:0x117dc9000, pfn:0x117dc9, nid:0, npages:1]
          cg.C.x-2317  [041]     0.409854: (+0)     bprint:               __handle_mm_fault: NUMAB TRY MEM MIGR process[nid:1, cpu:41, pid:2317], folio[virt:0x7fb607600fe8, phys:0x1849e4000, nid:0], target_nid:1
          cg.C.x-2291  [052]     0.409854: (+0)     bprint:               __handle_mm_fault: NUMAB MEM ACCESS process[nid:0, cpu:52, pid:2291], folio[virt:0x7fb617a00fe8, phys:0x1b2408000, pfn:0x1b2408, nid:0, npages:1]
          cg.C.x-2296  [062]     0.409855: (+1)     bprint:               __handle_mm_fault: NUMAB MEM ACCESS process[nid:0, cpu:62, pid:2296], folio[virt:0x7fb614800fe8, phys:0x1565fa000, pfn:0x1565fa, nid:0, npages:1]
          cg.C.x-2315  [037]     0.409855: (+0)     bprint:               change_prot_numa: NUMAB SCAN vma[start:0x7fb63a000000, end:0x7fb63b250000, from:0x7fb63a000000, to:0x7fb63b250000, size:18752 KB]
          cg.C.x-2268  [006]     0.409855: (+0)     bprint:               __handle_mm_fault: NUMAB MEM ACCESS process[nid:0, cpu:6, pid:2268], folio[virt:0x7fb626000fe8, phys:0x15608c000, pfn:0x15608c, nid:0, npages:1]
          cg.C.x-2293  [056]     0.409856: (+1)     bprint:               __handle_mm_fault: NUMAB MEM ACCESS process[nid:0, cpu:56, pid:2293], folio[virt:0x7fb616600fe8, phys:0x15380c000, pfn:0x15380c, nid:0, npages:1]
          cg.C.x-2286  [042]     0.409856: (+0)     bprint:               __handle_mm_fault: NUMAB MEM ACCESS process[nid:0, cpu:42, pid:2286], folio[virt:0x7fb61ac00fe8, phys:0x117fc5000, pfn:0x117fc5, nid:0, npages:1]
          cg.C.x-2267  [004]     0.409856: (+0)     bprint:               __handle_mm_fault: NUMAB MEM ACCESS process[nid:0, cpu:4, pid:2267], folio[virt:0x7fb626a00fe8, phys:0x15618c000, pfn:0x15618c, nid:0, npages:1]
          cg.C.x-2277  [024]     0.409856: (+0)     bprint:               __handle_mm_fault: NUMAB MEM ACCESS process[nid:0, cpu:24, pid:2277], folio[virt:0x7fb620600fe8, phys:0x124e5c000, pfn:0x124e5c, nid:0, npages:1]
          cg.C.x-2274  [018]     0.409856: (+0)     bprint:               __handle_mm_fault: NUMAB MEM ACCESS process[nid:0, cpu:18, pid:2274], folio[virt:0x7fb622400fe8, phys:0x1e1bab000, pfn:0x1e1bab, nid:0, npages:1]
          cg.C.x-2272  [014]     0.409856: (+0)     bprint:               __handle_mm_fault: NUMAB MEM ACCESS process[nid:0, cpu:14, pid:2272], folio[virt:0x7fb623800fe8, phys:0x185033000, pfn:0x185033, nid:0, npages:1]
          cg.C.x-2284  [038]     0.409857: (+1)     bprint:               __handle_mm_fault: NUMAB MEM ACCESS process[nid:0, cpu:38, pid:2284], folio[virt:0x7fb61c000fe8, phys:0x210150000, pfn:0x210150, nid:0, npages:1]
          cg.C.x-2270  [010]     0.409857: (+0)     bprint:               __handle_mm_fault: NUMAB MEM ACCESS process[nid:0, cpu:10, pid:2270], folio[virt:0x7fb624c00fe8, phys:0x183ff8a000, pfn:0x183ff8a, nid:0, npages:1]
          cg.C.x-2290  [050]     0.409857: (+0)     sched_wakeup:         kworker/50:1:530 [120] CPU:050
          cg.C.x-2279  [028]     0.409858: (+1)     bprint:               __handle_mm_fault: NUMAB MEM ACCESS process[nid:0, cpu:28, pid:2279], folio[virt:0x7fb61f200fe8, phys:0x1543ec000, pfn:0x1543ec, nid:0, npages:1]
          cg.C.x-2295  [060]     0.409858: (+0)     bprint:               __handle_mm_fault: NUMAB MEM ACCESS process[nid:0, cpu:60, pid:2295], folio[virt:0x7fb615200fe8, phys:0x1565fb000, pfn:0x1565fb, nid:0, npages:1]
          cg.C.x-2288  [046]     0.409859: (+1)     bprint:               __handle_mm_fault: NUMAB MEM ACCESS process[nid:0, cpu:46, pid:2288], folio[virt:0x7fb619800fe8, phys:0x154901000, pfn:0x154901, nid:0, npages:1]
          cg.C.x-2271  [012]     0.409859: (+0)     bprint:               __handle_mm_fault: NUMAB MEM ACCESS process[nid:0, cpu:12, pid:2271], folio[virt:0x7fb624200fe8, phys:0x183ff8b000, pfn:0x183ff8b, nid:0, npages:1]
          cg.C.x-2287  [044]     0.409859: (+0)     bprint:               __handle_mm_fault: NUMAB MEM ACCESS process[nid:0, cpu:44, pid:2287], folio[virt:0x7fb61a200fe8, phys:0x1b1726000, pfn:0x1b1726, nid:0, npages:1]
          cg.C.x-2269  [008]     0.409859: (+0)     bprint:               __handle_mm_fault: NUMAB MEM ACCESS process[nid:0, cpu:8, pid:2269], folio[virt:0x7fb625600fe8, phys:0x15608d000, pfn:0x15608d, nid:0, npages:1]
          cg.C.x-2299  [005]     0.409860: (+1)     bputs:                task_numa_work: NUMAB Exited task_numa_work because migration time has not arrived yet
          cg.C.x-2290  [050]     0.409866: (+6)     sched_switch:         cg.C.x:2290 [120] R ==> kworker/50:1:530 [120]
          cg.C.x-2301  [009]     0.409888: (+22)    bprint:               do_huge_pmd_numa_page: NUMAB MEM ACCESS huge page process[nid:1, cpu:9, pid:2301], folio[virt:0x7fb63af23428, ker:0xffff9980d9a00000, pfn:0x1a59a00, nid:1, npages:512]
    kworker/50:1-530   [050]     0.409892: (+4)     sched_switch:         kworker/50:1:530 [120] I ==> cg.C.x:2290 [120]
          cg.C.x-2290  [050]     0.409894: (+2)     bputs:                task_numa_work: NUMAB Exited task_numa_work because migration time has not arrived yet
          cg.C.x-2324  [055]     0.409894: (+0)     bprint:               do_huge_pmd_numa_page: NUMAB MEM ACCESS huge page process[nid:1, cpu:55, pid:2324], folio[virt:0x7fb63b05eee8, ker:0xffff9980bda00000, pfn:0x1a3da00, nid:1, npages:512]
          cg.C.x-2315  [037]     0.409896: (+2)     bprint:               change_prot_numa: NUMAB SCAN vma[start:0x7fb63b2db000, end:0x7fb64d8f9000, from:0x7fb63b2db000, to:0x7fb64a200000, size:244884 KB]
          cg.C.x-2290  [050]     0.409897: (+1)     bprint:               __handle_mm_fault: NUMAB MEM ACCESS process[nid:0, cpu:50, pid:2290], folio[virt:0x7fb618400fe8, phys:0x1b240a000, pfn:0x1b240a, nid:0, npages:1]
          cg.C.x-2317  [041]     0.409902: (+5)     bprint:               __handle_mm_fault: NUMAB COMPLETED MEM MIGR process[nid:1, cpu:41, pid:2317], old[phys:0x1849e4000, nid:0, npages:1], new[phys:0x18519fc000, nid:1, npages:1]
          cg.C.x-2302  [011]     0.409902: (+0)     bprint:               __handle_mm_fault: NUMAB COMPLETED MEM MIGR process[nid:1, cpu:11, pid:2302], old[phys:0x117e1a000, nid:0, npages:1], new[phys:0x18512ca000, nid:1, npages:1]
          cg.C.x-2318  [043]     0.409902: (+0)     bprint:               __handle_mm_fault: NUMAB COMPLETED MEM MIGR process[nid:1, cpu:43, pid:2318], old[phys:0x1849e5000, nid:0, npages:1], new[phys:0x186286f000, nid:1, npages:1]
          cg.C.x-2297  [001]     0.409902: (+0)     bprint:               __handle_mm_fault: NUMAB COMPLETED MEM MIGR process[nid:1, cpu:1, pid:2297], old[phys:0x1569bd000, nid:0, npages:1], new[phys:0x1853568000, nid:1, npages:1]
          cg.C.x-2313  [033]     0.409902: (+0)     bprint:               __handle_mm_fault: NUMAB COMPLETED MEM MIGR process[nid:1, cpu:33, pid:2313], old[phys:0x156448000, nid:0, npages:1], new[phys:0x1861f87000, nid:1, npages:1]
          cg.C.x-2266  [002]     0.409922: (+20)    bprint:               do_huge_pmd_numa_page: NUMAB MEM ACCESS huge page process[nid:0, cpu:2, pid:2266], folio[virt:0x7fb63bc96098, ker:0xffff996a41200000, pfn:0x3c1200, nid:0, npages:512]
          cg.C.x-2270  [010]     0.409925: (+3)     bprint:               do_huge_pmd_numa_page: NUMAB MEM ACCESS huge page process[nid:0, cpu:10, pid:2270], folio[virt:0x7fb63cde62f0, ker:0xffff9969eaa00000, pfn:0x36aa00, nid:0, npages:512]
          cg.C.x-2265  [000]     0.409929: (+4)     bprint:               do_huge_pmd_numa_page: NUMAB MEM ACCESS huge page process[nid:0, cpu:0, pid:2265], folio[virt:0x7fb63b71e080, ker:0xffff996971a00000, pfn:0x2f1a00, nid:0, npages:512]
          cg.C.x-2278  [026]     0.409931: (+2)     bprint:               do_huge_pmd_numa_page: NUMAB MEM ACCESS huge page process[nid:0, cpu:26, pid:2278], folio[virt:0x7fb63f402ac8, ker:0xffff996a40600000, pfn:0x3c0600, nid:0, npages:512]
          cg.C.x-2280  [030]     0.409933: (+2)     bprint:               do_huge_pmd_numa_page: NUMAB MEM ACCESS huge page process[nid:0, cpu:30, pid:2280], folio[virt:0x7fb63fbd4400, ker:0xffff996a70e00000, pfn:0x3f0e00, nid:0, npages:512]
          cg.C.x-2272  [014]     0.409937: (+4)     bprint:               do_huge_pmd_numa_page: NUMAB MEM ACCESS huge page process[nid:0, cpu:14, pid:2272], folio[virt:0x7fb63d792ce0, ker:0xffff996972e00000, pfn:0x2f2e00, nid:0, npages:512]
          cg.C.x-2271  [012]     0.409939: (+2)     bprint:               do_huge_pmd_numa_page: NUMAB MEM ACCESS huge page process[nid:0, cpu:12, pid:2271], folio[virt:0x7fb63cf73a90, ker:0xffff996970000000, pfn:0x2f0000, nid:0, npages:512]
          cg.C.x-2279  [028]     0.409941: (+2)     bprint:               do_huge_pmd_numa_page: NUMAB MEM ACCESS huge page process[nid:0, cpu:28, pid:2279], folio[virt:0x7fb63f8195d0, ker:0xffff996a18e00000, pfn:0x398e00, nid:0, npages:512]
          cg.C.x-2273  [016]     0.409943: (+2)     bprint:               do_huge_pmd_numa_page: NUMAB MEM ACCESS huge page process[nid:0, cpu:16, pid:2273], folio[virt:0x7fb63d97aae0, ker:0xffff996970a00000, pfn:0x2f0a00, nid:0, npages:512]
          cg.C.x-2282  [034]     0.409943: (+0)     bprint:               do_huge_pmd_numa_page: NUMAB MEM ACCESS huge page process[nid:0, cpu:34, pid:2282], folio[virt:0x7fb64023e080, ker:0xffff99698ea00000, pfn:0x30ea00, nid:0, npages:512]
          cg.C.x-2284  [038]     0.409946: (+3)     bprint:               do_huge_pmd_numa_page: NUMAB MEM ACCESS huge page process[nid:0, cpu:38, pid:2284], folio[virt:0x7fb640e42258, ker:0xffff99698d800000, pfn:0x30d800, nid:0, npages:512]
          cg.C.x-2277  [024]     0.409946: (+0)     bprint:               do_huge_pmd_numa_page: NUMAB MEM ACCESS huge page process[nid:0, cpu:24, pid:2277], folio[virt:0x7fb63eb25de0, ker:0xffff99694ee00000, pfn:0x2cee00, nid:0, npages:512]
          cg.C.x-2280  [030]     0.409948: (+2)     bprint:               do_huge_pmd_numa_page: NUMAB MEM ACCESS huge page process[nid:0, cpu:30, pid:2280], folio[virt:0x7fb63fc951b8, ker:0xffff9969ea200000, pfn:0x36a200, nid:0, npages:512]
          cg.C.x-2298  [003]     0.409949: (+1)     bprint:               do_huge_pmd_numa_page: NUMAB MEM ACCESS huge page process[nid:1, cpu:3, pid:2298], folio[virt:0x7fb644fa4330, ker:0xffff998100400000, pfn:0x1a80400, nid:1, npages:512]
          cg.C.x-2267  [004]     0.409949: (+0)     bprint:               do_huge_pmd_numa_page: NUMAB MEM ACCESS huge page process[nid:0, cpu:4, pid:2267], folio[virt:0x7fb63c17edb8, ker:0xffff996a40200000, pfn:0x3c0200, nid:0, npages:512]
          cg.C.x-2289  [048]     0.409951: (+2)     bprint:               do_huge_pmd_numa_page: NUMAB MEM ACCESS huge page process[nid:0, cpu:48, pid:2289], folio[virt:0x7fb6423f0b50, ker:0xffff996a41a00000, pfn:0x3c1a00, nid:0, npages:512]
          cg.C.x-2276  [022]     0.409955: (+4)     bprint:               do_huge_pmd_numa_page: NUMAB MEM ACCESS huge page process[nid:0, cpu:22, pid:2276], folio[virt:0x7fb63e664850, ker:0xffff996970e00000, pfn:0x2f0e00, nid:0, npages:512]
          cg.C.x-2316  [039]     0.409963: (+8)     bprint:               do_huge_pmd_numa_page: NUMAB MEM ACCESS huge page process[nid:1, cpu:39, pid:2316], folio[virt:0x7fb649d95798, ker:0xffff9980cd200000, pfn:0x1a4d200, nid:1, npages:512]
          cg.C.x-2295  [060]     0.409965: (+2)     bprint:               do_huge_pmd_numa_page: NUMAB MEM ACCESS huge page process[nid:0, cpu:60, pid:2295], folio[virt:0x7fb64414c868, ker:0xffff9969bb200000, pfn:0x33b200, nid:0, npages:512]
          cg.C.x-2285  [040]     0.409967: (+2)     bprint:               do_huge_pmd_numa_page: NUMAB MEM ACCESS huge page process[nid:0, cpu:40, pid:2285], folio[virt:0x7fb6414236f0, ker:0xffff99698da00000, pfn:0x30da00, nid:0, npages:512]
          cg.C.x-2294  [058]     0.409970: (+3)     bprint:               do_huge_pmd_numa_page: NUMAB MEM ACCESS huge page process[nid:0, cpu:58, pid:2294], folio[virt:0x7fb643bfc0d8, ker:0xffff996a42200000, pfn:0x3c2200, nid:0, npages:512]
          cg.C.x-2300  [007]     0.409973: (+3)     bprint:               do_huge_pmd_numa_page: NUMAB MEM ACCESS huge page process[nid:1, cpu:7, pid:2300], folio[virt:0x7fb64561e1f8, ker:0xffff9980cea00000, pfn:0x1a4ea00, nid:1, npages:512]
          cg.C.x-2281  [032]     0.409973: (+0)     bprint:               do_huge_pmd_numa_page: NUMAB MEM ACCESS huge page process[nid:0, cpu:32, pid:2281], folio[virt:0x7fb63ff83900, ker:0xffff9969bbe00000, pfn:0x33be00, nid:0, npages:512]
          cg.C.x-2278  [026]     0.409974: (+1)     bprint:               do_huge_pmd_numa_page: NUMAB MEM ACCESS huge page process[nid:0, cpu:26, pid:2278], folio[virt:0x7fb63f1d6330, ker:0xffff996a70600000, pfn:0x3f0600, nid:0, npages:512]
          cg.C.x-2309  [025]     0.409976: (+2)     bprint:               do_huge_pmd_numa_page: NUMAB MEM ACCESS huge page process[nid:1, cpu:25, pid:2309], folio[virt:0x7fb648021bd0, ker:0xffff9980ce000000, pfn:0x1a4e000, nid:1, npages:512]
          cg.C.x-2279  [028]     0.409976: (+0)     bprint:               do_huge_pmd_numa_page: NUMAB MEM ACCESS huge page process[nid:0, cpu:28, pid:2279], folio[virt:0x7fb63f6d5f18, ker:0xffff996a1a600000, pfn:0x39a600, nid:0, npages:512]
          cg.C.x-2277  [024]     0.409978: (+2)     bprint:               do_huge_pmd_numa_page: NUMAB MEM ACCESS huge page process[nid:0, cpu:24, pid:2277], folio[virt:0x7fb63ee50c38, ker:0xffff996a19200000, pfn:0x399200, nid:0, npages:512]
          cg.C.x-2293  [056]     0.409978: (+0)     bprint:               do_huge_pmd_numa_page: NUMAB MEM ACCESS huge page process[nid:0, cpu:56, pid:2293], folio[virt:0x7fb643615ad0, ker:0xffff996a71600000, pfn:0x3f1600, nid:0, npages:512]
          cg.C.x-2272  [014]     0.409979: (+1)     bprint:               do_huge_pmd_numa_page: NUMAB MEM ACCESS huge page process[nid:0, cpu:14, pid:2272], folio[virt:0x7fb63d5c1468, ker:0xffff99694fa00000, pfn:0x2cfa00, nid:0, npages:512]
          cg.C.x-2269  [008]     0.409980: (+1)     bprint:               do_huge_pmd_numa_page: NUMAB MEM ACCESS huge page process[nid:0, cpu:8, pid:2269], folio[virt:0x7fb63c9ebd00, ker:0xffff996973200000, pfn:0x2f3200, nid:0, npages:512]
          cg.C.x-2305  [017]     0.409981: (+1)     bprint:               do_huge_pmd_numa_page: NUMAB MEM ACCESS huge page process[nid:1, cpu:17, pid:2305], folio[virt:0x7fb646e42210, ker:0xffff9980ccc00000, pfn:0x1a4cc00, nid:1, npages:512]
          cg.C.x-2275  [020]     0.409982: (+1)     bprint:               do_huge_pmd_numa_page: NUMAB MEM ACCESS huge page process[nid:0, cpu:20, pid:2275], folio[virt:0x7fb63e290258, ker:0xffff996a19a00000, pfn:0x399a00, nid:0, npages:512]
          cg.C.x-2287  [044]     0.409982: (+0)     bprint:               do_huge_pmd_numa_page: NUMAB MEM ACCESS huge page process[nid:0, cpu:44, pid:2287], folio[virt:0x7fb6419b18c8, ker:0xffff9969bb600000, pfn:0x33b600, nid:0, npages:512]
          cg.C.x-2271  [012]     0.409984: (+2)     bprint:               do_huge_pmd_numa_page: NUMAB MEM ACCESS huge page process[nid:0, cpu:12, pid:2271], folio[virt:0x7fb63d080150, ker:0xffff996a70000000, pfn:0x3f0000, nid:0, npages:512]
          cg.C.x-2311  [029]     0.409984: (+0)     bprint:               do_huge_pmd_numa_page: NUMAB MEM ACCESS huge page process[nid:1, cpu:29, pid:2311], folio[virt:0x7fb64877d360, ker:0xffff998110200000, pfn:0x1a90200, nid:1, npages:512]
          cg.C.x-2267  [004]     0.409985: (+1)     bprint:               do_huge_pmd_numa_page: NUMAB MEM ACCESS huge page process[nid:0, cpu:4, pid:2267], folio[virt:0x7fb63be14a68, ker:0xffff996a41e00000, pfn:0x3c1e00, nid:0, npages:512]
          cg.C.x-2292  [054]     0.409986: (+1)     bprint:               do_huge_pmd_numa_page: NUMAB MEM ACCESS huge page process[nid:0, cpu:54, pid:2292], folio[virt:0x7fb6433c38f8, ker:0xffff996973600000, pfn:0x2f3600, nid:0, npages:512]
          cg.C.x-2273  [016]     0.409986: (+0)     bprint:               do_huge_pmd_numa_page: NUMAB MEM ACCESS huge page process[nid:0, cpu:16, pid:2273], folio[virt:0x7fb63dc2a528, ker:0xffff99694fe00000, pfn:0x2cfe00, nid:0, npages:512]
          cg.C.x-2274  [018]     0.409988: (+2)     bprint:               do_huge_pmd_numa_page: NUMAB MEM ACCESS huge page process[nid:0, cpu:18, pid:2274], folio[virt:0x7fb63de5aa98, ker:0xffff996972600000, pfn:0x2f2600, nid:0, npages:512]
          cg.C.x-2306  [019]     0.409989: (+1)     bprint:               do_huge_pmd_numa_page: NUMAB MEM ACCESS huge page process[nid:1, cpu:19, pid:2306], folio[virt:0x7fb6472e7d58, ker:0xffff9980f2000000, pfn:0x1a72000, nid:1, npages:512]
          cg.C.x-2268  [006]     0.409989: (+0)     bprint:               do_huge_pmd_numa_page: NUMAB MEM ACCESS huge page process[nid:0, cpu:6, pid:2268], folio[virt:0x7fb63c364eb0, ker:0xffff9969ea600000, pfn:0x36a600, nid:0, npages:512]
          cg.C.x-2288  [046]     0.409990: (+1)     bprint:               do_huge_pmd_numa_page: NUMAB MEM ACCESS huge page process[nid:0, cpu:46, pid:2288], folio[virt:0x7fb641eaecd8, ker:0xffff9969bc200000, pfn:0x33c200, nid:0, npages:512]
          cg.C.x-2266  [002]     0.409991: (+1)     bprint:               do_huge_pmd_numa_page: NUMAB MEM ACCESS huge page process[nid:0, cpu:2, pid:2266], folio[virt:0x7fb63bb43d48, ker:0xffff996a1a200000, pfn:0x39a200, nid:0, npages:512]
          cg.C.x-2291  [052]     0.409992: (+1)     bprint:               do_huge_pmd_numa_page: NUMAB MEM ACCESS huge page process[nid:0, cpu:52, pid:2291], folio[virt:0x7fb642f51aa8, ker:0xffff99698e200000, pfn:0x30e200, nid:0, npages:512]
          cg.C.x-2276  [022]     0.409992: (+0)     bprint:               do_huge_pmd_numa_page: NUMAB MEM ACCESS huge page process[nid:0, cpu:22, pid:2276], folio[virt:0x7fb63e8307a0, ker:0xffff996a42600000, pfn:0x3c2600, nid:0, npages:512]
          cg.C.x-2283  [036]     0.409993: (+1)     bprint:               do_huge_pmd_numa_page: NUMAB MEM ACCESS huge page process[nid:0, cpu:36, pid:2283], folio[virt:0x7fb640697278, ker:0xffff99698e600000, pfn:0x30e600, nid:0, npages:512]
          cg.C.x-2265  [000]     0.409993: (+0)     bprint:               do_huge_pmd_numa_page: NUMAB MEM ACCESS huge page process[nid:0, cpu:0, pid:2265], folio[virt:0x7fb63b53d518, ker:0xffff996a18800000, pfn:0x398800, nid:0, npages:512]
          cg.C.x-2278  [026]     0.409994: (+1)     bprint:               do_huge_pmd_numa_page: NUMAB MEM ACCESS huge page process[nid:0, cpu:26, pid:2278], folio[virt:0x7fb63f37b778, ker:0xffff9969eb200000, pfn:0x36b200, nid:0, npages:512]
          cg.C.x-2289  [048]     0.409995: (+1)     bprint:               do_huge_pmd_numa_page: NUMAB MEM ACCESS huge page process[nid:0, cpu:48, pid:2289], folio[virt:0x7fb6424f3ba0, ker:0xffff996a70400000, pfn:0x3f0400, nid:0, npages:512]
          cg.C.x-2271  [012]     0.409996: (+1)     bprint:               do_huge_pmd_numa_page: NUMAB MEM ACCESS huge page process[nid:0, cpu:12, pid:2271], folio[virt:0x7fb63d379d88, ker:0xffff996a42800000, pfn:0x3c2800, nid:0, npages:512]
          cg.C.x-2296  [062]     0.409996: (+0)     bprint:               do_huge_pmd_numa_page: NUMAB MEM ACCESS huge page process[nid:0, cpu:62, pid:2296], folio[virt:0x7fb644276948, ker:0xffff996971e00000, pfn:0x2f1e00, nid:0, npages:512]
          cg.C.x-2277  [024]     0.409997: (+1)     bprint:               do_huge_pmd_numa_page: NUMAB MEM ACCESS huge page process[nid:0, cpu:24, pid:2277], folio[virt:0x7fb63edbac90, ker:0xffff99698ee00000, pfn:0x30ee00, nid:0, npages:512]
          cg.C.x-2275  [020]     0.409998: (+1)     bprint:               do_huge_pmd_numa_page: NUMAB MEM ACCESS huge page process[nid:0, cpu:20, pid:2275], folio[virt:0x7fb63e4d13a8, ker:0xffff9969bbc00000, pfn:0x33bc00, nid:0, npages:512]
          cg.C.x-2308  [023]     0.409998: (+0)     bprint:               do_huge_pmd_numa_page: NUMAB MEM ACCESS huge page process[nid:1, cpu:23, pid:2308], folio[virt:0x7fb6479a04e0, ker:0xffff9980bde00000, pfn:0x1a3de00, nid:1, npages:512]
          cg.C.x-2269  [008]     0.409999: (+1)     bprint:               do_huge_pmd_numa_page: NUMAB MEM ACCESS huge page process[nid:0, cpu:8, pid:2269], folio[virt:0x7fb63c68a410, ker:0xffff9969e9e00000, pfn:0x369e00, nid:0, npages:512]
          cg.C.x-2290  [050]     0.410000: (+1)     bprint:               do_huge_pmd_numa_page: NUMAB MEM ACCESS huge page process[nid:0, cpu:50, pid:2290], folio[virt:0x7fb64277b488, ker:0xffff996971600000, pfn:0x2f1600, nid:0, npages:512]
          cg.C.x-2270  [010]     0.410001: (+1)     bprint:               do_huge_pmd_numa_page: NUMAB MEM ACCESS huge page process[nid:0, cpu:10, pid:2270], folio[virt:0x7fb63caee598, ker:0xffff996970600000, pfn:0x2f0600, nid:0, npages:512]
          cg.C.x-2284  [038]     0.410002: (+1)     bprint:               do_huge_pmd_numa_page: NUMAB MEM ACCESS huge page process[nid:0, cpu:38, pid:2284], folio[virt:0x7fb640cb0310, ker:0xffff996a70a00000, pfn:0x3f0a00, nid:0, npages:512]
          cg.C.x-2274  [018]     0.410002: (+0)     bprint:               do_huge_pmd_numa_page: NUMAB MEM ACCESS huge page process[nid:0, cpu:18, pid:2274], folio[virt:0x7fb63e1abd28, ker:0xffff99694f200000, pfn:0x2cf200, nid:0, npages:512]
          cg.C.x-2273  [016]     0.410004: (+2)     bprint:               do_huge_pmd_numa_page: NUMAB MEM ACCESS huge page process[nid:0, cpu:16, pid:2273], folio[virt:0x7fb63da26b40, ker:0xffff996972a00000, pfn:0x2f2a00, nid:0, npages:512]
          cg.C.x-2307  [021]     0.410004: (+0)     bprint:               do_huge_pmd_numa_page: NUMAB MEM ACCESS huge page process[nid:1, cpu:21, pid:2307], folio[virt:0x7fb6475efcb8, ker:0xffff9980d9800000, pfn:0x1a59800, nid:1, npages:512]
          cg.C.x-2286  [042]     0.410006: (+2)     bprint:               do_huge_pmd_numa_page: NUMAB MEM ACCESS huge page process[nid:0, cpu:42, pid:2286], folio[virt:0x7fb64169b360, ker:0xffff9969eae00000, pfn:0x36ae00, nid:0, npages:512]
          cg.C.x-2301  [009]     0.410007: (+1)     bprint:               do_huge_pmd_numa_page: NUMAB MEM ACCESS huge page process[nid:1, cpu:9, pid:2301], folio[virt:0x7fb645c9ad00, ker:0xffff998110e00000, pfn:0x1a90e00, nid:1, npages:512]
          cg.C.x-2298  [003]     0.410009: (+2)     bprint:               do_huge_pmd_numa_page: NUMAB MEM ACCESS huge page process[nid:1, cpu:3, pid:2298], folio[virt:0x7fb644d84bc8, ker:0xffff99808b200000, pfn:0x1a0b200, nid:1, npages:512]
          cg.C.x-2314  [035]     0.410011: (+2)     bprint:               do_huge_pmd_numa_page: NUMAB MEM ACCESS huge page process[nid:1, cpu:35, pid:2314], folio[virt:0x7fb64989a1e0, ker:0xffff9980da200000, pfn:0x1a5a200, nid:1, npages:512]
          cg.C.x-2303  [013]     0.410013: (+2)     bprint:               do_huge_pmd_numa_page: NUMAB MEM ACCESS huge page process[nid:1, cpu:13, pid:2303], folio[virt:0x7fb64665b280, ker:0xffff9980cd600000, pfn:0x1a4d600, nid:1, npages:512]
          cg.C.x-2297  [001]     0.410014: (+1)     bprint:               do_huge_pmd_numa_page: NUMAB MEM ACCESS huge page process[nid:1, cpu:1, pid:2297], folio[virt:0x7fb6449c36b8, ker:0xffff99808b600000, pfn:0x1a0b600, nid:1, npages:512]
          cg.C.x-2313  [033]     0.410016: (+2)     bprint:               do_huge_pmd_numa_page: NUMAB MEM ACCESS huge page process[nid:1, cpu:33, pid:2313], folio[virt:0x7fb64903e8f8, ker:0xffff9980bec00000, pfn:0x1a3ec00, nid:1, npages:512]
          cg.C.x-2304  [015]     0.410019: (+3)     bprint:               do_huge_pmd_numa_page: NUMAB MEM ACCESS huge page process[nid:1, cpu:15, pid:2304], folio[virt:0x7fb646b11c30, ker:0xffff9980e6a00000, pfn:0x1a66a00, nid:1, npages:512]
          cg.C.x-2302  [011]     0.410020: (+1)     bprint:               do_huge_pmd_numa_page: NUMAB MEM ACCESS huge page process[nid:1, cpu:11, pid:2302], folio[virt:0x7fb646169c00, ker:0xffff9980e6600000, pfn:0x1a66600, nid:1, npages:512]
          cg.C.x-2266  [002]     0.410021: (+1)     bprint:               do_huge_pmd_numa_page: NUMAB MEM ACCESS huge page process[nid:0, cpu:2, pid:2266], folio[virt:0x7fb63b92c998, ker:0xffff996a40e00000, pfn:0x3c0e00, nid:0, npages:512]
          cg.C.x-2310  [027]     0.410023: (+2)     bprint:               do_huge_pmd_numa_page: NUMAB MEM ACCESS huge page process[nid:1, cpu:27, pid:2310], folio[virt:0x7fb6482a8108, ker:0xffff9980be200000, pfn:0x1a3e200, nid:1, npages:512]
          cg.C.x-2299  [005]     0.410025: (+2)     bprint:               do_huge_pmd_numa_page: NUMAB MEM ACCESS huge page process[nid:1, cpu:5, pid:2299], folio[virt:0x7fb6450d5e08, ker:0xffff998101800000, pfn:0x1a81800, nid:1, npages:512]
          cg.C.x-2312  [031]     0.410027: (+2)     bprint:               do_huge_pmd_numa_page: NUMAB MEM ACCESS huge page process[nid:1, cpu:31, pid:2312], folio[virt:0x7fb648d96228, ker:0xffff9980ce600000, pfn:0x1a4e600, nid:1, npages:512]
