    tmux: server-2052  [000]     1.798375: (+64)    sched_waking:         comm=kworker/u129:15 pid=428 prio=120 target_cpu=000
    tmux: server-2052  [000]     1.798376: (+1)     sched_wakeup:         kworker/u129:15:428 [120] CPU:000
    tmux: server-2052  [000]     1.798379: (+3)     sched_switch:         tmux: server:2052 [120] R ==> kworker/u129:15:428 [120]
 kworker/u129:15-428   [000]     1.798381: (+2)     sched_waking:         comm=sshd pid=1964 prio=120 target_cpu=000
 kworker/u129:15-428   [000]     1.798383: (+2)     sched_wakeup:         sshd:1964 [120] CPU:000
 kworker/u129:15-428   [000]     1.798385: (+2)     sched_switch:         kworker/u129:15:428 [120] I ==> sshd:1964 [120]
            sshd-1964  [000]     1.798474: (+89)    sched_switch:         sshd:1964 [120] S ==> tmux: server:2052 [120]
    tmux: server-2052  [000]     1.798482: (+8)     sched_switch:         tmux: server:2052 [120] S ==> cg.C.x:3886 [120]
          cg.C.x-3886  [000]     1.798484: (+2)     sched_waking:         comm=kworker/u129:15 pid=428 prio=120 target_cpu=000
          cg.C.x-3886  [000]     1.798485: (+1)     sched_wakeup:         kworker/u129:15:428 [120] CPU:000
          cg.C.x-3886  [000]     1.798486: (+1)     sched_switch:         cg.C.x:3886 [120] R ==> kworker/u129:15:428 [120]
 kworker/u129:15-428   [000]     1.798487: (+1)     sched_waking:         comm=tmux: server pid=2052 prio=120 target_cpu=000
 kworker/u129:15-428   [000]     1.798489: (+2)     sched_wakeup:         tmux: server:2052 [120] CPU:000
 kworker/u129:15-428   [000]     1.798490: (+1)     sched_switch:         kworker/u129:15:428 [120] I ==> tmux: server:2052 [120]
    tmux: server-2052  [000]     1.798517: (+27)    sched_waking:         comm=kworker/u129:15 pid=428 prio=120 target_cpu=000
    tmux: server-2052  [000]     1.798518: (+1)     sched_wakeup:         kworker/u129:15:428 [120] CPU:000
    tmux: server-2052  [000]     1.798519: (+1)     sched_switch:         tmux: server:2052 [120] R ==> kworker/u129:15:428 [120]
 kworker/u129:15-428   [000]     1.798520: (+1)     sched_waking:         comm=sshd pid=1964 prio=120 target_cpu=000
 kworker/u129:15-428   [000]     1.798522: (+2)     sched_wakeup:         sshd:1964 [120] CPU:000
 kworker/u129:15-428   [000]     1.798523: (+1)     sched_switch:         kworker/u129:15:428 [120] I ==> sshd:1964 [120]
            sshd-1964  [000]     1.798549: (+26)    sched_switch:         sshd:1964 [120] S ==> tmux: server:2052 [120]
    tmux: server-2052  [000]     1.798555: (+6)     sched_switch:         tmux: server:2052 [120] S ==> cg.C.x:3886 [120]
          cg.C.x-3886  [000]     1.808606: (+10051) sched_waking:         comm=tmux: server pid=2052 prio=120 target_cpu=000
          cg.C.x-3886  [000]     1.808618: (+12)    sched_wakeup:         tmux: server:2052 [120] CPU:000
          cg.C.x-3886  [000]     1.808621: (+3)     sched_switch:         cg.C.x:3886 [120] R ==> tmux: server:2052 [120]
    tmux: server-2052  [000]     1.808664: (+43)    sched_switch:         tmux: server:2052 [120] S ==> cg.C.x:3886 [120]
          cg.C.x-3934  [033]     1.811559: (+2895)  sched_waking:         comm=kworker/33:1 pid=482 prio=120 target_cpu=033
          cg.C.x-3943  [051]     1.811559: (+0)     sched_waking:         comm=kworker/51:1 pid=488 prio=120 target_cpu=051
          cg.C.x-3947  [059]     1.811559: (+0)     sched_waking:         comm=kworker/59:1 pid=740 prio=120 target_cpu=059
          cg.C.x-3940  [045]     1.811559: (+0)     sched_waking:         comm=kworker/45:1 pid=733 prio=120 target_cpu=045
          cg.C.x-3948  [061]     1.811559: (+0)     sched_waking:         comm=kworker/61:1 pid=489 prio=120 target_cpu=061
          cg.C.x-3948  [061]     1.811565: (+6)     sched_wakeup:         kworker/61:1:489 [120] CPU:061
          cg.C.x-3934  [033]     1.811566: (+1)     sched_wakeup:         kworker/33:1:482 [120] CPU:033
          cg.C.x-3940  [045]     1.811566: (+0)     sched_wakeup:         kworker/45:1:733 [120] CPU:045
          cg.C.x-3947  [059]     1.811566: (+0)     sched_wakeup:         kworker/59:1:740 [120] CPU:059
          cg.C.x-3943  [051]     1.811566: (+0)     sched_wakeup:         kworker/51:1:488 [120] CPU:051
          cg.C.x-3934  [033]     1.811571: (+5)     sched_switch:         cg.C.x:3934 [120] R ==> kworker/33:1:482 [120]
          cg.C.x-3947  [059]     1.811572: (+1)     sched_switch:         cg.C.x:3947 [120] R ==> kworker/59:1:740 [120]
          cg.C.x-3943  [051]     1.811572: (+0)     sched_switch:         cg.C.x:3943 [120] R ==> kworker/51:1:488 [120]
          cg.C.x-3948  [061]     1.811572: (+0)     sched_switch:         cg.C.x:3948 [120] R ==> kworker/61:1:489 [120]
          cg.C.x-3940  [045]     1.811572: (+0)     sched_switch:         cg.C.x:3940 [120] R ==> kworker/45:1:733 [120]
    kworker/45:1-733   [045]     1.811581: (+9)     sched_switch:         kworker/45:1:733 [120] I ==> cg.C.x:3940 [120]
    kworker/51:1-488   [051]     1.811582: (+1)     sched_switch:         kworker/51:1:488 [120] I ==> cg.C.x:3943 [120]
    kworker/61:1-489   [061]     1.811582: (+0)     sched_switch:         kworker/61:1:489 [120] I ==> cg.C.x:3948 [120]
    kworker/59:1-740   [059]     1.811582: (+0)     sched_switch:         kworker/59:1:740 [120] I ==> cg.C.x:3947 [120]
    kworker/33:1-482   [033]     1.811584: (+2)     sched_switch:         kworker/33:1:482 [120] I ==> cg.C.x:3934 [120]
          cg.C.x-3902  [032]     1.815557: (+3973)  sched_waking:         comm=kworker/32:1 pid=483 prio=120 target_cpu=032
          cg.C.x-3915  [058]     1.815557: (+0)     sched_waking:         comm=kworker/58:1 pid=548 prio=120 target_cpu=058
          cg.C.x-3886  [000]     1.815557: (+0)     sched_waking:         comm=kworker/u128:2 pid=1963 prio=120 target_cpu=000
          cg.C.x-3903  [034]     1.815558: (+1)     sched_waking:         comm=kworker/34:0 pid=2871 prio=120 target_cpu=034
          cg.C.x-3935  [035]     1.815558: (+0)     sched_waking:         comm=kworker/35:2 pid=1178 prio=120 target_cpu=035
          cg.C.x-3945  [055]     1.815558: (+0)     sched_waking:         comm=kworker/55:1 pid=619 prio=120 target_cpu=055
          cg.C.x-3940  [045]     1.815560: (+2)     sched_waking:         comm=rcu_preempt pid=17 prio=120 target_cpu=023
          cg.C.x-3945  [055]     1.815561: (+1)     sched_wakeup:         kworker/55:1:619 [120] CPU:055
          cg.C.x-3935  [035]     1.815561: (+0)     sched_wakeup:         kworker/35:2:1178 [120] CPU:035
          cg.C.x-3915  [058]     1.815562: (+1)     sched_wakeup:         kworker/58:1:548 [120] CPU:058
          cg.C.x-3903  [034]     1.815562: (+0)     sched_wakeup:         kworker/34:0:2871 [120] CPU:034
          cg.C.x-3902  [032]     1.815562: (+0)     sched_wakeup:         kworker/32:1:483 [120] CPU:032
          cg.C.x-3886  [000]     1.815562: (+0)     sched_wakeup:         kworker/u128:2:1963 [120] CPU:000
          cg.C.x-3935  [035]     1.815564: (+2)     sched_switch:         cg.C.x:3935 [120] R ==> kworker/35:2:1178 [120]
          cg.C.x-3945  [055]     1.815565: (+1)     sched_switch:         cg.C.x:3945 [120] R ==> kworker/55:1:619 [120]
          cg.C.x-3915  [058]     1.815566: (+1)     sched_switch:         cg.C.x:3915 [120] R ==> kworker/58:1:548 [120]
          cg.C.x-3886  [000]     1.815566: (+0)     sched_switch:         cg.C.x:3886 [120] R ==> kworker/u128:2:1963 [120]
          cg.C.x-3903  [034]     1.815566: (+0)     sched_switch:         cg.C.x:3903 [120] R ==> kworker/34:0:2871 [120]
          cg.C.x-3902  [032]     1.815567: (+1)     sched_switch:         cg.C.x:3902 [120] R ==> kworker/32:1:483 [120]
          cg.C.x-3940  [045]     1.815567: (+0)     sched_wakeup:         rcu_preempt:17 [120] CPU:023
    kworker/35:2-1178  [035]     1.815571: (+4)     sched_switch:         kworker/35:2:1178 [120] I ==> cg.C.x:3935 [120]
          cg.C.x-3929  [023]     1.815571: (+0)     sched_switch:         cg.C.x:3929 [120] R ==> rcu_preempt:17 [120]
    kworker/55:1-619   [055]     1.815572: (+1)     sched_switch:         kworker/55:1:619 [120] I ==> cg.C.x:3945 [120]
  kworker/u128:2-1963  [000]     1.815575: (+3)     sched_switch:         kworker/u128:2:1963 [120] I ==> cg.C.x:3886 [120]
    kworker/34:0-2871  [034]     1.815576: (+1)     sched_switch:         kworker/34:0:2871 [120] I ==> cg.C.x:3903 [120]
    kworker/58:1-548   [058]     1.815576: (+0)     sched_switch:         kworker/58:1:548 [120] I ==> cg.C.x:3915 [120]
    kworker/32:1-483   [032]     1.815577: (+1)     sched_switch:         kworker/32:1:483 [120] I ==> cg.C.x:3902 [120]
     rcu_preempt-17    [023]     1.815582: (+5)     sched_switch:         rcu_preempt:17 [120] I ==> cg.C.x:3929 [120]
          cg.C.x-3929  [023]     1.823557: (+7975)  sched_waking:         comm=rcu_preempt pid=17 prio=120 target_cpu=023
          cg.C.x-3929  [023]     1.823564: (+7)     sched_wakeup:         rcu_preempt:17 [120] CPU:023
          cg.C.x-3929  [023]     1.823569: (+5)     sched_switch:         cg.C.x:3929 [120] R ==> rcu_preempt:17 [120]
     rcu_preempt-17    [023]     1.823583: (+14)    sched_switch:         rcu_preempt:17 [120] I ==> cg.C.x:3929 [120]
          cg.C.x-3929  [023]     1.835558: (+11975) sched_waking:         comm=rcu_preempt pid=17 prio=120 target_cpu=023
          cg.C.x-3929  [023]     1.835567: (+9)     sched_wakeup:         rcu_preempt:17 [120] CPU:023
          cg.C.x-3929  [023]     1.835572: (+5)     sched_switch:         cg.C.x:3929 [120] R ==> rcu_preempt:17 [120]
     rcu_preempt-17    [023]     1.835586: (+14)    sched_switch:         rcu_preempt:17 [120] I ==> cg.C.x:3929 [120]
          cg.C.x-3929  [023]     1.843558: (+7972)  sched_waking:         comm=rcu_preempt pid=17 prio=120 target_cpu=023
          cg.C.x-3933  [031]     1.843559: (+1)     sched_waking:         comm=kworker/31:1 pid=712 prio=120 target_cpu=031
          cg.C.x-3933  [031]     1.843565: (+6)     sched_wakeup:         kworker/31:1:712 [120] CPU:031
          cg.C.x-3929  [023]     1.843565: (+0)     sched_wakeup:         rcu_preempt:17 [120] CPU:023
          cg.C.x-3929  [023]     1.843570: (+5)     sched_switch:         cg.C.x:3929 [120] R ==> rcu_preempt:17 [120]
          cg.C.x-3933  [031]     1.843572: (+2)     sched_switch:         cg.C.x:3933 [120] R ==> kworker/31:1:712 [120]
     rcu_preempt-17    [023]     1.843583: (+11)    sched_switch:         rcu_preempt:17 [120] I ==> cg.C.x:3929 [120]
    kworker/31:1-712   [031]     1.843585: (+2)     sched_switch:         kworker/31:1:712 [120] I ==> cg.C.x:3933 [120]
          cg.C.x-3901  [030]     1.847560: (+3975)  sched_waking:         comm=kworker/30:0 pid=199 prio=120 target_cpu=030
          cg.C.x-3932  [029]     1.847560: (+0)     sched_waking:         comm=kworker/29:0 pid=193 prio=120 target_cpu=029
          cg.C.x-3932  [029]     1.847567: (+7)     sched_wakeup:         kworker/29:0:193 [120] CPU:029
          cg.C.x-3901  [030]     1.847567: (+0)     sched_wakeup:         kworker/30:0:199 [120] CPU:030
          cg.C.x-3932  [029]     1.847574: (+7)     sched_switch:         cg.C.x:3932 [120] R ==> kworker/29:0:193 [120]
          cg.C.x-3901  [030]     1.847574: (+0)     sched_switch:         cg.C.x:3901 [120] R ==> kworker/30:0:199 [120]
    kworker/30:0-199   [030]     1.847586: (+12)    sched_switch:         kworker/30:0:199 [120] I ==> cg.C.x:3901 [120]
    kworker/29:0-193   [029]     1.847587: (+1)     sched_switch:         kworker/29:0:193 [120] I ==> cg.C.x:3932 [120]
          cg.C.x-3929  [023]     1.851558: (+3971)  sched_waking:         comm=rcu_preempt pid=17 prio=120 target_cpu=023
          cg.C.x-3929  [023]     1.851566: (+8)     sched_wakeup:         rcu_preempt:17 [120] CPU:023
          cg.C.x-3929  [023]     1.851571: (+5)     sched_switch:         cg.C.x:3929 [120] R ==> rcu_preempt:17 [120]
     rcu_preempt-17    [023]     1.851580: (+9)     sched_switch:         rcu_preempt:17 [120] I ==> cg.C.x:3929 [120]
          cg.C.x-3929  [023]     1.863557: (+11977) sched_waking:         comm=rcu_preempt pid=17 prio=120 target_cpu=023
          cg.C.x-3929  [023]     1.863566: (+9)     sched_wakeup:         rcu_preempt:17 [120] CPU:023
          cg.C.x-3929  [023]     1.863572: (+6)     sched_switch:         cg.C.x:3929 [120] R ==> rcu_preempt:17 [120]
     rcu_preempt-17    [023]     1.863585: (+13)    sched_switch:         rcu_preempt:17 [120] I ==> cg.C.x:3929 [120]
          cg.C.x-3940  [045]     1.867564: (+3979)  sched_waking:         comm=kworker/45:1 pid=733 prio=120 target_cpu=045
          cg.C.x-3940  [045]     1.867572: (+8)     sched_wakeup:         kworker/45:1:733 [120] CPU:045
          cg.C.x-3940  [045]     1.867578: (+6)     sched_switch:         cg.C.x:3940 [120] R ==> kworker/45:1:733 [120]
    kworker/45:1-733   [045]     1.867589: (+11)    sched_switch:         kworker/45:1:733 [120] I ==> cg.C.x:3940 [120]
          cg.C.x-3935  [035]     1.869770: (+2181)  sched_waking:         comm=haveged pid=1077 prio=120 target_cpu=035
          cg.C.x-3935  [035]     1.869787: (+17)    sched_wakeup:         haveged:1077 [120] CPU:035
          cg.C.x-3935  [035]     1.869794: (+7)     sched_switch:         cg.C.x:3935 [120] R ==> haveged:1077 [120]
         haveged-1077  [035]     1.869827: (+33)    sched_switch:         haveged:1077 [120] S ==> cg.C.x:3935 [120]
          cg.C.x-3929  [023]     1.875558: (+5731)  sched_waking:         comm=rcu_preempt pid=17 prio=120 target_cpu=023
          cg.C.x-3931  [027]     1.875559: (+1)     sched_waking:         comm=kworker/27:0 pid=181 prio=120 target_cpu=027
          cg.C.x-3931  [027]     1.875565: (+6)     sched_wakeup:         kworker/27:0:181 [120] CPU:027
          cg.C.x-3929  [023]     1.875565: (+0)     sched_wakeup:         rcu_preempt:17 [120] CPU:023
          cg.C.x-3929  [023]     1.875571: (+6)     sched_switch:         cg.C.x:3929 [120] R ==> rcu_preempt:17 [120]
          cg.C.x-3931  [027]     1.875572: (+1)     sched_switch:         cg.C.x:3931 [120] R ==> kworker/27:0:181 [120]
    kworker/27:0-181   [027]     1.875585: (+13)    sched_switch:         kworker/27:0:181 [120] I ==> cg.C.x:3931 [120]
     rcu_preempt-17    [023]     1.875586: (+1)     sched_switch:         rcu_preempt:17 [120] I ==> cg.C.x:3929 [120]
          cg.C.x-3934  [033]     1.879558: (+3972)  sched_waking:         comm=kcompactd1 pid=475 prio=120 target_cpu=033
          cg.C.x-3899  [026]     1.879558: (+0)     sched_waking:         comm=kcompactd0 pid=474 prio=120 target_cpu=026
          cg.C.x-3887  [002]     1.879559: (+1)     sched_waking:         comm=kworker/2:2 pid=1558 prio=120 target_cpu=002
          cg.C.x-3900  [028]     1.879559: (+0)     sched_waking:         comm=kworker/28:1 pid=547 prio=120 target_cpu=028
          cg.C.x-3899  [026]     1.879565: (+6)     sched_wakeup:         kcompactd0:474 [120] CPU:026
          cg.C.x-3887  [002]     1.879565: (+0)     sched_wakeup:         kworker/2:2:1558 [120] CPU:002
          cg.C.x-3900  [028]     1.879565: (+0)     sched_wakeup:         kworker/28:1:547 [120] CPU:028
          cg.C.x-3934  [033]     1.879565: (+0)     sched_wakeup:         kcompactd1:475 [120] CPU:033
          cg.C.x-3934  [033]     1.879570: (+5)     sched_switch:         cg.C.x:3934 [120] R ==> kcompactd1:475 [120]
          cg.C.x-3887  [002]     1.879571: (+1)     sched_switch:         cg.C.x:3887 [120] R ==> kworker/2:2:1558 [120]
          cg.C.x-3900  [028]     1.879571: (+0)     sched_switch:         cg.C.x:3900 [120] R ==> kworker/28:1:547 [120]
          cg.C.x-3899  [026]     1.879571: (+0)     sched_switch:         cg.C.x:3899 [120] R ==> kcompactd0:474 [120]
      kcompactd1-475   [033]     1.879580: (+9)     sched_switch:         kcompactd1:475 [120] S ==> cg.C.x:3934 [120]
      kcompactd0-474   [026]     1.879580: (+0)     sched_switch:         kcompactd0:474 [120] S ==> cg.C.x:3899 [120]
    kworker/28:1-547   [028]     1.879581: (+1)     sched_switch:         kworker/28:1:547 [120] I ==> cg.C.x:3900 [120]
     kworker/2:2-1558  [002]     1.879601: (+20)    sched_switch:         kworker/2:2:1558 [120] I ==> cg.C.x:3887 [120]
          cg.C.x-3929  [023]     1.887558: (+7957)  sched_waking:         comm=rcu_preempt pid=17 prio=120 target_cpu=023
          cg.C.x-3929  [023]     1.887565: (+7)     sched_wakeup:         rcu_preempt:17 [120] CPU:023
          cg.C.x-3929  [023]     1.887571: (+6)     sched_switch:         cg.C.x:3929 [120] R ==> rcu_preempt:17 [120]
     rcu_preempt-17    [023]     1.887581: (+10)    sched_switch:         rcu_preempt:17 [120] I ==> cg.C.x:3929 [120]
          cg.C.x-3929  [023]     1.899558: (+11977) sched_waking:         comm=rcu_preempt pid=17 prio=120 target_cpu=023
          cg.C.x-3929  [023]     1.899567: (+9)     sched_wakeup:         rcu_preempt:17 [120] CPU:023
          cg.C.x-3929  [023]     1.899573: (+6)     sched_switch:         cg.C.x:3929 [120] R ==> rcu_preempt:17 [120]
     rcu_preempt-17    [023]     1.899583: (+10)    sched_switch:         rcu_preempt:17 [120] I ==> cg.C.x:3929 [120]
          cg.C.x-3886  [000]     1.907393: (+7810)  sched_waking:         comm=kworker/u129:15 pid=428 prio=120 target_cpu=000
          cg.C.x-3886  [000]     1.907400: (+7)     sched_wakeup:         kworker/u129:15:428 [120] CPU:000
          cg.C.x-3886  [000]     1.907406: (+6)     sched_switch:         cg.C.x:3886 [120] R ==> kworker/u129:15:428 [120]
 kworker/u129:15-428   [000]     1.907412: (+6)     sched_waking:         comm=tmux: server pid=2052 prio=120 target_cpu=000
 kworker/u129:15-428   [000]     1.907415: (+3)     sched_wakeup:         tmux: server:2052 [120] CPU:000
 kworker/u129:15-428   [000]     1.907417: (+2)     sched_switch:         kworker/u129:15:428 [120] I ==> tmux: server:2052 [120]
    tmux: server-2052  [000]     1.907480: (+63)    sched_waking:         comm=kworker/u129:15 pid=428 prio=120 target_cpu=000
    tmux: server-2052  [000]     1.907481: (+1)     sched_wakeup:         kworker/u129:15:428 [120] CPU:000
    tmux: server-2052  [000]     1.907484: (+3)     sched_switch:         tmux: server:2052 [120] R ==> kworker/u129:15:428 [120]
 kworker/u129:15-428   [000]     1.907486: (+2)     sched_waking:         comm=sshd pid=1964 prio=120 target_cpu=000
 kworker/u129:15-428   [000]     1.907489: (+3)     sched_wakeup:         sshd:1964 [120] CPU:000
 kworker/u129:15-428   [000]     1.907490: (+1)     sched_switch:         kworker/u129:15:428 [120] I ==> sshd:1964 [120]
          cg.C.x-3893  [014]     1.907559: (+69)    sched_waking:         comm=rcu_preempt pid=17 prio=120 target_cpu=023
          cg.C.x-3893  [014]     1.907562: (+3)     sched_migrate_task:   comm=rcu_preempt pid=17 prio=120 orig_cpu=23 dest_cpu=14
          cg.C.x-3893  [014]     1.907566: (+4)     sched_wakeup:         rcu_preempt:17 [120] CPU:014
          cg.C.x-3893  [014]     1.907569: (+3)     sched_switch:         cg.C.x:3893 [120] R ==> rcu_preempt:17 [120]
     rcu_preempt-17    [014]     1.907577: (+8)     sched_switch:         rcu_preempt:17 [120] I ==> cg.C.x:3893 [120]
            sshd-1964  [000]     1.907593: (+16)    sched_switch:         sshd:1964 [120] S ==> tmux: server:2052 [120]
    tmux: server-2052  [000]     1.907601: (+8)     sched_switch:         tmux: server:2052 [120] S ==> cg.C.x:3886 [120]
          cg.C.x-3886  [000]     1.907603: (+2)     sched_waking:         comm=kworker/u129:15 pid=428 prio=120 target_cpu=000
          cg.C.x-3886  [000]     1.907604: (+1)     sched_wakeup:         kworker/u129:15:428 [120] CPU:000
          cg.C.x-3886  [000]     1.907605: (+1)     sched_switch:         cg.C.x:3886 [120] R ==> kworker/u129:15:428 [120]
 kworker/u129:15-428   [000]     1.907606: (+1)     sched_waking:         comm=tmux: server pid=2052 prio=120 target_cpu=000
 kworker/u129:15-428   [000]     1.907608: (+2)     sched_wakeup:         tmux: server:2052 [120] CPU:000
 kworker/u129:15-428   [000]     1.907609: (+1)     sched_switch:         kworker/u129:15:428 [120] I ==> tmux: server:2052 [120]
    tmux: server-2052  [000]     1.907636: (+27)    sched_waking:         comm=kworker/u129:15 pid=428 prio=120 target_cpu=000
    tmux: server-2052  [000]     1.907637: (+1)     sched_wakeup:         kworker/u129:15:428 [120] CPU:000
    tmux: server-2052  [000]     1.907639: (+2)     sched_switch:         tmux: server:2052 [120] R ==> kworker/u129:15:428 [120]
 kworker/u129:15-428   [000]     1.907640: (+1)     sched_waking:         comm=sshd pid=1964 prio=120 target_cpu=000
 kworker/u129:15-428   [000]     1.907641: (+1)     sched_wakeup:         sshd:1964 [120] CPU:000
 kworker/u129:15-428   [000]     1.907642: (+1)     sched_switch:         kworker/u129:15:428 [120] I ==> sshd:1964 [120]
            sshd-1964  [000]     1.907668: (+26)    sched_switch:         sshd:1964 [120] S ==> tmux: server:2052 [120]
    tmux: server-2052  [000]     1.907675: (+7)     sched_switch:         tmux: server:2052 [120] S ==> cg.C.x:3886 [120]
          cg.C.x-3930  [025]     1.911560: (+3885)  sched_waking:         comm=kworker/25:1 pid=710 prio=120 target_cpu=025
          cg.C.x-3899  [026]     1.911561: (+1)     sched_waking:         comm=kworker/26:1 pid=730 prio=120 target_cpu=026
          cg.C.x-3898  [024]     1.911561: (+0)     sched_waking:         comm=kworker/24:2 pid=2793 prio=120 target_cpu=024
          cg.C.x-3935  [035]     1.911563: (+2)     sched_waking:         comm=kworker/35:2 pid=1178 prio=120 target_cpu=035
          cg.C.x-3899  [026]     1.911565: (+2)     sched_wakeup:         kworker/26:1:730 [120] CPU:026
          cg.C.x-3930  [025]     1.911565: (+0)     sched_wakeup:         kworker/25:1:710 [120] CPU:025
          cg.C.x-3898  [024]     1.911565: (+0)     sched_wakeup:         kworker/24:2:2793 [120] CPU:024
          cg.C.x-3935  [035]     1.911567: (+2)     sched_wakeup:         kworker/35:2:1178 [120] CPU:035
          cg.C.x-3930  [025]     1.911572: (+5)     sched_switch:         cg.C.x:3930 [120] R ==> kworker/25:1:710 [120]
          cg.C.x-3935  [035]     1.911572: (+0)     sched_switch:         cg.C.x:3935 [120] R ==> kworker/35:2:1178 [120]
    kworker/35:2-1178  [035]     1.911582: (+10)    sched_switch:         kworker/35:2:1178 [120] I ==> cg.C.x:3935 [120]
    kworker/25:1-710   [025]     1.911582: (+0)     sched_switch:         kworker/25:1:710 [120] I ==> cg.C.x:3930 [120]
          cg.C.x-3886  [000]     1.913724: (+2142)  sched_waking:         comm=tmux: server pid=2052 prio=120 target_cpu=000
          cg.C.x-3886  [000]     1.913733: (+9)     sched_wakeup:         tmux: server:2052 [120] CPU:000
          cg.C.x-3886  [000]     1.913737: (+4)     sched_switch:         cg.C.x:3886 [120] R ==> tmux: server:2052 [120]
    tmux: server-2052  [000]     1.913763: (+26)    sched_switch:         tmux: server:2052 [120] S ==> cg.C.x:3886 [120]
          cg.C.x-3899  [026]     1.915561: (+1798)  sched_switch:         cg.C.x:3899 [120] R ==> kworker/26:1:730 [120]
          cg.C.x-3898  [024]     1.915562: (+1)     sched_switch:         cg.C.x:3898 [120] R ==> kworker/24:2:2793 [120]
    kworker/26:1-730   [026]     1.915573: (+11)    sched_switch:         kworker/26:1:730 [120] I ==> cg.C.x:3899 [120]
    kworker/24:2-2793  [024]     1.915574: (+1)     sched_switch:         kworker/24:2:2793 [120] I ==> cg.C.x:3898 [120]
          cg.C.x-3886  [000]     1.915808: (+234)   sched_waking:         comm=tmux: server pid=2052 prio=120 target_cpu=000
          cg.C.x-3886  [000]     1.915813: (+5)     sched_wakeup:         tmux: server:2052 [120] CPU:000
          cg.C.x-3886  [000]     1.915814: (+1)     sched_switch:         cg.C.x:3886 [120] R ==> tmux: server:2052 [120]
    tmux: server-2052  [000]     1.915842: (+28)    sched_switch:         tmux: server:2052 [120] S ==> cg.C.x:3886 [120]
          cg.C.x-3945  [055]     1.919561: (+3719)  sched_waking:         comm=kworker/55:1 pid=619 prio=120 target_cpu=055
          cg.C.x-3945  [055]     1.919567: (+6)     sched_wakeup:         kworker/55:1:619 [120] CPU:055
          cg.C.x-3945  [055]     1.919573: (+6)     sched_switch:         cg.C.x:3945 [120] R ==> kworker/55:1:619 [120]
    kworker/55:1-619   [055]     1.919586: (+13)    sched_switch:         kworker/55:1:619 [120] I ==> cg.C.x:3945 [120]
          cg.C.x-3928  [021]     1.939561: (+19975) sched_waking:         comm=kworker/21:1 pid=724 prio=120 target_cpu=021
          cg.C.x-3929  [023]     1.939561: (+0)     sched_waking:         comm=kworker/23:1 pid=709 prio=120 target_cpu=023
          cg.C.x-3928  [021]     1.939568: (+7)     sched_wakeup:         kworker/21:1:724 [120] CPU:021
          cg.C.x-3929  [023]     1.939568: (+0)     sched_wakeup:         kworker/23:1:709 [120] CPU:023
          cg.C.x-3929  [023]     1.939573: (+5)     sched_switch:         cg.C.x:3929 [120] R ==> kworker/23:1:709 [120]
          cg.C.x-3928  [021]     1.939574: (+1)     sched_switch:         cg.C.x:3928 [120] R ==> kworker/21:1:724 [120]
    kworker/21:1-724   [021]     1.939587: (+13)    sched_switch:         kworker/21:1:724 [120] I ==> cg.C.x:3928 [120]
    kworker/23:1-709   [023]     1.939587: (+0)     sched_switch:         kworker/23:1:709 [120] I ==> cg.C.x:3929 [120]
          cg.C.x-3897  [022]     1.943559: (+3972)  sched_waking:         comm=kworker/22:1 pid=731 prio=120 target_cpu=022
          cg.C.x-3897  [022]     1.943567: (+8)     sched_wakeup:         kworker/22:1:731 [120] CPU:022
          cg.C.x-3886  [000]     1.947559: (+3992)  sched_waking:         comm=kworker/0:0 pid=8 prio=120 target_cpu=000
          cg.C.x-3886  [000]     1.947564: (+5)     sched_wakeup:         kworker/0:0:8 [120] CPU:000
          cg.C.x-3897  [022]     1.947564: (+0)     sched_switch:         cg.C.x:3897 [120] R ==> kworker/22:1:731 [120]
          cg.C.x-3886  [000]     1.947568: (+4)     sched_switch:         cg.C.x:3886 [120] R ==> kworker/0:0:8 [120]
    kworker/22:1-731   [022]     1.947576: (+8)     sched_switch:         kworker/22:1:731 [120] I ==> cg.C.x:3897 [120]
     kworker/0:0-8     [000]     1.947625: (+49)    sched_switch:         kworker/0:0:8 [120] I ==> cg.C.x:3886 [120]
          cg.C.x-3927  [019]     1.971562: (+23937) sched_waking:         comm=kworker/19:1 pid=723 prio=120 target_cpu=019
          cg.C.x-3927  [019]     1.971571: (+9)     sched_wakeup:         kworker/19:1:723 [120] CPU:019
          cg.C.x-3927  [019]     1.971581: (+10)    sched_switch:         cg.C.x:3927 [120] R ==> kworker/19:1:723 [120]
    kworker/19:1-723   [019]     1.971596: (+15)    sched_switch:         kworker/19:1:723 [120] I ==> cg.C.x:3927 [120]
          cg.C.x-3896  [020]     1.975560: (+3964)  sched_waking:         comm=kworker/20:1 pid=732 prio=120 target_cpu=020
          cg.C.x-3896  [020]     1.975570: (+10)    sched_wakeup:         kworker/20:1:732 [120] CPU:020
          cg.C.x-3896  [020]     1.975577: (+7)     sched_switch:         cg.C.x:3896 [120] R ==> kworker/20:1:732 [120]
    kworker/20:1-732   [020]     1.975589: (+12)    sched_switch:         kworker/20:1:732 [120] I ==> cg.C.x:3896 [120]
          cg.C.x-3894  [016]     2.003562: (+27973) sched_waking:         comm=kworker/16:1 pid=720 prio=120 target_cpu=016
          cg.C.x-3894  [016]     2.003569: (+7)     sched_wakeup:         kworker/16:1:720 [120] CPU:016
          cg.C.x-3894  [016]     2.003575: (+6)     sched_switch:         cg.C.x:3894 [120] R ==> kworker/16:1:720 [120]
    kworker/16:1-720   [016]     2.003586: (+11)    sched_switch:         kworker/16:1:720 [120] I ==> cg.C.x:3894 [120]
          cg.C.x-3926  [017]     2.007560: (+3974)  sched_waking:         comm=kworker/17:1 pid=718 prio=120 target_cpu=017
          cg.C.x-3895  [018]     2.007560: (+0)     sched_waking:         comm=kworker/18:1 pid=721 prio=120 target_cpu=018
          cg.C.x-3926  [017]     2.007568: (+8)     sched_wakeup:         kworker/17:1:718 [120] CPU:017
          cg.C.x-3895  [018]     2.007569: (+1)     sched_wakeup:         kworker/18:1:721 [120] CPU:018
          cg.C.x-3895  [018]     2.007575: (+6)     sched_switch:         cg.C.x:3895 [120] R ==> kworker/18:1:721 [120]
          cg.C.x-3926  [017]     2.007576: (+1)     sched_switch:         cg.C.x:3926 [120] R ==> kworker/17:1:718 [120]
    kworker/18:1-721   [018]     2.007587: (+11)    sched_switch:         kworker/18:1:721 [120] I ==> cg.C.x:3895 [120]
    kworker/17:1-718   [017]     2.007590: (+3)     sched_switch:         kworker/17:1:718 [120] I ==> cg.C.x:3926 [120]
          cg.C.x-3886  [000]     2.020046: (+12456) sched_waking:         comm=kworker/u129:15 pid=428 prio=120 target_cpu=000
          cg.C.x-3886  [000]     2.020053: (+7)     sched_wakeup:         kworker/u129:15:428 [120] CPU:000
          cg.C.x-3886  [000]     2.020057: (+4)     sched_switch:         cg.C.x:3886 [120] R ==> kworker/u129:15:428 [120]
 kworker/u129:15-428   [000]     2.020064: (+7)     sched_waking:         comm=tmux: server pid=2052 prio=120 target_cpu=000
 kworker/u129:15-428   [000]     2.020067: (+3)     sched_wakeup:         tmux: server:2052 [120] CPU:000
 kworker/u129:15-428   [000]     2.020070: (+3)     sched_switch:         kworker/u129:15:428 [120] I ==> tmux: server:2052 [120]
    tmux: server-2052  [000]     2.020137: (+67)    sched_waking:         comm=kworker/u129:15 pid=428 prio=120 target_cpu=000
    tmux: server-2052  [000]     2.020138: (+1)     sched_wakeup:         kworker/u129:15:428 [120] CPU:000
    tmux: server-2052  [000]     2.020141: (+3)     sched_switch:         tmux: server:2052 [120] R ==> kworker/u129:15:428 [120]
 kworker/u129:15-428   [000]     2.020143: (+2)     sched_waking:         comm=sshd pid=1964 prio=120 target_cpu=000
 kworker/u129:15-428   [000]     2.020145: (+2)     sched_wakeup:         sshd:1964 [120] CPU:000
 kworker/u129:15-428   [000]     2.020147: (+2)     sched_switch:         kworker/u129:15:428 [120] I ==> sshd:1964 [120]
            sshd-1964  [000]     2.020237: (+90)    sched_switch:         sshd:1964 [120] S ==> tmux: server:2052 [120]
    tmux: server-2052  [000]     2.020246: (+9)     sched_switch:         tmux: server:2052 [120] S ==> cg.C.x:3886 [120]
          cg.C.x-3886  [000]     2.020247: (+1)     sched_waking:         comm=kworker/u129:15 pid=428 prio=120 target_cpu=000
          cg.C.x-3886  [000]     2.020248: (+1)     sched_wakeup:         kworker/u129:15:428 [120] CPU:000
          cg.C.x-3886  [000]     2.020251: (+3)     sched_switch:         cg.C.x:3886 [120] R ==> kworker/u129:15:428 [120]
 kworker/u129:15-428   [000]     2.020252: (+1)     sched_waking:         comm=tmux: server pid=2052 prio=120 target_cpu=000
 kworker/u129:15-428   [000]     2.020253: (+1)     sched_wakeup:         tmux: server:2052 [120] CPU:000
 kworker/u129:15-428   [000]     2.020255: (+2)     sched_switch:         kworker/u129:15:428 [120] I ==> tmux: server:2052 [120]
    tmux: server-2052  [000]     2.020284: (+29)    sched_waking:         comm=kworker/u129:15 pid=428 prio=120 target_cpu=000
    tmux: server-2052  [000]     2.020285: (+1)     sched_wakeup:         kworker/u129:15:428 [120] CPU:000
    tmux: server-2052  [000]     2.020287: (+2)     sched_switch:         tmux: server:2052 [120] R ==> kworker/u129:15:428 [120]
 kworker/u129:15-428   [000]     2.020288: (+1)     sched_waking:         comm=sshd pid=1964 prio=120 target_cpu=000
 kworker/u129:15-428   [000]     2.020289: (+1)     sched_wakeup:         sshd:1964 [120] CPU:000
 kworker/u129:15-428   [000]     2.020291: (+2)     sched_switch:         kworker/u129:15:428 [120] I ==> sshd:1964 [120]
            sshd-1964  [000]     2.020318: (+27)    sched_switch:         sshd:1964 [120] S ==> tmux: server:2052 [120]
    tmux: server-2052  [000]     2.020324: (+6)     sched_switch:         tmux: server:2052 [120] S ==> cg.C.x:3886 [120]
          cg.C.x-3886  [000]     2.030374: (+10050) sched_waking:         comm=tmux: server pid=2052 prio=120 target_cpu=000
          cg.C.x-3886  [000]     2.030387: (+13)    sched_wakeup:         tmux: server:2052 [120] CPU:000
          cg.C.x-3886  [000]     2.030391: (+4)     sched_switch:         cg.C.x:3886 [120] R ==> tmux: server:2052 [120]
    tmux: server-2052  [000]     2.030415: (+24)    sched_switch:         tmux: server:2052 [120] S ==> cg.C.x:3886 [120]
          cg.C.x-3886  [000]     2.032462: (+2047)  sched_waking:         comm=tmux: server pid=2052 prio=120 target_cpu=000
          cg.C.x-3886  [000]     2.032470: (+8)     sched_wakeup:         tmux: server:2052 [120] CPU:000
          cg.C.x-3886  [000]     2.032473: (+3)     sched_switch:         cg.C.x:3886 [120] R ==> tmux: server:2052 [120]
    tmux: server-2052  [000]     2.032510: (+37)    sched_switch:         tmux: server:2052 [120] S ==> cg.C.x:3886 [120]
          cg.C.x-3925  [015]     2.035560: (+3050)  sched_waking:         comm=kworker/15:1 pid=717 prio=120 target_cpu=015
          cg.C.x-3924  [013]     2.035560: (+0)     sched_waking:         comm=kworker/13:1 pid=708 prio=120 target_cpu=013
          cg.C.x-3893  [014]     2.035560: (+0)     sched_waking:         comm=kworker/14:1 pid=486 prio=120 target_cpu=014
          cg.C.x-3893  [014]     2.035565: (+5)     sched_wakeup:         kworker/14:1:486 [120] CPU:014
          cg.C.x-3925  [015]     2.035565: (+0)     sched_wakeup:         kworker/15:1:717 [120] CPU:015
          cg.C.x-3924  [013]     2.035566: (+1)     sched_wakeup:         kworker/13:1:708 [120] CPU:013
          cg.C.x-3925  [015]     2.035572: (+6)     sched_switch:         cg.C.x:3925 [120] R ==> kworker/15:1:717 [120]
          cg.C.x-3924  [013]     2.035572: (+0)     sched_switch:         cg.C.x:3924 [120] R ==> kworker/13:1:708 [120]
    kworker/13:1-708   [013]     2.035585: (+13)    sched_switch:         kworker/13:1:708 [120] I ==> cg.C.x:3924 [120]
    kworker/15:1-717   [015]     2.035585: (+0)     sched_switch:         kworker/15:1:717 [120] I ==> cg.C.x:3925 [120]
          cg.C.x-3893  [014]     2.039565: (+3980)  sched_switch:         cg.C.x:3893 [120] R ==> kworker/14:1:486 [120]
    kworker/14:1-486   [014]     2.039577: (+12)    sched_switch:         kworker/14:1:486 [120] I ==> cg.C.x:3893 [120]
          cg.C.x-3934  [033]     2.067559: (+27982) sched_waking:         comm=kworker/33:1 pid=482 prio=120 target_cpu=033
          cg.C.x-3918  [001]     2.067559: (+0)     sched_waking:         comm=kworker/1:2 pid=470 prio=120 target_cpu=001
          cg.C.x-3923  [011]     2.067560: (+1)     sched_waking:         comm=kworker/11:1 pid=719 prio=120 target_cpu=011
          cg.C.x-3933  [031]     2.067560: (+0)     sched_waking:         comm=kworker/31:1 pid=712 prio=120 target_cpu=031
          cg.C.x-3936  [037]     2.067560: (+0)     sched_waking:         comm=kworker/37:1 pid=716 prio=120 target_cpu=037
          cg.C.x-3949  [063]     2.067560: (+0)     sched_waking:         comm=kworker/63:1 pid=743 prio=120 target_cpu=063
          cg.C.x-3930  [025]     2.067560: (+0)     sched_waking:         comm=kworker/25:1 pid=710 prio=120 target_cpu=025
          cg.C.x-3892  [012]     2.067560: (+0)     sched_waking:         comm=kworker/12:0 pid=3532 prio=120 target_cpu=012
          cg.C.x-3914  [056]     2.067560: (+0)     sched_waking:         comm=kworker/56:1 pid=650 prio=120 target_cpu=056
          cg.C.x-3933  [031]     2.067566: (+6)     sched_wakeup:         kworker/31:1:712 [120] CPU:031
          cg.C.x-3949  [063]     2.067566: (+0)     sched_wakeup:         kworker/63:1:743 [120] CPU:063
          cg.C.x-3923  [011]     2.067566: (+0)     sched_wakeup:         kworker/11:1:719 [120] CPU:011
          cg.C.x-3918  [001]     2.067566: (+0)     sched_wakeup:         kworker/1:2:470 [120] CPU:001
          cg.C.x-3936  [037]     2.067566: (+0)     sched_wakeup:         kworker/37:1:716 [120] CPU:037
          cg.C.x-3934  [033]     2.067566: (+0)     sched_wakeup:         kworker/33:1:482 [120] CPU:033
          cg.C.x-3930  [025]     2.067566: (+0)     sched_wakeup:         kworker/25:1:710 [120] CPU:025
          cg.C.x-3892  [012]     2.067567: (+1)     sched_wakeup:         kworker/12:0:3532 [120] CPU:012
          cg.C.x-3914  [056]     2.067567: (+0)     sched_wakeup:         kworker/56:1:650 [120] CPU:056
          cg.C.x-3934  [033]     2.067572: (+5)     sched_switch:         cg.C.x:3934 [120] R ==> kworker/33:1:482 [120]
          cg.C.x-3918  [001]     2.067572: (+0)     sched_switch:         cg.C.x:3918 [120] R ==> kworker/1:2:470 [120]
          cg.C.x-3936  [037]     2.067572: (+0)     sched_switch:         cg.C.x:3936 [120] R ==> kworker/37:1:716 [120]
          cg.C.x-3930  [025]     2.067572: (+0)     sched_switch:         cg.C.x:3930 [120] R ==> kworker/25:1:710 [120]
          cg.C.x-3923  [011]     2.067572: (+0)     sched_switch:         cg.C.x:3923 [120] R ==> kworker/11:1:719 [120]
          cg.C.x-3933  [031]     2.067572: (+0)     sched_switch:         cg.C.x:3933 [120] R ==> kworker/31:1:712 [120]
          cg.C.x-3949  [063]     2.067572: (+0)     sched_switch:         cg.C.x:3949 [120] R ==> kworker/63:1:743 [120]
          cg.C.x-3892  [012]     2.067573: (+1)     sched_switch:         cg.C.x:3892 [120] R ==> kworker/12:0:3532 [120]
          cg.C.x-3914  [056]     2.067573: (+0)     sched_switch:         cg.C.x:3914 [120] R ==> kworker/56:1:650 [120]
    kworker/25:1-710   [025]     2.067582: (+9)     sched_switch:         kworker/25:1:710 [120] I ==> cg.C.x:3930 [120]
    kworker/31:1-712   [031]     2.067582: (+0)     sched_switch:         kworker/31:1:712 [120] I ==> cg.C.x:3933 [120]
    kworker/33:1-482   [033]     2.067582: (+0)     sched_switch:         kworker/33:1:482 [120] I ==> cg.C.x:3934 [120]
     kworker/1:2-470   [001]     2.067582: (+0)     sched_switch:         kworker/1:2:470 [120] I ==> cg.C.x:3918 [120]
    kworker/37:1-716   [037]     2.067582: (+0)     sched_switch:         kworker/37:1:716 [120] I ==> cg.C.x:3936 [120]
    kworker/63:1-743   [063]     2.067583: (+1)     sched_switch:         kworker/63:1:743 [120] I ==> cg.C.x:3949 [120]
    kworker/11:1-719   [011]     2.067583: (+0)     sched_switch:         kworker/11:1:719 [120] I ==> cg.C.x:3923 [120]
    kworker/56:1-650   [056]     2.067585: (+2)     sched_switch:         kworker/56:1:650 [120] I ==> cg.C.x:3914 [120]
    kworker/12:0-3532  [012]     2.067585: (+0)     sched_switch:         kworker/12:0:3532 [120] I ==> cg.C.x:3892 [120]
          cg.C.x-3891  [010]     2.099560: (+31975) sched_waking:         comm=kworker/10:1 pid=706 prio=120 target_cpu=010
          cg.C.x-3922  [009]     2.099560: (+0)     sched_waking:         comm=kworker/9:1 pid=715 prio=120 target_cpu=009
          cg.C.x-3890  [008]     2.099561: (+1)     sched_waking:         comm=kworker/8:1 pid=725 prio=120 target_cpu=008
          cg.C.x-3891  [010]     2.099566: (+5)     sched_wakeup:         kworker/10:1:706 [120] CPU:010
          cg.C.x-3890  [008]     2.099566: (+0)     sched_wakeup:         kworker/8:1:725 [120] CPU:008
          cg.C.x-3922  [009]     2.099566: (+0)     sched_wakeup:         kworker/9:1:715 [120] CPU:009
          cg.C.x-3891  [010]     2.099571: (+5)     sched_switch:         cg.C.x:3891 [120] R ==> kworker/10:1:706 [120]
          cg.C.x-3890  [008]     2.099571: (+0)     sched_switch:         cg.C.x:3890 [120] R ==> kworker/8:1:725 [120]
          cg.C.x-3922  [009]     2.099573: (+2)     sched_switch:         cg.C.x:3922 [120] R ==> kworker/9:1:715 [120]
     kworker/8:1-725   [008]     2.099581: (+8)     sched_switch:         kworker/8:1:725 [120] I ==> cg.C.x:3890 [120]
    kworker/10:1-706   [010]     2.099582: (+1)     sched_switch:         kworker/10:1:706 [120] I ==> cg.C.x:3891 [120]
     kworker/9:1-715   [009]     2.099583: (+1)     sched_switch:         kworker/9:1:715 [120] I ==> cg.C.x:3922 [120]
          cg.C.x-3886  [000]     2.107557: (+7974)  sched_waking:         comm=tmux: server pid=2052 prio=120 target_cpu=000
          cg.C.x-3886  [000]     2.107565: (+8)     sched_wakeup:         tmux: server:2052 [120] CPU:000
          cg.C.x-3886  [000]     2.107569: (+4)     sched_switch:         cg.C.x:3886 [120] R ==> tmux: server:2052 [120]
    tmux: server-2052  [000]     2.107715: (+146)   sched_switch:         tmux: server:2052 [120] S ==> cg.C.x:3886 [120]
          cg.C.x-3886  [000]     2.131561: (+23846) sched_waking:         comm=kworker/0:0 pid=8 prio=120 target_cpu=000
          cg.C.x-3921  [007]     2.131561: (+0)     sched_waking:         comm=kworker/7:1 pid=713 prio=120 target_cpu=007
          cg.C.x-3886  [000]     2.131567: (+6)     sched_wakeup:         kworker/0:0:8 [120] CPU:000
          cg.C.x-3921  [007]     2.131569: (+2)     sched_wakeup:         kworker/7:1:713 [120] CPU:007
          cg.C.x-3921  [007]     2.131576: (+7)     sched_switch:         cg.C.x:3921 [120] R ==> kworker/7:1:713 [120]
          cg.C.x-3886  [000]     2.131583: (+7)     sched_switch:         cg.C.x:3886 [120] R ==> kworker/0:0:8 [120]
     kworker/7:1-713   [007]     2.131592: (+9)     sched_switch:         kworker/7:1:713 [120] I ==> cg.C.x:3921 [120]
     kworker/0:0-8     [000]     2.131599: (+7)     sched_switch:         kworker/0:0:8 [120] I ==> cg.C.x:3886 [120]
          cg.C.x-3886  [000]     2.135224: (+3625)  sched_waking:         comm=kworker/u129:15 pid=428 prio=120 target_cpu=000
          cg.C.x-3886  [000]     2.135230: (+6)     sched_wakeup:         kworker/u129:15:428 [120] CPU:000
          cg.C.x-3886  [000]     2.135235: (+5)     sched_switch:         cg.C.x:3886 [120] R ==> kworker/u129:15:428 [120]
 kworker/u129:15-428   [000]     2.135240: (+5)     sched_waking:         comm=tmux: server pid=2052 prio=120 target_cpu=000
 kworker/u129:15-428   [000]     2.135243: (+3)     sched_wakeup:         tmux: server:2052 [120] CPU:000
 kworker/u129:15-428   [000]     2.135246: (+3)     sched_switch:         kworker/u129:15:428 [120] I ==> tmux: server:2052 [120]
    tmux: server-2052  [000]     2.135331: (+85)    sched_waking:         comm=kworker/u129:15 pid=428 prio=120 target_cpu=000
    tmux: server-2052  [000]     2.135332: (+1)     sched_wakeup:         kworker/u129:15:428 [120] CPU:000
    tmux: server-2052  [000]     2.135335: (+3)     sched_switch:         tmux: server:2052 [120] R ==> kworker/u129:15:428 [120]
 kworker/u129:15-428   [000]     2.135337: (+2)     sched_waking:         comm=sshd pid=1964 prio=120 target_cpu=000
 kworker/u129:15-428   [000]     2.135339: (+2)     sched_wakeup:         sshd:1964 [120] CPU:000
 kworker/u129:15-428   [000]     2.135341: (+2)     sched_switch:         kworker/u129:15:428 [120] I ==> sshd:1964 [120]
            sshd-1964  [000]     2.135432: (+91)    sched_switch:         sshd:1964 [120] S ==> tmux: server:2052 [120]
    tmux: server-2052  [000]     2.135440: (+8)     sched_switch:         tmux: server:2052 [120] S ==> cg.C.x:3886 [120]
          cg.C.x-3886  [000]     2.135441: (+1)     sched_waking:         comm=kworker/u129:15 pid=428 prio=120 target_cpu=000
          cg.C.x-3886  [000]     2.135442: (+1)     sched_wakeup:         kworker/u129:15:428 [120] CPU:000
          cg.C.x-3886  [000]     2.135444: (+2)     sched_switch:         cg.C.x:3886 [120] R ==> kworker/u129:15:428 [120]
 kworker/u129:15-428   [000]     2.135445: (+1)     sched_waking:         comm=tmux: server pid=2052 prio=120 target_cpu=000
 kworker/u129:15-428   [000]     2.135447: (+2)     sched_wakeup:         tmux: server:2052 [120] CPU:000
 kworker/u129:15-428   [000]     2.135448: (+1)     sched_switch:         kworker/u129:15:428 [120] I ==> tmux: server:2052 [120]
    tmux: server-2052  [000]     2.135477: (+29)    sched_waking:         comm=kworker/u129:15 pid=428 prio=120 target_cpu=000
    tmux: server-2052  [000]     2.135478: (+1)     sched_wakeup:         kworker/u129:15:428 [120] CPU:000
    tmux: server-2052  [000]     2.135479: (+1)     sched_switch:         tmux: server:2052 [120] R ==> kworker/u129:15:428 [120]
 kworker/u129:15-428   [000]     2.135481: (+2)     sched_waking:         comm=sshd pid=1964 prio=120 target_cpu=000
 kworker/u129:15-428   [000]     2.135482: (+1)     sched_wakeup:         sshd:1964 [120] CPU:000
 kworker/u129:15-428   [000]     2.135483: (+1)     sched_switch:         kworker/u129:15:428 [120] I ==> sshd:1964 [120]
            sshd-1964  [000]     2.135510: (+27)    sched_switch:         sshd:1964 [120] S ==> tmux: server:2052 [120]
    tmux: server-2052  [000]     2.135516: (+6)     sched_switch:         tmux: server:2052 [120] S ==> cg.C.x:3886 [120]
          cg.C.x-3920  [005]     2.135562: (+46)    sched_waking:         comm=kworker/5:1 pid=704 prio=120 target_cpu=005
          cg.C.x-3889  [006]     2.135575: (+13)    sched_waking:         comm=kworker/6:2 pid=3607 prio=120 target_cpu=006
          cg.C.x-3919  [003]     2.135578: (+3)     bprint:               change_prot_numa: NUMAB SCAN vma[start:0x7f8e55edb000, end:0x7f8e684f9000, from:0x7f8e64400000, to:0x7f8e684f9000, size:66532 KB]
          cg.C.x-3920  [005]     2.135584: (+6)     sched_wakeup:         kworker/5:1:704 [120] CPU:005
          cg.C.x-3889  [006]     2.135603: (+19)    sched_wakeup:         kworker/6:2:3607 [120] CPU:006
          cg.C.x-3889  [006]     2.135608: (+5)     sched_switch:         cg.C.x:3889 [120] R ==> kworker/6:2:3607 [120]
          cg.C.x-3920  [005]     2.135609: (+1)     sched_switch:         cg.C.x:3920 [120] R ==> kworker/5:1:704 [120]
     kworker/6:2-3607  [006]     2.135618: (+9)     sched_switch:         kworker/6:2:3607 [120] I ==> cg.C.x:3889 [120]
     kworker/5:1-704   [005]     2.135618: (+0)     sched_switch:         kworker/5:1:704 [120] I ==> cg.C.x:3920 [120]
          cg.C.x-3919  [003]     2.135681: (+63)    bprint:               change_prot_numa: NUMAB SCAN vma[start:0x7f8e68600000, end:0x7f8e68f28000, from:0x7f8e68600000, to:0x7f8e68f28000, size:9376 KB]
          cg.C.x-3919  [003]     2.135731: (+50)    bprint:               change_prot_numa: NUMAB SCAN vma[start:0x7f8e69000000, end:0x7f8e7230f000, from:0x7f8e69000000, to:0x7f8e7230f000, size:150588 KB]
          cg.C.x-3919  [003]     2.135798: (+67)    bprint:               change_prot_numa: NUMAB SCAN vma[start:0x7f8e72400000, end:0x7f8e7b67d000, from:0x7f8e72400000, to:0x7f8e7b67d000, size:150004 KB]
          cg.C.x-3919  [003]     2.135827: (+29)    bprint:               change_prot_numa: NUMAB SCAN vma[start:0x7f8e7b6da000, end:0x7f8e7b800000, from:0x7f8e7b6da000, to:0x7f8e7b800000, size:1176 KB]
          cg.C.x-3919  [003]     2.135886: (+59)    bprint:               change_prot_numa: NUMAB SCAN vma[start:0x7f8e7bd12000, end:0x7f8e7bd14000, from:0x7f8e7bd12000, to:0x7f8e7bd14000, size:8 KB]
          cg.C.x-3919  [003]     2.135900: (+14)    bprint:               change_prot_numa: NUMAB SCAN vma[start:0x7f8e7bd14000, end:0x7f8e7bd21000, from:0x7f8e7bd14000, to:0x7f8e7bd21000, size:52 KB]
          cg.C.x-3919  [003]     2.135919: (+19)    bprint:               change_prot_numa: NUMAB SCAN vma[start:0x7f8e7bdff000, end:0x7f8e7be00000, from:0x7f8e7bdff000, to:0x7f8e7be00000, size:4 KB]
          cg.C.x-3919  [003]     2.135934: (+15)    bprint:               change_prot_numa: NUMAB SCAN vma[start:0x7f8e7c0c8000, end:0x7f8e7c0ca000, from:0x7f8e7c0c8000, to:0x7f8e7c0ca000, size:8 KB]
          cg.C.x-3919  [003]     2.135948: (+14)    bprint:               change_prot_numa: NUMAB SCAN vma[start:0x7f8e7c0f3000, end:0x7f8e7c0f6000, from:0x7f8e7c0f3000, to:0x7f8e7c0f6000, size:12 KB]
          cg.C.x-3919  [003]     2.135963: (+15)    bprint:               change_prot_numa: NUMAB SCAN vma[start:0x7f8e7c13c000, end:0x7f8e7c13d000, from:0x7f8e7c13c000, to:0x7f8e7c13d000, size:4 KB]
          cg.C.x-3919  [003]     2.135977: (+14)    bprint:               change_prot_numa: NUMAB SCAN vma[start:0x7f8e7c13d000, end:0x7f8e7c13f000, from:0x7f8e7c13d000, to:0x7f8e7c13f000, size:8 KB]
          cg.C.x-3919  [003]     2.135993: (+16)    bprint:               change_prot_numa: NUMAB SCAN vma[start:0x7f8e7c15e000, end:0x7f8e7c15f000, from:0x7f8e7c15e000, to:0x7f8e7c15f000, size:4 KB]
          cg.C.x-3919  [003]     2.136007: (+14)    bprint:               change_prot_numa: NUMAB SCAN vma[start:0x7f8e7c1a6000, end:0x7f8e7c1a7000, from:0x7f8e7c1a6000, to:0x7f8e7c1a7000, size:4 KB]
          cg.C.x-3919  [003]     2.136021: (+14)    bprint:               change_prot_numa: NUMAB SCAN vma[start:0x7f8e7c1b1000, end:0x7f8e7c1b3000, from:0x7f8e7c1b1000, to:0x7f8e7c1b3000, size:8 KB]
          cg.C.x-3919  [003]     2.136037: (+16)    bprint:               change_prot_numa: NUMAB SCAN vma[start:0x7f8e7c1e5000, end:0x7f8e7c1e7000, from:0x7f8e7c1e5000, to:0x7f8e7c1e7000, size:8 KB]
          cg.C.x-3919  [003]     2.136050: (+13)    bprint:               change_prot_numa: NUMAB SCAN vma[start:0x7ffdc947a000, end:0x7ffdc949b000, from:0x7ffdc947a000, to:0x7ffdc949b000, size:132 KB]
          cg.C.x-3919  [003]     2.136067: (+17)    bprint:               change_prot_numa: NUMAB SCAN vma[start:0x7ffdc95f4000, end:0x7ffdc95f6000, from:0x7ffdc95f4000, to:0x7ffdc95f6000, size:8 KB]
          cg.C.x-3919  [003]     2.136075: (+8)     bprint:               __handle_mm_fault: NUMAB MEM ACCESS process[nid:1, cpu:3, pid:3919], folio[virt:0x7f8e7bd123d0, phys:0x1860b66000, pfn:0x1860b66, nid:1, npages:1]
          cg.C.x-3919  [003]     2.136091: (+16)    bprint:               __handle_mm_fault: NUMAB MEM ACCESS process[nid:1, cpu:3, pid:3919], folio[virt:0x7f8e7bd19548, phys:0x303a1eb000, pfn:0x303a1eb, nid:1, npages:1]
          cg.C.x-3919  [003]     2.136097: (+6)     bprint:               __handle_mm_fault: NUMAB MEM ACCESS process[nid:1, cpu:3, pid:3919], folio[virt:0x7f8e7c1a63f4, phys:0x1862876000, pfn:0x1862876, nid:1, npages:1]
