          cg.C.x-3948  [061]     0.007568: (+0)     sched_switch:         cg.C.x:3948 [120] R ==> kworker/61:1:489 [120]
          cg.C.x-3909  [046]     0.007568: (+0)     sched_switch:         cg.C.x:3909 [120] R ==> kworker/46:1:735 [120]
          cg.C.x-3947  [059]     0.007568: (+0)     sched_switch:         cg.C.x:3947 [120] R ==> kworker/59:1:740 [120]
          cg.C.x-3903  [034]     0.007569: (+1)     sched_switch:         cg.C.x:3903 [120] R ==> kworker/34:0:2871 [120]
          cg.C.x-3915  [058]     0.007569: (+0)     sched_switch:         cg.C.x:3915 [120] R ==> kworker/58:1:548 [120]
          cg.C.x-3907  [042]     0.007569: (+0)     sched_switch:         cg.C.x:3907 [120] R ==> kworker/42:1:574 [120]
          cg.C.x-3914  [056]     0.007569: (+0)     sched_switch:         cg.C.x:3914 [120] R ==> kworker/56:1:650 [120]
          cg.C.x-3913  [054]     0.007569: (+0)     sched_switch:         cg.C.x:3913 [120] R ==> kworker/54:1:546 [120]
          cg.C.x-3921  [007]     0.007570: (+1)     sched_switch:         cg.C.x:3921 [120] R ==> kworker/7:1:713 [120]
          cg.C.x-3931  [027]     0.007570: (+0)     sched_switch:         cg.C.x:3931 [120] R ==> kworker/27:0:181 [120]
          cg.C.x-3929  [023]     0.007570: (+0)     sched_switch:         cg.C.x:3929 [120] R ==> kworker/23:1:709 [120]
          cg.C.x-3933  [031]     0.007570: (+0)     sched_switch:         cg.C.x:3933 [120] R ==> kworker/31:1:712 [120]
          cg.C.x-3920  [005]     0.007570: (+0)     sched_switch:         cg.C.x:3920 [120] R ==> kworker/5:1:704 [120]
          cg.C.x-3922  [009]     0.007570: (+0)     sched_switch:         cg.C.x:3922 [120] R ==> kworker/9:1:715 [120]
          cg.C.x-3928  [021]     0.007570: (+0)     sched_switch:         cg.C.x:3928 [120] R ==> kworker/21:1:724 [120]
          cg.C.x-3924  [013]     0.007570: (+0)     sched_switch:         cg.C.x:3924 [120] R ==> kworker/13:1:708 [120]
          cg.C.x-3925  [015]     0.007570: (+0)     sched_switch:         cg.C.x:3925 [120] R ==> kworker/15:1:717 [120]
          cg.C.x-3918  [001]     0.007571: (+1)     sched_switch:         cg.C.x:3918 [120] R ==> kworker/1:2:470 [120]
          cg.C.x-3927  [019]     0.007571: (+0)     sched_switch:         cg.C.x:3927 [120] R ==> kworker/19:1:723 [120]
          cg.C.x-3919  [003]     0.007572: (+1)     sched_switch:         cg.C.x:3919 [120] R ==> kworker/3:1:703 [120]
          cg.C.x-3923  [011]     0.007572: (+0)     sched_switch:         cg.C.x:3923 [120] R ==> kworker/11:1:719 [120]
          cg.C.x-3892  [012]     0.007572: (+0)     sched_switch:         cg.C.x:3892 [120] R ==> kworker/12:0:3532 [120]
          cg.C.x-3901  [030]     0.007573: (+1)     sched_switch:         cg.C.x:3901 [120] R ==> kworker/30:0:199 [120]
          cg.C.x-3896  [020]     0.007573: (+0)     sched_switch:         cg.C.x:3896 [120] R ==> kworker/20:1:732 [120]
          cg.C.x-3894  [016]     0.007573: (+0)     sched_switch:         cg.C.x:3894 [120] R ==> kworker/16:1:720 [120]
          cg.C.x-3932  [029]     0.007573: (+0)     sched_switch:         cg.C.x:3932 [120] R ==> kworker/29:0:193 [120]
          cg.C.x-3900  [028]     0.007573: (+0)     sched_switch:         cg.C.x:3900 [120] R ==> kworker/28:1:547 [120]
          cg.C.x-3895  [018]     0.007573: (+0)     sched_switch:         cg.C.x:3895 [120] R ==> kworker/18:1:721 [120]
          cg.C.x-3890  [008]     0.007574: (+1)     sched_switch:         cg.C.x:3890 [120] R ==> kworker/8:1:725 [120]
          cg.C.x-3889  [006]     0.007574: (+0)     sched_switch:         cg.C.x:3889 [120] R ==> kworker/6:2:3607 [120]
     kworker/7:1-713   [007]     0.007574: (+0)     sched_switch:         kworker/7:1:713 [120] I ==> cg.C.x:3921 [120]
    kworker/39:1-728   [039]     0.007574: (+0)     sched_switch:         kworker/39:1:728 [120] I ==> cg.C.x:3937 [120]
    kworker/63:1-743   [063]     0.007574: (+0)     sched_switch:         kworker/63:1:743 [120] I ==> cg.C.x:3949 [120]
    kworker/37:1-716   [037]     0.007574: (+0)     sched_switch:         kworker/37:1:716 [120] I ==> cg.C.x:3936 [120]
    kworker/45:1-733   [045]     0.007575: (+1)     sched_switch:         kworker/45:1:733 [120] I ==> cg.C.x:3940 [120]
    kworker/41:1-734   [041]     0.007575: (+0)     sched_switch:         kworker/41:1:734 [120] I ==> cg.C.x:3938 [120]
    kworker/55:1-619   [055]     0.007575: (+0)     sched_switch:         kworker/55:1:619 [120] I ==> cg.C.x:3945 [120]
    kworker/31:1-712   [031]     0.007575: (+0)     sched_switch:         kworker/31:1:712 [120] I ==> cg.C.x:3933 [120]
    kworker/43:1-736   [043]     0.007575: (+0)     sched_switch:         kworker/43:1:736 [120] I ==> cg.C.x:3939 [120]
    kworker/17:1-718   [017]     0.007575: (+0)     sched_switch:         kworker/17:1:718 [120] I ==> cg.C.x:3926 [120]
    kworker/49:1-485   [049]     0.007575: (+0)     sched_switch:         kworker/49:1:485 [120] I ==> cg.C.x:3942 [120]
     kworker/5:1-704   [005]     0.007575: (+0)     sched_switch:         kworker/5:1:704 [120] I ==> cg.C.x:3920 [120]
    kworker/61:1-489   [061]     0.007575: (+0)     sched_switch:         kworker/61:1:489 [120] I ==> cg.C.x:3948 [120]
    kworker/23:1-709   [023]     0.007575: (+0)     sched_switch:         kworker/23:1:709 [120] I ==> cg.C.x:3929 [120]
    kworker/59:1-740   [059]     0.007576: (+1)     sched_switch:         kworker/59:1:740 [120] I ==> cg.C.x:3947 [120]
     kworker/9:1-715   [009]     0.007576: (+0)     sched_switch:         kworker/9:1:715 [120] I ==> cg.C.x:3922 [120]
    kworker/53:0-337   [053]     0.007576: (+0)     sched_switch:         kworker/53:0:337 [120] I ==> cg.C.x:3944 [120]
    kworker/21:1-724   [021]     0.007576: (+0)     sched_switch:         kworker/21:1:724 [120] I ==> cg.C.x:3928 [120]
    kworker/27:0-181   [027]     0.007576: (+0)     sched_switch:         kworker/27:0:181 [120] I ==> cg.C.x:3931 [120]
          cg.C.x-3930  [025]     0.007576: (+0)     sched_switch:         cg.C.x:3930 [120] R ==> kworker/25:1:710 [120]
    kworker/58:1-548   [058]     0.007577: (+1)     sched_switch:         kworker/58:1:548 [120] I ==> cg.C.x:3915 [120]
    kworker/46:1-735   [046]     0.007577: (+0)     sched_switch:         kworker/46:1:735 [120] I ==> cg.C.x:3909 [120]
    kworker/56:1-650   [056]     0.007577: (+0)     sched_switch:         kworker/56:1:650 [120] I ==> cg.C.x:3914 [120]
    kworker/34:0-2871  [034]     0.007577: (+0)     sched_switch:         kworker/34:0:2871 [120] I ==> cg.C.x:3903 [120]
    kworker/54:1-546   [054]     0.007577: (+0)     sched_switch:         kworker/54:1:546 [120] I ==> cg.C.x:3913 [120]
    kworker/11:1-719   [011]     0.007577: (+0)     sched_switch:         kworker/11:1:719 [120] I ==> cg.C.x:3923 [120]
    kworker/15:1-717   [015]     0.007578: (+1)     sched_switch:         kworker/15:1:717 [120] I ==> cg.C.x:3925 [120]
    kworker/19:1-723   [019]     0.007578: (+0)     sched_switch:         kworker/19:1:723 [120] I ==> cg.C.x:3927 [120]
    kworker/42:1-574   [042]     0.007578: (+0)     sched_switch:         kworker/42:1:574 [120] I ==> cg.C.x:3907 [120]
     kworker/1:2-470   [001]     0.007579: (+1)     sched_switch:         kworker/1:2:470 [120] I ==> cg.C.x:3918 [120]
     kworker/3:1-703   [003]     0.007579: (+0)     sched_switch:         kworker/3:1:703 [120] I ==> cg.C.x:3919 [120]
    kworker/29:0-193   [029]     0.007579: (+0)     sched_switch:         kworker/29:0:193 [120] I ==> cg.C.x:3932 [120]
    kworker/16:1-720   [016]     0.007580: (+1)     sched_switch:         kworker/16:1:720 [120] I ==> cg.C.x:3894 [120]
    kworker/30:0-199   [030]     0.007580: (+0)     sched_switch:         kworker/30:0:199 [120] I ==> cg.C.x:3901 [120]
    kworker/20:1-732   [020]     0.007581: (+1)     sched_switch:         kworker/20:1:732 [120] I ==> cg.C.x:3896 [120]
    kworker/12:0-3532  [012]     0.007581: (+0)     sched_switch:         kworker/12:0:3532 [120] I ==> cg.C.x:3892 [120]
    kworker/28:1-547   [028]     0.007581: (+0)     sched_switch:         kworker/28:1:547 [120] I ==> cg.C.x:3900 [120]
    kworker/18:1-721   [018]     0.007581: (+0)     sched_switch:         kworker/18:1:721 [120] I ==> cg.C.x:3895 [120]
     kworker/6:2-3607  [006]     0.007581: (+0)     sched_switch:         kworker/6:2:3607 [120] I ==> cg.C.x:3889 [120]
     kworker/8:1-725   [008]     0.007581: (+0)     sched_switch:         kworker/8:1:725 [120] I ==> cg.C.x:3890 [120]
    kworker/25:1-710   [025]     0.007584: (+3)     sched_switch:         kworker/25:1:710 [120] I ==> cg.C.x:3930 [120]
    kworker/13:1-708   [013]     0.007587: (+3)     sched_switch:         kworker/13:1:708 [120] I ==> cg.C.x:3924 [120]
          cg.C.x-3902  [032]     0.011333: (+3746)  sched_waking:         comm=tmux: server pid=2052 prio=120 target_cpu=032
          cg.C.x-3902  [032]     0.011342: (+9)     sched_wakeup:         tmux: server:2052 [120] CPU:032
          cg.C.x-3902  [032]     0.011344: (+2)     sched_switch:         cg.C.x:3902 [120] R ==> tmux: server:2052 [120]
    tmux: server-2052  [032]     0.011360: (+16)    sched_switch:         tmux: server:2052 [120] S ==> cg.C.x:3902 [120]
          cg.C.x-3946  [057]     0.011546: (+186)   sched_waking:         comm=rcu_preempt pid=17 prio=120 target_cpu=057
          cg.C.x-3943  [051]     0.011549: (+3)     sched_switch:         cg.C.x:3943 [120] R ==> kworker/51:1:488 [120]
          cg.C.x-3946  [057]     0.011552: (+3)     sched_wakeup:         rcu_preempt:17 [120] CPU:057
          cg.C.x-3946  [057]     0.011554: (+2)     sched_switch:         cg.C.x:3946 [120] R ==> rcu_preempt:17 [120]
    kworker/51:1-488   [051]     0.011554: (+0)     sched_switch:         kworker/51:1:488 [120] I ==> cg.C.x:3943 [120]
     rcu_preempt-17    [057]     0.011562: (+8)     sched_switch:         rcu_preempt:17 [120] I ==> cg.C.x:3946 [120]
          cg.C.x-3902  [032]     0.013406: (+1844)  sched_waking:         comm=tmux: server pid=2052 prio=120 target_cpu=032
          cg.C.x-3902  [032]     0.013410: (+4)     sched_wakeup:         tmux: server:2052 [120] CPU:032
          cg.C.x-3902  [032]     0.015547: (+2137)  sched_switch:         cg.C.x:3902 [120] R ==> tmux: server:2052 [120]
          cg.C.x-3887  [002]     0.015547: (+0)     bprint:               change_prot_numa: NUMAB SCAN vma[start:0x55b61ddc2000, end:0x55b61ddc3000, from:0x55b61ddc2000, to:0x55b61ddc3000, size:4 KB]
    tmux: server-2052  [032]     0.015565: (+18)    sched_switch:         tmux: server:2052 [120] S ==> cg.C.x:3902 [120]
          cg.C.x-3887  [002]     0.015576: (+11)    bprint:               change_prot_numa: NUMAB SCAN vma[start:0x55b61ddc3000, end:0x55b61ddc4000, from:0x55b61ddc3000, to:0x55b61ddc4000, size:4 KB]
          cg.C.x-3903  [034]     0.015588: (+12)    bprint:               __handle_mm_fault: NUMAB MEM ACCESS process[nid:0, cpu:34, pid:3903], folio[virt:0x55b61ddc3344, phys:0x184f1e000, pfn:0x184f1e, nid:0, npages:1]
          cg.C.x-3887  [002]     0.015589: (+1)     bprint:               change_prot_numa: NUMAB SCAN vma[start:0x55b61fdb5000, end:0x55b61fdd6000, from:0x55b61fdb5000, to:0x55b61fdd6000, size:132 KB]
          cg.C.x-3887  [002]     0.015611: (+22)    bprint:               change_prot_numa: NUMAB SCAN vma[start:0x7f8e1ac01000, end:0x7f8e1b401000, from:0x7f8e1ac01000, to:0x7f8e1b401000, size:8192 KB]
          cg.C.x-3888  [004]     0.015611: (+0)     bprint:               __handle_mm_fault: NUMAB MEM ACCESS process[nid:0, cpu:4, pid:3888], folio[virt:0x55b61fdc0504, phys:0x1149d4000, pfn:0x1149d4, nid:0, npages:1]
          cg.C.x-3887  [002]     0.015616: (+5)     bprint:               change_prot_numa: NUMAB SCAN vma[start:0x7f8e1b601000, end:0x7f8e1be01000, from:0x7f8e1b601000, to:0x7f8e1be01000, size:8192 KB]
          cg.C.x-3887  [002]     0.015621: (+5)     bprint:               change_prot_numa: NUMAB SCAN vma[start:0x7f8e1c001000, end:0x7f8e1c801000, from:0x7f8e1c001000, to:0x7f8e1c801000, size:8192 KB]
          cg.C.x-3887  [002]     0.015626: (+5)     bprint:               change_prot_numa: NUMAB SCAN vma[start:0x7f8e1ca01000, end:0x7f8e1d201000, from:0x7f8e1ca01000, to:0x7f8e1d201000, size:8192 KB]
          cg.C.x-3887  [002]     0.015643: (+17)    bprint:               change_prot_numa: NUMAB SCAN vma[start:0x7f8e1d401000, end:0x7f8e1dc01000, from:0x7f8e1d401000, to:0x7f8e1dc01000, size:8192 KB]
          cg.C.x-3946  [057]     0.015644: (+1)     bprint:               __handle_mm_fault: NUMAB MEM ACCESS process[nid:1, cpu:57, pid:3946], folio[virt:0x7f8e1d2002b0, phys:0x3f194a000, pfn:0x3f194a, nid:0, npages:1]
          cg.C.x-3946  [057]     0.015646: (+2)     bprint:               __handle_mm_fault: NUMAB TRY MEM MIGR process[nid:1, cpu:57, pid:3946], folio[virt:0x7f8e1d2002b0, phys:0x3f194a000, nid:0], target_nid:1
          cg.C.x-3887  [002]     0.015661: (+15)    bprint:               change_prot_numa: NUMAB SCAN vma[start:0x7f8e1de01000, end:0x7f8e1e601000, from:0x7f8e1de01000, to:0x7f8e1e601000, size:8192 KB]
          cg.C.x-3945  [055]     0.015662: (+1)     bprint:               __handle_mm_fault: NUMAB MEM ACCESS process[nid:1, cpu:55, pid:3945], folio[virt:0x7f8e1dc002b8, phys:0x3f1948000, pfn:0x3f1948, nid:0, npages:1]
          cg.C.x-3945  [055]     0.015663: (+1)     bprint:               __handle_mm_fault: NUMAB TRY MEM MIGR process[nid:1, cpu:55, pid:3945], folio[virt:0x7f8e1dc002b8, phys:0x3f1948000, nid:0], target_nid:1
          cg.C.x-3946  [057]     0.015680: (+17)    bprint:               __handle_mm_fault: NUMAB COMPLETED MEM MIGR process[nid:1, cpu:57, pid:3946], old[phys:0x3f194a000, nid:0, npages:1], new[phys:0x1860584000, nid:1, npages:1]
          cg.C.x-3945  [055]     0.015691: (+11)    bprint:               __handle_mm_fault: NUMAB COMPLETED MEM MIGR process[nid:1, cpu:55, pid:3945], old[phys:0x3f1948000, nid:0, npages:1], new[phys:0x1850d0e000, nid:1, npages:1]
          cg.C.x-3945  [055]     0.015699: (+8)     bprint:               __handle_mm_fault: NUMAB MEM ACCESS process[nid:1, cpu:55, pid:3945], folio[virt:0x7f8e1dbff698, phys:0x1861af9000, pfn:0x1861af9, nid:1, npages:1]
          cg.C.x-3887  [002]     0.015713: (+14)    bprint:               change_prot_numa: NUMAB SCAN vma[start:0x7f8e1e801000, end:0x7f8e1f001000, from:0x7f8e1e801000, to:0x7f8e1f001000, size:8192 KB]
          cg.C.x-3944  [053]     0.015714: (+1)     bprint:               __handle_mm_fault: NUMAB MEM ACCESS process[nid:1, cpu:53, pid:3944], folio[virt:0x7f8e1e6002b8, phys:0x15544e000, pfn:0x15544e, nid:0, npages:1]
          cg.C.x-3944  [053]     0.015715: (+1)     bprint:               __handle_mm_fault: NUMAB TRY MEM MIGR process[nid:1, cpu:53, pid:3944], folio[virt:0x7f8e1e6002b8, phys:0x15544e000, nid:0], target_nid:1
          cg.C.x-3887  [002]     0.015729: (+14)    bprint:               change_prot_numa: NUMAB SCAN vma[start:0x7f8e1f201000, end:0x7f8e1fa01000, from:0x7f8e1f201000, to:0x7f8e1fa01000, size:8192 KB]
          cg.C.x-3943  [051]     0.015731: (+2)     bprint:               __handle_mm_fault: NUMAB MEM ACCESS process[nid:1, cpu:51, pid:3943], folio[virt:0x7f8e1f0002b0, phys:0x182a88000, pfn:0x182a88, nid:0, npages:1]
          cg.C.x-3943  [051]     0.015732: (+1)     bprint:               __handle_mm_fault: NUMAB TRY MEM MIGR process[nid:1, cpu:51, pid:3943], folio[virt:0x7f8e1f0002b0, phys:0x182a88000, nid:0], target_nid:1
          cg.C.x-3944  [053]     0.015749: (+17)    bprint:               __handle_mm_fault: NUMAB COMPLETED MEM MIGR process[nid:1, cpu:53, pid:3944], old[phys:0x15544e000, nid:0, npages:1], new[phys:0x1852aeb000, nid:1, npages:1]
          cg.C.x-3943  [051]     0.015765: (+16)    bprint:               __handle_mm_fault: NUMAB COMPLETED MEM MIGR process[nid:1, cpu:51, pid:3943], old[phys:0x182a88000, nid:0, npages:1], new[phys:0x1863198000, nid:1, npages:1]
          cg.C.x-3887  [002]     0.015777: (+12)    bprint:               change_prot_numa: NUMAB SCAN vma[start:0x7f8e1fc01000, end:0x7f8e20401000, from:0x7f8e1fc01000, to:0x7f8e20401000, size:8192 KB]
          cg.C.x-3942  [049]     0.015778: (+1)     bprint:               __handle_mm_fault: NUMAB MEM ACCESS process[nid:1, cpu:49, pid:3942], folio[virt:0x7f8e1fa002b0, phys:0x1e16cc000, pfn:0x1e16cc, nid:0, npages:1]
          cg.C.x-3942  [049]     0.015779: (+1)     bprint:               __handle_mm_fault: NUMAB TRY MEM MIGR process[nid:1, cpu:49, pid:3942], folio[virt:0x7f8e1fa002b0, phys:0x1e16cc000, nid:0], target_nid:1
          cg.C.x-3887  [002]     0.015795: (+16)    bprint:               change_prot_numa: NUMAB SCAN vma[start:0x7f8e20601000, end:0x7f8e20e01000, from:0x7f8e20601000, to:0x7f8e20e01000, size:8192 KB]
          cg.C.x-3941  [047]     0.015796: (+1)     bprint:               __handle_mm_fault: NUMAB MEM ACCESS process[nid:1, cpu:47, pid:3941], folio[virt:0x7f8e204002b8, phys:0x123584000, pfn:0x123584, nid:0, npages:1]
          cg.C.x-3941  [047]     0.015798: (+2)     bprint:               __handle_mm_fault: NUMAB TRY MEM MIGR process[nid:1, cpu:47, pid:3941], folio[virt:0x7f8e204002b8, phys:0x123584000, nid:0], target_nid:1
          cg.C.x-3942  [049]     0.015811: (+13)    bprint:               __handle_mm_fault: NUMAB COMPLETED MEM MIGR process[nid:1, cpu:49, pid:3942], old[phys:0x1e16cc000, nid:0, npages:1], new[phys:0x184d1a9000, nid:1, npages:1]
          cg.C.x-3941  [047]     0.015825: (+14)    bprint:               __handle_mm_fault: NUMAB COMPLETED MEM MIGR process[nid:1, cpu:47, pid:3941], old[phys:0x123584000, nid:0, npages:1], new[phys:0x1851710000, nid:1, npages:1]
          cg.C.x-3887  [002]     0.015850: (+25)    bprint:               change_prot_numa: NUMAB SCAN vma[start:0x7f8e21001000, end:0x7f8e21801000, from:0x7f8e21001000, to:0x7f8e21801000, size:8192 KB]
          cg.C.x-3940  [045]     0.015850: (+0)     bprint:               __handle_mm_fault: NUMAB MEM ACCESS process[nid:1, cpu:45, pid:3940], folio[virt:0x7f8e20e002b0, phys:0x1539d1000, pfn:0x1539d1, nid:0, npages:1]
          cg.C.x-3940  [045]     0.015852: (+2)     bprint:               __handle_mm_fault: NUMAB TRY MEM MIGR process[nid:1, cpu:45, pid:3940], folio[virt:0x7f8e20e002b0, phys:0x1539d1000, nid:0], target_nid:1
          cg.C.x-3887  [002]     0.015867: (+15)    bprint:               change_prot_numa: NUMAB SCAN vma[start:0x7f8e21a01000, end:0x7f8e22201000, from:0x7f8e21a01000, to:0x7f8e22201000, size:8192 KB]
          cg.C.x-3939  [043]     0.015868: (+1)     bprint:               __handle_mm_fault: NUMAB MEM ACCESS process[nid:1, cpu:43, pid:3939], folio[virt:0x7f8e218002b8, phys:0x2104bb000, pfn:0x2104bb, nid:0, npages:1]
          cg.C.x-3939  [043]     0.015869: (+1)     bprint:               __handle_mm_fault: NUMAB TRY MEM MIGR process[nid:1, cpu:43, pid:3939], folio[virt:0x7f8e218002b8, phys:0x2104bb000, nid:0], target_nid:1
          cg.C.x-3940  [045]     0.015887: (+18)    bprint:               __handle_mm_fault: NUMAB COMPLETED MEM MIGR process[nid:1, cpu:45, pid:3940], old[phys:0x1539d1000, nid:0, npages:1], new[phys:0x184eca0000, nid:1, npages:1]
          cg.C.x-3939  [043]     0.015902: (+15)    bprint:               __handle_mm_fault: NUMAB COMPLETED MEM MIGR process[nid:1, cpu:43, pid:3939], old[phys:0x2104bb000, nid:0, npages:1], new[phys:0x184d9fa000, nid:1, npages:1]
          cg.C.x-3938  [041]     0.015915: (+13)    bprint:               __handle_mm_fault: NUMAB MEM ACCESS process[nid:1, cpu:41, pid:3938], folio[virt:0x7f8e222002b0, phys:0x155da8000, pfn:0x155da8, nid:0, npages:1]
          cg.C.x-3887  [002]     0.015915: (+0)     bprint:               change_prot_numa: NUMAB SCAN vma[start:0x7f8e22401000, end:0x7f8e22c01000, from:0x7f8e22401000, to:0x7f8e22c01000, size:8192 KB]
          cg.C.x-3938  [041]     0.015917: (+2)     bprint:               __handle_mm_fault: NUMAB TRY MEM MIGR process[nid:1, cpu:41, pid:3938], folio[virt:0x7f8e222002b0, phys:0x155da8000, nid:0], target_nid:1
          cg.C.x-3887  [002]     0.015932: (+15)    bprint:               change_prot_numa: NUMAB SCAN vma[start:0x7f8e22e01000, end:0x7f8e23601000, from:0x7f8e22e01000, to:0x7f8e23601000, size:8192 KB]
          cg.C.x-3937  [039]     0.015933: (+1)     bprint:               __handle_mm_fault: NUMAB MEM ACCESS process[nid:1, cpu:39, pid:3937], folio[virt:0x7f8e22c002b0, phys:0x156451000, pfn:0x156451, nid:0, npages:1]
          cg.C.x-3937  [039]     0.015935: (+2)     bprint:               __handle_mm_fault: NUMAB TRY MEM MIGR process[nid:1, cpu:39, pid:3937], folio[virt:0x7f8e22c002b0, phys:0x156451000, nid:0], target_nid:1
          cg.C.x-3938  [041]     0.015950: (+15)    bprint:               __handle_mm_fault: NUMAB COMPLETED MEM MIGR process[nid:1, cpu:41, pid:3938], old[phys:0x155da8000, nid:0, npages:1], new[phys:0x1856381000, nid:1, npages:1]
          cg.C.x-3937  [039]     0.015963: (+13)    bprint:               __handle_mm_fault: NUMAB COMPLETED MEM MIGR process[nid:1, cpu:39, pid:3937], old[phys:0x156451000, nid:0, npages:1], new[phys:0x1862bae000, nid:1, npages:1]
          cg.C.x-3887  [002]     0.015985: (+22)    bprint:               change_prot_numa: NUMAB SCAN vma[start:0x7f8e23801000, end:0x7f8e24001000, from:0x7f8e23801000, to:0x7f8e24001000, size:8192 KB]
          cg.C.x-3936  [037]     0.015986: (+1)     bprint:               __handle_mm_fault: NUMAB MEM ACCESS process[nid:1, cpu:37, pid:3936], folio[virt:0x7f8e236002b0, phys:0x18177d000, pfn:0x18177d, nid:0, npages:1]
          cg.C.x-3936  [037]     0.015987: (+1)     bprint:               __handle_mm_fault: NUMAB TRY MEM MIGR process[nid:1, cpu:37, pid:3936], folio[virt:0x7f8e236002b0, phys:0x18177d000, nid:0], target_nid:1
          cg.C.x-3887  [002]     0.016002: (+15)    bprint:               change_prot_numa: NUMAB SCAN vma[start:0x7f8e24201000, end:0x7f8e24a01000, from:0x7f8e24201000, to:0x7f8e24a01000, size:8192 KB]
          cg.C.x-3935  [035]     0.016003: (+1)     bprint:               __handle_mm_fault: NUMAB MEM ACCESS process[nid:1, cpu:35, pid:3935], folio[virt:0x7f8e240002b0, phys:0x116be7000, pfn:0x116be7, nid:0, npages:1]
          cg.C.x-3935  [035]     0.016005: (+2)     bprint:               __handle_mm_fault: NUMAB TRY MEM MIGR process[nid:1, cpu:35, pid:3935], folio[virt:0x7f8e240002b0, phys:0x116be7000, nid:0], target_nid:1
          cg.C.x-3936  [037]     0.016022: (+17)    bprint:               __handle_mm_fault: NUMAB COMPLETED MEM MIGR process[nid:1, cpu:37, pid:3936], old[phys:0x18177d000, nid:0, npages:1], new[phys:0x184d1fa000, nid:1, npages:1]
          cg.C.x-3935  [035]     0.016037: (+15)    bprint:               __handle_mm_fault: NUMAB COMPLETED MEM MIGR process[nid:1, cpu:35, pid:3935], old[phys:0x116be7000, nid:0, npages:1], new[phys:0x1855afa000, nid:1, npages:1]
          cg.C.x-3887  [002]     0.016060: (+23)    bprint:               change_prot_numa: NUMAB SCAN vma[start:0x7f8e24c01000, end:0x7f8e25401000, from:0x7f8e24c01000, to:0x7f8e25401000, size:8192 KB]
          cg.C.x-3934  [033]     0.016061: (+1)     bprint:               __handle_mm_fault: NUMAB MEM ACCESS process[nid:1, cpu:33, pid:3934], folio[virt:0x7f8e24a002b0, phys:0x1e07c5000, pfn:0x1e07c5, nid:0, npages:1]
          cg.C.x-3934  [033]     0.016063: (+2)     bprint:               __handle_mm_fault: NUMAB TRY MEM MIGR process[nid:1, cpu:33, pid:3934], folio[virt:0x7f8e24a002b0, phys:0x1e07c5000, nid:0], target_nid:1
          cg.C.x-3887  [002]     0.016078: (+15)    bprint:               change_prot_numa: NUMAB SCAN vma[start:0x7f8e25601000, end:0x7f8e25e01000, from:0x7f8e25601000, to:0x7f8e25e01000, size:8192 KB]
          cg.C.x-3933  [031]     0.016078: (+0)     bprint:               __handle_mm_fault: NUMAB MEM ACCESS process[nid:1, cpu:31, pid:3933], folio[virt:0x7f8e254002b0, phys:0x1e11b8000, pfn:0x1e11b8, nid:0, npages:1]
          cg.C.x-3933  [031]     0.016080: (+2)     bprint:               __handle_mm_fault: NUMAB TRY MEM MIGR process[nid:1, cpu:31, pid:3933], folio[virt:0x7f8e254002b0, phys:0x1e11b8000, nid:0], target_nid:1
          cg.C.x-3934  [033]     0.016098: (+18)    bprint:               __handle_mm_fault: NUMAB COMPLETED MEM MIGR process[nid:1, cpu:33, pid:3934], old[phys:0x1e07c5000, nid:0, npages:1], new[phys:0x1860526000, nid:1, npages:1]
          cg.C.x-3933  [031]     0.016114: (+16)    bprint:               __handle_mm_fault: NUMAB COMPLETED MEM MIGR process[nid:1, cpu:31, pid:3933], old[phys:0x1e11b8000, nid:0, npages:1], new[phys:0x186313f000, nid:1, npages:1]
          cg.C.x-3887  [002]     0.016125: (+11)    bprint:               change_prot_numa: NUMAB SCAN vma[start:0x7f8e26001000, end:0x7f8e26801000, from:0x7f8e26001000, to:0x7f8e26801000, size:8192 KB]
          cg.C.x-3932  [029]     0.016126: (+1)     bprint:               __handle_mm_fault: NUMAB MEM ACCESS process[nid:1, cpu:29, pid:3932], folio[virt:0x7f8e25e002b8, phys:0x155b0d000, pfn:0x155b0d, nid:0, npages:1]
          cg.C.x-3932  [029]     0.016128: (+2)     bprint:               __handle_mm_fault: NUMAB TRY MEM MIGR process[nid:1, cpu:29, pid:3932], folio[virt:0x7f8e25e002b8, phys:0x155b0d000, nid:0], target_nid:1
          cg.C.x-3887  [002]     0.016142: (+14)    bprint:               change_prot_numa: NUMAB SCAN vma[start:0x7f8e26a01000, end:0x7f8e27201000, from:0x7f8e26a01000, to:0x7f8e27201000, size:8192 KB]
          cg.C.x-3931  [027]     0.016143: (+1)     bprint:               __handle_mm_fault: NUMAB MEM ACCESS process[nid:1, cpu:27, pid:3931], folio[virt:0x7f8e268002b0, phys:0x15442b000, pfn:0x15442b, nid:0, npages:1]
          cg.C.x-3931  [027]     0.016145: (+2)     bprint:               __handle_mm_fault: NUMAB TRY MEM MIGR process[nid:1, cpu:27, pid:3931], folio[virt:0x7f8e268002b0, phys:0x15442b000, nid:0], target_nid:1
          cg.C.x-3932  [029]     0.016164: (+19)    bprint:               __handle_mm_fault: NUMAB COMPLETED MEM MIGR process[nid:1, cpu:29, pid:3932], old[phys:0x155b0d000, nid:0, npages:1], new[phys:0x184d837000, nid:1, npages:1]
          cg.C.x-3931  [027]     0.016180: (+16)    bprint:               __handle_mm_fault: NUMAB COMPLETED MEM MIGR process[nid:1, cpu:27, pid:3931], old[phys:0x15442b000, nid:0, npages:1], new[phys:0x1850f17000, nid:1, npages:1]
          cg.C.x-3887  [002]     0.016198: (+18)    bprint:               change_prot_numa: NUMAB SCAN vma[start:0x7f8e27401000, end:0x7f8e27c01000, from:0x7f8e27401000, to:0x7f8e27c01000, size:8192 KB]
          cg.C.x-3930  [025]     0.016198: (+0)     bprint:               __handle_mm_fault: NUMAB MEM ACCESS process[nid:1, cpu:25, pid:3930], folio[virt:0x7f8e272002b0, phys:0x114876000, pfn:0x114876, nid:0, npages:1]
          cg.C.x-3930  [025]     0.016200: (+2)     bprint:               __handle_mm_fault: NUMAB TRY MEM MIGR process[nid:1, cpu:25, pid:3930], folio[virt:0x7f8e272002b0, phys:0x114876000, nid:0], target_nid:1
          cg.C.x-3887  [002]     0.016215: (+15)    bprint:               change_prot_numa: NUMAB SCAN vma[start:0x7f8e27e01000, end:0x7f8e28601000, from:0x7f8e27e01000, to:0x7f8e28601000, size:8192 KB]
          cg.C.x-3929  [023]     0.016215: (+0)     bprint:               __handle_mm_fault: NUMAB MEM ACCESS process[nid:1, cpu:23, pid:3929], folio[virt:0x7f8e27c002b0, phys:0x12355d000, pfn:0x12355d, nid:0, npages:1]
          cg.C.x-3929  [023]     0.016216: (+1)     bprint:               __handle_mm_fault: NUMAB TRY MEM MIGR process[nid:1, cpu:23, pid:3929], folio[virt:0x7f8e27c002b0, phys:0x12355d000, nid:0], target_nid:1
          cg.C.x-3930  [025]     0.016230: (+14)    bprint:               __handle_mm_fault: NUMAB COMPLETED MEM MIGR process[nid:1, cpu:25, pid:3930], old[phys:0x114876000, nid:0, npages:1], new[phys:0x1863043000, nid:1, npages:1]
          cg.C.x-3929  [023]     0.016248: (+18)    bprint:               __handle_mm_fault: NUMAB COMPLETED MEM MIGR process[nid:1, cpu:23, pid:3929], old[phys:0x12355d000, nid:0, npages:1], new[phys:0x1860d9c000, nid:1, npages:1]
          cg.C.x-3887  [002]     0.016264: (+16)    bprint:               change_prot_numa: NUMAB SCAN vma[start:0x7f8e28801000, end:0x7f8e29001000, from:0x7f8e28801000, to:0x7f8e29001000, size:8192 KB]
          cg.C.x-3928  [021]     0.016265: (+1)     bprint:               __handle_mm_fault: NUMAB MEM ACCESS process[nid:1, cpu:21, pid:3928], folio[virt:0x7f8e286002b0, phys:0x184705000, pfn:0x184705, nid:0, npages:1]
          cg.C.x-3928  [021]     0.016266: (+1)     bprint:               __handle_mm_fault: NUMAB TRY MEM MIGR process[nid:1, cpu:21, pid:3928], folio[virt:0x7f8e286002b0, phys:0x184705000, nid:0], target_nid:1
          cg.C.x-3887  [002]     0.016281: (+15)    bprint:               change_prot_numa: NUMAB SCAN vma[start:0x7f8e29201000, end:0x7f8e29a01000, from:0x7f8e29201000, to:0x7f8e29a01000, size:8192 KB]
          cg.C.x-3927  [019]     0.016281: (+0)     bprint:               __handle_mm_fault: NUMAB MEM ACCESS process[nid:1, cpu:19, pid:3927], folio[virt:0x7f8e290002b0, phys:0x1562ff000, pfn:0x1562ff, nid:0, npages:1]
          cg.C.x-3927  [019]     0.016283: (+2)     bprint:               __handle_mm_fault: NUMAB TRY MEM MIGR process[nid:1, cpu:19, pid:3927], folio[virt:0x7f8e290002b0, phys:0x1562ff000, nid:0], target_nid:1
          cg.C.x-3928  [021]     0.016296: (+13)    bprint:               __handle_mm_fault: NUMAB COMPLETED MEM MIGR process[nid:1, cpu:21, pid:3928], old[phys:0x184705000, nid:0, npages:1], new[phys:0x185281f000, nid:1, npages:1]
          cg.C.x-3927  [019]     0.016317: (+21)    bprint:               __handle_mm_fault: NUMAB COMPLETED MEM MIGR process[nid:1, cpu:19, pid:3927], old[phys:0x1562ff000, nid:0, npages:1], new[phys:0x1853fd6000, nid:1, npages:1]
          cg.C.x-3887  [002]     0.016328: (+11)    bprint:               change_prot_numa: NUMAB SCAN vma[start:0x7f8e29c01000, end:0x7f8e2a401000, from:0x7f8e29c01000, to:0x7f8e2a401000, size:8192 KB]
          cg.C.x-3926  [017]     0.016329: (+1)     bprint:               __handle_mm_fault: NUMAB MEM ACCESS process[nid:1, cpu:17, pid:3926], folio[virt:0x7f8e29a002b0, phys:0x18445d000, pfn:0x18445d, nid:0, npages:1]
          cg.C.x-3926  [017]     0.016330: (+1)     bprint:               __handle_mm_fault: NUMAB TRY MEM MIGR process[nid:1, cpu:17, pid:3926], folio[virt:0x7f8e29a002b0, phys:0x18445d000, nid:0], target_nid:1
          cg.C.x-3887  [002]     0.016345: (+15)    bprint:               change_prot_numa: NUMAB SCAN vma[start:0x7f8e2a601000, end:0x7f8e2ae01000, from:0x7f8e2a601000, to:0x7f8e2ae01000, size:8192 KB]
          cg.C.x-3925  [015]     0.016345: (+0)     bprint:               __handle_mm_fault: NUMAB MEM ACCESS process[nid:1, cpu:15, pid:3925], folio[virt:0x7f8e2a4002b8, phys:0x114866000, pfn:0x114866, nid:0, npages:1]
          cg.C.x-3925  [015]     0.016347: (+2)     bprint:               __handle_mm_fault: NUMAB TRY MEM MIGR process[nid:1, cpu:15, pid:3925], folio[virt:0x7f8e2a4002b8, phys:0x114866000, nid:0], target_nid:1
          cg.C.x-3926  [017]     0.016361: (+14)    bprint:               __handle_mm_fault: NUMAB COMPLETED MEM MIGR process[nid:1, cpu:17, pid:3926], old[phys:0x18445d000, nid:0, npages:1], new[phys:0x1863e19000, nid:1, npages:1]
          cg.C.x-3925  [015]     0.016372: (+11)    bprint:               __handle_mm_fault: NUMAB COMPLETED MEM MIGR process[nid:1, cpu:15, pid:3925], old[phys:0x114866000, nid:0, npages:1], new[phys:0x18630bf000, nid:1, npages:1]
          cg.C.x-3887  [002]     0.016397: (+25)    bprint:               change_prot_numa: NUMAB SCAN vma[start:0x7f8e2b001000, end:0x7f8e2b801000, from:0x7f8e2b001000, to:0x7f8e2b801000, size:8192 KB]
          cg.C.x-3924  [013]     0.016398: (+1)     bprint:               __handle_mm_fault: NUMAB MEM ACCESS process[nid:1, cpu:13, pid:3924], folio[virt:0x7f8e2ae002b0, phys:0x1e1461000, pfn:0x1e1461, nid:0, npages:1]
          cg.C.x-3924  [013]     0.016399: (+1)     bprint:               __handle_mm_fault: NUMAB TRY MEM MIGR process[nid:1, cpu:13, pid:3924], folio[virt:0x7f8e2ae002b0, phys:0x1e1461000, nid:0], target_nid:1
          cg.C.x-3887  [002]     0.016414: (+15)    bprint:               change_prot_numa: NUMAB SCAN vma[start:0x7f8e2ba01000, end:0x7f8e2c201000, from:0x7f8e2ba01000, to:0x7f8e2c201000, size:8192 KB]
          cg.C.x-3923  [011]     0.016415: (+1)     bprint:               __handle_mm_fault: NUMAB MEM ACCESS process[nid:1, cpu:11, pid:3923], folio[virt:0x7f8e2b8002b8, phys:0x116ca0000, pfn:0x116ca0, nid:0, npages:1]
          cg.C.x-3923  [011]     0.016416: (+1)     bprint:               __handle_mm_fault: NUMAB TRY MEM MIGR process[nid:1, cpu:11, pid:3923], folio[virt:0x7f8e2b8002b8, phys:0x116ca0000, nid:0], target_nid:1
          cg.C.x-3924  [013]     0.016430: (+14)    bprint:               __handle_mm_fault: NUMAB COMPLETED MEM MIGR process[nid:1, cpu:13, pid:3924], old[phys:0x1e1461000, nid:0, npages:1], new[phys:0x185655d000, nid:1, npages:1]
          cg.C.x-3923  [011]     0.016441: (+11)    bprint:               __handle_mm_fault: NUMAB COMPLETED MEM MIGR process[nid:1, cpu:11, pid:3923], old[phys:0x116ca0000, nid:0, npages:1], new[phys:0x18638ce000, nid:1, npages:1]
          cg.C.x-3887  [002]     0.016466: (+25)    bprint:               change_prot_numa: NUMAB SCAN vma[start:0x7f8e2c401000, end:0x7f8e2cc01000, from:0x7f8e2c401000, to:0x7f8e2cc01000, size:8192 KB]
          cg.C.x-3922  [009]     0.016466: (+0)     bprint:               __handle_mm_fault: NUMAB MEM ACCESS process[nid:1, cpu:9, pid:3922], folio[virt:0x7f8e2c2002b0, phys:0x183301000, pfn:0x183301, nid:0, npages:1]
          cg.C.x-3922  [009]     0.016468: (+2)     bprint:               __handle_mm_fault: NUMAB TRY MEM MIGR process[nid:1, cpu:9, pid:3922], folio[virt:0x7f8e2c2002b0, phys:0x183301000, nid:0], target_nid:1
          cg.C.x-3887  [002]     0.016483: (+15)    bprint:               change_prot_numa: NUMAB SCAN vma[start:0x7f8e2ce01000, end:0x7f8e2d601000, from:0x7f8e2ce01000, to:0x7f8e2d601000, size:8192 KB]
          cg.C.x-3921  [007]     0.016483: (+0)     bprint:               __handle_mm_fault: NUMAB MEM ACCESS process[nid:1, cpu:7, pid:3921], folio[virt:0x7f8e2cc002b0, phys:0x1774c83000, pfn:0x1774c83, nid:0, npages:1]
          cg.C.x-3921  [007]     0.016484: (+1)     bprint:               __handle_mm_fault: NUMAB TRY MEM MIGR process[nid:1, cpu:7, pid:3921], folio[virt:0x7f8e2cc002b0, phys:0x1774c83000, nid:0], target_nid:1
          cg.C.x-3922  [009]     0.016498: (+14)    bprint:               __handle_mm_fault: NUMAB COMPLETED MEM MIGR process[nid:1, cpu:9, pid:3922], old[phys:0x183301000, nid:0, npages:1], new[phys:0x1860aa6000, nid:1, npages:1]
          cg.C.x-3921  [007]     0.016510: (+12)    bprint:               __handle_mm_fault: NUMAB COMPLETED MEM MIGR process[nid:1, cpu:7, pid:3921], old[phys:0x1774c83000, nid:0, npages:1], new[phys:0x1860483000, nid:1, npages:1]
          cg.C.x-3887  [002]     0.016535: (+25)    bprint:               change_prot_numa: NUMAB SCAN vma[start:0x7f8e2d801000, end:0x7f8e2e001000, from:0x7f8e2d801000, to:0x7f8e2e001000, size:8192 KB]
          cg.C.x-3920  [005]     0.016535: (+0)     bprint:               __handle_mm_fault: NUMAB MEM ACCESS process[nid:1, cpu:5, pid:3920], folio[virt:0x7f8e2d6002b0, phys:0x116c9a000, pfn:0x116c9a, nid:0, npages:1]
          cg.C.x-3920  [005]     0.016537: (+2)     bprint:               __handle_mm_fault: NUMAB TRY MEM MIGR process[nid:1, cpu:5, pid:3920], folio[virt:0x7f8e2d6002b0, phys:0x116c9a000, nid:0], target_nid:1
          cg.C.x-3887  [002]     0.016552: (+15)    bprint:               change_prot_numa: NUMAB SCAN vma[start:0x7f8e2e201000, end:0x7f8e2ea01000, from:0x7f8e2e201000, to:0x7f8e2ea01000, size:8192 KB]
          cg.C.x-3919  [003]     0.016552: (+0)     bprint:               __handle_mm_fault: NUMAB MEM ACCESS process[nid:1, cpu:3, pid:3919], folio[virt:0x7f8e2e0002b0, phys:0x155e00000, pfn:0x155e00, nid:0, npages:1]
          cg.C.x-3919  [003]     0.016553: (+1)     bprint:               __handle_mm_fault: NUMAB TRY MEM MIGR process[nid:1, cpu:3, pid:3919], folio[virt:0x7f8e2e0002b0, phys:0x155e00000, nid:0], target_nid:1
          cg.C.x-3920  [005]     0.016568: (+15)    bprint:               __handle_mm_fault: NUMAB COMPLETED MEM MIGR process[nid:1, cpu:5, pid:3920], old[phys:0x116c9a000, nid:0, npages:1], new[phys:0x18630ea000, nid:1, npages:1]
          cg.C.x-3919  [003]     0.016578: (+10)    bprint:               __handle_mm_fault: NUMAB COMPLETED MEM MIGR process[nid:1, cpu:3, pid:3919], old[phys:0x155e00000, nid:0, npages:1], new[phys:0x184ec7a000, nid:1, npages:1]
          cg.C.x-3887  [002]     0.016605: (+27)    bprint:               change_prot_numa: NUMAB SCAN vma[start:0x7f8e2ec01000, end:0x7f8e2f401000, from:0x7f8e2ec01000, to:0x7f8e2f401000, size:8192 KB]
          cg.C.x-3918  [001]     0.016606: (+1)     bprint:               __handle_mm_fault: NUMAB MEM ACCESS process[nid:1, cpu:1, pid:3918], folio[virt:0x7f8e2ea002b0, phys:0x1557af000, pfn:0x1557af, nid:0, npages:1]
          cg.C.x-3918  [001]     0.016607: (+1)     bprint:               __handle_mm_fault: NUMAB TRY MEM MIGR process[nid:1, cpu:1, pid:3918], folio[virt:0x7f8e2ea002b0, phys:0x1557af000, nid:0], target_nid:1
          cg.C.x-3887  [002]     0.016622: (+15)    bprint:               change_prot_numa: NUMAB SCAN vma[start:0x7f8e2f601000, end:0x7f8e2fe01000, from:0x7f8e2f601000, to:0x7f8e2fe01000, size:8192 KB]
          cg.C.x-3917  [062]     0.016622: (+0)     bprint:               __handle_mm_fault: NUMAB MEM ACCESS process[nid:0, cpu:62, pid:3917], folio[virt:0x7f8e2f4002b0, phys:0x1e123e000, pfn:0x1e123e, nid:0, npages:1]
          cg.C.x-3918  [001]     0.016639: (+17)    bprint:               __handle_mm_fault: NUMAB COMPLETED MEM MIGR process[nid:1, cpu:1, pid:3918], old[phys:0x1557af000, nid:0, npages:1], new[phys:0x185609d000, nid:1, npages:1]
          cg.C.x-3887  [002]     0.016660: (+21)    bprint:               change_prot_numa: NUMAB SCAN vma[start:0x7f8e30001000, end:0x7f8e30801000, from:0x7f8e30001000, to:0x7f8e30801000, size:8192 KB]
          cg.C.x-3916  [060]     0.016660: (+0)     bprint:               __handle_mm_fault: NUMAB MEM ACCESS process[nid:0, cpu:60, pid:3916], folio[virt:0x7f8e2fe002b8, phys:0x114912000, pfn:0x114912, nid:0, npages:1]
          cg.C.x-3887  [002]     0.016676: (+16)    bprint:               change_prot_numa: NUMAB SCAN vma[start:0x7f8e30a01000, end:0x7f8e31201000, from:0x7f8e30a01000, to:0x7f8e31201000, size:8192 KB]
          cg.C.x-3915  [058]     0.016677: (+1)     bprint:               __handle_mm_fault: NUMAB MEM ACCESS process[nid:0, cpu:58, pid:3915], folio[virt:0x7f8e308002a8, phys:0x155b97000, pfn:0x155b97, nid:0, npages:1]
          cg.C.x-3887  [002]     0.016692: (+15)    bprint:               change_prot_numa: NUMAB SCAN vma[start:0x7f8e31401000, end:0x7f8e31c01000, from:0x7f8e31401000, to:0x7f8e31c01000, size:8192 KB]
          cg.C.x-3914  [056]     0.016693: (+1)     bprint:               __handle_mm_fault: NUMAB MEM ACCESS process[nid:0, cpu:56, pid:3914], folio[virt:0x7f8e312002b0, phys:0x1e1240000, pfn:0x1e1240, nid:0, npages:1]
          cg.C.x-3887  [002]     0.016709: (+16)    bprint:               change_prot_numa: NUMAB SCAN vma[start:0x7f8e31e01000, end:0x7f8e32601000, from:0x7f8e31e01000, to:0x7f8e32601000, size:8192 KB]
          cg.C.x-3913  [054]     0.016710: (+1)     bprint:               __handle_mm_fault: NUMAB MEM ACCESS process[nid:0, cpu:54, pid:3913], folio[virt:0x7f8e31c002b0, phys:0x18431f000, pfn:0x18431f, nid:0, npages:1]
          cg.C.x-3887  [002]     0.016726: (+16)    bprint:               change_prot_numa: NUMAB SCAN vma[start:0x7f8e32801000, end:0x7f8e33001000, from:0x7f8e32801000, to:0x7f8e33001000, size:8192 KB]
          cg.C.x-3912  [052]     0.016727: (+1)     bprint:               __handle_mm_fault: NUMAB MEM ACCESS process[nid:0, cpu:52, pid:3912], folio[virt:0x7f8e325ff700, phys:0x116df5000, pfn:0x116df5, nid:0, npages:1]
          cg.C.x-3912  [052]     0.016731: (+4)     bprint:               __handle_mm_fault: NUMAB MEM ACCESS process[nid:0, cpu:52, pid:3912], folio[virt:0x7f8e326002b0, phys:0x1b23c4000, pfn:0x1b23c4, nid:0, npages:1]
          cg.C.x-3911  [050]     0.016743: (+12)    bprint:               __handle_mm_fault: NUMAB MEM ACCESS process[nid:0, cpu:50, pid:3911], folio[virt:0x7f8e330002b0, phys:0x155cf1000, pfn:0x155cf1, nid:0, npages:1]
          cg.C.x-3887  [002]     0.016743: (+0)     bprint:               change_prot_numa: NUMAB SCAN vma[start:0x7f8e33201000, end:0x7f8e33a01000, from:0x7f8e33201000, to:0x7f8e33a01000, size:8192 KB]
          cg.C.x-3887  [002]     0.016760: (+17)    bprint:               change_prot_numa: NUMAB SCAN vma[start:0x7f8e33c01000, end:0x7f8e34401000, from:0x7f8e33c01000, to:0x7f8e34401000, size:8192 KB]
          cg.C.x-3910  [048]     0.016761: (+1)     bprint:               __handle_mm_fault: NUMAB MEM ACCESS process[nid:0, cpu:48, pid:3910], folio[virt:0x7f8e339ff700, phys:0x184348000, pfn:0x184348, nid:0, npages:1]
          cg.C.x-3910  [048]     0.016765: (+4)     bprint:               __handle_mm_fault: NUMAB MEM ACCESS process[nid:0, cpu:48, pid:3910], folio[virt:0x7f8e33a002b0, phys:0x153b57000, pfn:0x153b57, nid:0, npages:1]
          cg.C.x-3887  [002]     0.016777: (+12)    bprint:               change_prot_numa: NUMAB SCAN vma[start:0x7f8e34601000, end:0x7f8e34e01000, from:0x7f8e34601000, to:0x7f8e34e01000, size:8192 KB]
          cg.C.x-3909  [046]     0.016778: (+1)     bprint:               __handle_mm_fault: NUMAB MEM ACCESS process[nid:0, cpu:46, pid:3909], folio[virt:0x7f8e344002b0, phys:0x184052000, pfn:0x184052, nid:0, npages:1]
          cg.C.x-3887  [002]     0.016793: (+15)    bprint:               change_prot_numa: NUMAB SCAN vma[start:0x7f8e35001000, end:0x7f8e35801000, from:0x7f8e35001000, to:0x7f8e35801000, size:8192 KB]
          cg.C.x-3908  [044]     0.016795: (+2)     bprint:               __handle_mm_fault: NUMAB MEM ACCESS process[nid:0, cpu:44, pid:3908], folio[virt:0x7f8e34e002b0, phys:0x12486d000, pfn:0x12486d, nid:0, npages:1]
          cg.C.x-3887  [002]     0.016810: (+15)    bprint:               change_prot_numa: NUMAB SCAN vma[start:0x7f8e35a01000, end:0x7f8e36201000, from:0x7f8e35a01000, to:0x7f8e36201000, size:8192 KB]
          cg.C.x-3907  [042]     0.016811: (+1)     bprint:               __handle_mm_fault: NUMAB MEM ACCESS process[nid:0, cpu:42, pid:3907], folio[virt:0x7f8e358002a8, phys:0x123681000, pfn:0x123681, nid:0, npages:1]
          cg.C.x-3887  [002]     0.016827: (+16)    bprint:               change_prot_numa: NUMAB SCAN vma[start:0x7f8e36401000, end:0x7f8e36c01000, from:0x7f8e36401000, to:0x7f8e36c01000, size:8192 KB]
          cg.C.x-3906  [040]     0.016827: (+0)     bprint:               __handle_mm_fault: NUMAB MEM ACCESS process[nid:0, cpu:40, pid:3906], folio[virt:0x7f8e362002b0, phys:0x1b02da000, pfn:0x1b02da, nid:0, npages:1]
          cg.C.x-3887  [002]     0.016843: (+16)    bprint:               change_prot_numa: NUMAB SCAN vma[start:0x7f8e36e01000, end:0x7f8e37601000, from:0x7f8e36e01000, to:0x7f8e37601000, size:8192 KB]
          cg.C.x-3905  [038]     0.016844: (+1)     bprint:               __handle_mm_fault: NUMAB MEM ACCESS process[nid:0, cpu:38, pid:3905], folio[virt:0x7f8e36c002b0, phys:0x152b73000, pfn:0x152b73, nid:0, npages:1]
          cg.C.x-3904  [036]     0.016860: (+16)    bprint:               __handle_mm_fault: NUMAB MEM ACCESS process[nid:0, cpu:36, pid:3904], folio[virt:0x7f8e376002b8, phys:0x116bee000, pfn:0x116bee, nid:0, npages:1]
          cg.C.x-3887  [002]     0.016860: (+0)     bprint:               change_prot_numa: NUMAB SCAN vma[start:0x7f8e37801000, end:0x7f8e38001000, from:0x7f8e37801000, to:0x7f8e38001000, size:8192 KB]
          cg.C.x-3903  [034]     0.016875: (+15)    bprint:               __handle_mm_fault: NUMAB MEM ACCESS process[nid:0, cpu:34, pid:3903], folio[virt:0x7f8e380002b0, phys:0x1b2377000, pfn:0x1b2377, nid:0, npages:1]
          cg.C.x-3887  [002]     0.016877: (+2)     bprint:               change_prot_numa: NUMAB SCAN vma[start:0x7f8e38201000, end:0x7f8e38a01000, from:0x7f8e38201000, to:0x7f8e38a01000, size:8192 KB]
          cg.C.x-3887  [002]     0.016893: (+16)    bprint:               change_prot_numa: NUMAB SCAN vma[start:0x7f8e38c01000, end:0x7f8e39401000, from:0x7f8e38c01000, to:0x7f8e39401000, size:8192 KB]
          cg.C.x-3902  [032]     0.016894: (+1)     bprint:               __handle_mm_fault: NUMAB MEM ACCESS process[nid:0, cpu:32, pid:3902], folio[virt:0x7f8e38a002b0, phys:0x210aeb000, pfn:0x210aeb, nid:0, npages:1]
          cg.C.x-3887  [002]     0.016909: (+15)    bprint:               change_prot_numa: NUMAB SCAN vma[start:0x7f8e39601000, end:0x7f8e39e01000, from:0x7f8e39601000, to:0x7f8e39e01000, size:8192 KB]
          cg.C.x-3901  [030]     0.016910: (+1)     bprint:               __handle_mm_fault: NUMAB MEM ACCESS process[nid:0, cpu:30, pid:3901], folio[virt:0x7f8e394002b0, phys:0x1b2020000, pfn:0x1b2020, nid:0, npages:1]
          cg.C.x-3900  [028]     0.016925: (+15)    bprint:               __handle_mm_fault: NUMAB MEM ACCESS process[nid:0, cpu:28, pid:3900], folio[virt:0x7f8e39e002b0, phys:0x1e1212000, pfn:0x1e1212, nid:0, npages:1]
          cg.C.x-3887  [002]     0.016925: (+0)     bprint:               change_prot_numa: NUMAB SCAN vma[start:0x7f8e3a001000, end:0x7f8e3a801000, from:0x7f8e3a001000, to:0x7f8e3a801000, size:8192 KB]
          cg.C.x-3887  [002]     0.016943: (+18)    bprint:               change_prot_numa: NUMAB SCAN vma[start:0x7f8e3aa01000, end:0x7f8e3b201000, from:0x7f8e3aa01000, to:0x7f8e3b201000, size:8192 KB]
          cg.C.x-3899  [026]     0.016943: (+0)     bprint:               __handle_mm_fault: NUMAB MEM ACCESS process[nid:0, cpu:26, pid:3899], folio[virt:0x7f8e3a8002b8, phys:0x156291000, pfn:0x156291, nid:0, npages:1]
          cg.C.x-3899  [026]     0.016947: (+4)     bprint:               __handle_mm_fault: NUMAB MEM ACCESS process[nid:0, cpu:26, pid:3899], folio[virt:0x7f8e3a7ff698, phys:0x21076f000, pfn:0x21076f, nid:0, npages:1]
          cg.C.x-3887  [002]     0.016959: (+12)    bprint:               change_prot_numa: NUMAB SCAN vma[start:0x7f8e3b401000, end:0x7f8e3bc01000, from:0x7f8e3b401000, to:0x7f8e3bc01000, size:8192 KB]
          cg.C.x-3898  [024]     0.016960: (+1)     bprint:               __handle_mm_fault: NUMAB MEM ACCESS process[nid:0, cpu:24, pid:3898], folio[virt:0x7f8e3b1ff714, phys:0x116bf3000, pfn:0x116bf3, nid:0, npages:1]
          cg.C.x-3898  [024]     0.016964: (+4)     bprint:               __handle_mm_fault: NUMAB MEM ACCESS process[nid:0, cpu:24, pid:3898], folio[virt:0x7f8e3b2002b0, phys:0x1b02d9000, pfn:0x1b02d9, nid:0, npages:1]
          cg.C.x-3897  [022]     0.016976: (+12)    bprint:               __handle_mm_fault: NUMAB MEM ACCESS process[nid:0, cpu:22, pid:3897], folio[virt:0x7f8e3bc002b0, phys:0x1557c1000, pfn:0x1557c1, nid:0, npages:1]
          cg.C.x-3887  [002]     0.016976: (+0)     bprint:               change_prot_numa: NUMAB SCAN vma[start:0x7f8e3be01000, end:0x7f8e3c601000, from:0x7f8e3be01000, to:0x7f8e3c601000, size:8192 KB]
          cg.C.x-3887  [002]     0.016993: (+17)    bprint:               change_prot_numa: NUMAB SCAN vma[start:0x7f8e3c801000, end:0x7f8e3d001000, from:0x7f8e3c801000, to:0x7f8e3d001000, size:8192 KB]
          cg.C.x-3896  [020]     0.016993: (+0)     bprint:               __handle_mm_fault: NUMAB MEM ACCESS process[nid:0, cpu:20, pid:3896], folio[virt:0x7f8e3c6002b8, phys:0x184374000, pfn:0x184374, nid:0, npages:1]
          cg.C.x-3887  [002]     0.017009: (+16)    bprint:               change_prot_numa: NUMAB SCAN vma[start:0x7f8e3d201000, end:0x7f8e3da01000, from:0x7f8e3d201000, to:0x7f8e3da01000, size:8192 KB]
          cg.C.x-3895  [018]     0.017010: (+1)     bprint:               __handle_mm_fault: NUMAB MEM ACCESS process[nid:0, cpu:18, pid:3895], folio[virt:0x7f8e3d0002b0, phys:0x184786000, pfn:0x184786, nid:0, npages:1]
          cg.C.x-3887  [002]     0.017026: (+16)    bprint:               change_prot_numa: NUMAB SCAN vma[start:0x7f8e3dc01000, end:0x7f8e3e401000, from:0x7f8e3dc01000, to:0x7f8e3e401000, size:8192 KB]
          cg.C.x-3894  [016]     0.017026: (+0)     bprint:               __handle_mm_fault: NUMAB MEM ACCESS process[nid:0, cpu:16, pid:3894], folio[virt:0x7f8e3da002b8, phys:0x11585b000, pfn:0x11585b, nid:0, npages:1]
          cg.C.x-3893  [014]     0.017043: (+17)    bprint:               __handle_mm_fault: NUMAB MEM ACCESS process[nid:0, cpu:14, pid:3893], folio[virt:0x7f8e3e4002b8, phys:0x181768000, pfn:0x181768, nid:0, npages:1]
          cg.C.x-3887  [002]     0.017043: (+0)     bprint:               change_prot_numa: NUMAB SCAN vma[start:0x7f8e3e601000, end:0x7f8e3ee01000, from:0x7f8e3e601000, to:0x7f8e3ee01000, size:8192 KB]
          cg.C.x-3887  [002]     0.017059: (+16)    bprint:               change_prot_numa: NUMAB SCAN vma[start:0x7f8e3f001000, end:0x7f8e3f801000, from:0x7f8e3f001000, to:0x7f8e3f801000, size:8192 KB]
          cg.C.x-3892  [012]     0.017060: (+1)     bprint:               __handle_mm_fault: NUMAB MEM ACCESS process[nid:0, cpu:12, pid:3892], folio[virt:0x7f8e3ee002b0, phys:0x184ea3000, pfn:0x184ea3, nid:0, npages:1]
          cg.C.x-3887  [002]     0.017077: (+17)    bprint:               change_prot_numa: NUMAB SCAN vma[start:0x7f8e3fa01000, end:0x7f8e40201000, from:0x7f8e3fa01000, to:0x7f8e40201000, size:8192 KB]
          cg.C.x-3891  [010]     0.017077: (+0)     bprint:               __handle_mm_fault: NUMAB MEM ACCESS process[nid:0, cpu:10, pid:3891], folio[virt:0x7f8e3f8002b8, phys:0x1248f0000, pfn:0x1248f0, nid:0, npages:1]
