          cg.C.x-3886  [000]     2.136103: (+6)     bprint:               __handle_mm_fault: NUMAB MEM ACCESS process[nid:0, cpu:0, pid:3886], folio[virt:0x7ffdc9497b80, phys:0x1860dff000, pfn:0x1860dff, nid:1, npages:1]
          cg.C.x-3886  [000]     2.136107: (+4)     bprint:               __handle_mm_fault: NUMAB TRY MEM MIGR process[nid:0, cpu:0, pid:3886], folio[virt:0x7ffdc9497b80, phys:0x1860dff000, nid:1], target_nid:0
          cg.C.x-3902  [032]     2.136107: (+0)     bprint:               __handle_mm_fault: NUMAB MEM ACCESS process[nid:0, cpu:32, pid:3902], folio[virt:0x7ffdc9497d48, phys:0x1860dff000, pfn:0x1860dff, nid:1, npages:1]
          cg.C.x-3902  [032]     2.136109: (+2)     bprint:               __handle_mm_fault: NUMAB TRY MEM MIGR process[nid:0, cpu:32, pid:3902], folio[virt:0x7ffdc9497d48, phys:0x1860dff000, nid:1], target_nid:0
          cg.C.x-3902  [032]     2.136110: (+1)     bprint:               migrate_misplaced_folio: NUMAB pid:3902 ABORTING MEM MIGR because !isolated
          cg.C.x-3938  [041]     2.136111: (+1)     bprint:               __handle_mm_fault: NUMAB MEM ACCESS process[nid:1, cpu:41, pid:3938], folio[virt:0x7ffdc9497d48, phys:0x1860dff000, pfn:0x1860dff, nid:1, npages:1]
          cg.C.x-3938  [041]     2.136130: (+19)    sched_stick_numa:     src_pid=3938 src_tgid=3886 src_ngid=3938 src_cpu=41 src_nid=1 dst_pid=0 dst_tgid=0 dst_ngid=0 dst_cpu=-1 dst_nid=-1
          cg.C.x-3902  [032]     2.136149: (+19)    sched_stick_numa:     src_pid=3902 src_tgid=3886 src_ngid=3886 src_cpu=32 src_nid=0 dst_pid=0 dst_tgid=0 dst_ngid=0 dst_cpu=-1 dst_nid=-1
          cg.C.x-3921  [007]     2.136158: (+9)     sched_switch:         cg.C.x:3921 [120] D ==> swapper/7:0 [120]
          cg.C.x-3928  [021]     2.136158: (+0)     sched_switch:         cg.C.x:3928 [120] D ==> swapper/21:0 [120]
          cg.C.x-3944  [053]     2.136158: (+0)     sched_switch:         cg.C.x:3944 [120] D ==> swapper/53:0 [120]
          cg.C.x-3939  [043]     2.136158: (+0)     sched_switch:         cg.C.x:3939 [120] D ==> swapper/43:0 [120]
          cg.C.x-3926  [017]     2.136158: (+0)     sched_switch:         cg.C.x:3926 [120] D ==> swapper/17:0 [120]
          cg.C.x-3923  [011]     2.136158: (+0)     sched_switch:         cg.C.x:3923 [120] D ==> swapper/11:0 [120]
          cg.C.x-3937  [039]     2.136158: (+0)     sched_switch:         cg.C.x:3937 [120] D ==> swapper/39:0 [120]
          cg.C.x-3902  [032]     2.136158: (+0)     sched_switch:         cg.C.x:3902 [120] D ==> swapper/32:0 [120]
          cg.C.x-3935  [035]     2.136158: (+0)     sched_switch:         cg.C.x:3935 [120] D ==> swapper/35:0 [120]
          cg.C.x-3930  [025]     2.136158: (+0)     sched_switch:         cg.C.x:3930 [120] D ==> swapper/25:0 [120]
          cg.C.x-3924  [013]     2.136158: (+0)     sched_switch:         cg.C.x:3924 [120] D ==> swapper/13:0 [120]
          cg.C.x-3886  [000]     2.136170: (+12)    sched_waking:         comm=cg.C.x pid=3935 prio=120 target_cpu=035
          cg.C.x-3886  [000]     2.136172: (+2)     sched_waking:         comm=cg.C.x pid=3939 prio=120 target_cpu=043
          cg.C.x-3886  [000]     2.136174: (+2)     sched_wake_idle_without_ipi: cpu=43
          cg.C.x-3886  [000]     2.136175: (+1)     sched_waking:         comm=cg.C.x pid=3923 prio=120 target_cpu=011
          cg.C.x-3886  [000]     2.136176: (+1)     sched_wake_idle_without_ipi: cpu=11
          cg.C.x-3886  [000]     2.136176: (+0)     sched_waking:         comm=cg.C.x pid=3937 prio=120 target_cpu=039
          cg.C.x-3886  [000]     2.136177: (+1)     sched_wake_idle_without_ipi: cpu=39
          cg.C.x-3886  [000]     2.136178: (+1)     sched_waking:         comm=cg.C.x pid=3921 prio=120 target_cpu=007
          <idle>-0     [035]     2.136179: (+1)     sched_wakeup:         cg.C.x:3935 [120] CPU:035
          cg.C.x-3886  [000]     2.136179: (+0)     sched_wake_idle_without_ipi: cpu=7
          <idle>-0     [011]     2.136179: (+0)     sched_wakeup:         cg.C.x:3923 [120] CPU:011
          <idle>-0     [043]     2.136179: (+0)     sched_wakeup:         cg.C.x:3939 [120] CPU:043
          cg.C.x-3886  [000]     2.136180: (+1)     sched_waking:         comm=cg.C.x pid=3924 prio=120 target_cpu=013
          cg.C.x-3886  [000]     2.136181: (+1)     sched_wake_idle_without_ipi: cpu=13
          <idle>-0     [011]     2.136181: (+0)     sched_switch:         swapper/11:0 [120] R ==> cg.C.x:3923 [120]
          <idle>-0     [043]     2.136181: (+0)     sched_switch:         swapper/43:0 [120] R ==> cg.C.x:3939 [120]
          <idle>-0     [035]     2.136181: (+0)     sched_switch:         swapper/35:0 [120] R ==> cg.C.x:3935 [120]
          cg.C.x-3886  [000]     2.136182: (+1)     sched_waking:         comm=cg.C.x pid=3928 prio=120 target_cpu=021
          cg.C.x-3886  [000]     2.136183: (+1)     sched_wake_idle_without_ipi: cpu=21
          cg.C.x-3886  [000]     2.136184: (+1)     sched_waking:         comm=cg.C.x pid=3944 prio=120 target_cpu=053
          <idle>-0     [039]     2.136184: (+0)     sched_wakeup:         cg.C.x:3937 [120] CPU:039
          <idle>-0     [007]     2.136184: (+0)     sched_wakeup:         cg.C.x:3921 [120] CPU:007
          cg.C.x-3886  [000]     2.136185: (+1)     sched_wake_idle_without_ipi: cpu=53
          <idle>-0     [013]     2.136185: (+0)     sched_wakeup:         cg.C.x:3924 [120] CPU:013
          <idle>-0     [039]     2.136185: (+0)     sched_switch:         swapper/39:0 [120] R ==> cg.C.x:3937 [120]
          <idle>-0     [007]     2.136185: (+0)     sched_switch:         swapper/7:0 [120] R ==> cg.C.x:3921 [120]
          cg.C.x-3886  [000]     2.136186: (+1)     sched_waking:         comm=cg.C.x pid=3930 prio=120 target_cpu=025
          <idle>-0     [013]     2.136186: (+0)     sched_switch:         swapper/13:0 [120] R ==> cg.C.x:3924 [120]
          cg.C.x-3886  [000]     2.136187: (+1)     sched_wake_idle_without_ipi: cpu=25
          cg.C.x-3886  [000]     2.136187: (+0)     sched_waking:         comm=cg.C.x pid=3926 prio=120 target_cpu=017
          <idle>-0     [053]     2.136187: (+0)     sched_wakeup:         cg.C.x:3944 [120] CPU:053
          <idle>-0     [021]     2.136188: (+1)     sched_wakeup:         cg.C.x:3928 [120] CPU:021
          cg.C.x-3886  [000]     2.136188: (+0)     sched_wake_idle_without_ipi: cpu=17
          cg.C.x-3886  [000]     2.136188: (+0)     sched_waking:         comm=cg.C.x pid=3902 prio=120 target_cpu=032
          cg.C.x-3886  [000]     2.136189: (+1)     sched_wake_idle_without_ipi: cpu=32
          <idle>-0     [021]     2.136189: (+0)     sched_switch:         swapper/21:0 [120] R ==> cg.C.x:3928 [120]
          <idle>-0     [053]     2.136189: (+0)     sched_switch:         swapper/53:0 [120] R ==> cg.C.x:3944 [120]
          <idle>-0     [025]     2.136191: (+2)     sched_wakeup:         cg.C.x:3930 [120] CPU:025
          <idle>-0     [017]     2.136192: (+1)     sched_wakeup:         cg.C.x:3926 [120] CPU:017
          cg.C.x-3886  [000]     2.136193: (+1)     bprint:               __handle_mm_fault: NUMAB COMPLETED MEM MIGR process[nid:0, cpu:0, pid:3886], old[phys:0x1860dff000, nid:1, npages:1], new[phys:0x1e12bf000, nid:0, npages:1]
          <idle>-0     [025]     2.136193: (+0)     sched_switch:         swapper/25:0 [120] R ==> cg.C.x:3930 [120]
          <idle>-0     [017]     2.136194: (+1)     sched_switch:         swapper/17:0 [120] R ==> cg.C.x:3926 [120]
          <idle>-0     [032]     2.136194: (+0)     sched_wakeup:         cg.C.x:3902 [120] CPU:032
          <idle>-0     [032]     2.136196: (+2)     sched_switch:         swapper/32:0 [120] R ==> cg.C.x:3902 [120]
          cg.C.x-3886  [000]     2.136206: (+10)    bprint:               __handle_mm_fault: NUMAB MEM ACCESS process[nid:0, cpu:0, pid:3886], folio[virt:0x7f8e7c0f3720, phys:0x1865175000, pfn:0x1865175, nid:1, npages:1]
          cg.C.x-3886  [000]     2.136207: (+1)     bprint:               __handle_mm_fault: NUMAB TRY MEM MIGR process[nid:0, cpu:0, pid:3886], folio[virt:0x7f8e7c0f3720, phys:0x1865175000, nid:1], target_nid:0
          cg.C.x-3886  [000]     2.136213: (+6)     bprint:               __handle_mm_fault: NUMAB COMPLETED MEM MIGR process[nid:0, cpu:0, pid:3886], old[phys:0x1865175000, nid:1, npages:1], new[phys:0x1e0150000, nid:0, npages:1]
          cg.C.x-3944  [053]     2.136222: (+9)     bprint:               __handle_mm_fault: NUMAB MEM ACCESS process[nid:1, cpu:53, pid:3944], folio[virt:0x7f8e7b7f1c28, phys:0x303f0e7000, pfn:0x303f0e7, nid:1, npages:1]
          cg.C.x-3930  [025]     2.136226: (+4)     bprint:               __handle_mm_fault: NUMAB MEM ACCESS process[nid:1, cpu:25, pid:3930], folio[virt:0x7f8e7b7d1b90, phys:0x18630ce000, pfn:0x18630ce, nid:1, npages:1]
          cg.C.x-3917  [062]     2.136231: (+5)     bprint:               __handle_mm_fault: NUMAB MEM ACCESS process[nid:0, cpu:62, pid:3917], folio[virt:0x7f8e7b7b3f70, phys:0x114b32000, pfn:0x114b32, nid:0, npages:1]
          cg.C.x-3930  [025]     2.136234: (+3)     bprint:               do_huge_pmd_numa_page: NUMAB MEM ACCESS huge page process[nid:1, cpu:25, pid:3930], folio[virt:0x7f8e782be1e0, ker:0xffff88bc62400000, pfn:0x1a62400, nid:1, npages:512]
          cg.C.x-3932  [029]     2.136234: (+0)     bprint:               __handle_mm_fault: NUMAB MEM ACCESS process[nid:1, cpu:29, pid:3932], folio[virt:0x7f8e7b7d64d0, phys:0x1860d55000, pfn:0x1860d55, nid:1, npages:1]
          cg.C.x-3944  [053]     2.136235: (+1)     sched_stick_numa:     src_pid=3944 src_tgid=3886 src_ngid=3944 src_cpu=53 src_nid=1 dst_pid=0 dst_tgid=0 dst_ngid=0 dst_cpu=-1 dst_nid=-1
          cg.C.x-3949  [063]     2.136237: (+2)     bprint:               __handle_mm_fault: NUMAB MEM ACCESS process[nid:1, cpu:63, pid:3949], folio[virt:0x7f8e7b7fd334, phys:0x1854399000, pfn:0x1854399, nid:1, npages:1]
          cg.C.x-3944  [053]     2.136238: (+1)     bprint:               do_huge_pmd_numa_page: NUMAB MEM ACCESS huge page process[nid:1, cpu:53, pid:3944], folio[virt:0x7f8e7a0e5c7c, ker:0xffff88bc6a000000, pfn:0x1a6a000, nid:1, npages:512]
          cg.C.x-3926  [017]     2.136239: (+1)     bprint:               __handle_mm_fault: NUMAB MEM ACCESS process[nid:1, cpu:17, pid:3926], folio[virt:0x7f8e7b7c8910, phys:0x1862994000, pfn:0x1862994, nid:1, npages:1]
          cg.C.x-3942  [049]     2.136241: (+2)     bprint:               __handle_mm_fault: NUMAB MEM ACCESS process[nid:1, cpu:49, pid:3942], folio[virt:0x7f8e7b7ed2f0, phys:0x184d30a000, pfn:0x184d30a, nid:1, npages:1]
          cg.C.x-3917  [062]     2.136243: (+2)     bprint:               do_huge_pmd_numa_page: NUMAB MEM ACCESS huge page process[nid:0, cpu:62, pid:3917], folio[virt:0x7f8e766c63b8, ker:0xffff88a5c1800000, pfn:0x3c1800, nid:0, npages:512]
          cg.C.x-3939  [043]     2.136244: (+1)     bprint:               __handle_mm_fault: NUMAB MEM ACCESS process[nid:1, cpu:43, pid:3939], folio[virt:0x7f8e7b7e651c, phys:0x1864389000, pfn:0x1864389, nid:1, npages:1]
          cg.C.x-3932  [029]     2.136244: (+0)     sched_stick_numa:     src_pid=3932 src_tgid=3886 src_ngid=3942 src_cpu=29 src_nid=1 dst_pid=0 dst_tgid=0 dst_ngid=0 dst_cpu=-1 dst_nid=-1
          cg.C.x-3921  [007]     2.136246: (+2)     bprint:               __handle_mm_fault: NUMAB MEM ACCESS process[nid:1, cpu:7, pid:3921], folio[virt:0x7f8e7b7bd1f0, phys:0x184d3e1000, pfn:0x184d3e1, nid:1, npages:1]
          cg.C.x-3949  [063]     2.136248: (+2)     sched_stick_numa:     src_pid=3949 src_tgid=3886 src_ngid=3941 src_cpu=63 src_nid=1 dst_pid=0 dst_tgid=0 dst_ngid=0 dst_cpu=-1 dst_nid=-1
          cg.C.x-3936  [037]     2.136248: (+0)     bprint:               __handle_mm_fault: NUMAB MEM ACCESS process[nid:1, cpu:37, pid:3936], folio[virt:0x7f8e7b7df748, phys:0x1854233000, pfn:0x1854233, nid:1, npages:1]
          cg.C.x-3926  [017]     2.136248: (+0)     bprint:               do_huge_pmd_numa_page: NUMAB MEM ACCESS huge page process[nid:1, cpu:17, pid:3926], folio[virt:0x7f8e77a25254, ker:0xffff88bc67e00000, pfn:0x1a67e00, nid:1, npages:512]
          cg.C.x-3932  [029]     2.136250: (+2)     bprint:               do_huge_pmd_numa_page: NUMAB MEM ACCESS huge page process[nid:1, cpu:29, pid:3932], folio[virt:0x7f8e7870c0bc, ker:0xffff88bc64a00000, pfn:0x1a64a00, nid:1, npages:512]
          cg.C.x-3920  [005]     2.136250: (+0)     bprint:               __handle_mm_fault: NUMAB MEM ACCESS process[nid:1, cpu:5, pid:3920], folio[virt:0x7f8e7b7bad50, phys:0x1861d43000, pfn:0x1861d43, nid:1, npages:1]
          cg.C.x-3949  [063]     2.136251: (+1)     bprint:               do_huge_pmd_numa_page: NUMAB MEM ACCESS huge page process[nid:1, cpu:63, pid:3949], folio[virt:0x7f8e7aba9054, ker:0xffff88bc73200000, pfn:0x1a73200, nid:1, npages:512]
          cg.C.x-3939  [043]     2.136252: (+1)     sched_stick_numa:     src_pid=3939 src_tgid=3886 src_ngid=3939 src_cpu=43 src_nid=1 dst_pid=0 dst_tgid=0 dst_ngid=0 dst_cpu=-1 dst_nid=-1
          cg.C.x-3942  [049]     2.136252: (+0)     sched_stick_numa:     src_pid=3942 src_tgid=3886 src_ngid=3939 src_cpu=49 src_nid=1 dst_pid=0 dst_tgid=0 dst_ngid=0 dst_cpu=-1 dst_nid=-1
          cg.C.x-3904  [036]     2.136252: (+0)     bprint:               __handle_mm_fault: NUMAB MEM ACCESS process[nid:0, cpu:36, pid:3904], folio[virt:0x7f8e7b796350, phys:0x1e015b000, pfn:0x1e015b, nid:0, npages:1]
          cg.C.x-3921  [007]     2.136253: (+1)     bprint:               do_huge_pmd_numa_page: NUMAB MEM ACCESS huge page process[nid:1, cpu:7, pid:3921], folio[virt:0x7f8e76f618e8, ker:0xffff88bc38e00000, pfn:0x1a38e00, nid:1, npages:512]
          cg.C.x-3898  [024]     2.136255: (+2)     bprint:               __handle_mm_fault: NUMAB MEM ACCESS process[nid:0, cpu:24, pid:3898], folio[virt:0x7f8e7b788790, phys:0x210b21000, pfn:0x210b21, nid:0, npages:1]
          cg.C.x-3939  [043]     2.136255: (+0)     bprint:               do_huge_pmd_numa_page: NUMAB MEM ACCESS huge page process[nid:1, cpu:43, pid:3939], folio[virt:0x7f8e79627c88, ker:0xffff88bc36a00000, pfn:0x1a36a00, nid:1, npages:512]
          cg.C.x-3942  [049]     2.136257: (+2)     bprint:               do_huge_pmd_numa_page: NUMAB MEM ACCESS huge page process[nid:1, cpu:49, pid:3942], folio[virt:0x7f8e79c988a0, ker:0xffff88bc65a00000, pfn:0x1a65a00, nid:1, npages:512]
          cg.C.x-3937  [039]     2.136258: (+1)     bprint:               __handle_mm_fault: NUMAB MEM ACCESS process[nid:1, cpu:39, pid:3937], folio[virt:0x7f8e7b7e1be4, phys:0x1854589000, pfn:0x1854589, nid:1, npages:1]
          cg.C.x-3920  [005]     2.136258: (+0)     bprint:               do_huge_pmd_numa_page: NUMAB MEM ACCESS huge page process[nid:1, cpu:5, pid:3920], folio[virt:0x7f8e76d38da8, ker:0xffff88bc70a00000, pfn:0x1a70a00, nid:1, npages:512]
          cg.C.x-3922  [009]     2.136260: (+2)     bprint:               __handle_mm_fault: NUMAB MEM ACCESS process[nid:1, cpu:9, pid:3922], folio[virt:0x7f8e7b7bf690, phys:0x1854234000, pfn:0x1854234, nid:1, npages:1]
          cg.C.x-3936  [037]     2.136260: (+0)     sched_stick_numa:     src_pid=3936 src_tgid=3886 src_ngid=3936 src_cpu=37 src_nid=1 dst_pid=0 dst_tgid=0 dst_ngid=0 dst_cpu=-1 dst_nid=-1
          cg.C.x-3923  [011]     2.136262: (+2)     bprint:               __handle_mm_fault: NUMAB MEM ACCESS process[nid:1, cpu:11, pid:3923], folio[virt:0x7f8e7b7c1b30, phys:0x1862e2c000, pfn:0x1862e2c, nid:1, npages:1]
          cg.C.x-3904  [036]     2.136263: (+1)     bprint:               do_huge_pmd_numa_page: NUMAB MEM ACCESS huge page process[nid:0, cpu:36, pid:3904], folio[virt:0x7f8e74ace4b0, ker:0xffff88a4f3400000, pfn:0x2f3400, nid:0, npages:512]
          cg.C.x-3938  [041]     2.136264: (+1)     bprint:               __handle_mm_fault: NUMAB MEM ACCESS process[nid:1, cpu:41, pid:3938], folio[virt:0x7f8e7b7e4080, phys:0x185286f000, pfn:0x185286f, nid:1, npages:1]
          cg.C.x-3936  [037]     2.136264: (+0)     bprint:               do_huge_pmd_numa_page: NUMAB MEM ACCESS huge page process[nid:1, cpu:37, pid:3936], folio[virt:0x7f8e78fa8074, ker:0xffff88bc36600000, pfn:0x1a36600, nid:1, npages:512]
          cg.C.x-3933  [031]     2.136266: (+2)     bprint:               __handle_mm_fault: NUMAB MEM ACCESS process[nid:1, cpu:31, pid:3933], folio[virt:0x7f8e7b7d8970, phys:0x186314d000, pfn:0x186314d, nid:1, npages:1]
          cg.C.x-3898  [024]     2.136266: (+0)     bprint:               do_huge_pmd_numa_page: NUMAB MEM ACCESS huge page process[nid:0, cpu:24, pid:3898], folio[virt:0x7f8e73dd8e18, ker:0xffff88a4f0800000, pfn:0x2f0800, nid:0, npages:512]
          cg.C.x-3937  [039]     2.136268: (+2)     sched_stick_numa:     src_pid=3937 src_tgid=3886 src_ngid=3933 src_cpu=39 src_nid=1 dst_pid=0 dst_tgid=0 dst_ngid=0 dst_cpu=-1 dst_nid=-1
          cg.C.x-3946  [057]     2.136268: (+0)     bprint:               __handle_mm_fault: NUMAB MEM ACCESS process[nid:1, cpu:57, pid:3946], folio[virt:0x7f8e7b7f6560, phys:0x185472a000, pfn:0x185472a, nid:1, npages:1]
          cg.C.x-3922  [009]     2.136268: (+0)     bprint:               do_huge_pmd_numa_page: NUMAB MEM ACCESS huge page process[nid:1, cpu:9, pid:3922], folio[virt:0x7f8e7718a29c, ker:0xffff88bc36e00000, pfn:0x1a36e00, nid:1, npages:512]
          cg.C.x-3938  [041]     2.136269: (+1)     bprint:               do_huge_pmd_numa_page: NUMAB MEM ACCESS huge page process[nid:1, cpu:41, pid:3938], folio[virt:0x7f8e793fbff8, ker:0xffff88bc6b400000, pfn:0x1a6b400, nid:1, npages:512]
          cg.C.x-3923  [011]     2.136271: (+2)     bprint:               do_huge_pmd_numa_page: NUMAB MEM ACCESS huge page process[nid:1, cpu:11, pid:3923], folio[virt:0x7f8e773ae30c, ker:0xffff88bc63400000, pfn:0x1a63400, nid:1, npages:512]
          cg.C.x-3943  [051]     2.136271: (+0)     bprint:               __handle_mm_fault: NUMAB MEM ACCESS process[nid:1, cpu:51, pid:3943], folio[virt:0x7f8e7b7ef78c, phys:0x18638fc000, pfn:0x18638fc, nid:1, npages:1]
          cg.C.x-3937  [039]     2.136272: (+1)     bprint:               do_huge_pmd_numa_page: NUMAB MEM ACCESS huge page process[nid:1, cpu:39, pid:3937], folio[virt:0x7f8e791d5af8, ker:0xffff88ba98e00000, pfn:0x1898e00, nid:1, npages:512]
          cg.C.x-3945  [055]     2.136273: (+1)     bprint:               __handle_mm_fault: NUMAB MEM ACCESS process[nid:1, cpu:55, pid:3945], folio[virt:0x7f8e7b7f40c4, phys:0x185140e000, pfn:0x185140e, nid:1, npages:1]
          cg.C.x-3933  [031]     2.136275: (+2)     sched_stick_numa:     src_pid=3933 src_tgid=3886 src_ngid=3933 src_cpu=31 src_nid=1 dst_pid=0 dst_tgid=0 dst_ngid=0 dst_cpu=-1 dst_nid=-1
          cg.C.x-3890  [008]     2.136276: (+1)     bprint:               __handle_mm_fault: NUMAB MEM ACCESS process[nid:0, cpu:8, pid:3890], folio[virt:0x7f8e7b776290, phys:0x1831dc000, pfn:0x1831dc, nid:0, npages:1]
          cg.C.x-3946  [057]     2.136279: (+3)     sched_stick_numa:     src_pid=3946 src_tgid=3886 src_ngid=3946 src_cpu=57 src_nid=1 dst_pid=0 dst_tgid=0 dst_ngid=0 dst_cpu=-1 dst_nid=-1
          cg.C.x-3933  [031]     2.136279: (+0)     bprint:               do_huge_pmd_numa_page: NUMAB MEM ACCESS huge page process[nid:1, cpu:31, pid:3933], folio[virt:0x7f8e78933f20, ker:0xffff88bc38800000, pfn:0x1a38800, nid:1, npages:512]
          cg.C.x-3941  [047]     2.136279: (+0)     bprint:               __handle_mm_fault: NUMAB MEM ACCESS process[nid:1, cpu:47, pid:3941], folio[virt:0x7f8e7b7eae54, phys:0x1852865000, pfn:0x1852865, nid:1, npages:1]
          cg.C.x-3935  [035]     2.136281: (+2)     bprint:               __handle_mm_fault: NUMAB MEM ACCESS process[nid:1, cpu:35, pid:3935], folio[virt:0x7f8e7b7dd2ac, phys:0x1863d95000, pfn:0x1863d95, nid:1, npages:1]
          cg.C.x-3943  [051]     2.136281: (+0)     sched_stick_numa:     src_pid=3943 src_tgid=3886 src_ngid=3943 src_cpu=51 src_nid=1 dst_pid=0 dst_tgid=0 dst_ngid=0 dst_cpu=-1 dst_nid=-1
          cg.C.x-3945  [055]     2.136282: (+1)     bprint:               do_huge_pmd_numa_page: NUMAB MEM ACCESS huge page process[nid:1, cpu:55, pid:3945], folio[virt:0x7f8e7a3100a8, ker:0xffff88bc73800000, pfn:0x1a73800, nid:1, npages:512]
          cg.C.x-3946  [057]     2.136283: (+1)     bprint:               do_huge_pmd_numa_page: NUMAB MEM ACCESS huge page process[nid:1, cpu:57, pid:3946], folio[virt:0x7f8e7a533358, ker:0xffff88bc3b200000, pfn:0x1a3b200, nid:1, npages:512]
          cg.C.x-3915  [058]     2.136283: (+0)     bprint:               __handle_mm_fault: NUMAB MEM ACCESS process[nid:0, cpu:58, pid:3915], folio[virt:0x7f8e7b7af630, phys:0x152b3d000, pfn:0x152b3d, nid:0, npages:1]
          cg.C.x-3943  [051]     2.136285: (+2)     bprint:               do_huge_pmd_numa_page: NUMAB MEM ACCESS huge page process[nid:1, cpu:51, pid:3943], folio[virt:0x7f8e79ebf89c, ker:0xffff88bc62a00000, pfn:0x1a62a00, nid:1, npages:512]
          cg.C.x-3899  [026]     2.136286: (+1)     bprint:               __handle_mm_fault: NUMAB MEM ACCESS process[nid:0, cpu:26, pid:3899], folio[virt:0x7f8e7b78ac30, phys:0x1539df000, pfn:0x1539df, nid:0, npages:1]
          cg.C.x-3890  [008]     2.136287: (+1)     bprint:               do_huge_pmd_numa_page: NUMAB MEM ACCESS huge page process[nid:0, cpu:8, pid:3890], folio[virt:0x7f8e72c9c2a4, ker:0xffff88a50fc00000, pfn:0x30fc00, nid:0, npages:512]
          cg.C.x-3906  [040]     2.136288: (+1)     bprint:               __handle_mm_fault: NUMAB MEM ACCESS process[nid:0, cpu:40, pid:3906], folio[virt:0x7f8e7b79ac90, phys:0x1564d5000, pfn:0x1564d5, nid:0, npages:1]
          cg.C.x-3941  [047]     2.136289: (+1)     sched_stick_numa:     src_pid=3941 src_tgid=3886 src_ngid=3941 src_cpu=47 src_nid=1 dst_pid=0 dst_tgid=0 dst_ngid=0 dst_cpu=-1 dst_nid=-1
          cg.C.x-3935  [035]     2.136289: (+0)     sched_stick_numa:     src_pid=3935 src_tgid=3886 src_ngid=3946 src_cpu=35 src_nid=1 dst_pid=0 dst_tgid=0 dst_ngid=0 dst_cpu=-1 dst_nid=-1
          cg.C.x-3929  [023]     2.136291: (+2)     bprint:               __handle_mm_fault: NUMAB MEM ACCESS process[nid:1, cpu:23, pid:3929], folio[virt:0x7f8e7b7cf6f0, phys:0x1860d90000, pfn:0x1860d90, nid:1, npages:1]
          cg.C.x-3941  [047]     2.136293: (+2)     bprint:               do_huge_pmd_numa_page: NUMAB MEM ACCESS huge page process[nid:1, cpu:47, pid:3941], folio[virt:0x7f8e79a71884, ker:0xffff88bc0f800000, pfn:0x1a0f800, nid:1, npages:512]
          cg.C.x-3947  [059]     2.136294: (+1)     bprint:               __handle_mm_fault: NUMAB MEM ACCESS process[nid:1, cpu:59, pid:3947], folio[virt:0x7f8e7b7f89fc, phys:0x184d827000, pfn:0x184d827, nid:1, npages:1]
          cg.C.x-3935  [035]     2.136295: (+1)     bprint:               do_huge_pmd_numa_page: NUMAB MEM ACCESS huge page process[nid:1, cpu:35, pid:3935], folio[virt:0x7f8e78d7dfa4, ker:0xffff88bc68600000, pfn:0x1a68600, nid:1, npages:512]
          cg.C.x-3931  [027]     2.136296: (+1)     bprint:               __handle_mm_fault: NUMAB MEM ACCESS process[nid:1, cpu:27, pid:3931], folio[virt:0x7f8e7b7d4030, phys:0x1850c97000, pfn:0x1850c97, nid:1, npages:1]
          cg.C.x-3899  [026]     2.136297: (+1)     bprint:               do_huge_pmd_numa_page: NUMAB MEM ACCESS huge page process[nid:0, cpu:26, pid:3899], folio[virt:0x7f8e74003388, ker:0xffff88a31ca00000, pfn:0x11ca00, nid:0, npages:512]
          cg.C.x-3888  [004]     2.136299: (+2)     bprint:               __handle_mm_fault: NUMAB MEM ACCESS process[nid:0, cpu:4, pid:3888], folio[virt:0x7f8e7b771950, phys:0x3f18f1000, pfn:0x3f18f1, nid:0, npages:1]
          cg.C.x-3915  [058]     2.136299: (+0)     bprint:               do_huge_pmd_numa_page: NUMAB MEM ACCESS huge page process[nid:0, cpu:58, pid:3915], folio[virt:0x7f8e762744dc, ker:0xffff88a511800000, pfn:0x311800, nid:0, npages:512]
          cg.C.x-3906  [040]     2.136301: (+2)     bprint:               do_huge_pmd_numa_page: NUMAB MEM ACCESS huge page process[nid:0, cpu:40, pid:3906], folio[virt:0x7f8e74f17454, ker:0xffff88a59be00000, pfn:0x39be00, nid:0, npages:512]
          cg.C.x-3948  [061]     2.136301: (+0)     bprint:               __handle_mm_fault: NUMAB MEM ACCESS process[nid:1, cpu:61, pid:3948], folio[virt:0x7f8e7b7fae98, phys:0x184ef98000, pfn:0x184ef98, nid:1, npages:1]
          cg.C.x-3929  [023]     2.136303: (+2)     bprint:               do_huge_pmd_numa_page: NUMAB MEM ACCESS huge page process[nid:1, cpu:23, pid:3929], folio[virt:0x7f8e780995f0, ker:0xffff88bc3be00000, pfn:0x1a3be00, nid:1, npages:512]
          cg.C.x-3940  [045]     2.136304: (+1)     bprint:               __handle_mm_fault: NUMAB MEM ACCESS process[nid:1, cpu:45, pid:3940], folio[virt:0x7f8e7b7e89b8, phys:0x1853196000, pfn:0x1853196, nid:1, npages:1]
          cg.C.x-3947  [059]     2.136305: (+1)     bprint:               do_huge_pmd_numa_page: NUMAB MEM ACCESS huge page process[nid:1, cpu:59, pid:3947], folio[virt:0x7f8e7a7592c4, ker:0xffff88bc0d200000, pfn:0x1a0d200, nid:1, npages:512]
          cg.C.x-3931  [027]     2.136306: (+1)     bprint:               do_huge_pmd_numa_page: NUMAB MEM ACCESS huge page process[nid:1, cpu:27, pid:3931], folio[virt:0x7f8e784e5854, ker:0xffff88bc6c800000, pfn:0x1a6c800, nid:1, npages:512]
          cg.C.x-3903  [034]     2.136307: (+1)     bprint:               __handle_mm_fault: NUMAB MEM ACCESS process[nid:0, cpu:34, pid:3903], folio[virt:0x7f8e7b793eb0, phys:0x1e164d000, pfn:0x1e164d, nid:0, npages:1]
          cg.C.x-3888  [004]     2.136308: (+1)     bprint:               do_huge_pmd_numa_page: NUMAB MEM ACCESS huge page process[nid:0, cpu:4, pid:3888], folio[virt:0x7f8e7284eb1c, ker:0xffff88a4cf000000, pfn:0x2cf000, nid:0, npages:512]
          cg.C.x-3948  [061]     2.136310: (+2)     bprint:               do_huge_pmd_numa_page: NUMAB MEM ACCESS huge page process[nid:1, cpu:61, pid:3948], folio[virt:0x7f8e7a97f508, ker:0xffff88bc6aa00000, pfn:0x1a6aa00, nid:1, npages:512]
          cg.C.x-3925  [015]     2.136310: (+0)     bprint:               __handle_mm_fault: NUMAB MEM ACCESS process[nid:1, cpu:15, pid:3925], folio[virt:0x7f8e7b7c6470, phys:0x18642f8000, pfn:0x18642f8, nid:1, npages:1]
          cg.C.x-3928  [021]     2.136312: (+2)     bprint:               __handle_mm_fault: NUMAB MEM ACCESS process[nid:1, cpu:21, pid:3928], folio[virt:0x7f8e7b7cd250, phys:0x185288f000, pfn:0x185288f, nid:1, npages:1]
          cg.C.x-3919  [003]     2.136313: (+1)     bprint:               __handle_mm_fault: NUMAB MEM ACCESS process[nid:1, cpu:3, pid:3919], folio[virt:0x7f8e7b7b88b0, phys:0x303a1c0000, pfn:0x303a1c0, nid:1, npages:1]
          cg.C.x-3940  [045]     2.136315: (+2)     sched_stick_numa:     src_pid=3940 src_tgid=3886 src_ngid=3938 src_cpu=45 src_nid=1 dst_pid=0 dst_tgid=0 dst_ngid=0 dst_cpu=-1 dst_nid=-1
          cg.C.x-3927  [019]     2.136315: (+0)     bprint:               __handle_mm_fault: NUMAB MEM ACCESS process[nid:1, cpu:19, pid:3927], folio[virt:0x7f8e7b7cadb0, phys:0x1862be2000, pfn:0x1862be2, nid:1, npages:1]
          cg.C.x-3919  [003]     2.136317: (+2)     bprint:               do_huge_pmd_numa_page: NUMAB MEM ACCESS huge page process[nid:1, cpu:3, pid:3919], folio[virt:0x7f8e76b12970, ker:0xffff88bc0e200000, pfn:0x1a0e200, nid:1, npages:512]
          cg.C.x-3924  [013]     2.136317: (+0)     bprint:               __handle_mm_fault: NUMAB MEM ACCESS process[nid:1, cpu:13, pid:3924], folio[virt:0x7f8e7b7c3fd0, phys:0x1864174000, pfn:0x1864174, nid:1, npages:1]
          cg.C.x-3903  [034]     2.136319: (+2)     bprint:               do_huge_pmd_numa_page: NUMAB MEM ACCESS huge page process[nid:0, cpu:34, pid:3903], folio[virt:0x7f8e748a5f58, ker:0xffff88a5c3800000, pfn:0x3c3800, nid:0, npages:512]
          cg.C.x-3934  [033]     2.136320: (+1)     bprint:               __handle_mm_fault: NUMAB MEM ACCESS process[nid:1, cpu:33, pid:3934], folio[virt:0x7f8e7b7dae10, phys:0x184ea39000, pfn:0x184ea39, nid:1, npages:1]
          cg.C.x-3925  [015]     2.136320: (+0)     bprint:               do_huge_pmd_numa_page: NUMAB MEM ACCESS huge page process[nid:1, cpu:15, pid:3925], folio[virt:0x7f8e777f9cd4, ker:0xffff88bc6d200000, pfn:0x1a6d200, nid:1, npages:512]
          cg.C.x-3940  [045]     2.136322: (+2)     bprint:               do_huge_pmd_numa_page: NUMAB MEM ACCESS huge page process[nid:1, cpu:45, pid:3940], folio[virt:0x7f8e7984d0d8, ker:0xffff88bc3c200000, pfn:0x1a3c200, nid:1, npages:512]
          cg.C.x-3918  [001]     2.136322: (+0)     bprint:               __handle_mm_fault: NUMAB MEM ACCESS process[nid:1, cpu:1, pid:3918], folio[virt:0x7f8e7b7b6410, phys:0x184e66e000, pfn:0x184e66e, nid:1, npages:1]
          cg.C.x-3928  [021]     2.136323: (+1)     bprint:               do_huge_pmd_numa_page: NUMAB MEM ACCESS huge page process[nid:1, cpu:21, pid:3928], folio[virt:0x7f8e77e724dc, ker:0xffff88bc0d600000, pfn:0x1a0d600, nid:1, npages:512]
          cg.C.x-3927  [019]     2.136325: (+2)     bprint:               do_huge_pmd_numa_page: NUMAB MEM ACCESS huge page process[nid:1, cpu:19, pid:3927], folio[virt:0x7f8e77c4d2f8, ker:0xffff88bc73a00000, pfn:0x1a73a00, nid:1, npages:512]
          cg.C.x-3912  [052]     2.136325: (+0)     bprint:               __handle_mm_fault: NUMAB MEM ACCESS process[nid:0, cpu:52, pid:3912], folio[virt:0x7f8e7b7a8850, phys:0x116d69000, pfn:0x116d69, nid:0, npages:1]
          cg.C.x-3924  [013]     2.136326: (+1)     bprint:               do_huge_pmd_numa_page: NUMAB MEM ACCESS huge page process[nid:1, cpu:13, pid:3924], folio[virt:0x7f8e775d2518, ker:0xffff88bc3c600000, pfn:0x1a3c600, nid:1, npages:512]
          cg.C.x-3894  [016]     2.136328: (+2)     bprint:               __handle_mm_fault: NUMAB MEM ACCESS process[nid:0, cpu:16, pid:3894], folio[virt:0x7f8e7b77f510, phys:0x1816b5000, pfn:0x1816b5, nid:0, npages:1]
          cg.C.x-3909  [046]     2.136330: (+2)     bprint:               __handle_mm_fault: NUMAB MEM ACCESS process[nid:0, cpu:46, pid:3909], folio[virt:0x7f8e7b7a1a70, phys:0x2106cf000, pfn:0x2106cf, nid:0, npages:1]
          cg.C.x-3918  [001]     2.136331: (+1)     bprint:               do_huge_pmd_numa_page: NUMAB MEM ACCESS huge page process[nid:1, cpu:1, pid:3918], folio[virt:0x7f8e768ecbc4, ker:0xffff88bc6be00000, pfn:0x1a6be00, nid:1, npages:512]
          cg.C.x-3893  [014]     2.136333: (+2)     bprint:               __handle_mm_fault: NUMAB MEM ACCESS process[nid:0, cpu:14, pid:3893], folio[virt:0x7f8e7b77d070, phys:0x1b1f4d000, pfn:0x1b1f4d, nid:0, npages:1]
          cg.C.x-3938  [041]     2.136333: (+0)     bprint:               do_huge_pmd_numa_page: NUMAB MEM ACCESS huge page process[nid:1, cpu:41, pid:3938], folio[virt:0x7f8e79400000, ker:0xffff88bc0e800000, pfn:0x1a0e800, nid:1, npages:512]
          cg.C.x-3934  [033]     2.136334: (+1)     sched_stick_numa:     src_pid=3934 src_tgid=3886 src_ngid=3933 src_cpu=33 src_nid=1 dst_pid=0 dst_tgid=0 dst_ngid=0 dst_cpu=-1 dst_nid=-1
          cg.C.x-3901  [030]     2.136335: (+1)     bprint:               __handle_mm_fault: NUMAB MEM ACCESS process[nid:0, cpu:30, pid:3901], folio[virt:0x7f8e7b78f570, phys:0x18176f000, pfn:0x18176f, nid:0, npages:1]
          cg.C.x-3912  [052]     2.136335: (+0)     bprint:               do_huge_pmd_numa_page: NUMAB MEM ACCESS huge page process[nid:0, cpu:52, pid:3912], folio[virt:0x7f8e75bfc2ec, ker:0xffff88a31c400000, pfn:0x11c400, nid:0, npages:512]
          cg.C.x-3886  [000]     2.136337: (+2)     bprint:               __handle_mm_fault: NUMAB MEM ACCESS process[nid:0, cpu:0, pid:3886], folio[virt:0x7f8e7b76d010, phys:0x124901000, pfn:0x124901, nid:0, npages:1]
          cg.C.x-3894  [016]     2.136337: (+0)     bprint:               do_huge_pmd_numa_page: NUMAB MEM ACCESS huge page process[nid:0, cpu:16, pid:3894], folio[virt:0x7f8e73537940, ker:0xffff88a53c800000, pfn:0x33c800, nid:0, npages:512]
          cg.C.x-3934  [033]     2.136338: (+1)     bprint:               do_huge_pmd_numa_page: NUMAB MEM ACCESS huge page process[nid:1, cpu:33, pid:3934], folio[virt:0x7f8e78b59238, ker:0xffff88bc37a00000, pfn:0x1a37a00, nid:1, npages:512]
          cg.C.x-3905  [038]     2.136339: (+1)     bprint:               __handle_mm_fault: NUMAB MEM ACCESS process[nid:0, cpu:38, pid:3905], folio[virt:0x7f8e7b7987f0, phys:0x1845ec000, pfn:0x1845ec, nid:0, npages:1]
          cg.C.x-3886  [000]     2.136341: (+2)     bprint:               do_huge_pmd_numa_page: NUMAB MEM ACCESS huge page process[nid:0, cpu:0, pid:3886], folio[virt:0x7f8e72400010, ker:0xffff88a53c600000, pfn:0x33c600, nid:0, npages:512]
          cg.C.x-3889  [006]     2.136341: (+0)     bprint:               __handle_mm_fault: NUMAB MEM ACCESS process[nid:0, cpu:6, pid:3889], folio[virt:0x7f8e7b773df0, phys:0x115b1f000, pfn:0x115b1f, nid:0, npages:1]
          cg.C.x-3893  [014]     2.136343: (+2)     bprint:               do_huge_pmd_numa_page: NUMAB MEM ACCESS huge page process[nid:0, cpu:14, pid:3893], folio[virt:0x7f8e73310640, ker:0xffff88a511c00000, pfn:0x311c00, nid:0, npages:512]
          cg.C.x-3896  [020]     2.136343: (+0)     bprint:               __handle_mm_fault: NUMAB MEM ACCESS process[nid:0, cpu:20, pid:3896], folio[virt:0x7f8e7b783e50, phys:0x184d0a000, pfn:0x184d0a, nid:0, npages:1]
          cg.C.x-3909  [046]     2.136345: (+2)     bprint:               do_huge_pmd_numa_page: NUMAB MEM ACCESS huge page process[nid:0, cpu:46, pid:3909], folio[virt:0x7f8e7558f808, ker:0xffff88a56d800000, pfn:0x36d800, nid:0, npages:512]
          cg.C.x-3916  [060]     2.136346: (+1)     bprint:               __handle_mm_fault: NUMAB MEM ACCESS process[nid:0, cpu:60, pid:3916], folio[virt:0x7f8e7b7b1ad0, phys:0x1149ed000, pfn:0x1149ed, nid:0, npages:1]
          cg.C.x-3901  [030]     2.136346: (+0)     bprint:               do_huge_pmd_numa_page: NUMAB MEM ACCESS huge page process[nid:0, cpu:30, pid:3901], folio[virt:0x7f8e744593b0, ker:0xffff88a56c400000, pfn:0x36c400, nid:0, npages:512]
          cg.C.x-3910  [048]     2.136348: (+2)     bprint:               __handle_mm_fault: NUMAB MEM ACCESS process[nid:0, cpu:48, pid:3910], folio[virt:0x7f8e7b7a3f10, phys:0x1842eb000, pfn:0x1842eb, nid:0, npages:1]
          cg.C.x-3905  [038]     2.136349: (+1)     bprint:               do_huge_pmd_numa_page: NUMAB MEM ACCESS huge page process[nid:0, cpu:38, pid:3905], folio[virt:0x7f8e74cf0e24, ker:0xffff88a389a00000, pfn:0x189a00, nid:0, npages:512]
          cg.C.x-3914  [056]     2.136351: (+2)     bprint:               __handle_mm_fault: NUMAB MEM ACCESS process[nid:0, cpu:56, pid:3914], folio[virt:0x7f8e7b7ad190, phys:0x1846b1000, pfn:0x1846b1, nid:0, npages:1]
          cg.C.x-3889  [006]     2.136351: (+0)     bprint:               do_huge_pmd_numa_page: NUMAB MEM ACCESS huge page process[nid:0, cpu:6, pid:3889], folio[virt:0x7f8e72a753e4, ker:0xffff88a511400000, pfn:0x311400, nid:0, npages:512]
          cg.C.x-3896  [020]     2.136352: (+1)     bprint:               do_huge_pmd_numa_page: NUMAB MEM ACCESS huge page process[nid:0, cpu:20, pid:3896], folio[virt:0x7f8e7398a08c, ker:0xffff88a5f0c00000, pfn:0x3f0c00, nid:0, npages:512]
          cg.C.x-3895  [018]     2.136353: (+1)     bprint:               __handle_mm_fault: NUMAB MEM ACCESS process[nid:0, cpu:18, pid:3895], folio[virt:0x7f8e7b7819b0, phys:0x1235d0000, pfn:0x1235d0, nid:0, npages:1]
          cg.C.x-3916  [060]     2.136356: (+3)     bprint:               do_huge_pmd_numa_page: NUMAB MEM ACCESS huge page process[nid:0, cpu:60, pid:3916], folio[virt:0x7f8e7649b7b8, ker:0xffff88a56c800000, pfn:0x36c800, nid:0, npages:512]
          cg.C.x-3887  [002]     2.136356: (+0)     bprint:               __handle_mm_fault: NUMAB MEM ACCESS process[nid:0, cpu:2, pid:3887], folio[virt:0x7f8e7b76f4b0, phys:0x1148a1000, pfn:0x1148a1, nid:0, npages:1]
          cg.C.x-3910  [048]     2.136357: (+1)     bprint:               do_huge_pmd_numa_page: NUMAB MEM ACCESS huge page process[nid:0, cpu:48, pid:3910], folio[virt:0x7f8e757b3f0c, ker:0xffff88a511000000, pfn:0x311000, nid:0, npages:512]
          cg.C.x-3900  [028]     2.136358: (+1)     bprint:               __handle_mm_fault: NUMAB MEM ACCESS process[nid:0, cpu:28, pid:3900], folio[virt:0x7f8e7b78d0d0, phys:0x1e175b000, pfn:0x1e175b, nid:0, npages:1]
          cg.C.x-3914  [056]     2.136360: (+2)     bprint:               do_huge_pmd_numa_page: NUMAB MEM ACCESS huge page process[nid:0, cpu:56, pid:3914], folio[virt:0x7f8e7604db24, ker:0xffff88a59c400000, pfn:0x39c400, nid:0, npages:512]
          cg.C.x-3892  [012]     2.136361: (+1)     bprint:               __handle_mm_fault: NUMAB MEM ACCESS process[nid:0, cpu:12, pid:3892], folio[virt:0x7f8e7b77abd0, phys:0x1842b5000, pfn:0x1842b5, nid:0, npages:1]
          cg.C.x-3895  [018]     2.136362: (+1)     bprint:               do_huge_pmd_numa_page: NUMAB MEM ACCESS huge page process[nid:0, cpu:18, pid:3895], folio[virt:0x7f8e73761088, ker:0xffff88a5c2c00000, pfn:0x3c2c00, nid:0, npages:512]
          cg.C.x-3908  [044]     2.136364: (+2)     bprint:               __handle_mm_fault: NUMAB MEM ACCESS process[nid:0, cpu:44, pid:3908], folio[virt:0x7f8e7b79f5d0, phys:0x1829e1000, pfn:0x1829e1, nid:0, npages:1]
          cg.C.x-3887  [002]     2.136364: (+0)     bprint:               do_huge_pmd_numa_page: NUMAB MEM ACCESS huge page process[nid:0, cpu:2, pid:3887], folio[virt:0x7f8e72628f38, ker:0xffff88a59c200000, pfn:0x39c200, nid:0, npages:512]
          cg.C.x-3900  [028]     2.136366: (+2)     bprint:               do_huge_pmd_numa_page: NUMAB MEM ACCESS huge page process[nid:0, cpu:28, pid:3900], folio[virt:0x7f8e7422f824, ker:0xffff88a510e00000, pfn:0x310e00, nid:0, npages:512]
          cg.C.x-3897  [022]     2.136366: (+0)     bprint:               __handle_mm_fault: NUMAB MEM ACCESS process[nid:0, cpu:22, pid:3897], folio[virt:0x7f8e7b7862f0, phys:0x1237e1000, pfn:0x1237e1, nid:0, npages:1]
          cg.C.x-3913  [054]     2.136369: (+3)     bprint:               __handle_mm_fault: NUMAB MEM ACCESS process[nid:0, cpu:54, pid:3913], folio[virt:0x7f8e7b7aacf0, phys:0x1559e8000, pfn:0x1559e8, nid:0, npages:1]
          cg.C.x-3911  [050]     2.136371: (+2)     bprint:               __handle_mm_fault: NUMAB MEM ACCESS process[nid:0, cpu:50, pid:3911], folio[virt:0x7f8e7b7a63b0, phys:0x3f1afe000, pfn:0x3f1afe, nid:0, npages:1]
          cg.C.x-3892  [012]     2.136372: (+1)     bprint:               do_huge_pmd_numa_page: NUMAB MEM ACCESS huge page process[nid:0, cpu:12, pid:3892], folio[virt:0x7f8e730e9428, ker:0xffff88a4cde00000, pfn:0x2cde00, nid:0, npages:512]
          cg.C.x-3902  [032]     2.136373: (+1)     bprint:               __handle_mm_fault: NUMAB MEM ACCESS process[nid:0, cpu:32, pid:3902], folio[virt:0x7f8e7b791a10, phys:0x124995000, pfn:0x124995, nid:0, npages:1]
          cg.C.x-3908  [044]     2.136373: (+0)     bprint:               do_huge_pmd_numa_page: NUMAB MEM ACCESS huge page process[nid:0, cpu:44, pid:3908], folio[virt:0x7f8e75368598, ker:0xffff88a5f1c00000, pfn:0x3f1c00, nid:0, npages:512]
          cg.C.x-3891  [010]     2.136375: (+2)     bprint:               __handle_mm_fault: NUMAB MEM ACCESS process[nid:0, cpu:10, pid:3891], folio[virt:0x7f8e7b778730, phys:0x3f1b86000, pfn:0x3f1b86, nid:0, npages:1]
          cg.C.x-3897  [022]     2.136377: (+2)     bprint:               do_huge_pmd_numa_page: NUMAB MEM ACCESS huge page process[nid:0, cpu:22, pid:3897], folio[virt:0x7f8e73bb162c, ker:0xffff88a4cd400000, pfn:0x2cd400, nid:0, npages:512]
          cg.C.x-3907  [042]     2.136378: (+1)     bprint:               __handle_mm_fault: NUMAB MEM ACCESS process[nid:0, cpu:42, pid:3907], folio[virt:0x7f8e7b79d130, phys:0x12494c000, pfn:0x12494c, nid:0, npages:1]
          cg.C.x-3902  [032]     2.136378: (+0)     bprint:               do_huge_pmd_numa_page: NUMAB MEM ACCESS huge page process[nid:0, cpu:32, pid:3902], folio[virt:0x7f8e74682fd0, ker:0xffff88a5f1000000, pfn:0x3f1000, nid:0, npages:512]
          cg.C.x-3913  [054]     2.136380: (+2)     bprint:               do_huge_pmd_numa_page: NUMAB MEM ACCESS huge page process[nid:0, cpu:54, pid:3913], folio[virt:0x7f8e75e23c90, ker:0xffff88a56ac00000, pfn:0x36ac00, nid:0, npages:512]
          cg.C.x-3924  [013]     2.136380: (+0)     bprint:               __handle_mm_fault: NUMAB MEM ACCESS process[nid:1, cpu:13, pid:3924], folio[virt:0x7f8e7b7c4000, phys:0x1860bb6000, pfn:0x1860bb6, nid:1, npages:1]
          cg.C.x-3911  [050]     2.136381: (+1)     bprint:               do_huge_pmd_numa_page: NUMAB MEM ACCESS huge page process[nid:0, cpu:50, pid:3911], folio[virt:0x7f8e759d7c40, ker:0xffff88a35ac00000, pfn:0x15ac00, nid:0, npages:512]
          cg.C.x-3891  [010]     2.136386: (+5)     bprint:               do_huge_pmd_numa_page: NUMAB MEM ACCESS huge page process[nid:0, cpu:10, pid:3891], folio[virt:0x7f8e72ec260c, ker:0xffff88a5f0800000, pfn:0x3f0800, nid:0, npages:512]
          cg.C.x-3925  [015]     2.136387: (+1)     bprint:               do_huge_pmd_numa_page: NUMAB MEM ACCESS huge page process[nid:1, cpu:15, pid:3925], folio[virt:0x7f8e77800000, ker:0xffff88bc39600000, pfn:0x1a39600, nid:1, npages:512]
          cg.C.x-3907  [042]     2.136389: (+2)     bprint:               do_huge_pmd_numa_page: NUMAB MEM ACCESS huge page process[nid:0, cpu:42, pid:3907], folio[virt:0x7f8e7513e9f8, ker:0xffff88a56b400000, pfn:0x36b400, nid:0, npages:512]
          cg.C.x-3917  [062]     2.136394: (+5)     bprint:               __handle_mm_fault: NUMAB MEM ACCESS process[nid:0, cpu:62, pid:3917], folio[virt:0x7f8e7b7b4000, phys:0x184efc000, pfn:0x184efc, nid:0, npages:1]
          cg.C.x-3912  [052]     2.136395: (+1)     bprint:               do_huge_pmd_numa_page: NUMAB MEM ACCESS huge page process[nid:0, cpu:52, pid:3912], folio[virt:0x7f8e75c00000, ker:0xffff88a4f0400000, pfn:0x2f0400, nid:0, npages:512]
          cg.C.x-3910  [048]     2.136474: (+79)    bprint:               __handle_mm_fault: NUMAB MEM ACCESS process[nid:0, cpu:48, pid:3910], folio[virt:0x7f8e7b7a4000, phys:0x155bca000, pfn:0x155bca, nid:0, npages:1]
          cg.C.x-3948  [061]     2.136488: (+14)    bprint:               __handle_mm_fault: NUMAB MEM ACCESS process[nid:1, cpu:61, pid:3948], folio[virt:0x7f8e7b7fb000, phys:0x184ef99000, pfn:0x184ef99, nid:1, npages:1]
          cg.C.x-3941  [047]     2.136508: (+20)    bprint:               __handle_mm_fault: NUMAB MEM ACCESS process[nid:1, cpu:47, pid:3941], folio[virt:0x7f8e7b7eb000, phys:0x185604b000, pfn:0x185604b, nid:1, npages:1]
          cg.C.x-3903  [034]     2.136522: (+14)    bprint:               __handle_mm_fault: NUMAB MEM ACCESS process[nid:0, cpu:34, pid:3903], folio[virt:0x7f8e7b794000, phys:0x155b7e000, pfn:0x155b7e, nid:0, npages:1]
          cg.C.x-3896  [020]     2.136555: (+33)    bprint:               __handle_mm_fault: NUMAB MEM ACCESS process[nid:0, cpu:20, pid:3896], folio[virt:0x7f8e7b784000, phys:0x17e08db000, pfn:0x17e08db, nid:0, npages:1]
          cg.C.x-3934  [033]     2.136576: (+21)    bprint:               __handle_mm_fault: NUMAB MEM ACCESS process[nid:1, cpu:33, pid:3934], folio[virt:0x7f8e7b7db000, phys:0x18563ee000, pfn:0x18563ee, nid:1, npages:1]
          cg.C.x-3927  [019]     2.136591: (+15)    bprint:               __handle_mm_fault: NUMAB MEM ACCESS process[nid:1, cpu:19, pid:3927], folio[virt:0x7f8e7b7cb000, phys:0x1862be3000, pfn:0x1862be3, nid:1, npages:1]
          cg.C.x-3920  [005]     2.136600: (+9)     bprint:               __handle_mm_fault: NUMAB MEM ACCESS process[nid:1, cpu:5, pid:3920], folio[virt:0x7f8e7b7bb000, phys:0x1865174000, pfn:0x1865174, nid:1, npages:1]
          cg.C.x-3889  [006]     2.136609: (+9)     bprint:               __handle_mm_fault: NUMAB MEM ACCESS process[nid:0, cpu:6, pid:3889], folio[virt:0x7f8e7b774000, phys:0x124aa8000, pfn:0x124aa8, nid:0, npages:1]
          cg.C.x-3898  [024]     2.136635: (+26)    bprint:               do_huge_pmd_numa_page: NUMAB MEM ACCESS huge page process[nid:0, cpu:24, pid:3898], folio[virt:0x7f8e73e00000, ker:0xffff88a53cc00000, pfn:0x33cc00, nid:0, npages:512]
          cg.C.x-3944  [053]     2.136695: (+60)    bprint:               __handle_mm_fault: NUMAB MEM ACCESS process[nid:1, cpu:53, pid:3944], folio[virt:0x7f8e7b7f2000, phys:0x1861add000, pfn:0x1861add, nid:1, npages:1]
          cg.C.x-3913  [054]     2.136734: (+39)    bprint:               __handle_mm_fault: NUMAB MEM ACCESS process[nid:0, cpu:54, pid:3913], folio[virt:0x7f8e7b7ab000, phys:0x182555000, pfn:0x182555, nid:0, npages:1]
          cg.C.x-3906  [040]     2.136736: (+2)     bprint:               __handle_mm_fault: NUMAB MEM ACCESS process[nid:0, cpu:40, pid:3906], folio[virt:0x7f8e7b79b000, phys:0x1564d6000, pfn:0x1564d6, nid:0, npages:1]
          cg.C.x-3930  [025]     2.136744: (+8)     bprint:               __handle_mm_fault: NUMAB MEM ACCESS process[nid:1, cpu:25, pid:3930], folio[virt:0x7f8e7b7d2000, phys:0x18630cf000, pfn:0x18630cf, nid:1, npages:1]
          cg.C.x-3937  [039]     2.136762: (+18)    bprint:               __handle_mm_fault: NUMAB MEM ACCESS process[nid:1, cpu:39, pid:3937], folio[virt:0x7f8e7b7e2000, phys:0x1861cd4000, pfn:0x1861cd4, nid:1, npages:1]
          cg.C.x-3899  [026]     2.136775: (+13)    bprint:               __handle_mm_fault: NUMAB MEM ACCESS process[nid:0, cpu:26, pid:3899], folio[virt:0x7f8e7b78b000, phys:0x153b3e000, pfn:0x153b3e, nid:0, npages:1]
          cg.C.x-3923  [011]     2.136806: (+31)    bprint:               __handle_mm_fault: NUMAB MEM ACCESS process[nid:1, cpu:11, pid:3923], folio[virt:0x7f8e7b7c2000, phys:0x1861c84000, pfn:0x1861c84, nid:1, npages:1]
          cg.C.x-3892  [012]     2.136830: (+24)    bprint:               __handle_mm_fault: NUMAB MEM ACCESS process[nid:0, cpu:12, pid:3892], folio[virt:0x7f8e7b77b000, phys:0x17e08bb000, pfn:0x17e08bb, nid:0, npages:1]
          cg.C.x-3949  [063]     2.136899: (+69)    bprint:               do_huge_pmd_numa_page: NUMAB MEM ACCESS huge page process[nid:1, cpu:63, pid:3949], folio[virt:0x7f8e7ac00000, ker:0xffff88bc74600000, pfn:0x1a74600, nid:1, npages:512]
          cg.C.x-3909  [046]     2.136951: (+52)    bprint:               __handle_mm_fault: NUMAB MEM ACCESS process[nid:0, cpu:46, pid:3909], folio[virt:0x7f8e7b7a2000, phys:0x1b1dc6000, pfn:0x1b1dc6, nid:0, npages:1]
          cg.C.x-3916  [060]     2.136970: (+19)    bprint:               __handle_mm_fault: NUMAB MEM ACCESS process[nid:0, cpu:60, pid:3916], folio[virt:0x7f8e7b7b2000, phys:0x1e140c000, pfn:0x1e140c, nid:0, npages:1]
          cg.C.x-3933  [031]     2.136973: (+3)     bprint:               __handle_mm_fault: NUMAB MEM ACCESS process[nid:1, cpu:31, pid:3933], folio[virt:0x7f8e7b7d9000, phys:0x184ea7b000, pfn:0x184ea7b, nid:1, npages:1]
          cg.C.x-3947  [059]     2.136981: (+8)     bprint:               __handle_mm_fault: NUMAB MEM ACCESS process[nid:1, cpu:59, pid:3947], folio[virt:0x7f8e7b7f9000, phys:0x185141a000, pfn:0x185141a, nid:1, npages:1]
          cg.C.x-3940  [045]     2.136995: (+14)    bprint:               __handle_mm_fault: NUMAB MEM ACCESS process[nid:1, cpu:45, pid:3940], folio[virt:0x7f8e7b7e9000, phys:0x18628da000, pfn:0x18628da, nid:1, npages:1]
          cg.C.x-3926  [017]     2.137021: (+26)    bprint:               __handle_mm_fault: NUMAB MEM ACCESS process[nid:1, cpu:17, pid:3926], folio[virt:0x7f8e7b7c9000, phys:0x1862995000, pfn:0x1862995, nid:1, npages:1]
          cg.C.x-3902  [032]     2.137050: (+29)    bprint:               __handle_mm_fault: NUMAB MEM ACCESS process[nid:0, cpu:32, pid:3902], folio[virt:0x7f8e7b792000, phys:0x1814db000, pfn:0x1814db, nid:0, npages:1]
          cg.C.x-3895  [018]     2.137078: (+28)    bprint:               __handle_mm_fault: NUMAB MEM ACCESS process[nid:0, cpu:18, pid:3895], folio[virt:0x7f8e7b782000, phys:0x33c40f000, pfn:0x33c40f, nid:0, npages:1]
          cg.C.x-3888  [004]     2.137098: (+20)    bprint:               __handle_mm_fault: NUMAB MEM ACCESS process[nid:0, cpu:4, pid:3888], folio[virt:0x7f8e7b772000, phys:0x184530000, pfn:0x184530, nid:0, npages:1]
          cg.C.x-3919  [003]     2.137104: (+6)     bprint:               __handle_mm_fault: NUMAB MEM ACCESS process[nid:1, cpu:3, pid:3919], folio[virt:0x7f8e7b7b9000, phys:0x186311c000, pfn:0x186311c, nid:1, npages:1]
          cg.C.x-3912  [052]     2.137167: (+63)    bprint:               __handle_mm_fault: NUMAB MEM ACCESS process[nid:0, cpu:52, pid:3912], folio[virt:0x7f8e7b7a9000, phys:0x1846ce000, pfn:0x1846ce, nid:0, npages:1]
          cg.C.x-3943  [051]     2.137181: (+14)    bprint:               __handle_mm_fault: NUMAB MEM ACCESS process[nid:1, cpu:51, pid:3943], folio[virt:0x7f8e7b7f0000, phys:0x18618b7000, pfn:0x18618b7, nid:1, npages:1]
          cg.C.x-3936  [037]     2.137225: (+44)    bprint:               __handle_mm_fault: NUMAB MEM ACCESS process[nid:1, cpu:37, pid:3936], folio[virt:0x7f8e7b7e0000, phys:0x186387e000, pfn:0x186387e, nid:1, npages:1]
          cg.C.x-3905  [038]     2.137235: (+10)    bprint:               __handle_mm_fault: NUMAB MEM ACCESS process[nid:0, cpu:38, pid:3905], folio[virt:0x7f8e7b799000, phys:0x1845ed000, pfn:0x1845ed, nid:0, npages:1]
          cg.C.x-3929  [023]     2.137238: (+3)     bprint:               __handle_mm_fault: NUMAB MEM ACCESS process[nid:1, cpu:23, pid:3929], folio[virt:0x7f8e7b7d0000, phys:0x1860d91000, pfn:0x1860d91, nid:1, npages:1]
          cg.C.x-3898  [024]     2.137259: (+21)    bprint:               __handle_mm_fault: NUMAB MEM ACCESS process[nid:0, cpu:24, pid:3898], folio[virt:0x7f8e7b789000, phys:0x155b27000, pfn:0x155b27, nid:0, npages:1]
          cg.C.x-3922  [009]     2.137289: (+30)    bprint:               __handle_mm_fault: NUMAB MEM ACCESS process[nid:1, cpu:9, pid:3922], folio[virt:0x7f8e7b7c0000, phys:0x18603e8000, pfn:0x18603e8, nid:1, npages:1]
